OpenJDK 64-Bit Server VM (25.412-b1) for windows-amd64 JRE (1.8.0_412-b1), built on Apr 23 2024 12:00:37 by "Administrator" with MS VC++ 10.0 (VS2010)
Memory: 4k page, physical 16672068k(5486464k free), swap 19162436k(4681816k free)
CommandLine flags: -XX:GCDrainStackTargetSize=64 -XX:InitialHeapSize=266753088 -XX:MaxHeapSize=939524096 -XX:MaxNewSize=313176064 -XX:MaxTenuringThreshold=6 -XX:OldPLABSize=16 -XX:+PrintGC -XX:+PrintGCApplicationConcurrentTime -XX:+PrintGCApplicationStoppedTime -XX:+PrintGCDateStamps -XX:+PrintGCDetails -XX:+PrintGCTimeStamps -XX:+UseCompressedClassPointers -XX:+UseCompressedOops -XX:+UseConcMarkSweepGC -XX:-UseLargePagesIndividualAllocation -XX:+UseParNewGC 
2024-07-27T21:36:36.376+0800: 0.109: Application time: 0.0361420 seconds
2024-07-27T21:36:36.376+0800: 0.109: [GC (Allocation Failure) 2024-07-27T21:36:36.376+0800: 0.109: [ParNew: 68984K->7836K(78656K), 0.0351955 secs] 68984K->68255K(253440K), 0.0353881 secs] [Times: user=0.06 sys=0.00, real=0.04 secs] 
2024-07-27T21:36:36.411+0800: 0.144: Total time for which application threads were stopped: 0.0355160 seconds, Stopping threads took: 0.0000186 seconds
2024-07-27T21:36:36.528+0800: 0.261: Application time: 0.1169076 seconds
2024-07-27T21:36:36.528+0800: 0.261: [GC (Allocation Failure) 2024-07-27T21:36:36.528+0800: 0.261: [ParNew: 76806K->8529K(78656K), 0.0242459 secs] 137225K->137180K(253440K), 0.0243084 secs] [Times: user=0.05 sys=0.03, real=0.02 secs] 
2024-07-27T21:36:36.552+0800: 0.285: Total time for which application threads were stopped: 0.0244161 seconds, Stopping threads took: 0.0000190 seconds
2024-07-27T21:36:36.552+0800: 0.286: Application time: 0.0002496 seconds
2024-07-27T21:36:36.552+0800: 0.286: [GC (CMS Initial Mark) [1 CMS-initial-mark: 128651K(174784K)] 140607K(253440K), 0.0007687 secs] [Times: user=0.00 sys=0.00, real=0.00 secs] 
2024-07-27T21:36:36.553+0800: 0.287: Total time for which application threads were stopped: 0.0008869 seconds, Stopping threads took: 0.0000774 seconds
2024-07-27T21:36:36.553+0800: 0.287: [CMS-concurrent-mark-start]
2024-07-27T21:36:36.556+0800: 0.290: [CMS-concurrent-mark: 0.003/0.003 secs] [Times: user=0.00 sys=0.00, real=0.00 secs] 
2024-07-27T21:36:36.556+0800: 0.290: [CMS-concurrent-preclean-start]
2024-07-27T21:36:36.558+0800: 0.291: [CMS-concurrent-preclean: 0.001/0.001 secs] [Times: user=0.00 sys=0.00, real=0.00 secs] 
2024-07-27T21:36:36.558+0800: 0.291: [CMS-concurrent-abortable-preclean-start]
2024-07-27T21:36:36.669+0800: 0.402: Application time: 0.1152040 seconds
2024-07-27T21:36:36.669+0800: 0.402: [GC (Allocation Failure) 2024-07-27T21:36:36.669+0800: 0.402: [ParNew: 77493K->28K(78656K), 0.0011418 secs] 206144K->128681K(253440K), 0.0012182 secs] [Times: user=0.00 sys=0.00, real=0.00 secs] 
2024-07-27T21:36:36.669+0800: 0.403: Total time for which application threads were stopped: 0.0013318 seconds, Stopping threads took: 0.0000227 seconds
2024-07-27T21:36:36.674+0800: 0.408: Application time: 0.0045468 seconds
2024-07-27T21:36:36.674+0800: 0.408: [GC (Allocation Failure) 2024-07-27T21:36:36.674+0800: 0.408: [ParNew: 68996K->8196K(78656K), 0.0301836 secs] 197649K->197266K(268860K), 0.0302303 secs] [Times: user=0.05 sys=0.03, real=0.03 secs] 
2024-07-27T21:36:36.704+0800: 0.438: Total time for which application threads were stopped: 0.0303405 seconds, Stopping threads took: 0.0000296 seconds
2024-07-27T21:36:36.811+0800: 0.545: Application time: 0.1067216 seconds
2024-07-27T21:36:36.811+0800: 0.545: [GC (Allocation Failure) 2024-07-27T21:36:36.811+0800: 0.545: [ParNew: 77168K->8192K(78656K), 0.0240506 secs] 266238K->265872K(337736K), 0.0241155 secs] [Times: user=0.05 sys=0.03, real=0.02 secs] 
2024-07-27T21:36:36.835+0800: 0.569: Total time for which application threads were stopped: 0.0242236 seconds, Stopping threads took: 0.0000188 seconds
2024-07-27T21:36:36.835+0800: 0.569: [CMS-concurrent-abortable-preclean: 0.003/0.278 secs] [Times: user=0.11 sys=0.06, real=0.28 secs] 
2024-07-27T21:36:36.836+0800: 0.569: Application time: 0.0003084 seconds
2024-07-27T21:36:36.836+0800: 0.569: [GC (CMS Final Remark) [YG occupancy: 12652 K (78656 K)]2024-07-27T21:36:36.836+0800: 0.569: [Rescan (parallel) , 0.0009641 secs]2024-07-27T21:36:36.837+0800: 0.570: [weak refs processing, 0.0000128 secs]2024-07-27T21:36:36.837+0800: 0.570: [class unloading, 0.0001832 secs]2024-07-27T21:36:36.837+0800: 0.571: [scrub symbol table, 0.0003149 secs]2024-07-27T21:36:36.837+0800: 0.571: [scrub string table, 0.0001034 secs][1 CMS-remark: 257680K(259080K)] 270332K(337736K), 0.0016950 secs] [Times: user=0.00 sys=0.00, real=0.00 secs] 
2024-07-27T21:36:36.837+0800: 0.571: Total time for which application threads were stopped: 0.0017996 seconds, Stopping threads took: 0.0000692 seconds
2024-07-27T21:36:36.838+0800: 0.571: [CMS-concurrent-sweep-start]
2024-07-27T21:36:36.839+0800: 0.573: [CMS-concurrent-sweep: 0.001/0.001 secs] [Times: user=0.00 sys=0.00, real=0.00 secs] 
2024-07-27T21:36:36.841+0800: 0.574: [CMS-concurrent-reset-start]
2024-07-27T21:36:36.844+0800: 0.578: [CMS-concurrent-reset: 0.004/0.004 secs] [Times: user=0.00 sys=0.00, real=0.00 secs] 
2024-07-27T21:36:36.948+0800: 0.681: Application time: 0.1101204 seconds
2024-07-27T21:36:36.948+0800: 0.681: [GC (Allocation Failure) 2024-07-27T21:36:36.948+0800: 0.681: [ParNew: 77165K->1024K(78656K), 0.0011841 secs] 334844K->258703K(508124K), 0.0012430 secs] [Times: user=0.00 sys=0.00, real=0.00 secs] 
2024-07-27T21:36:36.949+0800: 0.682: Total time for which application threads were stopped: 0.0013588 seconds, Stopping threads took: 0.0000189 seconds
2024-07-27T21:36:36.949+0800: 0.683: Application time: 0.0002030 seconds
2024-07-27T21:36:36.949+0800: 0.683: [GC (CMS Initial Mark) [1 CMS-initial-mark: 257679K(429468K)] 262140K(508124K), 0.0008429 secs] [Times: user=0.00 sys=0.00, real=0.00 secs] 
2024-07-27T21:36:36.950+0800: 0.684: Total time for which application threads were stopped: 0.0010572 seconds, Stopping threads took: 0.0001697 seconds
2024-07-27T21:36:36.950+0800: 0.684: [CMS-concurrent-mark-start]
2024-07-27T21:36:36.955+0800: 0.688: [CMS-concurrent-mark: 0.004/0.004 secs] [Times: user=0.00 sys=0.00, real=0.00 secs] 
2024-07-27T21:36:36.955+0800: 0.688: [CMS-concurrent-preclean-start]
2024-07-27T21:36:36.956+0800: 0.689: [CMS-concurrent-preclean: 0.001/0.001 secs] [Times: user=0.00 sys=0.00, real=0.00 secs] 
2024-07-27T21:36:36.956+0800: 0.689: Application time: 0.0051082 seconds
2024-07-27T21:36:36.956+0800: 0.689: [GC (Allocation Failure) 2024-07-27T21:36:36.956+0800: 0.689: [ParNew: 69998K->8192K(78656K), 0.0330771 secs] 327677K->327312K(508124K), 0.0331243 secs] [Times: user=0.08 sys=0.00, real=0.03 secs] 
2024-07-27T21:36:36.989+0800: 0.722: Total time for which application threads were stopped: 0.0332181 seconds, Stopping threads took: 0.0000134 seconds
2024-07-27T21:36:36.989+0800: 0.722: Application time: 0.0003012 seconds
2024-07-27T21:36:36.989+0800: 0.723: [GC (CMS Final Remark) [YG occupancy: 12654 K (78656 K)]2024-07-27T21:36:36.989+0800: 0.723: [Rescan (parallel) , 0.0008482 secs]2024-07-27T21:36:36.990+0800: 0.723: [weak refs processing, 0.0000129 secs]2024-07-27T21:36:36.990+0800: 0.723: [class unloading, 0.0001975 secs]2024-07-27T21:36:36.990+0800: 0.724: [scrub symbol table, 0.0003415 secs]2024-07-27T21:36:36.991+0800: 0.724: [scrub string table, 0.0001022 secs][1 CMS-remark: 319120K(429468K)] 331774K(508124K), 0.0015667 secs] [Times: user=0.00 sys=0.00, real=0.00 secs] 
2024-07-27T21:36:36.991+0800: 0.724: Total time for which application threads were stopped: 0.0017305 seconds, Stopping threads took: 0.0001218 seconds
2024-07-27T21:36:36.991+0800: 0.724: [CMS-concurrent-sweep-start]
2024-07-27T21:36:36.993+0800: 0.726: [CMS-concurrent-sweep: 0.002/0.002 secs] [Times: user=0.00 sys=0.00, real=0.00 secs] 
2024-07-27T21:36:36.993+0800: 0.726: [CMS-concurrent-reset-start]
2024-07-27T21:36:36.994+0800: 0.727: [CMS-concurrent-reset: 0.001/0.001 secs] [Times: user=0.00 sys=0.00, real=0.00 secs] 
2024-07-27T21:36:37.106+0800: 0.839: Application time: 0.1153398 seconds
2024-07-27T21:36:37.106+0800: 0.840: [GC (Allocation Failure) 2024-07-27T21:36:37.106+0800: 0.840: [ParNew: 77167K->8192K(78656K), 0.0123236 secs] 139259K->138893K(508124K), 0.0123960 secs] [Times: user=0.03 sys=0.00, real=0.01 secs] 
2024-07-27T21:36:37.119+0800: 0.852: Total time for which application threads were stopped: 0.0125032 seconds, Stopping threads took: 0.0000178 seconds
2024-07-27T21:36:37.229+0800: 0.962: Application time: 0.1100502 seconds
2024-07-27T21:36:37.229+0800: 0.962: [GC (Allocation Failure) 2024-07-27T21:36:37.229+0800: 0.962: [ParNew: 77167K->2048K(78656K), 0.0013857 secs] 207869K->132749K(508124K), 0.0014358 secs] [Times: user=0.00 sys=0.00, real=0.00 secs] 
2024-07-27T21:36:37.230+0800: 0.964: Total time for which application threads were stopped: 0.0015446 seconds, Stopping threads took: 0.0000222 seconds
2024-07-27T21:36:37.235+0800: 0.968: Application time: 0.0047613 seconds
2024-07-27T21:36:37.235+0800: 0.968: [GC (Allocation Failure) 2024-07-27T21:36:37.235+0800: 0.968: [ParNew: 71024K->8192K(78656K), 0.0116313 secs] 201725K->201358K(508124K), 0.0116827 secs] [Times: user=0.03 sys=0.00, real=0.01 secs] 
2024-07-27T21:36:37.247+0800: 0.980: Total time for which application threads were stopped: 0.0117831 seconds, Stopping threads took: 0.0000165 seconds
2024-07-27T21:36:37.247+0800: 0.980: Application time: 0.0002377 seconds
2024-07-27T21:36:37.247+0800: 0.981: [GC (CMS Initial Mark) [1 CMS-initial-mark: 193166K(429468K)] 204797K(508124K), 0.0007571 secs] [Times: user=0.00 sys=0.00, real=0.00 secs] 
2024-07-27T21:36:37.248+0800: 0.981: Total time for which application threads were stopped: 0.0009597 seconds, Stopping threads took: 0.0001543 seconds
2024-07-27T21:36:37.248+0800: 0.981: [CMS-concurrent-mark-start]
2024-07-27T21:36:37.251+0800: 0.984: [CMS-concurrent-mark: 0.003/0.003 secs] [Times: user=0.00 sys=0.00, real=0.00 secs] 
2024-07-27T21:36:37.251+0800: 0.984: [CMS-concurrent-preclean-start]
2024-07-27T21:36:37.251+0800: 0.985: [CMS-concurrent-preclean: 0.001/0.001 secs] [Times: user=0.00 sys=0.00, real=0.00 secs] 
2024-07-27T21:36:37.251+0800: 0.985: [CMS-concurrent-abortable-preclean-start]
2024-07-27T21:36:37.369+0800: 1.102: Application time: 0.1207767 seconds
2024-07-27T21:36:37.369+0800: 1.102: [GC (Allocation Failure) 2024-07-27T21:36:37.369+0800: 1.102: [ParNew: 77168K->8192K(78656K), 0.0467294 secs] 270334K->269967K(508124K), 0.0468138 secs] [Times: user=0.06 sys=0.03, real=0.05 secs] 
2024-07-27T21:36:37.416+0800: 1.149: Total time for which application threads were stopped: 0.0469692 seconds, Stopping threads took: 0.0000254 seconds
2024-07-27T21:36:37.533+0800: 1.267: Application time: 0.1175009 seconds
2024-07-27T21:36:37.534+0800: 1.267: [GC (Allocation Failure) 2024-07-27T21:36:37.534+0800: 1.267: [ParNew: 77168K->3072K(78656K), 0.0012611 secs] 338943K->264847K(508124K), 0.0013342 secs] [Times: user=0.00 sys=0.00, real=0.00 secs] 
2024-07-27T21:36:37.535+0800: 1.268: Total time for which application threads were stopped: 0.0015239 seconds, Stopping threads took: 0.0000285 seconds
2024-07-27T21:36:37.541+0800: 1.274: Application time: 0.0054828 seconds
2024-07-27T21:36:37.541+0800: 1.274: [GC (Allocation Failure) 2024-07-27T21:36:37.541+0800: 1.274: [ParNew: 72048K->8192K(78656K), 0.0302917 secs] 333823K->333456K(508124K), 0.0303513 secs] [Times: user=0.05 sys=0.02, real=0.03 secs] 
2024-07-27T21:36:37.571+0800: 1.304: Total time for which application threads were stopped: 0.0304703 seconds, Stopping threads took: 0.0000228 seconds
2024-07-27T21:36:37.571+0800: 1.304: [CMS-concurrent-abortable-preclean: 0.005/0.319 secs] [Times: user=0.13 sys=0.05, real=0.32 secs] 
2024-07-27T21:36:37.571+0800: 1.304: Application time: 0.0001843 seconds
2024-07-27T21:36:37.571+0800: 1.304: [GC (CMS Final Remark) [YG occupancy: 11631 K (78656 K)]2024-07-27T21:36:37.571+0800: 1.304: [Rescan (parallel) , 0.0003809 secs]2024-07-27T21:36:37.572+0800: 1.305: [weak refs processing, 0.0000130 secs]2024-07-27T21:36:37.572+0800: 1.305: [class unloading, 0.0001874 secs]2024-07-27T21:36:37.572+0800: 1.305: [scrub symbol table, 0.0003395 secs]2024-07-27T21:36:37.572+0800: 1.305: [scrub string table, 0.0001084 secs][1 CMS-remark: 325264K(429468K)] 336895K(508124K), 0.0011009 secs] [Times: user=0.00 sys=0.00, real=0.00 secs] 
2024-07-27T21:36:37.572+0800: 1.305: Total time for which application threads were stopped: 0.0011930 seconds, Stopping threads took: 0.0000548 seconds
2024-07-27T21:36:37.573+0800: 1.306: [CMS-concurrent-sweep-start]
2024-07-27T21:36:37.574+0800: 1.307: [CMS-concurrent-sweep: 0.001/0.001 secs] [Times: user=0.00 sys=0.00, real=0.00 secs] 
2024-07-27T21:36:37.574+0800: 1.307: [CMS-concurrent-reset-start]
2024-07-27T21:36:37.575+0800: 1.308: [CMS-concurrent-reset: 0.001/0.001 secs] [Times: user=0.00 sys=0.00, real=0.00 secs] 
2024-07-27T21:36:37.690+0800: 1.423: Application time: 0.1176979 seconds
2024-07-27T21:36:37.690+0800: 1.423: [GC (Allocation Failure) 2024-07-27T21:36:37.690+0800: 1.423: [ParNew: 77168K->8192K(78656K), 0.0126551 secs] 272383K->272015K(508124K), 0.0127124 secs] [Times: user=0.03 sys=0.00, real=0.01 secs] 
2024-07-27T21:36:37.703+0800: 1.436: Total time for which application threads were stopped: 0.0128503 seconds, Stopping threads took: 0.0000190 seconds
2024-07-27T21:36:37.703+0800: 1.436: Application time: 0.0001213 seconds
2024-07-27T21:36:37.703+0800: 1.436: [GC (CMS Initial Mark) [1 CMS-initial-mark: 263823K(429468K)] 275455K(508124K), 0.0024058 secs] [Times: user=0.00 sys=0.00, real=0.00 secs] 
2024-07-27T21:36:37.705+0800: 1.439: Total time for which application threads were stopped: 0.0025411 seconds, Stopping threads took: 0.0000811 seconds
2024-07-27T21:36:37.706+0800: 1.439: [CMS-concurrent-mark-start]
2024-07-27T21:36:37.709+0800: 1.442: [CMS-concurrent-mark: 0.004/0.004 secs] [Times: user=0.05 sys=0.00, real=0.00 secs] 
2024-07-27T21:36:37.709+0800: 1.443: [CMS-concurrent-preclean-start]
2024-07-27T21:36:37.710+0800: 1.444: [CMS-concurrent-preclean: 0.001/0.001 secs] [Times: user=0.00 sys=0.00, real=0.00 secs] 
2024-07-27T21:36:37.710+0800: 1.444: [CMS-concurrent-abortable-preclean-start]
2024-07-27T21:36:37.813+0800: 1.546: Application time: 0.1069354 seconds
2024-07-27T21:36:37.813+0800: 1.546: [GC (Allocation Failure) 2024-07-27T21:36:37.813+0800: 1.546: [ParNew: 77168K->4096K(78656K), 0.0018904 secs] 340992K->267919K(508124K), 0.0019453 secs] [Times: user=0.00 sys=0.00, real=0.00 secs] 
2024-07-27T21:36:37.815+0800: 1.548: Total time for which application threads were stopped: 0.0020677 seconds, Stopping threads took: 0.0000197 seconds
2024-07-27T21:36:37.820+0800: 1.553: Application time: 0.0052023 seconds
2024-07-27T21:36:37.820+0800: 1.553: [GC (Allocation Failure) 2024-07-27T21:36:37.820+0800: 1.553: [ParNew: 73072K->8192K(78656K), 0.0125945 secs] 336896K->336528K(508124K), 0.0126504 secs] [Times: user=0.02 sys=0.00, real=0.01 secs] 
2024-07-27T21:36:37.833+0800: 1.566: Total time for which application threads were stopped: 0.0127598 seconds, Stopping threads took: 0.0000191 seconds
2024-07-27T21:36:37.938+0800: 1.672: Application time: 0.1060904 seconds
2024-07-27T21:36:37.938+0800: 1.672: [GC (Allocation Failure) 2024-07-27T21:36:37.938+0800: 1.672: [ParNew: 77168K->8192K(78656K), 0.0131999 secs] 405505K->405137K(508124K), 0.0132598 secs] [Times: user=0.03 sys=0.00, real=0.01 secs] 
2024-07-27T21:36:37.951+0800: 1.685: Total time for which application threads were stopped: 0.0133733 seconds, Stopping threads took: 0.0000200 seconds
2024-07-27T21:36:37.951+0800: 1.685: [CMS-concurrent-abortable-preclean: 0.005/0.241 secs] [Times: user=0.06 sys=0.00, real=0.24 secs] 
2024-07-27T21:36:37.952+0800: 1.685: Application time: 0.0003397 seconds
2024-07-27T21:36:37.953+0800: 1.686: [GC (CMS Final Remark) [YG occupancy: 12655 K (78656 K)]2024-07-27T21:36:37.953+0800: 1.686: [Rescan (parallel) , 0.0005707 secs]2024-07-27T21:36:37.953+0800: 1.686: [weak refs processing, 0.0000163 secs]2024-07-27T21:36:37.953+0800: 1.686: [class unloading, 0.0002057 secs]2024-07-27T21:36:37.953+0800: 1.686: [scrub symbol table, 0.0003741 secs]2024-07-27T21:36:37.953+0800: 1.687: [scrub string table, 0.0001799 secs][1 CMS-remark: 396945K(429468K)] 409601K(508124K), 0.0014194 secs] [Times: user=0.00 sys=0.00, real=0.00 secs] 
2024-07-27T21:36:37.953+0800: 1.687: Total time for which application threads were stopped: 0.0015529 seconds, Stopping threads took: 0.0000923 seconds
2024-07-27T21:36:37.954+0800: 1.687: [CMS-concurrent-sweep-start]
2024-07-27T21:36:37.955+0800: 1.689: [CMS-concurrent-sweep: 0.001/0.001 secs] [Times: user=0.00 sys=0.00, real=0.00 secs] 
2024-07-27T21:36:37.955+0800: 1.689: [CMS-concurrent-reset-start]
2024-07-27T21:36:37.956+0800: 1.690: [CMS-concurrent-reset: 0.001/0.001 secs] [Times: user=0.00 sys=0.00, real=0.00 secs] 
2024-07-27T21:36:38.061+0800: 1.794: Application time: 0.1068754 seconds
2024-07-27T21:36:38.061+0800: 1.794: [GC (Allocation Failure) 2024-07-27T21:36:38.061+0800: 1.794: [ParNew: 77168K->5120K(78656K), 0.0017122 secs] 343040K->270991K(521776K), 0.0017691 secs] [Times: user=0.00 sys=0.00, real=0.00 secs] 
2024-07-27T21:36:38.062+0800: 1.796: Total time for which application threads were stopped: 0.0018767 seconds, Stopping threads took: 0.0000187 seconds
2024-07-27T21:36:38.067+0800: 1.801: Application time: 0.0048206 seconds
2024-07-27T21:36:38.067+0800: 1.801: [GC (Allocation Failure) 2024-07-27T21:36:38.067+0800: 1.801: [ParNew: 74096K->8192K(78656K), 0.0174403 secs] 339968K->339600K(521776K), 0.0174941 secs] [Times: user=0.03 sys=0.00, real=0.02 secs] 
2024-07-27T21:36:38.085+0800: 1.818: Total time for which application threads were stopped: 0.0176020 seconds, Stopping threads took: 0.0000193 seconds
2024-07-27T21:36:38.085+0800: 1.818: Application time: 0.0002009 seconds
2024-07-27T21:36:38.085+0800: 1.819: [GC (CMS Initial Mark) [1 CMS-initial-mark: 331408K(443120K)] 343040K(521776K), 0.0006804 secs] [Times: user=0.00 sys=0.00, real=0.00 secs] 
2024-07-27T21:36:38.086+0800: 1.819: Total time for which application threads were stopped: 0.0008498 seconds, Stopping threads took: 0.0001298 seconds
2024-07-27T21:36:38.086+0800: 1.819: [CMS-concurrent-mark-start]
2024-07-27T21:36:38.088+0800: 1.822: [CMS-concurrent-mark: 0.002/0.002 secs] [Times: user=0.00 sys=0.00, real=0.00 secs] 
2024-07-27T21:36:38.089+0800: 1.822: [CMS-concurrent-preclean-start]
2024-07-27T21:36:38.089+0800: 1.822: [CMS-concurrent-preclean: 0.001/0.001 secs] [Times: user=0.00 sys=0.00, real=0.00 secs] 
2024-07-27T21:36:38.089+0800: 1.822: [CMS-concurrent-abortable-preclean-start]
2024-07-27T21:36:38.207+0800: 1.940: Application time: 0.1203530 seconds
2024-07-27T21:36:38.207+0800: 1.940: [GC (Allocation Failure) 2024-07-27T21:36:38.207+0800: 1.940: [ParNew: 77168K->8192K(78656K), 0.0122537 secs] 408577K->408209K(521776K), 0.0123115 secs] [Times: user=0.03 sys=0.00, real=0.01 secs] 
2024-07-27T21:36:38.219+0800: 1.952: Total time for which application threads were stopped: 0.0124310 seconds, Stopping threads took: 0.0000308 seconds
2024-07-27T21:36:38.332+0800: 2.065: Application time: 0.1129457 seconds
2024-07-27T21:36:38.332+0800: 2.065: [GC (Allocation Failure) 2024-07-27T21:36:38.332+0800: 2.065: [ParNew: 77168K->6144K(78656K), 0.0019475 secs] 477186K->406161K(521776K), 0.0020018 secs] [Times: user=0.03 sys=0.00, real=0.00 secs] 
2024-07-27T21:36:38.334+0800: 2.067: Total time for which application threads were stopped: 0.0021257 seconds, Stopping threads took: 0.0000190 seconds
2024-07-27T21:36:38.338+0800: 2.072: Application time: 0.0046022 seconds
2024-07-27T21:36:38.338+0800: 2.072: [GC (Allocation Failure) 2024-07-27T21:36:38.338+0800: 2.072: [ParNew: 75120K->8192K(78656K), 0.0219252 secs] 475138K->474770K(546448K), 0.0219744 secs] [Times: user=0.02 sys=0.00, real=0.02 secs] 
2024-07-27T21:36:38.361+0800: 2.094: Total time for which application threads were stopped: 0.0220848 seconds, Stopping threads took: 0.0000236 seconds
2024-07-27T21:36:38.361+0800: 2.094: [CMS-concurrent-abortable-preclean: 0.005/0.271 secs] [Times: user=0.09 sys=0.00, real=0.27 secs] 
2024-07-27T21:36:38.361+0800: 2.094: Application time: 0.0003140 seconds
2024-07-27T21:36:38.361+0800: 2.094: [GC (CMS Final Remark) [YG occupancy: 13679 K (78656 K)]2024-07-27T21:36:38.361+0800: 2.094: [Rescan (parallel) , 0.0006891 secs]2024-07-27T21:36:38.362+0800: 2.095: [weak refs processing, 0.0000134 secs]2024-07-27T21:36:38.362+0800: 2.095: [class unloading, 0.0002102 secs]2024-07-27T21:36:38.362+0800: 2.095: [scrub symbol table, 0.0003736 secs]2024-07-27T21:36:38.363+0800: 2.096: [scrub string table, 0.0000926 secs][1 CMS-remark: 466578K(467792K)] 480258K(546448K), 0.0014615 secs] [Times: user=0.00 sys=0.00, real=0.00 secs] 
2024-07-27T21:36:38.363+0800: 2.096: Total time for which application threads were stopped: 0.0015863 seconds, Stopping threads took: 0.0000846 seconds
2024-07-27T21:36:38.363+0800: 2.096: [CMS-concurrent-sweep-start]
2024-07-27T21:36:38.364+0800: 2.097: [CMS-concurrent-sweep: 0.001/0.001 secs] [Times: user=0.03 sys=0.00, real=0.00 secs] 
2024-07-27T21:36:38.364+0800: 2.097: [CMS-concurrent-reset-start]
2024-07-27T21:36:38.365+0800: 2.098: [CMS-concurrent-reset: 0.001/0.001 secs] [Times: user=0.00 sys=0.00, real=0.00 secs] 
2024-07-27T21:36:38.475+0800: 2.208: Application time: 0.1119255 seconds
2024-07-27T21:36:38.475+0800: 2.208: [GC (Allocation Failure) 2024-07-27T21:36:38.475+0800: 2.208: [ParNew: 77168K->8192K(78656K), 0.0124477 secs] 278527K->278159K(546448K), 0.0125154 secs] [Times: user=0.00 sys=0.00, real=0.01 secs] 
2024-07-27T21:36:38.487+0800: 2.220: Total time for which application threads were stopped: 0.0126261 seconds, Stopping threads took: 0.0000198 seconds
2024-07-27T21:36:38.487+0800: 2.221: Application time: 0.0002389 seconds
2024-07-27T21:36:38.487+0800: 2.221: [GC (CMS Initial Mark) [1 CMS-initial-mark: 269967K(467792K)] 281599K(546448K), 0.0006689 secs] [Times: user=0.00 sys=0.00, real=0.00 secs] 
2024-07-27T21:36:38.488+0800: 2.221: Total time for which application threads were stopped: 0.0007835 seconds, Stopping threads took: 0.0000733 seconds
2024-07-27T21:36:38.488+0800: 2.221: [CMS-concurrent-mark-start]
2024-07-27T21:36:38.492+0800: 2.226: [CMS-concurrent-mark: 0.004/0.004 secs] [Times: user=0.05 sys=0.00, real=0.00 secs] 
2024-07-27T21:36:38.492+0800: 2.226: [CMS-concurrent-preclean-start]
2024-07-27T21:36:38.493+0800: 2.226: [CMS-concurrent-preclean: 0.001/0.001 secs] [Times: user=0.00 sys=0.00, real=0.00 secs] 
2024-07-27T21:36:38.493+0800: 2.226: [CMS-concurrent-abortable-preclean-start]
2024-07-27T21:36:38.599+0800: 2.332: Application time: 0.1110213 seconds
2024-07-27T21:36:38.599+0800: 2.332: [GC (Allocation Failure) 2024-07-27T21:36:38.600+0800: 2.332: [ParNew: 77168K->7168K(78656K), 0.0021008 secs] 347136K->277135K(546448K), 0.0021596 secs] [Times: user=0.00 sys=0.00, real=0.00 secs] 
2024-07-27T21:36:38.601+0800: 2.335: Total time for which application threads were stopped: 0.0022698 seconds, Stopping threads took: 0.0000194 seconds
2024-07-27T21:36:38.606+0800: 2.339: Application time: 0.0046226 seconds
2024-07-27T21:36:38.606+0800: 2.339: [GC (Allocation Failure) 2024-07-27T21:36:38.606+0800: 2.339: [ParNew: 76144K->8192K(78656K), 0.0120651 secs] 346112K->345744K(546448K), 0.0121156 secs] [Times: user=0.01 sys=0.00, real=0.01 secs] 
2024-07-27T21:36:38.618+0800: 2.351: Total time for which application threads were stopped: 0.0122282 seconds, Stopping threads took: 0.0000165 seconds
2024-07-27T21:36:38.726+0800: 2.460: Application time: 0.1081084 seconds
2024-07-27T21:36:38.726+0800: 2.460: [GC (Allocation Failure) 2024-07-27T21:36:38.726+0800: 2.460: [ParNew: 77168K->8192K(78656K), 0.0120451 secs] 414721K->414353K(546448K), 0.0121035 secs] [Times: user=0.00 sys=0.00, real=0.01 secs] 
2024-07-27T21:36:38.738+0800: 2.472: Total time for which application threads were stopped: 0.0122254 seconds, Stopping threads took: 0.0000191 seconds
2024-07-27T21:36:38.738+0800: 2.472: [CMS-concurrent-abortable-preclean: 0.006/0.246 secs] [Times: user=0.01 sys=0.00, real=0.24 secs] 
2024-07-27T21:36:38.738+0800: 2.472: Application time: 0.0002973 seconds
2024-07-27T21:36:38.739+0800: 2.472: [GC (CMS Final Remark) [YG occupancy: 12655 K (78656 K)]2024-07-27T21:36:38.739+0800: 2.472: [Rescan (parallel) , 0.0007607 secs]2024-07-27T21:36:38.740+0800: 2.473: [weak refs processing, 0.0000184 secs]2024-07-27T21:36:38.740+0800: 2.473: [class unloading, 0.0001959 secs]2024-07-27T21:36:38.740+0800: 2.473: [scrub symbol table, 0.0003094 secs]2024-07-27T21:36:38.740+0800: 2.474: [scrub string table, 0.0000915 secs][1 CMS-remark: 406161K(467792K)] 418817K(546448K), 0.0014691 secs] [Times: user=0.00 sys=0.00, real=0.00 secs] 
2024-07-27T21:36:38.740+0800: 2.474: Total time for which application threads were stopped: 0.0016600 seconds, Stopping threads took: 0.0001498 seconds
2024-07-27T21:36:38.740+0800: 2.474: [CMS-concurrent-sweep-start]
2024-07-27T21:36:38.742+0800: 2.476: [CMS-concurrent-sweep: 0.002/0.002 secs] [Times: user=0.00 sys=0.00, real=0.00 secs] 
2024-07-27T21:36:38.742+0800: 2.476: [CMS-concurrent-reset-start]
2024-07-27T21:36:38.743+0800: 2.477: [CMS-concurrent-reset: 0.001/0.001 secs] [Times: user=0.00 sys=0.00, real=0.00 secs] 
2024-07-27T21:36:38.849+0800: 2.582: Application time: 0.1085840 seconds
2024-07-27T21:36:38.849+0800: 2.582: [GC (Allocation Failure) 2024-07-27T21:36:38.849+0800: 2.582: [ParNew: 77168K->8192K(78656K), 0.0025309 secs] 349184K->280207K(546448K), 0.0025841 secs] [Times: user=0.00 sys=0.00, real=0.00 secs] 
2024-07-27T21:36:38.851+0800: 2.585: Total time for which application threads were stopped: 0.0026928 seconds, Stopping threads took: 0.0000196 seconds
2024-07-27T21:36:38.856+0800: 2.589: Application time: 0.0043266 seconds
2024-07-27T21:36:38.856+0800: 2.589: [GC (Allocation Failure) 2024-07-27T21:36:38.856+0800: 2.589: [ParNew: 77168K->8192K(78656K), 0.0120096 secs] 349184K->348816K(546448K), 0.0120573 secs] [Times: user=0.03 sys=0.00, real=0.01 secs] 
2024-07-27T21:36:38.868+0800: 2.602: Total time for which application threads were stopped: 0.0121524 seconds, Stopping threads took: 0.0000142 seconds
2024-07-27T21:36:38.869+0800: 2.602: Application time: 0.0002074 seconds
2024-07-27T21:36:38.869+0800: 2.602: [GC (CMS Initial Mark) [1 CMS-initial-mark: 340624K(467792K)] 352256K(546448K), 0.0008006 secs] [Times: user=0.00 sys=0.00, real=0.00 secs] 
2024-07-27T21:36:38.870+0800: 2.603: Total time for which application threads were stopped: 0.0009951 seconds, Stopping threads took: 0.0001530 seconds
2024-07-27T21:36:38.870+0800: 2.603: [CMS-concurrent-mark-start]
2024-07-27T21:36:38.872+0800: 2.605: [CMS-concurrent-mark: 0.002/0.002 secs] [Times: user=0.00 sys=0.00, real=0.00 secs] 
2024-07-27T21:36:38.872+0800: 2.605: [CMS-concurrent-preclean-start]
2024-07-27T21:36:38.873+0800: 2.606: [CMS-concurrent-preclean: 0.001/0.001 secs] [Times: user=0.00 sys=0.00, real=0.00 secs] 
2024-07-27T21:36:38.873+0800: 2.606: [CMS-concurrent-abortable-preclean-start]
2024-07-27T21:36:38.977+0800: 2.710: Application time: 0.1072274 seconds
2024-07-27T21:36:38.977+0800: 2.710: [GC (Allocation Failure) 2024-07-27T21:36:38.977+0800: 2.710: [ParNew: 77168K->8192K(78656K), 0.0123821 secs] 417793K->417425K(546448K), 0.0124419 secs] [Times: user=0.03 sys=0.00, real=0.01 secs] 
2024-07-27T21:36:38.989+0800: 2.723: Total time for which application threads were stopped: 0.0125494 seconds, Stopping threads took: 0.0000190 seconds
2024-07-27T21:36:39.100+0800: 2.833: Application time: 0.1106684 seconds
2024-07-27T21:36:39.100+0800: 2.833: [GC (Allocation Failure) 2024-07-27T21:36:39.100+0800: 2.833: [ParNew: 77168K->8192K(78656K), 0.0024348 secs] 486402K->418449K(546448K), 0.0024890 secs] [Times: user=0.00 sys=0.00, real=0.00 secs] 
2024-07-27T21:36:39.102+0800: 2.836: Total time for which application threads were stopped: 0.0025960 seconds, Stopping threads took: 0.0000189 seconds
2024-07-27T21:36:39.102+0800: 2.836: [CMS-concurrent-abortable-preclean: 0.005/0.230 secs] [Times: user=0.03 sys=0.00, real=0.23 secs] 
2024-07-27T21:36:39.103+0800: 2.836: Application time: 0.0003572 seconds
2024-07-27T21:36:39.103+0800: 2.836: [GC (CMS Final Remark) [YG occupancy: 13679 K (78656 K)]2024-07-27T21:36:39.103+0800: 2.836: [Rescan (parallel) , 0.0007284 secs]2024-07-27T21:36:39.103+0800: 2.837: [weak refs processing, 0.0000131 secs]2024-07-27T21:36:39.103+0800: 2.837: [class unloading, 0.0001949 secs]2024-07-27T21:36:39.104+0800: 2.837: [scrub symbol table, 0.0003438 secs]2024-07-27T21:36:39.104+0800: 2.838: [scrub string table, 0.0001007 secs][1 CMS-remark: 410257K(467792K)] 423937K(546448K), 0.0014469 secs] [Times: user=0.00 sys=0.00, real=0.00 secs] 
2024-07-27T21:36:39.104+0800: 2.838: Total time for which application threads were stopped: 0.0015490 seconds, Stopping threads took: 0.0000659 seconds
2024-07-27T21:36:39.104+0800: 2.838: [CMS-concurrent-sweep-start]
2024-07-27T21:36:39.106+0800: 2.839: [CMS-concurrent-sweep: 0.001/0.001 secs] [Times: user=0.00 sys=0.00, real=0.00 secs] 
2024-07-27T21:36:39.106+0800: 2.840: [CMS-concurrent-reset-start]
2024-07-27T21:36:39.107+0800: 2.841: [CMS-concurrent-reset: 0.001/0.001 secs] [Times: user=0.00 sys=0.00, real=0.00 secs] 
2024-07-27T21:36:39.109+0800: 2.842: Application time: 0.0047178 seconds
2024-07-27T21:36:39.109+0800: 2.842: [GC (Allocation Failure) 2024-07-27T21:36:39.109+0800: 2.842: [ParNew: 77168K->8192K(78656K), 0.0128835 secs] 216062K->215694K(546448K), 0.0129306 secs] [Times: user=0.03 sys=0.00, real=0.01 secs] 
2024-07-27T21:36:39.122+0800: 2.855: Total time for which application threads were stopped: 0.0130249 seconds, Stopping threads took: 0.0000133 seconds
2024-07-27T21:36:39.122+0800: 2.856: Application time: 0.0001480 seconds
2024-07-27T21:36:39.122+0800: 2.856: [GC (CMS Initial Mark) [1 CMS-initial-mark: 207502K(467792K)] 219134K(546448K), 0.0006258 secs] [Times: user=0.00 sys=0.00, real=0.00 secs] 
2024-07-27T21:36:39.123+0800: 2.856: Total time for which application threads were stopped: 0.0007767 seconds, Stopping threads took: 0.0001074 seconds
2024-07-27T21:36:39.123+0800: 2.856: [CMS-concurrent-mark-start]
2024-07-27T21:36:39.125+0800: 2.858: [CMS-concurrent-mark: 0.002/0.002 secs] [Times: user=0.00 sys=0.00, real=0.00 secs] 
2024-07-27T21:36:39.125+0800: 2.858: [CMS-concurrent-preclean-start]
2024-07-27T21:36:39.125+0800: 2.859: [CMS-concurrent-preclean: 0.001/0.001 secs] [Times: user=0.00 sys=0.00, real=0.00 secs] 
2024-07-27T21:36:39.125+0800: 2.859: [CMS-concurrent-abortable-preclean-start]
2024-07-27T21:36:39.242+0800: 2.975: Application time: 0.1186982 seconds
2024-07-27T21:36:39.242+0800: 2.975: [GC (Allocation Failure) 2024-07-27T21:36:39.242+0800: 2.975: [ParNew: 77168K->8192K(78656K), 0.0125157 secs] 284671K->284303K(546448K), 0.0125718 secs] [Times: user=0.02 sys=0.00, real=0.01 secs] 
2024-07-27T21:36:39.255+0800: 2.988: Total time for which application threads were stopped: 0.0126918 seconds, Stopping threads took: 0.0000190 seconds
2024-07-27T21:36:39.365+0800: 3.099: Application time: 0.1108980 seconds
2024-07-27T21:36:39.366+0800: 3.099: [GC (Allocation Failure) 2024-07-27T21:36:39.366+0800: 3.099: [ParNew: 77168K->8192K(78656K), 0.0025533 secs] 353280K->286351K(546448K), 0.0026098 secs] [Times: user=0.00 sys=0.00, real=0.00 secs] 
2024-07-27T21:36:39.368+0800: 3.101: Total time for which application threads were stopped: 0.0027198 seconds, Stopping threads took: 0.0000224 seconds
2024-07-27T21:36:39.368+0800: 3.101: [CMS-concurrent-abortable-preclean: 0.005/0.242 secs] [Times: user=0.02 sys=0.00, real=0.24 secs] 
2024-07-27T21:36:39.368+0800: 3.102: Application time: 0.0003071 seconds
2024-07-27T21:36:39.368+0800: 3.102: [GC (CMS Final Remark) [YG occupancy: 12655 K (78656 K)]2024-07-27T21:36:39.368+0800: 3.102: [Rescan (parallel) , 0.0010206 secs]2024-07-27T21:36:39.370+0800: 3.103: [weak refs processing, 0.0000127 secs]2024-07-27T21:36:39.370+0800: 3.103: [class unloading, 0.0001737 secs]2024-07-27T21:36:39.370+0800: 3.103: [scrub symbol table, 0.0003482 secs]2024-07-27T21:36:39.370+0800: 3.103: [scrub string table, 0.0001050 secs][1 CMS-remark: 278159K(467792K)] 290815K(546448K), 0.0017318 secs] [Times: user=0.00 sys=0.00, real=0.00 secs] 
2024-07-27T21:36:39.371+0800: 3.104: Total time for which application threads were stopped: 0.0018830 seconds, Stopping threads took: 0.0001130 seconds
2024-07-27T21:36:39.371+0800: 3.104: [CMS-concurrent-sweep-start]
2024-07-27T21:36:39.372+0800: 3.105: [CMS-concurrent-sweep: 0.002/0.002 secs] [Times: user=0.00 sys=0.00, real=0.00 secs] 
2024-07-27T21:36:39.373+0800: 3.106: [CMS-concurrent-reset-start]
2024-07-27T21:36:39.374+0800: 3.107: [CMS-concurrent-reset: 0.001/0.001 secs] [Times: user=0.00 sys=0.00, real=0.00 secs] 
2024-07-27T21:36:39.375+0800: 3.109: Application time: 0.0049620 seconds
2024-07-27T21:36:39.376+0800: 3.109: [GC (Allocation Failure) 2024-07-27T21:36:39.376+0800: 3.109: [ParNew: 77168K->8192K(78656K), 0.0126394 secs] 218110K->217742K(546448K), 0.0126880 secs] [Times: user=0.03 sys=0.00, real=0.01 secs] 
2024-07-27T21:36:39.388+0800: 3.121: Total time for which application threads were stopped: 0.0127871 seconds, Stopping threads took: 0.0000137 seconds
2024-07-27T21:36:39.389+0800: 3.122: Application time: 0.0002572 seconds
2024-07-27T21:36:39.389+0800: 3.122: [GC (CMS Initial Mark) [1 CMS-initial-mark: 209550K(467792K)] 221182K(546448K), 0.0007453 secs] [Times: user=0.00 sys=0.00, real=0.00 secs] 
2024-07-27T21:36:39.390+0800: 3.123: Total time for which application threads were stopped: 0.0009193 seconds, Stopping threads took: 0.0001250 seconds
2024-07-27T21:36:39.390+0800: 3.123: [CMS-concurrent-mark-start]
2024-07-27T21:36:39.392+0800: 3.125: [CMS-concurrent-mark: 0.002/0.002 secs] [Times: user=0.00 sys=0.00, real=0.00 secs] 
2024-07-27T21:36:39.392+0800: 3.125: [CMS-concurrent-preclean-start]
2024-07-27T21:36:39.392+0800: 3.125: [CMS-concurrent-preclean: 0.001/0.001 secs] [Times: user=0.00 sys=0.00, real=0.00 secs] 
2024-07-27T21:36:39.392+0800: 3.125: [CMS-concurrent-abortable-preclean-start]
2024-07-27T21:36:39.508+0800: 3.241: Application time: 0.1187582 seconds
2024-07-27T21:36:39.508+0800: 3.241: [GC (Allocation Failure) 2024-07-27T21:36:39.508+0800: 3.241: [ParNew: 77168K->8192K(78656K), 0.0122808 secs] 286719K->286351K(546448K), 0.0123395 secs] [Times: user=0.02 sys=0.00, real=0.01 secs] 
2024-07-27T21:36:39.521+0800: 3.254: Total time for which application threads were stopped: 0.0124637 seconds, Stopping threads took: 0.0000192 seconds
2024-07-27T21:36:39.630+0800: 3.363: Application time: 0.1095044 seconds
2024-07-27T21:36:39.630+0800: 3.363: [GC (Allocation Failure) 2024-07-27T21:36:39.630+0800: 3.363: [ParNew: 77168K->8192K(78656K), 0.0030941 secs] 355328K->289423K(546448K), 0.0031721 secs] [Times: user=0.00 sys=0.00, real=0.00 secs] 
2024-07-27T21:36:39.634+0800: 3.367: Total time for which application threads were stopped: 0.0032817 seconds, Stopping threads took: 0.0000203 seconds
2024-07-27T21:36:39.634+0800: 3.367: [CMS-concurrent-abortable-preclean: 0.005/0.241 secs] [Times: user=0.05 sys=0.00, real=0.24 secs] 
2024-07-27T21:36:39.634+0800: 3.367: Application time: 0.0003003 seconds
2024-07-27T21:36:39.634+0800: 3.367: [GC (CMS Final Remark) [YG occupancy: 12655 K (78656 K)]2024-07-27T21:36:39.634+0800: 3.367: [Rescan (parallel) , 0.0007748 secs]2024-07-27T21:36:39.635+0800: 3.368: [weak refs processing, 0.0000233 secs]2024-07-27T21:36:39.635+0800: 3.368: [class unloading, 0.0002102 secs]2024-07-27T21:36:39.635+0800: 3.368: [scrub symbol table, 0.0003168 secs]2024-07-27T21:36:39.635+0800: 3.368: [scrub string table, 0.0000914 secs][1 CMS-remark: 281231K(467792K)] 293887K(546448K), 0.0014923 secs] [Times: user=0.00 sys=0.00, real=0.00 secs] 
2024-07-27T21:36:39.635+0800: 3.368: Total time for which application threads were stopped: 0.0016500 seconds, Stopping threads took: 0.0001180 seconds
2024-07-27T21:36:39.636+0800: 3.369: [CMS-concurrent-sweep-start]
2024-07-27T21:36:39.637+0800: 3.370: [CMS-concurrent-sweep: 0.001/0.001 secs] [Times: user=0.00 sys=0.00, real=0.00 secs] 
2024-07-27T21:36:39.637+0800: 3.370: [CMS-concurrent-reset-start]
2024-07-27T21:36:39.638+0800: 3.371: [CMS-concurrent-reset: 0.001/0.001 secs] [Times: user=0.00 sys=0.00, real=0.00 secs] 
2024-07-27T21:36:39.640+0800: 3.373: Application time: 0.0049105 seconds
2024-07-27T21:36:39.640+0800: 3.373: [GC (Allocation Failure) 2024-07-27T21:36:39.640+0800: 3.373: [ParNew: 77168K->8192K(78656K), 0.0137515 secs] 220158K->219790K(546448K), 0.0138386 secs] [Times: user=0.03 sys=0.00, real=0.01 secs] 
2024-07-27T21:36:39.654+0800: 3.387: Total time for which application threads were stopped: 0.0139618 seconds, Stopping threads took: 0.0000172 seconds
2024-07-27T21:36:39.654+0800: 3.387: Application time: 0.0000931 seconds
2024-07-27T21:36:39.654+0800: 3.388: [GC (CMS Initial Mark) [1 CMS-initial-mark: 211598K(467792K)] 220814K(546448K), 0.0001763 secs] [Times: user=0.00 sys=0.00, real=0.00 secs] 
2024-07-27T21:36:39.654+0800: 3.388: Total time for which application threads were stopped: 0.0003111 seconds, Stopping threads took: 0.0000754 seconds
2024-07-27T21:36:39.654+0800: 3.388: [CMS-concurrent-mark-start]
2024-07-27T21:36:39.657+0800: 3.390: [CMS-concurrent-mark: 0.003/0.003 secs] [Times: user=0.00 sys=0.00, real=0.00 secs] 
2024-07-27T21:36:39.657+0800: 3.390: [CMS-concurrent-preclean-start]
2024-07-27T21:36:39.658+0800: 3.392: [CMS-concurrent-preclean: 0.001/0.001 secs] [Times: user=0.00 sys=0.00, real=0.00 secs] 
2024-07-27T21:36:39.658+0800: 3.392: [CMS-concurrent-abortable-preclean-start]
2024-07-27T21:36:39.773+0800: 3.506: Application time: 0.1185570 seconds
2024-07-27T21:36:39.773+0800: 3.506: [GC (Allocation Failure) 2024-07-27T21:36:39.773+0800: 3.506: [ParNew: 77168K->8192K(78656K), 0.0131105 secs] 288767K->288399K(546448K), 0.0131714 secs] [Times: user=0.02 sys=0.02, real=0.01 secs] 
2024-07-27T21:36:39.787+0800: 3.520: Total time for which application threads were stopped: 0.0132975 seconds, Stopping threads took: 0.0000192 seconds
2024-07-27T21:36:39.894+0800: 3.628: Application time: 0.1080907 seconds
2024-07-27T21:36:39.894+0800: 3.628: [GC (Allocation Failure) 2024-07-27T21:36:39.894+0800: 3.628: [ParNew: 77168K->8192K(78656K), 0.0031750 secs] 357376K->292495K(546448K), 0.0032361 secs] [Times: user=0.11 sys=0.00, real=0.00 secs] 
2024-07-27T21:36:39.898+0800: 3.631: Total time for which application threads were stopped: 0.0033594 seconds, Stopping threads took: 0.0000178 seconds
2024-07-27T21:36:39.898+0800: 3.631: [CMS-concurrent-abortable-preclean: 0.005/0.240 secs] [Times: user=0.13 sys=0.02, real=0.24 secs] 
2024-07-27T21:36:39.899+0800: 3.631: Application time: 0.0003211 seconds
2024-07-27T21:36:39.899+0800: 3.632: [GC (CMS Final Remark) [YG occupancy: 12655 K (78656 K)]2024-07-27T21:36:39.899+0800: 3.632: [Rescan (parallel) , 0.0008783 secs]2024-07-27T21:36:39.900+0800: 3.632: [weak refs processing, 0.0000141 secs]2024-07-27T21:36:39.900+0800: 3.632: [class unloading, 0.0001835 secs]2024-07-27T21:36:39.900+0800: 3.633: [scrub symbol table, 0.0003141 secs]2024-07-27T21:36:39.900+0800: 3.633: [scrub string table, 0.0000916 secs][1 CMS-remark: 284303K(467792K)] 296959K(546448K), 0.0015532 secs] [Times: user=0.00 sys=0.00, real=0.00 secs] 
2024-07-27T21:36:39.900+0800: 3.633: Total time for which application threads were stopped: 0.0016654 seconds, Stopping threads took: 0.0000681 seconds
2024-07-27T21:36:39.900+0800: 3.633: [CMS-concurrent-sweep-start]
2024-07-27T21:36:39.901+0800: 3.635: [CMS-concurrent-sweep: 0.001/0.001 secs] [Times: user=0.00 sys=0.00, real=0.00 secs] 
2024-07-27T21:36:39.901+0800: 3.635: [CMS-concurrent-reset-start]
2024-07-27T21:36:39.902+0800: 3.636: [CMS-concurrent-reset: 0.001/0.001 secs] [Times: user=0.00 sys=0.00, real=0.00 secs] 
2024-07-27T21:36:39.905+0800: 3.638: Application time: 0.0049821 seconds
2024-07-27T21:36:39.905+0800: 3.638: [GC (Allocation Failure) 2024-07-27T21:36:39.905+0800: 3.638: [ParNew: 77168K->8192K(78656K), 0.0128276 secs] 222206K->221838K(546448K), 0.0128767 secs] [Times: user=0.03 sys=0.00, real=0.01 secs] 
2024-07-27T21:36:39.918+0800: 3.651: Total time for which application threads were stopped: 0.0129848 seconds, Stopping threads took: 0.0000166 seconds
2024-07-27T21:36:39.918+0800: 3.651: Application time: 0.0001665 seconds
2024-07-27T21:36:39.918+0800: 3.651: [GC (CMS Initial Mark) [1 CMS-initial-mark: 213646K(467792K)] 225278K(546448K), 0.0007521 secs] [Times: user=0.00 sys=0.00, real=0.00 secs] 
2024-07-27T21:36:39.919+0800: 3.652: Total time for which application threads were stopped: 0.0009335 seconds, Stopping threads took: 0.0001369 seconds
2024-07-27T21:36:39.919+0800: 3.652: [CMS-concurrent-mark-start]
2024-07-27T21:36:39.921+0800: 3.654: [CMS-concurrent-mark: 0.002/0.002 secs] [Times: user=0.00 sys=0.00, real=0.00 secs] 
2024-07-27T21:36:39.921+0800: 3.654: [CMS-concurrent-preclean-start]
2024-07-27T21:36:39.922+0800: 3.655: [CMS-concurrent-preclean: 0.001/0.001 secs] [Times: user=0.00 sys=0.00, real=0.00 secs] 
2024-07-27T21:36:39.922+0800: 3.655: [CMS-concurrent-abortable-preclean-start]
2024-07-27T21:36:40.038+0800: 3.771: Application time: 0.1188845 seconds
2024-07-27T21:36:40.038+0800: 3.771: [GC (Allocation Failure) 2024-07-27T21:36:40.038+0800: 3.771: [ParNew: 77168K->8192K(78656K), 0.0125049 secs] 290815K->290447K(546448K), 0.0125638 secs] [Times: user=0.00 sys=0.00, real=0.01 secs] 
2024-07-27T21:36:40.051+0800: 3.784: Total time for which application threads were stopped: 0.0126791 seconds, Stopping threads took: 0.0000178 seconds
2024-07-27T21:36:40.161+0800: 3.894: Application time: 0.1104565 seconds
2024-07-27T21:36:40.161+0800: 3.894: [GC (Allocation Failure) 2024-07-27T21:36:40.161+0800: 3.894: [ParNew: 77168K->8192K(78656K), 0.0032253 secs] 359424K->295567K(546448K), 0.0032850 secs] [Times: user=0.00 sys=0.00, real=0.00 secs] 
2024-07-27T21:36:40.164+0800: 3.898: Total time for which application threads were stopped: 0.0033917 seconds, Stopping threads took: 0.0000179 seconds
2024-07-27T21:36:40.164+0800: 3.898: [CMS-concurrent-abortable-preclean: 0.005/0.243 secs] [Times: user=0.08 sys=0.00, real=0.24 secs] 
2024-07-27T21:36:40.164+0800: 3.898: Application time: 0.0003424 seconds
2024-07-27T21:36:40.164+0800: 3.898: [GC (CMS Final Remark) [YG occupancy: 13679 K (78656 K)]2024-07-27T21:36:40.164+0800: 3.898: [Rescan (parallel) , 0.0007933 secs]2024-07-27T21:36:40.166+0800: 3.899: [weak refs processing, 0.0000131 secs]2024-07-27T21:36:40.166+0800: 3.899: [class unloading, 0.0001667 secs]2024-07-27T21:36:40.166+0800: 3.899: [scrub symbol table, 0.0003206 secs]2024-07-27T21:36:40.167+0800: 3.899: [scrub string table, 0.0001035 secs][1 CMS-remark: 287375K(467792K)] 301055K(546448K), 0.0014604 secs] [Times: user=0.00 sys=0.00, real=0.00 secs] 
2024-07-27T21:36:40.167+0800: 3.900: Total time for which application threads were stopped: 0.0015749 seconds, Stopping threads took: 0.0000792 seconds
2024-07-27T21:36:40.167+0800: 3.900: [CMS-concurrent-sweep-start]
2024-07-27T21:36:40.168+0800: 3.901: [CMS-concurrent-sweep: 0.001/0.001 secs] [Times: user=0.00 sys=0.00, real=0.00 secs] 
2024-07-27T21:36:40.168+0800: 3.901: [CMS-concurrent-reset-start]
2024-07-27T21:36:40.170+0800: 3.903: [CMS-concurrent-reset: 0.001/0.001 secs] [Times: user=0.00 sys=0.00, real=0.00 secs] 
2024-07-27T21:36:40.172+0800: 3.905: Application time: 0.0051593 seconds
2024-07-27T21:36:40.172+0800: 3.905: [GC (Allocation Failure) 2024-07-27T21:36:40.172+0800: 3.905: [ParNew: 77168K->8192K(78656K), 0.0124497 secs] 224254K->223886K(546448K), 0.0125003 secs] [Times: user=0.03 sys=0.00, real=0.01 secs] 
2024-07-27T21:36:40.184+0800: 3.917: Total time for which application threads were stopped: 0.0126240 seconds, Stopping threads took: 0.0000186 seconds
2024-07-27T21:36:40.185+0800: 3.917: Application time: 0.0001585 seconds
2024-07-27T21:36:40.185+0800: 3.918: [GC (CMS Initial Mark) [1 CMS-initial-mark: 215694K(467792K)] 227326K(546448K), 0.0007654 secs] [Times: user=0.00 sys=0.00, real=0.00 secs] 
2024-07-27T21:36:40.186+0800: 3.918: Total time for which application threads were stopped: 0.0009821 seconds, Stopping threads took: 0.0001686 seconds
2024-07-27T21:36:40.186+0800: 3.919: [CMS-concurrent-mark-start]
2024-07-27T21:36:40.188+0800: 3.921: [CMS-concurrent-mark: 0.002/0.002 secs] [Times: user=0.00 sys=0.00, real=0.00 secs] 
2024-07-27T21:36:40.188+0800: 3.921: [CMS-concurrent-preclean-start]
2024-07-27T21:36:40.188+0800: 3.921: [CMS-concurrent-preclean: 0.001/0.001 secs] [Times: user=0.00 sys=0.00, real=0.00 secs] 
2024-07-27T21:36:40.188+0800: 3.921: [CMS-concurrent-abortable-preclean-start]
2024-07-27T21:36:40.304+0800: 4.038: Application time: 0.1192308 seconds
2024-07-27T21:36:40.304+0800: 4.038: [GC (Allocation Failure) 2024-07-27T21:36:40.304+0800: 4.038: [ParNew: 77168K->8192K(78656K), 0.0136083 secs] 292863K->292495K(546448K), 0.0136758 secs] [Times: user=0.02 sys=0.00, real=0.01 secs] 
2024-07-27T21:36:40.318+0800: 4.051: Total time for which application threads were stopped: 0.0137983 seconds, Stopping threads took: 0.0000278 seconds
2024-07-27T21:36:40.380+0800: 4.113: Application time: 0.0616055 seconds
2024-07-27T21:36:40.380+0800: 4.113: Total time for which application threads were stopped: 0.0000640 seconds, Stopping threads took: 0.0000262 seconds
2024-07-27T21:36:40.429+0800: 4.162: Application time: 0.0485156 seconds
2024-07-27T21:36:40.429+0800: 4.162: [GC (Allocation Failure) 2024-07-27T21:36:40.429+0800: 4.162: [ParNew: 77168K->8192K(78656K), 0.0032732 secs] 361472K->298639K(546448K), 0.0033333 secs] [Times: user=0.00 sys=0.00, real=0.00 secs] 
2024-07-27T21:36:40.432+0800: 4.165: Total time for which application threads were stopped: 0.0034577 seconds, Stopping threads took: 0.0000180 seconds
2024-07-27T21:36:40.432+0800: 4.165: [CMS-concurrent-abortable-preclean: 0.005/0.244 secs] [Times: user=0.05 sys=0.00, real=0.24 secs] 
2024-07-27T21:36:40.432+0800: 4.165: Application time: 0.0003039 seconds
2024-07-27T21:36:40.433+0800: 4.166: [GC (CMS Final Remark) [YG occupancy: 11631 K (78656 K)]2024-07-27T21:36:40.433+0800: 4.166: [Rescan (parallel) , 0.0009327 secs]2024-07-27T21:36:40.434+0800: 4.167: [weak refs processing, 0.0000135 secs]2024-07-27T21:36:40.434+0800: 4.167: [class unloading, 0.0002065 secs]2024-07-27T21:36:40.434+0800: 4.167: [scrub symbol table, 0.0003504 secs]2024-07-27T21:36:40.434+0800: 4.167: [scrub string table, 0.0001097 secs][1 CMS-remark: 290447K(467792K)] 302079K(546448K), 0.0016867 secs] [Times: user=0.00 sys=0.00, real=0.00 secs] 
2024-07-27T21:36:40.434+0800: 4.167: Total time for which application threads were stopped: 0.0018412 seconds, Stopping threads took: 0.0001068 seconds
2024-07-27T21:36:40.434+0800: 4.168: [CMS-concurrent-sweep-start]
2024-07-27T21:36:40.436+0800: 4.169: [CMS-concurrent-sweep: 0.001/0.001 secs] [Times: user=0.00 sys=0.00, real=0.00 secs] 
2024-07-27T21:36:40.436+0800: 4.169: [CMS-concurrent-reset-start]
2024-07-27T21:36:40.437+0800: 4.170: [CMS-concurrent-reset: 0.001/0.001 secs] [Times: user=0.00 sys=0.00, real=0.00 secs] 
2024-07-27T21:36:40.439+0800: 4.172: Application time: 0.0049489 seconds
2024-07-27T21:36:40.439+0800: 4.172: [GC (Allocation Failure) 2024-07-27T21:36:40.439+0800: 4.172: [ParNew: 77168K->8192K(78656K), 0.0129998 secs] 226302K->225934K(546448K), 0.0130483 secs] [Times: user=0.03 sys=0.00, real=0.01 secs] 
2024-07-27T21:36:40.452+0800: 4.185: Total time for which application threads were stopped: 0.0131445 seconds, Stopping threads took: 0.0000153 seconds
2024-07-27T21:36:40.452+0800: 4.186: Application time: 0.0001997 seconds
2024-07-27T21:36:40.453+0800: 4.186: [GC (CMS Initial Mark) [1 CMS-initial-mark: 217742K(467792K)] 229374K(546448K), 0.0006800 secs] [Times: user=0.00 sys=0.00, real=0.00 secs] 
2024-07-27T21:36:40.454+0800: 4.186: Total time for which application threads were stopped: 0.0008010 seconds, Stopping threads took: 0.0000740 seconds
2024-07-27T21:36:40.454+0800: 4.186: [CMS-concurrent-mark-start]
2024-07-27T21:36:40.455+0800: 4.188: [CMS-concurrent-mark: 0.002/0.002 secs] [Times: user=0.00 sys=0.00, real=0.00 secs] 
2024-07-27T21:36:40.455+0800: 4.188: [CMS-concurrent-preclean-start]
2024-07-27T21:36:40.456+0800: 4.189: [CMS-concurrent-preclean: 0.001/0.001 secs] [Times: user=0.00 sys=0.00, real=0.00 secs] 
2024-07-27T21:36:40.456+0800: 4.189: [CMS-concurrent-abortable-preclean-start]
2024-07-27T21:36:40.572+0800: 4.306: Application time: 0.1198143 seconds
2024-07-27T21:36:40.573+0800: 4.306: [GC (Allocation Failure) 2024-07-27T21:36:40.573+0800: 4.306: [ParNew: 77168K->8192K(78656K), 0.0117994 secs] 294911K->294543K(546448K), 0.0118761 secs] [Times: user=0.03 sys=0.00, real=0.01 secs] 
2024-07-27T21:36:40.585+0800: 4.318: Total time for which application threads were stopped: 0.0120110 seconds, Stopping threads took: 0.0000231 seconds
2024-07-27T21:36:40.697+0800: 4.430: Application time: 0.1119456 seconds
2024-07-27T21:36:40.697+0800: 4.430: [GC (Allocation Failure) 2024-07-27T21:36:40.697+0800: 4.430: [ParNew: 77168K->8192K(78656K), 0.0033564 secs] 363520K->301711K(546448K), 0.0034279 secs] [Times: user=0.00 sys=0.00, real=0.00 secs] 
2024-07-27T21:36:40.700+0800: 4.434: Total time for which application threads were stopped: 0.0035441 seconds, Stopping threads took: 0.0000212 seconds
2024-07-27T21:36:40.701+0800: 4.434: [CMS-concurrent-abortable-preclean: 0.006/0.245 secs] [Times: user=0.03 sys=0.00, real=0.24 secs] 
2024-07-27T21:36:40.701+0800: 4.434: Application time: 0.0003805 seconds
2024-07-27T21:36:40.701+0800: 4.434: [GC (CMS Final Remark) [YG occupancy: 14703 K (78656 K)]2024-07-27T21:36:40.701+0800: 4.434: [Rescan (parallel) , 0.0007264 secs]2024-07-27T21:36:40.702+0800: 4.435: [weak refs processing, 0.0000128 secs]2024-07-27T21:36:40.702+0800: 4.435: [class unloading, 0.0001960 secs]2024-07-27T21:36:40.702+0800: 4.435: [scrub symbol table, 0.0003461 secs]2024-07-27T21:36:40.702+0800: 4.436: [scrub string table, 0.0001011 secs][1 CMS-remark: 293519K(467792K)] 308223K(546448K), 0.0014455 secs] [Times: user=0.00 sys=0.00, real=0.00 secs] 
2024-07-27T21:36:40.702+0800: 4.436: Total time for which application threads were stopped: 0.0016316 seconds, Stopping threads took: 0.0001492 seconds
2024-07-27T21:36:40.703+0800: 4.436: [CMS-concurrent-sweep-start]
2024-07-27T21:36:40.704+0800: 4.437: [CMS-concurrent-sweep: 0.001/0.001 secs] [Times: user=0.00 sys=0.00, real=0.00 secs] 
2024-07-27T21:36:40.704+0800: 4.437: [CMS-concurrent-reset-start]
2024-07-27T21:36:40.705+0800: 4.439: [CMS-concurrent-reset: 0.001/0.001 secs] [Times: user=0.00 sys=0.00, real=0.00 secs] 
2024-07-27T21:36:40.707+0800: 4.440: Application time: 0.0045862 seconds
2024-07-27T21:36:40.707+0800: 4.440: [GC (Allocation Failure) 2024-07-27T21:36:40.707+0800: 4.440: [ParNew: 77168K->8192K(78656K), 0.0124645 secs] 228350K->227982K(546448K), 0.0125119 secs] [Times: user=0.13 sys=0.00, real=0.01 secs] 
2024-07-27T21:36:40.720+0800: 4.453: Total time for which application threads were stopped: 0.0126048 seconds, Stopping threads took: 0.0000130 seconds
2024-07-27T21:36:40.720+0800: 4.453: Application time: 0.0002742 seconds
2024-07-27T21:36:40.720+0800: 4.453: [GC (CMS Initial Mark) [1 CMS-initial-mark: 219790K(467792K)] 231422K(546448K), 0.0008463 secs] [Times: user=0.00 sys=0.00, real=0.00 secs] 
2024-07-27T21:36:40.721+0800: 4.454: Total time for which application threads were stopped: 0.0010041 seconds, Stopping threads took: 0.0001168 seconds
2024-07-27T21:36:40.721+0800: 4.454: [CMS-concurrent-mark-start]
2024-07-27T21:36:40.723+0800: 4.456: [CMS-concurrent-mark: 0.002/0.002 secs] [Times: user=0.00 sys=0.00, real=0.00 secs] 
2024-07-27T21:36:40.723+0800: 4.456: [CMS-concurrent-preclean-start]
2024-07-27T21:36:40.723+0800: 4.457: [CMS-concurrent-preclean: 0.001/0.001 secs] [Times: user=0.00 sys=0.00, real=0.00 secs] 
2024-07-27T21:36:40.723+0800: 4.457: [CMS-concurrent-abortable-preclean-start]
2024-07-27T21:36:40.840+0800: 4.573: Application time: 0.1188340 seconds
2024-07-27T21:36:40.840+0800: 4.573: [GC (Allocation Failure) 2024-07-27T21:36:40.840+0800: 4.573: [ParNew: 77168K->8192K(78656K), 0.0130985 secs] 296959K->296591K(546448K), 0.0131529 secs] [Times: user=0.03 sys=0.00, real=0.01 secs] 
2024-07-27T21:36:40.853+0800: 4.586: Total time for which application threads were stopped: 0.0132703 seconds, Stopping threads took: 0.0000180 seconds
2024-07-27T21:36:40.964+0800: 4.697: Application time: 0.1106480 seconds
2024-07-27T21:36:40.964+0800: 4.697: [GC (Allocation Failure) 2024-07-27T21:36:40.964+0800: 4.697: [ParNew: 77168K->8192K(78656K), 0.0033556 secs] 365568K->304784K(546448K), 0.0034178 secs] [Times: user=0.00 sys=0.00, real=0.00 secs] 
2024-07-27T21:36:40.967+0800: 4.701: Total time for which application threads were stopped: 0.0035318 seconds, Stopping threads took: 0.0000183 seconds
2024-07-27T21:36:40.967+0800: 4.701: [CMS-concurrent-abortable-preclean: 0.005/0.244 secs] [Times: user=0.05 sys=0.00, real=0.24 secs] 
2024-07-27T21:36:40.968+0800: 4.701: Application time: 0.0003984 seconds
2024-07-27T21:36:40.968+0800: 4.701: [GC (CMS Final Remark) [YG occupancy: 14703 K (78656 K)]2024-07-27T21:36:40.968+0800: 4.701: [Rescan (parallel) , 0.0008880 secs]2024-07-27T21:36:40.969+0800: 4.702: [weak refs processing, 0.0000131 secs]2024-07-27T21:36:40.969+0800: 4.702: [class unloading, 0.0001876 secs]2024-07-27T21:36:40.969+0800: 4.702: [scrub symbol table, 0.0003454 secs]2024-07-27T21:36:40.969+0800: 4.703: [scrub string table, 0.0001003 secs][1 CMS-remark: 296591K(467792K)] 311295K(546448K), 0.0016035 secs] [Times: user=0.00 sys=0.00, real=0.00 secs] 
2024-07-27T21:36:40.969+0800: 4.703: Total time for which application threads were stopped: 0.0017392 seconds, Stopping threads took: 0.0000993 seconds
2024-07-27T21:36:40.969+0800: 4.703: [CMS-concurrent-sweep-start]
2024-07-27T21:36:40.971+0800: 4.704: [CMS-concurrent-sweep: 0.001/0.001 secs] [Times: user=0.00 sys=0.00, real=0.00 secs] 
2024-07-27T21:36:40.971+0800: 4.704: [CMS-concurrent-reset-start]
2024-07-27T21:36:40.972+0800: 4.706: [CMS-concurrent-reset: 0.001/0.001 secs] [Times: user=0.00 sys=0.00, real=0.00 secs] 
2024-07-27T21:36:40.974+0800: 4.707: Application time: 0.0046517 seconds
2024-07-27T21:36:40.974+0800: 4.707: [GC (Allocation Failure) 2024-07-27T21:36:40.974+0800: 4.707: [ParNew: 77168K->8192K(78656K), 0.0122222 secs] 230398K->230030K(546448K), 0.0122702 secs] [Times: user=0.00 sys=0.00, real=0.01 secs] 
2024-07-27T21:36:40.986+0800: 4.720: Total time for which application threads were stopped: 0.0123632 seconds, Stopping threads took: 0.0000128 seconds
2024-07-27T21:36:40.987+0800: 4.720: Application time: 0.0002478 seconds
2024-07-27T21:36:40.987+0800: 4.720: [GC (CMS Initial Mark) [1 CMS-initial-mark: 221838K(467792K)] 233470K(546448K), 0.0007562 secs] [Times: user=0.00 sys=0.00, real=0.00 secs] 
2024-07-27T21:36:40.987+0800: 4.721: Total time for which application threads were stopped: 0.0008734 seconds, Stopping threads took: 0.0000770 seconds
2024-07-27T21:36:40.987+0800: 4.721: [CMS-concurrent-mark-start]
2024-07-27T21:36:40.989+0800: 4.722: [CMS-concurrent-mark: 0.002/0.002 secs] [Times: user=0.03 sys=0.02, real=0.00 secs] 
2024-07-27T21:36:40.989+0800: 4.722: [CMS-concurrent-preclean-start]
2024-07-27T21:36:40.990+0800: 4.723: [CMS-concurrent-preclean: 0.001/0.001 secs] [Times: user=0.00 sys=0.00, real=0.00 secs] 
2024-07-27T21:36:40.990+0800: 4.723: [CMS-concurrent-abortable-preclean-start]
2024-07-27T21:36:41.108+0800: 4.841: Application time: 0.1197730 seconds
2024-07-27T21:36:41.108+0800: 4.841: [GC (Allocation Failure) 2024-07-27T21:36:41.108+0800: 4.841: [ParNew: 77168K->8192K(78656K), 0.0117789 secs] 299007K->298639K(546448K), 0.0118363 secs] [Times: user=0.03 sys=0.00, real=0.01 secs] 
2024-07-27T21:36:41.119+0800: 4.853: Total time for which application threads were stopped: 0.0119551 seconds, Stopping threads took: 0.0000182 seconds
2024-07-27T21:36:41.231+0800: 4.965: Application time: 0.1121534 seconds
2024-07-27T21:36:41.231+0800: 4.965: [GC (Allocation Failure) 2024-07-27T21:36:41.231+0800: 4.965: [ParNew: 77168K->8192K(78656K), 0.0035555 secs] 367616K->307856K(546448K), 0.0036136 secs] [Times: user=0.00 sys=0.00, real=0.00 secs] 
2024-07-27T21:36:41.235+0800: 4.968: Total time for which application threads were stopped: 0.0037223 seconds, Stopping threads took: 0.0000197 seconds
2024-07-27T21:36:41.235+0800: 4.969: [CMS-concurrent-abortable-preclean: 0.006/0.245 secs] [Times: user=0.03 sys=0.00, real=0.24 secs] 
2024-07-27T21:36:41.235+0800: 4.969: Application time: 0.0003883 seconds
2024-07-27T21:36:41.236+0800: 4.969: [GC (CMS Final Remark) [YG occupancy: 13679 K (78656 K)]2024-07-27T21:36:41.236+0800: 4.969: [Rescan (parallel) , 0.0010402 secs]2024-07-27T21:36:41.237+0800: 4.970: [weak refs processing, 0.0000129 secs]2024-07-27T21:36:41.237+0800: 4.970: [class unloading, 0.0001655 secs]2024-07-27T21:36:41.237+0800: 4.970: [scrub symbol table, 0.0003123 secs]2024-07-27T21:36:41.237+0800: 4.971: [scrub string table, 0.0000916 secs][1 CMS-remark: 299663K(467792K)] 313343K(546448K), 0.0016881 secs] [Times: user=0.00 sys=0.00, real=0.00 secs] 
2024-07-27T21:36:41.237+0800: 4.971: Total time for which application threads were stopped: 0.0018593 seconds, Stopping threads took: 0.0001240 seconds
2024-07-27T21:36:41.238+0800: 4.971: [CMS-concurrent-sweep-start]
2024-07-27T21:36:41.239+0800: 4.972: [CMS-concurrent-sweep: 0.001/0.001 secs] [Times: user=0.03 sys=0.00, real=0.00 secs] 
2024-07-27T21:36:41.239+0800: 4.972: [CMS-concurrent-reset-start]
2024-07-27T21:36:41.240+0800: 4.973: [CMS-concurrent-reset: 0.001/0.001 secs] [Times: user=0.00 sys=0.00, real=0.00 secs] 
2024-07-27T21:36:41.242+0800: 4.975: Application time: 0.0047986 seconds
2024-07-27T21:36:41.242+0800: 4.976: [GC (Allocation Failure) 2024-07-27T21:36:41.242+0800: 4.976: [ParNew: 77168K->8192K(78656K), 0.0123074 secs] 232446K->232078K(546448K), 0.0123550 secs] [Times: user=0.02 sys=0.00, real=0.01 secs] 
2024-07-27T21:36:41.255+0800: 4.988: Total time for which application threads were stopped: 0.0124493 seconds, Stopping threads took: 0.0000127 seconds
2024-07-27T21:36:41.255+0800: 4.988: Application time: 0.0002512 seconds
2024-07-27T21:36:41.255+0800: 4.988: [GC (CMS Initial Mark) [1 CMS-initial-mark: 223886K(467792K)] 235518K(546448K), 0.0007590 secs] [Times: user=0.00 sys=0.00, real=0.00 secs] 
2024-07-27T21:36:41.256+0800: 4.989: Total time for which application threads were stopped: 0.0008894 seconds, Stopping threads took: 0.0000889 seconds
2024-07-27T21:36:41.256+0800: 4.989: [CMS-concurrent-mark-start]
2024-07-27T21:36:41.257+0800: 4.991: [CMS-concurrent-mark: 0.002/0.002 secs] [Times: user=0.00 sys=0.00, real=0.00 secs] 
2024-07-27T21:36:41.258+0800: 4.991: [CMS-concurrent-preclean-start]
2024-07-27T21:36:41.258+0800: 4.991: [CMS-concurrent-preclean: 0.001/0.001 secs] [Times: user=0.00 sys=0.00, real=0.00 secs] 
2024-07-27T21:36:41.258+0800: 4.991: [CMS-concurrent-abortable-preclean-start]
2024-07-27T21:36:41.360+0800: 5.094: Application time: 0.1045215 seconds
2024-07-27T21:36:41.360+0800: 5.094: [GC (Allocation Failure) 2024-07-27T21:36:41.360+0800: 5.094: [ParNew2024-07-27T21:36:41.373+0800: 5.106: [CMS-concurrent-abortable-preclean: 0.001/0.114 secs] [Times: user=0.03 sys=0.00, real=0.12 secs] 
: 77168K->8192K(78656K), 0.0121502 secs] 301055K->300687K(546448K), 0.0121970 secs] [Times: user=0.03 sys=0.00, real=0.01 secs] 
2024-07-27T21:36:41.373+0800: 5.106: Total time for which application threads were stopped: 0.0123020 seconds, Stopping threads took: 0.0000197 seconds
2024-07-27T21:36:41.373+0800: 5.106: Application time: 0.0002716 seconds
2024-07-27T21:36:41.373+0800: 5.106: [GC (CMS Final Remark) [YG occupancy: 11631 K (78656 K)]2024-07-27T21:36:41.373+0800: 5.106: [Rescan (parallel) , 0.0008688 secs]2024-07-27T21:36:41.374+0800: 5.107: [weak refs processing, 0.0000128 secs]2024-07-27T21:36:41.374+0800: 5.107: [class unloading, 0.0001901 secs]2024-07-27T21:36:41.374+0800: 5.107: [scrub symbol table, 0.0003512 secs]2024-07-27T21:36:41.375+0800: 5.108: [scrub string table, 0.0001017 secs][1 CMS-remark: 292495K(467792K)] 304127K(546448K), 0.0015951 secs] [Times: user=0.00 sys=0.00, real=0.00 secs] 
2024-07-27T21:36:41.375+0800: 5.108: Total time for which application threads were stopped: 0.0017497 seconds, Stopping threads took: 0.0001184 seconds
2024-07-27T21:36:41.375+0800: 5.108: [CMS-concurrent-sweep-start]
2024-07-27T21:36:41.376+0800: 5.110: [CMS-concurrent-sweep: 0.001/0.001 secs] [Times: user=0.00 sys=0.00, real=0.00 secs] 
2024-07-27T21:36:41.376+0800: 5.110: [CMS-concurrent-reset-start]
2024-07-27T21:36:41.378+0800: 5.111: [CMS-concurrent-reset: 0.001/0.001 secs] [Times: user=0.00 sys=0.00, real=0.00 secs] 
2024-07-27T21:36:41.484+0800: 5.218: Application time: 0.1098840 seconds
2024-07-27T21:36:41.484+0800: 5.218: [GC (Allocation Failure) 2024-07-27T21:36:41.484+0800: 5.218: [ParNew: 77168K->8192K(78656K), 0.0035751 secs] 224254K->165517K(546448K), 0.0036459 secs] [Times: user=0.00 sys=0.00, real=0.00 secs] 
2024-07-27T21:36:41.488+0800: 5.222: Total time for which application threads were stopped: 0.0037569 seconds, Stopping threads took: 0.0000196 seconds
2024-07-27T21:36:41.492+0800: 5.226: Application time: 0.0043484 seconds
2024-07-27T21:36:41.492+0800: 5.226: [GC (Allocation Failure) 2024-07-27T21:36:41.493+0800: 5.226: [ParNew: 77168K->8192K(78656K), 0.0121433 secs] 234494K->234126K(546448K), 0.0121951 secs] [Times: user=0.03 sys=0.00, real=0.01 secs] 
2024-07-27T21:36:41.505+0800: 5.238: Total time for which application threads were stopped: 0.0122982 seconds, Stopping threads took: 0.0000148 seconds
2024-07-27T21:36:41.505+0800: 5.238: Application time: 0.0001671 seconds
2024-07-27T21:36:41.506+0800: 5.239: [GC (CMS Initial Mark) [1 CMS-initial-mark: 225934K(467792K)] 237566K(546448K), 0.0008172 secs] [Times: user=0.00 sys=0.00, real=0.00 secs] 
2024-07-27T21:36:41.506+0800: 5.239: Total time for which application threads were stopped: 0.0010220 seconds, Stopping threads took: 0.0001617 seconds
2024-07-27T21:36:41.507+0800: 5.240: [CMS-concurrent-mark-start]
2024-07-27T21:36:41.508+0800: 5.241: [CMS-concurrent-mark: 0.002/0.002 secs] [Times: user=0.00 sys=0.00, real=0.00 secs] 
2024-07-27T21:36:41.508+0800: 5.241: [CMS-concurrent-preclean-start]
2024-07-27T21:36:41.509+0800: 5.242: [CMS-concurrent-preclean: 0.001/0.001 secs] [Times: user=0.00 sys=0.00, real=0.00 secs] 
2024-07-27T21:36:41.509+0800: 5.242: [CMS-concurrent-abortable-preclean-start]
2024-07-27T21:36:41.614+0800: 5.347: Application time: 0.1074368 seconds
2024-07-27T21:36:41.614+0800: 5.347: [GC (Allocation Failure) 2024-07-27T21:36:41.614+0800: 5.347: [ParNew: 77168K->8192K(78656K), 0.0118213 secs] 303103K->302735K(546448K), 0.0118947 secs] [Times: user=0.00 sys=0.00, real=0.01 secs] 
2024-07-27T21:36:41.626+0800: 5.359: Total time for which application threads were stopped: 0.0120046 seconds, Stopping threads took: 0.0000190 seconds
2024-07-27T21:36:41.738+0800: 5.471: Application time: 0.1119761 seconds
2024-07-27T21:36:41.738+0800: 5.471: [GC (Allocation Failure) 2024-07-27T21:36:41.738+0800: 5.471: [ParNew: 77168K->8192K(78656K), 0.0041844 secs] 371712K->314000K(546448K), 0.0042560 secs] [Times: user=0.03 sys=0.00, real=0.00 secs] 
2024-07-27T21:36:41.742+0800: 5.475: Total time for which application threads were stopped: 0.0043799 seconds, Stopping threads took: 0.0000325 seconds
2024-07-27T21:36:41.742+0800: 5.475: [CMS-concurrent-abortable-preclean: 0.005/0.233 secs] [Times: user=0.06 sys=0.00, real=0.23 secs] 
2024-07-27T21:36:41.743+0800: 5.476: Application time: 0.0003207 seconds
2024-07-27T21:36:41.743+0800: 5.476: [GC (CMS Final Remark) [YG occupancy: 12655 K (78656 K)]2024-07-27T21:36:41.743+0800: 5.476: [Rescan (parallel) , 0.0008450 secs]2024-07-27T21:36:41.744+0800: 5.477: [weak refs processing, 0.0000141 secs]2024-07-27T21:36:41.744+0800: 5.477: [class unloading, 0.0001843 secs]2024-07-27T21:36:41.744+0800: 5.477: [scrub symbol table, 0.0003435 secs]2024-07-27T21:36:41.744+0800: 5.477: [scrub string table, 0.0001007 secs][1 CMS-remark: 305808K(467792K)] 318463K(546448K), 0.0015521 secs] [Times: user=0.00 sys=0.00, real=0.00 secs] 
2024-07-27T21:36:41.744+0800: 5.477: Total time for which application threads were stopped: 0.0017098 seconds, Stopping threads took: 0.0001221 seconds
2024-07-27T21:36:41.745+0800: 5.477: [CMS-concurrent-sweep-start]
2024-07-27T21:36:41.746+0800: 5.479: [CMS-concurrent-sweep: 0.001/0.001 secs] [Times: user=0.00 sys=0.00, real=0.00 secs] 
2024-07-27T21:36:41.746+0800: 5.479: [CMS-concurrent-reset-start]
2024-07-27T21:36:41.747+0800: 5.480: [CMS-concurrent-reset: 0.001/0.001 secs] [Times: user=0.00 sys=0.00, real=0.00 secs] 
2024-07-27T21:36:41.749+0800: 5.482: Application time: 0.0049101 seconds
2024-07-27T21:36:41.749+0800: 5.482: [GC (Allocation Failure) 2024-07-27T21:36:41.749+0800: 5.482: [ParNew: 77168K->8192K(78656K), 0.0119538 secs] 236542K->236174K(546448K), 0.0120051 secs] [Times: user=0.03 sys=0.00, real=0.01 secs] 
2024-07-27T21:36:41.761+0800: 5.494: Total time for which application threads were stopped: 0.0120978 seconds, Stopping threads took: 0.0000125 seconds
2024-07-27T21:36:41.762+0800: 5.494: Application time: 0.0001795 seconds
2024-07-27T21:36:41.762+0800: 5.495: [GC (CMS Initial Mark) [1 CMS-initial-mark: 227982K(467792K)] 239614K(546448K), 0.0007302 secs] [Times: user=0.00 sys=0.00, real=0.00 secs] 
2024-07-27T21:36:41.762+0800: 5.495: Total time for which application threads were stopped: 0.0009141 seconds, Stopping threads took: 0.0001399 seconds
2024-07-27T21:36:41.763+0800: 5.495: [CMS-concurrent-mark-start]
2024-07-27T21:36:41.764+0800: 5.497: [CMS-concurrent-mark: 0.002/0.002 secs] [Times: user=0.00 sys=0.00, real=0.00 secs] 
2024-07-27T21:36:41.764+0800: 5.497: [CMS-concurrent-preclean-start]
2024-07-27T21:36:41.765+0800: 5.498: [CMS-concurrent-preclean: 0.001/0.001 secs] [Times: user=0.00 sys=0.00, real=0.00 secs] 
2024-07-27T21:36:41.765+0800: 5.498: [CMS-concurrent-abortable-preclean-start]
2024-07-27T21:36:41.880+0800: 5.613: Application time: 0.1179944 seconds
2024-07-27T21:36:41.880+0800: 5.613: [GC (Allocation Failure) 2024-07-27T21:36:41.880+0800: 5.613: [ParNew: 77168K->8192K(78656K), 0.0121247 secs] 305151K->304784K(546448K), 0.0121824 secs] [Times: user=0.00 sys=0.00, real=0.01 secs] 
2024-07-27T21:36:41.892+0800: 5.626: Total time for which application threads were stopped: 0.0123003 seconds, Stopping threads took: 0.0000181 seconds
2024-07-27T21:36:42.003+0800: 5.737: Application time: 0.1113041 seconds
2024-07-27T21:36:42.004+0800: 5.737: [GC (Allocation Failure) 2024-07-27T21:36:42.004+0800: 5.737: [ParNew: 77168K->8192K(78656K), 0.0039821 secs] 373760K->317072K(546448K), 0.0040383 secs] [Times: user=0.03 sys=0.00, real=0.00 secs] 
2024-07-27T21:36:42.008+0800: 5.741: Total time for which application threads were stopped: 0.0041486 seconds, Stopping threads took: 0.0000196 seconds
2024-07-27T21:36:42.008+0800: 5.741: [CMS-concurrent-abortable-preclean: 0.005/0.243 secs] [Times: user=0.06 sys=0.00, real=0.24 secs] 
2024-07-27T21:36:42.008+0800: 5.741: Application time: 0.0003615 seconds
2024-07-27T21:36:42.008+0800: 5.742: [GC (CMS Final Remark) [YG occupancy: 14703 K (78656 K)]2024-07-27T21:36:42.008+0800: 5.742: [Rescan (parallel) , 0.0008928 secs]2024-07-27T21:36:42.009+0800: 5.743: [weak refs processing, 0.0000130 secs]2024-07-27T21:36:42.009+0800: 5.743: [class unloading, 0.0001773 secs]2024-07-27T21:36:42.009+0800: 5.743: [scrub symbol table, 0.0003537 secs]2024-07-27T21:36:42.010+0800: 5.743: [scrub string table, 0.0001137 secs][1 CMS-remark: 308880K(467792K)] 323583K(546448K), 0.0016133 secs] [Times: user=0.00 sys=0.00, real=0.00 secs] 
2024-07-27T21:36:42.010+0800: 5.743: Total time for which application threads were stopped: 0.0017252 seconds, Stopping threads took: 0.0000770 seconds
2024-07-27T21:36:42.010+0800: 5.743: [CMS-concurrent-sweep-start]
2024-07-27T21:36:42.011+0800: 5.745: [CMS-concurrent-sweep: 0.001/0.001 secs] [Times: user=0.00 sys=0.00, real=0.00 secs] 
2024-07-27T21:36:42.011+0800: 5.745: [CMS-concurrent-reset-start]
2024-07-27T21:36:42.013+0800: 5.746: [CMS-concurrent-reset: 0.001/0.001 secs] [Times: user=0.00 sys=0.00, real=0.00 secs] 
2024-07-27T21:36:42.015+0800: 5.748: Application time: 0.0047731 seconds
2024-07-27T21:36:42.015+0800: 5.748: [GC (Allocation Failure) 2024-07-27T21:36:42.015+0800: 5.748: [ParNew: 77168K->8192K(78656K), 0.0121688 secs] 238590K->238223K(546448K), 0.0122125 secs] [Times: user=0.03 sys=0.00, real=0.01 secs] 
2024-07-27T21:36:42.027+0800: 5.760: Total time for which application threads were stopped: 0.0123061 seconds, Stopping threads took: 0.0000131 seconds
2024-07-27T21:36:42.028+0800: 5.760: Application time: 0.0001288 seconds
2024-07-27T21:36:42.028+0800: 5.761: [GC (CMS Initial Mark) [1 CMS-initial-mark: 230030K(467792K)] 241662K(546448K), 0.0008533 secs] [Times: user=0.00 sys=0.00, real=0.00 secs] 
2024-07-27T21:36:42.028+0800: 5.761: Total time for which application threads were stopped: 0.0010270 seconds, Stopping threads took: 0.0001304 seconds
2024-07-27T21:36:42.028+0800: 5.762: [CMS-concurrent-mark-start]
2024-07-27T21:36:42.030+0800: 5.763: [CMS-concurrent-mark: 0.001/0.001 secs] [Times: user=0.00 sys=0.00, real=0.00 secs] 
2024-07-27T21:36:42.030+0800: 5.763: [CMS-concurrent-preclean-start]
2024-07-27T21:36:42.030+0800: 5.764: [CMS-concurrent-preclean: 0.001/0.001 secs] [Times: user=0.00 sys=0.00, real=0.00 secs] 
2024-07-27T21:36:42.030+0800: 5.764: [CMS-concurrent-abortable-preclean-start]
2024-07-27T21:36:42.147+0800: 5.880: Application time: 0.1185740 seconds
2024-07-27T21:36:42.147+0800: 5.880: [GC (Allocation Failure) 2024-07-27T21:36:42.147+0800: 5.880: [ParNew: 77168K->8192K(78656K), 0.0118888 secs] 307199K->306832K(546448K), 0.0119599 secs] [Times: user=0.00 sys=0.00, real=0.01 secs] 
2024-07-27T21:36:42.159+0800: 5.892: Total time for which application threads were stopped: 0.0120686 seconds, Stopping threads took: 0.0000192 seconds
2024-07-27T21:36:42.270+0800: 6.003: Application time: 0.1107734 seconds
2024-07-27T21:36:42.270+0800: 6.003: [GC (Allocation Failure) 2024-07-27T21:36:42.270+0800: 6.003: [ParNew: 77168K->8192K(78656K), 0.0041448 secs] 375808K->320144K(546448K), 0.0042033 secs] [Times: user=0.00 sys=0.00, real=0.00 secs] 
2024-07-27T21:36:42.274+0800: 6.007: Total time for which application threads were stopped: 0.0043269 seconds, Stopping threads took: 0.0000210 seconds
2024-07-27T21:36:42.274+0800: 6.007: [CMS-concurrent-abortable-preclean: 0.005/0.244 secs] [Times: user=0.06 sys=0.00, real=0.24 secs] 
2024-07-27T21:36:42.275+0800: 6.008: Application time: 0.0003061 seconds
2024-07-27T21:36:42.275+0800: 6.008: [GC (CMS Final Remark) [YG occupancy: 12655 K (78656 K)]2024-07-27T21:36:42.275+0800: 6.008: [Rescan (parallel) , 0.0009552 secs]2024-07-27T21:36:42.275+0800: 6.009: [weak refs processing, 0.0000134 secs]2024-07-27T21:36:42.275+0800: 6.009: [class unloading, 0.0001670 secs]2024-07-27T21:36:42.275+0800: 6.009: [scrub symbol table, 0.0003240 secs]2024-07-27T21:36:42.276+0800: 6.009: [scrub string table, 0.0000911 secs][1 CMS-remark: 311952K(467792K)] 324607K(546448K), 0.0016143 secs] [Times: user=0.00 sys=0.00, real=0.00 secs] 
2024-07-27T21:36:42.276+0800: 6.009: Total time for which application threads were stopped: 0.0017805 seconds, Stopping threads took: 0.0001303 seconds
2024-07-27T21:36:42.276+0800: 6.010: [CMS-concurrent-sweep-start]
2024-07-27T21:36:42.278+0800: 6.011: [CMS-concurrent-sweep: 0.002/0.002 secs] [Times: user=0.00 sys=0.00, real=0.00 secs] 
2024-07-27T21:36:42.278+0800: 6.011: [CMS-concurrent-reset-start]
2024-07-27T21:36:42.279+0800: 6.013: [CMS-concurrent-reset: 0.001/0.001 secs] [Times: user=0.00 sys=0.00, real=0.00 secs] 
2024-07-27T21:36:42.281+0800: 6.014: Application time: 0.0051873 seconds
2024-07-27T21:36:42.281+0800: 6.015: [GC (Allocation Failure) 2024-07-27T21:36:42.281+0800: 6.015: [ParNew: 77168K->8192K(78656K), 0.0123408 secs] 240638K->240271K(546448K), 0.0123910 secs] [Times: user=0.03 sys=0.00, real=0.01 secs] 
2024-07-27T21:36:42.294+0800: 6.027: Total time for which application threads were stopped: 0.0124903 seconds, Stopping threads took: 0.0000160 seconds
2024-07-27T21:36:42.294+0800: 6.027: Application time: 0.0002386 seconds
2024-07-27T21:36:42.294+0800: 6.027: [GC (CMS Initial Mark) [1 CMS-initial-mark: 232078K(467792K)] 243710K(546448K), 0.0008352 secs] [Times: user=0.00 sys=0.00, real=0.00 secs] 
2024-07-27T21:36:42.295+0800: 6.028: Total time for which application threads were stopped: 0.0010321 seconds, Stopping threads took: 0.0001548 seconds
2024-07-27T21:36:42.295+0800: 6.028: [CMS-concurrent-mark-start]
2024-07-27T21:36:42.297+0800: 6.030: [CMS-concurrent-mark: 0.002/0.002 secs] [Times: user=0.00 sys=0.00, real=0.00 secs] 
2024-07-27T21:36:42.297+0800: 6.030: [CMS-concurrent-preclean-start]
2024-07-27T21:36:42.297+0800: 6.031: [CMS-concurrent-preclean: 0.001/0.001 secs] [Times: user=0.00 sys=0.00, real=0.00 secs] 
2024-07-27T21:36:42.297+0800: 6.031: [CMS-concurrent-abortable-preclean-start]
2024-07-27T21:36:42.415+0800: 6.148: Application time: 0.1193669 seconds
2024-07-27T21:36:42.415+0800: 6.148: [GC (Allocation Failure) 2024-07-27T21:36:42.415+0800: 6.148: [ParNew: 77168K->8192K(78656K), 0.0119456 secs] 309247K->308880K(546448K), 0.0120134 secs] [Times: user=0.00 sys=0.00, real=0.01 secs] 
2024-07-27T21:36:42.427+0800: 6.160: Total time for which application threads were stopped: 0.0121210 seconds, Stopping threads took: 0.0000186 seconds
2024-07-27T21:36:42.537+0800: 6.270: Application time: 0.1107428 seconds
2024-07-27T21:36:42.537+0800: 6.271: [GC (Allocation Failure) 2024-07-27T21:36:42.537+0800: 6.271: [ParNew: 77168K->8192K(78656K), 0.0042467 secs] 377856K->323216K(546448K), 0.0043062 secs] [Times: user=0.00 sys=0.00, real=0.00 secs] 
2024-07-27T21:36:42.541+0800: 6.275: Total time for which application threads were stopped: 0.0044280 seconds, Stopping threads took: 0.0000191 seconds
2024-07-27T21:36:42.541+0800: 6.275: [CMS-concurrent-abortable-preclean: 0.005/0.244 secs] [Times: user=0.00 sys=0.00, real=0.24 secs] 
2024-07-27T21:36:42.542+0800: 6.275: Application time: 0.0003189 seconds
2024-07-27T21:36:42.542+0800: 6.275: [GC (CMS Final Remark) [YG occupancy: 12655 K (78656 K)]2024-07-27T21:36:42.542+0800: 6.275: [Rescan (parallel) , 0.0008450 secs]2024-07-27T21:36:42.543+0800: 6.276: [weak refs processing, 0.0000133 secs]2024-07-27T21:36:42.543+0800: 6.276: [class unloading, 0.0001883 secs]2024-07-27T21:36:42.543+0800: 6.277: [scrub symbol table, 0.0003169 secs]2024-07-27T21:36:42.543+0800: 6.277: [scrub string table, 0.0000915 secs][1 CMS-remark: 315024K(467792K)] 327679K(546448K), 0.0015286 secs] [Times: user=0.00 sys=0.00, real=0.00 secs] 
2024-07-27T21:36:42.543+0800: 6.277: Total time for which application threads were stopped: 0.0017208 seconds, Stopping threads took: 0.0001557 seconds
2024-07-27T21:36:42.543+0800: 6.277: [CMS-concurrent-sweep-start]
2024-07-27T21:36:42.545+0800: 6.279: [CMS-concurrent-sweep: 0.001/0.001 secs] [Times: user=0.00 sys=0.00, real=0.00 secs] 
2024-07-27T21:36:42.545+0800: 6.279: [CMS-concurrent-reset-start]
2024-07-27T21:36:42.547+0800: 6.280: [CMS-concurrent-reset: 0.002/0.002 secs] [Times: user=0.00 sys=0.00, real=0.00 secs] 
2024-07-27T21:36:42.548+0800: 6.282: Application time: 0.0047743 seconds
2024-07-27T21:36:42.548+0800: 6.282: [GC (Allocation Failure) 2024-07-27T21:36:42.548+0800: 6.282: [ParNew: 77168K->8192K(78656K), 0.0123418 secs] 242686K->242319K(546448K), 0.0123871 secs] [Times: user=0.03 sys=0.00, real=0.01 secs] 
2024-07-27T21:36:42.561+0800: 6.294: Total time for which application threads were stopped: 0.0124881 seconds, Stopping threads took: 0.0000123 seconds
2024-07-27T21:36:42.561+0800: 6.294: Application time: 0.0002377 seconds
2024-07-27T21:36:42.561+0800: 6.295: [GC (CMS Initial Mark) [1 CMS-initial-mark: 234126K(467792K)] 245758K(546448K), 0.0008673 secs] [Times: user=0.00 sys=0.00, real=0.00 secs] 
2024-07-27T21:36:42.562+0800: 6.295: Total time for which application threads were stopped: 0.0009699 seconds, Stopping threads took: 0.0000625 seconds
2024-07-27T21:36:42.562+0800: 6.296: [CMS-concurrent-mark-start]
2024-07-27T21:36:42.563+0800: 6.297: [CMS-concurrent-mark: 0.001/0.001 secs] [Times: user=0.00 sys=0.00, real=0.00 secs] 
2024-07-27T21:36:42.563+0800: 6.297: [CMS-concurrent-preclean-start]
2024-07-27T21:36:42.564+0800: 6.298: [CMS-concurrent-preclean: 0.001/0.001 secs] [Times: user=0.00 sys=0.00, real=0.00 secs] 
2024-07-27T21:36:42.564+0800: 6.298: [CMS-concurrent-abortable-preclean-start]
2024-07-27T21:36:42.694+0800: 6.427: Application time: 0.1316409 seconds
2024-07-27T21:36:42.694+0800: 6.427: [GC (Allocation Failure) 2024-07-27T21:36:42.694+0800: 6.427: [ParNew: 77168K->8192K(78656K), 0.0134518 secs] 311295K->310928K(546448K), 0.0135221 secs] [Times: user=0.00 sys=0.00, real=0.01 secs] 
2024-07-27T21:36:42.708+0800: 6.441: Total time for which application threads were stopped: 0.0136506 seconds, Stopping threads took: 0.0000223 seconds
2024-07-27T21:36:42.822+0800: 6.555: Application time: 0.1142564 seconds
2024-07-27T21:36:42.822+0800: 6.555: [GC (Allocation Failure) 2024-07-27T21:36:42.822+0800: 6.555: [ParNew: 77168K->8192K(78656K), 0.0045576 secs] 379904K->326288K(546448K), 0.0046162 secs] [Times: user=0.00 sys=0.00, real=0.00 secs] 
2024-07-27T21:36:42.827+0800: 6.560: Total time for which application threads were stopped: 0.0047215 seconds, Stopping threads took: 0.0000192 seconds
2024-07-27T21:36:42.827+0800: 6.560: [CMS-concurrent-abortable-preclean: 0.011/0.262 secs] [Times: user=0.00 sys=0.00, real=0.26 secs] 
2024-07-27T21:36:42.827+0800: 6.560: Application time: 0.0003035 seconds
2024-07-27T21:36:42.827+0800: 6.560: [GC (CMS Final Remark) [YG occupancy: 12655 K (78656 K)]2024-07-27T21:36:42.827+0800: 6.560: [Rescan (parallel) , 0.0007522 secs]2024-07-27T21:36:42.828+0800: 6.561: [weak refs processing, 0.0000129 secs]2024-07-27T21:36:42.828+0800: 6.561: [class unloading, 0.0001812 secs]2024-07-27T21:36:42.828+0800: 6.561: [scrub symbol table, 0.0003481 secs]2024-07-27T21:36:42.828+0800: 6.562: [scrub string table, 0.0001164 secs][1 CMS-remark: 318096K(467792K)] 330751K(546448K), 0.0014821 secs] [Times: user=0.00 sys=0.00, real=0.00 secs] 
2024-07-27T21:36:42.829+0800: 6.562: Total time for which application threads were stopped: 0.0016450 seconds, Stopping threads took: 0.0001265 seconds
2024-07-27T21:36:42.829+0800: 6.562: [CMS-concurrent-sweep-start]
2024-07-27T21:36:42.830+0800: 6.563: [CMS-concurrent-sweep: 0.002/0.002 secs] [Times: user=0.00 sys=0.00, real=0.00 secs] 
2024-07-27T21:36:42.830+0800: 6.564: [CMS-concurrent-reset-start]
2024-07-27T21:36:42.832+0800: 6.565: [CMS-concurrent-reset: 0.001/0.001 secs] [Times: user=0.00 sys=0.00, real=0.00 secs] 
2024-07-27T21:36:42.833+0800: 6.567: Application time: 0.0048848 seconds
2024-07-27T21:36:42.834+0800: 6.567: [GC (Allocation Failure) 2024-07-27T21:36:42.834+0800: 6.567: [ParNew: 77168K->8192K(78656K), 0.0122658 secs] 244734K->244367K(546448K), 0.0123136 secs] [Times: user=0.00 sys=0.00, real=0.01 secs] 
2024-07-27T21:36:42.846+0800: 6.579: Total time for which application threads were stopped: 0.0124116 seconds, Stopping threads took: 0.0000130 seconds
2024-07-27T21:36:42.846+0800: 6.579: Application time: 0.0002402 seconds
2024-07-27T21:36:42.846+0800: 6.579: [GC (CMS Initial Mark) [1 CMS-initial-mark: 236174K(467792K)] 247806K(546448K), 0.0007236 secs] [Times: user=0.00 sys=0.00, real=0.00 secs] 
2024-07-27T21:36:42.847+0800: 6.580: Total time for which application threads were stopped: 0.0009051 seconds, Stopping threads took: 0.0001402 seconds
2024-07-27T21:36:42.847+0800: 6.580: [CMS-concurrent-mark-start]
2024-07-27T21:36:42.848+0800: 6.581: [CMS-concurrent-mark: 0.001/0.001 secs] [Times: user=0.00 sys=0.00, real=0.00 secs] 
2024-07-27T21:36:42.848+0800: 6.582: [CMS-concurrent-preclean-start]
2024-07-27T21:36:42.849+0800: 6.582: [CMS-concurrent-preclean: 0.001/0.001 secs] [Times: user=0.02 sys=0.00, real=0.00 secs] 
2024-07-27T21:36:42.849+0800: 6.582: [CMS-concurrent-abortable-preclean-start]
2024-07-27T21:36:42.966+0800: 6.699: Application time: 0.1188464 seconds
2024-07-27T21:36:42.966+0800: 6.699: [GC (Allocation Failure) 2024-07-27T21:36:42.966+0800: 6.699: [ParNew: 77168K->8192K(78656K), 0.0123008 secs] 313343K->312976K(546448K), 0.0123596 secs] [Times: user=0.03 sys=0.00, real=0.01 secs] 
2024-07-27T21:36:42.979+0800: 6.711: Total time for which application threads were stopped: 0.0124822 seconds, Stopping threads took: 0.0000188 seconds
2024-07-27T21:36:43.089+0800: 6.823: Application time: 0.1110780 seconds
2024-07-27T21:36:43.089+0800: 6.823: [GC (Allocation Failure) 2024-07-27T21:36:43.090+0800: 6.823: [ParNew: 77168K->8192K(78656K), 0.0046288 secs] 381952K->329360K(546448K), 0.0046939 secs] [Times: user=0.00 sys=0.00, real=0.01 secs] 
2024-07-27T21:36:43.094+0800: 6.827: Total time for which application threads were stopped: 0.0048166 seconds, Stopping threads took: 0.0000348 seconds
2024-07-27T21:36:43.094+0800: 6.827: [CMS-concurrent-abortable-preclean: 0.006/0.245 secs] [Times: user=0.03 sys=0.00, real=0.25 secs] 
2024-07-27T21:36:43.094+0800: 6.828: Application time: 0.0003030 seconds
2024-07-27T21:36:43.094+0800: 6.828: [GC (CMS Final Remark) [YG occupancy: 13679 K (78656 K)]2024-07-27T21:36:43.094+0800: 6.828: [Rescan (parallel) , 0.0009051 secs]2024-07-27T21:36:43.095+0800: 6.829: [weak refs processing, 0.0000133 secs]2024-07-27T21:36:43.095+0800: 6.829: [class unloading, 0.0002103 secs]2024-07-27T21:36:43.095+0800: 6.829: [scrub symbol table, 0.0004118 secs]2024-07-27T21:36:43.096+0800: 6.829: [scrub string table, 0.0001010 secs][1 CMS-remark: 321168K(467792K)] 334848K(546448K), 0.0017071 secs] [Times: user=0.00 sys=0.00, real=0.00 secs] 
2024-07-27T21:36:43.096+0800: 6.829: Total time for which application threads were stopped: 0.0018222 seconds, Stopping threads took: 0.0000763 seconds
2024-07-27T21:36:43.097+0800: 6.830: [CMS-concurrent-sweep-start]
2024-07-27T21:36:43.098+0800: 6.831: [CMS-concurrent-sweep: 0.001/0.001 secs] [Times: user=0.03 sys=0.00, real=0.00 secs] 
2024-07-27T21:36:43.098+0800: 6.831: [CMS-concurrent-reset-start]
2024-07-27T21:36:43.099+0800: 6.833: [CMS-concurrent-reset: 0.001/0.001 secs] [Times: user=0.00 sys=0.00, real=0.00 secs] 
2024-07-27T21:36:43.101+0800: 6.834: Application time: 0.0047114 seconds
2024-07-27T21:36:43.101+0800: 6.834: [GC (Allocation Failure) 2024-07-27T21:36:43.101+0800: 6.834: [ParNew: 77168K->8192K(78656K), 0.0130626 secs] 246782K->246415K(546448K), 0.0131113 secs] [Times: user=0.00 sys=0.00, real=0.01 secs] 
2024-07-27T21:36:43.114+0800: 6.847: Total time for which application threads were stopped: 0.0132154 seconds, Stopping threads took: 0.0000144 seconds
2024-07-27T21:36:43.115+0800: 6.848: Application time: 0.0001890 seconds
2024-07-27T21:36:43.115+0800: 6.848: [GC (CMS Initial Mark) [1 CMS-initial-mark: 238223K(467792K)] 249854K(546448K), 0.0006642 secs] [Times: user=0.00 sys=0.00, real=0.00 secs] 
2024-07-27T21:36:43.115+0800: 6.848: Total time for which application threads were stopped: 0.0008130 seconds, Stopping threads took: 0.0000980 seconds
2024-07-27T21:36:43.116+0800: 6.849: [CMS-concurrent-mark-start]
2024-07-27T21:36:43.116+0800: 6.850: [CMS-concurrent-mark: 0.001/0.001 secs] [Times: user=0.00 sys=0.00, real=0.00 secs] 
2024-07-27T21:36:43.116+0800: 6.850: [CMS-concurrent-preclean-start]
2024-07-27T21:36:43.117+0800: 6.851: [CMS-concurrent-preclean: 0.001/0.001 secs] [Times: user=0.00 sys=0.00, real=0.00 secs] 
2024-07-27T21:36:43.117+0800: 6.851: [CMS-concurrent-abortable-preclean-start]
2024-07-27T21:36:43.234+0800: 6.967: Application time: 0.1188632 seconds
2024-07-27T21:36:43.234+0800: 6.967: [GC (Allocation Failure) 2024-07-27T21:36:43.235+0800: 6.967: [ParNew: 77168K->8192K(78656K), 0.0130621 secs] 315391K->315024K(546448K), 0.0131387 secs] [Times: user=0.03 sys=0.00, real=0.01 secs] 
2024-07-27T21:36:43.247+0800: 6.981: Total time for which application threads were stopped: 0.0132522 seconds, Stopping threads took: 0.0000224 seconds
2024-07-27T21:36:43.358+0800: 7.091: Application time: 0.1105858 seconds
2024-07-27T21:36:43.358+0800: 7.091: [GC (Allocation Failure) 2024-07-27T21:36:43.358+0800: 7.091: [ParNew: 77168K->8192K(78656K), 0.0049857 secs] 384000K->332432K(546448K), 0.0050454 secs] [Times: user=0.00 sys=0.00, real=0.00 secs] 
2024-07-27T21:36:43.363+0800: 7.096: Total time for which application threads were stopped: 0.0051553 seconds, Stopping threads took: 0.0000185 seconds
2024-07-27T21:36:43.364+0800: 7.096: [CMS-concurrent-abortable-preclean: 0.005/0.246 secs] [Times: user=0.03 sys=0.00, real=0.25 secs] 
2024-07-27T21:36:43.364+0800: 7.097: Application time: 0.0003817 seconds
2024-07-27T21:36:43.364+0800: 7.097: [GC (CMS Final Remark) [YG occupancy: 13679 K (78656 K)]2024-07-27T21:36:43.364+0800: 7.097: [Rescan (parallel) , 0.0009688 secs]2024-07-27T21:36:43.365+0800: 7.098: [weak refs processing, 0.0000129 secs]2024-07-27T21:36:43.365+0800: 7.098: [class unloading, 0.0001969 secs]2024-07-27T21:36:43.365+0800: 7.098: [scrub symbol table, 0.0003408 secs]2024-07-27T21:36:43.365+0800: 7.098: [scrub string table, 0.0001012 secs][1 CMS-remark: 324240K(467792K)] 337920K(546448K), 0.0016875 secs] [Times: user=0.00 sys=0.00, real=0.00 secs] 
2024-07-27T21:36:43.365+0800: 7.099: Total time for which application threads were stopped: 0.0018374 seconds, Stopping threads took: 0.0001117 seconds
2024-07-27T21:36:43.365+0800: 7.099: [CMS-concurrent-sweep-start]
2024-07-27T21:36:43.367+0800: 7.100: [CMS-concurrent-sweep: 0.001/0.001 secs] [Times: user=0.00 sys=0.00, real=0.00 secs] 
2024-07-27T21:36:43.367+0800: 7.100: [CMS-concurrent-reset-start]
2024-07-27T21:36:43.368+0800: 7.102: [CMS-concurrent-reset: 0.002/0.002 secs] [Times: user=0.00 sys=0.00, real=0.00 secs] 
2024-07-27T21:36:43.370+0800: 7.103: Application time: 0.0048491 seconds
2024-07-27T21:36:43.370+0800: 7.103: [GC (Allocation Failure) 2024-07-27T21:36:43.370+0800: 7.103: [ParNew: 77168K->8192K(78656K), 0.0122415 secs] 248830K->248463K(546448K), 0.0122898 secs] [Times: user=0.03 sys=0.00, real=0.01 secs] 
2024-07-27T21:36:43.383+0800: 7.116: Total time for which application threads were stopped: 0.0123916 seconds, Stopping threads took: 0.0000137 seconds
2024-07-27T21:36:43.383+0800: 7.116: Application time: 0.0002331 seconds
2024-07-27T21:36:43.383+0800: 7.116: [GC (CMS Initial Mark) [1 CMS-initial-mark: 240271K(467792K)] 251902K(546448K), 0.0007442 secs] [Times: user=0.00 sys=0.00, real=0.00 secs] 
2024-07-27T21:36:43.384+0800: 7.117: Total time for which application threads were stopped: 0.0009307 seconds, Stopping threads took: 0.0001441 seconds
2024-07-27T21:36:43.384+0800: 7.117: [CMS-concurrent-mark-start]
2024-07-27T21:36:43.385+0800: 7.118: [CMS-concurrent-mark: 0.001/0.001 secs] [Times: user=0.00 sys=0.00, real=0.00 secs] 
2024-07-27T21:36:43.385+0800: 7.118: [CMS-concurrent-preclean-start]
2024-07-27T21:36:43.386+0800: 7.119: [CMS-concurrent-preclean: 0.001/0.001 secs] [Times: user=0.00 sys=0.00, real=0.00 secs] 
2024-07-27T21:36:43.386+0800: 7.119: [CMS-concurrent-abortable-preclean-start]
2024-07-27T21:36:43.504+0800: 7.237: Application time: 0.1199497 seconds
2024-07-27T21:36:43.504+0800: 7.237: [GC (Allocation Failure) 2024-07-27T21:36:43.504+0800: 7.237: [ParNew: 77168K->8202K(78656K), 0.0126437 secs] 317439K->317082K(546448K), 0.0127081 secs] [Times: user=0.09 sys=0.02, real=0.01 secs] 
2024-07-27T21:36:43.517+0800: 7.250: Total time for which application threads were stopped: 0.0128469 seconds, Stopping threads took: 0.0000341 seconds
2024-07-27T21:36:43.628+0800: 7.361: Application time: 0.1115297 seconds
2024-07-27T21:36:43.628+0800: 7.361: [GC (Allocation Failure) 2024-07-27T21:36:43.628+0800: 7.361: [ParNew: 77178K->8192K(78656K), 0.0050427 secs] 386058K->335504K(546448K), 0.0051006 secs] [Times: user=0.05 sys=0.02, real=0.00 secs] 
2024-07-27T21:36:43.633+0800: 7.367: Total time for which application threads were stopped: 0.0052360 seconds, Stopping threads took: 0.0000333 seconds
2024-07-27T21:36:43.633+0800: 7.367: [CMS-concurrent-abortable-preclean: 0.005/0.248 secs] [Times: user=0.14 sys=0.05, real=0.25 secs] 
2024-07-27T21:36:43.633+0800: 7.367: Application time: 0.0003785 seconds
2024-07-27T21:36:43.633+0800: 7.367: [GC (CMS Final Remark) [YG occupancy: 14703 K (78656 K)]2024-07-27T21:36:43.633+0800: 7.367: [Rescan (parallel) , 0.0010023 secs]2024-07-27T21:36:43.634+0800: 7.368: [weak refs processing, 0.0000133 secs]2024-07-27T21:36:43.634+0800: 7.368: [class unloading, 0.0001846 secs]2024-07-27T21:36:43.635+0800: 7.368: [scrub symbol table, 0.0003141 secs]2024-07-27T21:36:43.635+0800: 7.369: [scrub string table, 0.0000911 secs][1 CMS-remark: 327312K(467792K)] 342016K(546448K), 0.0016685 secs] [Times: user=0.00 sys=0.00, real=0.00 secs] 
2024-07-27T21:36:43.635+0800: 7.369: Total time for which application threads were stopped: 0.0017917 seconds, Stopping threads took: 0.0000809 seconds
2024-07-27T21:36:43.635+0800: 7.369: [CMS-concurrent-sweep-start]
2024-07-27T21:36:43.637+0800: 7.370: [CMS-concurrent-sweep: 0.001/0.001 secs] [Times: user=0.00 sys=0.00, real=0.00 secs] 
2024-07-27T21:36:43.637+0800: 7.370: [CMS-concurrent-reset-start]
2024-07-27T21:36:43.638+0800: 7.372: [CMS-concurrent-reset: 0.001/0.001 secs] [Times: user=0.00 sys=0.00, real=0.00 secs] 
2024-07-27T21:36:43.640+0800: 7.373: Application time: 0.0046399 seconds
2024-07-27T21:36:43.640+0800: 7.373: [GC (Allocation Failure) 2024-07-27T21:36:43.640+0800: 7.373: [ParNew: 77168K->8192K(78656K), 0.0153605 secs] 250879K->250511K(546448K), 0.0154637 secs] [Times: user=0.03 sys=0.00, real=0.02 secs] 
2024-07-27T21:36:43.656+0800: 7.389: Total time for which application threads were stopped: 0.0156098 seconds, Stopping threads took: 0.0000145 seconds
2024-07-27T21:36:43.656+0800: 7.389: Application time: 0.0002282 seconds
2024-07-27T21:36:43.656+0800: 7.389: [GC (CMS Initial Mark) [1 CMS-initial-mark: 242319K(467792K)] 253951K(546448K), 0.0004775 secs] [Times: user=0.00 sys=0.00, real=0.00 secs] 
2024-07-27T21:36:43.657+0800: 7.390: Total time for which application threads were stopped: 0.0006037 seconds, Stopping threads took: 0.0000778 seconds
2024-07-27T21:36:43.657+0800: 7.390: [CMS-concurrent-mark-start]
2024-07-27T21:36:43.658+0800: 7.391: [CMS-concurrent-mark: 0.001/0.001 secs] [Times: user=0.00 sys=0.00, real=0.00 secs] 
2024-07-27T21:36:43.658+0800: 7.391: [CMS-concurrent-preclean-start]
2024-07-27T21:36:43.658+0800: 7.392: [CMS-concurrent-preclean: 0.001/0.001 secs] [Times: user=0.00 sys=0.00, real=0.00 secs] 
2024-07-27T21:36:43.658+0800: 7.392: [CMS-concurrent-abortable-preclean-start]
2024-07-27T21:36:43.771+0800: 7.504: Application time: 0.1142105 seconds
2024-07-27T21:36:43.771+0800: 7.504: [GC (Allocation Failure) 2024-07-27T21:36:43.771+0800: 7.504: [ParNew: 77168K->8192K(78656K), 0.0118059 secs] 319488K->319120K(546448K), 0.0118604 secs] [Times: user=0.00 sys=0.00, real=0.01 secs] 
2024-07-27T21:36:43.783+0800: 7.516: Total time for which application threads were stopped: 0.0119712 seconds, Stopping threads took: 0.0000193 seconds
2024-07-27T21:36:43.892+0800: 7.626: Application time: 0.1099225 seconds
2024-07-27T21:36:43.893+0800: 7.626: [GC (Allocation Failure) 2024-07-27T21:36:43.893+0800: 7.626: [ParNew: 77168K->8192K(78656K), 0.0048674 secs] 388097K->338577K(546448K), 0.0049436 secs] [Times: user=0.03 sys=0.00, real=0.00 secs] 
2024-07-27T21:36:43.897+0800: 7.631: Total time for which application threads were stopped: 0.0050546 seconds, Stopping threads took: 0.0000219 seconds
2024-07-27T21:36:43.897+0800: 7.631: [CMS-concurrent-abortable-preclean: 0.005/0.239 secs] [Times: user=0.06 sys=0.00, real=0.24 secs] 
2024-07-27T21:36:43.898+0800: 7.631: Application time: 0.0003175 seconds
2024-07-27T21:36:43.898+0800: 7.631: [GC (CMS Final Remark) [YG occupancy: 12655 K (78656 K)]2024-07-27T21:36:43.898+0800: 7.631: [Rescan (parallel) , 0.0008263 secs]2024-07-27T21:36:43.899+0800: 7.632: [weak refs processing, 0.0000149 secs]2024-07-27T21:36:43.899+0800: 7.632: [class unloading, 0.0001895 secs]2024-07-27T21:36:43.899+0800: 7.632: [scrub symbol table, 0.0003485 secs]2024-07-27T21:36:43.899+0800: 7.633: [scrub string table, 0.0001012 secs][1 CMS-remark: 330384K(467792K)] 343040K(546448K), 0.0015450 secs] [Times: user=0.00 sys=0.00, real=0.00 secs] 
2024-07-27T21:36:43.899+0800: 7.633: Total time for which application threads were stopped: 0.0016532 seconds, Stopping threads took: 0.0000715 seconds
2024-07-27T21:36:43.899+0800: 7.633: [CMS-concurrent-sweep-start]
2024-07-27T21:36:43.901+0800: 7.634: [CMS-concurrent-sweep: 0.001/0.001 secs] [Times: user=0.00 sys=0.00, real=0.00 secs] 
2024-07-27T21:36:43.901+0800: 7.634: [CMS-concurrent-reset-start]
2024-07-27T21:36:43.903+0800: 7.636: [CMS-concurrent-reset: 0.001/0.001 secs] [Times: user=0.00 sys=0.00, real=0.00 secs] 
2024-07-27T21:36:43.904+0800: 7.638: Application time: 0.0047380 seconds
2024-07-27T21:36:43.904+0800: 7.638: [GC (Allocation Failure) 2024-07-27T21:36:43.904+0800: 7.638: [ParNew: 77168K->8192K(78656K), 0.0120647 secs] 252927K->252559K(546448K), 0.0121138 secs] [Times: user=0.03 sys=0.00, real=0.01 secs] 
2024-07-27T21:36:43.916+0800: 7.650: Total time for which application threads were stopped: 0.0122070 seconds, Stopping threads took: 0.0000120 seconds
2024-07-27T21:36:43.916+0800: 7.650: Application time: 0.0001343 seconds
2024-07-27T21:36:43.916+0800: 7.650: [GC (CMS Initial Mark) [1 CMS-initial-mark: 244367K(467792K)] 253583K(546448K), 0.0004832 secs] [Times: user=0.00 sys=0.00, real=0.00 secs] 
2024-07-27T21:36:43.917+0800: 7.651: Total time for which application threads were stopped: 0.0006208 seconds, Stopping threads took: 0.0000947 seconds
2024-07-27T21:36:43.917+0800: 7.651: [CMS-concurrent-mark-start]
2024-07-27T21:36:43.918+0800: 7.652: [CMS-concurrent-mark: 0.001/0.001 secs] [Times: user=0.00 sys=0.00, real=0.00 secs] 
2024-07-27T21:36:43.919+0800: 7.652: [CMS-concurrent-preclean-start]
2024-07-27T21:36:43.919+0800: 7.653: [CMS-concurrent-preclean: 0.001/0.001 secs] [Times: user=0.00 sys=0.00, real=0.00 secs] 
2024-07-27T21:36:43.919+0800: 7.653: [CMS-concurrent-abortable-preclean-start]
2024-07-27T21:36:44.038+0800: 7.771: Application time: 0.1206304 seconds
2024-07-27T21:36:44.038+0800: 7.771: [GC (Allocation Failure) 2024-07-27T21:36:44.038+0800: 7.771: [ParNew: 77168K->8192K(78656K), 0.0122036 secs] 321536K->321168K(546448K), 0.0122598 secs] [Times: user=0.00 sys=0.00, real=0.01 secs] 
2024-07-27T21:36:44.050+0800: 7.784: Total time for which application threads were stopped: 0.0123668 seconds, Stopping threads took: 0.0000190 seconds
2024-07-27T21:36:44.161+0800: 7.894: Application time: 0.1106850 seconds
2024-07-27T21:36:44.161+0800: 7.894: [GC (Allocation Failure) 2024-07-27T21:36:44.161+0800: 7.894: [ParNew: 77168K->8192K(78656K), 0.0053440 secs] 390145K->341649K(546448K), 0.0054122 secs] [Times: user=0.00 sys=0.00, real=0.01 secs] 
2024-07-27T21:36:44.167+0800: 7.900: Total time for which application threads were stopped: 0.0055188 seconds, Stopping threads took: 0.0000186 seconds
2024-07-27T21:36:44.167+0800: 7.900: [CMS-concurrent-abortable-preclean: 0.006/0.247 secs] [Times: user=0.08 sys=0.00, real=0.25 secs] 
2024-07-27T21:36:44.167+0800: 7.900: Application time: 0.0003241 seconds
2024-07-27T21:36:44.167+0800: 7.900: [GC (CMS Final Remark) [YG occupancy: 12655 K (78656 K)]2024-07-27T21:36:44.167+0800: 7.900: [Rescan (parallel) , 0.0008488 secs]2024-07-27T21:36:44.168+0800: 7.901: [weak refs processing, 0.0000136 secs]2024-07-27T21:36:44.168+0800: 7.901: [class unloading, 0.0002016 secs]2024-07-27T21:36:44.168+0800: 7.901: [scrub symbol table, 0.0003526 secs]2024-07-27T21:36:44.169+0800: 7.902: [scrub string table, 0.0000933 secs][1 CMS-remark: 333456K(467792K)] 346112K(546448K), 0.0015859 secs] [Times: user=0.00 sys=0.00, real=0.00 secs] 
2024-07-27T21:36:44.169+0800: 7.902: Total time for which application threads were stopped: 0.0017775 seconds, Stopping threads took: 0.0001493 seconds
2024-07-27T21:36:44.169+0800: 7.902: [CMS-concurrent-sweep-start]
2024-07-27T21:36:44.170+0800: 7.903: [CMS-concurrent-sweep: 0.001/0.001 secs] [Times: user=0.00 sys=0.00, real=0.00 secs] 
2024-07-27T21:36:44.171+0800: 7.904: [CMS-concurrent-reset-start]
2024-07-27T21:36:44.172+0800: 7.905: [CMS-concurrent-reset: 0.001/0.001 secs] [Times: user=0.00 sys=0.00, real=0.00 secs] 
2024-07-27T21:36:44.174+0800: 7.907: Application time: 0.0051256 seconds
2024-07-27T21:36:44.174+0800: 7.907: [GC (Allocation Failure) 2024-07-27T21:36:44.174+0800: 7.907: [ParNew: 77168K->8192K(78656K), 0.0128386 secs] 254975K->254607K(546448K), 0.0128879 secs] [Times: user=0.03 sys=0.00, real=0.01 secs] 
2024-07-27T21:36:44.187+0800: 7.920: Total time for which application threads were stopped: 0.0129895 seconds, Stopping threads took: 0.0000171 seconds
2024-07-27T21:36:44.187+0800: 7.920: Application time: 0.0002237 seconds
2024-07-27T21:36:44.187+0800: 7.920: [GC (CMS Initial Mark) [1 CMS-initial-mark: 246415K(467792K)] 258047K(546448K), 0.0007418 secs] [Times: user=0.00 sys=0.00, real=0.00 secs] 
2024-07-27T21:36:44.188+0800: 7.921: Total time for which application threads were stopped: 0.0008605 seconds, Stopping threads took: 0.0000749 seconds
2024-07-27T21:36:44.188+0800: 7.921: [CMS-concurrent-mark-start]
2024-07-27T21:36:44.189+0800: 7.922: [CMS-concurrent-mark: 0.001/0.001 secs] [Times: user=0.00 sys=0.00, real=0.00 secs] 
2024-07-27T21:36:44.189+0800: 7.922: [CMS-concurrent-preclean-start]
2024-07-27T21:36:44.190+0800: 7.923: [CMS-concurrent-preclean: 0.001/0.001 secs] [Times: user=0.00 sys=0.00, real=0.00 secs] 
2024-07-27T21:36:44.190+0800: 7.923: [CMS-concurrent-abortable-preclean-start]
2024-07-27T21:36:44.305+0800: 8.038: Application time: 0.1170653 seconds
2024-07-27T21:36:44.305+0800: 8.038: [GC (Allocation Failure) 2024-07-27T21:36:44.305+0800: 8.038: [ParNew: 77168K->8192K(78656K), 0.0124448 secs] 323584K->323216K(546448K), 0.0125185 secs] [Times: user=0.00 sys=0.01, real=0.01 secs] 
2024-07-27T21:36:44.318+0800: 8.051: Total time for which application threads were stopped: 0.0126260 seconds, Stopping threads took: 0.0000180 seconds
2024-07-27T21:36:44.426+0800: 8.160: Application time: 0.1087109 seconds
2024-07-27T21:36:44.426+0800: 8.160: [GC (Allocation Failure) 2024-07-27T21:36:44.426+0800: 8.160: [ParNew: 77168K->8192K(78656K), 0.0055762 secs] 392193K->344721K(546448K), 0.0056347 secs] [Times: user=0.00 sys=0.00, real=0.01 secs] 
2024-07-27T21:36:44.432+0800: 8.165: Total time for which application threads were stopped: 0.0057436 seconds, Stopping threads took: 0.0000188 seconds
2024-07-27T21:36:44.432+0800: 8.165: [CMS-concurrent-abortable-preclean: 0.005/0.242 secs] [Times: user=0.05 sys=0.01, real=0.24 secs] 
2024-07-27T21:36:44.432+0800: 8.166: Application time: 0.0003326 seconds
2024-07-27T21:36:44.432+0800: 8.166: [GC (CMS Final Remark) [YG occupancy: 13679 K (78656 K)]2024-07-27T21:36:44.432+0800: 8.166: [Rescan (parallel) , 0.0006445 secs]2024-07-27T21:36:44.434+0800: 8.166: [weak refs processing, 0.0000156 secs]2024-07-27T21:36:44.434+0800: 8.166: [class unloading, 0.0001805 secs]2024-07-27T21:36:44.434+0800: 8.167: [scrub symbol table, 0.0003445 secs]2024-07-27T21:36:44.434+0800: 8.167: [scrub string table, 0.0001053 secs][1 CMS-remark: 336528K(467792K)] 350208K(546448K), 0.0013537 secs] [Times: user=0.00 sys=0.00, real=0.00 secs] 
2024-07-27T21:36:44.434+0800: 8.167: Total time for which application threads were stopped: 0.0014706 seconds, Stopping threads took: 0.0000813 seconds
2024-07-27T21:36:44.434+0800: 8.167: [CMS-concurrent-sweep-start]
2024-07-27T21:36:44.435+0800: 8.169: [CMS-concurrent-sweep: 0.001/0.001 secs] [Times: user=0.00 sys=0.00, real=0.00 secs] 
2024-07-27T21:36:44.435+0800: 8.169: [CMS-concurrent-reset-start]
2024-07-27T21:36:44.437+0800: 8.170: [CMS-concurrent-reset: 0.001/0.001 secs] [Times: user=0.00 sys=0.00, real=0.00 secs] 
2024-07-27T21:36:44.438+0800: 8.172: Application time: 0.0047695 seconds
2024-07-27T21:36:44.438+0800: 8.172: [GC (Allocation Failure) 2024-07-27T21:36:44.438+0800: 8.172: [ParNew: 77168K->8192K(78656K), 0.0118474 secs] 257023K->256655K(546448K), 0.0119077 secs] [Times: user=0.03 sys=0.00, real=0.01 secs] 
2024-07-27T21:36:44.450+0800: 8.184: Total time for which application threads were stopped: 0.0120023 seconds, Stopping threads took: 0.0000130 seconds
2024-07-27T21:36:44.451+0800: 8.184: Application time: 0.0001209 seconds
2024-07-27T21:36:44.451+0800: 8.184: [GC (CMS Initial Mark) [1 CMS-initial-mark: 248463K(467792K)] 260095K(546448K), 0.0008565 secs] [Times: user=0.00 sys=0.00, real=0.00 secs] 
2024-07-27T21:36:44.452+0800: 8.185: Total time for which application threads were stopped: 0.0010018 seconds, Stopping threads took: 0.0001031 seconds
2024-07-27T21:36:44.452+0800: 8.185: [CMS-concurrent-mark-start]
2024-07-27T21:36:44.453+0800: 8.186: [CMS-concurrent-mark: 0.001/0.001 secs] [Times: user=0.00 sys=0.00, real=0.00 secs] 
2024-07-27T21:36:44.453+0800: 8.186: [CMS-concurrent-preclean-start]
2024-07-27T21:36:44.453+0800: 8.187: [CMS-concurrent-preclean: 0.001/0.001 secs] [Times: user=0.00 sys=0.00, real=0.00 secs] 
2024-07-27T21:36:44.453+0800: 8.187: [CMS-concurrent-abortable-preclean-start]
2024-07-27T21:36:44.571+0800: 8.304: Application time: 0.1189731 seconds
2024-07-27T21:36:44.571+0800: 8.304: [GC (Allocation Failure) 2024-07-27T21:36:44.571+0800: 8.304: [ParNew: 77168K->8192K(78656K), 0.0125741 secs] 325632K->325264K(546448K), 0.0126316 secs] [Times: user=0.03 sys=0.00, real=0.01 secs] 
2024-07-27T21:36:44.583+0800: 8.317: Total time for which application threads were stopped: 0.0127575 seconds, Stopping threads took: 0.0000196 seconds
2024-07-27T21:36:44.693+0800: 8.427: Application time: 0.1097740 seconds
2024-07-27T21:36:44.693+0800: 8.427: [GC (Allocation Failure) 2024-07-27T21:36:44.693+0800: 8.427: [ParNew: 77168K->8192K(78656K), 0.0058953 secs] 394241K->347793K(546448K), 0.0059598 secs] [Times: user=0.00 sys=0.00, real=0.01 secs] 
2024-07-27T21:36:44.700+0800: 8.433: Total time for which application threads were stopped: 0.0060682 seconds, Stopping threads took: 0.0000194 seconds
2024-07-27T21:36:44.700+0800: 8.433: [CMS-concurrent-abortable-preclean: 0.005/0.246 secs] [Times: user=0.09 sys=0.00, real=0.25 secs] 
2024-07-27T21:36:44.700+0800: 8.433: Application time: 0.0002784 seconds
2024-07-27T21:36:44.700+0800: 8.433: [GC (CMS Final Remark) [YG occupancy: 12655 K (78656 K)]2024-07-27T21:36:44.700+0800: 8.433: [Rescan (parallel) , 0.0008153 secs]2024-07-27T21:36:44.700+0800: 8.434: [weak refs processing, 0.0000117 secs]2024-07-27T21:36:44.700+0800: 8.434: [class unloading, 0.0001679 secs]2024-07-27T21:36:44.700+0800: 8.434: [scrub symbol table, 0.0003202 secs]2024-07-27T21:36:44.701+0800: 8.434: [scrub string table, 0.0001039 secs][1 CMS-remark: 339601K(467792K)] 352256K(546448K), 0.0014807 secs] [Times: user=0.00 sys=0.00, real=0.00 secs] 
2024-07-27T21:36:44.701+0800: 8.435: Total time for which application threads were stopped: 0.0016448 seconds, Stopping threads took: 0.0001167 seconds
2024-07-27T21:36:44.702+0800: 8.435: [CMS-concurrent-sweep-start]
2024-07-27T21:36:44.703+0800: 8.436: [CMS-concurrent-sweep: 0.001/0.001 secs] [Times: user=0.00 sys=0.00, real=0.00 secs] 
2024-07-27T21:36:44.703+0800: 8.436: [CMS-concurrent-reset-start]
2024-07-27T21:36:44.704+0800: 8.437: [CMS-concurrent-reset: 0.001/0.001 secs] [Times: user=0.00 sys=0.00, real=0.00 secs] 
2024-07-27T21:36:44.706+0800: 8.440: Application time: 0.0050508 seconds
2024-07-27T21:36:44.707+0800: 8.440: [GC (Allocation Failure) 2024-07-27T21:36:44.707+0800: 8.440: [ParNew: 77168K->8192K(78656K), 0.0128202 secs] 259071K->258703K(546448K), 0.0128875 secs] [Times: user=0.03 sys=0.00, real=0.01 secs] 
2024-07-27T21:36:44.719+0800: 8.453: Total time for which application threads were stopped: 0.0130117 seconds, Stopping threads took: 0.0000194 seconds
2024-07-27T21:36:44.720+0800: 8.453: Application time: 0.0002187 seconds
2024-07-27T21:36:44.720+0800: 8.453: [GC (CMS Initial Mark) [1 CMS-initial-mark: 250511K(467792K)] 262143K(546448K), 0.0007108 secs] [Times: user=0.00 sys=0.00, real=0.00 secs] 
2024-07-27T21:36:44.721+0800: 8.454: Total time for which application threads were stopped: 0.0008366 seconds, Stopping threads took: 0.0000790 seconds
2024-07-27T21:36:44.721+0800: 8.454: [CMS-concurrent-mark-start]
2024-07-27T21:36:44.722+0800: 8.455: [CMS-concurrent-mark: 0.001/0.001 secs] [Times: user=0.00 sys=0.00, real=0.00 secs] 
2024-07-27T21:36:44.722+0800: 8.455: [CMS-concurrent-preclean-start]
2024-07-27T21:36:44.722+0800: 8.455: [CMS-concurrent-preclean: 0.001/0.001 secs] [Times: user=0.00 sys=0.00, real=0.00 secs] 
2024-07-27T21:36:44.722+0800: 8.455: [CMS-concurrent-abortable-preclean-start]
2024-07-27T21:36:44.839+0800: 8.572: Application time: 0.1183957 seconds
2024-07-27T21:36:44.839+0800: 8.572: [GC (Allocation Failure) 2024-07-27T21:36:44.839+0800: 8.572: [ParNew: 77168K->8192K(78656K), 0.0130876 secs] 327680K->327312K(546448K), 0.0131481 secs] [Times: user=0.03 sys=0.00, real=0.01 secs] 
2024-07-27T21:36:44.852+0800: 8.585: Total time for which application threads were stopped: 0.0132595 seconds, Stopping threads took: 0.0000186 seconds
2024-07-27T21:36:44.963+0800: 8.697: Application time: 0.1112470 seconds
2024-07-27T21:36:44.964+0800: 8.697: [GC (Allocation Failure) 2024-07-27T21:36:44.964+0800: 8.697: [ParNew: 77543K->8196K(78656K), 0.0058751 secs] 396664K->349845K(546448K), 0.0059484 secs] [Times: user=0.00 sys=0.00, real=0.01 secs] 
2024-07-27T21:36:44.970+0800: 8.703: Total time for which application threads were stopped: 0.0060888 seconds, Stopping threads took: 0.0000344 seconds
2024-07-27T21:36:44.970+0800: 8.703: [CMS-concurrent-abortable-preclean: 0.006/0.247 secs] [Times: user=0.03 sys=0.00, real=0.25 secs] 
2024-07-27T21:36:44.970+0800: 8.703: Application time: 0.0003599 seconds
2024-07-27T21:36:44.970+0800: 8.703: [GC (CMS Final Remark) [YG occupancy: 13673 K (78656 K)]2024-07-27T21:36:44.970+0800: 8.703: [Rescan (parallel) , 0.0008367 secs]2024-07-27T21:36:44.971+0800: 8.704: [weak refs processing, 0.0000269 secs]2024-07-27T21:36:44.971+0800: 8.704: [class unloading, 0.0002129 secs]2024-07-27T21:36:44.971+0800: 8.704: [scrub symbol table, 0.0003004 secs]2024-07-27T21:36:44.971+0800: 8.705: [scrub string table, 0.0001047 secs][1 CMS-remark: 341649K(467792K)] 355323K(546448K), 0.0015577 secs] [Times: user=0.00 sys=0.00, real=0.00 secs] 
2024-07-27T21:36:44.971+0800: 8.705: Total time for which application threads were stopped: 0.0016679 seconds, Stopping threads took: 0.0000722 seconds
2024-07-27T21:36:44.972+0800: 8.705: [CMS-concurrent-sweep-start]
2024-07-27T21:36:44.973+0800: 8.706: [CMS-concurrent-sweep: 0.001/0.001 secs] [Times: user=0.03 sys=0.00, real=0.00 secs] 
2024-07-27T21:36:44.973+0800: 8.707: [CMS-concurrent-reset-start]
2024-07-27T21:36:44.974+0800: 8.708: [CMS-concurrent-reset: 0.001/0.001 secs] [Times: user=0.00 sys=0.00, real=0.00 secs] 
2024-07-27T21:36:44.976+0800: 8.710: Application time: 0.0049482 seconds
2024-07-27T21:36:44.976+0800: 8.710: [GC (Allocation Failure) 2024-07-27T21:36:44.976+0800: 8.710: [ParNew: 77162K->8192K(78656K), 0.0129418 secs] 260089K->259727K(546448K), 0.0130046 secs] [Times: user=0.00 sys=0.03, real=0.01 secs] 
2024-07-27T21:36:44.989+0800: 8.723: Total time for which application threads were stopped: 0.0131045 seconds, Stopping threads took: 0.0000143 seconds
2024-07-27T21:36:44.990+0800: 8.723: Application time: 0.0002588 seconds
2024-07-27T21:36:44.990+0800: 8.723: [GC (CMS Initial Mark) [1 CMS-initial-mark: 251535K(467792K)] 263161K(546448K), 0.0007476 secs] [Times: user=0.00 sys=0.00, real=0.00 secs] 
2024-07-27T21:36:44.991+0800: 8.724: Total time for which application threads were stopped: 0.0008818 seconds, Stopping threads took: 0.0000893 seconds
2024-07-27T21:36:44.991+0800: 8.724: [CMS-concurrent-mark-start]
2024-07-27T21:36:44.992+0800: 8.725: [CMS-concurrent-mark: 0.001/0.001 secs] [Times: user=0.00 sys=0.00, real=0.00 secs] 
2024-07-27T21:36:44.992+0800: 8.725: [CMS-concurrent-preclean-start]
2024-07-27T21:36:44.993+0800: 8.726: [CMS-concurrent-preclean: 0.001/0.001 secs] [Times: user=0.00 sys=0.00, real=0.00 secs] 
2024-07-27T21:36:44.993+0800: 8.726: [CMS-concurrent-abortable-preclean-start]
2024-07-27T21:36:45.106+0800: 8.839: Application time: 0.1151146 seconds
2024-07-27T21:36:45.106+0800: 8.839: [GC (Allocation Failure) 2024-07-27T21:36:45.106+0800: 8.839: [ParNew: 77162K->8192K(78656K), 0.0122103 secs] 328698K->328336K(546448K), 0.0122671 secs] [Times: user=0.03 sys=0.00, real=0.01 secs] 
2024-07-27T21:36:45.118+0800: 8.851: Total time for which application threads were stopped: 0.0123756 seconds, Stopping threads took: 0.0000178 seconds
2024-07-27T21:36:45.229+0800: 8.962: Application time: 0.1109459 seconds
2024-07-27T21:36:45.229+0800: 8.962: [GC (Allocation Failure) 2024-07-27T21:36:45.229+0800: 8.962: [ParNew: 77164K->8192K(78656K), 0.0055015 secs] 397309K->351889K(546448K), 0.0055802 secs] [Times: user=0.00 sys=0.00, real=0.01 secs] 
2024-07-27T21:36:45.235+0800: 8.968: Total time for which application threads were stopped: 0.0056926 seconds, Stopping threads took: 0.0000187 seconds
2024-07-27T21:36:45.235+0800: 8.968: [CMS-concurrent-abortable-preclean: 0.005/0.242 secs] [Times: user=0.03 sys=0.00, real=0.24 secs] 
2024-07-27T21:36:45.235+0800: 8.968: Application time: 0.0003316 seconds
2024-07-27T21:36:45.235+0800: 8.969: [GC (CMS Final Remark) [YG occupancy: 12653 K (78656 K)]2024-07-27T21:36:45.235+0800: 8.969: [Rescan (parallel) , 0.0006798 secs]2024-07-27T21:36:45.236+0800: 8.969: [weak refs processing, 0.0000129 secs]2024-07-27T21:36:45.236+0800: 8.969: [class unloading, 0.0001992 secs]2024-07-27T21:36:45.236+0800: 8.969: [scrub symbol table, 0.0003495 secs]2024-07-27T21:36:45.237+0800: 8.970: [scrub string table, 0.0001023 secs][1 CMS-remark: 343697K(467792K)] 356350K(546448K), 0.0014109 secs] [Times: user=0.00 sys=0.00, real=0.00 secs] 
2024-07-27T21:36:45.237+0800: 8.970: Total time for which application threads were stopped: 0.0015581 seconds, Stopping threads took: 0.0001111 seconds
2024-07-27T21:36:45.237+0800: 8.970: [CMS-concurrent-sweep-start]
2024-07-27T21:36:45.238+0800: 8.972: [CMS-concurrent-sweep: 0.001/0.001 secs] [Times: user=0.00 sys=0.00, real=0.00 secs] 
2024-07-27T21:36:45.238+0800: 8.972: [CMS-concurrent-reset-start]
2024-07-27T21:36:45.240+0800: 8.973: [CMS-concurrent-reset: 0.001/0.001 secs] [Times: user=0.03 sys=0.00, real=0.00 secs] 
2024-07-27T21:36:45.242+0800: 8.975: Application time: 0.0048530 seconds
2024-07-27T21:36:45.242+0800: 8.975: [GC (Allocation Failure) 2024-07-27T21:36:45.242+0800: 8.975: [ParNew: 77166K->8192K(78656K), 0.0122659 secs] 261116K->260751K(546448K), 0.0123282 secs] [Times: user=0.02 sys=0.00, real=0.01 secs] 
2024-07-27T21:36:45.254+0800: 8.987: Total time for which application threads were stopped: 0.0124224 seconds, Stopping threads took: 0.0000125 seconds
2024-07-27T21:36:45.255+0800: 8.987: Application time: 0.0002336 seconds
2024-07-27T21:36:45.255+0800: 8.988: [GC (CMS Initial Mark) [1 CMS-initial-mark: 252559K(467792K)] 264189K(546448K), 0.0007353 secs] [Times: user=0.00 sys=0.00, real=0.00 secs] 
2024-07-27T21:36:45.255+0800: 8.988: Total time for which application threads were stopped: 0.0009095 seconds, Stopping threads took: 0.0001285 seconds
2024-07-27T21:36:45.255+0800: 8.988: [CMS-concurrent-mark-start]
2024-07-27T21:36:45.257+0800: 8.989: [CMS-concurrent-mark: 0.001/0.001 secs] [Times: user=0.00 sys=0.00, real=0.00 secs] 
2024-07-27T21:36:45.257+0800: 8.989: [CMS-concurrent-preclean-start]
2024-07-27T21:36:45.257+0800: 8.990: [CMS-concurrent-preclean: 0.001/0.001 secs] [Times: user=0.00 sys=0.00, real=0.00 secs] 
2024-07-27T21:36:45.257+0800: 8.990: [CMS-concurrent-abortable-preclean-start]
2024-07-27T21:36:45.373+0800: 9.106: Application time: 0.1178774 seconds
2024-07-27T21:36:45.373+0800: 9.106: [GC (Allocation Failure) 2024-07-27T21:36:45.373+0800: 9.106: [ParNew: 77167K->8192K(78656K), 0.0122197 secs] 329726K->329360K(546448K), 0.0122760 secs] [Times: user=0.03 sys=0.00, real=0.01 secs] 
2024-07-27T21:36:45.385+0800: 9.119: Total time for which application threads were stopped: 0.0123838 seconds, Stopping threads took: 0.0000187 seconds
2024-07-27T21:36:45.497+0800: 9.230: Application time: 0.1118451 seconds
2024-07-27T21:36:45.497+0800: 9.231: [GC (Allocation Failure) 2024-07-27T21:36:45.497+0800: 9.231: [ParNew: 77167K->8192K(78656K), 0.0056991 secs] 398336K->353937K(546448K), 0.0057609 secs] [Times: user=0.00 sys=0.00, real=0.01 secs] 
2024-07-27T21:36:45.503+0800: 9.236: Total time for which application threads were stopped: 0.0058852 seconds, Stopping threads took: 0.0000200 seconds
2024-07-27T21:36:45.503+0800: 9.236: [CMS-concurrent-abortable-preclean: 0.006/0.246 secs] [Times: user=0.03 sys=0.00, real=0.25 secs] 
2024-07-27T21:36:45.503+0800: 9.237: Application time: 0.0003271 seconds
2024-07-27T21:36:45.504+0800: 9.237: [GC (CMS Final Remark) [YG occupancy: 12655 K (78656 K)]2024-07-27T21:36:45.504+0800: 9.237: [Rescan (parallel) , 0.0007959 secs]2024-07-27T21:36:45.505+0800: 9.238: [weak refs processing, 0.0000126 secs]2024-07-27T21:36:45.505+0800: 9.238: [class unloading, 0.0002084 secs]2024-07-27T21:36:45.505+0800: 9.238: [scrub symbol table, 0.0003831 secs]2024-07-27T21:36:45.505+0800: 9.238: [scrub string table, 0.0001003 secs][1 CMS-remark: 345745K(467792K)] 358400K(546448K), 0.0015676 secs] [Times: user=0.02 sys=0.02, real=0.00 secs] 
2024-07-27T21:36:45.505+0800: 9.238: Total time for which application threads were stopped: 0.0017613 seconds, Stopping threads took: 0.0001465 seconds
2024-07-27T21:36:45.506+0800: 9.239: [CMS-concurrent-sweep-start]
2024-07-27T21:36:45.507+0800: 9.240: [CMS-concurrent-sweep: 0.001/0.001 secs] [Times: user=0.00 sys=0.00, real=0.00 secs] 
2024-07-27T21:36:45.507+0800: 9.240: [CMS-concurrent-reset-start]
2024-07-27T21:36:45.508+0800: 9.241: [CMS-concurrent-reset: 0.001/0.001 secs] [Times: user=0.00 sys=0.00, real=0.00 secs] 
2024-07-27T21:36:45.510+0800: 9.243: Application time: 0.0047121 seconds
2024-07-27T21:36:45.510+0800: 9.243: [GC (Allocation Failure) 2024-07-27T21:36:45.510+0800: 9.243: [ParNew: 77168K->8192K(78656K), 0.0120391 secs] 263166K->262799K(546448K), 0.0120860 secs] [Times: user=0.03 sys=0.00, real=0.01 secs] 
2024-07-27T21:36:45.522+0800: 9.255: Total time for which application threads were stopped: 0.0121774 seconds, Stopping threads took: 0.0000122 seconds
2024-07-27T21:36:45.522+0800: 9.256: Application time: 0.0001760 seconds
2024-07-27T21:36:45.522+0800: 9.256: [GC (CMS Initial Mark) [1 CMS-initial-mark: 254607K(467792K)] 265215K(546448K), 0.0007755 secs] [Times: user=0.00 sys=0.00, real=0.00 secs] 
2024-07-27T21:36:45.523+0800: 9.256: Total time for which application threads were stopped: 0.0009016 seconds, Stopping threads took: 0.0000820 seconds
2024-07-27T21:36:45.523+0800: 9.257: [CMS-concurrent-mark-start]
2024-07-27T21:36:45.524+0800: 9.257: [CMS-concurrent-mark: 0.001/0.001 secs] [Times: user=0.00 sys=0.00, real=0.00 secs] 
2024-07-27T21:36:45.524+0800: 9.257: [CMS-concurrent-preclean-start]
2024-07-27T21:36:45.525+0800: 9.258: [CMS-concurrent-preclean: 0.001/0.001 secs] [Times: user=0.00 sys=0.00, real=0.00 secs] 
2024-07-27T21:36:45.525+0800: 9.258: [CMS-concurrent-abortable-preclean-start]
2024-07-27T21:36:45.641+0800: 9.374: Application time: 0.1177190 seconds
2024-07-27T21:36:45.641+0800: 9.374: [GC (Allocation Failure) 2024-07-27T21:36:45.641+0800: 9.374: [ParNew: 77168K->8192K(78656K), 0.0127917 secs] 331776K->331408K(546448K), 0.0128517 secs] [Times: user=0.03 sys=0.00, real=0.01 secs] 
2024-07-27T21:36:45.654+0800: 9.387: Total time for which application threads were stopped: 0.0129626 seconds, Stopping threads took: 0.0000191 seconds
2024-07-27T21:36:45.765+0800: 9.499: Application time: 0.1118579 seconds
2024-07-27T21:36:45.765+0800: 9.499: [GC (Allocation Failure) 2024-07-27T21:36:45.765+0800: 9.499: [ParNew: 77171K->8192K(78656K), 0.0062043 secs] 400387K->357009K(546448K), 0.0062669 secs] [Times: user=0.03 sys=0.00, real=0.01 secs] 
2024-07-27T21:36:45.772+0800: 9.505: Total time for which application threads were stopped: 0.0063898 seconds, Stopping threads took: 0.0000189 seconds
2024-07-27T21:36:45.772+0800: 9.505: [CMS-concurrent-abortable-preclean: 0.005/0.247 secs] [Times: user=0.06 sys=0.00, real=0.25 secs] 
2024-07-27T21:36:45.772+0800: 9.506: Application time: 0.0003205 seconds
2024-07-27T21:36:45.772+0800: 9.506: [GC (CMS Final Remark) [YG occupancy: 12649 K (78656 K)]2024-07-27T21:36:45.772+0800: 9.506: [Rescan (parallel) , 0.0009213 secs]2024-07-27T21:36:45.774+0800: 9.507: [weak refs processing, 0.0000127 secs]2024-07-27T21:36:45.774+0800: 9.507: [class unloading, 0.0002034 secs]2024-07-27T21:36:45.774+0800: 9.507: [scrub symbol table, 0.0003432 secs]2024-07-27T21:36:45.774+0800: 9.507: [scrub string table, 0.0001020 secs][1 CMS-remark: 348817K(467792K)] 361467K(546448K), 0.0016464 secs] [Times: user=0.00 sys=0.00, real=0.00 secs] 
2024-07-27T21:36:45.774+0800: 9.507: Total time for which application threads were stopped: 0.0017680 seconds, Stopping threads took: 0.0000820 seconds
2024-07-27T21:36:45.774+0800: 9.508: [CMS-concurrent-sweep-start]
2024-07-27T21:36:45.776+0800: 9.509: [CMS-concurrent-sweep: 0.001/0.001 secs] [Times: user=0.00 sys=0.00, real=0.00 secs] 
2024-07-27T21:36:45.776+0800: 9.509: [CMS-concurrent-reset-start]
2024-07-27T21:36:45.777+0800: 9.510: [CMS-concurrent-reset: 0.001/0.001 secs] [Times: user=0.00 sys=0.00, real=0.00 secs] 
2024-07-27T21:36:45.889+0800: 9.622: Application time: 0.1149116 seconds
2024-07-27T21:36:45.890+0800: 9.622: [GC (Allocation Failure) 2024-07-27T21:36:45.890+0800: 9.623: [ParNew: 77162K->8192K(78656K), 0.0118838 secs] 265209K->264847K(546448K), 0.0119563 secs] [Times: user=0.03 sys=0.00, real=0.01 secs] 
2024-07-27T21:36:45.901+0800: 9.634: Total time for which application threads were stopped: 0.0121112 seconds, Stopping threads took: 0.0000428 seconds
2024-07-27T21:36:45.901+0800: 9.635: Application time: 0.0002452 seconds
2024-07-27T21:36:45.902+0800: 9.635: [GC (CMS Initial Mark) [1 CMS-initial-mark: 256655K(467792K)] 268283K(546448K), 0.0008571 secs] [Times: user=0.00 sys=0.00, real=0.00 secs] 
2024-07-27T21:36:45.902+0800: 9.636: Total time for which application threads were stopped: 0.0010401 seconds, Stopping threads took: 0.0001420 seconds
2024-07-27T21:36:45.902+0800: 9.636: [CMS-concurrent-mark-start]
2024-07-27T21:36:45.907+0800: 9.640: [CMS-concurrent-mark: 0.004/0.004 secs] [Times: user=0.00 sys=0.00, real=0.01 secs] 
2024-07-27T21:36:45.907+0800: 9.640: [CMS-concurrent-preclean-start]
2024-07-27T21:36:45.908+0800: 9.641: [CMS-concurrent-preclean: 0.001/0.001 secs] [Times: user=0.00 sys=0.00, real=0.00 secs] 
2024-07-27T21:36:45.908+0800: 9.641: Application time: 0.0051991 seconds
2024-07-27T21:36:45.908+0800: 9.641: [GC (Allocation Failure) 2024-07-27T21:36:45.908+0800: 9.641: [ParNew: 77165K->8192K(78656K), 0.0119380 secs] 333820K->333457K(546448K), 0.0119897 secs] [Times: user=0.03 sys=0.00, real=0.01 secs] 
2024-07-27T21:36:45.920+0800: 9.653: Total time for which application threads were stopped: 0.0120981 seconds, Stopping threads took: 0.0000132 seconds
2024-07-27T21:36:45.920+0800: 9.653: Application time: 0.0003639 seconds
2024-07-27T21:36:45.920+0800: 9.654: [GC (CMS Final Remark) [YG occupancy: 13677 K (78656 K)]2024-07-27T21:36:45.920+0800: 9.654: [Rescan (parallel) , 0.0004968 secs]2024-07-27T21:36:45.921+0800: 9.654: [weak refs processing, 0.0000201 secs]2024-07-27T21:36:45.921+0800: 9.654: [class unloading, 0.0002703 secs]2024-07-27T21:36:45.921+0800: 9.654: [scrub symbol table, 0.0005320 secs]2024-07-27T21:36:45.922+0800: 9.655: [scrub string table, 0.0001782 secs][1 CMS-remark: 325264K(467792K)] 338942K(546448K), 0.0016401 secs] [Times: user=0.00 sys=0.00, real=0.00 secs] 
2024-07-27T21:36:45.922+0800: 9.655: Total time for which application threads were stopped: 0.0017994 seconds, Stopping threads took: 0.0000921 seconds
2024-07-27T21:36:45.922+0800: 9.655: [CMS-concurrent-sweep-start]
2024-07-27T21:36:45.923+0800: 9.657: [CMS-concurrent-sweep: 0.001/0.001 secs] [Times: user=0.00 sys=0.00, real=0.00 secs] 
2024-07-27T21:36:45.923+0800: 9.657: [CMS-concurrent-reset-start]
2024-07-27T21:36:45.925+0800: 9.658: [CMS-concurrent-reset: 0.001/0.001 secs] [Times: user=0.00 sys=0.00, real=0.00 secs] 
2024-07-27T21:36:46.033+0800: 9.767: Application time: 0.1114738 seconds
2024-07-27T21:36:46.033+0800: 9.767: [GC (Allocation Failure) 2024-07-27T21:36:46.033+0800: 9.767: [ParNew: 77166K->8192K(78656K), 0.0062219 secs] 240636K->198286K(546448K), 0.0062801 secs] [Times: user=0.03 sys=0.00, real=0.01 secs] 
2024-07-27T21:36:46.040+0800: 9.773: Total time for which application threads were stopped: 0.0063906 seconds, Stopping threads took: 0.0000192 seconds
2024-07-27T21:36:46.158+0800: 9.891: Application time: 0.1174632 seconds
2024-07-27T21:36:46.158+0800: 9.891: [GC (Allocation Failure) 2024-07-27T21:36:46.158+0800: 9.891: [ParNew: 77167K->8192K(78656K), 0.0118223 secs] 267262K->266896K(546448K), 0.0118898 secs] [Times: user=0.03 sys=0.00, real=0.01 secs] 
2024-07-27T21:36:46.169+0800: 9.903: Total time for which application threads were stopped: 0.0120188 seconds, Stopping threads took: 0.0000203 seconds
2024-07-27T21:36:46.169+0800: 9.903: Application time: 0.0001774 seconds
2024-07-27T21:36:46.170+0800: 9.903: [GC (CMS Initial Mark) [1 CMS-initial-mark: 258703K(467792K)] 270334K(546448K), 0.0007253 secs] [Times: user=0.00 sys=0.00, real=0.00 secs] 
2024-07-27T21:36:46.170+0800: 9.904: Total time for which application threads were stopped: 0.0009335 seconds, Stopping threads took: 0.0001668 seconds
2024-07-27T21:36:46.170+0800: 9.904: [CMS-concurrent-mark-start]
2024-07-27T21:36:46.174+0800: 9.907: [CMS-concurrent-mark: 0.004/0.004 secs] [Times: user=0.00 sys=0.00, real=0.00 secs] 
2024-07-27T21:36:46.175+0800: 9.908: [CMS-concurrent-preclean-start]
2024-07-27T21:36:46.176+0800: 9.909: [CMS-concurrent-preclean: 0.001/0.001 secs] [Times: user=0.01 sys=0.00, real=0.00 secs] 
2024-07-27T21:36:46.176+0800: 9.909: Application time: 0.0053261 seconds
2024-07-27T21:36:46.176+0800: 9.909: [GC (Allocation Failure) 2024-07-27T21:36:46.176+0800: 9.909: [ParNew: 77167K->8192K(78656K), 0.0120130 secs] 335871K->335505K(546448K), 0.0120627 secs] [Times: user=0.00 sys=0.00, real=0.01 secs] 
2024-07-27T21:36:46.188+0800: 9.921: Total time for which application threads were stopped: 0.0121600 seconds, Stopping threads took: 0.0000148 seconds
2024-07-27T21:36:46.188+0800: 9.922: Application time: 0.0002917 seconds
2024-07-27T21:36:46.188+0800: 9.922: [GC (CMS Final Remark) [YG occupancy: 11631 K (78656 K)]2024-07-27T21:36:46.188+0800: 9.922: [Rescan (parallel) , 0.0005698 secs]2024-07-27T21:36:46.189+0800: 9.922: [weak refs processing, 0.0000135 secs]2024-07-27T21:36:46.189+0800: 9.922: [class unloading, 0.0001897 secs]2024-07-27T21:36:46.189+0800: 9.922: [scrub symbol table, 0.0003014 secs]2024-07-27T21:36:46.189+0800: 9.923: [scrub string table, 0.0001042 secs][1 CMS-remark: 327312K(467792K)] 338944K(546448K), 0.0012523 secs] [Times: user=0.00 sys=0.00, real=0.00 secs] 
2024-07-27T21:36:46.190+0800: 9.923: Total time for which application threads were stopped: 0.0014173 seconds, Stopping threads took: 0.0001275 seconds
2024-07-27T21:36:46.190+0800: 9.923: [CMS-concurrent-sweep-start]
2024-07-27T21:36:46.191+0800: 9.925: [CMS-concurrent-sweep: 0.002/0.002 secs] [Times: user=0.00 sys=0.00, real=0.00 secs] 
2024-07-27T21:36:46.191+0800: 9.925: [CMS-concurrent-reset-start]
2024-07-27T21:36:46.192+0800: 9.926: [CMS-concurrent-reset: 0.001/0.001 secs] [Times: user=0.03 sys=0.00, real=0.00 secs] 
2024-07-27T21:36:46.302+0800: 10.036: Application time: 0.1130518 seconds
2024-07-27T21:36:46.303+0800: 10.036: [GC (Allocation Failure) 2024-07-27T21:36:46.303+0800: 10.036: [ParNew: 77168K->8192K(78656K), 0.0064501 secs] 241662K->200334K(546448K), 0.0065156 secs] [Times: user=0.00 sys=0.00, real=0.01 secs] 
2024-07-27T21:36:46.309+0800: 10.043: Total time for which application threads were stopped: 0.0066403 seconds, Stopping threads took: 0.0000221 seconds
2024-07-27T21:36:46.425+0800: 10.159: Application time: 0.1159782 seconds
2024-07-27T21:36:46.426+0800: 10.159: [GC (Allocation Failure) 2024-07-27T21:36:46.426+0800: 10.159: [ParNew: 77168K->8192K(78656K), 0.0118865 secs] 269311K->268944K(546448K), 0.0119466 secs] [Times: user=0.06 sys=0.02, real=0.01 secs] 
2024-07-27T21:36:46.437+0800: 10.171: Total time for which application threads were stopped: 0.0120650 seconds, Stopping threads took: 0.0000244 seconds
2024-07-27T21:36:46.442+0800: 10.175: Application time: 0.0044736 seconds
2024-07-27T21:36:46.442+0800: 10.175: [GC (Allocation Failure) 2024-07-27T21:36:46.442+0800: 10.175: [ParNew: 77168K->8192K(78656K), 0.0117884 secs] 337920K->337553K(546448K), 0.0118386 secs] [Times: user=0.00 sys=0.00, real=0.01 secs] 
2024-07-27T21:36:46.454+0800: 10.187: Total time for which application threads were stopped: 0.0119372 seconds, Stopping threads took: 0.0000140 seconds
2024-07-27T21:36:46.454+0800: 10.187: Application time: 0.0002189 seconds
2024-07-27T21:36:46.454+0800: 10.187: [GC (CMS Initial Mark) [1 CMS-initial-mark: 329360K(467792K)] 340992K(546448K), 0.0007513 secs] [Times: user=0.00 sys=0.00, real=0.00 secs] 
2024-07-27T21:36:46.455+0800: 10.188: Total time for which application threads were stopped: 0.0008705 seconds, Stopping threads took: 0.0000759 seconds
2024-07-27T21:36:46.455+0800: 10.188: [CMS-concurrent-mark-start]
2024-07-27T21:36:46.458+0800: 10.191: [CMS-concurrent-mark: 0.003/0.003 secs] [Times: user=0.03 sys=0.00, real=0.00 secs] 
2024-07-27T21:36:46.458+0800: 10.191: [CMS-concurrent-preclean-start]
2024-07-27T21:36:46.458+0800: 10.192: [CMS-concurrent-preclean: 0.001/0.001 secs] [Times: user=0.00 sys=0.00, real=0.00 secs] 
2024-07-27T21:36:46.458+0800: 10.192: [CMS-concurrent-abortable-preclean-start]
2024-07-27T21:36:46.570+0800: 10.304: Application time: 0.1158273 seconds
2024-07-27T21:36:46.571+0800: 10.304: [GC (Allocation Failure) 2024-07-27T21:36:46.571+0800: 10.304: [ParNew: 77168K->8192K(78656K), 0.0063689 secs] 406529K->366225K(546448K), 0.0064276 secs] [Times: user=0.00 sys=0.00, real=0.01 secs] 
2024-07-27T21:36:46.577+0800: 10.311: Total time for which application threads were stopped: 0.0065545 seconds, Stopping threads took: 0.0000325 seconds
2024-07-27T21:36:46.696+0800: 10.429: Application time: 0.1183596 seconds
2024-07-27T21:36:46.696+0800: 10.429: [GC (Allocation Failure) 2024-07-27T21:36:46.696+0800: 10.429: [ParNew: 77168K->8192K(78656K), 0.0117688 secs] 435202K->434834K(546448K), 0.0118302 secs] [Times: user=0.00 sys=0.00, real=0.01 secs] 
2024-07-27T21:36:46.707+0800: 10.441: Total time for which application threads were stopped: 0.0119428 seconds, Stopping threads took: 0.0000205 seconds
2024-07-27T21:36:46.707+0800: 10.441: [CMS-concurrent-abortable-preclean: 0.004/0.249 secs] [Times: user=0.00 sys=0.00, real=0.25 secs] 
2024-07-27T21:36:46.708+0800: 10.441: Application time: 0.0002982 seconds
2024-07-27T21:36:46.708+0800: 10.441: [GC (CMS Final Remark) [YG occupancy: 12655 K (78656 K)]2024-07-27T21:36:46.708+0800: 10.441: [Rescan (parallel) , 0.0007760 secs]2024-07-27T21:36:46.708+0800: 10.442: [weak refs processing, 0.0000178 secs]2024-07-27T21:36:46.709+0800: 10.442: [class unloading, 0.0002827 secs]2024-07-27T21:36:46.709+0800: 10.442: [scrub symbol table, 0.0003452 secs]2024-07-27T21:36:46.709+0800: 10.443: [scrub string table, 0.0001065 secs][1 CMS-remark: 426642K(467792K)] 439298K(546448K), 0.0015934 secs] [Times: user=0.00 sys=0.00, real=0.00 secs] 
2024-07-27T21:36:46.709+0800: 10.443: Total time for which application threads were stopped: 0.0016977 seconds, Stopping threads took: 0.0000682 seconds
2024-07-27T21:36:46.710+0800: 10.443: [CMS-concurrent-sweep-start]
2024-07-27T21:36:46.712+0800: 10.445: [CMS-concurrent-sweep: 0.001/0.001 secs] [Times: user=0.00 sys=0.00, real=0.00 secs] 
2024-07-27T21:36:46.712+0800: 10.445: [CMS-concurrent-reset-start]
2024-07-27T21:36:46.712+0800: 10.446: [CMS-concurrent-reset: 0.001/0.001 secs] [Times: user=0.00 sys=0.00, real=0.00 secs] 
2024-07-27T21:36:46.714+0800: 10.448: Application time: 0.0049482 seconds
2024-07-27T21:36:46.714+0800: 10.448: [GC (Allocation Failure) 2024-07-27T21:36:46.714+0800: 10.448: [ParNew: 77168K->8192K(78656K), 0.0118166 secs] 339968K->339601K(546448K), 0.0118651 secs] [Times: user=0.03 sys=0.00, real=0.01 secs] 
2024-07-27T21:36:46.726+0800: 10.460: Total time for which application threads were stopped: 0.0119604 seconds, Stopping threads took: 0.0000130 seconds
2024-07-27T21:36:46.726+0800: 10.460: Application time: 0.0002284 seconds
2024-07-27T21:36:46.727+0800: 10.460: [GC (CMS Initial Mark) [1 CMS-initial-mark: 331408K(467792K)] 343040K(546448K), 0.0006846 secs] [Times: user=0.00 sys=0.00, real=0.00 secs] 
2024-07-27T21:36:46.727+0800: 10.461: Total time for which application threads were stopped: 0.0008072 seconds, Stopping threads took: 0.0000777 seconds
2024-07-27T21:36:46.728+0800: 10.461: [CMS-concurrent-mark-start]
2024-07-27T21:36:46.730+0800: 10.463: [CMS-concurrent-mark: 0.002/0.002 secs] [Times: user=0.00 sys=0.00, real=0.00 secs] 
2024-07-27T21:36:46.730+0800: 10.463: [CMS-concurrent-preclean-start]
2024-07-27T21:36:46.730+0800: 10.464: [CMS-concurrent-preclean: 0.001/0.001 secs] [Times: user=0.00 sys=0.00, real=0.00 secs] 
2024-07-27T21:36:46.730+0800: 10.464: [CMS-concurrent-abortable-preclean-start]
2024-07-27T21:36:46.841+0800: 10.574: Application time: 0.1134095 seconds
2024-07-27T21:36:46.841+0800: 10.574: [GC (Allocation Failure) 2024-07-27T21:36:46.841+0800: 10.574: [ParNew: 77168K->8192K(78656K), 0.0067320 secs] 408577K->369297K(546448K), 0.0067955 secs] [Times: user=0.00 sys=0.02, real=0.01 secs] 
2024-07-27T21:36:46.848+0800: 10.581: Total time for which application threads were stopped: 0.0069048 seconds, Stopping threads took: 0.0000187 seconds
2024-07-27T21:36:46.965+0800: 10.698: Application time: 0.1166231 seconds
2024-07-27T21:36:46.965+0800: 10.698: [GC (Allocation Failure) 2024-07-27T21:36:46.965+0800: 10.698: [ParNew: 77168K->8192K(78656K), 0.0118939 secs] 438274K->437906K(546448K), 0.0119670 secs] [Times: user=0.03 sys=0.00, real=0.01 secs] 
2024-07-27T21:36:46.977+0800: 10.710: Total time for which application threads were stopped: 0.0120786 seconds, Stopping threads took: 0.0000179 seconds
2024-07-27T21:36:46.981+0800: 10.714: Application time: 0.0045557 seconds
2024-07-27T21:36:46.981+0800: 10.714: [GC (Allocation Failure) 2024-07-27T21:36:46.981+0800: 10.714: [ParNew: 77168K->8192K(78656K), 0.0236509 secs] 506883K->506515K(578316K), 0.0237137 secs] [Times: user=0.05 sys=0.00, real=0.02 secs] 
2024-07-27T21:36:47.005+0800: 10.738: Total time for which application threads were stopped: 0.0238133 seconds, Stopping threads took: 0.0000150 seconds
2024-07-27T21:36:47.005+0800: 10.738: [CMS-concurrent-abortable-preclean: 0.005/0.274 secs] [Times: user=0.08 sys=0.02, real=0.28 secs] 
2024-07-27T21:36:47.005+0800: 10.739: Application time: 0.0003160 seconds
2024-07-27T21:36:47.005+0800: 10.739: [GC (CMS Final Remark) [YG occupancy: 12655 K (78656 K)]2024-07-27T21:36:47.006+0800: 10.739: [Rescan (parallel) , 0.0011880 secs]2024-07-27T21:36:47.007+0800: 10.740: [weak refs processing, 0.0000130 secs]2024-07-27T21:36:47.007+0800: 10.740: [class unloading, 0.0001824 secs]2024-07-27T21:36:47.007+0800: 10.740: [scrub symbol table, 0.0003129 secs]2024-07-27T21:36:47.007+0800: 10.740: [scrub string table, 0.0000916 secs][1 CMS-remark: 498323K(499660K)] 510979K(578316K), 0.0018518 secs] [Times: user=0.00 sys=0.00, real=0.00 secs] 
2024-07-27T21:36:47.007+0800: 10.741: Total time for which application threads were stopped: 0.0020112 seconds, Stopping threads took: 0.0001225 seconds
2024-07-27T21:36:47.008+0800: 10.741: [CMS-concurrent-sweep-start]
2024-07-27T21:36:47.009+0800: 10.742: [CMS-concurrent-sweep: 0.001/0.001 secs] [Times: user=0.00 sys=0.00, real=0.00 secs] 
2024-07-27T21:36:47.009+0800: 10.743: [CMS-concurrent-reset-start]
2024-07-27T21:36:47.010+0800: 10.743: [CMS-concurrent-reset: 0.001/0.001 secs] [Times: user=0.00 sys=0.00, real=0.00 secs] 
2024-07-27T21:36:47.126+0800: 10.859: Application time: 0.1182744 seconds
2024-07-27T21:36:47.126+0800: 10.859: [GC (Allocation Failure) 2024-07-27T21:36:47.126+0800: 10.859: [ParNew: 77168K->8192K(78656K), 0.0070307 secs] 410625K->372369K(634420K), 0.0070889 secs] [Times: user=0.03 sys=0.00, real=0.01 secs] 
2024-07-27T21:36:47.133+0800: 10.866: Total time for which application threads were stopped: 0.0071983 seconds, Stopping threads took: 0.0000187 seconds
2024-07-27T21:36:47.133+0800: 10.866: Application time: 0.0002600 seconds
2024-07-27T21:36:47.133+0800: 10.866: [GC (CMS Initial Mark) [1 CMS-initial-mark: 364177K(555764K)] 375809K(634420K), 0.0007430 secs] [Times: user=0.00 sys=0.00, real=0.00 secs] 
2024-07-27T21:36:47.134+0800: 10.867: Total time for which application threads were stopped: 0.0009436 seconds, Stopping threads took: 0.0001588 seconds
2024-07-27T21:36:47.135+0800: 10.867: [CMS-concurrent-mark-start]
2024-07-27T21:36:47.139+0800: 10.872: [CMS-concurrent-mark: 0.004/0.004 secs] [Times: user=0.00 sys=0.00, real=0.00 secs] 
2024-07-27T21:36:47.139+0800: 10.872: [CMS-concurrent-preclean-start]
2024-07-27T21:36:47.140+0800: 10.873: [CMS-concurrent-preclean: 0.001/0.001 secs] [Times: user=0.00 sys=0.00, real=0.00 secs] 
2024-07-27T21:36:47.140+0800: 10.873: [CMS-concurrent-abortable-preclean-start]
2024-07-27T21:36:47.250+0800: 10.983: Application time: 0.1161708 seconds
2024-07-27T21:36:47.250+0800: 10.983: [GC (Allocation Failure) 2024-07-27T21:36:47.250+0800: 10.984: [ParNew: 77168K->8192K(78656K), 0.0118417 secs] 441346K->440978K(634420K), 0.0119009 secs] [Times: user=0.03 sys=0.00, real=0.01 secs] 
2024-07-27T21:36:47.263+0800: 10.995: Total time for which application threads were stopped: 0.0120109 seconds, Stopping threads took: 0.0000191 seconds
2024-07-27T21:36:47.266+0800: 11.000: Application time: 0.0045385 seconds
2024-07-27T21:36:47.266+0800: 11.000: [GC (Allocation Failure) 2024-07-27T21:36:47.266+0800: 11.000: [ParNew: 77168K->8192K(78656K), 0.0131947 secs] 509955K->509587K(634420K), 0.0132683 secs] [Times: user=0.03 sys=0.00, real=0.01 secs] 
2024-07-27T21:36:47.281+0800: 11.013: Total time for which application threads were stopped: 0.0134103 seconds, Stopping threads took: 0.0000149 seconds
2024-07-27T21:36:47.392+0800: 11.125: Application time: 0.1114704 seconds
2024-07-27T21:36:47.392+0800: 11.125: [GC (Allocation Failure) 2024-07-27T21:36:47.392+0800: 11.125: [ParNew: 77168K->8192K(78656K), 0.0190379 secs] 578564K->541332K(634420K), 0.0190943 secs] [Times: user=0.05 sys=0.00, real=0.02 secs] 
2024-07-27T21:36:47.411+0800: 11.144: Total time for which application threads were stopped: 0.0192022 seconds, Stopping threads took: 0.0000195 seconds
2024-07-27T21:36:47.411+0800: 11.144: [CMS-concurrent-abortable-preclean: 0.008/0.271 secs] [Times: user=0.11 sys=0.00, real=0.27 secs] 
2024-07-27T21:36:47.411+0800: 11.144: Application time: 0.0003081 seconds
2024-07-27T21:36:47.412+0800: 11.145: [GC (CMS Final Remark) [YG occupancy: 12655 K (78656 K)]2024-07-27T21:36:47.412+0800: 11.145: [Rescan (parallel) , 0.0009489 secs]2024-07-27T21:36:47.413+0800: 11.146: [weak refs processing, 0.0000135 secs]2024-07-27T21:36:47.413+0800: 11.146: [class unloading, 0.0002412 secs]2024-07-27T21:36:47.413+0800: 11.146: [scrub symbol table, 0.0003721 secs]2024-07-27T21:36:47.413+0800: 11.146: [scrub string table, 0.0001017 secs][1 CMS-remark: 533140K(555764K)] 545795K(634420K), 0.0017424 secs] [Times: user=0.00 sys=0.00, real=0.00 secs] 
2024-07-27T21:36:47.413+0800: 11.146: Total time for which application threads were stopped: 0.0019228 seconds, Stopping threads took: 0.0001433 seconds
2024-07-27T21:36:47.414+0800: 11.147: [CMS-concurrent-sweep-start]
2024-07-27T21:36:47.415+0800: 11.148: [CMS-concurrent-sweep: 0.002/0.002 secs] [Times: user=0.00 sys=0.00, real=0.00 secs] 
2024-07-27T21:36:47.415+0800: 11.148: [CMS-concurrent-reset-start]
2024-07-27T21:36:47.417+0800: 11.150: [CMS-concurrent-reset: 0.001/0.001 secs] [Times: user=0.00 sys=0.00, real=0.00 secs] 
2024-07-27T21:36:47.531+0800: 11.264: Application time: 0.1178672 seconds
2024-07-27T21:36:47.531+0800: 11.264: [GC (Allocation Failure) 2024-07-27T21:36:47.531+0800: 11.264: [ParNew: 77168K->8192K(78656K), 0.0122275 secs] 277503K->277136K(634420K), 0.0122824 secs] [Times: user=0.03 sys=0.00, real=0.01 secs] 
2024-07-27T21:36:47.543+0800: 11.277: Total time for which application threads were stopped: 0.0124237 seconds, Stopping threads took: 0.0000290 seconds
2024-07-27T21:36:47.548+0800: 11.281: Application time: 0.0044936 seconds
2024-07-27T21:36:47.548+0800: 11.281: [GC (Allocation Failure) 2024-07-27T21:36:47.548+0800: 11.281: [ParNew: 77168K->8192K(78656K), 0.0199461 secs] 346112K->345745K(634420K), 0.0199954 secs] [Times: user=0.06 sys=0.00, real=0.02 secs] 
2024-07-27T21:36:47.568+0800: 11.301: Total time for which application threads were stopped: 0.0200933 seconds, Stopping threads took: 0.0000143 seconds
2024-07-27T21:36:47.568+0800: 11.301: Application time: 0.0000992 seconds
2024-07-27T21:36:47.568+0800: 11.301: [GC (CMS Initial Mark) [1 CMS-initial-mark: 337553K(555764K)] 349184K(634420K), 0.0002785 secs] [Times: user=0.00 sys=0.00, real=0.00 secs] 
2024-07-27T21:36:47.569+0800: 11.302: Total time for which application threads were stopped: 0.0003948 seconds, Stopping threads took: 0.0000757 seconds
2024-07-27T21:36:47.569+0800: 11.302: [CMS-concurrent-mark-start]
2024-07-27T21:36:47.571+0800: 11.304: [CMS-concurrent-mark: 0.002/0.002 secs] [Times: user=0.00 sys=0.00, real=0.00 secs] 
2024-07-27T21:36:47.571+0800: 11.304: [CMS-concurrent-preclean-start]
2024-07-27T21:36:47.572+0800: 11.305: [CMS-concurrent-preclean: 0.001/0.001 secs] [Times: user=0.00 sys=0.00, real=0.00 secs] 
2024-07-27T21:36:47.572+0800: 11.305: [CMS-concurrent-abortable-preclean-start]
2024-07-27T21:36:47.688+0800: 11.421: Application time: 0.1193488 seconds
2024-07-27T21:36:47.688+0800: 11.421: [GC (Allocation Failure) 2024-07-27T21:36:47.688+0800: 11.421: [ParNew: 77168K->8192K(78656K), 0.0069588 secs] 414721K->378513K(634420K), 0.0070283 secs] [Times: user=0.03 sys=0.00, real=0.01 secs] 
2024-07-27T21:36:47.695+0800: 11.428: Total time for which application threads were stopped: 0.0071355 seconds, Stopping threads took: 0.0000187 seconds
2024-07-27T21:36:47.813+0800: 11.546: Application time: 0.1180309 seconds
2024-07-27T21:36:47.813+0800: 11.546: [GC (Allocation Failure) 2024-07-27T21:36:47.813+0800: 11.546: [ParNew: 77168K->8192K(78656K), 0.0120013 secs] 447490K->447122K(634420K), 0.0120654 secs] [Times: user=0.03 sys=0.00, real=0.01 secs] 
2024-07-27T21:36:47.825+0800: 11.558: Total time for which application threads were stopped: 0.0121804 seconds, Stopping threads took: 0.0000190 seconds
2024-07-27T21:36:47.825+0800: 11.558: [CMS-concurrent-abortable-preclean: 0.005/0.254 secs] [Times: user=0.06 sys=0.00, real=0.25 secs] 
2024-07-27T21:36:47.826+0800: 11.559: Application time: 0.0003364 seconds
2024-07-27T21:36:47.826+0800: 11.559: [GC (CMS Final Remark) [YG occupancy: 13679 K (78656 K)]2024-07-27T21:36:47.826+0800: 11.559: [Rescan (parallel) , 0.0011726 secs]2024-07-27T21:36:47.827+0800: 11.560: [weak refs processing, 0.0000128 secs]2024-07-27T21:36:47.827+0800: 11.560: [class unloading, 0.0001805 secs]2024-07-27T21:36:47.827+0800: 11.560: [scrub symbol table, 0.0003724 secs]2024-07-27T21:36:47.828+0800: 11.561: [scrub string table, 0.0001148 secs][1 CMS-remark: 438930K(555764K)] 452610K(634420K), 0.0019274 secs] [Times: user=0.00 sys=0.00, real=0.00 secs] 
2024-07-27T21:36:47.828+0800: 11.561: Total time for which application threads were stopped: 0.0020292 seconds, Stopping threads took: 0.0000660 seconds
2024-07-27T21:36:47.828+0800: 11.561: [CMS-concurrent-sweep-start]
2024-07-27T21:36:47.830+0800: 11.563: [CMS-concurrent-sweep: 0.002/0.002 secs] [Times: user=0.00 sys=0.00, real=0.00 secs] 
2024-07-27T21:36:47.830+0800: 11.563: [CMS-concurrent-reset-start]
2024-07-27T21:36:47.831+0800: 11.564: [CMS-concurrent-reset: 0.001/0.001 secs] [Times: user=0.00 sys=0.00, real=0.00 secs] 
2024-07-27T21:36:47.832+0800: 11.566: Application time: 0.0047318 seconds
2024-07-27T21:36:47.833+0800: 11.566: [GC (Allocation Failure) 2024-07-27T21:36:47.833+0800: 11.566: [ParNew: 77168K->8192K(78656K), 0.0118578 secs] 348160K->347793K(634420K), 0.0119047 secs] [Times: user=0.00 sys=0.00, real=0.01 secs] 
2024-07-27T21:36:47.845+0800: 11.578: Total time for which application threads were stopped: 0.0120063 seconds, Stopping threads took: 0.0000164 seconds
2024-07-27T21:36:47.845+0800: 11.578: Application time: 0.0001842 seconds
2024-07-27T21:36:47.845+0800: 11.578: [GC (CMS Initial Mark) [1 CMS-initial-mark: 339601K(555764K)] 351232K(634420K), 0.0008189 secs] [Times: user=0.00 sys=0.00, real=0.00 secs] 
2024-07-27T21:36:47.846+0800: 11.579: Total time for which application threads were stopped: 0.0009369 seconds, Stopping threads took: 0.0000763 seconds
2024-07-27T21:36:47.846+0800: 11.579: [CMS-concurrent-mark-start]
2024-07-27T21:36:47.848+0800: 11.581: [CMS-concurrent-mark: 0.002/0.002 secs] [Times: user=0.00 sys=0.00, real=0.00 secs] 
2024-07-27T21:36:47.848+0800: 11.581: [CMS-concurrent-preclean-start]
2024-07-27T21:36:47.849+0800: 11.582: [CMS-concurrent-preclean: 0.001/0.001 secs] [Times: user=0.02 sys=0.00, real=0.00 secs] 
2024-07-27T21:36:47.849+0800: 11.582: [CMS-concurrent-abortable-preclean-start]
2024-07-27T21:36:47.955+0800: 11.688: Application time: 0.1096079 seconds
2024-07-27T21:36:47.955+0800: 11.688: [GC (Allocation Failure) 2024-07-27T21:36:47.955+0800: 11.688: [ParNew: 77168K->8192K(78656K), 0.0075907 secs] 416769K->381585K(634420K), 0.0076514 secs] [Times: user=0.03 sys=0.00, real=0.01 secs] 
2024-07-27T21:36:47.963+0800: 11.696: Total time for which application threads were stopped: 0.0077608 seconds, Stopping threads took: 0.0000188 seconds
2024-07-27T21:36:48.079+0800: 11.812: Application time: 0.1163872 seconds
2024-07-27T21:36:48.079+0800: 11.812: [GC (Allocation Failure) 2024-07-27T21:36:48.079+0800: 11.813: [ParNew: 77168K->8192K(78656K), 0.0124405 secs] 450562K->450194K(634420K), 0.0125129 secs] [Times: user=0.03 sys=0.00, real=0.01 secs] 
2024-07-27T21:36:48.091+0800: 11.825: Total time for which application threads were stopped: 0.0126236 seconds, Stopping threads took: 0.0000183 seconds
2024-07-27T21:36:48.096+0800: 11.830: Application time: 0.0049288 seconds
2024-07-27T21:36:48.096+0800: 11.830: [GC (Allocation Failure) 2024-07-27T21:36:48.096+0800: 11.830: [ParNew: 77168K->8192K(78656K), 0.0118443 secs] 519171K->518803K(634420K), 0.0118981 secs] [Times: user=0.03 sys=0.00, real=0.01 secs] 
2024-07-27T21:36:48.108+0800: 11.842: Total time for which application threads were stopped: 0.0120024 seconds, Stopping threads took: 0.0000166 seconds
2024-07-27T21:36:48.108+0800: 11.842: [CMS-concurrent-abortable-preclean: 0.006/0.260 secs] [Times: user=0.09 sys=0.00, real=0.26 secs] 
2024-07-27T21:36:48.109+0800: 11.842: Application time: 0.0002287 seconds
2024-07-27T21:36:48.109+0800: 11.842: [GC (CMS Final Remark) [YG occupancy: 11631 K (78656 K)]2024-07-27T21:36:48.109+0800: 11.842: [Rescan (parallel) , 0.0007076 secs]2024-07-27T21:36:48.109+0800: 11.843: [weak refs processing, 0.0000127 secs]2024-07-27T21:36:48.110+0800: 11.843: [class unloading, 0.0002988 secs]2024-07-27T21:36:48.111+0800: 11.843: [scrub symbol table, 0.0003140 secs]2024-07-27T21:36:48.111+0800: 11.844: [scrub string table, 0.0000905 secs][1 CMS-remark: 510611K(555764K)] 522243K(634420K), 0.0014960 secs] [Times: user=0.00 sys=0.00, real=0.00 secs] 
2024-07-27T21:36:48.111+0800: 11.844: Total time for which application threads were stopped: 0.0016360 seconds, Stopping threads took: 0.0001035 seconds
2024-07-27T21:36:48.111+0800: 11.844: [CMS-concurrent-sweep-start]
2024-07-27T21:36:48.112+0800: 11.846: [CMS-concurrent-sweep: 0.001/0.001 secs] [Times: user=0.00 sys=0.00, real=0.00 secs] 
2024-07-27T21:36:48.112+0800: 11.846: [CMS-concurrent-reset-start]
2024-07-27T21:36:48.114+0800: 11.846: [CMS-concurrent-reset: 0.001/0.001 secs] [Times: user=0.02 sys=0.00, real=0.00 secs] 
2024-07-27T21:36:48.223+0800: 11.956: Application time: 0.1124905 seconds
2024-07-27T21:36:48.223+0800: 11.956: [GC (Allocation Failure) 2024-07-27T21:36:48.223+0800: 11.956: [ParNew: 77168K->8192K(78656K), 0.0075499 secs] 418817K->384657K(648072K), 0.0076013 secs] [Times: user=0.02 sys=0.00, real=0.01 secs] 
2024-07-27T21:36:48.231+0800: 11.964: Total time for which application threads were stopped: 0.0077100 seconds, Stopping threads took: 0.0000172 seconds
2024-07-27T21:36:48.231+0800: 11.964: Application time: 0.0002299 seconds
2024-07-27T21:36:48.231+0800: 11.964: [GC (CMS Initial Mark) [1 CMS-initial-mark: 376465K(569416K)] 388097K(648072K), 0.0008351 secs] [Times: user=0.00 sys=0.00, real=0.00 secs] 
2024-07-27T21:36:48.232+0800: 11.965: Total time for which application threads were stopped: 0.0009686 seconds, Stopping threads took: 0.0000877 seconds
2024-07-27T21:36:48.232+0800: 11.965: [CMS-concurrent-mark-start]
2024-07-27T21:36:48.237+0800: 11.970: [CMS-concurrent-mark: 0.004/0.004 secs] [Times: user=0.00 sys=0.00, real=0.00 secs] 
2024-07-27T21:36:48.237+0800: 11.970: [CMS-concurrent-preclean-start]
2024-07-27T21:36:48.237+0800: 11.970: [CMS-concurrent-preclean: 0.001/0.001 secs] [Times: user=0.00 sys=0.00, real=0.00 secs] 
2024-07-27T21:36:48.237+0800: 11.970: [CMS-concurrent-abortable-preclean-start]
2024-07-27T21:36:48.347+0800: 12.080: Application time: 0.1148459 seconds
2024-07-27T21:36:48.347+0800: 12.080: [GC (Allocation Failure) 2024-07-27T21:36:48.347+0800: 12.080: [ParNew: 77168K->8192K(78656K), 0.0119470 secs] 453634K->453266K(648072K), 0.0120075 secs] [Times: user=0.03 sys=0.00, real=0.01 secs] 
2024-07-27T21:36:48.359+0800: 12.092: Total time for which application threads were stopped: 0.0121215 seconds, Stopping threads took: 0.0000228 seconds
2024-07-27T21:36:48.364+0800: 12.097: Application time: 0.0048136 seconds
2024-07-27T21:36:48.364+0800: 12.097: [GC (Allocation Failure) 2024-07-27T21:36:48.364+0800: 12.097: [ParNew: 77168K->8192K(78656K), 0.0125982 secs] 522243K->521875K(648072K), 0.0126491 secs] [Times: user=0.00 sys=0.00, real=0.01 secs] 
2024-07-27T21:36:48.377+0800: 12.110: Total time for which application threads were stopped: 0.0127528 seconds, Stopping threads took: 0.0000157 seconds
2024-07-27T21:36:48.490+0800: 12.224: Application time: 0.1137476 seconds
2024-07-27T21:36:48.490+0800: 12.224: [GC (Allocation Failure) 2024-07-27T21:36:48.490+0800: 12.224: [ParNew: 77168K->8192K(78656K), 0.0075782 secs] 590852K->557716K(648072K), 0.0076393 secs] [Times: user=0.00 sys=0.00, real=0.01 secs] 
2024-07-27T21:36:48.498+0800: 12.231: Total time for which application threads were stopped: 0.0077513 seconds, Stopping threads took: 0.0000201 seconds
2024-07-27T21:36:48.498+0800: 12.231: [CMS-concurrent-abortable-preclean: 0.008/0.261 secs] [Times: user=0.08 sys=0.00, real=0.26 secs] 
2024-07-27T21:36:48.498+0800: 12.232: Application time: 0.0003569 seconds
2024-07-27T21:36:48.498+0800: 12.232: [GC (CMS Final Remark) [YG occupancy: 13679 K (78656 K)]2024-07-27T21:36:48.498+0800: 12.232: [Rescan (parallel) , 0.0008744 secs]2024-07-27T21:36:48.500+0800: 12.233: [weak refs processing, 0.0000126 secs]2024-07-27T21:36:48.500+0800: 12.233: [class unloading, 0.0001868 secs]2024-07-27T21:36:48.500+0800: 12.233: [scrub symbol table, 0.0003494 secs]2024-07-27T21:36:48.500+0800: 12.233: [scrub string table, 0.0001074 secs][1 CMS-remark: 549524K(569416K)] 563204K(648072K), 0.0015938 secs] [Times: user=0.00 sys=0.00, real=0.00 secs] 
2024-07-27T21:36:48.500+0800: 12.233: Total time for which application threads were stopped: 0.0017889 seconds, Stopping threads took: 0.0001585 seconds
2024-07-27T21:36:48.500+0800: 12.234: [CMS-concurrent-sweep-start]
2024-07-27T21:36:48.502+0800: 12.236: [CMS-concurrent-sweep: 0.002/0.002 secs] [Times: user=0.00 sys=0.00, real=0.00 secs] 
2024-07-27T21:36:48.502+0800: 12.236: [CMS-concurrent-reset-start]
2024-07-27T21:36:48.504+0800: 12.237: [CMS-concurrent-reset: 0.001/0.001 secs] [Times: user=0.00 sys=0.00, real=0.00 secs] 
2024-07-27T21:36:48.613+0800: 12.346: Application time: 0.1127025 seconds
2024-07-27T21:36:48.613+0800: 12.346: [GC (Allocation Failure) 2024-07-27T21:36:48.613+0800: 12.346: [ParNew: 77168K->8192K(78656K), 0.0170244 secs] 285695K->285328K(648072K), 0.0170827 secs] [Times: user=0.05 sys=0.00, real=0.02 secs] 
2024-07-27T21:36:48.630+0800: 12.363: Total time for which application threads were stopped: 0.0172140 seconds, Stopping threads took: 0.0000328 seconds
2024-07-27T21:36:48.631+0800: 12.364: Application time: 0.0002591 seconds
2024-07-27T21:36:48.631+0800: 12.364: [GC (CMS Initial Mark) [1 CMS-initial-mark: 277136K(569416K)] 288767K(648072K), 0.0007684 secs] [Times: user=0.00 sys=0.00, real=0.00 secs] 
2024-07-27T21:36:48.631+0800: 12.365: Total time for which application threads were stopped: 0.0009433 seconds, Stopping threads took: 0.0001340 seconds
2024-07-27T21:36:48.631+0800: 12.365: [CMS-concurrent-mark-start]
2024-07-27T21:36:48.635+0800: 12.369: [CMS-concurrent-mark: 0.004/0.004 secs] [Times: user=0.00 sys=0.00, real=0.00 secs] 
2024-07-27T21:36:48.635+0800: 12.369: [CMS-concurrent-preclean-start]
2024-07-27T21:36:48.636+0800: 12.369: Application time: 0.0048788 seconds
2024-07-27T21:36:48.636+0800: 12.369: [GC (Allocation Failure) 2024-07-27T21:36:48.636+0800: 12.370: [ParNew: 77168K->8192K(78656K), 0.0136012 secs] 354304K->353937K(648072K), 0.0136518 secs] [Times: user=0.03 sys=0.00, real=0.01 secs] 
2024-07-27T21:36:48.650+0800: 12.383: Total time for which application threads were stopped: 0.0137441 seconds, Stopping threads took: 0.0000118 seconds
2024-07-27T21:36:48.651+0800: 12.384: [CMS-concurrent-preclean: 0.001/0.015 secs] [Times: user=0.03 sys=0.00, real=0.02 secs] 
2024-07-27T21:36:48.651+0800: 12.384: [CMS-concurrent-abortable-preclean-start]
2024-07-27T21:36:48.756+0800: 12.490: Application time: 0.1065593 seconds
2024-07-27T21:36:48.756+0800: 12.490: [GC (Allocation Failure) 2024-07-27T21:36:48.756+0800: 12.490: [ParNew: 77168K->8192K(78656K), 0.0077307 secs] 422913K->390801K(648072K), 0.0077893 secs] [Times: user=0.00 sys=0.00, real=0.01 secs] 
2024-07-27T21:36:48.764+0800: 12.498: Total time for which application threads were stopped: 0.0078969 seconds, Stopping threads took: 0.0000184 seconds
2024-07-27T21:36:48.880+0800: 12.613: Application time: 0.1156008 seconds
2024-07-27T21:36:48.880+0800: 12.613: [GC (Allocation Failure) 2024-07-27T21:36:48.881+0800: 12.613: [ParNew: 77168K->8192K(78656K), 0.0121203 secs] 459778K->459410K(648072K), 0.0121842 secs] [Times: user=0.00 sys=0.00, real=0.01 secs] 
2024-07-27T21:36:48.893+0800: 12.626: Total time for which application threads were stopped: 0.0123099 seconds, Stopping threads took: 0.0000191 seconds
2024-07-27T21:36:48.893+0800: 12.626: [CMS-concurrent-abortable-preclean: 0.006/0.241 secs] [Times: user=0.06 sys=0.00, real=0.24 secs] 
2024-07-27T21:36:48.893+0800: 12.626: Application time: 0.0003198 seconds
2024-07-27T21:36:48.893+0800: 12.626: [GC (CMS Final Remark) [YG occupancy: 12655 K (78656 K)]2024-07-27T21:36:48.893+0800: 12.626: [Rescan (parallel) , 0.0009361 secs]2024-07-27T21:36:48.894+0800: 12.627: [weak refs processing, 0.0000132 secs]2024-07-27T21:36:48.894+0800: 12.627: [class unloading, 0.0001855 secs]2024-07-27T21:36:48.894+0800: 12.627: [scrub symbol table, 0.0004445 secs]2024-07-27T21:36:48.895+0800: 12.628: [scrub string table, 0.0000934 secs][1 CMS-remark: 451218K(569416K)] 463874K(648072K), 0.0017420 secs] [Times: user=0.00 sys=0.00, real=0.00 secs] 
2024-07-27T21:36:48.895+0800: 12.628: Total time for which application threads were stopped: 0.0019526 seconds, Stopping threads took: 0.0001738 seconds
2024-07-27T21:36:48.895+0800: 12.628: [CMS-concurrent-sweep-start]
2024-07-27T21:36:48.897+0800: 12.630: [CMS-concurrent-sweep: 0.002/0.002 secs] [Times: user=0.03 sys=0.00, real=0.00 secs] 
2024-07-27T21:36:48.897+0800: 12.630: [CMS-concurrent-reset-start]
2024-07-27T21:36:48.898+0800: 12.631: [CMS-concurrent-reset: 0.001/0.001 secs] [Times: user=0.00 sys=0.00, real=0.00 secs] 
2024-07-27T21:36:48.900+0800: 12.633: Application time: 0.0047676 seconds
2024-07-27T21:36:48.900+0800: 12.633: [GC (Allocation Failure) 2024-07-27T21:36:48.900+0800: 12.633: [ParNew: 77168K->8192K(78656K), 0.0123756 secs] 356352K->355985K(648072K), 0.0124222 secs] [Times: user=0.03 sys=0.00, real=0.01 secs] 
2024-07-27T21:36:48.912+0800: 12.645: Total time for which application threads were stopped: 0.0125295 seconds, Stopping threads took: 0.0000262 seconds
2024-07-27T21:36:48.912+0800: 12.645: Application time: 0.0001782 seconds
2024-07-27T21:36:48.913+0800: 12.645: [GC (CMS Initial Mark) [1 CMS-initial-mark: 347793K(569416K)] 359424K(648072K), 0.0003400 secs] [Times: user=0.00 sys=0.00, real=0.00 secs] 
2024-07-27T21:36:48.913+0800: 12.646: Total time for which application threads were stopped: 0.0004784 seconds, Stopping threads took: 0.0001006 seconds
2024-07-27T21:36:48.913+0800: 12.646: [CMS-concurrent-mark-start]
2024-07-27T21:36:48.915+0800: 12.648: [CMS-concurrent-mark: 0.002/0.002 secs] [Times: user=0.00 sys=0.00, real=0.00 secs] 
2024-07-27T21:36:48.915+0800: 12.648: [CMS-concurrent-preclean-start]
2024-07-27T21:36:48.916+0800: 12.649: [CMS-concurrent-preclean: 0.001/0.001 secs] [Times: user=0.00 sys=0.00, real=0.00 secs] 
2024-07-27T21:36:48.916+0800: 12.649: [CMS-concurrent-abortable-preclean-start]
2024-07-27T21:36:49.025+0800: 12.758: Application time: 0.1121992 seconds
2024-07-27T21:36:49.025+0800: 12.758: [GC (Allocation Failure) 2024-07-27T21:36:49.025+0800: 12.758: [ParNew: 77168K->8192K(78656K), 0.0082156 secs] 424961K->393873K(648072K), 0.0082928 secs] [Times: user=0.00 sys=0.00, real=0.01 secs] 
2024-07-27T21:36:49.034+0800: 12.766: Total time for which application threads were stopped: 0.0084025 seconds, Stopping threads took: 0.0000198 seconds
2024-07-27T21:36:49.149+0800: 12.882: Application time: 0.1157917 seconds
2024-07-27T21:36:49.149+0800: 12.882: [GC (Allocation Failure) 2024-07-27T21:36:49.149+0800: 12.882: [ParNew: 77168K->8192K(78656K), 0.0120317 secs] 462850K->462482K(648072K), 0.0120906 secs] [Times: user=0.03 sys=0.00, real=0.01 secs] 
2024-07-27T21:36:49.161+0800: 12.894: Total time for which application threads were stopped: 0.0121998 seconds, Stopping threads took: 0.0000191 seconds
2024-07-27T21:36:49.161+0800: 12.894: [CMS-concurrent-abortable-preclean: 0.006/0.246 secs] [Times: user=0.05 sys=0.00, real=0.25 secs] 
2024-07-27T21:36:49.161+0800: 12.895: Application time: 0.0003721 seconds
2024-07-27T21:36:49.161+0800: 12.895: [GC (CMS Final Remark) [YG occupancy: 13679 K (78656 K)]2024-07-27T21:36:49.161+0800: 12.895: [Rescan (parallel) , 0.0007431 secs]2024-07-27T21:36:49.162+0800: 12.896: [weak refs processing, 0.0000129 secs]2024-07-27T21:36:49.162+0800: 12.896: [class unloading, 0.0001749 secs]2024-07-27T21:36:49.162+0800: 12.896: [scrub symbol table, 0.0003134 secs]2024-07-27T21:36:49.162+0800: 12.896: [scrub string table, 0.0000979 secs][1 CMS-remark: 454290K(569416K)] 467970K(648072K), 0.0014191 secs] [Times: user=0.00 sys=0.00, real=0.00 secs] 
2024-07-27T21:36:49.164+0800: 12.896: Total time for which application threads were stopped: 0.0016454 seconds, Stopping threads took: 0.0001601 seconds
2024-07-27T21:36:49.164+0800: 12.897: [CMS-concurrent-sweep-start]
2024-07-27T21:36:49.165+0800: 12.898: [CMS-concurrent-sweep: 0.001/0.001 secs] [Times: user=0.00 sys=0.00, real=0.00 secs] 
2024-07-27T21:36:49.165+0800: 12.898: [CMS-concurrent-reset-start]
2024-07-27T21:36:49.165+0800: 12.899: [CMS-concurrent-reset: 0.001/0.001 secs] [Times: user=0.00 sys=0.00, real=0.00 secs] 
2024-07-27T21:36:49.167+0800: 12.901: Application time: 0.0048219 seconds
2024-07-27T21:36:49.168+0800: 12.901: [GC (Allocation Failure) 2024-07-27T21:36:49.168+0800: 12.901: [ParNew: 77168K->8192K(78656K), 0.0123706 secs] 358400K->358033K(648072K), 0.0124194 secs] [Times: user=0.03 sys=0.00, real=0.01 secs] 
2024-07-27T21:36:49.181+0800: 12.914: Total time for which application threads were stopped: 0.0125193 seconds, Stopping threads took: 0.0000133 seconds
2024-07-27T21:36:49.181+0800: 12.914: Application time: 0.0002407 seconds
2024-07-27T21:36:49.181+0800: 12.914: [GC (CMS Initial Mark) [1 CMS-initial-mark: 349841K(569416K)] 361473K(648072K), 0.0008583 secs] [Times: user=0.00 sys=0.00, real=0.00 secs] 
2024-07-27T21:36:49.182+0800: 12.915: Total time for which application threads were stopped: 0.0009915 seconds, Stopping threads took: 0.0000774 seconds
2024-07-27T21:36:49.182+0800: 12.915: [CMS-concurrent-mark-start]
2024-07-27T21:36:49.183+0800: 12.917: [CMS-concurrent-mark: 0.002/0.002 secs] [Times: user=0.00 sys=0.00, real=0.00 secs] 
2024-07-27T21:36:49.183+0800: 12.917: [CMS-concurrent-preclean-start]
2024-07-27T21:36:49.184+0800: 12.918: [CMS-concurrent-preclean: 0.001/0.001 secs] [Times: user=0.00 sys=0.00, real=0.00 secs] 
2024-07-27T21:36:49.184+0800: 12.918: [CMS-concurrent-abortable-preclean-start]
2024-07-27T21:36:49.292+0800: 13.025: Application time: 0.1101613 seconds
2024-07-27T21:36:49.292+0800: 13.025: [GC (Allocation Failure) 2024-07-27T21:36:49.292+0800: 13.025: [ParNew: 77168K->8192K(78656K), 0.0078618 secs] 427010K->396945K(648072K), 0.0079251 secs] [Times: user=0.00 sys=0.00, real=0.01 secs] 
2024-07-27T21:36:49.300+0800: 13.033: Total time for which application threads were stopped: 0.0080362 seconds, Stopping threads took: 0.0000189 seconds
2024-07-27T21:36:49.417+0800: 13.150: Application time: 0.1170994 seconds
2024-07-27T21:36:49.417+0800: 13.150: [GC (Allocation Failure) 2024-07-27T21:36:49.417+0800: 13.150: [ParNew: 77868K->8196K(78656K), 0.0120030 secs] 466622K->465559K(648072K), 0.0120626 secs] [Times: user=0.03 sys=0.00, real=0.01 secs] 
2024-07-27T21:36:49.430+0800: 13.163: Total time for which application threads were stopped: 0.0121791 seconds, Stopping threads took: 0.0000191 seconds
2024-07-27T21:36:49.430+0800: 13.163: [CMS-concurrent-abortable-preclean: 0.006/0.245 secs] [Times: user=0.06 sys=0.00, real=0.25 secs] 
2024-07-27T21:36:49.430+0800: 13.163: Application time: 0.0003930 seconds
2024-07-27T21:36:49.430+0800: 13.163: [GC (CMS Final Remark) [YG occupancy: 14702 K (78656 K)]2024-07-27T21:36:49.430+0800: 13.163: [Rescan (parallel) , 0.0008975 secs]2024-07-27T21:36:49.431+0800: 13.164: [weak refs processing, 0.0000127 secs]2024-07-27T21:36:49.431+0800: 13.164: [class unloading, 0.0002035 secs]2024-07-27T21:36:49.431+0800: 13.164: [scrub symbol table, 0.0003409 secs]2024-07-27T21:36:49.432+0800: 13.165: [scrub string table, 0.0001360 secs][1 CMS-remark: 457362K(569416K)] 472065K(648072K), 0.0016602 secs] [Times: user=0.00 sys=0.00, real=0.00 secs] 
2024-07-27T21:36:49.432+0800: 13.165: Total time for which application threads were stopped: 0.0017737 seconds, Stopping threads took: 0.0000770 seconds
2024-07-27T21:36:49.432+0800: 13.165: [CMS-concurrent-sweep-start]
2024-07-27T21:36:49.434+0800: 13.167: [CMS-concurrent-sweep: 0.002/0.002 secs] [Times: user=0.00 sys=0.00, real=0.00 secs] 
2024-07-27T21:36:49.434+0800: 13.167: [CMS-concurrent-reset-start]
2024-07-27T21:36:49.435+0800: 13.168: [CMS-concurrent-reset: 0.001/0.001 secs] [Times: user=0.00 sys=0.00, real=0.00 secs] 
2024-07-27T21:36:49.436+0800: 13.169: Application time: 0.0047593 seconds
2024-07-27T21:36:49.437+0800: 13.169: [GC (Allocation Failure) 2024-07-27T21:36:49.437+0800: 13.170: [ParNew: 77167K->8192K(78656K), 0.0120495 secs] 185341K->184974K(648072K), 0.0120954 secs] [Times: user=0.03 sys=0.00, real=0.01 secs] 
2024-07-27T21:36:49.449+0800: 13.182: Total time for which application threads were stopped: 0.0121916 seconds, Stopping threads took: 0.0000166 seconds
2024-07-27T21:36:49.449+0800: 13.182: Application time: 0.0002631 seconds
2024-07-27T21:36:49.449+0800: 13.182: [GC (CMS Initial Mark) [1 CMS-initial-mark: 176782K(569416K)] 188411K(648072K), 0.0007226 secs] [Times: user=0.00 sys=0.00, real=0.00 secs] 
2024-07-27T21:36:49.450+0800: 13.183: Total time for which application threads were stopped: 0.0008483 seconds, Stopping threads took: 0.0000843 seconds
2024-07-27T21:36:49.450+0800: 13.183: [CMS-concurrent-mark-start]
2024-07-27T21:36:49.452+0800: 13.185: [CMS-concurrent-mark: 0.002/0.002 secs] [Times: user=0.00 sys=0.00, real=0.00 secs] 
2024-07-27T21:36:49.452+0800: 13.185: [CMS-concurrent-preclean-start]
2024-07-27T21:36:49.452+0800: 13.185: [CMS-concurrent-preclean: 0.001/0.001 secs] [Times: user=0.00 sys=0.00, real=0.00 secs] 
2024-07-27T21:36:49.452+0800: 13.185: [CMS-concurrent-abortable-preclean-start]
2024-07-27T21:36:49.561+0800: 13.294: Application time: 0.1115404 seconds
2024-07-27T21:36:49.561+0800: 13.294: [GC (Allocation Failure) 2024-07-27T21:36:49.561+0800: 13.294: [ParNew: 77165K->8192K(78656K), 0.0079941 secs] 253948K->224911K(648072K), 0.0080523 secs] [Times: user=0.02 sys=0.01, real=0.01 secs] 
2024-07-27T21:36:49.569+0800: 13.302: Total time for which application threads were stopped: 0.0081673 seconds, Stopping threads took: 0.0000191 seconds
2024-07-27T21:36:49.684+0800: 13.418: Application time: 0.1154687 seconds
2024-07-27T21:36:49.684+0800: 13.418: [GC (Allocation Failure) 2024-07-27T21:36:49.684+0800: 13.418: [ParNew: 77166K->8192K(78656K), 0.0123146 secs] 293886K->293520K(648072K), 0.0123808 secs] [Times: user=0.03 sys=0.00, real=0.01 secs] 
2024-07-27T21:36:49.697+0800: 13.430: Total time for which application threads were stopped: 0.0124978 seconds, Stopping threads took: 0.0000194 seconds
2024-07-27T21:36:49.697+0800: 13.430: [CMS-concurrent-abortable-preclean: 0.006/0.245 secs] [Times: user=0.05 sys=0.01, real=0.25 secs] 
2024-07-27T21:36:49.697+0800: 13.431: Application time: 0.0002901 seconds
2024-07-27T21:36:49.697+0800: 13.431: [GC (CMS Final Remark) [YG occupancy: 12654 K (78656 K)]2024-07-27T21:36:49.697+0800: 13.431: [Rescan (parallel) , 0.0010930 secs]2024-07-27T21:36:49.698+0800: 13.432: [weak refs processing, 0.0000127 secs]2024-07-27T21:36:49.698+0800: 13.432: [class unloading, 0.0002161 secs]2024-07-27T21:36:49.699+0800: 13.432: [scrub symbol table, 0.0004110 secs]2024-07-27T21:36:49.700+0800: 13.433: [scrub string table, 0.0000955 secs][1 CMS-remark: 285328K(569416K)] 297982K(648072K), 0.0019200 secs] [Times: user=0.00 sys=0.00, real=0.00 secs] 
2024-07-27T21:36:49.700+0800: 13.433: Total time for which application threads were stopped: 0.0020370 seconds, Stopping threads took: 0.0000761 seconds
2024-07-27T21:36:49.700+0800: 13.433: [CMS-concurrent-sweep-start]
2024-07-27T21:36:49.700+0800: 13.434: [CMS-concurrent-sweep: 0.001/0.001 secs] [Times: user=0.00 sys=0.00, real=0.00 secs] 
2024-07-27T21:36:49.700+0800: 13.434: [CMS-concurrent-reset-start]
2024-07-27T21:36:49.701+0800: 13.435: [CMS-concurrent-reset: 0.001/0.001 secs] [Times: user=0.00 sys=0.00, real=0.00 secs] 
2024-07-27T21:36:49.704+0800: 13.437: Application time: 0.0046617 seconds
2024-07-27T21:36:49.704+0800: 13.437: [GC (Allocation Failure) 2024-07-27T21:36:49.704+0800: 13.437: [ParNew: 77167K->8192K(78656K), 0.0124190 secs] 362495K->362129K(648072K), 0.0124645 secs] [Times: user=0.03 sys=0.00, real=0.01 secs] 
2024-07-27T21:36:49.717+0800: 13.450: Total time for which application threads were stopped: 0.0125579 seconds, Stopping threads took: 0.0000128 seconds
2024-07-27T21:36:49.717+0800: 13.450: Application time: 0.0002421 seconds
2024-07-27T21:36:49.717+0800: 13.450: [GC (CMS Initial Mark) [1 CMS-initial-mark: 353937K(569416K)] 365568K(648072K), 0.0008059 secs] [Times: user=0.00 sys=0.00, real=0.00 secs] 
2024-07-27T21:36:49.718+0800: 13.451: Total time for which application threads were stopped: 0.0009657 seconds, Stopping threads took: 0.0001140 seconds
2024-07-27T21:36:49.718+0800: 13.451: [CMS-concurrent-mark-start]
2024-07-27T21:36:49.719+0800: 13.453: [CMS-concurrent-mark: 0.002/0.002 secs] [Times: user=0.00 sys=0.00, real=0.00 secs] 
2024-07-27T21:36:49.720+0800: 13.453: [CMS-concurrent-preclean-start]
2024-07-27T21:36:49.720+0800: 13.454: [CMS-concurrent-preclean: 0.001/0.001 secs] [Times: user=0.00 sys=0.00, real=0.00 secs] 
2024-07-27T21:36:49.720+0800: 13.454: [CMS-concurrent-abortable-preclean-start]
Heap
 par new generation   total 78656K, used 29414K [0x00000000c8000000, 0x00000000cd550000, 0x00000000daaa0000)
  eden space 69952K,  30% used [0x00000000c8000000, 0x00000000c94b99c8, 0x00000000cc450000)
  from space 8704K,  94% used [0x00000000cccd0000, 0x00000000cd4d0080, 0x00000000cd550000)
  to   space 8704K,   0% used [0x00000000cc450000, 0x00000000cc450000, 0x00000000cccd0000)
 concurrent mark-sweep generation total 569416K, used 353937K [0x00000000daaa0000, 0x00000000fd6b2000, 0x0000000100000000)
 Metaspace       used 2943K, capacity 4486K, committed 4864K, reserved 1056768K
  class space    used 305K, capacity 386K, committed 512K, reserved 1048576K
2024-07-27T21:36:49.826+0800: 13.559: Application time: 0.1080830 seconds
