OpenJDK 64-Bit Server VM (25.412-b1) for windows-amd64 JRE (1.8.0_412-b1), built on Apr 23 2024 12:00:37 by "Administrator" with MS VC++ 10.0 (VS2010)
Memory: 4k page, physical 16672068k(5511124k free), swap 19162436k(4633236k free)
CommandLine flags: -XX:GCDrainStackTargetSize=64 -XX:InitialHeapSize=266753088 -XX:MaxHeapSize=939524096 -XX:MaxNewSize=313176064 -XX:MaxTenuringThreshold=6 -XX:OldPLABSize=16 -XX:+PrintGC -XX:+PrintGCApplicationConcurrentTime -XX:+PrintGCApplicationStoppedTime -XX:+PrintGCDateStamps -XX:+PrintGCDetails -XX:+PrintGCTimeStamps -XX:+UseCompressedClassPointers -XX:+UseCompressedOops -XX:+UseConcMarkSweepGC -XX:-UseLargePagesIndividualAllocation -XX:+UseParNewGC 
2024-07-27T21:37:03.387+0800: 0.109: Application time: 0.0354601 seconds
2024-07-27T21:37:03.387+0800: 0.109: [GC (Allocation Failure) 2024-07-27T21:37:03.388+0800: 0.109: [ParNew: 68984K->7834K(78656K), 0.0354962 secs] 68984K->68253K(253440K), 0.0356980 secs] [Times: user=0.05 sys=0.02, real=0.04 secs] 
2024-07-27T21:37:03.423+0800: 0.145: Total time for which application threads were stopped: 0.0358245 seconds, Stopping threads took: 0.0000192 seconds
2024-07-27T21:37:03.536+0800: 0.258: Application time: 0.1129401 seconds
2024-07-27T21:37:03.536+0800: 0.258: [GC (Allocation Failure) 2024-07-27T21:37:03.536+0800: 0.258: [ParNew: 76804K->8474K(78656K), 0.0244347 secs] 137223K->137125K(253440K), 0.0244938 secs] [Times: user=0.03 sys=0.01, real=0.03 secs] 
2024-07-27T21:37:03.561+0800: 0.283: Total time for which application threads were stopped: 0.0246043 seconds, Stopping threads took: 0.0000189 seconds
2024-07-27T21:37:03.561+0800: 0.283: Application time: 0.0002479 seconds
2024-07-27T21:37:03.561+0800: 0.283: [GC (CMS Initial Mark) [1 CMS-initial-mark: 128651K(174784K)] 140552K(253440K), 0.0008223 secs] [Times: user=0.00 sys=0.00, real=0.00 secs] 
2024-07-27T21:37:03.562+0800: 0.284: Total time for which application threads were stopped: 0.0009977 seconds, Stopping threads took: 0.0001310 seconds
2024-07-27T21:37:03.562+0800: 0.284: [CMS-concurrent-mark-start]
2024-07-27T21:37:03.565+0800: 0.287: [CMS-concurrent-mark: 0.003/0.003 secs] [Times: user=0.00 sys=0.00, real=0.00 secs] 
2024-07-27T21:37:03.565+0800: 0.287: [CMS-concurrent-preclean-start]
2024-07-27T21:37:03.566+0800: 0.288: [CMS-concurrent-preclean: 0.001/0.001 secs] [Times: user=0.00 sys=0.00, real=0.00 secs] 
2024-07-27T21:37:03.566+0800: 0.288: [CMS-concurrent-abortable-preclean-start]
2024-07-27T21:37:03.677+0800: 0.399: Application time: 0.1150353 seconds
2024-07-27T21:37:03.677+0800: 0.399: [GC (Allocation Failure) 2024-07-27T21:37:03.677+0800: 0.399: [ParNew: 77438K->28K(78656K), 0.0012034 secs] 206089K->128681K(253440K), 0.0012573 secs] [Times: user=0.00 sys=0.00, real=0.00 secs] 
2024-07-27T21:37:03.679+0800: 0.400: Total time for which application threads were stopped: 0.0013659 seconds, Stopping threads took: 0.0000203 seconds
2024-07-27T21:37:03.683+0800: 0.405: Application time: 0.0044428 seconds
2024-07-27T21:37:03.683+0800: 0.405: [GC (Allocation Failure) 2024-07-27T21:37:03.683+0800: 0.405: [ParNew: 68996K->8196K(78656K), 0.0297752 secs] 197650K->197266K(268860K), 0.0298489 secs] [Times: user=0.05 sys=0.03, real=0.03 secs] 
2024-07-27T21:37:03.713+0800: 0.435: Total time for which application threads were stopped: 0.0299488 seconds, Stopping threads took: 0.0000133 seconds
2024-07-27T21:37:03.821+0800: 0.543: Application time: 0.1085697 seconds
2024-07-27T21:37:03.822+0800: 0.543: [GC (Allocation Failure) 2024-07-27T21:37:03.822+0800: 0.543: [ParNew: 77168K->8192K(78656K), 0.0229969 secs] 266238K->265872K(337736K), 0.0230569 secs] [Times: user=0.03 sys=0.00, real=0.02 secs] 
2024-07-27T21:37:03.845+0800: 0.566: Total time for which application threads were stopped: 0.0231715 seconds, Stopping threads took: 0.0000189 seconds
2024-07-27T21:37:03.845+0800: 0.566: [CMS-concurrent-abortable-preclean: 0.003/0.278 secs] [Times: user=0.09 sys=0.03, real=0.28 secs] 
2024-07-27T21:37:03.845+0800: 0.567: Application time: 0.0002632 seconds
2024-07-27T21:37:03.845+0800: 0.567: [GC (CMS Final Remark) [YG occupancy: 11628 K (78656 K)]2024-07-27T21:37:03.845+0800: 0.567: [Rescan (parallel) , 0.0006539 secs]2024-07-27T21:37:03.846+0800: 0.568: [weak refs processing, 0.0000122 secs]2024-07-27T21:37:03.846+0800: 0.568: [class unloading, 0.0001954 secs]2024-07-27T21:37:03.846+0800: 0.568: [scrub symbol table, 0.0003095 secs]2024-07-27T21:37:03.846+0800: 0.568: [scrub string table, 0.0000912 secs][1 CMS-remark: 257680K(259080K)] 269308K(337736K), 0.0013859 secs] [Times: user=0.00 sys=0.00, real=0.00 secs] 
2024-07-27T21:37:03.846+0800: 0.568: Total time for which application threads were stopped: 0.0015700 seconds, Stopping threads took: 0.0001474 seconds
2024-07-27T21:37:03.847+0800: 0.568: [CMS-concurrent-sweep-start]
2024-07-27T21:37:03.848+0800: 0.569: [CMS-concurrent-sweep: 0.001/0.001 secs] [Times: user=0.00 sys=0.00, real=0.00 secs] 
2024-07-27T21:37:03.849+0800: 0.571: [CMS-concurrent-reset-start]
2024-07-27T21:37:03.853+0800: 0.575: [CMS-concurrent-reset: 0.004/0.004 secs] [Times: user=0.00 sys=0.00, real=0.00 secs] 
2024-07-27T21:37:03.962+0800: 0.683: Application time: 0.1151282 seconds
2024-07-27T21:37:03.962+0800: 0.683: [GC (Allocation Failure) 2024-07-27T21:37:03.962+0800: 0.683: [ParNew: 77165K->1024K(78656K), 0.0016050 secs] 334844K->258703K(508124K), 0.0016638 secs] [Times: user=0.00 sys=0.00, real=0.00 secs] 
2024-07-27T21:37:03.963+0800: 0.685: Total time for which application threads were stopped: 0.0017786 seconds, Stopping threads took: 0.0000205 seconds
2024-07-27T21:37:03.963+0800: 0.685: Application time: 0.0002580 seconds
2024-07-27T21:37:03.963+0800: 0.686: [GC (CMS Initial Mark) [1 CMS-initial-mark: 257679K(429468K)] 262140K(508124K), 0.0008502 secs] [Times: user=0.00 sys=0.00, real=0.00 secs] 
2024-07-27T21:37:03.964+0800: 0.686: Total time for which application threads were stopped: 0.0010349 seconds, Stopping threads took: 0.0001443 seconds
2024-07-27T21:37:03.964+0800: 0.687: [CMS-concurrent-mark-start]
2024-07-27T21:37:03.968+0800: 0.690: [CMS-concurrent-mark: 0.003/0.003 secs] [Times: user=0.00 sys=0.00, real=0.00 secs] 
2024-07-27T21:37:03.968+0800: 0.690: [CMS-concurrent-preclean-start]
2024-07-27T21:37:03.969+0800: 0.691: [CMS-concurrent-preclean: 0.001/0.001 secs] [Times: user=0.00 sys=0.00, real=0.00 secs] 
2024-07-27T21:37:03.969+0800: 0.691: [CMS-concurrent-abortable-preclean-start]
2024-07-27T21:37:03.970+0800: 0.692: Application time: 0.0053999 seconds
2024-07-27T21:37:03.970+0800: 0.692: [GC (Allocation Failure) 2024-07-27T21:37:03.970+0800: 0.692: [ParNew: 69998K->8192K(78656K), 0.0359850 secs] 327677K->327312K(508124K), 0.0360329 secs] [Times: user=0.09 sys=0.00, real=0.04 secs] 
2024-07-27T21:37:04.006+0800: 0.728: Total time for which application threads were stopped: 0.0361295 seconds, Stopping threads took: 0.0000143 seconds
2024-07-27T21:37:04.121+0800: 0.843: Application time: 0.1153432 seconds
2024-07-27T21:37:04.122+0800: 0.843: [GC (Allocation Failure) 2024-07-27T21:37:04.122+0800: 0.843: [ParNew: 77167K->8192K(78656K), 0.0373399 secs] 396287K->395921K(508124K), 0.0373970 secs] [Times: user=0.06 sys=0.00, real=0.04 secs] 
2024-07-27T21:37:04.159+0800: 0.881: Total time for which application threads were stopped: 0.0375234 seconds, Stopping threads took: 0.0000325 seconds
2024-07-27T21:37:04.159+0800: 0.881: [CMS-concurrent-abortable-preclean: 0.004/0.190 secs] [Times: user=0.16 sys=0.00, real=0.19 secs] 
2024-07-27T21:37:04.159+0800: 0.881: Application time: 0.0003574 seconds
2024-07-27T21:37:04.159+0800: 0.881: [GC (CMS Final Remark) [YG occupancy: 13678 K (78656 K)]2024-07-27T21:37:04.159+0800: 0.881: [Rescan (parallel) , 0.0008716 secs]2024-07-27T21:37:04.160+0800: 0.882: [weak refs processing, 0.0000121 secs]2024-07-27T21:37:04.160+0800: 0.882: [class unloading, 0.0001663 secs]2024-07-27T21:37:04.160+0800: 0.882: [scrub symbol table, 0.0003201 secs]2024-07-27T21:37:04.161+0800: 0.883: [scrub string table, 0.0000901 secs][1 CMS-remark: 387729K(429468K)] 401408K(508124K), 0.0015239 secs] [Times: user=0.02 sys=0.00, real=0.00 secs] 
2024-07-27T21:37:04.161+0800: 0.883: Total time for which application threads were stopped: 0.0016930 seconds, Stopping threads took: 0.0001186 seconds
2024-07-27T21:37:04.161+0800: 0.883: [CMS-concurrent-sweep-start]
2024-07-27T21:37:04.163+0800: 0.885: [CMS-concurrent-sweep: 0.002/0.002 secs] [Times: user=0.00 sys=0.00, real=0.00 secs] 
2024-07-27T21:37:04.163+0800: 0.885: [CMS-concurrent-reset-start]
2024-07-27T21:37:04.164+0800: 0.886: [CMS-concurrent-reset: 0.001/0.001 secs] [Times: user=0.00 sys=0.00, real=0.00 secs] 
2024-07-27T21:37:04.278+0800: 0.999: Application time: 0.1163185 seconds
2024-07-27T21:37:04.278+0800: 0.999: [GC (Allocation Failure) 2024-07-27T21:37:04.278+0800: 0.999: [ParNew: 77167K->2048K(78656K), 0.0019391 secs] 207869K->132749K(508124K), 0.0020004 secs] [Times: user=0.00 sys=0.00, real=0.00 secs] 
2024-07-27T21:37:04.279+0800: 1.001: Total time for which application threads were stopped: 0.0021329 seconds, Stopping threads took: 0.0000357 seconds
2024-07-27T21:37:04.284+0800: 1.006: Application time: 0.0047009 seconds
2024-07-27T21:37:04.284+0800: 1.006: [GC (Allocation Failure) 2024-07-27T21:37:04.284+0800: 1.006: [ParNew: 71024K->8192K(78656K), 0.0263590 secs] 201725K->201358K(508124K), 0.0264175 secs] [Times: user=0.06 sys=0.00, real=0.03 secs] 
2024-07-27T21:37:04.311+0800: 1.033: Total time for which application threads were stopped: 0.0265215 seconds, Stopping threads took: 0.0000155 seconds
2024-07-27T21:37:04.311+0800: 1.033: Application time: 0.0002252 seconds
2024-07-27T21:37:04.311+0800: 1.033: [GC (CMS Initial Mark) [1 CMS-initial-mark: 193166K(429468K)] 204797K(508124K), 0.0008542 secs] [Times: user=0.00 sys=0.00, real=0.00 secs] 
2024-07-27T21:37:04.312+0800: 1.034: Total time for which application threads were stopped: 0.0010521 seconds, Stopping threads took: 0.0001564 seconds
2024-07-27T21:37:04.312+0800: 1.034: [CMS-concurrent-mark-start]
2024-07-27T21:37:04.314+0800: 1.036: [CMS-concurrent-mark: 0.002/0.002 secs] [Times: user=0.00 sys=0.00, real=0.00 secs] 
2024-07-27T21:37:04.314+0800: 1.036: [CMS-concurrent-preclean-start]
2024-07-27T21:37:04.315+0800: 1.037: [CMS-concurrent-preclean: 0.001/0.001 secs] [Times: user=0.00 sys=0.00, real=0.00 secs] 
2024-07-27T21:37:04.315+0800: 1.037: [CMS-concurrent-abortable-preclean-start]
2024-07-27T21:37:04.421+0800: 1.143: Application time: 0.1086882 seconds
2024-07-27T21:37:04.421+0800: 1.143: [GC (Allocation Failure) 2024-07-27T21:37:04.421+0800: 1.143: [ParNew: 77168K->8192K(78656K), 0.0118320 secs] 270334K->269967K(508124K), 0.0118933 secs] [Times: user=0.03 sys=0.00, real=0.01 secs] 
2024-07-27T21:37:04.433+0800: 1.155: Total time for which application threads were stopped: 0.0120098 seconds, Stopping threads took: 0.0000245 seconds
2024-07-27T21:37:04.546+0800: 1.267: Application time: 0.1126411 seconds
2024-07-27T21:37:04.546+0800: 1.267: [GC (Allocation Failure) 2024-07-27T21:37:04.546+0800: 1.267: [ParNew: 77168K->3072K(78656K), 0.0014338 secs] 338943K->264847K(508124K), 0.0015036 secs] [Times: user=0.00 sys=0.00, real=0.00 secs] 
2024-07-27T21:37:04.547+0800: 1.269: Total time for which application threads were stopped: 0.0016135 seconds, Stopping threads took: 0.0000206 seconds
2024-07-27T21:37:04.551+0800: 1.273: Application time: 0.0043237 seconds
2024-07-27T21:37:04.552+0800: 1.273: [GC (Allocation Failure) 2024-07-27T21:37:04.552+0800: 1.273: [ParNew: 72048K->8192K(78656K), 0.0113608 secs] 333823K->333456K(508124K), 0.0114074 secs] [Times: user=0.00 sys=0.00, real=0.01 secs] 
2024-07-27T21:37:04.563+0800: 1.285: Total time for which application threads were stopped: 0.0115083 seconds, Stopping threads took: 0.0000140 seconds
2024-07-27T21:37:04.563+0800: 1.285: [CMS-concurrent-abortable-preclean: 0.005/0.248 secs] [Times: user=0.05 sys=0.00, real=0.25 secs] 
2024-07-27T21:37:04.563+0800: 1.285: Application time: 0.0003001 seconds
2024-07-27T21:37:04.563+0800: 1.285: [GC (CMS Final Remark) [YG occupancy: 12655 K (78656 K)]2024-07-27T21:37:04.563+0800: 1.285: [Rescan (parallel) , 0.0007968 secs]2024-07-27T21:37:04.564+0800: 1.286: [weak refs processing, 0.0000127 secs]2024-07-27T21:37:04.564+0800: 1.286: [class unloading, 0.0001895 secs]2024-07-27T21:37:04.564+0800: 1.286: [scrub symbol table, 0.0003450 secs]2024-07-27T21:37:04.565+0800: 1.286: [scrub string table, 0.0001008 secs][1 CMS-remark: 325264K(429468K)] 337920K(508124K), 0.0015097 secs] [Times: user=0.00 sys=0.00, real=0.00 secs] 
2024-07-27T21:37:04.565+0800: 1.287: Total time for which application threads were stopped: 0.0016733 seconds, Stopping threads took: 0.0001276 seconds
2024-07-27T21:37:04.565+0800: 1.287: [CMS-concurrent-sweep-start]
2024-07-27T21:37:04.567+0800: 1.288: [CMS-concurrent-sweep: 0.001/0.001 secs] [Times: user=0.03 sys=0.00, real=0.00 secs] 
2024-07-27T21:37:04.567+0800: 1.288: [CMS-concurrent-reset-start]
2024-07-27T21:37:04.567+0800: 1.289: [CMS-concurrent-reset: 0.001/0.001 secs] [Times: user=0.00 sys=0.00, real=0.00 secs] 
2024-07-27T21:37:04.672+0800: 1.393: Application time: 0.1063459 seconds
2024-07-27T21:37:04.672+0800: 1.393: [GC (Allocation Failure) 2024-07-27T21:37:04.672+0800: 1.393: [ParNew: 77168K->8192K(78656K), 0.0137472 secs] 272383K->272015K(508124K), 0.0138151 secs] [Times: user=0.03 sys=0.00, real=0.01 secs] 
2024-07-27T21:37:04.686+0800: 1.407: Total time for which application threads were stopped: 0.0139458 seconds, Stopping threads took: 0.0000209 seconds
2024-07-27T21:37:04.686+0800: 1.407: Application time: 0.0000997 seconds
2024-07-27T21:37:04.686+0800: 1.407: [GC (CMS Initial Mark) [1 CMS-initial-mark: 263823K(429468K)] 273039K(508124K), 0.0004371 secs] [Times: user=0.00 sys=0.00, real=0.00 secs] 
2024-07-27T21:37:04.686+0800: 1.408: Total time for which application threads were stopped: 0.0005352 seconds, Stopping threads took: 0.0000479 seconds
2024-07-27T21:37:04.686+0800: 1.408: [CMS-concurrent-mark-start]
2024-07-27T21:37:04.690+0800: 1.412: [CMS-concurrent-mark: 0.004/0.004 secs] [Times: user=0.00 sys=0.00, real=0.00 secs] 
2024-07-27T21:37:04.691+0800: 1.412: [CMS-concurrent-preclean-start]
2024-07-27T21:37:04.692+0800: 1.413: [CMS-concurrent-preclean: 0.001/0.001 secs] [Times: user=0.00 sys=0.00, real=0.00 secs] 
2024-07-27T21:37:04.692+0800: 1.413: [CMS-concurrent-abortable-preclean-start]
2024-07-27T21:37:04.797+0800: 1.518: Application time: 0.1106918 seconds
2024-07-27T21:37:04.797+0800: 1.518: [GC (Allocation Failure) 2024-07-27T21:37:04.797+0800: 1.518: [ParNew: 77168K->4096K(78656K), 0.0017224 secs] 340992K->267919K(508124K), 0.0017788 secs] [Times: user=0.00 sys=0.00, real=0.00 secs] 
2024-07-27T21:37:04.798+0800: 1.520: Total time for which application threads were stopped: 0.0018908 seconds, Stopping threads took: 0.0000202 seconds
2024-07-27T21:37:04.803+0800: 1.524: Application time: 0.0043612 seconds
2024-07-27T21:37:04.803+0800: 1.525: [GC (Allocation Failure) 2024-07-27T21:37:04.803+0800: 1.525: [ParNew: 73072K->8192K(78656K), 0.0122977 secs] 336896K->336528K(508124K), 0.0123455 secs] [Times: user=0.00 sys=0.00, real=0.01 secs] 
2024-07-27T21:37:04.815+0800: 1.537: Total time for which application threads were stopped: 0.0124442 seconds, Stopping threads took: 0.0000154 seconds
2024-07-27T21:37:04.923+0800: 1.645: Application time: 0.1076859 seconds
2024-07-27T21:37:04.923+0800: 1.645: [GC (Allocation Failure) 2024-07-27T21:37:04.923+0800: 1.645: [ParNew: 77168K->8192K(78656K), 0.0117760 secs] 405505K->405137K(508124K), 0.0118362 secs] [Times: user=0.03 sys=0.00, real=0.01 secs] 
2024-07-27T21:37:04.935+0800: 1.657: Total time for which application threads were stopped: 0.0119477 seconds, Stopping threads took: 0.0000205 seconds
2024-07-27T21:37:04.935+0800: 1.657: [CMS-concurrent-abortable-preclean: 0.005/0.243 secs] [Times: user=0.08 sys=0.00, real=0.24 secs] 
2024-07-27T21:37:04.935+0800: 1.657: Application time: 0.0005262 seconds
2024-07-27T21:37:04.935+0800: 1.657: [GC (CMS Final Remark) [YG occupancy: 16751 K (78656 K)]2024-07-27T21:37:04.935+0800: 1.657: [Rescan (parallel) , 0.0010115 secs]2024-07-27T21:37:04.936+0800: 1.658: [weak refs processing, 0.0000593 secs]2024-07-27T21:37:04.937+0800: 1.658: [class unloading, 0.0001929 secs]2024-07-27T21:37:04.937+0800: 1.659: [scrub symbol table, 0.0003396 secs]2024-07-27T21:37:04.937+0800: 1.659: [scrub string table, 0.0000999 secs][1 CMS-remark: 396945K(429468K)] 413697K(508124K), 0.0017718 secs] [Times: user=0.00 sys=0.00, real=0.00 secs] 
2024-07-27T21:37:04.937+0800: 1.659: Total time for which application threads were stopped: 0.0019710 seconds, Stopping threads took: 0.0001588 seconds
2024-07-27T21:37:04.937+0800: 1.659: [CMS-concurrent-sweep-start]
2024-07-27T21:37:04.939+0800: 1.661: [CMS-concurrent-sweep: 0.002/0.002 secs] [Times: user=0.00 sys=0.00, real=0.00 secs] 
2024-07-27T21:37:04.939+0800: 1.661: [CMS-concurrent-reset-start]
2024-07-27T21:37:04.940+0800: 1.662: [CMS-concurrent-reset: 0.001/0.001 secs] [Times: user=0.00 sys=0.00, real=0.00 secs] 
2024-07-27T21:37:05.046+0800: 1.767: Application time: 0.1082953 seconds
2024-07-27T21:37:05.046+0800: 1.767: [GC (Allocation Failure) 2024-07-27T21:37:05.046+0800: 1.767: [ParNew: 77168K->5120K(78656K), 0.0020500 secs] 343040K->270991K(521776K), 0.0021070 secs] [Times: user=0.00 sys=0.00, real=0.00 secs] 
2024-07-27T21:37:05.048+0800: 1.770: Total time for which application threads were stopped: 0.0022262 seconds, Stopping threads took: 0.0000203 seconds
2024-07-27T21:37:05.048+0800: 1.770: Application time: 0.0002368 seconds
2024-07-27T21:37:05.048+0800: 1.770: [GC (CMS Initial Mark) [1 CMS-initial-mark: 265871K(443120K)] 274431K(521776K), 0.0007449 secs] [Times: user=0.00 sys=0.00, real=0.00 secs] 
2024-07-27T21:37:05.049+0800: 1.771: Total time for which application threads were stopped: 0.0008671 seconds, Stopping threads took: 0.0000819 seconds
2024-07-27T21:37:05.049+0800: 1.771: [CMS-concurrent-mark-start]
2024-07-27T21:37:05.052+0800: 1.774: [CMS-concurrent-mark: 0.003/0.003 secs] [Times: user=0.05 sys=0.00, real=0.00 secs] 
2024-07-27T21:37:05.052+0800: 1.774: [CMS-concurrent-preclean-start]
2024-07-27T21:37:05.054+0800: 1.775: [CMS-concurrent-preclean: 0.001/0.001 secs] [Times: user=0.00 sys=0.00, real=0.00 secs] 
2024-07-27T21:37:05.054+0800: 1.775: Application time: 0.0047579 seconds
2024-07-27T21:37:05.054+0800: 1.776: [GC (Allocation Failure) 2024-07-27T21:37:05.054+0800: 1.776: [ParNew: 74096K->8192K(78656K), 0.0114556 secs] 339968K->339600K(521776K), 0.0115043 secs] [Times: user=0.00 sys=0.00, real=0.01 secs] 
2024-07-27T21:37:05.065+0800: 1.787: Total time for which application threads were stopped: 0.0115985 seconds, Stopping threads took: 0.0000129 seconds
2024-07-27T21:37:05.065+0800: 1.787: Application time: 0.0003305 seconds
2024-07-27T21:37:05.066+0800: 1.787: [GC (CMS Final Remark) [YG occupancy: 13679 K (78656 K)]2024-07-27T21:37:05.066+0800: 1.787: [Rescan (parallel) , 0.0007732 secs]2024-07-27T21:37:05.066+0800: 1.788: [weak refs processing, 0.0000124 secs]2024-07-27T21:37:05.066+0800: 1.788: [class unloading, 0.0001949 secs]2024-07-27T21:37:05.067+0800: 1.788: [scrub symbol table, 0.0003378 secs]2024-07-27T21:37:05.067+0800: 1.789: [scrub string table, 0.0000995 secs][1 CMS-remark: 331408K(443120K)] 345088K(521776K), 0.0014813 secs] [Times: user=0.02 sys=0.00, real=0.00 secs] 
2024-07-27T21:37:05.067+0800: 1.789: Total time for which application threads were stopped: 0.0015672 seconds, Stopping threads took: 0.0000497 seconds
2024-07-27T21:37:05.067+0800: 1.789: [CMS-concurrent-sweep-start]
2024-07-27T21:37:05.069+0800: 1.791: [CMS-concurrent-sweep: 0.001/0.001 secs] [Times: user=0.00 sys=0.00, real=0.00 secs] 
2024-07-27T21:37:05.069+0800: 1.791: [CMS-concurrent-reset-start]
2024-07-27T21:37:05.069+0800: 1.791: [CMS-concurrent-reset: 0.001/0.001 secs] [Times: user=0.00 sys=0.00, real=0.00 secs] 
2024-07-27T21:37:05.174+0800: 1.896: Application time: 0.1065426 seconds
2024-07-27T21:37:05.174+0800: 1.896: [GC (Allocation Failure) 2024-07-27T21:37:05.174+0800: 1.896: [ParNew: 77168K->8192K(78656K), 0.0118070 secs] 143357K->142989K(521776K), 0.0118662 secs] [Times: user=0.03 sys=0.00, real=0.01 secs] 
2024-07-27T21:37:05.186+0800: 1.908: Total time for which application threads were stopped: 0.0120252 seconds, Stopping threads took: 0.0000192 seconds
2024-07-27T21:37:05.299+0800: 2.020: Application time: 0.1125660 seconds
2024-07-27T21:37:05.299+0800: 2.020: [GC (Allocation Failure) 2024-07-27T21:37:05.299+0800: 2.020: [ParNew: 77168K->6144K(78656K), 0.0018718 secs] 211966K->140941K(521776K), 0.0019511 secs] [Times: user=0.00 sys=0.00, real=0.00 secs] 
2024-07-27T21:37:05.301+0800: 2.022: Total time for which application threads were stopped: 0.0020682 seconds, Stopping threads took: 0.0000241 seconds
2024-07-27T21:37:05.305+0800: 2.027: Application time: 0.0043359 seconds
2024-07-27T21:37:05.305+0800: 2.027: [GC (Allocation Failure) 2024-07-27T21:37:05.305+0800: 2.027: [ParNew: 75120K->8192K(78656K), 0.0122289 secs] 209918K->209550K(521776K), 0.0122812 secs] [Times: user=0.03 sys=0.00, real=0.01 secs] 
2024-07-27T21:37:05.317+0800: 2.039: Total time for which application threads were stopped: 0.0123825 seconds, Stopping threads took: 0.0000149 seconds
2024-07-27T21:37:05.317+0800: 2.039: Application time: 0.0001287 seconds
2024-07-27T21:37:05.318+0800: 2.039: [GC (CMS Initial Mark) [1 CMS-initial-mark: 201358K(443120K)] 212990K(521776K), 0.0008991 secs] [Times: user=0.00 sys=0.00, real=0.00 secs] 
2024-07-27T21:37:05.319+0800: 2.040: Total time for which application threads were stopped: 0.0011045 seconds, Stopping threads took: 0.0001617 seconds
2024-07-27T21:37:05.319+0800: 2.040: [CMS-concurrent-mark-start]
2024-07-27T21:37:05.321+0800: 2.042: [CMS-concurrent-mark: 0.002/0.002 secs] [Times: user=0.00 sys=0.00, real=0.00 secs] 
2024-07-27T21:37:05.321+0800: 2.043: [CMS-concurrent-preclean-start]
2024-07-27T21:37:05.322+0800: 2.043: [CMS-concurrent-preclean: 0.001/0.001 secs] [Times: user=0.00 sys=0.00, real=0.00 secs] 
2024-07-27T21:37:05.322+0800: 2.043: [CMS-concurrent-abortable-preclean-start]
2024-07-27T21:37:05.425+0800: 2.147: Application time: 0.1064603 seconds
2024-07-27T21:37:05.425+0800: 2.147: [GC (Allocation Failure) 2024-07-27T21:37:05.425+0800: 2.147: [ParNew: 77168K->8192K(78656K), 0.0120622 secs] 278527K->278159K(521776K), 0.0121350 secs] [Times: user=0.03 sys=0.00, real=0.01 secs] 
2024-07-27T21:37:05.437+0800: 2.159: Total time for which application threads were stopped: 0.0122458 seconds, Stopping threads took: 0.0000194 seconds
2024-07-27T21:37:05.549+0800: 2.271: Application time: 0.1118387 seconds
2024-07-27T21:37:05.549+0800: 2.271: [GC (Allocation Failure) 2024-07-27T21:37:05.549+0800: 2.271: [ParNew: 77168K->7168K(78656K), 0.0022455 secs] 347136K->277135K(521776K), 0.0022996 secs] [Times: user=0.00 sys=0.00, real=0.00 secs] 
2024-07-27T21:37:05.551+0800: 2.273: Total time for which application threads were stopped: 0.0024049 seconds, Stopping threads took: 0.0000197 seconds
2024-07-27T21:37:05.551+0800: 2.273: [CMS-concurrent-abortable-preclean: 0.004/0.230 secs] [Times: user=0.03 sys=0.00, real=0.23 secs] 
2024-07-27T21:37:05.552+0800: 2.273: Application time: 0.0003086 seconds
2024-07-27T21:37:05.552+0800: 2.274: [GC (CMS Final Remark) [YG occupancy: 11631 K (78656 K)]2024-07-27T21:37:05.552+0800: 2.274: [Rescan (parallel) , 0.0009778 secs]2024-07-27T21:37:05.553+0800: 2.275: [weak refs processing, 0.0000127 secs]2024-07-27T21:37:05.553+0800: 2.275: [class unloading, 0.0001817 secs]2024-07-27T21:37:05.553+0800: 2.275: [scrub symbol table, 0.0003399 secs]2024-07-27T21:37:05.553+0800: 2.275: [scrub string table, 0.0000975 secs][1 CMS-remark: 269967K(443120K)] 281599K(521776K), 0.0016773 secs] [Times: user=0.00 sys=0.00, real=0.00 secs] 
2024-07-27T21:37:05.554+0800: 2.275: Total time for which application threads were stopped: 0.0018413 seconds, Stopping threads took: 0.0001290 seconds
2024-07-27T21:37:05.554+0800: 2.276: [CMS-concurrent-sweep-start]
2024-07-27T21:37:05.555+0800: 2.277: [CMS-concurrent-sweep: 0.001/0.001 secs] [Times: user=0.00 sys=0.00, real=0.00 secs] 
2024-07-27T21:37:05.555+0800: 2.277: [CMS-concurrent-reset-start]
2024-07-27T21:37:05.556+0800: 2.278: [CMS-concurrent-reset: 0.001/0.001 secs] [Times: user=0.00 sys=0.00, real=0.00 secs] 
2024-07-27T21:37:05.558+0800: 2.280: Application time: 0.0047415 seconds
2024-07-27T21:37:05.558+0800: 2.280: [GC (Allocation Failure) 2024-07-27T21:37:05.558+0800: 2.280: [ParNew: 76144K->8192K(78656K), 0.0117108 secs] 211966K->211598K(521776K), 0.0117609 secs] [Times: user=0.03 sys=0.00, real=0.01 secs] 
2024-07-27T21:37:05.570+0800: 2.292: Total time for which application threads were stopped: 0.0118543 seconds, Stopping threads took: 0.0000125 seconds
2024-07-27T21:37:05.570+0800: 2.292: Application time: 0.0002321 seconds
2024-07-27T21:37:05.571+0800: 2.292: [GC (CMS Initial Mark) [1 CMS-initial-mark: 203406K(443120K)] 215038K(521776K), 0.0008231 secs] [Times: user=0.00 sys=0.00, real=0.00 secs] 
2024-07-27T21:37:05.571+0800: 2.293: Total time for which application threads were stopped: 0.0009806 seconds, Stopping threads took: 0.0001154 seconds
2024-07-27T21:37:05.571+0800: 2.293: [CMS-concurrent-mark-start]
2024-07-27T21:37:05.573+0800: 2.295: [CMS-concurrent-mark: 0.002/0.002 secs] [Times: user=0.00 sys=0.00, real=0.00 secs] 
2024-07-27T21:37:05.573+0800: 2.295: [CMS-concurrent-preclean-start]
2024-07-27T21:37:05.574+0800: 2.296: [CMS-concurrent-preclean: 0.001/0.001 secs] [Times: user=0.00 sys=0.00, real=0.00 secs] 
2024-07-27T21:37:05.574+0800: 2.296: [CMS-concurrent-abortable-preclean-start]
2024-07-27T21:37:05.678+0800: 2.400: Application time: 0.1064351 seconds
2024-07-27T21:37:05.678+0800: 2.400: [GC (Allocation Failure) 2024-07-27T21:37:05.678+0800: 2.400: [ParNew: 77168K->8192K(78656K), 0.0122826 secs] 280575K->280207K(521776K), 0.0123429 secs] [Times: user=0.00 sys=0.00, real=0.01 secs] 
2024-07-27T21:37:05.691+0800: 2.412: Total time for which application threads were stopped: 0.0124665 seconds, Stopping threads took: 0.0000190 seconds
2024-07-27T21:37:05.801+0800: 2.523: Application time: 0.1110413 seconds
2024-07-27T21:37:05.801+0800: 2.523: [GC (Allocation Failure) 2024-07-27T21:37:05.801+0800: 2.523: [ParNew: 77168K->8192K(78656K), 0.0022150 secs] 349184K->280207K(521776K), 0.0022682 secs] [Times: user=0.00 sys=0.00, real=0.00 secs] 
2024-07-27T21:37:05.803+0800: 2.525: Total time for which application threads were stopped: 0.0023886 seconds, Stopping threads took: 0.0000204 seconds
2024-07-27T21:37:05.803+0800: 2.525: [CMS-concurrent-abortable-preclean: 0.005/0.230 secs] [Times: user=0.06 sys=0.00, real=0.23 secs] 
2024-07-27T21:37:05.804+0800: 2.526: Application time: 0.0002966 seconds
2024-07-27T21:37:05.804+0800: 2.526: [GC (CMS Final Remark) [YG occupancy: 12655 K (78656 K)]2024-07-27T21:37:05.804+0800: 2.526: [Rescan (parallel) , 0.0005488 secs]2024-07-27T21:37:05.804+0800: 2.526: [weak refs processing, 0.0000130 secs]2024-07-27T21:37:05.804+0800: 2.526: [class unloading, 0.0001837 secs]2024-07-27T21:37:05.805+0800: 2.527: [scrub symbol table, 0.0003399 secs]2024-07-27T21:37:05.805+0800: 2.527: [scrub string table, 0.0001119 secs][1 CMS-remark: 272015K(443120K)] 284671K(521776K), 0.0012601 secs] [Times: user=0.00 sys=0.00, real=0.00 secs] 
2024-07-27T21:37:05.805+0800: 2.527: Total time for which application threads were stopped: 0.0014220 seconds, Stopping threads took: 0.0001256 seconds
2024-07-27T21:37:05.805+0800: 2.527: [CMS-concurrent-sweep-start]
2024-07-27T21:37:05.807+0800: 2.529: [CMS-concurrent-sweep: 0.001/0.001 secs] [Times: user=0.00 sys=0.00, real=0.00 secs] 
2024-07-27T21:37:05.807+0800: 2.529: [CMS-concurrent-reset-start]
2024-07-27T21:37:05.808+0800: 2.530: [CMS-concurrent-reset: 0.001/0.001 secs] [Times: user=0.00 sys=0.00, real=0.00 secs] 
2024-07-27T21:37:05.810+0800: 2.532: Application time: 0.0048000 seconds
2024-07-27T21:37:05.810+0800: 2.532: [GC (Allocation Failure) 2024-07-27T21:37:05.810+0800: 2.532: [ParNew: 77168K->8192K(78656K), 0.0120722 secs] 214014K->213646K(521776K), 0.0121248 secs] [Times: user=0.03 sys=0.00, real=0.01 secs] 
2024-07-27T21:37:05.822+0800: 2.544: Total time for which application threads were stopped: 0.0122290 seconds, Stopping threads took: 0.0000144 seconds
2024-07-27T21:37:05.822+0800: 2.544: Application time: 0.0002198 seconds
2024-07-27T21:37:05.823+0800: 2.545: [GC (CMS Initial Mark) [1 CMS-initial-mark: 205454K(443120K)] 217086K(521776K), 0.0008919 secs] [Times: user=0.00 sys=0.00, real=0.00 secs] 
2024-07-27T21:37:05.823+0800: 2.546: Total time for which application threads were stopped: 0.0011256 seconds, Stopping threads took: 0.0001896 seconds
2024-07-27T21:37:05.824+0800: 2.546: [CMS-concurrent-mark-start]
2024-07-27T21:37:05.826+0800: 2.548: [CMS-concurrent-mark: 0.002/0.002 secs] [Times: user=0.00 sys=0.00, real=0.00 secs] 
2024-07-27T21:37:05.826+0800: 2.548: [CMS-concurrent-preclean-start]
2024-07-27T21:37:05.826+0800: 2.548: [CMS-concurrent-preclean: 0.001/0.001 secs] [Times: user=0.00 sys=0.00, real=0.00 secs] 
2024-07-27T21:37:05.826+0800: 2.548: [CMS-concurrent-abortable-preclean-start]
2024-07-27T21:37:05.944+0800: 2.666: Application time: 0.1200707 seconds
2024-07-27T21:37:05.944+0800: 2.666: [GC (Allocation Failure) 2024-07-27T21:37:05.944+0800: 2.666: [ParNew: 77168K->8192K(78656K), 0.0118675 secs] 282623K->282255K(521776K), 0.0119268 secs] [Times: user=0.00 sys=0.00, real=0.01 secs] 
2024-07-27T21:37:05.956+0800: 2.678: Total time for which application threads were stopped: 0.0120494 seconds, Stopping threads took: 0.0000196 seconds
2024-07-27T21:37:06.068+0800: 2.789: Application time: 0.1116091 seconds
2024-07-27T21:37:06.068+0800: 2.789: [GC (Allocation Failure) 2024-07-27T21:37:06.068+0800: 2.789: [ParNew: 77168K->8192K(78656K), 0.0025831 secs] 351232K->283279K(521776K), 0.0026387 secs] [Times: user=0.00 sys=0.00, real=0.00 secs] 
2024-07-27T21:37:06.070+0800: 2.792: Total time for which application threads were stopped: 0.0027437 seconds, Stopping threads took: 0.0000190 seconds
2024-07-27T21:37:06.070+0800: 2.792: [CMS-concurrent-abortable-preclean: 0.005/0.244 secs] [Times: user=0.06 sys=0.00, real=0.24 secs] 
2024-07-27T21:37:06.071+0800: 2.792: Application time: 0.0003272 seconds
2024-07-27T21:37:06.071+0800: 2.792: [GC (CMS Final Remark) [YG occupancy: 12655 K (78656 K)]2024-07-27T21:37:06.071+0800: 2.792: [Rescan (parallel) , 0.0008667 secs]2024-07-27T21:37:06.072+0800: 2.793: [weak refs processing, 0.0000126 secs]2024-07-27T21:37:06.072+0800: 2.793: [class unloading, 0.0001730 secs]2024-07-27T21:37:06.072+0800: 2.794: [scrub symbol table, 0.0003430 secs]2024-07-27T21:37:06.072+0800: 2.794: [scrub string table, 0.0001133 secs][1 CMS-remark: 275087K(443120K)] 287743K(521776K), 0.0015700 secs] [Times: user=0.00 sys=0.00, real=0.00 secs] 
2024-07-27T21:37:06.072+0800: 2.794: Total time for which application threads were stopped: 0.0016725 seconds, Stopping threads took: 0.0000686 seconds
2024-07-27T21:37:06.073+0800: 2.794: [CMS-concurrent-sweep-start]
2024-07-27T21:37:06.074+0800: 2.796: [CMS-concurrent-sweep: 0.001/0.001 secs] [Times: user=0.00 sys=0.00, real=0.00 secs] 
2024-07-27T21:37:06.074+0800: 2.796: [CMS-concurrent-reset-start]
2024-07-27T21:37:06.075+0800: 2.797: [CMS-concurrent-reset: 0.001/0.001 secs] [Times: user=0.00 sys=0.00, real=0.00 secs] 
2024-07-27T21:37:06.077+0800: 2.799: Application time: 0.0047118 seconds
2024-07-27T21:37:06.077+0800: 2.799: [GC (Allocation Failure) 2024-07-27T21:37:06.077+0800: 2.799: [ParNew: 77168K->8192K(78656K), 0.0120027 secs] 216062K->215694K(521776K), 0.0120506 secs] [Times: user=0.03 sys=0.00, real=0.01 secs] 
2024-07-27T21:37:06.089+0800: 2.811: Total time for which application threads were stopped: 0.0121435 seconds, Stopping threads took: 0.0000128 seconds
2024-07-27T21:37:06.089+0800: 2.811: Application time: 0.0001833 seconds
2024-07-27T21:37:06.090+0800: 2.811: [GC (CMS Initial Mark) [1 CMS-initial-mark: 207502K(443120K)] 219134K(521776K), 0.0006901 secs] [Times: user=0.00 sys=0.00, real=0.00 secs] 
2024-07-27T21:37:06.090+0800: 2.812: Total time for which application threads were stopped: 0.0008759 seconds, Stopping threads took: 0.0001437 seconds
2024-07-27T21:37:06.090+0800: 2.812: [CMS-concurrent-mark-start]
2024-07-27T21:37:06.092+0800: 2.814: [CMS-concurrent-mark: 0.002/0.002 secs] [Times: user=0.00 sys=0.00, real=0.00 secs] 
2024-07-27T21:37:06.092+0800: 2.814: [CMS-concurrent-preclean-start]
2024-07-27T21:37:06.093+0800: 2.814: [CMS-concurrent-preclean: 0.001/0.001 secs] [Times: user=0.00 sys=0.00, real=0.00 secs] 
2024-07-27T21:37:06.093+0800: 2.814: [CMS-concurrent-abortable-preclean-start]
2024-07-27T21:37:06.195+0800: 2.917: Application time: 0.1050444 seconds
2024-07-27T21:37:06.195+0800: 2.917: [GC (Allocation Failure) 2024-07-27T21:37:06.195+0800: 2.917: [ParNew: 77168K->8192K(78656K), 0.0118821 secs] 284671K->284303K(521776K), 0.0119425 secs] [Times: user=0.00 sys=0.00, real=0.01 secs] 
2024-07-27T21:37:06.207+0800: 2.929: Total time for which application threads were stopped: 0.0120538 seconds, Stopping threads took: 0.0000187 seconds
2024-07-27T21:37:06.319+0800: 3.041: Application time: 0.1118719 seconds
2024-07-27T21:37:06.319+0800: 3.041: [GC (Allocation Failure) 2024-07-27T21:37:06.319+0800: 3.041: [ParNew: 77168K->8192K(78656K), 0.0028785 secs] 353280K->286351K(521776K), 0.0029333 secs] [Times: user=0.00 sys=0.00, real=0.00 secs] 
2024-07-27T21:37:06.322+0800: 3.044: Total time for which application threads were stopped: 0.0030418 seconds, Stopping threads took: 0.0000180 seconds
2024-07-27T21:37:06.322+0800: 3.044: [CMS-concurrent-abortable-preclean: 0.003/0.230 secs] [Times: user=0.00 sys=0.00, real=0.23 secs] 
2024-07-27T21:37:06.322+0800: 3.044: Application time: 0.0002806 seconds
2024-07-27T21:37:06.322+0800: 3.044: [GC (CMS Final Remark) [YG occupancy: 12655 K (78656 K)]2024-07-27T21:37:06.322+0800: 3.044: [Rescan (parallel) , 0.0007563 secs]2024-07-27T21:37:06.323+0800: 3.045: [weak refs processing, 0.0000124 secs]2024-07-27T21:37:06.323+0800: 3.045: [class unloading, 0.0001858 secs]2024-07-27T21:37:06.323+0800: 3.045: [scrub symbol table, 0.0003378 secs]2024-07-27T21:37:06.323+0800: 3.046: [scrub string table, 0.0001048 secs][1 CMS-remark: 278159K(443120K)] 290815K(521776K), 0.0014590 secs] [Times: user=0.00 sys=0.00, real=0.00 secs] 
2024-07-27T21:37:06.324+0800: 3.046: Total time for which application threads were stopped: 0.0015661 seconds, Stopping threads took: 0.0000725 seconds
2024-07-27T21:37:06.324+0800: 3.046: [CMS-concurrent-sweep-start]
2024-07-27T21:37:06.325+0800: 3.047: [CMS-concurrent-sweep: 0.001/0.001 secs] [Times: user=0.00 sys=0.00, real=0.00 secs] 
2024-07-27T21:37:06.325+0800: 3.047: [CMS-concurrent-reset-start]
2024-07-27T21:37:06.326+0800: 3.048: [CMS-concurrent-reset: 0.001/0.001 secs] [Times: user=0.00 sys=0.00, real=0.00 secs] 
2024-07-27T21:37:06.328+0800: 3.051: Application time: 0.0047387 seconds
2024-07-27T21:37:06.328+0800: 3.051: [GC (Allocation Failure) 2024-07-27T21:37:06.328+0800: 3.051: [ParNew: 77168K->8192K(78656K), 0.0122969 secs] 218110K->217742K(521776K), 0.0123451 secs] [Times: user=0.03 sys=0.00, real=0.01 secs] 
2024-07-27T21:37:06.341+0800: 3.063: Total time for which application threads were stopped: 0.0124383 seconds, Stopping threads took: 0.0000123 seconds
2024-07-27T21:37:06.341+0800: 3.063: Application time: 0.0002444 seconds
2024-07-27T21:37:06.341+0800: 3.063: [GC (CMS Initial Mark) [1 CMS-initial-mark: 209550K(443120K)] 221182K(521776K), 0.0008322 secs] [Times: user=0.00 sys=0.00, real=0.00 secs] 
2024-07-27T21:37:06.343+0800: 3.064: Total time for which application threads were stopped: 0.0009540 seconds, Stopping threads took: 0.0000805 seconds
2024-07-27T21:37:06.343+0800: 3.064: [CMS-concurrent-mark-start]
2024-07-27T21:37:06.344+0800: 3.066: [CMS-concurrent-mark: 0.002/0.002 secs] [Times: user=0.00 sys=0.00, real=0.00 secs] 
2024-07-27T21:37:06.344+0800: 3.066: [CMS-concurrent-preclean-start]
2024-07-27T21:37:06.345+0800: 3.067: [CMS-concurrent-preclean: 0.001/0.001 secs] [Times: user=0.00 sys=0.00, real=0.00 secs] 
2024-07-27T21:37:06.345+0800: 3.067: [CMS-concurrent-abortable-preclean-start]
2024-07-27T21:37:06.462+0800: 3.184: Application time: 0.1195348 seconds
2024-07-27T21:37:06.462+0800: 3.184: [GC (Allocation Failure) 2024-07-27T21:37:06.462+0800: 3.184: [ParNew: 77168K->8192K(78656K), 0.0117783 secs] 286719K->286351K(521776K), 0.0118425 secs] [Times: user=0.03 sys=0.00, real=0.01 secs] 
2024-07-27T21:37:06.474+0800: 3.196: Total time for which application threads were stopped: 0.0119518 seconds, Stopping threads took: 0.0000191 seconds
2024-07-27T21:37:06.585+0800: 3.306: Application time: 0.1106331 seconds
2024-07-27T21:37:06.585+0800: 3.306: [GC (Allocation Failure) 2024-07-27T21:37:06.585+0800: 3.306: [ParNew: 77168K->8192K(78656K), 0.0025499 secs] 355328K->289423K(521776K), 0.0026030 secs] [Times: user=0.00 sys=0.00, real=0.00 secs] 
2024-07-27T21:37:06.587+0800: 3.309: Total time for which application threads were stopped: 0.0027173 seconds, Stopping threads took: 0.0000198 seconds
2024-07-27T21:37:06.587+0800: 3.309: [CMS-concurrent-abortable-preclean: 0.005/0.242 secs] [Times: user=0.03 sys=0.00, real=0.24 secs] 
2024-07-27T21:37:06.587+0800: 3.309: Application time: 0.0003993 seconds
2024-07-27T21:37:06.587+0800: 3.310: [GC (CMS Final Remark) [YG occupancy: 14703 K (78656 K)]2024-07-27T21:37:06.587+0800: 3.310: [Rescan (parallel) , 0.0006270 secs]2024-07-27T21:37:06.589+0800: 3.310: [weak refs processing, 0.0000164 secs]2024-07-27T21:37:06.589+0800: 3.310: [class unloading, 0.0001868 secs]2024-07-27T21:37:06.589+0800: 3.310: [scrub symbol table, 0.0003495 secs]2024-07-27T21:37:06.589+0800: 3.311: [scrub string table, 0.0000990 secs][1 CMS-remark: 281231K(443120K)] 295935K(521776K), 0.0013411 secs] [Times: user=0.00 sys=0.00, real=0.00 secs] 
2024-07-27T21:37:06.589+0800: 3.311: Total time for which application threads were stopped: 0.0015067 seconds, Stopping threads took: 0.0001300 seconds
2024-07-27T21:37:06.590+0800: 3.311: [CMS-concurrent-sweep-start]
2024-07-27T21:37:06.591+0800: 3.312: [CMS-concurrent-sweep: 0.001/0.001 secs] [Times: user=0.00 sys=0.00, real=0.00 secs] 
2024-07-27T21:37:06.591+0800: 3.312: [CMS-concurrent-reset-start]
2024-07-27T21:37:06.592+0800: 3.314: [CMS-concurrent-reset: 0.001/0.001 secs] [Times: user=0.00 sys=0.00, real=0.00 secs] 
2024-07-27T21:37:06.594+0800: 3.316: Application time: 0.0046534 seconds
2024-07-27T21:37:06.594+0800: 3.316: [GC (Allocation Failure) 2024-07-27T21:37:06.594+0800: 3.316: [ParNew: 77168K->8192K(78656K), 0.0118382 secs] 220158K->219790K(521776K), 0.0118852 secs] [Times: user=0.03 sys=0.00, real=0.01 secs] 
2024-07-27T21:37:06.606+0800: 3.328: Total time for which application threads were stopped: 0.0119786 seconds, Stopping threads took: 0.0000124 seconds
2024-07-27T21:37:06.606+0800: 3.328: Application time: 0.0002307 seconds
2024-07-27T21:37:06.606+0800: 3.328: [GC (CMS Initial Mark) [1 CMS-initial-mark: 211598K(443120K)] 223230K(521776K), 0.0007633 secs] [Times: user=0.00 sys=0.00, real=0.00 secs] 
2024-07-27T21:37:06.607+0800: 3.329: Total time for which application threads were stopped: 0.0009036 seconds, Stopping threads took: 0.0000983 seconds
2024-07-27T21:37:06.607+0800: 3.329: [CMS-concurrent-mark-start]
2024-07-27T21:37:06.609+0800: 3.331: [CMS-concurrent-mark: 0.002/0.002 secs] [Times: user=0.00 sys=0.00, real=0.00 secs] 
2024-07-27T21:37:06.609+0800: 3.331: [CMS-concurrent-preclean-start]
2024-07-27T21:37:06.609+0800: 3.331: [CMS-concurrent-preclean: 0.001/0.001 secs] [Times: user=0.00 sys=0.00, real=0.00 secs] 
2024-07-27T21:37:06.609+0800: 3.331: [CMS-concurrent-abortable-preclean-start]
2024-07-27T21:37:06.727+0800: 3.449: Application time: 0.1200076 seconds
2024-07-27T21:37:06.727+0800: 3.449: [GC (Allocation Failure) 2024-07-27T21:37:06.727+0800: 3.449: [ParNew: 77168K->8192K(78656K), 0.0120388 secs] 288767K->288399K(521776K), 0.0120984 secs] [Times: user=0.00 sys=0.02, real=0.01 secs] 
2024-07-27T21:37:06.739+0800: 3.461: Total time for which application threads were stopped: 0.0122108 seconds, Stopping threads took: 0.0000194 seconds
2024-07-27T21:37:06.850+0800: 3.572: Application time: 0.1109272 seconds
2024-07-27T21:37:06.851+0800: 3.572: [GC (Allocation Failure) 2024-07-27T21:37:06.851+0800: 3.572: [ParNew: 77168K->8192K(78656K), 0.0028868 secs] 357376K->292495K(521776K), 0.0029496 secs] [Times: user=0.00 sys=0.00, real=0.00 secs] 
2024-07-27T21:37:06.853+0800: 3.575: Total time for which application threads were stopped: 0.0030759 seconds, Stopping threads took: 0.0000234 seconds
2024-07-27T21:37:06.854+0800: 3.575: [CMS-concurrent-abortable-preclean: 0.005/0.244 secs] [Times: user=0.00 sys=0.02, real=0.25 secs] 
2024-07-27T21:37:06.854+0800: 3.575: Application time: 0.0003953 seconds
2024-07-27T21:37:06.854+0800: 3.576: [GC (CMS Final Remark) [YG occupancy: 14703 K (78656 K)]2024-07-27T21:37:06.854+0800: 3.576: [Rescan (parallel) , 0.0008958 secs]2024-07-27T21:37:06.855+0800: 3.576: [weak refs processing, 0.0000127 secs]2024-07-27T21:37:06.855+0800: 3.576: [class unloading, 0.0001736 secs]2024-07-27T21:37:06.855+0800: 3.577: [scrub symbol table, 0.0003359 secs]2024-07-27T21:37:06.855+0800: 3.577: [scrub string table, 0.0001208 secs][1 CMS-remark: 284303K(443120K)] 299007K(521776K), 0.0016022 secs] [Times: user=0.00 sys=0.00, real=0.00 secs] 
2024-07-27T21:37:06.855+0800: 3.577: Total time for which application threads were stopped: 0.0017661 seconds, Stopping threads took: 0.0001285 seconds
2024-07-27T21:37:06.855+0800: 3.577: [CMS-concurrent-sweep-start]
2024-07-27T21:37:06.857+0800: 3.578: [CMS-concurrent-sweep: 0.001/0.001 secs] [Times: user=0.00 sys=0.00, real=0.00 secs] 
2024-07-27T21:37:06.857+0800: 3.579: [CMS-concurrent-reset-start]
2024-07-27T21:37:06.858+0800: 3.580: [CMS-concurrent-reset: 0.001/0.001 secs] [Times: user=0.00 sys=0.00, real=0.00 secs] 
2024-07-27T21:37:06.860+0800: 3.582: Application time: 0.0046533 seconds
2024-07-27T21:37:06.860+0800: 3.582: [GC (Allocation Failure) 2024-07-27T21:37:06.860+0800: 3.582: [ParNew: 77168K->8192K(78656K), 0.0122890 secs] 222206K->221838K(521776K), 0.0123379 secs] [Times: user=0.03 sys=0.00, real=0.01 secs] 
2024-07-27T21:37:06.873+0800: 3.594: Total time for which application threads were stopped: 0.0124327 seconds, Stopping threads took: 0.0000127 seconds
2024-07-27T21:37:06.873+0800: 3.594: Application time: 0.0002533 seconds
2024-07-27T21:37:06.873+0800: 3.595: [GC (CMS Initial Mark) [1 CMS-initial-mark: 213646K(443120K)] 225278K(521776K), 0.0007591 secs] [Times: user=0.00 sys=0.00, real=0.00 secs] 
2024-07-27T21:37:06.874+0800: 3.595: Total time for which application threads were stopped: 0.0008796 seconds, Stopping threads took: 0.0000792 seconds
2024-07-27T21:37:06.874+0800: 3.595: [CMS-concurrent-mark-start]
2024-07-27T21:37:06.876+0800: 3.597: [CMS-concurrent-mark: 0.002/0.002 secs] [Times: user=0.00 sys=0.00, real=0.00 secs] 
2024-07-27T21:37:06.876+0800: 3.597: [CMS-concurrent-preclean-start]
2024-07-27T21:37:06.876+0800: 3.598: [CMS-concurrent-preclean: 0.001/0.001 secs] [Times: user=0.00 sys=0.00, real=0.00 secs] 
2024-07-27T21:37:06.876+0800: 3.598: [CMS-concurrent-abortable-preclean-start]
2024-07-27T21:37:06.992+0800: 3.714: Application time: 0.1190371 seconds
2024-07-27T21:37:06.992+0800: 3.714: [GC (Allocation Failure) 2024-07-27T21:37:06.993+0800: 3.715: [ParNew: 77168K->8192K(78656K), 0.0121010 secs] 290815K->290447K(521776K), 0.0121624 secs] [Times: user=0.00 sys=0.02, real=0.01 secs] 
2024-07-27T21:37:07.005+0800: 3.727: Total time for which application threads were stopped: 0.0122724 seconds, Stopping threads took: 0.0000203 seconds
2024-07-27T21:37:07.115+0800: 3.837: Application time: 0.1108143 seconds
2024-07-27T21:37:07.115+0800: 3.838: [GC (Allocation Failure) 2024-07-27T21:37:07.115+0800: 3.838: [ParNew: 77168K->8192K(78656K), 0.0027950 secs] 359424K->295567K(521776K), 0.0028493 secs] [Times: user=0.00 sys=0.00, real=0.00 secs] 
2024-07-27T21:37:07.118+0800: 3.840: Total time for which application threads were stopped: 0.0029570 seconds, Stopping threads took: 0.0000195 seconds
2024-07-27T21:37:07.118+0800: 3.841: [CMS-concurrent-abortable-preclean: 0.005/0.243 secs] [Times: user=0.00 sys=0.02, real=0.24 secs] 
2024-07-27T21:37:07.119+0800: 3.841: Application time: 0.0003957 seconds
2024-07-27T21:37:07.119+0800: 3.841: [GC (CMS Final Remark) [YG occupancy: 14703 K (78656 K)]2024-07-27T21:37:07.119+0800: 3.841: [Rescan (parallel) , 0.0007387 secs]2024-07-27T21:37:07.120+0800: 3.842: [weak refs processing, 0.0000127 secs]2024-07-27T21:37:07.120+0800: 3.842: [class unloading, 0.0001761 secs]2024-07-27T21:37:07.120+0800: 3.842: [scrub symbol table, 0.0003415 secs]2024-07-27T21:37:07.120+0800: 3.842: [scrub string table, 0.0000984 secs][1 CMS-remark: 287375K(443120K)] 302079K(521776K), 0.0014397 secs] [Times: user=0.00 sys=0.00, real=0.00 secs] 
2024-07-27T21:37:07.120+0800: 3.842: Total time for which application threads were stopped: 0.0015660 seconds, Stopping threads took: 0.0000916 seconds
2024-07-27T21:37:07.120+0800: 3.843: [CMS-concurrent-sweep-start]
2024-07-27T21:37:07.122+0800: 3.844: [CMS-concurrent-sweep: 0.001/0.001 secs] [Times: user=0.00 sys=0.00, real=0.00 secs] 
2024-07-27T21:37:07.122+0800: 3.844: [CMS-concurrent-reset-start]
2024-07-27T21:37:07.124+0800: 3.845: [CMS-concurrent-reset: 0.001/0.001 secs] [Times: user=0.00 sys=0.00, real=0.00 secs] 
2024-07-27T21:37:07.125+0800: 3.847: Application time: 0.0046797 seconds
2024-07-27T21:37:07.125+0800: 3.847: [GC (Allocation Failure) 2024-07-27T21:37:07.125+0800: 3.847: [ParNew: 77168K->8192K(78656K), 0.0121654 secs] 224254K->223886K(521776K), 0.0122140 secs] [Times: user=0.03 sys=0.00, real=0.01 secs] 
2024-07-27T21:37:07.137+0800: 3.859: Total time for which application threads were stopped: 0.0123076 seconds, Stopping threads took: 0.0000127 seconds
2024-07-27T21:37:07.137+0800: 3.860: Application time: 0.0002373 seconds
2024-07-27T21:37:07.137+0800: 3.860: [GC (CMS Initial Mark) [1 CMS-initial-mark: 215694K(443120K)] 227326K(521776K), 0.0008297 secs] [Times: user=0.00 sys=0.00, real=0.00 secs] 
2024-07-27T21:37:07.139+0800: 3.861: Total time for which application threads were stopped: 0.0009487 seconds, Stopping threads took: 0.0000783 seconds
2024-07-27T21:37:07.139+0800: 3.861: [CMS-concurrent-mark-start]
2024-07-27T21:37:07.140+0800: 3.862: [CMS-concurrent-mark: 0.002/0.002 secs] [Times: user=0.00 sys=0.00, real=0.00 secs] 
2024-07-27T21:37:07.140+0800: 3.862: [CMS-concurrent-preclean-start]
2024-07-27T21:37:07.141+0800: 3.863: [CMS-concurrent-preclean: 0.001/0.001 secs] [Times: user=0.00 sys=0.00, real=0.00 secs] 
2024-07-27T21:37:07.141+0800: 3.863: [CMS-concurrent-abortable-preclean-start]
2024-07-27T21:37:07.244+0800: 3.967: Application time: 0.1059702 seconds
2024-07-27T21:37:07.244+0800: 3.967: [GC (Allocation Failure) 2024-07-27T21:37:07.244+0800: 3.967: [ParNew: 77168K->8192K(78656K), 0.0122484 secs] 292863K->292495K(521776K), 0.0123109 secs] [Times: user=0.03 sys=0.00, real=0.01 secs] 
2024-07-27T21:37:07.258+0800: 3.979: Total time for which application threads were stopped: 0.0124203 seconds, Stopping threads took: 0.0000191 seconds
2024-07-27T21:37:07.367+0800: 4.089: Application time: 0.1099037 seconds
2024-07-27T21:37:07.367+0800: 4.089: [GC (Allocation Failure) 2024-07-27T21:37:07.367+0800: 4.089: [ParNew: 77168K->8192K(78656K), 0.0033356 secs] 361472K->298639K(521776K), 0.0033948 secs] [Times: user=0.00 sys=0.00, real=0.00 secs] 
2024-07-27T21:37:07.371+0800: 4.092: Total time for which application threads were stopped: 0.0035070 seconds, Stopping threads took: 0.0000210 seconds
2024-07-27T21:37:07.371+0800: 4.093: [CMS-concurrent-abortable-preclean: 0.005/0.230 secs] [Times: user=0.03 sys=0.00, real=0.23 secs] 
2024-07-27T21:37:07.371+0800: 4.093: Application time: 0.0004276 seconds
2024-07-27T21:37:07.371+0800: 4.093: [GC (CMS Final Remark) [YG occupancy: 14703 K (78656 K)]2024-07-27T21:37:07.371+0800: 4.093: [Rescan (parallel) , 0.0008931 secs]2024-07-27T21:37:07.372+0800: 4.094: [weak refs processing, 0.0000130 secs]2024-07-27T21:37:07.372+0800: 4.094: [class unloading, 0.0001745 secs]2024-07-27T21:37:07.373+0800: 4.094: [scrub symbol table, 0.0003114 secs]2024-07-27T21:37:07.373+0800: 4.094: [scrub string table, 0.0000920 secs][1 CMS-remark: 290447K(443120K)] 305151K(521776K), 0.0015472 secs] [Times: user=0.00 sys=0.00, real=0.00 secs] 
2024-07-27T21:37:07.373+0800: 4.095: Total time for which application threads were stopped: 0.0017297 seconds, Stopping threads took: 0.0001337 seconds
2024-07-27T21:37:07.373+0800: 4.095: [CMS-concurrent-sweep-start]
2024-07-27T21:37:07.375+0800: 4.096: [CMS-concurrent-sweep: 0.001/0.001 secs] [Times: user=0.00 sys=0.00, real=0.00 secs] 
2024-07-27T21:37:07.375+0800: 4.096: [CMS-concurrent-reset-start]
2024-07-27T21:37:07.376+0800: 4.098: [CMS-concurrent-reset: 0.001/0.001 secs] [Times: user=0.00 sys=0.00, real=0.00 secs] 
2024-07-27T21:37:07.378+0800: 4.099: Application time: 0.0047054 seconds
2024-07-27T21:37:07.378+0800: 4.099: [GC (Allocation Failure) 2024-07-27T21:37:07.378+0800: 4.099: [ParNew: 77168K->8192K(78656K), 0.0121170 secs] 226302K->225934K(521776K), 0.0121631 secs] [Times: user=0.03 sys=0.00, real=0.01 secs] 
2024-07-27T21:37:07.390+0800: 4.112: Total time for which application threads were stopped: 0.0122558 seconds, Stopping threads took: 0.0000124 seconds
2024-07-27T21:37:07.390+0800: 4.112: Application time: 0.0002205 seconds
2024-07-27T21:37:07.390+0800: 4.112: [GC (CMS Initial Mark) [1 CMS-initial-mark: 217742K(443120K)] 229374K(521776K), 0.0007922 secs] [Times: user=0.00 sys=0.00, real=0.00 secs] 
2024-07-27T21:37:07.391+0800: 4.113: Total time for which application threads were stopped: 0.0009928 seconds, Stopping threads took: 0.0001559 seconds
2024-07-27T21:37:07.391+0800: 4.113: [CMS-concurrent-mark-start]
2024-07-27T21:37:07.393+0800: 4.115: [CMS-concurrent-mark: 0.002/0.002 secs] [Times: user=0.00 sys=0.00, real=0.00 secs] 
2024-07-27T21:37:07.393+0800: 4.115: [CMS-concurrent-preclean-start]
2024-07-27T21:37:07.393+0800: 4.115: [CMS-concurrent-preclean: 0.001/0.001 secs] [Times: user=0.00 sys=0.00, real=0.00 secs] 
2024-07-27T21:37:07.393+0800: 4.115: [CMS-concurrent-abortable-preclean-start]
2024-07-27T21:37:07.398+0800: 4.119: Application time: 0.0062115 seconds
2024-07-27T21:37:07.398+0800: 4.119: Total time for which application threads were stopped: 0.0001379 seconds, Stopping threads took: 0.0000663 seconds
2024-07-27T21:37:07.510+0800: 4.232: Application time: 0.1124187 seconds
2024-07-27T21:37:07.510+0800: 4.232: [GC (Allocation Failure) 2024-07-27T21:37:07.510+0800: 4.232: [ParNew: 77168K->8192K(78656K), 0.0118779 secs] 294911K->294543K(521776K), 0.0119512 secs] [Times: user=0.03 sys=0.00, real=0.01 secs] 
2024-07-27T21:37:07.522+0800: 4.244: Total time for which application threads were stopped: 0.0120613 seconds, Stopping threads took: 0.0000195 seconds
2024-07-27T21:37:07.630+0800: 4.353: Application time: 0.1089189 seconds
2024-07-27T21:37:07.631+0800: 4.353: [GC (Allocation Failure) 2024-07-27T21:37:07.631+0800: 4.353: [ParNew: 77168K->8192K(78656K), 0.0038945 secs] 363520K->301711K(521776K), 0.0039683 secs] [Times: user=0.00 sys=0.00, real=0.00 secs] 
2024-07-27T21:37:07.635+0800: 4.357: Total time for which application threads were stopped: 0.0041283 seconds, Stopping threads took: 0.0000277 seconds
2024-07-27T21:37:07.635+0800: 4.357: [CMS-concurrent-abortable-preclean: 0.007/0.241 secs] [Times: user=0.03 sys=0.00, real=0.24 secs] 
2024-07-27T21:37:07.635+0800: 4.357: Application time: 0.0002940 seconds
2024-07-27T21:37:07.635+0800: 4.357: [GC (CMS Final Remark) [YG occupancy: 12655 K (78656 K)]2024-07-27T21:37:07.635+0800: 4.357: [Rescan (parallel) , 0.0009422 secs]2024-07-27T21:37:07.636+0800: 4.358: [weak refs processing, 0.0000129 secs]2024-07-27T21:37:07.636+0800: 4.358: [class unloading, 0.0001833 secs]2024-07-27T21:37:07.636+0800: 4.358: [scrub symbol table, 0.0003942 secs]2024-07-27T21:37:07.637+0800: 4.359: [scrub string table, 0.0001116 secs][1 CMS-remark: 293519K(443120K)] 306175K(521776K), 0.0017172 secs] [Times: user=0.00 sys=0.00, real=0.00 secs] 
2024-07-27T21:37:07.637+0800: 4.359: Total time for which application threads were stopped: 0.0019263 seconds, Stopping threads took: 0.0001690 seconds
2024-07-27T21:37:07.637+0800: 4.359: [CMS-concurrent-sweep-start]
2024-07-27T21:37:07.639+0800: 4.360: [CMS-concurrent-sweep: 0.001/0.001 secs] [Times: user=0.00 sys=0.00, real=0.00 secs] 
2024-07-27T21:37:07.639+0800: 4.360: [CMS-concurrent-reset-start]
2024-07-27T21:37:07.640+0800: 4.362: [CMS-concurrent-reset: 0.001/0.001 secs] [Times: user=0.00 sys=0.00, real=0.00 secs] 
2024-07-27T21:37:07.643+0800: 4.365: Application time: 0.0064223 seconds
2024-07-27T21:37:07.643+0800: 4.365: [GC (Allocation Failure) 2024-07-27T21:37:07.644+0800: 4.365: [ParNew: 77168K->8192K(78656K), 0.0186904 secs] 228350K->227982K(521776K), 0.0187595 secs] [Times: user=0.05 sys=0.00, real=0.02 secs] 
2024-07-27T21:37:07.662+0800: 4.384: Total time for which application threads were stopped: 0.0189150 seconds, Stopping threads took: 0.0000280 seconds
2024-07-27T21:37:07.662+0800: 4.384: Application time: 0.0002323 seconds
2024-07-27T21:37:07.663+0800: 4.385: [GC (CMS Initial Mark) [1 CMS-initial-mark: 219790K(443120K)] 231422K(521776K), 0.0008783 secs] [Times: user=0.00 sys=0.00, real=0.00 secs] 
2024-07-27T21:37:07.664+0800: 4.386: Total time for which application threads were stopped: 0.0010638 seconds, Stopping threads took: 0.0001352 seconds
2024-07-27T21:37:07.664+0800: 4.386: [CMS-concurrent-mark-start]
2024-07-27T21:37:07.665+0800: 4.387: [CMS-concurrent-mark: 0.002/0.002 secs] [Times: user=0.00 sys=0.00, real=0.00 secs] 
2024-07-27T21:37:07.665+0800: 4.387: [CMS-concurrent-preclean-start]
2024-07-27T21:37:07.666+0800: 4.388: [CMS-concurrent-preclean: 0.001/0.001 secs] [Times: user=0.00 sys=0.00, real=0.00 secs] 
2024-07-27T21:37:07.666+0800: 4.388: [CMS-concurrent-abortable-preclean-start]
2024-07-27T21:37:07.773+0800: 4.495: Application time: 0.1098557 seconds
2024-07-27T21:37:07.773+0800: 4.495: [GC (Allocation Failure) 2024-07-27T21:37:07.773+0800: 4.495: [ParNew: 77168K->8192K(78656K), 0.0118344 secs] 296959K->296591K(521776K), 0.0118942 secs] [Times: user=0.00 sys=0.00, real=0.01 secs] 
2024-07-27T21:37:07.785+0800: 4.507: Total time for which application threads were stopped: 0.0120188 seconds, Stopping threads took: 0.0000199 seconds
2024-07-27T21:37:07.897+0800: 4.619: Application time: 0.1112983 seconds
2024-07-27T21:37:07.897+0800: 4.619: [GC (Allocation Failure) 2024-07-27T21:37:07.897+0800: 4.619: [ParNew: 77168K->8192K(78656K), 0.0035067 secs] 365568K->304784K(521776K), 0.0035669 secs] [Times: user=0.00 sys=0.00, real=0.00 secs] 
2024-07-27T21:37:07.901+0800: 4.622: Total time for which application threads were stopped: 0.0036751 seconds, Stopping threads took: 0.0000193 seconds
2024-07-27T21:37:07.901+0800: 4.622: [CMS-concurrent-abortable-preclean: 0.005/0.235 secs] [Times: user=0.02 sys=0.02, real=0.24 secs] 
2024-07-27T21:37:07.901+0800: 4.623: Application time: 0.0004648 seconds
2024-07-27T21:37:07.902+0800: 4.623: [GC (CMS Final Remark) [YG occupancy: 14703 K (78656 K)]2024-07-27T21:37:07.902+0800: 4.623: [Rescan (parallel) , 0.0006921 secs]2024-07-27T21:37:07.902+0800: 4.624: [weak refs processing, 0.0000126 secs]2024-07-27T21:37:07.902+0800: 4.624: [class unloading, 0.0001906 secs]2024-07-27T21:37:07.902+0800: 4.624: [scrub symbol table, 0.0003370 secs]2024-07-27T21:37:07.902+0800: 4.624: [scrub string table, 0.0001069 secs][1 CMS-remark: 296591K(443120K)] 311295K(521776K), 0.0014018 secs] [Times: user=0.00 sys=0.00, real=0.00 secs] 
2024-07-27T21:37:07.903+0800: 4.624: Total time for which application threads were stopped: 0.0015722 seconds, Stopping threads took: 0.0001340 seconds
2024-07-27T21:37:07.903+0800: 4.625: [CMS-concurrent-sweep-start]
2024-07-27T21:37:07.904+0800: 4.626: [CMS-concurrent-sweep: 0.001/0.001 secs] [Times: user=0.00 sys=0.00, real=0.00 secs] 
2024-07-27T21:37:07.904+0800: 4.626: [CMS-concurrent-reset-start]
2024-07-27T21:37:07.905+0800: 4.627: [CMS-concurrent-reset: 0.001/0.001 secs] [Times: user=0.00 sys=0.00, real=0.00 secs] 
2024-07-27T21:37:07.907+0800: 4.629: Application time: 0.0046418 seconds
2024-07-27T21:37:07.907+0800: 4.629: [GC (Allocation Failure) 2024-07-27T21:37:07.907+0800: 4.629: [ParNew: 77168K->8192K(78656K), 0.0122150 secs] 230398K->230030K(521776K), 0.0122701 secs] [Times: user=0.03 sys=0.00, real=0.01 secs] 
2024-07-27T21:37:07.920+0800: 4.641: Total time for which application threads were stopped: 0.0123701 seconds, Stopping threads took: 0.0000135 seconds
2024-07-27T21:37:07.920+0800: 4.642: Application time: 0.0001372 seconds
2024-07-27T21:37:07.920+0800: 4.642: [GC (CMS Initial Mark) [1 CMS-initial-mark: 221838K(443120K)] 233470K(521776K), 0.0004761 secs] [Times: user=0.00 sys=0.00, real=0.00 secs] 
2024-07-27T21:37:07.920+0800: 4.642: Total time for which application threads were stopped: 0.0005725 seconds, Stopping threads took: 0.0000589 seconds
2024-07-27T21:37:07.920+0800: 4.642: [CMS-concurrent-mark-start]
2024-07-27T21:37:07.922+0800: 4.644: [CMS-concurrent-mark: 0.002/0.002 secs] [Times: user=0.00 sys=0.00, real=0.00 secs] 
2024-07-27T21:37:07.922+0800: 4.644: [CMS-concurrent-preclean-start]
2024-07-27T21:37:07.923+0800: 4.645: [CMS-concurrent-preclean: 0.001/0.001 secs] [Times: user=0.00 sys=0.00, real=0.00 secs] 
2024-07-27T21:37:07.923+0800: 4.645: [CMS-concurrent-abortable-preclean-start]
2024-07-27T21:37:08.025+0800: 4.747: Application time: 0.1047564 seconds
2024-07-27T21:37:08.025+0800: 4.747: [GC (Allocation Failure) 2024-07-27T21:37:08.025+0800: 4.747: [ParNew: 77168K->8192K(78656K), 0.0119131 secs] 299007K->298639K(521776K), 0.0119731 secs] [Times: user=0.03 sys=0.00, real=0.01 secs] 
2024-07-27T21:37:08.037+0800: 4.759: Total time for which application threads were stopped: 0.0120961 seconds, Stopping threads took: 0.0000190 seconds
2024-07-27T21:37:08.147+0800: 4.870: Application time: 0.1105403 seconds
2024-07-27T21:37:08.147+0800: 4.870: [GC (Allocation Failure) 2024-07-27T21:37:08.147+0800: 4.870: [ParNew: 77168K->8192K(78656K), 0.0037456 secs] 367616K->307856K(521776K), 0.0038020 secs] [Times: user=0.00 sys=0.00, real=0.00 secs] 
2024-07-27T21:37:08.151+0800: 4.873: Total time for which application threads were stopped: 0.0039091 seconds, Stopping threads took: 0.0000192 seconds
2024-07-27T21:37:08.151+0800: 4.874: [CMS-concurrent-abortable-preclean: 0.004/0.229 secs] [Times: user=0.03 sys=0.00, real=0.23 secs] 
2024-07-27T21:37:08.152+0800: 4.874: Application time: 0.0002955 seconds
2024-07-27T21:37:08.152+0800: 4.874: [GC (CMS Final Remark) [YG occupancy: 11631 K (78656 K)]2024-07-27T21:37:08.152+0800: 4.874: [Rescan (parallel) , 0.0010179 secs]2024-07-27T21:37:08.153+0800: 4.875: [weak refs processing, 0.0000126 secs]2024-07-27T21:37:08.153+0800: 4.875: [class unloading, 0.0001890 secs]2024-07-27T21:37:08.153+0800: 4.875: [scrub symbol table, 0.0003393 secs]2024-07-27T21:37:08.153+0800: 4.876: [scrub string table, 0.0000996 secs][1 CMS-remark: 299663K(443120K)] 311295K(521776K), 0.0017223 secs] [Times: user=0.00 sys=0.00, real=0.00 secs] 
2024-07-27T21:37:08.153+0800: 4.876: Total time for which application threads were stopped: 0.0018943 seconds, Stopping threads took: 0.0001354 seconds
2024-07-27T21:37:08.154+0800: 4.876: [CMS-concurrent-sweep-start]
2024-07-27T21:37:08.155+0800: 4.877: [CMS-concurrent-sweep: 0.001/0.001 secs] [Times: user=0.00 sys=0.00, real=0.00 secs] 
2024-07-27T21:37:08.155+0800: 4.877: [CMS-concurrent-reset-start]
2024-07-27T21:37:08.156+0800: 4.878: [CMS-concurrent-reset: 0.001/0.001 secs] [Times: user=0.00 sys=0.00, real=0.00 secs] 
2024-07-27T21:37:08.158+0800: 4.880: Application time: 0.0048061 seconds
2024-07-27T21:37:08.158+0800: 4.881: [GC (Allocation Failure) 2024-07-27T21:37:08.158+0800: 4.881: [ParNew: 77168K->8192K(78656K), 0.0122055 secs] 232446K->232078K(521776K), 0.0122540 secs] [Times: user=0.03 sys=0.00, real=0.01 secs] 
2024-07-27T21:37:08.171+0800: 4.893: Total time for which application threads were stopped: 0.0123494 seconds, Stopping threads took: 0.0000132 seconds
2024-07-27T21:37:08.171+0800: 4.893: Application time: 0.0001618 seconds
2024-07-27T21:37:08.171+0800: 4.893: [GC (CMS Initial Mark) [1 CMS-initial-mark: 223886K(443120K)] 235518K(521776K), 0.0007164 secs] [Times: user=0.00 sys=0.00, real=0.00 secs] 
2024-07-27T21:37:08.172+0800: 4.894: Total time for which application threads were stopped: 0.0009004 seconds, Stopping threads took: 0.0001423 seconds
2024-07-27T21:37:08.172+0800: 4.894: [CMS-concurrent-mark-start]
2024-07-27T21:37:08.174+0800: 4.896: [CMS-concurrent-mark: 0.002/0.002 secs] [Times: user=0.00 sys=0.00, real=0.00 secs] 
2024-07-27T21:37:08.174+0800: 4.896: [CMS-concurrent-preclean-start]
2024-07-27T21:37:08.174+0800: 4.896: [CMS-concurrent-preclean: 0.001/0.001 secs] [Times: user=0.00 sys=0.00, real=0.00 secs] 
2024-07-27T21:37:08.175+0800: 4.896: [CMS-concurrent-abortable-preclean-start]
2024-07-27T21:37:08.290+0800: 5.013: Application time: 0.1186789 seconds
2024-07-27T21:37:08.291+0800: 5.013: [GC (Allocation Failure) 2024-07-27T21:37:08.291+0800: 5.013: [ParNew: 77168K->8192K(78656K), 0.0117563 secs] 301055K->300687K(521776K), 0.0118168 secs] [Times: user=0.03 sys=0.00, real=0.01 secs] 
2024-07-27T21:37:08.302+0800: 5.025: Total time for which application threads were stopped: 0.0119301 seconds, Stopping threads took: 0.0000233 seconds
2024-07-27T21:37:08.415+0800: 5.137: Application time: 0.1129700 seconds
2024-07-27T21:37:08.415+0800: 5.138: [GC (Allocation Failure) 2024-07-27T21:37:08.416+0800: 5.138: [ParNew: 77168K->8192K(78656K), 0.0036586 secs] 369664K->310928K(521776K), 0.0037194 secs] [Times: user=0.00 sys=0.00, real=0.00 secs] 
2024-07-27T21:37:08.419+0800: 5.141: Total time for which application threads were stopped: 0.0038418 seconds, Stopping threads took: 0.0000212 seconds
2024-07-27T21:37:08.419+0800: 5.141: [CMS-concurrent-abortable-preclean: 0.005/0.245 secs] [Times: user=0.03 sys=0.00, real=0.24 secs] 
2024-07-27T21:37:08.420+0800: 5.142: Application time: 0.0002533 seconds
2024-07-27T21:37:08.420+0800: 5.142: [GC (CMS Final Remark) [YG occupancy: 12655 K (78656 K)]2024-07-27T21:37:08.420+0800: 5.142: [Rescan (parallel) , 0.0007889 secs]2024-07-27T21:37:08.420+0800: 5.143: [weak refs processing, 0.0000166 secs]2024-07-27T21:37:08.421+0800: 5.143: [class unloading, 0.0001949 secs]2024-07-27T21:37:08.421+0800: 5.143: [scrub symbol table, 0.0003438 secs]2024-07-27T21:37:08.421+0800: 5.143: [scrub string table, 0.0000995 secs][1 CMS-remark: 302735K(443120K)] 315391K(521776K), 0.0015065 secs] [Times: user=0.00 sys=0.00, real=0.00 secs] 
2024-07-27T21:37:08.421+0800: 5.143: Total time for which application threads were stopped: 0.0016729 seconds, Stopping threads took: 0.0001311 seconds
2024-07-27T21:37:08.421+0800: 5.144: [CMS-concurrent-sweep-start]
2024-07-27T21:37:08.423+0800: 5.145: [CMS-concurrent-sweep: 0.001/0.001 secs] [Times: user=0.00 sys=0.00, real=0.00 secs] 
2024-07-27T21:37:08.423+0800: 5.145: [CMS-concurrent-reset-start]
2024-07-27T21:37:08.424+0800: 5.146: [CMS-concurrent-reset: 0.001/0.001 secs] [Times: user=0.00 sys=0.00, real=0.00 secs] 
2024-07-27T21:37:08.426+0800: 5.148: Application time: 0.0047799 seconds
2024-07-27T21:37:08.426+0800: 5.148: [GC (Allocation Failure) 2024-07-27T21:37:08.426+0800: 5.148: [ParNew: 77168K->8192K(78656K), 0.0121812 secs] 234494K->234126K(521776K), 0.0122297 secs] [Times: user=0.00 sys=0.00, real=0.01 secs] 
2024-07-27T21:37:08.438+0800: 5.160: Total time for which application threads were stopped: 0.0123245 seconds, Stopping threads took: 0.0000131 seconds
2024-07-27T21:37:08.438+0800: 5.161: Application time: 0.0001948 seconds
2024-07-27T21:37:08.438+0800: 5.161: [GC (CMS Initial Mark) [1 CMS-initial-mark: 225934K(443120K)] 237566K(521776K), 0.0007987 secs] [Times: user=0.00 sys=0.00, real=0.00 secs] 
2024-07-27T21:37:08.439+0800: 5.161: Total time for which application threads were stopped: 0.0009104 seconds, Stopping threads took: 0.0000709 seconds
2024-07-27T21:37:08.439+0800: 5.162: [CMS-concurrent-mark-start]
2024-07-27T21:37:08.441+0800: 5.163: [CMS-concurrent-mark: 0.002/0.002 secs] [Times: user=0.00 sys=0.00, real=0.00 secs] 
2024-07-27T21:37:08.441+0800: 5.163: [CMS-concurrent-preclean-start]
2024-07-27T21:37:08.442+0800: 5.164: [CMS-concurrent-preclean: 0.001/0.001 secs] [Times: user=0.02 sys=0.00, real=0.00 secs] 
2024-07-27T21:37:08.442+0800: 5.164: [CMS-concurrent-abortable-preclean-start]
2024-07-27T21:37:08.559+0800: 5.280: Application time: 0.1188664 seconds
2024-07-27T21:37:08.559+0800: 5.280: [GC (Allocation Failure) 2024-07-27T21:37:08.559+0800: 5.280: [ParNew: 77168K->8192K(78656K), 0.0126340 secs] 303103K->302735K(521776K), 0.0126920 secs] [Times: user=0.03 sys=0.00, real=0.01 secs] 
2024-07-27T21:37:08.572+0800: 5.293: Total time for which application threads were stopped: 0.0128014 seconds, Stopping threads took: 0.0000185 seconds
2024-07-27T21:37:08.681+0800: 5.403: Application time: 0.1101600 seconds
2024-07-27T21:37:08.682+0800: 5.403: [GC (Allocation Failure) 2024-07-27T21:37:08.682+0800: 5.403: [ParNew: 77168K->8192K(78656K), 0.0038110 secs] 371712K->314000K(521776K), 0.0038670 secs] [Times: user=0.00 sys=0.00, real=0.00 secs] 
2024-07-27T21:37:08.685+0800: 5.407: Total time for which application threads were stopped: 0.0039778 seconds, Stopping threads took: 0.0000223 seconds
2024-07-27T21:37:08.686+0800: 5.407: [CMS-concurrent-abortable-preclean: 0.005/0.244 secs] [Times: user=0.03 sys=0.00, real=0.24 secs] 
2024-07-27T21:37:08.686+0800: 5.408: Application time: 0.0003599 seconds
2024-07-27T21:37:08.686+0800: 5.408: [GC (CMS Final Remark) [YG occupancy: 13679 K (78656 K)]2024-07-27T21:37:08.686+0800: 5.408: [Rescan (parallel) , 0.0010361 secs]2024-07-27T21:37:08.688+0800: 5.409: [weak refs processing, 0.0000129 secs]2024-07-27T21:37:08.688+0800: 5.409: [class unloading, 0.0001905 secs]2024-07-27T21:37:08.688+0800: 5.409: [scrub symbol table, 0.0003415 secs]2024-07-27T21:37:08.688+0800: 5.409: [scrub string table, 0.0001082 secs][1 CMS-remark: 305808K(443120K)] 319487K(521776K), 0.0017523 secs] [Times: user=0.00 sys=0.00, real=0.00 secs] 
2024-07-27T21:37:08.688+0800: 5.410: Total time for which application threads were stopped: 0.0019469 seconds, Stopping threads took: 0.0001593 seconds
2024-07-27T21:37:08.688+0800: 5.410: [CMS-concurrent-sweep-start]
2024-07-27T21:37:08.689+0800: 5.411: [CMS-concurrent-sweep: 0.001/0.001 secs] [Times: user=0.00 sys=0.00, real=0.00 secs] 
2024-07-27T21:37:08.689+0800: 5.411: [CMS-concurrent-reset-start]
2024-07-27T21:37:08.691+0800: 5.412: [CMS-concurrent-reset: 0.001/0.001 secs] [Times: user=0.00 sys=0.00, real=0.00 secs] 
2024-07-27T21:37:08.692+0800: 5.414: Application time: 0.0045939 seconds
2024-07-27T21:37:08.692+0800: 5.414: [GC (Allocation Failure) 2024-07-27T21:37:08.692+0800: 5.414: [ParNew: 77168K->8192K(78656K), 0.0122821 secs] 236542K->236174K(521776K), 0.0123297 secs] [Times: user=0.00 sys=0.00, real=0.01 secs] 
2024-07-27T21:37:08.705+0800: 5.427: Total time for which application threads were stopped: 0.0124235 seconds, Stopping threads took: 0.0000122 seconds
2024-07-27T21:37:08.705+0800: 5.427: Application time: 0.0002378 seconds
2024-07-27T21:37:08.705+0800: 5.427: [GC (CMS Initial Mark) [1 CMS-initial-mark: 227982K(443120K)] 239614K(521776K), 0.0008358 secs] [Times: user=0.00 sys=0.00, real=0.00 secs] 
2024-07-27T21:37:08.706+0800: 5.428: Total time for which application threads were stopped: 0.0009533 seconds, Stopping threads took: 0.0000761 seconds
2024-07-27T21:37:08.706+0800: 5.428: [CMS-concurrent-mark-start]
2024-07-27T21:37:08.708+0800: 5.429: [CMS-concurrent-mark: 0.001/0.001 secs] [Times: user=0.02 sys=0.00, real=0.00 secs] 
2024-07-27T21:37:08.708+0800: 5.429: [CMS-concurrent-preclean-start]
2024-07-27T21:37:08.708+0800: 5.430: [CMS-concurrent-preclean: 0.001/0.001 secs] [Times: user=0.00 sys=0.00, real=0.00 secs] 
2024-07-27T21:37:08.708+0800: 5.430: [CMS-concurrent-abortable-preclean-start]
2024-07-27T21:37:08.825+0800: 5.547: Application time: 0.1190834 seconds
2024-07-27T21:37:08.825+0800: 5.547: [GC (Allocation Failure) 2024-07-27T21:37:08.825+0800: 5.547: [ParNew: 77168K->8192K(78656K), 0.0118621 secs] 305151K->304784K(521776K), 0.0119214 secs] [Times: user=0.03 sys=0.00, real=0.01 secs] 
2024-07-27T21:37:08.837+0800: 5.559: Total time for which application threads were stopped: 0.0120329 seconds, Stopping threads took: 0.0000194 seconds
2024-07-27T21:37:08.948+0800: 5.670: Application time: 0.1109609 seconds
2024-07-27T21:37:08.948+0800: 5.670: [GC (Allocation Failure) 2024-07-27T21:37:08.948+0800: 5.670: [ParNew: 77168K->8192K(78656K), 0.0046168 secs] 373760K->317072K(521776K), 0.0046799 secs] [Times: user=0.00 sys=0.00, real=0.00 secs] 
2024-07-27T21:37:08.952+0800: 5.675: Total time for which application threads were stopped: 0.0047887 seconds, Stopping threads took: 0.0000198 seconds
2024-07-27T21:37:08.953+0800: 5.675: [CMS-concurrent-abortable-preclean: 0.005/0.245 secs] [Times: user=0.03 sys=0.00, real=0.25 secs] 
2024-07-27T21:37:08.954+0800: 5.675: Application time: 0.0003207 seconds
2024-07-27T21:37:08.954+0800: 5.675: [GC (CMS Final Remark) [YG occupancy: 13679 K (78656 K)]2024-07-27T21:37:08.954+0800: 5.675: [Rescan (parallel) , 0.0005184 secs]2024-07-27T21:37:08.954+0800: 5.676: [weak refs processing, 0.0000172 secs]2024-07-27T21:37:08.954+0800: 5.676: [class unloading, 0.0001843 secs]2024-07-27T21:37:08.954+0800: 5.676: [scrub symbol table, 0.0003213 secs]2024-07-27T21:37:08.954+0800: 5.676: [scrub string table, 0.0000919 secs][1 CMS-remark: 308880K(443120K)] 322559K(521776K), 0.0012001 secs] [Times: user=0.00 sys=0.00, real=0.00 secs] 
2024-07-27T21:37:08.954+0800: 5.676: Total time for which application threads were stopped: 0.0013887 seconds, Stopping threads took: 0.0001526 seconds
2024-07-27T21:37:08.955+0800: 5.677: [CMS-concurrent-sweep-start]
2024-07-27T21:37:08.955+0800: 5.678: [CMS-concurrent-sweep: 0.001/0.001 secs] [Times: user=0.00 sys=0.00, real=0.00 secs] 
2024-07-27T21:37:08.957+0800: 5.678: [CMS-concurrent-reset-start]
2024-07-27T21:37:08.958+0800: 5.679: [CMS-concurrent-reset: 0.001/0.001 secs] [Times: user=0.03 sys=0.00, real=0.00 secs] 
2024-07-27T21:37:08.959+0800: 5.681: Application time: 0.0048629 seconds
2024-07-27T21:37:08.959+0800: 5.681: [GC (Allocation Failure) 2024-07-27T21:37:08.959+0800: 5.681: [ParNew: 77168K->8192K(78656K), 0.0125519 secs] 238590K->238223K(521776K), 0.0125994 secs] [Times: user=0.00 sys=0.00, real=0.01 secs] 
2024-07-27T21:37:08.972+0800: 5.694: Total time for which application threads were stopped: 0.0126943 seconds, Stopping threads took: 0.0000137 seconds
2024-07-27T21:37:08.972+0800: 5.694: Application time: 0.0003223 seconds
2024-07-27T21:37:08.972+0800: 5.694: [GC (CMS Initial Mark) [1 CMS-initial-mark: 230030K(443120K)] 242686K(521776K), 0.0006576 secs] [Times: user=0.00 sys=0.02, real=0.00 secs] 
2024-07-27T21:37:08.973+0800: 5.695: Total time for which application threads were stopped: 0.0007639 seconds, Stopping threads took: 0.0000622 seconds
2024-07-27T21:37:08.973+0800: 5.695: [CMS-concurrent-mark-start]
2024-07-27T21:37:08.975+0800: 5.697: [CMS-concurrent-mark: 0.001/0.001 secs] [Times: user=0.00 sys=0.00, real=0.00 secs] 
2024-07-27T21:37:08.975+0800: 5.697: [CMS-concurrent-preclean-start]
2024-07-27T21:37:08.975+0800: 5.697: [CMS-concurrent-preclean: 0.001/0.001 secs] [Times: user=0.00 sys=0.00, real=0.00 secs] 
2024-07-27T21:37:08.975+0800: 5.697: [CMS-concurrent-abortable-preclean-start]
2024-07-27T21:37:09.093+0800: 5.814: Application time: 0.1193046 seconds
2024-07-27T21:37:09.093+0800: 5.814: [GC (Allocation Failure) 2024-07-27T21:37:09.093+0800: 5.814: [ParNew: 77168K->8192K(78656K), 0.0119298 secs] 307199K->306832K(521776K), 0.0119893 secs] [Times: user=0.03 sys=0.00, real=0.01 secs] 
2024-07-27T21:37:09.105+0800: 5.826: Total time for which application threads were stopped: 0.0121124 seconds, Stopping threads took: 0.0000195 seconds
2024-07-27T21:37:09.214+0800: 5.936: Application time: 0.1098852 seconds
2024-07-27T21:37:09.215+0800: 5.936: [GC (Allocation Failure) 2024-07-27T21:37:09.215+0800: 5.937: [ParNew: 77168K->8192K(78656K), 0.0040420 secs] 375808K->320144K(521776K), 0.0041002 secs] [Times: user=0.00 sys=0.00, real=0.00 secs] 
2024-07-27T21:37:09.219+0800: 5.941: Total time for which application threads were stopped: 0.0042416 seconds, Stopping threads took: 0.0000504 seconds
2024-07-27T21:37:09.219+0800: 5.941: [CMS-concurrent-abortable-preclean: 0.005/0.243 secs] [Times: user=0.03 sys=0.00, real=0.24 secs] 
2024-07-27T21:37:09.219+0800: 5.941: Application time: 0.0003851 seconds
2024-07-27T21:37:09.219+0800: 5.941: [GC (CMS Final Remark) [YG occupancy: 14703 K (78656 K)]2024-07-27T21:37:09.219+0800: 5.941: [Rescan (parallel) , 0.0009149 secs]2024-07-27T21:37:09.220+0800: 5.942: [weak refs processing, 0.0000124 secs]2024-07-27T21:37:09.220+0800: 5.942: [class unloading, 0.0001884 secs]2024-07-27T21:37:09.220+0800: 5.942: [scrub symbol table, 0.0003715 secs]2024-07-27T21:37:09.221+0800: 5.943: [scrub string table, 0.0000997 secs][1 CMS-remark: 311952K(443120K)] 326655K(521776K), 0.0016525 secs] [Times: user=0.00 sys=0.00, real=0.00 secs] 
2024-07-27T21:37:09.221+0800: 5.943: Total time for which application threads were stopped: 0.0017805 seconds, Stopping threads took: 0.0000923 seconds
2024-07-27T21:37:09.222+0800: 5.943: [CMS-concurrent-sweep-start]
2024-07-27T21:37:09.223+0800: 5.945: [CMS-concurrent-sweep: 0.002/0.002 secs] [Times: user=0.02 sys=0.00, real=0.00 secs] 
2024-07-27T21:37:09.223+0800: 5.945: [CMS-concurrent-reset-start]
2024-07-27T21:37:09.224+0800: 5.946: [CMS-concurrent-reset: 0.001/0.001 secs] [Times: user=0.00 sys=0.00, real=0.00 secs] 
2024-07-27T21:37:09.226+0800: 5.947: Application time: 0.0045882 seconds
2024-07-27T21:37:09.226+0800: 5.947: [GC (Allocation Failure) 2024-07-27T21:37:09.226+0800: 5.947: [ParNew: 77168K->8192K(78656K), 0.0121382 secs] 240638K->240271K(521776K), 0.0121875 secs] [Times: user=0.00 sys=0.00, real=0.01 secs] 
2024-07-27T21:37:09.238+0800: 5.960: Total time for which application threads were stopped: 0.0122827 seconds, Stopping threads took: 0.0000134 seconds
2024-07-27T21:37:09.238+0800: 5.960: Application time: 0.0002698 seconds
2024-07-27T21:37:09.238+0800: 5.960: [GC (CMS Initial Mark) [1 CMS-initial-mark: 232078K(443120K)] 243710K(521776K), 0.0007641 secs] [Times: user=0.00 sys=0.00, real=0.00 secs] 
2024-07-27T21:37:09.239+0800: 5.961: Total time for which application threads were stopped: 0.0008812 seconds, Stopping threads took: 0.0000756 seconds
2024-07-27T21:37:09.239+0800: 5.961: [CMS-concurrent-mark-start]
2024-07-27T21:37:09.241+0800: 5.962: [CMS-concurrent-mark: 0.001/0.001 secs] [Times: user=0.00 sys=0.00, real=0.00 secs] 
2024-07-27T21:37:09.241+0800: 5.962: [CMS-concurrent-preclean-start]
2024-07-27T21:37:09.241+0800: 5.963: [CMS-concurrent-preclean: 0.001/0.001 secs] [Times: user=0.00 sys=0.00, real=0.00 secs] 
2024-07-27T21:37:09.241+0800: 5.963: [CMS-concurrent-abortable-preclean-start]
2024-07-27T21:37:09.358+0800: 6.080: Application time: 0.1187932 seconds
2024-07-27T21:37:09.358+0800: 6.080: [GC (Allocation Failure) 2024-07-27T21:37:09.358+0800: 6.080: [ParNew: 77168K->8192K(78656K), 0.0124404 secs] 309247K->308880K(521776K), 0.0124989 secs] [Times: user=0.03 sys=0.00, real=0.01 secs] 
2024-07-27T21:37:09.371+0800: 6.092: Total time for which application threads were stopped: 0.0126068 seconds, Stopping threads took: 0.0000193 seconds
2024-07-27T21:37:09.482+0800: 6.203: Application time: 0.1109596 seconds
2024-07-27T21:37:09.482+0800: 6.203: [GC (Allocation Failure) 2024-07-27T21:37:09.482+0800: 6.203: [ParNew: 77168K->8192K(78656K), 0.0043464 secs] 377856K->323216K(521776K), 0.0044048 secs] [Times: user=0.00 sys=0.00, real=0.00 secs] 
2024-07-27T21:37:09.486+0800: 6.208: Total time for which application threads were stopped: 0.0045349 seconds, Stopping threads took: 0.0000355 seconds
2024-07-27T21:37:09.486+0800: 6.208: [CMS-concurrent-abortable-preclean: 0.005/0.245 secs] [Times: user=0.03 sys=0.00, real=0.25 secs] 
2024-07-27T21:37:09.487+0800: 6.208: Application time: 0.0003299 seconds
2024-07-27T21:37:09.487+0800: 6.208: [GC (CMS Final Remark) [YG occupancy: 12655 K (78656 K)]2024-07-27T21:37:09.487+0800: 6.208: [Rescan (parallel) , 0.0008060 secs]2024-07-27T21:37:09.488+0800: 6.209: [weak refs processing, 0.0000126 secs]2024-07-27T21:37:09.488+0800: 6.209: [class unloading, 0.0001916 secs]2024-07-27T21:37:09.488+0800: 6.209: [scrub symbol table, 0.0003436 secs]2024-07-27T21:37:09.488+0800: 6.210: [scrub string table, 0.0001138 secs][1 CMS-remark: 315024K(443120K)] 327679K(521776K), 0.0015335 secs] [Times: user=0.00 sys=0.00, real=0.00 secs] 
2024-07-27T21:37:09.488+0800: 6.210: Total time for which application threads were stopped: 0.0016652 seconds, Stopping threads took: 0.0000952 seconds
2024-07-27T21:37:09.489+0800: 6.210: [CMS-concurrent-sweep-start]
2024-07-27T21:37:09.490+0800: 6.211: [CMS-concurrent-sweep: 0.001/0.001 secs] [Times: user=0.00 sys=0.00, real=0.00 secs] 
2024-07-27T21:37:09.490+0800: 6.211: [CMS-concurrent-reset-start]
2024-07-27T21:37:09.490+0800: 6.213: [CMS-concurrent-reset: 0.001/0.001 secs] [Times: user=0.00 sys=0.00, real=0.00 secs] 
2024-07-27T21:37:09.492+0800: 6.214: Application time: 0.0047585 seconds
2024-07-27T21:37:09.492+0800: 6.215: [GC (Allocation Failure) 2024-07-27T21:37:09.492+0800: 6.215: [ParNew: 77168K->8192K(78656K), 0.0120296 secs] 242686K->242319K(521776K), 0.0120772 secs] [Times: user=0.03 sys=0.00, real=0.01 secs] 
2024-07-27T21:37:09.505+0800: 6.227: Total time for which application threads were stopped: 0.0121766 seconds, Stopping threads took: 0.0000130 seconds
2024-07-27T21:37:09.505+0800: 6.227: Application time: 0.0002609 seconds
2024-07-27T21:37:09.505+0800: 6.227: [GC (CMS Initial Mark) [1 CMS-initial-mark: 234126K(443120K)] 245758K(521776K), 0.0007556 secs] [Times: user=0.00 sys=0.00, real=0.00 secs] 
2024-07-27T21:37:09.506+0800: 6.228: Total time for which application threads were stopped: 0.0008762 seconds, Stopping threads took: 0.0000798 seconds
2024-07-27T21:37:09.506+0800: 6.228: [CMS-concurrent-mark-start]
2024-07-27T21:37:09.507+0800: 6.229: [CMS-concurrent-mark: 0.001/0.001 secs] [Times: user=0.00 sys=0.00, real=0.00 secs] 
2024-07-27T21:37:09.507+0800: 6.229: [CMS-concurrent-preclean-start]
2024-07-27T21:37:09.508+0800: 6.230: [CMS-concurrent-preclean: 0.001/0.001 secs] [Times: user=0.00 sys=0.00, real=0.00 secs] 
2024-07-27T21:37:09.508+0800: 6.230: [CMS-concurrent-abortable-preclean-start]
2024-07-27T21:37:09.624+0800: 6.346: Application time: 0.1177246 seconds
2024-07-27T21:37:09.624+0800: 6.346: [GC (Allocation Failure) 2024-07-27T21:37:09.624+0800: 6.346: [ParNew: 77168K->8192K(78656K), 0.0117953 secs] 311295K->310928K(521776K), 0.0118765 secs] [Times: user=0.03 sys=0.00, real=0.01 secs] 
2024-07-27T21:37:09.636+0800: 6.358: Total time for which application threads were stopped: 0.0120116 seconds, Stopping threads took: 0.0000201 seconds
2024-07-27T21:37:09.747+0800: 6.469: Application time: 0.1111674 seconds
2024-07-27T21:37:09.747+0800: 6.469: [GC (Allocation Failure) 2024-07-27T21:37:09.747+0800: 6.469: [ParNew: 77168K->8192K(78656K), 0.0043112 secs] 379904K->326288K(521776K), 0.0043684 secs] [Times: user=0.00 sys=0.00, real=0.00 secs] 
2024-07-27T21:37:09.751+0800: 6.473: Total time for which application threads were stopped: 0.0044740 seconds, Stopping threads took: 0.0000188 seconds
2024-07-27T21:37:09.751+0800: 6.473: [CMS-concurrent-abortable-preclean: 0.005/0.243 secs] [Times: user=0.03 sys=0.00, real=0.24 secs] 
2024-07-27T21:37:09.751+0800: 6.474: Application time: 0.0003267 seconds
2024-07-27T21:37:09.752+0800: 6.474: [GC (CMS Final Remark) [YG occupancy: 13679 K (78656 K)]2024-07-27T21:37:09.752+0800: 6.474: [Rescan (parallel) , 0.0007533 secs]2024-07-27T21:37:09.752+0800: 6.474: [weak refs processing, 0.0000127 secs]2024-07-27T21:37:09.752+0800: 6.475: [class unloading, 0.0002045 secs]2024-07-27T21:37:09.753+0800: 6.475: [scrub symbol table, 0.0003411 secs]2024-07-27T21:37:09.753+0800: 6.475: [scrub string table, 0.0001006 secs][1 CMS-remark: 318096K(443120K)] 331776K(521776K), 0.0014766 secs] [Times: user=0.00 sys=0.00, real=0.00 secs] 
2024-07-27T21:37:09.753+0800: 6.475: Total time for which application threads were stopped: 0.0016709 seconds, Stopping threads took: 0.0001578 seconds
2024-07-27T21:37:09.753+0800: 6.475: [CMS-concurrent-sweep-start]
2024-07-27T21:37:09.754+0800: 6.477: [CMS-concurrent-sweep: 0.001/0.001 secs] [Times: user=0.03 sys=0.00, real=0.00 secs] 
2024-07-27T21:37:09.755+0800: 6.477: [CMS-concurrent-reset-start]
2024-07-27T21:37:09.756+0800: 6.478: [CMS-concurrent-reset: 0.001/0.001 secs] [Times: user=0.00 sys=0.00, real=0.00 secs] 
2024-07-27T21:37:09.758+0800: 6.480: Application time: 0.0046793 seconds
2024-07-27T21:37:09.758+0800: 6.480: [GC (Allocation Failure) 2024-07-27T21:37:09.758+0800: 6.480: [ParNew: 77168K->8192K(78656K), 0.0120116 secs] 244734K->244367K(521776K), 0.0120724 secs] [Times: user=0.00 sys=0.00, real=0.01 secs] 
2024-07-27T21:37:09.770+0800: 6.492: Total time for which application threads were stopped: 0.0121748 seconds, Stopping threads took: 0.0000229 seconds
2024-07-27T21:37:09.770+0800: 6.492: Application time: 0.0002453 seconds
2024-07-27T21:37:09.770+0800: 6.492: [GC (CMS Initial Mark) [1 CMS-initial-mark: 236174K(443120K)] 247806K(521776K), 0.0008836 secs] [Times: user=0.00 sys=0.00, real=0.00 secs] 
2024-07-27T21:37:09.772+0800: 6.493: Total time for which application threads were stopped: 0.0010417 seconds, Stopping threads took: 0.0001164 seconds
2024-07-27T21:37:09.772+0800: 6.493: [CMS-concurrent-mark-start]
2024-07-27T21:37:09.773+0800: 6.495: [CMS-concurrent-mark: 0.001/0.001 secs] [Times: user=0.00 sys=0.00, real=0.00 secs] 
2024-07-27T21:37:09.773+0800: 6.495: [CMS-concurrent-preclean-start]
2024-07-27T21:37:09.774+0800: 6.495: [CMS-concurrent-preclean: 0.001/0.001 secs] [Times: user=0.00 sys=0.00, real=0.00 secs] 
2024-07-27T21:37:09.774+0800: 6.495: [CMS-concurrent-abortable-preclean-start]
2024-07-27T21:37:09.876+0800: 6.598: Application time: 0.1047059 seconds
2024-07-27T21:37:09.876+0800: 6.598: [GC (Allocation Failure) 2024-07-27T21:37:09.876+0800: 6.598: [ParNew2024-07-27T21:37:09.888+0800: 6.610: [CMS-concurrent-abortable-preclean: 0.001/0.114 secs] [Times: user=0.03 sys=0.00, real=0.11 secs] 
: 77168K->8192K(78656K), 0.0124179 secs] 313343K->312976K(521776K), 0.0124691 secs] [Times: user=0.03 sys=0.00, real=0.01 secs] 
2024-07-27T21:37:09.888+0800: 6.611: Total time for which application threads were stopped: 0.0125832 seconds, Stopping threads took: 0.0000194 seconds
2024-07-27T21:37:09.889+0800: 6.611: Application time: 0.0002483 seconds
2024-07-27T21:37:09.889+0800: 6.611: [GC (CMS Final Remark) [YG occupancy: 11631 K (78656 K)]2024-07-27T21:37:09.889+0800: 6.611: [Rescan (parallel) , 0.0005926 secs]2024-07-27T21:37:09.890+0800: 6.612: [weak refs processing, 0.0000158 secs]2024-07-27T21:37:09.890+0800: 6.612: [class unloading, 0.0001925 secs]2024-07-27T21:37:09.890+0800: 6.612: [scrub symbol table, 0.0002984 secs]2024-07-27T21:37:09.890+0800: 6.612: [scrub string table, 0.0000904 secs][1 CMS-remark: 304784K(443120K)] 316415K(521776K), 0.0012812 secs] [Times: user=0.00 sys=0.00, real=0.00 secs] 
2024-07-27T21:37:09.890+0800: 6.612: Total time for which application threads were stopped: 0.0014381 seconds, Stopping threads took: 0.0001165 seconds
2024-07-27T21:37:09.890+0800: 6.613: [CMS-concurrent-sweep-start]
2024-07-27T21:37:09.892+0800: 6.614: [CMS-concurrent-sweep: 0.002/0.002 secs] [Times: user=0.00 sys=0.00, real=0.00 secs] 
2024-07-27T21:37:09.892+0800: 6.614: [CMS-concurrent-reset-start]
2024-07-27T21:37:09.893+0800: 6.615: [CMS-concurrent-reset: 0.001/0.001 secs] [Times: user=0.00 sys=0.00, real=0.00 secs] 
2024-07-27T21:37:10.000+0800: 6.722: Application time: 0.1100284 seconds
2024-07-27T21:37:10.001+0800: 6.722: [GC (Allocation Failure) 2024-07-27T21:37:10.001+0800: 6.722: [ParNew: 77168K->8192K(78656K), 0.0047600 secs] 230398K->177806K(521776K), 0.0048189 secs] [Times: user=0.03 sys=0.00, real=0.00 secs] 
2024-07-27T21:37:10.005+0800: 6.727: Total time for which application threads were stopped: 0.0049321 seconds, Stopping threads took: 0.0000202 seconds
2024-07-27T21:37:10.009+0800: 6.732: Application time: 0.0043050 seconds
2024-07-27T21:37:10.010+0800: 6.732: [GC (Allocation Failure) 2024-07-27T21:37:10.010+0800: 6.732: [ParNew: 77168K->8192K(78656K), 0.0118773 secs] 246782K->246415K(521776K), 0.0119312 secs] [Times: user=0.03 sys=0.00, real=0.01 secs] 
2024-07-27T21:37:10.021+0800: 6.744: Total time for which application threads were stopped: 0.0120375 seconds, Stopping threads took: 0.0000159 seconds
2024-07-27T21:37:10.022+0800: 6.744: Application time: 0.0001974 seconds
2024-07-27T21:37:10.022+0800: 6.744: [GC (CMS Initial Mark) [1 CMS-initial-mark: 238223K(443120K)] 249854K(521776K), 0.0007782 secs] [Times: user=0.00 sys=0.00, real=0.00 secs] 
2024-07-27T21:37:10.023+0800: 6.745: Total time for which application threads were stopped: 0.0009316 seconds, Stopping threads took: 0.0001116 seconds
2024-07-27T21:37:10.023+0800: 6.745: [CMS-concurrent-mark-start]
2024-07-27T21:37:10.024+0800: 6.746: [CMS-concurrent-mark: 0.001/0.001 secs] [Times: user=0.00 sys=0.00, real=0.00 secs] 
2024-07-27T21:37:10.024+0800: 6.746: [CMS-concurrent-preclean-start]
2024-07-27T21:37:10.024+0800: 6.747: [CMS-concurrent-preclean: 0.001/0.001 secs] [Times: user=0.00 sys=0.00, real=0.00 secs] 
2024-07-27T21:37:10.024+0800: 6.747: [CMS-concurrent-abortable-preclean-start]
2024-07-27T21:37:10.127+0800: 6.849: Application time: 0.1047084 seconds
2024-07-27T21:37:10.127+0800: 6.850: [GC (Allocation Failure) 2024-07-27T21:37:10.128+0800: 6.850: [ParNew2024-07-27T21:37:10.140+0800: 6.862: [CMS-concurrent-abortable-preclean: 0.001/0.115 secs] [Times: user=0.03 sys=0.00, real=0.12 secs] 
: 77168K->8192K(78656K), 0.0121552 secs] 315391K->315024K(521776K), 0.0122214 secs] [Times: user=0.03 sys=0.00, real=0.01 secs] 
2024-07-27T21:37:10.140+0800: 6.862: Total time for which application threads were stopped: 0.0123440 seconds, Stopping threads took: 0.0000189 seconds
2024-07-27T21:37:10.140+0800: 6.862: Application time: 0.0002308 seconds
2024-07-27T21:37:10.140+0800: 6.862: [GC (CMS Final Remark) [YG occupancy: 11631 K (78656 K)]2024-07-27T21:37:10.141+0800: 6.862: [Rescan (parallel) , 0.0010524 secs]2024-07-27T21:37:10.141+0800: 6.863: [weak refs processing, 0.0000127 secs]2024-07-27T21:37:10.141+0800: 6.863: [class unloading, 0.0001762 secs]2024-07-27T21:37:10.141+0800: 6.864: [scrub symbol table, 0.0003752 secs]2024-07-27T21:37:10.142+0800: 6.864: [scrub string table, 0.0001114 secs][1 CMS-remark: 306832K(443120K)] 318463K(521776K), 0.0017952 secs] [Times: user=0.00 sys=0.00, real=0.00 secs] 
2024-07-27T21:37:10.142+0800: 6.864: Total time for which application threads were stopped: 0.0019889 seconds, Stopping threads took: 0.0001542 seconds
2024-07-27T21:37:10.143+0800: 6.864: [CMS-concurrent-sweep-start]
2024-07-27T21:37:10.144+0800: 6.866: [CMS-concurrent-sweep: 0.002/0.002 secs] [Times: user=0.00 sys=0.00, real=0.00 secs] 
2024-07-27T21:37:10.144+0800: 6.866: [CMS-concurrent-reset-start]
2024-07-27T21:37:10.145+0800: 6.867: [CMS-concurrent-reset: 0.001/0.001 secs] [Times: user=0.03 sys=0.00, real=0.00 secs] 
2024-07-27T21:37:10.252+0800: 6.974: Application time: 0.1095076 seconds
2024-07-27T21:37:10.252+0800: 6.974: [GC (Allocation Failure) 2024-07-27T21:37:10.252+0800: 6.974: [ParNew: 77168K->8192K(78656K), 0.0046861 secs] 231422K->179854K(521776K), 0.0047515 secs] [Times: user=0.02 sys=0.02, real=0.00 secs] 
2024-07-27T21:37:10.257+0800: 6.978: Total time for which application threads were stopped: 0.0048659 seconds, Stopping threads took: 0.0000200 seconds
2024-07-27T21:37:10.261+0800: 6.983: Application time: 0.0043625 seconds
2024-07-27T21:37:10.261+0800: 6.983: [GC (Allocation Failure) 2024-07-27T21:37:10.261+0800: 6.983: [ParNew: 77168K->8192K(78656K), 0.0120155 secs] 248830K->248463K(521776K), 0.0120664 secs] [Times: user=0.03 sys=0.00, real=0.01 secs] 
2024-07-27T21:37:10.273+0800: 6.995: Total time for which application threads were stopped: 0.0121654 seconds, Stopping threads took: 0.0000159 seconds
2024-07-27T21:37:10.273+0800: 6.995: Application time: 0.0002504 seconds
2024-07-27T21:37:10.273+0800: 6.995: [GC (CMS Initial Mark) [1 CMS-initial-mark: 240271K(443120K)] 251902K(521776K), 0.0008664 secs] [Times: user=0.00 sys=0.00, real=0.00 secs] 
2024-07-27T21:37:10.275+0800: 6.996: Total time for which application threads were stopped: 0.0010629 seconds, Stopping threads took: 0.0001547 seconds
2024-07-27T21:37:10.275+0800: 6.996: [CMS-concurrent-mark-start]
2024-07-27T21:37:10.276+0800: 6.998: [CMS-concurrent-mark: 0.001/0.001 secs] [Times: user=0.00 sys=0.00, real=0.00 secs] 
2024-07-27T21:37:10.276+0800: 6.998: [CMS-concurrent-preclean-start]
2024-07-27T21:37:10.276+0800: 6.998: [CMS-concurrent-preclean: 0.001/0.001 secs] [Times: user=0.00 sys=0.00, real=0.00 secs] 
2024-07-27T21:37:10.276+0800: 6.998: [CMS-concurrent-abortable-preclean-start]
2024-07-27T21:37:10.380+0800: 7.101: Application time: 0.1049742 seconds
2024-07-27T21:37:10.380+0800: 7.101: [GC (Allocation Failure) 2024-07-27T21:37:10.380+0800: 7.101: [ParNew2024-07-27T21:37:10.392+0800: 7.113: [CMS-concurrent-abortable-preclean: 0.001/0.115 secs] [Times: user=0.03 sys=0.00, real=0.12 secs] 
: 77168K->8202K(78656K), 0.0116868 secs] 317439K->317082K(521776K), 0.0117375 secs] [Times: user=0.00 sys=0.00, real=0.01 secs] 
2024-07-27T21:37:10.392+0800: 7.113: Total time for which application threads were stopped: 0.0118497 seconds, Stopping threads took: 0.0000252 seconds
2024-07-27T21:37:10.392+0800: 7.113: Application time: 0.0002040 seconds
2024-07-27T21:37:10.392+0800: 7.114: [GC (CMS Final Remark) [YG occupancy: 11641 K (78656 K)]2024-07-27T21:37:10.392+0800: 7.114: [Rescan (parallel) , 0.0007851 secs]2024-07-27T21:37:10.393+0800: 7.114: [weak refs processing, 0.0000127 secs]2024-07-27T21:37:10.393+0800: 7.114: [class unloading, 0.0001816 secs]2024-07-27T21:37:10.393+0800: 7.115: [scrub symbol table, 0.0003424 secs]2024-07-27T21:37:10.393+0800: 7.115: [scrub string table, 0.0001180 secs][1 CMS-remark: 308880K(443120K)] 320521K(521776K), 0.0015148 secs] [Times: user=0.00 sys=0.00, real=0.00 secs] 
2024-07-27T21:37:10.394+0800: 7.115: Total time for which application threads were stopped: 0.0016929 seconds, Stopping threads took: 0.0001347 seconds
2024-07-27T21:37:10.394+0800: 7.115: [CMS-concurrent-sweep-start]
2024-07-27T21:37:10.395+0800: 7.117: [CMS-concurrent-sweep: 0.002/0.002 secs] [Times: user=0.03 sys=0.00, real=0.00 secs] 
2024-07-27T21:37:10.396+0800: 7.117: [CMS-concurrent-reset-start]
2024-07-27T21:37:10.397+0800: 7.118: [CMS-concurrent-reset: 0.001/0.001 secs] [Times: user=0.00 sys=0.00, real=0.00 secs] 
2024-07-27T21:37:10.505+0800: 7.226: Application time: 0.1110992 seconds
2024-07-27T21:37:10.505+0800: 7.226: [GC (Allocation Failure) 2024-07-27T21:37:10.505+0800: 7.226: [ParNew: 77178K->8192K(78656K), 0.0048868 secs] 232456K->181902K(521776K), 0.0049453 secs] [Times: user=0.00 sys=0.00, real=0.00 secs] 
2024-07-27T21:37:10.510+0800: 7.231: Total time for which application threads were stopped: 0.0050706 seconds, Stopping threads took: 0.0000201 seconds
2024-07-27T21:37:10.514+0800: 7.236: Application time: 0.0043416 seconds
2024-07-27T21:37:10.514+0800: 7.236: [GC (Allocation Failure) 2024-07-27T21:37:10.514+0800: 7.236: [ParNew: 77168K->8192K(78656K), 0.0119004 secs] 250879K->250511K(521776K), 0.0119491 secs] [Times: user=0.03 sys=0.00, real=0.01 secs] 
2024-07-27T21:37:10.526+0800: 7.248: Total time for which application threads were stopped: 0.0120489 seconds, Stopping threads took: 0.0000155 seconds
2024-07-27T21:37:10.526+0800: 7.248: Application time: 0.0001806 seconds
2024-07-27T21:37:10.527+0800: 7.248: [GC (CMS Initial Mark) [1 CMS-initial-mark: 242319K(443120K)] 253951K(521776K), 0.0008814 secs] [Times: user=0.00 sys=0.00, real=0.00 secs] 
2024-07-27T21:37:10.527+0800: 7.249: Total time for which application threads were stopped: 0.0010758 seconds, Stopping threads took: 0.0001533 seconds
2024-07-27T21:37:10.528+0800: 7.249: [CMS-concurrent-mark-start]
2024-07-27T21:37:10.529+0800: 7.250: [CMS-concurrent-mark: 0.001/0.001 secs] [Times: user=0.00 sys=0.00, real=0.00 secs] 
2024-07-27T21:37:10.529+0800: 7.250: [CMS-concurrent-preclean-start]
2024-07-27T21:37:10.529+0800: 7.251: [CMS-concurrent-preclean: 0.001/0.001 secs] [Times: user=0.00 sys=0.00, real=0.00 secs] 
2024-07-27T21:37:10.529+0800: 7.251: [CMS-concurrent-abortable-preclean-start]
2024-07-27T21:37:10.647+0800: 7.370: Application time: 0.1206727 seconds
2024-07-27T21:37:10.647+0800: 7.370: [GC (Allocation Failure) 2024-07-27T21:37:10.647+0800: 7.370: [ParNew: 77168K->8192K(78656K), 0.0131108 secs] 319488K->319120K(521776K), 0.0131751 secs] [Times: user=0.03 sys=0.00, real=0.01 secs] 
2024-07-27T21:37:10.661+0800: 7.383: Total time for which application threads were stopped: 0.0133054 seconds, Stopping threads took: 0.0000323 seconds
2024-07-27T21:37:10.770+0800: 7.492: Application time: 0.1089908 seconds
2024-07-27T21:37:10.770+0800: 7.492: [GC (Allocation Failure) 2024-07-27T21:37:10.770+0800: 7.492: [ParNew: 77168K->8192K(78656K), 0.0049906 secs] 388097K->338577K(521776K), 0.0050498 secs] [Times: user=0.00 sys=0.00, real=0.01 secs] 
2024-07-27T21:37:10.775+0800: 7.497: Total time for which application threads were stopped: 0.0051603 seconds, Stopping threads took: 0.0000196 seconds
2024-07-27T21:37:10.775+0800: 7.497: [CMS-concurrent-abortable-preclean: 0.005/0.246 secs] [Times: user=0.06 sys=0.00, real=0.25 secs] 
2024-07-27T21:37:10.776+0800: 7.497: Application time: 0.0003326 seconds
2024-07-27T21:37:10.776+0800: 7.497: [GC (CMS Final Remark) [YG occupancy: 12655 K (78656 K)]2024-07-27T21:37:10.776+0800: 7.497: [Rescan (parallel) , 0.0008651 secs]2024-07-27T21:37:10.777+0800: 7.498: [weak refs processing, 0.0000127 secs]2024-07-27T21:37:10.777+0800: 7.498: [class unloading, 0.0001796 secs]2024-07-27T21:37:10.777+0800: 7.499: [scrub symbol table, 0.0003433 secs]2024-07-27T21:37:10.777+0800: 7.499: [scrub string table, 0.0001126 secs][1 CMS-remark: 330384K(443120K)] 343040K(521776K), 0.0015758 secs] [Times: user=0.00 sys=0.00, real=0.00 secs] 
2024-07-27T21:37:10.777+0800: 7.499: Total time for which application threads were stopped: 0.0017271 seconds, Stopping threads took: 0.0001154 seconds
2024-07-27T21:37:10.778+0800: 7.499: [CMS-concurrent-sweep-start]
2024-07-27T21:37:10.779+0800: 7.501: [CMS-concurrent-sweep: 0.002/0.002 secs] [Times: user=0.00 sys=0.00, real=0.00 secs] 
2024-07-27T21:37:10.779+0800: 7.501: [CMS-concurrent-reset-start]
2024-07-27T21:37:10.780+0800: 7.502: [CMS-concurrent-reset: 0.001/0.001 secs] [Times: user=0.00 sys=0.00, real=0.00 secs] 
2024-07-27T21:37:10.782+0800: 7.504: Application time: 0.0047147 seconds
2024-07-27T21:37:10.782+0800: 7.504: [GC (Allocation Failure) 2024-07-27T21:37:10.782+0800: 7.504: [ParNew: 77168K->8192K(78656K), 0.0121762 secs] 252927K->252559K(521776K), 0.0122385 secs] [Times: user=0.03 sys=0.00, real=0.01 secs] 
2024-07-27T21:37:10.794+0800: 7.516: Total time for which application threads were stopped: 0.0123327 seconds, Stopping threads took: 0.0000128 seconds
2024-07-27T21:37:10.795+0800: 7.516: Application time: 0.0002273 seconds
2024-07-27T21:37:10.795+0800: 7.517: [GC (CMS Initial Mark) [1 CMS-initial-mark: 244367K(443120K)] 255999K(521776K), 0.0008627 secs] [Times: user=0.00 sys=0.00, real=0.00 secs] 
2024-07-27T21:37:10.796+0800: 7.517: Total time for which application threads were stopped: 0.0010709 seconds, Stopping threads took: 0.0001665 seconds
2024-07-27T21:37:10.796+0800: 7.517: [CMS-concurrent-mark-start]
2024-07-27T21:37:10.797+0800: 7.518: [CMS-concurrent-mark: 0.001/0.001 secs] [Times: user=0.00 sys=0.00, real=0.00 secs] 
2024-07-27T21:37:10.797+0800: 7.519: [CMS-concurrent-preclean-start]
2024-07-27T21:37:10.797+0800: 7.519: [CMS-concurrent-preclean: 0.001/0.001 secs] [Times: user=0.00 sys=0.00, real=0.00 secs] 
2024-07-27T21:37:10.797+0800: 7.519: [CMS-concurrent-abortable-preclean-start]
2024-07-27T21:37:10.914+0800: 7.636: Application time: 0.1182507 seconds
2024-07-27T21:37:10.914+0800: 7.636: [GC (Allocation Failure) 2024-07-27T21:37:10.914+0800: 7.636: [ParNew: 77168K->8192K(78656K), 0.0121876 secs] 321536K->321168K(521776K), 0.0122462 secs] [Times: user=0.00 sys=0.01, real=0.01 secs] 
2024-07-27T21:37:10.927+0800: 7.648: Total time for which application threads were stopped: 0.0123574 seconds, Stopping threads took: 0.0000198 seconds
2024-07-27T21:37:11.038+0800: 7.759: Application time: 0.1113146 seconds
2024-07-27T21:37:11.038+0800: 7.759: [GC (Allocation Failure) 2024-07-27T21:37:11.038+0800: 7.759: [ParNew: 77168K->8192K(78656K), 0.0051374 secs] 390145K->341649K(521776K), 0.0052001 secs] [Times: user=0.00 sys=0.00, real=0.00 secs] 
2024-07-27T21:37:11.043+0800: 7.765: Total time for which application threads were stopped: 0.0053092 seconds, Stopping threads took: 0.0000202 seconds
2024-07-27T21:37:11.043+0800: 7.765: [CMS-concurrent-abortable-preclean: 0.006/0.246 secs] [Times: user=0.03 sys=0.01, real=0.25 secs] 
2024-07-27T21:37:11.044+0800: 7.765: Application time: 0.0003075 seconds
2024-07-27T21:37:11.044+0800: 7.765: [GC (CMS Final Remark) [YG occupancy: 12655 K (78656 K)]2024-07-27T21:37:11.044+0800: 7.765: [Rescan (parallel) , 0.0007862 secs]2024-07-27T21:37:11.045+0800: 7.766: [weak refs processing, 0.0000128 secs]2024-07-27T21:37:11.045+0800: 7.766: [class unloading, 0.0001925 secs]2024-07-27T21:37:11.045+0800: 7.766: [scrub symbol table, 0.0003385 secs]2024-07-27T21:37:11.045+0800: 7.766: [scrub string table, 0.0001009 secs][1 CMS-remark: 333456K(443120K)] 346112K(521776K), 0.0014931 secs] [Times: user=0.00 sys=0.00, real=0.00 secs] 
2024-07-27T21:37:11.045+0800: 7.767: Total time for which application threads were stopped: 0.0016114 seconds, Stopping threads took: 0.0000821 seconds
2024-07-27T21:37:11.045+0800: 7.767: [CMS-concurrent-sweep-start]
2024-07-27T21:37:11.047+0800: 7.768: [CMS-concurrent-sweep: 0.001/0.001 secs] [Times: user=0.00 sys=0.00, real=0.00 secs] 
2024-07-27T21:37:11.047+0800: 7.768: [CMS-concurrent-reset-start]
2024-07-27T21:37:11.048+0800: 7.769: [CMS-concurrent-reset: 0.001/0.001 secs] [Times: user=0.00 sys=0.00, real=0.00 secs] 
2024-07-27T21:37:11.050+0800: 7.771: Application time: 0.0048876 seconds
2024-07-27T21:37:11.050+0800: 7.772: [GC (Allocation Failure) 2024-07-27T21:37:11.050+0800: 7.772: [ParNew: 77168K->8192K(78656K), 0.0118199 secs] 254975K->254607K(521776K), 0.0118683 secs] [Times: user=0.03 sys=0.00, real=0.01 secs] 
2024-07-27T21:37:11.062+0800: 7.783: Total time for which application threads were stopped: 0.0119624 seconds, Stopping threads took: 0.0000134 seconds
2024-07-27T21:37:11.062+0800: 7.784: Application time: 0.0002591 seconds
2024-07-27T21:37:11.063+0800: 7.784: [GC (CMS Initial Mark) [1 CMS-initial-mark: 246415K(443120K)] 258047K(521776K), 0.0007948 secs] [Times: user=0.00 sys=0.00, real=0.00 secs] 
2024-07-27T21:37:11.063+0800: 7.785: Total time for which application threads were stopped: 0.0009657 seconds, Stopping threads took: 0.0001254 seconds
2024-07-27T21:37:11.063+0800: 7.785: [CMS-concurrent-mark-start]
2024-07-27T21:37:11.064+0800: 7.786: [CMS-concurrent-mark: 0.001/0.001 secs] [Times: user=0.00 sys=0.00, real=0.00 secs] 
2024-07-27T21:37:11.064+0800: 7.786: [CMS-concurrent-preclean-start]
2024-07-27T21:37:11.065+0800: 7.786: [CMS-concurrent-preclean: 0.001/0.001 secs] [Times: user=0.00 sys=0.00, real=0.00 secs] 
2024-07-27T21:37:11.065+0800: 7.786: [CMS-concurrent-abortable-preclean-start]
2024-07-27T21:37:11.180+0800: 7.902: Application time: 0.1169156 seconds
2024-07-27T21:37:11.180+0800: 7.902: [GC (Allocation Failure) 2024-07-27T21:37:11.180+0800: 7.902: [ParNew: 77168K->8192K(78656K), 0.0118609 secs] 323584K->323216K(521776K), 0.0119204 secs] [Times: user=0.05 sys=0.00, real=0.01 secs] 
2024-07-27T21:37:11.192+0800: 7.914: Total time for which application threads were stopped: 0.0120308 seconds, Stopping threads took: 0.0000194 seconds
2024-07-27T21:37:11.305+0800: 8.027: Application time: 0.1133154 seconds
2024-07-27T21:37:11.306+0800: 8.027: [GC (Allocation Failure) 2024-07-27T21:37:11.306+0800: 8.027: [ParNew: 77168K->8192K(78656K), 0.0053037 secs] 392193K->344721K(521776K), 0.0053634 secs] [Times: user=0.00 sys=0.00, real=0.01 secs] 
2024-07-27T21:37:11.311+0800: 8.032: Total time for which application threads were stopped: 0.0054897 seconds, Stopping threads took: 0.0000232 seconds
2024-07-27T21:37:11.311+0800: 8.032: [CMS-concurrent-abortable-preclean: 0.005/0.246 secs] [Times: user=0.08 sys=0.00, real=0.25 secs] 
2024-07-27T21:37:11.311+0800: 8.033: Application time: 0.0003722 seconds
2024-07-27T21:37:11.311+0800: 8.033: [GC (CMS Final Remark) [YG occupancy: 13679 K (78656 K)]2024-07-27T21:37:11.311+0800: 8.033: [Rescan (parallel) , 0.0008347 secs]2024-07-27T21:37:11.312+0800: 8.034: [weak refs processing, 0.0000125 secs]2024-07-27T21:37:11.312+0800: 8.034: [class unloading, 0.0001938 secs]2024-07-27T21:37:11.312+0800: 8.034: [scrub symbol table, 0.0003443 secs]2024-07-27T21:37:11.313+0800: 8.034: [scrub string table, 0.0001010 secs][1 CMS-remark: 336528K(443120K)] 350208K(521776K), 0.0015516 secs] [Times: user=0.00 sys=0.00, real=0.00 secs] 
2024-07-27T21:37:11.313+0800: 8.035: Total time for which application threads were stopped: 0.0017201 seconds, Stopping threads took: 0.0001328 seconds
2024-07-27T21:37:11.313+0800: 8.035: [CMS-concurrent-sweep-start]
2024-07-27T21:37:11.314+0800: 8.036: [CMS-concurrent-sweep: 0.001/0.001 secs] [Times: user=0.00 sys=0.00, real=0.00 secs] 
2024-07-27T21:37:11.314+0800: 8.036: [CMS-concurrent-reset-start]
2024-07-27T21:37:11.316+0800: 8.037: [CMS-concurrent-reset: 0.001/0.001 secs] [Times: user=0.00 sys=0.00, real=0.00 secs] 
2024-07-27T21:37:11.318+0800: 8.039: Application time: 0.0047980 seconds
2024-07-27T21:37:11.318+0800: 8.039: [GC (Allocation Failure) 2024-07-27T21:37:11.318+0800: 8.039: [ParNew: 77168K->8192K(78656K), 0.0122353 secs] 257023K->256655K(521776K), 0.0122849 secs] [Times: user=0.00 sys=0.00, real=0.01 secs] 
2024-07-27T21:37:11.330+0800: 8.052: Total time for which application threads were stopped: 0.0123879 seconds, Stopping threads took: 0.0000144 seconds
2024-07-27T21:37:11.330+0800: 8.052: Application time: 0.0002322 seconds
2024-07-27T21:37:11.330+0800: 8.052: [GC (CMS Initial Mark) [1 CMS-initial-mark: 248463K(443120K)] 260095K(521776K), 0.0009059 secs] [Times: user=0.00 sys=0.00, real=0.00 secs] 
2024-07-27T21:37:11.331+0800: 8.053: Total time for which application threads were stopped: 0.0010907 seconds, Stopping threads took: 0.0001428 seconds
2024-07-27T21:37:11.331+0800: 8.053: [CMS-concurrent-mark-start]
2024-07-27T21:37:11.332+0800: 8.054: [CMS-concurrent-mark: 0.001/0.001 secs] [Times: user=0.00 sys=0.00, real=0.00 secs] 
2024-07-27T21:37:11.332+0800: 8.054: [CMS-concurrent-preclean-start]
2024-07-27T21:37:11.333+0800: 8.055: [CMS-concurrent-preclean: 0.001/0.001 secs] [Times: user=0.02 sys=0.00, real=0.00 secs] 
2024-07-27T21:37:11.333+0800: 8.055: [CMS-concurrent-abortable-preclean-start]
2024-07-27T21:37:11.447+0800: 8.169: Application time: 0.1161802 seconds
2024-07-27T21:37:11.448+0800: 8.169: [GC (Allocation Failure) 2024-07-27T21:37:11.448+0800: 8.169: [ParNew: 77168K->8192K(78656K), 0.0117599 secs] 325632K->325264K(521776K), 0.0118257 secs] [Times: user=0.03 sys=0.00, real=0.01 secs] 
2024-07-27T21:37:11.460+0800: 8.181: Total time for which application threads were stopped: 0.0119371 seconds, Stopping threads took: 0.0000210 seconds
2024-07-27T21:37:11.571+0800: 8.293: Application time: 0.1119139 seconds
2024-07-27T21:37:11.571+0800: 8.293: [GC (Allocation Failure) 2024-07-27T21:37:11.571+0800: 8.293: [ParNew: 77168K->8192K(78656K), 0.0056588 secs] 394241K->347793K(521776K), 0.0057183 secs] [Times: user=0.00 sys=0.00, real=0.01 secs] 
2024-07-27T21:37:11.577+0800: 8.299: Total time for which application threads were stopped: 0.0058281 seconds, Stopping threads took: 0.0000196 seconds
2024-07-27T21:37:11.577+0800: 8.299: [CMS-concurrent-abortable-preclean: 0.005/0.244 secs] [Times: user=0.03 sys=0.00, real=0.24 secs] 
2024-07-27T21:37:11.577+0800: 8.299: Application time: 0.0002802 seconds
2024-07-27T21:37:11.577+0800: 8.299: [GC (CMS Final Remark) [YG occupancy: 12655 K (78656 K)]2024-07-27T21:37:11.577+0800: 8.299: [Rescan (parallel) , 0.0009677 secs]2024-07-27T21:37:11.578+0800: 8.300: [weak refs processing, 0.0000127 secs]2024-07-27T21:37:11.578+0800: 8.300: [class unloading, 0.0001994 secs]2024-07-27T21:37:11.579+0800: 8.301: [scrub symbol table, 0.0003255 secs]2024-07-27T21:37:11.579+0800: 8.301: [scrub string table, 0.0001142 secs][1 CMS-remark: 339601K(443120K)] 352256K(521776K), 0.0016844 secs] [Times: user=0.00 sys=0.00, real=0.00 secs] 
2024-07-27T21:37:11.579+0800: 8.301: Total time for which application threads were stopped: 0.0018107 seconds, Stopping threads took: 0.0000903 seconds
2024-07-27T21:37:11.579+0800: 8.301: [CMS-concurrent-sweep-start]
2024-07-27T21:37:11.581+0800: 8.303: [CMS-concurrent-sweep: 0.002/0.002 secs] [Times: user=0.00 sys=0.00, real=0.00 secs] 
2024-07-27T21:37:11.581+0800: 8.303: [CMS-concurrent-reset-start]
2024-07-27T21:37:11.582+0800: 8.304: [CMS-concurrent-reset: 0.001/0.001 secs] [Times: user=0.00 sys=0.00, real=0.00 secs] 
2024-07-27T21:37:11.584+0800: 8.306: Application time: 0.0047657 seconds
2024-07-27T21:37:11.584+0800: 8.306: [GC (Allocation Failure) 2024-07-27T21:37:11.584+0800: 8.306: [ParNew: 77168K->8192K(78656K), 0.0120913 secs] 259071K->258703K(521776K), 0.0121392 secs] [Times: user=0.00 sys=0.00, real=0.01 secs] 
2024-07-27T21:37:11.596+0800: 8.318: Total time for which application threads were stopped: 0.0122338 seconds, Stopping threads took: 0.0000129 seconds
2024-07-27T21:37:11.596+0800: 8.318: Application time: 0.0001820 seconds
2024-07-27T21:37:11.596+0800: 8.318: [GC (CMS Initial Mark) [1 CMS-initial-mark: 250511K(443120K)] 262143K(521776K), 0.0008630 secs] [Times: user=0.00 sys=0.00, real=0.00 secs] 
2024-07-27T21:37:11.597+0800: 8.319: Total time for which application threads were stopped: 0.0010422 seconds, Stopping threads took: 0.0001369 seconds
2024-07-27T21:37:11.597+0800: 8.319: [CMS-concurrent-mark-start]
2024-07-27T21:37:11.598+0800: 8.320: [CMS-concurrent-mark: 0.001/0.001 secs] [Times: user=0.03 sys=0.00, real=0.00 secs] 
2024-07-27T21:37:11.598+0800: 8.320: [CMS-concurrent-preclean-start]
2024-07-27T21:37:11.600+0800: 8.321: [CMS-concurrent-preclean: 0.001/0.001 secs] [Times: user=0.00 sys=0.00, real=0.00 secs] 
2024-07-27T21:37:11.600+0800: 8.321: [CMS-concurrent-abortable-preclean-start]
2024-07-27T21:37:11.716+0800: 8.437: Application time: 0.1176397 seconds
2024-07-27T21:37:11.716+0800: 8.437: [GC (Allocation Failure) 2024-07-27T21:37:11.716+0800: 8.437: [ParNew: 77168K->8192K(78656K), 0.0120178 secs] 327680K->327312K(521776K), 0.0120760 secs] [Times: user=0.03 sys=0.00, real=0.01 secs] 
2024-07-27T21:37:11.728+0800: 8.449: Total time for which application threads were stopped: 0.0121985 seconds, Stopping threads took: 0.0000197 seconds
2024-07-27T21:37:11.839+0800: 8.562: Application time: 0.1126608 seconds
2024-07-27T21:37:11.840+0800: 8.562: [GC (Allocation Failure) 2024-07-27T21:37:11.840+0800: 8.562: [ParNew: 77543K->8196K(78656K), 0.0054616 secs] 396664K->349845K(521776K), 0.0055199 secs] [Times: user=0.00 sys=0.00, real=0.01 secs] 
2024-07-27T21:37:11.846+0800: 8.567: Total time for which application threads were stopped: 0.0056314 seconds, Stopping threads took: 0.0000186 seconds
2024-07-27T21:37:11.846+0800: 8.567: [CMS-concurrent-abortable-preclean: 0.006/0.246 secs] [Times: user=0.03 sys=0.00, real=0.25 secs] 
2024-07-27T21:37:11.846+0800: 8.568: Application time: 0.0003112 seconds
2024-07-27T21:37:11.846+0800: 8.568: [GC (CMS Final Remark) [YG occupancy: 12649 K (78656 K)]2024-07-27T21:37:11.846+0800: 8.568: [Rescan (parallel) , 0.0011004 secs]2024-07-27T21:37:11.848+0800: 8.569: [weak refs processing, 0.0000128 secs]2024-07-27T21:37:11.848+0800: 8.569: [class unloading, 0.0001923 secs]2024-07-27T21:37:11.848+0800: 8.569: [scrub symbol table, 0.0003467 secs]2024-07-27T21:37:11.848+0800: 8.570: [scrub string table, 0.0001122 secs][1 CMS-remark: 341649K(443120K)] 354299K(521776K), 0.0018280 secs] [Times: user=0.00 sys=0.00, real=0.00 secs] 
2024-07-27T21:37:11.848+0800: 8.570: Total time for which application threads were stopped: 0.0019983 seconds, Stopping threads took: 0.0001342 seconds
2024-07-27T21:37:11.849+0800: 8.570: [CMS-concurrent-sweep-start]
2024-07-27T21:37:11.850+0800: 8.571: [CMS-concurrent-sweep: 0.001/0.001 secs] [Times: user=0.00 sys=0.00, real=0.00 secs] 
2024-07-27T21:37:11.850+0800: 8.572: [CMS-concurrent-reset-start]
2024-07-27T21:37:11.851+0800: 8.573: [CMS-concurrent-reset: 0.001/0.001 secs] [Times: user=0.00 sys=0.00, real=0.00 secs] 
2024-07-27T21:37:11.853+0800: 8.574: Application time: 0.0047465 seconds
2024-07-27T21:37:11.853+0800: 8.575: [GC (Allocation Failure) 2024-07-27T21:37:11.853+0800: 8.575: [ParNew: 77162K->8192K(78656K), 0.0118145 secs] 260089K->259727K(521776K), 0.0118635 secs] [Times: user=0.03 sys=0.00, real=0.01 secs] 
2024-07-27T21:37:11.865+0800: 8.586: Total time for which application threads were stopped: 0.0119606 seconds, Stopping threads took: 0.0000133 seconds
2024-07-27T21:37:11.865+0800: 8.587: Application time: 0.0002464 seconds
2024-07-27T21:37:11.865+0800: 8.587: [GC (CMS Initial Mark) [1 CMS-initial-mark: 251535K(443120K)] 263161K(521776K), 0.0007822 secs] [Times: user=0.00 sys=0.00, real=0.00 secs] 
2024-07-27T21:37:11.866+0800: 8.588: Total time for which application threads were stopped: 0.0009752 seconds, Stopping threads took: 0.0001512 seconds
2024-07-27T21:37:11.866+0800: 8.588: [CMS-concurrent-mark-start]
2024-07-27T21:37:11.867+0800: 8.589: [CMS-concurrent-mark: 0.001/0.001 secs] [Times: user=0.00 sys=0.00, real=0.00 secs] 
2024-07-27T21:37:11.867+0800: 8.589: [CMS-concurrent-preclean-start]
2024-07-27T21:37:11.867+0800: 8.589: [CMS-concurrent-preclean: 0.001/0.001 secs] [Times: user=0.00 sys=0.00, real=0.00 secs] 
2024-07-27T21:37:11.867+0800: 8.589: [CMS-concurrent-abortable-preclean-start]
2024-07-27T21:37:11.982+0800: 8.704: Application time: 0.1166298 seconds
2024-07-27T21:37:11.982+0800: 8.704: [GC (Allocation Failure) 2024-07-27T21:37:11.982+0800: 8.704: [ParNew: 77162K->8192K(78656K), 0.0117530 secs] 328698K->328336K(521776K), 0.0118115 secs] [Times: user=0.03 sys=0.00, real=0.01 secs] 
2024-07-27T21:37:11.995+0800: 8.716: Total time for which application threads were stopped: 0.0119230 seconds, Stopping threads took: 0.0000199 seconds
2024-07-27T21:37:12.106+0800: 8.828: Application time: 0.1121390 seconds
2024-07-27T21:37:12.106+0800: 8.828: [GC (Allocation Failure) 2024-07-27T21:37:12.106+0800: 8.828: [ParNew: 77164K->8192K(78656K), 0.0057126 secs] 397309K->351889K(521776K), 0.0057724 secs] [Times: user=0.00 sys=0.00, real=0.01 secs] 
2024-07-27T21:37:12.113+0800: 8.834: Total time for which application threads were stopped: 0.0058818 seconds, Stopping threads took: 0.0000193 seconds
2024-07-27T21:37:12.113+0800: 8.834: [CMS-concurrent-abortable-preclean: 0.005/0.245 secs] [Times: user=0.03 sys=0.00, real=0.25 secs] 
2024-07-27T21:37:12.113+0800: 8.835: Application time: 0.0003095 seconds
2024-07-27T21:37:12.113+0800: 8.835: [GC (CMS Final Remark) [YG occupancy: 12653 K (78656 K)]2024-07-27T21:37:12.113+0800: 8.835: [Rescan (parallel) , 0.0010449 secs]2024-07-27T21:37:12.114+0800: 8.836: [weak refs processing, 0.0000151 secs]2024-07-27T21:37:12.114+0800: 8.836: [class unloading, 0.0001744 secs]2024-07-27T21:37:12.114+0800: 8.836: [scrub symbol table, 0.0003098 secs]2024-07-27T21:37:12.114+0800: 8.836: [scrub string table, 0.0000934 secs][1 CMS-remark: 343697K(443120K)] 356350K(521776K), 0.0017061 secs] [Times: user=0.00 sys=0.00, real=0.00 secs] 
2024-07-27T21:37:12.114+0800: 8.836: Total time for which application threads were stopped: 0.0019050 seconds, Stopping threads took: 0.0001627 seconds
2024-07-27T21:37:12.114+0800: 8.837: [CMS-concurrent-sweep-start]
2024-07-27T21:37:12.116+0800: 8.838: [CMS-concurrent-sweep: 0.002/0.002 secs] [Times: user=0.00 sys=0.00, real=0.00 secs] 
2024-07-27T21:37:12.116+0800: 8.838: [CMS-concurrent-reset-start]
2024-07-27T21:37:12.117+0800: 8.839: [CMS-concurrent-reset: 0.001/0.001 secs] [Times: user=0.00 sys=0.00, real=0.00 secs] 
2024-07-27T21:37:12.119+0800: 8.841: Application time: 0.0050465 seconds
2024-07-27T21:37:12.119+0800: 8.842: [GC (Allocation Failure) 2024-07-27T21:37:12.119+0800: 8.842: [ParNew: 77166K->8192K(78656K), 0.0120486 secs] 261116K->260751K(521776K), 0.0120955 secs] [Times: user=0.03 sys=0.00, real=0.01 secs] 
2024-07-27T21:37:12.132+0800: 8.854: Total time for which application threads were stopped: 0.0122034 seconds, Stopping threads took: 0.0000214 seconds
2024-07-27T21:37:12.132+0800: 8.854: Application time: 0.0001627 seconds
2024-07-27T21:37:12.133+0800: 8.854: [GC (CMS Initial Mark) [1 CMS-initial-mark: 252559K(443120K)] 264189K(521776K), 0.0008170 secs] [Times: user=0.00 sys=0.00, real=0.00 secs] 
2024-07-27T21:37:12.133+0800: 8.855: Total time for which application threads were stopped: 0.0009871 seconds, Stopping threads took: 0.0001227 seconds
2024-07-27T21:37:12.133+0800: 8.855: [CMS-concurrent-mark-start]
2024-07-27T21:37:12.134+0800: 8.856: [CMS-concurrent-mark: 0.001/0.001 secs] [Times: user=0.00 sys=0.00, real=0.00 secs] 
2024-07-27T21:37:12.134+0800: 8.856: [CMS-concurrent-preclean-start]
2024-07-27T21:37:12.134+0800: 8.857: [CMS-concurrent-preclean: 0.001/0.001 secs] [Times: user=0.00 sys=0.00, real=0.00 secs] 
2024-07-27T21:37:12.134+0800: 8.857: [CMS-concurrent-abortable-preclean-start]
2024-07-27T21:37:12.253+0800: 8.974: Application time: 0.1193047 seconds
2024-07-27T21:37:12.253+0800: 8.974: [GC (Allocation Failure) 2024-07-27T21:37:12.253+0800: 8.974: [ParNew: 77167K->8192K(78656K), 0.0120753 secs] 329726K->329360K(521776K), 0.0121356 secs] [Times: user=0.03 sys=0.00, real=0.01 secs] 
2024-07-27T21:37:12.264+0800: 8.986: Total time for which application threads were stopped: 0.0122437 seconds, Stopping threads took: 0.0000189 seconds
2024-07-27T21:37:12.375+0800: 9.098: Application time: 0.1111914 seconds
2024-07-27T21:37:12.375+0800: 9.098: [GC (Allocation Failure) 2024-07-27T21:37:12.375+0800: 9.098: [ParNew: 77167K->8192K(78656K), 0.0058657 secs] 398336K->353937K(521776K), 0.0059245 secs] [Times: user=0.03 sys=0.00, real=0.01 secs] 
2024-07-27T21:37:12.381+0800: 9.104: Total time for which application threads were stopped: 0.0060347 seconds, Stopping threads took: 0.0000196 seconds
2024-07-27T21:37:12.381+0800: 9.104: [CMS-concurrent-abortable-preclean: 0.005/0.247 secs] [Times: user=0.06 sys=0.00, real=0.25 secs] 
2024-07-27T21:37:12.382+0800: 9.104: Application time: 0.0003599 seconds
2024-07-27T21:37:12.382+0800: 9.104: [GC (CMS Final Remark) [YG occupancy: 12655 K (78656 K)]2024-07-27T21:37:12.382+0800: 9.104: [Rescan (parallel) , 0.0007453 secs]2024-07-27T21:37:12.383+0800: 9.105: [weak refs processing, 0.0000125 secs]2024-07-27T21:37:12.383+0800: 9.105: [class unloading, 0.0001818 secs]2024-07-27T21:37:12.383+0800: 9.105: [scrub symbol table, 0.0003750 secs]2024-07-27T21:37:12.383+0800: 9.106: [scrub string table, 0.0001120 secs][1 CMS-remark: 345745K(443120K)] 358400K(521776K), 0.0014890 secs] [Times: user=0.00 sys=0.00, real=0.00 secs] 
2024-07-27T21:37:12.383+0800: 9.106: Total time for which application threads were stopped: 0.0016800 seconds, Stopping threads took: 0.0001449 seconds
2024-07-27T21:37:12.384+0800: 9.106: [CMS-concurrent-sweep-start]
2024-07-27T21:37:12.385+0800: 9.107: [CMS-concurrent-sweep: 0.001/0.001 secs] [Times: user=0.00 sys=0.00, real=0.00 secs] 
2024-07-27T21:37:12.385+0800: 9.107: [CMS-concurrent-reset-start]
2024-07-27T21:37:12.387+0800: 9.108: [CMS-concurrent-reset: 0.001/0.001 secs] [Times: user=0.00 sys=0.00, real=0.00 secs] 
2024-07-27T21:37:12.388+0800: 9.110: Application time: 0.0047637 seconds
2024-07-27T21:37:12.388+0800: 9.110: [GC (Allocation Failure) 2024-07-27T21:37:12.388+0800: 9.111: [ParNew: 77168K->8192K(78656K), 0.0118482 secs] 263166K->262799K(521776K), 0.0118960 secs] [Times: user=0.03 sys=0.00, real=0.01 secs] 
2024-07-27T21:37:12.400+0800: 9.122: Total time for which application threads were stopped: 0.0119899 seconds, Stopping threads took: 0.0000128 seconds
2024-07-27T21:37:12.400+0800: 9.123: Application time: 0.0002231 seconds
2024-07-27T21:37:12.400+0800: 9.123: [GC (CMS Initial Mark) [1 CMS-initial-mark: 254607K(443120K)] 265215K(521776K), 0.0008425 secs] [Times: user=0.00 sys=0.00, real=0.00 secs] 
2024-07-27T21:37:12.402+0800: 9.124: Total time for which application threads were stopped: 0.0009038 seconds, Stopping threads took: 0.0000202 seconds
2024-07-27T21:37:12.402+0800: 9.124: [CMS-concurrent-mark-start]
2024-07-27T21:37:12.402+0800: 9.125: [CMS-concurrent-mark: 0.001/0.001 secs] [Times: user=0.00 sys=0.00, real=0.00 secs] 
2024-07-27T21:37:12.402+0800: 9.125: [CMS-concurrent-preclean-start]
2024-07-27T21:37:12.403+0800: 9.125: [CMS-concurrent-preclean: 0.001/0.001 secs] [Times: user=0.00 sys=0.00, real=0.00 secs] 
2024-07-27T21:37:12.403+0800: 9.125: [CMS-concurrent-abortable-preclean-start]
2024-07-27T21:37:12.518+0800: 9.240: Application time: 0.1163988 seconds
2024-07-27T21:37:12.518+0800: 9.240: [GC (Allocation Failure) 2024-07-27T21:37:12.518+0800: 9.240: [ParNew: 77168K->8192K(78656K), 0.0116992 secs] 331776K->331408K(521776K), 0.0117581 secs] [Times: user=0.03 sys=0.00, real=0.01 secs] 
2024-07-27T21:37:12.530+0800: 9.252: Total time for which application threads were stopped: 0.0118707 seconds, Stopping threads took: 0.0000185 seconds
2024-07-27T21:37:12.641+0800: 9.364: Application time: 0.1119038 seconds
2024-07-27T21:37:12.642+0800: 9.364: [GC (Allocation Failure) 2024-07-27T21:37:12.642+0800: 9.364: [ParNew: 77171K->8192K(78656K), 0.0062059 secs] 400387K->357009K(521776K), 0.0062691 secs] [Times: user=0.03 sys=0.00, real=0.01 secs] 
2024-07-27T21:37:12.648+0800: 9.370: Total time for which application threads were stopped: 0.0064048 seconds, Stopping threads took: 0.0000295 seconds
2024-07-27T21:37:12.648+0800: 9.370: [CMS-concurrent-abortable-preclean: 0.005/0.245 secs] [Times: user=0.06 sys=0.00, real=0.24 secs] 
2024-07-27T21:37:12.648+0800: 9.370: Application time: 0.0003360 seconds
2024-07-27T21:37:12.648+0800: 9.371: [GC (CMS Final Remark) [YG occupancy: 12649 K (78656 K)]2024-07-27T21:37:12.648+0800: 9.371: [Rescan (parallel) , 0.0007949 secs]2024-07-27T21:37:12.649+0800: 9.371: [weak refs processing, 0.0000130 secs]2024-07-27T21:37:12.649+0800: 9.371: [class unloading, 0.0002047 secs]2024-07-27T21:37:12.649+0800: 9.372: [scrub symbol table, 0.0003678 secs]2024-07-27T21:37:12.650+0800: 9.372: [scrub string table, 0.0001159 secs][1 CMS-remark: 348817K(443120K)] 361467K(521776K), 0.0015686 secs] [Times: user=0.00 sys=0.00, real=0.00 secs] 
2024-07-27T21:37:12.650+0800: 9.372: Total time for which application threads were stopped: 0.0017350 seconds, Stopping threads took: 0.0001255 seconds
2024-07-27T21:37:12.651+0800: 9.372: [CMS-concurrent-sweep-start]
2024-07-27T21:37:12.652+0800: 9.374: [CMS-concurrent-sweep: 0.002/0.002 secs] [Times: user=0.00 sys=0.00, real=0.00 secs] 
2024-07-27T21:37:12.652+0800: 9.374: [CMS-concurrent-reset-start]
2024-07-27T21:37:12.653+0800: 9.375: [CMS-concurrent-reset: 0.001/0.001 secs] [Times: user=0.00 sys=0.00, real=0.00 secs] 
2024-07-27T21:37:12.767+0800: 9.488: Application time: 0.1161039 seconds
2024-07-27T21:37:12.767+0800: 9.488: [GC (Allocation Failure) 2024-07-27T21:37:12.767+0800: 9.488: [ParNew: 77162K->8192K(78656K), 0.0121198 secs] 265209K->264847K(521776K), 0.0121804 secs] [Times: user=0.03 sys=0.00, real=0.01 secs] 
2024-07-27T21:37:12.778+0800: 9.501: Total time for which application threads were stopped: 0.0122940 seconds, Stopping threads took: 0.0000202 seconds
2024-07-27T21:37:12.779+0800: 9.501: Application time: 0.0001673 seconds
2024-07-27T21:37:12.779+0800: 9.501: [GC (CMS Initial Mark) [1 CMS-initial-mark: 256655K(443120K)] 268283K(521776K), 0.0008378 secs] [Times: user=0.00 sys=0.00, real=0.00 secs] 
2024-07-27T21:37:12.780+0800: 9.502: Total time for which application threads were stopped: 0.0009994 seconds, Stopping threads took: 0.0001200 seconds
2024-07-27T21:37:12.780+0800: 9.502: [CMS-concurrent-mark-start]
2024-07-27T21:37:12.783+0800: 9.506: [CMS-concurrent-mark: 0.004/0.004 secs] [Times: user=0.00 sys=0.00, real=0.00 secs] 
2024-07-27T21:37:12.783+0800: 9.506: [CMS-concurrent-preclean-start]
2024-07-27T21:37:12.785+0800: 9.507: [CMS-concurrent-preclean: 0.001/0.001 secs] [Times: user=0.02 sys=0.00, real=0.00 secs] 
2024-07-27T21:37:12.785+0800: 9.507: Application time: 0.0051765 seconds
2024-07-27T21:37:12.785+0800: 9.507: [GC (Allocation Failure) 2024-07-27T21:37:12.785+0800: 9.507: [ParNew: 77165K->8192K(78656K), 0.0118595 secs] 333820K->333457K(521776K), 0.0119244 secs] [Times: user=0.00 sys=0.00, real=0.01 secs] 
2024-07-27T21:37:12.797+0800: 9.519: Total time for which application threads were stopped: 0.0120200 seconds, Stopping threads took: 0.0000136 seconds
2024-07-27T21:37:12.798+0800: 9.519: Application time: 0.0002570 seconds
2024-07-27T21:37:12.798+0800: 9.519: [GC (CMS Final Remark) [YG occupancy: 11629 K (78656 K)]2024-07-27T21:37:12.798+0800: 9.520: [Rescan (parallel) , 0.0008298 secs]2024-07-27T21:37:12.799+0800: 9.520: [weak refs processing, 0.0000141 secs]2024-07-27T21:37:12.799+0800: 9.520: [class unloading, 0.0002134 secs]2024-07-27T21:37:12.799+0800: 9.521: [scrub symbol table, 0.0003378 secs]2024-07-27T21:37:12.799+0800: 9.521: [scrub string table, 0.0001013 secs][1 CMS-remark: 325264K(443120K)] 336894K(521776K), 0.0015604 secs] [Times: user=0.00 sys=0.00, real=0.00 secs] 
2024-07-27T21:37:12.799+0800: 9.521: Total time for which application threads were stopped: 0.0017917 seconds, Stopping threads took: 0.0001860 seconds
2024-07-27T21:37:12.800+0800: 9.521: [CMS-concurrent-sweep-start]
2024-07-27T21:37:12.801+0800: 9.523: [CMS-concurrent-sweep: 0.001/0.001 secs] [Times: user=0.00 sys=0.00, real=0.00 secs] 
2024-07-27T21:37:12.801+0800: 9.523: [CMS-concurrent-reset-start]
2024-07-27T21:37:12.802+0800: 9.524: [CMS-concurrent-reset: 0.001/0.001 secs] [Times: user=0.03 sys=0.00, real=0.00 secs] 
2024-07-27T21:37:12.910+0800: 9.632: Application time: 0.1111156 seconds
2024-07-27T21:37:12.910+0800: 9.632: [GC (Allocation Failure) 2024-07-27T21:37:12.910+0800: 9.632: [ParNew: 77166K->8192K(78656K), 0.0059836 secs] 240636K->198286K(521776K), 0.0060429 secs] [Times: user=0.01 sys=0.00, real=0.01 secs] 
2024-07-27T21:37:12.916+0800: 9.638: Total time for which application threads were stopped: 0.0061539 seconds, Stopping threads took: 0.0000199 seconds
2024-07-27T21:37:13.036+0800: 9.758: Application time: 0.1194114 seconds
2024-07-27T21:37:13.036+0800: 9.758: [GC (Allocation Failure) 2024-07-27T21:37:13.036+0800: 9.758: [ParNew: 77167K->8192K(78656K), 0.0137768 secs] 267262K->266896K(521776K), 0.0138585 secs] [Times: user=0.00 sys=0.00, real=0.01 secs] 
2024-07-27T21:37:13.050+0800: 9.772: Total time for which application threads were stopped: 0.0140044 seconds, Stopping threads took: 0.0000236 seconds
2024-07-27T21:37:13.050+0800: 9.772: Application time: 0.0002444 seconds
2024-07-27T21:37:13.050+0800: 9.772: [GC (CMS Initial Mark) [1 CMS-initial-mark: 258703K(443120K)] 270334K(521776K), 0.0008438 secs] [Times: user=0.00 sys=0.02, real=0.00 secs] 
2024-07-27T21:37:13.052+0800: 9.773: Total time for which application threads were stopped: 0.0009721 seconds, Stopping threads took: 0.0000839 seconds
2024-07-27T21:37:13.052+0800: 9.773: [CMS-concurrent-mark-start]
2024-07-27T21:37:13.055+0800: 9.777: [CMS-concurrent-mark: 0.004/0.004 secs] [Times: user=0.00 sys=0.00, real=0.00 secs] 
2024-07-27T21:37:13.055+0800: 9.777: [CMS-concurrent-preclean-start]
2024-07-27T21:37:13.057+0800: 9.779: [CMS-concurrent-preclean: 0.002/0.002 secs] [Times: user=0.00 sys=0.00, real=0.00 secs] 
2024-07-27T21:37:13.057+0800: 9.779: Application time: 0.0055799 seconds
2024-07-27T21:37:13.057+0800: 9.779: [GC (Allocation Failure) 2024-07-27T21:37:13.057+0800: 9.779: [ParNew: 77167K->8192K(78656K), 0.0140408 secs] 335871K->335505K(521776K), 0.0140917 secs] [Times: user=0.03 sys=0.00, real=0.01 secs] 
2024-07-27T21:37:13.071+0800: 9.793: Total time for which application threads were stopped: 0.0142024 seconds, Stopping threads took: 0.0000165 seconds
2024-07-27T21:37:13.071+0800: 9.793: Application time: 0.0003042 seconds
2024-07-27T21:37:13.071+0800: 9.793: [GC (CMS Final Remark) [YG occupancy: 12655 K (78656 K)]2024-07-27T21:37:13.071+0800: 9.793: [Rescan (parallel) , 0.0007366 secs]2024-07-27T21:37:13.072+0800: 9.794: [weak refs processing, 0.0000126 secs]2024-07-27T21:37:13.072+0800: 9.794: [class unloading, 0.0002142 secs]2024-07-27T21:37:13.072+0800: 9.794: [scrub symbol table, 0.0003682 secs]2024-07-27T21:37:13.073+0800: 9.795: [scrub string table, 0.0001040 secs][1 CMS-remark: 327312K(443120K)] 339968K(521776K), 0.0015064 secs] [Times: user=0.00 sys=0.00, real=0.00 secs] 
2024-07-27T21:37:13.073+0800: 9.795: Total time for which application threads were stopped: 0.0016967 seconds, Stopping threads took: 0.0001523 seconds
2024-07-27T21:37:13.073+0800: 9.795: [CMS-concurrent-sweep-start]
2024-07-27T21:37:13.075+0800: 9.797: [CMS-concurrent-sweep: 0.002/0.002 secs] [Times: user=0.00 sys=0.00, real=0.00 secs] 
2024-07-27T21:37:13.075+0800: 9.797: [CMS-concurrent-reset-start]
2024-07-27T21:37:13.076+0800: 9.798: [CMS-concurrent-reset: 0.001/0.001 secs] [Times: user=0.00 sys=0.00, real=0.00 secs] 
2024-07-27T21:37:13.180+0800: 9.902: Application time: 0.1070712 seconds
2024-07-27T21:37:13.180+0800: 9.902: [GC (Allocation Failure) 2024-07-27T21:37:13.180+0800: 9.902: [ParNew: 77168K->8192K(78656K), 0.0062028 secs] 241662K->200334K(521776K), 0.0062768 secs] [Times: user=0.00 sys=0.00, real=0.01 secs] 
2024-07-27T21:37:13.187+0800: 9.908: Total time for which application threads were stopped: 0.0063876 seconds, Stopping threads took: 0.0000202 seconds
2024-07-27T21:37:13.305+0800: 10.027: Application time: 0.1184130 seconds
2024-07-27T21:37:13.305+0800: 10.027: [GC (Allocation Failure) 2024-07-27T21:37:13.305+0800: 10.027: [ParNew: 77168K->8192K(78656K), 0.0118972 secs] 269311K->268944K(521776K), 0.0119598 secs] [Times: user=0.00 sys=0.00, real=0.01 secs] 
2024-07-27T21:37:13.317+0800: 10.039: Total time for which application threads were stopped: 0.0120764 seconds, Stopping threads took: 0.0000220 seconds
2024-07-27T21:37:13.318+0800: 10.039: Application time: 0.0002439 seconds
2024-07-27T21:37:13.318+0800: 10.039: [GC (CMS Initial Mark) [1 CMS-initial-mark: 260751K(443120K)] 272383K(521776K), 0.0007066 secs] [Times: user=0.00 sys=0.00, real=0.00 secs] 
2024-07-27T21:37:13.318+0800: 10.040: Total time for which application threads were stopped: 0.0008745 seconds, Stopping threads took: 0.0001168 seconds
2024-07-27T21:37:13.318+0800: 10.040: [CMS-concurrent-mark-start]
2024-07-27T21:37:13.322+0800: 10.044: [CMS-concurrent-mark: 0.004/0.004 secs] [Times: user=0.00 sys=0.00, real=0.00 secs] 
2024-07-27T21:37:13.322+0800: 10.044: [CMS-concurrent-preclean-start]
2024-07-27T21:37:13.324+0800: 10.045: [CMS-concurrent-preclean: 0.001/0.001 secs] [Times: user=0.00 sys=0.00, real=0.00 secs] 
2024-07-27T21:37:13.324+0800: 10.045: Application time: 0.0053742 seconds
2024-07-27T21:37:13.324+0800: 10.045: [GC (Allocation Failure) 2024-07-27T21:37:13.324+0800: 10.045: [ParNew: 77168K->8192K(78656K), 0.0119994 secs] 337920K->337553K(521776K), 0.0120474 secs] [Times: user=0.03 sys=0.00, real=0.01 secs] 
2024-07-27T21:37:13.336+0800: 10.057: Total time for which application threads were stopped: 0.0121456 seconds, Stopping threads took: 0.0000135 seconds
2024-07-27T21:37:13.336+0800: 10.058: Application time: 0.0002844 seconds
2024-07-27T21:37:13.336+0800: 10.058: [GC (CMS Final Remark) [YG occupancy: 12655 K (78656 K)]2024-07-27T21:37:13.336+0800: 10.058: [Rescan (parallel) , 0.0008990 secs]2024-07-27T21:37:13.337+0800: 10.059: [weak refs processing, 0.0000134 secs]2024-07-27T21:37:13.337+0800: 10.059: [class unloading, 0.0002729 secs]2024-07-27T21:37:13.338+0800: 10.059: [scrub symbol table, 0.0003404 secs]2024-07-27T21:37:13.338+0800: 10.059: [scrub string table, 0.0001010 secs][1 CMS-remark: 329360K(443120K)] 342016K(521776K), 0.0016927 secs] [Times: user=0.00 sys=0.00, real=0.00 secs] 
2024-07-27T21:37:13.338+0800: 10.060: Total time for which application threads were stopped: 0.0019043 seconds, Stopping threads took: 0.0001739 seconds
2024-07-27T21:37:13.338+0800: 10.060: [CMS-concurrent-sweep-start]
2024-07-27T21:37:13.340+0800: 10.061: [CMS-concurrent-sweep: 0.002/0.002 secs] [Times: user=0.00 sys=0.00, real=0.00 secs] 
2024-07-27T21:37:13.340+0800: 10.061: [CMS-concurrent-reset-start]
2024-07-27T21:37:13.341+0800: 10.062: [CMS-concurrent-reset: 0.001/0.001 secs] [Times: user=0.00 sys=0.00, real=0.00 secs] 
2024-07-27T21:37:13.450+0800: 10.171: Application time: 0.1115108 seconds
2024-07-27T21:37:13.450+0800: 10.171: [GC (Allocation Failure) 2024-07-27T21:37:13.450+0800: 10.171: [ParNew: 77168K->8192K(78656K), 0.0063102 secs] 242687K->202383K(521776K), 0.0063728 secs] [Times: user=0.00 sys=0.00, real=0.01 secs] 
2024-07-27T21:37:13.456+0800: 10.178: Total time for which application threads were stopped: 0.0064839 seconds, Stopping threads took: 0.0000181 seconds
2024-07-27T21:37:13.573+0800: 10.294: Application time: 0.1168081 seconds
2024-07-27T21:37:13.573+0800: 10.294: [GC (Allocation Failure) 2024-07-27T21:37:13.573+0800: 10.294: [ParNew: 77168K->8192K(78656K), 0.0122545 secs] 271359K->270992K(521776K), 0.0123203 secs] [Times: user=0.03 sys=0.00, real=0.01 secs] 
2024-07-27T21:37:13.585+0800: 10.307: Total time for which application threads were stopped: 0.0124499 seconds, Stopping threads took: 0.0000217 seconds
2024-07-27T21:37:13.590+0800: 10.312: Application time: 0.0049693 seconds
2024-07-27T21:37:13.590+0800: 10.312: [GC (Allocation Failure) 2024-07-27T21:37:13.590+0800: 10.312: [ParNew: 77168K->8192K(78656K), 0.0116434 secs] 339968K->339601K(521776K), 0.0116930 secs] [Times: user=0.03 sys=0.00, real=0.01 secs] 
2024-07-27T21:37:13.601+0800: 10.324: Total time for which application threads were stopped: 0.0117928 seconds, Stopping threads took: 0.0000159 seconds
2024-07-27T21:37:13.602+0800: 10.324: Application time: 0.0001334 seconds
2024-07-27T21:37:13.602+0800: 10.324: [GC (CMS Initial Mark) [1 CMS-initial-mark: 331408K(443120K)] 343040K(521776K), 0.0007458 secs] [Times: user=0.00 sys=0.00, real=0.00 secs] 
2024-07-27T21:37:13.603+0800: 10.325: Total time for which application threads were stopped: 0.0009508 seconds, Stopping threads took: 0.0001621 seconds
2024-07-27T21:37:13.603+0800: 10.325: [CMS-concurrent-mark-start]
2024-07-27T21:37:13.605+0800: 10.327: [CMS-concurrent-mark: 0.003/0.003 secs] [Times: user=0.00 sys=0.00, real=0.00 secs] 
2024-07-27T21:37:13.605+0800: 10.327: [CMS-concurrent-preclean-start]
2024-07-27T21:37:13.606+0800: 10.328: [CMS-concurrent-preclean: 0.001/0.001 secs] [Times: user=0.00 sys=0.00, real=0.00 secs] 
2024-07-27T21:37:13.606+0800: 10.328: [CMS-concurrent-abortable-preclean-start]
2024-07-27T21:37:13.717+0800: 10.439: Application time: 0.1140600 seconds
2024-07-27T21:37:13.717+0800: 10.439: [GC (Allocation Failure) 2024-07-27T21:37:13.717+0800: 10.439: [ParNew: 77168K->8192K(78656K), 0.0065264 secs] 408577K->369297K(521776K), 0.0065989 secs] [Times: user=0.03 sys=0.00, real=0.01 secs] 
2024-07-27T21:37:13.723+0800: 10.445: Total time for which application threads were stopped: 0.0067082 seconds, Stopping threads took: 0.0000195 seconds
2024-07-27T21:37:13.840+0800: 10.562: Application time: 0.1168381 seconds
2024-07-27T21:37:13.841+0800: 10.562: [GC (Allocation Failure) 2024-07-27T21:37:13.841+0800: 10.562: [ParNew: 77168K->8192K(78656K), 0.0124926 secs] 438274K->437906K(521776K), 0.0125539 secs] [Times: user=0.03 sys=0.00, real=0.01 secs] 
2024-07-27T21:37:13.853+0800: 10.575: Total time for which application threads were stopped: 0.0126837 seconds, Stopping threads took: 0.0000245 seconds
2024-07-27T21:37:13.858+0800: 10.580: Application time: 0.0046944 seconds
2024-07-27T21:37:13.858+0800: 10.580: [GC (Allocation Failure) 2024-07-27T21:37:13.858+0800: 10.580: [ParNew: 77168K->8192K(78656K), 0.0370000 secs] 506883K->506515K(578316K), 0.0370502 secs] [Times: user=0.06 sys=0.00, real=0.04 secs] 
2024-07-27T21:37:13.895+0800: 10.617: Total time for which application threads were stopped: 0.0371502 seconds, Stopping threads took: 0.0000160 seconds
2024-07-27T21:37:13.895+0800: 10.617: [CMS-concurrent-abortable-preclean: 0.005/0.289 secs] [Times: user=0.13 sys=0.00, real=0.29 secs] 
2024-07-27T21:37:13.895+0800: 10.617: Application time: 0.0002970 seconds
2024-07-27T21:37:13.895+0800: 10.617: [GC (CMS Final Remark) [YG occupancy: 12655 K (78656 K)]2024-07-27T21:37:13.895+0800: 10.617: [Rescan (parallel) , 0.0011577 secs]2024-07-27T21:37:13.897+0800: 10.618: [weak refs processing, 0.0000168 secs]2024-07-27T21:37:13.897+0800: 10.618: [class unloading, 0.0001887 secs]2024-07-27T21:37:13.897+0800: 10.619: [scrub symbol table, 0.0003415 secs]2024-07-27T21:37:13.897+0800: 10.619: [scrub string table, 0.0001020 secs][1 CMS-remark: 498323K(499660K)] 510979K(578316K), 0.0018730 secs] [Times: user=0.00 sys=0.00, real=0.00 secs] 
2024-07-27T21:37:13.897+0800: 10.619: Total time for which application threads were stopped: 0.0019737 seconds, Stopping threads took: 0.0000648 seconds
2024-07-27T21:37:13.898+0800: 10.619: [CMS-concurrent-sweep-start]
2024-07-27T21:37:13.899+0800: 10.621: [CMS-concurrent-sweep: 0.002/0.002 secs] [Times: user=0.00 sys=0.00, real=0.00 secs] 
2024-07-27T21:37:13.899+0800: 10.621: [CMS-concurrent-reset-start]
2024-07-27T21:37:13.900+0800: 10.622: [CMS-concurrent-reset: 0.001/0.001 secs] [Times: user=0.00 sys=0.00, real=0.00 secs] 
2024-07-27T21:37:14.016+0800: 10.738: Application time: 0.1188062 seconds
2024-07-27T21:37:14.016+0800: 10.738: [GC (Allocation Failure) 2024-07-27T21:37:14.016+0800: 10.738: [ParNew: 77168K->8192K(78656K), 0.0073041 secs] 410625K->372369K(634420K), 0.0073643 secs] [Times: user=0.03 sys=0.00, real=0.01 secs] 
2024-07-27T21:37:14.024+0800: 10.745: Total time for which application threads were stopped: 0.0074854 seconds, Stopping threads took: 0.0000206 seconds
2024-07-27T21:37:14.024+0800: 10.746: Application time: 0.0002570 seconds
2024-07-27T21:37:14.024+0800: 10.746: [GC (CMS Initial Mark) [1 CMS-initial-mark: 364177K(555764K)] 375809K(634420K), 0.0008554 secs] [Times: user=0.00 sys=0.00, real=0.00 secs] 
2024-07-27T21:37:14.025+0800: 10.747: Total time for which application threads were stopped: 0.0009747 seconds, Stopping threads took: 0.0000778 seconds
2024-07-27T21:37:14.025+0800: 10.747: [CMS-concurrent-mark-start]
2024-07-27T21:37:14.030+0800: 10.751: [CMS-concurrent-mark: 0.004/0.004 secs] [Times: user=0.00 sys=0.00, real=0.00 secs] 
2024-07-27T21:37:14.030+0800: 10.751: [CMS-concurrent-preclean-start]
2024-07-27T21:37:14.030+0800: 10.752: [CMS-concurrent-preclean: 0.001/0.001 secs] [Times: user=0.00 sys=0.00, real=0.00 secs] 
2024-07-27T21:37:14.030+0800: 10.752: [CMS-concurrent-abortable-preclean-start]
2024-07-27T21:37:14.141+0800: 10.862: Application time: 0.1155435 seconds
2024-07-27T21:37:14.141+0800: 10.862: [GC (Allocation Failure) 2024-07-27T21:37:14.141+0800: 10.862: [ParNew: 77168K->8192K(78656K), 0.0125386 secs] 441346K->440978K(634420K), 0.0125991 secs] [Times: user=0.03 sys=0.00, real=0.01 secs] 
2024-07-27T21:37:14.153+0800: 10.875: Total time for which application threads were stopped: 0.0127122 seconds, Stopping threads took: 0.0000195 seconds
2024-07-27T21:37:14.158+0800: 10.880: Application time: 0.0045851 seconds
2024-07-27T21:37:14.158+0800: 10.880: [GC (Allocation Failure) 2024-07-27T21:37:14.158+0800: 10.880: [ParNew: 77168K->8192K(78656K), 0.0131655 secs] 509955K->509587K(634420K), 0.0132142 secs] [Times: user=0.03 sys=0.00, real=0.01 secs] 
2024-07-27T21:37:14.171+0800: 10.893: Total time for which application threads were stopped: 0.0133134 seconds, Stopping threads took: 0.0000153 seconds
2024-07-27T21:37:14.286+0800: 11.007: Application time: 0.1144025 seconds
2024-07-27T21:37:14.286+0800: 11.007: [GC (Allocation Failure) 2024-07-27T21:37:14.286+0800: 11.007: [ParNew: 77168K->8192K(78656K), 0.0191138 secs] 578564K->541332K(634420K), 0.0191728 secs] [Times: user=0.03 sys=0.00, real=0.02 secs] 
2024-07-27T21:37:14.305+0800: 11.027: Total time for which application threads were stopped: 0.0192809 seconds, Stopping threads took: 0.0000196 seconds
2024-07-27T21:37:14.305+0800: 11.027: [CMS-concurrent-abortable-preclean: 0.007/0.275 secs] [Times: user=0.11 sys=0.00, real=0.28 secs] 
2024-07-27T21:37:14.305+0800: 11.027: Application time: 0.0003147 seconds
2024-07-27T21:37:14.305+0800: 11.027: [GC (CMS Final Remark) [YG occupancy: 12655 K (78656 K)]2024-07-27T21:37:14.306+0800: 11.027: [Rescan (parallel) , 0.0010642 secs]2024-07-27T21:37:14.307+0800: 11.028: [weak refs processing, 0.0000150 secs]2024-07-27T21:37:14.307+0800: 11.028: [class unloading, 0.0001869 secs]2024-07-27T21:37:14.307+0800: 11.028: [scrub symbol table, 0.0003471 secs]2024-07-27T21:37:14.307+0800: 11.029: [scrub string table, 0.0001010 secs][1 CMS-remark: 533140K(555764K)] 545795K(634420K), 0.0017849 secs] [Times: user=0.00 sys=0.00, real=0.00 secs] 
2024-07-27T21:37:14.307+0800: 11.029: Total time for which application threads were stopped: 0.0019609 seconds, Stopping threads took: 0.0001391 seconds
2024-07-27T21:37:14.308+0800: 11.029: [CMS-concurrent-sweep-start]
2024-07-27T21:37:14.309+0800: 11.031: [CMS-concurrent-sweep: 0.002/0.002 secs] [Times: user=0.00 sys=0.00, real=0.00 secs] 
2024-07-27T21:37:14.309+0800: 11.031: [CMS-concurrent-reset-start]
2024-07-27T21:37:14.311+0800: 11.032: [CMS-concurrent-reset: 0.001/0.001 secs] [Times: user=0.00 sys=0.00, real=0.00 secs] 
2024-07-27T21:37:14.423+0800: 11.145: Application time: 0.1163026 seconds
2024-07-27T21:37:14.424+0800: 11.145: [GC (Allocation Failure) 2024-07-27T21:37:14.424+0800: 11.145: [ParNew: 77168K->8192K(78656K), 0.0122254 secs] 277503K->277136K(634420K), 0.0122830 secs] [Times: user=0.03 sys=0.00, real=0.01 secs] 
2024-07-27T21:37:14.436+0800: 11.158: Total time for which application threads were stopped: 0.0124112 seconds, Stopping threads took: 0.0000358 seconds
2024-07-27T21:37:14.441+0800: 11.162: Application time: 0.0043739 seconds
2024-07-27T21:37:14.441+0800: 11.162: [GC (Allocation Failure) 2024-07-27T21:37:14.441+0800: 11.162: [ParNew: 77168K->8192K(78656K), 0.0204005 secs] 346112K->345745K(634420K), 0.0204510 secs] [Times: user=0.06 sys=0.00, real=0.02 secs] 
2024-07-27T21:37:14.460+0800: 11.182: Total time for which application threads were stopped: 0.0205742 seconds, Stopping threads took: 0.0000385 seconds
2024-07-27T21:37:14.461+0800: 11.183: Application time: 0.0002246 seconds
2024-07-27T21:37:14.461+0800: 11.183: [GC (CMS Initial Mark) [1 CMS-initial-mark: 337553K(555764K)] 349184K(634420K), 0.0007048 secs] [Times: user=0.00 sys=0.00, real=0.00 secs] 
2024-07-27T21:37:14.462+0800: 11.184: Total time for which application threads were stopped: 0.0008240 seconds, Stopping threads took: 0.0000745 seconds
2024-07-27T21:37:14.462+0800: 11.184: [CMS-concurrent-mark-start]
2024-07-27T21:37:14.464+0800: 11.186: [CMS-concurrent-mark: 0.002/0.002 secs] [Times: user=0.00 sys=0.00, real=0.00 secs] 
2024-07-27T21:37:14.464+0800: 11.186: [CMS-concurrent-preclean-start]
2024-07-27T21:37:14.465+0800: 11.187: [CMS-concurrent-preclean: 0.001/0.001 secs] [Times: user=0.00 sys=0.00, real=0.00 secs] 
2024-07-27T21:37:14.465+0800: 11.187: [CMS-concurrent-abortable-preclean-start]
2024-07-27T21:37:14.569+0800: 11.291: Application time: 0.1073055 seconds
2024-07-27T21:37:14.569+0800: 11.291: [GC (Allocation Failure) 2024-07-27T21:37:14.569+0800: 11.291: [ParNew: 77168K->8192K(78656K), 0.0068616 secs] 414721K->378513K(634420K), 0.0069245 secs] [Times: user=0.00 sys=0.00, real=0.01 secs] 
2024-07-27T21:37:14.576+0800: 11.298: Total time for which application threads were stopped: 0.0070337 seconds, Stopping threads took: 0.0000192 seconds
2024-07-27T21:37:14.692+0800: 11.414: Application time: 0.1165809 seconds
2024-07-27T21:37:14.692+0800: 11.415: [GC (Allocation Failure) 2024-07-27T21:37:14.692+0800: 11.415: [ParNew: 77168K->8192K(78656K), 0.0116587 secs] 447490K->447122K(634420K), 0.0117191 secs] [Times: user=0.00 sys=0.00, real=0.01 secs] 
2024-07-27T21:37:14.704+0800: 11.426: Total time for which application threads were stopped: 0.0118297 seconds, Stopping threads took: 0.0000202 seconds
2024-07-27T21:37:14.704+0800: 11.426: [CMS-concurrent-abortable-preclean: 0.006/0.240 secs] [Times: user=0.03 sys=0.00, real=0.24 secs] 
2024-07-27T21:37:14.704+0800: 11.427: Application time: 0.0002965 seconds
2024-07-27T21:37:14.705+0800: 11.427: [GC (CMS Final Remark) [YG occupancy: 12655 K (78656 K)]2024-07-27T21:37:14.705+0800: 11.427: [Rescan (parallel) , 0.0010346 secs]2024-07-27T21:37:14.706+0800: 11.428: [weak refs processing, 0.0000130 secs]2024-07-27T21:37:14.706+0800: 11.428: [class unloading, 0.0002490 secs]2024-07-27T21:37:14.706+0800: 11.428: [scrub symbol table, 0.0003580 secs]2024-07-27T21:37:14.706+0800: 11.428: [scrub string table, 0.0001162 secs][1 CMS-remark: 438930K(555764K)] 451586K(634420K), 0.0018536 secs] [Times: user=0.00 sys=0.00, real=0.00 secs] 
2024-07-27T21:37:14.706+0800: 11.429: Total time for which application threads were stopped: 0.0020356 seconds, Stopping threads took: 0.0001372 seconds
2024-07-27T21:37:14.707+0800: 11.429: [CMS-concurrent-sweep-start]
2024-07-27T21:37:14.709+0800: 11.430: [CMS-concurrent-sweep: 0.001/0.001 secs] [Times: user=0.00 sys=0.00, real=0.00 secs] 
2024-07-27T21:37:14.709+0800: 11.430: [CMS-concurrent-reset-start]
2024-07-27T21:37:14.709+0800: 11.431: [CMS-concurrent-reset: 0.001/0.001 secs] [Times: user=0.00 sys=0.00, real=0.00 secs] 
2024-07-27T21:37:14.711+0800: 11.434: Application time: 0.0050361 seconds
2024-07-27T21:37:14.711+0800: 11.434: [GC (Allocation Failure) 2024-07-27T21:37:14.711+0800: 11.434: [ParNew: 77168K->8192K(78656K), 0.0120991 secs] 348160K->347793K(634420K), 0.0121436 secs] [Times: user=0.03 sys=0.00, real=0.01 secs] 
2024-07-27T21:37:14.724+0800: 11.446: Total time for which application threads were stopped: 0.0122535 seconds, Stopping threads took: 0.0000140 seconds
2024-07-27T21:37:14.724+0800: 11.446: Application time: 0.0002171 seconds
2024-07-27T21:37:14.724+0800: 11.446: [GC (CMS Initial Mark) [1 CMS-initial-mark: 339601K(555764K)] 351232K(634420K), 0.0006607 secs] [Times: user=0.00 sys=0.00, real=0.00 secs] 
2024-07-27T21:37:14.725+0800: 11.447: Total time for which application threads were stopped: 0.0008582 seconds, Stopping threads took: 0.0001561 seconds
2024-07-27T21:37:14.725+0800: 11.447: [CMS-concurrent-mark-start]
2024-07-27T21:37:14.727+0800: 11.449: [CMS-concurrent-mark: 0.002/0.002 secs] [Times: user=0.00 sys=0.00, real=0.00 secs] 
2024-07-27T21:37:14.727+0800: 11.449: [CMS-concurrent-preclean-start]
2024-07-27T21:37:14.728+0800: 11.450: [CMS-concurrent-preclean: 0.001/0.001 secs] [Times: user=0.00 sys=0.00, real=0.00 secs] 
2024-07-27T21:37:14.728+0800: 11.450: [CMS-concurrent-abortable-preclean-start]
2024-07-27T21:37:14.835+0800: 11.557: Application time: 0.1101621 seconds
2024-07-27T21:37:14.836+0800: 11.557: [GC (Allocation Failure) 2024-07-27T21:37:14.836+0800: 11.557: [ParNew: 77168K->8192K(78656K), 0.0073973 secs] 416769K->381585K(634420K), 0.0074598 secs] [Times: user=0.00 sys=0.00, real=0.01 secs] 
2024-07-27T21:37:14.843+0800: 11.565: Total time for which application threads were stopped: 0.0075727 seconds, Stopping threads took: 0.0000192 seconds
2024-07-27T21:37:14.959+0800: 11.680: Application time: 0.1157199 seconds
2024-07-27T21:37:14.959+0800: 11.681: [GC (Allocation Failure) 2024-07-27T21:37:14.959+0800: 11.681: [ParNew: 77168K->8192K(78656K), 0.0125037 secs] 450562K->450194K(634420K), 0.0125641 secs] [Times: user=0.00 sys=0.00, real=0.01 secs] 
2024-07-27T21:37:14.971+0800: 11.693: Total time for which application threads were stopped: 0.0126779 seconds, Stopping threads took: 0.0000186 seconds
2024-07-27T21:37:14.971+0800: 11.693: [CMS-concurrent-abortable-preclean: 0.006/0.243 secs] [Times: user=0.00 sys=0.00, real=0.24 secs] 
2024-07-27T21:37:14.971+0800: 11.693: Application time: 0.0003007 seconds
2024-07-27T21:37:14.971+0800: 11.694: [GC (CMS Final Remark) [YG occupancy: 12655 K (78656 K)]2024-07-27T21:37:14.971+0800: 11.694: [Rescan (parallel) , 0.0010680 secs]2024-07-27T21:37:14.973+0800: 11.695: [weak refs processing, 0.0000129 secs]2024-07-27T21:37:14.973+0800: 11.695: [class unloading, 0.0002574 secs]2024-07-27T21:37:14.974+0800: 11.695: [scrub symbol table, 0.0003233 secs]2024-07-27T21:37:14.974+0800: 11.695: [scrub string table, 0.0000902 secs][1 CMS-remark: 442002K(555764K)] 454658K(634420K), 0.0018192 secs] [Times: user=0.01 sys=0.00, real=0.00 secs] 
2024-07-27T21:37:14.974+0800: 11.695: Total time for which application threads were stopped: 0.0020031 seconds, Stopping threads took: 0.0001404 seconds
2024-07-27T21:37:14.974+0800: 11.696: [CMS-concurrent-sweep-start]
2024-07-27T21:37:14.975+0800: 11.697: [CMS-concurrent-sweep: 0.001/0.001 secs] [Times: user=0.00 sys=0.00, real=0.00 secs] 
2024-07-27T21:37:14.975+0800: 11.697: [CMS-concurrent-reset-start]
2024-07-27T21:37:14.977+0800: 11.698: [CMS-concurrent-reset: 0.001/0.001 secs] [Times: user=0.00 sys=0.00, real=0.00 secs] 
2024-07-27T21:37:14.979+0800: 11.701: Application time: 0.0052278 seconds
2024-07-27T21:37:14.979+0800: 11.701: [GC (Allocation Failure) 2024-07-27T21:37:14.979+0800: 11.701: [ParNew: 77168K->8192K(78656K), 0.0127464 secs] 350208K->349841K(634420K), 0.0127952 secs] [Times: user=0.03 sys=0.00, real=0.01 secs] 
2024-07-27T21:37:14.992+0800: 11.714: Total time for which application threads were stopped: 0.0129087 seconds, Stopping threads took: 0.0000169 seconds
2024-07-27T21:37:14.992+0800: 11.714: Application time: 0.0002305 seconds
2024-07-27T21:37:14.992+0800: 11.714: [GC (CMS Initial Mark) [1 CMS-initial-mark: 341649K(555764K)] 353280K(634420K), 0.0007219 secs] [Times: user=0.00 sys=0.00, real=0.00 secs] 
2024-07-27T21:37:14.992+0800: 11.715: Total time for which application threads were stopped: 0.0009146 seconds, Stopping threads took: 0.0001522 seconds
2024-07-27T21:37:14.992+0800: 11.715: [CMS-concurrent-mark-start]
2024-07-27T21:37:14.996+0800: 11.717: [CMS-concurrent-mark: 0.002/0.002 secs] [Times: user=0.00 sys=0.00, real=0.00 secs] 
2024-07-27T21:37:14.996+0800: 11.717: [CMS-concurrent-preclean-start]
2024-07-27T21:37:14.996+0800: 11.718: [CMS-concurrent-preclean: 0.001/0.001 secs] [Times: user=0.00 sys=0.00, real=0.00 secs] 
2024-07-27T21:37:14.996+0800: 11.718: [CMS-concurrent-abortable-preclean-start]
2024-07-27T21:37:15.099+0800: 11.821: Application time: 0.1064837 seconds
2024-07-27T21:37:15.099+0800: 11.821: [GC (Allocation Failure) 2024-07-27T21:37:15.099+0800: 11.821: [ParNew: 77168K->8192K(78656K), 0.0075442 secs] 418817K->384657K(634420K), 0.0076049 secs] [Times: user=0.00 sys=0.00, real=0.01 secs] 
2024-07-27T21:37:15.107+0800: 11.829: Total time for which application threads were stopped: 0.0077266 seconds, Stopping threads took: 0.0000189 seconds
2024-07-27T21:37:15.224+0800: 11.946: Application time: 0.1170415 seconds
2024-07-27T21:37:15.225+0800: 11.946: [GC (Allocation Failure) 2024-07-27T21:37:15.225+0800: 11.946: [ParNew: 77168K->8192K(78656K), 0.0120315 secs] 453634K->453266K(634420K), 0.0120940 secs] [Times: user=0.00 sys=0.00, real=0.01 secs] 
2024-07-27T21:37:15.236+0800: 11.958: Total time for which application threads were stopped: 0.0122071 seconds, Stopping threads took: 0.0000230 seconds
2024-07-27T21:37:15.237+0800: 11.958: [CMS-concurrent-abortable-preclean: 0.005/0.241 secs] [Times: user=0.03 sys=0.00, real=0.24 secs] 
2024-07-27T21:37:15.237+0800: 11.959: Application time: 0.0003753 seconds
2024-07-27T21:37:15.237+0800: 11.959: [GC (CMS Final Remark) [YG occupancy: 14703 K (78656 K)]2024-07-27T21:37:15.237+0800: 11.959: [Rescan (parallel) , 0.0008932 secs]2024-07-27T21:37:15.238+0800: 11.960: [weak refs processing, 0.0000124 secs]2024-07-27T21:37:15.238+0800: 11.960: [class unloading, 0.0001848 secs]2024-07-27T21:37:15.238+0800: 11.960: [scrub symbol table, 0.0003350 secs]2024-07-27T21:37:15.238+0800: 11.960: [scrub string table, 0.0001228 secs][1 CMS-remark: 445074K(555764K)] 459778K(634420K), 0.0016245 secs] [Times: user=0.02 sys=0.00, real=0.00 secs] 
2024-07-27T21:37:15.239+0800: 11.960: Total time for which application threads were stopped: 0.0018163 seconds, Stopping threads took: 0.0001334 seconds
2024-07-27T21:37:15.239+0800: 11.961: [CMS-concurrent-sweep-start]
2024-07-27T21:37:15.240+0800: 11.962: [CMS-concurrent-sweep: 0.001/0.001 secs] [Times: user=0.00 sys=0.00, real=0.00 secs] 
2024-07-27T21:37:15.240+0800: 11.962: [CMS-concurrent-reset-start]
2024-07-27T21:37:15.241+0800: 11.963: [CMS-concurrent-reset: 0.001/0.001 secs] [Times: user=0.00 sys=0.00, real=0.00 secs] 
2024-07-27T21:37:15.243+0800: 11.965: Application time: 0.0046984 seconds
2024-07-27T21:37:15.243+0800: 11.965: [GC (Allocation Failure) 2024-07-27T21:37:15.243+0800: 11.965: [ParNew: 77168K->8192K(78656K), 0.0125762 secs] 352256K->351889K(634420K), 0.0126257 secs] [Times: user=0.03 sys=0.00, real=0.01 secs] 
2024-07-27T21:37:15.256+0800: 11.978: Total time for which application threads were stopped: 0.0127199 seconds, Stopping threads took: 0.0000129 seconds
2024-07-27T21:37:15.257+0800: 11.978: Application time: 0.0001178 seconds
2024-07-27T21:37:15.257+0800: 11.978: [GC (CMS Initial Mark) [1 CMS-initial-mark: 343697K(555764K)] 352913K(634420K), 0.0008659 secs] [Times: user=0.00 sys=0.00, real=0.00 secs] 
2024-07-27T21:37:15.258+0800: 11.979: Total time for which application threads were stopped: 0.0010571 seconds, Stopping threads took: 0.0001474 seconds
2024-07-27T21:37:15.258+0800: 11.979: [CMS-concurrent-mark-start]
2024-07-27T21:37:15.260+0800: 11.981: [CMS-concurrent-mark: 0.002/0.002 secs] [Times: user=0.00 sys=0.00, real=0.00 secs] 
2024-07-27T21:37:15.260+0800: 11.981: [CMS-concurrent-preclean-start]
2024-07-27T21:37:15.260+0800: 11.982: [CMS-concurrent-preclean: 0.001/0.001 secs] [Times: user=0.00 sys=0.00, real=0.00 secs] 
2024-07-27T21:37:15.260+0800: 11.982: [CMS-concurrent-abortable-preclean-start]
2024-07-27T21:37:15.367+0800: 12.089: Application time: 0.1098542 seconds
2024-07-27T21:37:15.367+0800: 12.089: [GC (Allocation Failure) 2024-07-27T21:37:15.367+0800: 12.089: [ParNew: 77168K->8192K(78656K), 0.0076300 secs] 420865K->387729K(634420K), 0.0076894 secs] [Times: user=0.00 sys=0.00, real=0.01 secs] 
2024-07-27T21:37:15.375+0800: 12.097: Total time for which application threads were stopped: 0.0078170 seconds, Stopping threads took: 0.0000248 seconds
2024-07-27T21:37:15.492+0800: 12.214: Application time: 0.1174601 seconds
2024-07-27T21:37:15.493+0800: 12.214: [GC (Allocation Failure) 2024-07-27T21:37:15.493+0800: 12.214: [ParNew: 77168K->8192K(78656K), 0.0119237 secs] 456706K->456338K(634420K), 0.0119832 secs] [Times: user=0.00 sys=0.00, real=0.01 secs] 
2024-07-27T21:37:15.504+0800: 12.226: Total time for which application threads were stopped: 0.0120993 seconds, Stopping threads took: 0.0000252 seconds
2024-07-27T21:37:15.505+0800: 12.226: [CMS-concurrent-abortable-preclean: 0.006/0.244 secs] [Times: user=0.00 sys=0.00, real=0.25 secs] 
2024-07-27T21:37:15.505+0800: 12.227: Application time: 0.0003326 seconds
2024-07-27T21:37:15.505+0800: 12.227: [GC (CMS Final Remark) [YG occupancy: 13679 K (78656 K)]2024-07-27T21:37:15.505+0800: 12.227: [Rescan (parallel) , 0.0008342 secs]2024-07-27T21:37:15.506+0800: 12.228: [weak refs processing, 0.0000124 secs]2024-07-27T21:37:15.506+0800: 12.228: [class unloading, 0.0001853 secs]2024-07-27T21:37:15.506+0800: 12.228: [scrub symbol table, 0.0003664 secs]2024-07-27T21:37:15.506+0800: 12.228: [scrub string table, 0.0001303 secs][1 CMS-remark: 448146K(555764K)] 461826K(634420K), 0.0016067 secs] [Times: user=0.00 sys=0.00, real=0.00 secs] 
2024-07-27T21:37:15.507+0800: 12.228: Total time for which application threads were stopped: 0.0018319 seconds, Stopping threads took: 0.0001683 seconds
2024-07-27T21:37:15.507+0800: 12.228: [CMS-concurrent-sweep-start]
2024-07-27T21:37:15.508+0800: 12.230: [CMS-concurrent-sweep: 0.001/0.001 secs] [Times: user=0.00 sys=0.00, real=0.00 secs] 
2024-07-27T21:37:15.508+0800: 12.230: [CMS-concurrent-reset-start]
2024-07-27T21:37:15.509+0800: 12.231: [CMS-concurrent-reset: 0.001/0.001 secs] [Times: user=0.00 sys=0.00, real=0.00 secs] 
2024-07-27T21:37:15.511+0800: 12.233: Application time: 0.0048389 seconds
2024-07-27T21:37:15.512+0800: 12.233: [GC (Allocation Failure) 2024-07-27T21:37:15.512+0800: 12.233: [ParNew: 77168K->8192K(78656K), 0.0124029 secs] 354304K->353937K(634420K), 0.0124510 secs] [Times: user=0.03 sys=0.00, real=0.01 secs] 
2024-07-27T21:37:15.524+0800: 12.246: Total time for which application threads were stopped: 0.0125515 seconds, Stopping threads took: 0.0000186 seconds
2024-07-27T21:37:15.525+0800: 12.246: Application time: 0.0002298 seconds
2024-07-27T21:37:15.525+0800: 12.246: [GC (CMS Initial Mark) [1 CMS-initial-mark: 345745K(555764K)] 357376K(634420K), 0.0008393 secs] [Times: user=0.00 sys=0.00, real=0.00 secs] 
2024-07-27T21:37:15.525+0800: 12.247: Total time for which application threads were stopped: 0.0010569 seconds, Stopping threads took: 0.0001733 seconds
2024-07-27T21:37:15.525+0800: 12.247: [CMS-concurrent-mark-start]
2024-07-27T21:37:15.527+0800: 12.249: [CMS-concurrent-mark: 0.002/0.002 secs] [Times: user=0.00 sys=0.00, real=0.00 secs] 
2024-07-27T21:37:15.527+0800: 12.249: [CMS-concurrent-preclean-start]
2024-07-27T21:37:15.528+0800: 12.250: [CMS-concurrent-preclean: 0.001/0.001 secs] [Times: user=0.00 sys=0.00, real=0.00 secs] 
2024-07-27T21:37:15.528+0800: 12.250: [CMS-concurrent-abortable-preclean-start]
2024-07-27T21:37:15.634+0800: 12.356: Application time: 0.1089252 seconds
2024-07-27T21:37:15.634+0800: 12.356: [GC (Allocation Failure) 2024-07-27T21:37:15.634+0800: 12.356: [ParNew: 77168K->8192K(78656K), 0.0087051 secs] 422913K->390801K(634420K), 0.0087651 secs] [Times: user=0.00 sys=0.00, real=0.01 secs] 
2024-07-27T21:37:15.643+0800: 12.365: Total time for which application threads were stopped: 0.0088795 seconds, Stopping threads took: 0.0000198 seconds
2024-07-27T21:37:15.757+0800: 12.478: Application time: 0.1133433 seconds
2024-07-27T21:37:15.757+0800: 12.478: [GC (Allocation Failure) 2024-07-27T21:37:15.757+0800: 12.478: [ParNew: 77168K->8192K(78656K), 0.0122102 secs] 459778K->459410K(634420K), 0.0122734 secs] [Times: user=0.00 sys=0.00, real=0.01 secs] 
2024-07-27T21:37:15.769+0800: 12.491: Total time for which application threads were stopped: 0.0123826 seconds, Stopping threads took: 0.0000190 seconds
2024-07-27T21:37:15.769+0800: 12.491: [CMS-concurrent-abortable-preclean: 0.006/0.241 secs] [Times: user=0.02 sys=0.00, real=0.24 secs] 
2024-07-27T21:37:15.769+0800: 12.491: Application time: 0.0003017 seconds
2024-07-27T21:37:15.769+0800: 12.491: [GC (CMS Final Remark) [YG occupancy: 12655 K (78656 K)]2024-07-27T21:37:15.769+0800: 12.491: [Rescan (parallel) , 0.0011125 secs]2024-07-27T21:37:15.770+0800: 12.492: [weak refs processing, 0.0000131 secs]2024-07-27T21:37:15.770+0800: 12.492: [class unloading, 0.0002434 secs]2024-07-27T21:37:15.771+0800: 12.493: [scrub symbol table, 0.0003105 secs]2024-07-27T21:37:15.771+0800: 12.493: [scrub string table, 0.0000913 secs][1 CMS-remark: 451218K(555764K)] 463874K(634420K), 0.0018383 secs] [Times: user=0.05 sys=0.00, real=0.00 secs] 
2024-07-27T21:37:15.771+0800: 12.493: Total time for which application threads were stopped: 0.0020304 seconds, Stopping threads took: 0.0001562 seconds
2024-07-27T21:37:15.771+0800: 12.493: [CMS-concurrent-sweep-start]
2024-07-27T21:37:15.773+0800: 12.495: [CMS-concurrent-sweep: 0.001/0.001 secs] [Times: user=0.00 sys=0.00, real=0.00 secs] 
2024-07-27T21:37:15.773+0800: 12.495: [CMS-concurrent-reset-start]
2024-07-27T21:37:15.774+0800: 12.496: [CMS-concurrent-reset: 0.001/0.001 secs] [Times: user=0.00 sys=0.00, real=0.00 secs] 
2024-07-27T21:37:15.776+0800: 12.498: Application time: 0.0047470 seconds
2024-07-27T21:37:15.776+0800: 12.498: [GC (Allocation Failure) 2024-07-27T21:37:15.776+0800: 12.498: [ParNew: 77168K->8192K(78656K), 0.0122152 secs] 356352K->355985K(634420K), 0.0122620 secs] [Times: user=0.03 sys=0.00, real=0.01 secs] 
2024-07-27T21:37:15.789+0800: 12.510: Total time for which application threads were stopped: 0.0123622 seconds, Stopping threads took: 0.0000134 seconds
2024-07-27T21:37:15.789+0800: 12.510: Application time: 0.0001664 seconds
2024-07-27T21:37:15.789+0800: 12.510: [GC (CMS Initial Mark) [1 CMS-initial-mark: 347793K(555764K)] 359424K(634420K), 0.0005572 secs] [Times: user=0.00 sys=0.00, real=0.00 secs] 
2024-07-27T21:37:15.789+0800: 12.511: Total time for which application threads were stopped: 0.0006769 seconds, Stopping threads took: 0.0000729 seconds
2024-07-27T21:37:15.789+0800: 12.511: [CMS-concurrent-mark-start]
2024-07-27T21:37:15.791+0800: 12.513: [CMS-concurrent-mark: 0.002/0.002 secs] [Times: user=0.00 sys=0.00, real=0.00 secs] 
2024-07-27T21:37:15.791+0800: 12.513: [CMS-concurrent-preclean-start]
2024-07-27T21:37:15.792+0800: 12.514: [CMS-concurrent-preclean: 0.001/0.001 secs] [Times: user=0.00 sys=0.00, real=0.00 secs] 
2024-07-27T21:37:15.792+0800: 12.514: [CMS-concurrent-abortable-preclean-start]
2024-07-27T21:37:15.899+0800: 12.621: Application time: 0.1100942 seconds
2024-07-27T21:37:15.899+0800: 12.621: [GC (Allocation Failure) 2024-07-27T21:37:15.899+0800: 12.621: [ParNew: 77168K->8192K(78656K), 0.0077022 secs] 424961K->393873K(634420K), 0.0077612 secs] [Times: user=0.00 sys=0.00, real=0.01 secs] 
2024-07-27T21:37:15.907+0800: 12.629: Total time for which application threads were stopped: 0.0078693 seconds, Stopping threads took: 0.0000193 seconds
2024-07-27T21:37:16.024+0800: 12.746: Application time: 0.1172575 seconds
2024-07-27T21:37:16.024+0800: 12.746: [GC (Allocation Failure) 2024-07-27T21:37:16.024+0800: 12.746: [ParNew: 77168K->8192K(78656K), 0.0126606 secs] 462850K->462482K(634420K), 0.0127354 secs] [Times: user=0.03 sys=0.00, real=0.01 secs] 
2024-07-27T21:37:16.037+0800: 12.759: Total time for which application threads were stopped: 0.0128478 seconds, Stopping threads took: 0.0000218 seconds
2024-07-27T21:37:16.037+0800: 12.759: [CMS-concurrent-abortable-preclean: 0.006/0.245 secs] [Times: user=0.05 sys=0.00, real=0.24 secs] 
2024-07-27T21:37:16.037+0800: 12.759: Application time: 0.0002872 seconds
2024-07-27T21:37:16.038+0800: 12.759: [GC (CMS Final Remark) [YG occupancy: 11631 K (78656 K)]2024-07-27T21:37:16.038+0800: 12.759: [Rescan (parallel) , 0.0006401 secs]2024-07-27T21:37:16.038+0800: 12.760: [weak refs processing, 0.0000127 secs]2024-07-27T21:37:16.038+0800: 12.760: [class unloading, 0.0002633 secs]2024-07-27T21:37:16.039+0800: 12.760: [scrub symbol table, 0.0003116 secs]2024-07-27T21:37:16.039+0800: 12.761: [scrub string table, 0.0000914 secs][1 CMS-remark: 454290K(555764K)] 465922K(634420K), 0.0013889 secs] [Times: user=0.00 sys=0.00, real=0.00 secs] 
2024-07-27T21:37:16.039+0800: 12.761: Total time for which application threads were stopped: 0.0015461 seconds, Stopping threads took: 0.0001174 seconds
2024-07-27T21:37:16.039+0800: 12.761: [CMS-concurrent-sweep-start]
2024-07-27T21:37:16.041+0800: 12.763: [CMS-concurrent-sweep: 0.002/0.002 secs] [Times: user=0.00 sys=0.00, real=0.00 secs] 
2024-07-27T21:37:16.041+0800: 12.763: [CMS-concurrent-reset-start]
2024-07-27T21:37:16.042+0800: 12.764: [CMS-concurrent-reset: 0.001/0.001 secs] [Times: user=0.00 sys=0.00, real=0.00 secs] 
2024-07-27T21:37:16.044+0800: 12.766: Application time: 0.0048334 seconds
2024-07-27T21:37:16.044+0800: 12.766: [GC (Allocation Failure) 2024-07-27T21:37:16.044+0800: 12.766: [ParNew: 77168K->8192K(78656K), 0.0121439 secs] 358400K->358033K(634420K), 0.0121922 secs] [Times: user=0.03 sys=0.00, real=0.01 secs] 
2024-07-27T21:37:16.056+0800: 12.778: Total time for which application threads were stopped: 0.0122896 seconds, Stopping threads took: 0.0000150 seconds
2024-07-27T21:37:16.057+0800: 12.778: Application time: 0.0001928 seconds
2024-07-27T21:37:16.057+0800: 12.778: [GC (CMS Initial Mark) [1 CMS-initial-mark: 349841K(555764K)] 361473K(634420K), 0.0007682 secs] [Times: user=0.00 sys=0.00, real=0.00 secs] 
2024-07-27T21:37:16.058+0800: 12.779: Total time for which application threads were stopped: 0.0009786 seconds, Stopping threads took: 0.0001673 seconds
2024-07-27T21:37:16.058+0800: 12.779: [CMS-concurrent-mark-start]
2024-07-27T21:37:16.060+0800: 12.781: [CMS-concurrent-mark: 0.002/0.002 secs] [Times: user=0.00 sys=0.00, real=0.00 secs] 
2024-07-27T21:37:16.060+0800: 12.781: [CMS-concurrent-preclean-start]
2024-07-27T21:37:16.061+0800: 12.782: [CMS-concurrent-preclean: 0.001/0.001 secs] [Times: user=0.00 sys=0.00, real=0.00 secs] 
2024-07-27T21:37:16.061+0800: 12.782: [CMS-concurrent-abortable-preclean-start]
2024-07-27T21:37:16.168+0800: 12.890: Application time: 0.1105556 seconds
2024-07-27T21:37:16.168+0800: 12.890: [GC (Allocation Failure) 2024-07-27T21:37:16.168+0800: 12.890: [ParNew: 77168K->8192K(78656K), 0.0078710 secs] 427010K->396945K(634420K), 0.0079486 secs] [Times: user=0.00 sys=0.00, real=0.01 secs] 
2024-07-27T21:37:16.176+0800: 12.898: Total time for which application threads were stopped: 0.0080584 seconds, Stopping threads took: 0.0000202 seconds
2024-07-27T21:37:16.293+0800: 13.015: Application time: 0.1169731 seconds
2024-07-27T21:37:16.293+0800: 13.015: [GC (Allocation Failure) 2024-07-27T21:37:16.293+0800: 13.015: [ParNew: 77868K->8196K(78656K), 0.0122012 secs] 466622K->465559K(634420K), 0.0122618 secs] [Times: user=0.03 sys=0.00, real=0.01 secs] 
2024-07-27T21:37:16.306+0800: 13.027: Total time for which application threads were stopped: 0.0123697 seconds, Stopping threads took: 0.0000189 seconds
2024-07-27T21:37:16.306+0800: 13.027: [CMS-concurrent-abortable-preclean: 0.005/0.245 secs] [Times: user=0.06 sys=0.00, real=0.24 secs] 
2024-07-27T21:37:16.306+0800: 13.027: Application time: 0.0002979 seconds
2024-07-27T21:37:16.306+0800: 13.028: [GC (CMS Final Remark) [YG occupancy: 12654 K (78656 K)]2024-07-27T21:37:16.306+0800: 13.028: [Rescan (parallel) , 0.0011797 secs]2024-07-27T21:37:16.307+0800: 13.029: [weak refs processing, 0.0000127 secs]2024-07-27T21:37:16.307+0800: 13.029: [class unloading, 0.0001850 secs]2024-07-27T21:37:16.308+0800: 13.029: [scrub symbol table, 0.0003336 secs]2024-07-27T21:37:16.308+0800: 13.029: [scrub string table, 0.0000919 secs][1 CMS-remark: 457362K(555764K)] 470017K(634420K), 0.0018867 secs] [Times: user=0.00 sys=0.00, real=0.00 secs] 
2024-07-27T21:37:16.308+0800: 13.029: Total time for which application threads were stopped: 0.0019972 seconds, Stopping threads took: 0.0000756 seconds
2024-07-27T21:37:16.308+0800: 13.030: [CMS-concurrent-sweep-start]
2024-07-27T21:37:16.310+0800: 13.031: [CMS-concurrent-sweep: 0.002/0.002 secs] [Times: user=0.00 sys=0.00, real=0.00 secs] 
2024-07-27T21:37:16.310+0800: 13.031: [CMS-concurrent-reset-start]
2024-07-27T21:37:16.311+0800: 13.033: [CMS-concurrent-reset: 0.001/0.001 secs] [Times: user=0.00 sys=0.00, real=0.00 secs] 
2024-07-27T21:37:16.313+0800: 13.034: Application time: 0.0048729 seconds
2024-07-27T21:37:16.313+0800: 13.034: [GC (Allocation Failure) 2024-07-27T21:37:16.313+0800: 13.034: [ParNew: 77167K->8192K(78656K), 0.0127243 secs] 185341K->184974K(634420K), 0.0127759 secs] [Times: user=0.03 sys=0.00, real=0.01 secs] 
2024-07-27T21:37:16.326+0800: 13.047: Total time for which application threads were stopped: 0.0128852 seconds, Stopping threads took: 0.0000142 seconds
2024-07-27T21:37:16.326+0800: 13.047: Application time: 0.0002138 seconds
2024-07-27T21:37:16.326+0800: 13.048: [GC (CMS Initial Mark) [1 CMS-initial-mark: 176782K(555764K)] 188411K(634420K), 0.0008657 secs] [Times: user=0.00 sys=0.00, real=0.00 secs] 
2024-07-27T21:37:16.327+0800: 13.048: Total time for which application threads were stopped: 0.0010710 seconds, Stopping threads took: 0.0001584 seconds
2024-07-27T21:37:16.327+0800: 13.049: [CMS-concurrent-mark-start]
2024-07-27T21:37:16.329+0800: 13.050: [CMS-concurrent-mark: 0.002/0.002 secs] [Times: user=0.00 sys=0.00, real=0.00 secs] 
2024-07-27T21:37:16.329+0800: 13.051: [CMS-concurrent-preclean-start]
2024-07-27T21:37:16.330+0800: 13.051: [CMS-concurrent-preclean: 0.001/0.001 secs] [Times: user=0.00 sys=0.00, real=0.00 secs] 
2024-07-27T21:37:16.330+0800: 13.051: [CMS-concurrent-abortable-preclean-start]
2024-07-27T21:37:16.438+0800: 13.159: Application time: 0.1109631 seconds
2024-07-27T21:37:16.438+0800: 13.159: [GC (Allocation Failure) 2024-07-27T21:37:16.438+0800: 13.160: [ParNew: 77165K->8192K(78656K), 0.0079248 secs] 253948K->224911K(634420K), 0.0079963 secs] [Times: user=0.03 sys=0.00, real=0.01 secs] 
2024-07-27T21:37:16.445+0800: 13.168: Total time for which application threads were stopped: 0.0081049 seconds, Stopping threads took: 0.0000201 seconds
2024-07-27T21:37:16.561+0800: 13.283: Application time: 0.1158003 seconds
2024-07-27T21:37:16.561+0800: 13.283: [GC (Allocation Failure) 2024-07-27T21:37:16.561+0800: 13.283: [ParNew: 77166K->8192K(78656K), 0.0122187 secs] 293886K->293520K(634420K), 0.0122874 secs] [Times: user=0.03 sys=0.00, real=0.01 secs] 
2024-07-27T21:37:16.574+0800: 13.296: Total time for which application threads were stopped: 0.0123955 seconds, Stopping threads took: 0.0000200 seconds
2024-07-27T21:37:16.574+0800: 13.296: [CMS-concurrent-abortable-preclean: 0.006/0.245 secs] [Times: user=0.06 sys=0.00, real=0.24 secs] 
2024-07-27T21:37:16.574+0800: 13.296: Application time: 0.0003078 seconds
2024-07-27T21:37:16.574+0800: 13.296: [GC (CMS Final Remark) [YG occupancy: 12654 K (78656 K)]2024-07-27T21:37:16.574+0800: 13.296: [Rescan (parallel) , 0.0010272 secs]2024-07-27T21:37:16.575+0800: 13.297: [weak refs processing, 0.0000127 secs]2024-07-27T21:37:16.575+0800: 13.297: [class unloading, 0.0002149 secs]2024-07-27T21:37:16.576+0800: 13.298: [scrub symbol table, 0.0004848 secs]2024-07-27T21:37:16.576+0800: 13.298: [scrub string table, 0.0001067 secs][1 CMS-remark: 285328K(555764K)] 297982K(634420K), 0.0019158 secs] [Times: user=0.00 sys=0.00, real=0.00 secs] 
2024-07-27T21:37:16.577+0800: 13.298: Total time for which application threads were stopped: 0.0020986 seconds, Stopping threads took: 0.0001409 seconds
2024-07-27T21:37:16.577+0800: 13.298: [CMS-concurrent-sweep-start]
2024-07-27T21:37:16.578+0800: 13.300: [CMS-concurrent-sweep: 0.001/0.001 secs] [Times: user=0.00 sys=0.00, real=0.00 secs] 
2024-07-27T21:37:16.578+0800: 13.300: [CMS-concurrent-reset-start]
2024-07-27T21:37:16.579+0800: 13.301: [CMS-concurrent-reset: 0.001/0.001 secs] [Times: user=0.00 sys=0.00, real=0.00 secs] 
2024-07-27T21:37:16.581+0800: 13.303: Application time: 0.0047593 seconds
2024-07-27T21:37:16.581+0800: 13.303: [GC (Allocation Failure) 2024-07-27T21:37:16.581+0800: 13.303: [ParNew: 77167K->8192K(78656K), 0.0120266 secs] 362495K->362129K(634420K), 0.0120746 secs] [Times: user=0.03 sys=0.00, real=0.01 secs] 
2024-07-27T21:37:16.593+0800: 13.315: Total time for which application threads were stopped: 0.0121700 seconds, Stopping threads took: 0.0000144 seconds
2024-07-27T21:37:16.593+0800: 13.315: Application time: 0.0002191 seconds
2024-07-27T21:37:16.594+0800: 13.315: [GC (CMS Initial Mark) [1 CMS-initial-mark: 353937K(555764K)] 365568K(634420K), 0.0008142 secs] [Times: user=0.00 sys=0.00, real=0.00 secs] 
2024-07-27T21:37:16.594+0800: 13.316: Total time for which application threads were stopped: 0.0010092 seconds, Stopping threads took: 0.0001539 seconds
2024-07-27T21:37:16.594+0800: 13.316: [CMS-concurrent-mark-start]
2024-07-27T21:37:16.597+0800: 13.318: [CMS-concurrent-mark: 0.002/0.002 secs] [Times: user=0.00 sys=0.00, real=0.00 secs] 
2024-07-27T21:37:16.597+0800: 13.318: [CMS-concurrent-preclean-start]
2024-07-27T21:37:16.597+0800: 13.319: [CMS-concurrent-preclean: 0.001/0.001 secs] [Times: user=0.00 sys=0.00, real=0.00 secs] 
2024-07-27T21:37:16.597+0800: 13.319: [CMS-concurrent-abortable-preclean-start]
Heap
 par new generation   total 78656K, used 29414K [0x00000000c8000000, 0x00000000cd550000, 0x00000000daaa0000)
  eden space 69952K,  30% used [0x00000000c8000000, 0x00000000c94b99c8, 0x00000000cc450000)
  from space 8704K,  94% used [0x00000000cccd0000, 0x00000000cd4d0080, 0x00000000cd550000)
  to   space 8704K,   0% used [0x00000000cc450000, 0x00000000cc450000, 0x00000000cccd0000)
 concurrent mark-sweep generation total 555764K, used 353937K [0x00000000daaa0000, 0x00000000fc95d000, 0x0000000100000000)
 Metaspace       used 2942K, capacity 4486K, committed 4864K, reserved 1056768K
  class space    used 305K, capacity 386K, committed 512K, reserved 1048576K
2024-07-27T21:37:16.702+0800: 13.423: Application time: 0.1069617 seconds
