OpenJDK 64-Bit Server VM (25.412-b1) for windows-amd64 JRE (1.8.0_412-b1), built on Apr 23 2024 12:00:37 by "Administrator" with MS VC++ 10.0 (VS2010)
Memory: 4k page, physical 16672068k(5497912k free), swap 19162436k(4616172k free)
CommandLine flags: -XX:GCDrainStackTargetSize=64 -XX:InitialHeapSize=266753088 -XX:MaxHeapSize=939524096 -XX:MaxNewSize=313176064 -XX:MaxTenuringThreshold=6 -XX:OldPLABSize=16 -XX:+PrintGC -XX:+PrintGCApplicationConcurrentTime -XX:+PrintGCApplicationStoppedTime -XX:+PrintGCDateStamps -XX:+PrintGCDetails -XX:+PrintGCTimeStamps -XX:+UseCompressedClassPointers -XX:+UseCompressedOops -XX:+UseConcMarkSweepGC -XX:-UseLargePagesIndividualAllocation -XX:+UseParNewGC 
2024-07-27T21:37:16.877+0800: 0.106: Application time: 0.0355659 seconds
2024-07-27T21:37:16.877+0800: 0.106: [GC (Allocation Failure) 2024-07-27T21:37:16.877+0800: 0.106: [ParNew: 68984K->7900K(78656K), 0.0354128 secs] 68984K->68319K(253440K), 0.0355971 secs] [Times: user=0.08 sys=0.01, real=0.04 secs] 
2024-07-27T21:37:16.913+0800: 0.142: Total time for which application threads were stopped: 0.0357241 seconds, Stopping threads took: 0.0000191 seconds
2024-07-27T21:37:17.018+0800: 0.248: Application time: 0.1057480 seconds
2024-07-27T21:37:17.018+0800: 0.248: [GC (Allocation Failure) 2024-07-27T21:37:17.019+0800: 0.248: [ParNew: 76870K->8478K(78656K), 0.0243226 secs] 137289K->137129K(253440K), 0.0243865 secs] [Times: user=0.05 sys=0.02, real=0.03 secs] 
2024-07-27T21:37:17.043+0800: 0.272: Total time for which application threads were stopped: 0.0244949 seconds, Stopping threads took: 0.0000189 seconds
2024-07-27T21:37:17.043+0800: 0.272: Application time: 0.0002541 seconds
2024-07-27T21:37:17.043+0800: 0.272: [GC (CMS Initial Mark) [1 CMS-initial-mark: 128651K(174784K)] 140556K(253440K), 0.0007760 secs] [Times: user=0.00 sys=0.00, real=0.00 secs] 
2024-07-27T21:37:17.044+0800: 0.273: Total time for which application threads were stopped: 0.0009317 seconds, Stopping threads took: 0.0001147 seconds
2024-07-27T21:37:17.044+0800: 0.273: [CMS-concurrent-mark-start]
2024-07-27T21:37:17.047+0800: 0.277: [CMS-concurrent-mark: 0.003/0.003 secs] [Times: user=0.00 sys=0.00, real=0.00 secs] 
2024-07-27T21:37:17.048+0800: 0.277: [CMS-concurrent-preclean-start]
2024-07-27T21:37:17.049+0800: 0.278: [CMS-concurrent-preclean: 0.001/0.001 secs] [Times: user=0.00 sys=0.00, real=0.00 secs] 
2024-07-27T21:37:17.049+0800: 0.278: [CMS-concurrent-abortable-preclean-start]
2024-07-27T21:37:17.158+0800: 0.387: Application time: 0.1133541 seconds
2024-07-27T21:37:17.158+0800: 0.387: [GC (Allocation Failure) 2024-07-27T21:37:17.158+0800: 0.387: [ParNew: 77442K->28K(78656K), 0.0008628 secs] 206093K->128681K(253440K), 0.0009367 secs] [Times: user=0.00 sys=0.00, real=0.00 secs] 
2024-07-27T21:37:17.158+0800: 0.388: Total time for which application threads were stopped: 0.0010938 seconds, Stopping threads took: 0.0000389 seconds
2024-07-27T21:37:17.163+0800: 0.392: Application time: 0.0044445 seconds
2024-07-27T21:37:17.163+0800: 0.392: [GC (Allocation Failure) 2024-07-27T21:37:17.163+0800: 0.392: [ParNew: 68997K->8196K(78656K), 0.0320738 secs] 197650K->197266K(268860K), 0.0321223 secs] [Times: user=0.03 sys=0.03, real=0.03 secs] 
2024-07-27T21:37:17.195+0800: 0.424: Total time for which application threads were stopped: 0.0322187 seconds, Stopping threads took: 0.0000149 seconds
2024-07-27T21:37:17.301+0800: 0.531: Application time: 0.1063353 seconds
2024-07-27T21:37:17.302+0800: 0.531: [GC (Allocation Failure) 2024-07-27T21:37:17.302+0800: 0.531: [ParNew: 77168K->8192K(78656K), 0.0290582 secs] 266238K->265872K(337736K), 0.0291382 secs] [Times: user=0.01 sys=0.03, real=0.03 secs] 
2024-07-27T21:37:17.331+0800: 0.560: Total time for which application threads were stopped: 0.0292573 seconds, Stopping threads took: 0.0000191 seconds
2024-07-27T21:37:17.331+0800: 0.560: [CMS-concurrent-abortable-preclean: 0.004/0.282 secs] [Times: user=0.08 sys=0.08, real=0.28 secs] 
2024-07-27T21:37:17.331+0800: 0.560: Application time: 0.0002941 seconds
2024-07-27T21:37:17.331+0800: 0.561: [GC (CMS Final Remark) [YG occupancy: 12652 K (78656 K)]2024-07-27T21:37:17.331+0800: 0.561: [Rescan (parallel) , 0.0004946 secs]2024-07-27T21:37:17.332+0800: 0.561: [weak refs processing, 0.0000130 secs]2024-07-27T21:37:17.332+0800: 0.561: [class unloading, 0.0002413 secs]2024-07-27T21:37:17.332+0800: 0.561: [scrub symbol table, 0.0003487 secs]2024-07-27T21:37:17.332+0800: 0.562: [scrub string table, 0.0001124 secs][1 CMS-remark: 257680K(259080K)] 270332K(337736K), 0.0013484 secs] [Times: user=0.02 sys=0.00, real=0.00 secs] 
2024-07-27T21:37:17.333+0800: 0.562: Total time for which application threads were stopped: 0.0015861 seconds, Stopping threads took: 0.0001938 seconds
2024-07-27T21:37:17.333+0800: 0.562: [CMS-concurrent-sweep-start]
2024-07-27T21:37:17.334+0800: 0.564: [CMS-concurrent-sweep: 0.002/0.002 secs] [Times: user=0.00 sys=0.00, real=0.00 secs] 
2024-07-27T21:37:17.336+0800: 0.566: [CMS-concurrent-reset-start]
2024-07-27T21:37:17.341+0800: 0.570: [CMS-concurrent-reset: 0.005/0.005 secs] [Times: user=0.00 sys=0.00, real=0.01 secs] 
2024-07-27T21:37:17.442+0800: 0.670: Application time: 0.1085551 seconds
2024-07-27T21:37:17.442+0800: 0.671: [GC (Allocation Failure) 2024-07-27T21:37:17.442+0800: 0.671: [ParNew: 77165K->1024K(78656K), 0.0012571 secs] 334844K->258703K(508124K), 0.0013179 secs] [Times: user=0.00 sys=0.00, real=0.00 secs] 
2024-07-27T21:37:17.443+0800: 0.672: Total time for which application threads were stopped: 0.0014297 seconds, Stopping threads took: 0.0000215 seconds
2024-07-27T21:37:17.443+0800: 0.672: Application time: 0.0001294 seconds
2024-07-27T21:37:17.443+0800: 0.672: [GC (CMS Initial Mark) [1 CMS-initial-mark: 257679K(429468K)] 262140K(508124K), 0.0008192 secs] [Times: user=0.00 sys=0.00, real=0.00 secs] 
2024-07-27T21:37:17.444+0800: 0.673: Total time for which application threads were stopped: 0.0009498 seconds, Stopping threads took: 0.0000909 seconds
2024-07-27T21:37:17.444+0800: 0.673: [CMS-concurrent-mark-start]
2024-07-27T21:37:17.447+0800: 0.676: [CMS-concurrent-mark: 0.003/0.003 secs] [Times: user=0.00 sys=0.00, real=0.00 secs] 
2024-07-27T21:37:17.447+0800: 0.676: [CMS-concurrent-preclean-start]
2024-07-27T21:37:17.448+0800: 0.677: [CMS-concurrent-preclean: 0.001/0.001 secs] [Times: user=0.00 sys=0.00, real=0.00 secs] 
2024-07-27T21:37:17.448+0800: 0.677: [CMS-concurrent-abortable-preclean-start]
2024-07-27T21:37:17.449+0800: 0.678: Application time: 0.0050034 seconds
2024-07-27T21:37:17.449+0800: 0.678: [GC (Allocation Failure) 2024-07-27T21:37:17.449+0800: 0.678: [ParNew: 69998K->8192K(78656K), 0.0338505 secs] 327677K->327312K(508124K), 0.0338992 secs] [Times: user=0.05 sys=0.02, real=0.03 secs] 
2024-07-27T21:37:17.483+0800: 0.712: Total time for which application threads were stopped: 0.0339959 seconds, Stopping threads took: 0.0000122 seconds
2024-07-27T21:37:17.601+0800: 0.830: Application time: 0.1183286 seconds
2024-07-27T21:37:17.602+0800: 0.830: [GC (Allocation Failure) 2024-07-27T21:37:17.602+0800: 0.830: [ParNew: 77167K->8192K(78656K), 0.0380880 secs] 396287K->395921K(508124K), 0.0381667 secs] [Times: user=0.06 sys=0.00, real=0.04 secs] 
2024-07-27T21:37:17.640+0800: 0.869: Total time for which application threads were stopped: 0.0382837 seconds, Stopping threads took: 0.0000235 seconds
2024-07-27T21:37:17.640+0800: 0.869: [CMS-concurrent-abortable-preclean: 0.004/0.191 secs] [Times: user=0.11 sys=0.02, real=0.19 secs] 
2024-07-27T21:37:17.640+0800: 0.869: Application time: 0.0003169 seconds
2024-07-27T21:37:17.640+0800: 0.869: [GC (CMS Final Remark) [YG occupancy: 12654 K (78656 K)]2024-07-27T21:37:17.640+0800: 0.869: [Rescan (parallel) , 0.0007659 secs]2024-07-27T21:37:17.641+0800: 0.870: [weak refs processing, 0.0000122 secs]2024-07-27T21:37:17.641+0800: 0.870: [class unloading, 0.0002059 secs]2024-07-27T21:37:17.641+0800: 0.870: [scrub symbol table, 0.0003434 secs]2024-07-27T21:37:17.641+0800: 0.870: [scrub string table, 0.0000997 secs][1 CMS-remark: 387729K(429468K)] 400384K(508124K), 0.0014891 secs] [Times: user=0.00 sys=0.00, real=0.00 secs] 
2024-07-27T21:37:17.641+0800: 0.870: Total time for which application threads were stopped: 0.0015799 seconds, Stopping threads took: 0.0000490 seconds
2024-07-27T21:37:17.642+0800: 0.871: [CMS-concurrent-sweep-start]
2024-07-27T21:37:17.643+0800: 0.873: [CMS-concurrent-sweep: 0.002/0.002 secs] [Times: user=0.00 sys=0.00, real=0.00 secs] 
2024-07-27T21:37:17.643+0800: 0.873: [CMS-concurrent-reset-start]
2024-07-27T21:37:17.645+0800: 0.874: [CMS-concurrent-reset: 0.001/0.001 secs] [Times: user=0.03 sys=0.00, real=0.00 secs] 
2024-07-27T21:37:17.755+0800: 0.984: Application time: 0.1131060 seconds
2024-07-27T21:37:17.755+0800: 0.984: [GC (Allocation Failure) 2024-07-27T21:37:17.755+0800: 0.984: [ParNew: 77167K->2048K(78656K), 0.0015071 secs] 207869K->132749K(508124K), 0.0015663 secs] [Times: user=0.00 sys=0.00, real=0.00 secs] 
2024-07-27T21:37:17.756+0800: 0.985: Total time for which application threads were stopped: 0.0016987 seconds, Stopping threads took: 0.0000206 seconds
2024-07-27T21:37:17.760+0800: 0.990: Application time: 0.0045230 seconds
2024-07-27T21:37:17.760+0800: 0.990: [GC (Allocation Failure) 2024-07-27T21:37:17.761+0800: 0.990: [ParNew: 71024K->8192K(78656K), 0.0264874 secs] 201725K->201358K(508124K), 0.0265390 secs] [Times: user=0.05 sys=0.01, real=0.03 secs] 
2024-07-27T21:37:17.787+0800: 1.016: Total time for which application threads were stopped: 0.0266346 seconds, Stopping threads took: 0.0000141 seconds
2024-07-27T21:37:17.787+0800: 1.017: Application time: 0.0002178 seconds
2024-07-27T21:37:17.787+0800: 1.017: [GC (CMS Initial Mark) [1 CMS-initial-mark: 193166K(429468K)] 204797K(508124K), 0.0007183 secs] [Times: user=0.00 sys=0.00, real=0.00 secs] 
2024-07-27T21:37:17.788+0800: 1.018: Total time for which application threads were stopped: 0.0008292 seconds, Stopping threads took: 0.0000698 seconds
2024-07-27T21:37:17.788+0800: 1.018: [CMS-concurrent-mark-start]
2024-07-27T21:37:17.790+0800: 1.020: [CMS-concurrent-mark: 0.002/0.002 secs] [Times: user=0.00 sys=0.00, real=0.00 secs] 
2024-07-27T21:37:17.791+0800: 1.020: [CMS-concurrent-preclean-start]
2024-07-27T21:37:17.791+0800: 1.021: [CMS-concurrent-preclean: 0.001/0.001 secs] [Times: user=0.00 sys=0.00, real=0.00 secs] 
2024-07-27T21:37:17.791+0800: 1.021: [CMS-concurrent-abortable-preclean-start]
2024-07-27T21:37:17.897+0800: 1.126: Application time: 0.1081037 seconds
2024-07-27T21:37:17.897+0800: 1.126: [GC (Allocation Failure) 2024-07-27T21:37:17.897+0800: 1.126: [ParNew: 77168K->8192K(78656K), 0.0117957 secs] 270334K->269967K(508124K), 0.0118610 secs] [Times: user=0.00 sys=0.00, real=0.01 secs] 
2024-07-27T21:37:17.909+0800: 1.138: Total time for which application threads were stopped: 0.0119755 seconds, Stopping threads took: 0.0000203 seconds
2024-07-27T21:37:18.022+0800: 1.251: Application time: 0.1129555 seconds
2024-07-27T21:37:18.022+0800: 1.251: [GC (Allocation Failure) 2024-07-27T21:37:18.022+0800: 1.251: [ParNew: 77168K->3072K(78656K), 0.0016192 secs] 338943K->264847K(508124K), 0.0016730 secs] [Times: user=0.00 sys=0.00, real=0.00 secs] 
2024-07-27T21:37:18.023+0800: 1.252: Total time for which application threads were stopped: 0.0017800 seconds, Stopping threads took: 0.0000197 seconds
2024-07-27T21:37:18.028+0800: 1.257: Application time: 0.0042552 seconds
2024-07-27T21:37:18.028+0800: 1.257: [GC (Allocation Failure) 2024-07-27T21:37:18.028+0800: 1.257: [ParNew: 72048K->8192K(78656K), 0.0112041 secs] 333823K->333456K(508124K), 0.0112508 secs] [Times: user=0.03 sys=0.00, real=0.01 secs] 
2024-07-27T21:37:18.039+0800: 1.268: Total time for which application threads were stopped: 0.0113452 seconds, Stopping threads took: 0.0000137 seconds
2024-07-27T21:37:18.039+0800: 1.268: [CMS-concurrent-abortable-preclean: 0.005/0.247 secs] [Times: user=0.08 sys=0.00, real=0.25 secs] 
2024-07-27T21:37:18.039+0800: 1.268: Application time: 0.0002927 seconds
2024-07-27T21:37:18.039+0800: 1.268: [GC (CMS Final Remark) [YG occupancy: 12655 K (78656 K)]2024-07-27T21:37:18.039+0800: 1.268: [Rescan (parallel) , 0.0006956 secs]2024-07-27T21:37:18.040+0800: 1.269: [weak refs processing, 0.0000130 secs]2024-07-27T21:37:18.040+0800: 1.269: [class unloading, 0.0001729 secs]2024-07-27T21:37:18.040+0800: 1.269: [scrub symbol table, 0.0003080 secs]2024-07-27T21:37:18.041+0800: 1.270: [scrub string table, 0.0001031 secs][1 CMS-remark: 325264K(429468K)] 337920K(508124K), 0.0013583 secs] [Times: user=0.00 sys=0.00, real=0.00 secs] 
2024-07-27T21:37:18.041+0800: 1.270: Total time for which application threads were stopped: 0.0014641 seconds, Stopping threads took: 0.0000706 seconds
2024-07-27T21:37:18.041+0800: 1.270: [CMS-concurrent-sweep-start]
2024-07-27T21:37:18.042+0800: 1.271: [CMS-concurrent-sweep: 0.002/0.002 secs] [Times: user=0.00 sys=0.00, real=0.00 secs] 
2024-07-27T21:37:18.042+0800: 1.272: [CMS-concurrent-reset-start]
2024-07-27T21:37:18.043+0800: 1.272: [CMS-concurrent-reset: 0.001/0.001 secs] [Times: user=0.00 sys=0.00, real=0.00 secs] 
2024-07-27T21:37:18.147+0800: 1.376: Application time: 0.1063869 seconds
2024-07-27T21:37:18.147+0800: 1.376: [GC (Allocation Failure) 2024-07-27T21:37:18.147+0800: 1.376: [ParNew: 77168K->8192K(78656K), 0.0117266 secs] 272383K->272015K(508124K), 0.0117859 secs] [Times: user=0.00 sys=0.00, real=0.01 secs] 
2024-07-27T21:37:18.159+0800: 1.388: Total time for which application threads were stopped: 0.0119008 seconds, Stopping threads took: 0.0000191 seconds
2024-07-27T21:37:18.159+0800: 1.388: Application time: 0.0002293 seconds
2024-07-27T21:37:18.159+0800: 1.388: [GC (CMS Initial Mark) [1 CMS-initial-mark: 263823K(429468K)] 275455K(508124K), 0.0007719 secs] [Times: user=0.00 sys=0.00, real=0.00 secs] 
2024-07-27T21:37:18.160+0800: 1.389: Total time for which application threads were stopped: 0.0009640 seconds, Stopping threads took: 0.0001501 seconds
2024-07-27T21:37:18.160+0800: 1.389: [CMS-concurrent-mark-start]
2024-07-27T21:37:18.164+0800: 1.393: [CMS-concurrent-mark: 0.004/0.004 secs] [Times: user=0.05 sys=0.00, real=0.00 secs] 
2024-07-27T21:37:18.164+0800: 1.393: [CMS-concurrent-preclean-start]
2024-07-27T21:37:18.165+0800: 1.394: [CMS-concurrent-preclean: 0.001/0.001 secs] [Times: user=0.00 sys=0.00, real=0.00 secs] 
2024-07-27T21:37:18.165+0800: 1.394: [CMS-concurrent-abortable-preclean-start]
2024-07-27T21:37:18.270+0800: 1.499: Application time: 0.1094643 seconds
2024-07-27T21:37:18.270+0800: 1.499: [GC (Allocation Failure) 2024-07-27T21:37:18.270+0800: 1.499: [ParNew: 77168K->4096K(78656K), 0.0016688 secs] 340992K->267919K(508124K), 0.0017245 secs] [Times: user=0.00 sys=0.00, real=0.00 secs] 
2024-07-27T21:37:18.271+0800: 1.501: Total time for which application threads were stopped: 0.0018341 seconds, Stopping threads took: 0.0000206 seconds
2024-07-27T21:37:18.276+0800: 1.505: Application time: 0.0046822 seconds
2024-07-27T21:37:18.276+0800: 1.505: [GC (Allocation Failure) 2024-07-27T21:37:18.276+0800: 1.505: [ParNew: 73072K->8192K(78656K), 0.0121715 secs] 336896K->336528K(508124K), 0.0122191 secs] [Times: user=0.03 sys=0.00, real=0.01 secs] 
2024-07-27T21:37:18.288+0800: 1.518: Total time for which application threads were stopped: 0.0123138 seconds, Stopping threads took: 0.0000141 seconds
2024-07-27T21:37:18.398+0800: 1.627: Application time: 0.1096579 seconds
2024-07-27T21:37:18.398+0800: 1.627: [GC (Allocation Failure) 2024-07-27T21:37:18.398+0800: 1.627: [ParNew: 77168K->8192K(78656K), 0.0126551 secs] 405505K->405137K(508124K), 0.0127257 secs] [Times: user=0.00 sys=0.00, real=0.01 secs] 
2024-07-27T21:37:18.411+0800: 1.640: Total time for which application threads were stopped: 0.0128459 seconds, Stopping threads took: 0.0000213 seconds
2024-07-27T21:37:18.411+0800: 1.640: [CMS-concurrent-abortable-preclean: 0.005/0.246 secs] [Times: user=0.03 sys=0.00, real=0.25 secs] 
2024-07-27T21:37:18.411+0800: 1.640: Application time: 0.0002986 seconds
2024-07-27T21:37:18.412+0800: 1.640: [GC (CMS Final Remark) [YG occupancy: 12655 K (78656 K)]2024-07-27T21:37:18.412+0800: 1.640: [Rescan (parallel) , 0.0008392 secs]2024-07-27T21:37:18.412+0800: 1.641: [weak refs processing, 0.0000491 secs]2024-07-27T21:37:18.412+0800: 1.641: [class unloading, 0.0002020 secs]2024-07-27T21:37:18.412+0800: 1.642: [scrub symbol table, 0.0003701 secs]2024-07-27T21:37:18.413+0800: 1.642: [scrub string table, 0.0001125 secs][1 CMS-remark: 396945K(429468K)] 409601K(508124K), 0.0016392 secs] [Times: user=0.00 sys=0.00, real=0.00 secs] 
2024-07-27T21:37:18.413+0800: 1.642: Total time for which application threads were stopped: 0.0017655 seconds, Stopping threads took: 0.0000820 seconds
2024-07-27T21:37:18.413+0800: 1.642: [CMS-concurrent-sweep-start]
2024-07-27T21:37:18.415+0800: 1.644: [CMS-concurrent-sweep: 0.002/0.002 secs] [Times: user=0.00 sys=0.00, real=0.00 secs] 
2024-07-27T21:37:18.415+0800: 1.644: [CMS-concurrent-reset-start]
2024-07-27T21:37:18.416+0800: 1.645: [CMS-concurrent-reset: 0.001/0.001 secs] [Times: user=0.00 sys=0.00, real=0.00 secs] 
2024-07-27T21:37:18.521+0800: 1.750: Application time: 0.1079408 seconds
2024-07-27T21:37:18.521+0800: 1.750: [GC (Allocation Failure) 2024-07-27T21:37:18.521+0800: 1.750: [ParNew: 77168K->5120K(78656K), 0.0019625 secs] 343040K->270991K(521776K), 0.0020185 secs] [Times: user=0.00 sys=0.00, real=0.00 secs] 
2024-07-27T21:37:18.524+0800: 1.752: Total time for which application threads were stopped: 0.0021453 seconds, Stopping threads took: 0.0000341 seconds
2024-07-27T21:37:18.524+0800: 1.752: Application time: 0.0002204 seconds
2024-07-27T21:37:18.524+0800: 1.753: [GC (CMS Initial Mark) [1 CMS-initial-mark: 265871K(443120K)] 274431K(521776K), 0.0007965 secs] [Times: user=0.00 sys=0.00, real=0.00 secs] 
2024-07-27T21:37:18.525+0800: 1.753: Total time for which application threads were stopped: 0.0009289 seconds, Stopping threads took: 0.0000886 seconds
2024-07-27T21:37:18.525+0800: 1.753: [CMS-concurrent-mark-start]
2024-07-27T21:37:18.528+0800: 1.757: [CMS-concurrent-mark: 0.003/0.003 secs] [Times: user=0.00 sys=0.00, real=0.00 secs] 
2024-07-27T21:37:18.528+0800: 1.757: [CMS-concurrent-preclean-start]
2024-07-27T21:37:18.529+0800: 1.758: [CMS-concurrent-preclean: 0.001/0.001 secs] [Times: user=0.00 sys=0.00, real=0.00 secs] 
2024-07-27T21:37:18.529+0800: 1.758: [CMS-concurrent-abortable-preclean-start]
2024-07-27T21:37:18.529+0800: 1.758: Application time: 0.0048528 seconds
2024-07-27T21:37:18.530+0800: 1.758: [GC (Allocation Failure) 2024-07-27T21:37:18.530+0800: 1.758: [ParNew: 74096K->8192K(78656K), 0.0118894 secs] 339968K->339600K(521776K), 0.0119454 secs] [Times: user=0.03 sys=0.00, real=0.01 secs] 
2024-07-27T21:37:18.542+0800: 1.770: Total time for which application threads were stopped: 0.0120439 seconds, Stopping threads took: 0.0000172 seconds
2024-07-27T21:37:18.649+0800: 1.878: Application time: 0.1077203 seconds
2024-07-27T21:37:18.649+0800: 1.878: [GC (Allocation Failure) 2024-07-27T21:37:18.649+0800: 1.878: [ParNew: 77168K->8192K(78656K), 0.0119276 secs] 408577K->408209K(521776K), 0.0119877 secs] [Times: user=0.02 sys=0.02, real=0.01 secs] 
2024-07-27T21:37:18.661+0800: 1.890: Total time for which application threads were stopped: 0.0120963 seconds, Stopping threads took: 0.0000197 seconds
2024-07-27T21:37:18.661+0800: 1.890: [CMS-concurrent-abortable-preclean: 0.003/0.132 secs] [Times: user=0.05 sys=0.02, real=0.13 secs] 
2024-07-27T21:37:18.661+0800: 1.890: Application time: 0.0003659 seconds
2024-07-27T21:37:18.661+0800: 1.891: [GC (CMS Final Remark) [YG occupancy: 13679 K (78656 K)]2024-07-27T21:37:18.661+0800: 1.891: [Rescan (parallel) , 0.0007606 secs]2024-07-27T21:37:18.662+0800: 1.891: [weak refs processing, 0.0000162 secs]2024-07-27T21:37:18.663+0800: 1.891: [class unloading, 0.0002018 secs]2024-07-27T21:37:18.663+0800: 1.892: [scrub symbol table, 0.0003659 secs]2024-07-27T21:37:18.663+0800: 1.892: [scrub string table, 0.0001004 secs][1 CMS-remark: 400017K(443120K)] 413697K(521776K), 0.0015102 secs] [Times: user=0.00 sys=0.00, real=0.00 secs] 
2024-07-27T21:37:18.663+0800: 1.892: Total time for which application threads were stopped: 0.0017082 seconds, Stopping threads took: 0.0001601 seconds
2024-07-27T21:37:18.663+0800: 1.892: [CMS-concurrent-sweep-start]
2024-07-27T21:37:18.665+0800: 1.894: [CMS-concurrent-sweep: 0.002/0.002 secs] [Times: user=0.00 sys=0.00, real=0.00 secs] 
2024-07-27T21:37:18.665+0800: 1.894: [CMS-concurrent-reset-start]
2024-07-27T21:37:18.666+0800: 1.895: [CMS-concurrent-reset: 0.001/0.001 secs] [Times: user=0.00 sys=0.00, real=0.00 secs] 
2024-07-27T21:37:18.771+0800: 2.000: Application time: 0.1076734 seconds
2024-07-27T21:37:18.771+0800: 2.000: [GC (Allocation Failure) 2024-07-27T21:37:18.771+0800: 2.000: [ParNew: 77168K->6144K(78656K), 0.0018860 secs] 211966K->140941K(521776K), 0.0019471 secs] [Times: user=0.00 sys=0.00, real=0.00 secs] 
2024-07-27T21:37:18.773+0800: 2.002: Total time for which application threads were stopped: 0.0020623 seconds, Stopping threads took: 0.0000249 seconds
2024-07-27T21:37:18.777+0800: 2.006: Application time: 0.0043623 seconds
2024-07-27T21:37:18.777+0800: 2.006: [GC (Allocation Failure) 2024-07-27T21:37:18.777+0800: 2.006: [ParNew: 75120K->8192K(78656K), 0.0165111 secs] 209918K->209550K(521776K), 0.0165638 secs] [Times: user=0.02 sys=0.01, real=0.02 secs] 
2024-07-27T21:37:18.794+0800: 2.023: Total time for which application threads were stopped: 0.0166739 seconds, Stopping threads took: 0.0000146 seconds
2024-07-27T21:37:18.794+0800: 2.023: Application time: 0.0002262 seconds
2024-07-27T21:37:18.794+0800: 2.023: [GC (CMS Initial Mark) [1 CMS-initial-mark: 201358K(443120K)] 212990K(521776K), 0.0007771 secs] [Times: user=0.00 sys=0.00, real=0.00 secs] 
2024-07-27T21:37:18.795+0800: 2.024: Total time for which application threads were stopped: 0.0009776 seconds, Stopping threads took: 0.0001594 seconds
2024-07-27T21:37:18.795+0800: 2.024: [CMS-concurrent-mark-start]
2024-07-27T21:37:18.797+0800: 2.026: [CMS-concurrent-mark: 0.002/0.002 secs] [Times: user=0.00 sys=0.00, real=0.00 secs] 
2024-07-27T21:37:18.797+0800: 2.026: [CMS-concurrent-preclean-start]
2024-07-27T21:37:18.798+0800: 2.027: [CMS-concurrent-preclean: 0.001/0.001 secs] [Times: user=0.00 sys=0.00, real=0.00 secs] 
2024-07-27T21:37:18.798+0800: 2.027: [CMS-concurrent-abortable-preclean-start]
2024-07-27T21:37:18.914+0800: 2.143: Application time: 0.1191026 seconds
2024-07-27T21:37:18.914+0800: 2.143: [GC (Allocation Failure) 2024-07-27T21:37:18.914+0800: 2.143: [ParNew: 77168K->8192K(78656K), 0.0119620 secs] 278527K->278159K(521776K), 0.0120238 secs] [Times: user=0.00 sys=0.00, real=0.01 secs] 
2024-07-27T21:37:18.926+0800: 2.155: Total time for which application threads were stopped: 0.0121322 seconds, Stopping threads took: 0.0000183 seconds
2024-07-27T21:37:19.035+0800: 2.264: Application time: 0.1091163 seconds
2024-07-27T21:37:19.035+0800: 2.265: [GC (Allocation Failure) 2024-07-27T21:37:19.035+0800: 2.265: [ParNew: 77168K->7168K(78656K), 0.0025156 secs] 347136K->277135K(521776K), 0.0025793 secs] [Times: user=0.00 sys=0.00, real=0.00 secs] 
2024-07-27T21:37:19.038+0800: 2.267: Total time for which application threads were stopped: 0.0026806 seconds, Stopping threads took: 0.0000194 seconds
2024-07-27T21:37:19.042+0800: 2.272: Application time: 0.0043545 seconds
2024-07-27T21:37:19.042+0800: 2.272: [GC (Allocation Failure) 2024-07-27T21:37:19.042+0800: 2.272: [ParNew: 76144K->8192K(78656K), 0.0119961 secs] 346112K->345744K(521776K), 0.0120426 secs] [Times: user=0.03 sys=0.00, real=0.01 secs] 
2024-07-27T21:37:19.055+0800: 2.284: Total time for which application threads were stopped: 0.0121403 seconds, Stopping threads took: 0.0000127 seconds
2024-07-27T21:37:19.055+0800: 2.284: [CMS-concurrent-abortable-preclean: 0.005/0.257 secs] [Times: user=0.06 sys=0.00, real=0.26 secs] 
2024-07-27T21:37:19.055+0800: 2.284: Application time: 0.0003842 seconds
2024-07-27T21:37:19.055+0800: 2.284: [GC (CMS Final Remark) [YG occupancy: 13679 K (78656 K)]2024-07-27T21:37:19.055+0800: 2.284: [Rescan (parallel) , 0.0005531 secs]2024-07-27T21:37:19.056+0800: 2.285: [weak refs processing, 0.0000160 secs]2024-07-27T21:37:19.056+0800: 2.285: [class unloading, 0.0001746 secs]2024-07-27T21:37:19.056+0800: 2.285: [scrub symbol table, 0.0003139 secs]2024-07-27T21:37:19.056+0800: 2.285: [scrub string table, 0.0000918 secs][1 CMS-remark: 337552K(443120K)] 351232K(521776K), 0.0012105 secs] [Times: user=0.00 sys=0.00, real=0.00 secs] 
2024-07-27T21:37:19.056+0800: 2.285: Total time for which application threads were stopped: 0.0013985 seconds, Stopping threads took: 0.0001535 seconds
2024-07-27T21:37:19.057+0800: 2.286: [CMS-concurrent-sweep-start]
2024-07-27T21:37:19.058+0800: 2.287: [CMS-concurrent-sweep: 0.001/0.001 secs] [Times: user=0.00 sys=0.00, real=0.00 secs] 
2024-07-27T21:37:19.058+0800: 2.287: [CMS-concurrent-reset-start]
2024-07-27T21:37:19.059+0800: 2.288: [CMS-concurrent-reset: 0.001/0.001 secs] [Times: user=0.00 sys=0.00, real=0.00 secs] 
2024-07-27T21:37:19.161+0800: 2.390: Application time: 0.1046827 seconds
2024-07-27T21:37:19.161+0800: 2.390: [GC (Allocation Failure) 2024-07-27T21:37:19.161+0800: 2.390: [ParNew: 77168K->8192K(78656K), 0.0119928 secs] 280575K->280207K(521776K), 0.0120551 secs] [Times: user=0.00 sys=0.00, real=0.01 secs] 
2024-07-27T21:37:19.174+0800: 2.402: Total time for which application threads were stopped: 0.0121716 seconds, Stopping threads took: 0.0000196 seconds
2024-07-27T21:37:19.174+0800: 2.403: Application time: 0.0001970 seconds
2024-07-27T21:37:19.174+0800: 2.403: [GC (CMS Initial Mark) [1 CMS-initial-mark: 272015K(443120K)] 283647K(521776K), 0.0006518 secs] [Times: user=0.00 sys=0.00, real=0.00 secs] 
2024-07-27T21:37:19.174+0800: 2.403: Total time for which application threads were stopped: 0.0008708 seconds, Stopping threads took: 0.0001764 seconds
2024-07-27T21:37:19.174+0800: 2.404: [CMS-concurrent-mark-start]
2024-07-27T21:37:19.178+0800: 2.407: [CMS-concurrent-mark: 0.004/0.004 secs] [Times: user=0.05 sys=0.00, real=0.00 secs] 
2024-07-27T21:37:19.178+0800: 2.407: [CMS-concurrent-preclean-start]
2024-07-27T21:37:19.179+0800: 2.408: [CMS-concurrent-preclean: 0.001/0.001 secs] [Times: user=0.00 sys=0.00, real=0.00 secs] 
2024-07-27T21:37:19.179+0800: 2.408: [CMS-concurrent-abortable-preclean-start]
2024-07-27T21:37:19.284+0800: 2.513: Application time: 0.1096871 seconds
2024-07-27T21:37:19.284+0800: 2.513: [GC (Allocation Failure) 2024-07-27T21:37:19.284+0800: 2.513: [ParNew: 77168K->8192K(78656K), 0.0021398 secs] 349184K->280207K(521776K), 0.0021908 secs] [Times: user=0.03 sys=0.00, real=0.00 secs] 
2024-07-27T21:37:19.286+0800: 2.515: Total time for which application threads were stopped: 0.0022942 seconds, Stopping threads took: 0.0000193 seconds
2024-07-27T21:37:19.290+0800: 2.520: Application time: 0.0043821 seconds
2024-07-27T21:37:19.290+0800: 2.520: [GC (Allocation Failure) 2024-07-27T21:37:19.290+0800: 2.520: [ParNew: 77168K->8192K(78656K), 0.0122283 secs] 349184K->348816K(521776K), 0.0122802 secs] [Times: user=0.03 sys=0.00, real=0.01 secs] 
2024-07-27T21:37:19.303+0800: 2.532: Total time for which application threads were stopped: 0.0123764 seconds, Stopping threads took: 0.0000129 seconds
2024-07-27T21:37:19.412+0800: 2.641: Application time: 0.1088435 seconds
2024-07-27T21:37:19.412+0800: 2.641: [GC (Allocation Failure) 2024-07-27T21:37:19.412+0800: 2.641: [ParNew: 77168K->8192K(78656K), 0.0120724 secs] 417793K->417425K(521776K), 0.0121310 secs] [Times: user=0.00 sys=0.00, real=0.01 secs] 
2024-07-27T21:37:19.425+0800: 2.653: Total time for which application threads were stopped: 0.0122448 seconds, Stopping threads took: 0.0000193 seconds
2024-07-27T21:37:19.425+0800: 2.653: [CMS-concurrent-abortable-preclean: 0.006/0.245 secs] [Times: user=0.09 sys=0.00, real=0.25 secs] 
2024-07-27T21:37:19.425+0800: 2.654: Application time: 0.0002852 seconds
2024-07-27T21:37:19.425+0800: 2.654: [GC (CMS Final Remark) [YG occupancy: 12655 K (78656 K)]2024-07-27T21:37:19.425+0800: 2.654: [Rescan (parallel) , 0.0010028 secs]2024-07-27T21:37:19.426+0800: 2.655: [weak refs processing, 0.0000143 secs]2024-07-27T21:37:19.426+0800: 2.655: [class unloading, 0.0001831 secs]2024-07-27T21:37:19.426+0800: 2.655: [scrub symbol table, 0.0003510 secs]2024-07-27T21:37:19.426+0800: 2.655: [scrub string table, 0.0000993 secs][1 CMS-remark: 409233K(443120K)] 421889K(521776K), 0.0017191 secs] [Times: user=0.00 sys=0.00, real=0.00 secs] 
2024-07-27T21:37:19.426+0800: 2.655: Total time for which application threads were stopped: 0.0018829 seconds, Stopping threads took: 0.0001265 seconds
2024-07-27T21:37:19.427+0800: 2.656: [CMS-concurrent-sweep-start]
2024-07-27T21:37:19.428+0800: 2.657: [CMS-concurrent-sweep: 0.001/0.001 secs] [Times: user=0.00 sys=0.00, real=0.00 secs] 
2024-07-27T21:37:19.428+0800: 2.657: [CMS-concurrent-reset-start]
2024-07-27T21:37:19.429+0800: 2.658: [CMS-concurrent-reset: 0.001/0.001 secs] [Times: user=0.00 sys=0.00, real=0.00 secs] 
2024-07-27T21:37:19.534+0800: 2.762: Application time: 0.1070923 seconds
2024-07-27T21:37:19.534+0800: 2.763: [GC (Allocation Failure) 2024-07-27T21:37:19.534+0800: 2.763: [ParNew: 77168K->8192K(78656K), 0.0029203 secs] 351232K->283279K(535432K), 0.0029742 secs] [Times: user=0.02 sys=0.02, real=0.00 secs] 
2024-07-27T21:37:19.537+0800: 2.766: Total time for which application threads were stopped: 0.0030843 seconds, Stopping threads took: 0.0000201 seconds
2024-07-27T21:37:19.537+0800: 2.766: Application time: 0.0002484 seconds
2024-07-27T21:37:19.537+0800: 2.766: [GC (CMS Initial Mark) [1 CMS-initial-mark: 275087K(456776K)] 286719K(535432K), 0.0008473 secs] [Times: user=0.00 sys=0.00, real=0.00 secs] 
2024-07-27T21:37:19.538+0800: 2.767: Total time for which application threads were stopped: 0.0010352 seconds, Stopping threads took: 0.0001467 seconds
2024-07-27T21:37:19.538+0800: 2.767: [CMS-concurrent-mark-start]
2024-07-27T21:37:19.542+0800: 2.771: [CMS-concurrent-mark: 0.004/0.004 secs] [Times: user=0.00 sys=0.00, real=0.00 secs] 
2024-07-27T21:37:19.542+0800: 2.771: [CMS-concurrent-preclean-start]
2024-07-27T21:37:19.543+0800: 2.772: [CMS-concurrent-preclean: 0.001/0.001 secs] [Times: user=0.00 sys=0.00, real=0.00 secs] 
2024-07-27T21:37:19.543+0800: 2.772: Application time: 0.0050244 seconds
2024-07-27T21:37:19.543+0800: 2.772: [GC (Allocation Failure) 2024-07-27T21:37:19.543+0800: 2.772: [ParNew: 77168K->8192K(78656K), 0.0163659 secs] 352256K->351888K(535432K), 0.0164197 secs] [Times: user=0.03 sys=0.00, real=0.02 secs] 
2024-07-27T21:37:19.560+0800: 2.788: Total time for which application threads were stopped: 0.0165132 seconds, Stopping threads took: 0.0000126 seconds
2024-07-27T21:37:19.560+0800: 2.789: Application time: 0.0003082 seconds
2024-07-27T21:37:19.560+0800: 2.789: [GC (CMS Final Remark) [YG occupancy: 12655 K (78656 K)]2024-07-27T21:37:19.560+0800: 2.789: [Rescan (parallel) , 0.0008651 secs]2024-07-27T21:37:19.561+0800: 2.790: [weak refs processing, 0.0000128 secs]2024-07-27T21:37:19.561+0800: 2.790: [class unloading, 0.0001942 secs]2024-07-27T21:37:19.561+0800: 2.790: [scrub symbol table, 0.0003408 secs]2024-07-27T21:37:19.561+0800: 2.790: [scrub string table, 0.0001065 secs][1 CMS-remark: 343696K(456776K)] 356352K(535432K), 0.0015839 secs] [Times: user=0.00 sys=0.00, real=0.00 secs] 
2024-07-27T21:37:19.562+0800: 2.790: Total time for which application threads were stopped: 0.0017747 seconds, Stopping threads took: 0.0001494 seconds
2024-07-27T21:37:19.562+0800: 2.791: [CMS-concurrent-sweep-start]
2024-07-27T21:37:19.563+0800: 2.792: [CMS-concurrent-sweep: 0.001/0.001 secs] [Times: user=0.00 sys=0.00, real=0.00 secs] 
2024-07-27T21:37:19.563+0800: 2.792: [CMS-concurrent-reset-start]
2024-07-27T21:37:19.564+0800: 2.793: [CMS-concurrent-reset: 0.001/0.001 secs] [Times: user=0.00 sys=0.00, real=0.00 secs] 
2024-07-27T21:37:19.679+0800: 2.908: Application time: 0.1172033 seconds
2024-07-27T21:37:19.679+0800: 2.908: [GC (Allocation Failure) 2024-07-27T21:37:19.679+0800: 2.908: [ParNew: 77168K->8192K(78656K), 0.0122365 secs] 147453K->147085K(535432K), 0.0122957 secs] [Times: user=0.00 sys=0.00, real=0.01 secs] 
2024-07-27T21:37:19.691+0800: 2.920: Total time for which application threads were stopped: 0.0124190 seconds, Stopping threads took: 0.0000295 seconds
2024-07-27T21:37:19.801+0800: 3.030: Application time: 0.1098546 seconds
2024-07-27T21:37:19.801+0800: 3.030: [GC (Allocation Failure) 2024-07-27T21:37:19.801+0800: 3.030: [ParNew: 77168K->8192K(78656K), 0.0025625 secs] 216062K->149133K(535432K), 0.0026786 secs] [Times: user=0.00 sys=0.00, real=0.00 secs] 
2024-07-27T21:37:19.803+0800: 3.033: Total time for which application threads were stopped: 0.0027862 seconds, Stopping threads took: 0.0000203 seconds
2024-07-27T21:37:19.808+0800: 3.037: Application time: 0.0045223 seconds
2024-07-27T21:37:19.808+0800: 3.037: [GC (Allocation Failure) 2024-07-27T21:37:19.808+0800: 3.037: [ParNew: 77168K->8192K(78656K), 0.0129218 secs] 218110K->217742K(535432K), 0.0129912 secs] [Times: user=0.03 sys=0.00, real=0.01 secs] 
2024-07-27T21:37:19.822+0800: 3.050: Total time for which application threads were stopped: 0.0130882 seconds, Stopping threads took: 0.0000142 seconds
2024-07-27T21:37:19.822+0800: 3.051: Application time: 0.0002537 seconds
2024-07-27T21:37:19.822+0800: 3.051: [GC (CMS Initial Mark) [1 CMS-initial-mark: 209550K(456776K)] 221182K(535432K), 0.0007429 secs] [Times: user=0.00 sys=0.00, real=0.00 secs] 
2024-07-27T21:37:19.822+0800: 3.052: Total time for which application threads were stopped: 0.0009217 seconds, Stopping threads took: 0.0001307 seconds
2024-07-27T21:37:19.822+0800: 3.052: [CMS-concurrent-mark-start]
2024-07-27T21:37:19.824+0800: 3.054: [CMS-concurrent-mark: 0.002/0.002 secs] [Times: user=0.00 sys=0.00, real=0.00 secs] 
2024-07-27T21:37:19.824+0800: 3.054: [CMS-concurrent-preclean-start]
2024-07-27T21:37:19.825+0800: 3.054: [CMS-concurrent-preclean: 0.001/0.001 secs] [Times: user=0.00 sys=0.00, real=0.00 secs] 
2024-07-27T21:37:19.825+0800: 3.054: [CMS-concurrent-abortable-preclean-start]
2024-07-27T21:37:19.929+0800: 3.158: Application time: 0.1061171 seconds
2024-07-27T21:37:19.929+0800: 3.158: [GC (Allocation Failure) 2024-07-27T21:37:19.929+0800: 3.158: [ParNew: 77168K->8192K(78656K), 0.0118818 secs] 286719K->286351K(535432K), 0.0119435 secs] [Times: user=0.00 sys=0.00, real=0.01 secs] 
2024-07-27T21:37:19.941+0800: 3.170: Total time for which application threads were stopped: 0.0120639 seconds, Stopping threads took: 0.0000198 seconds
2024-07-27T21:37:20.051+0800: 3.279: Application time: 0.1096215 seconds
2024-07-27T21:37:20.051+0800: 3.279: [GC (Allocation Failure) 2024-07-27T21:37:20.051+0800: 3.279: [ParNew: 77168K->8192K(78656K), 0.0029827 secs] 355328K->289423K(535432K), 0.0030454 secs] [Times: user=0.03 sys=0.00, real=0.00 secs] 
2024-07-27T21:37:20.054+0800: 3.283: Total time for which application threads were stopped: 0.0031561 seconds, Stopping threads took: 0.0000234 seconds
2024-07-27T21:37:20.054+0800: 3.283: [CMS-concurrent-abortable-preclean: 0.005/0.228 secs] [Times: user=0.09 sys=0.00, real=0.23 secs] 
2024-07-27T21:37:20.054+0800: 3.283: Application time: 0.0002806 seconds
2024-07-27T21:37:20.054+0800: 3.283: [GC (CMS Final Remark) [YG occupancy: 12655 K (78656 K)]2024-07-27T21:37:20.054+0800: 3.283: [Rescan (parallel) , 0.0009943 secs]2024-07-27T21:37:20.055+0800: 3.284: [weak refs processing, 0.0000125 secs]2024-07-27T21:37:20.055+0800: 3.284: [class unloading, 0.0001937 secs]2024-07-27T21:37:20.055+0800: 3.284: [scrub symbol table, 0.0003452 secs]2024-07-27T21:37:20.056+0800: 3.285: [scrub string table, 0.0000988 secs][1 CMS-remark: 281231K(456776K)] 293887K(535432K), 0.0017062 secs] [Times: user=0.00 sys=0.00, real=0.00 secs] 
2024-07-27T21:37:20.056+0800: 3.285: Total time for which application threads were stopped: 0.0018197 seconds, Stopping threads took: 0.0000794 seconds
2024-07-27T21:37:20.056+0800: 3.285: [CMS-concurrent-sweep-start]
2024-07-27T21:37:20.058+0800: 3.286: [CMS-concurrent-sweep: 0.001/0.001 secs] [Times: user=0.00 sys=0.00, real=0.00 secs] 
2024-07-27T21:37:20.058+0800: 3.286: [CMS-concurrent-reset-start]
2024-07-27T21:37:20.059+0800: 3.288: [CMS-concurrent-reset: 0.001/0.001 secs] [Times: user=0.00 sys=0.00, real=0.00 secs] 
2024-07-27T21:37:20.061+0800: 3.289: Application time: 0.0047263 seconds
2024-07-27T21:37:20.061+0800: 3.289: [GC (Allocation Failure) 2024-07-27T21:37:20.061+0800: 3.289: [ParNew: 77168K->8192K(78656K), 0.0123170 secs] 220158K->219790K(535432K), 0.0123826 secs] [Times: user=0.03 sys=0.00, real=0.01 secs] 
2024-07-27T21:37:20.073+0800: 3.302: Total time for which application threads were stopped: 0.0124811 seconds, Stopping threads took: 0.0000169 seconds
2024-07-27T21:37:20.073+0800: 3.302: Application time: 0.0002597 seconds
2024-07-27T21:37:20.074+0800: 3.302: [GC (CMS Initial Mark) [1 CMS-initial-mark: 211598K(456776K)] 224254K(535432K), 0.0007845 secs] [Times: user=0.00 sys=0.00, real=0.00 secs] 
2024-07-27T21:37:20.074+0800: 3.303: Total time for which application threads were stopped: 0.0010062 seconds, Stopping threads took: 0.0001801 seconds
2024-07-27T21:37:20.075+0800: 3.303: [CMS-concurrent-mark-start]
2024-07-27T21:37:20.076+0800: 3.305: [CMS-concurrent-mark: 0.002/0.002 secs] [Times: user=0.00 sys=0.00, real=0.00 secs] 
2024-07-27T21:37:20.076+0800: 3.305: [CMS-concurrent-preclean-start]
2024-07-27T21:37:20.077+0800: 3.306: [CMS-concurrent-preclean: 0.001/0.001 secs] [Times: user=0.00 sys=0.00, real=0.00 secs] 
2024-07-27T21:37:20.077+0800: 3.306: [CMS-concurrent-abortable-preclean-start]
2024-07-27T21:37:20.193+0800: 3.421: Application time: 0.1181815 seconds
2024-07-27T21:37:20.193+0800: 3.421: [GC (Allocation Failure) 2024-07-27T21:37:20.193+0800: 3.421: [ParNew: 77168K->8192K(78656K), 0.0117770 secs] 288767K->288399K(535432K), 0.0118412 secs] [Times: user=0.00 sys=0.00, real=0.01 secs] 
2024-07-27T21:37:20.205+0800: 3.433: Total time for which application threads were stopped: 0.0119564 seconds, Stopping threads took: 0.0000188 seconds
2024-07-27T21:37:20.317+0800: 3.546: Application time: 0.1123481 seconds
2024-07-27T21:37:20.317+0800: 3.546: [GC (Allocation Failure) 2024-07-27T21:37:20.317+0800: 3.546: [ParNew: 77168K->8192K(78656K), 0.0032281 secs] 357376K->292495K(535432K), 0.0032852 secs] [Times: user=0.00 sys=0.00, real=0.00 secs] 
2024-07-27T21:37:20.320+0800: 3.549: Total time for which application threads were stopped: 0.0033955 seconds, Stopping threads took: 0.0000203 seconds
2024-07-27T21:37:20.320+0800: 3.549: [CMS-concurrent-abortable-preclean: 0.004/0.243 secs] [Times: user=0.05 sys=0.02, real=0.24 secs] 
2024-07-27T21:37:20.320+0800: 3.549: Application time: 0.0002996 seconds
2024-07-27T21:37:20.320+0800: 3.549: [GC (CMS Final Remark) [YG occupancy: 12655 K (78656 K)]2024-07-27T21:37:20.320+0800: 3.549: [Rescan (parallel) , 0.0006658 secs]2024-07-27T21:37:20.321+0800: 3.550: [weak refs processing, 0.0000132 secs]2024-07-27T21:37:20.321+0800: 3.550: [class unloading, 0.0002004 secs]2024-07-27T21:37:20.321+0800: 3.550: [scrub symbol table, 0.0003429 secs]2024-07-27T21:37:20.321+0800: 3.551: [scrub string table, 0.0000991 secs][1 CMS-remark: 284303K(456776K)] 296959K(535432K), 0.0013835 secs] [Times: user=0.00 sys=0.00, real=0.00 secs] 
2024-07-27T21:37:20.321+0800: 3.551: Total time for which application threads were stopped: 0.0014971 seconds, Stopping threads took: 0.0000787 seconds
2024-07-27T21:37:20.322+0800: 3.551: [CMS-concurrent-sweep-start]
2024-07-27T21:37:20.323+0800: 3.553: [CMS-concurrent-sweep: 0.001/0.001 secs] [Times: user=0.00 sys=0.00, real=0.00 secs] 
2024-07-27T21:37:20.323+0800: 3.553: [CMS-concurrent-reset-start]
2024-07-27T21:37:20.324+0800: 3.554: [CMS-concurrent-reset: 0.001/0.001 secs] [Times: user=0.00 sys=0.00, real=0.00 secs] 
2024-07-27T21:37:20.326+0800: 3.556: Application time: 0.0047252 seconds
2024-07-27T21:37:20.326+0800: 3.556: [GC (Allocation Failure) 2024-07-27T21:37:20.326+0800: 3.556: [ParNew: 77168K->8192K(78656K), 0.0120724 secs] 222206K->221838K(535432K), 0.0121237 secs] [Times: user=0.03 sys=0.00, real=0.01 secs] 
2024-07-27T21:37:20.338+0800: 3.568: Total time for which application threads were stopped: 0.0122176 seconds, Stopping threads took: 0.0000128 seconds
2024-07-27T21:37:20.339+0800: 3.568: Application time: 0.0002162 seconds
2024-07-27T21:37:20.339+0800: 3.568: [GC (CMS Initial Mark) [1 CMS-initial-mark: 213646K(456776K)] 225278K(535432K), 0.0007728 secs] [Times: user=0.00 sys=0.00, real=0.00 secs] 
2024-07-27T21:37:20.339+0800: 3.569: Total time for which application threads were stopped: 0.0009065 seconds, Stopping threads took: 0.0000912 seconds
2024-07-27T21:37:20.340+0800: 3.569: [CMS-concurrent-mark-start]
2024-07-27T21:37:20.342+0800: 3.571: [CMS-concurrent-mark: 0.002/0.002 secs] [Times: user=0.00 sys=0.00, real=0.00 secs] 
2024-07-27T21:37:20.342+0800: 3.571: [CMS-concurrent-preclean-start]
2024-07-27T21:37:20.342+0800: 3.571: [CMS-concurrent-preclean: 0.001/0.001 secs] [Times: user=0.00 sys=0.00, real=0.00 secs] 
2024-07-27T21:37:20.342+0800: 3.571: [CMS-concurrent-abortable-preclean-start]
2024-07-27T21:37:20.459+0800: 3.688: Application time: 0.1195776 seconds
2024-07-27T21:37:20.459+0800: 3.689: [GC (Allocation Failure) 2024-07-27T21:37:20.459+0800: 3.689: [ParNew: 77168K->8192K(78656K), 0.0118876 secs] 290815K->290447K(535432K), 0.0119502 secs] [Times: user=0.00 sys=0.00, real=0.01 secs] 
2024-07-27T21:37:20.471+0800: 3.701: Total time for which application threads were stopped: 0.0120619 seconds, Stopping threads took: 0.0000214 seconds
2024-07-27T21:37:20.584+0800: 3.813: Application time: 0.1121264 seconds
2024-07-27T21:37:20.584+0800: 3.813: [GC (Allocation Failure) 2024-07-27T21:37:20.584+0800: 3.813: [ParNew: 77168K->8192K(78656K), 0.0029577 secs] 359424K->295567K(535432K), 0.0030126 secs] [Times: user=0.00 sys=0.00, real=0.00 secs] 
2024-07-27T21:37:20.586+0800: 3.816: Total time for which application threads were stopped: 0.0031322 seconds, Stopping threads took: 0.0000214 seconds
2024-07-27T21:37:20.587+0800: 3.816: [CMS-concurrent-abortable-preclean: 0.005/0.245 secs] [Times: user=0.05 sys=0.00, real=0.24 secs] 
2024-07-27T21:37:20.587+0800: 3.816: Application time: 0.0003414 seconds
2024-07-27T21:37:20.587+0800: 3.816: [GC (CMS Final Remark) [YG occupancy: 13679 K (78656 K)]2024-07-27T21:37:20.587+0800: 3.816: [Rescan (parallel) , 0.0007250 secs]2024-07-27T21:37:20.588+0800: 3.817: [weak refs processing, 0.0000129 secs]2024-07-27T21:37:20.588+0800: 3.817: [class unloading, 0.0001967 secs]2024-07-27T21:37:20.588+0800: 3.817: [scrub symbol table, 0.0003518 secs]2024-07-27T21:37:20.589+0800: 3.818: [scrub string table, 0.0000991 secs][1 CMS-remark: 287375K(456776K)] 301055K(535432K), 0.0014497 secs] [Times: user=0.00 sys=0.00, real=0.00 secs] 
2024-07-27T21:37:20.589+0800: 3.818: Total time for which application threads were stopped: 0.0016155 seconds, Stopping threads took: 0.0001309 seconds
2024-07-27T21:37:20.589+0800: 3.818: [CMS-concurrent-sweep-start]
2024-07-27T21:37:20.591+0800: 3.819: [CMS-concurrent-sweep: 0.001/0.001 secs] [Times: user=0.00 sys=0.00, real=0.00 secs] 
2024-07-27T21:37:20.591+0800: 3.820: [CMS-concurrent-reset-start]
2024-07-27T21:37:20.592+0800: 3.821: [CMS-concurrent-reset: 0.001/0.001 secs] [Times: user=0.00 sys=0.00, real=0.00 secs] 
2024-07-27T21:37:20.593+0800: 3.822: Application time: 0.0046625 seconds
2024-07-27T21:37:20.594+0800: 3.822: [GC (Allocation Failure) 2024-07-27T21:37:20.594+0800: 3.822: [ParNew: 77168K->8192K(78656K), 0.0119301 secs] 224254K->223886K(535432K), 0.0119789 secs] [Times: user=0.03 sys=0.00, real=0.01 secs] 
2024-07-27T21:37:20.605+0800: 3.834: Total time for which application threads were stopped: 0.0120788 seconds, Stopping threads took: 0.0000169 seconds
2024-07-27T21:37:20.606+0800: 3.835: Application time: 0.0001974 seconds
2024-07-27T21:37:20.606+0800: 3.835: [GC (CMS Initial Mark) [1 CMS-initial-mark: 215694K(456776K)] 227326K(535432K), 0.0008265 secs] [Times: user=0.00 sys=0.00, real=0.00 secs] 
2024-07-27T21:37:20.607+0800: 3.836: Total time for which application threads were stopped: 0.0009497 seconds, Stopping threads took: 0.0000788 seconds
2024-07-27T21:37:20.607+0800: 3.836: [CMS-concurrent-mark-start]
2024-07-27T21:37:20.609+0800: 3.838: [CMS-concurrent-mark: 0.002/0.002 secs] [Times: user=0.00 sys=0.00, real=0.00 secs] 
2024-07-27T21:37:20.609+0800: 3.838: [CMS-concurrent-preclean-start]
2024-07-27T21:37:20.609+0800: 3.838: [CMS-concurrent-preclean: 0.001/0.001 secs] [Times: user=0.00 sys=0.00, real=0.00 secs] 
2024-07-27T21:37:20.609+0800: 3.838: [CMS-concurrent-abortable-preclean-start]
2024-07-27T21:37:20.725+0800: 3.955: Application time: 0.1189812 seconds
2024-07-27T21:37:20.725+0800: 3.955: [GC (Allocation Failure) 2024-07-27T21:37:20.725+0800: 3.955: [ParNew: 77168K->8192K(78656K), 0.0120784 secs] 292863K->292495K(535432K), 0.0121400 secs] [Times: user=0.00 sys=0.00, real=0.01 secs] 
2024-07-27T21:37:20.738+0800: 3.967: Total time for which application threads were stopped: 0.0122809 seconds, Stopping threads took: 0.0000198 seconds
2024-07-27T21:37:20.848+0800: 4.077: Application time: 0.1104251 seconds
2024-07-27T21:37:20.848+0800: 4.077: [GC (Allocation Failure) 2024-07-27T21:37:20.848+0800: 4.077: [ParNew: 77168K->8192K(78656K), 0.0032188 secs] 361472K->298639K(535432K), 0.0032742 secs] [Times: user=0.00 sys=0.00, real=0.00 secs] 
2024-07-27T21:37:20.851+0800: 4.081: Total time for which application threads were stopped: 0.0033940 seconds, Stopping threads took: 0.0000189 seconds
2024-07-27T21:37:20.851+0800: 4.081: [CMS-concurrent-abortable-preclean: 0.005/0.243 secs] [Times: user=0.09 sys=0.00, real=0.24 secs] 
2024-07-27T21:37:20.852+0800: 4.081: Application time: 0.0002059 seconds
2024-07-27T21:37:20.852+0800: 4.081: [GC (CMS Final Remark) [YG occupancy: 11631 K (78656 K)]2024-07-27T21:37:20.852+0800: 4.081: [Rescan (parallel) , 0.0005590 secs]2024-07-27T21:37:20.853+0800: 4.082: [weak refs processing, 0.0000127 secs]2024-07-27T21:37:20.853+0800: 4.082: [class unloading, 0.0001898 secs]2024-07-27T21:37:20.853+0800: 4.082: [scrub symbol table, 0.0003479 secs]2024-07-27T21:37:20.853+0800: 4.082: [scrub string table, 0.0001295 secs][1 CMS-remark: 290447K(456776K)] 302079K(535432K), 0.0013126 secs] [Times: user=0.00 sys=0.00, real=0.00 secs] 
2024-07-27T21:37:20.854+0800: 4.082: Total time for which application threads were stopped: 0.0014693 seconds, Stopping threads took: 0.0001070 seconds
2024-07-27T21:37:20.854+0800: 4.083: [CMS-concurrent-sweep-start]
2024-07-27T21:37:20.855+0800: 4.084: [CMS-concurrent-sweep: 0.001/0.001 secs] [Times: user=0.00 sys=0.00, real=0.00 secs] 
2024-07-27T21:37:20.855+0800: 4.084: [CMS-concurrent-reset-start]
2024-07-27T21:37:20.856+0800: 4.085: [CMS-concurrent-reset: 0.001/0.001 secs] [Times: user=0.00 sys=0.00, real=0.00 secs] 
2024-07-27T21:37:20.859+0800: 4.088: Application time: 0.0050953 seconds
2024-07-27T21:37:20.859+0800: 4.088: [GC (Allocation Failure) 2024-07-27T21:37:20.859+0800: 4.088: [ParNew: 77168K->8192K(78656K), 0.0126205 secs] 226302K->225934K(535432K), 0.0126625 secs] [Times: user=0.03 sys=0.00, real=0.01 secs] 
2024-07-27T21:37:20.871+0800: 4.100: Total time for which application threads were stopped: 0.0127608 seconds, Stopping threads took: 0.0000157 seconds
2024-07-27T21:37:20.871+0800: 4.101: Application time: 0.0002580 seconds
2024-07-27T21:37:20.871+0800: 4.101: [GC (CMS Initial Mark) [1 CMS-initial-mark: 217742K(456776K)] 229374K(535432K), 0.0007936 secs] [Times: user=0.00 sys=0.00, real=0.00 secs] 
2024-07-27T21:37:20.872+0800: 4.101: Total time for which application threads were stopped: 0.0009122 seconds, Stopping threads took: 0.0000779 seconds
2024-07-27T21:37:20.872+0800: 4.102: [CMS-concurrent-mark-start]
2024-07-27T21:37:20.874+0800: 4.103: [CMS-concurrent-mark: 0.002/0.002 secs] [Times: user=0.00 sys=0.00, real=0.00 secs] 
2024-07-27T21:37:20.874+0800: 4.103: [CMS-concurrent-preclean-start]
2024-07-27T21:37:20.874+0800: 4.104: [CMS-concurrent-preclean: 0.001/0.001 secs] [Times: user=0.00 sys=0.00, real=0.00 secs] 
2024-07-27T21:37:20.874+0800: 4.104: [CMS-concurrent-abortable-preclean-start]
2024-07-27T21:37:20.878+0800: 4.106: Application time: 0.0050196 seconds
2024-07-27T21:37:20.878+0800: 4.107: Total time for which application threads were stopped: 0.0001037 seconds, Stopping threads took: 0.0000353 seconds
2024-07-27T21:37:20.991+0800: 4.220: Application time: 0.1133560 seconds
2024-07-27T21:37:20.991+0800: 4.220: [GC (Allocation Failure) 2024-07-27T21:37:20.991+0800: 4.220: [ParNew: 77168K->8192K(78656K), 0.0119930 secs] 294911K->294543K(535432K), 0.0120536 secs] [Times: user=0.00 sys=0.00, real=0.01 secs] 
2024-07-27T21:37:21.003+0800: 4.232: Total time for which application threads were stopped: 0.0121626 seconds, Stopping threads took: 0.0000183 seconds
2024-07-27T21:37:21.115+0800: 4.344: Application time: 0.1114491 seconds
2024-07-27T21:37:21.115+0800: 4.344: [GC (Allocation Failure) 2024-07-27T21:37:21.115+0800: 4.344: [ParNew: 77168K->8192K(78656K), 0.0033609 secs] 363520K->301711K(535432K), 0.0034180 secs] [Times: user=0.00 sys=0.00, real=0.00 secs] 
2024-07-27T21:37:21.118+0800: 4.347: Total time for which application threads were stopped: 0.0035379 seconds, Stopping threads took: 0.0000201 seconds
2024-07-27T21:37:21.119+0800: 4.347: [CMS-concurrent-abortable-preclean: 0.006/0.243 secs] [Times: user=0.08 sys=0.00, real=0.24 secs] 
2024-07-27T21:37:21.119+0800: 4.347: Application time: 0.0003767 seconds
2024-07-27T21:37:21.119+0800: 4.348: [GC (CMS Final Remark) [YG occupancy: 14703 K (78656 K)]2024-07-27T21:37:21.119+0800: 4.348: [Rescan (parallel) , 0.0009832 secs]2024-07-27T21:37:21.119+0800: 4.349: [weak refs processing, 0.0000127 secs]2024-07-27T21:37:21.119+0800: 4.349: [class unloading, 0.0001833 secs]2024-07-27T21:37:21.120+0800: 4.349: [scrub symbol table, 0.0003418 secs]2024-07-27T21:37:21.120+0800: 4.349: [scrub string table, 0.0000988 secs][1 CMS-remark: 293519K(456776K)] 308223K(535432K), 0.0016828 secs] [Times: user=0.00 sys=0.00, real=0.00 secs] 
2024-07-27T21:37:21.120+0800: 4.349: Total time for which application threads were stopped: 0.0017654 seconds, Stopping threads took: 0.0000480 seconds
2024-07-27T21:37:21.120+0800: 4.350: [CMS-concurrent-sweep-start]
2024-07-27T21:37:21.122+0800: 4.351: [CMS-concurrent-sweep: 0.001/0.001 secs] [Times: user=0.00 sys=0.00, real=0.00 secs] 
2024-07-27T21:37:21.122+0800: 4.351: [CMS-concurrent-reset-start]
2024-07-27T21:37:21.123+0800: 4.352: [CMS-concurrent-reset: 0.001/0.001 secs] [Times: user=0.00 sys=0.00, real=0.00 secs] 
2024-07-27T21:37:21.125+0800: 4.354: Application time: 0.0046204 seconds
2024-07-27T21:37:21.125+0800: 4.354: [GC (Allocation Failure) 2024-07-27T21:37:21.125+0800: 4.354: [ParNew: 77168K->8192K(78656K), 0.0124427 secs] 228350K->227982K(535432K), 0.0124906 secs] [Times: user=0.03 sys=0.00, real=0.01 secs] 
2024-07-27T21:37:21.138+0800: 4.366: Total time for which application threads were stopped: 0.0125943 seconds, Stopping threads took: 0.0000128 seconds
2024-07-27T21:37:21.138+0800: 4.367: Application time: 0.0002656 seconds
2024-07-27T21:37:21.138+0800: 4.367: [GC (CMS Initial Mark) [1 CMS-initial-mark: 219790K(456776K)] 231422K(535432K), 0.0007474 secs] [Times: user=0.00 sys=0.00, real=0.00 secs] 
2024-07-27T21:37:21.138+0800: 4.368: Total time for which application threads were stopped: 0.0008767 seconds, Stopping threads took: 0.0000847 seconds
2024-07-27T21:37:21.139+0800: 4.368: [CMS-concurrent-mark-start]
2024-07-27T21:37:21.140+0800: 4.369: [CMS-concurrent-mark: 0.002/0.002 secs] [Times: user=0.00 sys=0.00, real=0.00 secs] 
2024-07-27T21:37:21.140+0800: 4.369: [CMS-concurrent-preclean-start]
2024-07-27T21:37:21.141+0800: 4.370: [CMS-concurrent-preclean: 0.001/0.001 secs] [Times: user=0.00 sys=0.00, real=0.00 secs] 
2024-07-27T21:37:21.141+0800: 4.370: [CMS-concurrent-abortable-preclean-start]
2024-07-27T21:37:21.257+0800: 4.486: Application time: 0.1185898 seconds
2024-07-27T21:37:21.257+0800: 4.486: [GC (Allocation Failure) 2024-07-27T21:37:21.257+0800: 4.486: [ParNew: 77168K->8192K(78656K), 0.0122051 secs] 296959K->296591K(535432K), 0.0122659 secs] [Times: user=0.02 sys=0.00, real=0.01 secs] 
2024-07-27T21:37:21.270+0800: 4.499: Total time for which application threads were stopped: 0.0123799 seconds, Stopping threads took: 0.0000196 seconds
2024-07-27T21:37:21.380+0800: 4.610: Application time: 0.1112100 seconds
2024-07-27T21:37:21.381+0800: 4.610: [GC (Allocation Failure) 2024-07-27T21:37:21.381+0800: 4.610: [ParNew: 77168K->8192K(78656K), 0.0037060 secs] 365568K->304784K(535432K), 0.0037670 secs] [Times: user=0.00 sys=0.00, real=0.00 secs] 
2024-07-27T21:37:21.384+0800: 4.614: Total time for which application threads were stopped: 0.0038785 seconds, Stopping threads took: 0.0000243 seconds
2024-07-27T21:37:21.384+0800: 4.614: [CMS-concurrent-abortable-preclean: 0.005/0.244 secs] [Times: user=0.05 sys=0.00, real=0.24 secs] 
2024-07-27T21:37:21.385+0800: 4.614: Application time: 0.0003966 seconds
2024-07-27T21:37:21.385+0800: 4.614: [GC (CMS Final Remark) [YG occupancy: 13679 K (78656 K)]2024-07-27T21:37:21.385+0800: 4.614: [Rescan (parallel) , 0.0009298 secs]2024-07-27T21:37:21.386+0800: 4.615: [weak refs processing, 0.0000123 secs]2024-07-27T21:37:21.386+0800: 4.615: [class unloading, 0.0001812 secs]2024-07-27T21:37:21.386+0800: 4.615: [scrub symbol table, 0.0003477 secs]2024-07-27T21:37:21.386+0800: 4.616: [scrub string table, 0.0001122 secs][1 CMS-remark: 296591K(456776K)] 310271K(535432K), 0.0016464 secs] [Times: user=0.00 sys=0.00, real=0.00 secs] 
2024-07-27T21:37:21.386+0800: 4.616: Total time for which application threads were stopped: 0.0018296 seconds, Stopping threads took: 0.0001479 seconds
2024-07-27T21:37:21.387+0800: 4.616: [CMS-concurrent-sweep-start]
2024-07-27T21:37:21.388+0800: 4.618: [CMS-concurrent-sweep: 0.002/0.002 secs] [Times: user=0.00 sys=0.00, real=0.00 secs] 
2024-07-27T21:37:21.388+0800: 4.618: [CMS-concurrent-reset-start]
2024-07-27T21:37:21.390+0800: 4.619: [CMS-concurrent-reset: 0.001/0.001 secs] [Times: user=0.00 sys=0.00, real=0.00 secs] 
2024-07-27T21:37:21.391+0800: 4.621: Application time: 0.0046825 seconds
2024-07-27T21:37:21.391+0800: 4.621: [GC (Allocation Failure) 2024-07-27T21:37:21.391+0800: 4.621: [ParNew: 77168K->8192K(78656K), 0.0119068 secs] 230398K->230030K(535432K), 0.0119553 secs] [Times: user=0.03 sys=0.00, real=0.01 secs] 
2024-07-27T21:37:21.403+0800: 4.633: Total time for which application threads were stopped: 0.0120486 seconds, Stopping threads took: 0.0000122 seconds
2024-07-27T21:37:21.403+0800: 4.633: Application time: 0.0001180 seconds
2024-07-27T21:37:21.404+0800: 4.633: [GC (CMS Initial Mark) [1 CMS-initial-mark: 221838K(456776K)] 233470K(535432K), 0.0008692 secs] [Times: user=0.00 sys=0.00, real=0.00 secs] 
2024-07-27T21:37:21.405+0800: 4.634: Total time for which application threads were stopped: 0.0010872 seconds, Stopping threads took: 0.0001765 seconds
2024-07-27T21:37:21.405+0800: 4.634: [CMS-concurrent-mark-start]
2024-07-27T21:37:21.406+0800: 4.636: [CMS-concurrent-mark: 0.002/0.002 secs] [Times: user=0.00 sys=0.00, real=0.00 secs] 
2024-07-27T21:37:21.406+0800: 4.636: [CMS-concurrent-preclean-start]
2024-07-27T21:37:21.407+0800: 4.636: [CMS-concurrent-preclean: 0.001/0.001 secs] [Times: user=0.00 sys=0.00, real=0.00 secs] 
2024-07-27T21:37:21.407+0800: 4.636: [CMS-concurrent-abortable-preclean-start]
2024-07-27T21:37:21.524+0800: 4.753: Application time: 0.1195009 seconds
2024-07-27T21:37:21.524+0800: 4.753: [GC (Allocation Failure) 2024-07-27T21:37:21.525+0800: 4.753: [ParNew: 77168K->8192K(78656K), 0.0115884 secs] 299007K->298639K(535432K), 0.0116497 secs] [Times: user=0.03 sys=0.00, real=0.01 secs] 
2024-07-27T21:37:21.536+0800: 4.765: Total time for which application threads were stopped: 0.0117577 seconds, Stopping threads took: 0.0000195 seconds
2024-07-27T21:37:21.648+0800: 4.877: Application time: 0.1119056 seconds
2024-07-27T21:37:21.648+0800: 4.877: [GC (Allocation Failure) 2024-07-27T21:37:21.648+0800: 4.877: [ParNew: 77168K->8192K(78656K), 0.0034861 secs] 367616K->307856K(535432K), 0.0035431 secs] [Times: user=0.00 sys=0.00, real=0.00 secs] 
2024-07-27T21:37:21.651+0800: 4.881: Total time for which application threads were stopped: 0.0036626 seconds, Stopping threads took: 0.0000205 seconds
2024-07-27T21:37:21.651+0800: 4.881: [CMS-concurrent-abortable-preclean: 0.005/0.244 secs] [Times: user=0.03 sys=0.00, real=0.24 secs] 
2024-07-27T21:37:21.652+0800: 4.881: Application time: 0.0002731 seconds
2024-07-27T21:37:21.652+0800: 4.881: [GC (CMS Final Remark) [YG occupancy: 11631 K (78656 K)]2024-07-27T21:37:21.652+0800: 4.881: [Rescan (parallel) , 0.0008597 secs]2024-07-27T21:37:21.653+0800: 4.882: [weak refs processing, 0.0000127 secs]2024-07-27T21:37:21.653+0800: 4.882: [class unloading, 0.0001937 secs]2024-07-27T21:37:21.653+0800: 4.882: [scrub symbol table, 0.0003423 secs]2024-07-27T21:37:21.653+0800: 4.883: [scrub string table, 0.0001100 secs][1 CMS-remark: 299663K(456776K)] 311295K(535432K), 0.0015833 secs] [Times: user=0.00 sys=0.00, real=0.00 secs] 
2024-07-27T21:37:21.654+0800: 4.883: Total time for which application threads were stopped: 0.0017435 seconds, Stopping threads took: 0.0001251 seconds
2024-07-27T21:37:21.654+0800: 4.883: [CMS-concurrent-sweep-start]
2024-07-27T21:37:21.655+0800: 4.884: [CMS-concurrent-sweep: 0.001/0.001 secs] [Times: user=0.00 sys=0.00, real=0.00 secs] 
2024-07-27T21:37:21.655+0800: 4.885: [CMS-concurrent-reset-start]
2024-07-27T21:37:21.656+0800: 4.886: [CMS-concurrent-reset: 0.001/0.001 secs] [Times: user=0.00 sys=0.00, real=0.00 secs] 
2024-07-27T21:37:21.659+0800: 4.888: Application time: 0.0049126 seconds
2024-07-27T21:37:21.659+0800: 4.888: [GC (Allocation Failure) 2024-07-27T21:37:21.659+0800: 4.888: [ParNew: 77168K->8192K(78656K), 0.0120796 secs] 232446K->232078K(535432K), 0.0121276 secs] [Times: user=0.03 sys=0.00, real=0.01 secs] 
2024-07-27T21:37:21.671+0800: 4.900: Total time for which application threads were stopped: 0.0122302 seconds, Stopping threads took: 0.0000126 seconds
2024-07-27T21:37:21.671+0800: 4.900: Application time: 0.0002366 seconds
2024-07-27T21:37:21.671+0800: 4.900: [GC (CMS Initial Mark) [1 CMS-initial-mark: 223886K(456776K)] 235518K(535432K), 0.0008444 secs] [Times: user=0.00 sys=0.00, real=0.00 secs] 
2024-07-27T21:37:21.672+0800: 4.901: Total time for which application threads were stopped: 0.0009629 seconds, Stopping threads took: 0.0000776 seconds
2024-07-27T21:37:21.672+0800: 4.901: [CMS-concurrent-mark-start]
2024-07-27T21:37:21.674+0800: 4.903: [CMS-concurrent-mark: 0.002/0.002 secs] [Times: user=0.00 sys=0.00, real=0.00 secs] 
2024-07-27T21:37:21.674+0800: 4.903: [CMS-concurrent-preclean-start]
2024-07-27T21:37:21.674+0800: 4.903: [CMS-concurrent-preclean: 0.001/0.001 secs] [Times: user=0.00 sys=0.00, real=0.00 secs] 
2024-07-27T21:37:21.674+0800: 4.903: [CMS-concurrent-abortable-preclean-start]
2024-07-27T21:37:21.791+0800: 5.020: Application time: 0.1189096 seconds
2024-07-27T21:37:21.791+0800: 5.020: [GC (Allocation Failure) 2024-07-27T21:37:21.791+0800: 5.020: [ParNew: 77168K->8192K(78656K), 0.0123245 secs] 301055K->300687K(535432K), 0.0123912 secs] [Times: user=0.03 sys=0.00, real=0.01 secs] 
2024-07-27T21:37:21.804+0800: 5.033: Total time for which application threads were stopped: 0.0125187 seconds, Stopping threads took: 0.0000206 seconds
2024-07-27T21:37:21.914+0800: 5.143: Application time: 0.1107841 seconds
2024-07-27T21:37:21.915+0800: 5.143: [GC (Allocation Failure) 2024-07-27T21:37:21.915+0800: 5.143: [ParNew: 77168K->8192K(78656K), 0.0038801 secs] 369664K->310928K(535432K), 0.0039397 secs] [Times: user=0.00 sys=0.00, real=0.00 secs] 
2024-07-27T21:37:21.919+0800: 5.147: Total time for which application threads were stopped: 0.0040710 seconds, Stopping threads took: 0.0000196 seconds
2024-07-27T21:37:21.919+0800: 5.147: [CMS-concurrent-abortable-preclean: 0.005/0.244 secs] [Times: user=0.03 sys=0.00, real=0.24 secs] 
2024-07-27T21:37:21.919+0800: 5.148: Application time: 0.0002879 seconds
2024-07-27T21:37:21.919+0800: 5.148: [GC (CMS Final Remark) [YG occupancy: 11631 K (78656 K)]2024-07-27T21:37:21.919+0800: 5.148: [Rescan (parallel) , 0.0009081 secs]2024-07-27T21:37:21.920+0800: 5.149: [weak refs processing, 0.0000124 secs]2024-07-27T21:37:21.920+0800: 5.149: [class unloading, 0.0001797 secs]2024-07-27T21:37:21.920+0800: 5.149: [scrub symbol table, 0.0003435 secs]2024-07-27T21:37:21.920+0800: 5.149: [scrub string table, 0.0001165 secs][1 CMS-remark: 302735K(456776K)] 314367K(535432K), 0.0016270 secs] [Times: user=0.00 sys=0.00, real=0.00 secs] 
2024-07-27T21:37:21.921+0800: 5.149: Total time for which application threads were stopped: 0.0017889 seconds, Stopping threads took: 0.0001236 seconds
2024-07-27T21:37:21.921+0800: 5.150: [CMS-concurrent-sweep-start]
2024-07-27T21:37:21.922+0800: 5.151: [CMS-concurrent-sweep: 0.001/0.001 secs] [Times: user=0.00 sys=0.00, real=0.00 secs] 
2024-07-27T21:37:21.922+0800: 5.151: [CMS-concurrent-reset-start]
2024-07-27T21:37:21.923+0800: 5.152: [CMS-concurrent-reset: 0.001/0.001 secs] [Times: user=0.00 sys=0.00, real=0.00 secs] 
2024-07-27T21:37:21.925+0800: 5.154: Application time: 0.0047877 seconds
2024-07-27T21:37:21.925+0800: 5.154: [GC (Allocation Failure) 2024-07-27T21:37:21.925+0800: 5.154: [ParNew: 77168K->8192K(78656K), 0.0122314 secs] 234494K->234126K(535432K), 0.0122799 secs] [Times: user=0.03 sys=0.00, real=0.01 secs] 
2024-07-27T21:37:21.938+0800: 5.167: Total time for which application threads were stopped: 0.0123732 seconds, Stopping threads took: 0.0000121 seconds
2024-07-27T21:37:21.938+0800: 5.167: Application time: 0.0002378 seconds
2024-07-27T21:37:21.938+0800: 5.167: [GC (CMS Initial Mark) [1 CMS-initial-mark: 225934K(456776K)] 237566K(535432K), 0.0008645 secs] [Times: user=0.00 sys=0.00, real=0.00 secs] 
2024-07-27T21:37:21.939+0800: 5.168: Total time for which application threads were stopped: 0.0009829 seconds, Stopping threads took: 0.0000775 seconds
2024-07-27T21:37:21.939+0800: 5.168: [CMS-concurrent-mark-start]
2024-07-27T21:37:21.940+0800: 5.169: [CMS-concurrent-mark: 0.001/0.001 secs] [Times: user=0.00 sys=0.00, real=0.00 secs] 
2024-07-27T21:37:21.940+0800: 5.169: [CMS-concurrent-preclean-start]
2024-07-27T21:37:21.941+0800: 5.170: [CMS-concurrent-preclean: 0.001/0.001 secs] [Times: user=0.00 sys=0.00, real=0.00 secs] 
2024-07-27T21:37:21.941+0800: 5.170: [CMS-concurrent-abortable-preclean-start]
2024-07-27T21:37:22.058+0800: 5.287: Application time: 0.1195384 seconds
2024-07-27T21:37:22.058+0800: 5.287: [GC (Allocation Failure) 2024-07-27T21:37:22.058+0800: 5.287: [ParNew: 77168K->8192K(78656K), 0.0117671 secs] 303103K->302735K(535432K), 0.0118400 secs] [Times: user=0.03 sys=0.00, real=0.01 secs] 
2024-07-27T21:37:22.071+0800: 5.299: Total time for which application threads were stopped: 0.0119521 seconds, Stopping threads took: 0.0000187 seconds
2024-07-27T21:37:22.181+0800: 5.410: Application time: 0.1103310 seconds
2024-07-27T21:37:22.181+0800: 5.410: [GC (Allocation Failure) 2024-07-27T21:37:22.181+0800: 5.410: [ParNew: 77168K->8192K(78656K), 0.0040476 secs] 371712K->314000K(535432K), 0.0041053 secs] [Times: user=0.00 sys=0.00, real=0.00 secs] 
2024-07-27T21:37:22.185+0800: 5.414: Total time for which application threads were stopped: 0.0042279 seconds, Stopping threads took: 0.0000343 seconds
2024-07-27T21:37:22.185+0800: 5.414: [CMS-concurrent-abortable-preclean: 0.005/0.244 secs] [Times: user=0.03 sys=0.00, real=0.24 secs] 
2024-07-27T21:37:22.185+0800: 5.414: Application time: 0.0002926 seconds
2024-07-27T21:37:22.185+0800: 5.414: [GC (CMS Final Remark) [YG occupancy: 12655 K (78656 K)]2024-07-27T21:37:22.185+0800: 5.414: [Rescan (parallel) , 0.0009411 secs]2024-07-27T21:37:22.186+0800: 5.415: [weak refs processing, 0.0000126 secs]2024-07-27T21:37:22.186+0800: 5.415: [class unloading, 0.0001741 secs]2024-07-27T21:37:22.186+0800: 5.416: [scrub symbol table, 0.0003295 secs]2024-07-27T21:37:22.187+0800: 5.416: [scrub string table, 0.0001033 secs][1 CMS-remark: 305808K(456776K)] 318463K(535432K), 0.0016233 secs] [Times: user=0.00 sys=0.00, real=0.00 secs] 
2024-07-27T21:37:22.187+0800: 5.416: Total time for which application threads were stopped: 0.0017961 seconds, Stopping threads took: 0.0001379 seconds
2024-07-27T21:37:22.187+0800: 5.416: [CMS-concurrent-sweep-start]
2024-07-27T21:37:22.189+0800: 5.418: [CMS-concurrent-sweep: 0.001/0.001 secs] [Times: user=0.00 sys=0.00, real=0.00 secs] 
2024-07-27T21:37:22.189+0800: 5.418: [CMS-concurrent-reset-start]
2024-07-27T21:37:22.190+0800: 5.419: [CMS-concurrent-reset: 0.001/0.001 secs] [Times: user=0.00 sys=0.00, real=0.00 secs] 
2024-07-27T21:37:22.192+0800: 5.421: Application time: 0.0047251 seconds
2024-07-27T21:37:22.192+0800: 5.421: [GC (Allocation Failure) 2024-07-27T21:37:22.192+0800: 5.421: [ParNew: 77168K->8192K(78656K), 0.0118912 secs] 236542K->236174K(535432K), 0.0119435 secs] [Times: user=0.00 sys=0.00, real=0.01 secs] 
2024-07-27T21:37:22.204+0800: 5.433: Total time for which application threads were stopped: 0.0120353 seconds, Stopping threads took: 0.0000119 seconds
2024-07-27T21:37:22.204+0800: 5.433: Application time: 0.0002417 seconds
2024-07-27T21:37:22.204+0800: 5.433: [GC (CMS Initial Mark) [1 CMS-initial-mark: 227982K(456776K)] 239614K(535432K), 0.0008278 secs] [Times: user=0.00 sys=0.00, real=0.00 secs] 
2024-07-27T21:37:22.205+0800: 5.434: Total time for which application threads were stopped: 0.0010120 seconds, Stopping threads took: 0.0001419 seconds
2024-07-27T21:37:22.205+0800: 5.434: [CMS-concurrent-mark-start]
2024-07-27T21:37:22.206+0800: 5.436: [CMS-concurrent-mark: 0.001/0.001 secs] [Times: user=0.00 sys=0.00, real=0.00 secs] 
2024-07-27T21:37:22.206+0800: 5.436: [CMS-concurrent-preclean-start]
2024-07-27T21:37:22.207+0800: 5.436: [CMS-concurrent-preclean: 0.001/0.001 secs] [Times: user=0.00 sys=0.00, real=0.00 secs] 
2024-07-27T21:37:22.207+0800: 5.436: [CMS-concurrent-abortable-preclean-start]
2024-07-27T21:37:22.324+0800: 5.553: Application time: 0.1193021 seconds
2024-07-27T21:37:22.325+0800: 5.553: [GC (Allocation Failure) 2024-07-27T21:37:22.325+0800: 5.553: [ParNew: 77168K->8192K(78656K), 0.0121751 secs] 305151K->304784K(535432K), 0.0122453 secs] [Times: user=0.03 sys=0.00, real=0.01 secs] 
2024-07-27T21:37:22.337+0800: 5.566: Total time for which application threads were stopped: 0.0123581 seconds, Stopping threads took: 0.0000227 seconds
2024-07-27T21:37:22.447+0800: 5.677: Application time: 0.1112580 seconds
2024-07-27T21:37:22.448+0800: 5.677: [GC (Allocation Failure) 2024-07-27T21:37:22.448+0800: 5.677: [ParNew: 77168K->8192K(78656K), 0.0040270 secs] 373760K->317072K(535432K), 0.0040850 secs] [Times: user=0.00 sys=0.00, real=0.00 secs] 
2024-07-27T21:37:22.452+0800: 5.681: Total time for which application threads were stopped: 0.0041917 seconds, Stopping threads took: 0.0000192 seconds
2024-07-27T21:37:22.452+0800: 5.681: [CMS-concurrent-abortable-preclean: 0.005/0.245 secs] [Times: user=0.05 sys=0.00, real=0.24 secs] 
2024-07-27T21:37:22.453+0800: 5.681: Application time: 0.0003132 seconds
2024-07-27T21:37:22.453+0800: 5.682: [GC (CMS Final Remark) [YG occupancy: 12655 K (78656 K)]2024-07-27T21:37:22.453+0800: 5.682: [Rescan (parallel) , 0.0009485 secs]2024-07-27T21:37:22.453+0800: 5.683: [weak refs processing, 0.0000127 secs]2024-07-27T21:37:22.453+0800: 5.683: [class unloading, 0.0001833 secs]2024-07-27T21:37:22.453+0800: 5.683: [scrub symbol table, 0.0003537 secs]2024-07-27T21:37:22.454+0800: 5.683: [scrub string table, 0.0000994 secs][1 CMS-remark: 308880K(456776K)] 321535K(535432K), 0.0016613 secs] [Times: user=0.00 sys=0.00, real=0.00 secs] 
2024-07-27T21:37:22.454+0800: 5.683: Total time for which application threads were stopped: 0.0017892 seconds, Stopping threads took: 0.0000865 seconds
2024-07-27T21:37:22.454+0800: 5.683: [CMS-concurrent-sweep-start]
2024-07-27T21:37:22.456+0800: 5.685: [CMS-concurrent-sweep: 0.002/0.002 secs] [Times: user=0.00 sys=0.00, real=0.00 secs] 
2024-07-27T21:37:22.456+0800: 5.685: [CMS-concurrent-reset-start]
2024-07-27T21:37:22.457+0800: 5.687: [CMS-concurrent-reset: 0.001/0.001 secs] [Times: user=0.03 sys=0.00, real=0.00 secs] 
2024-07-27T21:37:22.459+0800: 5.688: Application time: 0.0048386 seconds
2024-07-27T21:37:22.459+0800: 5.688: [GC (Allocation Failure) 2024-07-27T21:37:22.459+0800: 5.688: [ParNew: 77168K->8192K(78656K), 0.0121320 secs] 238590K->238223K(535432K), 0.0121791 secs] [Times: user=0.00 sys=0.00, real=0.01 secs] 
2024-07-27T21:37:22.471+0800: 5.700: Total time for which application threads were stopped: 0.0122735 seconds, Stopping threads took: 0.0000133 seconds
2024-07-27T21:37:22.472+0800: 5.701: Application time: 0.0002663 seconds
2024-07-27T21:37:22.472+0800: 5.701: [GC (CMS Initial Mark) [1 CMS-initial-mark: 230030K(456776K)] 241662K(535432K), 0.0008818 secs] [Times: user=0.00 sys=0.00, real=0.00 secs] 
2024-07-27T21:37:22.473+0800: 5.702: Total time for which application threads were stopped: 0.0009997 seconds, Stopping threads took: 0.0000738 seconds
2024-07-27T21:37:22.473+0800: 5.702: [CMS-concurrent-mark-start]
2024-07-27T21:37:22.474+0800: 5.703: [CMS-concurrent-mark: 0.001/0.001 secs] [Times: user=0.00 sys=0.00, real=0.00 secs] 
2024-07-27T21:37:22.474+0800: 5.703: [CMS-concurrent-preclean-start]
2024-07-27T21:37:22.475+0800: 5.704: [CMS-concurrent-preclean: 0.001/0.001 secs] [Times: user=0.00 sys=0.00, real=0.00 secs] 
2024-07-27T21:37:22.475+0800: 5.704: [CMS-concurrent-abortable-preclean-start]
2024-07-27T21:37:22.593+0800: 5.822: Application time: 0.1200298 seconds
2024-07-27T21:37:22.593+0800: 5.822: [GC (Allocation Failure) 2024-07-27T21:37:22.593+0800: 5.822: [ParNew: 77168K->8192K(78656K), 0.0118245 secs] 307199K->306832K(535432K), 0.0118830 secs] [Times: user=0.03 sys=0.00, real=0.01 secs] 
2024-07-27T21:37:22.605+0800: 5.834: Total time for which application threads were stopped: 0.0119898 seconds, Stopping threads took: 0.0000191 seconds
2024-07-27T21:37:22.717+0800: 5.946: Application time: 0.1119097 seconds
2024-07-27T21:37:22.717+0800: 5.946: [GC (Allocation Failure) 2024-07-27T21:37:22.717+0800: 5.946: [ParNew: 77168K->8192K(78656K), 0.0041552 secs] 375808K->320144K(535432K), 0.0042127 secs] [Times: user=0.00 sys=0.00, real=0.00 secs] 
2024-07-27T21:37:22.721+0800: 5.950: Total time for which application threads were stopped: 0.0043225 seconds, Stopping threads took: 0.0000212 seconds
2024-07-27T21:37:22.721+0800: 5.950: [CMS-concurrent-abortable-preclean: 0.005/0.246 secs] [Times: user=0.03 sys=0.00, real=0.25 secs] 
2024-07-27T21:37:22.721+0800: 5.950: Application time: 0.0002881 seconds
2024-07-27T21:37:22.721+0800: 5.950: [GC (CMS Final Remark) [YG occupancy: 13679 K (78656 K)]2024-07-27T21:37:22.721+0800: 5.950: [Rescan (parallel) , 0.0007618 secs]2024-07-27T21:37:22.722+0800: 5.951: [weak refs processing, 0.0000126 secs]2024-07-27T21:37:22.722+0800: 5.951: [class unloading, 0.0002006 secs]2024-07-27T21:37:22.723+0800: 5.951: [scrub symbol table, 0.0003450 secs]2024-07-27T21:37:22.723+0800: 5.952: [scrub string table, 0.0000999 secs][1 CMS-remark: 311952K(456776K)] 325631K(535432K), 0.0014808 secs] [Times: user=0.00 sys=0.00, real=0.00 secs] 
2024-07-27T21:37:22.723+0800: 5.952: Total time for which application threads were stopped: 0.0015983 seconds, Stopping threads took: 0.0000832 seconds
2024-07-27T21:37:22.723+0800: 5.952: [CMS-concurrent-sweep-start]
2024-07-27T21:37:22.725+0800: 5.954: [CMS-concurrent-sweep: 0.001/0.001 secs] [Times: user=0.03 sys=0.00, real=0.00 secs] 
2024-07-27T21:37:22.725+0800: 5.954: [CMS-concurrent-reset-start]
2024-07-27T21:37:22.726+0800: 5.955: [CMS-concurrent-reset: 0.001/0.001 secs] [Times: user=0.00 sys=0.00, real=0.00 secs] 
2024-07-27T21:37:22.728+0800: 5.957: Application time: 0.0048154 seconds
2024-07-27T21:37:22.728+0800: 5.957: [GC (Allocation Failure) 2024-07-27T21:37:22.728+0800: 5.957: [ParNew: 77168K->8192K(78656K), 0.0120054 secs] 240638K->240271K(535432K), 0.0120541 secs] [Times: user=0.03 sys=0.00, real=0.01 secs] 
2024-07-27T21:37:22.740+0800: 5.969: Total time for which application threads were stopped: 0.0121477 seconds, Stopping threads took: 0.0000126 seconds
2024-07-27T21:37:22.740+0800: 5.969: Application time: 0.0002334 seconds
2024-07-27T21:37:22.740+0800: 5.969: [GC (CMS Initial Mark) [1 CMS-initial-mark: 232078K(456776K)] 243710K(535432K), 0.0007320 secs] [Times: user=0.00 sys=0.00, real=0.00 secs] 
2024-07-27T21:37:22.741+0800: 5.970: Total time for which application threads were stopped: 0.0008526 seconds, Stopping threads took: 0.0000799 seconds
2024-07-27T21:37:22.741+0800: 5.970: [CMS-concurrent-mark-start]
2024-07-27T21:37:22.742+0800: 5.971: [CMS-concurrent-mark: 0.001/0.001 secs] [Times: user=0.00 sys=0.00, real=0.00 secs] 
2024-07-27T21:37:22.742+0800: 5.971: [CMS-concurrent-preclean-start]
2024-07-27T21:37:22.743+0800: 5.972: [CMS-concurrent-preclean: 0.001/0.001 secs] [Times: user=0.00 sys=0.00, real=0.00 secs] 
2024-07-27T21:37:22.743+0800: 5.972: [CMS-concurrent-abortable-preclean-start]
2024-07-27T21:37:22.861+0800: 6.089: Application time: 0.1194640 seconds
2024-07-27T21:37:22.861+0800: 6.089: [GC (Allocation Failure) 2024-07-27T21:37:22.861+0800: 6.089: [ParNew: 77168K->8192K(78656K), 0.0118514 secs] 309247K->308880K(535432K), 0.0119098 secs] [Times: user=0.03 sys=0.00, real=0.01 secs] 
2024-07-27T21:37:22.873+0800: 6.101: Total time for which application threads were stopped: 0.0120176 seconds, Stopping threads took: 0.0000192 seconds
2024-07-27T21:37:22.985+0800: 6.214: Application time: 0.1122015 seconds
2024-07-27T21:37:22.985+0800: 6.214: [GC (Allocation Failure) 2024-07-27T21:37:22.985+0800: 6.214: [ParNew: 77168K->8192K(78656K), 0.0043797 secs] 377856K->323216K(535432K), 0.0044386 secs] [Times: user=0.00 sys=0.00, real=0.00 secs] 
2024-07-27T21:37:22.989+0800: 6.218: Total time for which application threads were stopped: 0.0045459 seconds, Stopping threads took: 0.0000192 seconds
2024-07-27T21:37:22.989+0800: 6.218: [CMS-concurrent-abortable-preclean: 0.005/0.246 secs] [Times: user=0.03 sys=0.00, real=0.25 secs] 
2024-07-27T21:37:22.989+0800: 6.218: Application time: 0.0003133 seconds
2024-07-27T21:37:22.990+0800: 6.219: [GC (CMS Final Remark) [YG occupancy: 12655 K (78656 K)]2024-07-27T21:37:22.990+0800: 6.219: [Rescan (parallel) , 0.0009329 secs]2024-07-27T21:37:22.991+0800: 6.220: [weak refs processing, 0.0000130 secs]2024-07-27T21:37:22.991+0800: 6.220: [class unloading, 0.0002010 secs]2024-07-27T21:37:22.991+0800: 6.220: [scrub symbol table, 0.0003418 secs]2024-07-27T21:37:22.991+0800: 6.220: [scrub string table, 0.0000997 secs][1 CMS-remark: 315024K(456776K)] 327679K(535432K), 0.0016516 secs] [Times: user=0.00 sys=0.00, real=0.00 secs] 
2024-07-27T21:37:22.991+0800: 6.220: Total time for which application threads were stopped: 0.0018316 seconds, Stopping threads took: 0.0001441 seconds
2024-07-27T21:37:22.992+0800: 6.220: [CMS-concurrent-sweep-start]
2024-07-27T21:37:22.993+0800: 6.222: [CMS-concurrent-sweep: 0.001/0.001 secs] [Times: user=0.00 sys=0.00, real=0.00 secs] 
2024-07-27T21:37:22.993+0800: 6.222: [CMS-concurrent-reset-start]
2024-07-27T21:37:22.994+0800: 6.223: [CMS-concurrent-reset: 0.001/0.001 secs] [Times: user=0.00 sys=0.00, real=0.00 secs] 
2024-07-27T21:37:22.996+0800: 6.225: Application time: 0.0048828 seconds
2024-07-27T21:37:22.996+0800: 6.225: [GC (Allocation Failure) 2024-07-27T21:37:22.996+0800: 6.225: [ParNew: 77168K->8192K(78656K), 0.0122352 secs] 242686K->242319K(535432K), 0.0122834 secs] [Times: user=0.03 sys=0.00, real=0.01 secs] 
2024-07-27T21:37:23.008+0800: 6.238: Total time for which application threads were stopped: 0.0123768 seconds, Stopping threads took: 0.0000125 seconds
2024-07-27T21:37:23.009+0800: 6.238: Application time: 0.0001609 seconds
2024-07-27T21:37:23.009+0800: 6.238: [GC (CMS Initial Mark) [1 CMS-initial-mark: 234126K(456776K)] 245758K(535432K), 0.0008008 secs] [Times: user=0.00 sys=0.00, real=0.00 secs] 
2024-07-27T21:37:23.010+0800: 6.239: Total time for which application threads were stopped: 0.0010158 seconds, Stopping threads took: 0.0001732 seconds
2024-07-27T21:37:23.010+0800: 6.239: [CMS-concurrent-mark-start]
2024-07-27T21:37:23.011+0800: 6.240: [CMS-concurrent-mark: 0.001/0.001 secs] [Times: user=0.00 sys=0.00, real=0.00 secs] 
2024-07-27T21:37:23.011+0800: 6.240: [CMS-concurrent-preclean-start]
2024-07-27T21:37:23.012+0800: 6.241: [CMS-concurrent-preclean: 0.001/0.001 secs] [Times: user=0.00 sys=0.00, real=0.00 secs] 
2024-07-27T21:37:23.012+0800: 6.241: [CMS-concurrent-abortable-preclean-start]
2024-07-27T21:37:23.128+0800: 6.357: Application time: 0.1187101 seconds
2024-07-27T21:37:23.128+0800: 6.357: [GC (Allocation Failure) 2024-07-27T21:37:23.128+0800: 6.358: [ParNew: 77168K->8192K(78656K), 0.0116221 secs] 311295K->310928K(535432K), 0.0117345 secs] [Times: user=0.13 sys=0.00, real=0.01 secs] 
2024-07-27T21:37:23.141+0800: 6.369: Total time for which application threads were stopped: 0.0118575 seconds, Stopping threads took: 0.0000192 seconds
2024-07-27T21:37:23.252+0800: 6.481: Application time: 0.1115985 seconds
2024-07-27T21:37:23.252+0800: 6.481: [GC (Allocation Failure) 2024-07-27T21:37:23.252+0800: 6.481: [ParNew: 77168K->8192K(78656K), 0.0046799 secs] 379904K->326288K(535432K), 0.0047388 secs] [Times: user=0.03 sys=0.00, real=0.00 secs] 
2024-07-27T21:37:23.256+0800: 6.486: Total time for which application threads were stopped: 0.0048495 seconds, Stopping threads took: 0.0000219 seconds
2024-07-27T21:37:23.256+0800: 6.486: [CMS-concurrent-abortable-preclean: 0.005/0.245 secs] [Times: user=0.16 sys=0.00, real=0.24 secs] 
2024-07-27T21:37:23.256+0800: 6.486: Application time: 0.0002931 seconds
2024-07-27T21:37:23.256+0800: 6.486: [GC (CMS Final Remark) [YG occupancy: 12655 K (78656 K)]2024-07-27T21:37:23.256+0800: 6.486: [Rescan (parallel) , 0.0006527 secs]2024-07-27T21:37:23.258+0800: 6.487: [weak refs processing, 0.0000124 secs]2024-07-27T21:37:23.258+0800: 6.487: [class unloading, 0.0001971 secs]2024-07-27T21:37:23.258+0800: 6.487: [scrub symbol table, 0.0003503 secs]2024-07-27T21:37:23.258+0800: 6.487: [scrub string table, 0.0001004 secs][1 CMS-remark: 318096K(456776K)] 330751K(535432K), 0.0013756 secs] [Times: user=0.00 sys=0.00, real=0.00 secs] 
2024-07-27T21:37:23.258+0800: 6.487: Total time for which application threads were stopped: 0.0014804 seconds, Stopping threads took: 0.0000698 seconds
2024-07-27T21:37:23.258+0800: 6.488: [CMS-concurrent-sweep-start]
2024-07-27T21:37:23.261+0800: 6.489: [CMS-concurrent-sweep: 0.001/0.001 secs] [Times: user=0.00 sys=0.00, real=0.00 secs] 
2024-07-27T21:37:23.261+0800: 6.489: [CMS-concurrent-reset-start]
2024-07-27T21:37:23.262+0800: 6.490: [CMS-concurrent-reset: 0.001/0.001 secs] [Times: user=0.00 sys=0.00, real=0.00 secs] 
2024-07-27T21:37:23.264+0800: 6.492: Application time: 0.0047389 seconds
2024-07-27T21:37:23.264+0800: 6.492: [GC (Allocation Failure) 2024-07-27T21:37:23.264+0800: 6.492: [ParNew: 77168K->8192K(78656K), 0.0120747 secs] 244734K->244367K(535432K), 0.0121234 secs] [Times: user=0.03 sys=0.00, real=0.01 secs] 
2024-07-27T21:37:23.275+0800: 6.504: Total time for which application threads were stopped: 0.0122150 seconds, Stopping threads took: 0.0000124 seconds
2024-07-27T21:37:23.275+0800: 6.505: Application time: 0.0002508 seconds
2024-07-27T21:37:23.275+0800: 6.505: [GC (CMS Initial Mark) [1 CMS-initial-mark: 236174K(456776K)] 247806K(535432K), 0.0008564 secs] [Times: user=0.00 sys=0.00, real=0.00 secs] 
2024-07-27T21:37:23.277+0800: 6.506: Total time for which application threads were stopped: 0.0010632 seconds, Stopping threads took: 0.0001656 seconds
2024-07-27T21:37:23.277+0800: 6.506: [CMS-concurrent-mark-start]
2024-07-27T21:37:23.278+0800: 6.507: [CMS-concurrent-mark: 0.001/0.001 secs] [Times: user=0.00 sys=0.00, real=0.00 secs] 
2024-07-27T21:37:23.278+0800: 6.507: [CMS-concurrent-preclean-start]
2024-07-27T21:37:23.279+0800: 6.508: [CMS-concurrent-preclean: 0.001/0.001 secs] [Times: user=0.00 sys=0.00, real=0.00 secs] 
2024-07-27T21:37:23.279+0800: 6.508: [CMS-concurrent-abortable-preclean-start]
2024-07-27T21:37:23.396+0800: 6.624: Application time: 0.1186321 seconds
2024-07-27T21:37:23.396+0800: 6.624: [GC (Allocation Failure) 2024-07-27T21:37:23.396+0800: 6.624: [ParNew: 77168K->8192K(78656K), 0.0117888 secs] 313343K->312976K(535432K), 0.0118487 secs] [Times: user=0.00 sys=0.00, real=0.01 secs] 
2024-07-27T21:37:23.408+0800: 6.636: Total time for which application threads were stopped: 0.0119663 seconds, Stopping threads took: 0.0000195 seconds
2024-07-27T21:37:23.521+0800: 6.750: Application time: 0.1133695 seconds
2024-07-27T21:37:23.521+0800: 6.750: [GC (Allocation Failure) 2024-07-27T21:37:23.521+0800: 6.750: [ParNew: 77168K->8192K(78656K), 0.0045701 secs] 381952K->329360K(535432K), 0.0046324 secs] [Times: user=0.00 sys=0.00, real=0.00 secs] 
2024-07-27T21:37:23.525+0800: 6.754: Total time for which application threads were stopped: 0.0047400 seconds, Stopping threads took: 0.0000193 seconds
2024-07-27T21:37:23.525+0800: 6.755: [CMS-concurrent-abortable-preclean: 0.005/0.247 secs] [Times: user=0.03 sys=0.00, real=0.25 secs] 
2024-07-27T21:37:23.525+0800: 6.755: Application time: 0.0003745 seconds
2024-07-27T21:37:23.525+0800: 6.755: [GC (CMS Final Remark) [YG occupancy: 14703 K (78656 K)]2024-07-27T21:37:23.525+0800: 6.755: [Rescan (parallel) , 0.0008692 secs]2024-07-27T21:37:23.526+0800: 6.756: [weak refs processing, 0.0000126 secs]2024-07-27T21:37:23.526+0800: 6.756: [class unloading, 0.0001960 secs]2024-07-27T21:37:23.526+0800: 6.756: [scrub symbol table, 0.0003646 secs]2024-07-27T21:37:23.527+0800: 6.756: [scrub string table, 0.0000997 secs][1 CMS-remark: 321168K(456776K)] 335872K(535432K), 0.0016042 secs] [Times: user=0.00 sys=0.00, real=0.00 secs] 
2024-07-27T21:37:23.527+0800: 6.757: Total time for which application threads were stopped: 0.0017236 seconds, Stopping threads took: 0.0000840 seconds
2024-07-27T21:37:23.527+0800: 6.757: [CMS-concurrent-sweep-start]
2024-07-27T21:37:23.530+0800: 6.758: [CMS-concurrent-sweep: 0.002/0.002 secs] [Times: user=0.00 sys=0.00, real=0.00 secs] 
2024-07-27T21:37:23.530+0800: 6.758: [CMS-concurrent-reset-start]
2024-07-27T21:37:23.531+0800: 6.760: [CMS-concurrent-reset: 0.001/0.001 secs] [Times: user=0.00 sys=0.00, real=0.00 secs] 
2024-07-27T21:37:23.533+0800: 6.761: Application time: 0.0046281 seconds
2024-07-27T21:37:23.533+0800: 6.761: [GC (Allocation Failure) 2024-07-27T21:37:23.533+0800: 6.761: [ParNew: 77168K->8192K(78656K), 0.0122074 secs] 246782K->246415K(535432K), 0.0122552 secs] [Times: user=0.03 sys=0.00, real=0.01 secs] 
2024-07-27T21:37:23.544+0800: 6.774: Total time for which application threads were stopped: 0.0123461 seconds, Stopping threads took: 0.0000122 seconds
2024-07-27T21:37:23.544+0800: 6.774: Application time: 0.0002351 seconds
2024-07-27T21:37:23.544+0800: 6.774: [GC (CMS Initial Mark) [1 CMS-initial-mark: 238223K(456776K)] 249854K(535432K), 0.0008024 secs] [Times: user=0.00 sys=0.00, real=0.00 secs] 
2024-07-27T21:37:23.546+0800: 6.775: Total time for which application threads were stopped: 0.0009207 seconds, Stopping threads took: 0.0000772 seconds
2024-07-27T21:37:23.546+0800: 6.775: [CMS-concurrent-mark-start]
2024-07-27T21:37:23.547+0800: 6.776: [CMS-concurrent-mark: 0.001/0.001 secs] [Times: user=0.00 sys=0.00, real=0.00 secs] 
2024-07-27T21:37:23.547+0800: 6.776: [CMS-concurrent-preclean-start]
2024-07-27T21:37:23.547+0800: 6.777: [CMS-concurrent-preclean: 0.001/0.001 secs] [Times: user=0.00 sys=0.00, real=0.00 secs] 
2024-07-27T21:37:23.547+0800: 6.777: [CMS-concurrent-abortable-preclean-start]
2024-07-27T21:37:23.665+0800: 6.894: Application time: 0.1194130 seconds
2024-07-27T21:37:23.665+0800: 6.894: [GC (Allocation Failure) 2024-07-27T21:37:23.665+0800: 6.894: [ParNew: 77168K->8192K(78656K), 0.0139541 secs] 315391K->315024K(535432K), 0.0140366 secs] [Times: user=0.03 sys=0.00, real=0.02 secs] 
2024-07-27T21:37:23.680+0800: 6.908: Total time for which application threads were stopped: 0.0141938 seconds, Stopping threads took: 0.0000250 seconds
2024-07-27T21:37:23.787+0800: 7.016: Application time: 0.1080777 seconds
2024-07-27T21:37:23.787+0800: 7.016: [GC (Allocation Failure) 2024-07-27T21:37:23.787+0800: 7.017: [ParNew: 77168K->8192K(78656K), 0.0044839 secs] 384000K->332432K(535432K), 0.0045465 secs] [Times: user=0.00 sys=0.00, real=0.01 secs] 
2024-07-27T21:37:23.792+0800: 7.021: Total time for which application threads were stopped: 0.0046532 seconds, Stopping threads took: 0.0000193 seconds
2024-07-27T21:37:23.792+0800: 7.021: [CMS-concurrent-abortable-preclean: 0.006/0.244 secs] [Times: user=0.06 sys=0.00, real=0.25 secs] 
2024-07-27T21:37:23.792+0800: 7.021: Application time: 0.0003864 seconds
2024-07-27T21:37:23.792+0800: 7.022: [GC (CMS Final Remark) [YG occupancy: 14703 K (78656 K)]2024-07-27T21:37:23.792+0800: 7.022: [Rescan (parallel) , 0.0009391 secs]2024-07-27T21:37:23.793+0800: 7.023: [weak refs processing, 0.0000126 secs]2024-07-27T21:37:23.793+0800: 7.023: [class unloading, 0.0002021 secs]2024-07-27T21:37:23.793+0800: 7.023: [scrub symbol table, 0.0003491 secs]2024-07-27T21:37:23.794+0800: 7.023: [scrub string table, 0.0001123 secs][1 CMS-remark: 324240K(456776K)] 338944K(535432K), 0.0016809 secs] [Times: user=0.00 sys=0.00, real=0.00 secs] 
2024-07-27T21:37:23.794+0800: 7.023: Total time for which application threads were stopped: 0.0018661 seconds, Stopping threads took: 0.0001501 seconds
2024-07-27T21:37:23.794+0800: 7.024: [CMS-concurrent-sweep-start]
2024-07-27T21:37:23.795+0800: 7.025: [CMS-concurrent-sweep: 0.001/0.001 secs] [Times: user=0.00 sys=0.00, real=0.00 secs] 
2024-07-27T21:37:23.795+0800: 7.025: [CMS-concurrent-reset-start]
2024-07-27T21:37:23.796+0800: 7.026: [CMS-concurrent-reset: 0.001/0.001 secs] [Times: user=0.00 sys=0.00, real=0.00 secs] 
2024-07-27T21:37:23.798+0800: 7.028: Application time: 0.0047602 seconds
2024-07-27T21:37:23.799+0800: 7.028: [GC (Allocation Failure) 2024-07-27T21:37:23.799+0800: 7.028: [ParNew: 77168K->8192K(78656K), 0.0119239 secs] 248830K->248463K(535432K), 0.0119725 secs] [Times: user=0.03 sys=0.00, real=0.01 secs] 
2024-07-27T21:37:23.811+0800: 7.040: Total time for which application threads were stopped: 0.0120696 seconds, Stopping threads took: 0.0000163 seconds
2024-07-27T21:37:23.811+0800: 7.040: Application time: 0.0001757 seconds
2024-07-27T21:37:23.811+0800: 7.040: [GC (CMS Initial Mark) [1 CMS-initial-mark: 240271K(456776K)] 251902K(535432K), 0.0008244 secs] [Times: user=0.00 sys=0.00, real=0.00 secs] 
2024-07-27T21:37:23.812+0800: 7.041: Total time for which application threads were stopped: 0.0009709 seconds, Stopping threads took: 0.0001055 seconds
2024-07-27T21:37:23.812+0800: 7.041: [CMS-concurrent-mark-start]
2024-07-27T21:37:23.813+0800: 7.043: [CMS-concurrent-mark: 0.001/0.001 secs] [Times: user=0.00 sys=0.00, real=0.00 secs] 
2024-07-27T21:37:23.813+0800: 7.043: [CMS-concurrent-preclean-start]
2024-07-27T21:37:23.815+0800: 7.043: [CMS-concurrent-preclean: 0.001/0.001 secs] [Times: user=0.00 sys=0.00, real=0.00 secs] 
2024-07-27T21:37:23.815+0800: 7.043: [CMS-concurrent-abortable-preclean-start]
2024-07-27T21:37:23.931+0800: 7.160: Application time: 0.1183213 seconds
2024-07-27T21:37:23.931+0800: 7.160: [GC (Allocation Failure) 2024-07-27T21:37:23.931+0800: 7.160: [ParNew: 77168K->8202K(78656K), 0.0120677 secs] 317439K->317082K(535432K), 0.0121283 secs] [Times: user=0.03 sys=0.00, real=0.01 secs] 
2024-07-27T21:37:23.943+0800: 7.172: Total time for which application threads were stopped: 0.0122480 seconds, Stopping threads took: 0.0000295 seconds
2024-07-27T21:37:24.052+0800: 7.281: Application time: 0.1091957 seconds
2024-07-27T21:37:24.052+0800: 7.281: [GC (Allocation Failure) 2024-07-27T21:37:24.052+0800: 7.281: [ParNew: 77178K->8192K(78656K), 0.0047940 secs] 386058K->335504K(535432K), 0.0048592 secs] [Times: user=0.00 sys=0.00, real=0.00 secs] 
2024-07-27T21:37:24.056+0800: 7.286: Total time for which application threads were stopped: 0.0049825 seconds, Stopping threads took: 0.0000224 seconds
2024-07-27T21:37:24.057+0800: 7.286: [CMS-concurrent-abortable-preclean: 0.006/0.243 secs] [Times: user=0.06 sys=0.00, real=0.24 secs] 
2024-07-27T21:37:24.057+0800: 7.286: Application time: 0.0002670 seconds
2024-07-27T21:37:24.057+0800: 7.286: [GC (CMS Final Remark) [YG occupancy: 11631 K (78656 K)]2024-07-27T21:37:24.057+0800: 7.287: [Rescan (parallel) , 0.0007431 secs]2024-07-27T21:37:24.058+0800: 7.287: [weak refs processing, 0.0000127 secs]2024-07-27T21:37:24.058+0800: 7.287: [class unloading, 0.0001985 secs]2024-07-27T21:37:24.058+0800: 7.287: [scrub symbol table, 0.0003414 secs]2024-07-27T21:37:24.058+0800: 7.288: [scrub string table, 0.0000979 secs][1 CMS-remark: 327312K(456776K)] 338944K(535432K), 0.0014556 secs] [Times: user=0.00 sys=0.00, real=0.00 secs] 
2024-07-27T21:37:24.058+0800: 7.288: Total time for which application threads were stopped: 0.0016234 seconds, Stopping threads took: 0.0001255 seconds
2024-07-27T21:37:24.059+0800: 7.288: [CMS-concurrent-sweep-start]
2024-07-27T21:37:24.061+0800: 7.290: [CMS-concurrent-sweep: 0.001/0.001 secs] [Times: user=0.00 sys=0.00, real=0.00 secs] 
2024-07-27T21:37:24.061+0800: 7.290: [CMS-concurrent-reset-start]
2024-07-27T21:37:24.062+0800: 7.291: [CMS-concurrent-reset: 0.001/0.001 secs] [Times: user=0.00 sys=0.00, real=0.00 secs] 
2024-07-27T21:37:24.064+0800: 7.293: Application time: 0.0047907 seconds
2024-07-27T21:37:24.064+0800: 7.293: [GC (Allocation Failure) 2024-07-27T21:37:24.064+0800: 7.293: [ParNew: 77168K->8192K(78656K), 0.0121875 secs] 250879K->250511K(535432K), 0.0122350 secs] [Times: user=0.03 sys=0.00, real=0.01 secs] 
2024-07-27T21:37:24.076+0800: 7.305: Total time for which application threads were stopped: 0.0123388 seconds, Stopping threads took: 0.0000118 seconds
2024-07-27T21:37:24.077+0800: 7.305: Application time: 0.0002159 seconds
2024-07-27T21:37:24.077+0800: 7.306: [GC (CMS Initial Mark) [1 CMS-initial-mark: 242319K(456776K)] 253951K(535432K), 0.0008665 secs] [Times: user=0.00 sys=0.00, real=0.00 secs] 
2024-07-27T21:37:24.077+0800: 7.306: Total time for which application threads were stopped: 0.0010769 seconds, Stopping threads took: 0.0001696 seconds
2024-07-27T21:37:24.077+0800: 7.307: [CMS-concurrent-mark-start]
2024-07-27T21:37:24.079+0800: 7.308: [CMS-concurrent-mark: 0.001/0.001 secs] [Times: user=0.00 sys=0.00, real=0.00 secs] 
2024-07-27T21:37:24.079+0800: 7.308: [CMS-concurrent-preclean-start]
2024-07-27T21:37:24.079+0800: 7.308: [CMS-concurrent-preclean: 0.001/0.001 secs] [Times: user=0.00 sys=0.00, real=0.00 secs] 
2024-07-27T21:37:24.079+0800: 7.308: [CMS-concurrent-abortable-preclean-start]
2024-07-27T21:37:24.195+0800: 7.425: Application time: 0.1181080 seconds
2024-07-27T21:37:24.195+0800: 7.425: [GC (Allocation Failure) 2024-07-27T21:37:24.195+0800: 7.425: [ParNew: 77168K->8192K(78656K), 0.0119340 secs] 319488K->319120K(535432K), 0.0119929 secs] [Times: user=0.02 sys=0.00, real=0.01 secs] 
2024-07-27T21:37:24.207+0800: 7.437: Total time for which application threads were stopped: 0.0121006 seconds, Stopping threads took: 0.0000187 seconds
2024-07-27T21:37:24.318+0800: 7.548: Application time: 0.1109737 seconds
2024-07-27T21:37:24.318+0800: 7.548: [GC (Allocation Failure) 2024-07-27T21:37:24.318+0800: 7.548: [ParNew: 77168K->8192K(78656K), 0.0069002 secs] 388097K->338577K(535432K), 0.0069792 secs] [Times: user=0.00 sys=0.00, real=0.01 secs] 
2024-07-27T21:37:24.325+0800: 7.555: Total time for which application threads were stopped: 0.0070929 seconds, Stopping threads took: 0.0000207 seconds
2024-07-27T21:37:24.325+0800: 7.555: [CMS-concurrent-abortable-preclean: 0.005/0.246 secs] [Times: user=0.08 sys=0.00, real=0.25 secs] 
2024-07-27T21:37:24.326+0800: 7.555: Application time: 0.0003107 seconds
2024-07-27T21:37:24.326+0800: 7.555: [GC (CMS Final Remark) [YG occupancy: 12655 K (78656 K)]2024-07-27T21:37:24.326+0800: 7.555: [Rescan (parallel) , 0.0007196 secs]2024-07-27T21:37:24.326+0800: 7.556: [weak refs processing, 0.0000170 secs]2024-07-27T21:37:24.327+0800: 7.556: [class unloading, 0.0002014 secs]2024-07-27T21:37:24.327+0800: 7.556: [scrub symbol table, 0.0003417 secs]2024-07-27T21:37:24.327+0800: 7.556: [scrub string table, 0.0001002 secs][1 CMS-remark: 330384K(456776K)] 343040K(535432K), 0.0014421 secs] [Times: user=0.00 sys=0.00, real=0.00 secs] 
2024-07-27T21:37:24.327+0800: 7.557: Total time for which application threads were stopped: 0.0016285 seconds, Stopping threads took: 0.0001506 seconds
2024-07-27T21:37:24.327+0800: 7.557: [CMS-concurrent-sweep-start]
2024-07-27T21:37:24.329+0800: 7.558: [CMS-concurrent-sweep: 0.001/0.001 secs] [Times: user=0.00 sys=0.00, real=0.00 secs] 
2024-07-27T21:37:24.329+0800: 7.558: [CMS-concurrent-reset-start]
2024-07-27T21:37:24.330+0800: 7.560: [CMS-concurrent-reset: 0.002/0.002 secs] [Times: user=0.00 sys=0.00, real=0.00 secs] 
2024-07-27T21:37:24.333+0800: 7.562: Application time: 0.0048715 seconds
2024-07-27T21:37:24.333+0800: 7.562: [GC (Allocation Failure) 2024-07-27T21:37:24.333+0800: 7.562: [ParNew: 77168K->8192K(78656K), 0.0121178 secs] 252927K->252559K(535432K), 0.0121689 secs] [Times: user=0.00 sys=0.00, real=0.01 secs] 
2024-07-27T21:37:24.344+0800: 7.574: Total time for which application threads were stopped: 0.0122634 seconds, Stopping threads took: 0.0000123 seconds
2024-07-27T21:37:24.345+0800: 7.574: Application time: 0.0002515 seconds
2024-07-27T21:37:24.346+0800: 7.574: [GC (CMS Initial Mark) [1 CMS-initial-mark: 244367K(456776K)] 255999K(535432K), 0.0008351 secs] [Times: user=0.00 sys=0.00, real=0.00 secs] 
2024-07-27T21:37:24.346+0800: 7.575: Total time for which application threads were stopped: 0.0010326 seconds, Stopping threads took: 0.0001543 seconds
2024-07-27T21:37:24.346+0800: 7.575: [CMS-concurrent-mark-start]
2024-07-27T21:37:24.347+0800: 7.576: [CMS-concurrent-mark: 0.001/0.001 secs] [Times: user=0.00 sys=0.00, real=0.00 secs] 
2024-07-27T21:37:24.347+0800: 7.576: [CMS-concurrent-preclean-start]
2024-07-27T21:37:24.347+0800: 7.577: [CMS-concurrent-preclean: 0.001/0.001 secs] [Times: user=0.00 sys=0.00, real=0.00 secs] 
2024-07-27T21:37:24.347+0800: 7.577: [CMS-concurrent-abortable-preclean-start]
2024-07-27T21:37:24.461+0800: 7.691: Application time: 0.1157034 seconds
2024-07-27T21:37:24.461+0800: 7.691: [GC (Allocation Failure) 2024-07-27T21:37:24.461+0800: 7.691: [ParNew: 77168K->8192K(78656K), 0.0119889 secs] 321536K->321168K(535432K), 0.0120475 secs] [Times: user=0.03 sys=0.00, real=0.01 secs] 
2024-07-27T21:37:24.474+0800: 7.703: Total time for which application threads were stopped: 0.0121587 seconds, Stopping threads took: 0.0000199 seconds
2024-07-27T21:37:24.586+0800: 7.815: Application time: 0.1123120 seconds
2024-07-27T21:37:24.587+0800: 7.815: [GC (Allocation Failure) 2024-07-27T21:37:24.587+0800: 7.815: [ParNew: 77168K->8192K(78656K), 0.0050773 secs] 390145K->341649K(535432K), 0.0051360 secs] [Times: user=0.00 sys=0.00, real=0.00 secs] 
2024-07-27T21:37:24.591+0800: 7.820: Total time for which application threads were stopped: 0.0052537 seconds, Stopping threads took: 0.0000238 seconds
2024-07-27T21:37:24.592+0800: 7.821: [CMS-concurrent-abortable-preclean: 0.005/0.244 secs] [Times: user=0.05 sys=0.00, real=0.25 secs] 
2024-07-27T21:37:24.592+0800: 7.821: Application time: 0.0003043 seconds
2024-07-27T21:37:24.592+0800: 7.821: [GC (CMS Final Remark) [YG occupancy: 13679 K (78656 K)]2024-07-27T21:37:24.592+0800: 7.821: [Rescan (parallel) , 0.0009300 secs]2024-07-27T21:37:24.593+0800: 7.822: [weak refs processing, 0.0000127 secs]2024-07-27T21:37:24.593+0800: 7.822: [class unloading, 0.0001819 secs]2024-07-27T21:37:24.593+0800: 7.822: [scrub symbol table, 0.0003564 secs]2024-07-27T21:37:24.593+0800: 7.822: [scrub string table, 0.0001055 secs][1 CMS-remark: 333456K(456776K)] 347136K(535432K), 0.0016487 secs] [Times: user=0.00 sys=0.00, real=0.00 secs] 
2024-07-27T21:37:24.594+0800: 7.823: Total time for which application threads were stopped: 0.0018194 seconds, Stopping threads took: 0.0001309 seconds
2024-07-27T21:37:24.594+0800: 7.823: [CMS-concurrent-sweep-start]
2024-07-27T21:37:24.595+0800: 7.824: [CMS-concurrent-sweep: 0.001/0.001 secs] [Times: user=0.00 sys=0.00, real=0.00 secs] 
2024-07-27T21:37:24.595+0800: 7.824: [CMS-concurrent-reset-start]
2024-07-27T21:37:24.597+0800: 7.826: [CMS-concurrent-reset: 0.001/0.001 secs] [Times: user=0.00 sys=0.00, real=0.00 secs] 
2024-07-27T21:37:24.598+0800: 7.827: Application time: 0.0046528 seconds
2024-07-27T21:37:24.598+0800: 7.827: [GC (Allocation Failure) 2024-07-27T21:37:24.598+0800: 7.827: [ParNew: 77168K->8192K(78656K), 0.0124182 secs] 254975K->254607K(535432K), 0.0124618 secs] [Times: user=0.03 sys=0.02, real=0.01 secs] 
2024-07-27T21:37:24.611+0800: 7.840: Total time for which application threads were stopped: 0.0125543 seconds, Stopping threads took: 0.0000123 seconds
2024-07-27T21:37:24.611+0800: 7.840: Application time: 0.0002390 seconds
2024-07-27T21:37:24.611+0800: 7.840: [GC (CMS Initial Mark) [1 CMS-initial-mark: 246415K(456776K)] 258047K(535432K), 0.0006601 secs] [Times: user=0.00 sys=0.00, real=0.00 secs] 
2024-07-27T21:37:24.612+0800: 7.841: Total time for which application threads were stopped: 0.0008473 seconds, Stopping threads took: 0.0001434 seconds
2024-07-27T21:37:24.612+0800: 7.841: [CMS-concurrent-mark-start]
2024-07-27T21:37:24.613+0800: 7.842: [CMS-concurrent-mark: 0.001/0.001 secs] [Times: user=0.00 sys=0.00, real=0.00 secs] 
2024-07-27T21:37:24.613+0800: 7.842: [CMS-concurrent-preclean-start]
2024-07-27T21:37:24.613+0800: 7.843: [CMS-concurrent-preclean: 0.001/0.001 secs] [Times: user=0.00 sys=0.00, real=0.00 secs] 
2024-07-27T21:37:24.613+0800: 7.843: [CMS-concurrent-abortable-preclean-start]
2024-07-27T21:37:24.730+0800: 7.959: Application time: 0.1181438 seconds
2024-07-27T21:37:24.730+0800: 7.959: [GC (Allocation Failure) 2024-07-27T21:37:24.730+0800: 7.959: [ParNew: 77168K->8192K(78656K), 0.0118757 secs] 323584K->323216K(535432K), 0.0119329 secs] [Times: user=0.03 sys=0.00, real=0.01 secs] 
2024-07-27T21:37:24.742+0800: 7.971: Total time for which application threads were stopped: 0.0120423 seconds, Stopping threads took: 0.0000197 seconds
2024-07-27T21:37:24.854+0800: 8.083: Application time: 0.1120155 seconds
2024-07-27T21:37:24.854+0800: 8.083: [GC (Allocation Failure) 2024-07-27T21:37:24.854+0800: 8.083: [ParNew: 77168K->8192K(78656K), 0.0052777 secs] 392193K->344721K(535432K), 0.0053369 secs] [Times: user=0.00 sys=0.00, real=0.00 secs] 
2024-07-27T21:37:24.859+0800: 8.089: Total time for which application threads were stopped: 0.0054454 seconds, Stopping threads took: 0.0000196 seconds
2024-07-27T21:37:24.860+0800: 8.089: [CMS-concurrent-abortable-preclean: 0.005/0.246 secs] [Times: user=0.05 sys=0.00, real=0.25 secs] 
2024-07-27T21:37:24.860+0800: 8.089: Application time: 0.0003811 seconds
2024-07-27T21:37:24.860+0800: 8.089: [GC (CMS Final Remark) [YG occupancy: 14703 K (78656 K)]2024-07-27T21:37:24.860+0800: 8.089: [Rescan (parallel) , 0.0009964 secs]2024-07-27T21:37:24.861+0800: 8.090: [weak refs processing, 0.0000129 secs]2024-07-27T21:37:24.861+0800: 8.090: [class unloading, 0.0001977 secs]2024-07-27T21:37:24.861+0800: 8.090: [scrub symbol table, 0.0003457 secs]2024-07-27T21:37:24.862+0800: 8.091: [scrub string table, 0.0001007 secs][1 CMS-remark: 336528K(456776K)] 351232K(535432K), 0.0017166 secs] [Times: user=0.00 sys=0.00, real=0.00 secs] 
2024-07-27T21:37:24.862+0800: 8.091: Total time for which application threads were stopped: 0.0018701 seconds, Stopping threads took: 0.0001179 seconds
2024-07-27T21:37:24.862+0800: 8.091: [CMS-concurrent-sweep-start]
2024-07-27T21:37:24.863+0800: 8.093: [CMS-concurrent-sweep: 0.002/0.002 secs] [Times: user=0.00 sys=0.00, real=0.00 secs] 
2024-07-27T21:37:24.864+0800: 8.093: [CMS-concurrent-reset-start]
2024-07-27T21:37:24.865+0800: 8.094: [CMS-concurrent-reset: 0.001/0.001 secs] [Times: user=0.03 sys=0.00, real=0.00 secs] 
2024-07-27T21:37:24.866+0800: 8.095: Application time: 0.0046035 seconds
2024-07-27T21:37:24.866+0800: 8.095: [GC (Allocation Failure) 2024-07-27T21:37:24.866+0800: 8.096: [ParNew: 77168K->8192K(78656K), 0.0119139 secs] 257023K->256655K(535432K), 0.0119625 secs] [Times: user=0.00 sys=0.00, real=0.01 secs] 
2024-07-27T21:37:24.878+0800: 8.108: Total time for which application threads were stopped: 0.0120562 seconds, Stopping threads took: 0.0000126 seconds
2024-07-27T21:37:24.879+0800: 8.108: Application time: 0.0001383 seconds
2024-07-27T21:37:24.879+0800: 8.108: [GC (CMS Initial Mark) [1 CMS-initial-mark: 248463K(456776K)] 260095K(535432K), 0.0007667 secs] [Times: user=0.00 sys=0.00, real=0.00 secs] 
2024-07-27T21:37:24.879+0800: 8.109: Total time for which application threads were stopped: 0.0008992 seconds, Stopping threads took: 0.0000919 seconds
2024-07-27T21:37:24.880+0800: 8.109: [CMS-concurrent-mark-start]
2024-07-27T21:37:24.881+0800: 8.110: [CMS-concurrent-mark: 0.001/0.001 secs] [Times: user=0.00 sys=0.00, real=0.00 secs] 
2024-07-27T21:37:24.881+0800: 8.110: [CMS-concurrent-preclean-start]
2024-07-27T21:37:24.881+0800: 8.110: [CMS-concurrent-preclean: 0.001/0.001 secs] [Times: user=0.00 sys=0.00, real=0.00 secs] 
2024-07-27T21:37:24.881+0800: 8.110: [CMS-concurrent-abortable-preclean-start]
2024-07-27T21:37:24.998+0800: 8.228: Application time: 0.1193891 seconds
2024-07-27T21:37:24.999+0800: 8.228: [GC (Allocation Failure) 2024-07-27T21:37:24.999+0800: 8.228: [ParNew: 77168K->8192K(78656K), 0.0119580 secs] 325632K->325264K(535432K), 0.0120136 secs] [Times: user=0.03 sys=0.00, real=0.01 secs] 
2024-07-27T21:37:25.011+0800: 8.240: Total time for which application threads were stopped: 0.0121439 seconds, Stopping threads took: 0.0000194 seconds
2024-07-27T21:37:25.124+0800: 8.352: Application time: 0.1123071 seconds
2024-07-27T21:37:25.124+0800: 8.352: [GC (Allocation Failure) 2024-07-27T21:37:25.124+0800: 8.352: [ParNew: 77168K->8192K(78656K), 0.0056978 secs] 394241K->347793K(535432K), 0.0057572 secs] [Times: user=0.00 sys=0.00, real=0.00 secs] 
2024-07-27T21:37:25.129+0800: 8.358: Total time for which application threads were stopped: 0.0058791 seconds, Stopping threads took: 0.0000192 seconds
2024-07-27T21:37:25.129+0800: 8.358: [CMS-concurrent-abortable-preclean: 0.005/0.248 secs] [Times: user=0.03 sys=0.00, real=0.25 secs] 
2024-07-27T21:37:25.130+0800: 8.359: Application time: 0.0002888 seconds
2024-07-27T21:37:25.130+0800: 8.359: [GC (CMS Final Remark) [YG occupancy: 12655 K (78656 K)]2024-07-27T21:37:25.130+0800: 8.359: [Rescan (parallel) , 0.0010268 secs]2024-07-27T21:37:25.131+0800: 8.360: [weak refs processing, 0.0000127 secs]2024-07-27T21:37:25.131+0800: 8.360: [class unloading, 0.0001847 secs]2024-07-27T21:37:25.131+0800: 8.360: [scrub symbol table, 0.0003438 secs]2024-07-27T21:37:25.131+0800: 8.360: [scrub string table, 0.0000999 secs][1 CMS-remark: 339601K(456776K)] 352256K(535432K), 0.0017414 secs] [Times: user=0.00 sys=0.00, real=0.00 secs] 
2024-07-27T21:37:25.131+0800: 8.360: Total time for which application threads were stopped: 0.0018551 seconds, Stopping threads took: 0.0000783 seconds
2024-07-27T21:37:25.132+0800: 8.361: [CMS-concurrent-sweep-start]
2024-07-27T21:37:25.133+0800: 8.362: [CMS-concurrent-sweep: 0.001/0.001 secs] [Times: user=0.00 sys=0.00, real=0.00 secs] 
2024-07-27T21:37:25.133+0800: 8.362: [CMS-concurrent-reset-start]
2024-07-27T21:37:25.134+0800: 8.363: [CMS-concurrent-reset: 0.001/0.001 secs] [Times: user=0.00 sys=0.00, real=0.00 secs] 
2024-07-27T21:37:25.136+0800: 8.365: Application time: 0.0047716 seconds
2024-07-27T21:37:25.136+0800: 8.365: [GC (Allocation Failure) 2024-07-27T21:37:25.136+0800: 8.365: [ParNew: 77168K->8192K(78656K), 0.0120875 secs] 259071K->258703K(535432K), 0.0121351 secs] [Times: user=0.03 sys=0.00, real=0.01 secs] 
2024-07-27T21:37:25.148+0800: 8.377: Total time for which application threads were stopped: 0.0122438 seconds, Stopping threads took: 0.0000127 seconds
2024-07-27T21:37:25.149+0800: 8.378: Application time: 0.0002528 seconds
2024-07-27T21:37:25.149+0800: 8.378: [GC (CMS Initial Mark) [1 CMS-initial-mark: 250511K(456776K)] 262143K(535432K), 0.0008307 secs] [Times: user=0.00 sys=0.00, real=0.00 secs] 
2024-07-27T21:37:25.150+0800: 8.379: Total time for which application threads were stopped: 0.0009609 seconds, Stopping threads took: 0.0000759 seconds
2024-07-27T21:37:25.150+0800: 8.379: [CMS-concurrent-mark-start]
2024-07-27T21:37:25.151+0800: 8.380: [CMS-concurrent-mark: 0.001/0.001 secs] [Times: user=0.00 sys=0.00, real=0.00 secs] 
2024-07-27T21:37:25.151+0800: 8.380: [CMS-concurrent-preclean-start]
2024-07-27T21:37:25.151+0800: 8.380: [CMS-concurrent-preclean: 0.001/0.001 secs] [Times: user=0.00 sys=0.00, real=0.00 secs] 
2024-07-27T21:37:25.151+0800: 8.380: [CMS-concurrent-abortable-preclean-start]
2024-07-27T21:37:25.267+0800: 8.497: Application time: 0.1181242 seconds
2024-07-27T21:37:25.267+0800: 8.497: [GC (Allocation Failure) 2024-07-27T21:37:25.267+0800: 8.497: [ParNew: 77168K->8192K(78656K), 0.0121137 secs] 327680K->327312K(535432K), 0.0121803 secs] [Times: user=0.03 sys=0.00, real=0.01 secs] 
2024-07-27T21:37:25.280+0800: 8.509: Total time for which application threads were stopped: 0.0123014 seconds, Stopping threads took: 0.0000198 seconds
2024-07-27T21:37:25.390+0800: 8.620: Application time: 0.1106481 seconds
2024-07-27T21:37:25.390+0800: 8.620: [GC (Allocation Failure) 2024-07-27T21:37:25.390+0800: 8.620: [ParNew: 77543K->8194K(78656K), 0.0056480 secs] 396664K->349843K(535432K), 0.0057063 secs] [Times: user=0.03 sys=0.00, real=0.01 secs] 
2024-07-27T21:37:25.397+0800: 8.626: Total time for which application threads were stopped: 0.0058220 seconds, Stopping threads took: 0.0000183 seconds
2024-07-27T21:37:25.397+0800: 8.626: [CMS-concurrent-abortable-preclean: 0.005/0.245 secs] [Times: user=0.06 sys=0.00, real=0.25 secs] 
2024-07-27T21:37:25.397+0800: 8.626: Application time: 0.0003113 seconds
2024-07-27T21:37:25.397+0800: 8.626: [GC (CMS Final Remark) [YG occupancy: 12647 K (78656 K)]2024-07-27T21:37:25.397+0800: 8.626: [Rescan (parallel) , 0.0008786 secs]2024-07-27T21:37:25.398+0800: 8.627: [weak refs processing, 0.0000126 secs]2024-07-27T21:37:25.398+0800: 8.627: [class unloading, 0.0002051 secs]2024-07-27T21:37:25.398+0800: 8.627: [scrub symbol table, 0.0003785 secs]2024-07-27T21:37:25.398+0800: 8.628: [scrub string table, 0.0000999 secs][1 CMS-remark: 341649K(456776K)] 354296K(535432K), 0.0016469 secs] [Times: user=0.00 sys=0.00, real=0.00 secs] 
2024-07-27T21:37:25.398+0800: 8.628: Total time for which application threads were stopped: 0.0017766 seconds, Stopping threads took: 0.0000923 seconds
2024-07-27T21:37:25.398+0800: 8.628: [CMS-concurrent-sweep-start]
2024-07-27T21:37:25.400+0800: 8.629: [CMS-concurrent-sweep: 0.001/0.001 secs] [Times: user=0.00 sys=0.00, real=0.00 secs] 
2024-07-27T21:37:25.400+0800: 8.629: [CMS-concurrent-reset-start]
2024-07-27T21:37:25.401+0800: 8.631: [CMS-concurrent-reset: 0.001/0.001 secs] [Times: user=0.00 sys=0.00, real=0.00 secs] 
2024-07-27T21:37:25.403+0800: 8.632: Application time: 0.0047618 seconds
2024-07-27T21:37:25.403+0800: 8.632: [GC (Allocation Failure) 2024-07-27T21:37:25.403+0800: 8.632: [ParNew: 77160K->8192K(78656K), 0.0122585 secs] 260087K->259727K(535432K), 0.0123063 secs] [Times: user=0.03 sys=0.00, real=0.01 secs] 
2024-07-27T21:37:25.415+0800: 8.645: Total time for which application threads were stopped: 0.0124015 seconds, Stopping threads took: 0.0000135 seconds
2024-07-27T21:37:25.416+0800: 8.645: Application time: 0.0002199 seconds
2024-07-27T21:37:25.417+0800: 8.645: [GC (CMS Initial Mark) [1 CMS-initial-mark: 251535K(456776K)] 263161K(535432K), 0.0008095 secs] [Times: user=0.00 sys=0.00, real=0.00 secs] 
2024-07-27T21:37:25.417+0800: 8.646: Total time for which application threads were stopped: 0.0009926 seconds, Stopping threads took: 0.0001383 seconds
2024-07-27T21:37:25.418+0800: 8.646: [CMS-concurrent-mark-start]
2024-07-27T21:37:25.418+0800: 8.647: [CMS-concurrent-mark: 0.001/0.001 secs] [Times: user=0.00 sys=0.00, real=0.00 secs] 
2024-07-27T21:37:25.418+0800: 8.647: [CMS-concurrent-preclean-start]
2024-07-27T21:37:25.418+0800: 8.648: [CMS-concurrent-preclean: 0.001/0.001 secs] [Times: user=0.00 sys=0.00, real=0.00 secs] 
2024-07-27T21:37:25.418+0800: 8.648: [CMS-concurrent-abortable-preclean-start]
2024-07-27T21:37:25.535+0800: 8.764: Application time: 0.1179061 seconds
2024-07-27T21:37:25.535+0800: 8.764: [GC (Allocation Failure) 2024-07-27T21:37:25.535+0800: 8.764: [ParNew: 77162K->8192K(78656K), 0.0118783 secs] 328698K->328336K(535432K), 0.0119347 secs] [Times: user=0.03 sys=0.00, real=0.01 secs] 
2024-07-27T21:37:25.547+0800: 8.776: Total time for which application threads were stopped: 0.0120413 seconds, Stopping threads took: 0.0000178 seconds
2024-07-27T21:37:25.657+0800: 8.887: Application time: 0.1105658 seconds
2024-07-27T21:37:25.657+0800: 8.887: [GC (Allocation Failure) 2024-07-27T21:37:25.657+0800: 8.887: [ParNew: 77164K->8192K(78656K), 0.0059115 secs] 397309K->351889K(535432K), 0.0059752 secs] [Times: user=0.03 sys=0.00, real=0.01 secs] 
2024-07-27T21:37:25.663+0800: 8.893: Total time for which application threads were stopped: 0.0060903 seconds, Stopping threads took: 0.0000201 seconds
2024-07-27T21:37:25.664+0800: 8.893: [CMS-concurrent-abortable-preclean: 0.005/0.245 secs] [Times: user=0.06 sys=0.00, real=0.25 secs] 
2024-07-27T21:37:25.664+0800: 8.893: Application time: 0.0003661 seconds
2024-07-27T21:37:25.664+0800: 8.893: [GC (CMS Final Remark) [YG occupancy: 13677 K (78656 K)]2024-07-27T21:37:25.664+0800: 8.893: [Rescan (parallel) , 0.0008344 secs]2024-07-27T21:37:25.665+0800: 8.894: [weak refs processing, 0.0000127 secs]2024-07-27T21:37:25.665+0800: 8.894: [class unloading, 0.0001891 secs]2024-07-27T21:37:25.665+0800: 8.894: [scrub symbol table, 0.0003399 secs]2024-07-27T21:37:25.665+0800: 8.895: [scrub string table, 0.0001121 secs][1 CMS-remark: 343697K(456776K)] 357374K(535432K), 0.0015502 secs] [Times: user=0.00 sys=0.00, real=0.00 secs] 
2024-07-27T21:37:25.665+0800: 8.895: Total time for which application threads were stopped: 0.0016532 seconds, Stopping threads took: 0.0000686 seconds
2024-07-27T21:37:25.666+0800: 8.895: [CMS-concurrent-sweep-start]
2024-07-27T21:37:25.667+0800: 8.896: [CMS-concurrent-sweep: 0.001/0.001 secs] [Times: user=0.00 sys=0.00, real=0.00 secs] 
2024-07-27T21:37:25.667+0800: 8.896: [CMS-concurrent-reset-start]
2024-07-27T21:37:25.668+0800: 8.897: [CMS-concurrent-reset: 0.001/0.001 secs] [Times: user=0.00 sys=0.00, real=0.00 secs] 
2024-07-27T21:37:25.670+0800: 8.899: Application time: 0.0047851 seconds
2024-07-27T21:37:25.670+0800: 8.900: [GC (Allocation Failure) 2024-07-27T21:37:25.670+0800: 8.900: [ParNew: 77166K->8192K(78656K), 0.0117878 secs] 261116K->260751K(535432K), 0.0118359 secs] [Times: user=0.03 sys=0.00, real=0.01 secs] 
2024-07-27T21:37:25.682+0800: 8.911: Total time for which application threads were stopped: 0.0119303 seconds, Stopping threads took: 0.0000125 seconds
2024-07-27T21:37:25.682+0800: 8.912: Application time: 0.0002073 seconds
2024-07-27T21:37:25.682+0800: 8.912: [GC (CMS Initial Mark) [1 CMS-initial-mark: 252559K(456776K)] 264189K(535432K), 0.0007973 secs] [Times: user=0.00 sys=0.00, real=0.00 secs] 
2024-07-27T21:37:25.683+0800: 8.913: Total time for which application threads were stopped: 0.0009343 seconds, Stopping threads took: 0.0000953 seconds
2024-07-27T21:37:25.683+0800: 8.913: [CMS-concurrent-mark-start]
2024-07-27T21:37:25.684+0800: 8.913: [CMS-concurrent-mark: 0.001/0.001 secs] [Times: user=0.00 sys=0.00, real=0.00 secs] 
2024-07-27T21:37:25.684+0800: 8.913: [CMS-concurrent-preclean-start]
2024-07-27T21:37:25.685+0800: 8.914: [CMS-concurrent-preclean: 0.001/0.001 secs] [Times: user=0.00 sys=0.00, real=0.00 secs] 
2024-07-27T21:37:25.685+0800: 8.914: [CMS-concurrent-abortable-preclean-start]
2024-07-27T21:37:25.803+0800: 9.033: Application time: 0.1199950 seconds
2024-07-27T21:37:25.804+0800: 9.033: [GC (Allocation Failure) 2024-07-27T21:37:25.804+0800: 9.033: [ParNew: 77167K->8192K(78656K), 0.0121603 secs] 329726K->329360K(535432K), 0.0122156 secs] [Times: user=0.00 sys=0.00, real=0.01 secs] 
2024-07-27T21:37:25.816+0800: 9.045: Total time for which application threads were stopped: 0.0123293 seconds, Stopping threads took: 0.0000238 seconds
2024-07-27T21:37:25.927+0800: 9.156: Application time: 0.1114525 seconds
2024-07-27T21:37:25.927+0800: 9.156: [GC (Allocation Failure) 2024-07-27T21:37:25.927+0800: 9.156: [ParNew: 77167K->8192K(78656K), 0.0057139 secs] 398336K->353937K(535432K), 0.0057732 secs] [Times: user=0.00 sys=0.00, real=0.01 secs] 
2024-07-27T21:37:25.933+0800: 9.162: Total time for which application threads were stopped: 0.0058788 seconds, Stopping threads took: 0.0000178 seconds
2024-07-27T21:37:25.933+0800: 9.162: [CMS-concurrent-abortable-preclean: 0.006/0.248 secs] [Times: user=0.06 sys=0.00, real=0.25 secs] 
2024-07-27T21:37:25.933+0800: 9.163: Application time: 0.0002919 seconds
2024-07-27T21:37:25.934+0800: 9.163: [GC (CMS Final Remark) [YG occupancy: 12655 K (78656 K)]2024-07-27T21:37:25.934+0800: 9.163: [Rescan (parallel) , 0.0009382 secs]2024-07-27T21:37:25.935+0800: 9.164: [weak refs processing, 0.0000126 secs]2024-07-27T21:37:25.935+0800: 9.164: [class unloading, 0.0002048 secs]2024-07-27T21:37:25.935+0800: 9.164: [scrub symbol table, 0.0003484 secs]2024-07-27T21:37:25.935+0800: 9.164: [scrub string table, 0.0000986 secs][1 CMS-remark: 345745K(456776K)] 358400K(535432K), 0.0016696 secs] [Times: user=0.00 sys=0.00, real=0.00 secs] 
2024-07-27T21:37:25.935+0800: 9.164: Total time for which application threads were stopped: 0.0017789 seconds, Stopping threads took: 0.0000711 seconds
2024-07-27T21:37:25.935+0800: 9.165: [CMS-concurrent-sweep-start]
2024-07-27T21:37:25.937+0800: 9.166: [CMS-concurrent-sweep: 0.001/0.001 secs] [Times: user=0.00 sys=0.00, real=0.00 secs] 
2024-07-27T21:37:25.937+0800: 9.166: [CMS-concurrent-reset-start]
2024-07-27T21:37:25.938+0800: 9.167: [CMS-concurrent-reset: 0.001/0.001 secs] [Times: user=0.00 sys=0.00, real=0.00 secs] 
2024-07-27T21:37:25.940+0800: 9.169: Application time: 0.0047686 seconds
2024-07-27T21:37:25.940+0800: 9.169: [GC (Allocation Failure) 2024-07-27T21:37:25.940+0800: 9.169: [ParNew: 77168K->8192K(78656K), 0.0118488 secs] 263166K->262799K(535432K), 0.0118965 secs] [Times: user=0.03 sys=0.00, real=0.01 secs] 
2024-07-27T21:37:25.952+0800: 9.181: Total time for which application threads were stopped: 0.0119911 seconds, Stopping threads took: 0.0000128 seconds
2024-07-27T21:37:25.952+0800: 9.181: Application time: 0.0002064 seconds
2024-07-27T21:37:25.952+0800: 9.181: [GC (CMS Initial Mark) [1 CMS-initial-mark: 254607K(456776K)] 265215K(535432K), 0.0005287 secs] [Times: user=0.00 sys=0.00, real=0.00 secs] 
2024-07-27T21:37:25.953+0800: 9.182: Total time for which application threads were stopped: 0.0005895 seconds, Stopping threads took: 0.0000216 seconds
2024-07-27T21:37:25.953+0800: 9.182: [CMS-concurrent-mark-start]
2024-07-27T21:37:25.954+0800: 9.183: [CMS-concurrent-mark: 0.001/0.001 secs] [Times: user=0.00 sys=0.00, real=0.00 secs] 
2024-07-27T21:37:25.954+0800: 9.183: [CMS-concurrent-preclean-start]
2024-07-27T21:37:25.954+0800: 9.183: [CMS-concurrent-preclean: 0.001/0.001 secs] [Times: user=0.00 sys=0.00, real=0.00 secs] 
2024-07-27T21:37:25.954+0800: 9.183: [CMS-concurrent-abortable-preclean-start]
2024-07-27T21:37:26.071+0800: 9.301: Application time: 0.1192159 seconds
2024-07-27T21:37:26.072+0800: 9.301: [GC (Allocation Failure) 2024-07-27T21:37:26.072+0800: 9.301: [ParNew: 77168K->8192K(78656K), 0.0118126 secs] 331776K->331408K(535432K), 0.0118716 secs] [Times: user=0.03 sys=0.00, real=0.01 secs] 
2024-07-27T21:37:26.084+0800: 9.313: Total time for which application threads were stopped: 0.0119853 seconds, Stopping threads took: 0.0000193 seconds
2024-07-27T21:37:26.195+0800: 9.424: Application time: 0.1114302 seconds
2024-07-27T21:37:26.196+0800: 9.425: [GC (Allocation Failure) 2024-07-27T21:37:26.196+0800: 9.425: [ParNew: 77171K->8192K(78656K), 0.0056065 secs] 400387K->357009K(535432K), 0.0056660 secs] [Times: user=0.00 sys=0.00, real=0.00 secs] 
2024-07-27T21:37:26.202+0800: 9.430: Total time for which application threads were stopped: 0.0058050 seconds, Stopping threads took: 0.0000192 seconds
2024-07-27T21:37:26.202+0800: 9.430: [CMS-concurrent-abortable-preclean: 0.005/0.247 secs] [Times: user=0.03 sys=0.00, real=0.25 secs] 
2024-07-27T21:37:26.202+0800: 9.431: Application time: 0.0002229 seconds
2024-07-27T21:37:26.202+0800: 9.431: [GC (CMS Final Remark) [YG occupancy: 11625 K (78656 K)]2024-07-27T21:37:26.202+0800: 9.431: [Rescan (parallel) , 0.0006097 secs]2024-07-27T21:37:26.203+0800: 9.431: [weak refs processing, 0.0000114 secs]2024-07-27T21:37:26.203+0800: 9.431: [class unloading, 0.0001891 secs]2024-07-27T21:37:26.203+0800: 9.432: [scrub symbol table, 0.0003316 secs]2024-07-27T21:37:26.203+0800: 9.432: [scrub string table, 0.0001032 secs][1 CMS-remark: 348817K(456776K)] 360443K(535432K), 0.0013042 secs] [Times: user=0.00 sys=0.00, real=0.00 secs] 
2024-07-27T21:37:26.203+0800: 9.432: Total time for which application threads were stopped: 0.0014551 seconds, Stopping threads took: 0.0001087 seconds
2024-07-27T21:37:26.203+0800: 9.432: [CMS-concurrent-sweep-start]
2024-07-27T21:37:26.204+0800: 9.433: [CMS-concurrent-sweep: 0.001/0.001 secs] [Times: user=0.00 sys=0.00, real=0.00 secs] 
2024-07-27T21:37:26.204+0800: 9.433: [CMS-concurrent-reset-start]
2024-07-27T21:37:26.205+0800: 9.434: [CMS-concurrent-reset: 0.001/0.001 secs] [Times: user=0.00 sys=0.00, real=0.00 secs] 
2024-07-27T21:37:26.319+0800: 9.547: Application time: 0.1152103 seconds
2024-07-27T21:37:26.319+0800: 9.547: [GC (Allocation Failure) 2024-07-27T21:37:26.319+0800: 9.547: [ParNew: 77162K->8192K(78656K), 0.0119361 secs] 265209K->264847K(535432K), 0.0119949 secs] [Times: user=0.00 sys=0.00, real=0.01 secs] 
2024-07-27T21:37:26.330+0800: 9.559: Total time for which application threads were stopped: 0.0121312 seconds, Stopping threads took: 0.0000393 seconds
2024-07-27T21:37:26.330+0800: 9.560: Application time: 0.0002441 seconds
2024-07-27T21:37:26.330+0800: 9.560: [GC (CMS Initial Mark) [1 CMS-initial-mark: 256655K(456776K)] 268283K(535432K), 0.0008306 secs] [Times: user=0.00 sys=0.00, real=0.00 secs] 
2024-07-27T21:37:26.332+0800: 9.561: Total time for which application threads were stopped: 0.0010110 seconds, Stopping threads took: 0.0001388 seconds
2024-07-27T21:37:26.332+0800: 9.561: [CMS-concurrent-mark-start]
2024-07-27T21:37:26.335+0800: 9.564: [CMS-concurrent-mark: 0.003/0.003 secs] [Times: user=0.05 sys=0.00, real=0.00 secs] 
2024-07-27T21:37:26.335+0800: 9.564: [CMS-concurrent-preclean-start]
2024-07-27T21:37:26.336+0800: 9.565: [CMS-concurrent-preclean: 0.001/0.001 secs] [Times: user=0.00 sys=0.00, real=0.00 secs] 
2024-07-27T21:37:26.336+0800: 9.566: Application time: 0.0049468 seconds
2024-07-27T21:37:26.336+0800: 9.566: [GC (Allocation Failure) 2024-07-27T21:37:26.336+0800: 9.566: [ParNew: 77165K->8192K(78656K), 0.0118794 secs] 333820K->333457K(535432K), 0.0119272 secs] [Times: user=0.03 sys=0.00, real=0.01 secs] 
2024-07-27T21:37:26.348+0800: 9.578: Total time for which application threads were stopped: 0.0120359 seconds, Stopping threads took: 0.0000122 seconds
2024-07-27T21:37:26.348+0800: 9.578: Application time: 0.0002489 seconds
2024-07-27T21:37:26.348+0800: 9.578: [GC (CMS Final Remark) [YG occupancy: 11629 K (78656 K)]2024-07-27T21:37:26.348+0800: 9.578: [Rescan (parallel) , 0.0004870 secs]2024-07-27T21:37:26.350+0800: 9.579: [weak refs processing, 0.0000123 secs]2024-07-27T21:37:26.350+0800: 9.579: [class unloading, 0.0002701 secs]2024-07-27T21:37:26.350+0800: 9.579: [scrub symbol table, 0.0003510 secs]2024-07-27T21:37:26.350+0800: 9.579: [scrub string table, 0.0000992 secs][1 CMS-remark: 325264K(456776K)] 336894K(535432K), 0.0012840 secs] [Times: user=0.00 sys=0.00, real=0.00 secs] 
2024-07-27T21:37:26.350+0800: 9.579: Total time for which application threads were stopped: 0.0014587 seconds, Stopping threads took: 0.0001374 seconds
2024-07-27T21:37:26.350+0800: 9.580: [CMS-concurrent-sweep-start]
2024-07-27T21:37:26.352+0800: 9.581: [CMS-concurrent-sweep: 0.002/0.002 secs] [Times: user=0.00 sys=0.00, real=0.00 secs] 
2024-07-27T21:37:26.352+0800: 9.581: [CMS-concurrent-reset-start]
2024-07-27T21:37:26.352+0800: 9.582: [CMS-concurrent-reset: 0.001/0.001 secs] [Times: user=0.00 sys=0.00, real=0.00 secs] 
2024-07-27T21:37:26.462+0800: 9.692: Application time: 0.1122299 seconds
2024-07-27T21:37:26.462+0800: 9.692: [GC (Allocation Failure) 2024-07-27T21:37:26.462+0800: 9.692: [ParNew: 77166K->8192K(78656K), 0.0061222 secs] 240636K->198286K(535432K), 0.0061811 secs] [Times: user=0.00 sys=0.00, real=0.01 secs] 
2024-07-27T21:37:26.469+0800: 9.698: Total time for which application threads were stopped: 0.0062958 seconds, Stopping threads took: 0.0000196 seconds
2024-07-27T21:37:26.587+0800: 9.816: Application time: 0.1180148 seconds
2024-07-27T21:37:26.587+0800: 9.816: [GC (Allocation Failure) 2024-07-27T21:37:26.587+0800: 9.816: [ParNew: 77167K->8192K(78656K), 0.0120109 secs] 267262K->266896K(535432K), 0.0120782 secs] [Times: user=0.03 sys=0.00, real=0.01 secs] 
2024-07-27T21:37:26.599+0800: 9.828: Total time for which application threads were stopped: 0.0121934 seconds, Stopping threads took: 0.0000201 seconds
2024-07-27T21:37:26.599+0800: 9.828: Application time: 0.0001983 seconds
2024-07-27T21:37:26.600+0800: 9.828: [GC (CMS Initial Mark) [1 CMS-initial-mark: 258703K(456776K)] 270334K(535432K), 0.0007339 secs] [Times: user=0.00 sys=0.00, real=0.00 secs] 
2024-07-27T21:37:26.600+0800: 9.829: Total time for which application threads were stopped: 0.0009435 seconds, Stopping threads took: 0.0001687 seconds
2024-07-27T21:37:26.601+0800: 9.829: [CMS-concurrent-mark-start]
2024-07-27T21:37:26.604+0800: 9.833: [CMS-concurrent-mark: 0.003/0.003 secs] [Times: user=0.00 sys=0.00, real=0.00 secs] 
2024-07-27T21:37:26.604+0800: 9.833: [CMS-concurrent-preclean-start]
2024-07-27T21:37:26.605+0800: 9.834: [CMS-concurrent-preclean: 0.001/0.001 secs] [Times: user=0.00 sys=0.00, real=0.00 secs] 
2024-07-27T21:37:26.605+0800: 9.834: [CMS-concurrent-abortable-preclean-start]
2024-07-27T21:37:26.605+0800: 9.834: Application time: 0.0049843 seconds
2024-07-27T21:37:26.605+0800: 9.834: [GC (Allocation Failure) 2024-07-27T21:37:26.605+0800: 9.834: [ParNew: 77167K->8192K(78656K), 0.0118985 secs] 335871K->335505K(535432K), 0.0119498 secs] [Times: user=0.03 sys=0.00, real=0.01 secs] 
2024-07-27T21:37:26.617+0800: 9.846: Total time for which application threads were stopped: 0.0120426 seconds, Stopping threads took: 0.0000121 seconds
2024-07-27T21:37:26.730+0800: 9.960: Application time: 0.1137629 seconds
2024-07-27T21:37:26.731+0800: 9.960: [GC (Allocation Failure) 2024-07-27T21:37:26.731+0800: 9.960: [ParNew: 77168K->8192K(78656K), 0.0063960 secs] 404481K->363153K(535432K), 0.0064679 secs] [Times: user=0.00 sys=0.00, real=0.01 secs] 
2024-07-27T21:37:26.738+0800: 9.967: Total time for which application threads were stopped: 0.0065806 seconds, Stopping threads took: 0.0000231 seconds
2024-07-27T21:37:26.738+0800: 9.967: [CMS-concurrent-abortable-preclean: 0.003/0.132 secs] [Times: user=0.03 sys=0.00, real=0.13 secs] 
2024-07-27T21:37:26.738+0800: 9.967: Application time: 0.0003315 seconds
2024-07-27T21:37:26.738+0800: 9.967: [GC (CMS Final Remark) [YG occupancy: 12655 K (78656 K)]2024-07-27T21:37:26.738+0800: 9.967: [Rescan (parallel) , 0.0008853 secs]2024-07-27T21:37:26.739+0800: 9.968: [weak refs processing, 0.0000129 secs]2024-07-27T21:37:26.739+0800: 9.968: [class unloading, 0.0001895 secs]2024-07-27T21:37:26.739+0800: 9.968: [scrub symbol table, 0.0003429 secs]2024-07-27T21:37:26.739+0800: 9.969: [scrub string table, 0.0001123 secs][1 CMS-remark: 354961K(456776K)] 367616K(535432K), 0.0016078 secs] [Times: user=0.00 sys=0.03, real=0.00 secs] 
2024-07-27T21:37:26.739+0800: 9.969: Total time for which application threads were stopped: 0.0017850 seconds, Stopping threads took: 0.0001411 seconds
2024-07-27T21:37:26.739+0800: 9.969: [CMS-concurrent-sweep-start]
2024-07-27T21:37:26.741+0800: 9.970: [CMS-concurrent-sweep: 0.001/0.001 secs] [Times: user=0.00 sys=0.00, real=0.00 secs] 
2024-07-27T21:37:26.741+0800: 9.970: [CMS-concurrent-reset-start]
2024-07-27T21:37:26.742+0800: 9.971: [CMS-concurrent-reset: 0.001/0.001 secs] [Times: user=0.00 sys=0.00, real=0.00 secs] 
2024-07-27T21:37:26.854+0800: 10.083: Application time: 0.1145485 seconds
2024-07-27T21:37:26.854+0800: 10.083: [GC (Allocation Failure) 2024-07-27T21:37:26.855+0800: 10.083: [ParNew: 77168K->8192K(78656K), 0.0122356 secs] 269311K->268944K(535432K), 0.0123026 secs] [Times: user=0.03 sys=0.00, real=0.01 secs] 
2024-07-27T21:37:26.867+0800: 10.096: Total time for which application threads were stopped: 0.0124164 seconds, Stopping threads took: 0.0000205 seconds
2024-07-27T21:37:26.867+0800: 10.096: Application time: 0.0001880 seconds
2024-07-27T21:37:26.867+0800: 10.096: [GC (CMS Initial Mark) [1 CMS-initial-mark: 260751K(456776K)] 272383K(535432K), 0.0008425 secs] [Times: user=0.00 sys=0.00, real=0.00 secs] 
2024-07-27T21:37:26.868+0800: 10.097: Total time for which application threads were stopped: 0.0010592 seconds, Stopping threads took: 0.0001671 seconds
2024-07-27T21:37:26.868+0800: 10.097: [CMS-concurrent-mark-start]
2024-07-27T21:37:26.872+0800: 10.101: [CMS-concurrent-mark: 0.004/0.004 secs] [Times: user=0.00 sys=0.00, real=0.00 secs] 
2024-07-27T21:37:26.872+0800: 10.101: [CMS-concurrent-preclean-start]
2024-07-27T21:37:26.873+0800: 10.102: [CMS-concurrent-preclean: 0.001/0.001 secs] [Times: user=0.00 sys=0.00, real=0.00 secs] 
2024-07-27T21:37:26.873+0800: 10.102: Application time: 0.0051566 seconds
2024-07-27T21:37:26.873+0800: 10.102: [GC (Allocation Failure) 2024-07-27T21:37:26.873+0800: 10.102: [ParNew: 77168K->8192K(78656K), 0.0116119 secs] 337920K->337553K(535432K), 0.0116611 secs] [Times: user=0.03 sys=0.00, real=0.01 secs] 
2024-07-27T21:37:26.885+0800: 10.114: Total time for which application threads were stopped: 0.0117572 seconds, Stopping threads took: 0.0000133 seconds
2024-07-27T21:37:26.885+0800: 10.114: Application time: 0.0003321 seconds
2024-07-27T21:37:26.885+0800: 10.114: [GC (CMS Final Remark) [YG occupancy: 13679 K (78656 K)]2024-07-27T21:37:26.885+0800: 10.114: [Rescan (parallel) , 0.0005073 secs]2024-07-27T21:37:26.886+0800: 10.115: [weak refs processing, 0.0000211 secs]2024-07-27T21:37:26.886+0800: 10.115: [class unloading, 0.0002296 secs]2024-07-27T21:37:26.886+0800: 10.115: [scrub symbol table, 0.0003335 secs]2024-07-27T21:37:26.886+0800: 10.115: [scrub string table, 0.0000981 secs][1 CMS-remark: 329360K(456776K)] 343040K(535432K), 0.0012732 secs] [Times: user=0.00 sys=0.00, real=0.00 secs] 
2024-07-27T21:37:26.887+0800: 10.116: Total time for which application threads were stopped: 0.0013836 seconds, Stopping threads took: 0.0000713 seconds
2024-07-27T21:37:26.887+0800: 10.116: [CMS-concurrent-sweep-start]
2024-07-27T21:37:26.888+0800: 10.117: [CMS-concurrent-sweep: 0.002/0.002 secs] [Times: user=0.00 sys=0.00, real=0.00 secs] 
2024-07-27T21:37:26.888+0800: 10.117: [CMS-concurrent-reset-start]
2024-07-27T21:37:26.889+0800: 10.118: [CMS-concurrent-reset: 0.001/0.001 secs] [Times: user=0.00 sys=0.00, real=0.00 secs] 
2024-07-27T21:37:26.997+0800: 10.227: Application time: 0.1110130 seconds
2024-07-27T21:37:26.997+0800: 10.227: [GC (Allocation Failure) 2024-07-27T21:37:26.997+0800: 10.227: [ParNew: 77168K->8192K(78656K), 0.0060803 secs] 242687K->202383K(535432K), 0.0061414 secs] [Times: user=0.00 sys=0.00, real=0.01 secs] 
2024-07-27T21:37:27.004+0800: 10.233: Total time for which application threads were stopped: 0.0062540 seconds, Stopping threads took: 0.0000199 seconds
2024-07-27T21:37:27.121+0800: 10.350: Application time: 0.1170291 seconds
2024-07-27T21:37:27.121+0800: 10.350: [GC (Allocation Failure) 2024-07-27T21:37:27.121+0800: 10.350: [ParNew: 77168K->8192K(78656K), 0.0120230 secs] 271359K->270992K(535432K), 0.0120840 secs] [Times: user=0.03 sys=0.00, real=0.01 secs] 
2024-07-27T21:37:27.133+0800: 10.362: Total time for which application threads were stopped: 0.0122101 seconds, Stopping threads took: 0.0000205 seconds
2024-07-27T21:37:27.138+0800: 10.367: Application time: 0.0045694 seconds
2024-07-27T21:37:27.138+0800: 10.367: [GC (Allocation Failure) 2024-07-27T21:37:27.138+0800: 10.367: [ParNew: 77168K->8192K(78656K), 0.0119051 secs] 339968K->339601K(535432K), 0.0119570 secs] [Times: user=0.03 sys=0.00, real=0.01 secs] 
2024-07-27T21:37:27.149+0800: 10.379: Total time for which application threads were stopped: 0.0120690 seconds, Stopping threads took: 0.0000151 seconds
2024-07-27T21:37:27.149+0800: 10.379: Application time: 0.0002352 seconds
2024-07-27T21:37:27.150+0800: 10.379: [GC (CMS Initial Mark) [1 CMS-initial-mark: 331408K(456776K)] 343040K(535432K), 0.0008306 secs] [Times: user=0.00 sys=0.00, real=0.00 secs] 
2024-07-27T21:37:27.151+0800: 10.380: Total time for which application threads were stopped: 0.0010090 seconds, Stopping threads took: 0.0001266 seconds
2024-07-27T21:37:27.151+0800: 10.380: [CMS-concurrent-mark-start]
2024-07-27T21:37:27.153+0800: 10.383: [CMS-concurrent-mark: 0.002/0.002 secs] [Times: user=0.00 sys=0.00, real=0.00 secs] 
2024-07-27T21:37:27.153+0800: 10.383: [CMS-concurrent-preclean-start]
2024-07-27T21:37:27.154+0800: 10.383: [CMS-concurrent-preclean: 0.001/0.001 secs] [Times: user=0.00 sys=0.00, real=0.00 secs] 
2024-07-27T21:37:27.154+0800: 10.383: [CMS-concurrent-abortable-preclean-start]
2024-07-27T21:37:27.264+0800: 10.492: Application time: 0.1124656 seconds
2024-07-27T21:37:27.264+0800: 10.492: [GC (Allocation Failure) 2024-07-27T21:37:27.264+0800: 10.493: [ParNew: 77168K->8192K(78656K), 0.0063998 secs] 408577K->369297K(535432K), 0.0064603 secs] [Times: user=0.00 sys=0.00, real=0.01 secs] 
2024-07-27T21:37:27.270+0800: 10.499: Total time for which application threads were stopped: 0.0065685 seconds, Stopping threads took: 0.0000188 seconds
2024-07-27T21:37:27.388+0800: 10.617: Application time: 0.1182280 seconds
2024-07-27T21:37:27.389+0800: 10.617: [GC (Allocation Failure) 2024-07-27T21:37:27.389+0800: 10.617: [ParNew: 77168K->8192K(78656K), 0.0124975 secs] 438274K->437906K(535432K), 0.0125773 secs] [Times: user=0.03 sys=0.00, real=0.01 secs] 
2024-07-27T21:37:27.401+0800: 10.630: Total time for which application threads were stopped: 0.0126972 seconds, Stopping threads took: 0.0000228 seconds
2024-07-27T21:37:27.401+0800: 10.630: [CMS-concurrent-abortable-preclean: 0.005/0.247 secs] [Times: user=0.06 sys=0.00, real=0.25 secs] 
2024-07-27T21:37:27.401+0800: 10.630: Application time: 0.0003034 seconds
2024-07-27T21:37:27.402+0800: 10.630: [GC (CMS Final Remark) [YG occupancy: 12655 K (78656 K)]2024-07-27T21:37:27.402+0800: 10.630: [Rescan (parallel) , 0.0009636 secs]2024-07-27T21:37:27.403+0800: 10.631: [weak refs processing, 0.0000125 secs]2024-07-27T21:37:27.403+0800: 10.631: [class unloading, 0.0002816 secs]2024-07-27T21:37:27.403+0800: 10.632: [scrub symbol table, 0.0003440 secs]2024-07-27T21:37:27.403+0800: 10.632: [scrub string table, 0.0001003 secs][1 CMS-remark: 429714K(456776K)] 442370K(535432K), 0.0017644 secs] [Times: user=0.00 sys=0.00, real=0.00 secs] 
2024-07-27T21:37:27.403+0800: 10.632: Total time for which application threads were stopped: 0.0018687 seconds, Stopping threads took: 0.0000689 seconds
2024-07-27T21:37:27.404+0800: 10.632: [CMS-concurrent-sweep-start]
2024-07-27T21:37:27.405+0800: 10.634: [CMS-concurrent-sweep: 0.001/0.001 secs] [Times: user=0.00 sys=0.00, real=0.00 secs] 
2024-07-27T21:37:27.405+0800: 10.634: [CMS-concurrent-reset-start]
2024-07-27T21:37:27.406+0800: 10.635: [CMS-concurrent-reset: 0.001/0.001 secs] [Times: user=0.00 sys=0.00, real=0.00 secs] 
2024-07-27T21:37:27.408+0800: 10.637: Application time: 0.0048450 seconds
2024-07-27T21:37:27.408+0800: 10.637: [GC (Allocation Failure) 2024-07-27T21:37:27.408+0800: 10.637: [ParNew: 77168K->8192K(78656K), 0.0114732 secs] 342016K->341649K(535432K), 0.0115354 secs] [Times: user=0.03 sys=0.00, real=0.01 secs] 
2024-07-27T21:37:27.420+0800: 10.649: Total time for which application threads were stopped: 0.0116271 seconds, Stopping threads took: 0.0000126 seconds
2024-07-27T21:37:27.420+0800: 10.649: Application time: 0.0001628 seconds
2024-07-27T21:37:27.420+0800: 10.649: [GC (CMS Initial Mark) [1 CMS-initial-mark: 333457K(456776K)] 345088K(535432K), 0.0008291 secs] [Times: user=0.00 sys=0.00, real=0.00 secs] 
2024-07-27T21:37:27.421+0800: 10.650: Total time for which application threads were stopped: 0.0009467 seconds, Stopping threads took: 0.0000772 seconds
2024-07-27T21:37:27.421+0800: 10.650: [CMS-concurrent-mark-start]
2024-07-27T21:37:27.424+0800: 10.652: [CMS-concurrent-mark: 0.002/0.002 secs] [Times: user=0.00 sys=0.00, real=0.00 secs] 
2024-07-27T21:37:27.424+0800: 10.652: [CMS-concurrent-preclean-start]
2024-07-27T21:37:27.424+0800: 10.653: [CMS-concurrent-preclean: 0.001/0.001 secs] [Times: user=0.00 sys=0.00, real=0.00 secs] 
2024-07-27T21:37:27.424+0800: 10.653: [CMS-concurrent-abortable-preclean-start]
2024-07-27T21:37:27.531+0800: 10.760: Application time: 0.1105084 seconds
2024-07-27T21:37:27.531+0800: 10.760: [GC (Allocation Failure) 2024-07-27T21:37:27.531+0800: 10.760: [ParNew: 77168K->8192K(78656K), 0.0069257 secs] 410625K->372369K(535432K), 0.0069883 secs] [Times: user=0.03 sys=0.00, real=0.01 secs] 
2024-07-27T21:37:27.538+0800: 10.767: Total time for which application threads were stopped: 0.0070960 seconds, Stopping threads took: 0.0000186 seconds
2024-07-27T21:37:27.655+0800: 10.884: Application time: 0.1168204 seconds
2024-07-27T21:37:27.655+0800: 10.884: [GC (Allocation Failure) 2024-07-27T21:37:27.655+0800: 10.884: [ParNew: 77168K->8192K(78656K), 0.0117582 secs] 441346K->440978K(535432K), 0.0118180 secs] [Times: user=0.03 sys=0.00, real=0.01 secs] 
2024-07-27T21:37:27.667+0800: 10.896: Total time for which application threads were stopped: 0.0119298 seconds, Stopping threads took: 0.0000196 seconds
2024-07-27T21:37:27.667+0800: 10.896: [CMS-concurrent-abortable-preclean: 0.004/0.243 secs] [Times: user=0.06 sys=0.00, real=0.24 secs] 
2024-07-27T21:37:27.668+0800: 10.896: Application time: 0.0003821 seconds
2024-07-27T21:37:27.668+0800: 10.897: [GC (CMS Final Remark) [YG occupancy: 13679 K (78656 K)]2024-07-27T21:37:27.668+0800: 10.897: [Rescan (parallel) , 0.0007108 secs]2024-07-27T21:37:27.668+0800: 10.897: [weak refs processing, 0.0000143 secs]2024-07-27T21:37:27.668+0800: 10.897: [class unloading, 0.0001889 secs]2024-07-27T21:37:27.668+0800: 10.898: [scrub symbol table, 0.0003450 secs]2024-07-27T21:37:27.668+0800: 10.898: [scrub string table, 0.0001068 secs][1 CMS-remark: 432786K(456776K)] 446466K(535432K), 0.0014292 secs] [Times: user=0.00 sys=0.00, real=0.00 secs] 
2024-07-27T21:37:27.669+0800: 10.898: Total time for which application threads were stopped: 0.0015888 seconds, Stopping threads took: 0.0001237 seconds
2024-07-27T21:37:27.669+0800: 10.898: [CMS-concurrent-sweep-start]
2024-07-27T21:37:27.671+0800: 10.900: [CMS-concurrent-sweep: 0.001/0.001 secs] [Times: user=0.00 sys=0.00, real=0.00 secs] 
2024-07-27T21:37:27.671+0800: 10.900: [CMS-concurrent-reset-start]
2024-07-27T21:37:27.672+0800: 10.901: [CMS-concurrent-reset: 0.001/0.001 secs] [Times: user=0.00 sys=0.00, real=0.00 secs] 
2024-07-27T21:37:27.674+0800: 10.903: Application time: 0.0050061 seconds
2024-07-27T21:37:27.674+0800: 10.903: [GC (Allocation Failure) 2024-07-27T21:37:27.674+0800: 10.903: [ParNew: 77168K->8192K(78656K), 0.0119439 secs] 344064K->343697K(535432K), 0.0120066 secs] [Times: user=0.03 sys=0.00, real=0.01 secs] 
2024-07-27T21:37:27.686+0800: 10.915: Total time for which application threads were stopped: 0.0121029 seconds, Stopping threads took: 0.0000139 seconds
2024-07-27T21:37:27.686+0800: 10.915: Application time: 0.0002340 seconds
2024-07-27T21:37:27.686+0800: 10.916: [GC (CMS Initial Mark) [1 CMS-initial-mark: 335505K(456776K)] 347136K(535432K), 0.0007997 secs] [Times: user=0.00 sys=0.00, real=0.00 secs] 
2024-07-27T21:37:27.687+0800: 10.916: Total time for which application threads were stopped: 0.0010314 seconds, Stopping threads took: 0.0001903 seconds
2024-07-27T21:37:27.687+0800: 10.917: [CMS-concurrent-mark-start]
2024-07-27T21:37:27.689+0800: 10.919: [CMS-concurrent-mark: 0.002/0.002 secs] [Times: user=0.00 sys=0.00, real=0.00 secs] 
2024-07-27T21:37:27.689+0800: 10.919: [CMS-concurrent-preclean-start]
2024-07-27T21:37:27.690+0800: 10.919: [CMS-concurrent-preclean: 0.001/0.001 secs] [Times: user=0.00 sys=0.00, real=0.00 secs] 
2024-07-27T21:37:27.690+0800: 10.919: [CMS-concurrent-abortable-preclean-start]
2024-07-27T21:37:27.799+0800: 11.028: Application time: 0.1117301 seconds
2024-07-27T21:37:27.799+0800: 11.028: [GC (Allocation Failure) 2024-07-27T21:37:27.799+0800: 11.028: [ParNew: 77168K->8192K(78656K), 0.0069885 secs] 412673K->375441K(535432K), 0.0070626 secs] [Times: user=0.03 sys=0.00, real=0.01 secs] 
2024-07-27T21:37:27.806+0800: 11.035: Total time for which application threads were stopped: 0.0071711 seconds, Stopping threads took: 0.0000191 seconds
2024-07-27T21:37:27.921+0800: 11.150: Application time: 0.1150266 seconds
2024-07-27T21:37:27.921+0800: 11.150: [GC (Allocation Failure) 2024-07-27T21:37:27.921+0800: 11.150: [ParNew: 77168K->8192K(78656K), 0.0118878 secs] 444418K->444050K(535432K), 0.0119533 secs] [Times: user=0.03 sys=0.00, real=0.01 secs] 
2024-07-27T21:37:27.933+0800: 11.162: Total time for which application threads were stopped: 0.0120634 seconds, Stopping threads took: 0.0000195 seconds
2024-07-27T21:37:27.933+0800: 11.163: [CMS-concurrent-abortable-preclean: 0.005/0.243 secs] [Times: user=0.06 sys=0.00, real=0.24 secs] 
2024-07-27T21:37:27.934+0800: 11.163: Application time: 0.0003780 seconds
2024-07-27T21:37:27.934+0800: 11.163: [GC (CMS Final Remark) [YG occupancy: 13679 K (78656 K)]2024-07-27T21:37:27.934+0800: 11.163: [Rescan (parallel) , 0.0007860 secs]2024-07-27T21:37:27.935+0800: 11.164: [weak refs processing, 0.0000127 secs]2024-07-27T21:37:27.935+0800: 11.164: [class unloading, 0.0002134 secs]2024-07-27T21:37:27.935+0800: 11.164: [scrub symbol table, 0.0003442 secs]2024-07-27T21:37:27.935+0800: 11.164: [scrub string table, 0.0001004 secs][1 CMS-remark: 435858K(456776K)] 449538K(535432K), 0.0015197 secs] [Times: user=0.00 sys=0.00, real=0.00 secs] 
2024-07-27T21:37:27.935+0800: 11.164: Total time for which application threads were stopped: 0.0016983 seconds, Stopping threads took: 0.0001434 seconds
2024-07-27T21:37:27.936+0800: 11.165: [CMS-concurrent-sweep-start]
2024-07-27T21:37:27.937+0800: 11.166: [CMS-concurrent-sweep: 0.001/0.001 secs] [Times: user=0.00 sys=0.00, real=0.00 secs] 
2024-07-27T21:37:27.937+0800: 11.166: [CMS-concurrent-reset-start]
2024-07-27T21:37:27.938+0800: 11.167: [CMS-concurrent-reset: 0.001/0.001 secs] [Times: user=0.00 sys=0.00, real=0.00 secs] 
2024-07-27T21:37:27.940+0800: 11.169: Application time: 0.0049638 seconds
2024-07-27T21:37:27.940+0800: 11.170: [GC (Allocation Failure) 2024-07-27T21:37:27.940+0800: 11.170: [ParNew: 77168K->8192K(78656K), 0.0114650 secs] 346112K->345745K(535432K), 0.0115128 secs] [Times: user=0.03 sys=0.00, real=0.01 secs] 
2024-07-27T21:37:27.952+0800: 11.181: Total time for which application threads were stopped: 0.0116102 seconds, Stopping threads took: 0.0000134 seconds
2024-07-27T21:37:27.953+0800: 11.181: Application time: 0.0001520 seconds
2024-07-27T21:37:27.953+0800: 11.181: [GC (CMS Initial Mark) [1 CMS-initial-mark: 337553K(456776K)] 349184K(535432K), 0.0007143 secs] [Times: user=0.00 sys=0.00, real=0.00 secs] 
2024-07-27T21:37:27.953+0800: 11.182: Total time for which application threads were stopped: 0.0008681 seconds, Stopping threads took: 0.0001129 seconds
2024-07-27T21:37:27.953+0800: 11.182: [CMS-concurrent-mark-start]
2024-07-27T21:37:27.955+0800: 11.185: [CMS-concurrent-mark: 0.002/0.002 secs] [Times: user=0.00 sys=0.00, real=0.00 secs] 
2024-07-27T21:37:27.955+0800: 11.185: [CMS-concurrent-preclean-start]
2024-07-27T21:37:27.956+0800: 11.185: [CMS-concurrent-preclean: 0.001/0.001 secs] [Times: user=0.00 sys=0.00, real=0.00 secs] 
2024-07-27T21:37:27.956+0800: 11.185: [CMS-concurrent-abortable-preclean-start]
2024-07-27T21:37:28.065+0800: 11.294: Application time: 0.1118008 seconds
2024-07-27T21:37:28.065+0800: 11.294: [GC (Allocation Failure) 2024-07-27T21:37:28.065+0800: 11.294: [ParNew: 77168K->8192K(78656K), 0.0069486 secs] 414721K->378513K(535432K), 0.0070087 secs] [Times: user=0.03 sys=0.00, real=0.01 secs] 
2024-07-27T21:37:28.072+0800: 11.301: Total time for which application threads were stopped: 0.0071192 seconds, Stopping threads took: 0.0000206 seconds
2024-07-27T21:37:28.189+0800: 11.418: Application time: 0.1174404 seconds
2024-07-27T21:37:28.189+0800: 11.419: [GC (Allocation Failure) 2024-07-27T21:37:28.189+0800: 11.419: [ParNew: 77168K->8192K(78656K), 0.0115970 secs] 447490K->447122K(535432K), 0.0116572 secs] [Times: user=0.03 sys=0.00, real=0.01 secs] 
2024-07-27T21:37:28.201+0800: 11.430: Total time for which application threads were stopped: 0.0117800 seconds, Stopping threads took: 0.0000328 seconds
2024-07-27T21:37:28.201+0800: 11.430: [CMS-concurrent-abortable-preclean: 0.005/0.245 secs] [Times: user=0.06 sys=0.00, real=0.24 secs] 
2024-07-27T21:37:28.201+0800: 11.431: Application time: 0.0003273 seconds
2024-07-27T21:37:28.201+0800: 11.431: [GC (CMS Final Remark) [YG occupancy: 12655 K (78656 K)]2024-07-27T21:37:28.201+0800: 11.431: [Rescan (parallel) , 0.0007904 secs]2024-07-27T21:37:28.202+0800: 11.432: [weak refs processing, 0.0000174 secs]2024-07-27T21:37:28.202+0800: 11.432: [class unloading, 0.0001913 secs]2024-07-27T21:37:28.202+0800: 11.432: [scrub symbol table, 0.0003497 secs]2024-07-27T21:37:28.203+0800: 11.432: [scrub string table, 0.0001001 secs][1 CMS-remark: 438930K(456776K)] 451586K(535432K), 0.0015150 secs] [Times: user=0.00 sys=0.00, real=0.00 secs] 
2024-07-27T21:37:28.203+0800: 11.432: Total time for which application threads were stopped: 0.0016681 seconds, Stopping threads took: 0.0001171 seconds
2024-07-27T21:37:28.203+0800: 11.433: [CMS-concurrent-sweep-start]
2024-07-27T21:37:28.204+0800: 11.434: [CMS-concurrent-sweep: 0.001/0.001 secs] [Times: user=0.00 sys=0.00, real=0.00 secs] 
2024-07-27T21:37:28.204+0800: 11.434: [CMS-concurrent-reset-start]
2024-07-27T21:37:28.206+0800: 11.435: [CMS-concurrent-reset: 0.001/0.001 secs] [Times: user=0.00 sys=0.00, real=0.00 secs] 
2024-07-27T21:37:28.208+0800: 11.437: Application time: 0.0048695 seconds
2024-07-27T21:37:28.208+0800: 11.437: [GC (Allocation Failure) 2024-07-27T21:37:28.208+0800: 11.437: [ParNew: 77168K->8192K(78656K), 0.0117030 secs] 348160K->347793K(535432K), 0.0117514 secs] [Times: user=0.00 sys=0.00, real=0.01 secs] 
2024-07-27T21:37:28.219+0800: 11.449: Total time for which application threads were stopped: 0.0118560 seconds, Stopping threads took: 0.0000131 seconds
2024-07-27T21:37:28.220+0800: 11.449: Application time: 0.0001732 seconds
2024-07-27T21:37:28.220+0800: 11.449: [GC (CMS Initial Mark) [1 CMS-initial-mark: 339601K(456776K)] 351232K(535432K), 0.0007630 secs] [Times: user=0.00 sys=0.00, real=0.00 secs] 
2024-07-27T21:37:28.221+0800: 11.450: Total time for which application threads were stopped: 0.0009551 seconds, Stopping threads took: 0.0001333 seconds
2024-07-27T21:37:28.221+0800: 11.450: [CMS-concurrent-mark-start]
2024-07-27T21:37:28.224+0800: 11.453: [CMS-concurrent-mark: 0.003/0.003 secs] [Times: user=0.05 sys=0.00, real=0.00 secs] 
2024-07-27T21:37:28.224+0800: 11.453: [CMS-concurrent-preclean-start]
2024-07-27T21:37:28.224+0800: 11.454: [CMS-concurrent-preclean: 0.001/0.001 secs] [Times: user=0.00 sys=0.00, real=0.00 secs] 
2024-07-27T21:37:28.224+0800: 11.454: [CMS-concurrent-abortable-preclean-start]
2024-07-27T21:37:28.332+0800: 11.561: Application time: 0.1112326 seconds
2024-07-27T21:37:28.332+0800: 11.561: [GC (Allocation Failure) 2024-07-27T21:37:28.332+0800: 11.561: [ParNew: 77168K->8192K(78656K), 0.0074111 secs] 416769K->381585K(535432K), 0.0074850 secs] [Times: user=0.00 sys=0.00, real=0.01 secs] 
2024-07-27T21:37:28.340+0800: 11.569: Total time for which application threads were stopped: 0.0076092 seconds, Stopping threads took: 0.0000221 seconds
2024-07-27T21:37:28.457+0800: 11.685: Application time: 0.1164588 seconds
2024-07-27T21:37:28.457+0800: 11.685: [GC (Allocation Failure) 2024-07-27T21:37:28.457+0800: 11.686: [ParNew: 77168K->8192K(78656K), 0.0119284 secs] 450562K->450194K(535432K), 0.0119889 secs] [Times: user=0.03 sys=0.00, real=0.01 secs] 
2024-07-27T21:37:28.468+0800: 11.698: Total time for which application threads were stopped: 0.0121026 seconds, Stopping threads took: 0.0000194 seconds
2024-07-27T21:37:28.468+0800: 11.698: [CMS-concurrent-abortable-preclean: 0.005/0.244 secs] [Times: user=0.05 sys=0.00, real=0.24 secs] 
2024-07-27T21:37:28.468+0800: 11.698: Application time: 0.0002960 seconds
2024-07-27T21:37:28.468+0800: 11.698: [GC (CMS Final Remark) [YG occupancy: 12655 K (78656 K)]2024-07-27T21:37:28.468+0800: 11.698: [Rescan (parallel) , 0.0008612 secs]2024-07-27T21:37:28.470+0800: 11.699: [weak refs processing, 0.0000127 secs]2024-07-27T21:37:28.470+0800: 11.699: [class unloading, 0.0002166 secs]2024-07-27T21:37:28.470+0800: 11.699: [scrub symbol table, 0.0003825 secs]2024-07-27T21:37:28.470+0800: 11.699: [scrub string table, 0.0001032 secs][1 CMS-remark: 442002K(456776K)] 454658K(535432K), 0.0016432 secs] [Times: user=0.00 sys=0.00, real=0.00 secs] 
2024-07-27T21:37:28.470+0800: 11.700: Total time for which application threads were stopped: 0.0017444 seconds, Stopping threads took: 0.0000635 seconds
2024-07-27T21:37:28.470+0800: 11.700: [CMS-concurrent-sweep-start]
2024-07-27T21:37:28.472+0800: 11.701: [CMS-concurrent-sweep: 0.001/0.001 secs] [Times: user=0.00 sys=0.00, real=0.00 secs] 
2024-07-27T21:37:28.472+0800: 11.701: [CMS-concurrent-reset-start]
2024-07-27T21:37:28.473+0800: 11.702: [CMS-concurrent-reset: 0.001/0.001 secs] [Times: user=0.03 sys=0.00, real=0.00 secs] 
2024-07-27T21:37:28.475+0800: 11.705: Application time: 0.0049355 seconds
2024-07-27T21:37:28.475+0800: 11.705: [GC (Allocation Failure) 2024-07-27T21:37:28.475+0800: 11.705: [ParNew: 77168K->8192K(78656K), 0.0116638 secs] 350208K->349841K(535432K), 0.0117171 secs] [Times: user=0.00 sys=0.00, real=0.01 secs] 
2024-07-27T21:37:28.488+0800: 11.716: Total time for which application threads were stopped: 0.0118095 seconds, Stopping threads took: 0.0000126 seconds
2024-07-27T21:37:28.488+0800: 11.717: Application time: 0.0001859 seconds
2024-07-27T21:37:28.488+0800: 11.717: [GC (CMS Initial Mark) [1 CMS-initial-mark: 341649K(456776K)] 353280K(535432K), 0.0008193 secs] [Times: user=0.00 sys=0.00, real=0.00 secs] 
2024-07-27T21:37:28.488+0800: 11.717: Total time for which application threads were stopped: 0.0008996 seconds, Stopping threads took: 0.0000410 seconds
2024-07-27T21:37:28.488+0800: 11.718: [CMS-concurrent-mark-start]
2024-07-27T21:37:28.490+0800: 11.720: [CMS-concurrent-mark: 0.002/0.002 secs] [Times: user=0.05 sys=0.00, real=0.00 secs] 
2024-07-27T21:37:28.490+0800: 11.720: [CMS-concurrent-preclean-start]
2024-07-27T21:37:28.491+0800: 11.720: [CMS-concurrent-preclean: 0.001/0.001 secs] [Times: user=0.00 sys=0.00, real=0.00 secs] 
2024-07-27T21:37:28.491+0800: 11.720: [CMS-concurrent-abortable-preclean-start]
2024-07-27T21:37:28.599+0800: 11.828: Application time: 0.1101772 seconds
2024-07-27T21:37:28.599+0800: 11.828: [GC (Allocation Failure) 2024-07-27T21:37:28.599+0800: 11.828: [ParNew: 77168K->8192K(78656K), 0.0073207 secs] 418817K->384657K(535432K), 0.0073814 secs] [Times: user=0.00 sys=0.00, real=0.01 secs] 
2024-07-27T21:37:28.606+0800: 11.835: Total time for which application threads were stopped: 0.0074895 seconds, Stopping threads took: 0.0000193 seconds
2024-07-27T21:37:28.723+0800: 11.952: Application time: 0.1169022 seconds
2024-07-27T21:37:28.723+0800: 11.952: [GC (Allocation Failure) 2024-07-27T21:37:28.723+0800: 11.952: [ParNew: 77168K->8192K(78656K), 0.0118158 secs] 453634K->453266K(535432K), 0.0118852 secs] [Times: user=0.13 sys=0.00, real=0.01 secs] 
2024-07-27T21:37:28.735+0800: 11.964: Total time for which application threads were stopped: 0.0119941 seconds, Stopping threads took: 0.0000202 seconds
2024-07-27T21:37:28.735+0800: 11.964: [CMS-concurrent-abortable-preclean: 0.005/0.244 secs] [Times: user=0.14 sys=0.00, real=0.24 secs] 
2024-07-27T21:37:28.735+0800: 11.964: Application time: 0.0003075 seconds
2024-07-27T21:37:28.735+0800: 11.964: [GC (CMS Final Remark) [YG occupancy: 12655 K (78656 K)]2024-07-27T21:37:28.735+0800: 11.964: [Rescan (parallel) , 0.0008386 secs]2024-07-27T21:37:28.736+0800: 11.965: [weak refs processing, 0.0000127 secs]2024-07-27T21:37:28.736+0800: 11.965: [class unloading, 0.0002061 secs]2024-07-27T21:37:28.736+0800: 11.966: [scrub symbol table, 0.0003491 secs]2024-07-27T21:37:28.737+0800: 11.966: [scrub string table, 0.0001001 secs][1 CMS-remark: 445074K(456776K)] 457730K(535432K), 0.0015693 secs] [Times: user=0.00 sys=0.00, real=0.00 secs] 
2024-07-27T21:37:28.737+0800: 11.966: Total time for which application threads were stopped: 0.0017163 seconds, Stopping threads took: 0.0001108 seconds
2024-07-27T21:37:28.737+0800: 11.966: [CMS-concurrent-sweep-start]
2024-07-27T21:37:28.738+0800: 11.967: [CMS-concurrent-sweep: 0.001/0.001 secs] [Times: user=0.00 sys=0.00, real=0.00 secs] 
2024-07-27T21:37:28.739+0800: 11.968: [CMS-concurrent-reset-start]
2024-07-27T21:37:28.740+0800: 11.969: [CMS-concurrent-reset: 0.001/0.001 secs] [Times: user=0.00 sys=0.00, real=0.00 secs] 
2024-07-27T21:37:28.742+0800: 11.971: Application time: 0.0051370 seconds
2024-07-27T21:37:28.742+0800: 11.971: [GC (Allocation Failure) 2024-07-27T21:37:28.742+0800: 11.971: [ParNew: 77168K->8192K(78656K), 0.0124246 secs] 352256K->351889K(537140K), 0.0124736 secs] [Times: user=0.03 sys=0.00, real=0.01 secs] 
2024-07-27T21:37:28.754+0800: 11.984: Total time for which application threads were stopped: 0.0125729 seconds, Stopping threads took: 0.0000148 seconds
2024-07-27T21:37:28.755+0800: 11.984: Application time: 0.0002088 seconds
2024-07-27T21:37:28.755+0800: 11.984: [GC (CMS Initial Mark) [1 CMS-initial-mark: 343697K(458484K)] 355328K(537140K), 0.0007701 secs] [Times: user=0.00 sys=0.00, real=0.00 secs] 
2024-07-27T21:37:28.755+0800: 11.985: Total time for which application threads were stopped: 0.0008764 seconds, Stopping threads took: 0.0000658 seconds
2024-07-27T21:37:28.755+0800: 11.985: [CMS-concurrent-mark-start]
2024-07-27T21:37:28.758+0800: 11.987: [CMS-concurrent-mark: 0.002/0.002 secs] [Times: user=0.00 sys=0.00, real=0.00 secs] 
2024-07-27T21:37:28.758+0800: 11.987: [CMS-concurrent-preclean-start]
2024-07-27T21:37:28.758+0800: 11.988: [CMS-concurrent-preclean: 0.001/0.001 secs] [Times: user=0.00 sys=0.00, real=0.00 secs] 
2024-07-27T21:37:28.758+0800: 11.988: [CMS-concurrent-abortable-preclean-start]
2024-07-27T21:37:28.867+0800: 12.096: Application time: 0.1115990 seconds
2024-07-27T21:37:28.867+0800: 12.096: [GC (Allocation Failure) 2024-07-27T21:37:28.867+0800: 12.097: [ParNew: 77168K->8192K(78656K), 0.0074445 secs] 420865K->387729K(537140K), 0.0075047 secs] [Times: user=0.00 sys=0.00, real=0.01 secs] 
2024-07-27T21:37:28.875+0800: 12.104: Total time for which application threads were stopped: 0.0076156 seconds, Stopping threads took: 0.0000199 seconds
2024-07-27T21:37:28.990+0800: 12.219: Application time: 0.1150073 seconds
2024-07-27T21:37:28.990+0800: 12.219: [GC (Allocation Failure) 2024-07-27T21:37:28.990+0800: 12.219: [ParNew: 77168K->8192K(78656K), 0.0122040 secs] 456706K->456338K(537140K), 0.0122740 secs] [Times: user=0.00 sys=0.00, real=0.01 secs] 
2024-07-27T21:37:29.003+0800: 12.231: Total time for which application threads were stopped: 0.0123862 seconds, Stopping threads took: 0.0000202 seconds
2024-07-27T21:37:29.003+0800: 12.232: [CMS-concurrent-abortable-preclean: 0.005/0.244 secs] [Times: user=0.00 sys=0.00, real=0.25 secs] 
2024-07-27T21:37:29.003+0800: 12.232: Application time: 0.0003154 seconds
2024-07-27T21:37:29.003+0800: 12.232: [GC (CMS Final Remark) [YG occupancy: 12655 K (78656 K)]2024-07-27T21:37:29.003+0800: 12.232: [Rescan (parallel) , 0.0008136 secs]2024-07-27T21:37:29.004+0800: 12.233: [weak refs processing, 0.0000127 secs]2024-07-27T21:37:29.004+0800: 12.233: [class unloading, 0.0002271 secs]2024-07-27T21:37:29.004+0800: 12.233: [scrub symbol table, 0.0003450 secs]2024-07-27T21:37:29.005+0800: 12.233: [scrub string table, 0.0001087 secs][1 CMS-remark: 448146K(458484K)] 460802K(537140K), 0.0015813 secs] [Times: user=0.02 sys=0.02, real=0.00 secs] 
2024-07-27T21:37:29.005+0800: 12.234: Total time for which application threads were stopped: 0.0017588 seconds, Stopping threads took: 0.0001398 seconds
2024-07-27T21:37:29.005+0800: 12.234: [CMS-concurrent-sweep-start]
2024-07-27T21:37:29.007+0800: 12.236: [CMS-concurrent-sweep: 0.002/0.002 secs] [Times: user=0.00 sys=0.00, real=0.00 secs] 
2024-07-27T21:37:29.007+0800: 12.236: [CMS-concurrent-reset-start]
2024-07-27T21:37:29.008+0800: 12.237: [CMS-concurrent-reset: 0.001/0.001 secs] [Times: user=0.00 sys=0.00, real=0.00 secs] 
2024-07-27T21:37:29.009+0800: 12.238: Application time: 0.0048766 seconds
2024-07-27T21:37:29.010+0800: 12.238: [GC (Allocation Failure) 2024-07-27T21:37:29.010+0800: 12.238: [ParNew: 77168K->8192K(78656K), 0.0120446 secs] 182270K->181902K(537140K), 0.0120931 secs] [Times: user=0.03 sys=0.00, real=0.01 secs] 
2024-07-27T21:37:29.022+0800: 12.251: Total time for which application threads were stopped: 0.0121973 seconds, Stopping threads took: 0.0000142 seconds
2024-07-27T21:37:29.022+0800: 12.251: Application time: 0.0001714 seconds
2024-07-27T21:37:29.022+0800: 12.251: [GC (CMS Initial Mark) [1 CMS-initial-mark: 173710K(458484K)] 182926K(537140K), 0.0006680 secs] [Times: user=0.00 sys=0.00, real=0.00 secs] 
2024-07-27T21:37:29.023+0800: 12.252: Total time for which application threads were stopped: 0.0008644 seconds, Stopping threads took: 0.0001551 seconds
2024-07-27T21:37:29.023+0800: 12.252: [CMS-concurrent-mark-start]
2024-07-27T21:37:29.025+0800: 12.254: [CMS-concurrent-mark: 0.002/0.002 secs] [Times: user=0.00 sys=0.00, real=0.00 secs] 
2024-07-27T21:37:29.025+0800: 12.254: [CMS-concurrent-preclean-start]
2024-07-27T21:37:29.025+0800: 12.254: [CMS-concurrent-preclean: 0.001/0.001 secs] [Times: user=0.00 sys=0.00, real=0.00 secs] 
2024-07-27T21:37:29.025+0800: 12.254: [CMS-concurrent-abortable-preclean-start]
2024-07-27T21:37:29.132+0800: 12.361: Application time: 0.1095806 seconds
2024-07-27T21:37:29.132+0800: 12.361: [GC (Allocation Failure) 2024-07-27T21:37:29.132+0800: 12.361: [ParNew: 77168K->8192K(78656K), 0.0072850 secs] 250879K->218767K(537140K), 0.0073477 secs] [Times: user=0.00 sys=0.00, real=0.01 secs] 
2024-07-27T21:37:29.140+0800: 12.369: Total time for which application threads were stopped: 0.0074620 seconds, Stopping threads took: 0.0000191 seconds
2024-07-27T21:37:29.256+0800: 12.485: Application time: 0.1166377 seconds
2024-07-27T21:37:29.256+0800: 12.485: [GC (Allocation Failure) 2024-07-27T21:37:29.256+0800: 12.485: [ParNew: 77168K->8192K(78656K), 0.0123857 secs] 287743K->287376K(537140K), 0.0124449 secs] [Times: user=0.00 sys=0.00, real=0.01 secs] 
2024-07-27T21:37:29.268+0800: 12.498: Total time for which application threads were stopped: 0.0125575 seconds, Stopping threads took: 0.0000194 seconds
2024-07-27T21:37:29.268+0800: 12.498: [CMS-concurrent-abortable-preclean: 0.005/0.244 secs] [Times: user=0.00 sys=0.00, real=0.24 secs] 
2024-07-27T21:37:29.269+0800: 12.498: Application time: 0.0002964 seconds
2024-07-27T21:37:29.269+0800: 12.498: [GC (CMS Final Remark) [YG occupancy: 12655 K (78656 K)]2024-07-27T21:37:29.269+0800: 12.498: [Rescan (parallel) , 0.0006763 secs]2024-07-27T21:37:29.269+0800: 12.499: [weak refs processing, 0.0000158 secs]2024-07-27T21:37:29.270+0800: 12.499: [class unloading, 0.0001890 secs]2024-07-27T21:37:29.270+0800: 12.499: [scrub symbol table, 0.0003269 secs]2024-07-27T21:37:29.270+0800: 12.500: [scrub string table, 0.0001137 secs][1 CMS-remark: 279184K(458484K)] 291839K(537140K), 0.0013853 secs] [Times: user=0.00 sys=0.01, real=0.00 secs] 
2024-07-27T21:37:29.270+0800: 12.500: Total time for which application threads were stopped: 0.0015797 seconds, Stopping threads took: 0.0001589 seconds
2024-07-27T21:37:29.270+0800: 12.500: [CMS-concurrent-sweep-start]
2024-07-27T21:37:29.272+0800: 12.501: [CMS-concurrent-sweep: 0.001/0.001 secs] [Times: user=0.00 sys=0.00, real=0.00 secs] 
2024-07-27T21:37:29.272+0800: 12.501: [CMS-concurrent-reset-start]
2024-07-27T21:37:29.274+0800: 12.502: [CMS-concurrent-reset: 0.001/0.001 secs] [Times: user=0.00 sys=0.00, real=0.00 secs] 
2024-07-27T21:37:29.276+0800: 12.505: Application time: 0.0049236 seconds
2024-07-27T21:37:29.276+0800: 12.505: [GC (Allocation Failure) 2024-07-27T21:37:29.276+0800: 12.505: [ParNew: 77168K->8192K(78656K), 0.0147237 secs] 356352K->355985K(543964K), 0.0147716 secs] [Times: user=0.03 sys=0.00, real=0.01 secs] 
2024-07-27T21:37:29.290+0800: 12.520: Total time for which application threads were stopped: 0.0148757 seconds, Stopping threads took: 0.0000145 seconds
2024-07-27T21:37:29.290+0800: 12.520: Application time: 0.0002451 seconds
2024-07-27T21:37:29.290+0800: 12.520: [GC (CMS Initial Mark) [1 CMS-initial-mark: 347793K(465308K)] 359424K(543964K), 0.0007966 secs] [Times: user=0.00 sys=0.00, real=0.00 secs] 
2024-07-27T21:37:29.292+0800: 12.521: Total time for which application threads were stopped: 0.0009322 seconds, Stopping threads took: 0.0000949 seconds
2024-07-27T21:37:29.292+0800: 12.521: [CMS-concurrent-mark-start]
2024-07-27T21:37:29.294+0800: 12.523: [CMS-concurrent-mark: 0.002/0.002 secs] [Times: user=0.00 sys=0.00, real=0.00 secs] 
2024-07-27T21:37:29.294+0800: 12.523: [CMS-concurrent-preclean-start]
2024-07-27T21:37:29.294+0800: 12.524: [CMS-concurrent-preclean: 0.001/0.001 secs] [Times: user=0.00 sys=0.00, real=0.00 secs] 
2024-07-27T21:37:29.294+0800: 12.524: [CMS-concurrent-abortable-preclean-start]
2024-07-27T21:37:29.400+0800: 12.629: Application time: 0.1086573 seconds
2024-07-27T21:37:29.400+0800: 12.629: [GC (Allocation Failure) 2024-07-27T21:37:29.400+0800: 12.630: [ParNew: 77168K->8192K(78656K), 0.0078332 secs] 424961K->393873K(543964K), 0.0079073 secs] [Times: user=0.00 sys=0.00, real=0.01 secs] 
2024-07-27T21:37:29.408+0800: 12.637: Total time for which application threads were stopped: 0.0080189 seconds, Stopping threads took: 0.0000190 seconds
2024-07-27T21:37:29.525+0800: 12.753: Application time: 0.1160028 seconds
2024-07-27T21:37:29.525+0800: 12.754: [GC (Allocation Failure) 2024-07-27T21:37:29.525+0800: 12.754: [ParNew: 77168K->8192K(78656K), 0.0120073 secs] 462850K->462482K(543964K), 0.0120673 secs] [Times: user=0.03 sys=0.00, real=0.01 secs] 
2024-07-27T21:37:29.536+0800: 12.766: Total time for which application threads were stopped: 0.0121834 seconds, Stopping threads took: 0.0000274 seconds
2024-07-27T21:37:29.536+0800: 12.766: [CMS-concurrent-abortable-preclean: 0.005/0.242 secs] [Times: user=0.05 sys=0.00, real=0.24 secs] 
2024-07-27T21:37:29.537+0800: 12.766: Application time: 0.0002843 seconds
2024-07-27T21:37:29.537+0800: 12.766: [GC (CMS Final Remark) [YG occupancy: 11631 K (78656 K)]2024-07-27T21:37:29.537+0800: 12.766: [Rescan (parallel) , 0.0005651 secs]2024-07-27T21:37:29.538+0800: 12.767: [weak refs processing, 0.0000149 secs]2024-07-27T21:37:29.538+0800: 12.767: [class unloading, 0.0001936 secs]2024-07-27T21:37:29.538+0800: 12.767: [scrub symbol table, 0.0003435 secs]2024-07-27T21:37:29.538+0800: 12.767: [scrub string table, 0.0001123 secs][1 CMS-remark: 454290K(465308K)] 465922K(543964K), 0.0012929 secs] [Times: user=0.00 sys=0.00, real=0.00 secs] 
2024-07-27T21:37:29.538+0800: 12.767: Total time for which application threads were stopped: 0.0014546 seconds, Stopping threads took: 0.0001265 seconds
2024-07-27T21:37:29.538+0800: 12.768: [CMS-concurrent-sweep-start]
2024-07-27T21:37:29.540+0800: 12.769: [CMS-concurrent-sweep: 0.001/0.001 secs] [Times: user=0.00 sys=0.00, real=0.00 secs] 
2024-07-27T21:37:29.540+0800: 12.769: [CMS-concurrent-reset-start]
2024-07-27T21:37:29.541+0800: 12.770: [CMS-concurrent-reset: 0.001/0.001 secs] [Times: user=0.00 sys=0.00, real=0.00 secs] 
2024-07-27T21:37:29.543+0800: 12.772: Application time: 0.0049114 seconds
2024-07-27T21:37:29.543+0800: 12.772: [GC (Allocation Failure) 2024-07-27T21:37:29.543+0800: 12.772: [ParNew: 77168K->8192K(78656K), 0.0130950 secs] 358400K->358033K(547380K), 0.0131419 secs] [Times: user=0.03 sys=0.00, real=0.01 secs] 
2024-07-27T21:37:29.556+0800: 12.786: Total time for which application threads were stopped: 0.0132361 seconds, Stopping threads took: 0.0000127 seconds
2024-07-27T21:37:29.557+0800: 12.786: Application time: 0.0001735 seconds
2024-07-27T21:37:29.557+0800: 12.786: [GC (CMS Initial Mark) [1 CMS-initial-mark: 349841K(468724K)] 361473K(547380K), 0.0006523 secs] [Times: user=0.00 sys=0.00, real=0.00 secs] 
2024-07-27T21:37:29.558+0800: 12.787: Total time for which application threads were stopped: 0.0008614 seconds, Stopping threads took: 0.0001672 seconds
2024-07-27T21:37:29.558+0800: 12.787: [CMS-concurrent-mark-start]
2024-07-27T21:37:29.560+0800: 12.789: [CMS-concurrent-mark: 0.002/0.002 secs] [Times: user=0.00 sys=0.00, real=0.00 secs] 
2024-07-27T21:37:29.560+0800: 12.789: [CMS-concurrent-preclean-start]
2024-07-27T21:37:29.560+0800: 12.789: [CMS-concurrent-preclean: 0.001/0.001 secs] [Times: user=0.00 sys=0.00, real=0.00 secs] 
2024-07-27T21:37:29.560+0800: 12.789: [CMS-concurrent-abortable-preclean-start]
2024-07-27T21:37:29.669+0800: 12.898: Application time: 0.1117724 seconds
2024-07-27T21:37:29.669+0800: 12.898: [GC (Allocation Failure) 2024-07-27T21:37:29.669+0800: 12.898: [ParNew: 77168K->8192K(78656K), 0.0077834 secs] 427010K->396945K(547380K), 0.0078459 secs] [Times: user=0.03 sys=0.00, real=0.01 secs] 
2024-07-27T21:37:29.677+0800: 12.906: Total time for which application threads were stopped: 0.0079550 seconds, Stopping threads took: 0.0000207 seconds
2024-07-27T21:37:29.792+0800: 13.022: Application time: 0.1155253 seconds
2024-07-27T21:37:29.793+0800: 13.022: [GC (Allocation Failure) 2024-07-27T21:37:29.793+0800: 13.022: [ParNew: 77868K->8194K(78656K), 0.0118981 secs] 466622K->465557K(547380K), 0.0119581 secs] [Times: user=0.03 sys=0.00, real=0.01 secs] 
2024-07-27T21:37:29.804+0800: 13.034: Total time for which application threads were stopped: 0.0120727 seconds, Stopping threads took: 0.0000214 seconds
2024-07-27T21:37:29.804+0800: 13.034: [CMS-concurrent-abortable-preclean: 0.005/0.245 secs] [Times: user=0.06 sys=0.00, real=0.24 secs] 
2024-07-27T21:37:29.805+0800: 13.034: Application time: 0.0002996 seconds
2024-07-27T21:37:29.805+0800: 13.034: [GC (CMS Final Remark) [YG occupancy: 12652 K (78656 K)]2024-07-27T21:37:29.805+0800: 13.034: [Rescan (parallel) , 0.0009416 secs]2024-07-27T21:37:29.806+0800: 13.035: [weak refs processing, 0.0000125 secs]2024-07-27T21:37:29.806+0800: 13.035: [class unloading, 0.0002095 secs]2024-07-27T21:37:29.806+0800: 13.035: [scrub symbol table, 0.0003449 secs]2024-07-27T21:37:29.806+0800: 13.036: [scrub string table, 0.0001010 secs][1 CMS-remark: 457362K(468724K)] 470015K(547380K), 0.0016718 secs] [Times: user=0.00 sys=0.00, real=0.00 secs] 
2024-07-27T21:37:29.806+0800: 13.036: Total time for which application threads were stopped: 0.0017696 seconds, Stopping threads took: 0.0000630 seconds
2024-07-27T21:37:29.807+0800: 13.036: [CMS-concurrent-sweep-start]
2024-07-27T21:37:29.809+0800: 13.038: [CMS-concurrent-sweep: 0.002/0.002 secs] [Times: user=0.00 sys=0.00, real=0.00 secs] 
2024-07-27T21:37:29.809+0800: 13.038: [CMS-concurrent-reset-start]
2024-07-27T21:37:29.810+0800: 13.039: [CMS-concurrent-reset: 0.001/0.001 secs] [Times: user=0.00 sys=0.00, real=0.00 secs] 
2024-07-27T21:37:29.813+0800: 13.041: Application time: 0.0052854 seconds
2024-07-27T21:37:29.813+0800: 13.041: [GC (Allocation Failure) 2024-07-27T21:37:29.813+0800: 13.041: [ParNew: 77165K->8192K(78656K), 0.0125441 secs] 185339K->184974K(547380K), 0.0125926 secs] [Times: user=0.03 sys=0.00, real=0.01 secs] 
2024-07-27T21:37:29.825+0800: 13.054: Total time for which application threads were stopped: 0.0126925 seconds, Stopping threads took: 0.0000153 seconds
2024-07-27T21:37:29.825+0800: 13.054: Application time: 0.0002506 seconds
2024-07-27T21:37:29.825+0800: 13.054: [GC (CMS Initial Mark) [1 CMS-initial-mark: 176782K(468724K)] 188411K(547380K), 0.0007972 secs] [Times: user=0.00 sys=0.00, real=0.00 secs] 
2024-07-27T21:37:29.826+0800: 13.055: Total time for which application threads were stopped: 0.0008946 seconds, Stopping threads took: 0.0000576 seconds
2024-07-27T21:37:29.826+0800: 13.055: [CMS-concurrent-mark-start]
2024-07-27T21:37:29.828+0800: 13.057: [CMS-concurrent-mark: 0.002/0.002 secs] [Times: user=0.00 sys=0.00, real=0.00 secs] 
2024-07-27T21:37:29.828+0800: 13.057: [CMS-concurrent-preclean-start]
2024-07-27T21:37:29.828+0800: 13.057: [CMS-concurrent-preclean: 0.001/0.001 secs] [Times: user=0.00 sys=0.00, real=0.00 secs] 
2024-07-27T21:37:29.828+0800: 13.057: [CMS-concurrent-abortable-preclean-start]
2024-07-27T21:37:29.937+0800: 13.166: Application time: 0.1110143 seconds
2024-07-27T21:37:29.937+0800: 13.166: [GC (Allocation Failure) 2024-07-27T21:37:29.937+0800: 13.166: [ParNew: 77165K->8192K(78656K), 0.0081386 secs] 253948K->224911K(547380K), 0.0081975 secs] [Times: user=0.03 sys=0.00, real=0.01 secs] 
2024-07-27T21:37:29.946+0800: 13.174: Total time for which application threads were stopped: 0.0083094 seconds, Stopping threads took: 0.0000196 seconds
2024-07-27T21:37:30.062+0800: 13.291: Application time: 0.1165538 seconds
2024-07-27T21:37:30.062+0800: 13.291: [GC (Allocation Failure) 2024-07-27T21:37:30.062+0800: 13.291: [ParNew: 77166K->8192K(78656K), 0.0131592 secs] 293886K->293520K(547380K), 0.0132245 secs] [Times: user=0.03 sys=0.00, real=0.01 secs] 
2024-07-27T21:37:30.075+0800: 13.304: Total time for which application threads were stopped: 0.0133318 seconds, Stopping threads took: 0.0000190 seconds
2024-07-27T21:37:30.076+0800: 13.304: [CMS-concurrent-abortable-preclean: 0.005/0.247 secs] [Times: user=0.06 sys=0.00, real=0.25 secs] 
2024-07-27T21:37:30.076+0800: 13.305: Application time: 0.0004200 seconds
2024-07-27T21:37:30.076+0800: 13.305: [GC (CMS Final Remark) [YG occupancy: 14702 K (78656 K)]2024-07-27T21:37:30.076+0800: 13.305: [Rescan (parallel) , 0.0009548 secs]2024-07-27T21:37:30.077+0800: 13.306: [weak refs processing, 0.0000125 secs]2024-07-27T21:37:30.077+0800: 13.306: [class unloading, 0.0001934 secs]2024-07-27T21:37:30.077+0800: 13.306: [scrub symbol table, 0.0003357 secs]2024-07-27T21:37:30.078+0800: 13.306: [scrub string table, 0.0001010 secs][1 CMS-remark: 285328K(468724K)] 300030K(547380K), 0.0016641 secs] [Times: user=0.00 sys=0.00, real=0.00 secs] 
2024-07-27T21:37:30.078+0800: 13.307: Total time for which application threads were stopped: 0.0017794 seconds, Stopping threads took: 0.0000792 seconds
2024-07-27T21:37:30.078+0800: 13.307: [CMS-concurrent-sweep-start]
2024-07-27T21:37:30.079+0800: 13.308: [CMS-concurrent-sweep: 0.001/0.001 secs] [Times: user=0.00 sys=0.00, real=0.00 secs] 
2024-07-27T21:37:30.079+0800: 13.308: [CMS-concurrent-reset-start]
2024-07-27T21:37:30.081+0800: 13.309: [CMS-concurrent-reset: 0.001/0.001 secs] [Times: user=0.00 sys=0.00, real=0.00 secs] 
2024-07-27T21:37:30.082+0800: 13.311: Application time: 0.0045740 seconds
2024-07-27T21:37:30.082+0800: 13.311: [GC (Allocation Failure) 2024-07-27T21:37:30.082+0800: 13.311: [ParNew: 77167K->8192K(78656K), 0.0143506 secs] 362495K->362129K(554204K), 0.0143984 secs] [Times: user=0.03 sys=0.00, real=0.01 secs] 
2024-07-27T21:37:30.097+0800: 13.326: Total time for which application threads were stopped: 0.0144906 seconds, Stopping threads took: 0.0000130 seconds
2024-07-27T21:37:30.097+0800: 13.326: Application time: 0.0001879 seconds
2024-07-27T21:37:30.097+0800: 13.326: [GC (CMS Initial Mark) [1 CMS-initial-mark: 353937K(475548K)] 365568K(554204K), 0.0006621 secs] [Times: user=0.00 sys=0.00, real=0.00 secs] 
2024-07-27T21:37:30.098+0800: 13.327: Total time for which application threads were stopped: 0.0008167 seconds, Stopping threads took: 0.0001129 seconds
2024-07-27T21:37:30.098+0800: 13.327: [CMS-concurrent-mark-start]
2024-07-27T21:37:30.100+0800: 13.329: [CMS-concurrent-mark: 0.002/0.002 secs] [Times: user=0.05 sys=0.00, real=0.00 secs] 
2024-07-27T21:37:30.100+0800: 13.329: [CMS-concurrent-preclean-start]
2024-07-27T21:37:30.100+0800: 13.329: [CMS-concurrent-preclean: 0.001/0.001 secs] [Times: user=0.00 sys=0.00, real=0.00 secs] 
2024-07-27T21:37:30.100+0800: 13.329: [CMS-concurrent-abortable-preclean-start]
Heap
 par new generation   total 78656K, used 29414K [0x00000000c8000000, 0x00000000cd550000, 0x00000000daaa0000)
  eden space 69952K,  30% used [0x00000000c8000000, 0x00000000c94b99c8, 0x00000000cc450000)
  from space 8704K,  94% used [0x00000000cccd0000, 0x00000000cd4d0080, 0x00000000cd550000)
  to   space 8704K,   0% used [0x00000000cc450000, 0x00000000cc450000, 0x00000000cccd0000)
 concurrent mark-sweep generation total 475548K, used 353937K [0x00000000daaa0000, 0x00000000f7b07000, 0x0000000100000000)
 Metaspace       used 2943K, capacity 4486K, committed 4864K, reserved 1056768K
  class space    used 305K, capacity 386K, committed 512K, reserved 1048576K
2024-07-27T21:37:30.203+0800: 13.432: Application time: 0.1052713 seconds
