OpenJDK 64-Bit Server VM (25.412-b1) for windows-amd64 JRE (1.8.0_412-b1), built on Apr 23 2024 12:00:37 by "Administrator" with MS VC++ 10.0 (VS2010)
Memory: 4k page, physical 16672068k(5547384k free), swap 19162436k(4669404k free)
CommandLine flags: -XX:GCDrainStackTargetSize=64 -XX:InitialHeapSize=266753088 -XX:MaxHeapSize=939524096 -XX:MaxNewSize=313176064 -XX:MaxTenuringThreshold=6 -XX:OldPLABSize=16 -XX:+PrintGC -XX:+PrintGCApplicationConcurrentTime -XX:+PrintGCApplicationStoppedTime -XX:+PrintGCDateStamps -XX:+PrintGCDetails -XX:+PrintGCTimeStamps -XX:+UseCompressedClassPointers -XX:+UseCompressedOops -XX:+UseConcMarkSweepGC -XX:-UseLargePagesIndividualAllocation -XX:+UseParNewGC 
2024-07-27T21:37:30.378+0800: 0.109: Application time: 0.0379815 seconds
2024-07-27T21:37:30.378+0800: 0.109: [GC (Allocation Failure) 2024-07-27T21:37:30.378+0800: 0.110: [ParNew: 68984K->7894K(78656K), 0.0402620 secs] 68984K->68313K(253440K), 0.0404993 secs] [Times: user=0.06 sys=0.03, real=0.04 secs] 
2024-07-27T21:37:30.419+0800: 0.150: Total time for which application threads were stopped: 0.0406575 seconds, Stopping threads took: 0.0000283 seconds
2024-07-27T21:37:30.538+0800: 0.269: Application time: 0.1193171 seconds
2024-07-27T21:37:30.538+0800: 0.269: [GC (Allocation Failure) 2024-07-27T21:37:30.538+0800: 0.269: [ParNew: 76864K->8533K(78656K), 0.0246211 secs] 137283K->137185K(253440K), 0.0246804 secs] [Times: user=0.03 sys=0.01, real=0.02 secs] 
2024-07-27T21:37:30.563+0800: 0.294: Total time for which application threads were stopped: 0.0247920 seconds, Stopping threads took: 0.0000192 seconds
2024-07-27T21:37:30.563+0800: 0.294: Application time: 0.0002115 seconds
2024-07-27T21:37:30.563+0800: 0.294: [GC (CMS Initial Mark) [1 CMS-initial-mark: 128651K(174784K)] 140612K(253440K), 0.0008794 secs] [Times: user=0.00 sys=0.00, real=0.00 secs] 
2024-07-27T21:37:30.564+0800: 0.295: Total time for which application threads were stopped: 0.0010571 seconds, Stopping threads took: 0.0001362 seconds
2024-07-27T21:37:30.564+0800: 0.295: [CMS-concurrent-mark-start]
2024-07-27T21:37:30.568+0800: 0.299: [CMS-concurrent-mark: 0.003/0.003 secs] [Times: user=0.02 sys=0.00, real=0.00 secs] 
2024-07-27T21:37:30.568+0800: 0.299: [CMS-concurrent-preclean-start]
2024-07-27T21:37:30.568+0800: 0.300: [CMS-concurrent-preclean: 0.001/0.001 secs] [Times: user=0.00 sys=0.00, real=0.00 secs] 
2024-07-27T21:37:30.568+0800: 0.300: [CMS-concurrent-abortable-preclean-start]
2024-07-27T21:37:30.678+0800: 0.409: Application time: 0.1141133 seconds
2024-07-27T21:37:30.678+0800: 0.410: [GC (Allocation Failure) 2024-07-27T21:37:30.678+0800: 0.410: [ParNew: 77497K->28K(78656K), 0.0008390 secs] 206149K->128681K(253440K), 0.0009048 secs] [Times: user=0.00 sys=0.00, real=0.00 secs] 
2024-07-27T21:37:30.679+0800: 0.411: Total time for which application threads were stopped: 0.0010713 seconds, Stopping threads took: 0.0000508 seconds
2024-07-27T21:37:30.683+0800: 0.415: Application time: 0.0044701 seconds
2024-07-27T21:37:30.683+0800: 0.415: [GC (Allocation Failure) 2024-07-27T21:37:30.683+0800: 0.415: [ParNew: 68997K->8196K(78656K), 0.0290151 secs] 197650K->197266K(268860K), 0.0290614 secs] [Times: user=0.08 sys=0.00, real=0.03 secs] 
2024-07-27T21:37:30.712+0800: 0.444: Total time for which application threads were stopped: 0.0291577 seconds, Stopping threads took: 0.0000140 seconds
2024-07-27T21:37:30.822+0800: 0.554: Application time: 0.1099246 seconds
2024-07-27T21:37:30.822+0800: 0.554: [GC (Allocation Failure) 2024-07-27T21:37:30.822+0800: 0.554: [ParNew: 77168K->8192K(78656K), 0.0234478 secs] 266238K->265872K(337736K), 0.0235020 secs] [Times: user=0.02 sys=0.02, real=0.02 secs] 
2024-07-27T21:37:30.846+0800: 0.578: Total time for which application threads were stopped: 0.0236124 seconds, Stopping threads took: 0.0000199 seconds
2024-07-27T21:37:30.846+0800: 0.578: [CMS-concurrent-abortable-preclean: 0.003/0.278 secs] [Times: user=0.09 sys=0.02, real=0.28 secs] 
2024-07-27T21:37:30.846+0800: 0.578: Application time: 0.0002948 seconds
2024-07-27T21:37:30.846+0800: 0.578: [GC (CMS Final Remark) [YG occupancy: 13676 K (78656 K)]2024-07-27T21:37:30.846+0800: 0.578: [Rescan (parallel) , 0.0010148 secs]2024-07-27T21:37:30.848+0800: 0.579: [weak refs processing, 0.0000126 secs]2024-07-27T21:37:30.848+0800: 0.579: [class unloading, 0.0001972 secs]2024-07-27T21:37:30.848+0800: 0.580: [scrub symbol table, 0.0003541 secs]2024-07-27T21:37:30.848+0800: 0.580: [scrub string table, 0.0001133 secs][1 CMS-remark: 257680K(259080K)] 271356K(337736K), 0.0018138 secs] [Times: user=0.02 sys=0.00, real=0.00 secs] 
2024-07-27T21:37:30.848+0800: 0.580: Total time for which application threads were stopped: 0.0019785 seconds, Stopping threads took: 0.0001252 seconds
2024-07-27T21:37:30.848+0800: 0.580: [CMS-concurrent-sweep-start]
2024-07-27T21:37:30.850+0800: 0.582: [CMS-concurrent-sweep: 0.002/0.002 secs] [Times: user=0.00 sys=0.00, real=0.00 secs] 
2024-07-27T21:37:30.852+0800: 0.584: [CMS-concurrent-reset-start]
2024-07-27T21:37:30.856+0800: 0.587: [CMS-concurrent-reset: 0.004/0.004 secs] [Times: user=0.00 sys=0.00, real=0.00 secs] 
2024-07-27T21:37:30.963+0800: 0.694: Application time: 0.1139351 seconds
2024-07-27T21:37:30.963+0800: 0.694: [GC (Allocation Failure) 2024-07-27T21:37:30.963+0800: 0.694: [ParNew: 77165K->1024K(78656K), 0.0014731 secs] 334844K->258703K(508124K), 0.0015326 secs] [Times: user=0.00 sys=0.00, real=0.00 secs] 
2024-07-27T21:37:30.964+0800: 0.696: Total time for which application threads were stopped: 0.0016533 seconds, Stopping threads took: 0.0000257 seconds
2024-07-27T21:37:30.964+0800: 0.696: Application time: 0.0002250 seconds
2024-07-27T21:37:30.964+0800: 0.696: [GC (CMS Initial Mark) [1 CMS-initial-mark: 257679K(429468K)] 262140K(508124K), 0.0008109 secs] [Times: user=0.00 sys=0.00, real=0.00 secs] 
2024-07-27T21:37:30.965+0800: 0.697: Total time for which application threads were stopped: 0.0009263 seconds, Stopping threads took: 0.0000741 seconds
2024-07-27T21:37:30.965+0800: 0.697: [CMS-concurrent-mark-start]
2024-07-27T21:37:30.969+0800: 0.701: [CMS-concurrent-mark: 0.004/0.004 secs] [Times: user=0.00 sys=0.00, real=0.00 secs] 
2024-07-27T21:37:30.969+0800: 0.701: [CMS-concurrent-preclean-start]
2024-07-27T21:37:30.970+0800: 0.702: Application time: 0.0047822 seconds
2024-07-27T21:37:30.970+0800: 0.702: [GC (Allocation Failure) 2024-07-27T21:37:30.970+0800: 0.702: [ParNew: 69998K->8192K(78656K), 0.0335571 secs] 327677K->327312K(508124K), 0.0336024 secs] [Times: user=0.06 sys=0.00, real=0.03 secs] 
2024-07-27T21:37:31.003+0800: 0.735: Total time for which application threads were stopped: 0.0336981 seconds, Stopping threads took: 0.0000145 seconds
2024-07-27T21:37:31.004+0800: 0.736: [CMS-concurrent-preclean: 0.001/0.035 secs] [Times: user=0.06 sys=0.00, real=0.03 secs] 
2024-07-27T21:37:31.004+0800: 0.736: [CMS-concurrent-abortable-preclean-start]
2024-07-27T21:37:31.120+0800: 0.852: Application time: 0.1163087 seconds
2024-07-27T21:37:31.120+0800: 0.852: [GC (Allocation Failure) 2024-07-27T21:37:31.120+0800: 0.852: [ParNew: 77167K->8192K(78656K), 0.0372212 secs] 396287K->395921K(508124K), 0.0372795 secs] [Times: user=0.05 sys=0.01, real=0.04 secs] 
2024-07-27T21:37:31.158+0800: 0.889: Total time for which application threads were stopped: 0.0373959 seconds, Stopping threads took: 0.0000192 seconds
2024-07-27T21:37:31.158+0800: 0.889: [CMS-concurrent-abortable-preclean: 0.003/0.153 secs] [Times: user=0.08 sys=0.01, real=0.15 secs] 
2024-07-27T21:37:31.158+0800: 0.889: Application time: 0.0003278 seconds
2024-07-27T21:37:31.158+0800: 0.889: [GC (CMS Final Remark) [YG occupancy: 13678 K (78656 K)]2024-07-27T21:37:31.158+0800: 0.889: [Rescan (parallel) , 0.0007163 secs]2024-07-27T21:37:31.159+0800: 0.890: [weak refs processing, 0.0000126 secs]2024-07-27T21:37:31.159+0800: 0.890: [class unloading, 0.0001829 secs]2024-07-27T21:37:31.159+0800: 0.890: [scrub symbol table, 0.0003109 secs]2024-07-27T21:37:31.159+0800: 0.891: [scrub string table, 0.0000899 secs][1 CMS-remark: 387729K(429468K)] 401408K(508124K), 0.0013743 secs] [Times: user=0.00 sys=0.00, real=0.00 secs] 
2024-07-27T21:37:31.159+0800: 0.891: Total time for which application threads were stopped: 0.0014926 seconds, Stopping threads took: 0.0000766 seconds
2024-07-27T21:37:31.160+0800: 0.891: [CMS-concurrent-sweep-start]
2024-07-27T21:37:31.161+0800: 0.893: [CMS-concurrent-sweep: 0.002/0.002 secs] [Times: user=0.03 sys=0.00, real=0.00 secs] 
2024-07-27T21:37:31.162+0800: 0.893: [CMS-concurrent-reset-start]
2024-07-27T21:37:31.163+0800: 0.894: [CMS-concurrent-reset: 0.001/0.001 secs] [Times: user=0.00 sys=0.00, real=0.00 secs] 
2024-07-27T21:37:31.273+0800: 1.005: Application time: 0.1137613 seconds
2024-07-27T21:37:31.273+0800: 1.005: [GC (Allocation Failure) 2024-07-27T21:37:31.273+0800: 1.005: [ParNew: 77167K->2048K(78656K), 0.0016767 secs] 207869K->132749K(508124K), 0.0017411 secs] [Times: user=0.00 sys=0.00, real=0.00 secs] 
2024-07-27T21:37:31.275+0800: 1.006: Total time for which application threads were stopped: 0.0018817 seconds, Stopping threads took: 0.0000297 seconds
2024-07-27T21:37:31.280+0800: 1.011: Application time: 0.0045530 seconds
2024-07-27T21:37:31.280+0800: 1.011: [GC (Allocation Failure) 2024-07-27T21:37:31.280+0800: 1.011: [ParNew: 71024K->8192K(78656K), 0.0264565 secs] 201725K->201358K(508124K), 0.0265043 secs] [Times: user=0.03 sys=0.03, real=0.03 secs] 
2024-07-27T21:37:31.306+0800: 1.038: Total time for which application threads were stopped: 0.0266009 seconds, Stopping threads took: 0.0000144 seconds
2024-07-27T21:37:31.307+0800: 1.038: Application time: 0.0001524 seconds
2024-07-27T21:37:31.307+0800: 1.038: [GC (CMS Initial Mark) [1 CMS-initial-mark: 193166K(429468K)] 204797K(508124K), 0.0003343 secs] [Times: user=0.00 sys=0.00, real=0.00 secs] 
2024-07-27T21:37:31.307+0800: 1.038: Total time for which application threads were stopped: 0.0004807 seconds, Stopping threads took: 0.0000897 seconds
2024-07-27T21:37:31.307+0800: 1.038: [CMS-concurrent-mark-start]
2024-07-27T21:37:31.310+0800: 1.041: [CMS-concurrent-mark: 0.003/0.003 secs] [Times: user=0.00 sys=0.00, real=0.00 secs] 
2024-07-27T21:37:31.310+0800: 1.041: [CMS-concurrent-preclean-start]
2024-07-27T21:37:31.310+0800: 1.042: [CMS-concurrent-preclean: 0.001/0.001 secs] [Times: user=0.00 sys=0.00, real=0.00 secs] 
2024-07-27T21:37:31.310+0800: 1.042: [CMS-concurrent-abortable-preclean-start]
2024-07-27T21:37:31.416+0800: 1.148: Application time: 0.1096938 seconds
2024-07-27T21:37:31.416+0800: 1.148: [GC (Allocation Failure) 2024-07-27T21:37:31.416+0800: 1.148: [ParNew: 77168K->8192K(78656K), 0.0120199 secs] 270334K->269967K(508124K), 0.0120790 secs] [Times: user=0.03 sys=0.00, real=0.01 secs] 
2024-07-27T21:37:31.428+0800: 1.160: Total time for which application threads were stopped: 0.0121868 seconds, Stopping threads took: 0.0000196 seconds
2024-07-27T21:37:31.540+0800: 1.271: Application time: 0.1111031 seconds
2024-07-27T21:37:31.540+0800: 1.271: [GC (Allocation Failure) 2024-07-27T21:37:31.540+0800: 1.271: [ParNew: 77168K->3072K(78656K), 0.0014295 secs] 338943K->264847K(508124K), 0.0014835 secs] [Times: user=0.00 sys=0.00, real=0.00 secs] 
2024-07-27T21:37:31.541+0800: 1.273: Total time for which application threads were stopped: 0.0015992 seconds, Stopping threads took: 0.0000251 seconds
2024-07-27T21:37:31.545+0800: 1.277: Application time: 0.0043158 seconds
2024-07-27T21:37:31.545+0800: 1.277: [GC (Allocation Failure) 2024-07-27T21:37:31.545+0800: 1.277: [ParNew: 72048K->8192K(78656K), 0.0113015 secs] 333823K->333456K(508124K), 0.0113480 secs] [Times: user=0.03 sys=0.00, real=0.01 secs] 
2024-07-27T21:37:31.557+0800: 1.289: Total time for which application threads were stopped: 0.0114443 seconds, Stopping threads took: 0.0000138 seconds
2024-07-27T21:37:31.557+0800: 1.289: [CMS-concurrent-abortable-preclean: 0.004/0.247 secs] [Times: user=0.06 sys=0.00, real=0.25 secs] 
2024-07-27T21:37:31.557+0800: 1.289: Application time: 0.0003127 seconds
2024-07-27T21:37:31.557+0800: 1.289: [GC (CMS Final Remark) [YG occupancy: 12655 K (78656 K)]2024-07-27T21:37:31.557+0800: 1.289: [Rescan (parallel) , 0.0008430 secs]2024-07-27T21:37:31.558+0800: 1.290: [weak refs processing, 0.0000171 secs]2024-07-27T21:37:31.558+0800: 1.290: [class unloading, 0.0001756 secs]2024-07-27T21:37:31.558+0800: 1.290: [scrub symbol table, 0.0003569 secs]2024-07-27T21:37:31.559+0800: 1.290: [scrub string table, 0.0001007 secs][1 CMS-remark: 325264K(429468K)] 337920K(508124K), 0.0015582 secs] [Times: user=0.00 sys=0.00, real=0.00 secs] 
2024-07-27T21:37:31.559+0800: 1.291: Total time for which application threads were stopped: 0.0016638 seconds, Stopping threads took: 0.0000694 seconds
2024-07-27T21:37:31.559+0800: 1.291: [CMS-concurrent-sweep-start]
2024-07-27T21:37:31.560+0800: 1.292: [CMS-concurrent-sweep: 0.001/0.001 secs] [Times: user=0.00 sys=0.00, real=0.00 secs] 
2024-07-27T21:37:31.560+0800: 1.292: [CMS-concurrent-reset-start]
2024-07-27T21:37:31.561+0800: 1.293: [CMS-concurrent-reset: 0.001/0.001 secs] [Times: user=0.00 sys=0.00, real=0.00 secs] 
2024-07-27T21:37:31.669+0800: 1.400: Application time: 0.1092864 seconds
2024-07-27T21:37:31.669+0800: 1.400: [GC (Allocation Failure) 2024-07-27T21:37:31.669+0800: 1.400: [ParNew: 77168K->8192K(78656K), 0.0122202 secs] 272383K->272015K(508124K), 0.0122769 secs] [Times: user=0.03 sys=0.00, real=0.01 secs] 
2024-07-27T21:37:31.681+0800: 1.412: Total time for which application threads were stopped: 0.0123873 seconds, Stopping threads took: 0.0000185 seconds
2024-07-27T21:37:31.681+0800: 1.412: Application time: 0.0002184 seconds
2024-07-27T21:37:31.681+0800: 1.413: [GC (CMS Initial Mark) [1 CMS-initial-mark: 263823K(429468K)] 275455K(508124K), 0.0004997 secs] [Times: user=0.00 sys=0.00, real=0.00 secs] 
2024-07-27T21:37:31.682+0800: 1.413: Total time for which application threads were stopped: 0.0007045 seconds, Stopping threads took: 0.0001607 seconds
2024-07-27T21:37:31.682+0800: 1.413: [CMS-concurrent-mark-start]
2024-07-27T21:37:31.685+0800: 1.417: [CMS-concurrent-mark: 0.003/0.003 secs] [Times: user=0.00 sys=0.00, real=0.00 secs] 
2024-07-27T21:37:31.685+0800: 1.417: [CMS-concurrent-preclean-start]
2024-07-27T21:37:31.687+0800: 1.418: [CMS-concurrent-preclean: 0.001/0.001 secs] [Times: user=0.00 sys=0.00, real=0.00 secs] 
2024-07-27T21:37:31.687+0800: 1.418: [CMS-concurrent-abortable-preclean-start]
2024-07-27T21:37:31.791+0800: 1.523: Application time: 0.1095889 seconds
2024-07-27T21:37:31.791+0800: 1.523: [GC (Allocation Failure) 2024-07-27T21:37:31.791+0800: 1.523: [ParNew: 77168K->4096K(78656K), 0.0017031 secs] 340992K->267919K(508124K), 0.0017593 secs] [Times: user=0.00 sys=0.00, real=0.00 secs] 
2024-07-27T21:37:31.793+0800: 1.525: Total time for which application threads were stopped: 0.0018717 seconds, Stopping threads took: 0.0000211 seconds
2024-07-27T21:37:31.797+0800: 1.529: Application time: 0.0043163 seconds
2024-07-27T21:37:31.798+0800: 1.529: [GC (Allocation Failure) 2024-07-27T21:37:31.798+0800: 1.529: [ParNew: 73072K->8192K(78656K), 0.0113274 secs] 336896K->336528K(508124K), 0.0113744 secs] [Times: user=0.03 sys=0.00, real=0.01 secs] 
2024-07-27T21:37:31.809+0800: 1.540: Total time for which application threads were stopped: 0.0114743 seconds, Stopping threads took: 0.0000143 seconds
2024-07-27T21:37:31.920+0800: 1.651: Application time: 0.1108310 seconds
2024-07-27T21:37:31.920+0800: 1.651: [GC (Allocation Failure) 2024-07-27T21:37:31.920+0800: 1.651: [ParNew: 77168K->8192K(78656K), 0.0118102 secs] 405505K->405137K(508124K), 0.0118696 secs] [Times: user=0.03 sys=0.00, real=0.01 secs] 
2024-07-27T21:37:31.932+0800: 1.663: Total time for which application threads were stopped: 0.0119796 seconds, Stopping threads took: 0.0000193 seconds
2024-07-27T21:37:31.932+0800: 1.663: [CMS-concurrent-abortable-preclean: 0.005/0.245 secs] [Times: user=0.06 sys=0.00, real=0.24 secs] 
2024-07-27T21:37:31.932+0800: 1.664: Application time: 0.0002968 seconds
2024-07-27T21:37:31.932+0800: 1.664: [GC (CMS Final Remark) [YG occupancy: 12655 K (78656 K)]2024-07-27T21:37:31.932+0800: 1.664: [Rescan (parallel) , 0.0005235 secs]2024-07-27T21:37:31.933+0800: 1.664: [weak refs processing, 0.0000860 secs]2024-07-27T21:37:31.933+0800: 1.664: [class unloading, 0.0001805 secs]2024-07-27T21:37:31.933+0800: 1.665: [scrub symbol table, 0.0003250 secs]2024-07-27T21:37:31.934+0800: 1.665: [scrub string table, 0.0000939 secs][1 CMS-remark: 396945K(429468K)] 409601K(508124K), 0.0012844 secs] [Times: user=0.00 sys=0.00, real=0.00 secs] 
2024-07-27T21:37:31.934+0800: 1.665: Total time for which application threads were stopped: 0.0014699 seconds, Stopping threads took: 0.0001461 seconds
2024-07-27T21:37:31.934+0800: 1.665: [CMS-concurrent-sweep-start]
2024-07-27T21:37:31.935+0800: 1.667: [CMS-concurrent-sweep: 0.002/0.002 secs] [Times: user=0.00 sys=0.00, real=0.00 secs] 
2024-07-27T21:37:31.936+0800: 1.667: [CMS-concurrent-reset-start]
2024-07-27T21:37:31.937+0800: 1.668: [CMS-concurrent-reset: 0.001/0.001 secs] [Times: user=0.00 sys=0.00, real=0.00 secs] 
2024-07-27T21:37:32.043+0800: 1.775: Application time: 0.1096319 seconds
2024-07-27T21:37:32.043+0800: 1.775: [GC (Allocation Failure) 2024-07-27T21:37:32.044+0800: 1.775: [ParNew: 77168K->5120K(78656K), 0.0017309 secs] 343040K->270991K(521776K), 0.0017922 secs] [Times: user=0.00 sys=0.00, real=0.00 secs] 
2024-07-27T21:37:32.045+0800: 1.777: Total time for which application threads were stopped: 0.0019050 seconds, Stopping threads took: 0.0000203 seconds
2024-07-27T21:37:32.050+0800: 1.781: Application time: 0.0043092 seconds
2024-07-27T21:37:32.050+0800: 1.781: [GC (Allocation Failure) 2024-07-27T21:37:32.050+0800: 1.781: [ParNew: 74096K->8192K(78656K), 0.0115601 secs] 339968K->339600K(521776K), 0.0116213 secs] [Times: user=0.03 sys=0.00, real=0.01 secs] 
2024-07-27T21:37:32.061+0800: 1.793: Total time for which application threads were stopped: 0.0117179 seconds, Stopping threads took: 0.0000146 seconds
2024-07-27T21:37:32.062+0800: 1.793: Application time: 0.0002215 seconds
2024-07-27T21:37:32.062+0800: 1.793: [GC (CMS Initial Mark) [1 CMS-initial-mark: 331408K(443120K)] 343040K(521776K), 0.0007197 secs] [Times: user=0.00 sys=0.00, real=0.00 secs] 
2024-07-27T21:37:32.062+0800: 1.794: Total time for which application threads were stopped: 0.0008727 seconds, Stopping threads took: 0.0001148 seconds
2024-07-27T21:37:32.063+0800: 1.794: [CMS-concurrent-mark-start]
2024-07-27T21:37:32.065+0800: 1.796: [CMS-concurrent-mark: 0.002/0.002 secs] [Times: user=0.00 sys=0.00, real=0.00 secs] 
2024-07-27T21:37:32.065+0800: 1.796: [CMS-concurrent-preclean-start]
2024-07-27T21:37:32.065+0800: 1.797: [CMS-concurrent-preclean: 0.001/0.001 secs] [Times: user=0.00 sys=0.00, real=0.00 secs] 
2024-07-27T21:37:32.065+0800: 1.797: [CMS-concurrent-abortable-preclean-start]
2024-07-27T21:37:32.172+0800: 1.903: Application time: 0.1096430 seconds
2024-07-27T21:37:32.172+0800: 1.903: [GC (Allocation Failure) 2024-07-27T21:37:32.172+0800: 1.903: [ParNew: 77168K->8192K(78656K), 0.0120278 secs] 408577K->408209K(521776K), 0.0120870 secs] [Times: user=0.03 sys=0.00, real=0.01 secs] 
2024-07-27T21:37:32.184+0800: 1.916: Total time for which application threads were stopped: 0.0121963 seconds, Stopping threads took: 0.0000192 seconds
2024-07-27T21:37:32.296+0800: 2.027: Application time: 0.1114663 seconds
2024-07-27T21:37:32.296+0800: 2.027: [GC (Allocation Failure) 2024-07-27T21:37:32.296+0800: 2.027: [ParNew: 77168K->6144K(78656K), 0.0017714 secs] 477186K->406161K(521776K), 0.0018423 secs] [Times: user=0.00 sys=0.00, real=0.00 secs] 
2024-07-27T21:37:32.298+0800: 2.029: Total time for which application threads were stopped: 0.0019501 seconds, Stopping threads took: 0.0000202 seconds
2024-07-27T21:37:32.302+0800: 2.033: Application time: 0.0043533 seconds
2024-07-27T21:37:32.302+0800: 2.033: [GC (Allocation Failure) 2024-07-27T21:37:32.302+0800: 2.033: [ParNew: 75120K->8192K(78656K), 0.0261135 secs] 475138K->474770K(546448K), 0.0261591 secs] [Times: user=0.02 sys=0.02, real=0.03 secs] 
2024-07-27T21:37:32.328+0800: 2.060: Total time for which application threads were stopped: 0.0262535 seconds, Stopping threads took: 0.0000138 seconds
2024-07-27T21:37:32.328+0800: 2.060: [CMS-concurrent-abortable-preclean: 0.005/0.263 secs] [Times: user=0.06 sys=0.02, real=0.26 secs] 
2024-07-27T21:37:32.329+0800: 2.060: Application time: 0.0004134 seconds
2024-07-27T21:37:32.329+0800: 2.060: [GC (CMS Final Remark) [YG occupancy: 13679 K (78656 K)]2024-07-27T21:37:32.329+0800: 2.060: [Rescan (parallel) , 0.0011558 secs]2024-07-27T21:37:32.330+0800: 2.061: [weak refs processing, 0.0000126 secs]2024-07-27T21:37:32.330+0800: 2.061: [class unloading, 0.0002045 secs]2024-07-27T21:37:32.330+0800: 2.062: [scrub symbol table, 0.0003505 secs]2024-07-27T21:37:32.331+0800: 2.062: [scrub string table, 0.0001020 secs][1 CMS-remark: 466578K(467792K)] 480258K(546448K), 0.0018964 secs] [Times: user=0.00 sys=0.00, real=0.00 secs] 
2024-07-27T21:37:32.331+0800: 2.062: Total time for which application threads were stopped: 0.0020772 seconds, Stopping threads took: 0.0001428 seconds
2024-07-27T21:37:32.331+0800: 2.062: [CMS-concurrent-sweep-start]
2024-07-27T21:37:32.332+0800: 2.064: [CMS-concurrent-sweep: 0.001/0.001 secs] [Times: user=0.00 sys=0.00, real=0.00 secs] 
2024-07-27T21:37:32.332+0800: 2.064: [CMS-concurrent-reset-start]
2024-07-27T21:37:32.333+0800: 2.064: [CMS-concurrent-reset: 0.001/0.001 secs] [Times: user=0.01 sys=0.00, real=0.00 secs] 
2024-07-27T21:37:32.439+0800: 2.170: Application time: 0.1079911 seconds
2024-07-27T21:37:32.439+0800: 2.170: [GC (Allocation Failure) 2024-07-27T21:37:32.439+0800: 2.170: [ParNew: 77168K->8192K(78656K), 0.0121154 secs] 278527K->278159K(546448K), 0.0121756 secs] [Times: user=0.03 sys=0.00, real=0.01 secs] 
2024-07-27T21:37:32.451+0800: 2.182: Total time for which application threads were stopped: 0.0122883 seconds, Stopping threads took: 0.0000197 seconds
2024-07-27T21:37:32.451+0800: 2.183: Application time: 0.0002263 seconds
2024-07-27T21:37:32.451+0800: 2.183: [GC (CMS Initial Mark) [1 CMS-initial-mark: 269967K(467792K)] 281599K(546448K), 0.0007395 secs] [Times: user=0.00 sys=0.00, real=0.00 secs] 
2024-07-27T21:37:32.452+0800: 2.184: Total time for which application threads were stopped: 0.0009451 seconds, Stopping threads took: 0.0001630 seconds
2024-07-27T21:37:32.452+0800: 2.184: [CMS-concurrent-mark-start]
2024-07-27T21:37:32.456+0800: 2.188: [CMS-concurrent-mark: 0.004/0.004 secs] [Times: user=0.00 sys=0.00, real=0.00 secs] 
2024-07-27T21:37:32.456+0800: 2.188: [CMS-concurrent-preclean-start]
2024-07-27T21:37:32.457+0800: 2.188: [CMS-concurrent-preclean: 0.001/0.001 secs] [Times: user=0.00 sys=0.00, real=0.00 secs] 
2024-07-27T21:37:32.457+0800: 2.188: [CMS-concurrent-abortable-preclean-start]
2024-07-27T21:37:32.562+0800: 2.294: Application time: 0.1101902 seconds
2024-07-27T21:37:32.562+0800: 2.294: [GC (Allocation Failure) 2024-07-27T21:37:32.562+0800: 2.294: [ParNew: 77168K->7168K(78656K), 0.0020343 secs] 347136K->277135K(546448K), 0.0020862 secs] [Times: user=0.00 sys=0.00, real=0.00 secs] 
2024-07-27T21:37:32.564+0800: 2.296: Total time for which application threads were stopped: 0.0021914 seconds, Stopping threads took: 0.0000197 seconds
2024-07-27T21:37:32.569+0800: 2.300: Application time: 0.0043893 seconds
2024-07-27T21:37:32.569+0800: 2.300: [GC (Allocation Failure) 2024-07-27T21:37:32.569+0800: 2.300: [ParNew: 76144K->8192K(78656K), 0.0118048 secs] 346112K->345744K(546448K), 0.0118538 secs] [Times: user=0.00 sys=0.00, real=0.01 secs] 
2024-07-27T21:37:32.581+0800: 2.312: Total time for which application threads were stopped: 0.0119539 seconds, Stopping threads took: 0.0000137 seconds
2024-07-27T21:37:32.691+0800: 2.422: Application time: 0.1101915 seconds
2024-07-27T21:37:32.691+0800: 2.423: [GC (Allocation Failure) 2024-07-27T21:37:32.691+0800: 2.423: [ParNew: 77168K->8192K(78656K), 0.0121668 secs] 414721K->414353K(546448K), 0.0122279 secs] [Times: user=0.13 sys=0.00, real=0.01 secs] 
2024-07-27T21:37:32.703+0800: 2.435: Total time for which application threads were stopped: 0.0123355 seconds, Stopping threads took: 0.0000187 seconds
2024-07-27T21:37:32.703+0800: 2.435: [CMS-concurrent-abortable-preclean: 0.006/0.246 secs] [Times: user=0.16 sys=0.00, real=0.25 secs] 
2024-07-27T21:37:32.704+0800: 2.435: Application time: 0.0003220 seconds
2024-07-27T21:37:32.704+0800: 2.435: [GC (CMS Final Remark) [YG occupancy: 11631 K (78656 K)]2024-07-27T21:37:32.704+0800: 2.435: [Rescan (parallel) , 0.0007675 secs]2024-07-27T21:37:32.705+0800: 2.436: [weak refs processing, 0.0000128 secs]2024-07-27T21:37:32.705+0800: 2.436: [class unloading, 0.0001783 secs]2024-07-27T21:37:32.705+0800: 2.436: [scrub symbol table, 0.0003518 secs]2024-07-27T21:37:32.705+0800: 2.437: [scrub string table, 0.0000991 secs][1 CMS-remark: 406161K(467792K)] 417793K(546448K), 0.0014760 secs] [Times: user=0.00 sys=0.00, real=0.00 secs] 
2024-07-27T21:37:32.705+0800: 2.437: Total time for which application threads were stopped: 0.0016515 seconds, Stopping threads took: 0.0001292 seconds
2024-07-27T21:37:32.706+0800: 2.437: [CMS-concurrent-sweep-start]
2024-07-27T21:37:32.707+0800: 2.439: [CMS-concurrent-sweep: 0.001/0.001 secs] [Times: user=0.00 sys=0.00, real=0.00 secs] 
2024-07-27T21:37:32.707+0800: 2.439: [CMS-concurrent-reset-start]
2024-07-27T21:37:32.708+0800: 2.440: [CMS-concurrent-reset: 0.001/0.001 secs] [Times: user=0.03 sys=0.00, real=0.00 secs] 
2024-07-27T21:37:32.816+0800: 2.547: Application time: 0.1103794 seconds
2024-07-27T21:37:32.816+0800: 2.547: [GC (Allocation Failure) 2024-07-27T21:37:32.816+0800: 2.547: [ParNew: 77168K->8192K(78656K), 0.0021480 secs] 349184K->280207K(546448K), 0.0022016 secs] [Times: user=0.03 sys=0.00, real=0.00 secs] 
2024-07-27T21:37:32.818+0800: 2.549: Total time for which application threads were stopped: 0.0023216 seconds, Stopping threads took: 0.0000223 seconds
2024-07-27T21:37:32.822+0800: 2.554: Application time: 0.0043633 seconds
2024-07-27T21:37:32.822+0800: 2.554: [GC (Allocation Failure) 2024-07-27T21:37:32.822+0800: 2.554: [ParNew: 77168K->8192K(78656K), 0.0120376 secs] 349184K->348816K(546448K), 0.0121030 secs] [Times: user=0.03 sys=0.00, real=0.01 secs] 
2024-07-27T21:37:32.835+0800: 2.566: Total time for which application threads were stopped: 0.0122016 seconds, Stopping threads took: 0.0000141 seconds
2024-07-27T21:37:32.835+0800: 2.566: Application time: 0.0002387 seconds
2024-07-27T21:37:32.835+0800: 2.566: [GC (CMS Initial Mark) [1 CMS-initial-mark: 340624K(467792K)] 352256K(546448K), 0.0007910 secs] [Times: user=0.00 sys=0.00, real=0.00 secs] 
2024-07-27T21:37:32.836+0800: 2.567: Total time for which application threads were stopped: 0.0010078 seconds, Stopping threads took: 0.0001749 seconds
2024-07-27T21:37:32.836+0800: 2.567: [CMS-concurrent-mark-start]
2024-07-27T21:37:32.838+0800: 2.569: [CMS-concurrent-mark: 0.002/0.002 secs] [Times: user=0.00 sys=0.00, real=0.00 secs] 
2024-07-27T21:37:32.838+0800: 2.569: [CMS-concurrent-preclean-start]
2024-07-27T21:37:32.839+0800: 2.570: [CMS-concurrent-preclean: 0.001/0.001 secs] [Times: user=0.00 sys=0.00, real=0.00 secs] 
2024-07-27T21:37:32.839+0800: 2.570: [CMS-concurrent-abortable-preclean-start]
2024-07-27T21:37:32.944+0800: 2.675: Application time: 0.1079715 seconds
2024-07-27T21:37:32.944+0800: 2.675: [GC (Allocation Failure) 2024-07-27T21:37:32.944+0800: 2.675: [ParNew: 77168K->8192K(78656K), 0.0116871 secs] 417793K->417425K(546448K), 0.0117462 secs] [Times: user=0.00 sys=0.00, real=0.01 secs] 
2024-07-27T21:37:32.956+0800: 2.687: Total time for which application threads were stopped: 0.0118545 seconds, Stopping threads took: 0.0000188 seconds
2024-07-27T21:37:33.069+0800: 2.800: Application time: 0.1133346 seconds
2024-07-27T21:37:33.069+0800: 2.801: [GC (Allocation Failure) 2024-07-27T21:37:33.069+0800: 2.801: [ParNew: 77168K->8192K(78656K), 0.0022552 secs] 486402K->418449K(546448K), 0.0023121 secs] [Times: user=0.00 sys=0.00, real=0.00 secs] 
2024-07-27T21:37:33.072+0800: 2.803: Total time for which application threads were stopped: 0.0024375 seconds, Stopping threads took: 0.0000209 seconds
2024-07-27T21:37:33.072+0800: 2.803: [CMS-concurrent-abortable-preclean: 0.005/0.233 secs] [Times: user=0.06 sys=0.00, real=0.23 secs] 
2024-07-27T21:37:33.072+0800: 2.804: Application time: 0.0005809 seconds
2024-07-27T21:37:33.072+0800: 2.804: [GC (CMS Final Remark) [YG occupancy: 16751 K (78656 K)]2024-07-27T21:37:33.072+0800: 2.804: [Rescan (parallel) , 0.0010530 secs]2024-07-27T21:37:33.073+0800: 2.805: [weak refs processing, 0.0000128 secs]2024-07-27T21:37:33.073+0800: 2.805: [class unloading, 0.0001966 secs]2024-07-27T21:37:33.074+0800: 2.805: [scrub symbol table, 0.0003459 secs]2024-07-27T21:37:33.074+0800: 2.805: [scrub string table, 0.0000976 secs][1 CMS-remark: 410257K(467792K)] 427009K(546448K), 0.0017712 secs] [Times: user=0.00 sys=0.00, real=0.00 secs] 
2024-07-27T21:37:33.074+0800: 2.805: Total time for which application threads were stopped: 0.0019498 seconds, Stopping threads took: 0.0001435 seconds
2024-07-27T21:37:33.074+0800: 2.806: [CMS-concurrent-sweep-start]
2024-07-27T21:37:33.076+0800: 2.807: [CMS-concurrent-sweep: 0.001/0.001 secs] [Times: user=0.00 sys=0.00, real=0.00 secs] 
2024-07-27T21:37:33.076+0800: 2.807: [CMS-concurrent-reset-start]
2024-07-27T21:37:33.077+0800: 2.808: [CMS-concurrent-reset: 0.001/0.001 secs] [Times: user=0.00 sys=0.00, real=0.00 secs] 
2024-07-27T21:37:33.079+0800: 2.810: Application time: 0.0045872 seconds
2024-07-27T21:37:33.079+0800: 2.810: [GC (Allocation Failure) 2024-07-27T21:37:33.079+0800: 2.810: [ParNew: 77168K->8192K(78656K), 0.0124258 secs] 216062K->215694K(546448K), 0.0124737 secs] [Times: user=0.03 sys=0.00, real=0.01 secs] 
2024-07-27T21:37:33.091+0800: 2.823: Total time for which application threads were stopped: 0.0125815 seconds, Stopping threads took: 0.0000126 seconds
2024-07-27T21:37:33.091+0800: 2.823: Application time: 0.0002332 seconds
2024-07-27T21:37:33.092+0800: 2.823: [GC (CMS Initial Mark) [1 CMS-initial-mark: 207502K(467792K)] 219134K(546448K), 0.0007559 secs] [Times: user=0.00 sys=0.00, real=0.00 secs] 
2024-07-27T21:37:33.092+0800: 2.824: Total time for which application threads were stopped: 0.0008567 seconds, Stopping threads took: 0.0000610 seconds
2024-07-27T21:37:33.092+0800: 2.824: [CMS-concurrent-mark-start]
2024-07-27T21:37:33.094+0800: 2.826: [CMS-concurrent-mark: 0.002/0.002 secs] [Times: user=0.00 sys=0.00, real=0.00 secs] 
2024-07-27T21:37:33.094+0800: 2.826: [CMS-concurrent-preclean-start]
2024-07-27T21:37:33.095+0800: 2.826: [CMS-concurrent-preclean: 0.001/0.001 secs] [Times: user=0.00 sys=0.00, real=0.00 secs] 
2024-07-27T21:37:33.095+0800: 2.826: [CMS-concurrent-abortable-preclean-start]
2024-07-27T21:37:33.197+0800: 2.928: Application time: 0.1047685 seconds
2024-07-27T21:37:33.197+0800: 2.929: [GC (Allocation Failure) 2024-07-27T21:37:33.197+0800: 2.929: [ParNew: 77168K->8192K(78656K), 0.0119680 secs] 284671K->284303K(546448K), 0.0120281 secs] [Times: user=0.03 sys=0.00, real=0.01 secs] 
2024-07-27T21:37:33.209+0800: 2.941: Total time for which application threads were stopped: 0.0121377 seconds, Stopping threads took: 0.0000189 seconds
2024-07-27T21:37:33.320+0800: 3.052: Application time: 0.1109367 seconds
2024-07-27T21:37:33.320+0800: 3.052: [GC (Allocation Failure) 2024-07-27T21:37:33.320+0800: 3.052: [ParNew: 77168K->8192K(78656K), 0.0022756 secs] 353280K->286351K(546448K), 0.0023425 secs] [Times: user=0.00 sys=0.00, real=0.00 secs] 
2024-07-27T21:37:33.323+0800: 3.054: Total time for which application threads were stopped: 0.0024516 seconds, Stopping threads took: 0.0000178 seconds
2024-07-27T21:37:33.323+0800: 3.054: [CMS-concurrent-abortable-preclean: 0.003/0.228 secs] [Times: user=0.03 sys=0.00, real=0.23 secs] 
2024-07-27T21:37:33.323+0800: 3.054: Application time: 0.0001298 seconds
2024-07-27T21:37:33.323+0800: 3.054: [GC (CMS Final Remark) [YG occupancy: 11631 K (78656 K)]2024-07-27T21:37:33.323+0800: 3.054: [Rescan (parallel) , 0.0004410 secs]2024-07-27T21:37:33.324+0800: 3.055: [weak refs processing, 0.0000178 secs]2024-07-27T21:37:33.324+0800: 3.055: [class unloading, 0.0001803 secs]2024-07-27T21:37:33.324+0800: 3.055: [scrub symbol table, 0.0003191 secs]2024-07-27T21:37:33.324+0800: 3.055: [scrub string table, 0.0000933 secs][1 CMS-remark: 278159K(467792K)] 289791K(546448K), 0.0011240 secs] [Times: user=0.00 sys=0.00, real=0.00 secs] 
2024-07-27T21:37:33.324+0800: 3.055: Total time for which application threads were stopped: 0.0012958 seconds, Stopping threads took: 0.0001312 seconds
2024-07-27T21:37:33.324+0800: 3.056: [CMS-concurrent-sweep-start]
2024-07-27T21:37:33.325+0800: 3.057: [CMS-concurrent-sweep: 0.001/0.001 secs] [Times: user=0.00 sys=0.00, real=0.00 secs] 
2024-07-27T21:37:33.325+0800: 3.057: [CMS-concurrent-reset-start]
2024-07-27T21:37:33.326+0800: 3.058: [CMS-concurrent-reset: 0.001/0.001 secs] [Times: user=0.00 sys=0.00, real=0.00 secs] 
2024-07-27T21:37:33.329+0800: 3.060: Application time: 0.0048629 seconds
2024-07-27T21:37:33.329+0800: 3.060: [GC (Allocation Failure) 2024-07-27T21:37:33.329+0800: 3.060: [ParNew: 77168K->8192K(78656K), 0.0118569 secs] 218110K->217742K(546448K), 0.0119046 secs] [Times: user=0.03 sys=0.00, real=0.01 secs] 
2024-07-27T21:37:33.341+0800: 3.072: Total time for which application threads were stopped: 0.0120038 seconds, Stopping threads took: 0.0000128 seconds
2024-07-27T21:37:33.341+0800: 3.073: Application time: 0.0001975 seconds
2024-07-27T21:37:33.341+0800: 3.073: [GC (CMS Initial Mark) [1 CMS-initial-mark: 209550K(467792K)] 221182K(546448K), 0.0008730 secs] [Times: user=0.00 sys=0.00, real=0.00 secs] 
2024-07-27T21:37:33.342+0800: 3.074: Total time for which application threads were stopped: 0.0010169 seconds, Stopping threads took: 0.0001021 seconds
2024-07-27T21:37:33.342+0800: 3.074: [CMS-concurrent-mark-start]
2024-07-27T21:37:33.344+0800: 3.075: [CMS-concurrent-mark: 0.002/0.002 secs] [Times: user=0.00 sys=0.00, real=0.00 secs] 
2024-07-27T21:37:33.344+0800: 3.075: [CMS-concurrent-preclean-start]
2024-07-27T21:37:33.344+0800: 3.076: [CMS-concurrent-preclean: 0.001/0.001 secs] [Times: user=0.00 sys=0.00, real=0.00 secs] 
2024-07-27T21:37:33.344+0800: 3.076: [CMS-concurrent-abortable-preclean-start]
2024-07-27T21:37:33.448+0800: 3.180: Application time: 0.1066271 seconds
2024-07-27T21:37:33.449+0800: 3.180: [GC (Allocation Failure) 2024-07-27T21:37:33.449+0800: 3.180: [ParNew: 77168K->8192K(78656K), 0.0118055 secs] 286719K->286351K(546448K), 0.0118637 secs] [Times: user=0.03 sys=0.00, real=0.01 secs] 
2024-07-27T21:37:33.460+0800: 3.192: Total time for which application threads were stopped: 0.0119807 seconds, Stopping threads took: 0.0000186 seconds
2024-07-27T21:37:33.573+0800: 3.304: Application time: 0.1117102 seconds
2024-07-27T21:37:33.573+0800: 3.304: [GC (Allocation Failure) 2024-07-27T21:37:33.573+0800: 3.304: [ParNew: 77168K->8192K(78656K), 0.0026349 secs] 355328K->289423K(546448K), 0.0026892 secs] [Times: user=0.00 sys=0.00, real=0.00 secs] 
2024-07-27T21:37:33.575+0800: 3.307: Total time for which application threads were stopped: 0.0028083 seconds, Stopping threads took: 0.0000194 seconds
2024-07-27T21:37:33.575+0800: 3.307: [CMS-concurrent-abortable-preclean: 0.005/0.231 secs] [Times: user=0.03 sys=0.00, real=0.23 secs] 
2024-07-27T21:37:33.575+0800: 3.307: Application time: 0.0003924 seconds
2024-07-27T21:37:33.575+0800: 3.307: [GC (CMS Final Remark) [YG occupancy: 14703 K (78656 K)]2024-07-27T21:37:33.575+0800: 3.307: [Rescan (parallel) , 0.0007368 secs]2024-07-27T21:37:33.577+0800: 3.308: [weak refs processing, 0.0000129 secs]2024-07-27T21:37:33.577+0800: 3.308: [class unloading, 0.0001966 secs]2024-07-27T21:37:33.577+0800: 3.308: [scrub symbol table, 0.0003079 secs]2024-07-27T21:37:33.577+0800: 3.308: [scrub string table, 0.0000882 secs][1 CMS-remark: 281231K(467792K)] 295935K(546448K), 0.0014088 secs] [Times: user=0.00 sys=0.00, real=0.00 secs] 
2024-07-27T21:37:33.577+0800: 3.309: Total time for which application threads were stopped: 0.0015091 seconds, Stopping threads took: 0.0000664 seconds
2024-07-27T21:37:33.578+0800: 3.309: [CMS-concurrent-sweep-start]
2024-07-27T21:37:33.579+0800: 3.310: [CMS-concurrent-sweep: 0.001/0.001 secs] [Times: user=0.00 sys=0.00, real=0.00 secs] 
2024-07-27T21:37:33.579+0800: 3.310: [CMS-concurrent-reset-start]
2024-07-27T21:37:33.580+0800: 3.311: [CMS-concurrent-reset: 0.001/0.001 secs] [Times: user=0.00 sys=0.00, real=0.00 secs] 
2024-07-27T21:37:33.582+0800: 3.313: Application time: 0.0046149 seconds
2024-07-27T21:37:33.582+0800: 3.313: [GC (Allocation Failure) 2024-07-27T21:37:33.582+0800: 3.313: [ParNew: 77168K->8192K(78656K), 0.0121874 secs] 220158K->219790K(546448K), 0.0122349 secs] [Times: user=0.13 sys=0.00, real=0.01 secs] 
2024-07-27T21:37:33.594+0800: 3.326: Total time for which application threads were stopped: 0.0123291 seconds, Stopping threads took: 0.0000127 seconds
2024-07-27T21:37:33.595+0800: 3.326: Application time: 0.0002444 seconds
2024-07-27T21:37:33.595+0800: 3.326: [GC (CMS Initial Mark) [1 CMS-initial-mark: 211598K(467792K)] 223230K(546448K), 0.0007892 secs] [Times: user=0.00 sys=0.00, real=0.00 secs] 
2024-07-27T21:37:33.596+0800: 3.327: Total time for which application threads were stopped: 0.0009061 seconds, Stopping threads took: 0.0000753 seconds
2024-07-27T21:37:33.596+0800: 3.327: [CMS-concurrent-mark-start]
2024-07-27T21:37:33.597+0800: 3.329: [CMS-concurrent-mark: 0.002/0.002 secs] [Times: user=0.00 sys=0.00, real=0.00 secs] 
2024-07-27T21:37:33.598+0800: 3.329: [CMS-concurrent-preclean-start]
2024-07-27T21:37:33.598+0800: 3.329: [CMS-concurrent-preclean: 0.001/0.001 secs] [Times: user=0.02 sys=0.00, real=0.00 secs] 
2024-07-27T21:37:33.598+0800: 3.329: [CMS-concurrent-abortable-preclean-start]
2024-07-27T21:37:33.701+0800: 3.433: Application time: 0.1059875 seconds
2024-07-27T21:37:33.701+0800: 3.433: [GC (Allocation Failure) 2024-07-27T21:37:33.701+0800: 3.433: [ParNew: 77168K->8192K(78656K), 0.0119331 secs] 288767K->288399K(546448K), 0.0119929 secs] [Times: user=0.01 sys=0.02, real=0.01 secs] 
2024-07-27T21:37:33.713+0800: 3.445: Total time for which application threads were stopped: 0.0121005 seconds, Stopping threads took: 0.0000183 seconds
2024-07-27T21:37:33.824+0800: 3.555: Application time: 0.1101542 seconds
2024-07-27T21:37:33.824+0800: 3.555: [GC (Allocation Failure) 2024-07-27T21:37:33.824+0800: 3.555: [ParNew: 77168K->8192K(78656K), 0.0027453 secs] 357376K->292495K(546448K), 0.0028001 secs] [Times: user=0.00 sys=0.00, real=0.00 secs] 
2024-07-27T21:37:33.826+0800: 3.558: Total time for which application threads were stopped: 0.0029100 seconds, Stopping threads took: 0.0000192 seconds
2024-07-27T21:37:33.826+0800: 3.558: [CMS-concurrent-abortable-preclean: 0.005/0.229 secs] [Times: user=0.01 sys=0.02, real=0.23 secs] 
2024-07-27T21:37:33.826+0800: 3.558: Application time: 0.0003235 seconds
2024-07-27T21:37:33.827+0800: 3.558: [GC (CMS Final Remark) [YG occupancy: 12655 K (78656 K)]2024-07-27T21:37:33.827+0800: 3.558: [Rescan (parallel) , 0.0010018 secs]2024-07-27T21:37:33.828+0800: 3.559: [weak refs processing, 0.0000126 secs]2024-07-27T21:37:33.828+0800: 3.559: [class unloading, 0.0001874 secs]2024-07-27T21:37:33.828+0800: 3.560: [scrub symbol table, 0.0003452 secs]2024-07-27T21:37:33.828+0800: 3.560: [scrub string table, 0.0000982 secs][1 CMS-remark: 284303K(467792K)] 296959K(546448K), 0.0017069 secs] [Times: user=0.00 sys=0.00, real=0.00 secs] 
2024-07-27T21:37:33.828+0800: 3.560: Total time for which application threads were stopped: 0.0018966 seconds, Stopping threads took: 0.0001542 seconds
2024-07-27T21:37:33.829+0800: 3.560: [CMS-concurrent-sweep-start]
2024-07-27T21:37:33.830+0800: 3.562: [CMS-concurrent-sweep: 0.001/0.001 secs] [Times: user=0.00 sys=0.00, real=0.00 secs] 
2024-07-27T21:37:33.830+0800: 3.562: [CMS-concurrent-reset-start]
2024-07-27T21:37:33.831+0800: 3.563: [CMS-concurrent-reset: 0.001/0.001 secs] [Times: user=0.00 sys=0.00, real=0.00 secs] 
2024-07-27T21:37:33.833+0800: 3.565: Application time: 0.0047574 seconds
2024-07-27T21:37:33.833+0800: 3.565: [GC (Allocation Failure) 2024-07-27T21:37:33.833+0800: 3.565: [ParNew: 77168K->8192K(78656K), 0.0122587 secs] 222206K->221838K(546448K), 0.0123060 secs] [Times: user=0.00 sys=0.00, real=0.01 secs] 
2024-07-27T21:37:33.846+0800: 3.577: Total time for which application threads were stopped: 0.0124033 seconds, Stopping threads took: 0.0000120 seconds
2024-07-27T21:37:33.846+0800: 3.577: Application time: 0.0002310 seconds
2024-07-27T21:37:33.846+0800: 3.578: [GC (CMS Initial Mark) [1 CMS-initial-mark: 213646K(467792K)] 225278K(546448K), 0.0008185 secs] [Times: user=0.00 sys=0.00, real=0.00 secs] 
2024-07-27T21:37:33.847+0800: 3.578: Total time for which application threads were stopped: 0.0010098 seconds, Stopping threads took: 0.0001385 seconds
2024-07-27T21:37:33.847+0800: 3.579: [CMS-concurrent-mark-start]
2024-07-27T21:37:33.849+0800: 3.580: [CMS-concurrent-mark: 0.002/0.002 secs] [Times: user=0.05 sys=0.00, real=0.00 secs] 
2024-07-27T21:37:33.849+0800: 3.580: [CMS-concurrent-preclean-start]
2024-07-27T21:37:33.849+0800: 3.581: [CMS-concurrent-preclean: 0.001/0.001 secs] [Times: user=0.00 sys=0.00, real=0.00 secs] 
2024-07-27T21:37:33.849+0800: 3.581: [CMS-concurrent-abortable-preclean-start]
2024-07-27T21:37:33.952+0800: 3.683: Application time: 0.1049271 seconds
2024-07-27T21:37:33.952+0800: 3.683: [GC (Allocation Failure) 2024-07-27T21:37:33.952+0800: 3.684: [ParNew2024-07-27T21:37:33.964+0800: 3.695: [CMS-concurrent-abortable-preclean: 0.001/0.114 secs] [Times: user=0.03 sys=0.00, real=0.12 secs] 
: 77168K->8192K(78656K), 0.0124743 secs] 290815K->290447K(546448K), 0.0125478 secs] [Times: user=0.03 sys=0.00, real=0.01 secs] 
2024-07-27T21:37:33.965+0800: 3.696: Total time for which application threads were stopped: 0.0126562 seconds, Stopping threads took: 0.0000188 seconds
2024-07-27T21:37:33.965+0800: 3.696: Application time: 0.0002550 seconds
2024-07-27T21:37:33.965+0800: 3.697: [GC (CMS Final Remark) [YG occupancy: 11631 K (78656 K)]2024-07-27T21:37:33.965+0800: 3.697: [Rescan (parallel) , 0.0009616 secs]2024-07-27T21:37:33.966+0800: 3.698: [weak refs processing, 0.0000124 secs]2024-07-27T21:37:33.966+0800: 3.698: [class unloading, 0.0002024 secs]2024-07-27T21:37:33.966+0800: 3.698: [scrub symbol table, 0.0003593 secs]2024-07-27T21:37:33.966+0800: 3.698: [scrub string table, 0.0001093 secs][1 CMS-remark: 282255K(467792K)] 293887K(546448K), 0.0017123 secs] [Times: user=0.00 sys=0.00, real=0.00 secs] 
2024-07-27T21:37:33.966+0800: 3.698: Total time for which application threads were stopped: 0.0018928 seconds, Stopping threads took: 0.0001441 seconds
2024-07-27T21:37:33.967+0800: 3.698: [CMS-concurrent-sweep-start]
2024-07-27T21:37:33.968+0800: 3.700: [CMS-concurrent-sweep: 0.002/0.002 secs] [Times: user=0.00 sys=0.00, real=0.00 secs] 
2024-07-27T21:37:33.968+0800: 3.700: [CMS-concurrent-reset-start]
2024-07-27T21:37:33.970+0800: 3.701: [CMS-concurrent-reset: 0.001/0.001 secs] [Times: user=0.00 sys=0.00, real=0.00 secs] 
2024-07-27T21:37:34.073+0800: 3.805: Application time: 0.1063423 seconds
2024-07-27T21:37:34.073+0800: 3.805: [GC (Allocation Failure) 2024-07-27T21:37:34.073+0800: 3.805: [ParNew: 77168K->8192K(78656K), 0.0028161 secs] 219134K->155277K(546448K), 0.0028721 secs] [Times: user=0.00 sys=0.00, real=0.00 secs] 
2024-07-27T21:37:34.076+0800: 3.808: Total time for which application threads were stopped: 0.0029847 seconds, Stopping threads took: 0.0000191 seconds
2024-07-27T21:37:34.080+0800: 3.812: Application time: 0.0043898 seconds
2024-07-27T21:37:34.080+0800: 3.812: [GC (Allocation Failure) 2024-07-27T21:37:34.080+0800: 3.812: [ParNew: 77168K->8192K(78656K), 0.0125280 secs] 224254K->223886K(546448K), 0.0125754 secs] [Times: user=0.03 sys=0.00, real=0.01 secs] 
2024-07-27T21:37:34.093+0800: 3.825: Total time for which application threads were stopped: 0.0126740 seconds, Stopping threads took: 0.0000148 seconds
2024-07-27T21:37:34.093+0800: 3.825: Application time: 0.0002255 seconds
2024-07-27T21:37:34.093+0800: 3.825: [GC (CMS Initial Mark) [1 CMS-initial-mark: 215694K(467792K)] 227326K(546448K), 0.0006111 secs] [Times: user=0.00 sys=0.00, real=0.00 secs] 
2024-07-27T21:37:34.094+0800: 3.826: Total time for which application threads were stopped: 0.0007280 seconds, Stopping threads took: 0.0000756 seconds
2024-07-27T21:37:34.094+0800: 3.826: [CMS-concurrent-mark-start]
2024-07-27T21:37:34.096+0800: 3.828: [CMS-concurrent-mark: 0.002/0.002 secs] [Times: user=0.00 sys=0.00, real=0.00 secs] 
2024-07-27T21:37:34.096+0800: 3.828: [CMS-concurrent-preclean-start]
2024-07-27T21:37:34.096+0800: 3.828: [CMS-concurrent-preclean: 0.001/0.001 secs] [Times: user=0.00 sys=0.00, real=0.00 secs] 
2024-07-27T21:37:34.096+0800: 3.828: [CMS-concurrent-abortable-preclean-start]
2024-07-27T21:37:34.200+0800: 3.932: Application time: 0.1066716 seconds
2024-07-27T21:37:34.200+0800: 3.932: [GC (Allocation Failure) 2024-07-27T21:37:34.200+0800: 3.932: [ParNew: 77168K->8192K(78656K), 0.0118491 secs] 292863K->292495K(546448K), 0.0119080 secs] [Times: user=0.03 sys=0.00, real=0.01 secs] 
2024-07-27T21:37:34.212+0800: 3.944: Total time for which application threads were stopped: 0.0120189 seconds, Stopping threads took: 0.0000192 seconds
2024-07-27T21:37:34.324+0800: 4.056: Application time: 0.1114791 seconds
2024-07-27T21:37:34.324+0800: 4.056: [GC (Allocation Failure) 2024-07-27T21:37:34.324+0800: 4.056: [ParNew: 77168K->8192K(78656K), 0.0030221 secs] 361472K->298639K(546448K), 0.0030877 secs] [Times: user=0.00 sys=0.00, real=0.00 secs] 
2024-07-27T21:37:34.328+0800: 4.059: Total time for which application threads were stopped: 0.0031962 seconds, Stopping threads took: 0.0000187 seconds
2024-07-27T21:37:34.328+0800: 4.059: [CMS-concurrent-abortable-preclean: 0.005/0.231 secs] [Times: user=0.03 sys=0.00, real=0.23 secs] 
2024-07-27T21:37:34.328+0800: 4.059: Application time: 0.0002615 seconds
2024-07-27T21:37:34.328+0800: 4.059: [GC (CMS Final Remark) [YG occupancy: 11631 K (78656 K)]2024-07-27T21:37:34.328+0800: 4.059: [Rescan (parallel) , 0.0011260 secs]2024-07-27T21:37:34.329+0800: 4.061: [weak refs processing, 0.0000162 secs]2024-07-27T21:37:34.329+0800: 4.061: [class unloading, 0.0001763 secs]2024-07-27T21:37:34.329+0800: 4.061: [scrub symbol table, 0.0003532 secs]2024-07-27T21:37:34.330+0800: 4.061: [scrub string table, 0.0000983 secs][1 CMS-remark: 290447K(467792K)] 302079K(546448K), 0.0018322 secs] [Times: user=0.00 sys=0.00, real=0.00 secs] 
2024-07-27T21:37:34.330+0800: 4.061: Total time for which application threads were stopped: 0.0020156 seconds, Stopping threads took: 0.0001486 seconds
2024-07-27T21:37:34.330+0800: 4.061: [CMS-concurrent-sweep-start]
2024-07-27T21:37:34.331+0800: 4.063: [CMS-concurrent-sweep: 0.001/0.001 secs] [Times: user=0.00 sys=0.00, real=0.00 secs] 
2024-07-27T21:37:34.332+0800: 4.063: [CMS-concurrent-reset-start]
2024-07-27T21:37:34.333+0800: 4.064: [CMS-concurrent-reset: 0.001/0.001 secs] [Times: user=0.03 sys=0.00, real=0.00 secs] 
2024-07-27T21:37:34.335+0800: 4.066: Application time: 0.0047459 seconds
2024-07-27T21:37:34.335+0800: 4.066: [GC (Allocation Failure) 2024-07-27T21:37:34.335+0800: 4.066: [ParNew: 77168K->8192K(78656K), 0.0119053 secs] 226302K->225934K(546448K), 0.0119566 secs] [Times: user=0.00 sys=0.00, real=0.01 secs] 
2024-07-27T21:37:34.347+0800: 4.078: Total time for which application threads were stopped: 0.0120525 seconds, Stopping threads took: 0.0000121 seconds
2024-07-27T21:37:34.347+0800: 4.078: Application time: 0.0002044 seconds
2024-07-27T21:37:34.347+0800: 4.078: [GC (CMS Initial Mark) [1 CMS-initial-mark: 217742K(467792K)] 229374K(546448K), 0.0004739 secs] [Times: user=0.00 sys=0.00, real=0.00 secs] 
2024-07-27T21:37:34.347+0800: 4.079: Total time for which application threads were stopped: 0.0005745 seconds, Stopping threads took: 0.0000596 seconds
2024-07-27T21:37:34.348+0800: 4.079: [CMS-concurrent-mark-start]
2024-07-27T21:37:34.349+0800: 4.080: [CMS-concurrent-mark: 0.001/0.001 secs] [Times: user=0.05 sys=0.00, real=0.00 secs] 
2024-07-27T21:37:34.349+0800: 4.080: [CMS-concurrent-preclean-start]
2024-07-27T21:37:34.350+0800: 4.081: [CMS-concurrent-preclean: 0.001/0.001 secs] [Times: user=0.00 sys=0.00, real=0.00 secs] 
2024-07-27T21:37:34.350+0800: 4.081: [CMS-concurrent-abortable-preclean-start]
2024-07-27T21:37:34.386+0800: 4.117: Application time: 0.0380186 seconds
2024-07-27T21:37:34.386+0800: 4.117: Total time for which application threads were stopped: 0.0000656 seconds, Stopping threads took: 0.0000337 seconds
2024-07-27T21:37:34.467+0800: 4.198: Application time: 0.0815578 seconds
2024-07-27T21:37:34.467+0800: 4.199: [GC (Allocation Failure) 2024-07-27T21:37:34.467+0800: 4.199: [ParNew: 77168K->8192K(78656K), 0.0120981 secs] 294911K->294543K(546448K), 0.0121620 secs] [Times: user=0.03 sys=0.00, real=0.01 secs] 
2024-07-27T21:37:34.480+0800: 4.211: Total time for which application threads were stopped: 0.0123010 seconds, Stopping threads took: 0.0000182 seconds
2024-07-27T21:37:34.591+0800: 4.322: Application time: 0.1114060 seconds
2024-07-27T21:37:34.591+0800: 4.322: [GC (Allocation Failure) 2024-07-27T21:37:34.591+0800: 4.322: [ParNew: 77168K->8192K(78656K), 0.0032931 secs] 363520K->301711K(546448K), 0.0033511 secs] [Times: user=0.00 sys=0.00, real=0.00 secs] 
2024-07-27T21:37:34.594+0800: 4.326: Total time for which application threads were stopped: 0.0034618 seconds, Stopping threads took: 0.0000212 seconds
2024-07-27T21:37:34.595+0800: 4.326: [CMS-concurrent-abortable-preclean: 0.004/0.245 secs] [Times: user=0.03 sys=0.00, real=0.25 secs] 
2024-07-27T21:37:34.595+0800: 4.326: Application time: 0.0003589 seconds
2024-07-27T21:37:34.595+0800: 4.326: [GC (CMS Final Remark) [YG occupancy: 13679 K (78656 K)]2024-07-27T21:37:34.595+0800: 4.326: [Rescan (parallel) , 0.0010100 secs]2024-07-27T21:37:34.596+0800: 4.327: [weak refs processing, 0.0000130 secs]2024-07-27T21:37:34.596+0800: 4.327: [class unloading, 0.0001815 secs]2024-07-27T21:37:34.596+0800: 4.327: [scrub symbol table, 0.0003207 secs]2024-07-27T21:37:34.596+0800: 4.328: [scrub string table, 0.0000893 secs][1 CMS-remark: 293519K(467792K)] 307199K(546448K), 0.0016777 secs] [Times: user=0.00 sys=0.00, real=0.00 secs] 
2024-07-27T21:37:34.596+0800: 4.328: Total time for which application threads were stopped: 0.0018407 seconds, Stopping threads took: 0.0001289 seconds
2024-07-27T21:37:34.596+0800: 4.328: [CMS-concurrent-sweep-start]
2024-07-27T21:37:34.598+0800: 4.330: [CMS-concurrent-sweep: 0.002/0.002 secs] [Times: user=0.02 sys=0.00, real=0.00 secs] 
2024-07-27T21:37:34.598+0800: 4.330: [CMS-concurrent-reset-start]
2024-07-27T21:37:34.599+0800: 4.331: [CMS-concurrent-reset: 0.001/0.001 secs] [Times: user=0.00 sys=0.00, real=0.00 secs] 
2024-07-27T21:37:34.601+0800: 4.333: Application time: 0.0046534 seconds
2024-07-27T21:37:34.601+0800: 4.333: [GC (Allocation Failure) 2024-07-27T21:37:34.601+0800: 4.333: [ParNew: 77168K->8192K(78656K), 0.0122580 secs] 228350K->227982K(546448K), 0.0123106 secs] [Times: user=0.02 sys=0.02, real=0.01 secs] 
2024-07-27T21:37:34.614+0800: 4.345: Total time for which application threads were stopped: 0.0124038 seconds, Stopping threads took: 0.0000124 seconds
2024-07-27T21:37:34.614+0800: 4.345: Application time: 0.0002419 seconds
2024-07-27T21:37:34.614+0800: 4.345: [GC (CMS Initial Mark) [1 CMS-initial-mark: 219790K(467792K)] 231422K(546448K), 0.0007948 secs] [Times: user=0.00 sys=0.00, real=0.00 secs] 
2024-07-27T21:37:34.614+0800: 4.346: Total time for which application threads were stopped: 0.0009069 seconds, Stopping threads took: 0.0000714 seconds
2024-07-27T21:37:34.614+0800: 4.346: [CMS-concurrent-mark-start]
2024-07-27T21:37:34.616+0800: 4.348: [CMS-concurrent-mark: 0.002/0.002 secs] [Times: user=0.00 sys=0.00, real=0.00 secs] 
2024-07-27T21:37:34.616+0800: 4.348: [CMS-concurrent-preclean-start]
2024-07-27T21:37:34.616+0800: 4.349: [CMS-concurrent-preclean: 0.001/0.001 secs] [Times: user=0.00 sys=0.00, real=0.00 secs] 
2024-07-27T21:37:34.616+0800: 4.349: [CMS-concurrent-abortable-preclean-start]
2024-07-27T21:37:34.733+0800: 4.465: Application time: 0.1184522 seconds
2024-07-27T21:37:34.733+0800: 4.465: [GC (Allocation Failure) 2024-07-27T21:37:34.733+0800: 4.465: [ParNew: 77168K->8192K(78656K), 0.0118553 secs] 296959K->296591K(546448K), 0.0119135 secs] [Times: user=0.03 sys=0.00, real=0.01 secs] 
2024-07-27T21:37:34.744+0800: 4.477: Total time for which application threads were stopped: 0.0120293 seconds, Stopping threads took: 0.0000193 seconds
2024-07-27T21:37:34.856+0800: 4.587: Application time: 0.1108421 seconds
2024-07-27T21:37:34.856+0800: 4.587: [GC (Allocation Failure) 2024-07-27T21:37:34.856+0800: 4.588: [ParNew: 77168K->8192K(78656K), 0.0035140 secs] 365568K->304784K(546448K), 0.0035759 secs] [Times: user=0.00 sys=0.00, real=0.00 secs] 
2024-07-27T21:37:34.859+0800: 4.591: Total time for which application threads were stopped: 0.0037016 seconds, Stopping threads took: 0.0000339 seconds
2024-07-27T21:37:34.859+0800: 4.591: [CMS-concurrent-abortable-preclean: 0.005/0.243 secs] [Times: user=0.03 sys=0.00, real=0.24 secs] 
2024-07-27T21:37:34.860+0800: 4.591: Application time: 0.0003068 seconds
2024-07-27T21:37:34.860+0800: 4.592: [GC (CMS Final Remark) [YG occupancy: 12655 K (78656 K)]2024-07-27T21:37:34.860+0800: 4.592: [Rescan (parallel) , 0.0009984 secs]2024-07-27T21:37:34.861+0800: 4.593: [weak refs processing, 0.0000133 secs]2024-07-27T21:37:34.861+0800: 4.593: [class unloading, 0.0001807 secs]2024-07-27T21:37:34.861+0800: 4.593: [scrub symbol table, 0.0003120 secs]2024-07-27T21:37:34.861+0800: 4.593: [scrub string table, 0.0001043 secs][1 CMS-remark: 296591K(467792K)] 309247K(546448K), 0.0016728 secs] [Times: user=0.00 sys=0.00, real=0.00 secs] 
2024-07-27T21:37:34.861+0800: 4.593: Total time for which application threads were stopped: 0.0017731 seconds, Stopping threads took: 0.0000631 seconds
2024-07-27T21:37:34.862+0800: 4.593: [CMS-concurrent-sweep-start]
2024-07-27T21:37:34.863+0800: 4.595: [CMS-concurrent-sweep: 0.001/0.001 secs] [Times: user=0.00 sys=0.00, real=0.00 secs] 
2024-07-27T21:37:34.863+0800: 4.595: [CMS-concurrent-reset-start]
2024-07-27T21:37:34.864+0800: 4.596: [CMS-concurrent-reset: 0.001/0.001 secs] [Times: user=0.03 sys=0.00, real=0.00 secs] 
2024-07-27T21:37:34.866+0800: 4.598: Application time: 0.0048448 seconds
2024-07-27T21:37:34.866+0800: 4.598: [GC (Allocation Failure) 2024-07-27T21:37:34.866+0800: 4.598: [ParNew: 77168K->8192K(78656K), 0.0123739 secs] 230398K->230030K(546448K), 0.0124225 secs] [Times: user=0.00 sys=0.00, real=0.01 secs] 
2024-07-27T21:37:34.879+0800: 4.611: Total time for which application threads were stopped: 0.0125193 seconds, Stopping threads took: 0.0000139 seconds
2024-07-27T21:37:34.879+0800: 4.611: Application time: 0.0002538 seconds
2024-07-27T21:37:34.879+0800: 4.611: [GC (CMS Initial Mark) [1 CMS-initial-mark: 221838K(467792K)] 233470K(546448K), 0.0008796 secs] [Times: user=0.00 sys=0.00, real=0.00 secs] 
2024-07-27T21:37:34.880+0800: 4.612: Total time for which application threads were stopped: 0.0009989 seconds, Stopping threads took: 0.0000774 seconds
2024-07-27T21:37:34.880+0800: 4.612: [CMS-concurrent-mark-start]
2024-07-27T21:37:34.882+0800: 4.614: [CMS-concurrent-mark: 0.002/0.002 secs] [Times: user=0.00 sys=0.00, real=0.00 secs] 
2024-07-27T21:37:34.882+0800: 4.614: [CMS-concurrent-preclean-start]
2024-07-27T21:37:34.883+0800: 4.614: [CMS-concurrent-preclean: 0.001/0.001 secs] [Times: user=0.00 sys=0.00, real=0.00 secs] 
2024-07-27T21:37:34.883+0800: 4.614: [CMS-concurrent-abortable-preclean-start]
2024-07-27T21:37:34.997+0800: 4.729: Application time: 0.1172136 seconds
2024-07-27T21:37:34.997+0800: 4.729: [GC (Allocation Failure) 2024-07-27T21:37:34.997+0800: 4.729: [ParNew: 77168K->8192K(78656K), 0.0118699 secs] 299007K->298639K(546448K), 0.0119288 secs] [Times: user=0.03 sys=0.00, real=0.01 secs] 
2024-07-27T21:37:35.009+0800: 4.741: Total time for which application threads were stopped: 0.0120389 seconds, Stopping threads took: 0.0000201 seconds
2024-07-27T21:37:35.121+0800: 4.853: Application time: 0.1119875 seconds
2024-07-27T21:37:35.121+0800: 4.853: [GC (Allocation Failure) 2024-07-27T21:37:35.121+0800: 4.853: [ParNew: 77168K->8192K(78656K), 0.0034550 secs] 367616K->307856K(546448K), 0.0035117 secs] [Times: user=0.00 sys=0.00, real=0.00 secs] 
2024-07-27T21:37:35.125+0800: 4.857: Total time for which application threads were stopped: 0.0036193 seconds, Stopping threads took: 0.0000195 seconds
2024-07-27T21:37:35.125+0800: 4.857: [CMS-concurrent-abortable-preclean: 0.005/0.243 secs] [Times: user=0.03 sys=0.00, real=0.24 secs] 
2024-07-27T21:37:35.125+0800: 4.857: Application time: 0.0003363 seconds
2024-07-27T21:37:35.125+0800: 4.857: [GC (CMS Final Remark) [YG occupancy: 13679 K (78656 K)]2024-07-27T21:37:35.126+0800: 4.857: [Rescan (parallel) , 0.0009276 secs]2024-07-27T21:37:35.127+0800: 4.858: [weak refs processing, 0.0000130 secs]2024-07-27T21:37:35.127+0800: 4.858: [class unloading, 0.0001964 secs]2024-07-27T21:37:35.127+0800: 4.858: [scrub symbol table, 0.0003446 secs]2024-07-27T21:37:35.127+0800: 4.859: [scrub string table, 0.0001002 secs][1 CMS-remark: 299663K(467792K)] 313343K(546448K), 0.0016533 secs] [Times: user=0.00 sys=0.00, real=0.00 secs] 
2024-07-27T21:37:35.127+0800: 4.859: Total time for which application threads were stopped: 0.0018646 seconds, Stopping threads took: 0.0001631 seconds
2024-07-27T21:37:35.127+0800: 4.859: [CMS-concurrent-sweep-start]
2024-07-27T21:37:35.129+0800: 4.861: [CMS-concurrent-sweep: 0.001/0.001 secs] [Times: user=0.00 sys=0.00, real=0.00 secs] 
2024-07-27T21:37:35.129+0800: 4.861: [CMS-concurrent-reset-start]
2024-07-27T21:37:35.130+0800: 4.862: [CMS-concurrent-reset: 0.001/0.001 secs] [Times: user=0.03 sys=0.00, real=0.00 secs] 
2024-07-27T21:37:35.132+0800: 4.864: Application time: 0.0047020 seconds
2024-07-27T21:37:35.132+0800: 4.864: [GC (Allocation Failure) 2024-07-27T21:37:35.132+0800: 4.864: [ParNew: 77168K->8192K(78656K), 0.0123343 secs] 232446K->232078K(546448K), 0.0123823 secs] [Times: user=0.00 sys=0.00, real=0.01 secs] 
2024-07-27T21:37:35.144+0800: 4.876: Total time for which application threads were stopped: 0.0124922 seconds, Stopping threads took: 0.0000129 seconds
2024-07-27T21:37:35.145+0800: 4.876: Application time: 0.0002308 seconds
2024-07-27T21:37:35.145+0800: 4.876: [GC (CMS Initial Mark) [1 CMS-initial-mark: 223886K(467792K)] 235518K(546448K), 0.0008002 secs] [Times: user=0.00 sys=0.00, real=0.00 secs] 
2024-07-27T21:37:35.146+0800: 4.877: Total time for which application threads were stopped: 0.0009195 seconds, Stopping threads took: 0.0000743 seconds
2024-07-27T21:37:35.146+0800: 4.877: [CMS-concurrent-mark-start]
2024-07-27T21:37:35.147+0800: 4.879: [CMS-concurrent-mark: 0.001/0.001 secs] [Times: user=0.00 sys=0.00, real=0.00 secs] 
2024-07-27T21:37:35.147+0800: 4.879: [CMS-concurrent-preclean-start]
2024-07-27T21:37:35.148+0800: 4.879: [CMS-concurrent-preclean: 0.001/0.001 secs] [Times: user=0.00 sys=0.00, real=0.00 secs] 
2024-07-27T21:37:35.148+0800: 4.879: [CMS-concurrent-abortable-preclean-start]
2024-07-27T21:37:35.266+0800: 4.997: Application time: 0.1197808 seconds
2024-07-27T21:37:35.266+0800: 4.997: [GC (Allocation Failure) 2024-07-27T21:37:35.266+0800: 4.997: [ParNew: 77168K->8192K(78656K), 0.0121362 secs] 301055K->300687K(546448K), 0.0121944 secs] [Times: user=0.03 sys=0.00, real=0.01 secs] 
2024-07-27T21:37:35.278+0800: 5.009: Total time for which application threads were stopped: 0.0123016 seconds, Stopping threads took: 0.0000171 seconds
2024-07-27T21:37:35.389+0800: 5.120: Application time: 0.1103434 seconds
2024-07-27T21:37:35.389+0800: 5.120: [GC (Allocation Failure) 2024-07-27T21:37:35.436+0800: 5.168: [ParNew: 77168K->8192K(78656K), 0.0037653 secs] 369664K->310928K(546448K), 0.0516074 secs] [Times: user=0.00 sys=0.00, real=0.05 secs] 
2024-07-27T21:37:35.440+0800: 5.171: Total time for which application threads were stopped: 0.0517301 seconds, Stopping threads took: 0.0000195 seconds
2024-07-27T21:37:35.440+0800: 5.171: [CMS-concurrent-abortable-preclean: 0.005/0.292 secs] [Times: user=0.03 sys=0.00, real=0.29 secs] 
2024-07-27T21:37:35.441+0800: 5.172: Application time: 0.0003017 seconds
2024-07-27T21:37:35.441+0800: 5.172: [GC (CMS Final Remark) [YG occupancy: 12655 K (78656 K)]2024-07-27T21:37:35.441+0800: 5.172: [Rescan (parallel) , 0.0010718 secs]2024-07-27T21:37:35.442+0800: 5.173: [weak refs processing, 0.0000169 secs]2024-07-27T21:37:35.442+0800: 5.173: [class unloading, 0.0001900 secs]2024-07-27T21:37:35.442+0800: 5.173: [scrub symbol table, 0.0003398 secs]2024-07-27T21:37:35.442+0800: 5.174: [scrub string table, 0.0000993 secs][1 CMS-remark: 302735K(467792K)] 315391K(546448K), 0.0017854 secs] [Times: user=0.00 sys=0.00, real=0.00 secs] 
2024-07-27T21:37:35.442+0800: 5.174: Total time for which application threads were stopped: 0.0019565 seconds, Stopping threads took: 0.0001347 seconds
2024-07-27T21:37:35.443+0800: 5.174: [CMS-concurrent-sweep-start]
2024-07-27T21:37:35.444+0800: 5.175: [CMS-concurrent-sweep: 0.001/0.001 secs] [Times: user=0.00 sys=0.00, real=0.00 secs] 
2024-07-27T21:37:35.444+0800: 5.175: [CMS-concurrent-reset-start]
2024-07-27T21:37:35.445+0800: 5.177: [CMS-concurrent-reset: 0.001/0.001 secs] [Times: user=0.00 sys=0.00, real=0.00 secs] 
2024-07-27T21:37:35.447+0800: 5.178: Application time: 0.0047387 seconds
2024-07-27T21:37:35.447+0800: 5.178: [GC (Allocation Failure) 2024-07-27T21:37:35.447+0800: 5.178: [ParNew: 77168K->8192K(78656K), 0.0119781 secs] 234494K->234126K(546448K), 0.0120260 secs] [Times: user=0.03 sys=0.00, real=0.01 secs] 
2024-07-27T21:37:35.459+0800: 5.191: Total time for which application threads were stopped: 0.0121266 seconds, Stopping threads took: 0.0000121 seconds
2024-07-27T21:37:35.460+0800: 5.191: Application time: 0.0001809 seconds
2024-07-27T21:37:35.460+0800: 5.191: [GC (CMS Initial Mark) [1 CMS-initial-mark: 225934K(467792K)] 237566K(546448K), 0.0007786 secs] [Times: user=0.00 sys=0.00, real=0.00 secs] 
2024-07-27T21:37:35.461+0800: 5.192: Total time for which application threads were stopped: 0.0009970 seconds, Stopping threads took: 0.0001758 seconds
2024-07-27T21:37:35.461+0800: 5.192: [CMS-concurrent-mark-start]
2024-07-27T21:37:35.462+0800: 5.193: [CMS-concurrent-mark: 0.002/0.002 secs] [Times: user=0.00 sys=0.00, real=0.00 secs] 
2024-07-27T21:37:35.462+0800: 5.193: [CMS-concurrent-preclean-start]
2024-07-27T21:37:35.463+0800: 5.194: [CMS-concurrent-preclean: 0.001/0.001 secs] [Times: user=0.00 sys=0.00, real=0.00 secs] 
2024-07-27T21:37:35.463+0800: 5.194: [CMS-concurrent-abortable-preclean-start]
2024-07-27T21:37:35.579+0800: 5.311: Application time: 0.1194619 seconds
2024-07-27T21:37:35.580+0800: 5.311: [GC (Allocation Failure) 2024-07-27T21:37:35.580+0800: 5.311: [ParNew: 77168K->8192K(78656K), 0.0118537 secs] 303103K->302735K(546448K), 0.0119119 secs] [Times: user=0.03 sys=0.00, real=0.01 secs] 
2024-07-27T21:37:35.592+0800: 5.323: Total time for which application threads were stopped: 0.0120290 seconds, Stopping threads took: 0.0000230 seconds
2024-07-27T21:37:35.704+0800: 5.435: Application time: 0.1118494 seconds
2024-07-27T21:37:35.704+0800: 5.435: [GC (Allocation Failure) 2024-07-27T21:37:35.704+0800: 5.435: [ParNew: 77168K->8192K(78656K), 0.0039074 secs] 371712K->314000K(546448K), 0.0039642 secs] [Times: user=0.02 sys=0.00, real=0.00 secs] 
2024-07-27T21:37:35.708+0800: 5.439: Total time for which application threads were stopped: 0.0040839 seconds, Stopping threads took: 0.0000192 seconds
2024-07-27T21:37:35.708+0800: 5.439: [CMS-concurrent-abortable-preclean: 0.005/0.245 secs] [Times: user=0.05 sys=0.00, real=0.24 secs] 
2024-07-27T21:37:35.708+0800: 5.439: Application time: 0.0002909 seconds
2024-07-27T21:37:35.708+0800: 5.440: [GC (CMS Final Remark) [YG occupancy: 12655 K (78656 K)]2024-07-27T21:37:35.708+0800: 5.440: [Rescan (parallel) , 0.0010457 secs]2024-07-27T21:37:35.709+0800: 5.441: [weak refs processing, 0.0000127 secs]2024-07-27T21:37:35.709+0800: 5.441: [class unloading, 0.0001921 secs]2024-07-27T21:37:35.709+0800: 5.441: [scrub symbol table, 0.0003509 secs]2024-07-27T21:37:35.710+0800: 5.441: [scrub string table, 0.0000995 secs][1 CMS-remark: 305808K(467792K)] 318463K(546448K), 0.0017636 secs] [Times: user=0.00 sys=0.00, real=0.00 secs] 
2024-07-27T21:37:35.710+0800: 5.441: Total time for which application threads were stopped: 0.0019582 seconds, Stopping threads took: 0.0001589 seconds
2024-07-27T21:37:35.710+0800: 5.442: [CMS-concurrent-sweep-start]
2024-07-27T21:37:35.712+0800: 5.443: [CMS-concurrent-sweep: 0.001/0.001 secs] [Times: user=0.00 sys=0.00, real=0.00 secs] 
2024-07-27T21:37:35.712+0800: 5.443: [CMS-concurrent-reset-start]
2024-07-27T21:37:35.713+0800: 5.444: [CMS-concurrent-reset: 0.001/0.001 secs] [Times: user=0.00 sys=0.00, real=0.00 secs] 
2024-07-27T21:37:35.715+0800: 5.446: Application time: 0.0047209 seconds
2024-07-27T21:37:35.715+0800: 5.446: [GC (Allocation Failure) 2024-07-27T21:37:35.715+0800: 5.446: [ParNew: 77168K->8192K(78656K), 0.0121036 secs] 236542K->236174K(546448K), 0.0121462 secs] [Times: user=0.03 sys=0.00, real=0.01 secs] 
2024-07-27T21:37:35.727+0800: 5.458: Total time for which application threads were stopped: 0.0122509 seconds, Stopping threads took: 0.0000227 seconds
2024-07-27T21:37:35.727+0800: 5.459: Application time: 0.0002321 seconds
2024-07-27T21:37:35.727+0800: 5.459: [GC (CMS Initial Mark) [1 CMS-initial-mark: 227982K(467792K)] 239614K(546448K), 0.0007567 secs] [Times: user=0.00 sys=0.00, real=0.00 secs] 
2024-07-27T21:37:35.728+0800: 5.460: Total time for which application threads were stopped: 0.0009356 seconds, Stopping threads took: 0.0001321 seconds
2024-07-27T21:37:35.728+0800: 5.460: [CMS-concurrent-mark-start]
2024-07-27T21:37:35.729+0800: 5.461: [CMS-concurrent-mark: 0.001/0.001 secs] [Times: user=0.00 sys=0.00, real=0.00 secs] 
2024-07-27T21:37:35.729+0800: 5.461: [CMS-concurrent-preclean-start]
2024-07-27T21:37:35.730+0800: 5.462: [CMS-concurrent-preclean: 0.001/0.001 secs] [Times: user=0.00 sys=0.00, real=0.00 secs] 
2024-07-27T21:37:35.730+0800: 5.462: [CMS-concurrent-abortable-preclean-start]
2024-07-27T21:37:35.846+0800: 5.578: Application time: 0.1180496 seconds
2024-07-27T21:37:35.846+0800: 5.578: [GC (Allocation Failure) 2024-07-27T21:37:35.846+0800: 5.578: [ParNew: 77168K->8192K(78656K), 0.0121614 secs] 305151K->304784K(546448K), 0.0122652 secs] [Times: user=0.03 sys=0.00, real=0.01 secs] 
2024-07-27T21:37:35.859+0800: 5.590: Total time for which application threads were stopped: 0.0123864 seconds, Stopping threads took: 0.0000186 seconds
2024-07-27T21:37:35.970+0800: 5.701: Application time: 0.1106470 seconds
2024-07-27T21:37:35.970+0800: 5.701: [GC (Allocation Failure) 2024-07-27T21:37:35.970+0800: 5.701: [ParNew: 77168K->8192K(78656K), 0.0039382 secs] 373760K->317072K(546448K), 0.0039956 secs] [Times: user=0.00 sys=0.00, real=0.00 secs] 
2024-07-27T21:37:35.973+0800: 5.705: Total time for which application threads were stopped: 0.0041038 seconds, Stopping threads took: 0.0000199 seconds
2024-07-27T21:37:35.973+0800: 5.705: [CMS-concurrent-abortable-preclean: 0.005/0.243 secs] [Times: user=0.03 sys=0.00, real=0.24 secs] 
2024-07-27T21:37:35.973+0800: 5.705: Application time: 0.0003981 seconds
2024-07-27T21:37:35.973+0800: 5.705: [GC (CMS Final Remark) [YG occupancy: 14703 K (78656 K)]2024-07-27T21:37:35.973+0800: 5.705: [Rescan (parallel) , 0.0009275 secs]2024-07-27T21:37:35.975+0800: 5.706: [weak refs processing, 0.0000128 secs]2024-07-27T21:37:35.975+0800: 5.706: [class unloading, 0.0001766 secs]2024-07-27T21:37:35.975+0800: 5.706: [scrub symbol table, 0.0003765 secs]2024-07-27T21:37:35.976+0800: 5.707: [scrub string table, 0.0001196 secs][1 CMS-remark: 308880K(467792K)] 323583K(546448K), 0.0016767 secs] [Times: user=0.00 sys=0.00, real=0.00 secs] 
2024-07-27T21:37:35.976+0800: 5.707: Total time for which application threads were stopped: 0.0018558 seconds, Stopping threads took: 0.0001433 seconds
2024-07-27T21:37:35.976+0800: 5.707: [CMS-concurrent-sweep-start]
2024-07-27T21:37:35.978+0800: 5.709: [CMS-concurrent-sweep: 0.001/0.001 secs] [Times: user=0.00 sys=0.00, real=0.00 secs] 
2024-07-27T21:37:35.978+0800: 5.709: [CMS-concurrent-reset-start]
2024-07-27T21:37:35.978+0800: 5.710: [CMS-concurrent-reset: 0.001/0.001 secs] [Times: user=0.00 sys=0.00, real=0.00 secs] 
2024-07-27T21:37:35.981+0800: 5.712: Application time: 0.0046848 seconds
2024-07-27T21:37:35.981+0800: 5.712: [GC (Allocation Failure) 2024-07-27T21:37:35.981+0800: 5.712: [ParNew: 77168K->8192K(78656K), 0.0119037 secs] 238590K->238223K(546448K), 0.0119555 secs] [Times: user=0.03 sys=0.00, real=0.01 secs] 
2024-07-27T21:37:35.992+0800: 5.724: Total time for which application threads were stopped: 0.0120584 seconds, Stopping threads took: 0.0000123 seconds
2024-07-27T21:37:35.993+0800: 5.724: Application time: 0.0002388 seconds
2024-07-27T21:37:35.993+0800: 5.724: [GC (CMS Initial Mark) [1 CMS-initial-mark: 230030K(467792K)] 241662K(546448K), 0.0007373 secs] [Times: user=0.00 sys=0.00, real=0.00 secs] 
2024-07-27T21:37:35.993+0800: 5.725: Total time for which application threads were stopped: 0.0008773 seconds, Stopping threads took: 0.0000978 seconds
2024-07-27T21:37:35.993+0800: 5.725: [CMS-concurrent-mark-start]
2024-07-27T21:37:35.995+0800: 5.726: [CMS-concurrent-mark: 0.001/0.001 secs] [Times: user=0.00 sys=0.00, real=0.00 secs] 
2024-07-27T21:37:35.995+0800: 5.726: [CMS-concurrent-preclean-start]
2024-07-27T21:37:35.995+0800: 5.727: [CMS-concurrent-preclean: 0.001/0.001 secs] [Times: user=0.00 sys=0.00, real=0.00 secs] 
2024-07-27T21:37:35.995+0800: 5.727: [CMS-concurrent-abortable-preclean-start]
2024-07-27T21:37:36.114+0800: 5.845: Application time: 0.1201757 seconds
2024-07-27T21:37:36.114+0800: 5.845: [GC (Allocation Failure) 2024-07-27T21:37:36.114+0800: 5.845: [ParNew: 77168K->8192K(78656K), 0.0120841 secs] 307199K->306832K(546448K), 0.0121424 secs] [Times: user=0.00 sys=0.00, real=0.01 secs] 
2024-07-27T21:37:36.126+0800: 5.857: Total time for which application threads were stopped: 0.0122499 seconds, Stopping threads took: 0.0000188 seconds
2024-07-27T21:37:36.240+0800: 5.971: Application time: 0.1137584 seconds
2024-07-27T21:37:36.240+0800: 5.971: [GC (Allocation Failure) 2024-07-27T21:37:36.240+0800: 5.971: [ParNew: 77168K->8192K(78656K), 0.0044883 secs] 375808K->320144K(546448K), 0.0045466 secs] [Times: user=0.00 sys=0.00, real=0.00 secs] 
2024-07-27T21:37:36.244+0800: 5.976: Total time for which application threads were stopped: 0.0046552 seconds, Stopping threads took: 0.0000187 seconds
2024-07-27T21:37:36.244+0800: 5.976: [CMS-concurrent-abortable-preclean: 0.005/0.249 secs] [Times: user=0.05 sys=0.00, real=0.25 secs] 
2024-07-27T21:37:36.245+0800: 5.976: Application time: 0.0003111 seconds
2024-07-27T21:37:36.245+0800: 5.976: [GC (CMS Final Remark) [YG occupancy: 12655 K (78656 K)]2024-07-27T21:37:36.245+0800: 5.976: [Rescan (parallel) , 0.0009944 secs]2024-07-27T21:37:36.246+0800: 5.977: [weak refs processing, 0.0000125 secs]2024-07-27T21:37:36.246+0800: 5.977: [class unloading, 0.0001954 secs]2024-07-27T21:37:36.246+0800: 5.977: [scrub symbol table, 0.0003458 secs]2024-07-27T21:37:36.246+0800: 5.978: [scrub string table, 0.0001015 secs][1 CMS-remark: 311952K(467792K)] 324607K(546448K), 0.0017124 secs] [Times: user=0.00 sys=0.00, real=0.00 secs] 
2024-07-27T21:37:36.247+0800: 5.978: Total time for which application threads were stopped: 0.0018777 seconds, Stopping threads took: 0.0001259 seconds
2024-07-27T21:37:36.247+0800: 5.978: [CMS-concurrent-sweep-start]
2024-07-27T21:37:36.248+0800: 5.979: [CMS-concurrent-sweep: 0.001/0.001 secs] [Times: user=0.00 sys=0.00, real=0.00 secs] 
2024-07-27T21:37:36.248+0800: 5.979: [CMS-concurrent-reset-start]
2024-07-27T21:37:36.249+0800: 5.981: [CMS-concurrent-reset: 0.001/0.001 secs] [Times: user=0.00 sys=0.00, real=0.00 secs] 
2024-07-27T21:37:36.251+0800: 5.983: Application time: 0.0047252 seconds
2024-07-27T21:37:36.251+0800: 5.983: [GC (Allocation Failure) 2024-07-27T21:37:36.251+0800: 5.983: [ParNew: 77168K->8192K(78656K), 0.0117778 secs] 240638K->240271K(546448K), 0.0118253 secs] [Times: user=0.03 sys=0.00, real=0.01 secs] 
2024-07-27T21:37:36.263+0800: 5.995: Total time for which application threads were stopped: 0.0119327 seconds, Stopping threads took: 0.0000125 seconds
2024-07-27T21:37:36.263+0800: 5.995: Application time: 0.0002760 seconds
2024-07-27T21:37:36.264+0800: 5.995: [GC (CMS Initial Mark) [1 CMS-initial-mark: 232078K(467792K)] 244734K(546448K), 0.0007930 secs] [Times: user=0.00 sys=0.00, real=0.00 secs] 
2024-07-27T21:37:36.265+0800: 5.996: Total time for which application threads were stopped: 0.0009352 seconds, Stopping threads took: 0.0000960 seconds
2024-07-27T21:37:36.265+0800: 5.996: [CMS-concurrent-mark-start]
2024-07-27T21:37:36.266+0800: 5.997: [CMS-concurrent-mark: 0.001/0.001 secs] [Times: user=0.00 sys=0.00, real=0.00 secs] 
2024-07-27T21:37:36.266+0800: 5.997: [CMS-concurrent-preclean-start]
2024-07-27T21:37:36.266+0800: 5.998: [CMS-concurrent-preclean: 0.001/0.001 secs] [Times: user=0.00 sys=0.00, real=0.00 secs] 
2024-07-27T21:37:36.266+0800: 5.998: [CMS-concurrent-abortable-preclean-start]
2024-07-27T21:37:36.383+0800: 6.115: Application time: 0.1191559 seconds
2024-07-27T21:37:36.383+0800: 6.115: [GC (Allocation Failure) 2024-07-27T21:37:36.383+0800: 6.115: [ParNew: 77168K->8192K(78656K), 0.0119385 secs] 309247K->308880K(546448K), 0.0119955 secs] [Times: user=0.00 sys=0.00, real=0.01 secs] 
2024-07-27T21:37:36.396+0800: 6.127: Total time for which application threads were stopped: 0.0121042 seconds, Stopping threads took: 0.0000193 seconds
2024-07-27T21:37:36.507+0800: 6.238: Application time: 0.1112263 seconds
2024-07-27T21:37:36.507+0800: 6.238: [GC (Allocation Failure) 2024-07-27T21:37:36.507+0800: 6.238: [ParNew: 77168K->8192K(78656K), 0.0042533 secs] 377856K->323216K(546448K), 0.0043116 secs] [Times: user=0.00 sys=0.00, real=0.00 secs] 
2024-07-27T21:37:36.511+0800: 6.243: Total time for which application threads were stopped: 0.0044214 seconds, Stopping threads took: 0.0000195 seconds
2024-07-27T21:37:36.511+0800: 6.243: [CMS-concurrent-abortable-preclean: 0.005/0.245 secs] [Times: user=0.00 sys=0.00, real=0.24 secs] 
2024-07-27T21:37:36.512+0800: 6.243: Application time: 0.0003025 seconds
2024-07-27T21:37:36.512+0800: 6.243: [GC (CMS Final Remark) [YG occupancy: 12655 K (78656 K)]2024-07-27T21:37:36.512+0800: 6.243: [Rescan (parallel) , 0.0008985 secs]2024-07-27T21:37:36.513+0800: 6.244: [weak refs processing, 0.0000125 secs]2024-07-27T21:37:36.513+0800: 6.244: [class unloading, 0.0001888 secs]2024-07-27T21:37:36.513+0800: 6.244: [scrub symbol table, 0.0003436 secs]2024-07-27T21:37:36.513+0800: 6.245: [scrub string table, 0.0000998 secs][1 CMS-remark: 315024K(467792K)] 327679K(546448K), 0.0016107 secs] [Times: user=0.00 sys=0.00, real=0.00 secs] 
2024-07-27T21:37:36.513+0800: 6.245: Total time for which application threads were stopped: 0.0018087 seconds, Stopping threads took: 0.0001622 seconds
2024-07-27T21:37:36.514+0800: 6.245: [CMS-concurrent-sweep-start]
2024-07-27T21:37:36.515+0800: 6.247: [CMS-concurrent-sweep: 0.001/0.001 secs] [Times: user=0.00 sys=0.00, real=0.00 secs] 
2024-07-27T21:37:36.515+0800: 6.247: [CMS-concurrent-reset-start]
2024-07-27T21:37:36.516+0800: 6.248: [CMS-concurrent-reset: 0.001/0.001 secs] [Times: user=0.00 sys=0.00, real=0.00 secs] 
2024-07-27T21:37:36.518+0800: 6.250: Application time: 0.0047504 seconds
2024-07-27T21:37:36.518+0800: 6.250: [GC (Allocation Failure) 2024-07-27T21:37:36.518+0800: 6.250: [ParNew: 77168K->8192K(78656K), 0.0119411 secs] 242686K->242319K(546448K), 0.0119885 secs] [Times: user=0.03 sys=0.00, real=0.01 secs] 
2024-07-27T21:37:36.530+0800: 6.262: Total time for which application threads were stopped: 0.0120850 seconds, Stopping threads took: 0.0000123 seconds
2024-07-27T21:37:36.530+0800: 6.262: Application time: 0.0002363 seconds
2024-07-27T21:37:36.531+0800: 6.262: [GC (CMS Initial Mark) [1 CMS-initial-mark: 234126K(467792K)] 245758K(546448K), 0.0007937 secs] [Times: user=0.00 sys=0.00, real=0.00 secs] 
2024-07-27T21:37:36.531+0800: 6.263: Total time for which application threads were stopped: 0.0009832 seconds, Stopping threads took: 0.0001480 seconds
2024-07-27T21:37:36.532+0800: 6.263: [CMS-concurrent-mark-start]
2024-07-27T21:37:36.533+0800: 6.264: [CMS-concurrent-mark: 0.001/0.001 secs] [Times: user=0.00 sys=0.00, real=0.00 secs] 
2024-07-27T21:37:36.533+0800: 6.264: [CMS-concurrent-preclean-start]
2024-07-27T21:37:36.533+0800: 6.265: [CMS-concurrent-preclean: 0.001/0.001 secs] [Times: user=0.00 sys=0.00, real=0.00 secs] 
2024-07-27T21:37:36.533+0800: 6.265: [CMS-concurrent-abortable-preclean-start]
2024-07-27T21:37:36.649+0800: 6.380: Application time: 0.1172932 seconds
2024-07-27T21:37:36.649+0800: 6.380: [GC (Allocation Failure) 2024-07-27T21:37:36.649+0800: 6.380: [ParNew: 77168K->8192K(78656K), 0.0118834 secs] 311295K->310928K(546448K), 0.0119460 secs] [Times: user=0.00 sys=0.00, real=0.01 secs] 
2024-07-27T21:37:36.661+0800: 6.392: Total time for which application threads were stopped: 0.0120625 seconds, Stopping threads took: 0.0000205 seconds
2024-07-27T21:37:36.772+0800: 6.503: Application time: 0.1110688 seconds
2024-07-27T21:37:36.772+0800: 6.503: [GC (Allocation Failure) 2024-07-27T21:37:36.772+0800: 6.503: [ParNew: 77168K->8192K(78656K), 0.0045443 secs] 379904K->326288K(546448K), 0.0046014 secs] [Times: user=0.00 sys=0.00, real=0.00 secs] 
2024-07-27T21:37:36.777+0800: 6.508: Total time for which application threads were stopped: 0.0047141 seconds, Stopping threads took: 0.0000202 seconds
2024-07-27T21:37:36.777+0800: 6.508: [CMS-concurrent-abortable-preclean: 0.005/0.243 secs] [Times: user=0.00 sys=0.00, real=0.24 secs] 
2024-07-27T21:37:36.777+0800: 6.508: Application time: 0.0003028 seconds
2024-07-27T21:37:36.777+0800: 6.509: [GC (CMS Final Remark) [YG occupancy: 12655 K (78656 K)]2024-07-27T21:37:36.777+0800: 6.509: [Rescan (parallel) , 0.0007033 secs]2024-07-27T21:37:36.778+0800: 6.509: [weak refs processing, 0.0000114 secs]2024-07-27T21:37:36.778+0800: 6.509: [class unloading, 0.0001873 secs]2024-07-27T21:37:36.778+0800: 6.509: [scrub symbol table, 0.0003118 secs]2024-07-27T21:37:36.778+0800: 6.510: [scrub string table, 0.0000916 secs][1 CMS-remark: 318096K(467792K)] 330751K(546448K), 0.0013638 secs] [Times: user=0.00 sys=0.00, real=0.00 secs] 
2024-07-27T21:37:36.778+0800: 6.510: Total time for which application threads were stopped: 0.0015112 seconds, Stopping threads took: 0.0001132 seconds
2024-07-27T21:37:36.779+0800: 6.510: [CMS-concurrent-sweep-start]
2024-07-27T21:37:36.780+0800: 6.512: [CMS-concurrent-sweep: 0.002/0.002 secs] [Times: user=0.00 sys=0.00, real=0.00 secs] 
2024-07-27T21:37:36.780+0800: 6.512: [CMS-concurrent-reset-start]
2024-07-27T21:37:36.781+0800: 6.513: [CMS-concurrent-reset: 0.001/0.001 secs] [Times: user=0.00 sys=0.00, real=0.00 secs] 
2024-07-27T21:37:36.783+0800: 6.515: Application time: 0.0048425 seconds
2024-07-27T21:37:36.783+0800: 6.515: [GC (Allocation Failure) 2024-07-27T21:37:36.783+0800: 6.515: [ParNew: 77168K->8192K(78656K), 0.0121961 secs] 244734K->244367K(546448K), 0.0122422 secs] [Times: user=0.03 sys=0.00, real=0.01 secs] 
2024-07-27T21:37:36.796+0800: 6.527: Total time for which application threads were stopped: 0.0123470 seconds, Stopping threads took: 0.0000121 seconds
2024-07-27T21:37:36.796+0800: 6.527: Application time: 0.0002618 seconds
2024-07-27T21:37:36.796+0800: 6.527: [GC (CMS Initial Mark) [1 CMS-initial-mark: 236174K(467792K)] 247806K(546448K), 0.0006919 secs] [Times: user=0.00 sys=0.00, real=0.00 secs] 
2024-07-27T21:37:36.797+0800: 6.528: Total time for which application threads were stopped: 0.0008530 seconds, Stopping threads took: 0.0001194 seconds
2024-07-27T21:37:36.797+0800: 6.528: [CMS-concurrent-mark-start]
2024-07-27T21:37:36.798+0800: 6.530: [CMS-concurrent-mark: 0.001/0.001 secs] [Times: user=0.00 sys=0.00, real=0.00 secs] 
2024-07-27T21:37:36.798+0800: 6.530: [CMS-concurrent-preclean-start]
2024-07-27T21:37:36.799+0800: 6.530: [CMS-concurrent-preclean: 0.001/0.001 secs] [Times: user=0.00 sys=0.00, real=0.00 secs] 
2024-07-27T21:37:36.799+0800: 6.530: [CMS-concurrent-abortable-preclean-start]
2024-07-27T21:37:36.916+0800: 6.648: Application time: 0.1194879 seconds
2024-07-27T21:37:36.916+0800: 6.648: [GC (Allocation Failure) 2024-07-27T21:37:36.916+0800: 6.648: [ParNew: 77168K->8192K(78656K), 0.0116703 secs] 313343K->312976K(546448K), 0.0117286 secs] [Times: user=0.03 sys=0.00, real=0.01 secs] 
2024-07-27T21:37:36.928+0800: 6.660: Total time for which application threads were stopped: 0.0118379 seconds, Stopping threads took: 0.0000195 seconds
2024-07-27T21:37:37.041+0800: 6.772: Application time: 0.1126882 seconds
2024-07-27T21:37:37.041+0800: 6.772: [GC (Allocation Failure) 2024-07-27T21:37:37.041+0800: 6.772: [ParNew: 77168K->8192K(78656K), 0.0046338 secs] 381952K->329360K(546448K), 0.0046963 secs] [Times: user=0.00 sys=0.00, real=0.01 secs] 
2024-07-27T21:37:37.046+0800: 6.777: Total time for which application threads were stopped: 0.0048087 seconds, Stopping threads took: 0.0000188 seconds
2024-07-27T21:37:37.046+0800: 6.777: [CMS-concurrent-abortable-preclean: 0.006/0.247 secs] [Times: user=0.03 sys=0.00, real=0.25 secs] 
2024-07-27T21:37:37.046+0800: 6.777: Application time: 0.0003296 seconds
2024-07-27T21:37:37.046+0800: 6.778: [GC (CMS Final Remark) [YG occupancy: 13679 K (78656 K)]2024-07-27T21:37:37.046+0800: 6.778: [Rescan (parallel) , 0.0011219 secs]2024-07-27T21:37:37.047+0800: 6.779: [weak refs processing, 0.0000126 secs]2024-07-27T21:37:37.047+0800: 6.779: [class unloading, 0.0001971 secs]2024-07-27T21:37:37.048+0800: 6.779: [scrub symbol table, 0.0003465 secs]2024-07-27T21:37:37.048+0800: 6.779: [scrub string table, 0.0000994 secs][1 CMS-remark: 321168K(467792K)] 334848K(546448K), 0.0018401 secs] [Times: user=0.00 sys=0.00, real=0.00 secs] 
2024-07-27T21:37:37.048+0800: 6.779: Total time for which application threads were stopped: 0.0020283 seconds, Stopping threads took: 0.0001530 seconds
2024-07-27T21:37:37.048+0800: 6.780: [CMS-concurrent-sweep-start]
2024-07-27T21:37:37.050+0800: 6.781: [CMS-concurrent-sweep: 0.001/0.001 secs] [Times: user=0.00 sys=0.00, real=0.00 secs] 
2024-07-27T21:37:37.050+0800: 6.781: [CMS-concurrent-reset-start]
2024-07-27T21:37:37.051+0800: 6.782: [CMS-concurrent-reset: 0.001/0.001 secs] [Times: user=0.00 sys=0.00, real=0.00 secs] 
2024-07-27T21:37:37.053+0800: 6.784: Application time: 0.0046822 seconds
2024-07-27T21:37:37.053+0800: 6.784: [GC (Allocation Failure) 2024-07-27T21:37:37.053+0800: 6.784: [ParNew: 77168K->8192K(78656K), 0.0118435 secs] 246782K->246415K(546448K), 0.0118921 secs] [Times: user=0.00 sys=0.00, real=0.01 secs] 
2024-07-27T21:37:37.065+0800: 6.796: Total time for which application threads were stopped: 0.0119842 seconds, Stopping threads took: 0.0000124 seconds
2024-07-27T21:37:37.065+0800: 6.796: Application time: 0.0001784 seconds
2024-07-27T21:37:37.065+0800: 6.796: [GC (CMS Initial Mark) [1 CMS-initial-mark: 238223K(467792K)] 249854K(546448K), 0.0007760 secs] [Times: user=0.00 sys=0.00, real=0.00 secs] 
2024-07-27T21:37:37.066+0800: 6.797: Total time for which application threads were stopped: 0.0009591 seconds, Stopping threads took: 0.0001414 seconds
2024-07-27T21:37:37.066+0800: 6.797: [CMS-concurrent-mark-start]
2024-07-27T21:37:37.067+0800: 6.799: [CMS-concurrent-mark: 0.001/0.001 secs] [Times: user=0.03 sys=0.00, real=0.00 secs] 
2024-07-27T21:37:37.067+0800: 6.799: [CMS-concurrent-preclean-start]
2024-07-27T21:37:37.068+0800: 6.799: [CMS-concurrent-preclean: 0.001/0.001 secs] [Times: user=0.00 sys=0.00, real=0.00 secs] 
2024-07-27T21:37:37.068+0800: 6.799: [CMS-concurrent-abortable-preclean-start]
2024-07-27T21:37:37.184+0800: 6.916: Application time: 0.1189745 seconds
2024-07-27T21:37:37.184+0800: 6.916: [GC (Allocation Failure) 2024-07-27T21:37:37.184+0800: 6.916: [ParNew: 77168K->8192K(78656K), 0.0121026 secs] 315391K->315024K(546448K), 0.0121714 secs] [Times: user=0.03 sys=0.00, real=0.01 secs] 
2024-07-27T21:37:37.197+0800: 6.928: Total time for which application threads were stopped: 0.0122878 seconds, Stopping threads took: 0.0000187 seconds
2024-07-27T21:37:37.309+0800: 7.041: Application time: 0.1122376 seconds
2024-07-27T21:37:37.309+0800: 7.041: [GC (Allocation Failure) 2024-07-27T21:37:37.309+0800: 7.041: [ParNew: 77168K->8192K(78656K), 0.0049571 secs] 384000K->332432K(546448K), 0.0050153 secs] [Times: user=0.00 sys=0.00, real=0.00 secs] 
2024-07-27T21:37:37.314+0800: 7.046: Total time for which application threads were stopped: 0.0051284 seconds, Stopping threads took: 0.0000198 seconds
2024-07-27T21:37:37.314+0800: 7.046: [CMS-concurrent-abortable-preclean: 0.005/0.247 secs] [Times: user=0.03 sys=0.00, real=0.25 secs] 
2024-07-27T21:37:37.314+0800: 7.046: Application time: 0.0002940 seconds
2024-07-27T21:37:37.314+0800: 7.046: [GC (CMS Final Remark) [YG occupancy: 12655 K (78656 K)]2024-07-27T21:37:37.314+0800: 7.046: [Rescan (parallel) , 0.0009581 secs]2024-07-27T21:37:37.316+0800: 7.047: [weak refs processing, 0.0000128 secs]2024-07-27T21:37:37.316+0800: 7.047: [class unloading, 0.0001788 secs]2024-07-27T21:37:37.316+0800: 7.047: [scrub symbol table, 0.0003459 secs]2024-07-27T21:37:37.316+0800: 7.048: [scrub string table, 0.0000993 secs][1 CMS-remark: 324240K(467792K)] 336896K(546448K), 0.0016590 secs] [Times: user=0.00 sys=0.00, real=0.00 secs] 
2024-07-27T21:37:37.316+0800: 7.048: Total time for which application threads were stopped: 0.0017954 seconds, Stopping threads took: 0.0001011 seconds
2024-07-27T21:37:37.316+0800: 7.048: [CMS-concurrent-sweep-start]
2024-07-27T21:37:37.318+0800: 7.050: [CMS-concurrent-sweep: 0.002/0.002 secs] [Times: user=0.03 sys=0.00, real=0.00 secs] 
2024-07-27T21:37:37.318+0800: 7.050: [CMS-concurrent-reset-start]
2024-07-27T21:37:37.319+0800: 7.051: [CMS-concurrent-reset: 0.001/0.001 secs] [Times: user=0.00 sys=0.00, real=0.00 secs] 
2024-07-27T21:37:37.321+0800: 7.053: Application time: 0.0050670 seconds
2024-07-27T21:37:37.321+0800: 7.053: [GC (Allocation Failure) 2024-07-27T21:37:37.321+0800: 7.053: [ParNew: 77168K->8192K(78656K), 0.0120273 secs] 248830K->248463K(546448K), 0.0120833 secs] [Times: user=0.03 sys=0.00, real=0.01 secs] 
2024-07-27T21:37:37.333+0800: 7.065: Total time for which application threads were stopped: 0.0121792 seconds, Stopping threads took: 0.0000130 seconds
2024-07-27T21:37:37.333+0800: 7.065: Application time: 0.0002523 seconds
2024-07-27T21:37:37.334+0800: 7.066: [GC (CMS Initial Mark) [1 CMS-initial-mark: 240271K(467792K)] 251902K(546448K), 0.0007502 secs] [Times: user=0.00 sys=0.00, real=0.00 secs] 
2024-07-27T21:37:37.335+0800: 7.066: Total time for which application threads were stopped: 0.0009329 seconds, Stopping threads took: 0.0001408 seconds
2024-07-27T21:37:37.335+0800: 7.066: [CMS-concurrent-mark-start]
2024-07-27T21:37:37.336+0800: 7.068: [CMS-concurrent-mark: 0.001/0.001 secs] [Times: user=0.00 sys=0.00, real=0.00 secs] 
2024-07-27T21:37:37.336+0800: 7.068: [CMS-concurrent-preclean-start]
2024-07-27T21:37:37.336+0800: 7.068: [CMS-concurrent-preclean: 0.001/0.001 secs] [Times: user=0.00 sys=0.00, real=0.00 secs] 
2024-07-27T21:37:37.336+0800: 7.068: [CMS-concurrent-abortable-preclean-start]
2024-07-27T21:37:37.452+0800: 7.183: Application time: 0.1168622 seconds
2024-07-27T21:37:37.452+0800: 7.183: [GC (Allocation Failure) 2024-07-27T21:37:37.452+0800: 7.183: [ParNew: 77168K->8204K(78656K), 0.0120599 secs] 317439K->317084K(546448K), 0.0121491 secs] [Times: user=0.03 sys=0.00, real=0.01 secs] 
2024-07-27T21:37:37.464+0800: 7.196: Total time for which application threads were stopped: 0.0122657 seconds, Stopping threads took: 0.0000251 seconds
2024-07-27T21:37:37.575+0800: 7.307: Application time: 0.1115889 seconds
2024-07-27T21:37:37.575+0800: 7.307: [GC (Allocation Failure) 2024-07-27T21:37:37.575+0800: 7.307: [ParNew: 77180K->8192K(78656K), 0.0048702 secs] 386060K->335504K(546448K), 0.0049270 secs] [Times: user=0.00 sys=0.00, real=0.00 secs] 
2024-07-27T21:37:37.580+0800: 7.312: Total time for which application threads were stopped: 0.0050531 seconds, Stopping threads took: 0.0000202 seconds
2024-07-27T21:37:37.580+0800: 7.312: [CMS-concurrent-abortable-preclean: 0.006/0.244 secs] [Times: user=0.03 sys=0.00, real=0.24 secs] 
2024-07-27T21:37:37.581+0800: 7.312: Application time: 0.0002992 seconds
2024-07-27T21:37:37.581+0800: 7.313: [GC (CMS Final Remark) [YG occupancy: 12655 K (78656 K)]2024-07-27T21:37:37.581+0800: 7.313: [Rescan (parallel) , 0.0008088 secs]2024-07-27T21:37:37.582+0800: 7.313: [weak refs processing, 0.0000127 secs]2024-07-27T21:37:37.582+0800: 7.314: [class unloading, 0.0001844 secs]2024-07-27T21:37:37.582+0800: 7.314: [scrub symbol table, 0.0003603 secs]2024-07-27T21:37:37.582+0800: 7.314: [scrub string table, 0.0001104 secs][1 CMS-remark: 327312K(467792K)] 339968K(546448K), 0.0015413 secs] [Times: user=0.00 sys=0.01, real=0.00 secs] 
2024-07-27T21:37:37.582+0800: 7.314: Total time for which application threads were stopped: 0.0017463 seconds, Stopping threads took: 0.0001689 seconds
2024-07-27T21:37:37.582+0800: 7.314: [CMS-concurrent-sweep-start]
2024-07-27T21:37:37.584+0800: 7.316: [CMS-concurrent-sweep: 0.002/0.002 secs] [Times: user=0.00 sys=0.00, real=0.00 secs] 
2024-07-27T21:37:37.584+0800: 7.316: [CMS-concurrent-reset-start]
2024-07-27T21:37:37.585+0800: 7.317: [CMS-concurrent-reset: 0.001/0.001 secs] [Times: user=0.00 sys=0.00, real=0.00 secs] 
2024-07-27T21:37:37.587+0800: 7.319: Application time: 0.0047448 seconds
2024-07-27T21:37:37.587+0800: 7.319: [GC (Allocation Failure) 2024-07-27T21:37:37.587+0800: 7.319: [ParNew: 77168K->8192K(78656K), 0.0122499 secs] 250879K->250511K(546448K), 0.0122982 secs] [Times: user=0.03 sys=0.00, real=0.01 secs] 
2024-07-27T21:37:37.599+0800: 7.331: Total time for which application threads were stopped: 0.0123948 seconds, Stopping threads took: 0.0000148 seconds
2024-07-27T21:37:37.600+0800: 7.332: Application time: 0.0002342 seconds
2024-07-27T21:37:37.600+0800: 7.332: [GC (CMS Initial Mark) [1 CMS-initial-mark: 242319K(467792K)] 253951K(546448K), 0.0007713 secs] [Times: user=0.00 sys=0.00, real=0.00 secs] 
2024-07-27T21:37:37.601+0800: 7.332: Total time for which application threads were stopped: 0.0008864 seconds, Stopping threads took: 0.0000732 seconds
2024-07-27T21:37:37.601+0800: 7.333: [CMS-concurrent-mark-start]
2024-07-27T21:37:37.602+0800: 7.334: [CMS-concurrent-mark: 0.001/0.001 secs] [Times: user=0.00 sys=0.00, real=0.00 secs] 
2024-07-27T21:37:37.602+0800: 7.334: [CMS-concurrent-preclean-start]
2024-07-27T21:37:37.602+0800: 7.334: [CMS-concurrent-preclean: 0.001/0.001 secs] [Times: user=0.00 sys=0.00, real=0.00 secs] 
2024-07-27T21:37:37.602+0800: 7.334: [CMS-concurrent-abortable-preclean-start]
2024-07-27T21:37:37.718+0800: 7.449: Application time: 0.1168704 seconds
2024-07-27T21:37:37.718+0800: 7.449: [GC (Allocation Failure) 2024-07-27T21:37:37.718+0800: 7.449: [ParNew: 77168K->8192K(78656K), 0.0124296 secs] 319488K->319120K(546448K), 0.0124872 secs] [Times: user=0.03 sys=0.00, real=0.01 secs] 
2024-07-27T21:37:37.731+0800: 7.462: Total time for which application threads were stopped: 0.0125965 seconds, Stopping threads took: 0.0000195 seconds
2024-07-27T21:37:37.841+0800: 7.573: Application time: 0.1109490 seconds
2024-07-27T21:37:37.842+0800: 7.573: [GC (Allocation Failure) 2024-07-27T21:37:37.842+0800: 7.573: [ParNew: 77168K->8192K(78656K), 0.0049801 secs] 388097K->338577K(546448K), 0.0050397 secs] [Times: user=0.00 sys=0.00, real=0.00 secs] 
2024-07-27T21:37:37.846+0800: 7.578: Total time for which application threads were stopped: 0.0051519 seconds, Stopping threads took: 0.0000230 seconds
2024-07-27T21:37:37.846+0800: 7.578: [CMS-concurrent-abortable-preclean: 0.006/0.244 secs] [Times: user=0.03 sys=0.00, real=0.24 secs] 
2024-07-27T21:37:37.846+0800: 7.578: Application time: 0.0003858 seconds
2024-07-27T21:37:37.847+0800: 7.579: [GC (CMS Final Remark) [YG occupancy: 13679 K (78656 K)]2024-07-27T21:37:37.847+0800: 7.579: [Rescan (parallel) , 0.0011159 secs]2024-07-27T21:37:37.848+0800: 7.580: [weak refs processing, 0.0000126 secs]2024-07-27T21:37:37.848+0800: 7.580: [class unloading, 0.0001929 secs]2024-07-27T21:37:37.848+0800: 7.580: [scrub symbol table, 0.0003579 secs]2024-07-27T21:37:37.848+0800: 7.580: [scrub string table, 0.0001000 secs][1 CMS-remark: 330384K(467792K)] 344064K(546448K), 0.0018417 secs] [Times: user=0.01 sys=0.00, real=0.00 secs] 
2024-07-27T21:37:37.848+0800: 7.580: Total time for which application threads were stopped: 0.0019961 seconds, Stopping threads took: 0.0001183 seconds
2024-07-27T21:37:37.849+0800: 7.581: [CMS-concurrent-sweep-start]
2024-07-27T21:37:37.850+0800: 7.582: [CMS-concurrent-sweep: 0.001/0.001 secs] [Times: user=0.00 sys=0.00, real=0.00 secs] 
2024-07-27T21:37:37.850+0800: 7.582: [CMS-concurrent-reset-start]
2024-07-27T21:37:37.851+0800: 7.583: [CMS-concurrent-reset: 0.001/0.001 secs] [Times: user=0.00 sys=0.00, real=0.00 secs] 
2024-07-27T21:37:37.853+0800: 7.585: Application time: 0.0048134 seconds
2024-07-27T21:37:37.853+0800: 7.585: [GC (Allocation Failure) 2024-07-27T21:37:37.853+0800: 7.585: [ParNew: 77168K->8192K(78656K), 0.0121471 secs] 252927K->252559K(546448K), 0.0121945 secs] [Times: user=0.03 sys=0.00, real=0.01 secs] 
2024-07-27T21:37:37.866+0800: 7.598: Total time for which application threads were stopped: 0.0122888 seconds, Stopping threads took: 0.0000124 seconds
2024-07-27T21:37:37.866+0800: 7.598: Application time: 0.0002281 seconds
2024-07-27T21:37:37.866+0800: 7.598: [GC (CMS Initial Mark) [1 CMS-initial-mark: 244367K(467792K)] 255999K(546448K), 0.0007939 secs] [Times: user=0.00 sys=0.00, real=0.00 secs] 
2024-07-27T21:37:37.867+0800: 7.599: Total time for which application threads were stopped: 0.0010218 seconds, Stopping threads took: 0.0001714 seconds
2024-07-27T21:37:37.867+0800: 7.599: [CMS-concurrent-mark-start]
2024-07-27T21:37:37.868+0800: 7.600: [CMS-concurrent-mark: 0.001/0.001 secs] [Times: user=0.00 sys=0.00, real=0.00 secs] 
2024-07-27T21:37:37.869+0800: 7.600: [CMS-concurrent-preclean-start]
2024-07-27T21:37:37.869+0800: 7.601: [CMS-concurrent-preclean: 0.001/0.001 secs] [Times: user=0.00 sys=0.00, real=0.00 secs] 
2024-07-27T21:37:37.869+0800: 7.601: [CMS-concurrent-abortable-preclean-start]
2024-07-27T21:37:37.985+0800: 7.717: Application time: 0.1182519 seconds
2024-07-27T21:37:37.985+0800: 7.717: [GC (Allocation Failure) 2024-07-27T21:37:37.985+0800: 7.717: [ParNew: 77168K->8192K(78656K), 0.0115566 secs] 321536K->321168K(546448K), 0.0116221 secs] [Times: user=0.03 sys=0.00, real=0.01 secs] 
2024-07-27T21:37:37.997+0800: 7.729: Total time for which application threads were stopped: 0.0117535 seconds, Stopping threads took: 0.0000196 seconds
2024-07-27T21:37:38.110+0800: 7.841: Application time: 0.1125857 seconds
2024-07-27T21:37:38.110+0800: 7.841: [GC (Allocation Failure) 2024-07-27T21:37:38.110+0800: 7.842: [ParNew: 77168K->8192K(78656K), 0.0052641 secs] 390145K->341649K(546448K), 0.0053235 secs] [Times: user=0.03 sys=0.00, real=0.01 secs] 
2024-07-27T21:37:38.115+0800: 7.847: Total time for which application threads were stopped: 0.0054372 seconds, Stopping threads took: 0.0000220 seconds
2024-07-27T21:37:38.115+0800: 7.847: [CMS-concurrent-abortable-preclean: 0.006/0.246 secs] [Times: user=0.06 sys=0.00, real=0.25 secs] 
2024-07-27T21:37:38.115+0800: 7.847: Application time: 0.0003749 seconds
2024-07-27T21:37:38.115+0800: 7.847: [GC (CMS Final Remark) [YG occupancy: 13679 K (78656 K)]2024-07-27T21:37:38.115+0800: 7.847: [Rescan (parallel) , 0.0011029 secs]2024-07-27T21:37:38.117+0800: 7.849: [weak refs processing, 0.0000127 secs]2024-07-27T21:37:38.117+0800: 7.849: [class unloading, 0.0001932 secs]2024-07-27T21:37:38.117+0800: 7.849: [scrub symbol table, 0.0003473 secs]2024-07-27T21:37:38.117+0800: 7.849: [scrub string table, 0.0001014 secs][1 CMS-remark: 333456K(467792K)] 347136K(546448K), 0.0018202 secs] [Times: user=0.00 sys=0.00, real=0.00 secs] 
2024-07-27T21:37:38.117+0800: 7.849: Total time for which application threads were stopped: 0.0020024 seconds, Stopping threads took: 0.0001467 seconds
2024-07-27T21:37:38.118+0800: 7.849: [CMS-concurrent-sweep-start]
2024-07-27T21:37:38.119+0800: 7.851: [CMS-concurrent-sweep: 0.002/0.002 secs] [Times: user=0.00 sys=0.00, real=0.00 secs] 
2024-07-27T21:37:38.119+0800: 7.851: [CMS-concurrent-reset-start]
2024-07-27T21:37:38.120+0800: 7.852: [CMS-concurrent-reset: 0.001/0.001 secs] [Times: user=0.00 sys=0.00, real=0.00 secs] 
2024-07-27T21:37:38.122+0800: 7.854: Application time: 0.0047188 seconds
2024-07-27T21:37:38.122+0800: 7.854: [GC (Allocation Failure) 2024-07-27T21:37:38.122+0800: 7.854: [ParNew: 77168K->8192K(78656K), 0.0122690 secs] 254975K->254607K(546448K), 0.0123205 secs] [Times: user=0.03 sys=0.00, real=0.01 secs] 
2024-07-27T21:37:38.134+0800: 7.866: Total time for which application threads were stopped: 0.0124234 seconds, Stopping threads took: 0.0000121 seconds
2024-07-27T21:37:38.135+0800: 7.867: Application time: 0.0001262 seconds
2024-07-27T21:37:38.135+0800: 7.867: [GC (CMS Initial Mark) [1 CMS-initial-mark: 246415K(467792K)] 258047K(546448K), 0.0007906 secs] [Times: user=0.00 sys=0.00, real=0.00 secs] 
2024-07-27T21:37:38.135+0800: 7.867: Total time for which application threads were stopped: 0.0009116 seconds, Stopping threads took: 0.0000758 seconds
2024-07-27T21:37:38.136+0800: 7.868: [CMS-concurrent-mark-start]
2024-07-27T21:37:38.137+0800: 7.869: [CMS-concurrent-mark: 0.001/0.001 secs] [Times: user=0.00 sys=0.00, real=0.00 secs] 
2024-07-27T21:37:38.137+0800: 7.869: [CMS-concurrent-preclean-start]
2024-07-27T21:37:38.137+0800: 7.869: [CMS-concurrent-preclean: 0.001/0.001 secs] [Times: user=0.00 sys=0.00, real=0.00 secs] 
2024-07-27T21:37:38.137+0800: 7.869: [CMS-concurrent-abortable-preclean-start]
2024-07-27T21:37:38.254+0800: 7.986: Application time: 0.1187859 seconds
2024-07-27T21:37:38.254+0800: 7.986: [GC (Allocation Failure) 2024-07-27T21:37:38.254+0800: 7.986: [ParNew: 77168K->8192K(78656K), 0.0121515 secs] 323584K->323216K(546448K), 0.0122101 secs] [Times: user=0.00 sys=0.00, real=0.01 secs] 
2024-07-27T21:37:38.267+0800: 7.999: Total time for which application threads were stopped: 0.0123326 seconds, Stopping threads took: 0.0000194 seconds
2024-07-27T21:37:38.380+0800: 8.111: Application time: 0.1126179 seconds
2024-07-27T21:37:38.380+0800: 8.111: [GC (Allocation Failure) 2024-07-27T21:37:38.380+0800: 8.111: [ParNew: 77168K->8192K(78656K), 0.0052669 secs] 392193K->344721K(546448K), 0.0053327 secs] [Times: user=0.00 sys=0.00, real=0.00 secs] 
2024-07-27T21:37:38.385+0800: 8.117: Total time for which application threads were stopped: 0.0054611 seconds, Stopping threads took: 0.0000222 seconds
2024-07-27T21:37:38.385+0800: 8.117: [CMS-concurrent-abortable-preclean: 0.005/0.247 secs] [Times: user=0.03 sys=0.00, real=0.25 secs] 
2024-07-27T21:37:38.385+0800: 8.117: Application time: 0.0002263 seconds
2024-07-27T21:37:38.386+0800: 8.117: [GC (CMS Final Remark) [YG occupancy: 11631 K (78656 K)]2024-07-27T21:37:38.386+0800: 8.117: [Rescan (parallel) , 0.0005721 secs]2024-07-27T21:37:38.386+0800: 8.118: [weak refs processing, 0.0000128 secs]2024-07-27T21:37:38.386+0800: 8.118: [class unloading, 0.0001790 secs]2024-07-27T21:37:38.386+0800: 8.118: [scrub symbol table, 0.0003477 secs]2024-07-27T21:37:38.386+0800: 8.118: [scrub string table, 0.0001008 secs][1 CMS-remark: 336528K(467792K)] 348160K(546448K), 0.0012750 secs] [Times: user=0.00 sys=0.00, real=0.00 secs] 
2024-07-27T21:37:38.386+0800: 8.118: Total time for which application threads were stopped: 0.0014626 seconds, Stopping threads took: 0.0001413 seconds
2024-07-27T21:37:38.387+0800: 8.119: [CMS-concurrent-sweep-start]
2024-07-27T21:37:38.388+0800: 8.120: [CMS-concurrent-sweep: 0.002/0.002 secs] [Times: user=0.00 sys=0.00, real=0.00 secs] 
2024-07-27T21:37:38.388+0800: 8.120: [CMS-concurrent-reset-start]
2024-07-27T21:37:38.390+0800: 8.122: [CMS-concurrent-reset: 0.001/0.001 secs] [Times: user=0.00 sys=0.00, real=0.00 secs] 
2024-07-27T21:37:38.391+0800: 8.123: Application time: 0.0048468 seconds
2024-07-27T21:37:38.391+0800: 8.123: [GC (Allocation Failure) 2024-07-27T21:37:38.391+0800: 8.123: [ParNew: 77168K->8192K(78656K), 0.0120980 secs] 257023K->256655K(546448K), 0.0121588 secs] [Times: user=0.03 sys=0.00, real=0.01 secs] 
2024-07-27T21:37:38.404+0800: 8.135: Total time for which application threads were stopped: 0.0122561 seconds, Stopping threads took: 0.0000123 seconds
2024-07-27T21:37:38.404+0800: 8.136: Application time: 0.0002409 seconds
2024-07-27T21:37:38.404+0800: 8.136: [GC (CMS Initial Mark) [1 CMS-initial-mark: 248463K(467792K)] 260095K(546448K), 0.0008543 secs] [Times: user=0.00 sys=0.00, real=0.00 secs] 
2024-07-27T21:37:38.405+0800: 8.137: Total time for which application threads were stopped: 0.0010933 seconds, Stopping threads took: 0.0001970 seconds
2024-07-27T21:37:38.405+0800: 8.137: [CMS-concurrent-mark-start]
2024-07-27T21:37:38.406+0800: 8.138: [CMS-concurrent-mark: 0.001/0.001 secs] [Times: user=0.00 sys=0.00, real=0.00 secs] 
2024-07-27T21:37:38.406+0800: 8.138: [CMS-concurrent-preclean-start]
2024-07-27T21:37:38.407+0800: 8.139: [CMS-concurrent-preclean: 0.001/0.001 secs] [Times: user=0.00 sys=0.00, real=0.00 secs] 
2024-07-27T21:37:38.407+0800: 8.139: [CMS-concurrent-abortable-preclean-start]
2024-07-27T21:37:38.524+0800: 8.256: Application time: 0.1194725 seconds
2024-07-27T21:37:38.524+0800: 8.256: [GC (Allocation Failure) 2024-07-27T21:37:38.524+0800: 8.256: [ParNew: 77168K->8192K(78656K), 0.0119660 secs] 325632K->325264K(546448K), 0.0120230 secs] [Times: user=0.03 sys=0.00, real=0.01 secs] 
2024-07-27T21:37:38.536+0800: 8.268: Total time for which application threads were stopped: 0.0121321 seconds, Stopping threads took: 0.0000196 seconds
2024-07-27T21:37:38.649+0800: 8.381: Application time: 0.1123021 seconds
2024-07-27T21:37:38.649+0800: 8.381: [GC (Allocation Failure) 2024-07-27T21:37:38.649+0800: 8.381: [ParNew: 77168K->8192K(78656K), 0.0053967 secs] 394241K->347793K(546448K), 0.0054559 secs] [Times: user=0.00 sys=0.00, real=0.01 secs] 
2024-07-27T21:37:38.655+0800: 8.386: Total time for which application threads were stopped: 0.0055786 seconds, Stopping threads took: 0.0000201 seconds
2024-07-27T21:37:38.655+0800: 8.386: [CMS-concurrent-abortable-preclean: 0.006/0.248 secs] [Times: user=0.03 sys=0.00, real=0.25 secs] 
2024-07-27T21:37:38.655+0800: 8.387: Application time: 0.0003614 seconds
2024-07-27T21:37:38.655+0800: 8.387: [GC (CMS Final Remark) [YG occupancy: 14703 K (78656 K)]2024-07-27T21:37:38.655+0800: 8.387: [Rescan (parallel) , 0.0009041 secs]2024-07-27T21:37:38.656+0800: 8.388: [weak refs processing, 0.0000127 secs]2024-07-27T21:37:38.656+0800: 8.388: [class unloading, 0.0001785 secs]2024-07-27T21:37:38.656+0800: 8.388: [scrub symbol table, 0.0003549 secs]2024-07-27T21:37:38.657+0800: 8.388: [scrub string table, 0.0001011 secs][1 CMS-remark: 339601K(467792K)] 354304K(546448K), 0.0016141 secs] [Times: user=0.00 sys=0.00, real=0.00 secs] 
2024-07-27T21:37:38.657+0800: 8.388: Total time for which application threads were stopped: 0.0018293 seconds, Stopping threads took: 0.0001748 seconds
2024-07-27T21:37:38.657+0800: 8.389: [CMS-concurrent-sweep-start]
2024-07-27T21:37:38.659+0800: 8.390: [CMS-concurrent-sweep: 0.002/0.002 secs] [Times: user=0.00 sys=0.00, real=0.00 secs] 
2024-07-27T21:37:38.659+0800: 8.390: [CMS-concurrent-reset-start]
2024-07-27T21:37:38.660+0800: 8.391: [CMS-concurrent-reset: 0.001/0.001 secs] [Times: user=0.00 sys=0.00, real=0.00 secs] 
2024-07-27T21:37:38.661+0800: 8.393: Application time: 0.0045682 seconds
2024-07-27T21:37:38.662+0800: 8.393: [GC (Allocation Failure) 2024-07-27T21:37:38.662+0800: 8.393: [ParNew: 77168K->8192K(78656K), 0.0120105 secs] 259071K->258703K(546448K), 0.0120846 secs] [Times: user=0.00 sys=0.00, real=0.01 secs] 
2024-07-27T21:37:38.674+0800: 8.405: Total time for which application threads were stopped: 0.0121841 seconds, Stopping threads took: 0.0000126 seconds
2024-07-27T21:37:38.674+0800: 8.405: Application time: 0.0001334 seconds
2024-07-27T21:37:38.674+0800: 8.406: [GC (CMS Initial Mark) [1 CMS-initial-mark: 250511K(467792K)] 262143K(546448K), 0.0008453 secs] [Times: user=0.00 sys=0.00, real=0.00 secs] 
2024-07-27T21:37:38.675+0800: 8.406: Total time for which application threads were stopped: 0.0010515 seconds, Stopping threads took: 0.0001645 seconds
2024-07-27T21:37:38.675+0800: 8.407: [CMS-concurrent-mark-start]
2024-07-27T21:37:38.676+0800: 8.407: [CMS-concurrent-mark: 0.001/0.001 secs] [Times: user=0.00 sys=0.00, real=0.00 secs] 
2024-07-27T21:37:38.676+0800: 8.408: [CMS-concurrent-preclean-start]
2024-07-27T21:37:38.677+0800: 8.408: [CMS-concurrent-preclean: 0.001/0.001 secs] [Times: user=0.01 sys=0.00, real=0.00 secs] 
2024-07-27T21:37:38.677+0800: 8.408: [CMS-concurrent-abortable-preclean-start]
2024-07-27T21:37:38.793+0800: 8.525: Application time: 0.1181385 seconds
2024-07-27T21:37:38.793+0800: 8.525: [GC (Allocation Failure) 2024-07-27T21:37:38.793+0800: 8.525: [ParNew: 77168K->8192K(78656K), 0.0120521 secs] 327680K->327312K(546448K), 0.0121257 secs] [Times: user=0.03 sys=0.00, real=0.01 secs] 
2024-07-27T21:37:38.806+0800: 8.537: Total time for which application threads were stopped: 0.0122350 seconds, Stopping threads took: 0.0000199 seconds
2024-07-27T21:37:38.915+0800: 8.647: Application time: 0.1102182 seconds
2024-07-27T21:37:38.915+0800: 8.647: [GC (Allocation Failure) 2024-07-27T21:37:38.915+0800: 8.647: [ParNew: 77543K->8196K(78656K), 0.0053961 secs] 396664K->349845K(546448K), 0.0054539 secs] [Times: user=0.00 sys=0.00, real=0.01 secs] 
2024-07-27T21:37:38.921+0800: 8.653: Total time for which application threads were stopped: 0.0055760 seconds, Stopping threads took: 0.0000189 seconds
2024-07-27T21:37:38.921+0800: 8.653: [CMS-concurrent-abortable-preclean: 0.005/0.244 secs] [Times: user=0.03 sys=0.00, real=0.24 secs] 
2024-07-27T21:37:38.921+0800: 8.653: Application time: 0.0003479 seconds
2024-07-27T21:37:38.921+0800: 8.653: [GC (CMS Final Remark) [YG occupancy: 13673 K (78656 K)]2024-07-27T21:37:38.921+0800: 8.653: [Rescan (parallel) , 0.0010918 secs]2024-07-27T21:37:38.923+0800: 8.654: [weak refs processing, 0.0000124 secs]2024-07-27T21:37:38.923+0800: 8.654: [class unloading, 0.0002034 secs]2024-07-27T21:37:38.923+0800: 8.654: [scrub symbol table, 0.0003467 secs]2024-07-27T21:37:38.923+0800: 8.655: [scrub string table, 0.0001037 secs][1 CMS-remark: 341649K(467792K)] 355323K(546448K), 0.0018222 secs] [Times: user=0.00 sys=0.00, real=0.00 secs] 
2024-07-27T21:37:38.924+0800: 8.655: Total time for which application threads were stopped: 0.0020357 seconds, Stopping threads took: 0.0001770 seconds
2024-07-27T21:37:38.924+0800: 8.655: [CMS-concurrent-sweep-start]
2024-07-27T21:37:38.925+0800: 8.657: [CMS-concurrent-sweep: 0.002/0.002 secs] [Times: user=0.00 sys=0.00, real=0.00 secs] 
2024-07-27T21:37:38.925+0800: 8.657: [CMS-concurrent-reset-start]
2024-07-27T21:37:38.927+0800: 8.658: [CMS-concurrent-reset: 0.001/0.001 secs] [Times: user=0.03 sys=0.00, real=0.00 secs] 
2024-07-27T21:37:38.928+0800: 8.660: Application time: 0.0047758 seconds
2024-07-27T21:37:38.928+0800: 8.660: [GC (Allocation Failure) 2024-07-27T21:37:38.928+0800: 8.660: [ParNew: 77162K->8192K(78656K), 0.0124161 secs] 260089K->259727K(546448K), 0.0124628 secs] [Times: user=0.00 sys=0.00, real=0.01 secs] 
2024-07-27T21:37:38.941+0800: 8.672: Total time for which application threads were stopped: 0.0125602 seconds, Stopping threads took: 0.0000127 seconds
2024-07-27T21:37:38.941+0800: 8.673: Application time: 0.0002412 seconds
2024-07-27T21:37:38.941+0800: 8.673: [GC (CMS Initial Mark) [1 CMS-initial-mark: 251535K(467792K)] 263161K(546448K), 0.0007682 secs] [Times: user=0.00 sys=0.02, real=0.00 secs] 
2024-07-27T21:37:38.942+0800: 8.673: Total time for which application threads were stopped: 0.0008838 seconds, Stopping threads took: 0.0000735 seconds
2024-07-27T21:37:38.942+0800: 8.674: [CMS-concurrent-mark-start]
2024-07-27T21:37:38.943+0800: 8.674: [CMS-concurrent-mark: 0.001/0.001 secs] [Times: user=0.00 sys=0.00, real=0.00 secs] 
2024-07-27T21:37:38.943+0800: 8.674: [CMS-concurrent-preclean-start]
2024-07-27T21:37:38.944+0800: 8.675: [CMS-concurrent-preclean: 0.001/0.001 secs] [Times: user=0.00 sys=0.00, real=0.00 secs] 
2024-07-27T21:37:38.944+0800: 8.675: [CMS-concurrent-abortable-preclean-start]
2024-07-27T21:37:39.058+0800: 8.790: Application time: 0.1166989 seconds
2024-07-27T21:37:39.058+0800: 8.790: [GC (Allocation Failure) 2024-07-27T21:37:39.058+0800: 8.790: [ParNew: 77162K->8192K(78656K), 0.0116613 secs] 328698K->328336K(546448K), 0.0117191 secs] [Times: user=0.03 sys=0.00, real=0.01 secs] 
2024-07-27T21:37:39.071+0800: 8.802: Total time for which application threads were stopped: 0.0118464 seconds, Stopping threads took: 0.0000199 seconds
2024-07-27T21:37:39.181+0800: 8.912: Application time: 0.1104548 seconds
2024-07-27T21:37:39.181+0800: 8.913: [GC (Allocation Failure) 2024-07-27T21:37:39.181+0800: 8.913: [ParNew: 77164K->8192K(78656K), 0.0056437 secs] 397309K->351889K(546448K), 0.0057079 secs] [Times: user=0.00 sys=0.00, real=0.01 secs] 
2024-07-27T21:37:39.186+0800: 8.918: Total time for which application threads were stopped: 0.0058244 seconds, Stopping threads took: 0.0000193 seconds
2024-07-27T21:37:39.186+0800: 8.918: [CMS-concurrent-abortable-preclean: 0.006/0.243 secs] [Times: user=0.03 sys=0.00, real=0.24 secs] 
2024-07-27T21:37:39.187+0800: 8.919: Application time: 0.0003576 seconds
2024-07-27T21:37:39.187+0800: 8.919: [GC (CMS Final Remark) [YG occupancy: 13677 K (78656 K)]2024-07-27T21:37:39.187+0800: 8.919: [Rescan (parallel) , 0.0008954 secs]2024-07-27T21:37:39.188+0800: 8.920: [weak refs processing, 0.0000127 secs]2024-07-27T21:37:39.188+0800: 8.920: [class unloading, 0.0001993 secs]2024-07-27T21:37:39.189+0800: 8.920: [scrub symbol table, 0.0003446 secs]2024-07-27T21:37:39.189+0800: 8.920: [scrub string table, 0.0001012 secs][1 CMS-remark: 343697K(467792K)] 357374K(546448K), 0.0016148 secs] [Times: user=0.00 sys=0.00, real=0.00 secs] 
2024-07-27T21:37:39.189+0800: 8.920: Total time for which application threads were stopped: 0.0017154 seconds, Stopping threads took: 0.0000649 seconds
2024-07-27T21:37:39.189+0800: 8.921: [CMS-concurrent-sweep-start]
2024-07-27T21:37:39.191+0800: 8.922: [CMS-concurrent-sweep: 0.001/0.001 secs] [Times: user=0.00 sys=0.00, real=0.00 secs] 
2024-07-27T21:37:39.191+0800: 8.922: [CMS-concurrent-reset-start]
2024-07-27T21:37:39.192+0800: 8.923: [CMS-concurrent-reset: 0.001/0.001 secs] [Times: user=0.00 sys=0.00, real=0.00 secs] 
2024-07-27T21:37:39.194+0800: 8.925: Application time: 0.0046721 seconds
2024-07-27T21:37:39.194+0800: 8.925: [GC (Allocation Failure) 2024-07-27T21:37:39.194+0800: 8.925: [ParNew: 77166K->8192K(78656K), 0.0119504 secs] 261116K->260751K(546448K), 0.0119975 secs] [Times: user=0.00 sys=0.00, real=0.01 secs] 
2024-07-27T21:37:39.205+0800: 8.937: Total time for which application threads were stopped: 0.0120904 seconds, Stopping threads took: 0.0000125 seconds
2024-07-27T21:37:39.206+0800: 8.937: Application time: 0.0002490 seconds
2024-07-27T21:37:39.206+0800: 8.938: [GC (CMS Initial Mark) [1 CMS-initial-mark: 252559K(467792K)] 264189K(546448K), 0.0007390 secs] [Times: user=0.00 sys=0.00, real=0.00 secs] 
2024-07-27T21:37:39.207+0800: 8.938: Total time for which application threads were stopped: 0.0009109 seconds, Stopping threads took: 0.0001253 seconds
2024-07-27T21:37:39.207+0800: 8.938: [CMS-concurrent-mark-start]
2024-07-27T21:37:39.208+0800: 8.939: [CMS-concurrent-mark: 0.001/0.001 secs] [Times: user=0.03 sys=0.00, real=0.00 secs] 
2024-07-27T21:37:39.208+0800: 8.939: [CMS-concurrent-preclean-start]
2024-07-27T21:37:39.208+0800: 8.940: [CMS-concurrent-preclean: 0.001/0.001 secs] [Times: user=0.00 sys=0.00, real=0.00 secs] 
2024-07-27T21:37:39.208+0800: 8.940: [CMS-concurrent-abortable-preclean-start]
2024-07-27T21:37:39.323+0800: 9.054: Application time: 0.1158076 seconds
2024-07-27T21:37:39.323+0800: 9.054: [GC (Allocation Failure) 2024-07-27T21:37:39.323+0800: 9.054: [ParNew: 77167K->8192K(78656K), 0.0122102 secs] 329726K->329360K(546448K), 0.0122701 secs] [Times: user=0.03 sys=0.00, real=0.01 secs] 
2024-07-27T21:37:39.335+0800: 9.066: Total time for which application threads were stopped: 0.0123839 seconds, Stopping threads took: 0.0000204 seconds
2024-07-27T21:37:39.445+0800: 9.177: Application time: 0.1100531 seconds
2024-07-27T21:37:39.445+0800: 9.177: [GC (Allocation Failure) 2024-07-27T21:37:39.445+0800: 9.177: [ParNew: 77167K->8192K(78656K), 0.0060726 secs] 398336K->353937K(546448K), 0.0061463 secs] [Times: user=0.00 sys=0.00, real=0.01 secs] 
2024-07-27T21:37:39.452+0800: 9.183: Total time for which application threads were stopped: 0.0062597 seconds, Stopping threads took: 0.0000194 seconds
2024-07-27T21:37:39.452+0800: 9.183: [CMS-concurrent-abortable-preclean: 0.005/0.243 secs] [Times: user=0.03 sys=0.00, real=0.24 secs] 
2024-07-27T21:37:39.452+0800: 9.183: Application time: 0.0003099 seconds
2024-07-27T21:37:39.452+0800: 9.183: [GC (CMS Final Remark) [YG occupancy: 12655 K (78656 K)]2024-07-27T21:37:39.452+0800: 9.183: [Rescan (parallel) , 0.0008156 secs]2024-07-27T21:37:39.453+0800: 9.184: [weak refs processing, 0.0000169 secs]2024-07-27T21:37:39.453+0800: 9.184: [class unloading, 0.0002174 secs]2024-07-27T21:37:39.453+0800: 9.184: [scrub symbol table, 0.0003366 secs]2024-07-27T21:37:39.453+0800: 9.185: [scrub string table, 0.0001054 secs][1 CMS-remark: 345745K(467792K)] 358400K(546448K), 0.0015572 secs] [Times: user=0.00 sys=0.00, real=0.00 secs] 
2024-07-27T21:37:39.454+0800: 9.185: Total time for which application threads were stopped: 0.0017350 seconds, Stopping threads took: 0.0001412 seconds
2024-07-27T21:37:39.454+0800: 9.185: [CMS-concurrent-sweep-start]
2024-07-27T21:37:39.455+0800: 9.187: [CMS-concurrent-sweep: 0.001/0.001 secs] [Times: user=0.00 sys=0.00, real=0.00 secs] 
2024-07-27T21:37:39.455+0800: 9.187: [CMS-concurrent-reset-start]
2024-07-27T21:37:39.456+0800: 9.188: [CMS-concurrent-reset: 0.001/0.001 secs] [Times: user=0.00 sys=0.00, real=0.00 secs] 
2024-07-27T21:37:39.458+0800: 9.190: Application time: 0.0047270 seconds
2024-07-27T21:37:39.458+0800: 9.190: [GC (Allocation Failure) 2024-07-27T21:37:39.458+0800: 9.190: [ParNew: 77168K->8192K(78656K), 0.0118145 secs] 263166K->262799K(546448K), 0.0118622 secs] [Times: user=0.00 sys=0.00, real=0.01 secs] 
2024-07-27T21:37:39.470+0800: 9.202: Total time for which application threads were stopped: 0.0119605 seconds, Stopping threads took: 0.0000117 seconds
2024-07-27T21:37:39.470+0800: 9.202: Application time: 0.0002074 seconds
2024-07-27T21:37:39.471+0800: 9.202: [GC (CMS Initial Mark) [1 CMS-initial-mark: 254607K(467792K)] 265215K(546448K), 0.0008241 secs] [Times: user=0.00 sys=0.00, real=0.00 secs] 
2024-07-27T21:37:39.471+0800: 9.203: Total time for which application threads were stopped: 0.0008807 seconds, Stopping threads took: 0.0000162 seconds
2024-07-27T21:37:39.472+0800: 9.203: [CMS-concurrent-mark-start]
2024-07-27T21:37:39.472+0800: 9.204: [CMS-concurrent-mark: 0.001/0.001 secs] [Times: user=0.00 sys=0.00, real=0.00 secs] 
2024-07-27T21:37:39.472+0800: 9.204: [CMS-concurrent-preclean-start]
2024-07-27T21:37:39.473+0800: 9.204: [CMS-concurrent-preclean: 0.001/0.001 secs] [Times: user=0.00 sys=0.00, real=0.00 secs] 
2024-07-27T21:37:39.473+0800: 9.204: [CMS-concurrent-abortable-preclean-start]
2024-07-27T21:37:39.589+0800: 9.320: Application time: 0.1177745 seconds
2024-07-27T21:37:39.589+0800: 9.320: [GC (Allocation Failure) 2024-07-27T21:37:39.589+0800: 9.321: [ParNew: 77168K->8192K(78656K), 0.0120758 secs] 331776K->331408K(546448K), 0.0121342 secs] [Times: user=0.03 sys=0.00, real=0.01 secs] 
2024-07-27T21:37:39.601+0800: 9.333: Total time for which application threads were stopped: 0.0122445 seconds, Stopping threads took: 0.0000189 seconds
2024-07-27T21:37:39.713+0800: 9.444: Application time: 0.1112139 seconds
2024-07-27T21:37:39.713+0800: 9.444: [GC (Allocation Failure) 2024-07-27T21:37:39.713+0800: 9.444: [ParNew: 77171K->8192K(78656K), 0.0057826 secs] 400387K->357009K(546448K), 0.0058408 secs] [Times: user=0.00 sys=0.00, real=0.01 secs] 
2024-07-27T21:37:39.719+0800: 9.450: Total time for which application threads were stopped: 0.0059626 seconds, Stopping threads took: 0.0000175 seconds
2024-07-27T21:37:39.719+0800: 9.450: [CMS-concurrent-abortable-preclean: 0.005/0.246 secs] [Times: user=0.05 sys=0.00, real=0.25 secs] 
2024-07-27T21:37:39.719+0800: 9.450: Application time: 0.0003830 seconds
2024-07-27T21:37:39.719+0800: 9.450: [GC (CMS Final Remark) [YG occupancy: 14698 K (78656 K)]2024-07-27T21:37:39.719+0800: 9.450: [Rescan (parallel) , 0.0011991 secs]2024-07-27T21:37:39.720+0800: 9.452: [weak refs processing, 0.0000129 secs]2024-07-27T21:37:39.720+0800: 9.452: [class unloading, 0.0001942 secs]2024-07-27T21:37:39.721+0800: 9.452: [scrub symbol table, 0.0003341 secs]2024-07-27T21:37:39.721+0800: 9.452: [scrub string table, 0.0001123 secs][1 CMS-remark: 348817K(467792K)] 363515K(546448K), 0.0019191 secs] [Times: user=0.00 sys=0.00, real=0.00 secs] 
2024-07-27T21:37:39.721+0800: 9.452: Total time for which application threads were stopped: 0.0021174 seconds, Stopping threads took: 0.0001622 seconds
2024-07-27T21:37:39.721+0800: 9.453: [CMS-concurrent-sweep-start]
2024-07-27T21:37:39.723+0800: 9.454: [CMS-concurrent-sweep: 0.002/0.002 secs] [Times: user=0.00 sys=0.00, real=0.00 secs] 
2024-07-27T21:37:39.723+0800: 9.454: [CMS-concurrent-reset-start]
2024-07-27T21:37:39.724+0800: 9.455: [CMS-concurrent-reset: 0.001/0.001 secs] [Times: user=0.03 sys=0.00, real=0.00 secs] 
2024-07-27T21:37:39.834+0800: 9.565: Application time: 0.1130012 seconds
2024-07-27T21:37:39.834+0800: 9.565: [GC (Allocation Failure) 2024-07-27T21:37:39.834+0800: 9.566: [ParNew: 77162K->8192K(78656K), 0.0120225 secs] 265209K->264847K(546448K), 0.0120880 secs] [Times: user=0.00 sys=0.00, real=0.01 secs] 
2024-07-27T21:37:39.846+0800: 9.578: Total time for which application threads were stopped: 0.0122674 seconds, Stopping threads took: 0.0000463 seconds
2024-07-27T21:37:39.846+0800: 9.578: Application time: 0.0001695 seconds
2024-07-27T21:37:39.846+0800: 9.578: [GC (CMS Initial Mark) [1 CMS-initial-mark: 256655K(467792K)] 268283K(546448K), 0.0007331 secs] [Times: user=0.00 sys=0.00, real=0.00 secs] 
2024-07-27T21:37:39.848+0800: 9.579: Total time for which application threads were stopped: 0.0009423 seconds, Stopping threads took: 0.0001671 seconds
2024-07-27T21:37:39.848+0800: 9.579: [CMS-concurrent-mark-start]
2024-07-27T21:37:39.851+0800: 9.582: [CMS-concurrent-mark: 0.004/0.004 secs] [Times: user=0.05 sys=0.00, real=0.00 secs] 
2024-07-27T21:37:39.851+0800: 9.582: [CMS-concurrent-preclean-start]
2024-07-27T21:37:39.852+0800: 9.584: [CMS-concurrent-preclean: 0.001/0.001 secs] [Times: user=0.00 sys=0.00, real=0.00 secs] 
2024-07-27T21:37:39.852+0800: 9.584: Application time: 0.0049886 seconds
2024-07-27T21:37:39.852+0800: 9.584: [GC (Allocation Failure) 2024-07-27T21:37:39.852+0800: 9.584: [ParNew: 77165K->8192K(78656K), 0.0120268 secs] 333820K->333457K(546448K), 0.0120748 secs] [Times: user=0.03 sys=0.00, real=0.01 secs] 
2024-07-27T21:37:39.864+0800: 9.596: Total time for which application threads were stopped: 0.0121696 seconds, Stopping threads took: 0.0000121 seconds
2024-07-27T21:37:39.864+0800: 9.596: Application time: 0.0002910 seconds
2024-07-27T21:37:39.865+0800: 9.596: [GC (CMS Final Remark) [YG occupancy: 12653 K (78656 K)]2024-07-27T21:37:39.865+0800: 9.596: [Rescan (parallel) , 0.0004456 secs]2024-07-27T21:37:39.866+0800: 9.597: [weak refs processing, 0.0000271 secs]2024-07-27T21:37:39.866+0800: 9.597: [class unloading, 0.0001834 secs]2024-07-27T21:37:39.866+0800: 9.597: [scrub symbol table, 0.0003226 secs]2024-07-27T21:37:39.866+0800: 9.597: [scrub string table, 0.0000909 secs][1 CMS-remark: 325264K(467792K)] 337918K(546448K), 0.0011640 secs] [Times: user=0.00 sys=0.00, real=0.00 secs] 
2024-07-27T21:37:39.866+0800: 9.597: Total time for which application threads were stopped: 0.0012712 seconds, Stopping threads took: 0.0000693 seconds
2024-07-27T21:37:39.866+0800: 9.598: [CMS-concurrent-sweep-start]
2024-07-27T21:37:39.868+0800: 9.599: [CMS-concurrent-sweep: 0.002/0.002 secs] [Times: user=0.00 sys=0.00, real=0.00 secs] 
2024-07-27T21:37:39.868+0800: 9.599: [CMS-concurrent-reset-start]
2024-07-27T21:37:39.868+0800: 9.600: [CMS-concurrent-reset: 0.001/0.001 secs] [Times: user=0.00 sys=0.00, real=0.00 secs] 
2024-07-27T21:37:39.977+0800: 9.709: Application time: 0.1114097 seconds
2024-07-27T21:37:39.977+0800: 9.709: [GC (Allocation Failure) 2024-07-27T21:37:39.977+0800: 9.709: [ParNew: 77166K->8192K(78656K), 0.0062611 secs] 240636K->198286K(546448K), 0.0063151 secs] [Times: user=0.00 sys=0.00, real=0.01 secs] 
2024-07-27T21:37:39.984+0800: 9.715: Total time for which application threads were stopped: 0.0064333 seconds, Stopping threads took: 0.0000181 seconds
2024-07-27T21:37:40.100+0800: 9.831: Application time: 0.1160725 seconds
2024-07-27T21:37:40.100+0800: 9.831: [GC (Allocation Failure) 2024-07-27T21:37:40.100+0800: 9.832: [ParNew: 77167K->8192K(78656K), 0.0121944 secs] 267262K->266896K(546448K), 0.0122620 secs] [Times: user=0.00 sys=0.00, real=0.01 secs] 
2024-07-27T21:37:40.112+0800: 9.844: Total time for which application threads were stopped: 0.0123848 seconds, Stopping threads took: 0.0000274 seconds
2024-07-27T21:37:40.112+0800: 9.844: Application time: 0.0002242 seconds
2024-07-27T21:37:40.112+0800: 9.844: [GC (CMS Initial Mark) [1 CMS-initial-mark: 258703K(467792K)] 270334K(546448K), 0.0008478 secs] [Times: user=0.00 sys=0.00, real=0.00 secs] 
2024-07-27T21:37:40.113+0800: 9.845: Total time for which application threads were stopped: 0.0009657 seconds, Stopping threads took: 0.0000765 seconds
2024-07-27T21:37:40.114+0800: 9.845: [CMS-concurrent-mark-start]
2024-07-27T21:37:40.117+0800: 9.849: [CMS-concurrent-mark: 0.004/0.004 secs] [Times: user=0.00 sys=0.00, real=0.00 secs] 
2024-07-27T21:37:40.117+0800: 9.849: [CMS-concurrent-preclean-start]
2024-07-27T21:37:40.118+0800: 9.850: [CMS-concurrent-preclean: 0.001/0.001 secs] [Times: user=0.00 sys=0.00, real=0.00 secs] 
2024-07-27T21:37:40.119+0800: 9.850: Application time: 0.0052629 seconds
2024-07-27T21:37:40.119+0800: 9.850: [GC (Allocation Failure) 2024-07-27T21:37:40.119+0800: 9.850: [ParNew: 77167K->8192K(78656K), 0.0117581 secs] 335871K->335505K(546448K), 0.0118069 secs] [Times: user=0.03 sys=0.00, real=0.01 secs] 
2024-07-27T21:37:40.130+0800: 9.862: Total time for which application threads were stopped: 0.0119068 seconds, Stopping threads took: 0.0000147 seconds
2024-07-27T21:37:40.131+0800: 9.862: Application time: 0.0002909 seconds
2024-07-27T21:37:40.131+0800: 9.863: [GC (CMS Final Remark) [YG occupancy: 12655 K (78656 K)]2024-07-27T21:37:40.131+0800: 9.863: [Rescan (parallel) , 0.0007107 secs]2024-07-27T21:37:40.132+0800: 9.863: [weak refs processing, 0.0000125 secs]2024-07-27T21:37:40.132+0800: 9.863: [class unloading, 0.0001862 secs]2024-07-27T21:37:40.132+0800: 9.864: [scrub symbol table, 0.0003476 secs]2024-07-27T21:37:40.132+0800: 9.864: [scrub string table, 0.0001012 secs][1 CMS-remark: 327312K(467792K)] 339968K(546448K), 0.0014289 secs] [Times: user=0.00 sys=0.00, real=0.00 secs] 
2024-07-27T21:37:40.132+0800: 9.864: Total time for which application threads were stopped: 0.0016260 seconds, Stopping threads took: 0.0001546 seconds
2024-07-27T21:37:40.133+0800: 9.864: [CMS-concurrent-sweep-start]
2024-07-27T21:37:40.134+0800: 9.866: [CMS-concurrent-sweep: 0.002/0.002 secs] [Times: user=0.00 sys=0.00, real=0.00 secs] 
2024-07-27T21:37:40.134+0800: 9.866: [CMS-concurrent-reset-start]
2024-07-27T21:37:40.135+0800: 9.867: [CMS-concurrent-reset: 0.001/0.001 secs] [Times: user=0.00 sys=0.00, real=0.00 secs] 
2024-07-27T21:37:40.244+0800: 9.976: Application time: 0.1114852 seconds
2024-07-27T21:37:40.244+0800: 9.976: [GC (Allocation Failure) 2024-07-27T21:37:40.244+0800: 9.976: [ParNew: 77168K->8192K(78656K), 0.0059537 secs] 241662K->200334K(546448K), 0.0060119 secs] [Times: user=0.00 sys=0.00, real=0.01 secs] 
2024-07-27T21:37:40.250+0800: 9.982: Total time for which application threads were stopped: 0.0061365 seconds, Stopping threads took: 0.0000186 seconds
2024-07-27T21:37:40.369+0800: 10.100: Application time: 0.1186432 seconds
2024-07-27T21:37:40.369+0800: 10.100: [GC (Allocation Failure) 2024-07-27T21:37:40.369+0800: 10.100: [ParNew: 77168K->8192K(78656K), 0.0119517 secs] 269311K->268944K(546448K), 0.0120130 secs] [Times: user=0.03 sys=0.00, real=0.01 secs] 
2024-07-27T21:37:40.381+0800: 10.112: Total time for which application threads were stopped: 0.0121265 seconds, Stopping threads took: 0.0000200 seconds
2024-07-27T21:37:40.386+0800: 10.117: Application time: 0.0044900 seconds
2024-07-27T21:37:40.386+0800: 10.117: [GC (Allocation Failure) 2024-07-27T21:37:40.386+0800: 10.117: [ParNew: 77168K->8192K(78656K), 0.0119690 secs] 337920K->337553K(546448K), 0.0120179 secs] [Times: user=0.03 sys=0.00, real=0.01 secs] 
2024-07-27T21:37:40.397+0800: 10.129: Total time for which application threads were stopped: 0.0121262 seconds, Stopping threads took: 0.0000154 seconds
2024-07-27T21:37:40.397+0800: 10.129: Application time: 0.0002451 seconds
2024-07-27T21:37:40.397+0800: 10.130: [GC (CMS Initial Mark) [1 CMS-initial-mark: 329360K(467792K)] 340992K(546448K), 0.0008154 secs] [Times: user=0.00 sys=0.00, real=0.00 secs] 
2024-07-27T21:37:40.399+0800: 10.130: Total time for which application threads were stopped: 0.0010057 seconds, Stopping threads took: 0.0001482 seconds
2024-07-27T21:37:40.399+0800: 10.130: [CMS-concurrent-mark-start]
2024-07-27T21:37:40.402+0800: 10.133: [CMS-concurrent-mark: 0.003/0.003 secs] [Times: user=0.00 sys=0.00, real=0.00 secs] 
2024-07-27T21:37:40.402+0800: 10.133: [CMS-concurrent-preclean-start]
2024-07-27T21:37:40.403+0800: 10.134: [CMS-concurrent-preclean: 0.001/0.001 secs] [Times: user=0.00 sys=0.00, real=0.00 secs] 
2024-07-27T21:37:40.403+0800: 10.134: [CMS-concurrent-abortable-preclean-start]
2024-07-27T21:37:40.512+0800: 10.244: Application time: 0.1134500 seconds
2024-07-27T21:37:40.512+0800: 10.244: [GC (Allocation Failure) 2024-07-27T21:37:40.512+0800: 10.244: [ParNew: 77168K->8192K(78656K), 0.0061852 secs] 406529K->366225K(546448K), 0.0062443 secs] [Times: user=0.00 sys=0.00, real=0.01 secs] 
2024-07-27T21:37:40.518+0800: 10.250: Total time for which application threads were stopped: 0.0063631 seconds, Stopping threads took: 0.0000177 seconds
2024-07-27T21:37:40.636+0800: 10.367: Application time: 0.1172425 seconds
2024-07-27T21:37:40.636+0800: 10.367: [GC (Allocation Failure) 2024-07-27T21:37:40.636+0800: 10.368: [ParNew: 77168K->8192K(78656K), 0.0129973 secs] 435202K->434834K(546448K), 0.0130760 secs] [Times: user=0.03 sys=0.00, real=0.01 secs] 
2024-07-27T21:37:40.649+0800: 10.381: Total time for which application threads were stopped: 0.0131975 seconds, Stopping threads took: 0.0000242 seconds
2024-07-27T21:37:40.653+0800: 10.385: Application time: 0.0045741 seconds
2024-07-27T21:37:40.654+0800: 10.385: [GC (Allocation Failure) 2024-07-27T21:37:40.654+0800: 10.385: [ParNew: 77168K->8192K(78656K), 0.0230328 secs] 503811K->503443K(575232K), 0.0230855 secs] [Times: user=0.05 sys=0.02, real=0.02 secs] 
2024-07-27T21:37:40.677+0800: 10.408: Total time for which application threads were stopped: 0.0231856 seconds, Stopping threads took: 0.0000150 seconds
2024-07-27T21:37:40.677+0800: 10.408: [CMS-concurrent-abortable-preclean: 0.006/0.275 secs] [Times: user=0.11 sys=0.02, real=0.27 secs] 
2024-07-27T21:37:40.677+0800: 10.409: Application time: 0.0003062 seconds
2024-07-27T21:37:40.677+0800: 10.409: [GC (CMS Final Remark) [YG occupancy: 12655 K (78656 K)]2024-07-27T21:37:40.677+0800: 10.409: [Rescan (parallel) , 0.0008208 secs]2024-07-27T21:37:40.678+0800: 10.410: [weak refs processing, 0.0000130 secs]2024-07-27T21:37:40.678+0800: 10.410: [class unloading, 0.0002925 secs]2024-07-27T21:37:40.678+0800: 10.410: [scrub symbol table, 0.0003484 secs]2024-07-27T21:37:40.679+0800: 10.410: [scrub string table, 0.0001034 secs][1 CMS-remark: 495251K(496576K)] 507907K(575232K), 0.0016416 secs] [Times: user=0.00 sys=0.00, real=0.00 secs] 
2024-07-27T21:37:40.679+0800: 10.411: Total time for which application threads were stopped: 0.0018260 seconds, Stopping threads took: 0.0001463 seconds
2024-07-27T21:37:40.679+0800: 10.411: [CMS-concurrent-sweep-start]
2024-07-27T21:37:40.681+0800: 10.412: [CMS-concurrent-sweep: 0.002/0.002 secs] [Times: user=0.00 sys=0.00, real=0.00 secs] 
2024-07-27T21:37:40.681+0800: 10.413: [CMS-concurrent-reset-start]
2024-07-27T21:37:40.681+0800: 10.413: [CMS-concurrent-reset: 0.001/0.001 secs] [Times: user=0.00 sys=0.00, real=0.00 secs] 
2024-07-27T21:37:40.795+0800: 10.527: Application time: 0.1167664 seconds
2024-07-27T21:37:40.796+0800: 10.527: [GC (Allocation Failure) 2024-07-27T21:37:40.796+0800: 10.527: [ParNew: 77168K->8192K(78656K), 0.0067701 secs] 408577K->369297K(631008K), 0.0068366 secs] [Times: user=0.03 sys=0.00, real=0.01 secs] 
2024-07-27T21:37:40.803+0800: 10.534: Total time for which application threads were stopped: 0.0070041 seconds, Stopping threads took: 0.0000303 seconds
2024-07-27T21:37:40.803+0800: 10.535: Application time: 0.0002445 seconds
2024-07-27T21:37:40.803+0800: 10.535: [GC (CMS Initial Mark) [1 CMS-initial-mark: 361105K(552352K)] 372737K(631008K), 0.0008026 secs] [Times: user=0.00 sys=0.00, real=0.00 secs] 
2024-07-27T21:37:40.804+0800: 10.536: Total time for which application threads were stopped: 0.0009696 seconds, Stopping threads took: 0.0001244 seconds
2024-07-27T21:37:40.804+0800: 10.536: [CMS-concurrent-mark-start]
2024-07-27T21:37:40.808+0800: 10.540: [CMS-concurrent-mark: 0.005/0.005 secs] [Times: user=0.00 sys=0.00, real=0.00 secs] 
2024-07-27T21:37:40.808+0800: 10.540: [CMS-concurrent-preclean-start]
2024-07-27T21:37:40.809+0800: 10.541: [CMS-concurrent-preclean: 0.001/0.001 secs] [Times: user=0.00 sys=0.00, real=0.00 secs] 
2024-07-27T21:37:40.809+0800: 10.541: [CMS-concurrent-abortable-preclean-start]
2024-07-27T21:37:40.919+0800: 10.650: Application time: 0.1148077 seconds
2024-07-27T21:37:40.919+0800: 10.650: [GC (Allocation Failure) 2024-07-27T21:37:40.919+0800: 10.650: [ParNew: 77168K->8192K(78656K), 0.0121841 secs] 438274K->437906K(631008K), 0.0122454 secs] [Times: user=0.03 sys=0.00, real=0.01 secs] 
2024-07-27T21:37:40.931+0800: 10.663: Total time for which application threads were stopped: 0.0123597 seconds, Stopping threads took: 0.0000202 seconds
2024-07-27T21:37:40.936+0800: 10.667: Application time: 0.0045588 seconds
2024-07-27T21:37:40.936+0800: 10.667: [GC (Allocation Failure) 2024-07-27T21:37:40.936+0800: 10.667: [ParNew: 77168K->8192K(78656K), 0.0132404 secs] 506883K->506515K(631008K), 0.0132902 secs] [Times: user=0.03 sys=0.00, real=0.01 secs] 
2024-07-27T21:37:40.950+0800: 10.681: Total time for which application threads were stopped: 0.0133963 seconds, Stopping threads took: 0.0000146 seconds
2024-07-27T21:37:41.062+0800: 10.794: Application time: 0.1130252 seconds
2024-07-27T21:37:41.063+0800: 10.794: [GC (Allocation Failure) 2024-07-27T21:37:41.063+0800: 10.794: [ParNew: 77168K->8192K(78656K), 0.0183353 secs] 575492K->537236K(631008K), 0.0183949 secs] [Times: user=0.00 sys=0.03, real=0.02 secs] 
2024-07-27T21:37:41.080+0800: 10.812: Total time for which application threads were stopped: 0.0185091 seconds, Stopping threads took: 0.0000218 seconds
2024-07-27T21:37:41.080+0800: 10.812: [CMS-concurrent-abortable-preclean: 0.007/0.271 secs] [Times: user=0.06 sys=0.03, real=0.27 secs] 
2024-07-27T21:37:41.081+0800: 10.812: Application time: 0.0002820 seconds
2024-07-27T21:37:41.081+0800: 10.813: [GC (CMS Final Remark) [YG occupancy: 11631 K (78656 K)]2024-07-27T21:37:41.081+0800: 10.813: [Rescan (parallel) , 0.0008626 secs]2024-07-27T21:37:41.082+0800: 10.814: [weak refs processing, 0.0000127 secs]2024-07-27T21:37:41.082+0800: 10.814: [class unloading, 0.0002002 secs]2024-07-27T21:37:41.082+0800: 10.814: [scrub symbol table, 0.0003480 secs]2024-07-27T21:37:41.082+0800: 10.814: [scrub string table, 0.0001015 secs][1 CMS-remark: 529044K(552352K)] 540675K(631008K), 0.0015880 secs] [Times: user=0.00 sys=0.00, real=0.00 secs] 
2024-07-27T21:37:41.082+0800: 10.814: Total time for which application threads were stopped: 0.0017577 seconds, Stopping threads took: 0.0001333 seconds
2024-07-27T21:37:41.083+0800: 10.814: [CMS-concurrent-sweep-start]
2024-07-27T21:37:41.084+0800: 10.816: [CMS-concurrent-sweep: 0.002/0.002 secs] [Times: user=0.00 sys=0.00, real=0.00 secs] 
2024-07-27T21:37:41.084+0800: 10.816: [CMS-concurrent-reset-start]
2024-07-27T21:37:41.086+0800: 10.818: [CMS-concurrent-reset: 0.001/0.001 secs] [Times: user=0.00 sys=0.00, real=0.00 secs] 
2024-07-27T21:37:41.200+0800: 10.932: Application time: 0.1174728 seconds
2024-07-27T21:37:41.200+0800: 10.932: [GC (Allocation Failure) 2024-07-27T21:37:41.201+0800: 10.932: [ParNew: 77168K->8192K(78656K), 0.0177571 secs] 275455K->275088K(631008K), 0.0178239 secs] [Times: user=0.03 sys=0.00, real=0.02 secs] 
2024-07-27T21:37:41.218+0800: 10.950: Total time for which application threads were stopped: 0.0179441 seconds, Stopping threads took: 0.0000220 seconds
2024-07-27T21:37:41.223+0800: 10.954: Application time: 0.0043412 seconds
2024-07-27T21:37:41.223+0800: 10.954: [GC (Allocation Failure) 2024-07-27T21:37:41.223+0800: 10.954: [ParNew: 77168K->8192K(78656K), 0.0160884 secs] 344064K->343697K(631008K), 0.0161392 secs] [Times: user=0.09 sys=0.03, real=0.02 secs] 
2024-07-27T21:37:41.239+0800: 10.970: Total time for which application threads were stopped: 0.0162360 seconds, Stopping threads took: 0.0000135 seconds
2024-07-27T21:37:41.239+0800: 10.970: Application time: 0.0001786 seconds
2024-07-27T21:37:41.239+0800: 10.971: [GC (CMS Initial Mark) [1 CMS-initial-mark: 335505K(552352K)] 347136K(631008K), 0.0008729 secs] [Times: user=0.00 sys=0.00, real=0.00 secs] 
2024-07-27T21:37:41.240+0800: 10.971: Total time for which application threads were stopped: 0.0010829 seconds, Stopping threads took: 0.0001685 seconds
2024-07-27T21:37:41.240+0800: 10.972: [CMS-concurrent-mark-start]
2024-07-27T21:37:41.243+0800: 10.974: [CMS-concurrent-mark: 0.002/0.002 secs] [Times: user=0.00 sys=0.00, real=0.00 secs] 
2024-07-27T21:37:41.243+0800: 10.974: [CMS-concurrent-preclean-start]
2024-07-27T21:37:41.243+0800: 10.975: [CMS-concurrent-preclean: 0.001/0.001 secs] [Times: user=0.00 sys=0.00, real=0.00 secs] 
2024-07-27T21:37:41.243+0800: 10.975: [CMS-concurrent-abortable-preclean-start]
2024-07-27T21:37:41.346+0800: 11.077: Application time: 0.1055721 seconds
2024-07-27T21:37:41.346+0800: 11.077: [GC (Allocation Failure) 2024-07-27T21:37:41.346+0800: 11.077: [ParNew: 77168K->8192K(78656K), 0.0069995 secs] 412673K->375441K(631008K), 0.0070578 secs] [Times: user=0.03 sys=0.00, real=0.01 secs] 
2024-07-27T21:37:41.353+0800: 11.084: Total time for which application threads were stopped: 0.0071745 seconds, Stopping threads took: 0.0000223 seconds
2024-07-27T21:37:41.469+0800: 11.200: Application time: 0.1158584 seconds
2024-07-27T21:37:41.469+0800: 11.200: [GC (Allocation Failure) 2024-07-27T21:37:41.469+0800: 11.200: [ParNew: 77168K->8192K(78656K), 0.0123002 secs] 444418K->444050K(631008K), 0.0123726 secs] [Times: user=0.02 sys=0.01, real=0.01 secs] 
2024-07-27T21:37:41.481+0800: 11.213: Total time for which application threads were stopped: 0.0125442 seconds, Stopping threads took: 0.0000415 seconds
2024-07-27T21:37:41.486+0800: 11.217: Application time: 0.0044554 seconds
2024-07-27T21:37:41.486+0800: 11.217: [GC (Allocation Failure) 2024-07-27T21:37:41.486+0800: 11.217: [ParNew: 77168K->8192K(78656K), 0.0117206 secs] 513027K->512659K(631008K), 0.0117847 secs] [Times: user=0.03 sys=0.00, real=0.01 secs] 
2024-07-27T21:37:41.498+0800: 11.229: Total time for which application threads were stopped: 0.0118849 seconds, Stopping threads took: 0.0000145 seconds
2024-07-27T21:37:41.498+0800: 11.229: [CMS-concurrent-abortable-preclean: 0.004/0.254 secs] [Times: user=0.08 sys=0.01, real=0.25 secs] 
2024-07-27T21:37:41.498+0800: 11.229: Application time: 0.0001716 seconds
2024-07-27T21:37:41.498+0800: 11.229: [GC (CMS Final Remark) [YG occupancy: 11631 K (78656 K)]2024-07-27T21:37:41.498+0800: 11.229: [Rescan (parallel) , 0.0010550 secs]2024-07-27T21:37:41.499+0800: 11.230: [weak refs processing, 0.0000127 secs]2024-07-27T21:37:41.499+0800: 11.230: [class unloading, 0.0002056 secs]2024-07-27T21:37:41.499+0800: 11.231: [scrub symbol table, 0.0004266 secs]2024-07-27T21:37:41.500+0800: 11.231: [scrub string table, 0.0000919 secs][1 CMS-remark: 504467K(552352K)] 516099K(631008K), 0.0018694 secs] [Times: user=0.00 sys=0.00, real=0.00 secs] 
2024-07-27T21:37:41.500+0800: 11.231: Total time for which application threads were stopped: 0.0020535 seconds, Stopping threads took: 0.0001459 seconds
2024-07-27T21:37:41.500+0800: 11.231: [CMS-concurrent-sweep-start]
2024-07-27T21:37:41.501+0800: 11.233: [CMS-concurrent-sweep: 0.001/0.001 secs] [Times: user=0.00 sys=0.00, real=0.00 secs] 
2024-07-27T21:37:41.502+0800: 11.233: [CMS-concurrent-reset-start]
2024-07-27T21:37:41.502+0800: 11.234: [CMS-concurrent-reset: 0.001/0.001 secs] [Times: user=0.00 sys=0.00, real=0.00 secs] 
2024-07-27T21:37:41.612+0800: 11.344: Application time: 0.1128213 seconds
2024-07-27T21:37:41.612+0800: 11.344: [GC (Allocation Failure) 2024-07-27T21:37:41.612+0800: 11.344: [ParNew: 77168K->8192K(78656K), 0.0110230 secs] 414721K->378513K(641248K), 0.0110853 secs] [Times: user=0.03 sys=0.00, real=0.01 secs] 
2024-07-27T21:37:41.623+0800: 11.355: Total time for which application threads were stopped: 0.0111989 seconds, Stopping threads took: 0.0000184 seconds
2024-07-27T21:37:41.624+0800: 11.355: Application time: 0.0001609 seconds
2024-07-27T21:37:41.624+0800: 11.356: [GC (CMS Initial Mark) [1 CMS-initial-mark: 370321K(562592K)] 381953K(641248K), 0.0008214 secs] [Times: user=0.00 sys=0.00, real=0.00 secs] 
2024-07-27T21:37:41.625+0800: 11.356: Total time for which application threads were stopped: 0.0009728 seconds, Stopping threads took: 0.0001038 seconds
2024-07-27T21:37:41.625+0800: 11.356: [CMS-concurrent-mark-start]
2024-07-27T21:37:41.629+0800: 11.360: [CMS-concurrent-mark: 0.004/0.004 secs] [Times: user=0.00 sys=0.00, real=0.00 secs] 
2024-07-27T21:37:41.629+0800: 11.360: [CMS-concurrent-preclean-start]
2024-07-27T21:37:41.630+0800: 11.361: [CMS-concurrent-preclean: 0.001/0.001 secs] [Times: user=0.03 sys=0.00, real=0.00 secs] 
2024-07-27T21:37:41.630+0800: 11.361: [CMS-concurrent-abortable-preclean-start]
2024-07-27T21:37:41.736+0800: 11.468: Application time: 0.1111860 seconds
2024-07-27T21:37:41.736+0800: 11.468: [GC (Allocation Failure) 2024-07-27T21:37:41.736+0800: 11.468: [ParNew: 77168K->8192K(78656K), 0.0118929 secs] 447490K->447122K(641248K), 0.0119526 secs] [Times: user=0.03 sys=0.00, real=0.01 secs] 
2024-07-27T21:37:41.748+0800: 11.480: Total time for which application threads were stopped: 0.0120765 seconds, Stopping threads took: 0.0000318 seconds
2024-07-27T21:37:41.753+0800: 11.484: Application time: 0.0048070 seconds
2024-07-27T21:37:41.753+0800: 11.485: [GC (Allocation Failure) 2024-07-27T21:37:41.753+0800: 11.485: [ParNew: 77168K->8192K(78656K), 0.0117846 secs] 516099K->515731K(641248K), 0.0118347 secs] [Times: user=0.03 sys=0.00, real=0.01 secs] 
2024-07-27T21:37:41.765+0800: 11.496: Total time for which application threads were stopped: 0.0119369 seconds, Stopping threads took: 0.0000180 seconds
2024-07-27T21:37:41.878+0800: 11.610: Application time: 0.1138894 seconds
2024-07-27T21:37:41.878+0800: 11.610: [GC (Allocation Failure) 2024-07-27T21:37:41.878+0800: 11.610: [ParNew: 77168K->8192K(78656K), 0.0071154 secs] 584708K->549524K(641248K), 0.0071776 secs] [Times: user=0.01 sys=0.00, real=0.01 secs] 
2024-07-27T21:37:41.886+0800: 11.618: Total time for which application threads were stopped: 0.0072924 seconds, Stopping threads took: 0.0000184 seconds
2024-07-27T21:37:41.886+0800: 11.618: [CMS-concurrent-abortable-preclean: 0.008/0.256 secs] [Times: user=0.08 sys=0.00, real=0.26 secs] 
2024-07-27T21:37:41.886+0800: 11.618: Application time: 0.0003287 seconds
2024-07-27T21:37:41.886+0800: 11.618: [GC (CMS Final Remark) [YG occupancy: 13679 K (78656 K)]2024-07-27T21:37:41.886+0800: 11.618: [Rescan (parallel) , 0.0008568 secs]2024-07-27T21:37:41.887+0800: 11.619: [weak refs processing, 0.0000128 secs]2024-07-27T21:37:41.887+0800: 11.619: [class unloading, 0.0001850 secs]2024-07-27T21:37:41.887+0800: 11.619: [scrub symbol table, 0.0003620 secs]2024-07-27T21:37:41.888+0800: 11.620: [scrub string table, 0.0001171 secs][1 CMS-remark: 541332K(562592K)] 555011K(641248K), 0.0015992 secs] [Times: user=0.00 sys=0.00, real=0.00 secs] 
2024-07-27T21:37:41.888+0800: 11.620: Total time for which application threads were stopped: 0.0017586 seconds, Stopping threads took: 0.0001220 seconds
2024-07-27T21:37:41.888+0800: 11.620: [CMS-concurrent-sweep-start]
2024-07-27T21:37:41.890+0800: 11.622: [CMS-concurrent-sweep: 0.002/0.002 secs] [Times: user=0.00 sys=0.00, real=0.00 secs] 
2024-07-27T21:37:41.890+0800: 11.622: [CMS-concurrent-reset-start]
2024-07-27T21:37:41.892+0800: 11.623: [CMS-concurrent-reset: 0.001/0.001 secs] [Times: user=0.00 sys=0.00, real=0.00 secs] 
2024-07-27T21:37:42.002+0800: 11.733: Application time: 0.1130387 seconds
2024-07-27T21:37:42.002+0800: 11.733: [GC (Allocation Failure) 2024-07-27T21:37:42.002+0800: 11.733: [ParNew: 77168K->8192K(78656K), 0.0118299 secs] 281599K->281232K(641248K), 0.0118933 secs] [Times: user=0.03 sys=0.00, real=0.01 secs] 
2024-07-27T21:37:42.014+0800: 11.745: Total time for which application threads were stopped: 0.0120140 seconds, Stopping threads took: 0.0000234 seconds
2024-07-27T21:37:42.014+0800: 11.745: Application time: 0.0002295 seconds
2024-07-27T21:37:42.014+0800: 11.745: [GC (CMS Initial Mark) [1 CMS-initial-mark: 273040K(562592K)] 284671K(641248K), 0.0007663 secs] [Times: user=0.00 sys=0.00, real=0.00 secs] 
2024-07-27T21:37:42.014+0800: 11.746: Total time for which application threads were stopped: 0.0009778 seconds, Stopping threads took: 0.0001692 seconds
2024-07-27T21:37:42.014+0800: 11.746: [CMS-concurrent-mark-start]
2024-07-27T21:37:42.018+0800: 11.750: [CMS-concurrent-mark: 0.004/0.004 secs] [Times: user=0.00 sys=0.00, real=0.00 secs] 
2024-07-27T21:37:42.018+0800: 11.750: [CMS-concurrent-preclean-start]
2024-07-27T21:37:42.019+0800: 11.751: Application time: 0.0050570 seconds
2024-07-27T21:37:42.019+0800: 11.751: [GC (Allocation Failure) 2024-07-27T21:37:42.019+0800: 11.751: [ParNew: 77168K->8192K(78656K), 0.0121708 secs] 350208K->349841K(641248K), 0.0122205 secs] [Times: user=0.09 sys=0.00, real=0.01 secs] 
2024-07-27T21:37:42.031+0800: 11.763: Total time for which application threads were stopped: 0.0123375 seconds, Stopping threads took: 0.0000268 seconds
2024-07-27T21:37:42.033+0800: 11.764: [CMS-concurrent-preclean: 0.002/0.014 secs] [Times: user=0.09 sys=0.00, real=0.02 secs] 
2024-07-27T21:37:42.033+0800: 11.764: [CMS-concurrent-abortable-preclean-start]
2024-07-27T21:37:42.144+0800: 11.876: Application time: 0.1126143 seconds
2024-07-27T21:37:42.144+0800: 11.876: [GC (Allocation Failure) 2024-07-27T21:37:42.144+0800: 11.876: [ParNew: 77168K->8192K(78656K), 0.0071781 secs] 418817K->384657K(641248K), 0.0072373 secs] [Times: user=0.13 sys=0.00, real=0.01 secs] 
2024-07-27T21:37:42.151+0800: 11.883: Total time for which application threads were stopped: 0.0073482 seconds, Stopping threads took: 0.0000195 seconds
2024-07-27T21:37:42.151+0800: 11.883: [CMS-concurrent-abortable-preclean: 0.003/0.119 secs] [Times: user=0.13 sys=0.00, real=0.12 secs] 
2024-07-27T21:37:42.152+0800: 11.884: Application time: 0.0003756 seconds
2024-07-27T21:37:42.152+0800: 11.884: [GC (CMS Final Remark) [YG occupancy: 13679 K (78656 K)]2024-07-27T21:37:42.152+0800: 11.884: [Rescan (parallel) , 0.0008639 secs]2024-07-27T21:37:42.153+0800: 11.885: [weak refs processing, 0.0000126 secs]2024-07-27T21:37:42.153+0800: 11.885: [class unloading, 0.0001989 secs]2024-07-27T21:37:42.153+0800: 11.885: [scrub symbol table, 0.0003451 secs]2024-07-27T21:37:42.153+0800: 11.885: [scrub string table, 0.0001009 secs][1 CMS-remark: 376465K(562592K)] 390145K(641248K), 0.0015848 secs] [Times: user=0.00 sys=0.00, real=0.00 secs] 
2024-07-27T21:37:42.153+0800: 11.885: Total time for which application threads were stopped: 0.0017148 seconds, Stopping threads took: 0.0000824 seconds
2024-07-27T21:37:42.154+0800: 11.886: [CMS-concurrent-sweep-start]
2024-07-27T21:37:42.155+0800: 11.887: [CMS-concurrent-sweep: 0.002/0.002 secs] [Times: user=0.00 sys=0.00, real=0.00 secs] 
2024-07-27T21:37:42.155+0800: 11.887: [CMS-concurrent-reset-start]
2024-07-27T21:37:42.156+0800: 11.889: [CMS-concurrent-reset: 0.001/0.001 secs] [Times: user=0.00 sys=0.00, real=0.00 secs] 
2024-07-27T21:37:42.268+0800: 11.999: Application time: 0.1140051 seconds
2024-07-27T21:37:42.268+0800: 12.000: [GC (Allocation Failure) 2024-07-27T21:37:42.268+0800: 12.000: [ParNew: 77168K->8192K(78656K), 0.0120044 secs] 283647K->283280K(641248K), 0.0120646 secs] [Times: user=0.03 sys=0.00, real=0.01 secs] 
2024-07-27T21:37:42.280+0800: 12.012: Total time for which application threads were stopped: 0.0121934 seconds, Stopping threads took: 0.0000192 seconds
2024-07-27T21:37:42.285+0800: 12.016: Application time: 0.0044482 seconds
2024-07-27T21:37:42.285+0800: 12.016: [GC (Allocation Failure) 2024-07-27T21:37:42.285+0800: 12.016: [ParNew: 77168K->8192K(78656K), 0.0118502 secs] 352256K->351889K(641248K), 0.0119030 secs] [Times: user=0.03 sys=0.00, real=0.01 secs] 
2024-07-27T21:37:42.296+0800: 12.028: Total time for which application threads were stopped: 0.0120048 seconds, Stopping threads took: 0.0000162 seconds
2024-07-27T21:37:42.297+0800: 12.028: Application time: 0.0002244 seconds
2024-07-27T21:37:42.297+0800: 12.028: [GC (CMS Initial Mark) [1 CMS-initial-mark: 343697K(562592K)] 355328K(641248K), 0.0008510 secs] [Times: user=0.00 sys=0.00, real=0.00 secs] 
2024-07-27T21:37:42.298+0800: 12.029: Total time for which application threads were stopped: 0.0009751 seconds, Stopping threads took: 0.0000828 seconds
2024-07-27T21:37:42.298+0800: 12.029: [CMS-concurrent-mark-start]
2024-07-27T21:37:42.300+0800: 12.031: [CMS-concurrent-mark: 0.002/0.002 secs] [Times: user=0.00 sys=0.00, real=0.00 secs] 
2024-07-27T21:37:42.300+0800: 12.032: [CMS-concurrent-preclean-start]
2024-07-27T21:37:42.301+0800: 12.032: [CMS-concurrent-preclean: 0.001/0.001 secs] [Times: user=0.00 sys=0.00, real=0.00 secs] 
2024-07-27T21:37:42.301+0800: 12.032: [CMS-concurrent-abortable-preclean-start]
2024-07-27T21:37:42.411+0800: 12.142: Application time: 0.1128648 seconds
2024-07-27T21:37:42.411+0800: 12.142: [GC (Allocation Failure) 2024-07-27T21:37:42.411+0800: 12.142: [ParNew: 77168K->8192K(78656K), 0.0072856 secs] 420865K->387729K(641248K), 0.0073600 secs] [Times: user=0.00 sys=0.00, real=0.01 secs] 
2024-07-27T21:37:42.418+0800: 12.150: Total time for which application threads were stopped: 0.0074770 seconds, Stopping threads took: 0.0000199 seconds
2024-07-27T21:37:42.533+0800: 12.265: Application time: 0.1150333 seconds
2024-07-27T21:37:42.533+0800: 12.265: [GC (Allocation Failure) 2024-07-27T21:37:42.533+0800: 12.265: [ParNew: 77168K->8192K(78656K), 0.0119397 secs] 456706K->456338K(641248K), 0.0120117 secs] [Times: user=0.03 sys=0.00, real=0.01 secs] 
2024-07-27T21:37:42.545+0800: 12.277: Total time for which application threads were stopped: 0.0121220 seconds, Stopping threads took: 0.0000198 seconds
2024-07-27T21:37:42.545+0800: 12.277: [CMS-concurrent-abortable-preclean: 0.005/0.245 secs] [Times: user=0.06 sys=0.00, real=0.24 secs] 
2024-07-27T21:37:42.546+0800: 12.277: Application time: 0.0002621 seconds
2024-07-27T21:37:42.546+0800: 12.277: [GC (CMS Final Remark) [YG occupancy: 11631 K (78656 K)]2024-07-27T21:37:42.546+0800: 12.277: [Rescan (parallel) , 0.0009174 secs]2024-07-27T21:37:42.547+0800: 12.278: [weak refs processing, 0.0000126 secs]2024-07-27T21:37:42.547+0800: 12.278: [class unloading, 0.0001892 secs]2024-07-27T21:37:42.547+0800: 12.278: [scrub symbol table, 0.0003490 secs]2024-07-27T21:37:42.547+0800: 12.279: [scrub string table, 0.0001010 secs][1 CMS-remark: 448146K(562592K)] 459778K(641248K), 0.0016324 secs] [Times: user=0.00 sys=0.00, real=0.00 secs] 
2024-07-27T21:37:42.547+0800: 12.279: Total time for which application threads were stopped: 0.0018135 seconds, Stopping threads took: 0.0001409 seconds
2024-07-27T21:37:42.548+0800: 12.279: [CMS-concurrent-sweep-start]
2024-07-27T21:37:42.549+0800: 12.280: [CMS-concurrent-sweep: 0.001/0.001 secs] [Times: user=0.00 sys=0.00, real=0.00 secs] 
2024-07-27T21:37:42.549+0800: 12.280: [CMS-concurrent-reset-start]
2024-07-27T21:37:42.549+0800: 12.282: [CMS-concurrent-reset: 0.001/0.001 secs] [Times: user=0.00 sys=0.00, real=0.00 secs] 
2024-07-27T21:37:42.553+0800: 12.284: Application time: 0.0050850 seconds
2024-07-27T21:37:42.553+0800: 12.284: [GC (Allocation Failure) 2024-07-27T21:37:42.553+0800: 12.284: [ParNew: 77168K->8192K(78656K), 0.0122471 secs] 354304K->353937K(641248K), 0.0122935 secs] [Times: user=0.00 sys=0.00, real=0.01 secs] 
2024-07-27T21:37:42.565+0800: 12.296: Total time for which application threads were stopped: 0.0123892 seconds, Stopping threads took: 0.0000146 seconds
2024-07-27T21:37:42.565+0800: 12.297: Application time: 0.0002152 seconds
2024-07-27T21:37:42.565+0800: 12.297: [GC (CMS Initial Mark) [1 CMS-initial-mark: 345745K(562592K)] 357376K(641248K), 0.0007801 secs] [Times: user=0.00 sys=0.00, real=0.00 secs] 
2024-07-27T21:37:42.565+0800: 12.298: Total time for which application threads were stopped: 0.0009303 seconds, Stopping threads took: 0.0001066 seconds
2024-07-27T21:37:42.566+0800: 12.298: [CMS-concurrent-mark-start]
2024-07-27T21:37:42.568+0800: 12.300: [CMS-concurrent-mark: 0.002/0.002 secs] [Times: user=0.05 sys=0.00, real=0.00 secs] 
2024-07-27T21:37:42.568+0800: 12.300: [CMS-concurrent-preclean-start]
2024-07-27T21:37:42.568+0800: 12.300: [CMS-concurrent-preclean: 0.001/0.001 secs] [Times: user=0.00 sys=0.00, real=0.00 secs] 
2024-07-27T21:37:42.568+0800: 12.300: [CMS-concurrent-abortable-preclean-start]
2024-07-27T21:37:42.675+0800: 12.407: Application time: 0.1093992 seconds
2024-07-27T21:37:42.675+0800: 12.407: [GC (Allocation Failure) 2024-07-27T21:37:42.675+0800: 12.407: [ParNew: 77168K->8192K(78656K), 0.0078524 secs] 422913K->390801K(641248K), 0.0079243 secs] [Times: user=0.03 sys=0.00, real=0.01 secs] 
2024-07-27T21:37:42.683+0800: 12.415: Total time for which application threads were stopped: 0.0080340 seconds, Stopping threads took: 0.0000193 seconds
2024-07-27T21:37:42.798+0800: 12.530: Application time: 0.1148076 seconds
2024-07-27T21:37:42.798+0800: 12.530: [GC (Allocation Failure) 2024-07-27T21:37:42.798+0800: 12.530: [ParNew: 77168K->8192K(78656K), 0.0120265 secs] 459778K->459410K(641248K), 0.0121050 secs] [Times: user=0.03 sys=0.00, real=0.01 secs] 
2024-07-27T21:37:42.811+0800: 12.542: Total time for which application threads were stopped: 0.0122162 seconds, Stopping threads took: 0.0000191 seconds
2024-07-27T21:37:42.811+0800: 12.542: [CMS-concurrent-abortable-preclean: 0.006/0.242 secs] [Times: user=0.06 sys=0.00, real=0.24 secs] 
2024-07-27T21:37:42.811+0800: 12.542: Application time: 0.0003163 seconds
2024-07-27T21:37:42.811+0800: 12.542: [GC (CMS Final Remark) [YG occupancy: 12655 K (78656 K)]2024-07-27T21:37:42.811+0800: 12.542: [Rescan (parallel) , 0.0009461 secs]2024-07-27T21:37:42.812+0800: 12.543: [weak refs processing, 0.0000130 secs]2024-07-27T21:37:42.812+0800: 12.543: [class unloading, 0.0001846 secs]2024-07-27T21:37:42.812+0800: 12.544: [scrub symbol table, 0.0003467 secs]2024-07-27T21:37:42.812+0800: 12.544: [scrub string table, 0.0001449 secs][1 CMS-remark: 451218K(562592K)] 463874K(641248K), 0.0017025 secs] [Times: user=0.00 sys=0.00, real=0.00 secs] 
2024-07-27T21:37:42.813+0800: 12.544: Total time for which application threads were stopped: 0.0018184 seconds, Stopping threads took: 0.0000767 seconds
2024-07-27T21:37:42.813+0800: 12.544: [CMS-concurrent-sweep-start]
2024-07-27T21:37:42.814+0800: 12.546: [CMS-concurrent-sweep: 0.002/0.002 secs] [Times: user=0.00 sys=0.00, real=0.00 secs] 
2024-07-27T21:37:42.815+0800: 12.546: [CMS-concurrent-reset-start]
2024-07-27T21:37:42.816+0800: 12.547: [CMS-concurrent-reset: 0.001/0.001 secs] [Times: user=0.00 sys=0.00, real=0.00 secs] 
2024-07-27T21:37:42.817+0800: 12.549: Application time: 0.0047757 seconds
2024-07-27T21:37:42.818+0800: 12.549: [GC (Allocation Failure) 2024-07-27T21:37:42.818+0800: 12.549: [ParNew: 77168K->8192K(78656K), 0.0119584 secs] 356352K->355985K(641248K), 0.0120046 secs] [Times: user=0.00 sys=0.00, real=0.01 secs] 
2024-07-27T21:37:42.830+0800: 12.561: Total time for which application threads were stopped: 0.0120998 seconds, Stopping threads took: 0.0000139 seconds
2024-07-27T21:37:42.830+0800: 12.561: Application time: 0.0002387 seconds
2024-07-27T21:37:42.830+0800: 12.561: [GC (CMS Initial Mark) [1 CMS-initial-mark: 347793K(562592K)] 359424K(641248K), 0.0007861 secs] [Times: user=0.00 sys=0.00, real=0.00 secs] 
2024-07-27T21:37:42.831+0800: 12.562: Total time for which application threads were stopped: 0.0009780 seconds, Stopping threads took: 0.0001504 seconds
2024-07-27T21:37:42.831+0800: 12.562: [CMS-concurrent-mark-start]
2024-07-27T21:37:42.833+0800: 12.564: [CMS-concurrent-mark: 0.002/0.002 secs] [Times: user=0.03 sys=0.00, real=0.00 secs] 
2024-07-27T21:37:42.833+0800: 12.564: [CMS-concurrent-preclean-start]
2024-07-27T21:37:42.834+0800: 12.565: [CMS-concurrent-preclean: 0.001/0.001 secs] [Times: user=0.00 sys=0.00, real=0.00 secs] 
2024-07-27T21:37:42.834+0800: 12.565: [CMS-concurrent-abortable-preclean-start]
2024-07-27T21:37:42.940+0800: 12.672: Application time: 0.1095157 seconds
2024-07-27T21:37:42.940+0800: 12.672: [GC (Allocation Failure) 2024-07-27T21:37:42.940+0800: 12.672: [ParNew: 77168K->8192K(78656K), 0.0076688 secs] 424961K->393873K(641248K), 0.0077266 secs] [Times: user=0.03 sys=0.00, real=0.01 secs] 
2024-07-27T21:37:42.948+0800: 12.680: Total time for which application threads were stopped: 0.0078367 seconds, Stopping threads took: 0.0000195 seconds
2024-07-27T21:37:43.064+0800: 12.796: Application time: 0.1165268 seconds
2024-07-27T21:37:43.065+0800: 12.796: [GC (Allocation Failure) 2024-07-27T21:37:43.065+0800: 12.796: [ParNew: 77168K->8192K(78656K), 0.0120904 secs] 462850K->462482K(641248K), 0.0121519 secs] [Times: user=0.03 sys=0.00, real=0.01 secs] 
2024-07-27T21:37:43.077+0800: 12.808: Total time for which application threads were stopped: 0.0122854 seconds, Stopping threads took: 0.0000192 seconds
2024-07-27T21:37:43.077+0800: 12.808: [CMS-concurrent-abortable-preclean: 0.006/0.243 secs] [Times: user=0.06 sys=0.00, real=0.24 secs] 
2024-07-27T21:37:43.077+0800: 12.809: Application time: 0.0003228 seconds
2024-07-27T21:37:43.077+0800: 12.809: [GC (CMS Final Remark) [YG occupancy: 12655 K (78656 K)]2024-07-27T21:37:43.077+0800: 12.809: [Rescan (parallel) , 0.0009233 secs]2024-07-27T21:37:43.078+0800: 12.810: [weak refs processing, 0.0000127 secs]2024-07-27T21:37:43.078+0800: 12.810: [class unloading, 0.0001977 secs]2024-07-27T21:37:43.078+0800: 12.810: [scrub symbol table, 0.0004034 secs]2024-07-27T21:37:43.079+0800: 12.810: [scrub string table, 0.0000973 secs][1 CMS-remark: 454290K(562592K)] 466946K(641248K), 0.0017076 secs] [Times: user=0.00 sys=0.00, real=0.00 secs] 
2024-07-27T21:37:43.079+0800: 12.811: Total time for which application threads were stopped: 0.0018158 seconds, Stopping threads took: 0.0000716 seconds
2024-07-27T21:37:43.079+0800: 12.811: [CMS-concurrent-sweep-start]
2024-07-27T21:37:43.081+0800: 12.813: [CMS-concurrent-sweep: 0.002/0.002 secs] [Times: user=0.00 sys=0.00, real=0.00 secs] 
2024-07-27T21:37:43.081+0800: 12.813: [CMS-concurrent-reset-start]
2024-07-27T21:37:43.082+0800: 12.814: [CMS-concurrent-reset: 0.001/0.001 secs] [Times: user=0.00 sys=0.00, real=0.00 secs] 
2024-07-27T21:37:43.084+0800: 12.815: Application time: 0.0047834 seconds
2024-07-27T21:37:43.084+0800: 12.815: [GC (Allocation Failure) 2024-07-27T21:37:43.084+0800: 12.815: [ParNew: 77168K->8192K(78656K), 0.0124926 secs] 184318K->183950K(641248K), 0.0125391 secs] [Times: user=0.00 sys=0.00, real=0.01 secs] 
2024-07-27T21:37:43.097+0800: 12.828: Total time for which application threads were stopped: 0.0126359 seconds, Stopping threads took: 0.0000147 seconds
2024-07-27T21:37:43.097+0800: 12.828: Application time: 0.0001497 seconds
2024-07-27T21:37:43.097+0800: 12.828: [GC (CMS Initial Mark) [1 CMS-initial-mark: 175758K(562592K)] 187390K(641248K), 0.0004728 secs] [Times: user=0.00 sys=0.00, real=0.00 secs] 
2024-07-27T21:37:43.097+0800: 12.829: Total time for which application threads were stopped: 0.0005734 seconds, Stopping threads took: 0.0000587 seconds
2024-07-27T21:37:43.097+0800: 12.829: [CMS-concurrent-mark-start]
2024-07-27T21:37:43.099+0800: 12.831: [CMS-concurrent-mark: 0.002/0.002 secs] [Times: user=0.05 sys=0.00, real=0.00 secs] 
2024-07-27T21:37:43.099+0800: 12.831: [CMS-concurrent-preclean-start]
2024-07-27T21:37:43.100+0800: 12.831: [CMS-concurrent-preclean: 0.001/0.001 secs] [Times: user=0.00 sys=0.00, real=0.00 secs] 
2024-07-27T21:37:43.100+0800: 12.831: [CMS-concurrent-abortable-preclean-start]
2024-07-27T21:37:43.208+0800: 12.939: Application time: 0.1107678 seconds
2024-07-27T21:37:43.208+0800: 12.940: [GC (Allocation Failure) 2024-07-27T21:37:43.208+0800: 12.940: [ParNew: 77168K->8192K(78656K), 0.0081054 secs] 252927K->222863K(641248K), 0.0081687 secs] [Times: user=0.00 sys=0.00, real=0.01 secs] 
2024-07-27T21:37:43.216+0800: 12.948: Total time for which application threads were stopped: 0.0082786 seconds, Stopping threads took: 0.0000190 seconds
2024-07-27T21:37:43.331+0800: 13.063: Application time: 0.1148988 seconds
2024-07-27T21:37:43.331+0800: 13.063: [GC (Allocation Failure) 2024-07-27T21:37:43.331+0800: 13.063: [ParNew: 77868K->8194K(78656K), 0.0120824 secs] 292539K->291474K(641248K), 0.0121454 secs] [Times: user=0.03 sys=0.00, real=0.01 secs] 
2024-07-27T21:37:43.344+0800: 13.075: Total time for which application threads were stopped: 0.0122578 seconds, Stopping threads took: 0.0000195 seconds
2024-07-27T21:37:43.344+0800: 13.075: [CMS-concurrent-abortable-preclean: 0.006/0.244 secs] [Times: user=0.05 sys=0.00, real=0.24 secs] 
2024-07-27T21:37:43.344+0800: 13.075: Application time: 0.0003188 seconds
2024-07-27T21:37:43.344+0800: 13.075: [GC (CMS Final Remark) [YG occupancy: 12652 K (78656 K)]2024-07-27T21:37:43.344+0800: 13.075: [Rescan (parallel) , 0.0005518 secs]2024-07-27T21:37:43.345+0800: 13.076: [weak refs processing, 0.0000216 secs]2024-07-27T21:37:43.345+0800: 13.076: [class unloading, 0.0002034 secs]2024-07-27T21:37:43.345+0800: 13.076: [scrub symbol table, 0.0003158 secs]2024-07-27T21:37:43.345+0800: 13.077: [scrub string table, 0.0000904 secs][1 CMS-remark: 283280K(562592K)] 295933K(641248K), 0.0012611 secs] [Times: user=0.00 sys=0.00, real=0.00 secs] 
2024-07-27T21:37:43.345+0800: 13.077: Total time for which application threads were stopped: 0.0014175 seconds, Stopping threads took: 0.0001176 seconds
2024-07-27T21:37:43.346+0800: 13.077: [CMS-concurrent-sweep-start]
2024-07-27T21:37:43.347+0800: 13.078: [CMS-concurrent-sweep: 0.001/0.001 secs] [Times: user=0.00 sys=0.00, real=0.00 secs] 
2024-07-27T21:37:43.347+0800: 13.078: [CMS-concurrent-reset-start]
2024-07-27T21:37:43.348+0800: 13.080: [CMS-concurrent-reset: 0.001/0.001 secs] [Times: user=0.00 sys=0.00, real=0.00 secs] 
2024-07-27T21:37:43.350+0800: 13.081: Application time: 0.0046832 seconds
2024-07-27T21:37:43.350+0800: 13.081: [GC (Allocation Failure) 2024-07-27T21:37:43.350+0800: 13.081: [ParNew: 77165K->8192K(78656K), 0.0119270 secs] 360446K->360081K(641248K), 0.0119742 secs] [Times: user=0.00 sys=0.00, real=0.01 secs] 
2024-07-27T21:37:43.362+0800: 13.093: Total time for which application threads were stopped: 0.0120679 seconds, Stopping threads took: 0.0000140 seconds
2024-07-27T21:37:43.362+0800: 13.094: Application time: 0.0001573 seconds
2024-07-27T21:37:43.362+0800: 13.094: [GC (CMS Initial Mark) [1 CMS-initial-mark: 351889K(562592K)] 363517K(641248K), 0.0007289 secs] [Times: user=0.00 sys=0.00, real=0.00 secs] 
2024-07-27T21:37:43.363+0800: 13.094: Total time for which application threads were stopped: 0.0008339 seconds, Stopping threads took: 0.0000634 seconds
2024-07-27T21:37:43.363+0800: 13.095: [CMS-concurrent-mark-start]
2024-07-27T21:37:43.365+0800: 13.097: [CMS-concurrent-mark: 0.002/0.002 secs] [Times: user=0.05 sys=0.00, real=0.00 secs] 
2024-07-27T21:37:43.365+0800: 13.097: [CMS-concurrent-preclean-start]
2024-07-27T21:37:43.366+0800: 13.097: [CMS-concurrent-preclean: 0.001/0.001 secs] [Times: user=0.00 sys=0.00, real=0.00 secs] 
2024-07-27T21:37:43.366+0800: 13.097: [CMS-concurrent-abortable-preclean-start]
2024-07-27T21:37:43.474+0800: 13.206: Application time: 0.1111941 seconds
2024-07-27T21:37:43.474+0800: 13.206: [GC (Allocation Failure) 2024-07-27T21:37:43.474+0800: 13.206: [ParNew: 77165K->8192K(78656K), 0.0080814 secs] 429054K->400018K(641248K), 0.0081406 secs] [Times: user=0.00 sys=0.00, real=0.01 secs] 
2024-07-27T21:37:43.482+0800: 13.214: Total time for which application threads were stopped: 0.0082592 seconds, Stopping threads took: 0.0000195 seconds
2024-07-27T21:37:43.600+0800: 13.331: Application time: 0.1173550 seconds
2024-07-27T21:37:43.600+0800: 13.331: [GC (Allocation Failure) 2024-07-27T21:37:43.600+0800: 13.331: [ParNew: 77166K->8192K(78656K), 0.0123175 secs] 468992K->468627K(641248K), 0.0123854 secs] [Times: user=0.00 sys=0.00, real=0.01 secs] 
2024-07-27T21:37:43.613+0800: 13.344: Total time for which application threads were stopped: 0.0125070 seconds, Stopping threads took: 0.0000320 seconds
2024-07-27T21:37:43.613+0800: 13.344: [CMS-concurrent-abortable-preclean: 0.006/0.246 secs] [Times: user=0.02 sys=0.00, real=0.25 secs] 
2024-07-27T21:37:43.613+0800: 13.344: Application time: 0.0002994 seconds
2024-07-27T21:37:43.613+0800: 13.344: [GC (CMS Final Remark) [YG occupancy: 12654 K (78656 K)]2024-07-27T21:37:43.613+0800: 13.344: [Rescan (parallel) , 0.0009949 secs]2024-07-27T21:37:43.614+0800: 13.345: [weak refs processing, 0.0000125 secs]2024-07-27T21:37:43.614+0800: 13.345: [class unloading, 0.0001843 secs]2024-07-27T21:37:43.614+0800: 13.345: [scrub symbol table, 0.0003522 secs]2024-07-27T21:37:43.615+0800: 13.346: [scrub string table, 0.0001011 secs][1 CMS-remark: 460435K(562592K)] 473089K(641248K), 0.0017183 secs] [Times: user=0.03 sys=0.00, real=0.00 secs] 
2024-07-27T21:37:43.615+0800: 13.346: Total time for which application threads were stopped: 0.0019004 seconds, Stopping threads took: 0.0001459 seconds
2024-07-27T21:37:43.615+0800: 13.346: [CMS-concurrent-sweep-start]
2024-07-27T21:37:43.617+0800: 13.348: [CMS-concurrent-sweep: 0.002/0.002 secs] [Times: user=0.00 sys=0.00, real=0.00 secs] 
2024-07-27T21:37:43.617+0800: 13.348: [CMS-concurrent-reset-start]
2024-07-27T21:37:43.618+0800: 13.349: [CMS-concurrent-reset: 0.001/0.001 secs] [Times: user=0.00 sys=0.00, real=0.00 secs] 
2024-07-27T21:37:43.620+0800: 13.351: Application time: 0.0048065 seconds
2024-07-27T21:37:43.620+0800: 13.351: [GC (Allocation Failure) 2024-07-27T21:37:43.620+0800: 13.351: [ParNew: 77167K->8192K(78656K), 0.0119364 secs] 362495K->362129K(641248K), 0.0119854 secs] [Times: user=0.03 sys=0.00, real=0.01 secs] 
2024-07-27T21:37:43.632+0800: 13.363: Total time for which application threads were stopped: 0.0120789 seconds, Stopping threads took: 0.0000132 seconds
2024-07-27T21:37:43.632+0800: 13.363: Application time: 0.0002499 seconds
2024-07-27T21:37:43.632+0800: 13.363: [GC (CMS Initial Mark) [1 CMS-initial-mark: 353937K(562592K)] 365568K(641248K), 0.0007810 secs] [Times: user=0.00 sys=0.00, real=0.00 secs] 
2024-07-27T21:37:43.633+0800: 13.364: Total time for which application threads were stopped: 0.0009760 seconds, Stopping threads took: 0.0001529 seconds
2024-07-27T21:37:43.633+0800: 13.364: [CMS-concurrent-mark-start]
2024-07-27T21:37:43.635+0800: 13.366: [CMS-concurrent-mark: 0.002/0.002 secs] [Times: user=0.00 sys=0.00, real=0.00 secs] 
2024-07-27T21:37:43.635+0800: 13.366: [CMS-concurrent-preclean-start]
2024-07-27T21:37:43.636+0800: 13.367: [CMS-concurrent-preclean: 0.001/0.001 secs] [Times: user=0.00 sys=0.00, real=0.00 secs] 
2024-07-27T21:37:43.636+0800: 13.367: [CMS-concurrent-abortable-preclean-start]
Heap
 par new generation   total 78656K, used 29414K [0x00000000c8000000, 0x00000000cd550000, 0x00000000daaa0000)
  eden space 69952K,  30% used [0x00000000c8000000, 0x00000000c94b99c8, 0x00000000cc450000)
  from space 8704K,  94% used [0x00000000cccd0000, 0x00000000cd4d0080, 0x00000000cd550000)
  to   space 8704K,   0% used [0x00000000cc450000, 0x00000000cc450000, 0x00000000cccd0000)
 concurrent mark-sweep generation total 562592K, used 353937K [0x00000000daaa0000, 0x00000000fd008000, 0x0000000100000000)
 Metaspace       used 2942K, capacity 4486K, committed 4864K, reserved 1056768K
  class space    used 305K, capacity 386K, committed 512K, reserved 1048576K
2024-07-27T21:37:43.740+0800: 13.471: Application time: 0.1071574 seconds
