OpenJDK 64-Bit Server VM (25.412-b1) for windows-amd64 JRE (1.8.0_412-b1), built on Apr 23 2024 12:00:37 by "Administrator" with MS VC++ 10.0 (VS2010)
Memory: 4k page, physical 16672068k(5548212k free), swap 19162436k(4671388k free)
CommandLine flags: -XX:GCDrainStackTargetSize=64 -XX:InitialHeapSize=266753088 -XX:MaxHeapSize=939524096 -XX:MaxNewSize=313176064 -XX:MaxTenuringThreshold=6 -XX:OldPLABSize=16 -XX:+PrintGC -XX:+PrintGCApplicationConcurrentTime -XX:+PrintGCApplicationStoppedTime -XX:+PrintGCDateStamps -XX:+PrintGCDetails -XX:+PrintGCTimeStamps -XX:+UseCompressedClassPointers -XX:+UseCompressedOops -XX:+UseConcMarkSweepGC -XX:-UseLargePagesIndividualAllocation -XX:+UseParNewGC 
2024-07-27T21:37:43.922+0800: 0.110: Application time: 0.0357159 seconds
2024-07-27T21:37:43.922+0800: 0.110: [GC (Allocation Failure) 2024-07-27T21:37:43.922+0800: 0.110: [ParNew: 68984K->7832K(78656K), 0.0355230 secs] 68984K->68251K(253440K), 0.0357368 secs] [Times: user=0.03 sys=0.03, real=0.04 secs] 
2024-07-27T21:37:43.958+0800: 0.146: Total time for which application threads were stopped: 0.0358644 seconds, Stopping threads took: 0.0000208 seconds
2024-07-27T21:37:44.072+0800: 0.260: Application time: 0.1144030 seconds
2024-07-27T21:37:44.072+0800: 0.260: [GC (Allocation Failure) 2024-07-27T21:37:44.072+0800: 0.260: [ParNew: 76802K->8589K(78656K), 0.0252227 secs] 137221K->137241K(253440K), 0.0252822 secs] [Times: user=0.03 sys=0.02, real=0.03 secs] 
2024-07-27T21:37:44.098+0800: 0.286: Total time for which application threads were stopped: 0.0253913 seconds, Stopping threads took: 0.0000188 seconds
2024-07-27T21:37:44.098+0800: 0.286: Application time: 0.0002948 seconds
2024-07-27T21:37:44.098+0800: 0.286: [GC (CMS Initial Mark) [1 CMS-initial-mark: 128651K(174784K)] 141692K(253440K), 0.0007067 secs] [Times: user=0.00 sys=0.00, real=0.00 secs] 
2024-07-27T21:37:44.099+0800: 0.287: Total time for which application threads were stopped: 0.0007997 seconds, Stopping threads took: 0.0000530 seconds
2024-07-27T21:37:44.099+0800: 0.287: [CMS-concurrent-mark-start]
2024-07-27T21:37:44.102+0800: 0.290: [CMS-concurrent-mark: 0.003/0.003 secs] [Times: user=0.00 sys=0.00, real=0.00 secs] 
2024-07-27T21:37:44.102+0800: 0.290: [CMS-concurrent-preclean-start]
2024-07-27T21:37:44.103+0800: 0.291: [CMS-concurrent-preclean: 0.001/0.001 secs] [Times: user=0.00 sys=0.00, real=0.00 secs] 
2024-07-27T21:37:44.103+0800: 0.291: [CMS-concurrent-abortable-preclean-start]
2024-07-27T21:37:44.213+0800: 0.401: Application time: 0.1142720 seconds
2024-07-27T21:37:44.213+0800: 0.401: [GC (Allocation Failure) 2024-07-27T21:37:44.213+0800: 0.401: [ParNew: 77553K->28K(78656K), 0.0010043 secs] 206205K->128681K(253440K), 0.0010623 secs] [Times: user=0.00 sys=0.00, real=0.00 secs] 
2024-07-27T21:37:44.214+0800: 0.402: Total time for which application threads were stopped: 0.0011799 seconds, Stopping threads took: 0.0000265 seconds
2024-07-27T21:37:44.219+0800: 0.407: Application time: 0.0044967 seconds
2024-07-27T21:37:44.219+0800: 0.407: [GC (Allocation Failure) 2024-07-27T21:37:44.219+0800: 0.407: [ParNew: 68996K->8196K(78656K), 0.0302699 secs] 197650K->197266K(268860K), 0.0303175 secs] [Times: user=0.05 sys=0.03, real=0.03 secs] 
2024-07-27T21:37:44.249+0800: 0.437: Total time for which application threads were stopped: 0.0304114 seconds, Stopping threads took: 0.0000143 seconds
2024-07-27T21:37:44.356+0800: 0.545: Application time: 0.1074557 seconds
2024-07-27T21:37:44.357+0800: 0.545: [GC (Allocation Failure) 2024-07-27T21:37:44.357+0800: 0.545: [ParNew: 77168K->8192K(78656K), 0.0307928 secs] 266238K->265872K(337736K), 0.0308625 secs] [Times: user=0.06 sys=0.03, real=0.03 secs] 
2024-07-27T21:37:44.387+0800: 0.576: Total time for which application threads were stopped: 0.0309869 seconds, Stopping threads took: 0.0000257 seconds
2024-07-27T21:37:44.388+0800: 0.576: [CMS-concurrent-abortable-preclean: 0.004/0.284 secs] [Times: user=0.11 sys=0.06, real=0.29 secs] 
2024-07-27T21:37:44.388+0800: 0.576: Application time: 0.0003457 seconds
2024-07-27T21:37:44.388+0800: 0.576: [GC (CMS Final Remark) [YG occupancy: 12652 K (78656 K)]2024-07-27T21:37:44.388+0800: 0.576: [Rescan (parallel) , 0.0004041 secs]2024-07-27T21:37:44.388+0800: 0.577: [weak refs processing, 0.0000128 secs]2024-07-27T21:37:44.388+0800: 0.577: [class unloading, 0.0002605 secs]2024-07-27T21:37:44.389+0800: 0.577: [scrub symbol table, 0.0003492 secs]2024-07-27T21:37:44.389+0800: 0.577: [scrub string table, 0.0001110 secs][1 CMS-remark: 257680K(259080K)] 270332K(337736K), 0.0012615 secs] [Times: user=0.00 sys=0.00, real=0.00 secs] 
2024-07-27T21:37:44.389+0800: 0.577: Total time for which application threads were stopped: 0.0014099 seconds, Stopping threads took: 0.0001086 seconds
2024-07-27T21:37:44.390+0800: 0.578: [CMS-concurrent-sweep-start]
2024-07-27T21:37:44.391+0800: 0.579: [CMS-concurrent-sweep: 0.001/0.001 secs] [Times: user=0.00 sys=0.00, real=0.00 secs] 
2024-07-27T21:37:44.393+0800: 0.581: [CMS-concurrent-reset-start]
2024-07-27T21:37:44.397+0800: 0.585: [CMS-concurrent-reset: 0.005/0.005 secs] [Times: user=0.00 sys=0.01, real=0.00 secs] 
2024-07-27T21:37:44.496+0800: 0.684: Application time: 0.1068866 seconds
2024-07-27T21:37:44.496+0800: 0.684: [GC (Allocation Failure) 2024-07-27T21:37:44.496+0800: 0.684: [ParNew: 77165K->1024K(78656K), 0.0012349 secs] 334844K->258703K(508124K), 0.0013323 secs] [Times: user=0.00 sys=0.00, real=0.00 secs] 
2024-07-27T21:37:44.498+0800: 0.686: Total time for which application threads were stopped: 0.0014608 seconds, Stopping threads took: 0.0000346 seconds
2024-07-27T21:37:44.498+0800: 0.686: Application time: 0.0001159 seconds
2024-07-27T21:37:44.498+0800: 0.686: [GC (CMS Initial Mark) [1 CMS-initial-mark: 257679K(429468K)] 262140K(508124K), 0.0007437 secs] [Times: user=0.00 sys=0.00, real=0.00 secs] 
2024-07-27T21:37:44.499+0800: 0.687: Total time for which application threads were stopped: 0.0009034 seconds, Stopping threads took: 0.0001172 seconds
2024-07-27T21:37:44.499+0800: 0.687: [CMS-concurrent-mark-start]
2024-07-27T21:37:44.503+0800: 0.691: [CMS-concurrent-mark: 0.004/0.004 secs] [Times: user=0.00 sys=0.00, real=0.00 secs] 
2024-07-27T21:37:44.503+0800: 0.691: [CMS-concurrent-preclean-start]
2024-07-27T21:37:44.504+0800: 0.692: [CMS-concurrent-preclean: 0.001/0.001 secs] [Times: user=0.00 sys=0.00, real=0.00 secs] 
2024-07-27T21:37:44.504+0800: 0.692: Application time: 0.0051321 seconds
2024-07-27T21:37:44.504+0800: 0.692: [GC (Allocation Failure) 2024-07-27T21:37:44.504+0800: 0.692: [ParNew: 69998K->8192K(78656K), 0.0352912 secs] 327677K->327312K(508124K), 0.0353384 secs] [Times: user=0.08 sys=0.02, real=0.04 secs] 
2024-07-27T21:37:44.539+0800: 0.727: Total time for which application threads were stopped: 0.0354337 seconds, Stopping threads took: 0.0000137 seconds
2024-07-27T21:37:44.540+0800: 0.728: Application time: 0.0003411 seconds
2024-07-27T21:37:44.540+0800: 0.728: [GC (CMS Final Remark) [YG occupancy: 13678 K (78656 K)]2024-07-27T21:37:44.540+0800: 0.728: [Rescan (parallel) , 0.0007100 secs]2024-07-27T21:37:44.540+0800: 0.729: [weak refs processing, 0.0000130 secs]2024-07-27T21:37:44.540+0800: 0.729: [class unloading, 0.0001835 secs]2024-07-27T21:37:44.541+0800: 0.729: [scrub symbol table, 0.0003453 secs]2024-07-27T21:37:44.541+0800: 0.729: [scrub string table, 0.0001105 secs][1 CMS-remark: 319120K(429468K)] 332798K(508124K), 0.0014239 secs] [Times: user=0.00 sys=0.00, real=0.00 secs] 
2024-07-27T21:37:44.541+0800: 0.729: Total time for which application threads were stopped: 0.0016143 seconds, Stopping threads took: 0.0001545 seconds
2024-07-27T21:37:44.541+0800: 0.730: [CMS-concurrent-sweep-start]
2024-07-27T21:37:44.543+0800: 0.731: [CMS-concurrent-sweep: 0.002/0.002 secs] [Times: user=0.00 sys=0.00, real=0.00 secs] 
2024-07-27T21:37:44.543+0800: 0.731: [CMS-concurrent-reset-start]
2024-07-27T21:37:44.544+0800: 0.732: [CMS-concurrent-reset: 0.001/0.001 secs] [Times: user=0.00 sys=0.00, real=0.00 secs] 
2024-07-27T21:37:44.655+0800: 0.843: Application time: 0.1140731 seconds
2024-07-27T21:37:44.655+0800: 0.843: [GC (Allocation Failure) 2024-07-27T21:37:44.655+0800: 0.843: [ParNew: 77167K->8192K(78656K), 0.0118052 secs] 139259K->138893K(508124K), 0.0118679 secs] [Times: user=0.03 sys=0.00, real=0.01 secs] 
2024-07-27T21:37:44.667+0800: 0.855: Total time for which application threads were stopped: 0.0119784 seconds, Stopping threads took: 0.0000196 seconds
2024-07-27T21:37:44.777+0800: 0.966: Application time: 0.1102335 seconds
2024-07-27T21:37:44.777+0800: 0.966: [GC (Allocation Failure) 2024-07-27T21:37:44.777+0800: 0.966: [ParNew: 77167K->2048K(78656K), 0.0015147 secs] 207869K->132749K(508124K), 0.0015737 secs] [Times: user=0.00 sys=0.00, real=0.00 secs] 
2024-07-27T21:37:44.779+0800: 0.967: Total time for which application threads were stopped: 0.0016898 seconds, Stopping threads took: 0.0000210 seconds
2024-07-27T21:37:44.784+0800: 0.972: Application time: 0.0046219 seconds
2024-07-27T21:37:44.784+0800: 0.972: [GC (Allocation Failure) 2024-07-27T21:37:44.784+0800: 0.972: [ParNew: 71024K->8192K(78656K), 0.0112302 secs] 201725K->201358K(508124K), 0.0112913 secs] [Times: user=0.03 sys=0.00, real=0.01 secs] 
2024-07-27T21:37:44.795+0800: 0.983: Total time for which application threads were stopped: 0.0113934 seconds, Stopping threads took: 0.0000167 seconds
2024-07-27T21:37:44.795+0800: 0.983: Application time: 0.0002322 seconds
2024-07-27T21:37:44.795+0800: 0.984: [GC (CMS Initial Mark) [1 CMS-initial-mark: 193166K(429468K)] 204797K(508124K), 0.0006769 secs] [Times: user=0.00 sys=0.00, real=0.00 secs] 
2024-07-27T21:37:44.796+0800: 0.984: Total time for which application threads were stopped: 0.0008766 seconds, Stopping threads took: 0.0001534 seconds
2024-07-27T21:37:44.796+0800: 0.984: [CMS-concurrent-mark-start]
2024-07-27T21:37:44.798+0800: 0.987: [CMS-concurrent-mark: 0.002/0.002 secs] [Times: user=0.00 sys=0.00, real=0.00 secs] 
2024-07-27T21:37:44.798+0800: 0.987: [CMS-concurrent-preclean-start]
2024-07-27T21:37:44.799+0800: 0.987: [CMS-concurrent-preclean: 0.001/0.001 secs] [Times: user=0.00 sys=0.00, real=0.00 secs] 
2024-07-27T21:37:44.799+0800: 0.987: [CMS-concurrent-abortable-preclean-start]
2024-07-27T21:37:44.905+0800: 1.094: Application time: 0.1095996 seconds
2024-07-27T21:37:44.905+0800: 1.094: [GC (Allocation Failure) 2024-07-27T21:37:44.905+0800: 1.094: [ParNew: 77168K->8192K(78656K), 0.0365982 secs] 270334K->269967K(508124K), 0.0366513 secs] [Times: user=0.06 sys=0.00, real=0.04 secs] 
2024-07-27T21:37:44.942+0800: 1.131: Total time for which application threads were stopped: 0.0367563 seconds, Stopping threads took: 0.0000167 seconds
2024-07-27T21:37:45.060+0800: 1.249: Application time: 0.1179252 seconds
2024-07-27T21:37:45.060+0800: 1.249: [GC (Allocation Failure) 2024-07-27T21:37:45.060+0800: 1.249: [ParNew: 77168K->3072K(78656K), 0.0014998 secs] 338943K->264847K(508124K), 0.0015587 secs] [Times: user=0.00 sys=0.00, real=0.00 secs] 
2024-07-27T21:37:45.062+0800: 1.250: Total time for which application threads were stopped: 0.0016978 seconds, Stopping threads took: 0.0000297 seconds
2024-07-27T21:37:45.062+0800: 1.250: [CMS-concurrent-abortable-preclean: 0.004/0.263 secs] [Times: user=0.06 sys=0.00, real=0.26 secs] 
2024-07-27T21:37:45.062+0800: 1.251: Application time: 0.0002825 seconds
2024-07-27T21:37:45.063+0800: 1.251: [GC (CMS Final Remark) [YG occupancy: 7535 K (78656 K)]2024-07-27T21:37:45.063+0800: 1.251: [Rescan (parallel) , 0.0008393 secs]2024-07-27T21:37:45.063+0800: 1.252: [weak refs processing, 0.0000126 secs]2024-07-27T21:37:45.063+0800: 1.252: [class unloading, 0.0001877 secs]2024-07-27T21:37:45.064+0800: 1.252: [scrub symbol table, 0.0003580 secs]2024-07-27T21:37:45.064+0800: 1.252: [scrub string table, 0.0001110 secs][1 CMS-remark: 261775K(429468K)] 269310K(508124K), 0.0015721 secs] [Times: user=0.00 sys=0.00, real=0.00 secs] 
2024-07-27T21:37:45.064+0800: 1.252: Total time for which application threads were stopped: 0.0017842 seconds, Stopping threads took: 0.0001736 seconds
2024-07-27T21:37:45.064+0800: 1.253: [CMS-concurrent-sweep-start]
2024-07-27T21:37:45.066+0800: 1.254: [CMS-concurrent-sweep: 0.001/0.001 secs] [Times: user=0.00 sys=0.00, real=0.00 secs] 
2024-07-27T21:37:45.066+0800: 1.254: [CMS-concurrent-reset-start]
2024-07-27T21:37:45.067+0800: 1.255: [CMS-concurrent-reset: 0.001/0.001 secs] [Times: user=0.03 sys=0.00, real=0.00 secs] 
2024-07-27T21:37:45.069+0800: 1.257: Application time: 0.0047717 seconds
2024-07-27T21:37:45.069+0800: 1.257: [GC (Allocation Failure) 2024-07-27T21:37:45.069+0800: 1.257: [ParNew: 72048K->8192K(78656K), 0.0295875 secs] 203773K->203406K(508124K), 0.0296344 secs] [Times: user=0.05 sys=0.00, real=0.03 secs] 
2024-07-27T21:37:45.099+0800: 1.287: Total time for which application threads were stopped: 0.0297271 seconds, Stopping threads took: 0.0000133 seconds
2024-07-27T21:37:45.099+0800: 1.287: Application time: 0.0002440 seconds
2024-07-27T21:37:45.099+0800: 1.287: [GC (CMS Initial Mark) [1 CMS-initial-mark: 195214K(429468K)] 206846K(508124K), 0.0008706 secs] [Times: user=0.00 sys=0.00, real=0.00 secs] 
2024-07-27T21:37:45.100+0800: 1.288: Total time for which application threads were stopped: 0.0010600 seconds, Stopping threads took: 0.0001465 seconds
2024-07-27T21:37:45.100+0800: 1.288: [CMS-concurrent-mark-start]
2024-07-27T21:37:45.102+0800: 1.291: [CMS-concurrent-mark: 0.002/0.002 secs] [Times: user=0.00 sys=0.00, real=0.00 secs] 
2024-07-27T21:37:45.102+0800: 1.291: [CMS-concurrent-preclean-start]
2024-07-27T21:37:45.103+0800: 1.291: [CMS-concurrent-preclean: 0.001/0.001 secs] [Times: user=0.00 sys=0.00, real=0.00 secs] 
2024-07-27T21:37:45.103+0800: 1.291: [CMS-concurrent-abortable-preclean-start]
2024-07-27T21:37:45.204+0800: 1.393: Application time: 0.1048552 seconds
2024-07-27T21:37:45.205+0800: 1.393: [GC (Allocation Failure) 2024-07-27T21:37:45.205+0800: 1.393: [ParNew: 77168K->8192K(78656K), 0.0121177 secs] 272383K->272015K(508124K), 0.0121772 secs] [Times: user=0.03 sys=0.00, real=0.01 secs] 
2024-07-27T21:37:45.217+0800: 1.405: Total time for which application threads were stopped: 0.0123009 seconds, Stopping threads took: 0.0000192 seconds
2024-07-27T21:37:45.330+0800: 1.518: Application time: 0.1124709 seconds
2024-07-27T21:37:45.330+0800: 1.518: [GC (Allocation Failure) 2024-07-27T21:37:45.330+0800: 1.518: [ParNew: 77168K->4096K(78656K), 0.0020056 secs] 340992K->267919K(508124K), 0.0020630 secs] [Times: user=0.00 sys=0.00, real=0.00 secs] 
2024-07-27T21:37:45.332+0800: 1.520: Total time for which application threads were stopped: 0.0021767 seconds, Stopping threads took: 0.0000252 seconds
2024-07-27T21:37:45.336+0800: 1.525: Application time: 0.0046492 seconds
2024-07-27T21:37:45.336+0800: 1.525: [GC (Allocation Failure) 2024-07-27T21:37:45.337+0800: 1.525: [ParNew: 73072K->8192K(78656K), 0.0122396 secs] 336896K->336528K(508124K), 0.0123210 secs] [Times: user=0.00 sys=0.00, real=0.01 secs] 
2024-07-27T21:37:45.349+0800: 1.537: Total time for which application threads were stopped: 0.0124205 seconds, Stopping threads took: 0.0000147 seconds
2024-07-27T21:37:45.349+0800: 1.537: [CMS-concurrent-abortable-preclean: 0.003/0.246 secs] [Times: user=0.05 sys=0.00, real=0.25 secs] 
2024-07-27T21:37:45.349+0800: 1.537: Application time: 0.0003176 seconds
2024-07-27T21:37:45.349+0800: 1.538: [GC (CMS Final Remark) [YG occupancy: 12655 K (78656 K)]2024-07-27T21:37:45.349+0800: 1.538: [Rescan (parallel) , 0.0010022 secs]2024-07-27T21:37:45.350+0800: 1.539: [weak refs processing, 0.0000124 secs]2024-07-27T21:37:45.350+0800: 1.539: [class unloading, 0.0001845 secs]2024-07-27T21:37:45.350+0800: 1.539: [scrub symbol table, 0.0003803 secs]2024-07-27T21:37:45.351+0800: 1.539: [scrub string table, 0.0001004 secs][1 CMS-remark: 328336K(429468K)] 340992K(508124K), 0.0017415 secs] [Times: user=0.00 sys=0.00, real=0.00 secs] 
2024-07-27T21:37:45.351+0800: 1.539: Total time for which application threads were stopped: 0.0018610 seconds, Stopping threads took: 0.0000839 seconds
2024-07-27T21:37:45.351+0800: 1.540: [CMS-concurrent-sweep-start]
2024-07-27T21:37:45.352+0800: 1.541: [CMS-concurrent-sweep: 0.001/0.001 secs] [Times: user=0.00 sys=0.00, real=0.00 secs] 
2024-07-27T21:37:45.353+0800: 1.541: [CMS-concurrent-reset-start]
2024-07-27T21:37:45.353+0800: 1.542: [CMS-concurrent-reset: 0.001/0.001 secs] [Times: user=0.00 sys=0.00, real=0.00 secs] 
2024-07-27T21:37:45.457+0800: 1.645: Application time: 0.1055057 seconds
2024-07-27T21:37:45.457+0800: 1.645: [GC (Allocation Failure) 2024-07-27T21:37:45.457+0800: 1.645: [ParNew: 77168K->8192K(78656K), 0.0122929 secs] 274431K->274063K(508124K), 0.0123515 secs] [Times: user=0.03 sys=0.00, real=0.01 secs] 
2024-07-27T21:37:45.469+0800: 1.657: Total time for which application threads were stopped: 0.0124613 seconds, Stopping threads took: 0.0000191 seconds
2024-07-27T21:37:45.469+0800: 1.658: Application time: 0.0002339 seconds
2024-07-27T21:37:45.469+0800: 1.658: [GC (CMS Initial Mark) [1 CMS-initial-mark: 265871K(429468K)] 277503K(508124K), 0.0004982 secs] [Times: user=0.00 sys=0.00, real=0.00 secs] 
2024-07-27T21:37:45.470+0800: 1.658: Total time for which application threads were stopped: 0.0007027 seconds, Stopping threads took: 0.0001616 seconds
2024-07-27T21:37:45.470+0800: 1.658: [CMS-concurrent-mark-start]
2024-07-27T21:37:45.474+0800: 1.662: [CMS-concurrent-mark: 0.004/0.004 secs] [Times: user=0.05 sys=0.00, real=0.00 secs] 
2024-07-27T21:37:45.474+0800: 1.662: [CMS-concurrent-preclean-start]
2024-07-27T21:37:45.475+0800: 1.663: [CMS-concurrent-preclean: 0.001/0.001 secs] [Times: user=0.00 sys=0.00, real=0.00 secs] 
2024-07-27T21:37:45.475+0800: 1.663: [CMS-concurrent-abortable-preclean-start]
2024-07-27T21:37:45.579+0800: 1.767: Application time: 0.1085441 seconds
2024-07-27T21:37:45.579+0800: 1.767: [GC (Allocation Failure) 2024-07-27T21:37:45.579+0800: 1.767: [ParNew: 77168K->5120K(78656K), 0.0018313 secs] 343040K->270991K(508124K), 0.0018945 secs] [Times: user=0.00 sys=0.00, real=0.00 secs] 
2024-07-27T21:37:45.581+0800: 1.769: Total time for which application threads were stopped: 0.0020061 seconds, Stopping threads took: 0.0000188 seconds
2024-07-27T21:37:45.587+0800: 1.776: Application time: 0.0067250 seconds
2024-07-27T21:37:45.587+0800: 1.776: [GC (Allocation Failure) 2024-07-27T21:37:45.587+0800: 1.776: [ParNew: 74096K->8192K(78656K), 0.0177170 secs] 339968K->339600K(508124K), 0.0178319 secs] [Times: user=0.03 sys=0.00, real=0.02 secs] 
2024-07-27T21:37:45.605+0800: 1.794: Total time for which application threads were stopped: 0.0180295 seconds, Stopping threads took: 0.0000332 seconds
2024-07-27T21:37:45.723+0800: 1.912: Application time: 0.1179621 seconds
2024-07-27T21:37:45.723+0800: 1.912: [GC (Allocation Failure) 2024-07-27T21:37:45.723+0800: 1.912: [ParNew: 77168K->8192K(78656K), 0.0118912 secs] 408577K->408209K(508124K), 0.0119439 secs] [Times: user=0.00 sys=0.00, real=0.01 secs] 
2024-07-27T21:37:45.735+0800: 1.924: Total time for which application threads were stopped: 0.0120521 seconds, Stopping threads took: 0.0000177 seconds
2024-07-27T21:37:45.735+0800: 1.924: [CMS-concurrent-abortable-preclean: 0.005/0.260 secs] [Times: user=0.06 sys=0.00, real=0.26 secs] 
2024-07-27T21:37:45.735+0800: 1.924: Application time: 0.0002973 seconds
2024-07-27T21:37:45.735+0800: 1.924: [GC (CMS Final Remark) [YG occupancy: 12655 K (78656 K)]2024-07-27T21:37:45.735+0800: 1.924: [Rescan (parallel) , 0.0004552 secs]2024-07-27T21:37:45.736+0800: 1.925: [weak refs processing, 0.0000224 secs]2024-07-27T21:37:45.736+0800: 1.925: [class unloading, 0.0001863 secs]2024-07-27T21:37:45.737+0800: 1.925: [scrub symbol table, 0.0003215 secs]2024-07-27T21:37:45.737+0800: 1.925: [scrub string table, 0.0000945 secs][1 CMS-remark: 400017K(429468K)] 412673K(508124K), 0.0011558 secs] [Times: user=0.00 sys=0.00, real=0.00 secs] 
2024-07-27T21:37:45.737+0800: 1.925: Total time for which application threads were stopped: 0.0013453 seconds, Stopping threads took: 0.0001509 seconds
2024-07-27T21:37:45.737+0800: 1.925: [CMS-concurrent-sweep-start]
2024-07-27T21:37:45.738+0800: 1.927: [CMS-concurrent-sweep: 0.002/0.002 secs] [Times: user=0.00 sys=0.00, real=0.00 secs] 
2024-07-27T21:37:45.739+0800: 1.928: [CMS-concurrent-reset-start]
2024-07-27T21:37:45.740+0800: 1.929: [CMS-concurrent-reset: 0.001/0.001 secs] [Times: user=0.00 sys=0.00, real=0.00 secs] 
2024-07-27T21:37:45.847+0800: 2.035: Application time: 0.1100936 seconds
2024-07-27T21:37:45.847+0800: 2.035: [GC (Allocation Failure) 2024-07-27T21:37:45.847+0800: 2.035: [ParNew: 77168K->6144K(78656K), 0.0020848 secs] 345088K->274063K(525192K), 0.0021519 secs] [Times: user=0.03 sys=0.00, real=0.00 secs] 
2024-07-27T21:37:45.849+0800: 2.038: Total time for which application threads were stopped: 0.0022732 seconds, Stopping threads took: 0.0000224 seconds
2024-07-27T21:37:45.853+0800: 2.042: Application time: 0.0043637 seconds
2024-07-27T21:37:45.853+0800: 2.042: [GC (Allocation Failure) 2024-07-27T21:37:45.853+0800: 2.042: [ParNew: 75120K->8192K(78656K), 0.0188195 secs] 343040K->342672K(525192K), 0.0188677 secs] [Times: user=0.03 sys=0.00, real=0.02 secs] 
2024-07-27T21:37:45.873+0800: 2.061: Total time for which application threads were stopped: 0.0189632 seconds, Stopping threads took: 0.0000138 seconds
2024-07-27T21:37:45.873+0800: 2.061: Application time: 0.0002452 seconds
2024-07-27T21:37:45.873+0800: 2.061: [GC (CMS Initial Mark) [1 CMS-initial-mark: 334480K(446536K)] 346112K(525192K), 0.0007624 secs] [Times: user=0.00 sys=0.00, real=0.00 secs] 
2024-07-27T21:37:45.874+0800: 2.062: Total time for which application threads were stopped: 0.0008840 seconds, Stopping threads took: 0.0000796 seconds
2024-07-27T21:37:45.874+0800: 2.062: [CMS-concurrent-mark-start]
2024-07-27T21:37:45.876+0800: 2.064: [CMS-concurrent-mark: 0.002/0.002 secs] [Times: user=0.00 sys=0.00, real=0.00 secs] 
2024-07-27T21:37:45.876+0800: 2.064: [CMS-concurrent-preclean-start]
2024-07-27T21:37:45.877+0800: 2.065: [CMS-concurrent-preclean: 0.001/0.001 secs] [Times: user=0.00 sys=0.00, real=0.00 secs] 
2024-07-27T21:37:45.877+0800: 2.065: [CMS-concurrent-abortable-preclean-start]
2024-07-27T21:37:45.991+0800: 2.179: Application time: 0.1168365 seconds
2024-07-27T21:37:45.991+0800: 2.179: [GC (Allocation Failure) 2024-07-27T21:37:45.991+0800: 2.179: [ParNew: 77168K->8192K(78656K), 0.0121587 secs] 411649K->411281K(525192K), 0.0122173 secs] [Times: user=0.00 sys=0.00, real=0.01 secs] 
2024-07-27T21:37:46.003+0800: 2.191: Total time for which application threads were stopped: 0.0123258 seconds, Stopping threads took: 0.0000185 seconds
2024-07-27T21:37:46.115+0800: 2.303: Application time: 0.1113975 seconds
2024-07-27T21:37:46.115+0800: 2.303: [GC (Allocation Failure) 2024-07-27T21:37:46.115+0800: 2.303: [ParNew: 77168K->7168K(78656K), 0.0021059 secs] 480258K->410257K(525192K), 0.0021585 secs] [Times: user=0.00 sys=0.00, real=0.00 secs] 
2024-07-27T21:37:46.116+0800: 2.305: Total time for which application threads were stopped: 0.0022647 seconds, Stopping threads took: 0.0000190 seconds
2024-07-27T21:37:46.121+0800: 2.309: Application time: 0.0043777 seconds
2024-07-27T21:37:46.121+0800: 2.309: [GC (Allocation Failure) 2024-07-27T21:37:46.121+0800: 2.309: [ParNew: 76144K->8192K(78656K), 0.0217730 secs] 479234K->478866K(550892K), 0.0218219 secs] [Times: user=0.02 sys=0.02, real=0.02 secs] 
2024-07-27T21:37:46.142+0800: 2.331: Total time for which application threads were stopped: 0.0219414 seconds, Stopping threads took: 0.0000253 seconds
2024-07-27T21:37:46.142+0800: 2.331: [CMS-concurrent-abortable-preclean: 0.005/0.266 secs] [Times: user=0.08 sys=0.02, real=0.26 secs] 
2024-07-27T21:37:46.143+0800: 2.331: Application time: 0.0002889 seconds
2024-07-27T21:37:46.143+0800: 2.332: [GC (CMS Final Remark) [YG occupancy: 12655 K (78656 K)]2024-07-27T21:37:46.143+0800: 2.332: [Rescan (parallel) , 0.0007433 secs]2024-07-27T21:37:46.143+0800: 2.332: [weak refs processing, 0.0000126 secs]2024-07-27T21:37:46.143+0800: 2.332: [class unloading, 0.0001959 secs]2024-07-27T21:37:46.144+0800: 2.333: [scrub symbol table, 0.0003444 secs]2024-07-27T21:37:46.144+0800: 2.333: [scrub string table, 0.0001016 secs][1 CMS-remark: 470674K(472236K)] 483330K(550892K), 0.0014596 secs] [Times: user=0.00 sys=0.00, real=0.00 secs] 
2024-07-27T21:37:46.144+0800: 2.333: Total time for which application threads were stopped: 0.0016236 seconds, Stopping threads took: 0.0000735 seconds
2024-07-27T21:37:46.144+0800: 2.333: [CMS-concurrent-sweep-start]
2024-07-27T21:37:46.146+0800: 2.335: [CMS-concurrent-sweep: 0.001/0.001 secs] [Times: user=0.03 sys=0.00, real=0.00 secs] 
2024-07-27T21:37:46.146+0800: 2.335: [CMS-concurrent-reset-start]
2024-07-27T21:37:46.148+0800: 2.336: [CMS-concurrent-reset: 0.001/0.001 secs] [Times: user=0.00 sys=0.00, real=0.00 secs] 
2024-07-27T21:37:46.257+0800: 2.446: Application time: 0.1126940 seconds
2024-07-27T21:37:46.257+0800: 2.446: [GC (Allocation Failure) 2024-07-27T21:37:46.257+0800: 2.446: [ParNew: 77168K->8192K(78656K), 0.0122633 secs] 280575K->280207K(550892K), 0.0123293 secs] [Times: user=0.00 sys=0.00, real=0.01 secs] 
2024-07-27T21:37:46.270+0800: 2.458: Total time for which application threads were stopped: 0.0124370 seconds, Stopping threads took: 0.0000174 seconds
2024-07-27T21:37:46.271+0800: 2.458: Application time: 0.0002353 seconds
2024-07-27T21:37:46.271+0800: 2.459: [GC (CMS Initial Mark) [1 CMS-initial-mark: 272015K(472236K)] 283647K(550892K), 0.0007625 secs] [Times: user=0.00 sys=0.00, real=0.00 secs] 
2024-07-27T21:37:46.271+0800: 2.459: Total time for which application threads were stopped: 0.0009170 seconds, Stopping threads took: 0.0001075 seconds
2024-07-27T21:37:46.271+0800: 2.460: [CMS-concurrent-mark-start]
2024-07-27T21:37:46.275+0800: 2.464: [CMS-concurrent-mark: 0.004/0.004 secs] [Times: user=0.00 sys=0.00, real=0.00 secs] 
2024-07-27T21:37:46.275+0800: 2.464: [CMS-concurrent-preclean-start]
2024-07-27T21:37:46.276+0800: 2.464: [CMS-concurrent-preclean: 0.001/0.001 secs] [Times: user=0.00 sys=0.00, real=0.00 secs] 
2024-07-27T21:37:46.276+0800: 2.464: [CMS-concurrent-abortable-preclean-start]
2024-07-27T21:37:46.380+0800: 2.569: Application time: 0.1090887 seconds
2024-07-27T21:37:46.380+0800: 2.569: [GC (Allocation Failure) 2024-07-27T21:37:46.380+0800: 2.569: [ParNew: 77168K->8192K(78656K), 0.0025384 secs] 349184K->280207K(550892K), 0.0025911 secs] [Times: user=0.00 sys=0.00, real=0.00 secs] 
2024-07-27T21:37:46.382+0800: 2.571: Total time for which application threads were stopped: 0.0027032 seconds, Stopping threads took: 0.0000239 seconds
2024-07-27T21:37:46.387+0800: 2.576: Application time: 0.0043625 seconds
2024-07-27T21:37:46.387+0800: 2.576: [GC (Allocation Failure) 2024-07-27T21:37:46.387+0800: 2.576: [ParNew: 77168K->8192K(78656K), 0.0118069 secs] 349184K->348816K(550892K), 0.0118539 secs] [Times: user=0.03 sys=0.00, real=0.01 secs] 
2024-07-27T21:37:46.399+0800: 2.588: Total time for which application threads were stopped: 0.0119510 seconds, Stopping threads took: 0.0000141 seconds
2024-07-27T21:37:46.508+0800: 2.696: Application time: 0.1087721 seconds
2024-07-27T21:37:46.508+0800: 2.696: [GC (Allocation Failure) 2024-07-27T21:37:46.508+0800: 2.696: [ParNew: 77168K->8192K(78656K), 0.0116814 secs] 417793K->417425K(550892K), 0.0117412 secs] [Times: user=0.03 sys=0.00, real=0.01 secs] 
2024-07-27T21:37:46.520+0800: 2.708: Total time for which application threads were stopped: 0.0118607 seconds, Stopping threads took: 0.0000305 seconds
2024-07-27T21:37:46.632+0800: 2.820: Application time: 0.1118455 seconds
2024-07-27T21:37:46.632+0800: 2.820: [GC (Allocation Failure) 2024-07-27T21:37:46.632+0800: 2.820: [ParNew: 77168K->8192K(78656K), 0.0030154 secs] 486402K->418449K(550892K), 0.0030755 secs] [Times: user=0.00 sys=0.00, real=0.00 secs] 
2024-07-27T21:37:46.635+0800: 2.823: Total time for which application threads were stopped: 0.0031920 seconds, Stopping threads took: 0.0000252 seconds
2024-07-27T21:37:46.635+0800: 2.823: [CMS-concurrent-abortable-preclean: 0.008/0.359 secs] [Times: user=0.06 sys=0.00, real=0.36 secs] 
2024-07-27T21:37:46.636+0800: 2.824: Application time: 0.0003033 seconds
2024-07-27T21:37:46.636+0800: 2.824: [GC (CMS Final Remark) [YG occupancy: 12655 K (78656 K)]2024-07-27T21:37:46.636+0800: 2.824: [Rescan (parallel) , 0.0006784 secs]2024-07-27T21:37:46.636+0800: 2.824: [weak refs processing, 0.0000128 secs]2024-07-27T21:37:46.636+0800: 2.824: [class unloading, 0.0002032 secs]2024-07-27T21:37:46.637+0800: 2.825: [scrub symbol table, 0.0003474 secs]2024-07-27T21:37:46.637+0800: 2.825: [scrub string table, 0.0001005 secs][1 CMS-remark: 410257K(472236K)] 422913K(550892K), 0.0014093 secs] [Times: user=0.00 sys=0.00, real=0.00 secs] 
2024-07-27T21:37:46.637+0800: 2.825: Total time for which application threads were stopped: 0.0015827 seconds, Stopping threads took: 0.0001356 seconds
2024-07-27T21:37:46.637+0800: 2.825: [CMS-concurrent-sweep-start]
2024-07-27T21:37:46.639+0800: 2.827: [CMS-concurrent-sweep: 0.002/0.002 secs] [Times: user=0.00 sys=0.00, real=0.00 secs] 
2024-07-27T21:37:46.639+0800: 2.827: [CMS-concurrent-reset-start]
2024-07-27T21:37:46.640+0800: 2.828: [CMS-concurrent-reset: 0.001/0.001 secs] [Times: user=0.00 sys=0.00, real=0.00 secs] 
2024-07-27T21:37:46.642+0800: 2.830: Application time: 0.0052211 seconds
2024-07-27T21:37:46.642+0800: 2.830: [GC (Allocation Failure) 2024-07-27T21:37:46.642+0800: 2.830: [ParNew: 77168K->8192K(78656K), 0.0122457 secs] 352256K->351888K(550892K), 0.0122954 secs] [Times: user=0.03 sys=0.00, real=0.01 secs] 
2024-07-27T21:37:46.655+0800: 2.843: Total time for which application threads were stopped: 0.0123967 seconds, Stopping threads took: 0.0000163 seconds
2024-07-27T21:37:46.655+0800: 2.843: Application time: 0.0002656 seconds
2024-07-27T21:37:46.655+0800: 2.843: [GC (CMS Initial Mark) [1 CMS-initial-mark: 343696K(472236K)] 355328K(550892K), 0.0008623 secs] [Times: user=0.00 sys=0.00, real=0.00 secs] 
2024-07-27T21:37:46.656+0800: 2.844: Total time for which application threads were stopped: 0.0010354 seconds, Stopping threads took: 0.0001305 seconds
2024-07-27T21:37:46.656+0800: 2.844: [CMS-concurrent-mark-start]
2024-07-27T21:37:46.658+0800: 2.846: [CMS-concurrent-mark: 0.002/0.002 secs] [Times: user=0.00 sys=0.00, real=0.00 secs] 
2024-07-27T21:37:46.658+0800: 2.846: [CMS-concurrent-preclean-start]
2024-07-27T21:37:46.659+0800: 2.847: [CMS-concurrent-preclean: 0.001/0.001 secs] [Times: user=0.00 sys=0.00, real=0.00 secs] 
2024-07-27T21:37:46.659+0800: 2.847: [CMS-concurrent-abortable-preclean-start]
2024-07-27T21:37:46.761+0800: 2.949: Application time: 0.1048929 seconds
2024-07-27T21:37:46.761+0800: 2.949: [GC (Allocation Failure) 2024-07-27T21:37:46.761+0800: 2.949: [ParNew: 77168K->8192K(78656K), 0.0121910 secs] 420865K->420497K(550892K), 0.0122499 secs] [Times: user=0.03 sys=0.00, real=0.01 secs] 
2024-07-27T21:37:46.773+0800: 2.961: Total time for which application threads were stopped: 0.0123598 seconds, Stopping threads took: 0.0000193 seconds
2024-07-27T21:37:46.885+0800: 3.073: Application time: 0.1119371 seconds
2024-07-27T21:37:46.885+0800: 3.073: [GC (Allocation Failure) 2024-07-27T21:37:46.885+0800: 3.073: [ParNew: 77168K->8192K(78656K), 0.0024581 secs] 489474K->422545K(550892K), 0.0025124 secs] [Times: user=0.00 sys=0.00, real=0.00 secs] 
2024-07-27T21:37:46.887+0800: 3.076: Total time for which application threads were stopped: 0.0026185 seconds, Stopping threads took: 0.0000198 seconds
2024-07-27T21:37:46.888+0800: 3.076: [CMS-concurrent-abortable-preclean: 0.003/0.229 secs] [Times: user=0.03 sys=0.00, real=0.23 secs] 
2024-07-27T21:37:46.888+0800: 3.076: Application time: 0.0003144 seconds
2024-07-27T21:37:46.888+0800: 3.076: [GC (CMS Final Remark) [YG occupancy: 12655 K (78656 K)]2024-07-27T21:37:46.888+0800: 3.076: [Rescan (parallel) , 0.0010032 secs]2024-07-27T21:37:46.889+0800: 3.077: [weak refs processing, 0.0000125 secs]2024-07-27T21:37:46.889+0800: 3.077: [class unloading, 0.0001864 secs]2024-07-27T21:37:46.889+0800: 3.078: [scrub symbol table, 0.0003524 secs]2024-07-27T21:37:46.890+0800: 3.078: [scrub string table, 0.0000986 secs][1 CMS-remark: 414353K(472236K)] 427009K(550892K), 0.0017152 secs] [Times: user=0.00 sys=0.00, real=0.00 secs] 
2024-07-27T21:37:46.890+0800: 3.078: Total time for which application threads were stopped: 0.0019052 seconds, Stopping threads took: 0.0001549 seconds
2024-07-27T21:37:46.890+0800: 3.078: [CMS-concurrent-sweep-start]
2024-07-27T21:37:46.892+0800: 3.080: [CMS-concurrent-sweep: 0.002/0.002 secs] [Times: user=0.00 sys=0.00, real=0.00 secs] 
2024-07-27T21:37:46.892+0800: 3.080: [CMS-concurrent-reset-start]
2024-07-27T21:37:46.893+0800: 3.081: [CMS-concurrent-reset: 0.001/0.001 secs] [Times: user=0.00 sys=0.00, real=0.00 secs] 
2024-07-27T21:37:46.895+0800: 3.083: Application time: 0.0047709 seconds
2024-07-27T21:37:46.895+0800: 3.083: [GC (Allocation Failure) 2024-07-27T21:37:46.895+0800: 3.083: [ParNew: 77168K->8192K(78656K), 0.0122324 secs] 218110K->217742K(550892K), 0.0122824 secs] [Times: user=0.00 sys=0.00, real=0.01 secs] 
2024-07-27T21:37:46.906+0800: 3.095: Total time for which application threads were stopped: 0.0123763 seconds, Stopping threads took: 0.0000128 seconds
2024-07-27T21:37:46.907+0800: 3.095: Application time: 0.0002475 seconds
2024-07-27T21:37:46.907+0800: 3.096: [GC (CMS Initial Mark) [1 CMS-initial-mark: 209550K(472236K)] 221182K(550892K), 0.0007413 secs] [Times: user=0.00 sys=0.00, real=0.00 secs] 
2024-07-27T21:37:46.907+0800: 3.096: Total time for which application threads were stopped: 0.0008587 seconds, Stopping threads took: 0.0000762 seconds
2024-07-27T21:37:46.908+0800: 3.096: [CMS-concurrent-mark-start]
2024-07-27T21:37:46.910+0800: 3.098: [CMS-concurrent-mark: 0.002/0.002 secs] [Times: user=0.00 sys=0.00, real=0.00 secs] 
2024-07-27T21:37:46.910+0800: 3.098: [CMS-concurrent-preclean-start]
2024-07-27T21:37:46.911+0800: 3.099: [CMS-concurrent-preclean: 0.001/0.001 secs] [Times: user=0.00 sys=0.00, real=0.00 secs] 
2024-07-27T21:37:46.911+0800: 3.099: [CMS-concurrent-abortable-preclean-start]
2024-07-27T21:37:47.013+0800: 3.201: Application time: 0.1043888 seconds
2024-07-27T21:37:47.013+0800: 3.201: [GC (Allocation Failure) 2024-07-27T21:37:47.013+0800: 3.201: [ParNew: 77168K->8192K(78656K), 0.0119977 secs] 286719K->286351K(550892K), 0.0120720 secs] [Times: user=0.03 sys=0.00, real=0.01 secs] 
2024-07-27T21:37:47.024+0800: 3.213: Total time for which application threads were stopped: 0.0121950 seconds, Stopping threads took: 0.0000332 seconds
2024-07-27T21:37:47.137+0800: 3.325: Application time: 0.1123344 seconds
2024-07-27T21:37:47.137+0800: 3.325: [GC (Allocation Failure) 2024-07-27T21:37:47.137+0800: 3.325: [ParNew: 77168K->8192K(78656K), 0.0028850 secs] 355328K->289423K(550892K), 0.0029508 secs] [Times: user=0.00 sys=0.00, real=0.00 secs] 
2024-07-27T21:37:47.140+0800: 3.328: Total time for which application threads were stopped: 0.0030567 seconds, Stopping threads took: 0.0000187 seconds
2024-07-27T21:37:47.140+0800: 3.328: [CMS-concurrent-abortable-preclean: 0.004/0.229 secs] [Times: user=0.03 sys=0.00, real=0.23 secs] 
2024-07-27T21:37:47.141+0800: 3.329: Application time: 0.0003212 seconds
2024-07-27T21:37:47.141+0800: 3.329: [GC (CMS Final Remark) [YG occupancy: 12655 K (78656 K)]2024-07-27T21:37:47.141+0800: 3.329: [Rescan (parallel) , 0.0006259 secs]2024-07-27T21:37:47.141+0800: 3.329: [weak refs processing, 0.0000126 secs]2024-07-27T21:37:47.141+0800: 3.329: [class unloading, 0.0001792 secs]2024-07-27T21:37:47.142+0800: 3.330: [scrub symbol table, 0.0003474 secs]2024-07-27T21:37:47.142+0800: 3.330: [scrub string table, 0.0001117 secs][1 CMS-remark: 281231K(472236K)] 293887K(550892K), 0.0013385 secs] [Times: user=0.00 sys=0.00, real=0.00 secs] 
2024-07-27T21:37:47.142+0800: 3.330: Total time for which application threads were stopped: 0.0015167 seconds, Stopping threads took: 0.0001430 seconds
2024-07-27T21:37:47.142+0800: 3.330: [CMS-concurrent-sweep-start]
2024-07-27T21:37:47.144+0800: 3.332: [CMS-concurrent-sweep: 0.001/0.001 secs] [Times: user=0.00 sys=0.00, real=0.00 secs] 
2024-07-27T21:37:47.144+0800: 3.332: [CMS-concurrent-reset-start]
2024-07-27T21:37:47.145+0800: 3.333: [CMS-concurrent-reset: 0.001/0.001 secs] [Times: user=0.00 sys=0.00, real=0.00 secs] 
2024-07-27T21:37:47.147+0800: 3.335: Application time: 0.0047408 seconds
2024-07-27T21:37:47.147+0800: 3.335: [GC (Allocation Failure) 2024-07-27T21:37:47.147+0800: 3.335: [ParNew: 77168K->8192K(78656K), 0.0123293 secs] 220158K->219790K(550892K), 0.0123804 secs] [Times: user=0.00 sys=0.00, real=0.01 secs] 
2024-07-27T21:37:47.159+0800: 3.347: Total time for which application threads were stopped: 0.0124925 seconds, Stopping threads took: 0.0000246 seconds
2024-07-27T21:37:47.160+0800: 3.348: Application time: 0.0001621 seconds
2024-07-27T21:37:47.160+0800: 3.348: [GC (CMS Initial Mark) [1 CMS-initial-mark: 211598K(472236K)] 223230K(550892K), 0.0007727 secs] [Times: user=0.00 sys=0.00, real=0.00 secs] 
2024-07-27T21:37:47.161+0800: 3.349: Total time for which application threads were stopped: 0.0009926 seconds, Stopping threads took: 0.0001776 seconds
2024-07-27T21:37:47.161+0800: 3.349: [CMS-concurrent-mark-start]
2024-07-27T21:37:47.162+0800: 3.350: [CMS-concurrent-mark: 0.002/0.002 secs] [Times: user=0.00 sys=0.00, real=0.00 secs] 
2024-07-27T21:37:47.162+0800: 3.350: [CMS-concurrent-preclean-start]
2024-07-27T21:37:47.163+0800: 3.351: [CMS-concurrent-preclean: 0.001/0.001 secs] [Times: user=0.00 sys=0.00, real=0.00 secs] 
2024-07-27T21:37:47.163+0800: 3.351: [CMS-concurrent-abortable-preclean-start]
2024-07-27T21:37:47.266+0800: 3.454: Application time: 0.1053592 seconds
2024-07-27T21:37:47.266+0800: 3.454: [GC (Allocation Failure) 2024-07-27T21:37:47.266+0800: 3.454: [ParNew: 77168K->8192K(78656K), 0.0117517 secs] 288767K->288399K(550892K), 0.0118154 secs] [Times: user=0.03 sys=0.00, real=0.01 secs] 
2024-07-27T21:37:47.278+0800: 3.466: Total time for which application threads were stopped: 0.0119261 seconds, Stopping threads took: 0.0000198 seconds
2024-07-27T21:37:47.389+0800: 3.578: Application time: 0.1121199 seconds
2024-07-27T21:37:47.389+0800: 3.578: [GC (Allocation Failure) 2024-07-27T21:37:47.389+0800: 3.578: [ParNew: 77168K->8192K(78656K), 0.0028114 secs] 357376K->292495K(550892K), 0.0028644 secs] [Times: user=0.00 sys=0.00, real=0.00 secs] 
2024-07-27T21:37:47.392+0800: 3.581: Total time for which application threads were stopped: 0.0029700 seconds, Stopping threads took: 0.0000194 seconds
2024-07-27T21:37:47.392+0800: 3.581: [CMS-concurrent-abortable-preclean: 0.003/0.230 secs] [Times: user=0.03 sys=0.00, real=0.23 secs] 
2024-07-27T21:37:47.392+0800: 3.581: Application time: 0.0002884 seconds
2024-07-27T21:37:47.393+0800: 3.581: [GC (CMS Final Remark) [YG occupancy: 12655 K (78656 K)]2024-07-27T21:37:47.393+0800: 3.581: [Rescan (parallel) , 0.0008676 secs]2024-07-27T21:37:47.394+0800: 3.582: [weak refs processing, 0.0000125 secs]2024-07-27T21:37:47.394+0800: 3.582: [class unloading, 0.0002015 secs]2024-07-27T21:37:47.395+0800: 3.582: [scrub symbol table, 0.0003346 secs]2024-07-27T21:37:47.395+0800: 3.583: [scrub string table, 0.0000988 secs][1 CMS-remark: 284303K(472236K)] 296959K(550892K), 0.0015776 secs] [Times: user=0.00 sys=0.00, real=0.00 secs] 
2024-07-27T21:37:47.395+0800: 3.583: Total time for which application threads were stopped: 0.0016964 seconds, Stopping threads took: 0.0000836 seconds
2024-07-27T21:37:47.395+0800: 3.583: [CMS-concurrent-sweep-start]
2024-07-27T21:37:47.396+0800: 3.584: [CMS-concurrent-sweep: 0.001/0.001 secs] [Times: user=0.03 sys=0.00, real=0.00 secs] 
2024-07-27T21:37:47.396+0800: 3.584: [CMS-concurrent-reset-start]
2024-07-27T21:37:47.398+0800: 3.586: [CMS-concurrent-reset: 0.001/0.001 secs] [Times: user=0.00 sys=0.00, real=0.00 secs] 
2024-07-27T21:37:47.400+0800: 3.588: Application time: 0.0046702 seconds
2024-07-27T21:37:47.400+0800: 3.588: [GC (Allocation Failure) 2024-07-27T21:37:47.400+0800: 3.588: [ParNew: 77168K->8192K(78656K), 0.0119769 secs] 222206K->221838K(550892K), 0.0120307 secs] [Times: user=0.03 sys=0.00, real=0.01 secs] 
2024-07-27T21:37:47.412+0800: 3.600: Total time for which application threads were stopped: 0.0121254 seconds, Stopping threads took: 0.0000128 seconds
2024-07-27T21:37:47.412+0800: 3.600: Application time: 0.0001188 seconds
2024-07-27T21:37:47.412+0800: 3.600: [GC (CMS Initial Mark) [1 CMS-initial-mark: 213646K(472236K)] 225278K(550892K), 0.0007866 secs] [Times: user=0.00 sys=0.00, real=0.00 secs] 
2024-07-27T21:37:47.413+0800: 3.601: Total time for which application threads were stopped: 0.0009200 seconds, Stopping threads took: 0.0000890 seconds
2024-07-27T21:37:47.413+0800: 3.601: [CMS-concurrent-mark-start]
2024-07-27T21:37:47.415+0800: 3.603: [CMS-concurrent-mark: 0.002/0.002 secs] [Times: user=0.00 sys=0.00, real=0.00 secs] 
2024-07-27T21:37:47.415+0800: 3.603: [CMS-concurrent-preclean-start]
2024-07-27T21:37:47.415+0800: 3.603: [CMS-concurrent-preclean: 0.001/0.001 secs] [Times: user=0.00 sys=0.00, real=0.00 secs] 
2024-07-27T21:37:47.415+0800: 3.603: [CMS-concurrent-abortable-preclean-start]
2024-07-27T21:37:47.532+0800: 3.721: Application time: 0.1200564 seconds
2024-07-27T21:37:47.533+0800: 3.721: [GC (Allocation Failure) 2024-07-27T21:37:47.533+0800: 3.721: [ParNew: 77168K->8192K(78656K), 0.0121877 secs] 290815K->290447K(550892K), 0.0122568 secs] [Times: user=0.03 sys=0.00, real=0.01 secs] 
2024-07-27T21:37:47.545+0800: 3.733: Total time for which application threads were stopped: 0.0123684 seconds, Stopping threads took: 0.0000196 seconds
2024-07-27T21:37:47.655+0800: 3.843: Application time: 0.1098491 seconds
2024-07-27T21:37:47.655+0800: 3.843: [GC (Allocation Failure) 2024-07-27T21:37:47.655+0800: 3.843: [ParNew: 77168K->8192K(78656K), 0.0029402 secs] 359424K->295567K(550892K), 0.0030106 secs] [Times: user=0.00 sys=0.00, real=0.00 secs] 
2024-07-27T21:37:47.657+0800: 3.846: Total time for which application threads were stopped: 0.0031177 seconds, Stopping threads took: 0.0000197 seconds
2024-07-27T21:37:47.657+0800: 3.846: [CMS-concurrent-abortable-preclean: 0.005/0.243 secs] [Times: user=0.03 sys=0.00, real=0.24 secs] 
2024-07-27T21:37:47.658+0800: 3.847: Application time: 0.0003216 seconds
2024-07-27T21:37:47.658+0800: 3.847: [GC (CMS Final Remark) [YG occupancy: 12655 K (78656 K)]2024-07-27T21:37:47.658+0800: 3.847: [Rescan (parallel) , 0.0009916 secs]2024-07-27T21:37:47.659+0800: 3.848: [weak refs processing, 0.0000128 secs]2024-07-27T21:37:47.659+0800: 3.848: [class unloading, 0.0001879 secs]2024-07-27T21:37:47.659+0800: 3.848: [scrub symbol table, 0.0003406 secs]2024-07-27T21:37:47.659+0800: 3.848: [scrub string table, 0.0000995 secs][1 CMS-remark: 287375K(472236K)] 300031K(550892K), 0.0016940 secs] [Times: user=0.00 sys=0.00, real=0.00 secs] 
2024-07-27T21:37:47.660+0800: 3.848: Total time for which application threads were stopped: 0.0018938 seconds, Stopping threads took: 0.0001596 seconds
2024-07-27T21:37:47.660+0800: 3.849: [CMS-concurrent-sweep-start]
2024-07-27T21:37:47.662+0800: 3.850: [CMS-concurrent-sweep: 0.001/0.001 secs] [Times: user=0.00 sys=0.00, real=0.00 secs] 
2024-07-27T21:37:47.662+0800: 3.850: [CMS-concurrent-reset-start]
2024-07-27T21:37:47.663+0800: 3.851: [CMS-concurrent-reset: 0.001/0.001 secs] [Times: user=0.00 sys=0.00, real=0.00 secs] 
2024-07-27T21:37:47.665+0800: 3.853: Application time: 0.0047157 seconds
2024-07-27T21:37:47.665+0800: 3.853: [GC (Allocation Failure) 2024-07-27T21:37:47.665+0800: 3.853: [ParNew: 77168K->8192K(78656K), 0.0120231 secs] 224254K->223886K(550892K), 0.0120758 secs] [Times: user=0.03 sys=0.00, real=0.01 secs] 
2024-07-27T21:37:47.676+0800: 3.865: Total time for which application threads were stopped: 0.0121768 seconds, Stopping threads took: 0.0000121 seconds
2024-07-27T21:37:47.677+0800: 3.865: Application time: 0.0001816 seconds
2024-07-27T21:37:47.677+0800: 3.866: [GC (CMS Initial Mark) [1 CMS-initial-mark: 215694K(472236K)] 227326K(550892K), 0.0008434 secs] [Times: user=0.00 sys=0.00, real=0.00 secs] 
2024-07-27T21:37:47.678+0800: 3.866: Total time for which application threads were stopped: 0.0009932 seconds, Stopping threads took: 0.0001073 seconds
2024-07-27T21:37:47.678+0800: 3.867: [CMS-concurrent-mark-start]
2024-07-27T21:37:47.680+0800: 3.868: [CMS-concurrent-mark: 0.002/0.002 secs] [Times: user=0.00 sys=0.00, real=0.00 secs] 
2024-07-27T21:37:47.681+0800: 3.868: [CMS-concurrent-preclean-start]
2024-07-27T21:37:47.681+0800: 3.869: [CMS-concurrent-preclean: 0.001/0.001 secs] [Times: user=0.00 sys=0.00, real=0.00 secs] 
2024-07-27T21:37:47.681+0800: 3.869: [CMS-concurrent-abortable-preclean-start]
2024-07-27T21:37:47.797+0800: 3.986: Application time: 0.1192040 seconds
2024-07-27T21:37:47.797+0800: 3.986: [GC (Allocation Failure) 2024-07-27T21:37:47.797+0800: 3.986: [ParNew: 77168K->8192K(78656K), 0.0123227 secs] 292863K->292495K(550892K), 0.0124007 secs] [Times: user=0.03 sys=0.00, real=0.01 secs] 
2024-07-27T21:37:47.810+0800: 3.998: Total time for which application threads were stopped: 0.0125283 seconds, Stopping threads took: 0.0000189 seconds
2024-07-27T21:37:47.920+0800: 4.108: Application time: 0.1102664 seconds
2024-07-27T21:37:47.920+0800: 4.109: Total time for which application threads were stopped: 0.0001933 seconds, Stopping threads took: 0.0001576 seconds
2024-07-27T21:37:47.922+0800: 4.110: Application time: 0.0012138 seconds
2024-07-27T21:37:47.922+0800: 4.110: [GC (Allocation Failure) 2024-07-27T21:37:47.922+0800: 4.110: [ParNew: 77168K->8192K(78656K), 0.0034520 secs] 361472K->298639K(550892K), 0.0035074 secs] [Times: user=0.00 sys=0.00, real=0.00 secs] 
2024-07-27T21:37:47.925+0800: 4.114: Total time for which application threads were stopped: 0.0036049 seconds, Stopping threads took: 0.0000131 seconds
2024-07-27T21:37:47.925+0800: 4.114: [CMS-concurrent-abortable-preclean: 0.006/0.244 secs] [Times: user=0.03 sys=0.00, real=0.24 secs] 
2024-07-27T21:37:47.926+0800: 4.114: Application time: 0.0002910 seconds
2024-07-27T21:37:47.926+0800: 4.114: [GC (CMS Final Remark) [YG occupancy: 12655 K (78656 K)]2024-07-27T21:37:47.926+0800: 4.114: [Rescan (parallel) , 0.0005859 secs]2024-07-27T21:37:47.926+0800: 4.115: [weak refs processing, 0.0000126 secs]2024-07-27T21:37:47.926+0800: 4.115: [class unloading, 0.0001737 secs]2024-07-27T21:37:47.926+0800: 4.115: [scrub symbol table, 0.0003531 secs]2024-07-27T21:37:47.927+0800: 4.115: [scrub string table, 0.0001006 secs][1 CMS-remark: 290447K(472236K)] 303103K(550892K), 0.0012934 secs] [Times: user=0.08 sys=0.00, real=0.00 secs] 
2024-07-27T21:37:47.927+0800: 4.115: Total time for which application threads were stopped: 0.0014044 seconds, Stopping threads took: 0.0000742 seconds
2024-07-27T21:37:47.927+0800: 4.115: [CMS-concurrent-sweep-start]
2024-07-27T21:37:47.928+0800: 4.117: [CMS-concurrent-sweep: 0.001/0.001 secs] [Times: user=0.00 sys=0.00, real=0.00 secs] 
2024-07-27T21:37:47.928+0800: 4.117: [CMS-concurrent-reset-start]
2024-07-27T21:37:47.930+0800: 4.118: [CMS-concurrent-reset: 0.001/0.001 secs] [Times: user=0.00 sys=0.00, real=0.00 secs] 
2024-07-27T21:37:47.932+0800: 4.120: Application time: 0.0047264 seconds
2024-07-27T21:37:47.932+0800: 4.120: [GC (Allocation Failure) 2024-07-27T21:37:47.932+0800: 4.120: [ParNew: 77168K->8192K(78656K), 0.0119846 secs] 226302K->225934K(550892K), 0.0120325 secs] [Times: user=0.03 sys=0.00, real=0.01 secs] 
2024-07-27T21:37:47.944+0800: 4.132: Total time for which application threads were stopped: 0.0121278 seconds, Stopping threads took: 0.0000132 seconds
2024-07-27T21:37:47.944+0800: 4.132: Application time: 0.0001813 seconds
2024-07-27T21:37:47.944+0800: 4.132: [GC (CMS Initial Mark) [1 CMS-initial-mark: 217742K(472236K)] 229374K(550892K), 0.0005886 secs] [Times: user=0.00 sys=0.00, real=0.00 secs] 
2024-07-27T21:37:47.945+0800: 4.133: Total time for which application threads were stopped: 0.0007129 seconds, Stopping threads took: 0.0000812 seconds
2024-07-27T21:37:47.945+0800: 4.133: [CMS-concurrent-mark-start]
2024-07-27T21:37:47.947+0800: 4.135: [CMS-concurrent-mark: 0.002/0.002 secs] [Times: user=0.00 sys=0.00, real=0.00 secs] 
2024-07-27T21:37:47.947+0800: 4.135: [CMS-concurrent-preclean-start]
2024-07-27T21:37:47.947+0800: 4.135: [CMS-concurrent-preclean: 0.001/0.001 secs] [Times: user=0.00 sys=0.00, real=0.00 secs] 
2024-07-27T21:37:47.947+0800: 4.135: [CMS-concurrent-abortable-preclean-start]
2024-07-27T21:37:48.063+0800: 4.252: Application time: 0.1191488 seconds
2024-07-27T21:37:48.063+0800: 4.252: [GC (Allocation Failure) 2024-07-27T21:37:48.063+0800: 4.252: [ParNew: 77168K->8192K(78656K), 0.0120544 secs] 294911K->294543K(550892K), 0.0121175 secs] [Times: user=0.03 sys=0.00, real=0.01 secs] 
2024-07-27T21:37:48.076+0800: 4.264: Total time for which application threads were stopped: 0.0122583 seconds, Stopping threads took: 0.0000189 seconds
2024-07-27T21:37:48.188+0800: 4.376: Application time: 0.1116954 seconds
2024-07-27T21:37:48.188+0800: 4.376: [GC (Allocation Failure) 2024-07-27T21:37:48.188+0800: 4.376: [ParNew: 77168K->8192K(78656K), 0.0034090 secs] 363520K->301711K(550892K), 0.0034647 secs] [Times: user=0.00 sys=0.00, real=0.00 secs] 
2024-07-27T21:37:48.192+0800: 4.380: Total time for which application threads were stopped: 0.0035739 seconds, Stopping threads took: 0.0000210 seconds
2024-07-27T21:37:48.192+0800: 4.380: [CMS-concurrent-abortable-preclean: 0.005/0.244 secs] [Times: user=0.03 sys=0.00, real=0.24 secs] 
2024-07-27T21:37:48.192+0800: 4.380: Application time: 0.0003042 seconds
2024-07-27T21:37:48.192+0800: 4.380: [GC (CMS Final Remark) [YG occupancy: 12655 K (78656 K)]2024-07-27T21:37:48.192+0800: 4.380: [Rescan (parallel) , 0.0009655 secs]2024-07-27T21:37:48.193+0800: 4.381: [weak refs processing, 0.0000133 secs]2024-07-27T21:37:48.193+0800: 4.381: [class unloading, 0.0001808 secs]2024-07-27T21:37:48.193+0800: 4.381: [scrub symbol table, 0.0003036 secs]2024-07-27T21:37:48.194+0800: 4.382: [scrub string table, 0.0001053 secs][1 CMS-remark: 293519K(472236K)] 306175K(550892K), 0.0016309 secs] [Times: user=0.00 sys=0.00, real=0.00 secs] 
2024-07-27T21:37:48.194+0800: 4.382: Total time for which application threads were stopped: 0.0017879 seconds, Stopping threads took: 0.0001205 seconds
2024-07-27T21:37:48.194+0800: 4.382: [CMS-concurrent-sweep-start]
2024-07-27T21:37:48.196+0800: 4.384: [CMS-concurrent-sweep: 0.002/0.002 secs] [Times: user=0.00 sys=0.00, real=0.00 secs] 
2024-07-27T21:37:48.196+0800: 4.384: [CMS-concurrent-reset-start]
2024-07-27T21:37:48.197+0800: 4.385: [CMS-concurrent-reset: 0.001/0.001 secs] [Times: user=0.00 sys=0.00, real=0.00 secs] 
2024-07-27T21:37:48.199+0800: 4.387: Application time: 0.0047428 seconds
2024-07-27T21:37:48.199+0800: 4.387: [GC (Allocation Failure) 2024-07-27T21:37:48.199+0800: 4.387: [ParNew: 77168K->8192K(78656K), 0.0119200 secs] 228350K->227982K(550892K), 0.0119682 secs] [Times: user=0.03 sys=0.00, real=0.01 secs] 
2024-07-27T21:37:48.211+0800: 4.399: Total time for which application threads were stopped: 0.0120645 seconds, Stopping threads took: 0.0000127 seconds
2024-07-27T21:37:48.211+0800: 4.399: Application time: 0.0002623 seconds
2024-07-27T21:37:48.211+0800: 4.399: [GC (CMS Initial Mark) [1 CMS-initial-mark: 219790K(472236K)] 231422K(550892K), 0.0007760 secs] [Times: user=0.00 sys=0.00, real=0.00 secs] 
2024-07-27T21:37:48.212+0800: 4.400: Total time for which application threads were stopped: 0.0009685 seconds, Stopping threads took: 0.0001505 seconds
2024-07-27T21:37:48.212+0800: 4.400: [CMS-concurrent-mark-start]
2024-07-27T21:37:48.214+0800: 4.402: [CMS-concurrent-mark: 0.002/0.002 secs] [Times: user=0.00 sys=0.00, real=0.00 secs] 
2024-07-27T21:37:48.214+0800: 4.402: [CMS-concurrent-preclean-start]
2024-07-27T21:37:48.214+0800: 4.402: [CMS-concurrent-preclean: 0.001/0.001 secs] [Times: user=0.00 sys=0.00, real=0.00 secs] 
2024-07-27T21:37:48.214+0800: 4.402: [CMS-concurrent-abortable-preclean-start]
2024-07-27T21:37:48.332+0800: 4.520: Application time: 0.1198695 seconds
2024-07-27T21:37:48.332+0800: 4.520: [GC (Allocation Failure) 2024-07-27T21:37:48.332+0800: 4.520: [ParNew: 77168K->8192K(78656K), 0.0119303 secs] 296959K->296591K(550892K), 0.0119883 secs] [Times: user=0.03 sys=0.00, real=0.01 secs] 
2024-07-27T21:37:48.344+0800: 4.532: Total time for which application threads were stopped: 0.0120953 seconds, Stopping threads took: 0.0000171 seconds
2024-07-27T21:37:48.456+0800: 4.644: Application time: 0.1126478 seconds
2024-07-27T21:37:48.457+0800: 4.644: [GC (Allocation Failure) 2024-07-27T21:37:48.457+0800: 4.645: [ParNew: 77168K->8192K(78656K), 0.0037522 secs] 365568K->304784K(550892K), 0.0038125 secs] [Times: user=0.03 sys=0.00, real=0.00 secs] 
2024-07-27T21:37:48.460+0800: 4.648: Total time for which application threads were stopped: 0.0039247 seconds, Stopping threads took: 0.0000188 seconds
2024-07-27T21:37:48.460+0800: 4.648: [CMS-concurrent-abortable-preclean: 0.005/0.246 secs] [Times: user=0.06 sys=0.00, real=0.25 secs] 
2024-07-27T21:37:48.461+0800: 4.649: Application time: 0.0003184 seconds
2024-07-27T21:37:48.461+0800: 4.649: [GC (CMS Final Remark) [YG occupancy: 12655 K (78656 K)]2024-07-27T21:37:48.461+0800: 4.649: [Rescan (parallel) , 0.0008265 secs]2024-07-27T21:37:48.462+0800: 4.650: [weak refs processing, 0.0000125 secs]2024-07-27T21:37:48.462+0800: 4.650: [class unloading, 0.0001759 secs]2024-07-27T21:37:48.462+0800: 4.650: [scrub symbol table, 0.0003444 secs]2024-07-27T21:37:48.462+0800: 4.650: [scrub string table, 0.0001019 secs][1 CMS-remark: 296591K(472236K)] 309247K(550892K), 0.0015230 secs] [Times: user=0.00 sys=0.00, real=0.00 secs] 
2024-07-27T21:37:48.462+0800: 4.650: Total time for which application threads were stopped: 0.0016249 seconds, Stopping threads took: 0.0000658 seconds
2024-07-27T21:37:48.463+0800: 4.651: [CMS-concurrent-sweep-start]
2024-07-27T21:37:48.464+0800: 4.652: [CMS-concurrent-sweep: 0.001/0.001 secs] [Times: user=0.00 sys=0.00, real=0.00 secs] 
2024-07-27T21:37:48.464+0800: 4.652: [CMS-concurrent-reset-start]
2024-07-27T21:37:48.465+0800: 4.654: [CMS-concurrent-reset: 0.001/0.001 secs] [Times: user=0.00 sys=0.00, real=0.00 secs] 
2024-07-27T21:37:48.467+0800: 4.655: Application time: 0.0046880 seconds
2024-07-27T21:37:48.467+0800: 4.655: [GC (Allocation Failure) 2024-07-27T21:37:48.467+0800: 4.655: [ParNew: 77168K->8192K(78656K), 0.0123182 secs] 230398K->230030K(550892K), 0.0123722 secs] [Times: user=0.03 sys=0.00, real=0.01 secs] 
2024-07-27T21:37:48.479+0800: 4.667: Total time for which application threads were stopped: 0.0124706 seconds, Stopping threads took: 0.0000131 seconds
2024-07-27T21:37:48.480+0800: 4.668: Application time: 0.0002120 seconds
2024-07-27T21:37:48.480+0800: 4.668: [GC (CMS Initial Mark) [1 CMS-initial-mark: 221838K(472236K)] 233470K(550892K), 0.0007592 secs] [Times: user=0.00 sys=0.00, real=0.00 secs] 
2024-07-27T21:37:48.481+0800: 4.669: Total time for which application threads were stopped: 0.0008819 seconds, Stopping threads took: 0.0000810 seconds
2024-07-27T21:37:48.481+0800: 4.669: [CMS-concurrent-mark-start]
2024-07-27T21:37:48.482+0800: 4.670: [CMS-concurrent-mark: 0.002/0.002 secs] [Times: user=0.00 sys=0.00, real=0.00 secs] 
2024-07-27T21:37:48.482+0800: 4.670: [CMS-concurrent-preclean-start]
2024-07-27T21:37:48.483+0800: 4.671: [CMS-concurrent-preclean: 0.001/0.001 secs] [Times: user=0.00 sys=0.00, real=0.00 secs] 
2024-07-27T21:37:48.483+0800: 4.671: [CMS-concurrent-abortable-preclean-start]
2024-07-27T21:37:48.601+0800: 4.789: Application time: 0.1205115 seconds
2024-07-27T21:37:48.601+0800: 4.789: [GC (Allocation Failure) 2024-07-27T21:37:48.601+0800: 4.789: [ParNew: 77168K->8192K(78656K), 0.0120305 secs] 299007K->298639K(550892K), 0.0120875 secs] [Times: user=0.00 sys=0.00, real=0.01 secs] 
2024-07-27T21:37:48.613+0800: 4.801: Total time for which application threads were stopped: 0.0122233 seconds, Stopping threads took: 0.0000181 seconds
2024-07-27T21:37:48.723+0800: 4.911: Application time: 0.1101835 seconds
2024-07-27T21:37:48.723+0800: 4.912: [GC (Allocation Failure) 2024-07-27T21:37:48.723+0800: 4.912: [ParNew: 77168K->8192K(78656K), 0.0036579 secs] 367616K->307856K(550892K), 0.0037280 secs] [Times: user=0.00 sys=0.00, real=0.00 secs] 
2024-07-27T21:37:48.726+0800: 4.915: Total time for which application threads were stopped: 0.0038378 seconds, Stopping threads took: 0.0000198 seconds
2024-07-27T21:37:48.727+0800: 4.915: [CMS-concurrent-abortable-preclean: 0.005/0.244 secs] [Times: user=0.06 sys=0.00, real=0.24 secs] 
2024-07-27T21:37:48.727+0800: 4.916: Application time: 0.0002244 seconds
2024-07-27T21:37:48.727+0800: 4.916: [GC (CMS Final Remark) [YG occupancy: 11631 K (78656 K)]2024-07-27T21:37:48.727+0800: 4.916: [Rescan (parallel) , 0.0006343 secs]2024-07-27T21:37:48.728+0800: 4.916: [weak refs processing, 0.0000214 secs]2024-07-27T21:37:48.728+0800: 4.916: [class unloading, 0.0001953 secs]2024-07-27T21:37:48.728+0800: 4.917: [scrub symbol table, 0.0003153 secs]2024-07-27T21:37:48.728+0800: 4.917: [scrub string table, 0.0000924 secs][1 CMS-remark: 299663K(472236K)] 311295K(550892K), 0.0013320 secs] [Times: user=0.00 sys=0.00, real=0.00 secs] 
2024-07-27T21:37:48.728+0800: 4.917: Total time for which application threads were stopped: 0.0015253 seconds, Stopping threads took: 0.0001413 seconds
2024-07-27T21:37:48.729+0800: 4.917: [CMS-concurrent-sweep-start]
2024-07-27T21:37:48.730+0800: 4.919: [CMS-concurrent-sweep: 0.001/0.001 secs] [Times: user=0.00 sys=0.00, real=0.00 secs] 
2024-07-27T21:37:48.730+0800: 4.919: [CMS-concurrent-reset-start]
2024-07-27T21:37:48.732+0800: 4.920: [CMS-concurrent-reset: 0.001/0.001 secs] [Times: user=0.00 sys=0.00, real=0.00 secs] 
2024-07-27T21:37:48.734+0800: 4.922: Application time: 0.0048156 seconds
2024-07-27T21:37:48.734+0800: 4.922: [GC (Allocation Failure) 2024-07-27T21:37:48.734+0800: 4.922: [ParNew: 77168K->8192K(78656K), 0.0122633 secs] 232446K->232078K(550892K), 0.0123115 secs] [Times: user=0.03 sys=0.00, real=0.01 secs] 
2024-07-27T21:37:48.745+0800: 4.934: Total time for which application threads were stopped: 0.0124082 seconds, Stopping threads took: 0.0000139 seconds
2024-07-27T21:37:48.746+0800: 4.934: Application time: 0.0001702 seconds
2024-07-27T21:37:48.746+0800: 4.935: [GC (CMS Initial Mark) [1 CMS-initial-mark: 223886K(472236K)] 235518K(550892K), 0.0007801 secs] [Times: user=0.00 sys=0.00, real=0.00 secs] 
2024-07-27T21:37:48.747+0800: 4.935: Total time for which application threads were stopped: 0.0009730 seconds, Stopping threads took: 0.0001500 seconds
2024-07-27T21:37:48.747+0800: 4.936: [CMS-concurrent-mark-start]
2024-07-27T21:37:48.748+0800: 4.937: [CMS-concurrent-mark: 0.002/0.002 secs] [Times: user=0.00 sys=0.00, real=0.00 secs] 
2024-07-27T21:37:48.748+0800: 4.937: [CMS-concurrent-preclean-start]
2024-07-27T21:37:48.749+0800: 4.938: [CMS-concurrent-preclean: 0.001/0.001 secs] [Times: user=0.00 sys=0.00, real=0.00 secs] 
2024-07-27T21:37:48.749+0800: 4.938: [CMS-concurrent-abortable-preclean-start]
2024-07-27T21:37:48.867+0800: 5.055: Application time: 0.1198275 seconds
2024-07-27T21:37:48.867+0800: 5.055: [GC (Allocation Failure) 2024-07-27T21:37:48.867+0800: 5.055: [ParNew: 77168K->8192K(78656K), 0.0119730 secs] 301055K->300687K(550892K), 0.0120561 secs] [Times: user=0.02 sys=0.00, real=0.01 secs] 
2024-07-27T21:37:48.879+0800: 5.067: Total time for which application threads were stopped: 0.0121899 seconds, Stopping threads took: 0.0000206 seconds
2024-07-27T21:37:48.991+0800: 5.179: Application time: 0.1112724 seconds
2024-07-27T21:37:48.991+0800: 5.179: [GC (Allocation Failure) 2024-07-27T21:37:49.011+0800: 5.199: [ParNew: 77168K->8192K(78656K), 0.0038327 secs] 369664K->310928K(550892K), 0.0237528 secs] [Times: user=0.00 sys=0.00, real=0.02 secs] 
2024-07-27T21:37:49.014+0800: 5.203: Total time for which application threads were stopped: 0.0238613 seconds, Stopping threads took: 0.0000191 seconds
2024-07-27T21:37:49.015+0800: 5.203: [CMS-concurrent-abortable-preclean: 0.005/0.265 secs] [Times: user=0.02 sys=0.00, real=0.27 secs] 
2024-07-27T21:37:49.015+0800: 5.203: Application time: 0.0003053 seconds
2024-07-27T21:37:49.015+0800: 5.203: [GC (CMS Final Remark) [YG occupancy: 12655 K (78656 K)]2024-07-27T21:37:49.015+0800: 5.203: [Rescan (parallel) , 0.0011132 secs]2024-07-27T21:37:49.016+0800: 5.204: [weak refs processing, 0.0000129 secs]2024-07-27T21:37:49.016+0800: 5.204: [class unloading, 0.0001764 secs]2024-07-27T21:37:49.016+0800: 5.204: [scrub symbol table, 0.0003498 secs]2024-07-27T21:37:49.017+0800: 5.205: [scrub string table, 0.0001002 secs][1 CMS-remark: 302735K(472236K)] 315391K(550892K), 0.0018208 secs] [Times: user=0.00 sys=0.00, real=0.00 secs] 
2024-07-27T21:37:49.017+0800: 5.205: Total time for which application threads were stopped: 0.0019846 seconds, Stopping threads took: 0.0001172 seconds
2024-07-27T21:37:49.017+0800: 5.205: [CMS-concurrent-sweep-start]
2024-07-27T21:37:49.019+0800: 5.207: [CMS-concurrent-sweep: 0.002/0.002 secs] [Times: user=0.00 sys=0.00, real=0.00 secs] 
2024-07-27T21:37:49.019+0800: 5.207: [CMS-concurrent-reset-start]
2024-07-27T21:37:49.020+0800: 5.208: [CMS-concurrent-reset: 0.001/0.001 secs] [Times: user=0.00 sys=0.00, real=0.00 secs] 
2024-07-27T21:37:49.022+0800: 5.210: Application time: 0.0049727 seconds
2024-07-27T21:37:49.022+0800: 5.210: [GC (Allocation Failure) 2024-07-27T21:37:49.022+0800: 5.210: [ParNew: 77168K->8192K(78656K), 0.0120832 secs] 234494K->234126K(550892K), 0.0121317 secs] [Times: user=0.00 sys=0.00, real=0.01 secs] 
2024-07-27T21:37:49.034+0800: 5.222: Total time for which application threads were stopped: 0.0122291 seconds, Stopping threads took: 0.0000164 seconds
2024-07-27T21:37:49.034+0800: 5.222: Application time: 0.0002525 seconds
2024-07-27T21:37:49.034+0800: 5.222: [GC (CMS Initial Mark) [1 CMS-initial-mark: 225934K(472236K)] 237566K(550892K), 0.0007698 secs] [Times: user=0.00 sys=0.00, real=0.00 secs] 
2024-07-27T21:37:49.035+0800: 5.223: Total time for which application threads were stopped: 0.0008957 seconds, Stopping threads took: 0.0000841 seconds
2024-07-27T21:37:49.035+0800: 5.223: [CMS-concurrent-mark-start]
2024-07-27T21:37:49.037+0800: 5.225: [CMS-concurrent-mark: 0.002/0.002 secs] [Times: user=0.05 sys=0.00, real=0.00 secs] 
2024-07-27T21:37:49.037+0800: 5.225: [CMS-concurrent-preclean-start]
2024-07-27T21:37:49.037+0800: 5.226: [CMS-concurrent-preclean: 0.001/0.001 secs] [Times: user=0.00 sys=0.00, real=0.00 secs] 
2024-07-27T21:37:49.037+0800: 5.226: [CMS-concurrent-abortable-preclean-start]
2024-07-27T21:37:49.150+0800: 5.338: Application time: 0.1149991 seconds
2024-07-27T21:37:49.150+0800: 5.338: [GC (Allocation Failure) 2024-07-27T21:37:49.150+0800: 5.338: [ParNew: 77168K->8192K(78656K), 0.0119373 secs] 303103K->302735K(550892K), 0.0120223 secs] [Times: user=0.03 sys=0.00, real=0.01 secs] 
2024-07-27T21:37:49.162+0800: 5.350: Total time for which application threads were stopped: 0.0121344 seconds, Stopping threads took: 0.0000197 seconds
2024-07-27T21:37:49.272+0800: 5.461: Application time: 0.1106471 seconds
2024-07-27T21:37:49.272+0800: 5.461: [GC (Allocation Failure) 2024-07-27T21:37:49.272+0800: 5.461: [ParNew: 77168K->8192K(78656K), 0.0038498 secs] 371712K->314000K(550892K), 0.0039065 secs] [Times: user=0.00 sys=0.00, real=0.00 secs] 
2024-07-27T21:37:49.276+0800: 5.465: Total time for which application threads were stopped: 0.0040121 seconds, Stopping threads took: 0.0000191 seconds
2024-07-27T21:37:49.277+0800: 5.465: [CMS-concurrent-abortable-preclean: 0.005/0.240 secs] [Times: user=0.03 sys=0.00, real=0.24 secs] 
2024-07-27T21:37:49.277+0800: 5.465: Application time: 0.0002819 seconds
2024-07-27T21:37:49.277+0800: 5.466: [GC (CMS Final Remark) [YG occupancy: 11631 K (78656 K)]2024-07-27T21:37:49.277+0800: 5.466: [Rescan (parallel) , 0.0007290 secs]2024-07-27T21:37:49.278+0800: 5.466: [weak refs processing, 0.0000128 secs]2024-07-27T21:37:49.278+0800: 5.466: [class unloading, 0.0001750 secs]2024-07-27T21:37:49.278+0800: 5.466: [scrub symbol table, 0.0003454 secs]2024-07-27T21:37:49.278+0800: 5.467: [scrub string table, 0.0001000 secs][1 CMS-remark: 305808K(472236K)] 317439K(550892K), 0.0014303 secs] [Times: user=0.00 sys=0.00, real=0.00 secs] 
2024-07-27T21:37:49.278+0800: 5.467: Total time for which application threads were stopped: 0.0016032 seconds, Stopping threads took: 0.0001353 seconds
2024-07-27T21:37:49.279+0800: 5.467: [CMS-concurrent-sweep-start]
2024-07-27T21:37:49.280+0800: 5.468: [CMS-concurrent-sweep: 0.001/0.001 secs] [Times: user=0.00 sys=0.00, real=0.00 secs] 
2024-07-27T21:37:49.280+0800: 5.468: [CMS-concurrent-reset-start]
2024-07-27T21:37:49.281+0800: 5.470: [CMS-concurrent-reset: 0.001/0.001 secs] [Times: user=0.00 sys=0.00, real=0.00 secs] 
2024-07-27T21:37:49.283+0800: 5.472: Application time: 0.0048269 seconds
2024-07-27T21:37:49.283+0800: 5.472: [GC (Allocation Failure) 2024-07-27T21:37:49.283+0800: 5.472: [ParNew: 77168K->8192K(78656K), 0.0119852 secs] 236542K->236174K(550892K), 0.0120348 secs] [Times: user=0.03 sys=0.00, real=0.01 secs] 
2024-07-27T21:37:49.295+0800: 5.484: Total time for which application threads were stopped: 0.0121409 seconds, Stopping threads took: 0.0000127 seconds
2024-07-27T21:37:49.295+0800: 5.484: Application time: 0.0001693 seconds
2024-07-27T21:37:49.296+0800: 5.484: [GC (CMS Initial Mark) [1 CMS-initial-mark: 227982K(472236K)] 239614K(550892K), 0.0007753 secs] [Times: user=0.00 sys=0.00, real=0.00 secs] 
2024-07-27T21:37:49.297+0800: 5.485: Total time for which application threads were stopped: 0.0009585 seconds, Stopping threads took: 0.0001395 seconds
2024-07-27T21:37:49.297+0800: 5.485: [CMS-concurrent-mark-start]
2024-07-27T21:37:49.298+0800: 5.487: [CMS-concurrent-mark: 0.002/0.002 secs] [Times: user=0.00 sys=0.00, real=0.00 secs] 
2024-07-27T21:37:49.298+0800: 5.487: [CMS-concurrent-preclean-start]
2024-07-27T21:37:49.299+0800: 5.487: [CMS-concurrent-preclean: 0.001/0.001 secs] [Times: user=0.00 sys=0.00, real=0.00 secs] 
2024-07-27T21:37:49.299+0800: 5.487: [CMS-concurrent-abortable-preclean-start]
2024-07-27T21:37:49.416+0800: 5.604: Application time: 0.1188304 seconds
2024-07-27T21:37:49.416+0800: 5.604: [GC (Allocation Failure) 2024-07-27T21:37:49.416+0800: 5.604: [ParNew: 77168K->8192K(78656K), 0.0119525 secs] 305151K->304784K(550892K), 0.0120304 secs] [Times: user=0.03 sys=0.00, real=0.01 secs] 
2024-07-27T21:37:49.428+0800: 5.616: Total time for which application threads were stopped: 0.0121389 seconds, Stopping threads took: 0.0000194 seconds
2024-07-27T21:37:49.539+0800: 5.727: Application time: 0.1107700 seconds
2024-07-27T21:37:49.539+0800: 5.727: [GC (Allocation Failure) 2024-07-27T21:37:49.539+0800: 5.727: [ParNew: 77168K->8192K(78656K), 0.0038954 secs] 373760K->317072K(550892K), 0.0039541 secs] [Times: user=0.00 sys=0.00, real=0.00 secs] 
2024-07-27T21:37:49.543+0800: 5.731: Total time for which application threads were stopped: 0.0040625 seconds, Stopping threads took: 0.0000179 seconds
2024-07-27T21:37:49.543+0800: 5.731: [CMS-concurrent-abortable-preclean: 0.005/0.244 secs] [Times: user=0.03 sys=0.00, real=0.24 secs] 
2024-07-27T21:37:49.543+0800: 5.731: Application time: 0.0003177 seconds
2024-07-27T21:37:49.543+0800: 5.731: [GC (CMS Final Remark) [YG occupancy: 12655 K (78656 K)]2024-07-27T21:37:49.543+0800: 5.731: [Rescan (parallel) , 0.0010067 secs]2024-07-27T21:37:49.544+0800: 5.732: [weak refs processing, 0.0000130 secs]2024-07-27T21:37:49.544+0800: 5.732: [class unloading, 0.0001855 secs]2024-07-27T21:37:49.544+0800: 5.733: [scrub symbol table, 0.0003524 secs]2024-07-27T21:37:49.545+0800: 5.733: [scrub string table, 0.0000996 secs][1 CMS-remark: 308880K(472236K)] 321535K(550892K), 0.0017203 secs] [Times: user=0.00 sys=0.00, real=0.00 secs] 
2024-07-27T21:37:49.545+0800: 5.733: Total time for which application threads were stopped: 0.0018909 seconds, Stopping threads took: 0.0001332 seconds
2024-07-27T21:37:49.545+0800: 5.733: [CMS-concurrent-sweep-start]
2024-07-27T21:37:49.547+0800: 5.735: [CMS-concurrent-sweep: 0.002/0.002 secs] [Times: user=0.00 sys=0.00, real=0.00 secs] 
2024-07-27T21:37:49.547+0800: 5.735: [CMS-concurrent-reset-start]
2024-07-27T21:37:49.548+0800: 5.736: [CMS-concurrent-reset: 0.001/0.001 secs] [Times: user=0.00 sys=0.00, real=0.00 secs] 
2024-07-27T21:37:49.550+0800: 5.738: Application time: 0.0047586 seconds
2024-07-27T21:37:49.550+0800: 5.738: [GC (Allocation Failure) 2024-07-27T21:37:49.550+0800: 5.738: [ParNew: 77168K->8192K(78656K), 0.0126401 secs] 238590K->238223K(550892K), 0.0126886 secs] [Times: user=0.03 sys=0.00, real=0.01 secs] 
2024-07-27T21:37:49.563+0800: 5.751: Total time for which application threads were stopped: 0.0127834 seconds, Stopping threads took: 0.0000125 seconds
2024-07-27T21:37:49.563+0800: 5.751: Application time: 0.0002308 seconds
2024-07-27T21:37:49.563+0800: 5.751: [GC (CMS Initial Mark) [1 CMS-initial-mark: 230030K(472236K)] 241662K(550892K), 0.0006507 secs] [Times: user=0.00 sys=0.00, real=0.00 secs] 
2024-07-27T21:37:49.564+0800: 5.752: Total time for which application threads were stopped: 0.0007522 seconds, Stopping threads took: 0.0000555 seconds
2024-07-27T21:37:49.564+0800: 5.752: [CMS-concurrent-mark-start]
2024-07-27T21:37:49.565+0800: 5.753: [CMS-concurrent-mark: 0.001/0.001 secs] [Times: user=0.00 sys=0.00, real=0.00 secs] 
2024-07-27T21:37:49.565+0800: 5.753: [CMS-concurrent-preclean-start]
2024-07-27T21:37:49.566+0800: 5.754: [CMS-concurrent-preclean: 0.001/0.001 secs] [Times: user=0.00 sys=0.00, real=0.00 secs] 
2024-07-27T21:37:49.566+0800: 5.754: [CMS-concurrent-abortable-preclean-start]
2024-07-27T21:37:49.682+0800: 5.870: Application time: 0.1188657 seconds
2024-07-27T21:37:49.682+0800: 5.871: [GC (Allocation Failure) 2024-07-27T21:37:49.682+0800: 5.871: [ParNew: 77168K->8192K(78656K), 0.0119020 secs] 307199K->306832K(550892K), 0.0119777 secs] [Times: user=0.03 sys=0.00, real=0.01 secs] 
2024-07-27T21:37:49.695+0800: 5.883: Total time for which application threads were stopped: 0.0121214 seconds, Stopping threads took: 0.0000197 seconds
2024-07-27T21:37:49.807+0800: 5.995: Application time: 0.1120178 seconds
2024-07-27T21:37:49.807+0800: 5.995: [GC (Allocation Failure) 2024-07-27T21:37:49.807+0800: 5.995: [ParNew: 77168K->8192K(78656K), 0.0045417 secs] 375808K->320144K(550892K), 0.0046004 secs] [Times: user=0.00 sys=0.00, real=0.00 secs] 
2024-07-27T21:37:49.811+0800: 5.999: Total time for which application threads were stopped: 0.0047183 seconds, Stopping threads took: 0.0000197 seconds
2024-07-27T21:37:49.811+0800: 5.999: [CMS-concurrent-abortable-preclean: 0.005/0.246 secs] [Times: user=0.03 sys=0.00, real=0.25 secs] 
2024-07-27T21:37:49.812+0800: 6.000: Application time: 0.0003475 seconds
2024-07-27T21:37:49.812+0800: 6.000: [GC (CMS Final Remark) [YG occupancy: 13679 K (78656 K)]2024-07-27T21:37:49.812+0800: 6.000: [Rescan (parallel) , 0.0007904 secs]2024-07-27T21:37:49.813+0800: 6.001: [weak refs processing, 0.0000126 secs]2024-07-27T21:37:49.813+0800: 6.001: [class unloading, 0.0001852 secs]2024-07-27T21:37:49.813+0800: 6.001: [scrub symbol table, 0.0003505 secs]2024-07-27T21:37:49.813+0800: 6.001: [scrub string table, 0.0001105 secs][1 CMS-remark: 311952K(472236K)] 325631K(550892K), 0.0015107 secs] [Times: user=0.00 sys=0.00, real=0.00 secs] 
2024-07-27T21:37:49.813+0800: 6.001: Total time for which application threads were stopped: 0.0016444 seconds, Stopping threads took: 0.0000810 seconds
2024-07-27T21:37:49.814+0800: 6.002: [CMS-concurrent-sweep-start]
2024-07-27T21:37:49.815+0800: 6.003: [CMS-concurrent-sweep: 0.001/0.001 secs] [Times: user=0.00 sys=0.00, real=0.00 secs] 
2024-07-27T21:37:49.815+0800: 6.003: [CMS-concurrent-reset-start]
2024-07-27T21:37:49.816+0800: 6.004: [CMS-concurrent-reset: 0.001/0.001 secs] [Times: user=0.00 sys=0.00, real=0.00 secs] 
2024-07-27T21:37:49.819+0800: 6.007: Application time: 0.0051931 seconds
2024-07-27T21:37:49.819+0800: 6.007: [GC (Allocation Failure) 2024-07-27T21:37:49.819+0800: 6.007: [ParNew: 77168K->8192K(78656K), 0.0125815 secs] 240638K->240271K(550892K), 0.0126275 secs] [Times: user=0.00 sys=0.00, real=0.01 secs] 
2024-07-27T21:37:49.831+0800: 6.019: Total time for which application threads were stopped: 0.0127359 seconds, Stopping threads took: 0.0000138 seconds
2024-07-27T21:37:49.832+0800: 6.019: Application time: 0.0001878 seconds
2024-07-27T21:37:49.832+0800: 6.020: [GC (CMS Initial Mark) [1 CMS-initial-mark: 232078K(472236K)] 243710K(550892K), 0.0007575 secs] [Times: user=0.02 sys=0.00, real=0.00 secs] 
2024-07-27T21:37:49.832+0800: 6.020: Total time for which application threads were stopped: 0.0009351 seconds, Stopping threads took: 0.0001347 seconds
2024-07-27T21:37:49.833+0800: 6.021: [CMS-concurrent-mark-start]
2024-07-27T21:37:49.834+0800: 6.022: [CMS-concurrent-mark: 0.001/0.001 secs] [Times: user=0.00 sys=0.00, real=0.00 secs] 
2024-07-27T21:37:49.834+0800: 6.022: [CMS-concurrent-preclean-start]
2024-07-27T21:37:49.835+0800: 6.023: [CMS-concurrent-preclean: 0.001/0.001 secs] [Times: user=0.00 sys=0.00, real=0.00 secs] 
2024-07-27T21:37:49.835+0800: 6.023: [CMS-concurrent-abortable-preclean-start]
2024-07-27T21:37:49.950+0800: 6.138: Application time: 0.1176422 seconds
2024-07-27T21:37:49.950+0800: 6.138: [GC (Allocation Failure) 2024-07-27T21:37:49.950+0800: 6.138: [ParNew: 77168K->8192K(78656K), 0.0117385 secs] 309247K->308880K(550892K), 0.0117965 secs] [Times: user=0.03 sys=0.00, real=0.01 secs] 
2024-07-27T21:37:49.962+0800: 6.150: Total time for which application threads were stopped: 0.0119212 seconds, Stopping threads took: 0.0000340 seconds
2024-07-27T21:37:50.073+0800: 6.261: Application time: 0.1112976 seconds
2024-07-27T21:37:50.073+0800: 6.261: [GC (Allocation Failure) 2024-07-27T21:37:50.073+0800: 6.261: [ParNew: 77168K->8192K(78656K), 0.0042322 secs] 377856K->323216K(550892K), 0.0042887 secs] [Times: user=0.00 sys=0.00, real=0.00 secs] 
2024-07-27T21:37:50.077+0800: 6.266: Total time for which application threads were stopped: 0.0044039 seconds, Stopping threads took: 0.0000194 seconds
2024-07-27T21:37:50.077+0800: 6.266: [CMS-concurrent-abortable-preclean: 0.006/0.243 secs] [Times: user=0.03 sys=0.00, real=0.24 secs] 
2024-07-27T21:37:50.078+0800: 6.266: Application time: 0.0003013 seconds
2024-07-27T21:37:50.078+0800: 6.266: [GC (CMS Final Remark) [YG occupancy: 12655 K (78656 K)]2024-07-27T21:37:50.078+0800: 6.266: [Rescan (parallel) , 0.0010214 secs]2024-07-27T21:37:50.079+0800: 6.267: [weak refs processing, 0.0000124 secs]2024-07-27T21:37:50.079+0800: 6.267: [class unloading, 0.0001907 secs]2024-07-27T21:37:50.079+0800: 6.267: [scrub symbol table, 0.0003464 secs]2024-07-27T21:37:50.079+0800: 6.268: [scrub string table, 0.0001003 secs][1 CMS-remark: 315024K(472236K)] 327679K(550892K), 0.0017324 secs] [Times: user=0.00 sys=0.00, real=0.00 secs] 
2024-07-27T21:37:50.079+0800: 6.268: Total time for which application threads were stopped: 0.0019430 seconds, Stopping threads took: 0.0001753 seconds
2024-07-27T21:37:50.080+0800: 6.268: [CMS-concurrent-sweep-start]
2024-07-27T21:37:50.081+0800: 6.269: [CMS-concurrent-sweep: 0.001/0.001 secs] [Times: user=0.00 sys=0.00, real=0.00 secs] 
2024-07-27T21:37:50.081+0800: 6.270: [CMS-concurrent-reset-start]
2024-07-27T21:37:50.082+0800: 6.271: [CMS-concurrent-reset: 0.001/0.001 secs] [Times: user=0.00 sys=0.00, real=0.00 secs] 
2024-07-27T21:37:50.084+0800: 6.273: Application time: 0.0047714 seconds
2024-07-27T21:37:50.084+0800: 6.273: [GC (Allocation Failure) 2024-07-27T21:37:50.084+0800: 6.273: [ParNew: 77168K->8192K(78656K), 0.0123909 secs] 242686K->242319K(550892K), 0.0124387 secs] [Times: user=0.00 sys=0.00, real=0.01 secs] 
2024-07-27T21:37:50.097+0800: 6.285: Total time for which application threads were stopped: 0.0125314 seconds, Stopping threads took: 0.0000117 seconds
2024-07-27T21:37:50.097+0800: 6.285: Application time: 0.0002244 seconds
2024-07-27T21:37:50.097+0800: 6.286: [GC (CMS Initial Mark) [1 CMS-initial-mark: 234126K(472236K)] 245758K(550892K), 0.0007564 secs] [Times: user=0.00 sys=0.00, real=0.00 secs] 
2024-07-27T21:37:50.098+0800: 6.286: Total time for which application threads were stopped: 0.0008799 seconds, Stopping threads took: 0.0000812 seconds
2024-07-27T21:37:50.099+0800: 6.286: [CMS-concurrent-mark-start]
2024-07-27T21:37:50.099+0800: 6.288: [CMS-concurrent-mark: 0.001/0.001 secs] [Times: user=0.00 sys=0.00, real=0.00 secs] 
2024-07-27T21:37:50.099+0800: 6.288: [CMS-concurrent-preclean-start]
2024-07-27T21:37:50.100+0800: 6.289: [CMS-concurrent-preclean: 0.001/0.001 secs] [Times: user=0.00 sys=0.00, real=0.00 secs] 
2024-07-27T21:37:50.100+0800: 6.289: [CMS-concurrent-abortable-preclean-start]
2024-07-27T21:37:50.217+0800: 6.405: Application time: 0.1182163 seconds
2024-07-27T21:37:50.217+0800: 6.405: [GC (Allocation Failure) 2024-07-27T21:37:50.217+0800: 6.405: [ParNew: 77168K->8192K(78656K), 0.0119724 secs] 311295K->310928K(550892K), 0.0120526 secs] [Times: user=0.02 sys=0.01, real=0.01 secs] 
2024-07-27T21:37:50.229+0800: 6.417: Total time for which application threads were stopped: 0.0121609 seconds, Stopping threads took: 0.0000199 seconds
2024-07-27T21:37:50.339+0800: 6.528: Application time: 0.1109851 seconds
2024-07-27T21:37:50.339+0800: 6.528: [GC (Allocation Failure) 2024-07-27T21:37:50.339+0800: 6.528: [ParNew: 77168K->8192K(78656K), 0.0044455 secs] 379904K->326288K(550892K), 0.0044972 secs] [Times: user=0.00 sys=0.00, real=0.00 secs] 
2024-07-27T21:37:50.343+0800: 6.532: Total time for which application threads were stopped: 0.0046036 seconds, Stopping threads took: 0.0000179 seconds
2024-07-27T21:37:50.344+0800: 6.532: [CMS-concurrent-abortable-preclean: 0.005/0.244 secs] [Times: user=0.02 sys=0.01, real=0.24 secs] 
2024-07-27T21:37:50.344+0800: 6.533: Application time: 0.0002961 seconds
2024-07-27T21:37:50.344+0800: 6.533: [GC (CMS Final Remark) [YG occupancy: 12655 K (78656 K)]2024-07-27T21:37:50.344+0800: 6.533: [Rescan (parallel) , 0.0010408 secs]2024-07-27T21:37:50.345+0800: 6.534: [weak refs processing, 0.0000134 secs]2024-07-27T21:37:50.345+0800: 6.534: [class unloading, 0.0001832 secs]2024-07-27T21:37:50.345+0800: 6.534: [scrub symbol table, 0.0003240 secs]2024-07-27T21:37:50.345+0800: 6.534: [scrub string table, 0.0000988 secs][1 CMS-remark: 318096K(472236K)] 330751K(550892K), 0.0017260 secs] [Times: user=0.00 sys=0.00, real=0.00 secs] 
2024-07-27T21:37:50.347+0800: 6.535: Total time for which application threads were stopped: 0.0018744 seconds, Stopping threads took: 0.0001095 seconds
2024-07-27T21:37:50.347+0800: 6.535: [CMS-concurrent-sweep-start]
2024-07-27T21:37:50.349+0800: 6.537: [CMS-concurrent-sweep: 0.002/0.002 secs] [Times: user=0.03 sys=0.00, real=0.00 secs] 
2024-07-27T21:37:50.349+0800: 6.537: [CMS-concurrent-reset-start]
2024-07-27T21:37:50.350+0800: 6.538: [CMS-concurrent-reset: 0.001/0.001 secs] [Times: user=0.00 sys=0.00, real=0.00 secs] 
2024-07-27T21:37:50.351+0800: 6.539: Application time: 0.0047342 seconds
2024-07-27T21:37:50.351+0800: 6.539: [GC (Allocation Failure) 2024-07-27T21:37:50.351+0800: 6.539: [ParNew: 77168K->8192K(78656K), 0.0118716 secs] 244734K->244367K(550892K), 0.0119190 secs] [Times: user=0.00 sys=0.00, real=0.01 secs] 
2024-07-27T21:37:50.362+0800: 6.551: Total time for which application threads were stopped: 0.0120135 seconds, Stopping threads took: 0.0000138 seconds
2024-07-27T21:37:50.363+0800: 6.551: Application time: 0.0001573 seconds
2024-07-27T21:37:50.363+0800: 6.552: [GC (CMS Initial Mark) [1 CMS-initial-mark: 236174K(472236K)] 247806K(550892K), 0.0007374 secs] [Times: user=0.00 sys=0.00, real=0.00 secs] 
2024-07-27T21:37:50.363+0800: 6.552: Total time for which application threads were stopped: 0.0009156 seconds, Stopping threads took: 0.0001355 seconds
2024-07-27T21:37:50.364+0800: 6.552: [CMS-concurrent-mark-start]
2024-07-27T21:37:50.365+0800: 6.554: [CMS-concurrent-mark: 0.001/0.001 secs] [Times: user=0.00 sys=0.00, real=0.00 secs] 
2024-07-27T21:37:50.365+0800: 6.554: [CMS-concurrent-preclean-start]
2024-07-27T21:37:50.367+0800: 6.555: [CMS-concurrent-preclean: 0.001/0.001 secs] [Times: user=0.00 sys=0.00, real=0.00 secs] 
2024-07-27T21:37:50.367+0800: 6.555: [CMS-concurrent-abortable-preclean-start]
2024-07-27T21:37:50.480+0800: 6.669: Application time: 0.1163257 seconds
2024-07-27T21:37:50.480+0800: 6.669: [GC (Allocation Failure) 2024-07-27T21:37:50.480+0800: 6.669: [ParNew: 77168K->8192K(78656K), 0.0117017 secs] 313343K->312976K(550892K), 0.0117794 secs] [Times: user=0.03 sys=0.00, real=0.01 secs] 
2024-07-27T21:37:50.492+0800: 6.681: Total time for which application threads were stopped: 0.0118875 seconds, Stopping threads took: 0.0000188 seconds
2024-07-27T21:37:50.604+0800: 6.793: Application time: 0.1120707 seconds
2024-07-27T21:37:50.605+0800: 6.793: [GC (Allocation Failure) 2024-07-27T21:37:50.605+0800: 6.793: [ParNew: 77168K->8192K(78656K), 0.0047721 secs] 381952K->329360K(550892K), 0.0048368 secs] [Times: user=0.00 sys=0.00, real=0.00 secs] 
2024-07-27T21:37:50.609+0800: 6.798: Total time for which application threads were stopped: 0.0049622 seconds, Stopping threads took: 0.0000372 seconds
2024-07-27T21:37:50.609+0800: 6.798: [CMS-concurrent-abortable-preclean: 0.005/0.243 secs] [Times: user=0.03 sys=0.00, real=0.24 secs] 
2024-07-27T21:37:50.609+0800: 6.798: Application time: 0.0003200 seconds
2024-07-27T21:37:50.609+0800: 6.798: [GC (CMS Final Remark) [YG occupancy: 12655 K (78656 K)]2024-07-27T21:37:50.609+0800: 6.798: [Rescan (parallel) , 0.0006719 secs]2024-07-27T21:37:50.610+0800: 6.799: [weak refs processing, 0.0000124 secs]2024-07-27T21:37:50.610+0800: 6.799: [class unloading, 0.0001747 secs]2024-07-27T21:37:50.610+0800: 6.799: [scrub symbol table, 0.0003476 secs]2024-07-27T21:37:50.611+0800: 6.799: [scrub string table, 0.0001140 secs][1 CMS-remark: 321168K(472236K)] 333824K(550892K), 0.0013865 secs] [Times: user=0.00 sys=0.00, real=0.00 secs] 
2024-07-27T21:37:50.611+0800: 6.799: Total time for which application threads were stopped: 0.0015527 seconds, Stopping threads took: 0.0001305 seconds
2024-07-27T21:37:50.611+0800: 6.800: [CMS-concurrent-sweep-start]
2024-07-27T21:37:50.612+0800: 6.801: [CMS-concurrent-sweep: 0.001/0.001 secs] [Times: user=0.00 sys=0.00, real=0.00 secs] 
2024-07-27T21:37:50.612+0800: 6.801: [CMS-concurrent-reset-start]
2024-07-27T21:37:50.614+0800: 6.803: [CMS-concurrent-reset: 0.001/0.001 secs] [Times: user=0.01 sys=0.00, real=0.00 secs] 
2024-07-27T21:37:50.615+0800: 6.804: Application time: 0.0047701 seconds
2024-07-27T21:37:50.616+0800: 6.804: [GC (Allocation Failure) 2024-07-27T21:37:50.616+0800: 6.804: [ParNew: 77168K->8192K(78656K), 0.0123158 secs] 246782K->246415K(550892K), 0.0123636 secs] [Times: user=0.00 sys=0.00, real=0.01 secs] 
2024-07-27T21:37:50.628+0800: 6.817: Total time for which application threads were stopped: 0.0124601 seconds, Stopping threads took: 0.0000125 seconds
2024-07-27T21:37:50.628+0800: 6.817: Application time: 0.0001925 seconds
2024-07-27T21:37:50.628+0800: 6.817: [GC (CMS Initial Mark) [1 CMS-initial-mark: 238223K(472236K)] 249854K(550892K), 0.0008395 secs] [Times: user=0.00 sys=0.00, real=0.00 secs] 
2024-07-27T21:37:50.630+0800: 6.818: Total time for which application threads were stopped: 0.0010433 seconds, Stopping threads took: 0.0001618 seconds
2024-07-27T21:37:50.630+0800: 6.818: [CMS-concurrent-mark-start]
2024-07-27T21:37:50.631+0800: 6.819: [CMS-concurrent-mark: 0.001/0.001 secs] [Times: user=0.00 sys=0.00, real=0.00 secs] 
2024-07-27T21:37:50.631+0800: 6.819: [CMS-concurrent-preclean-start]
2024-07-27T21:37:50.631+0800: 6.820: [CMS-concurrent-preclean: 0.001/0.001 secs] [Times: user=0.00 sys=0.00, real=0.00 secs] 
2024-07-27T21:37:50.631+0800: 6.820: [CMS-concurrent-abortable-preclean-start]
2024-07-27T21:37:50.747+0800: 6.935: Application time: 0.1171094 seconds
2024-07-27T21:37:50.747+0800: 6.935: [GC (Allocation Failure) 2024-07-27T21:37:50.747+0800: 6.935: [ParNew: 77168K->8192K(78656K), 0.0121415 secs] 315391K->315024K(550892K), 0.0121999 secs] [Times: user=0.03 sys=0.00, real=0.01 secs] 
2024-07-27T21:37:50.759+0800: 6.947: Total time for which application threads were stopped: 0.0123101 seconds, Stopping threads took: 0.0000192 seconds
2024-07-27T21:37:50.872+0800: 7.060: Application time: 0.1126674 seconds
2024-07-27T21:37:50.872+0800: 7.060: [GC (Allocation Failure) 2024-07-27T21:37:50.872+0800: 7.060: [ParNew: 77168K->8192K(78656K), 0.0049915 secs] 384000K->332432K(550892K), 0.0050630 secs] [Times: user=0.00 sys=0.00, real=0.01 secs] 
2024-07-27T21:37:50.877+0800: 7.065: Total time for which application threads were stopped: 0.0051711 seconds, Stopping threads took: 0.0000201 seconds
2024-07-27T21:37:50.877+0800: 7.065: [CMS-concurrent-abortable-preclean: 0.005/0.245 secs] [Times: user=0.03 sys=0.00, real=0.25 secs] 
2024-07-27T21:37:50.877+0800: 7.066: Application time: 0.0003315 seconds
2024-07-27T21:37:50.878+0800: 7.066: [GC (CMS Final Remark) [YG occupancy: 12655 K (78656 K)]2024-07-27T21:37:50.878+0800: 7.066: [Rescan (parallel) , 0.0008215 secs]2024-07-27T21:37:50.878+0800: 7.067: [weak refs processing, 0.0000127 secs]2024-07-27T21:37:50.878+0800: 7.067: [class unloading, 0.0001945 secs]2024-07-27T21:37:50.879+0800: 7.067: [scrub symbol table, 0.0003464 secs]2024-07-27T21:37:50.879+0800: 7.067: [scrub string table, 0.0001002 secs][1 CMS-remark: 324240K(472236K)] 336896K(550892K), 0.0015415 secs] [Times: user=0.00 sys=0.00, real=0.00 secs] 
2024-07-27T21:37:50.879+0800: 7.067: Total time for which application threads were stopped: 0.0016926 seconds, Stopping threads took: 0.0001150 seconds
2024-07-27T21:37:50.879+0800: 7.067: [CMS-concurrent-sweep-start]
2024-07-27T21:37:50.881+0800: 7.069: [CMS-concurrent-sweep: 0.001/0.001 secs] [Times: user=0.03 sys=0.00, real=0.00 secs] 
2024-07-27T21:37:50.881+0800: 7.069: [CMS-concurrent-reset-start]
2024-07-27T21:37:50.882+0800: 7.070: [CMS-concurrent-reset: 0.001/0.001 secs] [Times: user=0.00 sys=0.00, real=0.00 secs] 
2024-07-27T21:37:50.884+0800: 7.072: Application time: 0.0048747 seconds
2024-07-27T21:37:50.884+0800: 7.072: [GC (Allocation Failure) 2024-07-27T21:37:50.884+0800: 7.072: [ParNew: 77168K->8192K(78656K), 0.0119752 secs] 248830K->248463K(550892K), 0.0120234 secs] [Times: user=0.03 sys=0.00, real=0.01 secs] 
2024-07-27T21:37:50.896+0800: 7.084: Total time for which application threads were stopped: 0.0121166 seconds, Stopping threads took: 0.0000131 seconds
2024-07-27T21:37:50.896+0800: 7.084: Application time: 0.0001870 seconds
2024-07-27T21:37:50.897+0800: 7.085: [GC (CMS Initial Mark) [1 CMS-initial-mark: 240271K(472236K)] 251902K(550892K), 0.0007903 secs] [Times: user=0.00 sys=0.00, real=0.00 secs] 
2024-07-27T21:37:50.897+0800: 7.085: Total time for which application threads were stopped: 0.0009844 seconds, Stopping threads took: 0.0001484 seconds
2024-07-27T21:37:50.897+0800: 7.086: [CMS-concurrent-mark-start]
2024-07-27T21:37:50.899+0800: 7.087: [CMS-concurrent-mark: 0.001/0.001 secs] [Times: user=0.00 sys=0.00, real=0.00 secs] 
2024-07-27T21:37:50.899+0800: 7.087: [CMS-concurrent-preclean-start]
2024-07-27T21:37:50.899+0800: 7.087: [CMS-concurrent-preclean: 0.001/0.001 secs] [Times: user=0.00 sys=0.00, real=0.00 secs] 
2024-07-27T21:37:50.899+0800: 7.087: [CMS-concurrent-abortable-preclean-start]
2024-07-27T21:37:51.016+0800: 7.204: Application time: 0.1190569 seconds
2024-07-27T21:37:51.016+0800: 7.205: [GC (Allocation Failure) 2024-07-27T21:37:51.016+0800: 7.205: [ParNew: 77168K->8202K(78656K), 0.0122309 secs] 317439K->317082K(550892K), 0.0122900 secs] [Times: user=0.03 sys=0.00, real=0.01 secs] 
2024-07-27T21:37:51.029+0800: 7.217: Total time for which application threads were stopped: 0.0124103 seconds, Stopping threads took: 0.0000244 seconds
2024-07-27T21:37:51.140+0800: 7.329: Application time: 0.1120898 seconds
2024-07-27T21:37:51.140+0800: 7.329: [GC (Allocation Failure) 2024-07-27T21:37:51.140+0800: 7.329: [ParNew: 77178K->8192K(78656K), 0.0050590 secs] 386058K->335504K(550892K), 0.0051191 secs] [Times: user=0.03 sys=0.00, real=0.00 secs] 
2024-07-27T21:37:51.145+0800: 7.334: Total time for which application threads were stopped: 0.0052407 seconds, Stopping threads took: 0.0000185 seconds
2024-07-27T21:37:51.145+0800: 7.334: [CMS-concurrent-abortable-preclean: 0.006/0.247 secs] [Times: user=0.06 sys=0.00, real=0.25 secs] 
2024-07-27T21:37:51.146+0800: 7.335: Application time: 0.0003648 seconds
2024-07-27T21:37:51.146+0800: 7.335: [GC (CMS Final Remark) [YG occupancy: 14703 K (78656 K)]2024-07-27T21:37:51.146+0800: 7.335: [Rescan (parallel) , 0.0009671 secs]2024-07-27T21:37:51.147+0800: 7.336: [weak refs processing, 0.0000124 secs]2024-07-27T21:37:51.147+0800: 7.336: [class unloading, 0.0001990 secs]2024-07-27T21:37:51.147+0800: 7.336: [scrub symbol table, 0.0003770 secs]2024-07-27T21:37:51.147+0800: 7.336: [scrub string table, 0.0001071 secs][1 CMS-remark: 327312K(472236K)] 342016K(550892K), 0.0017257 secs] [Times: user=0.00 sys=0.00, real=0.00 secs] 
2024-07-27T21:37:51.149+0800: 7.337: Total time for which application threads were stopped: 0.0019144 seconds, Stopping threads took: 0.0001445 seconds
2024-07-27T21:37:51.149+0800: 7.337: [CMS-concurrent-sweep-start]
2024-07-27T21:37:51.150+0800: 7.338: [CMS-concurrent-sweep: 0.002/0.002 secs] [Times: user=0.00 sys=0.00, real=0.00 secs] 
2024-07-27T21:37:51.150+0800: 7.338: [CMS-concurrent-reset-start]
2024-07-27T21:37:51.152+0800: 7.339: [CMS-concurrent-reset: 0.001/0.001 secs] [Times: user=0.00 sys=0.00, real=0.00 secs] 
2024-07-27T21:37:51.153+0800: 7.341: Application time: 0.0045781 seconds
2024-07-27T21:37:51.153+0800: 7.341: [GC (Allocation Failure) 2024-07-27T21:37:51.153+0800: 7.341: [ParNew: 77168K->8192K(78656K), 0.0120183 secs] 250879K->250511K(550892K), 0.0120660 secs] [Times: user=0.03 sys=0.00, real=0.01 secs] 
2024-07-27T21:37:51.165+0800: 7.353: Total time for which application threads were stopped: 0.0121599 seconds, Stopping threads took: 0.0000122 seconds
2024-07-27T21:37:51.165+0800: 7.353: Application time: 0.0001786 seconds
2024-07-27T21:37:51.165+0800: 7.354: [GC (CMS Initial Mark) [1 CMS-initial-mark: 242319K(472236K)] 253951K(550892K), 0.0008543 secs] [Times: user=0.00 sys=0.00, real=0.00 secs] 
2024-07-27T21:37:51.166+0800: 7.354: Total time for which application threads were stopped: 0.0009715 seconds, Stopping threads took: 0.0000752 seconds
2024-07-27T21:37:51.167+0800: 7.354: [CMS-concurrent-mark-start]
2024-07-27T21:37:51.167+0800: 7.356: [CMS-concurrent-mark: 0.001/0.001 secs] [Times: user=0.00 sys=0.00, real=0.00 secs] 
2024-07-27T21:37:51.167+0800: 7.356: [CMS-concurrent-preclean-start]
2024-07-27T21:37:51.167+0800: 7.356: [CMS-concurrent-preclean: 0.001/0.001 secs] [Times: user=0.00 sys=0.00, real=0.00 secs] 
2024-07-27T21:37:51.167+0800: 7.356: [CMS-concurrent-abortable-preclean-start]
2024-07-27T21:37:51.283+0800: 7.472: Application time: 0.1173903 seconds
2024-07-27T21:37:51.283+0800: 7.472: [GC (Allocation Failure) 2024-07-27T21:37:51.283+0800: 7.472: [ParNew: 77168K->8192K(78656K), 0.0123667 secs] 319488K->319120K(550892K), 0.0124249 secs] [Times: user=0.03 sys=0.00, real=0.01 secs] 
2024-07-27T21:37:51.296+0800: 7.484: Total time for which application threads were stopped: 0.0125334 seconds, Stopping threads took: 0.0000191 seconds
2024-07-27T21:37:51.407+0800: 7.595: Application time: 0.1105580 seconds
2024-07-27T21:37:51.407+0800: 7.595: [GC (Allocation Failure) 2024-07-27T21:37:51.407+0800: 7.595: [ParNew: 77168K->8192K(78656K), 0.0050534 secs] 388097K->338577K(550892K), 0.0051131 secs] [Times: user=0.03 sys=0.00, real=0.00 secs] 
2024-07-27T21:37:51.412+0800: 7.600: Total time for which application threads were stopped: 0.0052220 seconds, Stopping threads took: 0.0000197 seconds
2024-07-27T21:37:51.412+0800: 7.600: [CMS-concurrent-abortable-preclean: 0.006/0.244 secs] [Times: user=0.06 sys=0.00, real=0.24 secs] 
2024-07-27T21:37:51.412+0800: 7.600: Application time: 0.0002169 seconds
2024-07-27T21:37:51.413+0800: 7.600: [GC (CMS Final Remark) [YG occupancy: 11631 K (78656 K)]2024-07-27T21:37:51.413+0800: 7.601: [Rescan (parallel) , 0.0009991 secs]2024-07-27T21:37:51.414+0800: 7.602: [weak refs processing, 0.0000125 secs]2024-07-27T21:37:51.414+0800: 7.602: [class unloading, 0.0001913 secs]2024-07-27T21:37:51.414+0800: 7.602: [scrub symbol table, 0.0003463 secs]2024-07-27T21:37:51.414+0800: 7.602: [scrub string table, 0.0001018 secs][1 CMS-remark: 330384K(472236K)] 342016K(550892K), 0.0017131 secs] [Times: user=0.00 sys=0.00, real=0.00 secs] 
2024-07-27T21:37:51.414+0800: 7.602: Total time for which application threads were stopped: 0.0018789 seconds, Stopping threads took: 0.0001296 seconds
2024-07-27T21:37:51.415+0800: 7.603: [CMS-concurrent-sweep-start]
2024-07-27T21:37:51.416+0800: 7.604: [CMS-concurrent-sweep: 0.002/0.002 secs] [Times: user=0.00 sys=0.00, real=0.00 secs] 
2024-07-27T21:37:51.416+0800: 7.604: [CMS-concurrent-reset-start]
2024-07-27T21:37:51.418+0800: 7.606: [CMS-concurrent-reset: 0.001/0.001 secs] [Times: user=0.00 sys=0.00, real=0.00 secs] 
2024-07-27T21:37:51.419+0800: 7.607: Application time: 0.0049900 seconds
2024-07-27T21:37:51.419+0800: 7.607: [GC (Allocation Failure) 2024-07-27T21:37:51.419+0800: 7.607: [ParNew: 77168K->8192K(78656K), 0.0119672 secs] 252927K->252559K(550892K), 0.0120179 secs] [Times: user=0.03 sys=0.00, real=0.01 secs] 
2024-07-27T21:37:51.431+0800: 7.619: Total time for which application threads were stopped: 0.0121121 seconds, Stopping threads took: 0.0000125 seconds
2024-07-27T21:37:51.432+0800: 7.620: Application time: 0.0001804 seconds
2024-07-27T21:37:51.432+0800: 7.620: [GC (CMS Initial Mark) [1 CMS-initial-mark: 244367K(472236K)] 255999K(550892K), 0.0006476 secs] [Times: user=0.00 sys=0.00, real=0.00 secs] 
2024-07-27T21:37:51.432+0800: 7.620: Total time for which application threads were stopped: 0.0007394 seconds, Stopping threads took: 0.0000461 seconds
2024-07-27T21:37:51.432+0800: 7.620: [CMS-concurrent-mark-start]
2024-07-27T21:37:51.433+0800: 7.621: [CMS-concurrent-mark: 0.001/0.001 secs] [Times: user=0.00 sys=0.00, real=0.00 secs] 
2024-07-27T21:37:51.434+0800: 7.622: [CMS-concurrent-preclean-start]
2024-07-27T21:37:51.434+0800: 7.622: [CMS-concurrent-preclean: 0.001/0.001 secs] [Times: user=0.00 sys=0.00, real=0.00 secs] 
2024-07-27T21:37:51.434+0800: 7.622: [CMS-concurrent-abortable-preclean-start]
2024-07-27T21:37:51.550+0800: 7.739: Application time: 0.1183333 seconds
2024-07-27T21:37:51.550+0800: 7.739: [GC (Allocation Failure) 2024-07-27T21:37:51.550+0800: 7.739: [ParNew: 77168K->8192K(78656K), 0.0116155 secs] 321536K->321168K(550892K), 0.0116751 secs] [Times: user=0.03 sys=0.00, real=0.01 secs] 
2024-07-27T21:37:51.562+0800: 7.750: Total time for which application threads were stopped: 0.0117992 seconds, Stopping threads took: 0.0000309 seconds
2024-07-27T21:37:51.674+0800: 7.862: Application time: 0.1119458 seconds
2024-07-27T21:37:51.674+0800: 7.862: [GC (Allocation Failure) 2024-07-27T21:37:51.674+0800: 7.862: [ParNew: 77168K->8192K(78656K), 0.0054321 secs] 390145K->341649K(550892K), 0.0054910 secs] [Times: user=0.03 sys=0.00, real=0.01 secs] 
2024-07-27T21:37:51.680+0800: 7.868: Total time for which application threads were stopped: 0.0056013 seconds, Stopping threads took: 0.0000201 seconds
2024-07-27T21:37:51.680+0800: 7.868: [CMS-concurrent-abortable-preclean: 0.006/0.246 secs] [Times: user=0.06 sys=0.00, real=0.25 secs] 
2024-07-27T21:37:51.680+0800: 7.868: Application time: 0.0002900 seconds
2024-07-27T21:37:51.680+0800: 7.868: [GC (CMS Final Remark) [YG occupancy: 12655 K (78656 K)]2024-07-27T21:37:51.680+0800: 7.868: [Rescan (parallel) , 0.0011944 secs]2024-07-27T21:37:51.682+0800: 7.870: [weak refs processing, 0.0000128 secs]2024-07-27T21:37:51.682+0800: 7.870: [class unloading, 0.0001733 secs]2024-07-27T21:37:51.682+0800: 7.870: [scrub symbol table, 0.0003155 secs]2024-07-27T21:37:51.682+0800: 7.870: [scrub string table, 0.0000925 secs][1 CMS-remark: 333456K(472236K)] 346112K(550892K), 0.0018498 secs] [Times: user=0.00 sys=0.00, real=0.00 secs] 
2024-07-27T21:37:51.682+0800: 7.870: Total time for which application threads were stopped: 0.0020285 seconds, Stopping threads took: 0.0001427 seconds
2024-07-27T21:37:51.682+0800: 7.870: [CMS-concurrent-sweep-start]
2024-07-27T21:37:51.684+0800: 7.872: [CMS-concurrent-sweep: 0.001/0.001 secs] [Times: user=0.00 sys=0.00, real=0.00 secs] 
2024-07-27T21:37:51.684+0800: 7.872: [CMS-concurrent-reset-start]
2024-07-27T21:37:51.685+0800: 7.873: [CMS-concurrent-reset: 0.001/0.001 secs] [Times: user=0.00 sys=0.00, real=0.00 secs] 
2024-07-27T21:37:51.687+0800: 7.875: Application time: 0.0047119 seconds
2024-07-27T21:37:51.687+0800: 7.875: [GC (Allocation Failure) 2024-07-27T21:37:51.687+0800: 7.875: [ParNew: 77168K->8192K(78656K), 0.0120942 secs] 254975K->254607K(550892K), 0.0121403 secs] [Times: user=0.03 sys=0.00, real=0.01 secs] 
2024-07-27T21:37:51.699+0800: 7.887: Total time for which application threads were stopped: 0.0122334 seconds, Stopping threads took: 0.0000122 seconds
2024-07-27T21:37:51.699+0800: 7.887: Application time: 0.0002238 seconds
2024-07-27T21:37:51.700+0800: 7.888: [GC (CMS Initial Mark) [1 CMS-initial-mark: 246415K(472236K)] 258047K(550892K), 0.0008230 secs] [Times: user=0.00 sys=0.00, real=0.00 secs] 
2024-07-27T21:37:51.700+0800: 7.888: Total time for which application threads were stopped: 0.0010267 seconds, Stopping threads took: 0.0001593 seconds
2024-07-27T21:37:51.701+0800: 7.889: [CMS-concurrent-mark-start]
2024-07-27T21:37:51.701+0800: 7.890: [CMS-concurrent-mark: 0.001/0.001 secs] [Times: user=0.00 sys=0.00, real=0.00 secs] 
2024-07-27T21:37:51.702+0800: 7.890: [CMS-concurrent-preclean-start]
2024-07-27T21:37:51.702+0800: 7.890: [CMS-concurrent-preclean: 0.001/0.001 secs] [Times: user=0.00 sys=0.00, real=0.00 secs] 
2024-07-27T21:37:51.702+0800: 7.890: [CMS-concurrent-abortable-preclean-start]
2024-07-27T21:37:51.818+0800: 8.006: Application time: 0.1176920 seconds
2024-07-27T21:37:51.818+0800: 8.006: [GC (Allocation Failure) 2024-07-27T21:37:51.818+0800: 8.006: [ParNew: 77168K->8192K(78656K), 0.0121789 secs] 323584K->323216K(550892K), 0.0122383 secs] [Times: user=0.00 sys=0.00, real=0.01 secs] 
2024-07-27T21:37:51.831+0800: 8.019: Total time for which application threads were stopped: 0.0123474 seconds, Stopping threads took: 0.0000198 seconds
2024-07-27T21:37:51.941+0800: 8.129: Application time: 0.1106608 seconds
2024-07-27T21:37:51.941+0800: 8.129: [GC (Allocation Failure) 2024-07-27T21:37:51.941+0800: 8.129: [ParNew: 77168K->8192K(78656K), 0.0052887 secs] 392193K->344721K(550892K), 0.0053478 secs] [Times: user=0.03 sys=0.00, real=0.01 secs] 
2024-07-27T21:37:51.947+0800: 8.135: Total time for which application threads were stopped: 0.0054701 seconds, Stopping threads took: 0.0000202 seconds
2024-07-27T21:37:51.947+0800: 8.135: [CMS-concurrent-abortable-preclean: 0.006/0.245 secs] [Times: user=0.08 sys=0.00, real=0.25 secs] 
2024-07-27T21:37:51.947+0800: 8.135: Application time: 0.0003133 seconds
2024-07-27T21:37:51.947+0800: 8.135: [GC (CMS Final Remark) [YG occupancy: 12655 K (78656 K)]2024-07-27T21:37:51.947+0800: 8.135: [Rescan (parallel) , 0.0010189 secs]2024-07-27T21:37:51.948+0800: 8.136: [weak refs processing, 0.0000128 secs]2024-07-27T21:37:51.948+0800: 8.136: [class unloading, 0.0001831 secs]2024-07-27T21:37:51.948+0800: 8.136: [scrub symbol table, 0.0003072 secs]2024-07-27T21:37:51.949+0800: 8.137: [scrub string table, 0.0000921 secs][1 CMS-remark: 336528K(472236K)] 349184K(550892K), 0.0016756 secs] [Times: user=0.00 sys=0.00, real=0.00 secs] 
2024-07-27T21:37:51.949+0800: 8.137: Total time for which application threads were stopped: 0.0018536 seconds, Stopping threads took: 0.0001418 seconds
2024-07-27T21:37:51.949+0800: 8.137: [CMS-concurrent-sweep-start]
2024-07-27T21:37:51.950+0800: 8.139: [CMS-concurrent-sweep: 0.001/0.001 secs] [Times: user=0.00 sys=0.00, real=0.00 secs] 
2024-07-27T21:37:51.951+0800: 8.139: [CMS-concurrent-reset-start]
2024-07-27T21:37:51.952+0800: 8.140: [CMS-concurrent-reset: 0.001/0.001 secs] [Times: user=0.00 sys=0.00, real=0.00 secs] 
2024-07-27T21:37:51.953+0800: 8.142: Application time: 0.0047043 seconds
2024-07-27T21:37:51.954+0800: 8.142: [GC (Allocation Failure) 2024-07-27T21:37:51.954+0800: 8.142: [ParNew: 77168K->8192K(78656K), 0.0122836 secs] 257023K->256655K(550892K), 0.0123294 secs] [Times: user=0.03 sys=0.00, real=0.01 secs] 
2024-07-27T21:37:51.966+0800: 8.154: Total time for which application threads were stopped: 0.0124256 seconds, Stopping threads took: 0.0000155 seconds
2024-07-27T21:37:51.966+0800: 8.154: Application time: 0.0002345 seconds
2024-07-27T21:37:51.966+0800: 8.154: [GC (CMS Initial Mark) [1 CMS-initial-mark: 248463K(472236K)] 260095K(550892K), 0.0006139 secs] [Times: user=0.00 sys=0.00, real=0.00 secs] 
2024-07-27T21:37:51.967+0800: 8.155: Total time for which application threads were stopped: 0.0007201 seconds, Stopping threads took: 0.0000644 seconds
2024-07-27T21:37:51.967+0800: 8.155: [CMS-concurrent-mark-start]
2024-07-27T21:37:51.968+0800: 8.156: [CMS-concurrent-mark: 0.001/0.001 secs] [Times: user=0.00 sys=0.00, real=0.00 secs] 
2024-07-27T21:37:51.968+0800: 8.156: [CMS-concurrent-preclean-start]
2024-07-27T21:37:51.969+0800: 8.157: [CMS-concurrent-preclean: 0.001/0.001 secs] [Times: user=0.00 sys=0.00, real=0.00 secs] 
2024-07-27T21:37:51.969+0800: 8.157: [CMS-concurrent-abortable-preclean-start]
2024-07-27T21:37:52.086+0800: 8.274: Application time: 0.1193270 seconds
2024-07-27T21:37:52.086+0800: 8.274: [GC (Allocation Failure) 2024-07-27T21:37:52.086+0800: 8.274: [ParNew: 77168K->8192K(78656K), 0.0117603 secs] 325632K->325264K(550892K), 0.0118239 secs] [Times: user=0.01 sys=0.00, real=0.01 secs] 
2024-07-27T21:37:52.098+0800: 8.286: Total time for which application threads were stopped: 0.0119473 seconds, Stopping threads took: 0.0000334 seconds
2024-07-27T21:37:52.209+0800: 8.397: Application time: 0.1111965 seconds
2024-07-27T21:37:52.209+0800: 8.397: [GC (Allocation Failure) 2024-07-27T21:37:52.209+0800: 8.397: [ParNew: 77168K->8192K(78656K), 0.0058452 secs] 394241K->347793K(550892K), 0.0059038 secs] [Times: user=0.00 sys=0.00, real=0.01 secs] 
2024-07-27T21:37:52.215+0800: 8.403: Total time for which application threads were stopped: 0.0060164 seconds, Stopping threads took: 0.0000194 seconds
2024-07-27T21:37:52.215+0800: 8.403: [CMS-concurrent-abortable-preclean: 0.005/0.247 secs] [Times: user=0.08 sys=0.00, real=0.25 secs] 
2024-07-27T21:37:52.215+0800: 8.404: Application time: 0.0002622 seconds
2024-07-27T21:37:52.216+0800: 8.404: [GC (CMS Final Remark) [YG occupancy: 12655 K (78656 K)]2024-07-27T21:37:52.216+0800: 8.404: [Rescan (parallel) , 0.0007549 secs]2024-07-27T21:37:52.216+0800: 8.405: [weak refs processing, 0.0000126 secs]2024-07-27T21:37:52.216+0800: 8.405: [class unloading, 0.0001804 secs]2024-07-27T21:37:52.217+0800: 8.405: [scrub symbol table, 0.0003491 secs]2024-07-27T21:37:52.217+0800: 8.405: [scrub string table, 0.0001009 secs][1 CMS-remark: 339601K(472236K)] 352256K(550892K), 0.0014610 secs] [Times: user=0.00 sys=0.00, real=0.00 secs] 
2024-07-27T21:37:52.217+0800: 8.405: Total time for which application threads were stopped: 0.0015810 seconds, Stopping threads took: 0.0000826 seconds
2024-07-27T21:37:52.217+0800: 8.405: [CMS-concurrent-sweep-start]
2024-07-27T21:37:52.218+0800: 8.407: [CMS-concurrent-sweep: 0.001/0.001 secs] [Times: user=0.00 sys=0.00, real=0.00 secs] 
2024-07-27T21:37:52.219+0800: 8.407: [CMS-concurrent-reset-start]
2024-07-27T21:37:52.220+0800: 8.408: [CMS-concurrent-reset: 0.001/0.001 secs] [Times: user=0.00 sys=0.00, real=0.00 secs] 
2024-07-27T21:37:52.222+0800: 8.410: Application time: 0.0047589 seconds
2024-07-27T21:37:52.222+0800: 8.410: [GC (Allocation Failure) 2024-07-27T21:37:52.222+0800: 8.410: [ParNew: 77168K->8192K(78656K), 0.0121560 secs] 259071K->258703K(550892K), 0.0122033 secs] [Times: user=0.03 sys=0.00, real=0.01 secs] 
2024-07-27T21:37:52.234+0800: 8.422: Total time for which application threads were stopped: 0.0123079 seconds, Stopping threads took: 0.0000117 seconds
2024-07-27T21:37:52.234+0800: 8.423: Application time: 0.0002198 seconds
2024-07-27T21:37:52.234+0800: 8.423: [GC (CMS Initial Mark) [1 CMS-initial-mark: 250511K(472236K)] 262143K(550892K), 0.0007660 secs] [Times: user=0.00 sys=0.00, real=0.00 secs] 
2024-07-27T21:37:52.235+0800: 8.423: Total time for which application threads were stopped: 0.0008744 seconds, Stopping threads took: 0.0000637 seconds
2024-07-27T21:37:52.235+0800: 8.423: [CMS-concurrent-mark-start]
2024-07-27T21:37:52.236+0800: 8.424: [CMS-concurrent-mark: 0.001/0.001 secs] [Times: user=0.00 sys=0.00, real=0.00 secs] 
2024-07-27T21:37:52.236+0800: 8.424: [CMS-concurrent-preclean-start]
2024-07-27T21:37:52.237+0800: 8.425: [CMS-concurrent-preclean: 0.001/0.001 secs] [Times: user=0.00 sys=0.00, real=0.00 secs] 
2024-07-27T21:37:52.237+0800: 8.425: [CMS-concurrent-abortable-preclean-start]
2024-07-27T21:37:52.351+0800: 8.540: Application time: 0.1161511 seconds
2024-07-27T21:37:52.351+0800: 8.540: [GC (Allocation Failure) 2024-07-27T21:37:52.351+0800: 8.540: [ParNew: 77168K->8192K(78656K), 0.0119725 secs] 327680K->327312K(550892K), 0.0120350 secs] [Times: user=0.00 sys=0.00, real=0.01 secs] 
2024-07-27T21:37:52.364+0800: 8.552: Total time for which application threads were stopped: 0.0121441 seconds, Stopping threads took: 0.0000203 seconds
2024-07-27T21:37:52.476+0800: 8.664: Application time: 0.1123752 seconds
2024-07-27T21:37:52.476+0800: 8.664: [GC (Allocation Failure) 2024-07-27T21:37:52.476+0800: 8.664: [ParNew: 77543K->8196K(78656K), 0.0056329 secs] 396664K->349845K(550892K), 0.0056906 secs] [Times: user=0.00 sys=0.00, real=0.00 secs] 
2024-07-27T21:37:52.481+0800: 8.670: Total time for which application threads were stopped: 0.0057976 seconds, Stopping threads took: 0.0000189 seconds
2024-07-27T21:37:52.481+0800: 8.670: [CMS-concurrent-abortable-preclean: 0.005/0.245 secs] [Times: user=0.03 sys=0.00, real=0.24 secs] 
2024-07-27T21:37:52.481+0800: 8.670: Application time: 0.0003141 seconds
2024-07-27T21:37:52.481+0800: 8.670: [GC (CMS Final Remark) [YG occupancy: 12649 K (78656 K)]2024-07-27T21:37:52.481+0800: 8.670: [Rescan (parallel) , 0.0009019 secs]2024-07-27T21:37:52.483+0800: 8.671: [weak refs processing, 0.0000127 secs]2024-07-27T21:37:52.483+0800: 8.671: [class unloading, 0.0001889 secs]2024-07-27T21:37:52.483+0800: 8.671: [scrub symbol table, 0.0003266 secs]2024-07-27T21:37:52.483+0800: 8.672: [scrub string table, 0.0001045 secs][1 CMS-remark: 341649K(472236K)] 354299K(550892K), 0.0015973 secs] [Times: user=0.00 sys=0.00, real=0.00 secs] 
2024-07-27T21:37:52.483+0800: 8.672: Total time for which application threads were stopped: 0.0017097 seconds, Stopping threads took: 0.0000770 seconds
2024-07-27T21:37:52.483+0800: 8.672: [CMS-concurrent-sweep-start]
2024-07-27T21:37:52.485+0800: 8.674: [CMS-concurrent-sweep: 0.001/0.001 secs] [Times: user=0.00 sys=0.00, real=0.00 secs] 
2024-07-27T21:37:52.485+0800: 8.674: [CMS-concurrent-reset-start]
2024-07-27T21:37:52.487+0800: 8.675: [CMS-concurrent-reset: 0.001/0.001 secs] [Times: user=0.00 sys=0.00, real=0.00 secs] 
2024-07-27T21:37:52.489+0800: 8.677: Application time: 0.0048425 seconds
2024-07-27T21:37:52.489+0800: 8.677: [GC (Allocation Failure) 2024-07-27T21:37:52.489+0800: 8.677: [ParNew: 77162K->8192K(78656K), 0.0120849 secs] 260089K->259727K(550892K), 0.0121341 secs] [Times: user=0.00 sys=0.00, real=0.01 secs] 
2024-07-27T21:37:52.501+0800: 8.689: Total time for which application threads were stopped: 0.0122666 seconds, Stopping threads took: 0.0000388 seconds
2024-07-27T21:37:52.501+0800: 8.689: Application time: 0.0002533 seconds
2024-07-27T21:37:52.501+0800: 8.689: [GC (CMS Initial Mark) [1 CMS-initial-mark: 251535K(472236K)] 263161K(550892K), 0.0008446 secs] [Times: user=0.00 sys=0.00, real=0.00 secs] 
2024-07-27T21:37:52.502+0800: 8.690: Total time for which application threads were stopped: 0.0009656 seconds, Stopping threads took: 0.0000792 seconds
2024-07-27T21:37:52.502+0800: 8.690: [CMS-concurrent-mark-start]
2024-07-27T21:37:52.503+0800: 8.692: [CMS-concurrent-mark: 0.001/0.001 secs] [Times: user=0.00 sys=0.00, real=0.00 secs] 
2024-07-27T21:37:52.504+0800: 8.692: [CMS-concurrent-preclean-start]
2024-07-27T21:37:52.504+0800: 8.692: [CMS-concurrent-preclean: 0.001/0.001 secs] [Times: user=0.00 sys=0.00, real=0.00 secs] 
2024-07-27T21:37:52.504+0800: 8.692: [CMS-concurrent-abortable-preclean-start]
2024-07-27T21:37:52.619+0800: 8.807: Application time: 0.1169300 seconds
2024-07-27T21:37:52.619+0800: 8.807: [GC (Allocation Failure) 2024-07-27T21:37:52.619+0800: 8.807: [ParNew: 77162K->8192K(78656K), 0.0121210 secs] 328698K->328336K(550892K), 0.0121785 secs] [Times: user=0.03 sys=0.00, real=0.01 secs] 
2024-07-27T21:37:52.631+0800: 8.819: Total time for which application threads were stopped: 0.0122856 seconds, Stopping threads took: 0.0000185 seconds
2024-07-27T21:37:52.743+0800: 8.932: Application time: 0.1126536 seconds
2024-07-27T21:37:52.743+0800: 8.932: [GC (Allocation Failure) 2024-07-27T21:37:52.743+0800: 8.932: [ParNew: 77164K->8192K(78656K), 0.0056654 secs] 397309K->351889K(550892K), 0.0057287 secs] [Times: user=0.00 sys=0.00, real=0.01 secs] 
2024-07-27T21:37:52.749+0800: 8.938: Total time for which application threads were stopped: 0.0058415 seconds, Stopping threads took: 0.0000194 seconds
2024-07-27T21:37:52.749+0800: 8.938: [CMS-concurrent-abortable-preclean: 0.005/0.246 secs] [Times: user=0.05 sys=0.00, real=0.25 secs] 
2024-07-27T21:37:52.749+0800: 8.938: Application time: 0.0003003 seconds
2024-07-27T21:37:52.750+0800: 8.938: [GC (CMS Final Remark) [YG occupancy: 12653 K (78656 K)]2024-07-27T21:37:52.750+0800: 8.938: [Rescan (parallel) , 0.0009274 secs]2024-07-27T21:37:52.751+0800: 8.939: [weak refs processing, 0.0000178 secs]2024-07-27T21:37:52.751+0800: 8.939: [class unloading, 0.0002120 secs]2024-07-27T21:37:52.751+0800: 8.940: [scrub symbol table, 0.0003438 secs]2024-07-27T21:37:52.751+0800: 8.940: [scrub string table, 0.0001012 secs][1 CMS-remark: 343697K(472236K)] 356350K(550892K), 0.0016650 secs] [Times: user=0.00 sys=0.00, real=0.00 secs] 
2024-07-27T21:37:52.751+0800: 8.940: Total time for which application threads were stopped: 0.0017966 seconds, Stopping threads took: 0.0000943 seconds
2024-07-27T21:37:52.751+0800: 8.940: [CMS-concurrent-sweep-start]
2024-07-27T21:37:52.754+0800: 8.942: [CMS-concurrent-sweep: 0.002/0.002 secs] [Times: user=0.00 sys=0.00, real=0.00 secs] 
2024-07-27T21:37:52.754+0800: 8.942: [CMS-concurrent-reset-start]
2024-07-27T21:37:52.755+0800: 8.943: [CMS-concurrent-reset: 0.001/0.001 secs] [Times: user=0.03 sys=0.00, real=0.00 secs] 
2024-07-27T21:37:52.757+0800: 8.945: Application time: 0.0047828 seconds
2024-07-27T21:37:52.757+0800: 8.945: [GC (Allocation Failure) 2024-07-27T21:37:52.757+0800: 8.945: [ParNew: 77166K->8192K(78656K), 0.0121874 secs] 261116K->260751K(550892K), 0.0122355 secs] [Times: user=0.00 sys=0.00, real=0.01 secs] 
2024-07-27T21:37:52.769+0800: 8.957: Total time for which application threads were stopped: 0.0123473 seconds, Stopping threads took: 0.0000145 seconds
2024-07-27T21:37:52.769+0800: 8.957: Application time: 0.0002466 seconds
2024-07-27T21:37:52.769+0800: 8.958: [GC (CMS Initial Mark) [1 CMS-initial-mark: 252559K(472236K)] 264189K(550892K), 0.0007631 secs] [Times: user=0.00 sys=0.00, real=0.00 secs] 
2024-07-27T21:37:52.770+0800: 8.958: Total time for which application threads were stopped: 0.0009318 seconds, Stopping threads took: 0.0001265 seconds
2024-07-27T21:37:52.770+0800: 8.959: [CMS-concurrent-mark-start]
2024-07-27T21:37:52.771+0800: 8.959: [CMS-concurrent-mark: 0.001/0.001 secs] [Times: user=0.00 sys=0.00, real=0.00 secs] 
2024-07-27T21:37:52.771+0800: 8.959: [CMS-concurrent-preclean-start]
2024-07-27T21:37:52.771+0800: 8.960: [CMS-concurrent-preclean: 0.001/0.001 secs] [Times: user=0.00 sys=0.00, real=0.00 secs] 
2024-07-27T21:37:52.771+0800: 8.960: [CMS-concurrent-abortable-preclean-start]
2024-07-27T21:37:52.889+0800: 9.078: Application time: 0.1193183 seconds
2024-07-27T21:37:52.889+0800: 9.078: [GC (Allocation Failure) 2024-07-27T21:37:52.889+0800: 9.078: [ParNew: 77167K->8192K(78656K), 0.0122080 secs] 329726K->329360K(550892K), 0.0122658 secs] [Times: user=0.03 sys=0.00, real=0.01 secs] 
2024-07-27T21:37:52.902+0800: 9.090: Total time for which application threads were stopped: 0.0123779 seconds, Stopping threads took: 0.0000183 seconds
2024-07-27T21:37:53.013+0800: 9.201: Application time: 0.1110647 seconds
2024-07-27T21:37:53.013+0800: 9.201: [GC (Allocation Failure) 2024-07-27T21:37:53.013+0800: 9.201: [ParNew: 77167K->8192K(78656K), 0.0058712 secs] 398336K->353937K(550892K), 0.0059295 secs] [Times: user=0.00 sys=0.00, real=0.01 secs] 
2024-07-27T21:37:53.019+0800: 9.207: Total time for which application threads were stopped: 0.0060361 seconds, Stopping threads took: 0.0000189 seconds
2024-07-27T21:37:53.019+0800: 9.207: [CMS-concurrent-abortable-preclean: 0.006/0.247 secs] [Times: user=0.03 sys=0.00, real=0.25 secs] 
2024-07-27T21:37:53.019+0800: 9.207: Application time: 0.0002778 seconds
2024-07-27T21:37:53.020+0800: 9.208: [GC (CMS Final Remark) [YG occupancy: 12655 K (78656 K)]2024-07-27T21:37:53.020+0800: 9.208: [Rescan (parallel) , 0.0004234 secs]2024-07-27T21:37:53.020+0800: 9.208: [weak refs processing, 0.0000115 secs]2024-07-27T21:37:53.020+0800: 9.208: [class unloading, 0.0001970 secs]2024-07-27T21:37:53.020+0800: 9.208: [scrub symbol table, 0.0003270 secs]2024-07-27T21:37:53.021+0800: 9.209: [scrub string table, 0.0000921 secs][1 CMS-remark: 345745K(472236K)] 358400K(550892K), 0.0011132 secs] [Times: user=0.00 sys=0.02, real=0.00 secs] 
2024-07-27T21:37:53.021+0800: 9.209: Total time for which application threads were stopped: 0.0011941 seconds, Stopping threads took: 0.0000457 seconds
2024-07-27T21:37:53.021+0800: 9.209: [CMS-concurrent-sweep-start]
2024-07-27T21:37:53.022+0800: 9.210: [CMS-concurrent-sweep: 0.002/0.002 secs] [Times: user=0.00 sys=0.00, real=0.00 secs] 
2024-07-27T21:37:53.022+0800: 9.210: [CMS-concurrent-reset-start]
2024-07-27T21:37:53.024+0800: 9.212: [CMS-concurrent-reset: 0.001/0.001 secs] [Times: user=0.00 sys=0.00, real=0.00 secs] 
2024-07-27T21:37:53.025+0800: 9.213: Application time: 0.0046959 seconds
2024-07-27T21:37:53.025+0800: 9.213: [GC (Allocation Failure) 2024-07-27T21:37:53.026+0800: 9.213: [ParNew: 77168K->8192K(78656K), 0.0119580 secs] 263166K->262799K(550892K), 0.0120093 secs] [Times: user=0.03 sys=0.00, real=0.01 secs] 
2024-07-27T21:37:53.038+0800: 9.226: Total time for which application threads were stopped: 0.0121063 seconds, Stopping threads took: 0.0000122 seconds
2024-07-27T21:37:53.038+0800: 9.226: Application time: 0.0002057 seconds
2024-07-27T21:37:53.038+0800: 9.226: [GC (CMS Initial Mark) [1 CMS-initial-mark: 254607K(472236K)] 265215K(550892K), 0.0007933 secs] [Times: user=0.00 sys=0.00, real=0.00 secs] 
2024-07-27T21:37:53.039+0800: 9.227: Total time for which application threads were stopped: 0.0008536 seconds, Stopping threads took: 0.0000207 seconds
2024-07-27T21:37:53.039+0800: 9.227: [CMS-concurrent-mark-start]
2024-07-27T21:37:53.040+0800: 9.228: [CMS-concurrent-mark: 0.001/0.001 secs] [Times: user=0.00 sys=0.00, real=0.00 secs] 
2024-07-27T21:37:53.040+0800: 9.228: [CMS-concurrent-preclean-start]
2024-07-27T21:37:53.040+0800: 9.228: [CMS-concurrent-preclean: 0.001/0.001 secs] [Times: user=0.00 sys=0.00, real=0.00 secs] 
2024-07-27T21:37:53.040+0800: 9.228: [CMS-concurrent-abortable-preclean-start]
2024-07-27T21:37:53.158+0800: 9.346: Application time: 0.1191447 seconds
2024-07-27T21:37:53.158+0800: 9.346: [GC (Allocation Failure) 2024-07-27T21:37:53.158+0800: 9.346: [ParNew: 77168K->8192K(78656K), 0.0121358 secs] 331776K->331408K(550892K), 0.0122091 secs] [Times: user=0.03 sys=0.00, real=0.01 secs] 
2024-07-27T21:37:53.170+0800: 9.358: Total time for which application threads were stopped: 0.0123375 seconds, Stopping threads took: 0.0000371 seconds
2024-07-27T21:37:53.281+0800: 9.470: Application time: 0.1115044 seconds
2024-07-27T21:37:53.281+0800: 9.470: [GC (Allocation Failure) 2024-07-27T21:37:53.281+0800: 9.470: [ParNew: 77171K->8192K(78656K), 0.0061261 secs] 400387K->357009K(550892K), 0.0062110 secs] [Times: user=0.03 sys=0.00, real=0.01 secs] 
2024-07-27T21:37:53.288+0800: 9.476: Total time for which application threads were stopped: 0.0063206 seconds, Stopping threads took: 0.0000195 seconds
2024-07-27T21:37:53.288+0800: 9.476: [CMS-concurrent-abortable-preclean: 0.005/0.248 secs] [Times: user=0.06 sys=0.00, real=0.25 secs] 
2024-07-27T21:37:53.288+0800: 9.476: Application time: 0.0003015 seconds
2024-07-27T21:37:53.288+0800: 9.476: [GC (CMS Final Remark) [YG occupancy: 11625 K (78656 K)]2024-07-27T21:37:53.288+0800: 9.476: [Rescan (parallel) , 0.0007569 secs]2024-07-27T21:37:53.288+0800: 9.477: [weak refs processing, 0.0000126 secs]2024-07-27T21:37:53.288+0800: 9.477: [class unloading, 0.0002053 secs]2024-07-27T21:37:53.289+0800: 9.477: [scrub symbol table, 0.0003580 secs]2024-07-27T21:37:53.289+0800: 9.478: [scrub string table, 0.0001000 secs][1 CMS-remark: 348817K(472236K)] 360443K(550892K), 0.0014993 secs] [Times: user=0.00 sys=0.00, real=0.00 secs] 
2024-07-27T21:37:53.289+0800: 9.478: Total time for which application threads were stopped: 0.0016686 seconds, Stopping threads took: 0.0001288 seconds
2024-07-27T21:37:53.289+0800: 9.478: [CMS-concurrent-sweep-start]
2024-07-27T21:37:53.291+0800: 9.480: [CMS-concurrent-sweep: 0.002/0.002 secs] [Times: user=0.00 sys=0.00, real=0.00 secs] 
2024-07-27T21:37:53.291+0800: 9.480: [CMS-concurrent-reset-start]
2024-07-27T21:37:53.292+0800: 9.481: [CMS-concurrent-reset: 0.001/0.001 secs] [Times: user=0.00 sys=0.00, real=0.00 secs] 
2024-07-27T21:37:53.405+0800: 9.593: Application time: 0.1150567 seconds
2024-07-27T21:37:53.405+0800: 9.593: [GC (Allocation Failure) 2024-07-27T21:37:53.405+0800: 9.593: [ParNew: 77162K->8192K(78656K), 0.0124059 secs] 265209K->264847K(550892K), 0.0124711 secs] [Times: user=0.03 sys=0.00, real=0.01 secs] 
2024-07-27T21:37:53.417+0800: 9.606: Total time for which application threads were stopped: 0.0126068 seconds, Stopping threads took: 0.0000234 seconds
2024-07-27T21:37:53.417+0800: 9.606: Application time: 0.0002189 seconds
2024-07-27T21:37:53.417+0800: 9.606: [GC (CMS Initial Mark) [1 CMS-initial-mark: 256655K(472236K)] 268283K(550892K), 0.0008230 secs] [Times: user=0.00 sys=0.00, real=0.00 secs] 
2024-07-27T21:37:53.419+0800: 9.607: Total time for which application threads were stopped: 0.0009421 seconds, Stopping threads took: 0.0000777 seconds
2024-07-27T21:37:53.419+0800: 9.607: [CMS-concurrent-mark-start]
2024-07-27T21:37:53.422+0800: 9.610: [CMS-concurrent-mark: 0.004/0.004 secs] [Times: user=0.00 sys=0.00, real=0.00 secs] 
2024-07-27T21:37:53.422+0800: 9.610: [CMS-concurrent-preclean-start]
2024-07-27T21:37:53.423+0800: 9.612: [CMS-concurrent-preclean: 0.001/0.001 secs] [Times: user=0.00 sys=0.00, real=0.00 secs] 
2024-07-27T21:37:53.423+0800: 9.612: Application time: 0.0050835 seconds
2024-07-27T21:37:53.423+0800: 9.612: [GC (Allocation Failure) 2024-07-27T21:37:53.423+0800: 9.612: [ParNew: 77165K->8192K(78656K), 0.0122088 secs] 333820K->333457K(550892K), 0.0122568 secs] [Times: user=0.03 sys=0.00, real=0.01 secs] 
2024-07-27T21:37:53.435+0800: 9.624: Total time for which application threads were stopped: 0.0123526 seconds, Stopping threads took: 0.0000148 seconds
2024-07-27T21:37:53.437+0800: 9.625: Application time: 0.0005273 seconds
2024-07-27T21:37:53.437+0800: 9.625: [GC (CMS Final Remark) [YG occupancy: 13677 K (78656 K)]2024-07-27T21:37:53.437+0800: 9.625: [Rescan (parallel) , 0.0008529 secs]2024-07-27T21:37:53.437+0800: 9.626: [weak refs processing, 0.0000127 secs]2024-07-27T21:37:53.437+0800: 9.626: [class unloading, 0.0002659 secs]2024-07-27T21:37:53.438+0800: 9.626: [scrub symbol table, 0.0003495 secs]2024-07-27T21:37:53.438+0800: 9.626: [scrub string table, 0.0001195 secs][1 CMS-remark: 325264K(472236K)] 338942K(550892K), 0.0016667 secs] [Times: user=0.00 sys=0.00, real=0.00 secs] 
2024-07-27T21:37:53.438+0800: 9.626: Total time for which application threads were stopped: 0.0017664 seconds, Stopping threads took: 0.0000619 seconds
2024-07-27T21:37:53.438+0800: 9.627: [CMS-concurrent-sweep-start]
2024-07-27T21:37:53.439+0800: 9.628: [CMS-concurrent-sweep: 0.002/0.002 secs] [Times: user=0.00 sys=0.00, real=0.00 secs] 
2024-07-27T21:37:53.439+0800: 9.628: [CMS-concurrent-reset-start]
2024-07-27T21:37:53.440+0800: 9.629: [CMS-concurrent-reset: 0.001/0.001 secs] [Times: user=0.00 sys=0.00, real=0.00 secs] 
2024-07-27T21:37:53.549+0800: 9.737: Application time: 0.1108960 seconds
2024-07-27T21:37:53.549+0800: 9.737: [GC (Allocation Failure) 2024-07-27T21:37:53.550+0800: 9.737: [ParNew: 77166K->8192K(78656K), 0.0062669 secs] 240636K->198286K(550892K), 0.0063285 secs] [Times: user=0.03 sys=0.00, real=0.01 secs] 
2024-07-27T21:37:53.556+0800: 9.744: Total time for which application threads were stopped: 0.0064519 seconds, Stopping threads took: 0.0000322 seconds
2024-07-27T21:37:53.672+0800: 9.860: Application time: 0.1164079 seconds
2024-07-27T21:37:53.672+0800: 9.860: [GC (Allocation Failure) 2024-07-27T21:37:53.672+0800: 9.860: [ParNew: 77167K->8192K(78656K), 0.0123287 secs] 267262K->266896K(550892K), 0.0123968 secs] [Times: user=0.03 sys=0.00, real=0.01 secs] 
2024-07-27T21:37:53.685+0800: 9.873: Total time for which application threads were stopped: 0.0125180 seconds, Stopping threads took: 0.0000226 seconds
2024-07-27T21:37:53.685+0800: 9.873: Application time: 0.0002219 seconds
2024-07-27T21:37:53.685+0800: 9.873: [GC (CMS Initial Mark) [1 CMS-initial-mark: 258703K(472236K)] 270334K(550892K), 0.0007785 secs] [Times: user=0.00 sys=0.00, real=0.00 secs] 
2024-07-27T21:37:53.686+0800: 9.874: Total time for which application threads were stopped: 0.0009005 seconds, Stopping threads took: 0.0000766 seconds
2024-07-27T21:37:53.686+0800: 9.874: [CMS-concurrent-mark-start]
2024-07-27T21:37:53.690+0800: 9.878: [CMS-concurrent-mark: 0.004/0.004 secs] [Times: user=0.00 sys=0.00, real=0.00 secs] 
2024-07-27T21:37:53.690+0800: 9.878: [CMS-concurrent-preclean-start]
2024-07-27T21:37:53.691+0800: 9.879: Application time: 0.0049389 seconds
2024-07-27T21:37:53.691+0800: 9.879: [GC (Allocation Failure) 2024-07-27T21:37:53.691+0800: 9.879: [ParNew: 77167K->8192K(78656K), 0.0119887 secs] 335871K->335505K(550892K), 0.0120368 secs] [Times: user=0.03 sys=0.00, real=0.01 secs] 
2024-07-27T21:37:53.703+0800: 9.891: Total time for which application threads were stopped: 0.0121331 seconds, Stopping threads took: 0.0000140 seconds
2024-07-27T21:37:53.704+0800: 9.892: [CMS-concurrent-preclean: 0.001/0.014 secs] [Times: user=0.03 sys=0.00, real=0.01 secs] 
2024-07-27T21:37:53.704+0800: 9.892: [CMS-concurrent-abortable-preclean-start]
2024-07-27T21:37:53.817+0800: 10.006: Application time: 0.1147062 seconds
2024-07-27T21:37:53.818+0800: 10.006: [GC (Allocation Failure) 2024-07-27T21:37:53.818+0800: 10.006: [ParNew: 77168K->8192K(78656K), 0.0064114 secs] 404481K->363153K(550892K), 0.0064710 secs] [Times: user=0.00 sys=0.00, real=0.01 secs] 
2024-07-27T21:37:53.824+0800: 10.012: Total time for which application threads were stopped: 0.0065937 seconds, Stopping threads took: 0.0000234 seconds
2024-07-27T21:37:53.824+0800: 10.012: [CMS-concurrent-abortable-preclean: 0.003/0.121 secs] [Times: user=0.02 sys=0.00, real=0.12 secs] 
2024-07-27T21:37:53.824+0800: 10.013: Application time: 0.0002913 seconds
2024-07-27T21:37:53.825+0800: 10.013: [GC (CMS Final Remark) [YG occupancy: 12655 K (78656 K)]2024-07-27T21:37:53.825+0800: 10.013: [Rescan (parallel) , 0.0010045 secs]2024-07-27T21:37:53.826+0800: 10.014: [weak refs processing, 0.0000128 secs]2024-07-27T21:37:53.826+0800: 10.014: [class unloading, 0.0001861 secs]2024-07-27T21:37:53.826+0800: 10.014: [scrub symbol table, 0.0003479 secs]2024-07-27T21:37:53.826+0800: 10.014: [scrub string table, 0.0001150 secs][1 CMS-remark: 354961K(472236K)] 367616K(550892K), 0.0017289 secs] [Times: user=0.00 sys=0.00, real=0.00 secs] 
2024-07-27T21:37:53.826+0800: 10.014: Total time for which application threads were stopped: 0.0018570 seconds, Stopping threads took: 0.0000880 seconds
2024-07-27T21:37:53.826+0800: 10.015: [CMS-concurrent-sweep-start]
2024-07-27T21:37:53.827+0800: 10.016: [CMS-concurrent-sweep: 0.002/0.002 secs] [Times: user=0.00 sys=0.00, real=0.00 secs] 
2024-07-27T21:37:53.827+0800: 10.016: [CMS-concurrent-reset-start]
2024-07-27T21:37:53.829+0800: 10.017: [CMS-concurrent-reset: 0.001/0.001 secs] [Times: user=0.00 sys=0.00, real=0.00 secs] 
2024-07-27T21:37:53.940+0800: 10.128: Application time: 0.1134998 seconds
2024-07-27T21:37:53.940+0800: 10.128: [GC (Allocation Failure) 2024-07-27T21:37:53.940+0800: 10.128: [ParNew: 77168K->8192K(78656K), 0.0120872 secs] 269311K->268944K(550892K), 0.0121621 secs] [Times: user=0.03 sys=0.00, real=0.01 secs] 
2024-07-27T21:37:53.952+0800: 10.140: Total time for which application threads were stopped: 0.0122762 seconds, Stopping threads took: 0.0000211 seconds
2024-07-27T21:37:53.952+0800: 10.140: Application time: 0.0002356 seconds
2024-07-27T21:37:53.952+0800: 10.141: [GC (CMS Initial Mark) [1 CMS-initial-mark: 260751K(472236K)] 272383K(550892K), 0.0007259 secs] [Times: user=0.00 sys=0.00, real=0.00 secs] 
2024-07-27T21:37:53.953+0800: 10.141: Total time for which application threads were stopped: 0.0009182 seconds, Stopping threads took: 0.0001453 seconds
2024-07-27T21:37:53.953+0800: 10.141: [CMS-concurrent-mark-start]
2024-07-27T21:37:53.957+0800: 10.145: [CMS-concurrent-mark: 0.004/0.004 secs] [Times: user=0.00 sys=0.00, real=0.00 secs] 
2024-07-27T21:37:53.957+0800: 10.145: [CMS-concurrent-preclean-start]
2024-07-27T21:37:53.958+0800: 10.146: [CMS-concurrent-preclean: 0.001/0.001 secs] [Times: user=0.02 sys=0.00, real=0.00 secs] 
2024-07-27T21:37:53.958+0800: 10.146: Application time: 0.0051280 seconds
2024-07-27T21:37:53.958+0800: 10.146: [GC (Allocation Failure) 2024-07-27T21:37:53.958+0800: 10.147: [ParNew: 77168K->8192K(78656K), 0.0124861 secs] 337920K->337553K(550892K), 0.0125351 secs] [Times: user=0.00 sys=0.00, real=0.01 secs] 
2024-07-27T21:37:53.971+0800: 10.159: Total time for which application threads were stopped: 0.0126391 seconds, Stopping threads took: 0.0000128 seconds
2024-07-27T21:37:53.971+0800: 10.159: Application time: 0.0001784 seconds
2024-07-27T21:37:53.971+0800: 10.159: [GC (CMS Final Remark) [YG occupancy: 9216 K (78656 K)]2024-07-27T21:37:53.971+0800: 10.159: [Rescan (parallel) , 0.0008685 secs]2024-07-27T21:37:53.972+0800: 10.160: [weak refs processing, 0.0000130 secs]2024-07-27T21:37:53.972+0800: 10.160: [class unloading, 0.0001863 secs]2024-07-27T21:37:53.972+0800: 10.161: [scrub symbol table, 0.0003671 secs]2024-07-27T21:37:53.972+0800: 10.161: [scrub string table, 0.0001147 secs][1 CMS-remark: 329360K(472236K)] 338577K(550892K), 0.0016229 secs] [Times: user=0.00 sys=0.00, real=0.00 secs] 
2024-07-27T21:37:53.972+0800: 10.161: Total time for which application threads were stopped: 0.0017586 seconds, Stopping threads took: 0.0000766 seconds
2024-07-27T21:37:53.973+0800: 10.161: [CMS-concurrent-sweep-start]
2024-07-27T21:37:53.974+0800: 10.163: [CMS-concurrent-sweep: 0.002/0.002 secs] [Times: user=0.00 sys=0.00, real=0.00 secs] 
2024-07-27T21:37:53.974+0800: 10.163: [CMS-concurrent-reset-start]
2024-07-27T21:37:53.975+0800: 10.164: [CMS-concurrent-reset: 0.001/0.001 secs] [Times: user=0.00 sys=0.00, real=0.00 secs] 
2024-07-27T21:37:54.083+0800: 10.272: Application time: 0.1107499 seconds
2024-07-27T21:37:54.083+0800: 10.272: [GC (Allocation Failure) 2024-07-27T21:37:54.083+0800: 10.272: [ParNew: 77168K->8192K(78656K), 0.0061838 secs] 242687K->202383K(550892K), 0.0062438 secs] [Times: user=0.00 sys=0.00, real=0.01 secs] 
2024-07-27T21:37:54.090+0800: 10.278: Total time for which application threads were stopped: 0.0063702 seconds, Stopping threads took: 0.0000340 seconds
2024-07-27T21:37:54.208+0800: 10.396: Application time: 0.1181295 seconds
2024-07-27T21:37:54.208+0800: 10.396: [GC (Allocation Failure) 2024-07-27T21:37:54.208+0800: 10.396: [ParNew: 77168K->8192K(78656K), 0.0127442 secs] 271359K->270992K(550892K), 0.0128071 secs] [Times: user=0.00 sys=0.00, real=0.01 secs] 
2024-07-27T21:37:54.221+0800: 10.409: Total time for which application threads were stopped: 0.0129238 seconds, Stopping threads took: 0.0000219 seconds
2024-07-27T21:37:54.226+0800: 10.414: Application time: 0.0044575 seconds
2024-07-27T21:37:54.226+0800: 10.414: [GC (Allocation Failure) 2024-07-27T21:37:54.226+0800: 10.414: [ParNew: 77168K->8192K(78656K), 0.0117371 secs] 339968K->339601K(550892K), 0.0117863 secs] [Times: user=0.00 sys=0.00, real=0.01 secs] 
2024-07-27T21:37:54.238+0800: 10.426: Total time for which application threads were stopped: 0.0118842 seconds, Stopping threads took: 0.0000146 seconds
2024-07-27T21:37:54.238+0800: 10.426: Application time: 0.0002512 seconds
2024-07-27T21:37:54.238+0800: 10.426: [GC (CMS Initial Mark) [1 CMS-initial-mark: 331408K(472236K)] 343040K(550892K), 0.0007895 secs] [Times: user=0.00 sys=0.01, real=0.00 secs] 
2024-07-27T21:37:54.239+0800: 10.427: Total time for which application threads were stopped: 0.0009850 seconds, Stopping threads took: 0.0001483 seconds
2024-07-27T21:37:54.239+0800: 10.427: [CMS-concurrent-mark-start]
2024-07-27T21:37:54.241+0800: 10.429: [CMS-concurrent-mark: 0.002/0.002 secs] [Times: user=0.00 sys=0.00, real=0.00 secs] 
2024-07-27T21:37:54.242+0800: 10.429: [CMS-concurrent-preclean-start]
2024-07-27T21:37:54.242+0800: 10.430: [CMS-concurrent-preclean: 0.001/0.001 secs] [Times: user=0.00 sys=0.00, real=0.00 secs] 
2024-07-27T21:37:54.242+0800: 10.430: [CMS-concurrent-abortable-preclean-start]
2024-07-27T21:37:54.351+0800: 10.539: Application time: 0.1126338 seconds
2024-07-27T21:37:54.351+0800: 10.539: [GC (Allocation Failure) 2024-07-27T21:37:54.351+0800: 10.540: [ParNew: 77168K->8192K(78656K), 0.0065698 secs] 408577K->369297K(550892K), 0.0066296 secs] [Times: user=0.00 sys=0.00, real=0.01 secs] 
2024-07-27T21:37:54.358+0800: 10.546: Total time for which application threads were stopped: 0.0067414 seconds, Stopping threads took: 0.0000192 seconds
2024-07-27T21:37:54.476+0800: 10.664: Application time: 0.1176750 seconds
2024-07-27T21:37:54.476+0800: 10.664: [GC (Allocation Failure) 2024-07-27T21:37:54.476+0800: 10.664: [ParNew: 77168K->8192K(78656K), 0.0121835 secs] 438274K->437906K(550892K), 0.0122479 secs] [Times: user=0.00 sys=0.00, real=0.01 secs] 
2024-07-27T21:37:54.488+0800: 10.676: Total time for which application threads were stopped: 0.0123915 seconds, Stopping threads took: 0.0000415 seconds
2024-07-27T21:37:54.492+0800: 10.681: Application time: 0.0045332 seconds
2024-07-27T21:37:54.492+0800: 10.681: [GC (Allocation Failure) 2024-07-27T21:37:54.492+0800: 10.681: [ParNew: 77168K->8192K(78656K), 0.0223069 secs] 506883K->506515K(577620K), 0.0223562 secs] [Times: user=0.02 sys=0.02, real=0.02 secs] 
2024-07-27T21:37:54.515+0800: 10.703: Total time for which application threads were stopped: 0.0224550 seconds, Stopping threads took: 0.0000147 seconds
2024-07-27T21:37:54.515+0800: 10.703: [CMS-concurrent-abortable-preclean: 0.005/0.273 secs] [Times: user=0.05 sys=0.02, real=0.27 secs] 
2024-07-27T21:37:54.515+0800: 10.704: Application time: 0.0003113 seconds
2024-07-27T21:37:54.515+0800: 10.704: [GC (CMS Final Remark) [YG occupancy: 12655 K (78656 K)]2024-07-27T21:37:54.515+0800: 10.704: [Rescan (parallel) , 0.0010598 secs]2024-07-27T21:37:54.517+0800: 10.705: [weak refs processing, 0.0000126 secs]2024-07-27T21:37:54.517+0800: 10.705: [class unloading, 0.0002515 secs]2024-07-27T21:37:54.517+0800: 10.705: [scrub symbol table, 0.0003634 secs]2024-07-27T21:37:54.517+0800: 10.705: [scrub string table, 0.0001041 secs][1 CMS-remark: 498323K(498964K)] 510979K(577620K), 0.0018574 secs] [Times: user=0.00 sys=0.00, real=0.00 secs] 
2024-07-27T21:37:54.517+0800: 10.706: Total time for which application threads were stopped: 0.0020209 seconds, Stopping threads took: 0.0001272 seconds
2024-07-27T21:37:54.517+0800: 10.706: [CMS-concurrent-sweep-start]
2024-07-27T21:37:54.519+0800: 10.707: [CMS-concurrent-sweep: 0.001/0.001 secs] [Times: user=0.00 sys=0.00, real=0.00 secs] 
2024-07-27T21:37:54.519+0800: 10.708: [CMS-concurrent-reset-start]
2024-07-27T21:37:54.520+0800: 10.708: [CMS-concurrent-reset: 0.001/0.001 secs] [Times: user=0.02 sys=0.00, real=0.00 secs] 
2024-07-27T21:37:54.636+0800: 10.824: Application time: 0.1186988 seconds
2024-07-27T21:37:54.636+0800: 10.824: [GC (Allocation Failure) 2024-07-27T21:37:54.636+0800: 10.824: [ParNew: 77168K->8192K(78656K), 0.0069822 secs] 410625K->372369K(634420K), 0.0070420 secs] [Times: user=0.00 sys=0.00, real=0.01 secs] 
2024-07-27T21:37:54.643+0800: 10.831: Total time for which application threads were stopped: 0.0071761 seconds, Stopping threads took: 0.0000184 seconds
2024-07-27T21:37:54.644+0800: 10.832: Application time: 0.0001006 seconds
2024-07-27T21:37:54.644+0800: 10.832: [GC (CMS Initial Mark) [1 CMS-initial-mark: 364177K(555764K)] 375809K(634420K), 0.0002812 secs] [Times: user=0.00 sys=0.00, real=0.00 secs] 
2024-07-27T21:37:54.644+0800: 10.832: Total time for which application threads were stopped: 0.0004335 seconds, Stopping threads took: 0.0000888 seconds
2024-07-27T21:37:54.644+0800: 10.832: [CMS-concurrent-mark-start]
2024-07-27T21:37:54.648+0800: 10.836: [CMS-concurrent-mark: 0.004/0.004 secs] [Times: user=0.05 sys=0.00, real=0.00 secs] 
2024-07-27T21:37:54.649+0800: 10.837: [CMS-concurrent-preclean-start]
2024-07-27T21:37:54.650+0800: 10.838: [CMS-concurrent-preclean: 0.001/0.001 secs] [Times: user=0.00 sys=0.00, real=0.00 secs] 
2024-07-27T21:37:54.650+0800: 10.838: [CMS-concurrent-abortable-preclean-start]
2024-07-27T21:37:54.759+0800: 10.947: Application time: 0.1151307 seconds
2024-07-27T21:37:54.759+0800: 10.947: [GC (Allocation Failure) 2024-07-27T21:37:54.759+0800: 10.947: [ParNew: 77168K->8192K(78656K), 0.0119453 secs] 441346K->440978K(634420K), 0.0120194 secs] [Times: user=0.03 sys=0.00, real=0.01 secs] 
2024-07-27T21:37:54.771+0800: 10.959: Total time for which application threads were stopped: 0.0121387 seconds, Stopping threads took: 0.0000203 seconds
2024-07-27T21:37:54.775+0800: 10.964: Application time: 0.0046111 seconds
2024-07-27T21:37:54.775+0800: 10.964: [GC (Allocation Failure) 2024-07-27T21:37:54.775+0800: 10.964: [ParNew: 77168K->8192K(78656K), 0.0136303 secs] 509955K->509587K(634420K), 0.0136795 secs] [Times: user=0.03 sys=0.00, real=0.01 secs] 
2024-07-27T21:37:54.789+0800: 10.978: Total time for which application threads were stopped: 0.0137891 seconds, Stopping threads took: 0.0000154 seconds
2024-07-27T21:37:54.904+0800: 11.092: Application time: 0.1145407 seconds
2024-07-27T21:37:54.904+0800: 11.092: [GC (Allocation Failure) 2024-07-27T21:37:54.904+0800: 11.092: [ParNew: 77168K->8192K(78656K), 0.0190668 secs] 578564K->541332K(634420K), 0.0191254 secs] [Times: user=0.02 sys=0.02, real=0.02 secs] 
2024-07-27T21:37:54.923+0800: 11.111: Total time for which application threads were stopped: 0.0192332 seconds, Stopping threads took: 0.0000189 seconds
2024-07-27T21:37:54.923+0800: 11.112: [CMS-concurrent-abortable-preclean: 0.007/0.274 secs] [Times: user=0.08 sys=0.02, real=0.27 secs] 
2024-07-27T21:37:54.923+0800: 11.112: Application time: 0.0003575 seconds
2024-07-27T21:37:54.923+0800: 11.112: [GC (CMS Final Remark) [YG occupancy: 13679 K (78656 K)]2024-07-27T21:37:54.923+0800: 11.112: [Rescan (parallel) , 0.0006336 secs]2024-07-27T21:37:54.925+0800: 11.113: [weak refs processing, 0.0000132 secs]2024-07-27T21:37:54.925+0800: 11.113: [class unloading, 0.0001877 secs]2024-07-27T21:37:54.925+0800: 11.113: [scrub symbol table, 0.0003522 secs]2024-07-27T21:37:54.925+0800: 11.113: [scrub string table, 0.0001014 secs][1 CMS-remark: 533140K(555764K)] 546819K(634420K), 0.0013548 secs] [Times: user=0.00 sys=0.00, real=0.00 secs] 
2024-07-27T21:37:54.925+0800: 11.113: Total time for which application threads were stopped: 0.0014612 seconds, Stopping threads took: 0.0000610 seconds
2024-07-27T21:37:54.925+0800: 11.114: [CMS-concurrent-sweep-start]
2024-07-27T21:37:54.927+0800: 11.115: [CMS-concurrent-sweep: 0.002/0.002 secs] [Times: user=0.03 sys=0.00, real=0.00 secs] 
2024-07-27T21:37:54.927+0800: 11.116: [CMS-concurrent-reset-start]
2024-07-27T21:37:54.928+0800: 11.117: [CMS-concurrent-reset: 0.001/0.001 secs] [Times: user=0.00 sys=0.00, real=0.00 secs] 
2024-07-27T21:37:55.043+0800: 11.231: Application time: 0.1179554 seconds
2024-07-27T21:37:55.043+0800: 11.231: [GC (Allocation Failure) 2024-07-27T21:37:55.043+0800: 11.231: [ParNew: 77168K->8192K(78656K), 0.0118809 secs] 277503K->277136K(634420K), 0.0119402 secs] [Times: user=0.03 sys=0.00, real=0.01 secs] 
2024-07-27T21:37:55.055+0800: 11.243: Total time for which application threads were stopped: 0.0120657 seconds, Stopping threads took: 0.0000209 seconds
2024-07-27T21:37:55.060+0800: 11.248: Application time: 0.0044662 seconds
2024-07-27T21:37:55.060+0800: 11.248: [GC (Allocation Failure) 2024-07-27T21:37:55.060+0800: 11.248: [ParNew: 77168K->8192K(78656K), 0.0202711 secs] 346112K->345745K(634420K), 0.0203191 secs] [Times: user=0.01 sys=0.02, real=0.02 secs] 
2024-07-27T21:37:55.080+0800: 11.268: Total time for which application threads were stopped: 0.0204201 seconds, Stopping threads took: 0.0000150 seconds
2024-07-27T21:37:55.080+0800: 11.268: Application time: 0.0001683 seconds
2024-07-27T21:37:55.080+0800: 11.269: [GC (CMS Initial Mark) [1 CMS-initial-mark: 337553K(555764K)] 349184K(634420K), 0.0006007 secs] [Times: user=0.00 sys=0.00, real=0.00 secs] 
2024-07-27T21:37:55.081+0800: 11.269: Total time for which application threads were stopped: 0.0007779 seconds, Stopping threads took: 0.0001263 seconds
2024-07-27T21:37:55.081+0800: 11.269: [CMS-concurrent-mark-start]
2024-07-27T21:37:55.083+0800: 11.271: [CMS-concurrent-mark: 0.002/0.002 secs] [Times: user=0.05 sys=0.00, real=0.00 secs] 
2024-07-27T21:37:55.083+0800: 11.271: [CMS-concurrent-preclean-start]
2024-07-27T21:37:55.084+0800: 11.272: [CMS-concurrent-preclean: 0.001/0.001 secs] [Times: user=0.00 sys=0.00, real=0.00 secs] 
2024-07-27T21:37:55.084+0800: 11.272: [CMS-concurrent-abortable-preclean-start]
2024-07-27T21:37:55.186+0800: 11.375: Application time: 0.1054540 seconds
2024-07-27T21:37:55.186+0800: 11.375: [GC (Allocation Failure) 2024-07-27T21:37:55.186+0800: 11.375: [ParNew: 77168K->8192K(78656K), 0.0072600 secs] 414721K->378513K(634420K), 0.0073327 secs] [Times: user=0.03 sys=0.00, real=0.01 secs] 
2024-07-27T21:37:55.194+0800: 11.382: Total time for which application threads were stopped: 0.0074404 seconds, Stopping threads took: 0.0000184 seconds
2024-07-27T21:37:55.311+0800: 11.499: Application time: 0.1173939 seconds
2024-07-27T21:37:55.311+0800: 11.500: [GC (Allocation Failure) 2024-07-27T21:37:55.311+0800: 11.500: [ParNew: 77168K->8192K(78656K), 0.0123785 secs] 447490K->447122K(634420K), 0.0124388 secs] [Times: user=0.03 sys=0.00, real=0.01 secs] 
2024-07-27T21:37:55.324+0800: 11.512: Total time for which application threads were stopped: 0.0125479 seconds, Stopping threads took: 0.0000192 seconds
2024-07-27T21:37:55.324+0800: 11.512: [CMS-concurrent-abortable-preclean: 0.004/0.240 secs] [Times: user=0.06 sys=0.00, real=0.24 secs] 
2024-07-27T21:37:55.324+0800: 11.512: Application time: 0.0003173 seconds
2024-07-27T21:37:55.324+0800: 11.512: [GC (CMS Final Remark) [YG occupancy: 12655 K (78656 K)]2024-07-27T21:37:55.324+0800: 11.512: [Rescan (parallel) , 0.0011133 secs]2024-07-27T21:37:55.325+0800: 11.514: [weak refs processing, 0.0000125 secs]2024-07-27T21:37:55.325+0800: 11.514: [class unloading, 0.0001993 secs]2024-07-27T21:37:55.325+0800: 11.514: [scrub symbol table, 0.0004069 secs]2024-07-27T21:37:55.326+0800: 11.514: [scrub string table, 0.0000923 secs][1 CMS-remark: 438930K(555764K)] 451586K(634420K), 0.0018919 secs] [Times: user=0.00 sys=0.00, real=0.00 secs] 
2024-07-27T21:37:55.326+0800: 11.514: Total time for which application threads were stopped: 0.0020061 seconds, Stopping threads took: 0.0000777 seconds
2024-07-27T21:37:55.327+0800: 11.515: [CMS-concurrent-sweep-start]
2024-07-27T21:37:55.328+0800: 11.516: [CMS-concurrent-sweep: 0.002/0.002 secs] [Times: user=0.00 sys=0.00, real=0.00 secs] 
2024-07-27T21:37:55.328+0800: 11.516: [CMS-concurrent-reset-start]
2024-07-27T21:37:55.329+0800: 11.517: [CMS-concurrent-reset: 0.001/0.001 secs] [Times: user=0.00 sys=0.00, real=0.00 secs] 
2024-07-27T21:37:55.331+0800: 11.519: Application time: 0.0048024 seconds
2024-07-27T21:37:55.331+0800: 11.519: [GC (Allocation Failure) 2024-07-27T21:37:55.331+0800: 11.519: [ParNew: 77168K->8192K(78656K), 0.0123691 secs] 348160K->347793K(634420K), 0.0124190 secs] [Times: user=0.03 sys=0.00, real=0.01 secs] 
2024-07-27T21:37:55.343+0800: 11.532: Total time for which application threads were stopped: 0.0125148 seconds, Stopping threads took: 0.0000135 seconds
2024-07-27T21:37:55.343+0800: 11.532: Application time: 0.0001596 seconds
2024-07-27T21:37:55.344+0800: 11.532: [GC (CMS Initial Mark) [1 CMS-initial-mark: 339601K(555764K)] 351232K(634420K), 0.0008177 secs] [Times: user=0.00 sys=0.00, real=0.00 secs] 
2024-07-27T21:37:55.344+0800: 11.533: Total time for which application threads were stopped: 0.0009313 seconds, Stopping threads took: 0.0000714 seconds
2024-07-27T21:37:55.345+0800: 11.533: [CMS-concurrent-mark-start]
2024-07-27T21:37:55.347+0800: 11.535: [CMS-concurrent-mark: 0.002/0.002 secs] [Times: user=0.00 sys=0.00, real=0.00 secs] 
2024-07-27T21:37:55.347+0800: 11.535: [CMS-concurrent-preclean-start]
2024-07-27T21:37:55.348+0800: 11.536: [CMS-concurrent-preclean: 0.001/0.001 secs] [Times: user=0.02 sys=0.00, real=0.00 secs] 
2024-07-27T21:37:55.348+0800: 11.536: [CMS-concurrent-abortable-preclean-start]
2024-07-27T21:37:55.456+0800: 11.644: Application time: 0.1112660 seconds
2024-07-27T21:37:55.456+0800: 11.644: [GC (Allocation Failure) 2024-07-27T21:37:55.456+0800: 11.644: [ParNew: 77168K->8192K(78656K), 0.0072877 secs] 416769K->381585K(634420K), 0.0073634 secs] [Times: user=0.03 sys=0.00, real=0.01 secs] 
2024-07-27T21:37:55.463+0800: 11.651: Total time for which application threads were stopped: 0.0074748 seconds, Stopping threads took: 0.0000209 seconds
2024-07-27T21:37:55.582+0800: 11.770: Application time: 0.1181019 seconds
2024-07-27T21:37:55.582+0800: 11.770: [GC (Allocation Failure) 2024-07-27T21:37:55.582+0800: 11.770: [ParNew: 77168K->8192K(78656K), 0.0121714 secs] 450562K->450194K(634420K), 0.0122492 secs] [Times: user=0.03 sys=0.00, real=0.01 secs] 
2024-07-27T21:37:55.594+0800: 11.782: Total time for which application threads were stopped: 0.0123707 seconds, Stopping threads took: 0.0000233 seconds
2024-07-27T21:37:55.594+0800: 11.782: [CMS-concurrent-abortable-preclean: 0.005/0.246 secs] [Times: user=0.06 sys=0.00, real=0.25 secs] 
2024-07-27T21:37:55.594+0800: 11.782: Application time: 0.0003820 seconds
2024-07-27T21:37:55.594+0800: 11.782: [GC (CMS Final Remark) [YG occupancy: 14703 K (78656 K)]2024-07-27T21:37:55.594+0800: 11.782: [Rescan (parallel) , 0.0009164 secs]2024-07-27T21:37:55.595+0800: 11.783: [weak refs processing, 0.0000169 secs]2024-07-27T21:37:55.596+0800: 11.783: [class unloading, 0.0002035 secs]2024-07-27T21:37:55.596+0800: 11.784: [scrub symbol table, 0.0003676 secs]2024-07-27T21:37:55.596+0800: 11.784: [scrub string table, 0.0001013 secs][1 CMS-remark: 442002K(555764K)] 456706K(634420K), 0.0016672 secs] [Times: user=0.00 sys=0.00, real=0.00 secs] 
2024-07-27T21:37:55.596+0800: 11.784: Total time for which application threads were stopped: 0.0017952 seconds, Stopping threads took: 0.0000917 seconds
2024-07-27T21:37:55.596+0800: 11.784: [CMS-concurrent-sweep-start]
2024-07-27T21:37:55.598+0800: 11.786: [CMS-concurrent-sweep: 0.001/0.001 secs] [Times: user=0.00 sys=0.00, real=0.00 secs] 
2024-07-27T21:37:55.598+0800: 11.786: [CMS-concurrent-reset-start]
2024-07-27T21:37:55.599+0800: 11.787: [CMS-concurrent-reset: 0.001/0.001 secs] [Times: user=0.03 sys=0.00, real=0.00 secs] 
2024-07-27T21:37:55.601+0800: 11.789: Application time: 0.0048932 seconds
2024-07-27T21:37:55.601+0800: 11.789: [GC (Allocation Failure) 2024-07-27T21:37:55.601+0800: 11.789: [ParNew: 77168K->8192K(78656K), 0.0116176 secs] 350208K->349841K(634420K), 0.0116828 secs] [Times: user=0.00 sys=0.00, real=0.01 secs] 
2024-07-27T21:37:55.613+0800: 11.801: Total time for which application threads were stopped: 0.0117816 seconds, Stopping threads took: 0.0000134 seconds
2024-07-27T21:37:55.613+0800: 11.801: Application time: 0.0002037 seconds
2024-07-27T21:37:55.613+0800: 11.801: [GC (CMS Initial Mark) [1 CMS-initial-mark: 341649K(555764K)] 353280K(634420K), 0.0008612 secs] [Times: user=0.00 sys=0.02, real=0.00 secs] 
2024-07-27T21:37:55.614+0800: 11.802: Total time for which application threads were stopped: 0.0010260 seconds, Stopping threads took: 0.0001216 seconds
2024-07-27T21:37:55.614+0800: 11.802: [CMS-concurrent-mark-start]
2024-07-27T21:37:55.616+0800: 11.804: [CMS-concurrent-mark: 0.002/0.002 secs] [Times: user=0.00 sys=0.00, real=0.00 secs] 
2024-07-27T21:37:55.616+0800: 11.804: [CMS-concurrent-preclean-start]
2024-07-27T21:37:55.617+0800: 11.805: [CMS-concurrent-preclean: 0.001/0.001 secs] [Times: user=0.00 sys=0.00, real=0.00 secs] 
2024-07-27T21:37:55.617+0800: 11.805: [CMS-concurrent-abortable-preclean-start]
2024-07-27T21:37:55.724+0800: 11.913: Application time: 0.1105950 seconds
2024-07-27T21:37:55.724+0800: 11.913: [GC (Allocation Failure) 2024-07-27T21:37:55.724+0800: 11.913: [ParNew: 77168K->8192K(78656K), 0.0073472 secs] 418817K->384657K(634420K), 0.0074104 secs] [Times: user=0.00 sys=0.00, real=0.01 secs] 
2024-07-27T21:37:55.731+0800: 11.920: Total time for which application threads were stopped: 0.0075191 seconds, Stopping threads took: 0.0000199 seconds
2024-07-27T21:37:55.850+0800: 12.038: Application time: 0.1177524 seconds
2024-07-27T21:37:55.850+0800: 12.038: [GC (Allocation Failure) 2024-07-27T21:37:55.853+0800: 12.041: [ParNew: 77168K->8192K(78656K), 0.0453117 secs] 453634K->453266K(634420K), 0.0486888 secs] [Times: user=0.03 sys=0.00, real=0.05 secs] 
2024-07-27T21:37:55.899+0800: 12.087: Total time for which application threads were stopped: 0.0488089 seconds, Stopping threads took: 0.0000203 seconds
2024-07-27T21:37:55.899+0800: 12.087: [CMS-concurrent-abortable-preclean: 0.005/0.282 secs] [Times: user=0.06 sys=0.00, real=0.28 secs] 
2024-07-27T21:37:55.899+0800: 12.087: Application time: 0.0003054 seconds
2024-07-27T21:37:55.899+0800: 12.087: [GC (CMS Final Remark) [YG occupancy: 12655 K (78656 K)]2024-07-27T21:37:55.899+0800: 12.087: [Rescan (parallel) , 0.0010054 secs]2024-07-27T21:37:55.900+0800: 12.088: [weak refs processing, 0.0000125 secs]2024-07-27T21:37:55.900+0800: 12.088: [class unloading, 0.0002009 secs]2024-07-27T21:37:55.900+0800: 12.088: [scrub symbol table, 0.0003489 secs]2024-07-27T21:37:55.901+0800: 12.089: [scrub string table, 0.0001013 secs][1 CMS-remark: 445074K(555764K)] 457730K(634420K), 0.0017320 secs] [Times: user=0.00 sys=0.00, real=0.00 secs] 
2024-07-27T21:37:55.901+0800: 12.089: Total time for which application threads were stopped: 0.0019150 seconds, Stopping threads took: 0.0001465 seconds
2024-07-27T21:37:55.901+0800: 12.089: [CMS-concurrent-sweep-start]
2024-07-27T21:37:55.903+0800: 12.091: [CMS-concurrent-sweep: 0.002/0.002 secs] [Times: user=0.00 sys=0.00, real=0.00 secs] 
2024-07-27T21:37:55.903+0800: 12.091: [CMS-concurrent-reset-start]
2024-07-27T21:37:55.904+0800: 12.092: [CMS-concurrent-reset: 0.001/0.001 secs] [Times: user=0.00 sys=0.00, real=0.00 secs] 
2024-07-27T21:37:55.905+0800: 12.094: Application time: 0.0047110 seconds
2024-07-27T21:37:55.906+0800: 12.094: [GC (Allocation Failure) 2024-07-27T21:37:55.906+0800: 12.094: [ParNew: 77168K->8192K(78656K), 0.0120641 secs] 352256K->351889K(634420K), 0.0121124 secs] [Times: user=0.03 sys=0.00, real=0.01 secs] 
2024-07-27T21:37:55.918+0800: 12.106: Total time for which application threads were stopped: 0.0122133 seconds, Stopping threads took: 0.0000123 seconds
2024-07-27T21:37:55.918+0800: 12.106: Application time: 0.0002547 seconds
2024-07-27T21:37:55.918+0800: 12.106: [GC (CMS Initial Mark) [1 CMS-initial-mark: 343697K(555764K)] 355328K(634420K), 0.0007657 secs] [Times: user=0.00 sys=0.00, real=0.00 secs] 
2024-07-27T21:37:55.919+0800: 12.107: Total time for which application threads were stopped: 0.0008696 seconds, Stopping threads took: 0.0000600 seconds
2024-07-27T21:37:55.919+0800: 12.107: [CMS-concurrent-mark-start]
2024-07-27T21:37:55.921+0800: 12.109: [CMS-concurrent-mark: 0.002/0.002 secs] [Times: user=0.00 sys=0.00, real=0.00 secs] 
2024-07-27T21:37:55.921+0800: 12.109: [CMS-concurrent-preclean-start]
2024-07-27T21:37:55.922+0800: 12.110: [CMS-concurrent-preclean: 0.001/0.001 secs] [Times: user=0.00 sys=0.00, real=0.00 secs] 
2024-07-27T21:37:55.922+0800: 12.110: [CMS-concurrent-abortable-preclean-start]
2024-07-27T21:37:56.024+0800: 12.213: Application time: 0.1056660 seconds
2024-07-27T21:37:56.024+0800: 12.213: [GC (Allocation Failure) 2024-07-27T21:37:56.024+0800: 12.213: [ParNew: 77168K->8192K(78656K), 0.0075567 secs] 420865K->387729K(634420K), 0.0076325 secs] [Times: user=0.00 sys=0.00, real=0.01 secs] 
2024-07-27T21:37:56.032+0800: 12.220: Total time for which application threads were stopped: 0.0077422 seconds, Stopping threads took: 0.0000178 seconds
2024-07-27T21:37:56.146+0800: 12.335: Application time: 0.1141188 seconds
2024-07-27T21:37:56.146+0800: 12.335: [GC (Allocation Failure) 2024-07-27T21:37:56.146+0800: 12.335: [ParNew: 77168K->8192K(78656K), 0.0119722 secs] 456706K->456338K(634420K), 0.0120354 secs] [Times: user=0.00 sys=0.00, real=0.01 secs] 
2024-07-27T21:37:56.158+0800: 12.347: Total time for which application threads were stopped: 0.0121458 seconds, Stopping threads took: 0.0000193 seconds
2024-07-27T21:37:56.159+0800: 12.347: [CMS-concurrent-abortable-preclean: 0.004/0.237 secs] [Times: user=0.00 sys=0.02, real=0.24 secs] 
2024-07-27T21:37:56.159+0800: 12.347: Application time: 0.0003282 seconds
2024-07-27T21:37:56.159+0800: 12.347: [GC (CMS Final Remark) [YG occupancy: 12655 K (78656 K)]2024-07-27T21:37:56.159+0800: 12.347: [Rescan (parallel) , 0.0010104 secs]2024-07-27T21:37:56.160+0800: 12.348: [weak refs processing, 0.0000128 secs]2024-07-27T21:37:56.160+0800: 12.348: [class unloading, 0.0001850 secs]2024-07-27T21:37:56.160+0800: 12.348: [scrub symbol table, 0.0003556 secs]2024-07-27T21:37:56.161+0800: 12.349: [scrub string table, 0.0001395 secs][1 CMS-remark: 448146K(555764K)] 460802K(634420K), 0.0017743 secs] [Times: user=0.02 sys=0.00, real=0.00 secs] 
2024-07-27T21:37:56.161+0800: 12.349: Total time for which application threads were stopped: 0.0019412 seconds, Stopping threads took: 0.0001292 seconds
2024-07-27T21:37:56.161+0800: 12.349: [CMS-concurrent-sweep-start]
2024-07-27T21:37:56.162+0800: 12.350: [CMS-concurrent-sweep: 0.001/0.001 secs] [Times: user=0.00 sys=0.00, real=0.00 secs] 
2024-07-27T21:37:56.162+0800: 12.351: [CMS-concurrent-reset-start]
2024-07-27T21:37:56.163+0800: 12.352: [CMS-concurrent-reset: 0.001/0.001 secs] [Times: user=0.00 sys=0.00, real=0.00 secs] 
2024-07-27T21:37:56.165+0800: 12.354: Application time: 0.0047813 seconds
2024-07-27T21:37:56.166+0800: 12.354: [GC (Allocation Failure) 2024-07-27T21:37:56.166+0800: 12.354: [ParNew: 77168K->8192K(78656K), 0.0123530 secs] 354304K->353937K(634420K), 0.0123992 secs] [Times: user=0.03 sys=0.00, real=0.01 secs] 
2024-07-27T21:37:56.178+0800: 12.366: Total time for which application threads were stopped: 0.0125149 seconds, Stopping threads took: 0.0000132 seconds
2024-07-27T21:37:56.178+0800: 12.367: Application time: 0.0002357 seconds
2024-07-27T21:37:56.178+0800: 12.367: [GC (CMS Initial Mark) [1 CMS-initial-mark: 345745K(555764K)] 357376K(634420K), 0.0007842 secs] [Times: user=0.00 sys=0.00, real=0.00 secs] 
2024-07-27T21:37:56.179+0800: 12.367: Total time for which application threads were stopped: 0.0009612 seconds, Stopping threads took: 0.0001213 seconds
2024-07-27T21:37:56.179+0800: 12.368: [CMS-concurrent-mark-start]
2024-07-27T21:37:56.181+0800: 12.370: [CMS-concurrent-mark: 0.002/0.002 secs] [Times: user=0.00 sys=0.00, real=0.00 secs] 
2024-07-27T21:37:56.181+0800: 12.370: [CMS-concurrent-preclean-start]
2024-07-27T21:37:56.182+0800: 12.370: [CMS-concurrent-preclean: 0.001/0.001 secs] [Times: user=0.00 sys=0.00, real=0.00 secs] 
2024-07-27T21:37:56.182+0800: 12.370: [CMS-concurrent-abortable-preclean-start]
2024-07-27T21:37:56.289+0800: 12.478: Application time: 0.1101947 seconds
2024-07-27T21:37:56.289+0800: 12.478: [GC (Allocation Failure) 2024-07-27T21:37:56.289+0800: 12.478: [ParNew: 77168K->8192K(78656K), 0.0074908 secs] 422913K->390801K(634420K), 0.0075501 secs] [Times: user=0.00 sys=0.00, real=0.01 secs] 
2024-07-27T21:37:56.297+0800: 12.485: Total time for which application threads were stopped: 0.0076717 seconds, Stopping threads took: 0.0000194 seconds
2024-07-27T21:37:56.414+0800: 12.602: Application time: 0.1170668 seconds
2024-07-27T21:37:56.415+0800: 12.603: [GC (Allocation Failure) 2024-07-27T21:37:56.415+0800: 12.603: [ParNew: 77168K->8192K(78656K), 0.0123983 secs] 459778K->459410K(634420K), 0.0124581 secs] [Times: user=0.03 sys=0.00, real=0.01 secs] 
2024-07-27T21:37:56.427+0800: 12.615: Total time for which application threads were stopped: 0.0125820 seconds, Stopping threads took: 0.0000246 seconds
2024-07-27T21:37:56.427+0800: 12.615: [CMS-concurrent-abortable-preclean: 0.006/0.245 secs] [Times: user=0.05 sys=0.00, real=0.25 secs] 
2024-07-27T21:37:56.427+0800: 12.615: Application time: 0.0003224 seconds
2024-07-27T21:37:56.427+0800: 12.616: [GC (CMS Final Remark) [YG occupancy: 12655 K (78656 K)]2024-07-27T21:37:56.427+0800: 12.616: [Rescan (parallel) , 0.0006124 secs]2024-07-27T21:37:56.428+0800: 12.616: [weak refs processing, 0.0000126 secs]2024-07-27T21:37:56.428+0800: 12.616: [class unloading, 0.0002644 secs]2024-07-27T21:37:56.428+0800: 12.616: [scrub symbol table, 0.0003318 secs]2024-07-27T21:37:56.429+0800: 12.617: [scrub string table, 0.0000918 secs][1 CMS-remark: 451218K(555764K)] 463874K(634420K), 0.0013842 secs] [Times: user=0.00 sys=0.00, real=0.00 secs] 
2024-07-27T21:37:56.429+0800: 12.617: Total time for which application threads were stopped: 0.0015620 seconds, Stopping threads took: 0.0001318 seconds
2024-07-27T21:37:56.429+0800: 12.617: [CMS-concurrent-sweep-start]
2024-07-27T21:37:56.430+0800: 12.618: [CMS-concurrent-sweep: 0.001/0.001 secs] [Times: user=0.00 sys=0.00, real=0.00 secs] 
2024-07-27T21:37:56.430+0800: 12.618: [CMS-concurrent-reset-start]
2024-07-27T21:37:56.431+0800: 12.620: [CMS-concurrent-reset: 0.001/0.001 secs] [Times: user=0.00 sys=0.00, real=0.00 secs] 
2024-07-27T21:37:56.433+0800: 12.622: Application time: 0.0048215 seconds
2024-07-27T21:37:56.433+0800: 12.622: [GC (Allocation Failure) 2024-07-27T21:37:56.433+0800: 12.622: [ParNew: 77168K->8192K(78656K), 0.0120411 secs] 356352K->355985K(634420K), 0.0120897 secs] [Times: user=0.03 sys=0.00, real=0.01 secs] 
2024-07-27T21:37:56.445+0800: 12.634: Total time for which application threads were stopped: 0.0121886 seconds, Stopping threads took: 0.0000127 seconds
2024-07-27T21:37:56.446+0800: 12.634: Application time: 0.0002336 seconds
2024-07-27T21:37:56.446+0800: 12.634: [GC (CMS Initial Mark) [1 CMS-initial-mark: 347793K(555764K)] 359424K(634420K), 0.0008163 secs] [Times: user=0.00 sys=0.00, real=0.00 secs] 
2024-07-27T21:37:56.447+0800: 12.635: Total time for which application threads were stopped: 0.0010186 seconds, Stopping threads took: 0.0001602 seconds
2024-07-27T21:37:56.447+0800: 12.635: [CMS-concurrent-mark-start]
2024-07-27T21:37:56.449+0800: 12.637: [CMS-concurrent-mark: 0.002/0.002 secs] [Times: user=0.00 sys=0.00, real=0.00 secs] 
2024-07-27T21:37:56.449+0800: 12.637: [CMS-concurrent-preclean-start]
2024-07-27T21:37:56.449+0800: 12.638: [CMS-concurrent-preclean: 0.001/0.001 secs] [Times: user=0.00 sys=0.00, real=0.00 secs] 
2024-07-27T21:37:56.449+0800: 12.638: [CMS-concurrent-abortable-preclean-start]
2024-07-27T21:37:56.557+0800: 12.745: Application time: 0.1100336 seconds
2024-07-27T21:37:56.557+0800: 12.745: [GC (Allocation Failure) 2024-07-27T21:37:56.557+0800: 12.745: [ParNew: 77168K->8192K(78656K), 0.0079456 secs] 424961K->393873K(634420K), 0.0080051 secs] [Times: user=0.00 sys=0.00, real=0.01 secs] 
2024-07-27T21:37:56.565+0800: 12.753: Total time for which application threads were stopped: 0.0081120 seconds, Stopping threads took: 0.0000190 seconds
2024-07-27T21:37:56.681+0800: 12.869: Application time: 0.1160120 seconds
2024-07-27T21:37:56.681+0800: 12.869: [GC (Allocation Failure) 2024-07-27T21:37:56.681+0800: 12.869: [ParNew: 77168K->8192K(78656K), 0.0123530 secs] 462850K->462482K(634420K), 0.0124161 secs] [Times: user=0.03 sys=0.00, real=0.01 secs] 
2024-07-27T21:37:56.694+0800: 12.882: Total time for which application threads were stopped: 0.0125265 seconds, Stopping threads took: 0.0000191 seconds
2024-07-27T21:37:56.694+0800: 12.882: [CMS-concurrent-abortable-preclean: 0.006/0.244 secs] [Times: user=0.06 sys=0.00, real=0.25 secs] 
2024-07-27T21:37:56.694+0800: 12.882: Application time: 0.0003042 seconds
2024-07-27T21:37:56.694+0800: 12.882: [GC (CMS Final Remark) [YG occupancy: 12655 K (78656 K)]2024-07-27T21:37:56.694+0800: 12.882: [Rescan (parallel) , 0.0010286 secs]2024-07-27T21:37:56.695+0800: 12.883: [weak refs processing, 0.0000125 secs]2024-07-27T21:37:56.695+0800: 12.883: [class unloading, 0.0002001 secs]2024-07-27T21:37:56.695+0800: 12.884: [scrub symbol table, 0.0004004 secs]2024-07-27T21:37:56.696+0800: 12.884: [scrub string table, 0.0001011 secs][1 CMS-remark: 454290K(555764K)] 466946K(634420K), 0.0018137 secs] [Times: user=0.00 sys=0.00, real=0.00 secs] 
2024-07-27T21:37:56.696+0800: 12.884: Total time for which application threads were stopped: 0.0019818 seconds, Stopping threads took: 0.0001314 seconds
2024-07-27T21:37:56.696+0800: 12.884: [CMS-concurrent-sweep-start]
2024-07-27T21:37:56.698+0800: 12.886: [CMS-concurrent-sweep: 0.001/0.001 secs] [Times: user=0.00 sys=0.00, real=0.00 secs] 
2024-07-27T21:37:56.698+0800: 12.886: [CMS-concurrent-reset-start]
2024-07-27T21:37:56.699+0800: 12.887: [CMS-concurrent-reset: 0.001/0.001 secs] [Times: user=0.00 sys=0.00, real=0.00 secs] 
2024-07-27T21:37:56.701+0800: 12.889: Application time: 0.0048314 seconds
2024-07-27T21:37:56.701+0800: 12.889: [GC (Allocation Failure) 2024-07-27T21:37:56.701+0800: 12.889: [ParNew: 77168K->8192K(78656K), 0.0127354 secs] 358400K->358033K(634420K), 0.0127862 secs] [Times: user=0.03 sys=0.00, real=0.01 secs] 
2024-07-27T21:37:56.714+0800: 12.902: Total time for which application threads were stopped: 0.0128822 seconds, Stopping threads took: 0.0000144 seconds
2024-07-27T21:37:56.714+0800: 12.902: Application time: 0.0002283 seconds
2024-07-27T21:37:56.714+0800: 12.902: [GC (CMS Initial Mark) [1 CMS-initial-mark: 349841K(555764K)] 361473K(634420K), 0.0006712 secs] [Times: user=0.00 sys=0.00, real=0.00 secs] 
2024-07-27T21:37:56.715+0800: 12.903: Total time for which application threads were stopped: 0.0008615 seconds, Stopping threads took: 0.0001496 seconds
2024-07-27T21:37:56.715+0800: 12.903: [CMS-concurrent-mark-start]
2024-07-27T21:37:56.717+0800: 12.905: [CMS-concurrent-mark: 0.002/0.002 secs] [Times: user=0.00 sys=0.00, real=0.00 secs] 
2024-07-27T21:37:56.717+0800: 12.905: [CMS-concurrent-preclean-start]
2024-07-27T21:37:56.717+0800: 12.906: [CMS-concurrent-preclean: 0.001/0.001 secs] [Times: user=0.00 sys=0.00, real=0.00 secs] 
2024-07-27T21:37:56.717+0800: 12.906: [CMS-concurrent-abortable-preclean-start]
2024-07-27T21:37:56.826+0800: 13.014: Application time: 0.1113891 seconds
2024-07-27T21:37:56.826+0800: 13.014: [GC (Allocation Failure) 2024-07-27T21:37:56.826+0800: 13.014: [ParNew: 77168K->8192K(78656K), 0.0077591 secs] 427010K->396945K(634420K), 0.0078332 secs] [Times: user=0.03 sys=0.00, real=0.01 secs] 
2024-07-27T21:37:56.834+0800: 13.022: Total time for which application threads were stopped: 0.0079459 seconds, Stopping threads took: 0.0000193 seconds
2024-07-27T21:37:56.950+0800: 13.138: Application time: 0.1154513 seconds
2024-07-27T21:37:56.950+0800: 13.138: [GC (Allocation Failure) 2024-07-27T21:37:56.950+0800: 13.138: [ParNew: 77868K->8196K(78656K), 0.0119188 secs] 466622K->465559K(634420K), 0.0119784 secs] [Times: user=0.03 sys=0.00, real=0.01 secs] 
2024-07-27T21:37:56.962+0800: 13.150: Total time for which application threads were stopped: 0.0120837 seconds, Stopping threads took: 0.0000182 seconds
2024-07-27T21:37:56.962+0800: 13.150: [CMS-concurrent-abortable-preclean: 0.006/0.244 secs] [Times: user=0.06 sys=0.00, real=0.24 secs] 
2024-07-27T21:37:56.962+0800: 13.150: Application time: 0.0003243 seconds
2024-07-27T21:37:56.962+0800: 13.150: [GC (CMS Final Remark) [YG occupancy: 12654 K (78656 K)]2024-07-27T21:37:56.962+0800: 13.150: [Rescan (parallel) , 0.0009085 secs]2024-07-27T21:37:56.963+0800: 13.151: [weak refs processing, 0.0000128 secs]2024-07-27T21:37:56.963+0800: 13.151: [class unloading, 0.0002690 secs]2024-07-27T21:37:56.964+0800: 13.152: [scrub symbol table, 0.0004282 secs]2024-07-27T21:37:56.964+0800: 13.152: [scrub string table, 0.0000947 secs][1 CMS-remark: 457362K(555764K)] 470017K(634420K), 0.0017917 secs] [Times: user=0.00 sys=0.00, real=0.00 secs] 
2024-07-27T21:37:56.964+0800: 13.152: Total time for which application threads were stopped: 0.0019601 seconds, Stopping threads took: 0.0001226 seconds
2024-07-27T21:37:56.964+0800: 13.152: [CMS-concurrent-sweep-start]
2024-07-27T21:37:56.965+0800: 13.154: [CMS-concurrent-sweep: 0.002/0.002 secs] [Times: user=0.00 sys=0.00, real=0.00 secs] 
2024-07-27T21:37:56.965+0800: 13.154: [CMS-concurrent-reset-start]
2024-07-27T21:37:56.967+0800: 13.156: [CMS-concurrent-reset: 0.002/0.002 secs] [Times: user=0.00 sys=0.00, real=0.00 secs] 
2024-07-27T21:37:56.968+0800: 13.157: Application time: 0.0049883 seconds
2024-07-27T21:37:56.968+0800: 13.157: [GC (Allocation Failure) 2024-07-27T21:37:56.968+0800: 13.157: [ParNew: 77167K->8192K(78656K), 0.0120893 secs] 360448K->360081K(634420K), 0.0121399 secs] [Times: user=0.03 sys=0.00, real=0.01 secs] 
2024-07-27T21:37:56.981+0800: 13.169: Total time for which application threads were stopped: 0.0122370 seconds, Stopping threads took: 0.0000149 seconds
2024-07-27T21:37:56.981+0800: 13.170: Application time: 0.0001780 seconds
2024-07-27T21:37:56.981+0800: 13.170: [GC (CMS Initial Mark) [1 CMS-initial-mark: 351889K(555764K)] 363517K(634420K), 0.0007618 secs] [Times: user=0.00 sys=0.00, real=0.00 secs] 
2024-07-27T21:37:56.983+0800: 13.170: Total time for which application threads were stopped: 0.0009424 seconds, Stopping threads took: 0.0001383 seconds
2024-07-27T21:37:56.983+0800: 13.171: [CMS-concurrent-mark-start]
2024-07-27T21:37:56.985+0800: 13.173: [CMS-concurrent-mark: 0.002/0.002 secs] [Times: user=0.00 sys=0.00, real=0.00 secs] 
2024-07-27T21:37:56.985+0800: 13.173: [CMS-concurrent-preclean-start]
2024-07-27T21:37:56.985+0800: 13.173: [CMS-concurrent-preclean: 0.001/0.001 secs] [Times: user=0.00 sys=0.00, real=0.00 secs] 
2024-07-27T21:37:56.985+0800: 13.173: [CMS-concurrent-abortable-preclean-start]
2024-07-27T21:37:57.092+0800: 13.280: Application time: 0.1099408 seconds
2024-07-27T21:37:57.092+0800: 13.281: [GC (Allocation Failure) 2024-07-27T21:37:57.092+0800: 13.281: [ParNew: 77165K->8192K(78656K), 0.0079191 secs] 429054K->400018K(634420K), 0.0079788 secs] [Times: user=0.03 sys=0.00, real=0.01 secs] 
2024-07-27T21:37:57.100+0800: 13.289: Total time for which application threads were stopped: 0.0080968 seconds, Stopping threads took: 0.0000194 seconds
2024-07-27T21:37:57.217+0800: 13.405: Application time: 0.1163112 seconds
2024-07-27T21:37:57.217+0800: 13.405: [GC (Allocation Failure) 2024-07-27T21:37:57.217+0800: 13.405: [ParNew: 77166K->8192K(78656K), 0.0119282 secs] 468992K->468627K(634420K), 0.0119907 secs] [Times: user=0.03 sys=0.00, real=0.01 secs] 
2024-07-27T21:37:57.229+0800: 13.417: Total time for which application threads were stopped: 0.0120994 seconds, Stopping threads took: 0.0000186 seconds
2024-07-27T21:37:57.229+0800: 13.417: [CMS-concurrent-abortable-preclean: 0.006/0.244 secs] [Times: user=0.06 sys=0.00, real=0.24 secs] 
2024-07-27T21:37:57.229+0800: 13.417: Application time: 0.0003245 seconds
2024-07-27T21:37:57.229+0800: 13.417: [GC (CMS Final Remark) [YG occupancy: 12654 K (78656 K)]2024-07-27T21:37:57.229+0800: 13.417: [Rescan (parallel) , 0.0009957 secs]2024-07-27T21:37:57.230+0800: 13.418: [weak refs processing, 0.0000154 secs]2024-07-27T21:37:57.230+0800: 13.418: [class unloading, 0.0002170 secs]2024-07-27T21:37:57.231+0800: 13.419: [scrub symbol table, 0.0003687 secs]2024-07-27T21:37:57.231+0800: 13.419: [scrub string table, 0.0001041 secs][1 CMS-remark: 460435K(555764K)] 473089K(634420K), 0.0017779 secs] [Times: user=0.00 sys=0.00, real=0.00 secs] 
2024-07-27T21:37:57.231+0800: 13.419: Total time for which application threads were stopped: 0.0019019 seconds, Stopping threads took: 0.0000830 seconds
2024-07-27T21:37:57.231+0800: 13.419: [CMS-concurrent-sweep-start]
2024-07-27T21:37:57.233+0800: 13.421: [CMS-concurrent-sweep: 0.002/0.002 secs] [Times: user=0.00 sys=0.00, real=0.00 secs] 
2024-07-27T21:37:57.233+0800: 13.422: [CMS-concurrent-reset-start]
2024-07-27T21:37:57.235+0800: 13.423: [CMS-concurrent-reset: 0.001/0.001 secs] [Times: user=0.00 sys=0.00, real=0.00 secs] 
2024-07-27T21:37:57.236+0800: 13.424: Application time: 0.0048557 seconds
2024-07-27T21:37:57.236+0800: 13.424: [GC (Allocation Failure) 2024-07-27T21:37:57.236+0800: 13.424: [ParNew: 77167K->8192K(78656K), 0.0119526 secs] 186365K->185998K(634420K), 0.0120000 secs] [Times: user=0.03 sys=0.00, real=0.01 secs] 
2024-07-27T21:37:57.248+0800: 13.436: Total time for which application threads were stopped: 0.0121010 seconds, Stopping threads took: 0.0000148 seconds
2024-07-27T21:37:57.248+0800: 13.436: Application time: 0.0001517 seconds
2024-07-27T21:37:57.248+0800: 13.436: [GC (CMS Initial Mark) [1 CMS-initial-mark: 177806K(555764K)] 189437K(634420K), 0.0006231 secs] [Times: user=0.00 sys=0.00, real=0.00 secs] 
2024-07-27T21:37:57.249+0800: 13.437: Total time for which application threads were stopped: 0.0007831 seconds, Stopping threads took: 0.0001163 seconds
2024-07-27T21:37:57.249+0800: 13.437: [CMS-concurrent-mark-start]
2024-07-27T21:37:57.251+0800: 13.439: [CMS-concurrent-mark: 0.002/0.002 secs] [Times: user=0.00 sys=0.00, real=0.00 secs] 
2024-07-27T21:37:57.251+0800: 13.439: [CMS-concurrent-preclean-start]
2024-07-27T21:37:57.251+0800: 13.439: [CMS-concurrent-preclean: 0.001/0.001 secs] [Times: user=0.00 sys=0.00, real=0.00 secs] 
2024-07-27T21:37:57.251+0800: 13.439: [CMS-concurrent-abortable-preclean-start]
Heap
 par new generation   total 78656K, used 29414K [0x00000000c8000000, 0x00000000cd550000, 0x00000000daaa0000)
  eden space 69952K,  30% used [0x00000000c8000000, 0x00000000c94b99c8, 0x00000000cc450000)
  from space 8704K,  94% used [0x00000000cccd0000, 0x00000000cd4d0080, 0x00000000cd550000)
  to   space 8704K,   0% used [0x00000000cc450000, 0x00000000cc450000, 0x00000000cccd0000)
 concurrent mark-sweep generation total 555764K, used 177806K [0x00000000daaa0000, 0x00000000fc95d000, 0x0000000100000000)
 Metaspace       used 2942K, capacity 4486K, committed 4864K, reserved 1056768K
  class space    used 305K, capacity 386K, committed 512K, reserved 1048576K
2024-07-27T21:37:57.359+0800: 13.547: Application time: 0.1097660 seconds
