OpenJDK 64-Bit Server VM (25.412-b1) for windows-amd64 JRE (1.8.0_412-b1), built on Apr 23 2024 12:00:37 by "Administrator" with MS VC++ 10.0 (VS2010)
Memory: 4k page, physical 16672068k(5490496k free), swap 19162436k(4655096k free)
CommandLine flags: -XX:GCDrainStackTargetSize=64 -XX:InitialHeapSize=266753088 -XX:MaxHeapSize=939524096 -XX:MaxNewSize=313176064 -XX:MaxTenuringThreshold=6 -XX:OldPLABSize=16 -XX:+PrintGC -XX:+PrintGCApplicationConcurrentTime -XX:+PrintGCApplicationStoppedTime -XX:+PrintGCDateStamps -XX:+PrintGCDetails -XX:+PrintGCTimeStamps -XX:+UseCompressedClassPointers -XX:+UseCompressedOops -XX:+UseConcMarkSweepGC -XX:-UseLargePagesIndividualAllocation -XX:+UseParNewGC 
2024-07-27T21:37:57.539+0800: 0.108: Application time: 0.0360020 seconds
2024-07-27T21:37:57.539+0800: 0.108: [GC (Allocation Failure) 2024-07-27T21:37:57.539+0800: 0.108: [ParNew: 68984K->7897K(78656K), 0.0354114 secs] 68984K->68316K(253440K), 0.0355961 secs] [Times: user=0.05 sys=0.02, real=0.03 secs] 
2024-07-27T21:37:57.574+0800: 0.144: Total time for which application threads were stopped: 0.0357363 seconds, Stopping threads took: 0.0000191 seconds
2024-07-27T21:37:57.691+0800: 0.261: Application time: 0.1172206 seconds
2024-07-27T21:37:57.691+0800: 0.261: [GC (Allocation Failure) 2024-07-27T21:37:57.691+0800: 0.261: [ParNew: 76867K->8531K(78656K), 0.0270391 secs] 137286K->137182K(253440K), 0.0271069 secs] [Times: user=0.06 sys=0.03, real=0.03 secs] 
2024-07-27T21:37:57.718+0800: 0.288: Total time for which application threads were stopped: 0.0272160 seconds, Stopping threads took: 0.0000197 seconds
2024-07-27T21:37:57.719+0800: 0.288: Application time: 0.0001938 seconds
2024-07-27T21:37:57.719+0800: 0.289: [GC (CMS Initial Mark) [1 CMS-initial-mark: 128651K(174784K)] 140609K(253440K), 0.0005454 secs] [Times: user=0.00 sys=0.00, real=0.00 secs] 
2024-07-27T21:37:57.719+0800: 0.289: Total time for which application threads were stopped: 0.0007080 seconds, Stopping threads took: 0.0001199 seconds
2024-07-27T21:37:57.719+0800: 0.289: [CMS-concurrent-mark-start]
2024-07-27T21:37:57.723+0800: 0.292: [CMS-concurrent-mark: 0.003/0.003 secs] [Times: user=0.03 sys=0.00, real=0.00 secs] 
2024-07-27T21:37:57.723+0800: 0.292: [CMS-concurrent-preclean-start]
2024-07-27T21:37:57.723+0800: 0.293: [CMS-concurrent-preclean: 0.001/0.001 secs] [Times: user=0.00 sys=0.00, real=0.00 secs] 
2024-07-27T21:37:57.723+0800: 0.293: [CMS-concurrent-abortable-preclean-start]
2024-07-27T21:37:57.834+0800: 0.403: Application time: 0.1135920 seconds
2024-07-27T21:37:57.834+0800: 0.403: [GC (Allocation Failure) 2024-07-27T21:37:57.834+0800: 0.403: [ParNew: 77495K->28K(78656K), 0.0008218 secs] 206146K->128681K(253440K), 0.0008953 secs] [Times: user=0.00 sys=0.00, real=0.00 secs] 
2024-07-27T21:37:57.834+0800: 0.404: Total time for which application threads were stopped: 0.0010044 seconds, Stopping threads took: 0.0000203 seconds
2024-07-27T21:37:57.839+0800: 0.408: Application time: 0.0045420 seconds
2024-07-27T21:37:57.839+0800: 0.408: [GC (Allocation Failure) 2024-07-27T21:37:57.839+0800: 0.408: [ParNew: 68996K->8195K(78656K), 0.0289359 secs] 197650K->197265K(268860K), 0.0289831 secs] [Times: user=0.06 sys=0.01, real=0.03 secs] 
2024-07-27T21:37:57.867+0800: 0.437: Total time for which application threads were stopped: 0.0290779 seconds, Stopping threads took: 0.0000143 seconds
2024-07-27T21:37:57.977+0800: 0.548: Application time: 0.1102267 seconds
2024-07-27T21:37:57.978+0800: 0.548: [GC (Allocation Failure) 2024-07-27T21:37:57.978+0800: 0.548: [ParNew: 77167K->8192K(78656K), 0.0253005 secs] 266237K->265872K(337736K), 0.0253722 secs] [Times: user=0.01 sys=0.02, real=0.03 secs] 
2024-07-27T21:37:58.003+0800: 0.573: Total time for which application threads were stopped: 0.0254839 seconds, Stopping threads took: 0.0000222 seconds
2024-07-27T21:37:58.003+0800: 0.573: [CMS-concurrent-abortable-preclean: 0.005/0.280 secs] [Times: user=0.08 sys=0.03, real=0.28 secs] 
2024-07-27T21:37:58.003+0800: 0.573: Application time: 0.0003117 seconds
2024-07-27T21:37:58.003+0800: 0.574: [GC (CMS Final Remark) [YG occupancy: 12652 K (78656 K)]2024-07-27T21:37:58.004+0800: 0.574: [Rescan (parallel) , 0.0009514 secs]2024-07-27T21:37:58.005+0800: 0.575: [weak refs processing, 0.0000130 secs]2024-07-27T21:37:58.005+0800: 0.575: [class unloading, 0.0001920 secs]2024-07-27T21:37:58.005+0800: 0.575: [scrub symbol table, 0.0003280 secs]2024-07-27T21:37:58.005+0800: 0.575: [scrub string table, 0.0000990 secs][1 CMS-remark: 257680K(259080K)] 270332K(337736K), 0.0017081 secs] [Times: user=0.00 sys=0.01, real=0.00 secs] 
2024-07-27T21:37:58.005+0800: 0.575: Total time for which application threads were stopped: 0.0018593 seconds, Stopping threads took: 0.0001045 seconds
2024-07-27T21:37:58.005+0800: 0.576: [CMS-concurrent-sweep-start]
2024-07-27T21:37:58.007+0800: 0.577: [CMS-concurrent-sweep: 0.001/0.001 secs] [Times: user=0.00 sys=0.00, real=0.00 secs] 
2024-07-27T21:37:58.009+0800: 0.579: [CMS-concurrent-reset-start]
2024-07-27T21:37:58.013+0800: 0.583: [CMS-concurrent-reset: 0.004/0.004 secs] [Times: user=0.00 sys=0.00, real=0.00 secs] 
2024-07-27T21:37:58.116+0800: 0.685: Application time: 0.1100966 seconds
2024-07-27T21:37:58.116+0800: 0.685: [GC (Allocation Failure) 2024-07-27T21:37:58.116+0800: 0.685: [ParNew: 77165K->1024K(78656K), 0.0015400 secs] 334844K->258703K(508124K), 0.0016122 secs] [Times: user=0.00 sys=0.00, real=0.00 secs] 
2024-07-27T21:37:58.118+0800: 0.687: Total time for which application threads were stopped: 0.0017260 seconds, Stopping threads took: 0.0000208 seconds
2024-07-27T21:37:58.118+0800: 0.687: Application time: 0.0002244 seconds
2024-07-27T21:37:58.118+0800: 0.688: [GC (CMS Initial Mark) [1 CMS-initial-mark: 257679K(429468K)] 262140K(508124K), 0.0007164 secs] [Times: user=0.00 sys=0.00, real=0.00 secs] 
2024-07-27T21:37:58.119+0800: 0.688: Total time for which application threads were stopped: 0.0009000 seconds, Stopping threads took: 0.0001437 seconds
2024-07-27T21:37:58.119+0800: 0.688: [CMS-concurrent-mark-start]
2024-07-27T21:37:58.123+0800: 0.692: [CMS-concurrent-mark: 0.004/0.004 secs] [Times: user=0.00 sys=0.00, real=0.00 secs] 
2024-07-27T21:37:58.123+0800: 0.692: [CMS-concurrent-preclean-start]
2024-07-27T21:37:58.124+0800: 0.693: Application time: 0.0047486 seconds
2024-07-27T21:37:58.124+0800: 0.693: [GC (Allocation Failure) 2024-07-27T21:37:58.124+0800: 0.693: [ParNew: 69998K->8192K(78656K), 0.0369582 secs] 327677K->327312K(508124K), 0.0370187 secs] [Times: user=0.03 sys=0.03, real=0.04 secs] 
2024-07-27T21:37:58.161+0800: 0.730: Total time for which application threads were stopped: 0.0371124 seconds, Stopping threads took: 0.0000124 seconds
2024-07-27T21:37:58.162+0800: 0.731: [CMS-concurrent-preclean: 0.001/0.038 secs] [Times: user=0.03 sys=0.03, real=0.04 secs] 
2024-07-27T21:37:58.162+0800: 0.731: [CMS-concurrent-abortable-preclean-start]
2024-07-27T21:37:58.275+0800: 0.845: Application time: 0.1149713 seconds
2024-07-27T21:37:58.275+0800: 0.845: [GC (Allocation Failure) 2024-07-27T21:37:58.276+0800: 0.845: [ParNew: 77167K->8192K(78656K), 0.0409560 secs] 396287K->395921K(508124K), 0.0410174 secs] [Times: user=0.05 sys=0.03, real=0.04 secs] 
2024-07-27T21:37:58.317+0800: 0.886: Total time for which application threads were stopped: 0.0411292 seconds, Stopping threads took: 0.0000196 seconds
2024-07-27T21:37:58.317+0800: 0.886: [CMS-concurrent-abortable-preclean: 0.003/0.155 secs] [Times: user=0.05 sys=0.03, real=0.15 secs] 
2024-07-27T21:37:58.317+0800: 0.887: Application time: 0.0003536 seconds
2024-07-27T21:37:58.317+0800: 0.887: [GC (CMS Final Remark) [YG occupancy: 13678 K (78656 K)]2024-07-27T21:37:58.317+0800: 0.887: [Rescan (parallel) , 0.0011501 secs]2024-07-27T21:37:58.318+0800: 0.888: [weak refs processing, 0.0000126 secs]2024-07-27T21:37:58.318+0800: 0.888: [class unloading, 0.0001885 secs]2024-07-27T21:37:58.318+0800: 0.888: [scrub symbol table, 0.0003434 secs]2024-07-27T21:37:58.319+0800: 0.888: [scrub string table, 0.0000997 secs][1 CMS-remark: 387729K(429468K)] 401408K(508124K), 0.0018566 secs] [Times: user=0.00 sys=0.00, real=0.00 secs] 
2024-07-27T21:37:58.319+0800: 0.889: Total time for which application threads were stopped: 0.0020604 seconds, Stopping threads took: 0.0001579 seconds
2024-07-27T21:37:58.319+0800: 0.889: [CMS-concurrent-sweep-start]
2024-07-27T21:37:58.321+0800: 0.891: [CMS-concurrent-sweep: 0.002/0.002 secs] [Times: user=0.00 sys=0.00, real=0.00 secs] 
2024-07-27T21:37:58.321+0800: 0.891: [CMS-concurrent-reset-start]
2024-07-27T21:37:58.322+0800: 0.892: [CMS-concurrent-reset: 0.001/0.001 secs] [Times: user=0.00 sys=0.00, real=0.00 secs] 
2024-07-27T21:37:58.432+0800: 1.002: Application time: 0.1132583 seconds
2024-07-27T21:37:58.432+0800: 1.002: [GC (Allocation Failure) 2024-07-27T21:37:58.432+0800: 1.002: [ParNew: 77167K->2048K(78656K), 0.0015771 secs] 207869K->132749K(508124K), 0.0016332 secs] [Times: user=0.00 sys=0.00, real=0.00 secs] 
2024-07-27T21:37:58.434+0800: 1.004: Total time for which application threads were stopped: 0.0017509 seconds, Stopping threads took: 0.0000217 seconds
2024-07-27T21:37:58.438+0800: 1.008: Application time: 0.0045243 seconds
2024-07-27T21:37:58.439+0800: 1.008: [GC (Allocation Failure) 2024-07-27T21:37:58.439+0800: 1.008: [ParNew: 71024K->8192K(78656K), 0.0269070 secs] 201725K->201358K(508124K), 0.0269552 secs] [Times: user=0.03 sys=0.03, real=0.03 secs] 
2024-07-27T21:37:58.465+0800: 1.035: Total time for which application threads were stopped: 0.0270576 seconds, Stopping threads took: 0.0000152 seconds
2024-07-27T21:37:58.465+0800: 1.035: Application time: 0.0002365 seconds
2024-07-27T21:37:58.465+0800: 1.036: [GC (CMS Initial Mark) [1 CMS-initial-mark: 193166K(429468K)] 204797K(508124K), 0.0007802 secs] [Times: user=0.00 sys=0.00, real=0.00 secs] 
2024-07-27T21:37:58.466+0800: 1.036: Total time for which application threads were stopped: 0.0008976 seconds, Stopping threads took: 0.0000762 seconds
2024-07-27T21:37:58.466+0800: 1.036: [CMS-concurrent-mark-start]
2024-07-27T21:37:58.469+0800: 1.039: [CMS-concurrent-mark: 0.002/0.002 secs] [Times: user=0.00 sys=0.00, real=0.00 secs] 
2024-07-27T21:37:58.469+0800: 1.039: [CMS-concurrent-preclean-start]
2024-07-27T21:37:58.469+0800: 1.039: [CMS-concurrent-preclean: 0.001/0.001 secs] [Times: user=0.00 sys=0.00, real=0.00 secs] 
2024-07-27T21:37:58.469+0800: 1.039: [CMS-concurrent-abortable-preclean-start]
2024-07-27T21:37:58.577+0800: 1.146: Application time: 0.1096191 seconds
2024-07-27T21:37:58.577+0800: 1.146: [GC (Allocation Failure) 2024-07-27T21:37:58.577+0800: 1.146: [ParNew: 77168K->8192K(78656K), 0.0117378 secs] 270334K->269967K(508124K), 0.0118005 secs] [Times: user=0.03 sys=0.00, real=0.01 secs] 
2024-07-27T21:37:58.589+0800: 1.158: Total time for which application threads were stopped: 0.0119084 seconds, Stopping threads took: 0.0000194 seconds
2024-07-27T21:37:58.701+0800: 1.270: Application time: 0.1125203 seconds
2024-07-27T21:37:58.701+0800: 1.270: [GC (Allocation Failure) 2024-07-27T21:37:58.701+0800: 1.271: [ParNew: 77168K->3072K(78656K), 0.0016765 secs] 338943K->264847K(508124K), 0.0017366 secs] [Times: user=0.00 sys=0.00, real=0.00 secs] 
2024-07-27T21:37:58.702+0800: 1.272: Total time for which application threads were stopped: 0.0018452 seconds, Stopping threads took: 0.0000203 seconds
2024-07-27T21:37:58.707+0800: 1.277: Application time: 0.0042793 seconds
2024-07-27T21:37:58.707+0800: 1.277: [GC (Allocation Failure) 2024-07-27T21:37:58.707+0800: 1.277: [ParNew: 72048K->8192K(78656K), 0.0115603 secs] 333823K->333456K(508124K), 0.0116091 secs] [Times: user=0.03 sys=0.00, real=0.01 secs] 
2024-07-27T21:37:58.718+0800: 1.288: Total time for which application threads were stopped: 0.0117058 seconds, Stopping threads took: 0.0000153 seconds
2024-07-27T21:37:58.718+0800: 1.288: [CMS-concurrent-abortable-preclean: 0.004/0.249 secs] [Times: user=0.06 sys=0.00, real=0.25 secs] 
2024-07-27T21:37:58.719+0800: 1.289: Application time: 0.0002723 seconds
2024-07-27T21:37:58.719+0800: 1.289: [GC (CMS Final Remark) [YG occupancy: 11631 K (78656 K)]2024-07-27T21:37:58.719+0800: 1.289: [Rescan (parallel) , 0.0009124 secs]2024-07-27T21:37:58.720+0800: 1.290: [weak refs processing, 0.0000127 secs]2024-07-27T21:37:58.720+0800: 1.290: [class unloading, 0.0001983 secs]2024-07-27T21:37:58.720+0800: 1.290: [scrub symbol table, 0.0003318 secs]2024-07-27T21:37:58.720+0800: 1.290: [scrub string table, 0.0001010 secs][1 CMS-remark: 325264K(429468K)] 336895K(508124K), 0.0016230 secs] [Times: user=0.00 sys=0.00, real=0.00 secs] 
2024-07-27T21:37:58.720+0800: 1.290: Total time for which application threads were stopped: 0.0017999 seconds, Stopping threads took: 0.0001407 seconds
2024-07-27T21:37:58.721+0800: 1.291: [CMS-concurrent-sweep-start]
2024-07-27T21:37:58.722+0800: 1.292: [CMS-concurrent-sweep: 0.001/0.001 secs] [Times: user=0.00 sys=0.00, real=0.00 secs] 
2024-07-27T21:37:58.722+0800: 1.292: [CMS-concurrent-reset-start]
2024-07-27T21:37:58.723+0800: 1.293: [CMS-concurrent-reset: 0.001/0.001 secs] [Times: user=0.03 sys=0.00, real=0.00 secs] 
2024-07-27T21:37:58.828+0800: 1.398: Application time: 0.1074794 seconds
2024-07-27T21:37:58.828+0800: 1.398: [GC (Allocation Failure) 2024-07-27T21:37:58.828+0800: 1.398: [ParNew: 77168K->8192K(78656K), 0.0119509 secs] 272383K->272015K(508124K), 0.0120216 secs] [Times: user=0.03 sys=0.00, real=0.01 secs] 
2024-07-27T21:37:58.840+0800: 1.410: Total time for which application threads were stopped: 0.0121310 seconds, Stopping threads took: 0.0000193 seconds
2024-07-27T21:37:58.840+0800: 1.410: Application time: 0.0002327 seconds
2024-07-27T21:37:58.840+0800: 1.410: [GC (CMS Initial Mark) [1 CMS-initial-mark: 263823K(429468K)] 275455K(508124K), 0.0004227 secs] [Times: user=0.00 sys=0.00, real=0.00 secs] 
2024-07-27T21:37:58.841+0800: 1.411: Total time for which application threads were stopped: 0.0005455 seconds, Stopping threads took: 0.0000811 seconds
2024-07-27T21:37:58.842+0800: 1.411: [CMS-concurrent-mark-start]
2024-07-27T21:37:58.845+0800: 1.415: [CMS-concurrent-mark: 0.004/0.004 secs] [Times: user=0.00 sys=0.00, real=0.00 secs] 
2024-07-27T21:37:58.845+0800: 1.415: [CMS-concurrent-preclean-start]
2024-07-27T21:37:58.846+0800: 1.416: [CMS-concurrent-preclean: 0.001/0.001 secs] [Times: user=0.00 sys=0.00, real=0.00 secs] 
2024-07-27T21:37:58.846+0800: 1.416: [CMS-concurrent-abortable-preclean-start]
2024-07-27T21:37:58.953+0800: 1.522: Application time: 0.1111048 seconds
2024-07-27T21:37:58.953+0800: 1.522: [GC (Allocation Failure) 2024-07-27T21:37:58.953+0800: 1.522: [ParNew: 77168K->4096K(78656K), 0.0018973 secs] 340992K->267919K(508124K), 0.0019715 secs] [Times: user=0.00 sys=0.00, real=0.00 secs] 
2024-07-27T21:37:58.955+0800: 1.524: Total time for which application threads were stopped: 0.0020798 seconds, Stopping threads took: 0.0000200 seconds
2024-07-27T21:37:58.959+0800: 1.529: Application time: 0.0046480 seconds
2024-07-27T21:37:58.959+0800: 1.529: [GC (Allocation Failure) 2024-07-27T21:37:58.959+0800: 1.529: [ParNew: 73072K->8192K(78656K), 0.0132175 secs] 336896K->336528K(508124K), 0.0132946 secs] [Times: user=0.00 sys=0.00, real=0.01 secs] 
2024-07-27T21:37:58.973+0800: 1.542: Total time for which application threads were stopped: 0.0134046 seconds, Stopping threads took: 0.0000144 seconds
2024-07-27T21:37:59.080+0800: 1.649: Application time: 0.1071542 seconds
2024-07-27T21:37:59.080+0800: 1.649: [GC (Allocation Failure) 2024-07-27T21:37:59.080+0800: 1.649: [ParNew: 77168K->8192K(78656K), 0.0119233 secs] 405505K->405137K(508124K), 0.0119822 secs] [Times: user=0.03 sys=0.00, real=0.01 secs] 
2024-07-27T21:37:59.092+0800: 1.661: Total time for which application threads were stopped: 0.0120904 seconds, Stopping threads took: 0.0000186 seconds
2024-07-27T21:37:59.092+0800: 1.661: [CMS-concurrent-abortable-preclean: 0.005/0.246 secs] [Times: user=0.08 sys=0.00, real=0.25 secs] 
2024-07-27T21:37:59.092+0800: 1.662: Application time: 0.0002922 seconds
2024-07-27T21:37:59.093+0800: 1.662: [GC (CMS Final Remark) [YG occupancy: 12655 K (78656 K)]2024-07-27T21:37:59.093+0800: 1.662: [Rescan (parallel) , 0.0009173 secs]2024-07-27T21:37:59.093+0800: 1.663: [weak refs processing, 0.0000532 secs]2024-07-27T21:37:59.094+0800: 1.663: [class unloading, 0.0001909 secs]2024-07-27T21:37:59.094+0800: 1.663: [scrub symbol table, 0.0003388 secs]2024-07-27T21:37:59.094+0800: 1.663: [scrub string table, 0.0001010 secs][1 CMS-remark: 396945K(429468K)] 409601K(508124K), 0.0016758 secs] [Times: user=0.00 sys=0.00, real=0.00 secs] 
2024-07-27T21:37:59.094+0800: 1.663: Total time for which application threads were stopped: 0.0018779 seconds, Stopping threads took: 0.0001619 seconds
2024-07-27T21:37:59.094+0800: 1.664: [CMS-concurrent-sweep-start]
2024-07-27T21:37:59.096+0800: 1.665: [CMS-concurrent-sweep: 0.002/0.002 secs] [Times: user=0.00 sys=0.00, real=0.00 secs] 
2024-07-27T21:37:59.096+0800: 1.666: [CMS-concurrent-reset-start]
2024-07-27T21:37:59.098+0800: 1.667: [CMS-concurrent-reset: 0.001/0.001 secs] [Times: user=0.00 sys=0.00, real=0.00 secs] 
2024-07-27T21:37:59.202+0800: 1.772: Application time: 0.1082008 seconds
2024-07-27T21:37:59.202+0800: 1.772: [GC (Allocation Failure) 2024-07-27T21:37:59.203+0800: 1.772: [ParNew: 77168K->5120K(78656K), 0.0018321 secs] 343040K->270991K(521776K), 0.0018933 secs] [Times: user=0.00 sys=0.00, real=0.00 secs] 
2024-07-27T21:37:59.204+0800: 1.774: Total time for which application threads were stopped: 0.0020227 seconds, Stopping threads took: 0.0000260 seconds
2024-07-27T21:37:59.205+0800: 1.774: Application time: 0.0001699 seconds
2024-07-27T21:37:59.205+0800: 1.774: [GC (CMS Initial Mark) [1 CMS-initial-mark: 265871K(443120K)] 274431K(521776K), 0.0007136 secs] [Times: user=0.00 sys=0.00, real=0.00 secs] 
2024-07-27T21:37:59.205+0800: 1.775: Total time for which application threads were stopped: 0.0008812 seconds, Stopping threads took: 0.0001278 seconds
2024-07-27T21:37:59.206+0800: 1.775: [CMS-concurrent-mark-start]
2024-07-27T21:37:59.209+0800: 1.778: [CMS-concurrent-mark: 0.003/0.003 secs] [Times: user=0.05 sys=0.00, real=0.00 secs] 
2024-07-27T21:37:59.209+0800: 1.778: [CMS-concurrent-preclean-start]
2024-07-27T21:37:59.210+0800: 1.779: [CMS-concurrent-preclean: 0.001/0.001 secs] [Times: user=0.00 sys=0.00, real=0.00 secs] 
2024-07-27T21:37:59.210+0800: 1.779: [CMS-concurrent-abortable-preclean-start]
2024-07-27T21:37:59.211+0800: 1.780: Application time: 0.0051055 seconds
2024-07-27T21:37:59.211+0800: 1.780: [GC (Allocation Failure) 2024-07-27T21:37:59.211+0800: 1.780: [ParNew: 74096K->8192K(78656K), 0.0115599 secs] 339968K->339600K(521776K), 0.0116088 secs] [Times: user=0.00 sys=0.00, real=0.01 secs] 
2024-07-27T21:37:59.222+0800: 1.792: Total time for which application threads were stopped: 0.0117044 seconds, Stopping threads took: 0.0000139 seconds
2024-07-27T21:37:59.330+0800: 1.899: Application time: 0.1079200 seconds
2024-07-27T21:37:59.330+0800: 1.900: [GC (Allocation Failure) 2024-07-27T21:37:59.330+0800: 1.900: [ParNew: 77168K->8192K(78656K), 0.0123615 secs] 408577K->408209K(521776K), 0.0124206 secs] [Times: user=0.03 sys=0.00, real=0.01 secs] 
2024-07-27T21:37:59.342+0800: 1.912: Total time for which application threads were stopped: 0.0125396 seconds, Stopping threads took: 0.0000195 seconds
2024-07-27T21:37:59.343+0800: 1.912: [CMS-concurrent-abortable-preclean: 0.003/0.133 secs] [Times: user=0.05 sys=0.00, real=0.13 secs] 
2024-07-27T21:37:59.343+0800: 1.912: Application time: 0.0002360 seconds
2024-07-27T21:37:59.343+0800: 1.912: [GC (CMS Final Remark) [YG occupancy: 11631 K (78656 K)]2024-07-27T21:37:59.343+0800: 1.912: [Rescan (parallel) , 0.0007105 secs]2024-07-27T21:37:59.344+0800: 1.913: [weak refs processing, 0.0000130 secs]2024-07-27T21:37:59.344+0800: 1.913: [class unloading, 0.0001995 secs]2024-07-27T21:37:59.344+0800: 1.913: [scrub symbol table, 0.0003418 secs]2024-07-27T21:37:59.344+0800: 1.914: [scrub string table, 0.0001009 secs][1 CMS-remark: 400017K(443120K)] 411649K(521776K), 0.0014300 secs] [Times: user=0.00 sys=0.00, real=0.00 secs] 
2024-07-27T21:37:59.344+0800: 1.914: Total time for which application threads were stopped: 0.0016016 seconds, Stopping threads took: 0.0001337 seconds
2024-07-27T21:37:59.345+0800: 1.914: [CMS-concurrent-sweep-start]
2024-07-27T21:37:59.346+0800: 1.916: [CMS-concurrent-sweep: 0.002/0.002 secs] [Times: user=0.00 sys=0.00, real=0.00 secs] 
2024-07-27T21:37:59.346+0800: 1.916: [CMS-concurrent-reset-start]
2024-07-27T21:37:59.348+0800: 1.917: [CMS-concurrent-reset: 0.001/0.001 secs] [Times: user=0.00 sys=0.00, real=0.00 secs] 
2024-07-27T21:37:59.454+0800: 2.024: Application time: 0.1098288 seconds
2024-07-27T21:37:59.454+0800: 2.024: [GC (Allocation Failure) 2024-07-27T21:37:59.454+0800: 2.024: [ParNew: 77168K->6144K(78656K), 0.0020859 secs] 211966K->140941K(521776K), 0.0021454 secs] [Times: user=0.00 sys=0.00, real=0.00 secs] 
2024-07-27T21:37:59.456+0800: 2.026: Total time for which application threads were stopped: 0.0022610 seconds, Stopping threads took: 0.0000215 seconds
2024-07-27T21:37:59.460+0800: 2.030: Application time: 0.0044008 seconds
2024-07-27T21:37:59.460+0800: 2.030: [GC (Allocation Failure) 2024-07-27T21:37:59.460+0800: 2.030: [ParNew: 75120K->8192K(78656K), 0.0166311 secs] 209918K->209550K(521776K), 0.0166791 secs] [Times: user=0.03 sys=0.00, real=0.02 secs] 
2024-07-27T21:37:59.477+0800: 2.047: Total time for which application threads were stopped: 0.0167781 seconds, Stopping threads took: 0.0000144 seconds
2024-07-27T21:37:59.477+0800: 2.047: Application time: 0.0002353 seconds
2024-07-27T21:37:59.477+0800: 2.048: [GC (CMS Initial Mark) [1 CMS-initial-mark: 201358K(443120K)] 212990K(521776K), 0.0008335 secs] [Times: user=0.00 sys=0.00, real=0.00 secs] 
2024-07-27T21:37:59.478+0800: 2.048: Total time for which application threads were stopped: 0.0010482 seconds, Stopping threads took: 0.0001729 seconds
2024-07-27T21:37:59.478+0800: 2.048: [CMS-concurrent-mark-start]
2024-07-27T21:37:59.480+0800: 2.050: [CMS-concurrent-mark: 0.002/0.002 secs] [Times: user=0.00 sys=0.00, real=0.00 secs] 
2024-07-27T21:37:59.480+0800: 2.051: [CMS-concurrent-preclean-start]
2024-07-27T21:37:59.481+0800: 2.051: [CMS-concurrent-preclean: 0.001/0.001 secs] [Times: user=0.00 sys=0.00, real=0.00 secs] 
2024-07-27T21:37:59.481+0800: 2.051: [CMS-concurrent-abortable-preclean-start]
2024-07-27T21:37:59.598+0800: 2.168: Application time: 0.1195635 seconds
2024-07-27T21:37:59.598+0800: 2.168: [GC (Allocation Failure) 2024-07-27T21:37:59.598+0800: 2.168: [ParNew: 77168K->8192K(78656K), 0.0119281 secs] 278527K->278159K(521776K), 0.0119835 secs] [Times: user=0.00 sys=0.00, real=0.01 secs] 
2024-07-27T21:37:59.610+0800: 2.180: Total time for which application threads were stopped: 0.0120926 seconds, Stopping threads took: 0.0000187 seconds
2024-07-27T21:37:59.724+0800: 2.293: Application time: 0.1130949 seconds
2024-07-27T21:37:59.724+0800: 2.293: [GC (Allocation Failure) 2024-07-27T21:37:59.724+0800: 2.293: [ParNew: 77168K->7168K(78656K), 0.0017484 secs] 347136K->277135K(521776K), 0.0018052 secs] [Times: user=0.00 sys=0.00, real=0.00 secs] 
2024-07-27T21:37:59.726+0800: 2.295: Total time for which application threads were stopped: 0.0019087 seconds, Stopping threads took: 0.0000186 seconds
2024-07-27T21:37:59.726+0800: 2.295: [CMS-concurrent-abortable-preclean: 0.005/0.244 secs] [Times: user=0.06 sys=0.00, real=0.25 secs] 
2024-07-27T21:37:59.726+0800: 2.295: Application time: 0.0001553 seconds
2024-07-27T21:37:59.726+0800: 2.295: [GC (CMS Final Remark) [YG occupancy: 10607 K (78656 K)]2024-07-27T21:37:59.726+0800: 2.295: [Rescan (parallel) , 0.0003797 secs]2024-07-27T21:37:59.726+0800: 2.296: [weak refs processing, 0.0000125 secs]2024-07-27T21:37:59.726+0800: 2.296: [class unloading, 0.0001828 secs]2024-07-27T21:37:59.726+0800: 2.296: [scrub symbol table, 0.0003283 secs]2024-07-27T21:37:59.727+0800: 2.296: [scrub string table, 0.0000913 secs][1 CMS-remark: 269967K(443120K)] 280575K(521776K), 0.0010575 secs] [Times: user=0.00 sys=0.00, real=0.00 secs] 
2024-07-27T21:37:59.727+0800: 2.296: Total time for which application threads were stopped: 0.0011355 seconds, Stopping threads took: 0.0000426 seconds
2024-07-27T21:37:59.727+0800: 2.296: [CMS-concurrent-sweep-start]
2024-07-27T21:37:59.728+0800: 2.298: [CMS-concurrent-sweep: 0.001/0.001 secs] [Times: user=0.00 sys=0.00, real=0.00 secs] 
2024-07-27T21:37:59.728+0800: 2.298: [CMS-concurrent-reset-start]
2024-07-27T21:37:59.730+0800: 2.299: [CMS-concurrent-reset: 0.001/0.001 secs] [Times: user=0.00 sys=0.00, real=0.00 secs] 
2024-07-27T21:37:59.732+0800: 2.301: Application time: 0.0050596 seconds
2024-07-27T21:37:59.732+0800: 2.301: [GC (Allocation Failure) 2024-07-27T21:37:59.732+0800: 2.301: [ParNew: 76144K->8192K(78656K), 0.0119495 secs] 211966K->211598K(521776K), 0.0119961 secs] [Times: user=0.03 sys=0.00, real=0.01 secs] 
2024-07-27T21:37:59.744+0800: 2.314: Total time for which application threads were stopped: 0.0120916 seconds, Stopping threads took: 0.0000137 seconds
2024-07-27T21:37:59.744+0800: 2.314: Application time: 0.0002528 seconds
2024-07-27T21:37:59.744+0800: 2.314: [GC (CMS Initial Mark) [1 CMS-initial-mark: 203406K(443120K)] 215038K(521776K), 0.0008269 secs] [Times: user=0.00 sys=0.00, real=0.00 secs] 
2024-07-27T21:37:59.745+0800: 2.315: Total time for which application threads were stopped: 0.0010154 seconds, Stopping threads took: 0.0001447 seconds
2024-07-27T21:37:59.745+0800: 2.315: [CMS-concurrent-mark-start]
2024-07-27T21:37:59.747+0800: 2.317: [CMS-concurrent-mark: 0.002/0.002 secs] [Times: user=0.00 sys=0.00, real=0.00 secs] 
2024-07-27T21:37:59.747+0800: 2.317: [CMS-concurrent-preclean-start]
2024-07-27T21:37:59.748+0800: 2.317: [CMS-concurrent-preclean: 0.001/0.001 secs] [Times: user=0.00 sys=0.00, real=0.00 secs] 
2024-07-27T21:37:59.748+0800: 2.317: [CMS-concurrent-abortable-preclean-start]
2024-07-27T21:37:59.851+0800: 2.420: Application time: 0.1050164 seconds
2024-07-27T21:37:59.851+0800: 2.420: [GC (Allocation Failure) 2024-07-27T21:37:59.851+0800: 2.420: [ParNew: 77168K->8192K(78656K), 0.0119123 secs] 280575K->280207K(521776K), 0.0119716 secs] [Times: user=0.00 sys=0.00, real=0.01 secs] 
2024-07-27T21:37:59.862+0800: 2.432: Total time for which application threads were stopped: 0.0120799 seconds, Stopping threads took: 0.0000177 seconds
2024-07-27T21:37:59.973+0800: 2.543: Application time: 0.1110604 seconds
2024-07-27T21:37:59.973+0800: 2.543: [GC (Allocation Failure) 2024-07-27T21:37:59.973+0800: 2.543: [ParNew: 77168K->8192K(78656K), 0.0024933 secs] 349184K->280207K(521776K), 0.0025435 secs] [Times: user=0.00 sys=0.00, real=0.00 secs] 
2024-07-27T21:37:59.976+0800: 2.546: Total time for which application threads were stopped: 0.0026473 seconds, Stopping threads took: 0.0000194 seconds
2024-07-27T21:37:59.976+0800: 2.546: [CMS-concurrent-abortable-preclean: 0.004/0.228 secs] [Times: user=0.08 sys=0.00, real=0.23 secs] 
2024-07-27T21:37:59.976+0800: 2.546: Application time: 0.0003036 seconds
2024-07-27T21:37:59.976+0800: 2.546: [GC (CMS Final Remark) [YG occupancy: 12655 K (78656 K)]2024-07-27T21:37:59.976+0800: 2.546: [Rescan (parallel) , 0.0011108 secs]2024-07-27T21:37:59.977+0800: 2.547: [weak refs processing, 0.0000128 secs]2024-07-27T21:37:59.977+0800: 2.547: [class unloading, 0.0001661 secs]2024-07-27T21:37:59.977+0800: 2.547: [scrub symbol table, 0.0003171 secs]2024-07-27T21:37:59.978+0800: 2.548: [scrub string table, 0.0000929 secs][1 CMS-remark: 272015K(443120K)] 284671K(521776K), 0.0017620 secs] [Times: user=0.00 sys=0.00, real=0.00 secs] 
2024-07-27T21:37:59.978+0800: 2.548: Total time for which application threads were stopped: 0.0018580 seconds, Stopping threads took: 0.0000617 seconds
2024-07-27T21:37:59.978+0800: 2.548: [CMS-concurrent-sweep-start]
2024-07-27T21:37:59.979+0800: 2.549: [CMS-concurrent-sweep: 0.001/0.001 secs] [Times: user=0.00 sys=0.00, real=0.00 secs] 
2024-07-27T21:37:59.979+0800: 2.549: [CMS-concurrent-reset-start]
2024-07-27T21:37:59.980+0800: 2.550: [CMS-concurrent-reset: 0.001/0.001 secs] [Times: user=0.00 sys=0.00, real=0.00 secs] 
2024-07-27T21:37:59.983+0800: 2.553: Application time: 0.0047847 seconds
2024-07-27T21:37:59.983+0800: 2.553: [GC (Allocation Failure) 2024-07-27T21:37:59.983+0800: 2.553: [ParNew: 77168K->8192K(78656K), 0.0121360 secs] 214014K->213646K(521776K), 0.0121877 secs] [Times: user=0.03 sys=0.00, real=0.01 secs] 
2024-07-27T21:37:59.995+0800: 2.565: Total time for which application threads were stopped: 0.0122846 seconds, Stopping threads took: 0.0000139 seconds
2024-07-27T21:37:59.995+0800: 2.565: Application time: 0.0002416 seconds
2024-07-27T21:37:59.995+0800: 2.565: [GC (CMS Initial Mark) [1 CMS-initial-mark: 205454K(443120K)] 217086K(521776K), 0.0008858 secs] [Times: user=0.00 sys=0.00, real=0.00 secs] 
2024-07-27T21:37:59.996+0800: 2.566: Total time for which application threads were stopped: 0.0010023 seconds, Stopping threads took: 0.0000758 seconds
2024-07-27T21:37:59.996+0800: 2.566: [CMS-concurrent-mark-start]
2024-07-27T21:37:59.998+0800: 2.568: [CMS-concurrent-mark: 0.002/0.002 secs] [Times: user=0.00 sys=0.00, real=0.00 secs] 
2024-07-27T21:37:59.998+0800: 2.568: [CMS-concurrent-preclean-start]
2024-07-27T21:37:59.999+0800: 2.569: [CMS-concurrent-preclean: 0.001/0.001 secs] [Times: user=0.00 sys=0.00, real=0.00 secs] 
2024-07-27T21:37:59.999+0800: 2.569: [CMS-concurrent-abortable-preclean-start]
2024-07-27T21:38:00.102+0800: 2.672: Application time: 0.1059112 seconds
2024-07-27T21:38:00.102+0800: 2.672: [GC (Allocation Failure) 2024-07-27T21:38:00.102+0800: 2.672: [ParNew: 77168K->8192K(78656K), 0.0120309 secs] 282623K->282255K(521776K), 0.0121158 secs] [Times: user=0.03 sys=0.00, real=0.01 secs] 
2024-07-27T21:38:00.114+0800: 2.684: Total time for which application threads were stopped: 0.0122253 seconds, Stopping threads took: 0.0000191 seconds
2024-07-27T21:38:00.226+0800: 2.796: Application time: 0.1116338 seconds
2024-07-27T21:38:00.226+0800: 2.796: [GC (Allocation Failure) 2024-07-27T21:38:00.226+0800: 2.796: [ParNew: 77168K->8192K(78656K), 0.0024748 secs] 351232K->283279K(521776K), 0.0025419 secs] [Times: user=0.00 sys=0.00, real=0.00 secs] 
2024-07-27T21:38:00.229+0800: 2.799: Total time for which application threads were stopped: 0.0026490 seconds, Stopping threads took: 0.0000196 seconds
2024-07-27T21:38:00.229+0800: 2.799: [CMS-concurrent-abortable-preclean: 0.004/0.230 secs] [Times: user=0.03 sys=0.00, real=0.23 secs] 
2024-07-27T21:38:00.229+0800: 2.799: Application time: 0.0001970 seconds
2024-07-27T21:38:00.229+0800: 2.799: [GC (CMS Final Remark) [YG occupancy: 11631 K (78656 K)]2024-07-27T21:38:00.229+0800: 2.799: [Rescan (parallel) , 0.0004155 secs]2024-07-27T21:38:00.229+0800: 2.799: [weak refs processing, 0.0000118 secs]2024-07-27T21:38:00.229+0800: 2.799: [class unloading, 0.0001843 secs]2024-07-27T21:38:00.230+0800: 2.800: [scrub symbol table, 0.0003116 secs]2024-07-27T21:38:00.230+0800: 2.800: [scrub string table, 0.0001036 secs][1 CMS-remark: 275087K(443120K)] 286719K(521776K), 0.0010885 secs] [Times: user=0.00 sys=0.00, real=0.00 secs] 
2024-07-27T21:38:00.230+0800: 2.800: Total time for which application threads were stopped: 0.0012568 seconds, Stopping threads took: 0.0001335 seconds
2024-07-27T21:38:00.230+0800: 2.800: [CMS-concurrent-sweep-start]
2024-07-27T21:38:00.231+0800: 2.801: [CMS-concurrent-sweep: 0.001/0.001 secs] [Times: user=0.00 sys=0.00, real=0.00 secs] 
2024-07-27T21:38:00.231+0800: 2.801: [CMS-concurrent-reset-start]
2024-07-27T21:38:00.232+0800: 2.802: [CMS-concurrent-reset: 0.001/0.001 secs] [Times: user=0.00 sys=0.00, real=0.00 secs] 
2024-07-27T21:38:00.235+0800: 2.805: Application time: 0.0049110 seconds
2024-07-27T21:38:00.235+0800: 2.805: [GC (Allocation Failure) 2024-07-27T21:38:00.235+0800: 2.805: [ParNew: 77168K->8192K(78656K), 0.0121544 secs] 216062K->215694K(521776K), 0.0122016 secs] [Times: user=0.03 sys=0.00, real=0.01 secs] 
2024-07-27T21:38:00.247+0800: 2.817: Total time for which application threads were stopped: 0.0122966 seconds, Stopping threads took: 0.0000133 seconds
2024-07-27T21:38:00.248+0800: 2.817: Application time: 0.0002702 seconds
2024-07-27T21:38:00.248+0800: 2.818: [GC (CMS Initial Mark) [1 CMS-initial-mark: 207502K(443120K)] 219134K(521776K), 0.0008011 secs] [Times: user=0.00 sys=0.00, real=0.00 secs] 
2024-07-27T21:38:00.249+0800: 2.818: Total time for which application threads were stopped: 0.0009801 seconds, Stopping threads took: 0.0000804 seconds
2024-07-27T21:38:00.249+0800: 2.819: [CMS-concurrent-mark-start]
2024-07-27T21:38:00.250+0800: 2.820: [CMS-concurrent-mark: 0.002/0.002 secs] [Times: user=0.00 sys=0.00, real=0.00 secs] 
2024-07-27T21:38:00.250+0800: 2.820: [CMS-concurrent-preclean-start]
2024-07-27T21:38:00.251+0800: 2.821: [CMS-concurrent-preclean: 0.001/0.001 secs] [Times: user=0.00 sys=0.00, real=0.00 secs] 
2024-07-27T21:38:00.251+0800: 2.821: [CMS-concurrent-abortable-preclean-start]
2024-07-27T21:38:00.356+0800: 2.926: Application time: 0.1071175 seconds
2024-07-27T21:38:00.356+0800: 2.926: [GC (Allocation Failure) 2024-07-27T21:38:00.356+0800: 2.926: [ParNew: 77168K->8192K(78656K), 0.0119903 secs] 284671K->284303K(521776K), 0.0120497 secs] [Times: user=0.03 sys=0.00, real=0.01 secs] 
2024-07-27T21:38:00.368+0800: 2.938: Total time for which application threads were stopped: 0.0121576 seconds, Stopping threads took: 0.0000185 seconds
2024-07-27T21:38:00.482+0800: 3.051: Application time: 0.1133370 seconds
2024-07-27T21:38:00.482+0800: 3.051: [GC (Allocation Failure) 2024-07-27T21:38:00.482+0800: 3.051: [ParNew: 77168K->8192K(78656K), 0.0025718 secs] 353280K->286351K(521776K), 0.0026258 secs] [Times: user=0.00 sys=0.00, real=0.00 secs] 
2024-07-27T21:38:00.484+0800: 3.054: Total time for which application threads were stopped: 0.0027361 seconds, Stopping threads took: 0.0000195 seconds
2024-07-27T21:38:00.484+0800: 3.054: [CMS-concurrent-abortable-preclean: 0.005/0.233 secs] [Times: user=0.03 sys=0.00, real=0.23 secs] 
2024-07-27T21:38:00.484+0800: 3.054: Application time: 0.0001951 seconds
2024-07-27T21:38:00.484+0800: 3.054: [GC (CMS Final Remark) [YG occupancy: 11631 K (78656 K)]2024-07-27T21:38:00.484+0800: 3.054: [Rescan (parallel) , 0.0009235 secs]2024-07-27T21:38:00.486+0800: 3.055: [weak refs processing, 0.0000117 secs]2024-07-27T21:38:00.486+0800: 3.055: [class unloading, 0.0001702 secs]2024-07-27T21:38:00.486+0800: 3.055: [scrub symbol table, 0.0003148 secs]2024-07-27T21:38:00.486+0800: 3.056: [scrub string table, 0.0001046 secs][1 CMS-remark: 278159K(443120K)] 289791K(521776K), 0.0015863 secs] [Times: user=0.00 sys=0.00, real=0.00 secs] 
2024-07-27T21:38:00.486+0800: 3.056: Total time for which application threads were stopped: 0.0017018 seconds, Stopping threads took: 0.0000808 seconds
2024-07-27T21:38:00.486+0800: 3.056: [CMS-concurrent-sweep-start]
2024-07-27T21:38:00.487+0800: 3.057: [CMS-concurrent-sweep: 0.001/0.001 secs] [Times: user=0.00 sys=0.00, real=0.00 secs] 
2024-07-27T21:38:00.487+0800: 3.057: [CMS-concurrent-reset-start]
2024-07-27T21:38:00.489+0800: 3.058: [CMS-concurrent-reset: 0.001/0.001 secs] [Times: user=0.03 sys=0.00, real=0.00 secs] 
2024-07-27T21:38:00.491+0800: 3.061: Application time: 0.0048078 seconds
2024-07-27T21:38:00.491+0800: 3.061: [GC (Allocation Failure) 2024-07-27T21:38:00.491+0800: 3.061: [ParNew: 77168K->8192K(78656K), 0.0119242 secs] 218110K->217742K(521776K), 0.0119698 secs] [Times: user=0.00 sys=0.00, real=0.01 secs] 
2024-07-27T21:38:00.503+0800: 3.073: Total time for which application threads were stopped: 0.0120628 seconds, Stopping threads took: 0.0000126 seconds
2024-07-27T21:38:00.503+0800: 3.073: Application time: 0.0001695 seconds
2024-07-27T21:38:00.503+0800: 3.073: [GC (CMS Initial Mark) [1 CMS-initial-mark: 209550K(443120K)] 221182K(521776K), 0.0007153 secs] [Times: user=0.00 sys=0.00, real=0.00 secs] 
2024-07-27T21:38:00.504+0800: 3.074: Total time for which application threads were stopped: 0.0009051 seconds, Stopping threads took: 0.0001483 seconds
2024-07-27T21:38:00.505+0800: 3.074: [CMS-concurrent-mark-start]
2024-07-27T21:38:00.506+0800: 3.076: [CMS-concurrent-mark: 0.002/0.002 secs] [Times: user=0.00 sys=0.00, real=0.00 secs] 
2024-07-27T21:38:00.506+0800: 3.076: [CMS-concurrent-preclean-start]
2024-07-27T21:38:00.506+0800: 3.076: [CMS-concurrent-preclean: 0.001/0.001 secs] [Times: user=0.00 sys=0.00, real=0.00 secs] 
2024-07-27T21:38:00.506+0800: 3.076: [CMS-concurrent-abortable-preclean-start]
2024-07-27T21:38:00.609+0800: 3.179: Application time: 0.1052891 seconds
2024-07-27T21:38:00.609+0800: 3.179: [GC (Allocation Failure) 2024-07-27T21:38:00.609+0800: 3.179: [ParNew2024-07-27T21:38:00.622+0800: 3.191: [CMS-concurrent-abortable-preclean: 0.001/0.115 secs] [Times: user=0.03 sys=0.00, real=0.12 secs] 
: 77168K->8192K(78656K), 0.0124310 secs] 286719K->286351K(521776K), 0.0124832 secs] [Times: user=0.03 sys=0.00, real=0.01 secs] 
2024-07-27T21:38:00.622+0800: 3.192: Total time for which application threads were stopped: 0.0125873 seconds, Stopping threads took: 0.0000190 seconds
2024-07-27T21:38:00.622+0800: 3.192: Application time: 0.0002819 seconds
2024-07-27T21:38:00.622+0800: 3.192: [GC (CMS Final Remark) [YG occupancy: 11631 K (78656 K)]2024-07-27T21:38:00.622+0800: 3.192: [Rescan (parallel) , 0.0006985 secs]2024-07-27T21:38:00.623+0800: 3.193: [weak refs processing, 0.0000126 secs]2024-07-27T21:38:00.623+0800: 3.193: [class unloading, 0.0001819 secs]2024-07-27T21:38:00.623+0800: 3.193: [scrub symbol table, 0.0003176 secs]2024-07-27T21:38:00.623+0800: 3.193: [scrub string table, 0.0001023 secs][1 CMS-remark: 278159K(443120K)] 289791K(521776K), 0.0013755 secs] [Times: user=0.00 sys=0.00, real=0.00 secs] 
2024-07-27T21:38:00.624+0800: 3.193: Total time for which application threads were stopped: 0.0015557 seconds, Stopping threads took: 0.0001406 seconds
2024-07-27T21:38:00.624+0800: 3.194: [CMS-concurrent-sweep-start]
2024-07-27T21:38:00.625+0800: 3.195: [CMS-concurrent-sweep: 0.001/0.001 secs] [Times: user=0.00 sys=0.00, real=0.00 secs] 
2024-07-27T21:38:00.625+0800: 3.195: [CMS-concurrent-reset-start]
2024-07-27T21:38:00.627+0800: 3.197: [CMS-concurrent-reset: 0.001/0.001 secs] [Times: user=0.00 sys=0.00, real=0.00 secs] 
2024-07-27T21:38:00.732+0800: 3.302: Application time: 0.1083151 seconds
2024-07-27T21:38:00.732+0800: 3.302: [GC (Allocation Failure) 2024-07-27T21:38:00.732+0800: 3.302: [ParNew: 77168K->8192K(78656K), 0.0027015 secs] 217086K->151181K(521776K), 0.0027562 secs] [Times: user=0.00 sys=0.00, real=0.00 secs] 
2024-07-27T21:38:00.735+0800: 3.305: Total time for which application threads were stopped: 0.0028639 seconds, Stopping threads took: 0.0000189 seconds
2024-07-27T21:38:00.739+0800: 3.309: Application time: 0.0043402 seconds
2024-07-27T21:38:00.739+0800: 3.309: [GC (Allocation Failure) 2024-07-27T21:38:00.739+0800: 3.309: [ParNew: 77168K->8192K(78656K), 0.0123666 secs] 220158K->219790K(521776K), 0.0124143 secs] [Times: user=0.00 sys=0.00, real=0.01 secs] 
2024-07-27T21:38:00.752+0800: 3.321: Total time for which application threads were stopped: 0.0125121 seconds, Stopping threads took: 0.0000150 seconds
2024-07-27T21:38:00.752+0800: 3.322: Application time: 0.0002149 seconds
2024-07-27T21:38:00.752+0800: 3.322: [GC (CMS Initial Mark) [1 CMS-initial-mark: 211598K(443120K)] 223230K(521776K), 0.0006624 secs] [Times: user=0.00 sys=0.00, real=0.00 secs] 
2024-07-27T21:38:00.753+0800: 3.322: Total time for which application threads were stopped: 0.0008012 seconds, Stopping threads took: 0.0000978 seconds
2024-07-27T21:38:00.753+0800: 3.323: [CMS-concurrent-mark-start]
2024-07-27T21:38:00.755+0800: 3.324: [CMS-concurrent-mark: 0.002/0.002 secs] [Times: user=0.05 sys=0.00, real=0.00 secs] 
2024-07-27T21:38:00.755+0800: 3.324: [CMS-concurrent-preclean-start]
2024-07-27T21:38:00.755+0800: 3.325: [CMS-concurrent-preclean: 0.001/0.001 secs] [Times: user=0.00 sys=0.00, real=0.00 secs] 
2024-07-27T21:38:00.755+0800: 3.325: [CMS-concurrent-abortable-preclean-start]
2024-07-27T21:38:00.872+0800: 3.442: Application time: 0.1195275 seconds
2024-07-27T21:38:00.872+0800: 3.442: [GC (Allocation Failure) 2024-07-27T21:38:00.872+0800: 3.442: [ParNew: 77168K->8192K(78656K), 0.0122855 secs] 288767K->288399K(521776K), 0.0123421 secs] [Times: user=0.03 sys=0.00, real=0.01 secs] 
2024-07-27T21:38:00.884+0800: 3.454: Total time for which application threads were stopped: 0.0124667 seconds, Stopping threads took: 0.0000183 seconds
2024-07-27T21:38:00.996+0800: 3.566: Application time: 0.1113254 seconds
2024-07-27T21:38:00.996+0800: 3.566: [GC (Allocation Failure) 2024-07-27T21:38:00.996+0800: 3.566: [ParNew: 77168K->8192K(78656K), 0.0028186 secs] 357376K->292495K(521776K), 0.0029025 secs] [Times: user=0.00 sys=0.00, real=0.00 secs] 
2024-07-27T21:38:00.999+0800: 3.569: Total time for which application threads were stopped: 0.0030094 seconds, Stopping threads took: 0.0000191 seconds
2024-07-27T21:38:00.999+0800: 3.569: [CMS-concurrent-abortable-preclean: 0.005/0.244 secs] [Times: user=0.03 sys=0.00, real=0.24 secs] 
2024-07-27T21:38:00.999+0800: 3.569: Application time: 0.0002955 seconds
2024-07-27T21:38:00.999+0800: 3.569: [GC (CMS Final Remark) [YG occupancy: 12655 K (78656 K)]2024-07-27T21:38:00.999+0800: 3.569: [Rescan (parallel) , 0.0007979 secs]2024-07-27T21:38:01.001+0800: 3.570: [weak refs processing, 0.0000126 secs]2024-07-27T21:38:01.001+0800: 3.570: [class unloading, 0.0001878 secs]2024-07-27T21:38:01.001+0800: 3.570: [scrub symbol table, 0.0003400 secs]2024-07-27T21:38:01.001+0800: 3.571: [scrub string table, 0.0000989 secs][1 CMS-remark: 284303K(443120K)] 296959K(521776K), 0.0014998 secs] [Times: user=0.00 sys=0.00, real=0.00 secs] 
2024-07-27T21:38:01.001+0800: 3.571: Total time for which application threads were stopped: 0.0016805 seconds, Stopping threads took: 0.0001460 seconds
2024-07-27T21:38:01.002+0800: 3.571: [CMS-concurrent-sweep-start]
2024-07-27T21:38:01.003+0800: 3.572: [CMS-concurrent-sweep: 0.001/0.001 secs] [Times: user=0.00 sys=0.00, real=0.00 secs] 
2024-07-27T21:38:01.003+0800: 3.572: [CMS-concurrent-reset-start]
2024-07-27T21:38:01.004+0800: 3.574: [CMS-concurrent-reset: 0.001/0.001 secs] [Times: user=0.00 sys=0.00, real=0.00 secs] 
2024-07-27T21:38:01.006+0800: 3.575: Application time: 0.0047192 seconds
2024-07-27T21:38:01.006+0800: 3.576: [GC (Allocation Failure) 2024-07-27T21:38:01.006+0800: 3.576: [ParNew: 77168K->8192K(78656K), 0.0122265 secs] 222206K->221838K(521776K), 0.0122750 secs] [Times: user=0.00 sys=0.00, real=0.01 secs] 
2024-07-27T21:38:01.018+0800: 3.588: Total time for which application threads were stopped: 0.0123671 seconds, Stopping threads took: 0.0000125 seconds
2024-07-27T21:38:01.019+0800: 3.588: Application time: 0.0002265 seconds
2024-07-27T21:38:01.019+0800: 3.588: [GC (CMS Initial Mark) [1 CMS-initial-mark: 213646K(443120K)] 225278K(521776K), 0.0007423 secs] [Times: user=0.00 sys=0.00, real=0.00 secs] 
2024-07-27T21:38:01.019+0800: 3.589: Total time for which application threads were stopped: 0.0008557 seconds, Stopping threads took: 0.0000734 seconds
2024-07-27T21:38:01.020+0800: 3.589: [CMS-concurrent-mark-start]
2024-07-27T21:38:01.021+0800: 3.591: [CMS-concurrent-mark: 0.002/0.002 secs] [Times: user=0.05 sys=0.00, real=0.00 secs] 
2024-07-27T21:38:01.021+0800: 3.591: [CMS-concurrent-preclean-start]
2024-07-27T21:38:01.022+0800: 3.591: [CMS-concurrent-preclean: 0.001/0.001 secs] [Times: user=0.00 sys=0.00, real=0.00 secs] 
2024-07-27T21:38:01.022+0800: 3.592: [CMS-concurrent-abortable-preclean-start]
2024-07-27T21:38:01.124+0800: 3.694: Application time: 0.1048858 seconds
2024-07-27T21:38:01.124+0800: 3.694: [GC (Allocation Failure) 2024-07-27T21:38:01.124+0800: 3.694: [ParNew: 77168K->8192K(78656K), 0.0118293 secs] 290815K->290447K(521776K), 0.0118884 secs] [Times: user=0.03 sys=0.00, real=0.01 secs] 
2024-07-27T21:38:01.136+0800: 3.706: Total time for which application threads were stopped: 0.0119977 seconds, Stopping threads took: 0.0000187 seconds
2024-07-27T21:38:01.249+0800: 3.819: Application time: 0.1127196 seconds
2024-07-27T21:38:01.249+0800: 3.819: [GC (Allocation Failure) 2024-07-27T21:38:01.249+0800: 3.819: [ParNew: 77168K->8192K(78656K), 0.0028969 secs] 359424K->295567K(521776K), 0.0029498 secs] [Times: user=0.00 sys=0.00, real=0.00 secs] 
2024-07-27T21:38:01.252+0800: 3.822: Total time for which application threads were stopped: 0.0030659 seconds, Stopping threads took: 0.0000190 seconds
2024-07-27T21:38:01.253+0800: 3.822: [CMS-concurrent-abortable-preclean: 0.003/0.230 secs] [Times: user=0.03 sys=0.00, real=0.23 secs] 
2024-07-27T21:38:01.253+0800: 3.822: Application time: 0.0003545 seconds
2024-07-27T21:38:01.253+0800: 3.822: [GC (CMS Final Remark) [YG occupancy: 14703 K (78656 K)]2024-07-27T21:38:01.253+0800: 3.822: [Rescan (parallel) , 0.0009818 secs]2024-07-27T21:38:01.254+0800: 3.823: [weak refs processing, 0.0000127 secs]2024-07-27T21:38:01.254+0800: 3.823: [class unloading, 0.0001680 secs]2024-07-27T21:38:01.254+0800: 3.823: [scrub symbol table, 0.0003122 secs]2024-07-27T21:38:01.254+0800: 3.824: [scrub string table, 0.0000910 secs][1 CMS-remark: 287375K(443120K)] 302079K(521776K), 0.0016296 secs] [Times: user=0.00 sys=0.00, real=0.00 secs] 
2024-07-27T21:38:01.254+0800: 3.824: Total time for which application threads were stopped: 0.0017400 seconds, Stopping threads took: 0.0000743 seconds
2024-07-27T21:38:01.255+0800: 3.824: [CMS-concurrent-sweep-start]
2024-07-27T21:38:01.256+0800: 3.825: [CMS-concurrent-sweep: 0.002/0.002 secs] [Times: user=0.00 sys=0.00, real=0.00 secs] 
2024-07-27T21:38:01.256+0800: 3.826: [CMS-concurrent-reset-start]
2024-07-27T21:38:01.258+0800: 3.827: [CMS-concurrent-reset: 0.001/0.001 secs] [Times: user=0.00 sys=0.00, real=0.00 secs] 
2024-07-27T21:38:01.259+0800: 3.828: Application time: 0.0046401 seconds
2024-07-27T21:38:01.259+0800: 3.828: [GC (Allocation Failure) 2024-07-27T21:38:01.259+0800: 3.828: [ParNew: 77168K->8192K(78656K), 0.0121120 secs] 224254K->223886K(521776K), 0.0121606 secs] [Times: user=0.03 sys=0.00, real=0.01 secs] 
2024-07-27T21:38:01.271+0800: 3.841: Total time for which application threads were stopped: 0.0122558 seconds, Stopping threads took: 0.0000141 seconds
2024-07-27T21:38:01.272+0800: 3.841: Application time: 0.0002515 seconds
2024-07-27T21:38:01.272+0800: 3.841: [GC (CMS Initial Mark) [1 CMS-initial-mark: 215694K(443120K)] 227326K(521776K), 0.0007007 secs] [Times: user=0.00 sys=0.00, real=0.00 secs] 
2024-07-27T21:38:01.273+0800: 3.842: Total time for which application threads were stopped: 0.0008706 seconds, Stopping threads took: 0.0001284 seconds
2024-07-27T21:38:01.273+0800: 3.842: [CMS-concurrent-mark-start]
2024-07-27T21:38:01.274+0800: 3.843: [CMS-concurrent-mark: 0.002/0.002 secs] [Times: user=0.00 sys=0.00, real=0.00 secs] 
2024-07-27T21:38:01.274+0800: 3.843: [CMS-concurrent-preclean-start]
2024-07-27T21:38:01.275+0800: 3.844: [CMS-concurrent-preclean: 0.001/0.001 secs] [Times: user=0.00 sys=0.00, real=0.00 secs] 
2024-07-27T21:38:01.275+0800: 3.844: [CMS-concurrent-abortable-preclean-start]
2024-07-27T21:38:01.391+0800: 3.961: Application time: 0.1195704 seconds
2024-07-27T21:38:01.391+0800: 3.961: [GC (Allocation Failure) 2024-07-27T21:38:01.391+0800: 3.961: [ParNew: 77168K->8192K(78656K), 0.0118161 secs] 292863K->292495K(521776K), 0.0118758 secs] [Times: user=0.03 sys=0.00, real=0.01 secs] 
2024-07-27T21:38:01.403+0800: 3.973: Total time for which application threads were stopped: 0.0119838 seconds, Stopping threads took: 0.0000189 seconds
2024-07-27T21:38:01.516+0800: 4.085: Application time: 0.1115797 seconds
2024-07-27T21:38:01.516+0800: 4.085: [GC (Allocation Failure) 2024-07-27T21:38:01.516+0800: 4.085: [ParNew: 77168K->8192K(78656K), 0.0029173 secs] 361472K->298639K(521776K), 0.0029729 secs] [Times: user=0.00 sys=0.00, real=0.00 secs] 
2024-07-27T21:38:01.518+0800: 4.088: Total time for which application threads were stopped: 0.0030955 seconds, Stopping threads took: 0.0000189 seconds
2024-07-27T21:38:01.518+0800: 4.088: [CMS-concurrent-abortable-preclean: 0.005/0.244 secs] [Times: user=0.03 sys=0.00, real=0.24 secs] 
2024-07-27T21:38:01.519+0800: 4.088: Application time: 0.0002997 seconds
2024-07-27T21:38:01.519+0800: 4.088: [GC (CMS Final Remark) [YG occupancy: 13679 K (78656 K)]2024-07-27T21:38:01.519+0800: 4.088: [Rescan (parallel) , 0.0007446 secs]2024-07-27T21:38:01.520+0800: 4.089: [weak refs processing, 0.0000127 secs]2024-07-27T21:38:01.520+0800: 4.089: [class unloading, 0.0001808 secs]2024-07-27T21:38:01.520+0800: 4.089: [scrub symbol table, 0.0003412 secs]2024-07-27T21:38:01.520+0800: 4.090: [scrub string table, 0.0001141 secs][1 CMS-remark: 290447K(443120K)] 304127K(521776K), 0.0014584 secs] [Times: user=0.00 sys=0.00, real=0.00 secs] 
2024-07-27T21:38:01.520+0800: 4.090: Total time for which application threads were stopped: 0.0015848 seconds, Stopping threads took: 0.0000924 seconds
2024-07-27T21:38:01.521+0800: 4.090: [CMS-concurrent-sweep-start]
2024-07-27T21:38:01.522+0800: 4.092: [CMS-concurrent-sweep: 0.001/0.001 secs] [Times: user=0.00 sys=0.00, real=0.00 secs] 
2024-07-27T21:38:01.522+0800: 4.092: [CMS-concurrent-reset-start]
2024-07-27T21:38:01.523+0800: 4.093: [CMS-concurrent-reset: 0.001/0.001 secs] [Times: user=0.00 sys=0.00, real=0.00 secs] 
2024-07-27T21:38:01.525+0800: 4.095: Application time: 0.0046532 seconds
2024-07-27T21:38:01.525+0800: 4.095: [GC (Allocation Failure) 2024-07-27T21:38:01.525+0800: 4.095: [ParNew: 77168K->8192K(78656K), 0.0122721 secs] 226302K->225934K(521776K), 0.0123196 secs] [Times: user=0.03 sys=0.00, real=0.01 secs] 
2024-07-27T21:38:01.537+0800: 4.107: Total time for which application threads were stopped: 0.0124129 seconds, Stopping threads took: 0.0000125 seconds
2024-07-27T21:38:01.538+0800: 4.107: Application time: 0.0002711 seconds
2024-07-27T21:38:01.538+0800: 4.107: [GC (CMS Initial Mark) [1 CMS-initial-mark: 217742K(443120K)] 229374K(521776K), 0.0008098 secs] [Times: user=0.00 sys=0.00, real=0.00 secs] 
2024-07-27T21:38:01.539+0800: 4.108: Total time for which application threads were stopped: 0.0009313 seconds, Stopping threads took: 0.0000812 seconds
2024-07-27T21:38:01.539+0800: 4.108: [CMS-concurrent-mark-start]
2024-07-27T21:38:01.540+0800: 4.110: [CMS-concurrent-mark: 0.002/0.002 secs] [Times: user=0.00 sys=0.00, real=0.00 secs] 
2024-07-27T21:38:01.540+0800: 4.110: [CMS-concurrent-preclean-start]
2024-07-27T21:38:01.541+0800: 4.111: [CMS-concurrent-preclean: 0.001/0.001 secs] [Times: user=0.00 sys=0.00, real=0.00 secs] 
2024-07-27T21:38:01.541+0800: 4.111: [CMS-concurrent-abortable-preclean-start]
2024-07-27T21:38:01.545+0800: 4.115: Application time: 0.0064972 seconds
2024-07-27T21:38:01.545+0800: 4.115: Total time for which application threads were stopped: 0.0000693 seconds, Stopping threads took: 0.0000204 seconds
2024-07-27T21:38:01.643+0800: 4.213: Application time: 0.0984942 seconds
2024-07-27T21:38:01.644+0800: 4.213: [GC (Allocation Failure) 2024-07-27T21:38:01.644+0800: 4.213: [ParNew2024-07-27T21:38:01.656+0800: 4.225: [CMS-concurrent-abortable-preclean: 0.001/0.115 secs] [Times: user=0.03 sys=0.00, real=0.12 secs] 
: 77168K->8192K(78656K), 0.0125942 secs] 294911K->294543K(521776K), 0.0126573 secs] [Times: user=0.03 sys=0.00, real=0.01 secs] 
2024-07-27T21:38:01.656+0800: 4.226: Total time for which application threads were stopped: 0.0127693 seconds, Stopping threads took: 0.0000189 seconds
2024-07-27T21:38:01.657+0800: 4.226: Application time: 0.0002458 seconds
2024-07-27T21:38:01.657+0800: 4.226: [GC (CMS Final Remark) [YG occupancy: 12655 K (78656 K)]2024-07-27T21:38:01.657+0800: 4.226: [Rescan (parallel) , 0.0006675 secs]2024-07-27T21:38:01.658+0800: 4.227: [weak refs processing, 0.0000132 secs]2024-07-27T21:38:01.658+0800: 4.227: [class unloading, 0.0001968 secs]2024-07-27T21:38:01.658+0800: 4.227: [scrub symbol table, 0.0003366 secs]2024-07-27T21:38:01.658+0800: 4.228: [scrub string table, 0.0001022 secs][1 CMS-remark: 286351K(443120K)] 299007K(521776K), 0.0013836 secs] [Times: user=0.00 sys=0.00, real=0.00 secs] 
2024-07-27T21:38:01.658+0800: 4.228: Total time for which application threads were stopped: 0.0015158 seconds, Stopping threads took: 0.0000956 seconds
2024-07-27T21:38:01.658+0800: 4.228: [CMS-concurrent-sweep-start]
2024-07-27T21:38:01.659+0800: 4.229: [CMS-concurrent-sweep: 0.001/0.001 secs] [Times: user=0.00 sys=0.00, real=0.00 secs] 
2024-07-27T21:38:01.659+0800: 4.229: [CMS-concurrent-reset-start]
2024-07-27T21:38:01.661+0800: 4.230: [CMS-concurrent-reset: 0.001/0.001 secs] [Times: user=0.03 sys=0.00, real=0.00 secs] 
2024-07-27T21:38:01.769+0800: 4.338: Application time: 0.1101069 seconds
2024-07-27T21:38:01.769+0800: 4.338: [GC (Allocation Failure) 2024-07-27T21:38:01.769+0800: 4.338: [ParNew: 77168K->8192K(78656K), 0.0032042 secs] 221182K->159373K(521776K), 0.0032637 secs] [Times: user=0.03 sys=0.00, real=0.00 secs] 
2024-07-27T21:38:01.772+0800: 4.341: Total time for which application threads were stopped: 0.0033906 seconds, Stopping threads took: 0.0000197 seconds
2024-07-27T21:38:01.776+0800: 4.346: Application time: 0.0043824 seconds
2024-07-27T21:38:01.776+0800: 4.346: [GC (Allocation Failure) 2024-07-27T21:38:01.776+0800: 4.346: [ParNew: 77168K->8192K(78656K), 0.0119396 secs] 228350K->227982K(521776K), 0.0119995 secs] [Times: user=0.03 sys=0.00, real=0.01 secs] 
2024-07-27T21:38:01.788+0800: 4.358: Total time for which application threads were stopped: 0.0120975 seconds, Stopping threads took: 0.0000150 seconds
2024-07-27T21:38:01.788+0800: 4.358: Application time: 0.0002486 seconds
2024-07-27T21:38:01.788+0800: 4.358: [GC (CMS Initial Mark) [1 CMS-initial-mark: 219790K(443120K)] 231422K(521776K), 0.0007471 secs] [Times: user=0.00 sys=0.00, real=0.00 secs] 
2024-07-27T21:38:01.789+0800: 4.359: Total time for which application threads were stopped: 0.0009342 seconds, Stopping threads took: 0.0001448 seconds
2024-07-27T21:38:01.789+0800: 4.359: [CMS-concurrent-mark-start]
2024-07-27T21:38:01.791+0800: 4.360: [CMS-concurrent-mark: 0.001/0.001 secs] [Times: user=0.00 sys=0.00, real=0.00 secs] 
2024-07-27T21:38:01.791+0800: 4.360: [CMS-concurrent-preclean-start]
2024-07-27T21:38:01.791+0800: 4.361: [CMS-concurrent-preclean: 0.001/0.001 secs] [Times: user=0.00 sys=0.00, real=0.00 secs] 
2024-07-27T21:38:01.791+0800: 4.361: [CMS-concurrent-abortable-preclean-start]
2024-07-27T21:38:01.895+0800: 4.465: Application time: 0.1058067 seconds
2024-07-27T21:38:01.895+0800: 4.465: [GC (Allocation Failure) 2024-07-27T21:38:01.896+0800: 4.465: [ParNew: 77168K->8192K(78656K), 0.0117924 secs] 296959K->296591K(521776K), 0.0118705 secs] [Times: user=0.00 sys=0.01, real=0.01 secs] 
2024-07-27T21:38:01.907+0800: 4.477: Total time for which application threads were stopped: 0.0119958 seconds, Stopping threads took: 0.0000190 seconds
2024-07-27T21:38:02.020+0800: 4.590: Application time: 0.1128545 seconds
2024-07-27T21:38:02.020+0800: 4.590: [GC (Allocation Failure) 2024-07-27T21:38:02.020+0800: 4.590: [ParNew: 77168K->8192K(78656K), 0.0031414 secs] 365568K->304784K(521776K), 0.0031984 secs] [Times: user=0.00 sys=0.00, real=0.00 secs] 
2024-07-27T21:38:02.024+0800: 4.593: Total time for which application threads were stopped: 0.0033036 seconds, Stopping threads took: 0.0000190 seconds
2024-07-27T21:38:02.024+0800: 4.593: [CMS-concurrent-abortable-preclean: 0.004/0.232 secs] [Times: user=0.05 sys=0.01, real=0.23 secs] 
2024-07-27T21:38:02.024+0800: 4.593: Application time: 0.0003219 seconds
2024-07-27T21:38:02.024+0800: 4.593: [GC (CMS Final Remark) [YG occupancy: 12655 K (78656 K)]2024-07-27T21:38:02.024+0800: 4.593: [Rescan (parallel) , 0.0009475 secs]2024-07-27T21:38:02.025+0800: 4.594: [weak refs processing, 0.0000126 secs]2024-07-27T21:38:02.025+0800: 4.594: [class unloading, 0.0001929 secs]2024-07-27T21:38:02.025+0800: 4.595: [scrub symbol table, 0.0003347 secs]2024-07-27T21:38:02.026+0800: 4.595: [scrub string table, 0.0001184 secs][1 CMS-remark: 296591K(443120K)] 309247K(521776K), 0.0016690 secs] [Times: user=0.00 sys=0.00, real=0.00 secs] 
2024-07-27T21:38:02.026+0800: 4.595: Total time for which application threads were stopped: 0.0018244 seconds, Stopping threads took: 0.0001202 seconds
2024-07-27T21:38:02.026+0800: 4.595: [CMS-concurrent-sweep-start]
2024-07-27T21:38:02.027+0800: 4.597: [CMS-concurrent-sweep: 0.001/0.001 secs] [Times: user=0.00 sys=0.00, real=0.00 secs] 
2024-07-27T21:38:02.028+0800: 4.597: [CMS-concurrent-reset-start]
2024-07-27T21:38:02.029+0800: 4.598: [CMS-concurrent-reset: 0.001/0.001 secs] [Times: user=0.00 sys=0.00, real=0.00 secs] 
2024-07-27T21:38:02.031+0800: 4.600: Application time: 0.0047283 seconds
2024-07-27T21:38:02.031+0800: 4.600: [GC (Allocation Failure) 2024-07-27T21:38:02.031+0800: 4.600: [ParNew: 77168K->8192K(78656K), 0.0127678 secs] 230398K->230030K(521776K), 0.0128415 secs] [Times: user=0.03 sys=0.00, real=0.01 secs] 
2024-07-27T21:38:02.043+0800: 4.613: Total time for which application threads were stopped: 0.0129358 seconds, Stopping threads took: 0.0000125 seconds
2024-07-27T21:38:02.044+0800: 4.613: Application time: 0.0002033 seconds
2024-07-27T21:38:02.044+0800: 4.613: [GC (CMS Initial Mark) [1 CMS-initial-mark: 221838K(443120K)] 233470K(521776K), 0.0008009 secs] [Times: user=0.00 sys=0.00, real=0.00 secs] 
2024-07-27T21:38:02.045+0800: 4.614: Total time for which application threads were stopped: 0.0009835 seconds, Stopping threads took: 0.0001405 seconds
2024-07-27T21:38:02.045+0800: 4.614: [CMS-concurrent-mark-start]
2024-07-27T21:38:02.046+0800: 4.616: [CMS-concurrent-mark: 0.002/0.002 secs] [Times: user=0.00 sys=0.00, real=0.00 secs] 
2024-07-27T21:38:02.047+0800: 4.616: [CMS-concurrent-preclean-start]
2024-07-27T21:38:02.047+0800: 4.616: [CMS-concurrent-preclean: 0.001/0.001 secs] [Times: user=0.00 sys=0.00, real=0.00 secs] 
2024-07-27T21:38:02.047+0800: 4.616: [CMS-concurrent-abortable-preclean-start]
2024-07-27T21:38:02.149+0800: 4.719: Application time: 0.1047709 seconds
2024-07-27T21:38:02.149+0800: 4.719: [GC (Allocation Failure) 2024-07-27T21:38:02.150+0800: 4.719: [ParNew: 77168K->8192K(78656K), 0.0118629 secs] 299007K->298639K(521776K), 0.0119277 secs] [Times: user=0.03 sys=0.00, real=0.01 secs] 
2024-07-27T21:38:02.161+0800: 4.731: Total time for which application threads were stopped: 0.0120386 seconds, Stopping threads took: 0.0000199 seconds
2024-07-27T21:38:02.272+0800: 4.842: Application time: 0.1113316 seconds
2024-07-27T21:38:02.272+0800: 4.842: [GC (Allocation Failure) 2024-07-27T21:38:02.272+0800: 4.842: [ParNew: 77168K->8192K(78656K), 0.0037819 secs] 367616K->307856K(521776K), 0.0038373 secs] [Times: user=0.00 sys=0.00, real=0.00 secs] 
2024-07-27T21:38:02.277+0800: 4.846: Total time for which application threads were stopped: 0.0039433 seconds, Stopping threads took: 0.0000195 seconds
2024-07-27T21:38:02.277+0800: 4.846: [CMS-concurrent-abortable-preclean: 0.004/0.230 secs] [Times: user=0.03 sys=0.00, real=0.23 secs] 
2024-07-27T21:38:02.277+0800: 4.846: Application time: 0.0003106 seconds
2024-07-27T21:38:02.277+0800: 4.846: [GC (CMS Final Remark) [YG occupancy: 12655 K (78656 K)]2024-07-27T21:38:02.277+0800: 4.847: [Rescan (parallel) , 0.0008626 secs]2024-07-27T21:38:02.278+0800: 4.847: [weak refs processing, 0.0000126 secs]2024-07-27T21:38:02.278+0800: 4.847: [class unloading, 0.0001826 secs]2024-07-27T21:38:02.278+0800: 4.848: [scrub symbol table, 0.0003432 secs]2024-07-27T21:38:02.278+0800: 4.848: [scrub string table, 0.0001137 secs][1 CMS-remark: 299663K(443120K)] 312319K(521776K), 0.0015772 secs] [Times: user=0.00 sys=0.00, real=0.00 secs] 
2024-07-27T21:38:02.278+0800: 4.848: Total time for which application threads were stopped: 0.0017582 seconds, Stopping threads took: 0.0001461 seconds
2024-07-27T21:38:02.279+0800: 4.848: [CMS-concurrent-sweep-start]
2024-07-27T21:38:02.280+0800: 4.850: [CMS-concurrent-sweep: 0.001/0.001 secs] [Times: user=0.00 sys=0.00, real=0.00 secs] 
2024-07-27T21:38:02.280+0800: 4.850: [CMS-concurrent-reset-start]
2024-07-27T21:38:02.281+0800: 4.851: [CMS-concurrent-reset: 0.001/0.001 secs] [Times: user=0.00 sys=0.00, real=0.00 secs] 
2024-07-27T21:38:02.283+0800: 4.853: Application time: 0.0047782 seconds
2024-07-27T21:38:02.283+0800: 4.853: [GC (Allocation Failure) 2024-07-27T21:38:02.283+0800: 4.853: [ParNew: 77168K->8192K(78656K), 0.0124629 secs] 232446K->232078K(521776K), 0.0125112 secs] [Times: user=0.03 sys=0.00, real=0.01 secs] 
2024-07-27T21:38:02.296+0800: 4.865: Total time for which application threads were stopped: 0.0126069 seconds, Stopping threads took: 0.0000127 seconds
2024-07-27T21:38:02.296+0800: 4.866: Application time: 0.0002475 seconds
2024-07-27T21:38:02.296+0800: 4.866: [GC (CMS Initial Mark) [1 CMS-initial-mark: 223886K(443120K)] 235518K(521776K), 0.0007220 secs] [Times: user=0.00 sys=0.00, real=0.00 secs] 
2024-07-27T21:38:02.297+0800: 4.867: Total time for which application threads were stopped: 0.0009401 seconds, Stopping threads took: 0.0001731 seconds
2024-07-27T21:38:02.297+0800: 4.867: [CMS-concurrent-mark-start]
2024-07-27T21:38:02.299+0800: 4.868: [CMS-concurrent-mark: 0.001/0.001 secs] [Times: user=0.00 sys=0.00, real=0.00 secs] 
2024-07-27T21:38:02.299+0800: 4.868: [CMS-concurrent-preclean-start]
2024-07-27T21:38:02.299+0800: 4.869: [CMS-concurrent-preclean: 0.001/0.001 secs] [Times: user=0.00 sys=0.00, real=0.00 secs] 
2024-07-27T21:38:02.299+0800: 4.869: [CMS-concurrent-abortable-preclean-start]
2024-07-27T21:38:02.415+0800: 4.985: Application time: 0.1182294 seconds
2024-07-27T21:38:02.416+0800: 4.985: [GC (Allocation Failure) 2024-07-27T21:38:02.416+0800: 4.985: [ParNew: 77168K->8192K(78656K), 0.0120304 secs] 301055K->300687K(521776K), 0.0120951 secs] [Times: user=0.03 sys=0.00, real=0.01 secs] 
2024-07-27T21:38:02.428+0800: 4.997: Total time for which application threads were stopped: 0.0122263 seconds, Stopping threads took: 0.0000200 seconds
2024-07-27T21:38:02.539+0800: 5.109: Application time: 0.1116418 seconds
2024-07-27T21:38:02.539+0800: 5.109: [GC (Allocation Failure) 2024-07-27T21:38:02.539+0800: 5.109: [ParNew: 77168K->8192K(78656K), 0.0035705 secs] 369664K->310928K(521776K), 0.0036260 secs] [Times: user=0.00 sys=0.00, real=0.00 secs] 
2024-07-27T21:38:02.543+0800: 5.113: Total time for which application threads were stopped: 0.0037329 seconds, Stopping threads took: 0.0000189 seconds
2024-07-27T21:38:02.543+0800: 5.113: [CMS-concurrent-abortable-preclean: 0.005/0.244 secs] [Times: user=0.03 sys=0.00, real=0.24 secs] 
2024-07-27T21:38:02.544+0800: 5.113: Application time: 0.0003285 seconds
2024-07-27T21:38:02.544+0800: 5.113: [GC (CMS Final Remark) [YG occupancy: 13679 K (78656 K)]2024-07-27T21:38:02.544+0800: 5.113: [Rescan (parallel) , 0.0006868 secs]2024-07-27T21:38:02.544+0800: 5.114: [weak refs processing, 0.0000128 secs]2024-07-27T21:38:02.544+0800: 5.114: [class unloading, 0.0001901 secs]2024-07-27T21:38:02.544+0800: 5.114: [scrub symbol table, 0.0003417 secs]2024-07-27T21:38:02.544+0800: 5.114: [scrub string table, 0.0000999 secs][1 CMS-remark: 302735K(443120K)] 316415K(521776K), 0.0013940 secs] [Times: user=0.00 sys=0.00, real=0.00 secs] 
2024-07-27T21:38:02.544+0800: 5.114: Total time for which application threads were stopped: 0.0015441 seconds, Stopping threads took: 0.0001156 seconds
2024-07-27T21:38:02.545+0800: 5.115: [CMS-concurrent-sweep-start]
2024-07-27T21:38:02.546+0800: 5.116: [CMS-concurrent-sweep: 0.001/0.001 secs] [Times: user=0.00 sys=0.00, real=0.00 secs] 
2024-07-27T21:38:02.546+0800: 5.116: [CMS-concurrent-reset-start]
2024-07-27T21:38:02.548+0800: 5.118: [CMS-concurrent-reset: 0.001/0.001 secs] [Times: user=0.00 sys=0.00, real=0.00 secs] 
2024-07-27T21:38:02.549+0800: 5.119: Application time: 0.0046649 seconds
2024-07-27T21:38:02.549+0800: 5.119: [GC (Allocation Failure) 2024-07-27T21:38:02.549+0800: 5.119: [ParNew: 77168K->8192K(78656K), 0.0119237 secs] 234494K->234126K(521776K), 0.0119725 secs] [Times: user=0.03 sys=0.00, real=0.01 secs] 
2024-07-27T21:38:02.561+0800: 5.131: Total time for which application threads were stopped: 0.0120655 seconds, Stopping threads took: 0.0000123 seconds
2024-07-27T21:38:02.561+0800: 5.131: Application time: 0.0002344 seconds
2024-07-27T21:38:02.562+0800: 5.131: [GC (CMS Initial Mark) [1 CMS-initial-mark: 225934K(443120K)] 237566K(521776K), 0.0008154 secs] [Times: user=0.00 sys=0.00, real=0.00 secs] 
2024-07-27T21:38:02.563+0800: 5.132: Total time for which application threads were stopped: 0.0009393 seconds, Stopping threads took: 0.0000813 seconds
2024-07-27T21:38:02.563+0800: 5.132: [CMS-concurrent-mark-start]
2024-07-27T21:38:02.565+0800: 5.134: [CMS-concurrent-mark: 0.002/0.002 secs] [Times: user=0.00 sys=0.00, real=0.00 secs] 
2024-07-27T21:38:02.565+0800: 5.134: [CMS-concurrent-preclean-start]
2024-07-27T21:38:02.565+0800: 5.135: [CMS-concurrent-preclean: 0.001/0.001 secs] [Times: user=0.00 sys=0.00, real=0.00 secs] 
2024-07-27T21:38:02.565+0800: 5.135: [CMS-concurrent-abortable-preclean-start]
2024-07-27T21:38:02.683+0800: 5.252: Application time: 0.1199531 seconds
2024-07-27T21:38:02.683+0800: 5.252: [GC (Allocation Failure) 2024-07-27T21:38:02.683+0800: 5.252: [ParNew: 77168K->8192K(78656K), 0.0120878 secs] 303103K->302735K(521776K), 0.0121458 secs] [Times: user=0.03 sys=0.00, real=0.01 secs] 
2024-07-27T21:38:02.695+0800: 5.265: Total time for which application threads were stopped: 0.0122621 seconds, Stopping threads took: 0.0000193 seconds
2024-07-27T21:38:02.806+0800: 5.375: Application time: 0.1108438 seconds
2024-07-27T21:38:02.806+0800: 5.375: [GC (Allocation Failure) 2024-07-27T21:38:02.806+0800: 5.375: [ParNew: 77168K->8192K(78656K), 0.0037719 secs] 371712K->314000K(521776K), 0.0038326 secs] [Times: user=0.00 sys=0.00, real=0.00 secs] 
2024-07-27T21:38:02.810+0800: 5.379: Total time for which application threads were stopped: 0.0039408 seconds, Stopping threads took: 0.0000190 seconds
2024-07-27T21:38:02.810+0800: 5.379: [CMS-concurrent-abortable-preclean: 0.005/0.245 secs] [Times: user=0.03 sys=0.00, real=0.24 secs] 
2024-07-27T21:38:02.810+0800: 5.380: Application time: 0.0003738 seconds
2024-07-27T21:38:02.810+0800: 5.380: [GC (CMS Final Remark) [YG occupancy: 14703 K (78656 K)]2024-07-27T21:38:02.810+0800: 5.380: [Rescan (parallel) , 0.0006946 secs]2024-07-27T21:38:02.811+0800: 5.381: [weak refs processing, 0.0000127 secs]2024-07-27T21:38:02.811+0800: 5.381: [class unloading, 0.0001737 secs]2024-07-27T21:38:02.811+0800: 5.381: [scrub symbol table, 0.0003452 secs]2024-07-27T21:38:02.811+0800: 5.381: [scrub string table, 0.0001130 secs][1 CMS-remark: 305808K(443120K)] 320511K(521776K), 0.0014023 secs] [Times: user=0.00 sys=0.00, real=0.00 secs] 
2024-07-27T21:38:02.811+0800: 5.381: Total time for which application threads were stopped: 0.0015591 seconds, Stopping threads took: 0.0001217 seconds
2024-07-27T21:38:02.812+0800: 5.381: [CMS-concurrent-sweep-start]
2024-07-27T21:38:02.813+0800: 5.383: [CMS-concurrent-sweep: 0.001/0.001 secs] [Times: user=0.00 sys=0.00, real=0.00 secs] 
2024-07-27T21:38:02.813+0800: 5.383: [CMS-concurrent-reset-start]
2024-07-27T21:38:02.814+0800: 5.384: [CMS-concurrent-reset: 0.001/0.001 secs] [Times: user=0.00 sys=0.00, real=0.00 secs] 
2024-07-27T21:38:02.816+0800: 5.386: Application time: 0.0046424 seconds
2024-07-27T21:38:02.816+0800: 5.386: [GC (Allocation Failure) 2024-07-27T21:38:02.816+0800: 5.386: [ParNew: 77168K->8192K(78656K), 0.0123015 secs] 236542K->236174K(521776K), 0.0123484 secs] [Times: user=0.13 sys=0.00, real=0.01 secs] 
2024-07-27T21:38:02.828+0800: 5.398: Total time for which application threads were stopped: 0.0124417 seconds, Stopping threads took: 0.0000130 seconds
2024-07-27T21:38:02.829+0800: 5.399: Application time: 0.0001811 seconds
2024-07-27T21:38:02.829+0800: 5.399: [GC (CMS Initial Mark) [1 CMS-initial-mark: 227982K(443120K)] 239614K(521776K), 0.0007874 secs] [Times: user=0.00 sys=0.00, real=0.00 secs] 
2024-07-27T21:38:02.830+0800: 5.400: Total time for which application threads were stopped: 0.0009842 seconds, Stopping threads took: 0.0001558 seconds
2024-07-27T21:38:02.830+0800: 5.400: [CMS-concurrent-mark-start]
2024-07-27T21:38:02.832+0800: 5.401: [CMS-concurrent-mark: 0.001/0.001 secs] [Times: user=0.00 sys=0.00, real=0.00 secs] 
2024-07-27T21:38:02.832+0800: 5.401: [CMS-concurrent-preclean-start]
2024-07-27T21:38:02.832+0800: 5.402: [CMS-concurrent-preclean: 0.001/0.001 secs] [Times: user=0.00 sys=0.00, real=0.00 secs] 
2024-07-27T21:38:02.832+0800: 5.402: [CMS-concurrent-abortable-preclean-start]
2024-07-27T21:38:02.935+0800: 5.504: Application time: 0.1045348 seconds
2024-07-27T21:38:02.935+0800: 5.504: [GC (Allocation Failure) 2024-07-27T21:38:02.935+0800: 5.504: [ParNew2024-07-27T21:38:02.947+0800: 5.516: [CMS-concurrent-abortable-preclean: 0.001/0.114 secs] [Times: user=0.05 sys=0.00, real=0.12 secs] 
: 77168K->8192K(78656K), 0.0121527 secs] 305151K->304784K(521776K), 0.0122042 secs] [Times: user=0.03 sys=0.00, real=0.01 secs] 
2024-07-27T21:38:02.947+0800: 5.516: Total time for which application threads were stopped: 0.0123097 seconds, Stopping threads took: 0.0000186 seconds
2024-07-27T21:38:02.947+0800: 5.517: Application time: 0.0002915 seconds
2024-07-27T21:38:02.947+0800: 5.517: [GC (CMS Final Remark) [YG occupancy: 12655 K (78656 K)]2024-07-27T21:38:02.947+0800: 5.517: [Rescan (parallel) , 0.0007707 secs]2024-07-27T21:38:02.948+0800: 5.518: [weak refs processing, 0.0000127 secs]2024-07-27T21:38:02.948+0800: 5.518: [class unloading, 0.0001761 secs]2024-07-27T21:38:02.948+0800: 5.518: [scrub symbol table, 0.0003428 secs]2024-07-27T21:38:02.949+0800: 5.518: [scrub string table, 0.0001140 secs][1 CMS-remark: 296591K(443120K)] 309247K(521776K), 0.0014791 secs] [Times: user=0.00 sys=0.00, real=0.00 secs] 
2024-07-27T21:38:02.949+0800: 5.518: Total time for which application threads were stopped: 0.0016471 seconds, Stopping threads took: 0.0001320 seconds
2024-07-27T21:38:02.949+0800: 5.519: [CMS-concurrent-sweep-start]
2024-07-27T21:38:02.951+0800: 5.520: [CMS-concurrent-sweep: 0.001/0.001 secs] [Times: user=0.00 sys=0.00, real=0.00 secs] 
2024-07-27T21:38:02.951+0800: 5.520: [CMS-concurrent-reset-start]
2024-07-27T21:38:02.952+0800: 5.521: [CMS-concurrent-reset: 0.001/0.001 secs] [Times: user=0.00 sys=0.00, real=0.00 secs] 
2024-07-27T21:38:03.059+0800: 5.628: Application time: 0.1095189 seconds
2024-07-27T21:38:03.059+0800: 5.628: [GC (Allocation Failure) 2024-07-27T21:38:03.059+0800: 5.628: [ParNew: 77168K->8192K(78656K), 0.0039406 secs] 226302K->169613K(521776K), 0.0039990 secs] [Times: user=0.00 sys=0.00, real=0.00 secs] 
2024-07-27T21:38:03.062+0800: 5.632: Total time for which application threads were stopped: 0.0041149 seconds, Stopping threads took: 0.0000175 seconds
2024-07-27T21:38:03.067+0800: 5.636: Application time: 0.0043349 seconds
2024-07-27T21:38:03.067+0800: 5.636: [GC (Allocation Failure) 2024-07-27T21:38:03.067+0800: 5.636: [ParNew: 77168K->8192K(78656K), 0.0118168 secs] 238590K->238223K(521776K), 0.0118659 secs] [Times: user=0.00 sys=0.00, real=0.01 secs] 
2024-07-27T21:38:03.078+0800: 5.648: Total time for which application threads were stopped: 0.0119654 seconds, Stopping threads took: 0.0000155 seconds
2024-07-27T21:38:03.079+0800: 5.648: Application time: 0.0002287 seconds
2024-07-27T21:38:03.079+0800: 5.649: [GC (CMS Initial Mark) [1 CMS-initial-mark: 230030K(443120K)] 241662K(521776K), 0.0007963 secs] [Times: user=0.00 sys=0.00, real=0.00 secs] 
2024-07-27T21:38:03.080+0800: 5.649: Total time for which application threads were stopped: 0.0009181 seconds, Stopping threads took: 0.0000811 seconds
2024-07-27T21:38:03.080+0800: 5.649: [CMS-concurrent-mark-start]
2024-07-27T21:38:03.081+0800: 5.651: [CMS-concurrent-mark: 0.001/0.001 secs] [Times: user=0.00 sys=0.00, real=0.00 secs] 
2024-07-27T21:38:03.081+0800: 5.651: [CMS-concurrent-preclean-start]
2024-07-27T21:38:03.082+0800: 5.652: [CMS-concurrent-preclean: 0.001/0.001 secs] [Times: user=0.00 sys=0.00, real=0.00 secs] 
2024-07-27T21:38:03.082+0800: 5.652: [CMS-concurrent-abortable-preclean-start]
2024-07-27T21:38:03.188+0800: 5.758: Application time: 0.1082931 seconds
2024-07-27T21:38:03.188+0800: 5.758: [GC (Allocation Failure) 2024-07-27T21:38:03.188+0800: 5.758: [ParNew: 77168K->8192K(78656K), 0.0122160 secs] 307199K->306832K(521776K), 0.0122738 secs] [Times: user=0.03 sys=0.00, real=0.01 secs] 
2024-07-27T21:38:03.200+0800: 5.770: Total time for which application threads were stopped: 0.0123804 seconds, Stopping threads took: 0.0000188 seconds
2024-07-27T21:38:03.312+0800: 5.882: Application time: 0.1115733 seconds
2024-07-27T21:38:03.312+0800: 5.882: [GC (Allocation Failure) 2024-07-27T21:38:03.312+0800: 5.882: [ParNew: 77168K->8192K(78656K), 0.0042812 secs] 375808K->320144K(521776K), 0.0043373 secs] [Times: user=0.00 sys=0.00, real=0.00 secs] 
2024-07-27T21:38:03.316+0800: 5.886: Total time for which application threads were stopped: 0.0044956 seconds, Stopping threads took: 0.0000187 seconds
2024-07-27T21:38:03.316+0800: 5.886: [CMS-concurrent-abortable-preclean: 0.005/0.235 secs] [Times: user=0.03 sys=0.00, real=0.23 secs] 
2024-07-27T21:38:03.316+0800: 5.886: Application time: 0.0003065 seconds
2024-07-27T21:38:03.317+0800: 5.887: [GC (CMS Final Remark) [YG occupancy: 12655 K (78656 K)]2024-07-27T21:38:03.317+0800: 5.887: [Rescan (parallel) , 0.0010298 secs]2024-07-27T21:38:03.318+0800: 5.888: [weak refs processing, 0.0000126 secs]2024-07-27T21:38:03.318+0800: 5.888: [class unloading, 0.0001832 secs]2024-07-27T21:38:03.318+0800: 5.888: [scrub symbol table, 0.0003428 secs]2024-07-27T21:38:03.318+0800: 5.888: [scrub string table, 0.0000992 secs][1 CMS-remark: 311952K(443120K)] 324607K(521776K), 0.0017322 secs] [Times: user=0.00 sys=0.00, real=0.00 secs] 
2024-07-27T21:38:03.318+0800: 5.888: Total time for which application threads were stopped: 0.0018959 seconds, Stopping threads took: 0.0001277 seconds
2024-07-27T21:38:03.319+0800: 5.889: [CMS-concurrent-sweep-start]
2024-07-27T21:38:03.320+0800: 5.890: [CMS-concurrent-sweep: 0.001/0.001 secs] [Times: user=0.00 sys=0.00, real=0.00 secs] 
2024-07-27T21:38:03.320+0800: 5.890: [CMS-concurrent-reset-start]
2024-07-27T21:38:03.321+0800: 5.891: [CMS-concurrent-reset: 0.001/0.001 secs] [Times: user=0.00 sys=0.00, real=0.00 secs] 
2024-07-27T21:38:03.323+0800: 5.893: Application time: 0.0048228 seconds
2024-07-27T21:38:03.323+0800: 5.893: [GC (Allocation Failure) 2024-07-27T21:38:03.323+0800: 5.893: [ParNew: 77168K->8192K(78656K), 0.0129247 secs] 240638K->240271K(521776K), 0.0129709 secs] [Times: user=0.03 sys=0.00, real=0.01 secs] 
2024-07-27T21:38:03.336+0800: 5.906: Total time for which application threads were stopped: 0.0130641 seconds, Stopping threads took: 0.0000134 seconds
2024-07-27T21:38:03.336+0800: 5.906: Application time: 0.0001779 seconds
2024-07-27T21:38:03.337+0800: 5.907: [GC (CMS Initial Mark) [1 CMS-initial-mark: 232078K(443120K)] 243710K(521776K), 0.0007482 secs] [Times: user=0.00 sys=0.00, real=0.00 secs] 
2024-07-27T21:38:03.338+0800: 5.907: Total time for which application threads were stopped: 0.0009158 seconds, Stopping threads took: 0.0001262 seconds
2024-07-27T21:38:03.338+0800: 5.907: [CMS-concurrent-mark-start]
2024-07-27T21:38:03.339+0800: 5.909: [CMS-concurrent-mark: 0.001/0.001 secs] [Times: user=0.00 sys=0.00, real=0.00 secs] 
2024-07-27T21:38:03.339+0800: 5.909: [CMS-concurrent-preclean-start]
2024-07-27T21:38:03.340+0800: 5.910: [CMS-concurrent-preclean: 0.001/0.001 secs] [Times: user=0.00 sys=0.00, real=0.00 secs] 
2024-07-27T21:38:03.340+0800: 5.910: [CMS-concurrent-abortable-preclean-start]
2024-07-27T21:38:03.457+0800: 6.027: Application time: 0.1193308 seconds
2024-07-27T21:38:03.457+0800: 6.027: [GC (Allocation Failure) 2024-07-27T21:38:03.457+0800: 6.027: [ParNew: 77168K->8192K(78656K), 0.0119415 secs] 309247K->308880K(521776K), 0.0120223 secs] [Times: user=0.03 sys=0.00, real=0.01 secs] 
2024-07-27T21:38:03.469+0800: 6.039: Total time for which application threads were stopped: 0.0121721 seconds, Stopping threads took: 0.0000192 seconds
2024-07-27T21:38:03.581+0800: 6.150: Application time: 0.1110611 seconds
2024-07-27T21:38:03.581+0800: 6.150: [GC (Allocation Failure) 2024-07-27T21:38:03.581+0800: 6.150: [ParNew: 77168K->8192K(78656K), 0.0046358 secs] 377856K->323216K(521776K), 0.0046940 secs] [Times: user=0.03 sys=0.00, real=0.00 secs] 
2024-07-27T21:38:03.585+0800: 6.155: Total time for which application threads were stopped: 0.0048028 seconds, Stopping threads took: 0.0000201 seconds
2024-07-27T21:38:03.585+0800: 6.155: [CMS-concurrent-abortable-preclean: 0.005/0.245 secs] [Times: user=0.06 sys=0.00, real=0.25 secs] 
2024-07-27T21:38:03.586+0800: 6.155: Application time: 0.0003056 seconds
2024-07-27T21:38:03.586+0800: 6.155: [GC (CMS Final Remark) [YG occupancy: 12655 K (78656 K)]2024-07-27T21:38:03.586+0800: 6.155: [Rescan (parallel) , 0.0007664 secs]2024-07-27T21:38:03.587+0800: 6.156: [weak refs processing, 0.0000129 secs]2024-07-27T21:38:03.587+0800: 6.156: [class unloading, 0.0001789 secs]2024-07-27T21:38:03.587+0800: 6.156: [scrub symbol table, 0.0003420 secs]2024-07-27T21:38:03.587+0800: 6.157: [scrub string table, 0.0001132 secs][1 CMS-remark: 315024K(443120K)] 327679K(521776K), 0.0014776 secs] [Times: user=0.00 sys=0.00, real=0.00 secs] 
2024-07-27T21:38:03.587+0800: 6.157: Total time for which application threads were stopped: 0.0016677 seconds, Stopping threads took: 0.0001551 seconds
2024-07-27T21:38:03.588+0800: 6.157: [CMS-concurrent-sweep-start]
2024-07-27T21:38:03.589+0800: 6.158: [CMS-concurrent-sweep: 0.001/0.001 secs] [Times: user=0.00 sys=0.00, real=0.00 secs] 
2024-07-27T21:38:03.589+0800: 6.159: [CMS-concurrent-reset-start]
2024-07-27T21:38:03.590+0800: 6.160: [CMS-concurrent-reset: 0.001/0.001 secs] [Times: user=0.00 sys=0.00, real=0.00 secs] 
2024-07-27T21:38:03.592+0800: 6.161: Application time: 0.0047185 seconds
2024-07-27T21:38:03.592+0800: 6.161: [GC (Allocation Failure) 2024-07-27T21:38:03.592+0800: 6.161: [ParNew: 77168K->8192K(78656K), 0.0119757 secs] 242686K->242319K(521776K), 0.0120221 secs] [Times: user=0.03 sys=0.00, real=0.01 secs] 
2024-07-27T21:38:03.604+0800: 6.174: Total time for which application threads were stopped: 0.0121150 seconds, Stopping threads took: 0.0000126 seconds
2024-07-27T21:38:03.604+0800: 6.174: Application time: 0.0002364 seconds
2024-07-27T21:38:03.605+0800: 6.174: [GC (CMS Initial Mark) [1 CMS-initial-mark: 234126K(443120K)] 245758K(521776K), 0.0008646 secs] [Times: user=0.00 sys=0.00, real=0.00 secs] 
2024-07-27T21:38:03.606+0800: 6.175: Total time for which application threads were stopped: 0.0010755 seconds, Stopping threads took: 0.0001696 seconds
2024-07-27T21:38:03.606+0800: 6.175: [CMS-concurrent-mark-start]
2024-07-27T21:38:03.607+0800: 6.176: [CMS-concurrent-mark: 0.001/0.001 secs] [Times: user=0.00 sys=0.00, real=0.00 secs] 
2024-07-27T21:38:03.607+0800: 6.176: [CMS-concurrent-preclean-start]
2024-07-27T21:38:03.608+0800: 6.177: [CMS-concurrent-preclean: 0.001/0.001 secs] [Times: user=0.00 sys=0.00, real=0.00 secs] 
2024-07-27T21:38:03.608+0800: 6.177: [CMS-concurrent-abortable-preclean-start]
2024-07-27T21:38:03.724+0800: 6.294: Application time: 0.1191434 seconds
2024-07-27T21:38:03.724+0800: 6.294: [GC (Allocation Failure) 2024-07-27T21:38:03.724+0800: 6.294: [ParNew: 77168K->8192K(78656K), 0.0118607 secs] 311295K->310928K(521776K), 0.0119183 secs] [Times: user=0.00 sys=0.00, real=0.01 secs] 
2024-07-27T21:38:03.736+0800: 6.306: Total time for which application threads were stopped: 0.0120257 seconds, Stopping threads took: 0.0000185 seconds
2024-07-27T21:38:03.848+0800: 6.418: Application time: 0.1115440 seconds
2024-07-27T21:38:03.848+0800: 6.418: [GC (Allocation Failure) 2024-07-27T21:38:03.848+0800: 6.418: [ParNew: 77168K->8192K(78656K), 0.0042814 secs] 379904K->326288K(521776K), 0.0043387 secs] [Times: user=0.00 sys=0.00, real=0.00 secs] 
2024-07-27T21:38:03.852+0800: 6.422: Total time for which application threads were stopped: 0.0044472 seconds, Stopping threads took: 0.0000214 seconds
2024-07-27T21:38:03.852+0800: 6.422: [CMS-concurrent-abortable-preclean: 0.005/0.245 secs] [Times: user=0.05 sys=0.00, real=0.24 secs] 
2024-07-27T21:38:03.853+0800: 6.422: Application time: 0.0003731 seconds
2024-07-27T21:38:03.853+0800: 6.423: [GC (CMS Final Remark) [YG occupancy: 13679 K (78656 K)]2024-07-27T21:38:03.853+0800: 6.423: [Rescan (parallel) , 0.0010645 secs]2024-07-27T21:38:03.854+0800: 6.424: [weak refs processing, 0.0000129 secs]2024-07-27T21:38:03.854+0800: 6.424: [class unloading, 0.0001768 secs]2024-07-27T21:38:03.854+0800: 6.424: [scrub symbol table, 0.0003444 secs]2024-07-27T21:38:03.854+0800: 6.424: [scrub string table, 0.0001182 secs][1 CMS-remark: 318096K(443120K)] 331776K(521776K), 0.0017788 secs] [Times: user=0.00 sys=0.00, real=0.00 secs] 
2024-07-27T21:38:03.855+0800: 6.424: Total time for which application threads were stopped: 0.0019555 seconds, Stopping threads took: 0.0001412 seconds
2024-07-27T21:38:03.855+0800: 6.425: [CMS-concurrent-sweep-start]
2024-07-27T21:38:03.856+0800: 6.426: [CMS-concurrent-sweep: 0.002/0.002 secs] [Times: user=0.00 sys=0.00, real=0.00 secs] 
2024-07-27T21:38:03.857+0800: 6.426: [CMS-concurrent-reset-start]
2024-07-27T21:38:03.858+0800: 6.428: [CMS-concurrent-reset: 0.001/0.001 secs] [Times: user=0.00 sys=0.00, real=0.00 secs] 
2024-07-27T21:38:03.859+0800: 6.429: Application time: 0.0047186 seconds
2024-07-27T21:38:03.859+0800: 6.429: [GC (Allocation Failure) 2024-07-27T21:38:03.859+0800: 6.429: [ParNew: 77168K->8192K(78656K), 0.0121058 secs] 244734K->244367K(521776K), 0.0121537 secs] [Times: user=0.03 sys=0.00, real=0.01 secs] 
2024-07-27T21:38:03.872+0800: 6.441: Total time for which application threads were stopped: 0.0122448 seconds, Stopping threads took: 0.0000127 seconds
2024-07-27T21:38:03.872+0800: 6.442: Application time: 0.0002414 seconds
2024-07-27T21:38:03.872+0800: 6.442: [GC (CMS Initial Mark) [1 CMS-initial-mark: 236174K(443120K)] 247806K(521776K), 0.0008209 secs] [Times: user=0.00 sys=0.00, real=0.00 secs] 
2024-07-27T21:38:03.873+0800: 6.443: Total time for which application threads were stopped: 0.0009423 seconds, Stopping threads took: 0.0000799 seconds
2024-07-27T21:38:03.873+0800: 6.443: [CMS-concurrent-mark-start]
2024-07-27T21:38:03.874+0800: 6.444: [CMS-concurrent-mark: 0.001/0.001 secs] [Times: user=0.00 sys=0.00, real=0.00 secs] 
2024-07-27T21:38:03.874+0800: 6.444: [CMS-concurrent-preclean-start]
2024-07-27T21:38:03.874+0800: 6.445: [CMS-concurrent-preclean: 0.001/0.001 secs] [Times: user=0.00 sys=0.00, real=0.00 secs] 
2024-07-27T21:38:03.874+0800: 6.445: [CMS-concurrent-abortable-preclean-start]
2024-07-27T21:38:03.991+0800: 6.561: Application time: 0.1181535 seconds
2024-07-27T21:38:03.991+0800: 6.561: [GC (Allocation Failure) 2024-07-27T21:38:03.991+0800: 6.561: [ParNew: 77168K->8192K(78656K), 0.0117970 secs] 313343K->312976K(521776K), 0.0118548 secs] [Times: user=0.00 sys=0.00, real=0.01 secs] 
2024-07-27T21:38:04.003+0800: 6.573: Total time for which application threads were stopped: 0.0119740 seconds, Stopping threads took: 0.0000195 seconds
2024-07-27T21:38:04.115+0800: 6.685: Application time: 0.1122934 seconds
2024-07-27T21:38:04.115+0800: 6.685: [GC (Allocation Failure) 2024-07-27T21:38:04.115+0800: 6.685: [ParNew: 77168K->8192K(78656K), 0.0047988 secs] 381952K->329360K(521776K), 0.0048582 secs] [Times: user=0.00 sys=0.00, real=0.00 secs] 
2024-07-27T21:38:04.120+0800: 6.690: Total time for which application threads were stopped: 0.0049747 seconds, Stopping threads took: 0.0000188 seconds
2024-07-27T21:38:04.120+0800: 6.690: [CMS-concurrent-abortable-preclean: 0.005/0.245 secs] [Times: user=0.05 sys=0.00, real=0.25 secs] 
2024-07-27T21:38:04.120+0800: 6.690: Application time: 0.0003263 seconds
2024-07-27T21:38:04.120+0800: 6.690: [GC (CMS Final Remark) [YG occupancy: 13679 K (78656 K)]2024-07-27T21:38:04.120+0800: 6.690: [Rescan (parallel) , 0.0011227 secs]2024-07-27T21:38:04.121+0800: 6.692: [weak refs processing, 0.0000124 secs]2024-07-27T21:38:04.121+0800: 6.692: [class unloading, 0.0001818 secs]2024-07-27T21:38:04.122+0800: 6.692: [scrub symbol table, 0.0003412 secs]2024-07-27T21:38:04.122+0800: 6.692: [scrub string table, 0.0001129 secs][1 CMS-remark: 321168K(443120K)] 334848K(521776K), 0.0018339 secs] [Times: user=0.00 sys=0.00, real=0.00 secs] 
2024-07-27T21:38:04.122+0800: 6.692: Total time for which application threads were stopped: 0.0019585 seconds, Stopping threads took: 0.0000900 seconds
2024-07-27T21:38:04.122+0800: 6.692: [CMS-concurrent-sweep-start]
2024-07-27T21:38:04.124+0800: 6.694: [CMS-concurrent-sweep: 0.001/0.001 secs] [Times: user=0.00 sys=0.00, real=0.00 secs] 
2024-07-27T21:38:04.124+0800: 6.694: [CMS-concurrent-reset-start]
2024-07-27T21:38:04.125+0800: 6.695: [CMS-concurrent-reset: 0.001/0.001 secs] [Times: user=0.00 sys=0.00, real=0.00 secs] 
2024-07-27T21:38:04.127+0800: 6.697: Application time: 0.0046943 seconds
2024-07-27T21:38:04.127+0800: 6.697: [GC (Allocation Failure) 2024-07-27T21:38:04.127+0800: 6.697: [ParNew: 77168K->8192K(78656K), 0.0119433 secs] 246782K->246415K(521776K), 0.0120417 secs] [Times: user=0.03 sys=0.00, real=0.01 secs] 
2024-07-27T21:38:04.139+0800: 6.709: Total time for which application threads were stopped: 0.0121342 seconds, Stopping threads took: 0.0000123 seconds
2024-07-27T21:38:04.139+0800: 6.709: Application time: 0.0002229 seconds
2024-07-27T21:38:04.139+0800: 6.709: [GC (CMS Initial Mark) [1 CMS-initial-mark: 238223K(443120K)] 249854K(521776K), 0.0007253 secs] [Times: user=0.00 sys=0.00, real=0.00 secs] 
2024-07-27T21:38:04.141+0800: 6.710: Total time for which application threads were stopped: 0.0008505 seconds, Stopping threads took: 0.0000800 seconds
2024-07-27T21:38:04.141+0800: 6.710: [CMS-concurrent-mark-start]
2024-07-27T21:38:04.142+0800: 6.711: [CMS-concurrent-mark: 0.001/0.001 secs] [Times: user=0.00 sys=0.00, real=0.00 secs] 
2024-07-27T21:38:04.142+0800: 6.711: [CMS-concurrent-preclean-start]
2024-07-27T21:38:04.142+0800: 6.712: [CMS-concurrent-preclean: 0.001/0.001 secs] [Times: user=0.00 sys=0.00, real=0.00 secs] 
2024-07-27T21:38:04.142+0800: 6.712: [CMS-concurrent-abortable-preclean-start]
2024-07-27T21:38:04.259+0800: 6.829: Application time: 0.1189206 seconds
2024-07-27T21:38:04.259+0800: 6.829: [GC (Allocation Failure) 2024-07-27T21:38:04.259+0800: 6.829: [ParNew: 77168K->8192K(78656K), 0.0116421 secs] 315391K->315024K(521776K), 0.0117120 secs] [Times: user=0.03 sys=0.00, real=0.01 secs] 
2024-07-27T21:38:04.272+0800: 6.841: Total time for which application threads were stopped: 0.0118458 seconds, Stopping threads took: 0.0000189 seconds
2024-07-27T21:38:04.383+0800: 6.953: Application time: 0.1121798 seconds
2024-07-27T21:38:04.383+0800: 6.953: [GC (Allocation Failure) 2024-07-27T21:38:04.383+0800: 6.953: [ParNew: 77168K->8192K(78656K), 0.0046200 secs] 384000K->332432K(521776K), 0.0046780 secs] [Times: user=0.00 sys=0.00, real=0.01 secs] 
2024-07-27T21:38:04.388+0800: 6.958: Total time for which application threads were stopped: 0.0047854 seconds, Stopping threads took: 0.0000195 seconds
2024-07-27T21:38:04.388+0800: 6.958: [CMS-concurrent-abortable-preclean: 0.005/0.246 secs] [Times: user=0.03 sys=0.00, real=0.25 secs] 
2024-07-27T21:38:04.388+0800: 6.958: Application time: 0.0002641 seconds
2024-07-27T21:38:04.388+0800: 6.958: [GC (CMS Final Remark) [YG occupancy: 11631 K (78656 K)]2024-07-27T21:38:04.388+0800: 6.958: [Rescan (parallel) , 0.0008058 secs]2024-07-27T21:38:04.389+0800: 6.959: [weak refs processing, 0.0000125 secs]2024-07-27T21:38:04.389+0800: 6.959: [class unloading, 0.0001725 secs]2024-07-27T21:38:04.389+0800: 6.959: [scrub symbol table, 0.0003449 secs]2024-07-27T21:38:04.390+0800: 6.960: [scrub string table, 0.0001118 secs][1 CMS-remark: 324240K(443120K)] 335872K(521776K), 0.0015097 secs] [Times: user=0.00 sys=0.00, real=0.00 secs] 
2024-07-27T21:38:04.390+0800: 6.960: Total time for which application threads were stopped: 0.0016812 seconds, Stopping threads took: 0.0001361 seconds
2024-07-27T21:38:04.390+0800: 6.960: [CMS-concurrent-sweep-start]
2024-07-27T21:38:04.391+0800: 6.962: [CMS-concurrent-sweep: 0.001/0.001 secs] [Times: user=0.00 sys=0.00, real=0.00 secs] 
2024-07-27T21:38:04.392+0800: 6.962: [CMS-concurrent-reset-start]
2024-07-27T21:38:04.393+0800: 6.963: [CMS-concurrent-reset: 0.002/0.002 secs] [Times: user=0.00 sys=0.00, real=0.00 secs] 
2024-07-27T21:38:04.395+0800: 6.965: Application time: 0.0049113 seconds
2024-07-27T21:38:04.395+0800: 6.965: [GC (Allocation Failure) 2024-07-27T21:38:04.395+0800: 6.965: [ParNew: 77168K->8192K(78656K), 0.0117789 secs] 248830K->248463K(521776K), 0.0118310 secs] [Times: user=0.00 sys=0.00, real=0.01 secs] 
2024-07-27T21:38:04.407+0800: 6.977: Total time for which application threads were stopped: 0.0119245 seconds, Stopping threads took: 0.0000128 seconds
2024-07-27T21:38:04.407+0800: 6.977: Application time: 0.0001769 seconds
2024-07-27T21:38:04.407+0800: 6.977: [GC (CMS Initial Mark) [1 CMS-initial-mark: 240271K(443120K)] 251902K(521776K), 0.0007842 secs] [Times: user=0.00 sys=0.00, real=0.00 secs] 
2024-07-27T21:38:04.408+0800: 6.978: Total time for which application threads were stopped: 0.0009862 seconds, Stopping threads took: 0.0001530 seconds
2024-07-27T21:38:04.408+0800: 6.978: [CMS-concurrent-mark-start]
2024-07-27T21:38:04.409+0800: 6.979: [CMS-concurrent-mark: 0.001/0.001 secs] [Times: user=0.00 sys=0.00, real=0.00 secs] 
2024-07-27T21:38:04.409+0800: 6.979: [CMS-concurrent-preclean-start]
2024-07-27T21:38:04.410+0800: 6.980: [CMS-concurrent-preclean: 0.001/0.001 secs] [Times: user=0.00 sys=0.00, real=0.00 secs] 
2024-07-27T21:38:04.410+0800: 6.980: [CMS-concurrent-abortable-preclean-start]
2024-07-27T21:38:04.527+0800: 7.097: Application time: 0.1193258 seconds
2024-07-27T21:38:04.527+0800: 7.097: [GC (Allocation Failure) 2024-07-27T21:38:04.527+0800: 7.097: [ParNew: 77168K->8200K(78656K), 0.0115894 secs] 317439K->317080K(521776K), 0.0116473 secs] [Times: user=0.03 sys=0.00, real=0.01 secs] 
2024-07-27T21:38:04.540+0800: 7.109: Total time for which application threads were stopped: 0.0117589 seconds, Stopping threads took: 0.0000234 seconds
2024-07-27T21:38:04.652+0800: 7.222: Application time: 0.1127737 seconds
2024-07-27T21:38:04.652+0800: 7.222: [GC (Allocation Failure) 2024-07-27T21:38:04.652+0800: 7.222: [ParNew: 77176K->8192K(78656K), 0.0048201 secs] 386056K->335504K(521776K), 0.0048957 secs] [Times: user=0.00 sys=0.00, real=0.01 secs] 
2024-07-27T21:38:04.657+0800: 7.227: Total time for which application threads were stopped: 0.0050187 seconds, Stopping threads took: 0.0000207 seconds
2024-07-27T21:38:04.657+0800: 7.227: [CMS-concurrent-abortable-preclean: 0.005/0.247 secs] [Times: user=0.03 sys=0.00, real=0.25 secs] 
2024-07-27T21:38:04.657+0800: 7.227: Application time: 0.0003281 seconds
2024-07-27T21:38:04.657+0800: 7.227: [GC (CMS Final Remark) [YG occupancy: 13679 K (78656 K)]2024-07-27T21:38:04.657+0800: 7.227: [Rescan (parallel) , 0.0009325 secs]2024-07-27T21:38:04.658+0800: 7.228: [weak refs processing, 0.0000128 secs]2024-07-27T21:38:04.658+0800: 7.228: [class unloading, 0.0001780 secs]2024-07-27T21:38:04.658+0800: 7.228: [scrub symbol table, 0.0003486 secs]2024-07-27T21:38:04.659+0800: 7.229: [scrub string table, 0.0001124 secs][1 CMS-remark: 327312K(443120K)] 340992K(521776K), 0.0016480 secs] [Times: user=0.00 sys=0.00, real=0.00 secs] 
2024-07-27T21:38:04.659+0800: 7.229: Total time for which application threads were stopped: 0.0017726 seconds, Stopping threads took: 0.0000899 seconds
2024-07-27T21:38:04.659+0800: 7.229: [CMS-concurrent-sweep-start]
2024-07-27T21:38:04.661+0800: 7.231: [CMS-concurrent-sweep: 0.001/0.001 secs] [Times: user=0.03 sys=0.00, real=0.00 secs] 
2024-07-27T21:38:04.661+0800: 7.231: [CMS-concurrent-reset-start]
2024-07-27T21:38:04.662+0800: 7.232: [CMS-concurrent-reset: 0.001/0.001 secs] [Times: user=0.00 sys=0.00, real=0.00 secs] 
2024-07-27T21:38:04.664+0800: 7.233: Application time: 0.0046441 seconds
2024-07-27T21:38:04.664+0800: 7.234: [GC (Allocation Failure) 2024-07-27T21:38:04.664+0800: 7.234: [ParNew: 77168K->8192K(78656K), 0.0122296 secs] 250879K->250511K(521776K), 0.0122775 secs] [Times: user=0.00 sys=0.00, real=0.01 secs] 
2024-07-27T21:38:04.676+0800: 7.246: Total time for which application threads were stopped: 0.0123767 seconds, Stopping threads took: 0.0000127 seconds
2024-07-27T21:38:04.676+0800: 7.246: Application time: 0.0002207 seconds
2024-07-27T21:38:04.676+0800: 7.246: [GC (CMS Initial Mark) [1 CMS-initial-mark: 242319K(443120K)] 253951K(521776K), 0.0007602 secs] [Times: user=0.00 sys=0.00, real=0.00 secs] 
2024-07-27T21:38:04.677+0800: 7.247: Total time for which application threads were stopped: 0.0008806 seconds, Stopping threads took: 0.0000799 seconds
2024-07-27T21:38:04.677+0800: 7.247: [CMS-concurrent-mark-start]
2024-07-27T21:38:04.678+0800: 7.248: [CMS-concurrent-mark: 0.001/0.001 secs] [Times: user=0.00 sys=0.00, real=0.00 secs] 
2024-07-27T21:38:04.678+0800: 7.248: [CMS-concurrent-preclean-start]
2024-07-27T21:38:04.679+0800: 7.249: [CMS-concurrent-preclean: 0.001/0.001 secs] [Times: user=0.00 sys=0.00, real=0.00 secs] 
2024-07-27T21:38:04.679+0800: 7.249: [CMS-concurrent-abortable-preclean-start]
2024-07-27T21:38:04.793+0800: 7.363: Application time: 0.1162885 seconds
2024-07-27T21:38:04.794+0800: 7.363: [GC (Allocation Failure) 2024-07-27T21:38:04.794+0800: 7.363: [ParNew: 77168K->8192K(78656K), 0.0122659 secs] 319488K->319120K(521776K), 0.0123283 secs] [Times: user=0.03 sys=0.00, real=0.01 secs] 
2024-07-27T21:38:04.806+0800: 7.376: Total time for which application threads were stopped: 0.0124454 seconds, Stopping threads took: 0.0000196 seconds
2024-07-27T21:38:04.916+0800: 7.486: Application time: 0.1100045 seconds
2024-07-27T21:38:04.916+0800: 7.486: [GC (Allocation Failure) 2024-07-27T21:38:04.916+0800: 7.486: [ParNew: 77168K->8192K(78656K), 0.0049516 secs] 388097K->338577K(521776K), 0.0050098 secs] [Times: user=0.00 sys=0.00, real=0.01 secs] 
2024-07-27T21:38:04.921+0800: 7.491: Total time for which application threads were stopped: 0.0051310 seconds, Stopping threads took: 0.0000189 seconds
2024-07-27T21:38:04.921+0800: 7.491: [CMS-concurrent-abortable-preclean: 0.006/0.242 secs] [Times: user=0.03 sys=0.00, real=0.24 secs] 
2024-07-27T21:38:04.922+0800: 7.491: Application time: 0.0003154 seconds
2024-07-27T21:38:04.922+0800: 7.491: [GC (CMS Final Remark) [YG occupancy: 12655 K (78656 K)]2024-07-27T21:38:04.922+0800: 7.491: [Rescan (parallel) , 0.0011134 secs]2024-07-27T21:38:04.923+0800: 7.492: [weak refs processing, 0.0000126 secs]2024-07-27T21:38:04.923+0800: 7.492: [class unloading, 0.0001918 secs]2024-07-27T21:38:04.923+0800: 7.493: [scrub symbol table, 0.0003245 secs]2024-07-27T21:38:04.923+0800: 7.493: [scrub string table, 0.0001043 secs][1 CMS-remark: 330384K(443120K)] 343040K(521776K), 0.0018084 secs] [Times: user=0.00 sys=0.00, real=0.00 secs] 
2024-07-27T21:38:04.923+0800: 7.493: Total time for which application threads were stopped: 0.0019052 seconds, Stopping threads took: 0.0000615 seconds
2024-07-27T21:38:04.924+0800: 7.493: [CMS-concurrent-sweep-start]
2024-07-27T21:38:04.925+0800: 7.495: [CMS-concurrent-sweep: 0.002/0.002 secs] [Times: user=0.00 sys=0.00, real=0.00 secs] 
2024-07-27T21:38:04.925+0800: 7.495: [CMS-concurrent-reset-start]
2024-07-27T21:38:04.926+0800: 7.496: [CMS-concurrent-reset: 0.001/0.001 secs] [Times: user=0.00 sys=0.00, real=0.00 secs] 
2024-07-27T21:38:04.928+0800: 7.498: Application time: 0.0047330 seconds
2024-07-27T21:38:04.928+0800: 7.498: [GC (Allocation Failure) 2024-07-27T21:38:04.928+0800: 7.498: [ParNew: 77168K->8192K(78656K), 0.0122304 secs] 252927K->252559K(521776K), 0.0122832 secs] [Times: user=0.00 sys=0.00, real=0.01 secs] 
2024-07-27T21:38:04.941+0800: 7.510: Total time for which application threads were stopped: 0.0123770 seconds, Stopping threads took: 0.0000126 seconds
2024-07-27T21:38:04.941+0800: 7.510: Application time: 0.0002500 seconds
2024-07-27T21:38:04.941+0800: 7.511: [GC (CMS Initial Mark) [1 CMS-initial-mark: 244367K(443120K)] 255999K(521776K), 0.0008032 secs] [Times: user=0.00 sys=0.00, real=0.00 secs] 
2024-07-27T21:38:04.942+0800: 7.511: Total time for which application threads were stopped: 0.0010031 seconds, Stopping threads took: 0.0001578 seconds
2024-07-27T21:38:04.942+0800: 7.511: [CMS-concurrent-mark-start]
2024-07-27T21:38:04.943+0800: 7.513: [CMS-concurrent-mark: 0.001/0.001 secs] [Times: user=0.00 sys=0.00, real=0.00 secs] 
2024-07-27T21:38:04.943+0800: 7.513: [CMS-concurrent-preclean-start]
2024-07-27T21:38:04.944+0800: 7.513: [CMS-concurrent-preclean: 0.001/0.001 secs] [Times: user=0.00 sys=0.00, real=0.00 secs] 
2024-07-27T21:38:04.944+0800: 7.513: [CMS-concurrent-abortable-preclean-start]
2024-07-27T21:38:05.059+0800: 7.629: Application time: 0.1176340 seconds
2024-07-27T21:38:05.059+0800: 7.629: [GC (Allocation Failure) 2024-07-27T21:38:05.059+0800: 7.629: [ParNew: 77168K->8192K(78656K), 0.0116668 secs] 321536K->321168K(521776K), 0.0117232 secs] [Times: user=0.03 sys=0.00, real=0.01 secs] 
2024-07-27T21:38:05.072+0800: 7.641: Total time for which application threads were stopped: 0.0118961 seconds, Stopping threads took: 0.0000184 seconds
2024-07-27T21:38:05.183+0800: 7.753: Application time: 0.1121098 seconds
2024-07-27T21:38:05.183+0800: 7.753: [GC (Allocation Failure) 2024-07-27T21:38:05.183+0800: 7.753: [ParNew: 77168K->8192K(78656K), 0.0053982 secs] 390145K->341649K(521776K), 0.0054596 secs] [Times: user=0.00 sys=0.00, real=0.01 secs] 
2024-07-27T21:38:05.189+0800: 7.759: Total time for which application threads were stopped: 0.0055660 seconds, Stopping threads took: 0.0000187 seconds
2024-07-27T21:38:05.189+0800: 7.759: [CMS-concurrent-abortable-preclean: 0.006/0.246 secs] [Times: user=0.03 sys=0.00, real=0.24 secs] 
2024-07-27T21:38:05.189+0800: 7.759: Application time: 0.0003159 seconds
2024-07-27T21:38:05.189+0800: 7.759: [GC (CMS Final Remark) [YG occupancy: 12655 K (78656 K)]2024-07-27T21:38:05.189+0800: 7.759: [Rescan (parallel) , 0.0010001 secs]2024-07-27T21:38:05.191+0800: 7.760: [weak refs processing, 0.0000131 secs]2024-07-27T21:38:05.191+0800: 7.760: [class unloading, 0.0001704 secs]2024-07-27T21:38:05.191+0800: 7.760: [scrub symbol table, 0.0003183 secs]2024-07-27T21:38:05.191+0800: 7.761: [scrub string table, 0.0000919 secs][1 CMS-remark: 333456K(443120K)] 346112K(521776K), 0.0016599 secs] [Times: user=0.00 sys=0.00, real=0.00 secs] 
2024-07-27T21:38:05.191+0800: 7.761: Total time for which application threads were stopped: 0.0018712 seconds, Stopping threads took: 0.0001758 seconds
2024-07-27T21:38:05.191+0800: 7.761: [CMS-concurrent-sweep-start]
2024-07-27T21:38:05.193+0800: 7.763: [CMS-concurrent-sweep: 0.002/0.002 secs] [Times: user=0.03 sys=0.00, real=0.00 secs] 
2024-07-27T21:38:05.193+0800: 7.763: [CMS-concurrent-reset-start]
2024-07-27T21:38:05.194+0800: 7.764: [CMS-concurrent-reset: 0.001/0.001 secs] [Times: user=0.00 sys=0.00, real=0.00 secs] 
2024-07-27T21:38:05.196+0800: 7.766: Application time: 0.0048046 seconds
2024-07-27T21:38:05.196+0800: 7.766: [GC (Allocation Failure) 2024-07-27T21:38:05.196+0800: 7.766: [ParNew: 77168K->8192K(78656K), 0.0120986 secs] 254975K->254607K(521776K), 0.0121466 secs] [Times: user=0.00 sys=0.02, real=0.01 secs] 
2024-07-27T21:38:05.208+0800: 7.778: Total time for which application threads were stopped: 0.0122462 seconds, Stopping threads took: 0.0000132 seconds
2024-07-27T21:38:05.208+0800: 7.778: Application time: 0.0001749 seconds
2024-07-27T21:38:05.208+0800: 7.778: [GC (CMS Initial Mark) [1 CMS-initial-mark: 246415K(443120K)] 258047K(521776K), 0.0008065 secs] [Times: user=0.00 sys=0.00, real=0.00 secs] 
2024-07-27T21:38:05.210+0800: 7.779: Total time for which application threads were stopped: 0.0009289 seconds, Stopping threads took: 0.0000758 seconds
2024-07-27T21:38:05.210+0800: 7.779: [CMS-concurrent-mark-start]
2024-07-27T21:38:05.210+0800: 7.780: [CMS-concurrent-mark: 0.001/0.001 secs] [Times: user=0.00 sys=0.00, real=0.00 secs] 
2024-07-27T21:38:05.210+0800: 7.780: [CMS-concurrent-preclean-start]
2024-07-27T21:38:05.211+0800: 7.781: [CMS-concurrent-preclean: 0.001/0.001 secs] [Times: user=0.00 sys=0.00, real=0.00 secs] 
2024-07-27T21:38:05.211+0800: 7.781: [CMS-concurrent-abortable-preclean-start]
2024-07-27T21:38:05.327+0800: 7.897: Application time: 0.1176149 seconds
2024-07-27T21:38:05.327+0800: 7.897: [GC (Allocation Failure) 2024-07-27T21:38:05.327+0800: 7.897: [ParNew: 77168K->8192K(78656K), 0.0133602 secs] 323584K->323216K(521776K), 0.0473675 secs] [Times: user=0.03 sys=0.00, real=0.05 secs] 
2024-07-27T21:38:05.375+0800: 7.944: Total time for which application threads were stopped: 0.0474952 seconds, Stopping threads took: 0.0000199 seconds
2024-07-27T21:38:05.482+0800: 8.052: Application time: 0.1076011 seconds
2024-07-27T21:38:05.482+0800: 8.052: [GC (Allocation Failure) 2024-07-27T21:38:05.482+0800: 8.052: [ParNew: 77168K->8192K(78656K), 0.0053060 secs] 392193K->344721K(521776K), 0.0053643 secs] [Times: user=0.00 sys=0.00, real=0.01 secs] 
2024-07-27T21:38:05.488+0800: 8.057: Total time for which application threads were stopped: 0.0054739 seconds, Stopping threads took: 0.0000199 seconds
2024-07-27T21:38:05.488+0800: 8.057: [CMS-concurrent-abortable-preclean: 0.005/0.277 secs] [Times: user=0.03 sys=0.00, real=0.28 secs] 
2024-07-27T21:38:05.488+0800: 8.058: Application time: 0.0005098 seconds
2024-07-27T21:38:05.489+0800: 8.058: [GC (CMS Final Remark) [YG occupancy: 15727 K (78656 K)]2024-07-27T21:38:05.489+0800: 8.058: [Rescan (parallel) , 0.0007594 secs]2024-07-27T21:38:05.489+0800: 8.059: [weak refs processing, 0.0000150 secs]2024-07-27T21:38:05.489+0800: 8.059: [class unloading, 0.0001833 secs]2024-07-27T21:38:05.490+0800: 8.059: [scrub symbol table, 0.0003445 secs]2024-07-27T21:38:05.490+0800: 8.059: [scrub string table, 0.0001013 secs][1 CMS-remark: 336528K(443120K)] 352256K(521776K), 0.0014701 secs] [Times: user=0.00 sys=0.00, real=0.00 secs] 
2024-07-27T21:38:05.490+0800: 8.059: Total time for which application threads were stopped: 0.0016488 seconds, Stopping threads took: 0.0001422 seconds
2024-07-27T21:38:05.490+0800: 8.060: [CMS-concurrent-sweep-start]
2024-07-27T21:38:05.492+0800: 8.061: [CMS-concurrent-sweep: 0.002/0.002 secs] [Times: user=0.00 sys=0.00, real=0.00 secs] 
2024-07-27T21:38:05.492+0800: 8.061: [CMS-concurrent-reset-start]
2024-07-27T21:38:05.494+0800: 8.063: [CMS-concurrent-reset: 0.002/0.002 secs] [Times: user=0.00 sys=0.00, real=0.00 secs] 
2024-07-27T21:38:05.495+0800: 8.064: Application time: 0.0046544 seconds
2024-07-27T21:38:05.495+0800: 8.064: [GC (Allocation Failure) 2024-07-27T21:38:05.495+0800: 8.064: [ParNew: 77168K->8192K(78656K), 0.0123975 secs] 257023K->256655K(521776K), 0.0124459 secs] [Times: user=0.03 sys=0.00, real=0.01 secs] 
2024-07-27T21:38:05.507+0800: 8.077: Total time for which application threads were stopped: 0.0125378 seconds, Stopping threads took: 0.0000125 seconds
2024-07-27T21:38:05.507+0800: 8.077: Application time: 0.0002552 seconds
2024-07-27T21:38:05.508+0800: 8.077: [GC (CMS Initial Mark) [1 CMS-initial-mark: 248463K(443120K)] 260095K(521776K), 0.0007402 secs] [Times: user=0.00 sys=0.00, real=0.00 secs] 
2024-07-27T21:38:05.508+0800: 8.078: Total time for which application threads were stopped: 0.0008496 seconds, Stopping threads took: 0.0000689 seconds
2024-07-27T21:38:05.508+0800: 8.078: [CMS-concurrent-mark-start]
2024-07-27T21:38:05.509+0800: 8.079: [CMS-concurrent-mark: 0.001/0.001 secs] [Times: user=0.00 sys=0.00, real=0.00 secs] 
2024-07-27T21:38:05.509+0800: 8.079: [CMS-concurrent-preclean-start]
2024-07-27T21:38:05.510+0800: 8.079: [CMS-concurrent-preclean: 0.001/0.001 secs] [Times: user=0.00 sys=0.00, real=0.00 secs] 
2024-07-27T21:38:05.510+0800: 8.079: [CMS-concurrent-abortable-preclean-start]
2024-07-27T21:38:05.625+0800: 8.195: Application time: 0.1176579 seconds
2024-07-27T21:38:05.625+0800: 8.195: [GC (Allocation Failure) 2024-07-27T21:38:05.625+0800: 8.195: [ParNew: 77168K->8192K(78656K), 0.0119506 secs] 325632K->325264K(521776K), 0.0120327 secs] [Times: user=0.03 sys=0.00, real=0.01 secs] 
2024-07-27T21:38:05.638+0800: 8.207: Total time for which application threads were stopped: 0.0121423 seconds, Stopping threads took: 0.0000192 seconds
2024-07-27T21:38:05.750+0800: 8.319: Application time: 0.1118558 seconds
2024-07-27T21:38:05.750+0800: 8.319: [GC (Allocation Failure) 2024-07-27T21:38:05.750+0800: 8.319: [ParNew: 77168K->8192K(78656K), 0.0056261 secs] 394241K->347793K(521776K), 0.0056994 secs] [Times: user=0.03 sys=0.00, real=0.01 secs] 
2024-07-27T21:38:05.756+0800: 8.325: Total time for which application threads were stopped: 0.0058122 seconds, Stopping threads took: 0.0000191 seconds
2024-07-27T21:38:05.756+0800: 8.325: [CMS-concurrent-abortable-preclean: 0.005/0.246 secs] [Times: user=0.06 sys=0.00, real=0.25 secs] 
2024-07-27T21:38:05.756+0800: 8.325: Application time: 0.0003102 seconds
2024-07-27T21:38:05.756+0800: 8.326: [GC (CMS Final Remark) [YG occupancy: 12655 K (78656 K)]2024-07-27T21:38:05.756+0800: 8.326: [Rescan (parallel) , 0.0008265 secs]2024-07-27T21:38:05.757+0800: 8.326: [weak refs processing, 0.0000754 secs]2024-07-27T21:38:05.757+0800: 8.327: [class unloading, 0.0001861 secs]2024-07-27T21:38:05.758+0800: 8.327: [scrub symbol table, 0.0003425 secs]2024-07-27T21:38:05.758+0800: 8.327: [scrub string table, 0.0001023 secs][1 CMS-remark: 339601K(443120K)] 352256K(521776K), 0.0016059 secs] [Times: user=0.00 sys=0.00, real=0.00 secs] 
2024-07-27T21:38:05.758+0800: 8.327: Total time for which application threads were stopped: 0.0017751 seconds, Stopping threads took: 0.0001336 seconds
2024-07-27T21:38:05.758+0800: 8.327: [CMS-concurrent-sweep-start]
2024-07-27T21:38:05.760+0800: 8.329: [CMS-concurrent-sweep: 0.002/0.002 secs] [Times: user=0.00 sys=0.00, real=0.00 secs] 
2024-07-27T21:38:05.760+0800: 8.329: [CMS-concurrent-reset-start]
2024-07-27T21:38:05.761+0800: 8.330: [CMS-concurrent-reset: 0.001/0.001 secs] [Times: user=0.00 sys=0.00, real=0.00 secs] 
2024-07-27T21:38:05.763+0800: 8.332: Application time: 0.0047423 seconds
2024-07-27T21:38:05.763+0800: 8.332: [GC (Allocation Failure) 2024-07-27T21:38:05.763+0800: 8.332: [ParNew: 77168K->8192K(78656K), 0.0120317 secs] 259071K->258703K(521776K), 0.0120797 secs] [Times: user=0.03 sys=0.00, real=0.01 secs] 
2024-07-27T21:38:05.775+0800: 8.344: Total time for which application threads were stopped: 0.0121725 seconds, Stopping threads took: 0.0000119 seconds
2024-07-27T21:38:05.775+0800: 8.344: Application time: 0.0002516 seconds
2024-07-27T21:38:05.775+0800: 8.345: [GC (CMS Initial Mark) [1 CMS-initial-mark: 250511K(443120K)] 262143K(521776K), 0.0008343 secs] [Times: user=0.00 sys=0.00, real=0.00 secs] 
2024-07-27T21:38:05.776+0800: 8.345: Total time for which application threads were stopped: 0.0010346 seconds, Stopping threads took: 0.0001589 seconds
2024-07-27T21:38:05.776+0800: 8.346: [CMS-concurrent-mark-start]
2024-07-27T21:38:05.777+0800: 8.346: [CMS-concurrent-mark: 0.001/0.001 secs] [Times: user=0.00 sys=0.00, real=0.00 secs] 
2024-07-27T21:38:05.777+0800: 8.346: [CMS-concurrent-preclean-start]
2024-07-27T21:38:05.778+0800: 8.347: [CMS-concurrent-preclean: 0.001/0.001 secs] [Times: user=0.00 sys=0.00, real=0.00 secs] 
2024-07-27T21:38:05.778+0800: 8.347: [CMS-concurrent-abortable-preclean-start]
2024-07-27T21:38:05.892+0800: 8.462: Application time: 0.1167833 seconds
2024-07-27T21:38:05.892+0800: 8.462: [GC (Allocation Failure) 2024-07-27T21:38:05.892+0800: 8.462: [ParNew: 77168K->8192K(78656K), 0.0119879 secs] 327680K->327312K(521776K), 0.0120636 secs] [Times: user=0.03 sys=0.00, real=0.01 secs] 
2024-07-27T21:38:05.905+0800: 8.474: Total time for which application threads were stopped: 0.0121722 seconds, Stopping threads took: 0.0000190 seconds
2024-07-27T21:38:06.016+0800: 8.586: Application time: 0.1116256 seconds
2024-07-27T21:38:06.016+0800: 8.586: [GC (Allocation Failure) 2024-07-27T21:38:06.016+0800: 8.586: [ParNew: 77543K->8194K(78656K), 0.0056253 secs] 396664K->349843K(521776K), 0.0056875 secs] [Times: user=0.03 sys=0.00, real=0.01 secs] 
2024-07-27T21:38:06.022+0800: 8.592: Total time for which application threads were stopped: 0.0058063 seconds, Stopping threads took: 0.0000187 seconds
2024-07-27T21:38:06.022+0800: 8.592: [CMS-concurrent-abortable-preclean: 0.005/0.245 secs] [Times: user=0.06 sys=0.00, real=0.24 secs] 
2024-07-27T21:38:06.023+0800: 8.592: Application time: 0.0002964 seconds
2024-07-27T21:38:06.023+0800: 8.592: [GC (CMS Final Remark) [YG occupancy: 12647 K (78656 K)]2024-07-27T21:38:06.023+0800: 8.592: [Rescan (parallel) , 0.0007102 secs]2024-07-27T21:38:06.024+0800: 8.593: [weak refs processing, 0.0000126 secs]2024-07-27T21:38:06.024+0800: 8.593: [class unloading, 0.0001989 secs]2024-07-27T21:38:06.024+0800: 8.593: [scrub symbol table, 0.0003424 secs]2024-07-27T21:38:06.024+0800: 8.594: [scrub string table, 0.0001124 secs][1 CMS-remark: 341649K(443120K)] 354296K(521776K), 0.0014403 secs] [Times: user=0.00 sys=0.00, real=0.00 secs] 
2024-07-27T21:38:06.024+0800: 8.594: Total time for which application threads were stopped: 0.0015544 seconds, Stopping threads took: 0.0000798 seconds
2024-07-27T21:38:06.025+0800: 8.594: [CMS-concurrent-sweep-start]
2024-07-27T21:38:06.026+0800: 8.595: [CMS-concurrent-sweep: 0.001/0.001 secs] [Times: user=0.00 sys=0.00, real=0.00 secs] 
2024-07-27T21:38:06.026+0800: 8.595: [CMS-concurrent-reset-start]
2024-07-27T21:38:06.027+0800: 8.597: [CMS-concurrent-reset: 0.001/0.001 secs] [Times: user=0.00 sys=0.00, real=0.00 secs] 
2024-07-27T21:38:06.029+0800: 8.599: Application time: 0.0048405 seconds
2024-07-27T21:38:06.029+0800: 8.599: [GC (Allocation Failure) 2024-07-27T21:38:06.029+0800: 8.599: [ParNew: 77160K->8192K(78656K), 0.0119590 secs] 260087K->259727K(521776K), 0.0120064 secs] [Times: user=0.03 sys=0.00, real=0.01 secs] 
2024-07-27T21:38:06.041+0800: 8.611: Total time for which application threads were stopped: 0.0121142 seconds, Stopping threads took: 0.0000129 seconds
2024-07-27T21:38:06.042+0800: 8.611: Application time: 0.0002143 seconds
2024-07-27T21:38:06.042+0800: 8.611: [GC (CMS Initial Mark) [1 CMS-initial-mark: 251535K(443120K)] 263161K(521776K), 0.0008033 secs] [Times: user=0.00 sys=0.00, real=0.00 secs] 
2024-07-27T21:38:06.043+0800: 8.612: Total time for which application threads were stopped: 0.0010069 seconds, Stopping threads took: 0.0001625 seconds
2024-07-27T21:38:06.043+0800: 8.612: [CMS-concurrent-mark-start]
2024-07-27T21:38:06.044+0800: 8.613: [CMS-concurrent-mark: 0.001/0.001 secs] [Times: user=0.00 sys=0.00, real=0.00 secs] 
2024-07-27T21:38:06.044+0800: 8.613: [CMS-concurrent-preclean-start]
2024-07-27T21:38:06.044+0800: 8.613: [CMS-concurrent-preclean: 0.001/0.001 secs] [Times: user=0.00 sys=0.00, real=0.00 secs] 
2024-07-27T21:38:06.044+0800: 8.614: [CMS-concurrent-abortable-preclean-start]
2024-07-27T21:38:06.159+0800: 8.729: Application time: 0.1173918 seconds
2024-07-27T21:38:06.159+0800: 8.729: [GC (Allocation Failure) 2024-07-27T21:38:06.159+0800: 8.729: [ParNew: 77162K->8192K(78656K), 0.0118457 secs] 328698K->328336K(521776K), 0.0119058 secs] [Times: user=0.03 sys=0.00, real=0.01 secs] 
2024-07-27T21:38:06.172+0800: 8.741: Total time for which application threads were stopped: 0.0120219 seconds, Stopping threads took: 0.0000191 seconds
2024-07-27T21:38:06.283+0800: 8.853: Application time: 0.1120442 seconds
2024-07-27T21:38:06.283+0800: 8.853: [GC (Allocation Failure) 2024-07-27T21:38:06.283+0800: 8.853: [ParNew: 77164K->8192K(78656K), 0.0057206 secs] 397309K->351889K(521776K), 0.0057795 secs] [Times: user=0.03 sys=0.00, real=0.01 secs] 
2024-07-27T21:38:06.289+0800: 8.859: Total time for which application threads were stopped: 0.0058870 seconds, Stopping threads took: 0.0000184 seconds
2024-07-27T21:38:06.289+0800: 8.859: [CMS-concurrent-abortable-preclean: 0.005/0.246 secs] [Times: user=0.06 sys=0.00, real=0.25 secs] 
2024-07-27T21:38:06.290+0800: 8.860: Application time: 0.0003024 seconds
2024-07-27T21:38:06.290+0800: 8.860: [GC (CMS Final Remark) [YG occupancy: 12653 K (78656 K)]2024-07-27T21:38:06.290+0800: 8.860: [Rescan (parallel) , 0.0011123 secs]2024-07-27T21:38:06.291+0800: 8.861: [weak refs processing, 0.0000127 secs]2024-07-27T21:38:06.291+0800: 8.861: [class unloading, 0.0001837 secs]2024-07-27T21:38:06.291+0800: 8.861: [scrub symbol table, 0.0003557 secs]2024-07-27T21:38:06.292+0800: 8.861: [scrub string table, 0.0001181 secs][1 CMS-remark: 343697K(443120K)] 356350K(521776K), 0.0018528 secs] [Times: user=0.00 sys=0.00, real=0.00 secs] 
2024-07-27T21:38:06.292+0800: 8.861: Total time for which application threads were stopped: 0.0019549 seconds, Stopping threads took: 0.0000664 seconds
2024-07-27T21:38:06.292+0800: 8.862: [CMS-concurrent-sweep-start]
2024-07-27T21:38:06.294+0800: 8.863: [CMS-concurrent-sweep: 0.001/0.001 secs] [Times: user=0.00 sys=0.00, real=0.00 secs] 
2024-07-27T21:38:06.294+0800: 8.863: [CMS-concurrent-reset-start]
2024-07-27T21:38:06.295+0800: 8.864: [CMS-concurrent-reset: 0.001/0.001 secs] [Times: user=0.00 sys=0.00, real=0.00 secs] 
2024-07-27T21:38:06.297+0800: 8.866: Application time: 0.0047397 seconds
2024-07-27T21:38:06.297+0800: 8.866: [GC (Allocation Failure) 2024-07-27T21:38:06.297+0800: 8.866: [ParNew: 77166K->8192K(78656K), 0.0122098 secs] 261116K->260751K(521776K), 0.0122732 secs] [Times: user=0.03 sys=0.00, real=0.01 secs] 
2024-07-27T21:38:06.309+0800: 8.879: Total time for which application threads were stopped: 0.0123882 seconds, Stopping threads took: 0.0000227 seconds
2024-07-27T21:38:06.309+0800: 8.879: Application time: 0.0002270 seconds
2024-07-27T21:38:06.309+0800: 8.879: [GC (CMS Initial Mark) [1 CMS-initial-mark: 252559K(443120K)] 264189K(521776K), 0.0007824 secs] [Times: user=0.00 sys=0.00, real=0.00 secs] 
2024-07-27T21:38:06.310+0800: 8.880: Total time for which application threads were stopped: 0.0009209 seconds, Stopping threads took: 0.0000963 seconds
2024-07-27T21:38:06.310+0800: 8.880: [CMS-concurrent-mark-start]
2024-07-27T21:38:06.311+0800: 8.881: [CMS-concurrent-mark: 0.001/0.001 secs] [Times: user=0.00 sys=0.00, real=0.00 secs] 
2024-07-27T21:38:06.311+0800: 8.881: [CMS-concurrent-preclean-start]
2024-07-27T21:38:06.312+0800: 8.881: [CMS-concurrent-preclean: 0.001/0.001 secs] [Times: user=0.00 sys=0.00, real=0.00 secs] 
2024-07-27T21:38:06.312+0800: 8.881: [CMS-concurrent-abortable-preclean-start]
2024-07-27T21:38:06.427+0800: 8.997: Application time: 0.1172650 seconds
2024-07-27T21:38:06.427+0800: 8.997: [GC (Allocation Failure) 2024-07-27T21:38:06.427+0800: 8.997: [ParNew: 77167K->8192K(78656K), 0.0132420 secs] 329726K->329360K(521776K), 0.0132984 secs] [Times: user=0.00 sys=0.00, real=0.01 secs] 
2024-07-27T21:38:06.441+0800: 9.010: Total time for which application threads were stopped: 0.0134065 seconds, Stopping threads took: 0.0000193 seconds
2024-07-27T21:38:06.552+0800: 9.122: Application time: 0.1114190 seconds
2024-07-27T21:38:06.552+0800: 9.122: [GC (Allocation Failure) 2024-07-27T21:38:06.552+0800: 9.122: [ParNew: 77167K->8192K(78656K), 0.0054985 secs] 398336K->353937K(521776K), 0.0055558 secs] [Times: user=0.00 sys=0.00, real=0.01 secs] 
2024-07-27T21:38:06.558+0800: 9.128: Total time for which application threads were stopped: 0.0056661 seconds, Stopping threads took: 0.0000187 seconds
2024-07-27T21:38:06.558+0800: 9.128: [CMS-concurrent-abortable-preclean: 0.005/0.246 secs] [Times: user=0.08 sys=0.00, real=0.25 secs] 
2024-07-27T21:38:06.559+0800: 9.128: Application time: 0.0003698 seconds
2024-07-27T21:38:06.559+0800: 9.128: [GC (CMS Final Remark) [YG occupancy: 13679 K (78656 K)]2024-07-27T21:38:06.559+0800: 9.128: [Rescan (parallel) , 0.0008362 secs]2024-07-27T21:38:06.559+0800: 9.129: [weak refs processing, 0.0000129 secs]2024-07-27T21:38:06.559+0800: 9.129: [class unloading, 0.0001879 secs]2024-07-27T21:38:06.560+0800: 9.129: [scrub symbol table, 0.0003788 secs]2024-07-27T21:38:06.560+0800: 9.130: [scrub string table, 0.0001014 secs][1 CMS-remark: 345745K(443120K)] 359424K(521776K), 0.0015925 secs] [Times: user=0.00 sys=0.00, real=0.00 secs] 
2024-07-27T21:38:06.560+0800: 9.130: Total time for which application threads were stopped: 0.0017641 seconds, Stopping threads took: 0.0001363 seconds
2024-07-27T21:38:06.560+0800: 9.130: [CMS-concurrent-sweep-start]
2024-07-27T21:38:06.562+0800: 9.131: [CMS-concurrent-sweep: 0.002/0.002 secs] [Times: user=0.00 sys=0.00, real=0.00 secs] 
2024-07-27T21:38:06.562+0800: 9.131: [CMS-concurrent-reset-start]
2024-07-27T21:38:06.563+0800: 9.133: [CMS-concurrent-reset: 0.001/0.001 secs] [Times: user=0.00 sys=0.00, real=0.00 secs] 
2024-07-27T21:38:06.565+0800: 9.134: Application time: 0.0047127 seconds
2024-07-27T21:38:06.565+0800: 9.134: [GC (Allocation Failure) 2024-07-27T21:38:06.565+0800: 9.134: [ParNew: 77168K->8192K(78656K), 0.0121060 secs] 263166K->262799K(521776K), 0.0121529 secs] [Times: user=0.03 sys=0.00, real=0.01 secs] 
2024-07-27T21:38:06.577+0800: 9.147: Total time for which application threads were stopped: 0.0122528 seconds, Stopping threads took: 0.0000126 seconds
2024-07-27T21:38:06.577+0800: 9.147: Application time: 0.0001987 seconds
2024-07-27T21:38:06.577+0800: 9.147: [GC (CMS Initial Mark) [1 CMS-initial-mark: 254607K(443120K)] 265215K(521776K), 0.0007341 secs] [Times: user=0.00 sys=0.00, real=0.00 secs] 
2024-07-27T21:38:06.578+0800: 9.148: Total time for which application threads were stopped: 0.0008005 seconds, Stopping threads took: 0.0000209 seconds
2024-07-27T21:38:06.578+0800: 9.148: [CMS-concurrent-mark-start]
2024-07-27T21:38:06.580+0800: 9.149: [CMS-concurrent-mark: 0.001/0.001 secs] [Times: user=0.00 sys=0.00, real=0.00 secs] 
2024-07-27T21:38:06.580+0800: 9.149: [CMS-concurrent-preclean-start]
2024-07-27T21:38:06.580+0800: 9.149: [CMS-concurrent-preclean: 0.001/0.001 secs] [Times: user=0.00 sys=0.00, real=0.00 secs] 
2024-07-27T21:38:06.580+0800: 9.149: [CMS-concurrent-abortable-preclean-start]
2024-07-27T21:38:06.698+0800: 9.267: Application time: 0.1197981 seconds
2024-07-27T21:38:06.698+0800: 9.268: [GC (Allocation Failure) 2024-07-27T21:38:06.698+0800: 9.268: [ParNew: 77168K->8192K(78656K), 0.0122337 secs] 331776K->331408K(521776K), 0.0122866 secs] [Times: user=0.03 sys=0.00, real=0.01 secs] 
2024-07-27T21:38:06.710+0800: 9.280: Total time for which application threads were stopped: 0.0123918 seconds, Stopping threads took: 0.0000174 seconds
2024-07-27T21:38:06.823+0800: 9.393: Application time: 0.1126554 seconds
2024-07-27T21:38:06.823+0800: 9.393: [GC (Allocation Failure) 2024-07-27T21:38:06.823+0800: 9.393: [ParNew: 77171K->8192K(78656K), 0.0065462 secs] 400387K->357009K(521776K), 0.0066072 secs] [Times: user=0.00 sys=0.00, real=0.01 secs] 
2024-07-27T21:38:06.829+0800: 9.399: Total time for which application threads were stopped: 0.0067162 seconds, Stopping threads took: 0.0000185 seconds
2024-07-27T21:38:06.829+0800: 9.399: [CMS-concurrent-abortable-preclean: 0.005/0.250 secs] [Times: user=0.03 sys=0.00, real=0.25 secs] 
2024-07-27T21:38:06.830+0800: 9.400: Application time: 0.0003036 seconds
2024-07-27T21:38:06.830+0800: 9.400: [GC (CMS Final Remark) [YG occupancy: 11625 K (78656 K)]2024-07-27T21:38:06.830+0800: 9.400: [Rescan (parallel) , 0.0007099 secs]2024-07-27T21:38:06.831+0800: 9.400: [weak refs processing, 0.0000157 secs]2024-07-27T21:38:06.831+0800: 9.400: [class unloading, 0.0001936 secs]2024-07-27T21:38:06.831+0800: 9.401: [scrub symbol table, 0.0003465 secs]2024-07-27T21:38:06.832+0800: 9.401: [scrub string table, 0.0001008 secs][1 CMS-remark: 348817K(443120K)] 360443K(521776K), 0.0014303 secs] [Times: user=0.00 sys=0.00, real=0.00 secs] 
2024-07-27T21:38:06.832+0800: 9.401: Total time for which application threads were stopped: 0.0015867 seconds, Stopping threads took: 0.0001128 seconds
2024-07-27T21:38:06.832+0800: 9.401: [CMS-concurrent-sweep-start]
2024-07-27T21:38:06.833+0800: 9.402: [CMS-concurrent-sweep: 0.001/0.001 secs] [Times: user=0.03 sys=0.00, real=0.00 secs] 
2024-07-27T21:38:06.833+0800: 9.402: [CMS-concurrent-reset-start]
2024-07-27T21:38:06.834+0800: 9.404: [CMS-concurrent-reset: 0.001/0.001 secs] [Times: user=0.00 sys=0.00, real=0.00 secs] 
2024-07-27T21:38:06.945+0800: 9.514: Application time: 0.1132666 seconds
2024-07-27T21:38:06.945+0800: 9.515: [GC (Allocation Failure) 2024-07-27T21:38:06.945+0800: 9.515: [ParNew: 77162K->8192K(78656K), 0.0119108 secs] 265209K->264847K(521776K), 0.0120029 secs] [Times: user=0.00 sys=0.00, real=0.01 secs] 
2024-07-27T21:38:06.957+0800: 9.527: Total time for which application threads were stopped: 0.0121716 seconds, Stopping threads took: 0.0000245 seconds
2024-07-27T21:38:06.957+0800: 9.527: Application time: 0.0002307 seconds
2024-07-27T21:38:06.958+0800: 9.527: [GC (CMS Initial Mark) [1 CMS-initial-mark: 256655K(443120K)] 268283K(521776K), 0.0008455 secs] [Times: user=0.00 sys=0.00, real=0.00 secs] 
2024-07-27T21:38:06.958+0800: 9.528: Total time for which application threads were stopped: 0.0010221 seconds, Stopping threads took: 0.0001364 seconds
2024-07-27T21:38:06.959+0800: 9.528: [CMS-concurrent-mark-start]
2024-07-27T21:38:06.962+0800: 9.532: [CMS-concurrent-mark: 0.004/0.004 secs] [Times: user=0.00 sys=0.00, real=0.00 secs] 
2024-07-27T21:38:06.962+0800: 9.532: [CMS-concurrent-preclean-start]
2024-07-27T21:38:06.963+0800: 9.533: Application time: 0.0048015 seconds
2024-07-27T21:38:06.963+0800: 9.533: [GC (Allocation Failure) 2024-07-27T21:38:06.963+0800: 9.533: [ParNew: 77165K->8192K(78656K), 0.0118277 secs] 333820K->333457K(521776K), 0.0118935 secs] [Times: user=0.03 sys=0.00, real=0.01 secs] 
2024-07-27T21:38:06.975+0800: 9.545: Total time for which application threads were stopped: 0.0119863 seconds, Stopping threads took: 0.0000118 seconds
2024-07-27T21:38:06.976+0800: 9.546: [CMS-concurrent-preclean: 0.002/0.014 secs] [Times: user=0.03 sys=0.00, real=0.01 secs] 
2024-07-27T21:38:06.976+0800: 9.546: [CMS-concurrent-abortable-preclean-start]
2024-07-27T21:38:07.088+0800: 9.658: Application time: 0.1137979 seconds
2024-07-27T21:38:07.088+0800: 9.658: [GC (Allocation Failure) 2024-07-27T21:38:07.088+0800: 9.659: [ParNew: 77166K->8192K(78656K), 0.0062608 secs] 402431K->360081K(521776K), 0.0063190 secs] [Times: user=0.00 sys=0.00, real=0.01 secs] 
2024-07-27T21:38:07.095+0800: 9.665: Total time for which application threads were stopped: 0.0064256 seconds, Stopping threads took: 0.0000196 seconds
2024-07-27T21:38:07.095+0800: 9.665: [CMS-concurrent-abortable-preclean: 0.003/0.119 secs] [Times: user=0.00 sys=0.00, real=0.12 secs] 
2024-07-27T21:38:07.095+0800: 9.665: Application time: 0.0003216 seconds
2024-07-27T21:38:07.095+0800: 9.665: [GC (CMS Final Remark) [YG occupancy: 12654 K (78656 K)]2024-07-27T21:38:07.095+0800: 9.665: [Rescan (parallel) , 0.0006382 secs]2024-07-27T21:38:07.096+0800: 9.666: [weak refs processing, 0.0000124 secs]2024-07-27T21:38:07.096+0800: 9.666: [class unloading, 0.0001967 secs]2024-07-27T21:38:07.096+0800: 9.666: [scrub symbol table, 0.0003287 secs]2024-07-27T21:38:07.096+0800: 9.666: [scrub string table, 0.0001069 secs][1 CMS-remark: 351889K(443120K)] 364543K(521776K), 0.0013443 secs] [Times: user=0.00 sys=0.00, real=0.00 secs] 
2024-07-27T21:38:07.097+0800: 9.667: Total time for which application threads were stopped: 0.0014494 seconds, Stopping threads took: 0.0000708 seconds
2024-07-27T21:38:07.097+0800: 9.667: [CMS-concurrent-sweep-start]
2024-07-27T21:38:07.098+0800: 9.669: [CMS-concurrent-sweep: 0.001/0.001 secs] [Times: user=0.03 sys=0.00, real=0.00 secs] 
2024-07-27T21:38:07.099+0800: 9.669: [CMS-concurrent-reset-start]
2024-07-27T21:38:07.100+0800: 9.670: [CMS-concurrent-reset: 0.001/0.001 secs] [Times: user=0.00 sys=0.00, real=0.00 secs] 
2024-07-27T21:38:07.213+0800: 9.782: Application time: 0.1154668 seconds
2024-07-27T21:38:07.213+0800: 9.782: [GC (Allocation Failure) 2024-07-27T21:38:07.213+0800: 9.782: [ParNew: 77167K->8192K(78656K), 0.0118590 secs] 267262K->266896K(521776K), 0.0119331 secs] [Times: user=0.03 sys=0.00, real=0.01 secs] 
2024-07-27T21:38:07.225+0800: 9.794: Total time for which application threads were stopped: 0.0120454 seconds, Stopping threads took: 0.0000201 seconds
2024-07-27T21:38:07.225+0800: 9.794: Application time: 0.0002098 seconds
2024-07-27T21:38:07.225+0800: 9.795: [GC (CMS Initial Mark) [1 CMS-initial-mark: 258703K(443120K)] 270334K(521776K), 0.0007774 secs] [Times: user=0.00 sys=0.00, real=0.00 secs] 
2024-07-27T21:38:07.225+0800: 9.795: Total time for which application threads were stopped: 0.0009498 seconds, Stopping threads took: 0.0001308 seconds
2024-07-27T21:38:07.225+0800: 9.795: [CMS-concurrent-mark-start]
2024-07-27T21:38:07.229+0800: 9.799: [CMS-concurrent-mark: 0.004/0.004 secs] [Times: user=0.00 sys=0.00, real=0.00 secs] 
2024-07-27T21:38:07.229+0800: 9.799: [CMS-concurrent-preclean-start]
2024-07-27T21:38:07.231+0800: 9.801: [CMS-concurrent-preclean: 0.001/0.001 secs] [Times: user=0.00 sys=0.00, real=0.00 secs] 
2024-07-27T21:38:07.231+0800: 9.801: Application time: 0.0054081 seconds
2024-07-27T21:38:07.231+0800: 9.801: [GC (Allocation Failure) 2024-07-27T21:38:07.231+0800: 9.801: [ParNew: 77167K->8192K(78656K), 0.0120700 secs] 335871K->335505K(521776K), 0.0121181 secs] [Times: user=0.03 sys=0.00, real=0.01 secs] 
2024-07-27T21:38:07.243+0800: 9.813: Total time for which application threads were stopped: 0.0122213 seconds, Stopping threads took: 0.0000141 seconds
2024-07-27T21:38:07.243+0800: 9.813: Application time: 0.0002640 seconds
2024-07-27T21:38:07.243+0800: 9.813: [GC (CMS Final Remark) [YG occupancy: 11631 K (78656 K)]2024-07-27T21:38:07.243+0800: 9.813: [Rescan (parallel) , 0.0010461 secs]2024-07-27T21:38:07.245+0800: 9.814: [weak refs processing, 0.0000160 secs]2024-07-27T21:38:07.245+0800: 9.814: [class unloading, 0.0001843 secs]2024-07-27T21:38:07.245+0800: 9.815: [scrub symbol table, 0.0003445 secs]2024-07-27T21:38:07.245+0800: 9.815: [scrub string table, 0.0001136 secs][1 CMS-remark: 327312K(443120K)] 338944K(521776K), 0.0017758 secs] [Times: user=0.00 sys=0.00, real=0.00 secs] 
2024-07-27T21:38:07.245+0800: 9.815: Total time for which application threads were stopped: 0.0019465 seconds, Stopping threads took: 0.0001351 seconds
2024-07-27T21:38:07.245+0800: 9.815: [CMS-concurrent-sweep-start]
2024-07-27T21:38:07.247+0800: 9.817: [CMS-concurrent-sweep: 0.001/0.001 secs] [Times: user=0.00 sys=0.00, real=0.00 secs] 
2024-07-27T21:38:07.247+0800: 9.817: [CMS-concurrent-reset-start]
2024-07-27T21:38:07.248+0800: 9.818: [CMS-concurrent-reset: 0.001/0.001 secs] [Times: user=0.00 sys=0.00, real=0.00 secs] 
2024-07-27T21:38:07.357+0800: 9.927: Application time: 0.1115721 seconds
2024-07-27T21:38:07.357+0800: 9.927: [GC (Allocation Failure) 2024-07-27T21:38:07.357+0800: 9.927: [ParNew: 77168K->8192K(78656K), 0.0063730 secs] 241662K->200334K(521776K), 0.0064311 secs] [Times: user=0.00 sys=0.02, real=0.01 secs] 
2024-07-27T21:38:07.364+0800: 9.933: Total time for which application threads were stopped: 0.0065407 seconds, Stopping threads took: 0.0000191 seconds
2024-07-27T21:38:07.481+0800: 10.050: Application time: 0.1170746 seconds
2024-07-27T21:38:07.481+0800: 10.050: [GC (Allocation Failure) 2024-07-27T21:38:07.481+0800: 10.050: [ParNew: 77168K->8192K(78656K), 0.0121814 secs] 269311K->268944K(521776K), 0.0122477 secs] [Times: user=0.03 sys=0.00, real=0.01 secs] 
2024-07-27T21:38:07.493+0800: 10.063: Total time for which application threads were stopped: 0.0123806 seconds, Stopping threads took: 0.0000210 seconds
2024-07-27T21:38:07.493+0800: 10.063: Application time: 0.0001850 seconds
2024-07-27T21:38:07.493+0800: 10.063: [GC (CMS Initial Mark) [1 CMS-initial-mark: 260751K(443120K)] 272383K(521776K), 0.0008041 secs] [Times: user=0.00 sys=0.00, real=0.00 secs] 
2024-07-27T21:38:07.494+0800: 10.064: Total time for which application threads were stopped: 0.0009600 seconds, Stopping threads took: 0.0001147 seconds
2024-07-27T21:38:07.494+0800: 10.064: [CMS-concurrent-mark-start]
2024-07-27T21:38:07.497+0800: 10.068: [CMS-concurrent-mark: 0.004/0.004 secs] [Times: user=0.00 sys=0.00, real=0.00 secs] 
2024-07-27T21:38:07.498+0800: 10.068: [CMS-concurrent-preclean-start]
2024-07-27T21:38:07.499+0800: 10.069: [CMS-concurrent-preclean: 0.001/0.001 secs] [Times: user=0.00 sys=0.00, real=0.00 secs] 
2024-07-27T21:38:07.499+0800: 10.069: Application time: 0.0051031 seconds
2024-07-27T21:38:07.499+0800: 10.069: [GC (Allocation Failure) 2024-07-27T21:38:07.499+0800: 10.069: [ParNew: 77168K->8192K(78656K), 0.0119818 secs] 337920K->337553K(521776K), 0.0120317 secs] [Times: user=0.03 sys=0.00, real=0.01 secs] 
2024-07-27T21:38:07.511+0800: 10.081: Total time for which application threads were stopped: 0.0121265 seconds, Stopping threads took: 0.0000126 seconds
2024-07-27T21:38:07.511+0800: 10.081: Application time: 0.0002806 seconds
2024-07-27T21:38:07.511+0800: 10.082: [GC (CMS Final Remark) [YG occupancy: 12655 K (78656 K)]2024-07-27T21:38:07.511+0800: 10.082: [Rescan (parallel) , 0.0005544 secs]2024-07-27T21:38:07.513+0800: 10.082: [weak refs processing, 0.0000150 secs]2024-07-27T21:38:07.513+0800: 10.082: [class unloading, 0.0002781 secs]2024-07-27T21:38:07.513+0800: 10.082: [scrub symbol table, 0.0003166 secs]2024-07-27T21:38:07.513+0800: 10.083: [scrub string table, 0.0000918 secs][1 CMS-remark: 329360K(443120K)] 342016K(521776K), 0.0013302 secs] [Times: user=0.00 sys=0.00, real=0.00 secs] 
2024-07-27T21:38:07.513+0800: 10.083: Total time for which application threads were stopped: 0.0014451 seconds, Stopping threads took: 0.0000777 seconds
2024-07-27T21:38:07.513+0800: 10.083: [CMS-concurrent-sweep-start]
2024-07-27T21:38:07.515+0800: 10.085: [CMS-concurrent-sweep: 0.002/0.002 secs] [Times: user=0.00 sys=0.00, real=0.00 secs] 
2024-07-27T21:38:07.515+0800: 10.085: [CMS-concurrent-reset-start]
2024-07-27T21:38:07.515+0800: 10.085: [CMS-concurrent-reset: 0.001/0.001 secs] [Times: user=0.00 sys=0.00, real=0.00 secs] 
2024-07-27T21:38:07.624+0800: 10.194: Application time: 0.1109870 seconds
2024-07-27T21:38:07.624+0800: 10.194: [GC (Allocation Failure) 2024-07-27T21:38:07.624+0800: 10.194: [ParNew: 77168K->8192K(78656K), 0.0065033 secs] 242687K->202383K(521776K), 0.0065625 secs] [Times: user=0.03 sys=0.00, real=0.01 secs] 
2024-07-27T21:38:07.631+0800: 10.201: Total time for which application threads were stopped: 0.0066739 seconds, Stopping threads took: 0.0000197 seconds
2024-07-27T21:38:07.749+0800: 10.319: Application time: 0.1181557 seconds
2024-07-27T21:38:07.749+0800: 10.319: [GC (Allocation Failure) 2024-07-27T21:38:07.749+0800: 10.319: [ParNew: 77168K->8192K(78656K), 0.0129321 secs] 271359K->270992K(521776K), 0.0129900 secs] [Times: user=0.03 sys=0.00, real=0.01 secs] 
2024-07-27T21:38:07.762+0800: 10.332: Total time for which application threads were stopped: 0.0131167 seconds, Stopping threads took: 0.0000345 seconds
2024-07-27T21:38:07.763+0800: 10.332: Application time: 0.0001249 seconds
2024-07-27T21:38:07.763+0800: 10.332: [GC (CMS Initial Mark) [1 CMS-initial-mark: 262799K(443120K)] 274431K(521776K), 0.0008636 secs] [Times: user=0.00 sys=0.00, real=0.00 secs] 
2024-07-27T21:38:07.764+0800: 10.333: Total time for which application threads were stopped: 0.0010282 seconds, Stopping threads took: 0.0001126 seconds
2024-07-27T21:38:07.764+0800: 10.333: [CMS-concurrent-mark-start]
2024-07-27T21:38:07.767+0800: 10.337: [CMS-concurrent-mark: 0.004/0.004 secs] [Times: user=0.00 sys=0.00, real=0.00 secs] 
2024-07-27T21:38:07.767+0800: 10.337: [CMS-concurrent-preclean-start]
2024-07-27T21:38:07.769+0800: 10.338: [CMS-concurrent-preclean: 0.001/0.001 secs] [Times: user=0.00 sys=0.00, real=0.00 secs] 
2024-07-27T21:38:07.769+0800: 10.338: [CMS-concurrent-abortable-preclean-start]
2024-07-27T21:38:07.769+0800: 10.339: Application time: 0.0056531 seconds
2024-07-27T21:38:07.769+0800: 10.339: [GC (Allocation Failure) 2024-07-27T21:38:07.769+0800: 10.339: [ParNew: 77168K->8192K(78656K), 0.0133520 secs] 339968K->339601K(521776K), 0.0133981 secs] [Times: user=0.03 sys=0.00, real=0.01 secs] 
2024-07-27T21:38:07.783+0800: 10.352: Total time for which application threads were stopped: 0.0135115 seconds, Stopping threads took: 0.0000172 seconds
2024-07-27T21:38:07.894+0800: 10.463: Application time: 0.1111090 seconds
2024-07-27T21:38:07.894+0800: 10.463: [GC (Allocation Failure) 2024-07-27T21:38:07.894+0800: 10.463: [ParNew: 77168K->8192K(78656K), 0.0063448 secs] 408577K->369297K(521776K), 0.0064176 secs] [Times: user=0.03 sys=0.00, real=0.01 secs] 
2024-07-27T21:38:07.900+0800: 10.470: Total time for which application threads were stopped: 0.0065256 seconds, Stopping threads took: 0.0000182 seconds
2024-07-27T21:38:07.900+0800: 10.470: [CMS-concurrent-abortable-preclean: 0.003/0.132 secs] [Times: user=0.06 sys=0.00, real=0.13 secs] 
2024-07-27T21:38:07.901+0800: 10.470: Application time: 0.0003984 seconds
2024-07-27T21:38:07.901+0800: 10.470: [GC (CMS Final Remark) [YG occupancy: 13679 K (78656 K)]2024-07-27T21:38:07.901+0800: 10.470: [Rescan (parallel) , 0.0009949 secs]2024-07-27T21:38:07.902+0800: 10.471: [weak refs processing, 0.0000227 secs]2024-07-27T21:38:07.902+0800: 10.471: [class unloading, 0.0001856 secs]2024-07-27T21:38:07.902+0800: 10.472: [scrub symbol table, 0.0003449 secs]2024-07-27T21:38:07.902+0800: 10.472: [scrub string table, 0.0001022 secs][1 CMS-remark: 361105K(443120K)] 374785K(521776K), 0.0017143 secs] [Times: user=0.00 sys=0.00, real=0.00 secs] 
2024-07-27T21:38:07.902+0800: 10.472: Total time for which application threads were stopped: 0.0018741 seconds, Stopping threads took: 0.0001234 seconds
2024-07-27T21:38:07.902+0800: 10.472: [CMS-concurrent-sweep-start]
2024-07-27T21:38:07.904+0800: 10.474: [CMS-concurrent-sweep: 0.002/0.002 secs] [Times: user=0.00 sys=0.00, real=0.00 secs] 
2024-07-27T21:38:07.904+0800: 10.474: [CMS-concurrent-reset-start]
2024-07-27T21:38:07.905+0800: 10.475: [CMS-concurrent-reset: 0.001/0.001 secs] [Times: user=0.00 sys=0.00, real=0.00 secs] 
2024-07-27T21:38:08.018+0800: 10.587: Application time: 0.1151930 seconds
2024-07-27T21:38:08.018+0800: 10.587: [GC (Allocation Failure) 2024-07-27T21:38:08.018+0800: 10.587: [ParNew: 77168K->8192K(78656K), 0.0120174 secs] 273407K->273040K(521776K), 0.0120799 secs] [Times: user=0.03 sys=0.00, real=0.01 secs] 
2024-07-27T21:38:08.030+0800: 10.599: Total time for which application threads were stopped: 0.0121962 seconds, Stopping threads took: 0.0000211 seconds
2024-07-27T21:38:08.030+0800: 10.600: Application time: 0.0002424 seconds
2024-07-27T21:38:08.030+0800: 10.600: [GC (CMS Initial Mark) [1 CMS-initial-mark: 264847K(443120K)] 276479K(521776K), 0.0008666 secs] [Times: user=0.00 sys=0.00, real=0.00 secs] 
2024-07-27T21:38:08.031+0800: 10.601: Total time for which application threads were stopped: 0.0009863 seconds, Stopping threads took: 0.0000794 seconds
2024-07-27T21:38:08.031+0800: 10.601: [CMS-concurrent-mark-start]
2024-07-27T21:38:08.034+0800: 10.604: [CMS-concurrent-mark: 0.003/0.003 secs] [Times: user=0.00 sys=0.00, real=0.00 secs] 
2024-07-27T21:38:08.034+0800: 10.604: [CMS-concurrent-preclean-start]
2024-07-27T21:38:08.036+0800: 10.606: [CMS-concurrent-preclean: 0.001/0.001 secs] [Times: user=0.02 sys=0.00, real=0.00 secs] 
2024-07-27T21:38:08.036+0800: 10.606: Application time: 0.0050283 seconds
2024-07-27T21:38:08.036+0800: 10.606: [GC (Allocation Failure) 2024-07-27T21:38:08.036+0800: 10.606: [ParNew: 77168K->8192K(78656K), 0.0120474 secs] 342016K->341649K(521776K), 0.0120960 secs] [Times: user=0.00 sys=0.00, real=0.01 secs] 
2024-07-27T21:38:08.049+0800: 10.618: Total time for which application threads were stopped: 0.0122136 seconds, Stopping threads took: 0.0000121 seconds
2024-07-27T21:38:08.049+0800: 10.618: Application time: 0.0001404 seconds
2024-07-27T21:38:08.049+0800: 10.618: [GC (CMS Final Remark) [YG occupancy: 9216 K (78656 K)]2024-07-27T21:38:08.049+0800: 10.618: [Rescan (parallel) , 0.0006309 secs]2024-07-27T21:38:08.050+0800: 10.619: [weak refs processing, 0.0000162 secs]2024-07-27T21:38:08.050+0800: 10.619: [class unloading, 0.0001998 secs]2024-07-27T21:38:08.050+0800: 10.619: [scrub symbol table, 0.0003394 secs]2024-07-27T21:38:08.050+0800: 10.619: [scrub string table, 0.0001061 secs][1 CMS-remark: 333457K(443120K)] 342673K(521776K), 0.0013605 secs] [Times: user=0.00 sys=0.00, real=0.00 secs] 
2024-07-27T21:38:08.050+0800: 10.620: Total time for which application threads were stopped: 0.0014973 seconds, Stopping threads took: 0.0000970 seconds
2024-07-27T21:38:08.050+0800: 10.620: [CMS-concurrent-sweep-start]
2024-07-27T21:38:08.051+0800: 10.621: [CMS-concurrent-sweep: 0.001/0.001 secs] [Times: user=0.03 sys=0.00, real=0.00 secs] 
2024-07-27T21:38:08.051+0800: 10.621: [CMS-concurrent-reset-start]
2024-07-27T21:38:08.052+0800: 10.622: [CMS-concurrent-reset: 0.001/0.001 secs] [Times: user=0.00 sys=0.00, real=0.00 secs] 
2024-07-27T21:38:08.162+0800: 10.731: Application time: 0.1118812 seconds
2024-07-27T21:38:08.162+0800: 10.732: [GC (Allocation Failure) 2024-07-27T21:38:08.162+0800: 10.732: [ParNew: 77168K->8192K(78656K), 0.0065465 secs] 244735K->206479K(521776K), 0.0066068 secs] [Times: user=0.00 sys=0.00, real=0.01 secs] 
2024-07-27T21:38:08.168+0800: 10.738: Total time for which application threads were stopped: 0.0067220 seconds, Stopping threads took: 0.0000209 seconds
2024-07-27T21:38:08.288+0800: 10.857: Application time: 0.1186981 seconds
2024-07-27T21:38:08.288+0800: 10.857: [GC (Allocation Failure) 2024-07-27T21:38:08.288+0800: 10.857: [ParNew: 77168K->8192K(78656K), 0.0124589 secs] 275455K->275088K(521776K), 0.0125239 secs] [Times: user=0.00 sys=0.00, real=0.01 secs] 
2024-07-27T21:38:08.300+0800: 10.870: Total time for which application threads were stopped: 0.0126411 seconds, Stopping threads took: 0.0000226 seconds
2024-07-27T21:38:08.301+0800: 10.870: Application time: 0.0002523 seconds
2024-07-27T21:38:08.301+0800: 10.870: [GC (CMS Initial Mark) [1 CMS-initial-mark: 266896K(443120K)] 278527K(521776K), 0.0007088 secs] [Times: user=0.00 sys=0.00, real=0.00 secs] 
2024-07-27T21:38:08.301+0800: 10.871: Total time for which application threads were stopped: 0.0008990 seconds, Stopping threads took: 0.0001490 seconds
2024-07-27T21:38:08.301+0800: 10.871: [CMS-concurrent-mark-start]
2024-07-27T21:38:08.305+0800: 10.874: [CMS-concurrent-mark: 0.004/0.004 secs] [Times: user=0.03 sys=0.00, real=0.00 secs] 
2024-07-27T21:38:08.305+0800: 10.874: [CMS-concurrent-preclean-start]
2024-07-27T21:38:08.307+0800: 10.876: [CMS-concurrent-preclean: 0.002/0.002 secs] [Times: user=0.00 sys=0.00, real=0.00 secs] 
2024-07-27T21:38:08.307+0800: 10.876: Application time: 0.0053961 seconds
2024-07-27T21:38:08.307+0800: 10.876: [GC (Allocation Failure) 2024-07-27T21:38:08.307+0800: 10.876: [ParNew: 77168K->8192K(78656K), 0.0117764 secs] 344064K->343697K(521776K), 0.0118248 secs] [Times: user=0.03 sys=0.00, real=0.01 secs] 
2024-07-27T21:38:08.319+0800: 10.888: Total time for which application threads were stopped: 0.0119221 seconds, Stopping threads took: 0.0000149 seconds
2024-07-27T21:38:08.319+0800: 10.888: Application time: 0.0003086 seconds
2024-07-27T21:38:08.319+0800: 10.888: [GC (CMS Final Remark) [YG occupancy: 12655 K (78656 K)]2024-07-27T21:38:08.319+0800: 10.888: [Rescan (parallel) , 0.0011810 secs]2024-07-27T21:38:08.320+0800: 10.890: [weak refs processing, 0.0000127 secs]2024-07-27T21:38:08.320+0800: 10.890: [class unloading, 0.0002042 secs]2024-07-27T21:38:08.321+0800: 10.890: [scrub symbol table, 0.0003384 secs]2024-07-27T21:38:08.321+0800: 10.890: [scrub string table, 0.0001016 secs][1 CMS-remark: 335505K(443120K)] 348160K(521776K), 0.0019016 secs] [Times: user=0.00 sys=0.00, real=0.00 secs] 
2024-07-27T21:38:08.321+0800: 10.890: Total time for which application threads were stopped: 0.0020927 seconds, Stopping threads took: 0.0001553 seconds
2024-07-27T21:38:08.321+0800: 10.891: [CMS-concurrent-sweep-start]
2024-07-27T21:38:08.323+0800: 10.892: [CMS-concurrent-sweep: 0.001/0.001 secs] [Times: user=0.00 sys=0.00, real=0.00 secs] 
2024-07-27T21:38:08.323+0800: 10.892: [CMS-concurrent-reset-start]
2024-07-27T21:38:08.323+0800: 10.893: [CMS-concurrent-reset: 0.001/0.001 secs] [Times: user=0.00 sys=0.00, real=0.00 secs] 
2024-07-27T21:38:08.432+0800: 11.001: Application time: 0.1105154 seconds
2024-07-27T21:38:08.432+0800: 11.001: [GC (Allocation Failure) 2024-07-27T21:38:08.432+0800: 11.001: [ParNew: 77168K->8192K(78656K), 0.0067674 secs] 245759K->208527K(521776K), 0.0068250 secs] [Times: user=0.00 sys=0.00, real=0.01 secs] 
2024-07-27T21:38:08.439+0800: 11.008: Total time for which application threads were stopped: 0.0069342 seconds, Stopping threads took: 0.0000200 seconds
2024-07-27T21:38:08.557+0800: 11.126: Application time: 0.1181041 seconds
2024-07-27T21:38:08.557+0800: 11.126: [GC (Allocation Failure) 2024-07-27T21:38:08.557+0800: 11.126: [ParNew: 77168K->8192K(78656K), 0.0122865 secs] 277503K->277136K(521776K), 0.0123478 secs] [Times: user=0.03 sys=0.00, real=0.01 secs] 
2024-07-27T21:38:08.569+0800: 11.138: Total time for which application threads were stopped: 0.0124655 seconds, Stopping threads took: 0.0000256 seconds
2024-07-27T21:38:08.573+0800: 11.143: Application time: 0.0044400 seconds
2024-07-27T21:38:08.574+0800: 11.143: [GC (Allocation Failure) 2024-07-27T21:38:08.574+0800: 11.143: [ParNew: 77168K->8192K(78656K), 0.0117558 secs] 346112K->345745K(521776K), 0.0118073 secs] [Times: user=0.03 sys=0.00, real=0.01 secs] 
2024-07-27T21:38:08.585+0800: 11.155: Total time for which application threads were stopped: 0.0119104 seconds, Stopping threads took: 0.0000156 seconds
2024-07-27T21:38:08.586+0800: 11.155: Application time: 0.0001410 seconds
2024-07-27T21:38:08.586+0800: 11.155: [GC (CMS Initial Mark) [1 CMS-initial-mark: 337553K(443120K)] 349184K(521776K), 0.0007907 secs] [Times: user=0.00 sys=0.00, real=0.00 secs] 
2024-07-27T21:38:08.586+0800: 11.156: Total time for which application threads were stopped: 0.0009118 seconds, Stopping threads took: 0.0000652 seconds
2024-07-27T21:38:08.587+0800: 11.156: [CMS-concurrent-mark-start]
2024-07-27T21:38:08.589+0800: 11.158: [CMS-concurrent-mark: 0.002/0.002 secs] [Times: user=0.00 sys=0.00, real=0.00 secs] 
2024-07-27T21:38:08.589+0800: 11.158: [CMS-concurrent-preclean-start]
2024-07-27T21:38:08.589+0800: 11.159: [CMS-concurrent-preclean: 0.001/0.001 secs] [Times: user=0.00 sys=0.00, real=0.00 secs] 
2024-07-27T21:38:08.589+0800: 11.159: [CMS-concurrent-abortable-preclean-start]
2024-07-27T21:38:08.700+0800: 11.269: Application time: 0.1132516 seconds
2024-07-27T21:38:08.700+0800: 11.269: [GC (Allocation Failure) 2024-07-27T21:38:08.700+0800: 11.269: [ParNew: 77168K->8192K(78656K), 0.0071312 secs] 414721K->378513K(521776K), 0.0071895 secs] [Times: user=0.00 sys=0.00, real=0.01 secs] 
2024-07-27T21:38:08.707+0800: 11.276: Total time for which application threads were stopped: 0.0072966 seconds, Stopping threads took: 0.0000182 seconds
2024-07-27T21:38:08.825+0800: 11.394: Application time: 0.1174746 seconds
2024-07-27T21:38:08.825+0800: 11.394: [GC (Allocation Failure) 2024-07-27T21:38:08.825+0800: 11.394: [ParNew: 77168K->8192K(78656K), 0.0122454 secs] 447490K->447122K(521776K), 0.0123065 secs] [Times: user=0.03 sys=0.00, real=0.01 secs] 
2024-07-27T21:38:08.837+0800: 11.406: Total time for which application threads were stopped: 0.0124173 seconds, Stopping threads took: 0.0000200 seconds
2024-07-27T21:38:08.842+0800: 11.411: Application time: 0.0045819 seconds
2024-07-27T21:38:08.842+0800: 11.411: [GC (Allocation Failure) 2024-07-27T21:38:08.842+0800: 11.411: [ParNew: 77168K->8192K(78656K), 0.0367889 secs] 516099K->515731K(587568K), 0.0368372 secs] [Times: user=0.03 sys=0.03, real=0.04 secs] 
2024-07-27T21:38:08.878+0800: 11.448: Total time for which application threads were stopped: 0.0369350 seconds, Stopping threads took: 0.0000151 seconds
2024-07-27T21:38:08.878+0800: 11.448: [CMS-concurrent-abortable-preclean: 0.005/0.289 secs] [Times: user=0.09 sys=0.03, real=0.29 secs] 
2024-07-27T21:38:08.878+0800: 11.448: Application time: 0.0001794 seconds
2024-07-27T21:38:08.878+0800: 11.448: [GC (CMS Final Remark) [YG occupancy: 11631 K (78656 K)]2024-07-27T21:38:08.878+0800: 11.448: [Rescan (parallel) , 0.0006754 secs]2024-07-27T21:38:08.879+0800: 11.449: [weak refs processing, 0.0000130 secs]2024-07-27T21:38:08.879+0800: 11.449: [class unloading, 0.0002548 secs]2024-07-27T21:38:08.879+0800: 11.449: [scrub symbol table, 0.0003523 secs]2024-07-27T21:38:08.880+0800: 11.449: [scrub string table, 0.0001018 secs][1 CMS-remark: 507539K(508912K)] 519171K(587568K), 0.0014618 secs] [Times: user=0.13 sys=0.00, real=0.00 secs] 
2024-07-27T21:38:08.880+0800: 11.450: Total time for which application threads were stopped: 0.0016387 seconds, Stopping threads took: 0.0001407 seconds
2024-07-27T21:38:08.880+0800: 11.450: [CMS-concurrent-sweep-start]
2024-07-27T21:38:08.881+0800: 11.451: [CMS-concurrent-sweep: 0.001/0.001 secs] [Times: user=0.00 sys=0.00, real=0.00 secs] 
2024-07-27T21:38:08.881+0800: 11.451: [CMS-concurrent-reset-start]
2024-07-27T21:38:08.882+0800: 11.452: [CMS-concurrent-reset: 0.001/0.001 secs] [Times: user=0.00 sys=0.00, real=0.00 secs] 
2024-07-27T21:38:08.986+0800: 11.555: Application time: 0.1054653 seconds
2024-07-27T21:38:08.986+0800: 11.555: [GC (Allocation Failure) 2024-07-27T21:38:08.986+0800: 11.555: [ParNew: 77168K->8192K(78656K), 0.0074582 secs] 416769K->381585K(644660K), 0.0075168 secs] [Times: user=0.03 sys=0.00, real=0.01 secs] 
2024-07-27T21:38:08.993+0800: 11.563: Total time for which application threads were stopped: 0.0076382 seconds, Stopping threads took: 0.0000311 seconds
2024-07-27T21:38:08.993+0800: 11.563: Application time: 0.0001441 seconds
2024-07-27T21:38:08.994+0800: 11.563: [GC (CMS Initial Mark) [1 CMS-initial-mark: 373393K(566004K)] 385025K(644660K), 0.0008086 secs] [Times: user=0.00 sys=0.00, real=0.00 secs] 
2024-07-27T21:38:08.995+0800: 11.564: Total time for which application threads were stopped: 0.0009869 seconds, Stopping threads took: 0.0001339 seconds
2024-07-27T21:38:08.995+0800: 11.564: [CMS-concurrent-mark-start]
2024-07-27T21:38:08.999+0800: 11.568: [CMS-concurrent-mark: 0.004/0.004 secs] [Times: user=0.00 sys=0.00, real=0.00 secs] 
2024-07-27T21:38:08.999+0800: 11.568: [CMS-concurrent-preclean-start]
2024-07-27T21:38:09.000+0800: 11.569: [CMS-concurrent-preclean: 0.001/0.001 secs] [Times: user=0.00 sys=0.00, real=0.00 secs] 
2024-07-27T21:38:09.000+0800: 11.569: [CMS-concurrent-abortable-preclean-start]
2024-07-27T21:38:09.108+0800: 11.678: Application time: 0.1137331 seconds
2024-07-27T21:38:09.108+0800: 11.678: [GC (Allocation Failure) 2024-07-27T21:38:09.108+0800: 11.678: [ParNew: 77168K->8192K(78656K), 0.0120780 secs] 450562K->450194K(644660K), 0.0121367 secs] [Times: user=0.03 sys=0.00, real=0.01 secs] 
2024-07-27T21:38:09.120+0800: 11.690: Total time for which application threads were stopped: 0.0122498 seconds, Stopping threads took: 0.0000189 seconds
2024-07-27T21:38:09.125+0800: 11.695: Application time: 0.0047898 seconds
2024-07-27T21:38:09.125+0800: 11.695: [GC (Allocation Failure) 2024-07-27T21:38:09.125+0800: 11.695: [ParNew: 77168K->8192K(78656K), 0.0129715 secs] 519171K->518803K(644660K), 0.0130232 secs] [Times: user=0.03 sys=0.00, real=0.01 secs] 
2024-07-27T21:38:09.138+0800: 11.708: Total time for which application threads were stopped: 0.0131215 seconds, Stopping threads took: 0.0000144 seconds
2024-07-27T21:38:09.253+0800: 11.822: Application time: 0.1144906 seconds
2024-07-27T21:38:09.253+0800: 11.822: [GC (Allocation Failure) 2024-07-27T21:38:09.253+0800: 11.822: [ParNew: 77168K->8192K(78656K), 0.0204045 secs] 587780K->553620K(644660K), 0.0204662 secs] [Times: user=0.06 sys=0.00, real=0.02 secs] 
2024-07-27T21:38:09.273+0800: 11.843: Total time for which application threads were stopped: 0.0205785 seconds, Stopping threads took: 0.0000194 seconds
2024-07-27T21:38:09.273+0800: 11.843: [CMS-concurrent-abortable-preclean: 0.007/0.274 secs] [Times: user=0.13 sys=0.00, real=0.27 secs] 
2024-07-27T21:38:09.273+0800: 11.843: Application time: 0.0002781 seconds
2024-07-27T21:38:09.274+0800: 11.843: [GC (CMS Final Remark) [YG occupancy: 12655 K (78656 K)]2024-07-27T21:38:09.274+0800: 11.843: [Rescan (parallel) , 0.0009473 secs]2024-07-27T21:38:09.275+0800: 11.844: [weak refs processing, 0.0000146 secs]2024-07-27T21:38:09.275+0800: 11.844: [class unloading, 0.0001898 secs]2024-07-27T21:38:09.275+0800: 11.845: [scrub symbol table, 0.0003078 secs]2024-07-27T21:38:09.275+0800: 11.845: [scrub string table, 0.0000905 secs][1 CMS-remark: 545428K(566004K)] 558084K(644660K), 0.0016185 secs] [Times: user=0.00 sys=0.00, real=0.00 secs] 
2024-07-27T21:38:09.275+0800: 11.845: Total time for which application threads were stopped: 0.0018151 seconds, Stopping threads took: 0.0001546 seconds
2024-07-27T21:38:09.276+0800: 11.845: [CMS-concurrent-sweep-start]
2024-07-27T21:38:09.277+0800: 11.847: [CMS-concurrent-sweep: 0.002/0.002 secs] [Times: user=0.00 sys=0.00, real=0.00 secs] 
2024-07-27T21:38:09.277+0800: 11.847: [CMS-concurrent-reset-start]
2024-07-27T21:38:09.278+0800: 11.848: [CMS-concurrent-reset: 0.001/0.001 secs] [Times: user=0.00 sys=0.00, real=0.00 secs] 
2024-07-27T21:38:09.391+0800: 11.960: Application time: 0.1151542 seconds
2024-07-27T21:38:09.391+0800: 11.960: [GC (Allocation Failure) 2024-07-27T21:38:09.391+0800: 11.960: [ParNew: 77168K->8192K(78656K), 0.0118917 secs] 283647K->283280K(644660K), 0.0119642 secs] [Times: user=0.03 sys=0.00, real=0.01 secs] 
2024-07-27T21:38:09.403+0800: 11.972: Total time for which application threads were stopped: 0.0120931 seconds, Stopping threads took: 0.0000363 seconds
2024-07-27T21:38:09.407+0800: 11.977: Application time: 0.0044521 seconds
2024-07-27T21:38:09.407+0800: 11.977: [GC (Allocation Failure) 2024-07-27T21:38:09.407+0800: 11.977: [ParNew: 77168K->8192K(78656K), 0.0192324 secs] 352256K->351889K(644660K), 0.0192900 secs] [Times: user=0.05 sys=0.00, real=0.02 secs] 
2024-07-27T21:38:09.427+0800: 11.996: Total time for which application threads were stopped: 0.0193892 seconds, Stopping threads took: 0.0000150 seconds
2024-07-27T21:38:09.427+0800: 11.996: Application time: 0.0002214 seconds
2024-07-27T21:38:09.427+0800: 11.996: [GC (CMS Initial Mark) [1 CMS-initial-mark: 343697K(566004K)] 355328K(644660K), 0.0008417 secs] [Times: user=0.00 sys=0.00, real=0.00 secs] 
2024-07-27T21:38:09.428+0800: 11.997: Total time for which application threads were stopped: 0.0010453 seconds, Stopping threads took: 0.0001625 seconds
2024-07-27T21:38:09.428+0800: 11.998: [CMS-concurrent-mark-start]
2024-07-27T21:38:09.430+0800: 12.000: [CMS-concurrent-mark: 0.002/0.002 secs] [Times: user=0.00 sys=0.00, real=0.00 secs] 
2024-07-27T21:38:09.430+0800: 12.000: [CMS-concurrent-preclean-start]
2024-07-27T21:38:09.431+0800: 12.000: [CMS-concurrent-preclean: 0.001/0.001 secs] [Times: user=0.00 sys=0.00, real=0.00 secs] 
2024-07-27T21:38:09.431+0800: 12.000: [CMS-concurrent-abortable-preclean-start]
2024-07-27T21:38:09.534+0800: 12.103: Application time: 0.1060173 seconds
2024-07-27T21:38:09.534+0800: 12.103: [GC (Allocation Failure) 2024-07-27T21:38:09.534+0800: 12.103: [ParNew: 77168K->8192K(78656K), 0.0076288 secs] 420865K->387729K(644660K), 0.0076868 secs] [Times: user=0.03 sys=0.00, real=0.01 secs] 
2024-07-27T21:38:09.542+0800: 12.111: Total time for which application threads were stopped: 0.0077957 seconds, Stopping threads took: 0.0000190 seconds
2024-07-27T21:38:09.660+0800: 12.229: Application time: 0.1177548 seconds
2024-07-27T21:38:09.660+0800: 12.229: [GC (Allocation Failure) 2024-07-27T21:38:09.660+0800: 12.229: [ParNew: 77168K->8192K(78656K), 0.0120996 secs] 456706K->456338K(644660K), 0.0121722 secs] [Times: user=0.03 sys=0.00, real=0.01 secs] 
2024-07-27T21:38:09.671+0800: 12.241: Total time for which application threads were stopped: 0.0122829 seconds, Stopping threads took: 0.0000194 seconds
2024-07-27T21:38:09.671+0800: 12.241: [CMS-concurrent-abortable-preclean: 0.003/0.241 secs] [Times: user=0.06 sys=0.00, real=0.24 secs] 
2024-07-27T21:38:09.671+0800: 12.241: Application time: 0.0002808 seconds
2024-07-27T21:38:09.671+0800: 12.242: [GC (CMS Final Remark) [YG occupancy: 12655 K (78656 K)]2024-07-27T21:38:09.671+0800: 12.242: [Rescan (parallel) , 0.0007782 secs]2024-07-27T21:38:09.673+0800: 12.242: [weak refs processing, 0.0000126 secs]2024-07-27T21:38:09.673+0800: 12.242: [class unloading, 0.0002051 secs]2024-07-27T21:38:09.673+0800: 12.243: [scrub symbol table, 0.0003690 secs]2024-07-27T21:38:09.673+0800: 12.243: [scrub string table, 0.0001086 secs][1 CMS-remark: 448146K(566004K)] 460802K(644660K), 0.0015372 secs] [Times: user=0.00 sys=0.00, real=0.00 secs] 
2024-07-27T21:38:09.673+0800: 12.243: Total time for which application threads were stopped: 0.0016475 seconds, Stopping threads took: 0.0000734 seconds
2024-07-27T21:38:09.673+0800: 12.243: [CMS-concurrent-sweep-start]
2024-07-27T21:38:09.675+0800: 12.245: [CMS-concurrent-sweep: 0.002/0.002 secs] [Times: user=0.00 sys=0.00, real=0.00 secs] 
2024-07-27T21:38:09.675+0800: 12.245: [CMS-concurrent-reset-start]
2024-07-27T21:38:09.677+0800: 12.246: [CMS-concurrent-reset: 0.001/0.001 secs] [Times: user=0.03 sys=0.00, real=0.00 secs] 
2024-07-27T21:38:09.679+0800: 12.248: Application time: 0.0050703 seconds
2024-07-27T21:38:09.679+0800: 12.248: [GC (Allocation Failure) 2024-07-27T21:38:09.679+0800: 12.248: [ParNew: 77168K->8192K(78656K), 0.0119188 secs] 182270K->181902K(644660K), 0.0119739 secs] [Times: user=0.00 sys=0.00, real=0.01 secs] 
2024-07-27T21:38:09.691+0800: 12.260: Total time for which application threads were stopped: 0.0120772 seconds, Stopping threads took: 0.0000152 seconds
2024-07-27T21:38:09.691+0800: 12.260: Application time: 0.0001307 seconds
2024-07-27T21:38:09.691+0800: 12.260: [GC (CMS Initial Mark) [1 CMS-initial-mark: 173710K(566004K)] 185342K(644660K), 0.0007647 secs] [Times: user=0.00 sys=0.02, real=0.00 secs] 
2024-07-27T21:38:09.692+0800: 12.261: Total time for which application threads were stopped: 0.0008807 seconds, Stopping threads took: 0.0000704 seconds
2024-07-27T21:38:09.692+0800: 12.261: [CMS-concurrent-mark-start]
2024-07-27T21:38:09.694+0800: 12.263: [CMS-concurrent-mark: 0.002/0.002 secs] [Times: user=0.00 sys=0.00, real=0.00 secs] 
2024-07-27T21:38:09.694+0800: 12.263: [CMS-concurrent-preclean-start]
2024-07-27T21:38:09.694+0800: 12.264: [CMS-concurrent-preclean: 0.001/0.001 secs] [Times: user=0.00 sys=0.00, real=0.00 secs] 
2024-07-27T21:38:09.694+0800: 12.264: [CMS-concurrent-abortable-preclean-start]
2024-07-27T21:38:09.804+0800: 12.374: Application time: 0.1122587 seconds
2024-07-27T21:38:09.804+0800: 12.374: [GC (Allocation Failure) 2024-07-27T21:38:09.804+0800: 12.374: [ParNew: 77168K->8192K(78656K), 0.0075930 secs] 250879K->218767K(644660K), 0.0076525 secs] [Times: user=0.00 sys=0.00, real=0.01 secs] 
2024-07-27T21:38:09.812+0800: 12.381: Total time for which application threads were stopped: 0.0077701 seconds, Stopping threads took: 0.0000189 seconds
2024-07-27T21:38:09.928+0800: 12.498: Application time: 0.1168241 seconds
2024-07-27T21:38:09.928+0800: 12.498: [GC (Allocation Failure) 2024-07-27T21:38:09.928+0800: 12.498: [ParNew: 77168K->8192K(78656K), 0.0121480 secs] 287743K->287376K(644660K), 0.0122117 secs] [Times: user=0.00 sys=0.00, real=0.01 secs] 
2024-07-27T21:38:09.941+0800: 12.510: Total time for which application threads were stopped: 0.0123188 seconds, Stopping threads took: 0.0000186 seconds
2024-07-27T21:38:09.941+0800: 12.511: [CMS-concurrent-abortable-preclean: 0.006/0.246 secs] [Times: user=0.00 sys=0.00, real=0.25 secs] 
2024-07-27T21:38:09.941+0800: 12.511: Application time: 0.0002909 seconds
2024-07-27T21:38:09.941+0800: 12.511: [GC (CMS Final Remark) [YG occupancy: 12655 K (78656 K)]2024-07-27T21:38:09.941+0800: 12.511: [Rescan (parallel) , 0.0010974 secs]2024-07-27T21:38:09.942+0800: 12.512: [weak refs processing, 0.0000130 secs]2024-07-27T21:38:09.942+0800: 12.512: [class unloading, 0.0001898 secs]2024-07-27T21:38:09.942+0800: 12.512: [scrub symbol table, 0.0003500 secs]2024-07-27T21:38:09.943+0800: 12.513: [scrub string table, 0.0000933 secs][1 CMS-remark: 279184K(566004K)] 291839K(644660K), 0.0018136 secs] [Times: user=0.00 sys=0.00, real=0.00 secs] 
2024-07-27T21:38:09.943+0800: 12.513: Total time for which application threads were stopped: 0.0019288 seconds, Stopping threads took: 0.0000798 seconds
2024-07-27T21:38:09.944+0800: 12.513: [CMS-concurrent-sweep-start]
2024-07-27T21:38:09.944+0800: 12.514: [CMS-concurrent-sweep: 0.001/0.001 secs] [Times: user=0.00 sys=0.00, real=0.00 secs] 
2024-07-27T21:38:09.944+0800: 12.514: [CMS-concurrent-reset-start]
2024-07-27T21:38:09.945+0800: 12.515: [CMS-concurrent-reset: 0.001/0.001 secs] [Times: user=0.00 sys=0.00, real=0.00 secs] 
2024-07-27T21:38:09.948+0800: 12.518: Application time: 0.0048345 seconds
2024-07-27T21:38:09.948+0800: 12.518: [GC (Allocation Failure) 2024-07-27T21:38:09.948+0800: 12.518: [ParNew: 77168K->8192K(78656K), 0.0118385 secs] 356352K->355985K(644660K), 0.0119002 secs] [Times: user=0.03 sys=0.00, real=0.01 secs] 
2024-07-27T21:38:09.960+0800: 12.530: Total time for which application threads were stopped: 0.0119956 seconds, Stopping threads took: 0.0000135 seconds
2024-07-27T21:38:09.960+0800: 12.530: Application time: 0.0001201 seconds
2024-07-27T21:38:09.960+0800: 12.530: [GC (CMS Initial Mark) [1 CMS-initial-mark: 347793K(566004K)] 359424K(644660K), 0.0007582 secs] [Times: user=0.00 sys=0.00, real=0.00 secs] 
2024-07-27T21:38:09.961+0800: 12.531: Total time for which application threads were stopped: 0.0009231 seconds, Stopping threads took: 0.0001236 seconds
2024-07-27T21:38:09.961+0800: 12.531: [CMS-concurrent-mark-start]
2024-07-27T21:38:09.963+0800: 12.533: [CMS-concurrent-mark: 0.002/0.002 secs] [Times: user=0.00 sys=0.00, real=0.00 secs] 
2024-07-27T21:38:09.963+0800: 12.533: [CMS-concurrent-preclean-start]
2024-07-27T21:38:09.964+0800: 12.534: [CMS-concurrent-preclean: 0.001/0.001 secs] [Times: user=0.00 sys=0.00, real=0.00 secs] 
2024-07-27T21:38:09.964+0800: 12.534: [CMS-concurrent-abortable-preclean-start]
2024-07-27T21:38:10.071+0800: 12.640: Application time: 0.1094378 seconds
2024-07-27T21:38:10.071+0800: 12.640: [GC (Allocation Failure) 2024-07-27T21:38:10.071+0800: 12.640: [ParNew: 77168K->8192K(78656K), 0.0076519 secs] 424961K->393873K(644660K), 0.0077159 secs] [Times: user=0.00 sys=0.00, real=0.01 secs] 
2024-07-27T21:38:10.079+0800: 12.648: Total time for which application threads were stopped: 0.0078385 seconds, Stopping threads took: 0.0000194 seconds
2024-07-27T21:38:10.195+0800: 12.764: Application time: 0.1166064 seconds
2024-07-27T21:38:10.195+0800: 12.765: [GC (Allocation Failure) 2024-07-27T21:38:10.195+0800: 12.765: [ParNew: 77168K->8192K(78656K), 0.0120686 secs] 462850K->462482K(644660K), 0.0121284 secs] [Times: user=0.00 sys=0.00, real=0.01 secs] 
2024-07-27T21:38:10.208+0800: 12.777: Total time for which application threads were stopped: 0.0122404 seconds, Stopping threads took: 0.0000192 seconds
2024-07-27T21:38:10.208+0800: 12.777: [CMS-concurrent-abortable-preclean: 0.006/0.243 secs] [Times: user=0.03 sys=0.00, real=0.24 secs] 
2024-07-27T21:38:10.208+0800: 12.777: Application time: 0.0003307 seconds
2024-07-27T21:38:10.208+0800: 12.777: [GC (CMS Final Remark) [YG occupancy: 13679 K (78656 K)]2024-07-27T21:38:10.208+0800: 12.777: [Rescan (parallel) , 0.0010817 secs]2024-07-27T21:38:10.209+0800: 12.778: [weak refs processing, 0.0000128 secs]2024-07-27T21:38:10.209+0800: 12.778: [class unloading, 0.0001858 secs]2024-07-27T21:38:10.209+0800: 12.779: [scrub symbol table, 0.0004106 secs]2024-07-27T21:38:10.210+0800: 12.779: [scrub string table, 0.0001067 secs][1 CMS-remark: 454290K(566004K)] 467970K(644660K), 0.0018665 secs] [Times: user=0.00 sys=0.00, real=0.00 secs] 
2024-07-27T21:38:10.210+0800: 12.779: Total time for which application threads were stopped: 0.0020726 seconds, Stopping threads took: 0.0001634 seconds
2024-07-27T21:38:10.210+0800: 12.779: [CMS-concurrent-sweep-start]
2024-07-27T21:38:10.212+0800: 12.781: [CMS-concurrent-sweep: 0.002/0.002 secs] [Times: user=0.00 sys=0.00, real=0.00 secs] 
2024-07-27T21:38:10.212+0800: 12.781: [CMS-concurrent-reset-start]
2024-07-27T21:38:10.213+0800: 12.782: [CMS-concurrent-reset: 0.001/0.001 secs] [Times: user=0.00 sys=0.00, real=0.00 secs] 
2024-07-27T21:38:10.215+0800: 12.784: Application time: 0.0048028 seconds
2024-07-27T21:38:10.215+0800: 12.784: [GC (Allocation Failure) 2024-07-27T21:38:10.215+0800: 12.784: [ParNew: 77168K->8192K(78656K), 0.0122101 secs] 184318K->183950K(644660K), 0.0122632 secs] [Times: user=0.03 sys=0.00, real=0.01 secs] 
2024-07-27T21:38:10.227+0800: 12.796: Total time for which application threads were stopped: 0.0123625 seconds, Stopping threads took: 0.0000145 seconds
2024-07-27T21:38:10.227+0800: 12.797: Application time: 0.0002345 seconds
2024-07-27T21:38:10.227+0800: 12.797: [GC (CMS Initial Mark) [1 CMS-initial-mark: 175758K(566004K)] 187390K(644660K), 0.0008506 secs] [Times: user=0.00 sys=0.00, real=0.00 secs] 
2024-07-27T21:38:10.228+0800: 12.797: Total time for which application threads were stopped: 0.0009712 seconds, Stopping threads took: 0.0000797 seconds
2024-07-27T21:38:10.228+0800: 12.798: [CMS-concurrent-mark-start]
2024-07-27T21:38:10.230+0800: 12.799: [CMS-concurrent-mark: 0.002/0.002 secs] [Times: user=0.00 sys=0.00, real=0.00 secs] 
2024-07-27T21:38:10.230+0800: 12.799: [CMS-concurrent-preclean-start]
2024-07-27T21:38:10.231+0800: 12.800: [CMS-concurrent-preclean: 0.001/0.001 secs] [Times: user=0.00 sys=0.00, real=0.00 secs] 
2024-07-27T21:38:10.231+0800: 12.800: [CMS-concurrent-abortable-preclean-start]
2024-07-27T21:38:10.339+0800: 12.908: Application time: 0.1107893 seconds
2024-07-27T21:38:10.339+0800: 12.908: [GC (Allocation Failure) 2024-07-27T21:38:10.339+0800: 12.908: [ParNew: 77168K->8192K(78656K), 0.0078512 secs] 252927K->222863K(644660K), 0.0079147 secs] [Times: user=0.00 sys=0.00, real=0.01 secs] 
2024-07-27T21:38:10.346+0800: 12.916: Total time for which application threads were stopped: 0.0080268 seconds, Stopping threads took: 0.0000191 seconds
2024-07-27T21:38:10.464+0800: 13.033: Application time: 0.1170683 seconds
2024-07-27T21:38:10.464+0800: 13.033: [GC (Allocation Failure) 2024-07-27T21:38:10.464+0800: 13.033: [ParNew: 77868K->8196K(78656K), 0.0120991 secs] 292539K->291476K(644660K), 0.0121580 secs] [Times: user=0.02 sys=0.01, real=0.01 secs] 
2024-07-27T21:38:10.476+0800: 13.046: Total time for which application threads were stopped: 0.0122695 seconds, Stopping threads took: 0.0000188 seconds
2024-07-27T21:38:10.476+0800: 13.046: [CMS-concurrent-abortable-preclean: 0.006/0.246 secs] [Times: user=0.05 sys=0.01, real=0.25 secs] 
2024-07-27T21:38:10.477+0800: 13.046: Application time: 0.0003123 seconds
2024-07-27T21:38:10.477+0800: 13.046: [GC (CMS Final Remark) [YG occupancy: 12654 K (78656 K)]2024-07-27T21:38:10.477+0800: 13.046: [Rescan (parallel) , 0.0010505 secs]2024-07-27T21:38:10.477+0800: 13.047: [weak refs processing, 0.0000127 secs]2024-07-27T21:38:10.477+0800: 13.047: [class unloading, 0.0002185 secs]2024-07-27T21:38:10.478+0800: 13.047: [scrub symbol table, 0.0004014 secs]2024-07-27T21:38:10.478+0800: 13.048: [scrub string table, 0.0001506 secs][1 CMS-remark: 283280K(566004K)] 295935K(644660K), 0.0019223 secs] [Times: user=0.00 sys=0.00, real=0.00 secs] 
2024-07-27T21:38:10.478+0800: 13.048: Total time for which application threads were stopped: 0.0021136 seconds, Stopping threads took: 0.0001373 seconds
2024-07-27T21:38:10.478+0800: 13.048: [CMS-concurrent-sweep-start]
2024-07-27T21:38:10.479+0800: 13.049: [CMS-concurrent-sweep: 0.001/0.001 secs] [Times: user=0.00 sys=0.00, real=0.00 secs] 
2024-07-27T21:38:10.479+0800: 13.049: [CMS-concurrent-reset-start]
2024-07-27T21:38:10.481+0800: 13.050: [CMS-concurrent-reset: 0.001/0.001 secs] [Times: user=0.00 sys=0.00, real=0.00 secs] 
2024-07-27T21:38:10.483+0800: 13.053: Application time: 0.0048801 seconds
2024-07-27T21:38:10.483+0800: 13.053: [GC (Allocation Failure) 2024-07-27T21:38:10.483+0800: 13.053: [ParNew: 77167K->8192K(78656K), 0.0127202 secs] 360448K->360081K(644660K), 0.0127747 secs] [Times: user=0.03 sys=0.00, real=0.01 secs] 
2024-07-27T21:38:10.497+0800: 13.066: Total time for which application threads were stopped: 0.0128814 seconds, Stopping threads took: 0.0000153 seconds
2024-07-27T21:38:10.497+0800: 13.066: Application time: 0.0002462 seconds
2024-07-27T21:38:10.497+0800: 13.066: [GC (CMS Initial Mark) [1 CMS-initial-mark: 351889K(566004K)] 363517K(644660K), 0.0007851 secs] [Times: user=0.00 sys=0.00, real=0.00 secs] 
2024-07-27T21:38:10.498+0800: 13.067: Total time for which application threads were stopped: 0.0009187 seconds, Stopping threads took: 0.0000927 seconds
2024-07-27T21:38:10.498+0800: 13.067: [CMS-concurrent-mark-start]
2024-07-27T21:38:10.499+0800: 13.069: [CMS-concurrent-mark: 0.002/0.002 secs] [Times: user=0.00 sys=0.00, real=0.00 secs] 
2024-07-27T21:38:10.499+0800: 13.069: [CMS-concurrent-preclean-start]
2024-07-27T21:38:10.500+0800: 13.070: [CMS-concurrent-preclean: 0.001/0.001 secs] [Times: user=0.00 sys=0.00, real=0.00 secs] 
2024-07-27T21:38:10.500+0800: 13.070: [CMS-concurrent-abortable-preclean-start]
2024-07-27T21:38:10.608+0800: 13.179: Application time: 0.1115803 seconds
2024-07-27T21:38:10.609+0800: 13.179: [GC (Allocation Failure) 2024-07-27T21:38:10.609+0800: 13.179: [ParNew: 77165K->8192K(78656K), 0.0083230 secs] 429054K->400018K(644660K), 0.0083819 secs] [Times: user=0.03 sys=0.00, real=0.01 secs] 
2024-07-27T21:38:10.617+0800: 13.187: Total time for which application threads were stopped: 0.0084888 seconds, Stopping threads took: 0.0000196 seconds
2024-07-27T21:38:10.731+0800: 13.301: Application time: 0.1140926 seconds
2024-07-27T21:38:10.732+0800: 13.301: [GC (Allocation Failure) 2024-07-27T21:38:10.732+0800: 13.301: [ParNew: 77166K->8192K(78656K), 0.0121378 secs] 468992K->468627K(644660K), 0.0122101 secs] [Times: user=0.03 sys=0.00, real=0.01 secs] 
2024-07-27T21:38:10.744+0800: 13.314: Total time for which application threads were stopped: 0.0123221 seconds, Stopping threads took: 0.0000227 seconds
2024-07-27T21:38:10.744+0800: 13.314: [CMS-concurrent-abortable-preclean: 0.006/0.244 secs] [Times: user=0.06 sys=0.00, real=0.24 secs] 
2024-07-27T21:38:10.744+0800: 13.314: Application time: 0.0002984 seconds
2024-07-27T21:38:10.744+0800: 13.314: [GC (CMS Final Remark) [YG occupancy: 12654 K (78656 K)]2024-07-27T21:38:10.744+0800: 13.314: [Rescan (parallel) , 0.0010153 secs]2024-07-27T21:38:10.745+0800: 13.315: [weak refs processing, 0.0000128 secs]2024-07-27T21:38:10.745+0800: 13.315: [class unloading, 0.0001795 secs]2024-07-27T21:38:10.745+0800: 13.315: [scrub symbol table, 0.0004764 secs]2024-07-27T21:38:10.746+0800: 13.316: [scrub string table, 0.0000944 secs][1 CMS-remark: 460435K(566004K)] 473089K(644660K), 0.0018623 secs] [Times: user=0.00 sys=0.00, real=0.00 secs] 
2024-07-27T21:38:10.746+0800: 13.316: Total time for which application threads were stopped: 0.0020219 seconds, Stopping threads took: 0.0001209 seconds
2024-07-27T21:38:10.747+0800: 13.316: [CMS-concurrent-sweep-start]
2024-07-27T21:38:10.748+0800: 13.318: [CMS-concurrent-sweep: 0.002/0.002 secs] [Times: user=0.00 sys=0.00, real=0.00 secs] 
2024-07-27T21:38:10.748+0800: 13.318: [CMS-concurrent-reset-start]
2024-07-27T21:38:10.749+0800: 13.319: [CMS-concurrent-reset: 0.001/0.001 secs] [Times: user=0.00 sys=0.00, real=0.00 secs] 
2024-07-27T21:38:10.751+0800: 13.321: Application time: 0.0048656 seconds
2024-07-27T21:38:10.751+0800: 13.321: [GC (Allocation Failure) 2024-07-27T21:38:10.751+0800: 13.321: [ParNew: 77167K->8192K(78656K), 0.0123522 secs] 186365K->185998K(644660K), 0.0123980 secs] [Times: user=0.03 sys=0.00, real=0.01 secs] 
2024-07-27T21:38:10.764+0800: 13.333: Total time for which application threads were stopped: 0.0124940 seconds, Stopping threads took: 0.0000156 seconds
2024-07-27T21:38:10.764+0800: 13.333: Application time: 0.0002149 seconds
2024-07-27T21:38:10.764+0800: 13.334: [GC (CMS Initial Mark) [1 CMS-initial-mark: 177806K(566004K)] 189437K(644660K), 0.0008523 secs] [Times: user=0.00 sys=0.00, real=0.00 secs] 
2024-07-27T21:38:10.765+0800: 13.334: Total time for which application threads were stopped: 0.0009865 seconds, Stopping threads took: 0.0000931 seconds
2024-07-27T21:38:10.765+0800: 13.335: [CMS-concurrent-mark-start]
2024-07-27T21:38:10.766+0800: 13.336: [CMS-concurrent-mark: 0.002/0.002 secs] [Times: user=0.00 sys=0.00, real=0.00 secs] 
2024-07-27T21:38:10.766+0800: 13.336: [CMS-concurrent-preclean-start]
2024-07-27T21:38:10.767+0800: 13.337: [CMS-concurrent-preclean: 0.001/0.001 secs] [Times: user=0.00 sys=0.00, real=0.00 secs] 
2024-07-27T21:38:10.767+0800: 13.337: [CMS-concurrent-abortable-preclean-start]
Heap
 par new generation   total 78656K, used 29414K [0x00000000c8000000, 0x00000000cd550000, 0x00000000daaa0000)
  eden space 69952K,  30% used [0x00000000c8000000, 0x00000000c94b99c8, 0x00000000cc450000)
  from space 8704K,  94% used [0x00000000cccd0000, 0x00000000cd4d0080, 0x00000000cd550000)
  to   space 8704K,   0% used [0x00000000cc450000, 0x00000000cc450000, 0x00000000cccd0000)
 concurrent mark-sweep generation total 566004K, used 177806K [0x00000000daaa0000, 0x00000000fd35d000, 0x0000000100000000)
 Metaspace       used 2943K, capacity 4486K, committed 4864K, reserved 1056768K
  class space    used 305K, capacity 386K, committed 512K, reserved 1048576K
2024-07-27T21:38:10.873+0800: 13.442: Application time: 0.1077579 seconds
