OpenJDK 64-Bit Server VM (25.412-b1) for windows-amd64 JRE (1.8.0_412-b1), built on Apr 23 2024 12:00:37 by "Administrator" with MS VC++ 10.0 (VS2010)
Memory: 4k page, physical 16672068k(5529196k free), swap 19162436k(4693924k free)
CommandLine flags: -XX:GCDrainStackTargetSize=64 -XX:InitialHeapSize=266753088 -XX:MaxHeapSize=939524096 -XX:MaxNewSize=313176064 -XX:MaxTenuringThreshold=6 -XX:OldPLABSize=16 -XX:+PrintGC -XX:+PrintGCApplicationConcurrentTime -XX:+PrintGCApplicationStoppedTime -XX:+PrintGCDateStamps -XX:+PrintGCDetails -XX:+PrintGCTimeStamps -XX:+UseCompressedClassPointers -XX:+UseCompressedOops -XX:+UseConcMarkSweepGC -XX:-UseLargePagesIndividualAllocation -XX:+UseParNewGC 
2024-07-27T21:38:11.053+0800: 0.106: Application time: 0.0356388 seconds
2024-07-27T21:38:11.054+0800: 0.106: [GC (Allocation Failure) 2024-07-27T21:38:11.054+0800: 0.107: [ParNew: 68984K->7950K(78656K), 0.0384321 secs] 68984K->68369K(253440K), 0.0386214 secs] [Times: user=0.05 sys=0.02, real=0.04 secs] 
2024-07-27T21:38:11.092+0800: 0.145: Total time for which application threads were stopped: 0.0387486 seconds, Stopping threads took: 0.0000192 seconds
2024-07-27T21:38:11.204+0800: 0.258: Application time: 0.1124191 seconds
2024-07-27T21:38:11.204+0800: 0.258: [GC (Allocation Failure) 2024-07-27T21:38:11.204+0800: 0.258: [ParNew: 76920K->8476K(78656K), 0.0242308 secs] 137339K->137128K(253440K), 0.0242924 secs] [Times: user=0.06 sys=0.06, real=0.03 secs] 
2024-07-27T21:38:11.229+0800: 0.282: Total time for which application threads were stopped: 0.0244019 seconds, Stopping threads took: 0.0000186 seconds
2024-07-27T21:38:11.229+0800: 0.282: Application time: 0.0002623 seconds
2024-07-27T21:38:11.229+0800: 0.282: [GC (CMS Initial Mark) [1 CMS-initial-mark: 128651K(174784K)] 140555K(253440K), 0.0006446 secs] [Times: user=0.00 sys=0.00, real=0.00 secs] 
2024-07-27T21:38:11.230+0800: 0.283: Total time for which application threads were stopped: 0.0008082 seconds, Stopping threads took: 0.0001219 seconds
2024-07-27T21:38:11.230+0800: 0.283: [CMS-concurrent-mark-start]
2024-07-27T21:38:11.233+0800: 0.286: [CMS-concurrent-mark: 0.003/0.003 secs] [Times: user=0.00 sys=0.00, real=0.00 secs] 
2024-07-27T21:38:11.233+0800: 0.286: [CMS-concurrent-preclean-start]
2024-07-27T21:38:11.234+0800: 0.287: [CMS-concurrent-preclean: 0.001/0.001 secs] [Times: user=0.00 sys=0.00, real=0.00 secs] 
2024-07-27T21:38:11.234+0800: 0.287: [CMS-concurrent-abortable-preclean-start]
2024-07-27T21:38:11.343+0800: 0.395: Application time: 0.1124285 seconds
2024-07-27T21:38:11.343+0800: 0.396: [GC (Allocation Failure) 2024-07-27T21:38:11.343+0800: 0.396: [ParNew: 77440K->28K(78656K), 0.0005406 secs] 206092K->128681K(253440K), 0.0006003 secs] [Times: user=0.00 sys=0.00, real=0.00 secs] 
2024-07-27T21:38:11.343+0800: 0.396: Total time for which application threads were stopped: 0.0007372 seconds, Stopping threads took: 0.0000259 seconds
2024-07-27T21:38:11.349+0800: 0.401: Application time: 0.0052350 seconds
2024-07-27T21:38:11.349+0800: 0.401: [GC (Allocation Failure) 2024-07-27T21:38:11.349+0800: 0.402: [ParNew: 68997K->8196K(78656K), 0.0310971 secs] 197650K->197266K(268860K), 0.0311590 secs] [Times: user=0.05 sys=0.00, real=0.03 secs] 
2024-07-27T21:38:11.380+0800: 0.433: Total time for which application threads were stopped: 0.0312809 seconds, Stopping threads took: 0.0000189 seconds
2024-07-27T21:38:11.485+0800: 0.538: Application time: 0.1055182 seconds
2024-07-27T21:38:11.485+0800: 0.538: [GC (Allocation Failure) 2024-07-27T21:38:11.485+0800: 0.538: [ParNew: 77168K->8192K(78656K), 0.0240411 secs] 266238K->265872K(337736K), 0.0240997 secs] [Times: user=0.02 sys=0.06, real=0.02 secs] 
2024-07-27T21:38:11.509+0800: 0.562: Total time for which application threads were stopped: 0.0242192 seconds, Stopping threads took: 0.0000196 seconds
2024-07-27T21:38:11.509+0800: 0.563: [CMS-concurrent-abortable-preclean: 0.003/0.275 secs] [Times: user=0.08 sys=0.06, real=0.28 secs] 
2024-07-27T21:38:11.510+0800: 0.563: Application time: 0.0002639 seconds
2024-07-27T21:38:11.510+0800: 0.563: [GC (CMS Final Remark) [YG occupancy: 12652 K (78656 K)]2024-07-27T21:38:11.510+0800: 0.563: [Rescan (parallel) , 0.0010031 secs]2024-07-27T21:38:11.511+0800: 0.564: [weak refs processing, 0.0000129 secs]2024-07-27T21:38:11.511+0800: 0.564: [class unloading, 0.0001918 secs]2024-07-27T21:38:11.511+0800: 0.564: [scrub symbol table, 0.0003417 secs]2024-07-27T21:38:11.511+0800: 0.565: [scrub string table, 0.0001180 secs][1 CMS-remark: 257680K(259080K)] 270332K(337736K), 0.0017838 secs] [Times: user=0.00 sys=0.00, real=0.00 secs] 
2024-07-27T21:38:11.512+0800: 0.565: Total time for which application threads were stopped: 0.0019555 seconds, Stopping threads took: 0.0001339 seconds
2024-07-27T21:38:11.512+0800: 0.565: [CMS-concurrent-sweep-start]
2024-07-27T21:38:11.513+0800: 0.566: [CMS-concurrent-sweep: 0.002/0.002 secs] [Times: user=0.00 sys=0.00, real=0.00 secs] 
2024-07-27T21:38:11.515+0800: 0.568: [CMS-concurrent-reset-start]
2024-07-27T21:38:11.519+0800: 0.572: [CMS-concurrent-reset: 0.004/0.004 secs] [Times: user=0.00 sys=0.00, real=0.00 secs] 
2024-07-27T21:38:11.624+0800: 0.677: Application time: 0.1123036 seconds
2024-07-27T21:38:11.625+0800: 0.677: [GC (Allocation Failure) 2024-07-27T21:38:11.625+0800: 0.677: [ParNew: 77165K->1024K(78656K), 0.0012935 secs] 334844K->258703K(508124K), 0.0013666 secs] [Times: user=0.00 sys=0.00, real=0.00 secs] 
2024-07-27T21:38:11.626+0800: 0.678: Total time for which application threads were stopped: 0.0014858 seconds, Stopping threads took: 0.0000259 seconds
2024-07-27T21:38:11.626+0800: 0.679: Application time: 0.0002238 seconds
2024-07-27T21:38:11.626+0800: 0.679: [GC (CMS Initial Mark) [1 CMS-initial-mark: 257679K(429468K)] 262140K(508124K), 0.0006276 secs] [Times: user=0.00 sys=0.00, real=0.00 secs] 
2024-07-27T21:38:11.627+0800: 0.680: Total time for which application threads were stopped: 0.0008432 seconds, Stopping threads took: 0.0001739 seconds
2024-07-27T21:38:11.627+0800: 0.680: [CMS-concurrent-mark-start]
2024-07-27T21:38:11.631+0800: 0.684: [CMS-concurrent-mark: 0.004/0.004 secs] [Times: user=0.05 sys=0.00, real=0.00 secs] 
2024-07-27T21:38:11.631+0800: 0.684: [CMS-concurrent-preclean-start]
2024-07-27T21:38:11.631+0800: 0.684: Application time: 0.0047708 seconds
2024-07-27T21:38:11.632+0800: 0.684: [GC (Allocation Failure) 2024-07-27T21:38:11.632+0800: 0.684: [ParNew: 69998K->8192K(78656K), 0.0383871 secs] 327677K->327312K(508124K), 0.0384351 secs] [Times: user=0.05 sys=0.02, real=0.04 secs] 
2024-07-27T21:38:11.670+0800: 0.723: Total time for which application threads were stopped: 0.0385316 seconds, Stopping threads took: 0.0000156 seconds
2024-07-27T21:38:11.670+0800: 0.723: [CMS-concurrent-preclean: 0.001/0.040 secs] [Times: user=0.05 sys=0.02, real=0.04 secs] 
2024-07-27T21:38:11.670+0800: 0.724: [CMS-concurrent-abortable-preclean-start]
2024-07-27T21:38:11.783+0800: 0.836: Application time: 0.1133141 seconds
2024-07-27T21:38:11.784+0800: 0.836: [GC (Allocation Failure) 2024-07-27T21:38:11.784+0800: 0.836: [ParNew: 77167K->8192K(78656K), 0.0363128 secs] 396287K->395921K(508124K), 0.0363726 secs] [Times: user=0.08 sys=0.02, real=0.04 secs] 
2024-07-27T21:38:11.820+0800: 0.873: Total time for which application threads were stopped: 0.0364849 seconds, Stopping threads took: 0.0000231 seconds
2024-07-27T21:38:11.820+0800: 0.873: [CMS-concurrent-abortable-preclean: 0.003/0.149 secs] [Times: user=0.08 sys=0.02, real=0.15 secs] 
2024-07-27T21:38:11.820+0800: 0.873: Application time: 0.0002650 seconds
2024-07-27T21:38:11.820+0800: 0.873: [GC (CMS Final Remark) [YG occupancy: 12654 K (78656 K)]2024-07-27T21:38:11.821+0800: 0.873: [Rescan (parallel) , 0.0009830 secs]2024-07-27T21:38:11.822+0800: 0.874: [weak refs processing, 0.0000128 secs]2024-07-27T21:38:11.822+0800: 0.874: [class unloading, 0.0001739 secs]2024-07-27T21:38:11.822+0800: 0.874: [scrub symbol table, 0.0003451 secs]2024-07-27T21:38:11.822+0800: 0.875: [scrub string table, 0.0001184 secs][1 CMS-remark: 387729K(429468K)] 400384K(508124K), 0.0017042 secs] [Times: user=0.00 sys=0.00, real=0.00 secs] 
2024-07-27T21:38:11.822+0800: 0.875: Total time for which application threads were stopped: 0.0019227 seconds, Stopping threads took: 0.0001761 seconds
2024-07-27T21:38:11.822+0800: 0.875: [CMS-concurrent-sweep-start]
2024-07-27T21:38:11.824+0800: 0.877: [CMS-concurrent-sweep: 0.002/0.002 secs] [Times: user=0.00 sys=0.00, real=0.00 secs] 
2024-07-27T21:38:11.824+0800: 0.877: [CMS-concurrent-reset-start]
2024-07-27T21:38:11.825+0800: 0.878: [CMS-concurrent-reset: 0.001/0.001 secs] [Times: user=0.00 sys=0.00, real=0.00 secs] 
2024-07-27T21:38:11.939+0800: 0.991: Application time: 0.1165743 seconds
2024-07-27T21:38:11.939+0800: 0.991: [GC (Allocation Failure) 2024-07-27T21:38:11.939+0800: 0.992: [ParNew: 77167K->2048K(78656K), 0.0016256 secs] 207869K->132749K(508124K), 0.0016887 secs] [Times: user=0.00 sys=0.00, real=0.00 secs] 
2024-07-27T21:38:11.940+0800: 0.993: Total time for which application threads were stopped: 0.0018051 seconds, Stopping threads took: 0.0000227 seconds
2024-07-27T21:38:11.945+0800: 0.998: Application time: 0.0045364 seconds
2024-07-27T21:38:11.945+0800: 0.998: [GC (Allocation Failure) 2024-07-27T21:38:11.945+0800: 0.998: [ParNew: 71024K->8192K(78656K), 0.0265070 secs] 201725K->201358K(508124K), 0.0265518 secs] [Times: user=0.03 sys=0.00, real=0.03 secs] 
2024-07-27T21:38:11.971+0800: 1.024: Total time for which application threads were stopped: 0.0266515 seconds, Stopping threads took: 0.0000152 seconds
2024-07-27T21:38:11.971+0800: 1.025: Application time: 0.0001204 seconds
2024-07-27T21:38:11.972+0800: 1.025: [GC (CMS Initial Mark) [1 CMS-initial-mark: 193166K(429468K)] 204797K(508124K), 0.0004520 secs] [Times: user=0.00 sys=0.00, real=0.00 secs] 
2024-07-27T21:38:11.972+0800: 1.025: Total time for which application threads were stopped: 0.0006535 seconds, Stopping threads took: 0.0001513 seconds
2024-07-27T21:38:11.972+0800: 1.025: [CMS-concurrent-mark-start]
2024-07-27T21:38:11.974+0800: 1.028: [CMS-concurrent-mark: 0.002/0.002 secs] [Times: user=0.05 sys=0.00, real=0.00 secs] 
2024-07-27T21:38:11.974+0800: 1.028: [CMS-concurrent-preclean-start]
2024-07-27T21:38:11.975+0800: 1.028: [CMS-concurrent-preclean: 0.001/0.001 secs] [Times: user=0.00 sys=0.00, real=0.00 secs] 
2024-07-27T21:38:11.975+0800: 1.028: [CMS-concurrent-abortable-preclean-start]
2024-07-27T21:38:12.082+0800: 1.135: Application time: 0.1099771 seconds
2024-07-27T21:38:12.083+0800: 1.135: [GC (Allocation Failure) 2024-07-27T21:38:12.083+0800: 1.135: [ParNew: 77168K->8192K(78656K), 0.0118088 secs] 270334K->269967K(508124K), 0.0118681 secs] [Times: user=0.00 sys=0.00, real=0.01 secs] 
2024-07-27T21:38:12.095+0800: 1.147: Total time for which application threads were stopped: 0.0119968 seconds, Stopping threads took: 0.0000334 seconds
2024-07-27T21:38:12.204+0800: 1.257: Application time: 0.1102550 seconds
2024-07-27T21:38:12.205+0800: 1.258: [GC (Allocation Failure) 2024-07-27T21:38:12.205+0800: 1.258: [ParNew: 77168K->3072K(78656K), 0.0017126 secs] 338943K->264847K(508124K), 0.0017673 secs] [Times: user=0.00 sys=0.00, real=0.00 secs] 
2024-07-27T21:38:12.206+0800: 1.259: Total time for which application threads were stopped: 0.0018935 seconds, Stopping threads took: 0.0000388 seconds
2024-07-27T21:38:12.211+0800: 1.264: Application time: 0.0043106 seconds
2024-07-27T21:38:12.211+0800: 1.264: [GC (Allocation Failure) 2024-07-27T21:38:12.211+0800: 1.264: [ParNew: 72048K->8192K(78656K), 0.0110517 secs] 333823K->333456K(508124K), 0.0111076 secs] [Times: user=0.00 sys=0.00, real=0.01 secs] 
2024-07-27T21:38:12.222+0800: 1.275: Total time for which application threads were stopped: 0.0112172 seconds, Stopping threads took: 0.0000141 seconds
2024-07-27T21:38:12.222+0800: 1.275: [CMS-concurrent-abortable-preclean: 0.005/0.247 secs] [Times: user=0.05 sys=0.00, real=0.25 secs] 
2024-07-27T21:38:12.222+0800: 1.275: Application time: 0.0003401 seconds
2024-07-27T21:38:12.222+0800: 1.275: [GC (CMS Final Remark) [YG occupancy: 13679 K (78656 K)]2024-07-27T21:38:12.222+0800: 1.275: [Rescan (parallel) , 0.0005034 secs]2024-07-27T21:38:12.223+0800: 1.276: [weak refs processing, 0.0000159 secs]2024-07-27T21:38:12.223+0800: 1.276: [class unloading, 0.0001759 secs]2024-07-27T21:38:12.223+0800: 1.276: [scrub symbol table, 0.0003452 secs]2024-07-27T21:38:12.223+0800: 1.276: [scrub string table, 0.0001071 secs][1 CMS-remark: 325264K(429468K)] 338944K(508124K), 0.0012149 secs] [Times: user=0.03 sys=0.00, real=0.00 secs] 
2024-07-27T21:38:12.224+0800: 1.277: Total time for which application threads were stopped: 0.0013797 seconds, Stopping threads took: 0.0001271 seconds
2024-07-27T21:38:12.224+0800: 1.277: [CMS-concurrent-sweep-start]
2024-07-27T21:38:12.225+0800: 1.278: [CMS-concurrent-sweep: 0.001/0.001 secs] [Times: user=0.00 sys=0.00, real=0.00 secs] 
2024-07-27T21:38:12.225+0800: 1.278: [CMS-concurrent-reset-start]
2024-07-27T21:38:12.226+0800: 1.279: [CMS-concurrent-reset: 0.001/0.001 secs] [Times: user=0.00 sys=0.00, real=0.00 secs] 
2024-07-27T21:38:12.332+0800: 1.385: Application time: 0.1086857 seconds
2024-07-27T21:38:12.332+0800: 1.385: [GC (Allocation Failure) 2024-07-27T21:38:12.332+0800: 1.385: [ParNew: 77168K->8192K(78656K), 0.0131814 secs] 272383K->272015K(508124K), 0.0132462 secs] [Times: user=0.02 sys=0.00, real=0.01 secs] 
2024-07-27T21:38:12.346+0800: 1.399: Total time for which application threads were stopped: 0.0133826 seconds, Stopping threads took: 0.0000194 seconds
2024-07-27T21:38:12.346+0800: 1.399: Application time: 0.0001303 seconds
2024-07-27T21:38:12.346+0800: 1.399: [GC (CMS Initial Mark) [1 CMS-initial-mark: 263823K(429468K)] 273039K(508124K), 0.0008073 secs] [Times: user=0.00 sys=0.00, real=0.00 secs] 
2024-07-27T21:38:12.347+0800: 1.400: Total time for which application threads were stopped: 0.0009412 seconds, Stopping threads took: 0.0000893 seconds
2024-07-27T21:38:12.347+0800: 1.400: [CMS-concurrent-mark-start]
2024-07-27T21:38:12.351+0800: 1.403: [CMS-concurrent-mark: 0.004/0.004 secs] [Times: user=0.05 sys=0.00, real=0.00 secs] 
2024-07-27T21:38:12.351+0800: 1.403: [CMS-concurrent-preclean-start]
2024-07-27T21:38:12.352+0800: 1.405: [CMS-concurrent-preclean: 0.001/0.001 secs] [Times: user=0.00 sys=0.00, real=0.00 secs] 
2024-07-27T21:38:12.352+0800: 1.405: [CMS-concurrent-abortable-preclean-start]
2024-07-27T21:38:12.454+0800: 1.507: Application time: 0.1072682 seconds
2024-07-27T21:38:12.455+0800: 1.507: [GC (Allocation Failure) 2024-07-27T21:38:12.455+0800: 1.507: [ParNew: 77168K->4096K(78656K), 0.0016573 secs] 340992K->267919K(508124K), 0.0017138 secs] [Times: user=0.00 sys=0.00, real=0.00 secs] 
2024-07-27T21:38:12.456+0800: 1.509: Total time for which application threads were stopped: 0.0018453 seconds, Stopping threads took: 0.0000244 seconds
2024-07-27T21:38:12.461+0800: 1.513: Application time: 0.0045450 seconds
2024-07-27T21:38:12.461+0800: 1.513: [GC (Allocation Failure) 2024-07-27T21:38:12.461+0800: 1.513: [ParNew: 73072K->8192K(78656K), 0.0119895 secs] 336896K->336528K(508124K), 0.0120510 secs] [Times: user=0.00 sys=0.00, real=0.01 secs] 
2024-07-27T21:38:12.473+0800: 1.526: Total time for which application threads were stopped: 0.0121464 seconds, Stopping threads took: 0.0000146 seconds
2024-07-27T21:38:12.582+0800: 1.635: Application time: 0.1092723 seconds
2024-07-27T21:38:12.582+0800: 1.635: [GC (Allocation Failure) 2024-07-27T21:38:12.582+0800: 1.635: [ParNew: 77168K->8192K(78656K), 0.0125238 secs] 405505K->405137K(508124K), 0.0125833 secs] [Times: user=0.03 sys=0.00, real=0.01 secs] 
2024-07-27T21:38:12.594+0800: 1.648: Total time for which application threads were stopped: 0.0127114 seconds, Stopping threads took: 0.0000199 seconds
2024-07-27T21:38:12.594+0800: 1.648: [CMS-concurrent-abortable-preclean: 0.005/0.243 secs] [Times: user=0.08 sys=0.00, real=0.24 secs] 
2024-07-27T21:38:12.595+0800: 1.648: Application time: 0.0002263 seconds
2024-07-27T21:38:12.595+0800: 1.648: [GC (CMS Final Remark) [YG occupancy: 11631 K (78656 K)]2024-07-27T21:38:12.596+0800: 1.648: [Rescan (parallel) , 0.0005513 secs]2024-07-27T21:38:12.596+0800: 1.649: [weak refs processing, 0.0000507 secs]2024-07-27T21:38:12.596+0800: 1.649: [class unloading, 0.0002132 secs]2024-07-27T21:38:12.596+0800: 1.649: [scrub symbol table, 0.0003568 secs]2024-07-27T21:38:12.596+0800: 1.649: [scrub string table, 0.0001010 secs][1 CMS-remark: 396945K(429468K)] 408577K(508124K), 0.0013532 secs] [Times: user=0.00 sys=0.00, real=0.00 secs] 
2024-07-27T21:38:12.596+0800: 1.649: Total time for which application threads were stopped: 0.0015511 seconds, Stopping threads took: 0.0001331 seconds
2024-07-27T21:38:12.596+0800: 1.650: [CMS-concurrent-sweep-start]
2024-07-27T21:38:12.598+0800: 1.651: [CMS-concurrent-sweep: 0.002/0.002 secs] [Times: user=0.03 sys=0.00, real=0.00 secs] 
2024-07-27T21:38:12.598+0800: 1.652: [CMS-concurrent-reset-start]
2024-07-27T21:38:12.600+0800: 1.653: [CMS-concurrent-reset: 0.001/0.001 secs] [Times: user=0.00 sys=0.00, real=0.00 secs] 
2024-07-27T21:38:12.704+0800: 1.757: Application time: 0.1079356 seconds
2024-07-27T21:38:12.705+0800: 1.757: [GC (Allocation Failure) 2024-07-27T21:38:12.705+0800: 1.757: [ParNew: 77168K->5120K(78656K), 0.0017661 secs] 343040K->270991K(521776K), 0.0018351 secs] [Times: user=0.00 sys=0.00, real=0.00 secs] 
2024-07-27T21:38:12.706+0800: 1.759: Total time for which application threads were stopped: 0.0020265 seconds, Stopping threads took: 0.0000335 seconds
2024-07-27T21:38:12.711+0800: 1.764: Application time: 0.0043051 seconds
2024-07-27T21:38:12.711+0800: 1.764: [GC (Allocation Failure) 2024-07-27T21:38:12.711+0800: 1.764: [ParNew: 74096K->8192K(78656K), 0.0114140 secs] 339968K->339600K(521776K), 0.0114616 secs] [Times: user=0.00 sys=0.00, real=0.01 secs] 
2024-07-27T21:38:12.722+0800: 1.775: Total time for which application threads were stopped: 0.0115573 seconds, Stopping threads took: 0.0000144 seconds
2024-07-27T21:38:12.722+0800: 1.775: Application time: 0.0001314 seconds
2024-07-27T21:38:12.723+0800: 1.775: [GC (CMS Initial Mark) [1 CMS-initial-mark: 331408K(443120K)] 343040K(521776K), 0.0008278 secs] [Times: user=0.00 sys=0.00, real=0.00 secs] 
2024-07-27T21:38:12.723+0800: 1.776: Total time for which application threads were stopped: 0.0010154 seconds, Stopping threads took: 0.0001465 seconds
2024-07-27T21:38:12.724+0800: 1.776: [CMS-concurrent-mark-start]
2024-07-27T21:38:12.726+0800: 1.779: [CMS-concurrent-mark: 0.002/0.002 secs] [Times: user=0.00 sys=0.00, real=0.00 secs] 
2024-07-27T21:38:12.726+0800: 1.779: [CMS-concurrent-preclean-start]
2024-07-27T21:38:12.727+0800: 1.780: [CMS-concurrent-preclean: 0.001/0.001 secs] [Times: user=0.00 sys=0.00, real=0.00 secs] 
2024-07-27T21:38:12.727+0800: 1.780: [CMS-concurrent-abortable-preclean-start]
2024-07-27T21:38:12.833+0800: 1.885: Application time: 0.1091129 seconds
2024-07-27T21:38:12.833+0800: 1.885: [GC (Allocation Failure) 2024-07-27T21:38:12.833+0800: 1.886: [ParNew: 77168K->8192K(78656K), 0.0117794 secs] 408577K->408209K(521776K), 0.0118389 secs] [Times: user=0.00 sys=0.00, real=0.01 secs] 
2024-07-27T21:38:12.845+0800: 1.897: Total time for which application threads were stopped: 0.0119491 seconds, Stopping threads took: 0.0000198 seconds
2024-07-27T21:38:12.956+0800: 2.009: Application time: 0.1112564 seconds
2024-07-27T21:38:12.956+0800: 2.009: [GC (Allocation Failure) 2024-07-27T21:38:12.956+0800: 2.009: [ParNew: 77168K->6144K(78656K), 0.0021455 secs] 477186K->406161K(521776K), 0.0021941 secs] [Times: user=0.03 sys=0.00, real=0.00 secs] 
2024-07-27T21:38:12.958+0800: 2.011: Total time for which application threads were stopped: 0.0023118 seconds, Stopping threads took: 0.0000197 seconds
2024-07-27T21:38:12.958+0800: 2.011: [CMS-concurrent-abortable-preclean: 0.005/0.231 secs] [Times: user=0.06 sys=0.00, real=0.23 secs] 
2024-07-27T21:38:12.959+0800: 2.011: Application time: 0.0003197 seconds
2024-07-27T21:38:12.959+0800: 2.011: [GC (CMS Final Remark) [YG occupancy: 10607 K (78656 K)]2024-07-27T21:38:12.959+0800: 2.011: [Rescan (parallel) , 0.0010230 secs]2024-07-27T21:38:12.960+0800: 2.012: [weak refs processing, 0.0000128 secs]2024-07-27T21:38:12.960+0800: 2.012: [class unloading, 0.0001800 secs]2024-07-27T21:38:12.960+0800: 2.013: [scrub symbol table, 0.0003120 secs]2024-07-27T21:38:12.960+0800: 2.013: [scrub string table, 0.0000942 secs][1 CMS-remark: 400017K(443120K)] 410625K(521776K), 0.0016879 secs] [Times: user=0.00 sys=0.00, real=0.00 secs] 
2024-07-27T21:38:12.961+0800: 2.013: Total time for which application threads were stopped: 0.0018593 seconds, Stopping threads took: 0.0001382 seconds
2024-07-27T21:38:12.961+0800: 2.013: [CMS-concurrent-sweep-start]
2024-07-27T21:38:12.962+0800: 2.015: [CMS-concurrent-sweep: 0.002/0.002 secs] [Times: user=0.00 sys=0.00, real=0.00 secs] 
2024-07-27T21:38:12.962+0800: 2.015: [CMS-concurrent-reset-start]
2024-07-27T21:38:12.964+0800: 2.016: [CMS-concurrent-reset: 0.001/0.001 secs] [Times: user=0.00 sys=0.00, real=0.00 secs] 
2024-07-27T21:38:12.965+0800: 2.018: Application time: 0.0047517 seconds
2024-07-27T21:38:12.965+0800: 2.018: [GC (Allocation Failure) 2024-07-27T21:38:12.965+0800: 2.018: [ParNew: 75120K->8192K(78656K), 0.0186449 secs] 209918K->209550K(521776K), 0.0187052 secs] [Times: user=0.03 sys=0.00, real=0.02 secs] 
2024-07-27T21:38:12.984+0800: 2.037: Total time for which application threads were stopped: 0.0187990 seconds, Stopping threads took: 0.0000124 seconds
2024-07-27T21:38:12.984+0800: 2.037: Application time: 0.0001188 seconds
2024-07-27T21:38:12.984+0800: 2.037: [GC (CMS Initial Mark) [1 CMS-initial-mark: 201358K(443120K)] 212990K(521776K), 0.0008013 secs] [Times: user=0.00 sys=0.00, real=0.00 secs] 
2024-07-27T21:38:12.985+0800: 2.038: Total time for which application threads were stopped: 0.0009504 seconds, Stopping threads took: 0.0001061 seconds
2024-07-27T21:38:12.985+0800: 2.038: [CMS-concurrent-mark-start]
2024-07-27T21:38:12.987+0800: 2.040: [CMS-concurrent-mark: 0.002/0.002 secs] [Times: user=0.00 sys=0.00, real=0.00 secs] 
2024-07-27T21:38:12.987+0800: 2.040: [CMS-concurrent-preclean-start]
2024-07-27T21:38:12.988+0800: 2.041: [CMS-concurrent-preclean: 0.001/0.001 secs] [Times: user=0.00 sys=0.00, real=0.00 secs] 
2024-07-27T21:38:12.988+0800: 2.041: [CMS-concurrent-abortable-preclean-start]
2024-07-27T21:38:13.101+0800: 2.154: Application time: 0.1158668 seconds
2024-07-27T21:38:13.101+0800: 2.154: [GC (Allocation Failure) 2024-07-27T21:38:13.101+0800: 2.154: [ParNew: 77168K->8192K(78656K), 0.0122281 secs] 278527K->278159K(521776K), 0.0122868 secs] [Times: user=0.00 sys=0.00, real=0.01 secs] 
2024-07-27T21:38:13.113+0800: 2.166: Total time for which application threads were stopped: 0.0123974 seconds, Stopping threads took: 0.0000190 seconds
2024-07-27T21:38:13.225+0800: 2.277: Application time: 0.1110259 seconds
2024-07-27T21:38:13.225+0800: 2.277: [GC (Allocation Failure) 2024-07-27T21:38:13.225+0800: 2.277: [ParNew: 77168K->7168K(78656K), 0.0020904 secs] 347136K->277135K(521776K), 0.0021427 secs] [Times: user=0.00 sys=0.00, real=0.00 secs] 
2024-07-27T21:38:13.226+0800: 2.279: Total time for which application threads were stopped: 0.0022628 seconds, Stopping threads took: 0.0000331 seconds
2024-07-27T21:38:13.230+0800: 2.284: Application time: 0.0044661 seconds
2024-07-27T21:38:13.230+0800: 2.284: [GC (Allocation Failure) 2024-07-27T21:38:13.231+0800: 2.284: [ParNew: 76144K->8192K(78656K), 0.0122681 secs] 346112K->345744K(521776K), 0.0123198 secs] [Times: user=0.03 sys=0.00, real=0.01 secs] 
2024-07-27T21:38:13.243+0800: 2.296: Total time for which application threads were stopped: 0.0124242 seconds, Stopping threads took: 0.0000151 seconds
2024-07-27T21:38:13.243+0800: 2.296: [CMS-concurrent-abortable-preclean: 0.005/0.256 secs] [Times: user=0.06 sys=0.00, real=0.26 secs] 
2024-07-27T21:38:13.243+0800: 2.297: Application time: 0.0003045 seconds
2024-07-27T21:38:13.243+0800: 2.297: [GC (CMS Final Remark) [YG occupancy: 12655 K (78656 K)]2024-07-27T21:38:13.243+0800: 2.297: [Rescan (parallel) , 0.0007656 secs]2024-07-27T21:38:13.244+0800: 2.297: [weak refs processing, 0.0000127 secs]2024-07-27T21:38:13.244+0800: 2.297: [class unloading, 0.0001847 secs]2024-07-27T21:38:13.244+0800: 2.298: [scrub symbol table, 0.0003474 secs]2024-07-27T21:38:13.245+0800: 2.298: [scrub string table, 0.0001011 secs][1 CMS-remark: 337552K(443120K)] 350208K(521776K), 0.0014760 secs] [Times: user=0.00 sys=0.00, real=0.00 secs] 
2024-07-27T21:38:13.245+0800: 2.298: Total time for which application threads were stopped: 0.0016527 seconds, Stopping threads took: 0.0001403 seconds
2024-07-27T21:38:13.245+0800: 2.298: [CMS-concurrent-sweep-start]
2024-07-27T21:38:13.247+0800: 2.300: [CMS-concurrent-sweep: 0.001/0.001 secs] [Times: user=0.00 sys=0.00, real=0.00 secs] 
2024-07-27T21:38:13.247+0800: 2.300: [CMS-concurrent-reset-start]
2024-07-27T21:38:13.247+0800: 2.300: [CMS-concurrent-reset: 0.001/0.001 secs] [Times: user=0.00 sys=0.00, real=0.00 secs] 
2024-07-27T21:38:13.351+0800: 2.404: Application time: 0.1054970 seconds
2024-07-27T21:38:13.351+0800: 2.404: [GC (Allocation Failure) 2024-07-27T21:38:13.351+0800: 2.404: [ParNew: 77168K->8192K(78656K), 0.0118480 secs] 280575K->280207K(521776K), 0.0119217 secs] [Times: user=0.00 sys=0.00, real=0.01 secs] 
2024-07-27T21:38:13.363+0800: 2.416: Total time for which application threads were stopped: 0.0120467 seconds, Stopping threads took: 0.0000195 seconds
2024-07-27T21:38:13.363+0800: 2.416: Application time: 0.0002186 seconds
2024-07-27T21:38:13.363+0800: 2.416: [GC (CMS Initial Mark) [1 CMS-initial-mark: 272015K(443120K)] 283647K(521776K), 0.0005368 secs] [Times: user=0.00 sys=0.00, real=0.00 secs] 
2024-07-27T21:38:13.364+0800: 2.417: Total time for which application threads were stopped: 0.0006997 seconds, Stopping threads took: 0.0001154 seconds
2024-07-27T21:38:13.364+0800: 2.417: [CMS-concurrent-mark-start]
2024-07-27T21:38:13.368+0800: 2.421: [CMS-concurrent-mark: 0.004/0.004 secs] [Times: user=0.00 sys=0.00, real=0.00 secs] 
2024-07-27T21:38:13.368+0800: 2.421: [CMS-concurrent-preclean-start]
2024-07-27T21:38:13.368+0800: 2.421: [CMS-concurrent-preclean: 0.001/0.001 secs] [Times: user=0.00 sys=0.00, real=0.00 secs] 
2024-07-27T21:38:13.368+0800: 2.421: [CMS-concurrent-abortable-preclean-start]
2024-07-27T21:38:13.474+0800: 2.527: Application time: 0.1105096 seconds
2024-07-27T21:38:13.474+0800: 2.527: [GC (Allocation Failure) 2024-07-27T21:38:13.475+0800: 2.527: [ParNew: 77168K->8192K(78656K), 0.0022198 secs] 349184K->280207K(521776K), 0.0022902 secs] [Times: user=0.00 sys=0.00, real=0.00 secs] 
2024-07-27T21:38:13.477+0800: 2.530: Total time for which application threads were stopped: 0.0023965 seconds, Stopping threads took: 0.0000192 seconds
2024-07-27T21:38:13.481+0800: 2.534: Application time: 0.0043748 seconds
2024-07-27T21:38:13.481+0800: 2.534: [GC (Allocation Failure) 2024-07-27T21:38:13.481+0800: 2.534: [ParNew: 77168K->8192K(78656K), 0.0121745 secs] 349184K->348816K(521776K), 0.0122233 secs] [Times: user=0.03 sys=0.00, real=0.01 secs] 
2024-07-27T21:38:13.493+0800: 2.546: Total time for which application threads were stopped: 0.0123194 seconds, Stopping threads took: 0.0000139 seconds
2024-07-27T21:38:13.602+0800: 2.655: Application time: 0.1085787 seconds
2024-07-27T21:38:13.602+0800: 2.655: [GC (Allocation Failure) 2024-07-27T21:38:13.602+0800: 2.655: [ParNew: 77168K->8192K(78656K), 0.0119398 secs] 417793K->417425K(521776K), 0.0120072 secs] [Times: user=0.00 sys=0.00, real=0.01 secs] 
2024-07-27T21:38:13.614+0800: 2.667: Total time for which application threads were stopped: 0.0121328 seconds, Stopping threads took: 0.0000184 seconds
2024-07-27T21:38:13.614+0800: 2.667: [CMS-concurrent-abortable-preclean: 0.006/0.246 secs] [Times: user=0.03 sys=0.00, real=0.25 secs] 
2024-07-27T21:38:13.614+0800: 2.667: Application time: 0.0003621 seconds
2024-07-27T21:38:13.614+0800: 2.667: [GC (CMS Final Remark) [YG occupancy: 13679 K (78656 K)]2024-07-27T21:38:13.614+0800: 2.667: [Rescan (parallel) , 0.0008040 secs]2024-07-27T21:38:13.615+0800: 2.668: [weak refs processing, 0.0000127 secs]2024-07-27T21:38:13.615+0800: 2.668: [class unloading, 0.0001880 secs]2024-07-27T21:38:13.615+0800: 2.669: [scrub symbol table, 0.0003474 secs]2024-07-27T21:38:13.616+0800: 2.669: [scrub string table, 0.0001003 secs][1 CMS-remark: 409233K(443120K)] 422913K(521776K), 0.0015185 secs] [Times: user=0.00 sys=0.00, real=0.00 secs] 
2024-07-27T21:38:13.616+0800: 2.669: Total time for which application threads were stopped: 0.0016799 seconds, Stopping threads took: 0.0001250 seconds
2024-07-27T21:38:13.616+0800: 2.669: [CMS-concurrent-sweep-start]
2024-07-27T21:38:13.618+0800: 2.671: [CMS-concurrent-sweep: 0.002/0.002 secs] [Times: user=0.00 sys=0.00, real=0.00 secs] 
2024-07-27T21:38:13.618+0800: 2.671: [CMS-concurrent-reset-start]
2024-07-27T21:38:13.619+0800: 2.672: [CMS-concurrent-reset: 0.001/0.001 secs] [Times: user=0.00 sys=0.00, real=0.00 secs] 
2024-07-27T21:38:13.724+0800: 2.776: Application time: 0.1071072 seconds
2024-07-27T21:38:13.724+0800: 2.776: [GC (Allocation Failure) 2024-07-27T21:38:13.724+0800: 2.776: [ParNew: 77168K->8192K(78656K), 0.0029668 secs] 351232K->283279K(535432K), 0.0030327 secs] [Times: user=0.00 sys=0.00, real=0.00 secs] 
2024-07-27T21:38:13.727+0800: 2.779: Total time for which application threads were stopped: 0.0031406 seconds, Stopping threads took: 0.0000200 seconds
2024-07-27T21:38:13.727+0800: 2.780: Application time: 0.0002657 seconds
2024-07-27T21:38:13.727+0800: 2.780: [GC (CMS Initial Mark) [1 CMS-initial-mark: 275087K(456776K)] 286719K(535432K), 0.0008294 secs] [Times: user=0.00 sys=0.00, real=0.00 secs] 
2024-07-27T21:38:13.728+0800: 2.780: Total time for which application threads were stopped: 0.0009454 seconds, Stopping threads took: 0.0000732 seconds
2024-07-27T21:38:13.728+0800: 2.781: [CMS-concurrent-mark-start]
2024-07-27T21:38:13.732+0800: 2.784: [CMS-concurrent-mark: 0.004/0.004 secs] [Times: user=0.00 sys=0.00, real=0.00 secs] 
2024-07-27T21:38:13.732+0800: 2.784: [CMS-concurrent-preclean-start]
2024-07-27T21:38:13.733+0800: 2.785: [CMS-concurrent-preclean: 0.001/0.001 secs] [Times: user=0.00 sys=0.00, real=0.00 secs] 
2024-07-27T21:38:13.733+0800: 2.786: Application time: 0.0050202 seconds
2024-07-27T21:38:13.733+0800: 2.786: [GC (Allocation Failure) 2024-07-27T21:38:13.733+0800: 2.786: [ParNew: 77168K->8192K(78656K), 0.0169506 secs] 352256K->351888K(535432K), 0.0169997 secs] [Times: user=0.03 sys=0.00, real=0.02 secs] 
2024-07-27T21:38:13.750+0800: 2.803: Total time for which application threads were stopped: 0.0170955 seconds, Stopping threads took: 0.0000131 seconds
2024-07-27T21:38:13.751+0800: 2.803: Application time: 0.0002978 seconds
2024-07-27T21:38:13.751+0800: 2.803: [GC (CMS Final Remark) [YG occupancy: 12655 K (78656 K)]2024-07-27T21:38:13.751+0800: 2.803: [Rescan (parallel) , 0.0009400 secs]2024-07-27T21:38:13.752+0800: 2.804: [weak refs processing, 0.0000127 secs]2024-07-27T21:38:13.752+0800: 2.804: [class unloading, 0.0001794 secs]2024-07-27T21:38:13.752+0800: 2.804: [scrub symbol table, 0.0003381 secs]2024-07-27T21:38:13.752+0800: 2.805: [scrub string table, 0.0001005 secs][1 CMS-remark: 343696K(456776K)] 356352K(535432K), 0.0016355 secs] [Times: user=0.00 sys=0.00, real=0.00 secs] 
2024-07-27T21:38:13.752+0800: 2.805: Total time for which application threads were stopped: 0.0017954 seconds, Stopping threads took: 0.0001231 seconds
2024-07-27T21:38:13.753+0800: 2.805: [CMS-concurrent-sweep-start]
2024-07-27T21:38:13.754+0800: 2.806: [CMS-concurrent-sweep: 0.001/0.001 secs] [Times: user=0.00 sys=0.00, real=0.00 secs] 
2024-07-27T21:38:13.754+0800: 2.806: [CMS-concurrent-reset-start]
2024-07-27T21:38:13.755+0800: 2.807: [CMS-concurrent-reset: 0.001/0.001 secs] [Times: user=0.01 sys=0.00, real=0.00 secs] 
2024-07-27T21:38:13.866+0800: 2.918: Application time: 0.1137082 seconds
2024-07-27T21:38:13.866+0800: 2.918: [GC (Allocation Failure) 2024-07-27T21:38:13.866+0800: 2.919: [ParNew: 77168K->8192K(78656K), 0.0122074 secs] 147453K->147085K(535432K), 0.0122762 secs] [Times: user=0.00 sys=0.00, real=0.01 secs] 
2024-07-27T21:38:13.878+0800: 2.931: Total time for which application threads were stopped: 0.0123874 seconds, Stopping threads took: 0.0000194 seconds
2024-07-27T21:38:13.989+0800: 3.042: Application time: 0.1110013 seconds
2024-07-27T21:38:13.989+0800: 3.042: [GC (Allocation Failure) 2024-07-27T21:38:13.989+0800: 3.042: [ParNew: 77168K->8192K(78656K), 0.0025830 secs] 216062K->149133K(535432K), 0.0026739 secs] [Times: user=0.00 sys=0.00, real=0.00 secs] 
2024-07-27T21:38:13.991+0800: 3.045: Total time for which application threads were stopped: 0.0027957 seconds, Stopping threads took: 0.0000337 seconds
2024-07-27T21:38:13.996+0800: 3.049: Application time: 0.0045160 seconds
2024-07-27T21:38:13.996+0800: 3.049: [GC (Allocation Failure) 2024-07-27T21:38:13.996+0800: 3.049: [ParNew: 77168K->8192K(78656K), 0.0128201 secs] 218110K->217742K(535432K), 0.0128679 secs] [Times: user=0.03 sys=0.00, real=0.01 secs] 
2024-07-27T21:38:14.009+0800: 3.062: Total time for which application threads were stopped: 0.0129743 seconds, Stopping threads took: 0.0000146 seconds
2024-07-27T21:38:14.010+0800: 3.062: Application time: 0.0002186 seconds
2024-07-27T21:38:14.010+0800: 3.062: [GC (CMS Initial Mark) [1 CMS-initial-mark: 209550K(456776K)] 221182K(535432K), 0.0006963 secs] [Times: user=0.00 sys=0.00, real=0.00 secs] 
2024-07-27T21:38:14.011+0800: 3.063: Total time for which application threads were stopped: 0.0008274 seconds, Stopping threads took: 0.0000862 seconds
2024-07-27T21:38:14.011+0800: 3.063: [CMS-concurrent-mark-start]
2024-07-27T21:38:14.012+0800: 3.065: [CMS-concurrent-mark: 0.002/0.002 secs] [Times: user=0.00 sys=0.00, real=0.00 secs] 
2024-07-27T21:38:14.012+0800: 3.065: [CMS-concurrent-preclean-start]
2024-07-27T21:38:14.013+0800: 3.066: [CMS-concurrent-preclean: 0.001/0.001 secs] [Times: user=0.00 sys=0.00, real=0.00 secs] 
2024-07-27T21:38:14.013+0800: 3.066: [CMS-concurrent-abortable-preclean-start]
2024-07-27T21:38:14.118+0800: 3.171: Application time: 0.1080670 seconds
2024-07-27T21:38:14.118+0800: 3.171: [GC (Allocation Failure) 2024-07-27T21:38:14.118+0800: 3.171: [ParNew: 77168K->8192K(78656K), 0.0120145 secs] 286719K->286351K(535432K), 0.0120741 secs] [Times: user=0.03 sys=0.00, real=0.01 secs] 
2024-07-27T21:38:14.130+0800: 3.183: Total time for which application threads were stopped: 0.0121845 seconds, Stopping threads took: 0.0000195 seconds
2024-07-27T21:38:14.242+0800: 3.295: Application time: 0.1119424 seconds
2024-07-27T21:38:14.242+0800: 3.295: [GC (Allocation Failure) 2024-07-27T21:38:14.242+0800: 3.295: [ParNew: 77168K->8192K(78656K), 0.0030171 secs] 355328K->289423K(535432K), 0.0030703 secs] [Times: user=0.00 sys=0.00, real=0.00 secs] 
2024-07-27T21:38:14.245+0800: 3.299: Total time for which application threads were stopped: 0.0031764 seconds, Stopping threads took: 0.0000196 seconds
2024-07-27T21:38:14.245+0800: 3.299: [CMS-concurrent-abortable-preclean: 0.005/0.233 secs] [Times: user=0.03 sys=0.00, real=0.23 secs] 
2024-07-27T21:38:14.246+0800: 3.299: Application time: 0.0003767 seconds
2024-07-27T21:38:14.246+0800: 3.299: [GC (CMS Final Remark) [YG occupancy: 13679 K (78656 K)]2024-07-27T21:38:14.246+0800: 3.299: [Rescan (parallel) , 0.0009217 secs]2024-07-27T21:38:14.247+0800: 3.300: [weak refs processing, 0.0000125 secs]2024-07-27T21:38:14.247+0800: 3.300: [class unloading, 0.0001910 secs]2024-07-27T21:38:14.247+0800: 3.300: [scrub symbol table, 0.0002995 secs]2024-07-27T21:38:14.247+0800: 3.301: [scrub string table, 0.0001026 secs][1 CMS-remark: 281231K(456776K)] 294911K(535432K), 0.0015904 secs] [Times: user=0.00 sys=0.00, real=0.00 secs] 
2024-07-27T21:38:14.247+0800: 3.301: Total time for which application threads were stopped: 0.0017821 seconds, Stopping threads took: 0.0001565 seconds
2024-07-27T21:38:14.248+0800: 3.301: [CMS-concurrent-sweep-start]
2024-07-27T21:38:14.249+0800: 3.302: [CMS-concurrent-sweep: 0.001/0.001 secs] [Times: user=0.00 sys=0.00, real=0.00 secs] 
2024-07-27T21:38:14.249+0800: 3.302: [CMS-concurrent-reset-start]
2024-07-27T21:38:14.250+0800: 3.304: [CMS-concurrent-reset: 0.001/0.001 secs] [Times: user=0.00 sys=0.00, real=0.00 secs] 
2024-07-27T21:38:14.252+0800: 3.305: Application time: 0.0047833 seconds
2024-07-27T21:38:14.252+0800: 3.306: [GC (Allocation Failure) 2024-07-27T21:38:14.252+0800: 3.306: [ParNew: 77168K->8192K(78656K), 0.0120289 secs] 220158K->219790K(535432K), 0.0120858 secs] [Times: user=0.03 sys=0.00, real=0.01 secs] 
2024-07-27T21:38:14.264+0800: 3.318: Total time for which application threads were stopped: 0.0121830 seconds, Stopping threads took: 0.0000142 seconds
2024-07-27T21:38:14.265+0800: 3.318: Application time: 0.0002485 seconds
2024-07-27T21:38:14.265+0800: 3.318: [GC (CMS Initial Mark) [1 CMS-initial-mark: 211598K(456776K)] 223230K(535432K), 0.0009236 secs] [Times: user=0.00 sys=0.00, real=0.00 secs] 
2024-07-27T21:38:14.266+0800: 3.319: Total time for which application threads were stopped: 0.0010344 seconds, Stopping threads took: 0.0000695 seconds
2024-07-27T21:38:14.266+0800: 3.319: [CMS-concurrent-mark-start]
2024-07-27T21:38:14.268+0800: 3.321: [CMS-concurrent-mark: 0.002/0.002 secs] [Times: user=0.00 sys=0.00, real=0.00 secs] 
2024-07-27T21:38:14.268+0800: 3.321: [CMS-concurrent-preclean-start]
2024-07-27T21:38:14.268+0800: 3.322: [CMS-concurrent-preclean: 0.001/0.001 secs] [Times: user=0.00 sys=0.00, real=0.00 secs] 
2024-07-27T21:38:14.268+0800: 3.322: [CMS-concurrent-abortable-preclean-start]
2024-07-27T21:38:14.384+0800: 3.437: Application time: 0.1183533 seconds
2024-07-27T21:38:14.385+0800: 3.437: [GC (Allocation Failure) 2024-07-27T21:38:14.385+0800: 3.437: [ParNew: 77168K->8192K(78656K), 0.0118390 secs] 288767K->288399K(535432K), 0.0118979 secs] [Times: user=0.02 sys=0.02, real=0.01 secs] 
2024-07-27T21:38:14.396+0800: 3.449: Total time for which application threads were stopped: 0.0120104 seconds, Stopping threads took: 0.0000212 seconds
2024-07-27T21:38:14.508+0800: 3.561: Application time: 0.1114621 seconds
2024-07-27T21:38:14.508+0800: 3.561: [GC (Allocation Failure) 2024-07-27T21:38:14.508+0800: 3.561: [ParNew: 77168K->8192K(78656K), 0.0028283 secs] 357376K->292495K(535432K), 0.0028825 secs] [Times: user=0.00 sys=0.00, real=0.00 secs] 
2024-07-27T21:38:14.511+0800: 3.564: Total time for which application threads were stopped: 0.0029983 seconds, Stopping threads took: 0.0000227 seconds
2024-07-27T21:38:14.511+0800: 3.564: [CMS-concurrent-abortable-preclean: 0.005/0.242 secs] [Times: user=0.02 sys=0.02, real=0.24 secs] 
2024-07-27T21:38:14.512+0800: 3.564: Application time: 0.0003173 seconds
2024-07-27T21:38:14.512+0800: 3.564: [GC (CMS Final Remark) [YG occupancy: 12655 K (78656 K)]2024-07-27T21:38:14.512+0800: 3.564: [Rescan (parallel) , 0.0006607 secs]2024-07-27T21:38:14.512+0800: 3.565: [weak refs processing, 0.0000130 secs]2024-07-27T21:38:14.512+0800: 3.565: [class unloading, 0.0001940 secs]2024-07-27T21:38:14.513+0800: 3.565: [scrub symbol table, 0.0003421 secs]2024-07-27T21:38:14.513+0800: 3.566: [scrub string table, 0.0000986 secs][1 CMS-remark: 284303K(456776K)] 296959K(535432K), 0.0013720 secs] [Times: user=0.00 sys=0.00, real=0.00 secs] 
2024-07-27T21:38:14.513+0800: 3.566: Total time for which application threads were stopped: 0.0015905 seconds, Stopping threads took: 0.0001841 seconds
2024-07-27T21:38:14.513+0800: 3.566: [CMS-concurrent-sweep-start]
2024-07-27T21:38:14.515+0800: 3.567: [CMS-concurrent-sweep: 0.001/0.001 secs] [Times: user=0.00 sys=0.00, real=0.00 secs] 
2024-07-27T21:38:14.515+0800: 3.567: [CMS-concurrent-reset-start]
2024-07-27T21:38:14.516+0800: 3.569: [CMS-concurrent-reset: 0.001/0.001 secs] [Times: user=0.00 sys=0.00, real=0.00 secs] 
2024-07-27T21:38:14.518+0800: 3.570: Application time: 0.0047381 seconds
2024-07-27T21:38:14.518+0800: 3.570: [GC (Allocation Failure) 2024-07-27T21:38:14.518+0800: 3.571: [ParNew: 77168K->8192K(78656K), 0.0120829 secs] 222206K->221838K(535432K), 0.0121299 secs] [Times: user=0.03 sys=0.00, real=0.01 secs] 
2024-07-27T21:38:14.530+0800: 3.583: Total time for which application threads were stopped: 0.0122233 seconds, Stopping threads took: 0.0000123 seconds
2024-07-27T21:38:14.530+0800: 3.583: Application time: 0.0001853 seconds
2024-07-27T21:38:14.530+0800: 3.583: [GC (CMS Initial Mark) [1 CMS-initial-mark: 213646K(456776K)] 225278K(535432K), 0.0008369 secs] [Times: user=0.00 sys=0.00, real=0.00 secs] 
2024-07-27T21:38:14.531+0800: 3.584: Total time for which application threads were stopped: 0.0010293 seconds, Stopping threads took: 0.0001474 seconds
2024-07-27T21:38:14.531+0800: 3.584: [CMS-concurrent-mark-start]
2024-07-27T21:38:14.533+0800: 3.586: [CMS-concurrent-mark: 0.002/0.002 secs] [Times: user=0.00 sys=0.00, real=0.00 secs] 
2024-07-27T21:38:14.533+0800: 3.586: [CMS-concurrent-preclean-start]
2024-07-27T21:38:14.534+0800: 3.586: [CMS-concurrent-preclean: 0.001/0.001 secs] [Times: user=0.00 sys=0.00, real=0.00 secs] 
2024-07-27T21:38:14.534+0800: 3.586: [CMS-concurrent-abortable-preclean-start]
2024-07-27T21:38:14.636+0800: 3.690: Application time: 0.1056716 seconds
2024-07-27T21:38:14.637+0800: 3.690: [GC (Allocation Failure) 2024-07-27T21:38:14.637+0800: 3.690: [ParNew2024-07-27T21:38:14.649+0800: 3.702: [CMS-concurrent-abortable-preclean: 0.001/0.115 secs] [Times: user=0.03 sys=0.00, real=0.12 secs] 
: 77168K->8192K(78656K), 0.0129304 secs] 290815K->290447K(535432K), 0.0129796 secs] [Times: user=0.03 sys=0.00, real=0.01 secs] 
2024-07-27T21:38:14.650+0800: 3.703: Total time for which application threads were stopped: 0.0130978 seconds, Stopping threads took: 0.0000191 seconds
2024-07-27T21:38:14.650+0800: 3.703: Application time: 0.0003237 seconds
2024-07-27T21:38:14.650+0800: 3.703: [GC (CMS Final Remark) [YG occupancy: 13679 K (78656 K)]2024-07-27T21:38:14.650+0800: 3.703: [Rescan (parallel) , 0.0010643 secs]2024-07-27T21:38:14.652+0800: 3.704: [weak refs processing, 0.0000128 secs]2024-07-27T21:38:14.652+0800: 3.704: [class unloading, 0.0001664 secs]2024-07-27T21:38:14.652+0800: 3.704: [scrub symbol table, 0.0003140 secs]2024-07-27T21:38:14.652+0800: 3.705: [scrub string table, 0.0000978 secs][1 CMS-remark: 282255K(456776K)] 295935K(535432K), 0.0017234 secs] [Times: user=0.00 sys=0.00, real=0.00 secs] 
2024-07-27T21:38:14.652+0800: 3.705: Total time for which application threads were stopped: 0.0019067 seconds, Stopping threads took: 0.0001468 seconds
2024-07-27T21:38:14.652+0800: 3.705: [CMS-concurrent-sweep-start]
2024-07-27T21:38:14.653+0800: 3.707: [CMS-concurrent-sweep: 0.001/0.001 secs] [Times: user=0.00 sys=0.00, real=0.00 secs] 
2024-07-27T21:38:14.653+0800: 3.707: [CMS-concurrent-reset-start]
2024-07-27T21:38:14.655+0800: 3.708: [CMS-concurrent-reset: 0.001/0.001 secs] [Times: user=0.00 sys=0.00, real=0.00 secs] 
2024-07-27T21:38:14.762+0800: 3.814: Application time: 0.1091370 seconds
2024-07-27T21:38:14.762+0800: 3.814: [GC (Allocation Failure) 2024-07-27T21:38:14.762+0800: 3.814: [ParNew: 77168K->8192K(78656K), 0.0028770 secs] 219134K->155277K(535432K), 0.0029349 secs] [Times: user=0.00 sys=0.00, real=0.00 secs] 
2024-07-27T21:38:14.765+0800: 3.817: Total time for which application threads were stopped: 0.0030447 seconds, Stopping threads took: 0.0000197 seconds
2024-07-27T21:38:14.768+0800: 3.821: Application time: 0.0043214 seconds
2024-07-27T21:38:14.768+0800: 3.821: [GC (Allocation Failure) 2024-07-27T21:38:14.768+0800: 3.821: [ParNew: 77168K->8192K(78656K), 0.0118192 secs] 224254K->223886K(535432K), 0.0118687 secs] [Times: user=0.03 sys=0.00, real=0.01 secs] 
2024-07-27T21:38:14.780+0800: 3.833: Total time for which application threads were stopped: 0.0119649 seconds, Stopping threads took: 0.0000136 seconds
2024-07-27T21:38:14.780+0800: 3.834: Application time: 0.0002180 seconds
2024-07-27T21:38:14.781+0800: 3.834: [GC (CMS Initial Mark) [1 CMS-initial-mark: 215694K(456776K)] 227326K(535432K), 0.0007121 secs] [Times: user=0.00 sys=0.00, real=0.00 secs] 
2024-07-27T21:38:14.781+0800: 3.834: Total time for which application threads were stopped: 0.0008314 seconds, Stopping threads took: 0.0000743 seconds
2024-07-27T21:38:14.781+0800: 3.835: [CMS-concurrent-mark-start]
2024-07-27T21:38:14.783+0800: 3.836: [CMS-concurrent-mark: 0.002/0.002 secs] [Times: user=0.00 sys=0.00, real=0.00 secs] 
2024-07-27T21:38:14.783+0800: 3.836: [CMS-concurrent-preclean-start]
2024-07-27T21:38:14.784+0800: 3.837: [CMS-concurrent-preclean: 0.001/0.001 secs] [Times: user=0.00 sys=0.00, real=0.00 secs] 
2024-07-27T21:38:14.784+0800: 3.837: [CMS-concurrent-abortable-preclean-start]
2024-07-27T21:38:14.890+0800: 3.943: Application time: 0.1085160 seconds
2024-07-27T21:38:14.890+0800: 3.943: [GC (Allocation Failure) 2024-07-27T21:38:14.890+0800: 3.943: [ParNew: 77168K->8192K(78656K), 0.0119515 secs] 292863K->292495K(535432K), 0.0120156 secs] [Times: user=0.03 sys=0.00, real=0.01 secs] 
2024-07-27T21:38:14.902+0800: 3.955: Total time for which application threads were stopped: 0.0121268 seconds, Stopping threads took: 0.0000200 seconds
2024-07-27T21:38:15.012+0800: 4.065: Application time: 0.1102523 seconds
2024-07-27T21:38:15.012+0800: 4.065: [GC (Allocation Failure) 2024-07-27T21:38:15.012+0800: 4.065: [ParNew: 77168K->8192K(78656K), 0.0031420 secs] 361472K->298639K(535432K), 0.0031964 secs] [Times: user=0.00 sys=0.00, real=0.00 secs] 
2024-07-27T21:38:15.016+0800: 4.069: Total time for which application threads were stopped: 0.0033083 seconds, Stopping threads took: 0.0000195 seconds
2024-07-27T21:38:15.016+0800: 4.069: [CMS-concurrent-abortable-preclean: 0.005/0.232 secs] [Times: user=0.03 sys=0.00, real=0.23 secs] 
2024-07-27T21:38:15.016+0800: 4.069: Application time: 0.0003030 seconds
2024-07-27T21:38:15.016+0800: 4.069: [GC (CMS Final Remark) [YG occupancy: 12655 K (78656 K)]2024-07-27T21:38:15.016+0800: 4.069: [Rescan (parallel) , 0.0007989 secs]2024-07-27T21:38:15.017+0800: 4.070: [weak refs processing, 0.0000126 secs]2024-07-27T21:38:15.017+0800: 4.070: [class unloading, 0.0001882 secs]2024-07-27T21:38:15.017+0800: 4.070: [scrub symbol table, 0.0003379 secs]2024-07-27T21:38:15.017+0800: 4.071: [scrub string table, 0.0001033 secs][1 CMS-remark: 290447K(456776K)] 303103K(535432K), 0.0015055 secs] [Times: user=0.00 sys=0.00, real=0.00 secs] 
2024-07-27T21:38:15.018+0800: 4.071: Total time for which application threads were stopped: 0.0016990 seconds, Stopping threads took: 0.0001586 seconds
2024-07-27T21:38:15.018+0800: 4.071: [CMS-concurrent-sweep-start]
2024-07-27T21:38:15.019+0800: 4.072: [CMS-concurrent-sweep: 0.001/0.001 secs] [Times: user=0.00 sys=0.00, real=0.00 secs] 
2024-07-27T21:38:15.019+0800: 4.072: [CMS-concurrent-reset-start]
2024-07-27T21:38:15.020+0800: 4.074: [CMS-concurrent-reset: 0.001/0.001 secs] [Times: user=0.03 sys=0.00, real=0.00 secs] 
2024-07-27T21:38:15.022+0800: 4.075: Application time: 0.0047136 seconds
2024-07-27T21:38:15.022+0800: 4.075: [GC (Allocation Failure) 2024-07-27T21:38:15.022+0800: 4.075: [ParNew: 77168K->8192K(78656K), 0.0123623 secs] 226302K->225934K(535432K), 0.0124099 secs] [Times: user=0.00 sys=0.00, real=0.01 secs] 
2024-07-27T21:38:15.035+0800: 4.088: Total time for which application threads were stopped: 0.0125035 seconds, Stopping threads took: 0.0000127 seconds
2024-07-27T21:38:15.035+0800: 4.088: Application time: 0.0002405 seconds
2024-07-27T21:38:15.035+0800: 4.088: [GC (CMS Initial Mark) [1 CMS-initial-mark: 217742K(456776K)] 229374K(535432K), 0.0007530 secs] [Times: user=0.00 sys=0.00, real=0.00 secs] 
2024-07-27T21:38:15.036+0800: 4.089: Total time for which application threads were stopped: 0.0009426 seconds, Stopping threads took: 0.0001476 seconds
2024-07-27T21:38:15.036+0800: 4.089: [CMS-concurrent-mark-start]
2024-07-27T21:38:15.038+0800: 4.091: [CMS-concurrent-mark: 0.002/0.002 secs] [Times: user=0.00 sys=0.00, real=0.00 secs] 
2024-07-27T21:38:15.038+0800: 4.091: [CMS-concurrent-preclean-start]
2024-07-27T21:38:15.038+0800: 4.092: [CMS-concurrent-preclean: 0.001/0.001 secs] [Times: user=0.00 sys=0.00, real=0.00 secs] 
2024-07-27T21:38:15.038+0800: 4.092: [CMS-concurrent-abortable-preclean-start]
2024-07-27T21:38:15.058+0800: 4.110: Application time: 0.0212032 seconds
2024-07-27T21:38:15.058+0800: 4.110: Total time for which application threads were stopped: 0.0000852 seconds, Stopping threads took: 0.0000410 seconds
2024-07-27T21:38:15.155+0800: 4.208: Application time: 0.0974040 seconds
2024-07-27T21:38:15.155+0800: 4.208: [GC (Allocation Failure) 2024-07-27T21:38:15.155+0800: 4.208: [ParNew: 77168K->8192K(78656K), 0.0119313 secs] 294911K->294543K(535432K), 0.0119961 secs] [Times: user=0.03 sys=0.00, real=0.01 secs] 
2024-07-27T21:38:15.167+0800: 4.220: Total time for which application threads were stopped: 0.0121070 seconds, Stopping threads took: 0.0000192 seconds
2024-07-27T21:38:15.279+0800: 4.332: Application time: 0.1125449 seconds
2024-07-27T21:38:15.279+0800: 4.332: [GC (Allocation Failure) 2024-07-27T21:38:15.279+0800: 4.333: [ParNew: 77168K->8192K(78656K), 0.0033919 secs] 363520K->301711K(535432K), 0.0034608 secs] [Times: user=0.00 sys=0.00, real=0.00 secs] 
2024-07-27T21:38:15.283+0800: 4.336: Total time for which application threads were stopped: 0.0035699 seconds, Stopping threads took: 0.0000198 seconds
2024-07-27T21:38:15.283+0800: 4.336: [CMS-concurrent-abortable-preclean: 0.004/0.245 secs] [Times: user=0.03 sys=0.00, real=0.24 secs] 
2024-07-27T21:38:15.284+0800: 4.336: Application time: 0.0003205 seconds
2024-07-27T21:38:15.284+0800: 4.336: [GC (CMS Final Remark) [YG occupancy: 12655 K (78656 K)]2024-07-27T21:38:15.284+0800: 4.336: [Rescan (parallel) , 0.0009131 secs]2024-07-27T21:38:15.284+0800: 4.337: [weak refs processing, 0.0000130 secs]2024-07-27T21:38:15.284+0800: 4.337: [class unloading, 0.0001960 secs]2024-07-27T21:38:15.285+0800: 4.338: [scrub symbol table, 0.0003408 secs]2024-07-27T21:38:15.285+0800: 4.338: [scrub string table, 0.0001000 secs][1 CMS-remark: 293519K(456776K)] 306175K(535432K), 0.0016263 secs] [Times: user=0.00 sys=0.00, real=0.00 secs] 
2024-07-27T21:38:15.285+0800: 4.338: Total time for which application threads were stopped: 0.0017839 seconds, Stopping threads took: 0.0001216 seconds
2024-07-27T21:38:15.285+0800: 4.338: [CMS-concurrent-sweep-start]
2024-07-27T21:38:15.287+0800: 4.340: [CMS-concurrent-sweep: 0.001/0.001 secs] [Times: user=0.03 sys=0.00, real=0.00 secs] 
2024-07-27T21:38:15.287+0800: 4.340: [CMS-concurrent-reset-start]
2024-07-27T21:38:15.288+0800: 4.341: [CMS-concurrent-reset: 0.001/0.001 secs] [Times: user=0.00 sys=0.00, real=0.00 secs] 
2024-07-27T21:38:15.290+0800: 4.343: Application time: 0.0047008 seconds
2024-07-27T21:38:15.290+0800: 4.343: [GC (Allocation Failure) 2024-07-27T21:38:15.290+0800: 4.343: [ParNew: 77168K->8192K(78656K), 0.0118452 secs] 228350K->227982K(535432K), 0.0118933 secs] [Times: user=0.03 sys=0.00, real=0.01 secs] 
2024-07-27T21:38:15.302+0800: 4.355: Total time for which application threads were stopped: 0.0119869 seconds, Stopping threads took: 0.0000126 seconds
2024-07-27T21:38:15.303+0800: 4.355: Application time: 0.0002430 seconds
2024-07-27T21:38:15.303+0800: 4.355: [GC (CMS Initial Mark) [1 CMS-initial-mark: 219790K(456776K)] 231422K(535432K), 0.0007520 secs] [Times: user=0.00 sys=0.00, real=0.00 secs] 
2024-07-27T21:38:15.303+0800: 4.356: Total time for which application threads were stopped: 0.0009538 seconds, Stopping threads took: 0.0001591 seconds
2024-07-27T21:38:15.303+0800: 4.356: [CMS-concurrent-mark-start]
2024-07-27T21:38:15.305+0800: 4.358: [CMS-concurrent-mark: 0.002/0.002 secs] [Times: user=0.00 sys=0.00, real=0.00 secs] 
2024-07-27T21:38:15.305+0800: 4.358: [CMS-concurrent-preclean-start]
2024-07-27T21:38:15.305+0800: 4.358: [CMS-concurrent-preclean: 0.001/0.001 secs] [Times: user=0.00 sys=0.00, real=0.00 secs] 
2024-07-27T21:38:15.305+0800: 4.358: [CMS-concurrent-abortable-preclean-start]
2024-07-27T21:38:15.422+0800: 4.475: Application time: 0.1188080 seconds
2024-07-27T21:38:15.422+0800: 4.475: [GC (Allocation Failure) 2024-07-27T21:38:15.423+0800: 4.475: [ParNew: 77168K->8192K(78656K), 0.0117786 secs] 296959K->296591K(535432K), 0.0118539 secs] [Times: user=0.03 sys=0.00, real=0.01 secs] 
2024-07-27T21:38:15.434+0800: 4.487: Total time for which application threads were stopped: 0.0119630 seconds, Stopping threads took: 0.0000191 seconds
2024-07-27T21:38:15.547+0800: 4.600: Application time: 0.1127502 seconds
2024-07-27T21:38:15.547+0800: 4.600: [GC (Allocation Failure) 2024-07-27T21:38:15.547+0800: 4.600: [ParNew: 77168K->8192K(78656K), 0.0033606 secs] 365568K->304784K(535432K), 0.0034229 secs] [Times: user=0.00 sys=0.00, real=0.00 secs] 
2024-07-27T21:38:15.551+0800: 4.603: Total time for which application threads were stopped: 0.0035326 seconds, Stopping threads took: 0.0000202 seconds
2024-07-27T21:38:15.551+0800: 4.603: [CMS-concurrent-abortable-preclean: 0.005/0.245 secs] [Times: user=0.03 sys=0.00, real=0.25 secs] 
2024-07-27T21:38:15.551+0800: 4.603: Application time: 0.0002848 seconds
2024-07-27T21:38:15.551+0800: 4.603: [GC (CMS Final Remark) [YG occupancy: 12655 K (78656 K)]2024-07-27T21:38:15.551+0800: 4.603: [Rescan (parallel) , 0.0010428 secs]2024-07-27T21:38:15.552+0800: 4.605: [weak refs processing, 0.0000129 secs]2024-07-27T21:38:15.552+0800: 4.605: [class unloading, 0.0001742 secs]2024-07-27T21:38:15.552+0800: 4.605: [scrub symbol table, 0.0003447 secs]2024-07-27T21:38:15.552+0800: 4.605: [scrub string table, 0.0001118 secs][1 CMS-remark: 296591K(456776K)] 309247K(535432K), 0.0017486 secs] [Times: user=0.06 sys=0.01, real=0.00 secs] 
2024-07-27T21:38:15.552+0800: 4.605: Total time for which application threads were stopped: 0.0018528 seconds, Stopping threads took: 0.0000690 seconds
2024-07-27T21:38:15.553+0800: 4.605: [CMS-concurrent-sweep-start]
2024-07-27T21:38:15.554+0800: 4.607: [CMS-concurrent-sweep: 0.002/0.002 secs] [Times: user=0.00 sys=0.00, real=0.00 secs] 
2024-07-27T21:38:15.554+0800: 4.607: [CMS-concurrent-reset-start]
2024-07-27T21:38:15.555+0800: 4.608: [CMS-concurrent-reset: 0.001/0.001 secs] [Times: user=0.00 sys=0.00, real=0.00 secs] 
2024-07-27T21:38:15.557+0800: 4.610: Application time: 0.0047143 seconds
2024-07-27T21:38:15.557+0800: 4.610: [GC (Allocation Failure) 2024-07-27T21:38:15.557+0800: 4.610: [ParNew: 77168K->8192K(78656K), 0.0120354 secs] 230398K->230030K(535432K), 0.0120822 secs] [Times: user=0.03 sys=0.00, real=0.01 secs] 
2024-07-27T21:38:15.569+0800: 4.622: Total time for which application threads were stopped: 0.0121764 seconds, Stopping threads took: 0.0000127 seconds
2024-07-27T21:38:15.569+0800: 4.622: Application time: 0.0002356 seconds
2024-07-27T21:38:15.570+0800: 4.623: [GC (CMS Initial Mark) [1 CMS-initial-mark: 221838K(456776K)] 233470K(535432K), 0.0007542 secs] [Times: user=0.00 sys=0.00, real=0.00 secs] 
2024-07-27T21:38:15.570+0800: 4.623: Total time for which application threads were stopped: 0.0009480 seconds, Stopping threads took: 0.0001525 seconds
2024-07-27T21:38:15.570+0800: 4.623: [CMS-concurrent-mark-start]
2024-07-27T21:38:15.572+0800: 4.625: [CMS-concurrent-mark: 0.002/0.002 secs] [Times: user=0.00 sys=0.00, real=0.00 secs] 
2024-07-27T21:38:15.572+0800: 4.625: [CMS-concurrent-preclean-start]
2024-07-27T21:38:15.573+0800: 4.626: [CMS-concurrent-preclean: 0.001/0.001 secs] [Times: user=0.00 sys=0.00, real=0.00 secs] 
2024-07-27T21:38:15.573+0800: 4.626: [CMS-concurrent-abortable-preclean-start]
2024-07-27T21:38:15.690+0800: 4.743: Application time: 0.1195875 seconds
2024-07-27T21:38:15.690+0800: 4.743: [GC (Allocation Failure) 2024-07-27T21:38:15.690+0800: 4.743: [ParNew: 77168K->8192K(78656K), 0.0118511 secs] 299007K->298639K(535432K), 0.0119102 secs] [Times: user=0.03 sys=0.00, real=0.01 secs] 
2024-07-27T21:38:15.702+0800: 4.755: Total time for which application threads were stopped: 0.0120200 seconds, Stopping threads took: 0.0000192 seconds
2024-07-27T21:38:15.814+0800: 4.867: Application time: 0.1116287 seconds
2024-07-27T21:38:15.814+0800: 4.867: [GC (Allocation Failure) 2024-07-27T21:38:15.814+0800: 4.867: [ParNew: 77168K->8192K(78656K), 0.0035554 secs] 367616K->307856K(535432K), 0.0036119 secs] [Times: user=0.03 sys=0.00, real=0.00 secs] 
2024-07-27T21:38:15.817+0800: 4.870: Total time for which application threads were stopped: 0.0037181 seconds, Stopping threads took: 0.0000190 seconds
2024-07-27T21:38:15.817+0800: 4.870: [CMS-concurrent-abortable-preclean: 0.005/0.244 secs] [Times: user=0.06 sys=0.00, real=0.24 secs] 
2024-07-27T21:38:15.818+0800: 4.871: Application time: 0.0002937 seconds
2024-07-27T21:38:15.818+0800: 4.871: [GC (CMS Final Remark) [YG occupancy: 12655 K (78656 K)]2024-07-27T21:38:15.818+0800: 4.871: [Rescan (parallel) , 0.0009590 secs]2024-07-27T21:38:15.819+0800: 4.872: [weak refs processing, 0.0000126 secs]2024-07-27T21:38:15.819+0800: 4.872: [class unloading, 0.0001722 secs]2024-07-27T21:38:15.819+0800: 4.872: [scrub symbol table, 0.0003359 secs]2024-07-27T21:38:15.819+0800: 4.872: [scrub string table, 0.0001143 secs][1 CMS-remark: 299663K(456776K)] 312319K(535432K), 0.0016579 secs] [Times: user=0.00 sys=0.00, real=0.00 secs] 
2024-07-27T21:38:15.819+0800: 4.872: Total time for which application threads were stopped: 0.0017724 seconds, Stopping threads took: 0.0000807 seconds
2024-07-27T21:38:15.820+0800: 4.873: [CMS-concurrent-sweep-start]
2024-07-27T21:38:15.821+0800: 4.874: [CMS-concurrent-sweep: 0.002/0.002 secs] [Times: user=0.00 sys=0.00, real=0.00 secs] 
2024-07-27T21:38:15.821+0800: 4.874: [CMS-concurrent-reset-start]
2024-07-27T21:38:15.822+0800: 4.876: [CMS-concurrent-reset: 0.001/0.001 secs] [Times: user=0.00 sys=0.00, real=0.00 secs] 
2024-07-27T21:38:15.824+0800: 4.877: Application time: 0.0048020 seconds
2024-07-27T21:38:15.824+0800: 4.877: [GC (Allocation Failure) 2024-07-27T21:38:15.824+0800: 4.877: [ParNew: 77168K->8192K(78656K), 0.0120873 secs] 232446K->232078K(535432K), 0.0121355 secs] [Times: user=0.03 sys=0.00, real=0.01 secs] 
2024-07-27T21:38:15.836+0800: 4.889: Total time for which application threads were stopped: 0.0122314 seconds, Stopping threads took: 0.0000129 seconds
2024-07-27T21:38:15.837+0800: 4.890: Application time: 0.0002834 seconds
2024-07-27T21:38:15.837+0800: 4.890: [GC (CMS Initial Mark) [1 CMS-initial-mark: 223886K(456776K)] 235518K(535432K), 0.0008343 secs] [Times: user=0.00 sys=0.00, real=0.00 secs] 
2024-07-27T21:38:15.838+0800: 4.891: Total time for which application threads were stopped: 0.0009463 seconds, Stopping threads took: 0.0000712 seconds
2024-07-27T21:38:15.838+0800: 4.891: [CMS-concurrent-mark-start]
2024-07-27T21:38:15.839+0800: 4.892: [CMS-concurrent-mark: 0.002/0.002 secs] [Times: user=0.00 sys=0.00, real=0.00 secs] 
2024-07-27T21:38:15.839+0800: 4.892: [CMS-concurrent-preclean-start]
2024-07-27T21:38:15.840+0800: 4.893: [CMS-concurrent-preclean: 0.001/0.001 secs] [Times: user=0.00 sys=0.00, real=0.00 secs] 
2024-07-27T21:38:15.840+0800: 4.893: [CMS-concurrent-abortable-preclean-start]
2024-07-27T21:38:15.957+0800: 5.010: Application time: 0.1194572 seconds
2024-07-27T21:38:15.958+0800: 5.010: [GC (Allocation Failure) 2024-07-27T21:38:15.958+0800: 5.010: [ParNew: 77168K->8192K(78656K), 0.0117587 secs] 301055K->300687K(535432K), 0.0118178 secs] [Times: user=0.00 sys=0.00, real=0.01 secs] 
2024-07-27T21:38:15.969+0800: 5.022: Total time for which application threads were stopped: 0.0119476 seconds, Stopping threads took: 0.0000268 seconds
2024-07-27T21:38:16.082+0800: 5.134: Application time: 0.1124842 seconds
2024-07-27T21:38:16.082+0800: 5.135: [GC (Allocation Failure) 2024-07-27T21:38:16.082+0800: 5.135: [ParNew: 77168K->8192K(78656K), 0.0040528 secs] 369664K->310928K(535432K), 0.0041146 secs] [Times: user=0.03 sys=0.00, real=0.00 secs] 
2024-07-27T21:38:16.086+0800: 5.139: Total time for which application threads were stopped: 0.0042234 seconds, Stopping threads took: 0.0000200 seconds
2024-07-27T21:38:16.086+0800: 5.139: [CMS-concurrent-abortable-preclean: 0.005/0.246 secs] [Times: user=0.03 sys=0.02, real=0.25 secs] 
2024-07-27T21:38:16.086+0800: 5.139: Application time: 0.0002930 seconds
2024-07-27T21:38:16.086+0800: 5.139: [GC (CMS Final Remark) [YG occupancy: 12655 K (78656 K)]2024-07-27T21:38:16.086+0800: 5.139: [Rescan (parallel) , 0.0009933 secs]2024-07-27T21:38:16.088+0800: 5.140: [weak refs processing, 0.0000126 secs]2024-07-27T21:38:16.088+0800: 5.140: [class unloading, 0.0001901 secs]2024-07-27T21:38:16.088+0800: 5.140: [scrub symbol table, 0.0003498 secs]2024-07-27T21:38:16.088+0800: 5.141: [scrub string table, 0.0000995 secs][1 CMS-remark: 302735K(456776K)] 315391K(535432K), 0.0017118 secs] [Times: user=0.00 sys=0.00, real=0.00 secs] 
2024-07-27T21:38:16.088+0800: 5.141: Total time for which application threads were stopped: 0.0018294 seconds, Stopping threads took: 0.0000802 seconds
2024-07-27T21:38:16.088+0800: 5.141: [CMS-concurrent-sweep-start]
2024-07-27T21:38:16.089+0800: 5.143: [CMS-concurrent-sweep: 0.001/0.001 secs] [Times: user=0.00 sys=0.00, real=0.00 secs] 
2024-07-27T21:38:16.090+0800: 5.143: [CMS-concurrent-reset-start]
2024-07-27T21:38:16.091+0800: 5.144: [CMS-concurrent-reset: 0.001/0.001 secs] [Times: user=0.00 sys=0.00, real=0.00 secs] 
2024-07-27T21:38:16.092+0800: 5.146: Application time: 0.0047010 seconds
2024-07-27T21:38:16.093+0800: 5.146: [GC (Allocation Failure) 2024-07-27T21:38:16.093+0800: 5.146: [ParNew: 77168K->8192K(78656K), 0.0120875 secs] 234494K->234126K(535432K), 0.0121351 secs] [Times: user=0.03 sys=0.00, real=0.01 secs] 
2024-07-27T21:38:16.105+0800: 5.158: Total time for which application threads were stopped: 0.0122318 seconds, Stopping threads took: 0.0000157 seconds
2024-07-27T21:38:16.105+0800: 5.158: Application time: 0.0002376 seconds
2024-07-27T21:38:16.105+0800: 5.158: [GC (CMS Initial Mark) [1 CMS-initial-mark: 225934K(456776K)] 237566K(535432K), 0.0007998 secs] [Times: user=0.00 sys=0.00, real=0.00 secs] 
2024-07-27T21:38:16.106+0800: 5.159: Total time for which application threads were stopped: 0.0010071 seconds, Stopping threads took: 0.0001581 seconds
2024-07-27T21:38:16.106+0800: 5.159: [CMS-concurrent-mark-start]
2024-07-27T21:38:16.108+0800: 5.161: [CMS-concurrent-mark: 0.002/0.002 secs] [Times: user=0.00 sys=0.00, real=0.00 secs] 
2024-07-27T21:38:16.108+0800: 5.161: [CMS-concurrent-preclean-start]
2024-07-27T21:38:16.108+0800: 5.161: [CMS-concurrent-preclean: 0.001/0.001 secs] [Times: user=0.00 sys=0.00, real=0.00 secs] 
2024-07-27T21:38:16.108+0800: 5.161: [CMS-concurrent-abortable-preclean-start]
2024-07-27T21:38:16.225+0800: 5.278: Application time: 0.1188019 seconds
2024-07-27T21:38:16.225+0800: 5.278: [GC (Allocation Failure) 2024-07-27T21:38:16.225+0800: 5.278: [ParNew: 77168K->8192K(78656K), 0.0117944 secs] 303103K->302735K(535432K), 0.0118950 secs] [Times: user=0.00 sys=0.00, real=0.01 secs] 
2024-07-27T21:38:16.237+0800: 5.290: Total time for which application threads were stopped: 0.0120086 seconds, Stopping threads took: 0.0000188 seconds
2024-07-27T21:38:16.348+0800: 5.401: Application time: 0.1110577 seconds
2024-07-27T21:38:16.348+0800: 5.401: [GC (Allocation Failure) 2024-07-27T21:38:16.348+0800: 5.401: [ParNew: 77168K->8192K(78656K), 0.0038258 secs] 371712K->314000K(535432K), 0.0038830 secs] [Times: user=0.00 sys=0.00, real=0.00 secs] 
2024-07-27T21:38:16.352+0800: 5.405: Total time for which application threads were stopped: 0.0039931 seconds, Stopping threads took: 0.0000201 seconds
2024-07-27T21:38:16.352+0800: 5.405: [CMS-concurrent-abortable-preclean: 0.005/0.244 secs] [Times: user=0.06 sys=0.00, real=0.24 secs] 
2024-07-27T21:38:16.352+0800: 5.405: Application time: 0.0002430 seconds
2024-07-27T21:38:16.352+0800: 5.405: [GC (CMS Final Remark) [YG occupancy: 12655 K (78656 K)]2024-07-27T21:38:16.352+0800: 5.405: [Rescan (parallel) , 0.0009470 secs]2024-07-27T21:38:16.354+0800: 5.406: [weak refs processing, 0.0000127 secs]2024-07-27T21:38:16.354+0800: 5.406: [class unloading, 0.0001742 secs]2024-07-27T21:38:16.354+0800: 5.406: [scrub symbol table, 0.0003408 secs]2024-07-27T21:38:16.354+0800: 5.407: [scrub string table, 0.0001167 secs][1 CMS-remark: 305808K(456776K)] 318463K(535432K), 0.0016537 secs] [Times: user=0.00 sys=0.00, real=0.00 secs] 
2024-07-27T21:38:16.354+0800: 5.407: Total time for which application threads were stopped: 0.0018480 seconds, Stopping threads took: 0.0001592 seconds
2024-07-27T21:38:16.354+0800: 5.407: [CMS-concurrent-sweep-start]
2024-07-27T21:38:16.355+0800: 5.409: [CMS-concurrent-sweep: 0.001/0.001 secs] [Times: user=0.00 sys=0.00, real=0.00 secs] 
2024-07-27T21:38:16.355+0800: 5.409: [CMS-concurrent-reset-start]
2024-07-27T21:38:16.358+0800: 5.410: [CMS-concurrent-reset: 0.001/0.001 secs] [Times: user=0.00 sys=0.00, real=0.00 secs] 
2024-07-27T21:38:16.359+0800: 5.412: Application time: 0.0047168 seconds
2024-07-27T21:38:16.359+0800: 5.412: [GC (Allocation Failure) 2024-07-27T21:38:16.359+0800: 5.412: [ParNew: 77168K->8192K(78656K), 0.0121816 secs] 236542K->236174K(535432K), 0.0122315 secs] [Times: user=0.03 sys=0.00, real=0.01 secs] 
2024-07-27T21:38:16.371+0800: 5.424: Total time for which application threads were stopped: 0.0123249 seconds, Stopping threads took: 0.0000122 seconds
2024-07-27T21:38:16.371+0800: 5.424: Application time: 0.0002517 seconds
2024-07-27T21:38:16.371+0800: 5.424: [GC (CMS Initial Mark) [1 CMS-initial-mark: 227982K(456776K)] 239614K(535432K), 0.0007970 secs] [Times: user=0.00 sys=0.00, real=0.00 secs] 
2024-07-27T21:38:16.373+0800: 5.425: Total time for which application threads were stopped: 0.0009181 seconds, Stopping threads took: 0.0000753 seconds
2024-07-27T21:38:16.373+0800: 5.425: [CMS-concurrent-mark-start]
2024-07-27T21:38:16.374+0800: 5.427: [CMS-concurrent-mark: 0.001/0.001 secs] [Times: user=0.00 sys=0.00, real=0.00 secs] 
2024-07-27T21:38:16.374+0800: 5.427: [CMS-concurrent-preclean-start]
2024-07-27T21:38:16.375+0800: 5.427: [CMS-concurrent-preclean: 0.001/0.001 secs] [Times: user=0.00 sys=0.00, real=0.00 secs] 
2024-07-27T21:38:16.375+0800: 5.427: [CMS-concurrent-abortable-preclean-start]
2024-07-27T21:38:16.492+0800: 5.544: Application time: 0.1191767 seconds
2024-07-27T21:38:16.492+0800: 5.544: [GC (Allocation Failure) 2024-07-27T21:38:16.492+0800: 5.544: [ParNew: 77168K->8192K(78656K), 0.0116699 secs] 305151K->304784K(535432K), 0.0117404 secs] [Times: user=0.00 sys=0.00, real=0.01 secs] 
2024-07-27T21:38:16.504+0800: 5.556: Total time for which application threads were stopped: 0.0118754 seconds, Stopping threads took: 0.0000170 seconds
2024-07-27T21:38:16.616+0800: 5.668: Application time: 0.1117254 seconds
2024-07-27T21:38:16.616+0800: 5.668: [GC (Allocation Failure) 2024-07-27T21:38:16.616+0800: 5.668: [ParNew: 77168K->8192K(78656K), 0.0041521 secs] 373760K->317072K(535432K), 0.0042145 secs] [Times: user=0.00 sys=0.00, real=0.00 secs] 
2024-07-27T21:38:16.620+0800: 5.672: Total time for which application threads were stopped: 0.0043228 seconds, Stopping threads took: 0.0000183 seconds
2024-07-27T21:38:16.620+0800: 5.672: [CMS-concurrent-abortable-preclean: 0.006/0.245 secs] [Times: user=0.06 sys=0.00, real=0.24 secs] 
2024-07-27T21:38:16.620+0800: 5.673: Application time: 0.0004660 seconds
2024-07-27T21:38:16.620+0800: 5.673: [GC (CMS Final Remark) [YG occupancy: 14703 K (78656 K)]2024-07-27T21:38:16.620+0800: 5.673: [Rescan (parallel) , 0.0010393 secs]2024-07-27T21:38:16.622+0800: 5.674: [weak refs processing, 0.0000144 secs]2024-07-27T21:38:16.622+0800: 5.674: [class unloading, 0.0001730 secs]2024-07-27T21:38:16.622+0800: 5.674: [scrub symbol table, 0.0003123 secs]2024-07-27T21:38:16.622+0800: 5.674: [scrub string table, 0.0000912 secs][1 CMS-remark: 308880K(456776K)] 323583K(535432K), 0.0016987 secs] [Times: user=0.00 sys=0.00, real=0.00 secs] 
2024-07-27T21:38:16.622+0800: 5.675: Total time for which application threads were stopped: 0.0018137 seconds, Stopping threads took: 0.0000695 seconds
2024-07-27T21:38:16.622+0800: 5.675: [CMS-concurrent-sweep-start]
2024-07-27T21:38:16.623+0800: 5.676: [CMS-concurrent-sweep: 0.001/0.001 secs] [Times: user=0.00 sys=0.00, real=0.00 secs] 
2024-07-27T21:38:16.624+0800: 5.676: [CMS-concurrent-reset-start]
2024-07-27T21:38:16.625+0800: 5.677: [CMS-concurrent-reset: 0.001/0.001 secs] [Times: user=0.00 sys=0.00, real=0.00 secs] 
2024-07-27T21:38:16.627+0800: 5.679: Application time: 0.0046365 seconds
2024-07-27T21:38:16.627+0800: 5.679: [GC (Allocation Failure) 2024-07-27T21:38:16.627+0800: 5.679: [ParNew: 77168K->8192K(78656K), 0.0148855 secs] 238590K->238223K(535432K), 0.0149322 secs] [Times: user=0.03 sys=0.00, real=0.01 secs] 
2024-07-27T21:38:16.641+0800: 5.694: Total time for which application threads were stopped: 0.0150272 seconds, Stopping threads took: 0.0000127 seconds
2024-07-27T21:38:16.642+0800: 5.695: Application time: 0.0002474 seconds
2024-07-27T21:38:16.642+0800: 5.695: [GC (CMS Initial Mark) [1 CMS-initial-mark: 230030K(456776K)] 241662K(535432K), 0.0007791 secs] [Times: user=0.00 sys=0.00, real=0.00 secs] 
2024-07-27T21:38:16.643+0800: 5.696: Total time for which application threads were stopped: 0.0009895 seconds, Stopping threads took: 0.0001640 seconds
2024-07-27T21:38:16.643+0800: 5.696: [CMS-concurrent-mark-start]
2024-07-27T21:38:16.644+0800: 5.697: [CMS-concurrent-mark: 0.001/0.001 secs] [Times: user=0.00 sys=0.00, real=0.00 secs] 
2024-07-27T21:38:16.644+0800: 5.697: [CMS-concurrent-preclean-start]
2024-07-27T21:38:16.645+0800: 5.698: [CMS-concurrent-preclean: 0.001/0.001 secs] [Times: user=0.01 sys=0.00, real=0.00 secs] 
2024-07-27T21:38:16.645+0800: 5.698: [CMS-concurrent-abortable-preclean-start]
2024-07-27T21:38:16.758+0800: 5.811: Application time: 0.1154421 seconds
2024-07-27T21:38:16.759+0800: 5.811: [GC (Allocation Failure) 2024-07-27T21:38:16.759+0800: 5.811: [ParNew: 77168K->8192K(78656K), 0.0119973 secs] 307199K->306832K(535432K), 0.0120666 secs] [Times: user=0.02 sys=0.00, real=0.01 secs] 
2024-07-27T21:38:16.771+0800: 5.823: Total time for which application threads were stopped: 0.0121804 seconds, Stopping threads took: 0.0000232 seconds
2024-07-27T21:38:16.882+0800: 5.935: Application time: 0.1118765 seconds
2024-07-27T21:38:16.883+0800: 5.935: [GC (Allocation Failure) 2024-07-27T21:38:16.883+0800: 5.935: [ParNew: 77168K->8192K(78656K), 0.0048019 secs] 375808K->320144K(535432K), 0.0048596 secs] [Times: user=0.00 sys=0.00, real=0.00 secs] 
2024-07-27T21:38:16.887+0800: 5.940: Total time for which application threads were stopped: 0.0049708 seconds, Stopping threads took: 0.0000231 seconds
2024-07-27T21:38:16.888+0800: 5.940: [CMS-concurrent-abortable-preclean: 0.005/0.242 secs] [Times: user=0.02 sys=0.00, real=0.24 secs] 
2024-07-27T21:38:16.888+0800: 5.940: Application time: 0.0002964 seconds
2024-07-27T21:38:16.888+0800: 5.940: [GC (CMS Final Remark) [YG occupancy: 12655 K (78656 K)]2024-07-27T21:38:16.888+0800: 5.940: [Rescan (parallel) , 0.0009843 secs]2024-07-27T21:38:16.889+0800: 5.941: [weak refs processing, 0.0000130 secs]2024-07-27T21:38:16.889+0800: 5.941: [class unloading, 0.0001751 secs]2024-07-27T21:38:16.889+0800: 5.942: [scrub symbol table, 0.0003439 secs]2024-07-27T21:38:16.889+0800: 5.942: [scrub string table, 0.0001205 secs][1 CMS-remark: 311952K(456776K)] 324607K(535432K), 0.0016993 secs] [Times: user=0.00 sys=0.00, real=0.00 secs] 
2024-07-27T21:38:16.890+0800: 5.942: Total time for which application threads were stopped: 0.0018190 seconds, Stopping threads took: 0.0000836 seconds
2024-07-27T21:38:16.890+0800: 5.942: [CMS-concurrent-sweep-start]
2024-07-27T21:38:16.891+0800: 5.944: [CMS-concurrent-sweep: 0.001/0.001 secs] [Times: user=0.00 sys=0.00, real=0.00 secs] 
2024-07-27T21:38:16.891+0800: 5.944: [CMS-concurrent-reset-start]
2024-07-27T21:38:16.892+0800: 5.945: [CMS-concurrent-reset: 0.001/0.001 secs] [Times: user=0.00 sys=0.00, real=0.00 secs] 
2024-07-27T21:38:16.894+0800: 5.947: Application time: 0.0048804 seconds
2024-07-27T21:38:16.895+0800: 5.947: [GC (Allocation Failure) 2024-07-27T21:38:16.895+0800: 5.947: [ParNew: 77168K->8192K(78656K), 0.0121842 secs] 240638K->240271K(535432K), 0.0122320 secs] [Times: user=0.03 sys=0.00, real=0.01 secs] 
2024-07-27T21:38:16.907+0800: 5.959: Total time for which application threads were stopped: 0.0123418 seconds, Stopping threads took: 0.0000167 seconds
2024-07-27T21:38:16.907+0800: 5.960: Application time: 0.0002228 seconds
2024-07-27T21:38:16.907+0800: 5.960: [GC (CMS Initial Mark) [1 CMS-initial-mark: 232078K(456776K)] 243710K(535432K), 0.0006940 secs] [Times: user=0.00 sys=0.00, real=0.00 secs] 
2024-07-27T21:38:16.908+0800: 5.960: Total time for which application threads were stopped: 0.0008119 seconds, Stopping threads took: 0.0000767 seconds
2024-07-27T21:38:16.908+0800: 5.960: [CMS-concurrent-mark-start]
2024-07-27T21:38:16.909+0800: 5.962: [CMS-concurrent-mark: 0.001/0.001 secs] [Times: user=0.00 sys=0.00, real=0.00 secs] 
2024-07-27T21:38:16.910+0800: 5.962: [CMS-concurrent-preclean-start]
2024-07-27T21:38:16.910+0800: 5.963: [CMS-concurrent-preclean: 0.001/0.001 secs] [Times: user=0.00 sys=0.00, real=0.00 secs] 
2024-07-27T21:38:16.910+0800: 5.963: [CMS-concurrent-abortable-preclean-start]
2024-07-27T21:38:17.026+0800: 6.079: Application time: 0.1184555 seconds
2024-07-27T21:38:17.026+0800: 6.079: [GC (Allocation Failure) 2024-07-27T21:38:17.026+0800: 6.079: [ParNew: 77168K->8192K(78656K), 0.0117593 secs] 309247K->308880K(535432K), 0.0118330 secs] [Times: user=0.03 sys=0.00, real=0.01 secs] 
2024-07-27T21:38:17.038+0800: 6.091: Total time for which application threads were stopped: 0.0119413 seconds, Stopping threads took: 0.0000184 seconds
2024-07-27T21:38:17.151+0800: 6.204: Application time: 0.1129000 seconds
2024-07-27T21:38:17.151+0800: 6.204: [GC (Allocation Failure) 2024-07-27T21:38:17.151+0800: 6.204: [ParNew: 77168K->8192K(78656K), 0.0042247 secs] 377856K->323216K(535432K), 0.0042824 secs] [Times: user=0.00 sys=0.00, real=0.00 secs] 
2024-07-27T21:38:17.155+0800: 6.208: Total time for which application threads were stopped: 0.0043906 seconds, Stopping threads took: 0.0000194 seconds
2024-07-27T21:38:17.155+0800: 6.208: [CMS-concurrent-abortable-preclean: 0.005/0.246 secs] [Times: user=0.05 sys=0.00, real=0.24 secs] 
2024-07-27T21:38:17.155+0800: 6.208: Application time: 0.0002934 seconds
2024-07-27T21:38:17.156+0800: 6.209: [GC (CMS Final Remark) [YG occupancy: 12655 K (78656 K)]2024-07-27T21:38:17.156+0800: 6.209: [Rescan (parallel) , 0.0006754 secs]2024-07-27T21:38:17.156+0800: 6.209: [weak refs processing, 0.0000126 secs]2024-07-27T21:38:17.156+0800: 6.209: [class unloading, 0.0001806 secs]2024-07-27T21:38:17.157+0800: 6.209: [scrub symbol table, 0.0003541 secs]2024-07-27T21:38:17.157+0800: 6.210: [scrub string table, 0.0000997 secs][1 CMS-remark: 315024K(456776K)] 327679K(535432K), 0.0013851 secs] [Times: user=0.00 sys=0.00, real=0.00 secs] 
2024-07-27T21:38:17.157+0800: 6.210: Total time for which application threads were stopped: 0.0015394 seconds, Stopping threads took: 0.0001189 seconds
2024-07-27T21:38:17.157+0800: 6.210: [CMS-concurrent-sweep-start]
2024-07-27T21:38:17.159+0800: 6.212: [CMS-concurrent-sweep: 0.002/0.002 secs] [Times: user=0.00 sys=0.00, real=0.00 secs] 
2024-07-27T21:38:17.159+0800: 6.212: [CMS-concurrent-reset-start]
2024-07-27T21:38:17.160+0800: 6.213: [CMS-concurrent-reset: 0.001/0.001 secs] [Times: user=0.00 sys=0.00, real=0.00 secs] 
2024-07-27T21:38:17.162+0800: 6.215: Application time: 0.0046793 seconds
2024-07-27T21:38:17.162+0800: 6.215: [GC (Allocation Failure) 2024-07-27T21:38:17.162+0800: 6.215: [ParNew: 77168K->8192K(78656K), 0.0119713 secs] 242686K->242319K(535432K), 0.0120376 secs] [Times: user=0.00 sys=0.00, real=0.01 secs] 
2024-07-27T21:38:17.174+0800: 6.227: Total time for which application threads were stopped: 0.0121331 seconds, Stopping threads took: 0.0000125 seconds
2024-07-27T21:38:17.174+0800: 6.227: Application time: 0.0000995 seconds
2024-07-27T21:38:17.174+0800: 6.227: [GC (CMS Initial Mark) [1 CMS-initial-mark: 234126K(456776K)] 245758K(535432K), 0.0007643 secs] [Times: user=0.00 sys=0.00, real=0.00 secs] 
2024-07-27T21:38:17.175+0800: 6.228: Total time for which application threads were stopped: 0.0008907 seconds, Stopping threads took: 0.0000847 seconds
2024-07-27T21:38:17.175+0800: 6.228: [CMS-concurrent-mark-start]
2024-07-27T21:38:17.176+0800: 6.229: [CMS-concurrent-mark: 0.001/0.001 secs] [Times: user=0.03 sys=0.00, real=0.00 secs] 
2024-07-27T21:38:17.176+0800: 6.229: [CMS-concurrent-preclean-start]
2024-07-27T21:38:17.177+0800: 6.230: [CMS-concurrent-preclean: 0.001/0.001 secs] [Times: user=0.00 sys=0.00, real=0.00 secs] 
2024-07-27T21:38:17.177+0800: 6.230: [CMS-concurrent-abortable-preclean-start]
2024-07-27T21:38:17.294+0800: 6.347: Application time: 0.1196171 seconds
2024-07-27T21:38:17.294+0800: 6.347: [GC (Allocation Failure) 2024-07-27T21:38:17.294+0800: 6.347: [ParNew: 77168K->8192K(78656K), 0.0119494 secs] 311295K->310928K(535432K), 0.0120557 secs] [Times: user=0.03 sys=0.00, real=0.01 secs] 
2024-07-27T21:38:17.307+0800: 6.360: Total time for which application threads were stopped: 0.0121723 seconds, Stopping threads took: 0.0000189 seconds
2024-07-27T21:38:17.418+0800: 6.470: Application time: 0.1107885 seconds
2024-07-27T21:38:17.418+0800: 6.470: [GC (Allocation Failure) 2024-07-27T21:38:17.418+0800: 6.470: [ParNew: 77168K->8192K(78656K), 0.0043818 secs] 379904K->326288K(535432K), 0.0044413 secs] [Times: user=0.00 sys=0.00, real=0.00 secs] 
2024-07-27T21:38:17.422+0800: 6.475: Total time for which application threads were stopped: 0.0045503 seconds, Stopping threads took: 0.0000203 seconds
2024-07-27T21:38:17.422+0800: 6.475: [CMS-concurrent-abortable-preclean: 0.005/0.245 secs] [Times: user=0.03 sys=0.00, real=0.24 secs] 
2024-07-27T21:38:17.423+0800: 6.475: Application time: 0.0003319 seconds
2024-07-27T21:38:17.423+0800: 6.475: [GC (CMS Final Remark) [YG occupancy: 13679 K (78656 K)]2024-07-27T21:38:17.423+0800: 6.475: [Rescan (parallel) , 0.0010163 secs]2024-07-27T21:38:17.424+0800: 6.476: [weak refs processing, 0.0000131 secs]2024-07-27T21:38:17.424+0800: 6.476: [class unloading, 0.0001651 secs]2024-07-27T21:38:17.424+0800: 6.477: [scrub symbol table, 0.0003125 secs]2024-07-27T21:38:17.424+0800: 6.477: [scrub string table, 0.0000913 secs][1 CMS-remark: 318096K(456776K)] 331776K(535432K), 0.0016604 secs] [Times: user=0.00 sys=0.00, real=0.00 secs] 
2024-07-27T21:38:17.424+0800: 6.477: Total time for which application threads were stopped: 0.0018464 seconds, Stopping threads took: 0.0001511 seconds
2024-07-27T21:38:17.425+0800: 6.477: [CMS-concurrent-sweep-start]
2024-07-27T21:38:17.426+0800: 6.479: [CMS-concurrent-sweep: 0.001/0.001 secs] [Times: user=0.00 sys=0.00, real=0.00 secs] 
2024-07-27T21:38:17.426+0800: 6.479: [CMS-concurrent-reset-start]
2024-07-27T21:38:17.428+0800: 6.480: [CMS-concurrent-reset: 0.001/0.001 secs] [Times: user=0.03 sys=0.00, real=0.00 secs] 
2024-07-27T21:38:17.429+0800: 6.482: Application time: 0.0046290 seconds
2024-07-27T21:38:17.429+0800: 6.482: [GC (Allocation Failure) 2024-07-27T21:38:17.429+0800: 6.482: [ParNew: 77168K->8192K(78656K), 0.0120664 secs] 244734K->244367K(535432K), 0.0121135 secs] [Times: user=0.00 sys=0.00, real=0.01 secs] 
2024-07-27T21:38:17.441+0800: 6.494: Total time for which application threads were stopped: 0.0122052 seconds, Stopping threads took: 0.0000123 seconds
2024-07-27T21:38:17.442+0800: 6.494: Application time: 0.0001603 seconds
2024-07-27T21:38:17.442+0800: 6.494: [GC (CMS Initial Mark) [1 CMS-initial-mark: 236174K(456776K)] 247806K(535432K), 0.0008151 secs] [Times: user=0.02 sys=0.00, real=0.00 secs] 
2024-07-27T21:38:17.443+0800: 6.495: Total time for which application threads were stopped: 0.0010141 seconds, Stopping threads took: 0.0001562 seconds
2024-07-27T21:38:17.443+0800: 6.495: [CMS-concurrent-mark-start]
2024-07-27T21:38:17.444+0800: 6.497: [CMS-concurrent-mark: 0.001/0.001 secs] [Times: user=0.00 sys=0.00, real=0.00 secs] 
2024-07-27T21:38:17.444+0800: 6.497: [CMS-concurrent-preclean-start]
2024-07-27T21:38:17.445+0800: 6.497: [CMS-concurrent-preclean: 0.001/0.001 secs] [Times: user=0.00 sys=0.00, real=0.00 secs] 
2024-07-27T21:38:17.445+0800: 6.497: [CMS-concurrent-abortable-preclean-start]
2024-07-27T21:38:17.561+0800: 6.614: Application time: 0.1187958 seconds
2024-07-27T21:38:17.561+0800: 6.614: [GC (Allocation Failure) 2024-07-27T21:38:17.561+0800: 6.614: [ParNew: 77168K->8192K(78656K), 0.0116507 secs] 313343K->312976K(535432K), 0.0117239 secs] [Times: user=0.03 sys=0.00, real=0.01 secs] 
2024-07-27T21:38:17.573+0800: 6.626: Total time for which application threads were stopped: 0.0118405 seconds, Stopping threads took: 0.0000216 seconds
2024-07-27T21:38:17.683+0800: 6.736: Application time: 0.1104189 seconds
2024-07-27T21:38:17.683+0800: 6.736: [GC (Allocation Failure) 2024-07-27T21:38:17.683+0800: 6.736: [ParNew: 77168K->8192K(78656K), 0.0048133 secs] 381952K->329360K(535432K), 0.0049197 secs] [Times: user=0.00 sys=0.00, real=0.00 secs] 
2024-07-27T21:38:17.688+0800: 6.741: Total time for which application threads were stopped: 0.0050541 seconds, Stopping threads took: 0.0000330 seconds
2024-07-27T21:38:17.688+0800: 6.741: [CMS-concurrent-abortable-preclean: 0.005/0.244 secs] [Times: user=0.03 sys=0.00, real=0.24 secs] 
2024-07-27T21:38:17.688+0800: 6.741: Application time: 0.0003034 seconds
2024-07-27T21:38:17.688+0800: 6.742: [GC (CMS Final Remark) [YG occupancy: 12655 K (78656 K)]2024-07-27T21:38:17.688+0800: 6.742: [Rescan (parallel) , 0.0008829 secs]2024-07-27T21:38:17.690+0800: 6.743: [weak refs processing, 0.0000129 secs]2024-07-27T21:38:17.690+0800: 6.743: [class unloading, 0.0001974 secs]2024-07-27T21:38:17.690+0800: 6.743: [scrub symbol table, 0.0003494 secs]2024-07-27T21:38:17.690+0800: 6.743: [scrub string table, 0.0001002 secs][1 CMS-remark: 321168K(456776K)] 333824K(535432K), 0.0016047 secs] [Times: user=0.00 sys=0.00, real=0.00 secs] 
2024-07-27T21:38:17.690+0800: 6.743: Total time for which application threads were stopped: 0.0017249 seconds, Stopping threads took: 0.0000859 seconds
2024-07-27T21:38:17.690+0800: 6.743: [CMS-concurrent-sweep-start]
2024-07-27T21:38:17.692+0800: 6.745: [CMS-concurrent-sweep: 0.002/0.002 secs] [Times: user=0.03 sys=0.00, real=0.00 secs] 
2024-07-27T21:38:17.692+0800: 6.745: [CMS-concurrent-reset-start]
2024-07-27T21:38:17.693+0800: 6.746: [CMS-concurrent-reset: 0.001/0.001 secs] [Times: user=0.00 sys=0.00, real=0.00 secs] 
2024-07-27T21:38:17.695+0800: 6.748: Application time: 0.0048864 seconds
2024-07-27T21:38:17.695+0800: 6.748: [GC (Allocation Failure) 2024-07-27T21:38:17.695+0800: 6.748: [ParNew: 77168K->8192K(78656K), 0.0125432 secs] 246782K->246415K(535432K), 0.0125963 secs] [Times: user=0.03 sys=0.00, real=0.01 secs] 
2024-07-27T21:38:17.708+0800: 6.761: Total time for which application threads were stopped: 0.0126896 seconds, Stopping threads took: 0.0000132 seconds
2024-07-27T21:38:17.708+0800: 6.761: Application time: 0.0001768 seconds
2024-07-27T21:38:17.708+0800: 6.761: [GC (CMS Initial Mark) [1 CMS-initial-mark: 238223K(456776K)] 249854K(535432K), 0.0007363 secs] [Times: user=0.00 sys=0.00, real=0.00 secs] 
2024-07-27T21:38:17.709+0800: 6.762: Total time for which application threads were stopped: 0.0009191 seconds, Stopping threads took: 0.0001405 seconds
2024-07-27T21:38:17.709+0800: 6.762: [CMS-concurrent-mark-start]
2024-07-27T21:38:17.710+0800: 6.763: [CMS-concurrent-mark: 0.001/0.001 secs] [Times: user=0.00 sys=0.00, real=0.00 secs] 
2024-07-27T21:38:17.710+0800: 6.763: [CMS-concurrent-preclean-start]
2024-07-27T21:38:17.711+0800: 6.764: [CMS-concurrent-preclean: 0.001/0.001 secs] [Times: user=0.00 sys=0.00, real=0.00 secs] 
2024-07-27T21:38:17.711+0800: 6.764: [CMS-concurrent-abortable-preclean-start]
2024-07-27T21:38:17.825+0800: 6.878: Application time: 0.1160613 seconds
2024-07-27T21:38:17.825+0800: 6.878: [GC (Allocation Failure) 2024-07-27T21:38:17.825+0800: 6.878: [ParNew: 77168K->8192K(78656K), 0.0119184 secs] 315391K->315024K(535432K), 0.0119752 secs] [Times: user=0.03 sys=0.00, real=0.01 secs] 
2024-07-27T21:38:17.838+0800: 6.890: Total time for which application threads were stopped: 0.0120904 seconds, Stopping threads took: 0.0000198 seconds
2024-07-27T21:38:17.950+0800: 7.002: Application time: 0.1121174 seconds
2024-07-27T21:38:17.950+0800: 7.002: [GC (Allocation Failure) 2024-07-27T21:38:17.950+0800: 7.002: [ParNew: 77168K->8192K(78656K), 0.0048798 secs] 384000K->332432K(535432K), 0.0049388 secs] [Times: user=0.00 sys=0.00, real=0.00 secs] 
2024-07-27T21:38:17.955+0800: 7.007: Total time for which application threads were stopped: 0.0050462 seconds, Stopping threads took: 0.0000196 seconds
2024-07-27T21:38:17.955+0800: 7.007: [CMS-concurrent-abortable-preclean: 0.005/0.243 secs] [Times: user=0.03 sys=0.00, real=0.24 secs] 
2024-07-27T21:38:17.955+0800: 7.008: Application time: 0.0002803 seconds
2024-07-27T21:38:17.955+0800: 7.008: [GC (CMS Final Remark) [YG occupancy: 11631 K (78656 K)]2024-07-27T21:38:17.955+0800: 7.008: [Rescan (parallel) , 0.0006985 secs]2024-07-27T21:38:17.956+0800: 7.008: [weak refs processing, 0.0000128 secs]2024-07-27T21:38:17.956+0800: 7.008: [class unloading, 0.0001767 secs]2024-07-27T21:38:17.956+0800: 7.009: [scrub symbol table, 0.0003493 secs]2024-07-27T21:38:17.957+0800: 7.009: [scrub string table, 0.0001130 secs][1 CMS-remark: 324240K(456776K)] 335872K(535432K), 0.0014639 secs] [Times: user=0.00 sys=0.00, real=0.00 secs] 
2024-07-27T21:38:17.957+0800: 7.009: Total time for which application threads were stopped: 0.0016196 seconds, Stopping threads took: 0.0001197 seconds
2024-07-27T21:38:17.957+0800: 7.009: [CMS-concurrent-sweep-start]
2024-07-27T21:38:17.958+0800: 7.011: [CMS-concurrent-sweep: 0.002/0.002 secs] [Times: user=0.03 sys=0.00, real=0.00 secs] 
2024-07-27T21:38:17.959+0800: 7.011: [CMS-concurrent-reset-start]
2024-07-27T21:38:17.960+0800: 7.012: [CMS-concurrent-reset: 0.001/0.001 secs] [Times: user=0.00 sys=0.00, real=0.00 secs] 
2024-07-27T21:38:17.962+0800: 7.014: Application time: 0.0048603 seconds
2024-07-27T21:38:17.962+0800: 7.014: [GC (Allocation Failure) 2024-07-27T21:38:17.962+0800: 7.014: [ParNew: 77168K->8192K(78656K), 0.0124128 secs] 248830K->248463K(535432K), 0.0124613 secs] [Times: user=0.00 sys=0.02, real=0.01 secs] 
2024-07-27T21:38:17.974+0800: 7.027: Total time for which application threads were stopped: 0.0125553 seconds, Stopping threads took: 0.0000122 seconds
2024-07-27T21:38:17.974+0800: 7.027: Application time: 0.0002691 seconds
2024-07-27T21:38:17.974+0800: 7.027: [GC (CMS Initial Mark) [1 CMS-initial-mark: 240271K(456776K)] 251902K(535432K), 0.0008382 secs] [Times: user=0.00 sys=0.00, real=0.00 secs] 
2024-07-27T21:38:17.975+0800: 7.028: Total time for which application threads were stopped: 0.0010291 seconds, Stopping threads took: 0.0001489 seconds
2024-07-27T21:38:17.975+0800: 7.028: [CMS-concurrent-mark-start]
2024-07-27T21:38:17.976+0800: 7.029: [CMS-concurrent-mark: 0.001/0.001 secs] [Times: user=0.00 sys=0.00, real=0.00 secs] 
2024-07-27T21:38:17.976+0800: 7.029: [CMS-concurrent-preclean-start]
2024-07-27T21:38:17.977+0800: 7.030: [CMS-concurrent-preclean: 0.001/0.001 secs] [Times: user=0.00 sys=0.00, real=0.00 secs] 
2024-07-27T21:38:17.977+0800: 7.030: [CMS-concurrent-abortable-preclean-start]
2024-07-27T21:38:18.094+0800: 7.147: Application time: 0.1189876 seconds
2024-07-27T21:38:18.094+0800: 7.147: [GC (Allocation Failure) 2024-07-27T21:38:18.094+0800: 7.147: [ParNew: 77168K->8200K(78656K), 0.0120816 secs] 317439K->317080K(535432K), 0.0121442 secs] [Times: user=0.03 sys=0.00, real=0.01 secs] 
2024-07-27T21:38:18.107+0800: 7.159: Total time for which application threads were stopped: 0.0122833 seconds, Stopping threads took: 0.0000234 seconds
2024-07-27T21:38:18.216+0800: 7.269: Application time: 0.1102143 seconds
2024-07-27T21:38:18.216+0800: 7.269: [GC (Allocation Failure) 2024-07-27T21:38:18.216+0800: 7.269: [ParNew: 77176K->8192K(78656K), 0.0047761 secs] 386056K->335504K(535432K), 0.0048450 secs] [Times: user=0.00 sys=0.00, real=0.00 secs] 
2024-07-27T21:38:18.221+0800: 7.274: Total time for which application threads were stopped: 0.0049662 seconds, Stopping threads took: 0.0000189 seconds
2024-07-27T21:38:18.221+0800: 7.274: [CMS-concurrent-abortable-preclean: 0.005/0.245 secs] [Times: user=0.03 sys=0.00, real=0.24 secs] 
2024-07-27T21:38:18.221+0800: 7.275: Application time: 0.0003161 seconds
2024-07-27T21:38:18.221+0800: 7.275: [GC (CMS Final Remark) [YG occupancy: 12655 K (78656 K)]2024-07-27T21:38:18.221+0800: 7.275: [Rescan (parallel) , 0.0009915 secs]2024-07-27T21:38:18.222+0800: 7.276: [weak refs processing, 0.0000135 secs]2024-07-27T21:38:18.222+0800: 7.276: [class unloading, 0.0001832 secs]2024-07-27T21:38:18.223+0800: 7.276: [scrub symbol table, 0.0003325 secs]2024-07-27T21:38:18.223+0800: 7.276: [scrub string table, 0.0001144 secs][1 CMS-remark: 327312K(456776K)] 339968K(535432K), 0.0016995 secs] [Times: user=0.02 sys=0.00, real=0.00 secs] 
2024-07-27T21:38:18.223+0800: 7.277: Total time for which application threads were stopped: 0.0019154 seconds, Stopping threads took: 0.0001234 seconds
2024-07-27T21:38:18.223+0800: 7.277: [CMS-concurrent-sweep-start]
2024-07-27T21:38:18.226+0800: 7.278: [CMS-concurrent-sweep: 0.001/0.001 secs] [Times: user=0.00 sys=0.00, real=0.00 secs] 
2024-07-27T21:38:18.226+0800: 7.278: [CMS-concurrent-reset-start]
2024-07-27T21:38:18.227+0800: 7.280: [CMS-concurrent-reset: 0.001/0.001 secs] [Times: user=0.00 sys=0.00, real=0.00 secs] 
2024-07-27T21:38:18.229+0800: 7.281: Application time: 0.0047195 seconds
2024-07-27T21:38:18.229+0800: 7.281: [GC (Allocation Failure) 2024-07-27T21:38:18.229+0800: 7.281: [ParNew: 77168K->8192K(78656K), 0.0122735 secs] 250879K->250511K(535432K), 0.0123361 secs] [Times: user=0.03 sys=0.00, real=0.01 secs] 
2024-07-27T21:38:18.241+0800: 7.294: Total time for which application threads were stopped: 0.0124288 seconds, Stopping threads took: 0.0000120 seconds
2024-07-27T21:38:18.241+0800: 7.294: Application time: 0.0002138 seconds
2024-07-27T21:38:18.242+0800: 7.294: [GC (CMS Initial Mark) [1 CMS-initial-mark: 242319K(456776K)] 253951K(535432K), 0.0007662 secs] [Times: user=0.00 sys=0.00, real=0.00 secs] 
2024-07-27T21:38:18.242+0800: 7.295: Total time for which application threads were stopped: 0.0008947 seconds, Stopping threads took: 0.0000877 seconds
2024-07-27T21:38:18.242+0800: 7.295: [CMS-concurrent-mark-start]
2024-07-27T21:38:18.243+0800: 7.296: [CMS-concurrent-mark: 0.001/0.001 secs] [Times: user=0.00 sys=0.00, real=0.00 secs] 
2024-07-27T21:38:18.243+0800: 7.296: [CMS-concurrent-preclean-start]
2024-07-27T21:38:18.243+0800: 7.297: [CMS-concurrent-preclean: 0.001/0.001 secs] [Times: user=0.00 sys=0.00, real=0.00 secs] 
2024-07-27T21:38:18.243+0800: 7.297: [CMS-concurrent-abortable-preclean-start]
2024-07-27T21:38:18.362+0800: 7.414: Application time: 0.1196150 seconds
2024-07-27T21:38:18.362+0800: 7.415: [GC (Allocation Failure) 2024-07-27T21:38:18.362+0800: 7.415: [ParNew: 77168K->8192K(78656K), 0.0116528 secs] 319488K->319120K(535432K), 0.0117284 secs] [Times: user=0.03 sys=0.00, real=0.01 secs] 
2024-07-27T21:38:18.374+0800: 7.426: Total time for which application threads were stopped: 0.0118638 seconds, Stopping threads took: 0.0000189 seconds
2024-07-27T21:38:18.486+0800: 7.538: Application time: 0.1121166 seconds
2024-07-27T21:38:18.486+0800: 7.538: [GC (Allocation Failure) 2024-07-27T21:38:18.486+0800: 7.539: [ParNew: 77168K->8192K(78656K), 0.0050277 secs] 388097K->338577K(535432K), 0.0050997 secs] [Times: user=0.03 sys=0.00, real=0.00 secs] 
2024-07-27T21:38:18.491+0800: 7.544: Total time for which application threads were stopped: 0.0052103 seconds, Stopping threads took: 0.0000180 seconds
2024-07-27T21:38:18.491+0800: 7.544: [CMS-concurrent-abortable-preclean: 0.005/0.247 secs] [Times: user=0.06 sys=0.00, real=0.25 secs] 
2024-07-27T21:38:18.491+0800: 7.544: Application time: 0.0003775 seconds
2024-07-27T21:38:18.491+0800: 7.544: [GC (CMS Final Remark) [YG occupancy: 13679 K (78656 K)]2024-07-27T21:38:18.491+0800: 7.544: [Rescan (parallel) , 0.0007261 secs]2024-07-27T21:38:18.492+0800: 7.545: [weak refs processing, 0.0000126 secs]2024-07-27T21:38:18.492+0800: 7.545: [class unloading, 0.0001805 secs]2024-07-27T21:38:18.493+0800: 7.545: [scrub symbol table, 0.0003298 secs]2024-07-27T21:38:18.493+0800: 7.545: [scrub string table, 0.0000996 secs][1 CMS-remark: 330384K(456776K)] 344064K(535432K), 0.0014150 secs] [Times: user=0.00 sys=0.00, real=0.00 secs] 
2024-07-27T21:38:18.493+0800: 7.546: Total time for which application threads were stopped: 0.0015997 seconds, Stopping threads took: 0.0001491 seconds
2024-07-27T21:38:18.493+0800: 7.546: [CMS-concurrent-sweep-start]
2024-07-27T21:38:18.495+0800: 7.547: [CMS-concurrent-sweep: 0.002/0.002 secs] [Times: user=0.00 sys=0.00, real=0.00 secs] 
2024-07-27T21:38:18.495+0800: 7.548: [CMS-concurrent-reset-start]
2024-07-27T21:38:18.497+0800: 7.549: [CMS-concurrent-reset: 0.001/0.001 secs] [Times: user=0.00 sys=0.00, real=0.00 secs] 
2024-07-27T21:38:18.498+0800: 7.550: Application time: 0.0047193 seconds
2024-07-27T21:38:18.498+0800: 7.550: [GC (Allocation Failure) 2024-07-27T21:38:18.498+0800: 7.550: [ParNew: 77168K->8192K(78656K), 0.0122168 secs] 252927K->252559K(535432K), 0.0122670 secs] [Times: user=0.03 sys=0.00, real=0.01 secs] 
2024-07-27T21:38:18.510+0800: 7.563: Total time for which application threads were stopped: 0.0123690 seconds, Stopping threads took: 0.0000126 seconds
2024-07-27T21:38:18.511+0800: 7.563: Application time: 0.0002713 seconds
2024-07-27T21:38:18.511+0800: 7.563: [GC (CMS Initial Mark) [1 CMS-initial-mark: 244367K(456776K)] 255999K(535432K), 0.0007669 secs] [Times: user=0.00 sys=0.00, real=0.00 secs] 
2024-07-27T21:38:18.511+0800: 7.564: Total time for which application threads were stopped: 0.0009683 seconds, Stopping threads took: 0.0001583 seconds
2024-07-27T21:38:18.511+0800: 7.564: [CMS-concurrent-mark-start]
2024-07-27T21:38:18.512+0800: 7.565: [CMS-concurrent-mark: 0.001/0.001 secs] [Times: user=0.00 sys=0.00, real=0.00 secs] 
2024-07-27T21:38:18.512+0800: 7.565: [CMS-concurrent-preclean-start]
2024-07-27T21:38:18.513+0800: 7.566: [CMS-concurrent-preclean: 0.001/0.001 secs] [Times: user=0.00 sys=0.00, real=0.00 secs] 
2024-07-27T21:38:18.513+0800: 7.566: [CMS-concurrent-abortable-preclean-start]
2024-07-27T21:38:18.630+0800: 7.683: Application time: 0.1192545 seconds
2024-07-27T21:38:18.630+0800: 7.683: [GC (Allocation Failure) 2024-07-27T21:38:18.630+0800: 7.683: [ParNew: 77168K->8192K(78656K), 0.0115925 secs] 321536K->321168K(535432K), 0.0116561 secs] [Times: user=0.00 sys=0.00, real=0.01 secs] 
2024-07-27T21:38:18.642+0800: 7.695: Total time for which application threads were stopped: 0.0117699 seconds, Stopping threads took: 0.0000194 seconds
2024-07-27T21:38:18.755+0800: 7.808: Application time: 0.1129645 seconds
2024-07-27T21:38:18.755+0800: 7.808: [GC (Allocation Failure) 2024-07-27T21:38:18.755+0800: 7.808: [ParNew: 77168K->8192K(78656K), 0.0051999 secs] 390145K->341649K(535432K), 0.0052575 secs] [Times: user=0.00 sys=0.00, real=0.00 secs] 
2024-07-27T21:38:18.760+0800: 7.813: Total time for which application threads were stopped: 0.0053737 seconds, Stopping threads took: 0.0000171 seconds
2024-07-27T21:38:18.760+0800: 7.813: [CMS-concurrent-abortable-preclean: 0.005/0.248 secs] [Times: user=0.03 sys=0.00, real=0.25 secs] 
2024-07-27T21:38:18.761+0800: 7.814: Application time: 0.0001710 seconds
2024-07-27T21:38:18.761+0800: 7.814: [GC (CMS Final Remark) [YG occupancy: 11631 K (78656 K)]2024-07-27T21:38:18.761+0800: 7.814: [Rescan (parallel) , 0.0009216 secs]2024-07-27T21:38:18.762+0800: 7.815: [weak refs processing, 0.0000129 secs]2024-07-27T21:38:18.762+0800: 7.815: [class unloading, 0.0001917 secs]2024-07-27T21:38:18.762+0800: 7.815: [scrub symbol table, 0.0003377 secs]2024-07-27T21:38:18.762+0800: 7.815: [scrub string table, 0.0001004 secs][1 CMS-remark: 333456K(456776K)] 345088K(535432K), 0.0016257 secs] [Times: user=0.00 sys=0.00, real=0.00 secs] 
2024-07-27T21:38:18.762+0800: 7.815: Total time for which application threads were stopped: 0.0017379 seconds, Stopping threads took: 0.0000772 seconds
2024-07-27T21:38:18.763+0800: 7.816: [CMS-concurrent-sweep-start]
2024-07-27T21:38:18.764+0800: 7.817: [CMS-concurrent-sweep: 0.001/0.001 secs] [Times: user=0.00 sys=0.00, real=0.00 secs] 
2024-07-27T21:38:18.764+0800: 7.817: [CMS-concurrent-reset-start]
2024-07-27T21:38:18.765+0800: 7.818: [CMS-concurrent-reset: 0.001/0.001 secs] [Times: user=0.00 sys=0.00, real=0.00 secs] 
2024-07-27T21:38:18.767+0800: 7.820: Application time: 0.0047750 seconds
2024-07-27T21:38:18.767+0800: 7.820: [GC (Allocation Failure) 2024-07-27T21:38:18.767+0800: 7.820: [ParNew: 77168K->8192K(78656K), 0.0117002 secs] 254975K->254607K(535432K), 0.0117491 secs] [Times: user=0.03 sys=0.00, real=0.01 secs] 
2024-07-27T21:38:18.779+0800: 7.832: Total time for which application threads were stopped: 0.0118537 seconds, Stopping threads took: 0.0000234 seconds
2024-07-27T21:38:18.779+0800: 7.832: Application time: 0.0001664 seconds
2024-07-27T21:38:18.779+0800: 7.832: [GC (CMS Initial Mark) [1 CMS-initial-mark: 246415K(456776K)] 258047K(535432K), 0.0009137 secs] [Times: user=0.00 sys=0.00, real=0.00 secs] 
2024-07-27T21:38:18.780+0800: 7.833: Total time for which application threads were stopped: 0.0010931 seconds, Stopping threads took: 0.0001347 seconds
2024-07-27T21:38:18.780+0800: 7.833: [CMS-concurrent-mark-start]
2024-07-27T21:38:18.781+0800: 7.834: [CMS-concurrent-mark: 0.001/0.001 secs] [Times: user=0.00 sys=0.00, real=0.00 secs] 
2024-07-27T21:38:18.782+0800: 7.834: [CMS-concurrent-preclean-start]
2024-07-27T21:38:18.782+0800: 7.835: [CMS-concurrent-preclean: 0.001/0.001 secs] [Times: user=0.00 sys=0.00, real=0.00 secs] 
2024-07-27T21:38:18.782+0800: 7.835: [CMS-concurrent-abortable-preclean-start]
2024-07-27T21:38:18.899+0800: 7.952: Application time: 0.1188435 seconds
2024-07-27T21:38:18.899+0800: 7.952: [GC (Allocation Failure) 2024-07-27T21:38:18.900+0800: 7.952: [ParNew: 77168K->8192K(78656K), 0.0120195 secs] 323584K->323216K(535432K), 0.0120877 secs] [Times: user=0.03 sys=0.00, real=0.01 secs] 
2024-07-27T21:38:18.912+0800: 7.964: Total time for which application threads were stopped: 0.0122050 seconds, Stopping threads took: 0.0000193 seconds
2024-07-27T21:38:19.022+0800: 8.074: Application time: 0.1097656 seconds
2024-07-27T21:38:19.022+0800: 8.074: [GC (Allocation Failure) 2024-07-27T21:38:19.022+0800: 8.074: [ParNew: 77168K->8192K(78656K), 0.0052099 secs] 392193K->344721K(535432K), 0.0052690 secs] [Times: user=0.00 sys=0.00, real=0.00 secs] 
2024-07-27T21:38:19.027+0800: 8.079: Total time for which application threads were stopped: 0.0053907 seconds, Stopping threads took: 0.0000195 seconds
2024-07-27T21:38:19.027+0800: 8.079: [CMS-concurrent-abortable-preclean: 0.005/0.244 secs] [Times: user=0.06 sys=0.00, real=0.24 secs] 
2024-07-27T21:38:19.027+0800: 8.080: Application time: 0.0002044 seconds
2024-07-27T21:38:19.027+0800: 8.080: [GC (CMS Final Remark) [YG occupancy: 11631 K (78656 K)]2024-07-27T21:38:19.027+0800: 8.080: [Rescan (parallel) , 0.0007885 secs]2024-07-27T21:38:19.028+0800: 8.081: [weak refs processing, 0.0000121 secs]2024-07-27T21:38:19.028+0800: 8.081: [class unloading, 0.0001854 secs]2024-07-27T21:38:19.028+0800: 8.081: [scrub symbol table, 0.0003279 secs]2024-07-27T21:38:19.029+0800: 8.081: [scrub string table, 0.0000925 secs][1 CMS-remark: 336528K(456776K)] 348160K(535432K), 0.0014671 secs] [Times: user=0.00 sys=0.00, real=0.00 secs] 
2024-07-27T21:38:19.029+0800: 8.081: Total time for which application threads were stopped: 0.0016206 seconds, Stopping threads took: 0.0001142 seconds
2024-07-27T21:38:19.029+0800: 8.081: [CMS-concurrent-sweep-start]
2024-07-27T21:38:19.030+0800: 8.083: [CMS-concurrent-sweep: 0.002/0.002 secs] [Times: user=0.00 sys=0.00, real=0.00 secs] 
2024-07-27T21:38:19.030+0800: 8.083: [CMS-concurrent-reset-start]
2024-07-27T21:38:19.032+0800: 8.084: [CMS-concurrent-reset: 0.001/0.001 secs] [Times: user=0.00 sys=0.00, real=0.00 secs] 
2024-07-27T21:38:19.034+0800: 8.086: Application time: 0.0049065 seconds
2024-07-27T21:38:19.034+0800: 8.086: [GC (Allocation Failure) 2024-07-27T21:38:19.034+0800: 8.086: [ParNew: 77168K->8192K(78656K), 0.0118320 secs] 257023K->256655K(535432K), 0.0118806 secs] [Times: user=0.03 sys=0.00, real=0.01 secs] 
2024-07-27T21:38:19.046+0800: 8.098: Total time for which application threads were stopped: 0.0119772 seconds, Stopping threads took: 0.0000138 seconds
2024-07-27T21:38:19.046+0800: 8.098: Application time: 0.0002204 seconds
2024-07-27T21:38:19.046+0800: 8.098: [GC (CMS Initial Mark) [1 CMS-initial-mark: 248463K(456776K)] 260095K(535432K), 0.0007597 secs] [Times: user=0.00 sys=0.00, real=0.00 secs] 
2024-07-27T21:38:19.047+0800: 8.099: Total time for which application threads were stopped: 0.0008915 seconds, Stopping threads took: 0.0000903 seconds
2024-07-27T21:38:19.047+0800: 8.099: [CMS-concurrent-mark-start]
2024-07-27T21:38:19.048+0800: 8.100: [CMS-concurrent-mark: 0.001/0.001 secs] [Times: user=0.00 sys=0.00, real=0.00 secs] 
2024-07-27T21:38:19.048+0800: 8.100: [CMS-concurrent-preclean-start]
2024-07-27T21:38:19.048+0800: 8.101: [CMS-concurrent-preclean: 0.001/0.001 secs] [Times: user=0.00 sys=0.00, real=0.00 secs] 
2024-07-27T21:38:19.048+0800: 8.101: [CMS-concurrent-abortable-preclean-start]
2024-07-27T21:38:19.165+0800: 8.218: Application time: 0.1186601 seconds
2024-07-27T21:38:19.165+0800: 8.218: [GC (Allocation Failure) 2024-07-27T21:38:19.165+0800: 8.218: [ParNew: 77168K->8192K(78656K), 0.0115405 secs] 325632K->325264K(535432K), 0.0116190 secs] [Times: user=0.00 sys=0.03, real=0.01 secs] 
2024-07-27T21:38:19.177+0800: 8.230: Total time for which application threads were stopped: 0.0117421 seconds, Stopping threads took: 0.0000201 seconds
2024-07-27T21:38:19.288+0800: 8.342: Application time: 0.1119355 seconds
2024-07-27T21:38:19.289+0800: 8.342: [GC (Allocation Failure) 2024-07-27T21:38:19.289+0800: 8.342: [ParNew: 77168K->8192K(78656K), 0.0056989 secs] 394241K->347793K(535432K), 0.0057583 secs] [Times: user=0.00 sys=0.00, real=0.00 secs] 
2024-07-27T21:38:19.294+0800: 8.347: Total time for which application threads were stopped: 0.0058708 seconds, Stopping threads took: 0.0000230 seconds
2024-07-27T21:38:19.294+0800: 8.347: [CMS-concurrent-abortable-preclean: 0.005/0.247 secs] [Times: user=0.00 sys=0.03, real=0.25 secs] 
2024-07-27T21:38:19.294+0800: 8.348: Application time: 0.0002916 seconds
2024-07-27T21:38:19.294+0800: 8.348: [GC (CMS Final Remark) [YG occupancy: 12655 K (78656 K)]2024-07-27T21:38:19.294+0800: 8.348: [Rescan (parallel) , 0.0008293 secs]2024-07-27T21:38:19.296+0800: 8.349: [weak refs processing, 0.0000126 secs]2024-07-27T21:38:19.296+0800: 8.349: [class unloading, 0.0001858 secs]2024-07-27T21:38:19.296+0800: 8.349: [scrub symbol table, 0.0003438 secs]2024-07-27T21:38:19.296+0800: 8.349: [scrub string table, 0.0001132 secs][1 CMS-remark: 339601K(456776K)] 352256K(535432K), 0.0015464 secs] [Times: user=0.00 sys=0.00, real=0.00 secs] 
2024-07-27T21:38:19.296+0800: 8.349: Total time for which application threads were stopped: 0.0016622 seconds, Stopping threads took: 0.0000810 seconds
2024-07-27T21:38:19.296+0800: 8.350: [CMS-concurrent-sweep-start]
2024-07-27T21:38:19.297+0800: 8.351: [CMS-concurrent-sweep: 0.001/0.001 secs] [Times: user=0.00 sys=0.00, real=0.00 secs] 
2024-07-27T21:38:19.297+0800: 8.351: [CMS-concurrent-reset-start]
2024-07-27T21:38:19.299+0800: 8.352: [CMS-concurrent-reset: 0.001/0.001 secs] [Times: user=0.00 sys=0.00, real=0.00 secs] 
2024-07-27T21:38:19.301+0800: 8.354: Application time: 0.0048450 seconds
2024-07-27T21:38:19.301+0800: 8.354: [GC (Allocation Failure) 2024-07-27T21:38:19.301+0800: 8.354: [ParNew: 77168K->8192K(78656K), 0.0123076 secs] 259071K->258703K(535432K), 0.0123564 secs] [Times: user=0.00 sys=0.00, real=0.01 secs] 
2024-07-27T21:38:19.313+0800: 8.367: Total time for which application threads were stopped: 0.0124517 seconds, Stopping threads took: 0.0000128 seconds
2024-07-27T21:38:19.314+0800: 8.367: Application time: 0.0002420 seconds
2024-07-27T21:38:19.314+0800: 8.367: [GC (CMS Initial Mark) [1 CMS-initial-mark: 250511K(456776K)] 262143K(535432K), 0.0008670 secs] [Times: user=0.00 sys=0.00, real=0.00 secs] 
2024-07-27T21:38:19.315+0800: 8.368: Total time for which application threads were stopped: 0.0009780 seconds, Stopping threads took: 0.0000696 seconds
2024-07-27T21:38:19.315+0800: 8.368: [CMS-concurrent-mark-start]
2024-07-27T21:38:19.316+0800: 8.369: [CMS-concurrent-mark: 0.001/0.001 secs] [Times: user=0.00 sys=0.00, real=0.00 secs] 
2024-07-27T21:38:19.316+0800: 8.369: [CMS-concurrent-preclean-start]
2024-07-27T21:38:19.316+0800: 8.369: [CMS-concurrent-preclean: 0.001/0.001 secs] [Times: user=0.00 sys=0.00, real=0.00 secs] 
2024-07-27T21:38:19.316+0800: 8.369: [CMS-concurrent-abortable-preclean-start]
2024-07-27T21:38:19.431+0800: 8.484: Application time: 0.1165849 seconds
2024-07-27T21:38:19.431+0800: 8.485: [GC (Allocation Failure) 2024-07-27T21:38:19.431+0800: 8.485: [ParNew: 77168K->8192K(78656K), 0.0121046 secs] 327680K->327312K(535432K), 0.0121677 secs] [Times: user=0.03 sys=0.00, real=0.01 secs] 
2024-07-27T21:38:19.444+0800: 8.497: Total time for which application threads were stopped: 0.0122868 seconds, Stopping threads took: 0.0000203 seconds
2024-07-27T21:38:19.556+0800: 8.610: Application time: 0.1128311 seconds
2024-07-27T21:38:19.556+0800: 8.610: [GC (Allocation Failure) 2024-07-27T21:38:19.556+0800: 8.610: [ParNew: 77543K->8196K(78656K), 0.0055366 secs] 396664K->349845K(535432K), 0.0056047 secs] [Times: user=0.00 sys=0.00, real=0.01 secs] 
2024-07-27T21:38:19.562+0800: 8.615: Total time for which application threads were stopped: 0.0057137 seconds, Stopping threads took: 0.0000189 seconds
2024-07-27T21:38:19.562+0800: 8.615: [CMS-concurrent-abortable-preclean: 0.005/0.246 secs] [Times: user=0.05 sys=0.00, real=0.25 secs] 
2024-07-27T21:38:19.562+0800: 8.616: Application time: 0.0003112 seconds
2024-07-27T21:38:19.562+0800: 8.616: [GC (CMS Final Remark) [YG occupancy: 12649 K (78656 K)]2024-07-27T21:38:19.562+0800: 8.616: [Rescan (parallel) , 0.0010778 secs]2024-07-27T21:38:19.564+0800: 8.617: [weak refs processing, 0.0000129 secs]2024-07-27T21:38:19.564+0800: 8.617: [class unloading, 0.0001950 secs]2024-07-27T21:38:19.564+0800: 8.617: [scrub symbol table, 0.0003500 secs]2024-07-27T21:38:19.564+0800: 8.617: [scrub string table, 0.0001001 secs][1 CMS-remark: 341649K(456776K)] 354299K(535432K), 0.0017989 secs] [Times: user=0.00 sys=0.00, real=0.00 secs] 
2024-07-27T21:38:19.564+0800: 8.618: Total time for which application threads were stopped: 0.0019099 seconds, Stopping threads took: 0.0000764 seconds
2024-07-27T21:38:19.564+0800: 8.618: [CMS-concurrent-sweep-start]
2024-07-27T21:38:19.566+0800: 8.619: [CMS-concurrent-sweep: 0.001/0.001 secs] [Times: user=0.00 sys=0.00, real=0.00 secs] 
2024-07-27T21:38:19.566+0800: 8.619: [CMS-concurrent-reset-start]
2024-07-27T21:38:19.567+0800: 8.620: [CMS-concurrent-reset: 0.001/0.001 secs] [Times: user=0.03 sys=0.00, real=0.00 secs] 
2024-07-27T21:38:19.569+0800: 8.622: Application time: 0.0047512 seconds
2024-07-27T21:38:19.569+0800: 8.622: [GC (Allocation Failure) 2024-07-27T21:38:19.569+0800: 8.622: [ParNew: 77162K->8192K(78656K), 0.0120733 secs] 260089K->259727K(535432K), 0.0121207 secs] [Times: user=0.00 sys=0.00, real=0.01 secs] 
2024-07-27T21:38:19.581+0800: 8.635: Total time for which application threads were stopped: 0.0122136 seconds, Stopping threads took: 0.0000123 seconds
2024-07-27T21:38:19.581+0800: 8.635: Application time: 0.0002230 seconds
2024-07-27T21:38:19.582+0800: 8.635: [GC (CMS Initial Mark) [1 CMS-initial-mark: 251535K(456776K)] 263161K(535432K), 0.0007844 secs] [Times: user=0.00 sys=0.00, real=0.00 secs] 
2024-07-27T21:38:19.582+0800: 8.636: Total time for which application threads were stopped: 0.0009484 seconds, Stopping threads took: 0.0001237 seconds
2024-07-27T21:38:19.583+0800: 8.636: [CMS-concurrent-mark-start]
2024-07-27T21:38:19.584+0800: 8.637: [CMS-concurrent-mark: 0.001/0.001 secs] [Times: user=0.00 sys=0.00, real=0.00 secs] 
2024-07-27T21:38:19.584+0800: 8.637: [CMS-concurrent-preclean-start]
2024-07-27T21:38:19.584+0800: 8.637: [CMS-concurrent-preclean: 0.001/0.001 secs] [Times: user=0.00 sys=0.00, real=0.00 secs] 
2024-07-27T21:38:19.584+0800: 8.637: [CMS-concurrent-abortable-preclean-start]
2024-07-27T21:38:19.701+0800: 8.755: Application time: 0.1188248 seconds
2024-07-27T21:38:19.701+0800: 8.755: [GC (Allocation Failure) 2024-07-27T21:38:19.701+0800: 8.755: [ParNew: 77162K->8192K(78656K), 0.0121342 secs] 328698K->328336K(535432K), 0.0121919 secs] [Times: user=0.03 sys=0.00, real=0.01 secs] 
2024-07-27T21:38:19.714+0800: 8.767: Total time for which application threads were stopped: 0.0123019 seconds, Stopping threads took: 0.0000187 seconds
2024-07-27T21:38:19.824+0800: 8.877: Application time: 0.1103009 seconds
2024-07-27T21:38:19.824+0800: 8.877: [GC (Allocation Failure) 2024-07-27T21:38:19.825+0800: 8.877: [ParNew: 77164K->8192K(78656K), 0.0058006 secs] 397309K->351889K(535432K), 0.0058682 secs] [Times: user=0.00 sys=0.00, real=0.01 secs] 
2024-07-27T21:38:19.830+0800: 8.883: Total time for which application threads were stopped: 0.0059951 seconds, Stopping threads took: 0.0000323 seconds
2024-07-27T21:38:19.830+0800: 8.883: [CMS-concurrent-abortable-preclean: 0.005/0.246 secs] [Times: user=0.03 sys=0.00, real=0.25 secs] 
2024-07-27T21:38:19.831+0800: 8.883: Application time: 0.0003076 seconds
2024-07-27T21:38:19.831+0800: 8.884: [GC (CMS Final Remark) [YG occupancy: 12653 K (78656 K)]2024-07-27T21:38:19.831+0800: 8.884: [Rescan (parallel) , 0.0009136 secs]2024-07-27T21:38:19.832+0800: 8.885: [weak refs processing, 0.0000128 secs]2024-07-27T21:38:19.832+0800: 8.885: [class unloading, 0.0001945 secs]2024-07-27T21:38:19.832+0800: 8.885: [scrub symbol table, 0.0003532 secs]2024-07-27T21:38:19.832+0800: 8.885: [scrub string table, 0.0001011 secs][1 CMS-remark: 343697K(456776K)] 356350K(535432K), 0.0016378 secs] [Times: user=0.00 sys=0.00, real=0.00 secs] 
2024-07-27T21:38:19.833+0800: 8.885: Total time for which application threads were stopped: 0.0018145 seconds, Stopping threads took: 0.0001373 seconds
2024-07-27T21:38:19.833+0800: 8.885: [CMS-concurrent-sweep-start]
2024-07-27T21:38:19.834+0800: 8.887: [CMS-concurrent-sweep: 0.002/0.002 secs] [Times: user=0.00 sys=0.00, real=0.00 secs] 
2024-07-27T21:38:19.834+0800: 8.887: [CMS-concurrent-reset-start]
2024-07-27T21:38:19.836+0800: 8.889: [CMS-concurrent-reset: 0.001/0.001 secs] [Times: user=0.00 sys=0.00, real=0.00 secs] 
2024-07-27T21:38:19.838+0800: 8.890: Application time: 0.0052008 seconds
2024-07-27T21:38:19.838+0800: 8.891: [GC (Allocation Failure) 2024-07-27T21:38:19.838+0800: 8.891: [ParNew: 77166K->8192K(78656K), 0.0123349 secs] 261116K->260751K(535432K), 0.0123842 secs] [Times: user=0.03 sys=0.00, real=0.01 secs] 
2024-07-27T21:38:19.850+0800: 8.903: Total time for which application threads were stopped: 0.0124836 seconds, Stopping threads took: 0.0000135 seconds
2024-07-27T21:38:19.850+0800: 8.903: Application time: 0.0002293 seconds
2024-07-27T21:38:19.851+0800: 8.903: [GC (CMS Initial Mark) [1 CMS-initial-mark: 252559K(456776K)] 264189K(535432K), 0.0008326 secs] [Times: user=0.00 sys=0.00, real=0.00 secs] 
2024-07-27T21:38:19.852+0800: 8.904: Total time for which application threads were stopped: 0.0009889 seconds, Stopping threads took: 0.0001141 seconds
2024-07-27T21:38:19.852+0800: 8.904: [CMS-concurrent-mark-start]
2024-07-27T21:38:19.852+0800: 8.905: [CMS-concurrent-mark: 0.001/0.001 secs] [Times: user=0.00 sys=0.00, real=0.00 secs] 
2024-07-27T21:38:19.852+0800: 8.905: [CMS-concurrent-preclean-start]
2024-07-27T21:38:19.853+0800: 8.906: [CMS-concurrent-preclean: 0.001/0.001 secs] [Times: user=0.00 sys=0.00, real=0.00 secs] 
2024-07-27T21:38:19.853+0800: 8.906: [CMS-concurrent-abortable-preclean-start]
2024-07-27T21:38:19.966+0800: 9.019: Application time: 0.1146839 seconds
2024-07-27T21:38:19.966+0800: 9.019: [GC (Allocation Failure) 2024-07-27T21:38:19.966+0800: 9.019: [ParNew: 77167K->8192K(78656K), 0.0123856 secs] 329726K->329360K(535432K), 0.0124434 secs] [Times: user=0.03 sys=0.00, real=0.01 secs] 
2024-07-27T21:38:19.979+0800: 9.031: Total time for which application threads were stopped: 0.0125529 seconds, Stopping threads took: 0.0000199 seconds
2024-07-27T21:38:20.089+0800: 9.142: Application time: 0.1103019 seconds
2024-07-27T21:38:20.089+0800: 9.142: [GC (Allocation Failure) 2024-07-27T21:38:20.089+0800: 9.142: [ParNew: 77167K->8192K(78656K), 0.0059859 secs] 398336K->353937K(535432K), 0.0060445 secs] [Times: user=0.00 sys=0.00, real=0.01 secs] 
2024-07-27T21:38:20.095+0800: 9.148: Total time for which application threads were stopped: 0.0061532 seconds, Stopping threads took: 0.0000195 seconds
2024-07-27T21:38:20.095+0800: 9.148: [CMS-concurrent-abortable-preclean: 0.005/0.242 secs] [Times: user=0.03 sys=0.00, real=0.24 secs] 
2024-07-27T21:38:20.096+0800: 9.148: Application time: 0.0002999 seconds
2024-07-27T21:38:20.096+0800: 9.148: [GC (CMS Final Remark) [YG occupancy: 12655 K (78656 K)]2024-07-27T21:38:20.096+0800: 9.148: [Rescan (parallel) , 0.0007678 secs]2024-07-27T21:38:20.097+0800: 9.149: [weak refs processing, 0.0000128 secs]2024-07-27T21:38:20.097+0800: 9.149: [class unloading, 0.0001826 secs]2024-07-27T21:38:20.097+0800: 9.149: [scrub symbol table, 0.0003456 secs]2024-07-27T21:38:20.097+0800: 9.150: [scrub string table, 0.0001009 secs][1 CMS-remark: 345745K(456776K)] 358400K(535432K), 0.0014857 secs] [Times: user=0.00 sys=0.00, real=0.00 secs] 
2024-07-27T21:38:20.097+0800: 9.150: Total time for which application threads were stopped: 0.0015878 seconds, Stopping threads took: 0.0000673 seconds
2024-07-27T21:38:20.097+0800: 9.150: [CMS-concurrent-sweep-start]
2024-07-27T21:38:20.099+0800: 9.152: [CMS-concurrent-sweep: 0.002/0.002 secs] [Times: user=0.03 sys=0.00, real=0.00 secs] 
2024-07-27T21:38:20.099+0800: 9.152: [CMS-concurrent-reset-start]
2024-07-27T21:38:20.100+0800: 9.153: [CMS-concurrent-reset: 0.001/0.001 secs] [Times: user=0.00 sys=0.00, real=0.00 secs] 
2024-07-27T21:38:20.102+0800: 9.155: Application time: 0.0047461 seconds
2024-07-27T21:38:20.102+0800: 9.155: [GC (Allocation Failure) 2024-07-27T21:38:20.102+0800: 9.155: [ParNew: 77168K->8192K(78656K), 0.0124499 secs] 263166K->262799K(535432K), 0.0124971 secs] [Times: user=0.03 sys=0.00, real=0.01 secs] 
2024-07-27T21:38:20.115+0800: 9.167: Total time for which application threads were stopped: 0.0125918 seconds, Stopping threads took: 0.0000127 seconds
2024-07-27T21:38:20.115+0800: 9.167: Application time: 0.0002070 seconds
2024-07-27T21:38:20.115+0800: 9.167: [GC (CMS Initial Mark) [1 CMS-initial-mark: 254607K(456776K)] 265215K(535432K), 0.0007531 secs] [Times: user=0.00 sys=0.00, real=0.00 secs] 
2024-07-27T21:38:20.116+0800: 9.168: Total time for which application threads were stopped: 0.0008132 seconds, Stopping threads took: 0.0000207 seconds
2024-07-27T21:38:20.116+0800: 9.168: [CMS-concurrent-mark-start]
2024-07-27T21:38:20.117+0800: 9.169: [CMS-concurrent-mark: 0.001/0.001 secs] [Times: user=0.00 sys=0.00, real=0.00 secs] 
2024-07-27T21:38:20.117+0800: 9.169: [CMS-concurrent-preclean-start]
2024-07-27T21:38:20.117+0800: 9.170: [CMS-concurrent-preclean: 0.001/0.001 secs] [Times: user=0.00 sys=0.00, real=0.00 secs] 
2024-07-27T21:38:20.117+0800: 9.170: [CMS-concurrent-abortable-preclean-start]
2024-07-27T21:38:20.232+0800: 9.285: Application time: 0.1168657 seconds
2024-07-27T21:38:20.232+0800: 9.285: [GC (Allocation Failure) 2024-07-27T21:38:20.232+0800: 9.285: [ParNew: 77168K->8192K(78656K), 0.0120677 secs] 331776K->331408K(535432K), 0.0121241 secs] [Times: user=0.03 sys=0.00, real=0.01 secs] 
2024-07-27T21:38:20.245+0800: 9.297: Total time for which application threads were stopped: 0.0122392 seconds, Stopping threads took: 0.0000220 seconds
2024-07-27T21:38:20.354+0800: 9.407: Application time: 0.1097873 seconds
2024-07-27T21:38:20.354+0800: 9.407: [GC (Allocation Failure) 2024-07-27T21:38:20.354+0800: 9.407: [ParNew: 77171K->8192K(78656K), 0.0060061 secs] 400387K->357009K(535432K), 0.0061002 secs] [Times: user=0.00 sys=0.00, real=0.01 secs] 
2024-07-27T21:38:20.361+0800: 9.413: Total time for which application threads were stopped: 0.0062097 seconds, Stopping threads took: 0.0000191 seconds
2024-07-27T21:38:20.361+0800: 9.413: [CMS-concurrent-abortable-preclean: 0.005/0.244 secs] [Times: user=0.03 sys=0.00, real=0.24 secs] 
2024-07-27T21:38:20.361+0800: 9.414: Application time: 0.0003359 seconds
2024-07-27T21:38:20.361+0800: 9.414: [GC (CMS Final Remark) [YG occupancy: 13674 K (78656 K)]2024-07-27T21:38:20.361+0800: 9.414: [Rescan (parallel) , 0.0008219 secs]2024-07-27T21:38:20.362+0800: 9.415: [weak refs processing, 0.0000153 secs]2024-07-27T21:38:20.362+0800: 9.415: [class unloading, 0.0002397 secs]2024-07-27T21:38:20.362+0800: 9.415: [scrub symbol table, 0.0003649 secs]2024-07-27T21:38:20.362+0800: 9.415: [scrub string table, 0.0001194 secs][1 CMS-remark: 348817K(456776K)] 362491K(535432K), 0.0016230 secs] [Times: user=0.00 sys=0.00, real=0.00 secs] 
2024-07-27T21:38:20.363+0800: 9.415: Total time for which application threads were stopped: 0.0017355 seconds, Stopping threads took: 0.0000738 seconds
2024-07-27T21:38:20.363+0800: 9.416: [CMS-concurrent-sweep-start]
2024-07-27T21:38:20.364+0800: 9.417: [CMS-concurrent-sweep: 0.002/0.002 secs] [Times: user=0.03 sys=0.00, real=0.00 secs] 
2024-07-27T21:38:20.364+0800: 9.417: [CMS-concurrent-reset-start]
2024-07-27T21:38:20.366+0800: 9.418: [CMS-concurrent-reset: 0.001/0.001 secs] [Times: user=0.00 sys=0.00, real=0.00 secs] 
2024-07-27T21:38:20.478+0800: 9.530: Application time: 0.1151183 seconds
2024-07-27T21:38:20.478+0800: 9.531: [GC (Allocation Failure) 2024-07-27T21:38:20.478+0800: 9.531: [ParNew: 77162K->8192K(78656K), 0.0122039 secs] 265209K->264847K(535432K), 0.0122696 secs] [Times: user=0.03 sys=0.00, real=0.01 secs] 
2024-07-27T21:38:20.490+0800: 9.543: Total time for which application threads were stopped: 0.0123893 seconds, Stopping threads took: 0.0000252 seconds
2024-07-27T21:38:20.491+0800: 9.543: Application time: 0.0002496 seconds
2024-07-27T21:38:20.491+0800: 9.543: [GC (CMS Initial Mark) [1 CMS-initial-mark: 256655K(456776K)] 268283K(535432K), 0.0008198 secs] [Times: user=0.00 sys=0.00, real=0.00 secs] 
2024-07-27T21:38:20.491+0800: 9.544: Total time for which application threads were stopped: 0.0009319 seconds, Stopping threads took: 0.0000716 seconds
2024-07-27T21:38:20.491+0800: 9.544: [CMS-concurrent-mark-start]
2024-07-27T21:38:20.495+0800: 9.548: [CMS-concurrent-mark: 0.004/0.004 secs] [Times: user=0.00 sys=0.00, real=0.00 secs] 
2024-07-27T21:38:20.495+0800: 9.548: [CMS-concurrent-preclean-start]
2024-07-27T21:38:20.496+0800: 9.549: [CMS-concurrent-preclean: 0.001/0.001 secs] [Times: user=0.00 sys=0.00, real=0.00 secs] 
2024-07-27T21:38:20.497+0800: 9.549: Application time: 0.0051389 seconds
2024-07-27T21:38:20.497+0800: 9.549: [GC (Allocation Failure) 2024-07-27T21:38:20.497+0800: 9.549: [ParNew: 77165K->8192K(78656K), 0.0117172 secs] 333820K->333457K(535432K), 0.0117653 secs] [Times: user=0.03 sys=0.00, real=0.01 secs] 
2024-07-27T21:38:20.508+0800: 9.561: Total time for which application threads were stopped: 0.0118624 seconds, Stopping threads took: 0.0000140 seconds
2024-07-27T21:38:20.509+0800: 9.561: Application time: 0.0003406 seconds
2024-07-27T21:38:20.509+0800: 9.562: [GC (CMS Final Remark) [YG occupancy: 13677 K (78656 K)]2024-07-27T21:38:20.509+0800: 9.562: [Rescan (parallel) , 0.0007662 secs]2024-07-27T21:38:20.510+0800: 9.562: [weak refs processing, 0.0000132 secs]2024-07-27T21:38:20.510+0800: 9.562: [class unloading, 0.0001774 secs]2024-07-27T21:38:20.510+0800: 9.563: [scrub symbol table, 0.0004081 secs]2024-07-27T21:38:20.510+0800: 9.563: [scrub string table, 0.0001218 secs][1 CMS-remark: 325264K(456776K)] 338942K(535432K), 0.0015685 secs] [Times: user=0.00 sys=0.00, real=0.00 secs] 
2024-07-27T21:38:20.511+0800: 9.563: Total time for which application threads were stopped: 0.0017693 seconds, Stopping threads took: 0.0001397 seconds
2024-07-27T21:38:20.511+0800: 9.563: [CMS-concurrent-sweep-start]
2024-07-27T21:38:20.512+0800: 9.564: [CMS-concurrent-sweep: 0.001/0.001 secs] [Times: user=0.00 sys=0.00, real=0.00 secs] 
2024-07-27T21:38:20.512+0800: 9.565: [CMS-concurrent-reset-start]
2024-07-27T21:38:20.513+0800: 9.566: [CMS-concurrent-reset: 0.001/0.001 secs] [Times: user=0.00 sys=0.00, real=0.00 secs] 
2024-07-27T21:38:20.622+0800: 9.675: Application time: 0.1119204 seconds
2024-07-27T21:38:20.622+0800: 9.675: [GC (Allocation Failure) 2024-07-27T21:38:20.623+0800: 9.675: [ParNew: 77166K->8192K(78656K), 0.0062381 secs] 240636K->198286K(535432K), 0.0063010 secs] [Times: user=0.00 sys=0.00, real=0.01 secs] 
2024-07-27T21:38:20.629+0800: 9.681: Total time for which application threads were stopped: 0.0064165 seconds, Stopping threads took: 0.0000185 seconds
2024-07-27T21:38:20.746+0800: 9.798: Application time: 0.1166920 seconds
2024-07-27T21:38:20.746+0800: 9.798: [GC (Allocation Failure) 2024-07-27T21:38:20.746+0800: 9.798: [ParNew: 77167K->8192K(78656K), 0.0133539 secs] 267262K->266896K(535432K), 0.0134409 secs] [Times: user=0.03 sys=0.00, real=0.01 secs] 
2024-07-27T21:38:20.759+0800: 9.812: Total time for which application threads were stopped: 0.0136388 seconds, Stopping threads took: 0.0000464 seconds
2024-07-27T21:38:20.760+0800: 9.812: Application time: 0.0002218 seconds
2024-07-27T21:38:20.760+0800: 9.812: [GC (CMS Initial Mark) [1 CMS-initial-mark: 258703K(456776K)] 270334K(535432K), 0.0009039 secs] [Times: user=0.00 sys=0.00, real=0.00 secs] 
2024-07-27T21:38:20.761+0800: 9.813: Total time for which application threads were stopped: 0.0010263 seconds, Stopping threads took: 0.0000769 seconds
2024-07-27T21:38:20.761+0800: 9.813: [CMS-concurrent-mark-start]
2024-07-27T21:38:20.764+0800: 9.817: [CMS-concurrent-mark: 0.004/0.004 secs] [Times: user=0.00 sys=0.00, real=0.00 secs] 
2024-07-27T21:38:20.764+0800: 9.817: [CMS-concurrent-preclean-start]
2024-07-27T21:38:20.766+0800: 9.818: [CMS-concurrent-preclean: 0.001/0.001 secs] [Times: user=0.00 sys=0.00, real=0.00 secs] 
2024-07-27T21:38:20.766+0800: 9.818: [CMS-concurrent-abortable-preclean-start]
2024-07-27T21:38:20.766+0800: 9.818: Application time: 0.0050923 seconds
2024-07-27T21:38:20.766+0800: 9.818: [GC (Allocation Failure) 2024-07-27T21:38:20.766+0800: 9.818: [ParNew: 77167K->8192K(78656K), 0.0118172 secs] 335871K->335505K(535432K), 0.0118682 secs] [Times: user=0.03 sys=0.00, real=0.01 secs] 
2024-07-27T21:38:20.778+0800: 9.830: Total time for which application threads were stopped: 0.0119629 seconds, Stopping threads took: 0.0000142 seconds
2024-07-27T21:38:20.888+0800: 9.941: Application time: 0.1109641 seconds
2024-07-27T21:38:20.889+0800: 9.941: [GC (Allocation Failure) 2024-07-27T21:38:20.889+0800: 9.941: [ParNew: 77168K->8192K(78656K), 0.0062825 secs] 404481K->363153K(535432K), 0.0063419 secs] [Times: user=0.00 sys=0.00, real=0.01 secs] 
2024-07-27T21:38:20.895+0800: 9.948: Total time for which application threads were stopped: 0.0064579 seconds, Stopping threads took: 0.0000245 seconds
2024-07-27T21:38:20.895+0800: 9.948: [CMS-concurrent-abortable-preclean: 0.003/0.129 secs] [Times: user=0.03 sys=0.00, real=0.13 secs] 
2024-07-27T21:38:20.895+0800: 9.948: Application time: 0.0002717 seconds
2024-07-27T21:38:20.895+0800: 9.948: [GC (CMS Final Remark) [YG occupancy: 12655 K (78656 K)]2024-07-27T21:38:20.895+0800: 9.948: [Rescan (parallel) , 0.0011033 secs]2024-07-27T21:38:20.897+0800: 9.949: [weak refs processing, 0.0000132 secs]2024-07-27T21:38:20.897+0800: 9.949: [class unloading, 0.0001837 secs]2024-07-27T21:38:20.897+0800: 9.949: [scrub symbol table, 0.0003452 secs]2024-07-27T21:38:20.897+0800: 9.950: [scrub string table, 0.0001090 secs][1 CMS-remark: 354961K(456776K)] 367616K(535432K), 0.0018210 secs] [Times: user=0.00 sys=0.00, real=0.00 secs] 
2024-07-27T21:38:20.897+0800: 9.950: Total time for which application threads were stopped: 0.0020196 seconds, Stopping threads took: 0.0001626 seconds
2024-07-27T21:38:20.897+0800: 9.950: [CMS-concurrent-sweep-start]
2024-07-27T21:38:20.899+0800: 9.952: [CMS-concurrent-sweep: 0.002/0.002 secs] [Times: user=0.00 sys=0.00, real=0.00 secs] 
2024-07-27T21:38:20.899+0800: 9.952: [CMS-concurrent-reset-start]
2024-07-27T21:38:20.900+0800: 9.953: [CMS-concurrent-reset: 0.001/0.001 secs] [Times: user=0.00 sys=0.00, real=0.00 secs] 
2024-07-27T21:38:21.011+0800: 10.063: Application time: 0.1132954 seconds
2024-07-27T21:38:21.011+0800: 10.063: [GC (Allocation Failure) 2024-07-27T21:38:21.011+0800: 10.063: [ParNew: 77168K->8192K(78656K), 0.0118587 secs] 269311K->268944K(535432K), 0.0119368 secs] [Times: user=0.03 sys=0.00, real=0.01 secs] 
2024-07-27T21:38:21.022+0800: 10.075: Total time for which application threads were stopped: 0.0120562 seconds, Stopping threads took: 0.0000230 seconds
2024-07-27T21:38:21.023+0800: 10.075: Application time: 0.0002242 seconds
2024-07-27T21:38:21.023+0800: 10.076: [GC (CMS Initial Mark) [1 CMS-initial-mark: 260751K(456776K)] 272383K(535432K), 0.0008041 secs] [Times: user=0.00 sys=0.00, real=0.00 secs] 
2024-07-27T21:38:21.024+0800: 10.076: Total time for which application threads were stopped: 0.0010349 seconds, Stopping threads took: 0.0001840 seconds
2024-07-27T21:38:21.024+0800: 10.077: [CMS-concurrent-mark-start]
2024-07-27T21:38:21.027+0800: 10.080: [CMS-concurrent-mark: 0.004/0.004 secs] [Times: user=0.00 sys=0.00, real=0.00 secs] 
2024-07-27T21:38:21.028+0800: 10.080: [CMS-concurrent-preclean-start]
2024-07-27T21:38:21.029+0800: 10.081: [CMS-concurrent-preclean: 0.001/0.001 secs] [Times: user=0.00 sys=0.00, real=0.00 secs] 
2024-07-27T21:38:21.029+0800: 10.082: Application time: 0.0050506 seconds
2024-07-27T21:38:21.029+0800: 10.082: [GC (Allocation Failure) 2024-07-27T21:38:21.029+0800: 10.082: [ParNew: 77168K->8192K(78656K), 0.0119884 secs] 337920K->337553K(535432K), 0.0120515 secs] [Times: user=0.03 sys=0.00, real=0.01 secs] 
2024-07-27T21:38:21.041+0800: 10.094: Total time for which application threads were stopped: 0.0121457 seconds, Stopping threads took: 0.0000123 seconds
2024-07-27T21:38:21.041+0800: 10.094: Application time: 0.0001175 seconds
2024-07-27T21:38:21.041+0800: 10.094: [GC (CMS Final Remark) [YG occupancy: 9216 K (78656 K)]2024-07-27T21:38:21.041+0800: 10.094: [Rescan (parallel) , 0.0008222 secs]2024-07-27T21:38:21.042+0800: 10.095: [weak refs processing, 0.0000131 secs]2024-07-27T21:38:21.042+0800: 10.095: [class unloading, 0.0001917 secs]2024-07-27T21:38:21.042+0800: 10.095: [scrub symbol table, 0.0003436 secs]2024-07-27T21:38:21.042+0800: 10.095: [scrub string table, 0.0001123 secs][1 CMS-remark: 329360K(456776K)] 338577K(535432K), 0.0015590 secs] [Times: user=0.00 sys=0.00, real=0.00 secs] 
2024-07-27T21:38:21.042+0800: 10.095: Total time for which application threads were stopped: 0.0016805 seconds, Stopping threads took: 0.0000807 seconds
2024-07-27T21:38:21.043+0800: 10.096: [CMS-concurrent-sweep-start]
2024-07-27T21:38:21.044+0800: 10.097: [CMS-concurrent-sweep: 0.001/0.001 secs] [Times: user=0.00 sys=0.00, real=0.00 secs] 
2024-07-27T21:38:21.044+0800: 10.097: [CMS-concurrent-reset-start]
2024-07-27T21:38:21.045+0800: 10.098: [CMS-concurrent-reset: 0.001/0.001 secs] [Times: user=0.00 sys=0.00, real=0.00 secs] 
2024-07-27T21:38:21.154+0800: 10.207: Application time: 0.1115799 seconds
2024-07-27T21:38:21.154+0800: 10.207: [GC (Allocation Failure) 2024-07-27T21:38:21.154+0800: 10.207: [ParNew: 77168K->8192K(78656K), 0.0065574 secs] 242687K->202383K(535432K), 0.0066175 secs] [Times: user=0.00 sys=0.00, real=0.01 secs] 
2024-07-27T21:38:21.161+0800: 10.214: Total time for which application threads were stopped: 0.0067301 seconds, Stopping threads took: 0.0000202 seconds
2024-07-27T21:38:21.277+0800: 10.329: Application time: 0.1156223 seconds
2024-07-27T21:38:21.277+0800: 10.329: [GC (Allocation Failure) 2024-07-27T21:38:21.277+0800: 10.330: [ParNew: 77168K->8192K(78656K), 0.0116979 secs] 271359K->270992K(535432K), 0.0117595 secs] [Times: user=0.03 sys=0.00, real=0.01 secs] 
2024-07-27T21:38:21.288+0800: 10.341: Total time for which application threads were stopped: 0.0118886 seconds, Stopping threads took: 0.0000242 seconds
2024-07-27T21:38:21.293+0800: 10.346: Application time: 0.0045699 seconds
2024-07-27T21:38:21.294+0800: 10.346: [GC (Allocation Failure) 2024-07-27T21:38:21.294+0800: 10.346: [ParNew: 77168K->8192K(78656K), 0.0121376 secs] 339968K->339601K(535432K), 0.0121877 secs] [Times: user=0.03 sys=0.00, real=0.01 secs] 
2024-07-27T21:38:21.305+0800: 10.358: Total time for which application threads were stopped: 0.0122917 seconds, Stopping threads took: 0.0000153 seconds
2024-07-27T21:38:21.305+0800: 10.358: Application time: 0.0002447 seconds
2024-07-27T21:38:21.305+0800: 10.359: [GC (CMS Initial Mark) [1 CMS-initial-mark: 331408K(456776K)] 343040K(535432K), 0.0009104 secs] [Times: user=0.00 sys=0.00, real=0.00 secs] 
2024-07-27T21:38:21.307+0800: 10.359: Total time for which application threads were stopped: 0.0010221 seconds, Stopping threads took: 0.0000705 seconds
2024-07-27T21:38:21.307+0800: 10.360: [CMS-concurrent-mark-start]
2024-07-27T21:38:21.309+0800: 10.362: [CMS-concurrent-mark: 0.002/0.002 secs] [Times: user=0.00 sys=0.00, real=0.00 secs] 
2024-07-27T21:38:21.309+0800: 10.362: [CMS-concurrent-preclean-start]
2024-07-27T21:38:21.309+0800: 10.363: [CMS-concurrent-preclean: 0.001/0.001 secs] [Times: user=0.00 sys=0.00, real=0.00 secs] 
2024-07-27T21:38:21.309+0800: 10.363: [CMS-concurrent-abortable-preclean-start]
2024-07-27T21:38:21.422+0800: 10.474: Application time: 0.1148748 seconds
2024-07-27T21:38:21.422+0800: 10.474: [GC (Allocation Failure) 2024-07-27T21:38:21.422+0800: 10.474: [ParNew: 77168K->8192K(78656K), 0.0066053 secs] 408577K->369297K(535432K), 0.0066744 secs] [Times: user=0.03 sys=0.00, real=0.01 secs] 
2024-07-27T21:38:21.428+0800: 10.481: Total time for which application threads were stopped: 0.0067859 seconds, Stopping threads took: 0.0000198 seconds
2024-07-27T21:38:21.546+0800: 10.598: Application time: 0.1173789 seconds
2024-07-27T21:38:21.546+0800: 10.599: [GC (Allocation Failure) 2024-07-27T21:38:21.546+0800: 10.599: [ParNew: 77168K->8192K(78656K), 0.0119579 secs] 438274K->437906K(535432K), 0.0120219 secs] [Times: user=0.03 sys=0.00, real=0.01 secs] 
2024-07-27T21:38:21.558+0800: 10.611: Total time for which application threads were stopped: 0.0121421 seconds, Stopping threads took: 0.0000214 seconds
2024-07-27T21:38:21.558+0800: 10.611: [CMS-concurrent-abortable-preclean: 0.004/0.248 secs] [Times: user=0.06 sys=0.00, real=0.25 secs] 
2024-07-27T21:38:21.558+0800: 10.611: Application time: 0.0003572 seconds
2024-07-27T21:38:21.558+0800: 10.611: [GC (CMS Final Remark) [YG occupancy: 13679 K (78656 K)]2024-07-27T21:38:21.558+0800: 10.611: [Rescan (parallel) , 0.0011345 secs]2024-07-27T21:38:21.559+0800: 10.612: [weak refs processing, 0.0000123 secs]2024-07-27T21:38:21.559+0800: 10.612: [class unloading, 0.0002814 secs]2024-07-27T21:38:21.559+0800: 10.613: [scrub symbol table, 0.0003182 secs]2024-07-27T21:38:21.560+0800: 10.613: [scrub string table, 0.0000902 secs][1 CMS-remark: 429714K(456776K)] 443394K(535432K), 0.0019007 secs] [Times: user=0.00 sys=0.00, real=0.00 secs] 
2024-07-27T21:38:21.560+0800: 10.613: Total time for which application threads were stopped: 0.0020637 seconds, Stopping threads took: 0.0001242 seconds
2024-07-27T21:38:21.560+0800: 10.613: [CMS-concurrent-sweep-start]
2024-07-27T21:38:21.561+0800: 10.615: [CMS-concurrent-sweep: 0.001/0.001 secs] [Times: user=0.00 sys=0.00, real=0.00 secs] 
2024-07-27T21:38:21.562+0800: 10.615: [CMS-concurrent-reset-start]
2024-07-27T21:38:21.563+0800: 10.616: [CMS-concurrent-reset: 0.001/0.001 secs] [Times: user=0.00 sys=0.00, real=0.00 secs] 
2024-07-27T21:38:21.565+0800: 10.618: Application time: 0.0047878 seconds
2024-07-27T21:38:21.565+0800: 10.618: [GC (Allocation Failure) 2024-07-27T21:38:21.565+0800: 10.618: [ParNew: 77168K->8192K(78656K), 0.0118144 secs] 342016K->341649K(535432K), 0.0118880 secs] [Times: user=0.03 sys=0.00, real=0.01 secs] 
2024-07-27T21:38:21.577+0800: 10.630: Total time for which application threads were stopped: 0.0120253 seconds, Stopping threads took: 0.0000166 seconds
2024-07-27T21:38:21.578+0800: 10.630: Application time: 0.0001612 seconds
2024-07-27T21:38:21.578+0800: 10.630: [GC (CMS Initial Mark) [1 CMS-initial-mark: 333457K(456776K)] 345088K(535432K), 0.0006913 secs] [Times: user=0.00 sys=0.00, real=0.00 secs] 
2024-07-27T21:38:21.579+0800: 10.631: Total time for which application threads were stopped: 0.0008963 seconds, Stopping threads took: 0.0001616 seconds
2024-07-27T21:38:21.579+0800: 10.631: [CMS-concurrent-mark-start]
2024-07-27T21:38:21.581+0800: 10.633: [CMS-concurrent-mark: 0.002/0.002 secs] [Times: user=0.00 sys=0.00, real=0.00 secs] 
2024-07-27T21:38:21.581+0800: 10.633: [CMS-concurrent-preclean-start]
2024-07-27T21:38:21.582+0800: 10.634: [CMS-concurrent-preclean: 0.001/0.001 secs] [Times: user=0.00 sys=0.00, real=0.00 secs] 
2024-07-27T21:38:21.582+0800: 10.634: [CMS-concurrent-abortable-preclean-start]
2024-07-27T21:38:21.692+0800: 10.744: Application time: 0.1131464 seconds
2024-07-27T21:38:21.692+0800: 10.744: [GC (Allocation Failure) 2024-07-27T21:38:21.720+0800: 10.772: [ParNew: 77168K->8192K(78656K), 0.0071087 secs] 410625K->372369K(535432K), 0.0352016 secs] [Times: user=0.03 sys=0.00, real=0.03 secs] 
2024-07-27T21:38:21.726+0800: 10.779: Total time for which application threads were stopped: 0.0353237 seconds, Stopping threads took: 0.0000195 seconds
2024-07-27T21:38:21.847+0800: 10.900: Application time: 0.1203275 seconds
2024-07-27T21:38:21.847+0800: 10.900: [GC (Allocation Failure) 2024-07-27T21:38:21.847+0800: 10.900: [ParNew: 77168K->8192K(78656K), 0.0120224 secs] 441346K->440978K(535432K), 0.0120823 secs] [Times: user=0.03 sys=0.00, real=0.01 secs] 
2024-07-27T21:38:21.859+0800: 10.912: Total time for which application threads were stopped: 0.0121992 seconds, Stopping threads took: 0.0000206 seconds
2024-07-27T21:38:21.859+0800: 10.912: [CMS-concurrent-abortable-preclean: 0.004/0.278 secs] [Times: user=0.06 sys=0.00, real=0.28 secs] 
2024-07-27T21:38:21.859+0800: 10.912: Application time: 0.0003051 seconds
2024-07-27T21:38:21.859+0800: 10.912: [GC (CMS Final Remark) [YG occupancy: 12655 K (78656 K)]2024-07-27T21:38:21.859+0800: 10.912: [Rescan (parallel) , 0.0009476 secs]2024-07-27T21:38:21.861+0800: 10.913: [weak refs processing, 0.0000132 secs]2024-07-27T21:38:21.861+0800: 10.913: [class unloading, 0.0001891 secs]2024-07-27T21:38:21.861+0800: 10.914: [scrub symbol table, 0.0003033 secs]2024-07-27T21:38:21.861+0800: 10.914: [scrub string table, 0.0000965 secs][1 CMS-remark: 432786K(456776K)] 445442K(535432K), 0.0016155 secs] [Times: user=0.00 sys=0.00, real=0.00 secs] 
2024-07-27T21:38:21.861+0800: 10.914: Total time for which application threads were stopped: 0.0017970 seconds, Stopping threads took: 0.0001457 seconds
2024-07-27T21:38:21.861+0800: 10.914: [CMS-concurrent-sweep-start]
2024-07-27T21:38:21.863+0800: 10.916: [CMS-concurrent-sweep: 0.001/0.001 secs] [Times: user=0.00 sys=0.00, real=0.00 secs] 
2024-07-27T21:38:21.863+0800: 10.916: [CMS-concurrent-reset-start]
2024-07-27T21:38:21.864+0800: 10.917: [CMS-concurrent-reset: 0.001/0.001 secs] [Times: user=0.03 sys=0.00, real=0.00 secs] 
2024-07-27T21:38:21.866+0800: 10.919: Application time: 0.0049979 seconds
2024-07-27T21:38:21.866+0800: 10.919: [GC (Allocation Failure) 2024-07-27T21:38:21.866+0800: 10.919: [ParNew: 77168K->8192K(78656K), 0.0115671 secs] 344064K->343697K(535432K), 0.0116133 secs] [Times: user=0.00 sys=0.00, real=0.01 secs] 
2024-07-27T21:38:21.878+0800: 10.931: Total time for which application threads were stopped: 0.0117206 seconds, Stopping threads took: 0.0000135 seconds
2024-07-27T21:38:21.878+0800: 10.931: Application time: 0.0002073 seconds
2024-07-27T21:38:21.879+0800: 10.931: [GC (CMS Initial Mark) [1 CMS-initial-mark: 335505K(456776K)] 347136K(535432K), 0.0007671 secs] [Times: user=0.00 sys=0.00, real=0.00 secs] 
2024-07-27T21:38:21.879+0800: 10.932: Total time for which application threads were stopped: 0.0008797 seconds, Stopping threads took: 0.0000719 seconds
2024-07-27T21:38:21.879+0800: 10.932: [CMS-concurrent-mark-start]
2024-07-27T21:38:21.881+0800: 10.934: [CMS-concurrent-mark: 0.002/0.002 secs] [Times: user=0.05 sys=0.00, real=0.00 secs] 
2024-07-27T21:38:21.881+0800: 10.934: [CMS-concurrent-preclean-start]
2024-07-27T21:38:21.882+0800: 10.935: [CMS-concurrent-preclean: 0.001/0.001 secs] [Times: user=0.00 sys=0.00, real=0.00 secs] 
2024-07-27T21:38:21.882+0800: 10.935: [CMS-concurrent-abortable-preclean-start]
2024-07-27T21:38:21.992+0800: 11.044: Application time: 0.1125953 seconds
2024-07-27T21:38:21.992+0800: 11.045: [GC (Allocation Failure) 2024-07-27T21:38:21.992+0800: 11.045: [ParNew: 77168K->8192K(78656K), 0.0069044 secs] 412673K->375441K(535432K), 0.0069639 secs] [Times: user=0.00 sys=0.00, real=0.01 secs] 
2024-07-27T21:38:21.999+0800: 11.052: Total time for which application threads were stopped: 0.0070726 seconds, Stopping threads took: 0.0000193 seconds
2024-07-27T21:38:22.115+0800: 11.168: Application time: 0.1161848 seconds
2024-07-27T21:38:22.115+0800: 11.168: [GC (Allocation Failure) 2024-07-27T21:38:22.115+0800: 11.168: [ParNew: 77168K->8192K(78656K), 0.0118245 secs] 444418K->444050K(535432K), 0.0118950 secs] [Times: user=0.00 sys=0.00, real=0.01 secs] 
2024-07-27T21:38:22.127+0800: 11.180: Total time for which application threads were stopped: 0.0120208 seconds, Stopping threads took: 0.0000203 seconds
2024-07-27T21:38:22.131+0800: 11.184: Application time: 0.0044758 seconds
2024-07-27T21:38:22.131+0800: 11.184: [GC (Allocation Failure) 2024-07-27T21:38:22.131+0800: 11.184: [ParNew: 77168K->8192K(78656K), 0.0308861 secs] 513027K->512659K(583748K), 0.0309356 secs] [Times: user=0.05 sys=0.02, real=0.03 secs] 
2024-07-27T21:38:22.162+0800: 11.215: Total time for which application threads were stopped: 0.0310338 seconds, Stopping threads took: 0.0000147 seconds
2024-07-27T21:38:22.162+0800: 11.215: [CMS-concurrent-abortable-preclean: 0.005/0.280 secs] [Times: user=0.06 sys=0.02, real=0.28 secs] 
2024-07-27T21:38:22.163+0800: 11.216: Application time: 0.0002676 seconds
2024-07-27T21:38:22.163+0800: 11.216: [GC (CMS Final Remark) [YG occupancy: 12655 K (78656 K)]2024-07-27T21:38:22.163+0800: 11.216: [Rescan (parallel) , 0.0008819 secs]2024-07-27T21:38:22.164+0800: 11.217: [weak refs processing, 0.0000128 secs]2024-07-27T21:38:22.164+0800: 11.217: [class unloading, 0.0002315 secs]2024-07-27T21:38:22.164+0800: 11.217: [scrub symbol table, 0.0003446 secs]2024-07-27T21:38:22.164+0800: 11.217: [scrub string table, 0.0001024 secs][1 CMS-remark: 504467K(505092K)] 517123K(583748K), 0.0016379 secs] [Times: user=0.00 sys=0.00, real=0.00 secs] 
2024-07-27T21:38:22.164+0800: 11.217: Total time for which application threads were stopped: 0.0017524 seconds, Stopping threads took: 0.0000795 seconds
2024-07-27T21:38:22.164+0800: 11.217: [CMS-concurrent-sweep-start]
2024-07-27T21:38:22.166+0800: 11.219: [CMS-concurrent-sweep: 0.001/0.001 secs] [Times: user=0.00 sys=0.00, real=0.00 secs] 
2024-07-27T21:38:22.166+0800: 11.219: [CMS-concurrent-reset-start]
2024-07-27T21:38:22.167+0800: 11.220: [CMS-concurrent-reset: 0.001/0.001 secs] [Times: user=0.00 sys=0.00, real=0.00 secs] 
2024-07-27T21:38:22.275+0800: 11.327: Application time: 0.1098940 seconds
2024-07-27T21:38:22.275+0800: 11.327: [GC (Allocation Failure) 2024-07-27T21:38:22.275+0800: 11.327: [ParNew: 77168K->8192K(78656K), 0.0070694 secs] 414721K->378513K(641248K), 0.0071290 secs] [Times: user=0.00 sys=0.00, real=0.01 secs] 
2024-07-27T21:38:22.282+0800: 11.334: Total time for which application threads were stopped: 0.0072425 seconds, Stopping threads took: 0.0000205 seconds
2024-07-27T21:38:22.282+0800: 11.335: Application time: 0.0001830 seconds
2024-07-27T21:38:22.282+0800: 11.335: [GC (CMS Initial Mark) [1 CMS-initial-mark: 370321K(562592K)] 381953K(641248K), 0.0007884 secs] [Times: user=0.00 sys=0.00, real=0.00 secs] 
2024-07-27T21:38:22.283+0800: 11.336: Total time for which application threads were stopped: 0.0009815 seconds, Stopping threads took: 0.0001460 seconds
2024-07-27T21:38:22.283+0800: 11.336: [CMS-concurrent-mark-start]
2024-07-27T21:38:22.287+0800: 11.340: [CMS-concurrent-mark: 0.004/0.004 secs] [Times: user=0.05 sys=0.00, real=0.01 secs] 
2024-07-27T21:38:22.288+0800: 11.340: [CMS-concurrent-preclean-start]
2024-07-27T21:38:22.288+0800: 11.341: [CMS-concurrent-preclean: 0.001/0.001 secs] [Times: user=0.00 sys=0.00, real=0.00 secs] 
2024-07-27T21:38:22.288+0800: 11.341: [CMS-concurrent-abortable-preclean-start]
2024-07-27T21:38:22.398+0800: 11.451: Application time: 0.1153043 seconds
2024-07-27T21:38:22.399+0800: 11.451: [GC (Allocation Failure) 2024-07-27T21:38:22.399+0800: 11.451: [ParNew: 77168K->8192K(78656K), 0.0194275 secs] 447490K->447122K(641248K), 0.0194906 secs] [Times: user=0.02 sys=0.01, real=0.02 secs] 
2024-07-27T21:38:22.417+0800: 11.471: Total time for which application threads were stopped: 0.0196235 seconds, Stopping threads took: 0.0000282 seconds
2024-07-27T21:38:22.422+0800: 11.475: Application time: 0.0045062 seconds
2024-07-27T21:38:22.422+0800: 11.475: [GC (Allocation Failure) 2024-07-27T21:38:22.422+0800: 11.475: [ParNew: 77168K->8192K(78656K), 0.0264036 secs] 516099K->515731K(641248K), 0.0264706 secs] [Times: user=0.05 sys=0.02, real=0.03 secs] 
2024-07-27T21:38:22.448+0800: 11.502: Total time for which application threads were stopped: 0.0265694 seconds, Stopping threads took: 0.0000156 seconds
2024-07-27T21:38:22.558+0800: 11.611: Application time: 0.1095495 seconds
2024-07-27T21:38:22.558+0800: 11.611: [GC (Allocation Failure) 2024-07-27T21:38:22.558+0800: 11.611: [ParNew: 77168K->8192K(78656K), 0.0071408 secs] 584708K->549524K(641248K), 0.0071986 secs] [Times: user=0.00 sys=0.00, real=0.01 secs] 
2024-07-27T21:38:22.565+0800: 11.618: Total time for which application threads were stopped: 0.0073207 seconds, Stopping threads took: 0.0000327 seconds
2024-07-27T21:38:22.565+0800: 11.619: [CMS-concurrent-abortable-preclean: 0.007/0.278 secs] [Times: user=0.06 sys=0.03, real=0.28 secs] 
2024-07-27T21:38:22.566+0800: 11.619: Application time: 0.0003663 seconds
2024-07-27T21:38:22.566+0800: 11.619: [GC (CMS Final Remark) [YG occupancy: 13679 K (78656 K)]2024-07-27T21:38:22.566+0800: 11.619: [Rescan (parallel) , 0.0008664 secs]2024-07-27T21:38:22.567+0800: 11.620: [weak refs processing, 0.0000125 secs]2024-07-27T21:38:22.567+0800: 11.620: [class unloading, 0.0001858 secs]2024-07-27T21:38:22.567+0800: 11.620: [scrub symbol table, 0.0003786 secs]2024-07-27T21:38:22.567+0800: 11.621: [scrub string table, 0.0001015 secs][1 CMS-remark: 541332K(562592K)] 555011K(641248K), 0.0016170 secs] [Times: user=0.00 sys=0.00, real=0.00 secs] 
2024-07-27T21:38:22.567+0800: 11.621: Total time for which application threads were stopped: 0.0018067 seconds, Stopping threads took: 0.0001537 seconds
2024-07-27T21:38:22.568+0800: 11.621: [CMS-concurrent-sweep-start]
2024-07-27T21:38:22.570+0800: 11.623: [CMS-concurrent-sweep: 0.002/0.002 secs] [Times: user=0.00 sys=0.00, real=0.00 secs] 
2024-07-27T21:38:22.570+0800: 11.623: [CMS-concurrent-reset-start]
2024-07-27T21:38:22.572+0800: 11.624: [CMS-concurrent-reset: 0.001/0.001 secs] [Times: user=0.00 sys=0.00, real=0.00 secs] 
2024-07-27T21:38:22.681+0800: 11.734: Application time: 0.1132816 seconds
2024-07-27T21:38:22.681+0800: 11.734: [GC (Allocation Failure) 2024-07-27T21:38:22.681+0800: 11.734: [ParNew: 77168K->8192K(78656K), 0.0120835 secs] 281599K->281232K(641248K), 0.0121451 secs] [Times: user=0.03 sys=0.00, real=0.01 secs] 
2024-07-27T21:38:22.693+0800: 11.746: Total time for which application threads were stopped: 0.0122637 seconds, Stopping threads took: 0.0000203 seconds
2024-07-27T21:38:22.693+0800: 11.746: Application time: 0.0002376 seconds
2024-07-27T21:38:22.693+0800: 11.747: [GC (CMS Initial Mark) [1 CMS-initial-mark: 273040K(562592K)] 284671K(641248K), 0.0007744 secs] [Times: user=0.00 sys=0.00, real=0.00 secs] 
2024-07-27T21:38:22.695+0800: 11.747: Total time for which application threads were stopped: 0.0008963 seconds, Stopping threads took: 0.0000809 seconds
2024-07-27T21:38:22.695+0800: 11.747: [CMS-concurrent-mark-start]
2024-07-27T21:38:22.698+0800: 11.751: [CMS-concurrent-mark: 0.004/0.004 secs] [Times: user=0.00 sys=0.00, real=0.00 secs] 
2024-07-27T21:38:22.698+0800: 11.752: [CMS-concurrent-preclean-start]
2024-07-27T21:38:22.699+0800: 11.752: Application time: 0.0050164 seconds
2024-07-27T21:38:22.699+0800: 11.752: [GC (Allocation Failure) 2024-07-27T21:38:22.699+0800: 11.752: [ParNew: 77168K->8192K(78656K), 0.0121523 secs] 350208K->349841K(641248K), 0.0122124 secs] [Times: user=0.03 sys=0.00, real=0.01 secs] 
2024-07-27T21:38:22.712+0800: 11.765: Total time for which application threads were stopped: 0.0123126 seconds, Stopping threads took: 0.0000140 seconds
2024-07-27T21:38:22.713+0800: 11.766: [CMS-concurrent-preclean: 0.002/0.014 secs] [Times: user=0.03 sys=0.00, real=0.02 secs] 
2024-07-27T21:38:22.713+0800: 11.766: [CMS-concurrent-abortable-preclean-start]
2024-07-27T21:38:22.826+0800: 11.879: Application time: 0.1142234 seconds
2024-07-27T21:38:22.826+0800: 11.879: [GC (Allocation Failure) 2024-07-27T21:38:22.826+0800: 11.879: [ParNew: 77168K->8192K(78656K), 0.0073629 secs] 418817K->384657K(641248K), 0.0074264 secs] [Times: user=0.03 sys=0.00, real=0.01 secs] 
2024-07-27T21:38:22.834+0800: 11.886: Total time for which application threads were stopped: 0.0075464 seconds, Stopping threads took: 0.0000193 seconds
2024-07-27T21:38:22.834+0800: 11.887: [CMS-concurrent-abortable-preclean: 0.003/0.121 secs] [Times: user=0.03 sys=0.00, real=0.12 secs] 
2024-07-27T21:38:22.834+0800: 11.887: Application time: 0.0003020 seconds
2024-07-27T21:38:22.834+0800: 11.887: [GC (CMS Final Remark) [YG occupancy: 12655 K (78656 K)]2024-07-27T21:38:22.834+0800: 11.887: [Rescan (parallel) , 0.0006630 secs]2024-07-27T21:38:22.835+0800: 11.888: [weak refs processing, 0.0000126 secs]2024-07-27T21:38:22.835+0800: 11.888: [class unloading, 0.0001872 secs]2024-07-27T21:38:22.835+0800: 11.888: [scrub symbol table, 0.0003413 secs]2024-07-27T21:38:22.835+0800: 11.888: [scrub string table, 0.0001126 secs][1 CMS-remark: 376465K(562592K)] 389121K(641248K), 0.0013783 secs] [Times: user=0.00 sys=0.00, real=0.00 secs] 
2024-07-27T21:38:22.835+0800: 11.888: Total time for which application threads were stopped: 0.0015539 seconds, Stopping threads took: 0.0001405 seconds
2024-07-27T21:38:22.836+0800: 11.889: [CMS-concurrent-sweep-start]
2024-07-27T21:38:22.837+0800: 11.890: [CMS-concurrent-sweep: 0.002/0.002 secs] [Times: user=0.00 sys=0.00, real=0.00 secs] 
2024-07-27T21:38:22.837+0800: 11.890: [CMS-concurrent-reset-start]
2024-07-27T21:38:22.838+0800: 11.891: [CMS-concurrent-reset: 0.001/0.001 secs] [Times: user=0.00 sys=0.00, real=0.00 secs] 
2024-07-27T21:38:22.949+0800: 12.002: Application time: 0.1138609 seconds
2024-07-27T21:38:22.950+0800: 12.002: [GC (Allocation Failure) 2024-07-27T21:38:22.950+0800: 12.002: [ParNew: 77168K->8192K(78656K), 0.0124216 secs] 283647K->283280K(641248K), 0.0124812 secs] [Times: user=0.03 sys=0.00, real=0.01 secs] 
2024-07-27T21:38:22.962+0800: 12.015: Total time for which application threads were stopped: 0.0126148 seconds, Stopping threads took: 0.0000399 seconds
2024-07-27T21:38:22.967+0800: 12.019: Application time: 0.0045800 seconds
2024-07-27T21:38:22.967+0800: 12.019: [GC (Allocation Failure) 2024-07-27T21:38:22.967+0800: 12.019: [ParNew: 77168K->8192K(78656K), 0.0121658 secs] 352256K->351889K(641248K), 0.0122164 secs] [Times: user=0.02 sys=0.01, real=0.01 secs] 
2024-07-27T21:38:22.979+0800: 12.032: Total time for which application threads were stopped: 0.0123347 seconds, Stopping threads took: 0.0000191 seconds
2024-07-27T21:38:22.980+0800: 12.032: Application time: 0.0002201 seconds
2024-07-27T21:38:22.980+0800: 12.032: [GC (CMS Initial Mark) [1 CMS-initial-mark: 343697K(562592K)] 355328K(641248K), 0.0007619 secs] [Times: user=0.00 sys=0.00, real=0.00 secs] 
2024-07-27T21:38:22.980+0800: 12.033: Total time for which application threads were stopped: 0.0008769 seconds, Stopping threads took: 0.0000698 seconds
2024-07-27T21:38:22.980+0800: 12.033: [CMS-concurrent-mark-start]
2024-07-27T21:38:22.983+0800: 12.035: [CMS-concurrent-mark: 0.002/0.002 secs] [Times: user=0.00 sys=0.00, real=0.00 secs] 
2024-07-27T21:38:22.983+0800: 12.035: [CMS-concurrent-preclean-start]
2024-07-27T21:38:22.983+0800: 12.036: [CMS-concurrent-preclean: 0.001/0.001 secs] [Times: user=0.00 sys=0.00, real=0.00 secs] 
2024-07-27T21:38:22.983+0800: 12.036: [CMS-concurrent-abortable-preclean-start]
2024-07-27T21:38:23.094+0800: 12.147: Application time: 0.1143405 seconds
2024-07-27T21:38:23.094+0800: 12.147: [GC (Allocation Failure) 2024-07-27T21:38:23.094+0800: 12.147: [ParNew: 77168K->8192K(78656K), 0.0073654 secs] 420865K->387729K(641248K), 0.0074350 secs] [Times: user=0.03 sys=0.00, real=0.01 secs] 
2024-07-27T21:38:23.102+0800: 12.155: Total time for which application threads were stopped: 0.0075453 seconds, Stopping threads took: 0.0000187 seconds
2024-07-27T21:38:23.220+0800: 12.272: Application time: 0.1176476 seconds
2024-07-27T21:38:23.220+0800: 12.272: [GC (Allocation Failure) 2024-07-27T21:38:23.220+0800: 12.272: [ParNew: 77168K->8192K(78656K), 0.0124346 secs] 456706K->456338K(641248K), 0.0124981 secs] [Times: user=0.03 sys=0.00, real=0.01 secs] 
2024-07-27T21:38:23.232+0800: 12.285: Total time for which application threads were stopped: 0.0126093 seconds, Stopping threads took: 0.0000196 seconds
2024-07-27T21:38:23.232+0800: 12.285: [CMS-concurrent-abortable-preclean: 0.006/0.249 secs] [Times: user=0.06 sys=0.00, real=0.25 secs] 
2024-07-27T21:38:23.232+0800: 12.285: Application time: 0.0003121 seconds
2024-07-27T21:38:23.232+0800: 12.285: [GC (CMS Final Remark) [YG occupancy: 12655 K (78656 K)]2024-07-27T21:38:23.232+0800: 12.285: [Rescan (parallel) , 0.0007151 secs]2024-07-27T21:38:23.233+0800: 12.286: [weak refs processing, 0.0000125 secs]2024-07-27T21:38:23.233+0800: 12.286: [class unloading, 0.0002192 secs]2024-07-27T21:38:23.233+0800: 12.286: [scrub symbol table, 0.0003674 secs]2024-07-27T21:38:23.234+0800: 12.287: [scrub string table, 0.0000935 secs][1 CMS-remark: 448146K(562592K)] 460802K(641248K), 0.0014749 secs] [Times: user=0.00 sys=0.00, real=0.00 secs] 
2024-07-27T21:38:23.234+0800: 12.287: Total time for which application threads were stopped: 0.0015926 seconds, Stopping threads took: 0.0000821 seconds
2024-07-27T21:38:23.235+0800: 12.288: [CMS-concurrent-sweep-start]
2024-07-27T21:38:23.236+0800: 12.289: [CMS-concurrent-sweep: 0.002/0.002 secs] [Times: user=0.00 sys=0.00, real=0.00 secs] 
2024-07-27T21:38:23.236+0800: 12.290: [CMS-concurrent-reset-start]
2024-07-27T21:38:23.238+0800: 12.291: [CMS-concurrent-reset: 0.001/0.001 secs] [Times: user=0.00 sys=0.00, real=0.00 secs] 
2024-07-27T21:38:23.239+0800: 12.292: Application time: 0.0048179 seconds
2024-07-27T21:38:23.239+0800: 12.292: [GC (Allocation Failure) 2024-07-27T21:38:23.239+0800: 12.292: [ParNew: 77168K->8192K(78656K), 0.0124225 secs] 354304K->353937K(641248K), 0.0124641 secs] [Times: user=0.00 sys=0.00, real=0.01 secs] 
2024-07-27T21:38:23.252+0800: 12.304: Total time for which application threads were stopped: 0.0125578 seconds, Stopping threads took: 0.0000136 seconds
2024-07-27T21:38:23.252+0800: 12.304: Application time: 0.0001668 seconds
2024-07-27T21:38:23.252+0800: 12.305: [GC (CMS Initial Mark) [1 CMS-initial-mark: 345745K(562592K)] 357376K(641248K), 0.0007655 secs] [Times: user=0.00 sys=0.00, real=0.00 secs] 
2024-07-27T21:38:23.252+0800: 12.305: Total time for which application threads were stopped: 0.0009424 seconds, Stopping threads took: 0.0001356 seconds
2024-07-27T21:38:23.252+0800: 12.305: [CMS-concurrent-mark-start]
2024-07-27T21:38:23.255+0800: 12.308: [CMS-concurrent-mark: 0.002/0.002 secs] [Times: user=0.05 sys=0.00, real=0.00 secs] 
2024-07-27T21:38:23.255+0800: 12.308: [CMS-concurrent-preclean-start]
2024-07-27T21:38:23.255+0800: 12.308: [CMS-concurrent-preclean: 0.001/0.001 secs] [Times: user=0.00 sys=0.00, real=0.00 secs] 
2024-07-27T21:38:23.255+0800: 12.308: [CMS-concurrent-abortable-preclean-start]
2024-07-27T21:38:23.364+0800: 12.417: Application time: 0.1119666 seconds
2024-07-27T21:38:23.364+0800: 12.417: [GC (Allocation Failure) 2024-07-27T21:38:23.364+0800: 12.417: [ParNew: 77168K->8192K(78656K), 0.0074729 secs] 422913K->390801K(641248K), 0.0075318 secs] [Times: user=0.00 sys=0.00, real=0.01 secs] 
2024-07-27T21:38:23.372+0800: 12.425: Total time for which application threads were stopped: 0.0076604 seconds, Stopping threads took: 0.0000211 seconds
2024-07-27T21:38:23.490+0800: 12.544: Application time: 0.1186973 seconds
2024-07-27T21:38:23.490+0800: 12.544: [GC (Allocation Failure) 2024-07-27T21:38:23.490+0800: 12.544: [ParNew: 77168K->8192K(78656K), 0.0118748 secs] 459778K->459410K(641248K), 0.0119346 secs] [Times: user=0.00 sys=0.00, real=0.01 secs] 
2024-07-27T21:38:23.503+0800: 12.556: Total time for which application threads were stopped: 0.0120455 seconds, Stopping threads took: 0.0000197 seconds
2024-07-27T21:38:23.503+0800: 12.556: [CMS-concurrent-abortable-preclean: 0.006/0.247 secs] [Times: user=0.02 sys=0.00, real=0.25 secs] 
2024-07-27T21:38:23.503+0800: 12.556: Application time: 0.0003102 seconds
2024-07-27T21:38:23.503+0800: 12.556: [GC (CMS Final Remark) [YG occupancy: 12655 K (78656 K)]2024-07-27T21:38:23.503+0800: 12.556: [Rescan (parallel) , 0.0010455 secs]2024-07-27T21:38:23.505+0800: 12.557: [weak refs processing, 0.0000128 secs]2024-07-27T21:38:23.505+0800: 12.557: [class unloading, 0.0002040 secs]2024-07-27T21:38:23.505+0800: 12.557: [scrub symbol table, 0.0003414 secs]2024-07-27T21:38:23.505+0800: 12.558: [scrub string table, 0.0001221 secs][1 CMS-remark: 451218K(562592K)] 463874K(641248K), 0.0018051 secs] [Times: user=0.00 sys=0.02, real=0.00 secs] 
2024-07-27T21:38:23.506+0800: 12.558: Total time for which application threads were stopped: 0.0019380 seconds, Stopping threads took: 0.0000840 seconds
2024-07-27T21:38:23.506+0800: 12.558: [CMS-concurrent-sweep-start]
2024-07-27T21:38:23.506+0800: 12.559: [CMS-concurrent-sweep: 0.001/0.001 secs] [Times: user=0.00 sys=0.00, real=0.00 secs] 
2024-07-27T21:38:23.506+0800: 12.559: [CMS-concurrent-reset-start]
2024-07-27T21:38:23.508+0800: 12.561: [CMS-concurrent-reset: 0.001/0.001 secs] [Times: user=0.00 sys=0.00, real=0.00 secs] 
2024-07-27T21:38:23.510+0800: 12.563: Application time: 0.0048430 seconds
2024-07-27T21:38:23.511+0800: 12.563: [GC (Allocation Failure) 2024-07-27T21:38:23.511+0800: 12.563: [ParNew: 77168K->8192K(78656K), 0.0120264 secs] 356352K->355985K(641248K), 0.0120730 secs] [Times: user=0.03 sys=0.00, real=0.01 secs] 
2024-07-27T21:38:23.522+0800: 12.575: Total time for which application threads were stopped: 0.0121733 seconds, Stopping threads took: 0.0000182 seconds
2024-07-27T21:38:23.523+0800: 12.575: Application time: 0.0002529 seconds
2024-07-27T21:38:23.523+0800: 12.575: [GC (CMS Initial Mark) [1 CMS-initial-mark: 347793K(562592K)] 359424K(641248K), 0.0007082 secs] [Times: user=0.00 sys=0.00, real=0.00 secs] 
2024-07-27T21:38:23.523+0800: 12.576: Total time for which application threads were stopped: 0.0008927 seconds, Stopping threads took: 0.0001432 seconds
2024-07-27T21:38:23.523+0800: 12.576: [CMS-concurrent-mark-start]
2024-07-27T21:38:23.525+0800: 12.579: [CMS-concurrent-mark: 0.002/0.002 secs] [Times: user=0.00 sys=0.00, real=0.00 secs] 
2024-07-27T21:38:23.525+0800: 12.579: [CMS-concurrent-preclean-start]
2024-07-27T21:38:23.527+0800: 12.579: [CMS-concurrent-preclean: 0.001/0.001 secs] [Times: user=0.00 sys=0.00, real=0.00 secs] 
2024-07-27T21:38:23.527+0800: 12.579: [CMS-concurrent-abortable-preclean-start]
2024-07-27T21:38:23.633+0800: 12.686: Application time: 0.1097168 seconds
2024-07-27T21:38:23.633+0800: 12.686: [GC (Allocation Failure) 2024-07-27T21:38:23.633+0800: 12.686: [ParNew: 77168K->8192K(78656K), 0.0094128 secs] 424961K->393873K(641248K), 0.0094879 secs] [Times: user=0.00 sys=0.00, real=0.01 secs] 
2024-07-27T21:38:23.643+0800: 12.696: Total time for which application threads were stopped: 0.0096354 seconds, Stopping threads took: 0.0000201 seconds
2024-07-27T21:38:23.756+0800: 12.809: Application time: 0.1131386 seconds
2024-07-27T21:38:23.756+0800: 12.809: [GC (Allocation Failure) 2024-07-27T21:38:23.756+0800: 12.809: [ParNew: 77168K->8192K(78656K), 0.0119067 secs] 462850K->462482K(641248K), 0.0119652 secs] [Times: user=0.00 sys=0.00, real=0.01 secs] 
2024-07-27T21:38:23.768+0800: 12.821: Total time for which application threads were stopped: 0.0120927 seconds, Stopping threads took: 0.0000201 seconds
2024-07-27T21:38:23.768+0800: 12.821: [CMS-concurrent-abortable-preclean: 0.006/0.241 secs] [Times: user=0.03 sys=0.00, real=0.24 secs] 
2024-07-27T21:38:23.769+0800: 12.821: Application time: 0.0002714 seconds
2024-07-27T21:38:23.769+0800: 12.821: [GC (CMS Final Remark) [YG occupancy: 12655 K (78656 K)]2024-07-27T21:38:23.769+0800: 12.821: [Rescan (parallel) , 0.0008692 secs]2024-07-27T21:38:23.770+0800: 12.822: [weak refs processing, 0.0000126 secs]2024-07-27T21:38:23.770+0800: 12.822: [class unloading, 0.0002150 secs]2024-07-27T21:38:23.770+0800: 12.822: [scrub symbol table, 0.0003579 secs]2024-07-27T21:38:23.770+0800: 12.823: [scrub string table, 0.0001015 secs][1 CMS-remark: 454290K(562592K)] 466946K(641248K), 0.0016230 secs] [Times: user=0.00 sys=0.00, real=0.00 secs] 
2024-07-27T21:38:23.770+0800: 12.823: Total time for which application threads were stopped: 0.0017532 seconds, Stopping threads took: 0.0000916 seconds
2024-07-27T21:38:23.771+0800: 12.823: [CMS-concurrent-sweep-start]
2024-07-27T21:38:23.772+0800: 12.824: [CMS-concurrent-sweep: 0.001/0.001 secs] [Times: user=0.00 sys=0.00, real=0.00 secs] 
2024-07-27T21:38:23.772+0800: 12.825: [CMS-concurrent-reset-start]
2024-07-27T21:38:23.773+0800: 12.826: [CMS-concurrent-reset: 0.001/0.001 secs] [Times: user=0.00 sys=0.00, real=0.00 secs] 
2024-07-27T21:38:23.775+0800: 12.828: Application time: 0.0049215 seconds
2024-07-27T21:38:23.775+0800: 12.828: [GC (Allocation Failure) 2024-07-27T21:38:23.775+0800: 12.828: [ParNew: 77168K->8192K(78656K), 0.0120845 secs] 358400K->358033K(641248K), 0.0121336 secs] [Times: user=0.03 sys=0.00, real=0.01 secs] 
2024-07-27T21:38:23.788+0800: 12.840: Total time for which application threads were stopped: 0.0122403 seconds, Stopping threads took: 0.0000128 seconds
2024-07-27T21:38:23.788+0800: 12.840: Application time: 0.0001747 seconds
2024-07-27T21:38:23.788+0800: 12.840: [GC (CMS Initial Mark) [1 CMS-initial-mark: 349841K(562592K)] 361473K(641248K), 0.0008036 secs] [Times: user=0.00 sys=0.00, real=0.00 secs] 
2024-07-27T21:38:23.789+0800: 12.841: Total time for which application threads were stopped: 0.0010035 seconds, Stopping threads took: 0.0001581 seconds
2024-07-27T21:38:23.789+0800: 12.841: [CMS-concurrent-mark-start]
2024-07-27T21:38:23.791+0800: 12.843: [CMS-concurrent-mark: 0.002/0.002 secs] [Times: user=0.00 sys=0.00, real=0.00 secs] 
2024-07-27T21:38:23.791+0800: 12.843: [CMS-concurrent-preclean-start]
2024-07-27T21:38:23.792+0800: 12.844: [CMS-concurrent-preclean: 0.001/0.001 secs] [Times: user=0.00 sys=0.00, real=0.00 secs] 
2024-07-27T21:38:23.792+0800: 12.844: [CMS-concurrent-abortable-preclean-start]
2024-07-27T21:38:23.898+0800: 12.951: Application time: 0.1098946 seconds
2024-07-27T21:38:23.898+0800: 12.951: [GC (Allocation Failure) 2024-07-27T21:38:23.898+0800: 12.951: [ParNew: 77168K->8192K(78656K), 0.0079145 secs] 427010K->396945K(641248K), 0.0079737 secs] [Times: user=0.00 sys=0.00, real=0.01 secs] 
2024-07-27T21:38:23.907+0800: 12.959: Total time for which application threads were stopped: 0.0080828 seconds, Stopping threads took: 0.0000194 seconds
2024-07-27T21:38:24.022+0800: 13.075: Application time: 0.1156300 seconds
2024-07-27T21:38:24.022+0800: 13.075: [GC (Allocation Failure) 2024-07-27T21:38:24.022+0800: 13.075: [ParNew: 77868K->8196K(78656K), 0.0121558 secs] 466622K->465559K(641248K), 0.0122156 secs] [Times: user=0.00 sys=0.00, real=0.01 secs] 
2024-07-27T21:38:24.035+0800: 13.087: Total time for which application threads were stopped: 0.0123230 seconds, Stopping threads took: 0.0000192 seconds
2024-07-27T21:38:24.035+0800: 13.087: [CMS-concurrent-abortable-preclean: 0.006/0.243 secs] [Times: user=0.01 sys=0.00, real=0.24 secs] 
2024-07-27T21:38:24.035+0800: 13.087: Application time: 0.0002854 seconds
2024-07-27T21:38:24.035+0800: 13.087: [GC (CMS Final Remark) [YG occupancy: 12654 K (78656 K)]2024-07-27T21:38:24.035+0800: 13.088: [Rescan (parallel) , 0.0009265 secs]2024-07-27T21:38:24.036+0800: 13.088: [weak refs processing, 0.0000128 secs]2024-07-27T21:38:24.036+0800: 13.088: [class unloading, 0.0001866 secs]2024-07-27T21:38:24.036+0800: 13.089: [scrub symbol table, 0.0003479 secs]2024-07-27T21:38:24.037+0800: 13.089: [scrub string table, 0.0001929 secs][1 CMS-remark: 457362K(562592K)] 470017K(641248K), 0.0017392 secs] [Times: user=0.02 sys=0.00, real=0.00 secs] 
2024-07-27T21:38:24.037+0800: 13.089: Total time for which application threads were stopped: 0.0018595 seconds, Stopping threads took: 0.0000821 seconds
2024-07-27T21:38:24.037+0800: 13.090: [CMS-concurrent-sweep-start]
2024-07-27T21:38:24.039+0800: 13.091: [CMS-concurrent-sweep: 0.002/0.002 secs] [Times: user=0.00 sys=0.00, real=0.00 secs] 
2024-07-27T21:38:24.039+0800: 13.091: [CMS-concurrent-reset-start]
2024-07-27T21:38:24.040+0800: 13.093: [CMS-concurrent-reset: 0.001/0.001 secs] [Times: user=0.00 sys=0.00, real=0.00 secs] 
2024-07-27T21:38:24.042+0800: 13.094: Application time: 0.0047896 seconds
2024-07-27T21:38:24.042+0800: 13.094: [GC (Allocation Failure) 2024-07-27T21:38:24.042+0800: 13.094: [ParNew: 77167K->8192K(78656K), 0.0119371 secs] 320511K->320144K(641248K), 0.0119897 secs] [Times: user=0.03 sys=0.00, real=0.01 secs] 
2024-07-27T21:38:24.054+0800: 13.106: Total time for which application threads were stopped: 0.0120942 seconds, Stopping threads took: 0.0000140 seconds
2024-07-27T21:38:24.054+0800: 13.106: Application time: 0.0001278 seconds
2024-07-27T21:38:24.054+0800: 13.106: [GC (CMS Initial Mark) [1 CMS-initial-mark: 311952K(562592K)] 323581K(641248K), 0.0005429 secs] [Times: user=0.00 sys=0.00, real=0.00 secs] 
2024-07-27T21:38:24.054+0800: 13.107: Total time for which application threads were stopped: 0.0006563 seconds, Stopping threads took: 0.0000723 seconds
2024-07-27T21:38:24.055+0800: 13.107: [CMS-concurrent-mark-start]
2024-07-27T21:38:24.056+0800: 13.109: [CMS-concurrent-mark: 0.002/0.002 secs] [Times: user=0.00 sys=0.00, real=0.00 secs] 
2024-07-27T21:38:24.056+0800: 13.109: [CMS-concurrent-preclean-start]
2024-07-27T21:38:24.057+0800: 13.110: [CMS-concurrent-preclean: 0.001/0.001 secs] [Times: user=0.00 sys=0.00, real=0.00 secs] 
2024-07-27T21:38:24.057+0800: 13.110: [CMS-concurrent-abortable-preclean-start]
2024-07-27T21:38:24.165+0800: 13.218: Application time: 0.1112826 seconds
2024-07-27T21:38:24.165+0800: 13.218: [GC (Allocation Failure) 2024-07-27T21:38:24.165+0800: 13.218: [ParNew: 77165K->8192K(78656K), 0.0079949 secs] 389118K->360081K(641248K), 0.0080542 secs] [Times: user=0.00 sys=0.00, real=0.01 secs] 
2024-07-27T21:38:24.173+0800: 13.226: Total time for which application threads were stopped: 0.0081617 seconds, Stopping threads took: 0.0000196 seconds
2024-07-27T21:38:24.290+0800: 13.343: Application time: 0.1168279 seconds
2024-07-27T21:38:24.291+0800: 13.343: [GC (Allocation Failure) 2024-07-27T21:38:24.291+0800: 13.343: [ParNew: 77166K->8192K(78656K), 0.0119896 secs] 429056K->428690K(641248K), 0.0120488 secs] [Times: user=0.03 sys=0.00, real=0.01 secs] 
2024-07-27T21:38:24.303+0800: 13.355: Total time for which application threads were stopped: 0.0121787 seconds, Stopping threads took: 0.0000230 seconds
2024-07-27T21:38:24.303+0800: 13.355: [CMS-concurrent-abortable-preclean: 0.006/0.246 secs] [Times: user=0.05 sys=0.00, real=0.25 secs] 
2024-07-27T21:38:24.303+0800: 13.356: Application time: 0.0002918 seconds
2024-07-27T21:38:24.303+0800: 13.356: [GC (CMS Final Remark) [YG occupancy: 12654 K (78656 K)]2024-07-27T21:38:24.303+0800: 13.356: [Rescan (parallel) , 0.0009743 secs]2024-07-27T21:38:24.304+0800: 13.357: [weak refs processing, 0.0000126 secs]2024-07-27T21:38:24.304+0800: 13.357: [class unloading, 0.0001904 secs]2024-07-27T21:38:24.304+0800: 13.357: [scrub symbol table, 0.0003911 secs]2024-07-27T21:38:24.305+0800: 13.357: [scrub string table, 0.0000919 secs][1 CMS-remark: 420498K(562592K)] 433152K(641248K), 0.0017283 secs] [Times: user=0.00 sys=0.00, real=0.00 secs] 
2024-07-27T21:38:24.305+0800: 13.358: Total time for which application threads were stopped: 0.0019270 seconds, Stopping threads took: 0.0001624 seconds
2024-07-27T21:38:24.305+0800: 13.358: [CMS-concurrent-sweep-start]
2024-07-27T21:38:24.306+0800: 13.359: [CMS-concurrent-sweep: 0.001/0.001 secs] [Times: user=0.00 sys=0.00, real=0.00 secs] 
2024-07-27T21:38:24.306+0800: 13.359: [CMS-concurrent-reset-start]
2024-07-27T21:38:24.308+0800: 13.360: [CMS-concurrent-reset: 0.001/0.001 secs] [Times: user=0.00 sys=0.00, real=0.00 secs] 
2024-07-27T21:38:24.310+0800: 13.362: Application time: 0.0048441 seconds
2024-07-27T21:38:24.310+0800: 13.363: [GC (Allocation Failure) 2024-07-27T21:38:24.310+0800: 13.363: [ParNew: 77167K->8192K(78656K), 0.0121844 secs] 362495K->362129K(641248K), 0.0122318 secs] [Times: user=0.03 sys=0.00, real=0.01 secs] 
2024-07-27T21:38:24.322+0800: 13.375: Total time for which application threads were stopped: 0.0123301 seconds, Stopping threads took: 0.0000137 seconds
2024-07-27T21:38:24.322+0800: 13.375: Application time: 0.0002490 seconds
2024-07-27T21:38:24.322+0800: 13.375: [GC (CMS Initial Mark) [1 CMS-initial-mark: 353937K(562592K)] 365568K(641248K), 0.0007914 secs] [Times: user=0.00 sys=0.00, real=0.00 secs] 
2024-07-27T21:38:24.323+0800: 13.376: Total time for which application threads were stopped: 0.0009107 seconds, Stopping threads took: 0.0000749 seconds
2024-07-27T21:38:24.323+0800: 13.376: [CMS-concurrent-mark-start]
2024-07-27T21:38:24.325+0800: 13.378: [CMS-concurrent-mark: 0.002/0.002 secs] [Times: user=0.00 sys=0.00, real=0.00 secs] 
2024-07-27T21:38:24.325+0800: 13.378: [CMS-concurrent-preclean-start]
2024-07-27T21:38:24.326+0800: 13.379: [CMS-concurrent-preclean: 0.001/0.001 secs] [Times: user=0.00 sys=0.00, real=0.00 secs] 
2024-07-27T21:38:24.326+0800: 13.379: [CMS-concurrent-abortable-preclean-start]
Heap
 par new generation   total 78656K, used 29414K [0x00000000c8000000, 0x00000000cd550000, 0x00000000daaa0000)
  eden space 69952K,  30% used [0x00000000c8000000, 0x00000000c94b99c8, 0x00000000cc450000)
  from space 8704K,  94% used [0x00000000cccd0000, 0x00000000cd4d0080, 0x00000000cd550000)
  to   space 8704K,   0% used [0x00000000cc450000, 0x00000000cc450000, 0x00000000cccd0000)
 concurrent mark-sweep generation total 562592K, used 353937K [0x00000000daaa0000, 0x00000000fd008000, 0x0000000100000000)
 Metaspace       used 2942K, capacity 4486K, committed 4864K, reserved 1056768K
  class space    used 305K, capacity 386K, committed 512K, reserved 1048576K
2024-07-27T21:38:24.430+0800: 13.482: Application time: 0.1064064 seconds
