OpenJDK 64-Bit Server VM (25.412-b1) for windows-amd64 JRE (1.8.0_412-b1), built on Apr 23 2024 12:00:37 by "Administrator" with MS VC++ 10.0 (VS2010)
Memory: 4k page, physical 16672068k(5510560k free), swap 19162436k(4682092k free)
CommandLine flags: -XX:GCDrainStackTargetSize=64 -XX:InitialHeapSize=266753088 -XX:MaxHeapSize=939524096 -XX:MaxNewSize=313176064 -XX:MaxTenuringThreshold=6 -XX:OldPLABSize=16 -XX:+PrintGC -XX:+PrintGCApplicationConcurrentTime -XX:+PrintGCApplicationStoppedTime -XX:+PrintGCDateStamps -XX:+PrintGCDetails -XX:+PrintGCTimeStamps -XX:+UseCompressedClassPointers -XX:+UseCompressedOops -XX:+UseConcMarkSweepGC -XX:-UseLargePagesIndividualAllocation -XX:+UseParNewGC 
2024-07-27T21:38:24.608+0800: 0.106: Application time: 0.0356655 seconds
2024-07-27T21:38:24.608+0800: 0.106: [GC (Allocation Failure) 2024-07-27T21:38:24.608+0800: 0.107: [ParNew: 68984K->7886K(78656K), 0.0389810 secs] 68984K->68305K(253440K), 0.0391786 secs] [Times: user=0.06 sys=0.03, real=0.04 secs] 
2024-07-27T21:38:24.647+0800: 0.146: Total time for which application threads were stopped: 0.0393089 seconds, Stopping threads took: 0.0000197 seconds
2024-07-27T21:38:24.763+0800: 0.262: Application time: 0.1166856 seconds
2024-07-27T21:38:24.763+0800: 0.262: [GC (Allocation Failure) 2024-07-27T21:38:24.763+0800: 0.262: [ParNew: 76856K->8533K(78656K), 0.0289823 secs] 137275K->137185K(253440K), 0.0290548 secs] [Times: user=0.09 sys=0.01, real=0.03 secs] 
2024-07-27T21:38:24.792+0800: 0.291: Total time for which application threads were stopped: 0.0291652 seconds, Stopping threads took: 0.0000197 seconds
2024-07-27T21:38:24.793+0800: 0.292: Application time: 0.0002995 seconds
2024-07-27T21:38:24.793+0800: 0.292: [GC (CMS Initial Mark) [1 CMS-initial-mark: 128651K(174784K)] 140612K(253440K), 0.0005807 secs] [Times: user=0.00 sys=0.00, real=0.00 secs] 
2024-07-27T21:38:24.793+0800: 0.292: Total time for which application threads were stopped: 0.0006920 seconds, Stopping threads took: 0.0000547 seconds
2024-07-27T21:38:24.794+0800: 0.293: [CMS-concurrent-mark-start]
2024-07-27T21:38:24.796+0800: 0.295: [CMS-concurrent-mark: 0.002/0.002 secs] [Times: user=0.00 sys=0.00, real=0.00 secs] 
2024-07-27T21:38:24.796+0800: 0.295: [CMS-concurrent-preclean-start]
2024-07-27T21:38:24.797+0800: 0.296: [CMS-concurrent-preclean: 0.001/0.001 secs] [Times: user=0.00 sys=0.00, real=0.00 secs] 
2024-07-27T21:38:24.797+0800: 0.296: [CMS-concurrent-abortable-preclean-start]
2024-07-27T21:38:24.902+0800: 0.401: Application time: 0.1081476 seconds
2024-07-27T21:38:24.902+0800: 0.401: [GC (Allocation Failure) 2024-07-27T21:38:24.902+0800: 0.401: [ParNew: 77497K->28K(78656K), 0.0009393 secs] 206149K->128681K(253440K), 0.0009990 secs] [Times: user=0.00 sys=0.00, real=0.00 secs] 
2024-07-27T21:38:24.903+0800: 0.402: Total time for which application threads were stopped: 0.0011126 seconds, Stopping threads took: 0.0000226 seconds
2024-07-27T21:38:24.907+0800: 0.406: Application time: 0.0046287 seconds
2024-07-27T21:38:24.907+0800: 0.406: [GC (Allocation Failure) 2024-07-27T21:38:24.907+0800: 0.406: [ParNew: 68997K->8196K(78656K), 0.0286735 secs] 197650K->197266K(268860K), 0.0287357 secs] [Times: user=0.05 sys=0.03, real=0.03 secs] 
2024-07-27T21:38:24.936+0800: 0.435: Total time for which application threads were stopped: 0.0288316 seconds, Stopping threads took: 0.0000142 seconds
2024-07-27T21:38:25.045+0800: 0.544: Application time: 0.1084154 seconds
2024-07-27T21:38:25.045+0800: 0.544: [GC (Allocation Failure) 2024-07-27T21:38:25.045+0800: 0.544: [ParNew: 77168K->8192K(78656K), 0.0242201 secs] 266238K->265872K(337736K), 0.0242919 secs] [Times: user=0.03 sys=0.05, real=0.02 secs] 
2024-07-27T21:38:25.069+0800: 0.568: Total time for which application threads were stopped: 0.0244004 seconds, Stopping threads took: 0.0000204 seconds
2024-07-27T21:38:25.069+0800: 0.568: [CMS-concurrent-abortable-preclean: 0.004/0.272 secs] [Times: user=0.08 sys=0.08, real=0.27 secs] 
2024-07-27T21:38:25.069+0800: 0.568: Application time: 0.0002720 seconds
2024-07-27T21:38:25.070+0800: 0.568: [GC (CMS Final Remark) [YG occupancy: 12652 K (78656 K)]2024-07-27T21:38:25.070+0800: 0.568: [Rescan (parallel) , 0.0008155 secs]2024-07-27T21:38:25.070+0800: 0.569: [weak refs processing, 0.0000152 secs]2024-07-27T21:38:25.070+0800: 0.569: [class unloading, 0.0002040 secs]2024-07-27T21:38:25.071+0800: 0.570: [scrub symbol table, 0.0003475 secs]2024-07-27T21:38:25.071+0800: 0.570: [scrub string table, 0.0001006 secs][1 CMS-remark: 257680K(259080K)] 270332K(337736K), 0.0016064 secs] [Times: user=0.00 sys=0.00, real=0.00 secs] 
2024-07-27T21:38:25.071+0800: 0.570: Total time for which application threads were stopped: 0.0017393 seconds, Stopping threads took: 0.0000926 seconds
2024-07-27T21:38:25.071+0800: 0.570: [CMS-concurrent-sweep-start]
2024-07-27T21:38:25.073+0800: 0.572: [CMS-concurrent-sweep: 0.001/0.001 secs] [Times: user=0.00 sys=0.00, real=0.00 secs] 
2024-07-27T21:38:25.075+0800: 0.574: [CMS-concurrent-reset-start]
2024-07-27T21:38:25.079+0800: 0.578: [CMS-concurrent-reset: 0.004/0.004 secs] [Times: user=0.00 sys=0.00, real=0.00 secs] 
2024-07-27T21:38:25.182+0800: 0.681: Application time: 0.1108158 seconds
2024-07-27T21:38:25.182+0800: 0.681: [GC (Allocation Failure) 2024-07-27T21:38:25.182+0800: 0.681: [ParNew: 77165K->1024K(78656K), 0.0012667 secs] 334844K->258703K(508124K), 0.0013281 secs] [Times: user=0.00 sys=0.00, real=0.00 secs] 
2024-07-27T21:38:25.184+0800: 0.682: Total time for which application threads were stopped: 0.0014479 seconds, Stopping threads took: 0.0000240 seconds
2024-07-27T21:38:25.184+0800: 0.682: Application time: 0.0001899 seconds
2024-07-27T21:38:25.184+0800: 0.683: [GC (CMS Initial Mark) [1 CMS-initial-mark: 257679K(429468K)] 262140K(508124K), 0.0007945 secs] [Times: user=0.00 sys=0.00, real=0.00 secs] 
2024-07-27T21:38:25.185+0800: 0.684: Total time for which application threads were stopped: 0.0010003 seconds, Stopping threads took: 0.0001638 seconds
2024-07-27T21:38:25.185+0800: 0.684: [CMS-concurrent-mark-start]
2024-07-27T21:38:25.188+0800: 0.687: [CMS-concurrent-mark: 0.003/0.003 secs] [Times: user=0.00 sys=0.00, real=0.00 secs] 
2024-07-27T21:38:25.188+0800: 0.687: [CMS-concurrent-preclean-start]
2024-07-27T21:38:25.190+0800: 0.688: [CMS-concurrent-preclean: 0.001/0.001 secs] [Times: user=0.00 sys=0.00, real=0.00 secs] 
2024-07-27T21:38:25.190+0800: 0.688: Application time: 0.0048486 seconds
2024-07-27T21:38:25.190+0800: 0.688: [GC (Allocation Failure) 2024-07-27T21:38:25.190+0800: 0.688: [ParNew: 69998K->8192K(78656K), 0.0374241 secs] 327677K->327312K(508124K), 0.0374862 secs] [Times: user=0.06 sys=0.03, real=0.04 secs] 
2024-07-27T21:38:25.227+0800: 0.726: Total time for which application threads were stopped: 0.0375796 seconds, Stopping threads took: 0.0000127 seconds
2024-07-27T21:38:25.227+0800: 0.726: Application time: 0.0003141 seconds
2024-07-27T21:38:25.228+0800: 0.726: [GC (CMS Final Remark) [YG occupancy: 12654 K (78656 K)]2024-07-27T21:38:25.228+0800: 0.726: [Rescan (parallel) , 0.0008915 secs]2024-07-27T21:38:25.229+0800: 0.727: [weak refs processing, 0.0000126 secs]2024-07-27T21:38:25.229+0800: 0.727: [class unloading, 0.0001767 secs]2024-07-27T21:38:25.229+0800: 0.728: [scrub symbol table, 0.0003432 secs]2024-07-27T21:38:25.229+0800: 0.728: [scrub string table, 0.0001012 secs][1 CMS-remark: 319120K(429468K)] 331774K(508124K), 0.0015886 secs] [Times: user=0.00 sys=0.00, real=0.00 secs] 
2024-07-27T21:38:25.229+0800: 0.728: Total time for which application threads were stopped: 0.0017581 seconds, Stopping threads took: 0.0001208 seconds
2024-07-27T21:38:25.230+0800: 0.728: [CMS-concurrent-sweep-start]
2024-07-27T21:38:25.231+0800: 0.730: [CMS-concurrent-sweep: 0.001/0.001 secs] [Times: user=0.00 sys=0.00, real=0.00 secs] 
2024-07-27T21:38:25.231+0800: 0.730: [CMS-concurrent-reset-start]
2024-07-27T21:38:25.232+0800: 0.731: [CMS-concurrent-reset: 0.001/0.001 secs] [Times: user=0.00 sys=0.00, real=0.00 secs] 
2024-07-27T21:38:25.342+0800: 0.841: Application time: 0.1126169 seconds
2024-07-27T21:38:25.342+0800: 0.841: [GC (Allocation Failure) 2024-07-27T21:38:25.342+0800: 0.841: [ParNew: 77167K->8192K(78656K), 0.0147023 secs] 139259K->138893K(508124K), 0.0147708 secs] [Times: user=0.03 sys=0.00, real=0.02 secs] 
2024-07-27T21:38:25.357+0800: 0.856: Total time for which application threads were stopped: 0.0148840 seconds, Stopping threads took: 0.0000191 seconds
2024-07-27T21:38:25.466+0800: 0.964: Application time: 0.1086266 seconds
2024-07-27T21:38:25.466+0800: 0.964: [GC (Allocation Failure) 2024-07-27T21:38:25.466+0800: 0.964: [ParNew: 77167K->2048K(78656K), 0.0013247 secs] 207869K->132749K(508124K), 0.0013952 secs] [Times: user=0.00 sys=0.00, real=0.00 secs] 
2024-07-27T21:38:25.467+0800: 0.966: Total time for which application threads were stopped: 0.0015094 seconds, Stopping threads took: 0.0000205 seconds
2024-07-27T21:38:25.471+0800: 0.970: Application time: 0.0046251 seconds
2024-07-27T21:38:25.471+0800: 0.970: [GC (Allocation Failure) 2024-07-27T21:38:25.471+0800: 0.970: [ParNew: 71024K->8192K(78656K), 0.0112683 secs] 201725K->201358K(508124K), 0.0113198 secs] [Times: user=0.03 sys=0.00, real=0.01 secs] 
2024-07-27T21:38:25.483+0800: 0.982: Total time for which application threads were stopped: 0.0114203 seconds, Stopping threads took: 0.0000157 seconds
2024-07-27T21:38:25.483+0800: 0.982: Application time: 0.0001277 seconds
2024-07-27T21:38:25.483+0800: 0.982: [GC (CMS Initial Mark) [1 CMS-initial-mark: 193166K(429468K)] 204797K(508124K), 0.0008135 secs] [Times: user=0.00 sys=0.00, real=0.00 secs] 
2024-07-27T21:38:25.484+0800: 0.983: Total time for which application threads were stopped: 0.0010443 seconds, Stopping threads took: 0.0001891 seconds
2024-07-27T21:38:25.484+0800: 0.983: [CMS-concurrent-mark-start]
2024-07-27T21:38:25.486+0800: 0.985: [CMS-concurrent-mark: 0.002/0.002 secs] [Times: user=0.00 sys=0.00, real=0.00 secs] 
2024-07-27T21:38:25.487+0800: 0.985: [CMS-concurrent-preclean-start]
2024-07-27T21:38:25.487+0800: 0.986: [CMS-concurrent-preclean: 0.001/0.001 secs] [Times: user=0.00 sys=0.00, real=0.00 secs] 
2024-07-27T21:38:25.487+0800: 0.986: [CMS-concurrent-abortable-preclean-start]
2024-07-27T21:38:25.594+0800: 1.093: Application time: 0.1099934 seconds
2024-07-27T21:38:25.594+0800: 1.093: [GC (Allocation Failure) 2024-07-27T21:38:25.594+0800: 1.093: [ParNew: 77168K->8192K(78656K), 0.0366734 secs] 270334K->269967K(508124K), 0.0367314 secs] [Times: user=0.06 sys=0.03, real=0.04 secs] 
2024-07-27T21:38:25.630+0800: 1.130: Total time for which application threads were stopped: 0.0368398 seconds, Stopping threads took: 0.0000195 seconds
2024-07-27T21:38:25.748+0800: 1.246: Application time: 0.1165101 seconds
2024-07-27T21:38:25.748+0800: 1.246: [GC (Allocation Failure) 2024-07-27T21:38:25.748+0800: 1.246: [ParNew: 77168K->3072K(78656K), 0.0014134 secs] 338943K->264847K(508124K), 0.0014757 secs] [Times: user=0.00 sys=0.00, real=0.00 secs] 
2024-07-27T21:38:25.749+0800: 1.248: Total time for which application threads were stopped: 0.0015890 seconds, Stopping threads took: 0.0000215 seconds
2024-07-27T21:38:25.754+0800: 1.252: Application time: 0.0045055 seconds
2024-07-27T21:38:25.754+0800: 1.252: [GC (Allocation Failure) 2024-07-27T21:38:25.754+0800: 1.252: [ParNew: 72048K->8192K(78656K), 0.0270436 secs] 333823K->333456K(508124K), 0.0270866 secs] [Times: user=0.06 sys=0.00, real=0.03 secs] 
2024-07-27T21:38:25.781+0800: 1.280: Total time for which application threads were stopped: 0.0271846 seconds, Stopping threads took: 0.0000149 seconds
2024-07-27T21:38:25.781+0800: 1.280: [CMS-concurrent-abortable-preclean: 0.005/0.294 secs] [Times: user=0.13 sys=0.03, real=0.29 secs] 
2024-07-27T21:38:25.781+0800: 1.280: Application time: 0.0002702 seconds
2024-07-27T21:38:25.781+0800: 1.280: [GC (CMS Final Remark) [YG occupancy: 11631 K (78656 K)]2024-07-27T21:38:25.781+0800: 1.280: [Rescan (parallel) , 0.0010096 secs]2024-07-27T21:38:25.782+0800: 1.281: [weak refs processing, 0.0000131 secs]2024-07-27T21:38:25.782+0800: 1.281: [class unloading, 0.0001902 secs]2024-07-27T21:38:25.782+0800: 1.281: [scrub symbol table, 0.0003759 secs]2024-07-27T21:38:25.783+0800: 1.282: [scrub string table, 0.0001002 secs][1 CMS-remark: 325264K(429468K)] 336895K(508124K), 0.0017549 secs] [Times: user=0.00 sys=0.00, real=0.00 secs] 
2024-07-27T21:38:25.783+0800: 1.282: Total time for which application threads were stopped: 0.0018746 seconds, Stopping threads took: 0.0000835 seconds
2024-07-27T21:38:25.783+0800: 1.282: [CMS-concurrent-sweep-start]
2024-07-27T21:38:25.784+0800: 1.283: [CMS-concurrent-sweep: 0.001/0.001 secs] [Times: user=0.00 sys=0.00, real=0.00 secs] 
2024-07-27T21:38:25.784+0800: 1.283: [CMS-concurrent-reset-start]
2024-07-27T21:38:25.785+0800: 1.284: [CMS-concurrent-reset: 0.001/0.001 secs] [Times: user=0.00 sys=0.00, real=0.00 secs] 
2024-07-27T21:38:25.889+0800: 1.389: Application time: 0.1071067 seconds
2024-07-27T21:38:25.890+0800: 1.389: [GC (Allocation Failure) 2024-07-27T21:38:25.890+0800: 1.389: [ParNew: 77168K->8192K(78656K), 0.0121457 secs] 272383K->272015K(508124K), 0.0122048 secs] [Times: user=0.03 sys=0.00, real=0.01 secs] 
2024-07-27T21:38:25.902+0800: 1.401: Total time for which application threads were stopped: 0.0123218 seconds, Stopping threads took: 0.0000211 seconds
2024-07-27T21:38:25.902+0800: 1.401: Application time: 0.0001935 seconds
2024-07-27T21:38:25.902+0800: 1.401: [GC (CMS Initial Mark) [1 CMS-initial-mark: 263823K(429468K)] 275455K(508124K), 0.0006081 secs] [Times: user=0.00 sys=0.00, real=0.00 secs] 
2024-07-27T21:38:25.903+0800: 1.402: Total time for which application threads were stopped: 0.0007220 seconds, Stopping threads took: 0.0000720 seconds
2024-07-27T21:38:25.903+0800: 1.402: [CMS-concurrent-mark-start]
2024-07-27T21:38:25.906+0800: 1.406: [CMS-concurrent-mark: 0.004/0.004 secs] [Times: user=0.00 sys=0.00, real=0.00 secs] 
2024-07-27T21:38:25.906+0800: 1.406: [CMS-concurrent-preclean-start]
2024-07-27T21:38:25.908+0800: 1.407: [CMS-concurrent-preclean: 0.001/0.001 secs] [Times: user=0.00 sys=0.00, real=0.00 secs] 
2024-07-27T21:38:25.908+0800: 1.407: [CMS-concurrent-abortable-preclean-start]
2024-07-27T21:38:26.014+0800: 1.513: Application time: 0.1107628 seconds
2024-07-27T21:38:26.014+0800: 1.513: [GC (Allocation Failure) 2024-07-27T21:38:26.014+0800: 1.513: [ParNew: 77168K->4096K(78656K), 0.0020885 secs] 340992K->267919K(508124K), 0.0021669 secs] [Times: user=0.00 sys=0.00, real=0.00 secs] 
2024-07-27T21:38:26.016+0800: 1.515: Total time for which application threads were stopped: 0.0022833 seconds, Stopping threads took: 0.0000242 seconds
2024-07-27T21:38:26.020+0800: 1.520: Application time: 0.0044322 seconds
2024-07-27T21:38:26.020+0800: 1.520: [GC (Allocation Failure) 2024-07-27T21:38:26.020+0800: 1.520: [ParNew: 73072K->8192K(78656K), 0.0115843 secs] 336896K->336528K(508124K), 0.0116401 secs] [Times: user=0.00 sys=0.00, real=0.01 secs] 
2024-07-27T21:38:26.032+0800: 1.531: Total time for which application threads were stopped: 0.0117457 seconds, Stopping threads took: 0.0000159 seconds
2024-07-27T21:38:26.142+0800: 1.641: Application time: 0.1099009 seconds
2024-07-27T21:38:26.143+0800: 1.641: [GC (Allocation Failure) 2024-07-27T21:38:26.143+0800: 1.641: [ParNew: 77168K->8192K(78656K), 0.0117126 secs] 405505K->405137K(508124K), 0.0117693 secs] [Times: user=0.03 sys=0.00, real=0.01 secs] 
2024-07-27T21:38:26.154+0800: 1.653: Total time for which application threads were stopped: 0.0118882 seconds, Stopping threads took: 0.0000178 seconds
2024-07-27T21:38:26.154+0800: 1.653: [CMS-concurrent-abortable-preclean: 0.004/0.246 secs] [Times: user=0.05 sys=0.00, real=0.25 secs] 
2024-07-27T21:38:26.155+0800: 1.653: Application time: 0.0003668 seconds
2024-07-27T21:38:26.155+0800: 1.654: [GC (CMS Final Remark) [YG occupancy: 14703 K (78656 K)]2024-07-27T21:38:26.155+0800: 1.654: [Rescan (parallel) , 0.0006580 secs]2024-07-27T21:38:26.156+0800: 1.654: [weak refs processing, 0.0000297 secs]2024-07-27T21:38:26.156+0800: 1.654: [class unloading, 0.0002288 secs]2024-07-27T21:38:26.156+0800: 1.655: [scrub symbol table, 0.0003246 secs]2024-07-27T21:38:26.156+0800: 1.655: [scrub string table, 0.0001293 secs][1 CMS-remark: 396945K(429468K)] 411649K(508124K), 0.0014555 secs] [Times: user=0.00 sys=0.00, real=0.00 secs] 
2024-07-27T21:38:26.156+0800: 1.655: Total time for which application threads were stopped: 0.0016592 seconds, Stopping threads took: 0.0001648 seconds
2024-07-27T21:38:26.157+0800: 1.655: [CMS-concurrent-sweep-start]
2024-07-27T21:38:26.158+0800: 1.657: [CMS-concurrent-sweep: 0.002/0.002 secs] [Times: user=0.00 sys=0.00, real=0.00 secs] 
2024-07-27T21:38:26.158+0800: 1.657: [CMS-concurrent-reset-start]
2024-07-27T21:38:26.160+0800: 1.658: [CMS-concurrent-reset: 0.001/0.001 secs] [Times: user=0.00 sys=0.00, real=0.00 secs] 
2024-07-27T21:38:26.267+0800: 1.766: Application time: 0.1110078 seconds
2024-07-27T21:38:26.267+0800: 1.766: [GC (Allocation Failure) 2024-07-27T21:38:26.268+0800: 1.766: [ParNew: 77168K->5120K(78656K), 0.0025576 secs] 343040K->270991K(521776K), 0.0026222 secs] [Times: user=0.00 sys=0.00, real=0.00 secs] 
2024-07-27T21:38:26.270+0800: 1.769: Total time for which application threads were stopped: 0.0027385 seconds, Stopping threads took: 0.0000249 seconds
2024-07-27T21:38:26.275+0800: 1.773: Application time: 0.0044760 seconds
2024-07-27T21:38:26.275+0800: 1.773: [GC (Allocation Failure) 2024-07-27T21:38:26.275+0800: 1.773: [ParNew: 74096K->8192K(78656K), 0.0195598 secs] 339968K->339600K(521776K), 0.0196095 secs] [Times: user=0.02 sys=0.01, real=0.02 secs] 
2024-07-27T21:38:26.294+0800: 1.793: Total time for which application threads were stopped: 0.0197093 seconds, Stopping threads took: 0.0000153 seconds
2024-07-27T21:38:26.295+0800: 1.793: Application time: 0.0002464 seconds
2024-07-27T21:38:26.295+0800: 1.793: [GC (CMS Initial Mark) [1 CMS-initial-mark: 331408K(443120K)] 343040K(521776K), 0.0007651 secs] [Times: user=0.00 sys=0.00, real=0.00 secs] 
2024-07-27T21:38:26.296+0800: 1.794: Total time for which application threads were stopped: 0.0009604 seconds, Stopping threads took: 0.0001530 seconds
2024-07-27T21:38:26.296+0800: 1.794: [CMS-concurrent-mark-start]
2024-07-27T21:38:26.298+0800: 1.797: [CMS-concurrent-mark: 0.002/0.002 secs] [Times: user=0.00 sys=0.00, real=0.00 secs] 
2024-07-27T21:38:26.298+0800: 1.797: [CMS-concurrent-preclean-start]
2024-07-27T21:38:26.298+0800: 1.797: [CMS-concurrent-preclean: 0.001/0.001 secs] [Times: user=0.00 sys=0.00, real=0.00 secs] 
2024-07-27T21:38:26.298+0800: 1.797: [CMS-concurrent-abortable-preclean-start]
2024-07-27T21:38:26.409+0800: 1.908: Application time: 0.1132771 seconds
2024-07-27T21:38:26.409+0800: 1.908: [GC (Allocation Failure) 2024-07-27T21:38:26.409+0800: 1.908: [ParNew: 77168K->8192K(78656K), 0.0119202 secs] 408577K->408209K(521776K), 0.0119785 secs] [Times: user=0.03 sys=0.00, real=0.01 secs] 
2024-07-27T21:38:26.421+0800: 1.920: Total time for which application threads were stopped: 0.0120908 seconds, Stopping threads took: 0.0000190 seconds
2024-07-27T21:38:26.533+0800: 2.032: Application time: 0.1120121 seconds
2024-07-27T21:38:26.533+0800: 2.032: [GC (Allocation Failure) 2024-07-27T21:38:26.533+0800: 2.032: [ParNew: 77168K->6144K(78656K), 0.0016920 secs] 477186K->406161K(521776K), 0.0017433 secs] [Times: user=0.00 sys=0.00, real=0.00 secs] 
2024-07-27T21:38:26.534+0800: 2.033: Total time for which application threads were stopped: 0.0018503 seconds, Stopping threads took: 0.0000197 seconds
2024-07-27T21:38:26.534+0800: 2.034: [CMS-concurrent-abortable-preclean: 0.005/0.236 secs] [Times: user=0.03 sys=0.00, real=0.24 secs] 
2024-07-27T21:38:26.534+0800: 2.034: Application time: 0.0003792 seconds
2024-07-27T21:38:26.534+0800: 2.034: [GC (CMS Final Remark) [YG occupancy: 12655 K (78656 K)]2024-07-27T21:38:26.534+0800: 2.034: [Rescan (parallel) , 0.0006762 secs]2024-07-27T21:38:26.535+0800: 2.035: [weak refs processing, 0.0000127 secs]2024-07-27T21:38:26.535+0800: 2.035: [class unloading, 0.0001921 secs]2024-07-27T21:38:26.535+0800: 2.035: [scrub symbol table, 0.0003493 secs]2024-07-27T21:38:26.536+0800: 2.035: [scrub string table, 0.0001073 secs][1 CMS-remark: 400017K(443120K)] 412673K(521776K), 0.0014045 secs] [Times: user=0.00 sys=0.02, real=0.00 secs] 
2024-07-27T21:38:26.536+0800: 2.035: Total time for which application threads were stopped: 0.0015786 seconds, Stopping threads took: 0.0001364 seconds
2024-07-27T21:38:26.536+0800: 2.036: [CMS-concurrent-sweep-start]
2024-07-27T21:38:26.539+0800: 2.037: [CMS-concurrent-sweep: 0.002/0.002 secs] [Times: user=0.00 sys=0.00, real=0.00 secs] 
2024-07-27T21:38:26.539+0800: 2.037: [CMS-concurrent-reset-start]
2024-07-27T21:38:26.540+0800: 2.039: [CMS-concurrent-reset: 0.001/0.001 secs] [Times: user=0.00 sys=0.00, real=0.00 secs] 
2024-07-27T21:38:26.542+0800: 2.040: Application time: 0.0047198 seconds
2024-07-27T21:38:26.542+0800: 2.040: [GC (Allocation Failure) 2024-07-27T21:38:26.542+0800: 2.040: [ParNew: 75120K->8192K(78656K), 0.0114984 secs] 209918K->209550K(521776K), 0.0115471 secs] [Times: user=0.03 sys=0.00, real=0.01 secs] 
2024-07-27T21:38:26.552+0800: 2.052: Total time for which application threads were stopped: 0.0116421 seconds, Stopping threads took: 0.0000126 seconds
2024-07-27T21:38:26.552+0800: 2.052: Application time: 0.0001704 seconds
2024-07-27T21:38:26.553+0800: 2.052: [GC (CMS Initial Mark) [1 CMS-initial-mark: 201358K(443120K)] 212990K(521776K), 0.0007723 secs] [Times: user=0.00 sys=0.00, real=0.00 secs] 
2024-07-27T21:38:26.553+0800: 2.053: Total time for which application threads were stopped: 0.0010225 seconds, Stopping threads took: 0.0002082 seconds
2024-07-27T21:38:26.554+0800: 2.053: [CMS-concurrent-mark-start]
2024-07-27T21:38:26.556+0800: 2.055: [CMS-concurrent-mark: 0.002/0.002 secs] [Times: user=0.00 sys=0.00, real=0.00 secs] 
2024-07-27T21:38:26.556+0800: 2.055: [CMS-concurrent-preclean-start]
2024-07-27T21:38:26.556+0800: 2.056: [CMS-concurrent-preclean: 0.001/0.001 secs] [Times: user=0.00 sys=0.00, real=0.00 secs] 
2024-07-27T21:38:26.556+0800: 2.056: [CMS-concurrent-abortable-preclean-start]
2024-07-27T21:38:26.660+0800: 2.159: Application time: 0.1056330 seconds
2024-07-27T21:38:26.660+0800: 2.159: [GC (Allocation Failure) 2024-07-27T21:38:26.660+0800: 2.159: [ParNew: 77168K->8192K(78656K), 0.0121263 secs] 278527K->278159K(521776K), 0.0122002 secs] [Times: user=0.03 sys=0.00, real=0.01 secs] 
2024-07-27T21:38:26.672+0800: 2.171: Total time for which application threads were stopped: 0.0123251 seconds, Stopping threads took: 0.0000329 seconds
2024-07-27T21:38:26.784+0800: 2.282: Application time: 0.1112310 seconds
2024-07-27T21:38:26.784+0800: 2.282: [GC (Allocation Failure) 2024-07-27T21:38:26.784+0800: 2.282: [ParNew: 77168K->7168K(78656K), 0.0020196 secs] 347136K->277135K(521776K), 0.0020729 secs] [Times: user=0.00 sys=0.00, real=0.00 secs] 
2024-07-27T21:38:26.785+0800: 2.284: Total time for which application threads were stopped: 0.0021824 seconds, Stopping threads took: 0.0000205 seconds
2024-07-27T21:38:26.785+0800: 2.285: [CMS-concurrent-abortable-preclean: 0.003/0.229 secs] [Times: user=0.03 sys=0.00, real=0.23 secs] 
2024-07-27T21:38:26.785+0800: 2.285: Application time: 0.0004223 seconds
2024-07-27T21:38:26.785+0800: 2.285: [GC (CMS Final Remark) [YG occupancy: 13679 K (78656 K)]2024-07-27T21:38:26.785+0800: 2.285: [Rescan (parallel) , 0.0005869 secs]2024-07-27T21:38:26.786+0800: 2.286: [weak refs processing, 0.0000132 secs]2024-07-27T21:38:26.786+0800: 2.286: [class unloading, 0.0001739 secs]2024-07-27T21:38:26.786+0800: 2.286: [scrub symbol table, 0.0003529 secs]2024-07-27T21:38:26.787+0800: 2.286: [scrub string table, 0.0001086 secs][1 CMS-remark: 269967K(443120K)] 283647K(521776K), 0.0012977 secs] [Times: user=0.00 sys=0.00, real=0.00 secs] 
2024-07-27T21:38:26.787+0800: 2.286: Total time for which application threads were stopped: 0.0015015 seconds, Stopping threads took: 0.0001693 seconds
2024-07-27T21:38:26.787+0800: 2.287: [CMS-concurrent-sweep-start]
2024-07-27T21:38:26.789+0800: 2.288: [CMS-concurrent-sweep: 0.002/0.002 secs] [Times: user=0.00 sys=0.00, real=0.00 secs] 
2024-07-27T21:38:26.790+0800: 2.288: [CMS-concurrent-reset-start]
2024-07-27T21:38:26.791+0800: 2.289: [CMS-concurrent-reset: 0.001/0.001 secs] [Times: user=0.00 sys=0.00, real=0.00 secs] 
2024-07-27T21:38:26.792+0800: 2.291: Application time: 0.0046408 seconds
2024-07-27T21:38:26.792+0800: 2.291: [GC (Allocation Failure) 2024-07-27T21:38:26.792+0800: 2.291: [ParNew: 76144K->8192K(78656K), 0.0117665 secs] 211966K->211598K(521776K), 0.0118167 secs] [Times: user=0.03 sys=0.00, real=0.01 secs] 
2024-07-27T21:38:26.804+0800: 2.303: Total time for which application threads were stopped: 0.0119104 seconds, Stopping threads took: 0.0000122 seconds
2024-07-27T21:38:26.804+0800: 2.303: Application time: 0.0001391 seconds
2024-07-27T21:38:26.804+0800: 2.303: [GC (CMS Initial Mark) [1 CMS-initial-mark: 203406K(443120K)] 215038K(521776K), 0.0008335 secs] [Times: user=0.00 sys=0.00, real=0.00 secs] 
2024-07-27T21:38:26.805+0800: 2.304: Total time for which application threads were stopped: 0.0010418 seconds, Stopping threads took: 0.0001659 seconds
2024-07-27T21:38:26.805+0800: 2.304: [CMS-concurrent-mark-start]
2024-07-27T21:38:26.807+0800: 2.306: [CMS-concurrent-mark: 0.002/0.002 secs] [Times: user=0.00 sys=0.00, real=0.00 secs] 
2024-07-27T21:38:26.807+0800: 2.306: [CMS-concurrent-preclean-start]
2024-07-27T21:38:26.808+0800: 2.307: [CMS-concurrent-preclean: 0.001/0.001 secs] [Times: user=0.00 sys=0.00, real=0.00 secs] 
2024-07-27T21:38:26.808+0800: 2.307: [CMS-concurrent-abortable-preclean-start]
2024-07-27T21:38:26.911+0800: 2.409: Application time: 0.1053038 seconds
2024-07-27T21:38:26.911+0800: 2.409: [GC (Allocation Failure) 2024-07-27T21:38:26.911+0800: 2.409: [ParNew: 77168K->8192K(78656K), 0.0122672 secs] 280575K->280207K(521776K), 0.0123259 secs] [Times: user=0.00 sys=0.00, real=0.01 secs] 
2024-07-27T21:38:26.922+0800: 2.422: Total time for which application threads were stopped: 0.0124503 seconds, Stopping threads took: 0.0000340 seconds
2024-07-27T21:38:27.036+0800: 2.535: Application time: 0.1127971 seconds
2024-07-27T21:38:27.036+0800: 2.535: [GC (Allocation Failure) 2024-07-27T21:38:27.036+0800: 2.535: [ParNew: 77168K->8192K(78656K), 0.0025089 secs] 349184K->280207K(521776K), 0.0025635 secs] [Times: user=0.00 sys=0.00, real=0.00 secs] 
2024-07-27T21:38:27.038+0800: 2.537: Total time for which application threads were stopped: 0.0026751 seconds, Stopping threads took: 0.0000194 seconds
2024-07-27T21:38:27.038+0800: 2.537: [CMS-concurrent-abortable-preclean: 0.003/0.230 secs] [Times: user=0.06 sys=0.00, real=0.23 secs] 
2024-07-27T21:38:27.038+0800: 2.538: Application time: 0.0003105 seconds
2024-07-27T21:38:27.038+0800: 2.538: [GC (CMS Final Remark) [YG occupancy: 12655 K (78656 K)]2024-07-27T21:38:27.038+0800: 2.538: [Rescan (parallel) , 0.0006164 secs]2024-07-27T21:38:27.039+0800: 2.538: [weak refs processing, 0.0000118 secs]2024-07-27T21:38:27.039+0800: 2.538: [class unloading, 0.0001662 secs]2024-07-27T21:38:27.039+0800: 2.539: [scrub symbol table, 0.0003121 secs]2024-07-27T21:38:27.039+0800: 2.539: [scrub string table, 0.0000901 secs][1 CMS-remark: 272015K(443120K)] 284671K(521776K), 0.0012687 secs] [Times: user=0.00 sys=0.00, real=0.00 secs] 
2024-07-27T21:38:27.040+0800: 2.539: Total time for which application threads were stopped: 0.0014272 seconds, Stopping threads took: 0.0001240 seconds
2024-07-27T21:38:27.040+0800: 2.539: [CMS-concurrent-sweep-start]
2024-07-27T21:38:27.041+0800: 2.540: [CMS-concurrent-sweep: 0.001/0.001 secs] [Times: user=0.00 sys=0.00, real=0.00 secs] 
2024-07-27T21:38:27.041+0800: 2.540: [CMS-concurrent-reset-start]
2024-07-27T21:38:27.043+0800: 2.541: [CMS-concurrent-reset: 0.001/0.001 secs] [Times: user=0.00 sys=0.00, real=0.00 secs] 
2024-07-27T21:38:27.045+0800: 2.544: Application time: 0.0047612 seconds
2024-07-27T21:38:27.045+0800: 2.544: [GC (Allocation Failure) 2024-07-27T21:38:27.045+0800: 2.544: [ParNew: 77168K->8192K(78656K), 0.0126641 secs] 214014K->213646K(521776K), 0.0127116 secs] [Times: user=0.01 sys=0.00, real=0.01 secs] 
2024-07-27T21:38:27.057+0800: 2.557: Total time for which application threads were stopped: 0.0128058 seconds, Stopping threads took: 0.0000129 seconds
2024-07-27T21:38:27.057+0800: 2.557: Application time: 0.0002544 seconds
2024-07-27T21:38:27.058+0800: 2.557: [GC (CMS Initial Mark) [1 CMS-initial-mark: 205454K(443120K)] 217086K(521776K), 0.0008233 secs] [Times: user=0.00 sys=0.00, real=0.00 secs] 
2024-07-27T21:38:27.058+0800: 2.558: Total time for which application threads were stopped: 0.0010556 seconds, Stopping threads took: 0.0001864 seconds
2024-07-27T21:38:27.059+0800: 2.558: [CMS-concurrent-mark-start]
2024-07-27T21:38:27.060+0800: 2.560: [CMS-concurrent-mark: 0.002/0.002 secs] [Times: user=0.00 sys=0.00, real=0.00 secs] 
2024-07-27T21:38:27.060+0800: 2.560: [CMS-concurrent-preclean-start]
2024-07-27T21:38:27.061+0800: 2.560: [CMS-concurrent-preclean: 0.001/0.001 secs] [Times: user=0.00 sys=0.00, real=0.00 secs] 
2024-07-27T21:38:27.061+0800: 2.560: [CMS-concurrent-abortable-preclean-start]
2024-07-27T21:38:27.164+0800: 2.662: Application time: 0.1045414 seconds
2024-07-27T21:38:27.164+0800: 2.663: [GC (Allocation Failure) 2024-07-27T21:38:27.164+0800: 2.663: [ParNew2024-07-27T21:38:27.176+0800: 2.674: [CMS-concurrent-abortable-preclean: 0.001/0.114 secs] [Times: user=0.00 sys=0.00, real=0.12 secs] 
: 77168K->8192K(78656K), 0.0119266 secs] 282623K->282255K(521776K), 0.0119836 secs] [Times: user=0.00 sys=0.00, real=0.01 secs] 
2024-07-27T21:38:27.176+0800: 2.675: Total time for which application threads were stopped: 0.0120918 seconds, Stopping threads took: 0.0000185 seconds
2024-07-27T21:38:27.177+0800: 2.675: Application time: 0.0006462 seconds
2024-07-27T21:38:27.177+0800: 2.675: [GC (CMS Final Remark) [YG occupancy: 17775 K (78656 K)]2024-07-27T21:38:27.177+0800: 2.675: [Rescan (parallel) , 0.0009762 secs]2024-07-27T21:38:27.178+0800: 2.676: [weak refs processing, 0.0000179 secs]2024-07-27T21:38:27.178+0800: 2.676: [class unloading, 0.0001760 secs]2024-07-27T21:38:27.178+0800: 2.677: [scrub symbol table, 0.0003518 secs]2024-07-27T21:38:27.178+0800: 2.677: [scrub string table, 0.0000999 secs][1 CMS-remark: 274063K(443120K)] 291839K(521776K), 0.0016860 secs] [Times: user=0.00 sys=0.00, real=0.00 secs] 
2024-07-27T21:38:27.178+0800: 2.677: Total time for which application threads were stopped: 0.0018578 seconds, Stopping threads took: 0.0001347 seconds
2024-07-27T21:38:27.179+0800: 2.677: [CMS-concurrent-sweep-start]
2024-07-27T21:38:27.180+0800: 2.679: [CMS-concurrent-sweep: 0.001/0.001 secs] [Times: user=0.00 sys=0.00, real=0.00 secs] 
2024-07-27T21:38:27.180+0800: 2.679: [CMS-concurrent-reset-start]
2024-07-27T21:38:27.181+0800: 2.680: [CMS-concurrent-reset: 0.001/0.001 secs] [Times: user=0.00 sys=0.00, real=0.00 secs] 
2024-07-27T21:38:27.287+0800: 2.786: Application time: 0.1086995 seconds
2024-07-27T21:38:27.287+0800: 2.786: [GC (Allocation Failure) 2024-07-27T21:38:27.287+0800: 2.786: [ParNew: 77168K->8192K(78656K), 0.0026398 secs] 215038K->147085K(521776K), 0.0026950 secs] [Times: user=0.00 sys=0.00, real=0.00 secs] 
2024-07-27T21:38:27.290+0800: 2.789: Total time for which application threads were stopped: 0.0028183 seconds, Stopping threads took: 0.0000198 seconds
2024-07-27T21:38:27.294+0800: 2.793: Application time: 0.0043168 seconds
2024-07-27T21:38:27.294+0800: 2.793: [GC (Allocation Failure) 2024-07-27T21:38:27.294+0800: 2.793: [ParNew: 77168K->8192K(78656K), 0.0120909 secs] 216062K->215694K(521776K), 0.0121393 secs] [Times: user=0.03 sys=0.00, real=0.01 secs] 
2024-07-27T21:38:27.306+0800: 2.805: Total time for which application threads were stopped: 0.0122483 seconds, Stopping threads took: 0.0000267 seconds
2024-07-27T21:38:27.306+0800: 2.805: Application time: 0.0002248 seconds
2024-07-27T21:38:27.307+0800: 2.806: [GC (CMS Initial Mark) [1 CMS-initial-mark: 207502K(443120K)] 219134K(521776K), 0.0007715 secs] [Times: user=0.00 sys=0.00, real=0.00 secs] 
2024-07-27T21:38:27.307+0800: 2.806: Total time for which application threads were stopped: 0.0009565 seconds, Stopping threads took: 0.0001433 seconds
2024-07-27T21:38:27.307+0800: 2.806: [CMS-concurrent-mark-start]
2024-07-27T21:38:27.309+0800: 2.808: [CMS-concurrent-mark: 0.002/0.002 secs] [Times: user=0.00 sys=0.00, real=0.00 secs] 
2024-07-27T21:38:27.309+0800: 2.808: [CMS-concurrent-preclean-start]
2024-07-27T21:38:27.310+0800: 2.809: [CMS-concurrent-preclean: 0.001/0.001 secs] [Times: user=0.00 sys=0.00, real=0.00 secs] 
2024-07-27T21:38:27.310+0800: 2.809: [CMS-concurrent-abortable-preclean-start]
2024-07-27T21:38:27.414+0800: 2.913: Application time: 0.1063982 seconds
2024-07-27T21:38:27.414+0800: 2.913: [GC (Allocation Failure) 2024-07-27T21:38:27.414+0800: 2.913: [ParNew: 77168K->8192K(78656K), 0.0120793 secs] 284671K->284303K(521776K), 0.0121389 secs] [Times: user=0.00 sys=0.00, real=0.01 secs] 
2024-07-27T21:38:27.426+0800: 2.925: Total time for which application threads were stopped: 0.0122547 seconds, Stopping threads took: 0.0000203 seconds
2024-07-27T21:38:27.539+0800: 3.037: Application time: 0.1123240 seconds
2024-07-27T21:38:27.539+0800: 3.037: [GC (Allocation Failure) 2024-07-27T21:38:27.539+0800: 3.037: [ParNew: 77168K->8192K(78656K), 0.0027095 secs] 353280K->286351K(521776K), 0.0027745 secs] [Times: user=0.00 sys=0.00, real=0.00 secs] 
2024-07-27T21:38:27.541+0800: 3.040: Total time for which application threads were stopped: 0.0028831 seconds, Stopping threads took: 0.0000235 seconds
2024-07-27T21:38:27.541+0800: 3.040: [CMS-concurrent-abortable-preclean: 0.005/0.231 secs] [Times: user=0.03 sys=0.00, real=0.23 secs] 
2024-07-27T21:38:27.541+0800: 3.041: Application time: 0.0002915 seconds
2024-07-27T21:38:27.541+0800: 3.041: [GC (CMS Final Remark) [YG occupancy: 12655 K (78656 K)]2024-07-27T21:38:27.541+0800: 3.041: [Rescan (parallel) , 0.0010044 secs]2024-07-27T21:38:27.542+0800: 3.042: [weak refs processing, 0.0000129 secs]2024-07-27T21:38:27.542+0800: 3.042: [class unloading, 0.0001717 secs]2024-07-27T21:38:27.543+0800: 3.042: [scrub symbol table, 0.0003156 secs]2024-07-27T21:38:27.543+0800: 3.042: [scrub string table, 0.0000895 secs][1 CMS-remark: 278159K(443120K)] 290815K(521776K), 0.0016591 secs] [Times: user=0.00 sys=0.00, real=0.00 secs] 
2024-07-27T21:38:27.543+0800: 3.042: Total time for which application threads were stopped: 0.0017787 seconds, Stopping threads took: 0.0000754 seconds
2024-07-27T21:38:27.543+0800: 3.043: [CMS-concurrent-sweep-start]
2024-07-27T21:38:27.545+0800: 3.044: [CMS-concurrent-sweep: 0.001/0.001 secs] [Times: user=0.00 sys=0.00, real=0.00 secs] 
2024-07-27T21:38:27.545+0800: 3.044: [CMS-concurrent-reset-start]
2024-07-27T21:38:27.546+0800: 3.045: [CMS-concurrent-reset: 0.001/0.001 secs] [Times: user=0.00 sys=0.00, real=0.00 secs] 
2024-07-27T21:38:27.548+0800: 3.047: Application time: 0.0047565 seconds
2024-07-27T21:38:27.548+0800: 3.047: [GC (Allocation Failure) 2024-07-27T21:38:27.548+0800: 3.047: [ParNew: 77168K->8192K(78656K), 0.0119432 secs] 218110K->217742K(521776K), 0.0119924 secs] [Times: user=0.03 sys=0.00, real=0.01 secs] 
2024-07-27T21:38:27.560+0800: 3.059: Total time for which application threads were stopped: 0.0120850 seconds, Stopping threads took: 0.0000120 seconds
2024-07-27T21:38:27.560+0800: 3.059: Application time: 0.0002575 seconds
2024-07-27T21:38:27.560+0800: 3.060: [GC (CMS Initial Mark) [1 CMS-initial-mark: 209550K(443120K)] 221182K(521776K), 0.0007242 secs] [Times: user=0.00 sys=0.00, real=0.00 secs] 
2024-07-27T21:38:27.561+0800: 3.060: Total time for which application threads were stopped: 0.0009113 seconds, Stopping threads took: 0.0001443 seconds
2024-07-27T21:38:27.562+0800: 3.060: [CMS-concurrent-mark-start]
2024-07-27T21:38:27.563+0800: 3.062: [CMS-concurrent-mark: 0.002/0.002 secs] [Times: user=0.00 sys=0.00, real=0.00 secs] 
2024-07-27T21:38:27.563+0800: 3.062: [CMS-concurrent-preclean-start]
2024-07-27T21:38:27.564+0800: 3.063: [CMS-concurrent-preclean: 0.001/0.001 secs] [Times: user=0.00 sys=0.00, real=0.00 secs] 
2024-07-27T21:38:27.564+0800: 3.063: [CMS-concurrent-abortable-preclean-start]
2024-07-27T21:38:27.681+0800: 3.180: Application time: 0.1195109 seconds
2024-07-27T21:38:27.681+0800: 3.180: [GC (Allocation Failure) 2024-07-27T21:38:27.681+0800: 3.180: [ParNew: 77168K->8192K(78656K), 0.0120119 secs] 286719K->286351K(521776K), 0.0121233 secs] [Times: user=0.03 sys=0.00, real=0.01 secs] 
2024-07-27T21:38:27.693+0800: 3.192: Total time for which application threads were stopped: 0.0122343 seconds, Stopping threads took: 0.0000201 seconds
2024-07-27T21:38:27.805+0800: 3.305: Application time: 0.1125374 seconds
2024-07-27T21:38:27.805+0800: 3.305: [GC (Allocation Failure) 2024-07-27T21:38:27.806+0800: 3.305: [ParNew: 77168K->8192K(78656K), 0.0026002 secs] 355328K->289423K(521776K), 0.0026561 secs] [Times: user=0.00 sys=0.00, real=0.00 secs] 
2024-07-27T21:38:27.808+0800: 3.307: Total time for which application threads were stopped: 0.0027749 seconds, Stopping threads took: 0.0000200 seconds
2024-07-27T21:38:27.808+0800: 3.308: [CMS-concurrent-abortable-preclean: 0.005/0.245 secs] [Times: user=0.03 sys=0.00, real=0.24 secs] 
2024-07-27T21:38:27.808+0800: 3.308: Application time: 0.0004093 seconds
2024-07-27T21:38:27.809+0800: 3.308: [GC (CMS Final Remark) [YG occupancy: 14703 K (78656 K)]2024-07-27T21:38:27.809+0800: 3.308: [Rescan (parallel) , 0.0007954 secs]2024-07-27T21:38:27.810+0800: 3.309: [weak refs processing, 0.0000169 secs]2024-07-27T21:38:27.810+0800: 3.309: [class unloading, 0.0001891 secs]2024-07-27T21:38:27.810+0800: 3.309: [scrub symbol table, 0.0003482 secs]2024-07-27T21:38:27.810+0800: 3.309: [scrub string table, 0.0000987 secs][1 CMS-remark: 281231K(443120K)] 295935K(521776K), 0.0015112 secs] [Times: user=0.00 sys=0.00, real=0.00 secs] 
2024-07-27T21:38:27.810+0800: 3.309: Total time for which application threads were stopped: 0.0016598 seconds, Stopping threads took: 0.0001141 seconds
2024-07-27T21:38:27.810+0800: 3.310: [CMS-concurrent-sweep-start]
2024-07-27T21:38:27.812+0800: 3.311: [CMS-concurrent-sweep: 0.001/0.001 secs] [Times: user=0.00 sys=0.00, real=0.00 secs] 
2024-07-27T21:38:27.812+0800: 3.311: [CMS-concurrent-reset-start]
2024-07-27T21:38:27.813+0800: 3.312: [CMS-concurrent-reset: 0.001/0.001 secs] [Times: user=0.00 sys=0.00, real=0.00 secs] 
2024-07-27T21:38:27.815+0800: 3.314: Application time: 0.0046234 seconds
2024-07-27T21:38:27.815+0800: 3.314: [GC (Allocation Failure) 2024-07-27T21:38:27.815+0800: 3.314: [ParNew: 77168K->8192K(78656K), 0.0120336 secs] 220158K->219790K(521776K), 0.0120817 secs] [Times: user=0.03 sys=0.00, real=0.01 secs] 
2024-07-27T21:38:27.827+0800: 3.326: Total time for which application threads were stopped: 0.0121766 seconds, Stopping threads took: 0.0000129 seconds
2024-07-27T21:38:27.827+0800: 3.327: Application time: 0.0002462 seconds
2024-07-27T21:38:27.827+0800: 3.327: [GC (CMS Initial Mark) [1 CMS-initial-mark: 211598K(443120K)] 223230K(521776K), 0.0008481 secs] [Times: user=0.00 sys=0.00, real=0.00 secs] 
2024-07-27T21:38:27.829+0800: 3.328: Total time for which application threads were stopped: 0.0010577 seconds, Stopping threads took: 0.0001508 seconds
2024-07-27T21:38:27.829+0800: 3.328: [CMS-concurrent-mark-start]
2024-07-27T21:38:27.830+0800: 3.329: [CMS-concurrent-mark: 0.002/0.002 secs] [Times: user=0.00 sys=0.00, real=0.00 secs] 
2024-07-27T21:38:27.830+0800: 3.329: [CMS-concurrent-preclean-start]
2024-07-27T21:38:27.831+0800: 3.330: [CMS-concurrent-preclean: 0.001/0.001 secs] [Times: user=0.00 sys=0.00, real=0.00 secs] 
2024-07-27T21:38:27.831+0800: 3.330: [CMS-concurrent-abortable-preclean-start]
2024-07-27T21:38:27.948+0800: 3.447: Application time: 0.1194442 seconds
2024-07-27T21:38:27.948+0800: 3.447: [GC (Allocation Failure) 2024-07-27T21:38:27.948+0800: 3.447: [ParNew: 77168K->8192K(78656K), 0.0116659 secs] 288767K->288399K(521776K), 0.0117253 secs] [Times: user=0.03 sys=0.00, real=0.01 secs] 
2024-07-27T21:38:27.960+0800: 3.459: Total time for which application threads were stopped: 0.0118362 seconds, Stopping threads took: 0.0000204 seconds
2024-07-27T21:38:28.071+0800: 3.570: Application time: 0.1113961 seconds
2024-07-27T21:38:28.072+0800: 3.570: [GC (Allocation Failure) 2024-07-27T21:38:28.072+0800: 3.570: [ParNew: 77168K->8192K(78656K), 0.0028752 secs] 357376K->292495K(521776K), 0.0029356 secs] [Times: user=0.00 sys=0.00, real=0.00 secs] 
2024-07-27T21:38:28.075+0800: 3.573: Total time for which application threads were stopped: 0.0030671 seconds, Stopping threads took: 0.0000221 seconds
2024-07-27T21:38:28.075+0800: 3.573: [CMS-concurrent-abortable-preclean: 0.005/0.243 secs] [Times: user=0.03 sys=0.00, real=0.24 secs] 
2024-07-27T21:38:28.075+0800: 3.574: Application time: 0.0003583 seconds
2024-07-27T21:38:28.075+0800: 3.574: [GC (CMS Final Remark) [YG occupancy: 13679 K (78656 K)]2024-07-27T21:38:28.075+0800: 3.574: [Rescan (parallel) , 0.0008268 secs]2024-07-27T21:38:28.076+0800: 3.575: [weak refs processing, 0.0000184 secs]2024-07-27T21:38:28.076+0800: 3.575: [class unloading, 0.0001728 secs]2024-07-27T21:38:28.076+0800: 3.575: [scrub symbol table, 0.0003511 secs]2024-07-27T21:38:28.076+0800: 3.575: [scrub string table, 0.0001029 secs][1 CMS-remark: 284303K(443120K)] 297983K(521776K), 0.0015355 secs] [Times: user=0.00 sys=0.00, real=0.00 secs] 
2024-07-27T21:38:28.077+0800: 3.575: Total time for which application threads were stopped: 0.0017233 seconds, Stopping threads took: 0.0001518 seconds
2024-07-27T21:38:28.077+0800: 3.576: [CMS-concurrent-sweep-start]
2024-07-27T21:38:28.078+0800: 3.577: [CMS-concurrent-sweep: 0.001/0.001 secs] [Times: user=0.00 sys=0.00, real=0.00 secs] 
2024-07-27T21:38:28.078+0800: 3.577: [CMS-concurrent-reset-start]
2024-07-27T21:38:28.079+0800: 3.578: [CMS-concurrent-reset: 0.001/0.001 secs] [Times: user=0.00 sys=0.00, real=0.00 secs] 
2024-07-27T21:38:28.081+0800: 3.580: Application time: 0.0047898 seconds
2024-07-27T21:38:28.081+0800: 3.580: [GC (Allocation Failure) 2024-07-27T21:38:28.081+0800: 3.580: [ParNew: 77168K->8192K(78656K), 0.0123231 secs] 222206K->221838K(521776K), 0.0123710 secs] [Times: user=0.03 sys=0.00, real=0.01 secs] 
2024-07-27T21:38:28.094+0800: 3.593: Total time for which application threads were stopped: 0.0124724 seconds, Stopping threads took: 0.0000182 seconds
2024-07-27T21:38:28.094+0800: 3.593: Application time: 0.0002589 seconds
2024-07-27T21:38:28.094+0800: 3.593: [GC (CMS Initial Mark) [1 CMS-initial-mark: 213646K(443120K)] 225278K(521776K), 0.0007888 secs] [Times: user=0.00 sys=0.00, real=0.00 secs] 
2024-07-27T21:38:28.095+0800: 3.594: Total time for which application threads were stopped: 0.0009915 seconds, Stopping threads took: 0.0001606 seconds
2024-07-27T21:38:28.095+0800: 3.594: [CMS-concurrent-mark-start]
2024-07-27T21:38:28.097+0800: 3.596: [CMS-concurrent-mark: 0.002/0.002 secs] [Times: user=0.00 sys=0.00, real=0.00 secs] 
2024-07-27T21:38:28.097+0800: 3.596: [CMS-concurrent-preclean-start]
2024-07-27T21:38:28.098+0800: 3.597: [CMS-concurrent-preclean: 0.001/0.001 secs] [Times: user=0.00 sys=0.00, real=0.00 secs] 
2024-07-27T21:38:28.098+0800: 3.597: [CMS-concurrent-abortable-preclean-start]
2024-07-27T21:38:28.214+0800: 3.714: Application time: 0.1196915 seconds
2024-07-27T21:38:28.214+0800: 3.714: [GC (Allocation Failure) 2024-07-27T21:38:28.214+0800: 3.714: [ParNew: 77168K->8192K(78656K), 0.0118100 secs] 290815K->290447K(521776K), 0.0118685 secs] [Times: user=0.03 sys=0.00, real=0.01 secs] 
2024-07-27T21:38:28.226+0800: 3.726: Total time for which application threads were stopped: 0.0119926 seconds, Stopping threads took: 0.0000192 seconds
2024-07-27T21:38:28.339+0800: 3.838: Application time: 0.1126432 seconds
2024-07-27T21:38:28.340+0800: 3.838: [GC (Allocation Failure) 2024-07-27T21:38:28.340+0800: 3.838: [ParNew: 77168K->8192K(78656K), 0.0030190 secs] 359424K->295567K(521776K), 0.0030732 secs] [Times: user=0.00 sys=0.00, real=0.00 secs] 
2024-07-27T21:38:28.342+0800: 3.841: Total time for which application threads were stopped: 0.0031854 seconds, Stopping threads took: 0.0000205 seconds
2024-07-27T21:38:28.342+0800: 3.842: [CMS-concurrent-abortable-preclean: 0.005/0.245 secs] [Times: user=0.03 sys=0.00, real=0.24 secs] 
2024-07-27T21:38:28.343+0800: 3.842: Application time: 0.0003825 seconds
2024-07-27T21:38:28.343+0800: 3.842: [GC (CMS Final Remark) [YG occupancy: 14703 K (78656 K)]2024-07-27T21:38:28.343+0800: 3.842: [Rescan (parallel) , 0.0011115 secs]2024-07-27T21:38:28.344+0800: 3.843: [weak refs processing, 0.0000130 secs]2024-07-27T21:38:28.344+0800: 3.843: [class unloading, 0.0001941 secs]2024-07-27T21:38:28.345+0800: 3.843: [scrub symbol table, 0.0003493 secs]2024-07-27T21:38:28.345+0800: 3.844: [scrub string table, 0.0000991 secs][1 CMS-remark: 287375K(443120K)] 302079K(521776K), 0.0018380 secs] [Times: user=0.00 sys=0.00, real=0.00 secs] 
2024-07-27T21:38:28.345+0800: 3.844: Total time for which application threads were stopped: 0.0019209 seconds, Stopping threads took: 0.0000468 seconds
2024-07-27T21:38:28.345+0800: 3.844: [CMS-concurrent-sweep-start]
2024-07-27T21:38:28.346+0800: 3.845: [CMS-concurrent-sweep: 0.001/0.001 secs] [Times: user=0.00 sys=0.00, real=0.00 secs] 
2024-07-27T21:38:28.346+0800: 3.845: [CMS-concurrent-reset-start]
2024-07-27T21:38:28.347+0800: 3.846: [CMS-concurrent-reset: 0.001/0.001 secs] [Times: user=0.00 sys=0.00, real=0.00 secs] 
2024-07-27T21:38:28.350+0800: 3.849: Application time: 0.0048455 seconds
2024-07-27T21:38:28.350+0800: 3.849: [GC (Allocation Failure) 2024-07-27T21:38:28.350+0800: 3.849: [ParNew: 77168K->8192K(78656K), 0.0120804 secs] 224254K->223886K(521776K), 0.0121295 secs] [Times: user=0.00 sys=0.00, real=0.01 secs] 
2024-07-27T21:38:28.362+0800: 3.861: Total time for which application threads were stopped: 0.0122330 seconds, Stopping threads took: 0.0000136 seconds
2024-07-27T21:38:28.362+0800: 3.861: Application time: 0.0002451 seconds
2024-07-27T21:38:28.362+0800: 3.861: [GC (CMS Initial Mark) [1 CMS-initial-mark: 215694K(443120K)] 227326K(521776K), 0.0008739 secs] [Times: user=0.00 sys=0.00, real=0.00 secs] 
2024-07-27T21:38:28.363+0800: 3.862: Total time for which application threads were stopped: 0.0010527 seconds, Stopping threads took: 0.0001378 seconds
2024-07-27T21:38:28.363+0800: 3.862: [CMS-concurrent-mark-start]
2024-07-27T21:38:28.365+0800: 3.864: [CMS-concurrent-mark: 0.002/0.002 secs] [Times: user=0.05 sys=0.00, real=0.00 secs] 
2024-07-27T21:38:28.365+0800: 3.864: [CMS-concurrent-preclean-start]
2024-07-27T21:38:28.366+0800: 3.865: [CMS-concurrent-preclean: 0.001/0.001 secs] [Times: user=0.00 sys=0.00, real=0.00 secs] 
2024-07-27T21:38:28.366+0800: 3.865: [CMS-concurrent-abortable-preclean-start]
2024-07-27T21:38:28.483+0800: 3.982: Application time: 0.1195414 seconds
2024-07-27T21:38:28.483+0800: 3.982: [GC (Allocation Failure) 2024-07-27T21:38:28.483+0800: 3.982: [ParNew: 77168K->8192K(78656K), 0.0120177 secs] 292863K->292495K(521776K), 0.0120770 secs] [Times: user=0.03 sys=0.00, real=0.01 secs] 
2024-07-27T21:38:28.494+0800: 3.994: Total time for which application threads were stopped: 0.0121864 seconds, Stopping threads took: 0.0000194 seconds
2024-07-27T21:38:28.608+0800: 4.107: Application time: 0.1133585 seconds
2024-07-27T21:38:28.608+0800: 4.107: [GC (Allocation Failure) 2024-07-27T21:38:28.608+0800: 4.107: [ParNew: 77168K->8192K(78656K), 0.0030709 secs] 361472K->298639K(521776K), 0.0031264 secs] [Times: user=0.00 sys=0.00, real=0.00 secs] 
2024-07-27T21:38:28.612+0800: 4.110: Total time for which application threads were stopped: 0.0032399 seconds, Stopping threads took: 0.0000206 seconds
2024-07-27T21:38:28.612+0800: 4.111: [CMS-concurrent-abortable-preclean: 0.005/0.246 secs] [Times: user=0.03 sys=0.00, real=0.25 secs] 
2024-07-27T21:38:28.612+0800: 4.111: Application time: 0.0003378 seconds
2024-07-27T21:38:28.612+0800: 4.111: [GC (CMS Final Remark) [YG occupancy: 12655 K (78656 K)]2024-07-27T21:38:28.612+0800: 4.111: [Rescan (parallel) , 0.0008079 secs]2024-07-27T21:38:28.613+0800: 4.112: [weak refs processing, 0.0000130 secs]2024-07-27T21:38:28.613+0800: 4.112: [class unloading, 0.0001778 secs]2024-07-27T21:38:28.613+0800: 4.112: [scrub symbol table, 0.0003415 secs]2024-07-27T21:38:28.613+0800: 4.112: [scrub string table, 0.0001143 secs][1 CMS-remark: 290447K(443120K)] 303103K(521776K), 0.0015161 secs] [Times: user=0.01 sys=0.00, real=0.00 secs] 
2024-07-27T21:38:28.614+0800: 4.113: Total time for which application threads were stopped: 0.0017124 seconds, Stopping threads took: 0.0001503 seconds
2024-07-27T21:38:28.614+0800: 4.113: [CMS-concurrent-sweep-start]
2024-07-27T21:38:28.615+0800: 4.114: [CMS-concurrent-sweep: 0.001/0.001 secs] [Times: user=0.00 sys=0.00, real=0.00 secs] 
2024-07-27T21:38:28.615+0800: 4.114: [CMS-concurrent-reset-start]
2024-07-27T21:38:28.617+0800: 4.116: [CMS-concurrent-reset: 0.001/0.001 secs] [Times: user=0.00 sys=0.00, real=0.00 secs] 
2024-07-27T21:38:28.618+0800: 4.117: Application time: 0.0047251 seconds
2024-07-27T21:38:28.618+0800: 4.117: [GC (Allocation Failure) 2024-07-27T21:38:28.618+0800: 4.117: [ParNew: 77168K->8192K(78656K), 0.0121952 secs] 226302K->225934K(521776K), 0.0122433 secs] [Times: user=0.03 sys=0.00, real=0.01 secs] 
2024-07-27T21:38:28.631+0800: 4.130: Total time for which application threads were stopped: 0.0123701 seconds, Stopping threads took: 0.0000139 seconds
2024-07-27T21:38:28.631+0800: 4.130: Application time: 0.0002339 seconds
2024-07-27T21:38:28.631+0800: 4.130: [GC (CMS Initial Mark) [1 CMS-initial-mark: 217742K(443120K)] 229374K(521776K), 0.0007783 secs] [Times: user=0.00 sys=0.00, real=0.00 secs] 
2024-07-27T21:38:28.632+0800: 4.131: Total time for which application threads were stopped: 0.0009473 seconds, Stopping threads took: 0.0001268 seconds
2024-07-27T21:38:28.632+0800: 4.131: [CMS-concurrent-mark-start]
2024-07-27T21:38:28.634+0800: 4.133: [CMS-concurrent-mark: 0.002/0.002 secs] [Times: user=0.00 sys=0.00, real=0.00 secs] 
2024-07-27T21:38:28.634+0800: 4.133: [CMS-concurrent-preclean-start]
2024-07-27T21:38:28.634+0800: 4.133: [CMS-concurrent-preclean: 0.001/0.001 secs] [Times: user=0.00 sys=0.00, real=0.00 secs] 
2024-07-27T21:38:28.634+0800: 4.133: [CMS-concurrent-abortable-preclean-start]
2024-07-27T21:38:28.752+0800: 4.251: Application time: 0.1196899 seconds
2024-07-27T21:38:28.752+0800: 4.251: [GC (Allocation Failure) 2024-07-27T21:38:28.752+0800: 4.251: [ParNew: 77168K->8192K(78656K), 0.0119179 secs] 294911K->294543K(521776K), 0.0119782 secs] [Times: user=0.03 sys=0.00, real=0.01 secs] 
2024-07-27T21:38:28.764+0800: 4.263: Total time for which application threads were stopped: 0.0120996 seconds, Stopping threads took: 0.0000226 seconds
2024-07-27T21:38:28.876+0800: 4.375: Application time: 0.1121397 seconds
2024-07-27T21:38:28.876+0800: 4.375: [GC (Allocation Failure) 2024-07-27T21:38:28.876+0800: 4.375: [ParNew: 77168K->8192K(78656K), 0.0031304 secs] 363520K->301711K(521776K), 0.0031911 secs] [Times: user=0.00 sys=0.02, real=0.00 secs] 
2024-07-27T21:38:28.879+0800: 4.378: Total time for which application threads were stopped: 0.0033037 seconds, Stopping threads took: 0.0000229 seconds
2024-07-27T21:38:28.879+0800: 4.378: [CMS-concurrent-abortable-preclean: 0.005/0.245 secs] [Times: user=0.03 sys=0.02, real=0.24 secs] 
2024-07-27T21:38:28.880+0800: 4.378: Application time: 0.0002383 seconds
2024-07-27T21:38:28.880+0800: 4.379: [GC (CMS Final Remark) [YG occupancy: 11631 K (78656 K)]2024-07-27T21:38:28.880+0800: 4.379: [Rescan (parallel) , 0.0007768 secs]2024-07-27T21:38:28.880+0800: 4.379: [weak refs processing, 0.0000127 secs]2024-07-27T21:38:28.880+0800: 4.379: [class unloading, 0.0001774 secs]2024-07-27T21:38:28.880+0800: 4.380: [scrub symbol table, 0.0003614 secs]2024-07-27T21:38:28.880+0800: 4.380: [scrub string table, 0.0001167 secs][1 CMS-remark: 293519K(443120K)] 305151K(521776K), 0.0015111 secs] [Times: user=0.00 sys=0.00, real=0.00 secs] 
2024-07-27T21:38:28.881+0800: 4.380: Total time for which application threads were stopped: 0.0017109 seconds, Stopping threads took: 0.0001644 seconds
2024-07-27T21:38:28.881+0800: 4.380: [CMS-concurrent-sweep-start]
2024-07-27T21:38:28.882+0800: 4.382: [CMS-concurrent-sweep: 0.001/0.001 secs] [Times: user=0.00 sys=0.00, real=0.00 secs] 
2024-07-27T21:38:28.882+0800: 4.382: [CMS-concurrent-reset-start]
2024-07-27T21:38:28.883+0800: 4.383: [CMS-concurrent-reset: 0.001/0.001 secs] [Times: user=0.00 sys=0.00, real=0.00 secs] 
2024-07-27T21:38:28.885+0800: 4.385: Application time: 0.0047860 seconds
2024-07-27T21:38:28.885+0800: 4.385: [GC (Allocation Failure) 2024-07-27T21:38:28.885+0800: 4.385: [ParNew: 77168K->8192K(78656K), 0.0122257 secs] 228350K->227982K(521776K), 0.0122789 secs] [Times: user=0.03 sys=0.00, real=0.01 secs] 
2024-07-27T21:38:28.898+0800: 4.397: Total time for which application threads were stopped: 0.0123756 seconds, Stopping threads took: 0.0000124 seconds
2024-07-27T21:38:28.899+0800: 4.397: Application time: 0.0002336 seconds
2024-07-27T21:38:28.899+0800: 4.398: [GC (CMS Initial Mark) [1 CMS-initial-mark: 219790K(443120K)] 231422K(521776K), 0.0008177 secs] [Times: user=0.00 sys=0.00, real=0.00 secs] 
2024-07-27T21:38:28.900+0800: 4.398: Total time for which application threads were stopped: 0.0009424 seconds, Stopping threads took: 0.0000832 seconds
2024-07-27T21:38:28.900+0800: 4.398: [CMS-concurrent-mark-start]
2024-07-27T21:38:28.901+0800: 4.400: [CMS-concurrent-mark: 0.002/0.002 secs] [Times: user=0.00 sys=0.00, real=0.00 secs] 
2024-07-27T21:38:28.902+0800: 4.400: [CMS-concurrent-preclean-start]
2024-07-27T21:38:28.902+0800: 4.401: [CMS-concurrent-preclean: 0.001/0.001 secs] [Times: user=0.00 sys=0.00, real=0.00 secs] 
2024-07-27T21:38:28.902+0800: 4.401: [CMS-concurrent-abortable-preclean-start]
2024-07-27T21:38:29.018+0800: 4.517: Application time: 0.1188452 seconds
2024-07-27T21:38:29.018+0800: 4.517: [GC (Allocation Failure) 2024-07-27T21:38:29.018+0800: 4.517: [ParNew: 77168K->8192K(78656K), 0.0120412 secs] 296959K->296591K(521776K), 0.0121008 secs] [Times: user=0.03 sys=0.00, real=0.01 secs] 
2024-07-27T21:38:29.030+0800: 4.529: Total time for which application threads were stopped: 0.0122120 seconds, Stopping threads took: 0.0000193 seconds
2024-07-27T21:38:29.143+0800: 4.642: Application time: 0.1126141 seconds
2024-07-27T21:38:29.143+0800: 4.642: [GC (Allocation Failure) 2024-07-27T21:38:29.143+0800: 4.642: [ParNew: 77168K->8192K(78656K), 0.0035074 secs] 365568K->304784K(521776K), 0.0035619 secs] [Times: user=0.03 sys=0.00, real=0.00 secs] 
2024-07-27T21:38:29.147+0800: 4.646: Total time for which application threads were stopped: 0.0036713 seconds, Stopping threads took: 0.0000186 seconds
2024-07-27T21:38:29.147+0800: 4.646: [CMS-concurrent-abortable-preclean: 0.005/0.245 secs] [Times: user=0.06 sys=0.00, real=0.25 secs] 
2024-07-27T21:38:29.147+0800: 4.646: Application time: 0.0003784 seconds
2024-07-27T21:38:29.148+0800: 4.646: [GC (CMS Final Remark) [YG occupancy: 14703 K (78656 K)]2024-07-27T21:38:29.148+0800: 4.646: [Rescan (parallel) , 0.0008516 secs]2024-07-27T21:38:29.149+0800: 4.647: [weak refs processing, 0.0000127 secs]2024-07-27T21:38:29.149+0800: 4.647: [class unloading, 0.0001828 secs]2024-07-27T21:38:29.149+0800: 4.647: [scrub symbol table, 0.0003103 secs]2024-07-27T21:38:29.149+0800: 4.648: [scrub string table, 0.0000923 secs][1 CMS-remark: 296591K(443120K)] 311295K(521776K), 0.0015195 secs] [Times: user=0.00 sys=0.00, real=0.00 secs] 
2024-07-27T21:38:29.149+0800: 4.648: Total time for which application threads were stopped: 0.0017213 seconds, Stopping threads took: 0.0001651 seconds
2024-07-27T21:38:29.149+0800: 4.648: [CMS-concurrent-sweep-start]
2024-07-27T21:38:29.150+0800: 4.649: [CMS-concurrent-sweep: 0.001/0.001 secs] [Times: user=0.00 sys=0.00, real=0.00 secs] 
2024-07-27T21:38:29.151+0800: 4.649: [CMS-concurrent-reset-start]
2024-07-27T21:38:29.152+0800: 4.650: [CMS-concurrent-reset: 0.001/0.001 secs] [Times: user=0.00 sys=0.00, real=0.00 secs] 
2024-07-27T21:38:29.154+0800: 4.653: Application time: 0.0047666 seconds
2024-07-27T21:38:29.154+0800: 4.653: [GC (Allocation Failure) 2024-07-27T21:38:29.154+0800: 4.653: [ParNew: 77168K->8192K(78656K), 0.0120664 secs] 230398K->230030K(521776K), 0.0121137 secs] [Times: user=0.03 sys=0.00, real=0.01 secs] 
2024-07-27T21:38:29.166+0800: 4.665: Total time for which application threads were stopped: 0.0122097 seconds, Stopping threads took: 0.0000134 seconds
2024-07-27T21:38:29.166+0800: 4.665: Application time: 0.0002428 seconds
2024-07-27T21:38:29.167+0800: 4.665: [GC (CMS Initial Mark) [1 CMS-initial-mark: 221838K(443120K)] 233470K(521776K), 0.0008017 secs] [Times: user=0.00 sys=0.00, real=0.00 secs] 
2024-07-27T21:38:29.167+0800: 4.666: Total time for which application threads were stopped: 0.0009993 seconds, Stopping threads took: 0.0001537 seconds
2024-07-27T21:38:29.167+0800: 4.666: [CMS-concurrent-mark-start]
2024-07-27T21:38:29.169+0800: 4.668: [CMS-concurrent-mark: 0.002/0.002 secs] [Times: user=0.00 sys=0.00, real=0.00 secs] 
2024-07-27T21:38:29.169+0800: 4.668: [CMS-concurrent-preclean-start]
2024-07-27T21:38:29.170+0800: 4.668: [CMS-concurrent-preclean: 0.001/0.001 secs] [Times: user=0.00 sys=0.00, real=0.00 secs] 
2024-07-27T21:38:29.170+0800: 4.668: [CMS-concurrent-abortable-preclean-start]
2024-07-27T21:38:29.287+0800: 4.786: Application time: 0.1195279 seconds
2024-07-27T21:38:29.287+0800: 4.786: [GC (Allocation Failure) 2024-07-27T21:38:29.287+0800: 4.786: [ParNew: 77168K->8192K(78656K), 0.0119528 secs] 299007K->298639K(521776K), 0.0120486 secs] [Times: user=0.00 sys=0.00, real=0.01 secs] 
2024-07-27T21:38:29.299+0800: 4.798: Total time for which application threads were stopped: 0.0121896 seconds, Stopping threads took: 0.0000206 seconds
2024-07-27T21:38:29.411+0800: 4.911: Application time: 0.1127139 seconds
2024-07-27T21:38:29.412+0800: 4.911: [GC (Allocation Failure) 2024-07-27T21:38:29.412+0800: 4.911: [ParNew: 77168K->8192K(78656K), 0.0035336 secs] 367616K->307856K(521776K), 0.0035899 secs] [Times: user=0.00 sys=0.00, real=0.00 secs] 
2024-07-27T21:38:29.415+0800: 4.914: Total time for which application threads were stopped: 0.0037120 seconds, Stopping threads took: 0.0000189 seconds
2024-07-27T21:38:29.415+0800: 4.914: [CMS-concurrent-abortable-preclean: 0.005/0.246 secs] [Times: user=0.06 sys=0.00, real=0.24 secs] 
2024-07-27T21:38:29.416+0800: 4.915: Application time: 0.0003681 seconds
2024-07-27T21:38:29.416+0800: 4.915: [GC (CMS Final Remark) [YG occupancy: 13679 K (78656 K)]2024-07-27T21:38:29.416+0800: 4.915: [Rescan (parallel) , 0.0008586 secs]2024-07-27T21:38:29.417+0800: 4.916: [weak refs processing, 0.0000129 secs]2024-07-27T21:38:29.417+0800: 4.916: [class unloading, 0.0001782 secs]2024-07-27T21:38:29.417+0800: 4.916: [scrub symbol table, 0.0003471 secs]2024-07-27T21:38:29.417+0800: 4.916: [scrub string table, 0.0001102 secs][1 CMS-remark: 299663K(443120K)] 313343K(521776K), 0.0015692 secs] [Times: user=0.00 sys=0.00, real=0.00 secs] 
2024-07-27T21:38:29.417+0800: 4.916: Total time for which application threads were stopped: 0.0017256 seconds, Stopping threads took: 0.0001203 seconds
2024-07-27T21:38:29.417+0800: 4.917: [CMS-concurrent-sweep-start]
2024-07-27T21:38:29.418+0800: 4.918: [CMS-concurrent-sweep: 0.001/0.001 secs] [Times: user=0.00 sys=0.00, real=0.00 secs] 
2024-07-27T21:38:29.419+0800: 4.918: [CMS-concurrent-reset-start]
2024-07-27T21:38:29.420+0800: 4.919: [CMS-concurrent-reset: 0.001/0.001 secs] [Times: user=0.00 sys=0.00, real=0.00 secs] 
2024-07-27T21:38:29.422+0800: 4.921: Application time: 0.0046463 seconds
2024-07-27T21:38:29.422+0800: 4.921: [GC (Allocation Failure) 2024-07-27T21:38:29.422+0800: 4.921: [ParNew: 77168K->8192K(78656K), 0.0123120 secs] 232446K->232078K(521776K), 0.0123597 secs] [Times: user=0.03 sys=0.00, real=0.01 secs] 
2024-07-27T21:38:29.434+0800: 4.933: Total time for which application threads were stopped: 0.0124534 seconds, Stopping threads took: 0.0000122 seconds
2024-07-27T21:38:29.435+0800: 4.934: Application time: 0.0001809 seconds
2024-07-27T21:38:29.435+0800: 4.934: [GC (CMS Initial Mark) [1 CMS-initial-mark: 223886K(443120K)] 235518K(521776K), 0.0008035 secs] [Times: user=0.00 sys=0.00, real=0.00 secs] 
2024-07-27T21:38:29.436+0800: 4.935: Total time for which application threads were stopped: 0.0010229 seconds, Stopping threads took: 0.0001765 seconds
2024-07-27T21:38:29.436+0800: 4.935: [CMS-concurrent-mark-start]
2024-07-27T21:38:29.437+0800: 4.936: [CMS-concurrent-mark: 0.001/0.001 secs] [Times: user=0.00 sys=0.00, real=0.00 secs] 
2024-07-27T21:38:29.437+0800: 4.936: [CMS-concurrent-preclean-start]
2024-07-27T21:38:29.438+0800: 4.937: [CMS-concurrent-preclean: 0.001/0.001 secs] [Times: user=0.00 sys=0.00, real=0.00 secs] 
2024-07-27T21:38:29.438+0800: 4.937: [CMS-concurrent-abortable-preclean-start]
2024-07-27T21:38:29.554+0800: 5.053: Application time: 0.1183849 seconds
2024-07-27T21:38:29.554+0800: 5.053: [GC (Allocation Failure) 2024-07-27T21:38:29.554+0800: 5.053: [ParNew: 77168K->8192K(78656K), 0.0119790 secs] 301055K->300687K(521776K), 0.0120411 secs] [Times: user=0.00 sys=0.00, real=0.01 secs] 
2024-07-27T21:38:29.567+0800: 5.065: Total time for which application threads were stopped: 0.0121563 seconds, Stopping threads took: 0.0000194 seconds
2024-07-27T21:38:29.678+0800: 5.178: Application time: 0.1123733 seconds
2024-07-27T21:38:29.678+0800: 5.178: [GC (Allocation Failure) 2024-07-27T21:38:29.678+0800: 5.178: [ParNew: 77168K->8192K(78656K), 0.0039713 secs] 369664K->310928K(521776K), 0.0040275 secs] [Times: user=0.00 sys=0.00, real=0.01 secs] 
2024-07-27T21:38:29.683+0800: 5.182: Total time for which application threads were stopped: 0.0041401 seconds, Stopping threads took: 0.0000196 seconds
2024-07-27T21:38:29.683+0800: 5.182: [CMS-concurrent-abortable-preclean: 0.005/0.245 secs] [Times: user=0.06 sys=0.00, real=0.25 secs] 
2024-07-27T21:38:29.683+0800: 5.182: Application time: 0.0003285 seconds
2024-07-27T21:38:29.683+0800: 5.182: [GC (CMS Final Remark) [YG occupancy: 12655 K (78656 K)]2024-07-27T21:38:29.683+0800: 5.182: [Rescan (parallel) , 0.0008642 secs]2024-07-27T21:38:29.684+0800: 5.183: [weak refs processing, 0.0000131 secs]2024-07-27T21:38:29.684+0800: 5.183: [class unloading, 0.0001752 secs]2024-07-27T21:38:29.684+0800: 5.183: [scrub symbol table, 0.0003581 secs]2024-07-27T21:38:29.684+0800: 5.184: [scrub string table, 0.0001183 secs][1 CMS-remark: 302735K(443120K)] 315391K(521776K), 0.0015912 secs] [Times: user=0.00 sys=0.00, real=0.00 secs] 
2024-07-27T21:38:29.685+0800: 5.184: Total time for which application threads were stopped: 0.0017494 seconds, Stopping threads took: 0.0001235 seconds
2024-07-27T21:38:29.685+0800: 5.184: [CMS-concurrent-sweep-start]
2024-07-27T21:38:29.686+0800: 5.185: [CMS-concurrent-sweep: 0.001/0.001 secs] [Times: user=0.00 sys=0.00, real=0.00 secs] 
2024-07-27T21:38:29.686+0800: 5.185: [CMS-concurrent-reset-start]
2024-07-27T21:38:29.687+0800: 5.187: [CMS-concurrent-reset: 0.001/0.001 secs] [Times: user=0.00 sys=0.00, real=0.00 secs] 
2024-07-27T21:38:29.689+0800: 5.188: Application time: 0.0046699 seconds
2024-07-27T21:38:29.689+0800: 5.189: [GC (Allocation Failure) 2024-07-27T21:38:29.689+0800: 5.189: [ParNew: 77168K->8192K(78656K), 0.0118546 secs] 234494K->234126K(521776K), 0.0119027 secs] [Times: user=0.03 sys=0.00, real=0.01 secs] 
2024-07-27T21:38:29.701+0800: 5.200: Total time for which application threads were stopped: 0.0120084 seconds, Stopping threads took: 0.0000246 seconds
2024-07-27T21:38:29.702+0800: 5.201: Application time: 0.0002085 seconds
2024-07-27T21:38:29.702+0800: 5.201: [GC (CMS Initial Mark) [1 CMS-initial-mark: 225934K(443120K)] 237566K(521776K), 0.0008372 secs] [Times: user=0.00 sys=0.00, real=0.00 secs] 
2024-07-27T21:38:29.703+0800: 5.202: Total time for which application threads were stopped: 0.0010198 seconds, Stopping threads took: 0.0001401 seconds
2024-07-27T21:38:29.703+0800: 5.202: [CMS-concurrent-mark-start]
2024-07-27T21:38:29.704+0800: 5.203: [CMS-concurrent-mark: 0.001/0.001 secs] [Times: user=0.00 sys=0.00, real=0.00 secs] 
2024-07-27T21:38:29.704+0800: 5.203: [CMS-concurrent-preclean-start]
2024-07-27T21:38:29.705+0800: 5.204: [CMS-concurrent-preclean: 0.001/0.001 secs] [Times: user=0.00 sys=0.00, real=0.00 secs] 
2024-07-27T21:38:29.705+0800: 5.204: [CMS-concurrent-abortable-preclean-start]
2024-07-27T21:38:29.808+0800: 5.307: Application time: 0.1051580 seconds
2024-07-27T21:38:29.808+0800: 5.307: [GC (Allocation Failure) 2024-07-27T21:38:29.808+0800: 5.307: [ParNew2024-07-27T21:38:29.820+0800: 5.319: [CMS-concurrent-abortable-preclean: 0.001/0.115 secs] [Times: user=0.03 sys=0.00, real=0.12 secs] 
: 77168K->8192K(78656K), 0.0122618 secs] 303103K->302735K(521776K), 0.0123176 secs] [Times: user=0.03 sys=0.00, real=0.01 secs] 
2024-07-27T21:38:29.821+0800: 5.319: Total time for which application threads were stopped: 0.0124363 seconds, Stopping threads took: 0.0000201 seconds
2024-07-27T21:38:29.821+0800: 5.320: Application time: 0.0002862 seconds
2024-07-27T21:38:29.821+0800: 5.320: [GC (CMS Final Remark) [YG occupancy: 12655 K (78656 K)]2024-07-27T21:38:29.821+0800: 5.320: [Rescan (parallel) , 0.0004825 secs]2024-07-27T21:38:29.822+0800: 5.320: [weak refs processing, 0.0000131 secs]2024-07-27T21:38:29.822+0800: 5.320: [class unloading, 0.0001919 secs]2024-07-27T21:38:29.822+0800: 5.320: [scrub symbol table, 0.0003594 secs]2024-07-27T21:38:29.822+0800: 5.321: [scrub string table, 0.0001070 secs][1 CMS-remark: 294543K(443120K)] 307199K(521776K), 0.0012223 secs] [Times: user=0.00 sys=0.00, real=0.00 secs] 
2024-07-27T21:38:29.822+0800: 5.321: Total time for which application threads were stopped: 0.0014124 seconds, Stopping threads took: 0.0001521 seconds
2024-07-27T21:38:29.823+0800: 5.321: [CMS-concurrent-sweep-start]
2024-07-27T21:38:29.824+0800: 5.322: [CMS-concurrent-sweep: 0.001/0.001 secs] [Times: user=0.00 sys=0.00, real=0.00 secs] 
2024-07-27T21:38:29.824+0800: 5.322: [CMS-concurrent-reset-start]
2024-07-27T21:38:29.825+0800: 5.324: [CMS-concurrent-reset: 0.001/0.001 secs] [Times: user=0.00 sys=0.00, real=0.00 secs] 
2024-07-27T21:38:29.932+0800: 5.431: Application time: 0.1100703 seconds
2024-07-27T21:38:29.933+0800: 5.431: [GC (Allocation Failure) 2024-07-27T21:38:29.933+0800: 5.431: [ParNew: 77168K->8192K(78656K), 0.0040557 secs] 225278K->167565K(521776K), 0.0041140 secs] [Times: user=0.00 sys=0.00, real=0.00 secs] 
2024-07-27T21:38:29.937+0800: 5.435: Total time for which application threads were stopped: 0.0042285 seconds, Stopping threads took: 0.0000194 seconds
2024-07-27T21:38:29.941+0800: 5.440: Application time: 0.0043041 seconds
2024-07-27T21:38:29.941+0800: 5.440: [GC (Allocation Failure) 2024-07-27T21:38:29.941+0800: 5.440: [ParNew: 77168K->8192K(78656K), 0.0120618 secs] 236542K->236174K(521776K), 0.0121099 secs] [Times: user=0.11 sys=0.02, real=0.01 secs] 
2024-07-27T21:38:29.953+0800: 5.452: Total time for which application threads were stopped: 0.0122081 seconds, Stopping threads took: 0.0000147 seconds
2024-07-27T21:38:29.953+0800: 5.452: Application time: 0.0001469 seconds
2024-07-27T21:38:29.953+0800: 5.452: [GC (CMS Initial Mark) [1 CMS-initial-mark: 227982K(443120K)] 239614K(521776K), 0.0008328 secs] [Times: user=0.00 sys=0.00, real=0.00 secs] 
2024-07-27T21:38:29.954+0800: 5.453: Total time for which application threads were stopped: 0.0009444 seconds, Stopping threads took: 0.0000723 seconds
2024-07-27T21:38:29.954+0800: 5.453: [CMS-concurrent-mark-start]
2024-07-27T21:38:29.956+0800: 5.454: [CMS-concurrent-mark: 0.001/0.001 secs] [Times: user=0.00 sys=0.00, real=0.00 secs] 
2024-07-27T21:38:29.956+0800: 5.454: [CMS-concurrent-preclean-start]
2024-07-27T21:38:29.956+0800: 5.455: [CMS-concurrent-preclean: 0.001/0.001 secs] [Times: user=0.00 sys=0.00, real=0.00 secs] 
2024-07-27T21:38:29.956+0800: 5.455: [CMS-concurrent-abortable-preclean-start]
2024-07-27T21:38:30.060+0800: 5.560: Application time: 0.1066590 seconds
2024-07-27T21:38:30.061+0800: 5.560: [GC (Allocation Failure) 2024-07-27T21:38:30.061+0800: 5.560: [ParNew: 77168K->8192K(78656K), 0.0121013 secs] 305151K->304784K(521776K), 0.0121621 secs] [Times: user=0.03 sys=0.00, real=0.01 secs] 
2024-07-27T21:38:30.073+0800: 5.572: Total time for which application threads were stopped: 0.0122836 seconds, Stopping threads took: 0.0000240 seconds
2024-07-27T21:38:30.184+0800: 5.682: Application time: 0.1102846 seconds
2024-07-27T21:38:30.184+0800: 5.682: [GC (Allocation Failure) 2024-07-27T21:38:30.184+0800: 5.682: [ParNew: 77168K->8192K(78656K), 0.0038007 secs] 373760K->317072K(521776K), 0.0038635 secs] [Times: user=0.00 sys=0.00, real=0.00 secs] 
2024-07-27T21:38:30.188+0800: 5.686: Total time for which application threads were stopped: 0.0039784 seconds, Stopping threads took: 0.0000206 seconds
2024-07-27T21:38:30.188+0800: 5.686: [CMS-concurrent-abortable-preclean: 0.005/0.231 secs] [Times: user=0.03 sys=0.00, real=0.23 secs] 
2024-07-27T21:38:30.188+0800: 5.686: Application time: 0.0003539 seconds
2024-07-27T21:38:30.188+0800: 5.687: [GC (CMS Final Remark) [YG occupancy: 13679 K (78656 K)]2024-07-27T21:38:30.188+0800: 5.687: [Rescan (parallel) , 0.0009032 secs]2024-07-27T21:38:30.189+0800: 5.688: [weak refs processing, 0.0000129 secs]2024-07-27T21:38:30.189+0800: 5.688: [class unloading, 0.0001830 secs]2024-07-27T21:38:30.189+0800: 5.688: [scrub symbol table, 0.0003522 secs]2024-07-27T21:38:30.190+0800: 5.688: [scrub string table, 0.0001204 secs][1 CMS-remark: 308880K(443120K)] 322559K(521776K), 0.0016351 secs] [Times: user=0.00 sys=0.00, real=0.00 secs] 
2024-07-27T21:38:30.190+0800: 5.688: Total time for which application threads were stopped: 0.0018205 seconds, Stopping threads took: 0.0001487 seconds
2024-07-27T21:38:30.190+0800: 5.688: [CMS-concurrent-sweep-start]
2024-07-27T21:38:30.191+0800: 5.690: [CMS-concurrent-sweep: 0.001/0.001 secs] [Times: user=0.00 sys=0.00, real=0.00 secs] 
2024-07-27T21:38:30.191+0800: 5.690: [CMS-concurrent-reset-start]
2024-07-27T21:38:30.192+0800: 5.691: [CMS-concurrent-reset: 0.001/0.001 secs] [Times: user=0.00 sys=0.00, real=0.00 secs] 
2024-07-27T21:38:30.194+0800: 5.693: Application time: 0.0047633 seconds
2024-07-27T21:38:30.195+0800: 5.693: [GC (Allocation Failure) 2024-07-27T21:38:30.195+0800: 5.693: [ParNew: 77168K->8192K(78656K), 0.0123520 secs] 238590K->238223K(521776K), 0.0124002 secs] [Times: user=0.00 sys=0.00, real=0.01 secs] 
2024-07-27T21:38:30.207+0800: 5.706: Total time for which application threads were stopped: 0.0124974 seconds, Stopping threads took: 0.0000162 seconds
2024-07-27T21:38:30.207+0800: 5.706: Application time: 0.0002509 seconds
2024-07-27T21:38:30.207+0800: 5.706: [GC (CMS Initial Mark) [1 CMS-initial-mark: 230030K(443120K)] 241662K(521776K), 0.0008033 secs] [Times: user=0.02 sys=0.02, real=0.00 secs] 
2024-07-27T21:38:30.208+0800: 5.707: Total time for which application threads were stopped: 0.0009948 seconds, Stopping threads took: 0.0001498 seconds
2024-07-27T21:38:30.208+0800: 5.707: [CMS-concurrent-mark-start]
2024-07-27T21:38:30.210+0800: 5.708: [CMS-concurrent-mark: 0.001/0.001 secs] [Times: user=0.00 sys=0.00, real=0.00 secs] 
2024-07-27T21:38:30.210+0800: 5.708: [CMS-concurrent-preclean-start]
2024-07-27T21:38:30.210+0800: 5.709: [CMS-concurrent-preclean: 0.001/0.001 secs] [Times: user=0.00 sys=0.00, real=0.00 secs] 
2024-07-27T21:38:30.210+0800: 5.709: [CMS-concurrent-abortable-preclean-start]
2024-07-27T21:38:30.326+0800: 5.825: Application time: 0.1179415 seconds
2024-07-27T21:38:30.326+0800: 5.825: [GC (Allocation Failure) 2024-07-27T21:38:30.326+0800: 5.825: [ParNew: 77168K->8192K(78656K), 0.0118135 secs] 307199K->306832K(521776K), 0.0118995 secs] [Times: user=0.03 sys=0.00, real=0.01 secs] 
2024-07-27T21:38:30.338+0800: 5.837: Total time for which application threads were stopped: 0.0120135 seconds, Stopping threads took: 0.0000193 seconds
2024-07-27T21:38:30.451+0800: 5.950: Application time: 0.1128554 seconds
2024-07-27T21:38:30.451+0800: 5.950: [GC (Allocation Failure) 2024-07-27T21:38:30.451+0800: 5.950: [ParNew: 77168K->8192K(78656K), 0.0040916 secs] 375808K->320144K(521776K), 0.0041531 secs] [Times: user=0.00 sys=0.00, real=0.00 secs] 
2024-07-27T21:38:30.454+0800: 5.954: Total time for which application threads were stopped: 0.0042607 seconds, Stopping threads took: 0.0000188 seconds
2024-07-27T21:38:30.454+0800: 5.954: [CMS-concurrent-abortable-preclean: 0.005/0.245 secs] [Times: user=0.03 sys=0.00, real=0.24 secs] 
2024-07-27T21:38:30.455+0800: 5.954: Application time: 0.0003615 seconds
2024-07-27T21:38:30.455+0800: 5.954: [GC (CMS Final Remark) [YG occupancy: 12655 K (78656 K)]2024-07-27T21:38:30.455+0800: 5.954: [Rescan (parallel) , 0.0010133 secs]2024-07-27T21:38:30.456+0800: 5.955: [weak refs processing, 0.0000126 secs]2024-07-27T21:38:30.456+0800: 5.955: [class unloading, 0.0001892 secs]2024-07-27T21:38:30.456+0800: 5.956: [scrub symbol table, 0.0003472 secs]2024-07-27T21:38:30.456+0800: 5.956: [scrub string table, 0.0001062 secs][1 CMS-remark: 311952K(443120K)] 324607K(521776K), 0.0017362 secs] [Times: user=0.01 sys=0.00, real=0.00 secs] 
2024-07-27T21:38:30.457+0800: 5.956: Total time for which application threads were stopped: 0.0019001 seconds, Stopping threads took: 0.0001278 seconds
2024-07-27T21:38:30.457+0800: 5.956: [CMS-concurrent-sweep-start]
2024-07-27T21:38:30.458+0800: 5.958: [CMS-concurrent-sweep: 0.001/0.001 secs] [Times: user=0.00 sys=0.00, real=0.00 secs] 
2024-07-27T21:38:30.458+0800: 5.958: [CMS-concurrent-reset-start]
2024-07-27T21:38:30.461+0800: 5.959: [CMS-concurrent-reset: 0.001/0.001 secs] [Times: user=0.00 sys=0.00, real=0.00 secs] 
2024-07-27T21:38:30.462+0800: 5.961: Application time: 0.0047133 seconds
2024-07-27T21:38:30.462+0800: 5.961: [GC (Allocation Failure) 2024-07-27T21:38:30.462+0800: 5.961: [ParNew: 77168K->8192K(78656K), 0.0121461 secs] 240638K->240271K(521776K), 0.0121926 secs] [Times: user=0.03 sys=0.00, real=0.01 secs] 
2024-07-27T21:38:30.474+0800: 5.973: Total time for which application threads were stopped: 0.0122859 seconds, Stopping threads took: 0.0000124 seconds
2024-07-27T21:38:30.474+0800: 5.973: Application time: 0.0002500 seconds
2024-07-27T21:38:30.474+0800: 5.974: [GC (CMS Initial Mark) [1 CMS-initial-mark: 232078K(443120K)] 243710K(521776K), 0.0008012 secs] [Times: user=0.00 sys=0.00, real=0.00 secs] 
2024-07-27T21:38:30.475+0800: 5.974: Total time for which application threads were stopped: 0.0010211 seconds, Stopping threads took: 0.0001785 seconds
2024-07-27T21:38:30.475+0800: 5.975: [CMS-concurrent-mark-start]
2024-07-27T21:38:30.476+0800: 5.976: [CMS-concurrent-mark: 0.001/0.001 secs] [Times: user=0.00 sys=0.00, real=0.00 secs] 
2024-07-27T21:38:30.476+0800: 5.976: [CMS-concurrent-preclean-start]
2024-07-27T21:38:30.477+0800: 5.976: [CMS-concurrent-preclean: 0.001/0.001 secs] [Times: user=0.00 sys=0.00, real=0.00 secs] 
2024-07-27T21:38:30.477+0800: 5.977: [CMS-concurrent-abortable-preclean-start]
2024-07-27T21:38:30.594+0800: 6.093: Application time: 0.1180926 seconds
2024-07-27T21:38:30.594+0800: 6.093: [GC (Allocation Failure) 2024-07-27T21:38:30.594+0800: 6.093: [ParNew: 77168K->8192K(78656K), 0.0116833 secs] 309247K->308880K(521776K), 0.0117703 secs] [Times: user=0.03 sys=0.00, real=0.01 secs] 
2024-07-27T21:38:30.606+0800: 6.104: Total time for which application threads were stopped: 0.0119154 seconds, Stopping threads took: 0.0000200 seconds
2024-07-27T21:38:30.715+0800: 6.214: Application time: 0.1093195 seconds
2024-07-27T21:38:30.715+0800: 6.214: [GC (Allocation Failure) 2024-07-27T21:38:30.715+0800: 6.214: [ParNew: 77168K->8192K(78656K), 0.0043274 secs] 377856K->323216K(521776K), 0.0043851 secs] [Times: user=0.00 sys=0.00, real=0.00 secs] 
2024-07-27T21:38:30.719+0800: 6.218: Total time for which application threads were stopped: 0.0044960 seconds, Stopping threads took: 0.0000201 seconds
2024-07-27T21:38:30.719+0800: 6.218: [CMS-concurrent-abortable-preclean: 0.005/0.242 secs] [Times: user=0.03 sys=0.00, real=0.24 secs] 
2024-07-27T21:38:30.720+0800: 6.219: Application time: 0.0003207 seconds
2024-07-27T21:38:30.720+0800: 6.219: [GC (CMS Final Remark) [YG occupancy: 12655 K (78656 K)]2024-07-27T21:38:30.720+0800: 6.219: [Rescan (parallel) , 0.0009288 secs]2024-07-27T21:38:30.721+0800: 6.220: [weak refs processing, 0.0000129 secs]2024-07-27T21:38:30.721+0800: 6.220: [class unloading, 0.0001833 secs]2024-07-27T21:38:30.721+0800: 6.220: [scrub symbol table, 0.0003368 secs]2024-07-27T21:38:30.721+0800: 6.220: [scrub string table, 0.0000994 secs][1 CMS-remark: 315024K(443120K)] 327679K(521776K), 0.0016248 secs] [Times: user=0.00 sys=0.00, real=0.00 secs] 
2024-07-27T21:38:30.721+0800: 6.220: Total time for which application threads were stopped: 0.0018234 seconds, Stopping threads took: 0.0001583 seconds
2024-07-27T21:38:30.722+0800: 6.221: [CMS-concurrent-sweep-start]
2024-07-27T21:38:30.723+0800: 6.222: [CMS-concurrent-sweep: 0.001/0.001 secs] [Times: user=0.03 sys=0.00, real=0.00 secs] 
2024-07-27T21:38:30.723+0800: 6.222: [CMS-concurrent-reset-start]
2024-07-27T21:38:30.724+0800: 6.223: [CMS-concurrent-reset: 0.001/0.001 secs] [Times: user=0.00 sys=0.00, real=0.00 secs] 
2024-07-27T21:38:30.726+0800: 6.225: Application time: 0.0047556 seconds
2024-07-27T21:38:30.726+0800: 6.225: [GC (Allocation Failure) 2024-07-27T21:38:30.726+0800: 6.225: [ParNew: 77168K->8192K(78656K), 0.0123443 secs] 242686K->242319K(521776K), 0.0123915 secs] [Times: user=0.02 sys=0.00, real=0.01 secs] 
2024-07-27T21:38:30.739+0800: 6.238: Total time for which application threads were stopped: 0.0124851 seconds, Stopping threads took: 0.0000120 seconds
2024-07-27T21:38:30.739+0800: 6.238: Application time: 0.0002434 seconds
2024-07-27T21:38:30.739+0800: 6.238: [GC (CMS Initial Mark) [1 CMS-initial-mark: 234126K(443120K)] 245758K(521776K), 0.0007286 secs] [Times: user=0.00 sys=0.00, real=0.00 secs] 
2024-07-27T21:38:30.740+0800: 6.239: Total time for which application threads were stopped: 0.0008749 seconds, Stopping threads took: 0.0001012 seconds
2024-07-27T21:38:30.740+0800: 6.239: [CMS-concurrent-mark-start]
2024-07-27T21:38:30.741+0800: 6.240: [CMS-concurrent-mark: 0.001/0.001 secs] [Times: user=0.00 sys=0.00, real=0.00 secs] 
2024-07-27T21:38:30.741+0800: 6.240: [CMS-concurrent-preclean-start]
2024-07-27T21:38:30.742+0800: 6.241: [CMS-concurrent-preclean: 0.001/0.001 secs] [Times: user=0.00 sys=0.00, real=0.00 secs] 
2024-07-27T21:38:30.742+0800: 6.241: [CMS-concurrent-abortable-preclean-start]
2024-07-27T21:38:30.858+0800: 6.358: Application time: 0.1187368 seconds
2024-07-27T21:38:30.859+0800: 6.358: [GC (Allocation Failure) 2024-07-27T21:38:30.859+0800: 6.358: [ParNew: 77168K->8192K(78656K), 0.0120554 secs] 311295K->310928K(521776K), 0.0121336 secs] [Times: user=0.03 sys=0.00, real=0.01 secs] 
2024-07-27T21:38:30.871+0800: 6.370: Total time for which application threads were stopped: 0.0122497 seconds, Stopping threads took: 0.0000194 seconds
2024-07-27T21:38:30.982+0800: 6.481: Application time: 0.1116857 seconds
2024-07-27T21:38:30.982+0800: 6.482: [GC (Allocation Failure) 2024-07-27T21:38:30.982+0800: 6.482: [ParNew: 77168K->8192K(78656K), 0.0042014 secs] 379904K->326288K(521776K), 0.0042601 secs] [Times: user=0.00 sys=0.00, real=0.00 secs] 
2024-07-27T21:38:30.987+0800: 6.486: Total time for which application threads were stopped: 0.0043660 seconds, Stopping threads took: 0.0000188 seconds
2024-07-27T21:38:30.987+0800: 6.486: [CMS-concurrent-abortable-preclean: 0.005/0.245 secs] [Times: user=0.03 sys=0.00, real=0.24 secs] 
2024-07-27T21:38:30.987+0800: 6.486: Application time: 0.0003254 seconds
2024-07-27T21:38:30.987+0800: 6.486: [GC (CMS Final Remark) [YG occupancy: 13679 K (78656 K)]2024-07-27T21:38:30.987+0800: 6.486: [Rescan (parallel) , 0.0010186 secs]2024-07-27T21:38:30.988+0800: 6.487: [weak refs processing, 0.0000126 secs]2024-07-27T21:38:30.988+0800: 6.487: [class unloading, 0.0001766 secs]2024-07-27T21:38:30.988+0800: 6.488: [scrub symbol table, 0.0003558 secs]2024-07-27T21:38:30.989+0800: 6.488: [scrub string table, 0.0001129 secs][1 CMS-remark: 318096K(443120K)] 331776K(521776K), 0.0017397 secs] [Times: user=0.02 sys=0.00, real=0.00 secs] 
2024-07-27T21:38:30.989+0800: 6.488: Total time for which application threads were stopped: 0.0019369 seconds, Stopping threads took: 0.0001604 seconds
2024-07-27T21:38:30.989+0800: 6.488: [CMS-concurrent-sweep-start]
2024-07-27T21:38:30.991+0800: 6.490: [CMS-concurrent-sweep: 0.001/0.001 secs] [Times: user=0.00 sys=0.00, real=0.00 secs] 
2024-07-27T21:38:30.991+0800: 6.490: [CMS-concurrent-reset-start]
2024-07-27T21:38:30.992+0800: 6.491: [CMS-concurrent-reset: 0.001/0.001 secs] [Times: user=0.00 sys=0.00, real=0.00 secs] 
2024-07-27T21:38:30.994+0800: 6.493: Application time: 0.0048005 seconds
2024-07-27T21:38:30.994+0800: 6.493: [GC (Allocation Failure) 2024-07-27T21:38:30.994+0800: 6.493: [ParNew: 77168K->8192K(78656K), 0.0117337 secs] 244734K->244367K(521776K), 0.0117882 secs] [Times: user=0.03 sys=0.00, real=0.01 secs] 
2024-07-27T21:38:31.006+0800: 6.505: Total time for which application threads were stopped: 0.0118883 seconds, Stopping threads took: 0.0000125 seconds
2024-07-27T21:38:31.006+0800: 6.505: Application time: 0.0002512 seconds
2024-07-27T21:38:31.006+0800: 6.505: [GC (CMS Initial Mark) [1 CMS-initial-mark: 236174K(443120K)] 247806K(521776K), 0.0009014 secs] [Times: user=0.00 sys=0.00, real=0.00 secs] 
2024-07-27T21:38:31.007+0800: 6.506: Total time for which application threads were stopped: 0.0011027 seconds, Stopping threads took: 0.0001599 seconds
2024-07-27T21:38:31.007+0800: 6.506: [CMS-concurrent-mark-start]
2024-07-27T21:38:31.008+0800: 6.508: [CMS-concurrent-mark: 0.001/0.001 secs] [Times: user=0.00 sys=0.00, real=0.00 secs] 
2024-07-27T21:38:31.008+0800: 6.508: [CMS-concurrent-preclean-start]
2024-07-27T21:38:31.009+0800: 6.508: [CMS-concurrent-preclean: 0.001/0.001 secs] [Times: user=0.00 sys=0.00, real=0.00 secs] 
2024-07-27T21:38:31.009+0800: 6.508: [CMS-concurrent-abortable-preclean-start]
2024-07-27T21:38:31.127+0800: 6.626: Application time: 0.1197638 seconds
2024-07-27T21:38:31.127+0800: 6.626: [GC (Allocation Failure) 2024-07-27T21:38:31.127+0800: 6.626: [ParNew: 77168K->8192K(78656K), 0.0117995 secs] 313343K->312976K(521776K), 0.0118717 secs] [Times: user=0.03 sys=0.00, real=0.01 secs] 
2024-07-27T21:38:31.139+0800: 6.638: Total time for which application threads were stopped: 0.0119830 seconds, Stopping threads took: 0.0000201 seconds
2024-07-27T21:38:31.251+0800: 6.750: Application time: 0.1119740 seconds
2024-07-27T21:38:31.251+0800: 6.750: [GC (Allocation Failure) 2024-07-27T21:38:31.251+0800: 6.750: [ParNew: 77168K->8192K(78656K), 0.0048665 secs] 381952K->329360K(521776K), 0.0049425 secs] [Times: user=0.03 sys=0.00, real=0.01 secs] 
2024-07-27T21:38:31.256+0800: 6.755: Total time for which application threads were stopped: 0.0050569 seconds, Stopping threads took: 0.0000198 seconds
2024-07-27T21:38:31.256+0800: 6.755: [CMS-concurrent-abortable-preclean: 0.005/0.247 secs] [Times: user=0.06 sys=0.00, real=0.25 secs] 
2024-07-27T21:38:31.257+0800: 6.755: Application time: 0.0003729 seconds
2024-07-27T21:38:31.257+0800: 6.755: [GC (CMS Final Remark) [YG occupancy: 13679 K (78656 K)]2024-07-27T21:38:31.257+0800: 6.756: [Rescan (parallel) , 0.0008039 secs]2024-07-27T21:38:31.258+0800: 6.756: [weak refs processing, 0.0000175 secs]2024-07-27T21:38:31.258+0800: 6.756: [class unloading, 0.0001796 secs]2024-07-27T21:38:31.258+0800: 6.757: [scrub symbol table, 0.0003499 secs]2024-07-27T21:38:31.258+0800: 6.757: [scrub string table, 0.0001006 secs][1 CMS-remark: 321168K(443120K)] 334848K(521776K), 0.0015170 secs] [Times: user=0.00 sys=0.00, real=0.00 secs] 
2024-07-27T21:38:31.258+0800: 6.757: Total time for which application threads were stopped: 0.0016939 seconds, Stopping threads took: 0.0001388 seconds
2024-07-27T21:38:31.259+0800: 6.757: [CMS-concurrent-sweep-start]
2024-07-27T21:38:31.260+0800: 6.759: [CMS-concurrent-sweep: 0.001/0.001 secs] [Times: user=0.00 sys=0.00, real=0.00 secs] 
2024-07-27T21:38:31.260+0800: 6.759: [CMS-concurrent-reset-start]
2024-07-27T21:38:31.261+0800: 6.760: [CMS-concurrent-reset: 0.001/0.001 secs] [Times: user=0.00 sys=0.00, real=0.00 secs] 
2024-07-27T21:38:31.263+0800: 6.762: Application time: 0.0047341 seconds
2024-07-27T21:38:31.263+0800: 6.762: [GC (Allocation Failure) 2024-07-27T21:38:31.263+0800: 6.762: [ParNew: 77168K->8192K(78656K), 0.0119338 secs] 246782K->246415K(521776K), 0.0119826 secs] [Times: user=0.02 sys=0.02, real=0.01 secs] 
2024-07-27T21:38:31.275+0800: 6.774: Total time for which application threads were stopped: 0.0120791 seconds, Stopping threads took: 0.0000144 seconds
2024-07-27T21:38:31.276+0800: 6.774: Application time: 0.0002550 seconds
2024-07-27T21:38:31.276+0800: 6.774: [GC (CMS Initial Mark) [1 CMS-initial-mark: 238223K(443120K)] 249854K(521776K), 0.0008030 secs] [Times: user=0.00 sys=0.00, real=0.00 secs] 
2024-07-27T21:38:31.277+0800: 6.775: Total time for which application threads were stopped: 0.0010156 seconds, Stopping threads took: 0.0001672 seconds
2024-07-27T21:38:31.277+0800: 6.775: [CMS-concurrent-mark-start]
2024-07-27T21:38:31.278+0800: 6.776: [CMS-concurrent-mark: 0.001/0.001 secs] [Times: user=0.00 sys=0.00, real=0.00 secs] 
2024-07-27T21:38:31.278+0800: 6.776: [CMS-concurrent-preclean-start]
2024-07-27T21:38:31.278+0800: 6.777: [CMS-concurrent-preclean: 0.001/0.001 secs] [Times: user=0.00 sys=0.00, real=0.00 secs] 
2024-07-27T21:38:31.278+0800: 6.777: [CMS-concurrent-abortable-preclean-start]
2024-07-27T21:38:31.393+0800: 6.891: Application time: 0.1161846 seconds
2024-07-27T21:38:31.393+0800: 6.891: [GC (Allocation Failure) 2024-07-27T21:38:31.393+0800: 6.891: [ParNew: 77168K->8192K(78656K), 0.0118941 secs] 315391K->315024K(521776K), 0.0119954 secs] [Times: user=0.03 sys=0.00, real=0.01 secs] 
2024-07-27T21:38:31.405+0800: 6.903: Total time for which application threads were stopped: 0.0121201 seconds, Stopping threads took: 0.0000201 seconds
2024-07-27T21:38:31.517+0800: 7.016: Application time: 0.1124622 seconds
2024-07-27T21:38:31.517+0800: 7.016: [GC (Allocation Failure) 2024-07-27T21:38:31.517+0800: 7.016: [ParNew: 77168K->8192K(78656K), 0.0048815 secs] 384000K->332432K(521776K), 0.0049395 secs] [Times: user=0.03 sys=0.00, real=0.01 secs] 
2024-07-27T21:38:31.522+0800: 7.021: Total time for which application threads were stopped: 0.0050619 seconds, Stopping threads took: 0.0000328 seconds
2024-07-27T21:38:31.522+0800: 7.021: [CMS-concurrent-abortable-preclean: 0.005/0.244 secs] [Times: user=0.06 sys=0.00, real=0.24 secs] 
2024-07-27T21:38:31.522+0800: 7.021: Application time: 0.0003032 seconds
2024-07-27T21:38:31.523+0800: 7.021: [GC (CMS Final Remark) [YG occupancy: 12655 K (78656 K)]2024-07-27T21:38:31.523+0800: 7.021: [Rescan (parallel) , 0.0008900 secs]2024-07-27T21:38:31.524+0800: 7.022: [weak refs processing, 0.0000129 secs]2024-07-27T21:38:31.524+0800: 7.022: [class unloading, 0.0001778 secs]2024-07-27T21:38:31.524+0800: 7.023: [scrub symbol table, 0.0003365 secs]2024-07-27T21:38:31.524+0800: 7.023: [scrub string table, 0.0001125 secs][1 CMS-remark: 324240K(443120K)] 336896K(521776K), 0.0015948 secs] [Times: user=0.00 sys=0.00, real=0.00 secs] 
2024-07-27T21:38:31.524+0800: 7.023: Total time for which application threads were stopped: 0.0017857 seconds, Stopping threads took: 0.0001550 seconds
2024-07-27T21:38:31.524+0800: 7.023: [CMS-concurrent-sweep-start]
2024-07-27T21:38:31.526+0800: 7.025: [CMS-concurrent-sweep: 0.002/0.002 secs] [Times: user=0.00 sys=0.00, real=0.00 secs] 
2024-07-27T21:38:31.526+0800: 7.025: [CMS-concurrent-reset-start]
2024-07-27T21:38:31.527+0800: 7.026: [CMS-concurrent-reset: 0.001/0.001 secs] [Times: user=0.00 sys=0.00, real=0.00 secs] 
2024-07-27T21:38:31.529+0800: 7.028: Application time: 0.0047361 seconds
2024-07-27T21:38:31.529+0800: 7.028: [GC (Allocation Failure) 2024-07-27T21:38:31.529+0800: 7.028: [ParNew: 77168K->8192K(78656K), 0.0123108 secs] 248830K->248463K(521776K), 0.0123583 secs] [Times: user=0.03 sys=0.00, real=0.01 secs] 
2024-07-27T21:38:31.541+0800: 7.040: Total time for which application threads were stopped: 0.0124520 seconds, Stopping threads took: 0.0000133 seconds
2024-07-27T21:38:31.542+0800: 7.041: Application time: 0.0002768 seconds
2024-07-27T21:38:31.542+0800: 7.041: [GC (CMS Initial Mark) [1 CMS-initial-mark: 240271K(443120K)] 251902K(521776K), 0.0007411 secs] [Times: user=0.00 sys=0.00, real=0.00 secs] 
2024-07-27T21:38:31.543+0800: 7.041: Total time for which application threads were stopped: 0.0009313 seconds, Stopping threads took: 0.0001385 seconds
2024-07-27T21:38:31.543+0800: 7.042: [CMS-concurrent-mark-start]
2024-07-27T21:38:31.544+0800: 7.043: [CMS-concurrent-mark: 0.001/0.001 secs] [Times: user=0.00 sys=0.00, real=0.00 secs] 
2024-07-27T21:38:31.544+0800: 7.043: [CMS-concurrent-preclean-start]
2024-07-27T21:38:31.544+0800: 7.043: [CMS-concurrent-preclean: 0.001/0.001 secs] [Times: user=0.00 sys=0.00, real=0.00 secs] 
2024-07-27T21:38:31.544+0800: 7.043: [CMS-concurrent-abortable-preclean-start]
2024-07-27T21:38:31.662+0800: 7.161: Application time: 0.1195758 seconds
2024-07-27T21:38:31.662+0800: 7.161: [GC (Allocation Failure) 2024-07-27T21:38:31.662+0800: 7.161: [ParNew: 77168K->8204K(78656K), 0.0134681 secs] 317439K->317084K(521776K), 0.0135344 secs] [Times: user=0.00 sys=0.00, real=0.01 secs] 
2024-07-27T21:38:31.676+0800: 7.175: Total time for which application threads were stopped: 0.0136503 seconds, Stopping threads took: 0.0000240 seconds
2024-07-27T21:38:31.784+0800: 7.283: Application time: 0.1086138 seconds
2024-07-27T21:38:31.784+0800: 7.283: [GC (Allocation Failure) 2024-07-27T21:38:31.784+0800: 7.283: [ParNew: 77180K->8192K(78656K), 0.0051982 secs] 386060K->335504K(521776K), 0.0052569 secs] [Times: user=0.02 sys=0.01, real=0.01 secs] 
2024-07-27T21:38:31.790+0800: 7.289: Total time for which application threads were stopped: 0.0053783 seconds, Stopping threads took: 0.0000196 seconds
2024-07-27T21:38:31.790+0800: 7.289: [CMS-concurrent-abortable-preclean: 0.005/0.245 secs] [Times: user=0.09 sys=0.01, real=0.25 secs] 
2024-07-27T21:38:31.790+0800: 7.289: Application time: 0.0003125 seconds
2024-07-27T21:38:31.790+0800: 7.289: [GC (CMS Final Remark) [YG occupancy: 12655 K (78656 K)]2024-07-27T21:38:31.790+0800: 7.289: [Rescan (parallel) , 0.0007815 secs]2024-07-27T21:38:31.791+0800: 7.290: [weak refs processing, 0.0000132 secs]2024-07-27T21:38:31.791+0800: 7.290: [class unloading, 0.0001693 secs]2024-07-27T21:38:31.791+0800: 7.290: [scrub symbol table, 0.0003145 secs]2024-07-27T21:38:31.791+0800: 7.290: [scrub string table, 0.0001046 secs][1 CMS-remark: 327312K(443120K)] 339968K(521776K), 0.0014466 secs] [Times: user=0.00 sys=0.00, real=0.00 secs] 
2024-07-27T21:38:31.791+0800: 7.291: Total time for which application threads were stopped: 0.0016256 seconds, Stopping threads took: 0.0001295 seconds
2024-07-27T21:38:31.791+0800: 7.291: [CMS-concurrent-sweep-start]
2024-07-27T21:38:31.793+0800: 7.292: [CMS-concurrent-sweep: 0.002/0.002 secs] [Times: user=0.00 sys=0.00, real=0.00 secs] 
2024-07-27T21:38:31.793+0800: 7.292: [CMS-concurrent-reset-start]
2024-07-27T21:38:31.794+0800: 7.294: [CMS-concurrent-reset: 0.001/0.001 secs] [Times: user=0.00 sys=0.00, real=0.00 secs] 
2024-07-27T21:38:31.796+0800: 7.296: Application time: 0.0050830 seconds
2024-07-27T21:38:31.796+0800: 7.296: [GC (Allocation Failure) 2024-07-27T21:38:31.796+0800: 7.296: [ParNew: 77168K->8192K(78656K), 0.0120978 secs] 250879K->250511K(521776K), 0.0121455 secs] [Times: user=0.03 sys=0.00, real=0.01 secs] 
2024-07-27T21:38:31.808+0800: 7.308: Total time for which application threads were stopped: 0.0122570 seconds, Stopping threads took: 0.0000135 seconds
2024-07-27T21:38:31.810+0800: 7.308: Application time: 0.0001166 seconds
2024-07-27T21:38:31.810+0800: 7.308: [GC (CMS Initial Mark) [1 CMS-initial-mark: 242319K(443120K)] 253951K(521776K), 0.0007836 secs] [Times: user=0.00 sys=0.00, real=0.00 secs] 
2024-07-27T21:38:31.810+0800: 7.309: Total time for which application threads were stopped: 0.0009663 seconds, Stopping threads took: 0.0001415 seconds
2024-07-27T21:38:31.811+0800: 7.309: [CMS-concurrent-mark-start]
2024-07-27T21:38:31.812+0800: 7.310: [CMS-concurrent-mark: 0.001/0.001 secs] [Times: user=0.00 sys=0.00, real=0.00 secs] 
2024-07-27T21:38:31.812+0800: 7.310: [CMS-concurrent-preclean-start]
2024-07-27T21:38:31.812+0800: 7.311: [CMS-concurrent-preclean: 0.001/0.001 secs] [Times: user=0.00 sys=0.00, real=0.00 secs] 
2024-07-27T21:38:31.812+0800: 7.311: [CMS-concurrent-abortable-preclean-start]
2024-07-27T21:38:31.928+0800: 7.427: Application time: 0.1177176 seconds
2024-07-27T21:38:31.928+0800: 7.427: [GC (Allocation Failure) 2024-07-27T21:38:31.928+0800: 7.427: [ParNew: 77168K->8192K(78656K), 0.0122429 secs] 319488K->319120K(521776K), 0.0123061 secs] [Times: user=0.00 sys=0.00, real=0.01 secs] 
2024-07-27T21:38:31.940+0800: 7.439: Total time for which application threads were stopped: 0.0124178 seconds, Stopping threads took: 0.0000181 seconds
2024-07-27T21:38:32.053+0800: 7.552: Application time: 0.1131787 seconds
2024-07-27T21:38:32.053+0800: 7.552: [GC (Allocation Failure) 2024-07-27T21:38:32.053+0800: 7.552: [ParNew: 77168K->8192K(78656K), 0.0053395 secs] 388097K->338577K(521776K), 0.0053984 secs] [Times: user=0.00 sys=0.00, real=0.01 secs] 
2024-07-27T21:38:32.058+0800: 7.558: Total time for which application threads were stopped: 0.0055207 seconds, Stopping threads took: 0.0000189 seconds
2024-07-27T21:38:32.059+0800: 7.558: [CMS-concurrent-abortable-preclean: 0.005/0.247 secs] [Times: user=0.05 sys=0.00, real=0.25 secs] 
2024-07-27T21:38:32.059+0800: 7.558: Application time: 0.0003494 seconds
2024-07-27T21:38:32.059+0800: 7.558: [GC (CMS Final Remark) [YG occupancy: 12655 K (78656 K)]2024-07-27T21:38:32.059+0800: 7.558: [Rescan (parallel) , 0.0008441 secs]2024-07-27T21:38:32.060+0800: 7.559: [weak refs processing, 0.0000129 secs]2024-07-27T21:38:32.060+0800: 7.559: [class unloading, 0.0001940 secs]2024-07-27T21:38:32.060+0800: 7.559: [scrub symbol table, 0.0003468 secs]2024-07-27T21:38:32.060+0800: 7.560: [scrub string table, 0.0001004 secs][1 CMS-remark: 330384K(443120K)] 343040K(521776K), 0.0015659 secs] [Times: user=0.00 sys=0.00, real=0.00 secs] 
2024-07-27T21:38:32.060+0800: 7.560: Total time for which application threads were stopped: 0.0016874 seconds, Stopping threads took: 0.0000834 seconds
2024-07-27T21:38:32.061+0800: 7.560: [CMS-concurrent-sweep-start]
2024-07-27T21:38:32.062+0800: 7.562: [CMS-concurrent-sweep: 0.001/0.001 secs] [Times: user=0.00 sys=0.00, real=0.00 secs] 
2024-07-27T21:38:32.062+0800: 7.562: [CMS-concurrent-reset-start]
2024-07-27T21:38:32.063+0800: 7.563: [CMS-concurrent-reset: 0.001/0.001 secs] [Times: user=0.00 sys=0.00, real=0.00 secs] 
2024-07-27T21:38:32.065+0800: 7.565: Application time: 0.0047312 seconds
2024-07-27T21:38:32.065+0800: 7.565: [GC (Allocation Failure) 2024-07-27T21:38:32.065+0800: 7.565: [ParNew: 77168K->8192K(78656K), 0.0122182 secs] 252927K->252559K(521776K), 0.0122663 secs] [Times: user=0.03 sys=0.00, real=0.01 secs] 
2024-07-27T21:38:32.078+0800: 7.577: Total time for which application threads were stopped: 0.0123689 seconds, Stopping threads took: 0.0000129 seconds
2024-07-27T21:38:32.078+0800: 7.577: Application time: 0.0002490 seconds
2024-07-27T21:38:32.078+0800: 7.577: [GC (CMS Initial Mark) [1 CMS-initial-mark: 244367K(443120K)] 255999K(521776K), 0.0008479 secs] [Times: user=0.00 sys=0.00, real=0.00 secs] 
2024-07-27T21:38:32.080+0800: 7.578: Total time for which application threads were stopped: 0.0010408 seconds, Stopping threads took: 0.0001514 seconds
2024-07-27T21:38:32.080+0800: 7.578: [CMS-concurrent-mark-start]
2024-07-27T21:38:32.080+0800: 7.580: [CMS-concurrent-mark: 0.001/0.001 secs] [Times: user=0.00 sys=0.00, real=0.00 secs] 
2024-07-27T21:38:32.080+0800: 7.580: [CMS-concurrent-preclean-start]
2024-07-27T21:38:32.081+0800: 7.580: [CMS-concurrent-preclean: 0.001/0.001 secs] [Times: user=0.00 sys=0.00, real=0.00 secs] 
2024-07-27T21:38:32.081+0800: 7.580: [CMS-concurrent-abortable-preclean-start]
2024-07-27T21:38:32.196+0800: 7.695: Application time: 0.1167412 seconds
2024-07-27T21:38:32.196+0800: 7.695: [GC (Allocation Failure) 2024-07-27T21:38:32.196+0800: 7.695: [ParNew: 77168K->8192K(78656K), 0.0118660 secs] 321536K->321168K(521776K), 0.0119237 secs] [Times: user=0.03 sys=0.00, real=0.01 secs] 
2024-07-27T21:38:32.209+0800: 7.707: Total time for which application threads were stopped: 0.0120388 seconds, Stopping threads took: 0.0000201 seconds
2024-07-27T21:38:32.320+0800: 7.819: Application time: 0.1119031 seconds
2024-07-27T21:38:32.320+0800: 7.819: [GC (Allocation Failure) 2024-07-27T21:38:32.320+0800: 7.819: [ParNew: 77168K->8192K(78656K), 0.0054248 secs] 390145K->341649K(521776K), 0.0054846 secs] [Times: user=0.00 sys=0.00, real=0.01 secs] 
2024-07-27T21:38:32.326+0800: 7.825: Total time for which application threads were stopped: 0.0056059 seconds, Stopping threads took: 0.0000190 seconds
2024-07-27T21:38:32.326+0800: 7.825: [CMS-concurrent-abortable-preclean: 0.005/0.244 secs] [Times: user=0.03 sys=0.00, real=0.24 secs] 
2024-07-27T21:38:32.326+0800: 7.825: Application time: 0.0003189 seconds
2024-07-27T21:38:32.326+0800: 7.825: [GC (CMS Final Remark) [YG occupancy: 12655 K (78656 K)]2024-07-27T21:38:32.326+0800: 7.825: [Rescan (parallel) , 0.0010440 secs]2024-07-27T21:38:32.327+0800: 7.826: [weak refs processing, 0.0000140 secs]2024-07-27T21:38:32.327+0800: 7.826: [class unloading, 0.0001759 secs]2024-07-27T21:38:32.328+0800: 7.826: [scrub symbol table, 0.0003124 secs]2024-07-27T21:38:32.328+0800: 7.827: [scrub string table, 0.0000929 secs][1 CMS-remark: 333456K(443120K)] 346112K(521776K), 0.0017109 secs] [Times: user=0.00 sys=0.00, real=0.00 secs] 
2024-07-27T21:38:32.328+0800: 7.827: Total time for which application threads were stopped: 0.0018897 seconds, Stopping threads took: 0.0001429 seconds
2024-07-27T21:38:32.328+0800: 7.827: [CMS-concurrent-sweep-start]
2024-07-27T21:38:32.330+0800: 7.829: [CMS-concurrent-sweep: 0.001/0.001 secs] [Times: user=0.00 sys=0.00, real=0.00 secs] 
2024-07-27T21:38:32.330+0800: 7.829: [CMS-concurrent-reset-start]
2024-07-27T21:38:32.331+0800: 7.830: [CMS-concurrent-reset: 0.001/0.001 secs] [Times: user=0.00 sys=0.00, real=0.00 secs] 
2024-07-27T21:38:32.333+0800: 7.832: Application time: 0.0048614 seconds
2024-07-27T21:38:32.333+0800: 7.832: [GC (Allocation Failure) 2024-07-27T21:38:32.333+0800: 7.832: [ParNew: 77168K->8192K(78656K), 0.0118690 secs] 254975K->254607K(521776K), 0.0119166 secs] [Times: user=0.00 sys=0.00, real=0.01 secs] 
2024-07-27T21:38:32.345+0800: 7.844: Total time for which application threads were stopped: 0.0120117 seconds, Stopping threads took: 0.0000130 seconds
2024-07-27T21:38:32.345+0800: 7.844: Application time: 0.0001138 seconds
2024-07-27T21:38:32.345+0800: 7.844: [GC (CMS Initial Mark) [1 CMS-initial-mark: 246415K(443120K)] 258047K(521776K), 0.0008211 secs] [Times: user=0.00 sys=0.00, real=0.00 secs] 
2024-07-27T21:38:32.346+0800: 7.845: Total time for which application threads were stopped: 0.0009762 seconds, Stopping threads took: 0.0001050 seconds
2024-07-27T21:38:32.346+0800: 7.845: [CMS-concurrent-mark-start]
2024-07-27T21:38:32.347+0800: 7.846: [CMS-concurrent-mark: 0.001/0.001 secs] [Times: user=0.00 sys=0.00, real=0.00 secs] 
2024-07-27T21:38:32.347+0800: 7.846: [CMS-concurrent-preclean-start]
2024-07-27T21:38:32.348+0800: 7.847: [CMS-concurrent-preclean: 0.001/0.001 secs] [Times: user=0.00 sys=0.00, real=0.00 secs] 
2024-07-27T21:38:32.348+0800: 7.847: [CMS-concurrent-abortable-preclean-start]
2024-07-27T21:38:32.464+0800: 7.963: Application time: 0.1179825 seconds
2024-07-27T21:38:32.464+0800: 7.963: [GC (Allocation Failure) 2024-07-27T21:38:32.464+0800: 7.963: [ParNew: 77168K->8192K(78656K), 0.0115611 secs] 323584K->323216K(521776K), 0.0116248 secs] [Times: user=0.03 sys=0.00, real=0.01 secs] 
2024-07-27T21:38:32.476+0800: 7.975: Total time for which application threads were stopped: 0.0117374 seconds, Stopping threads took: 0.0000209 seconds
2024-07-27T21:38:32.588+0800: 8.087: Application time: 0.1126201 seconds
2024-07-27T21:38:32.588+0800: 8.087: [GC (Allocation Failure) 2024-07-27T21:38:32.588+0800: 8.087: [ParNew: 77168K->8192K(78656K), 0.0052095 secs] 392193K->344721K(521776K), 0.0052688 secs] [Times: user=0.00 sys=0.00, real=0.00 secs] 
2024-07-27T21:38:32.593+0800: 8.093: Total time for which application threads were stopped: 0.0053782 seconds, Stopping threads took: 0.0000199 seconds
2024-07-27T21:38:32.594+0800: 8.093: [CMS-concurrent-abortable-preclean: 0.005/0.246 secs] [Times: user=0.03 sys=0.00, real=0.25 secs] 
2024-07-27T21:38:32.594+0800: 8.093: Application time: 0.0003645 seconds
2024-07-27T21:38:32.594+0800: 8.093: [GC (CMS Final Remark) [YG occupancy: 14703 K (78656 K)]2024-07-27T21:38:32.594+0800: 8.093: [Rescan (parallel) , 0.0006122 secs]2024-07-27T21:38:32.595+0800: 8.094: [weak refs processing, 0.0000131 secs]2024-07-27T21:38:32.595+0800: 8.094: [class unloading, 0.0001929 secs]2024-07-27T21:38:32.595+0800: 8.094: [scrub symbol table, 0.0003499 secs]2024-07-27T21:38:32.595+0800: 8.094: [scrub string table, 0.0001005 secs][1 CMS-remark: 336528K(443120K)] 351232K(521776K), 0.0013338 secs] [Times: user=0.00 sys=0.00, real=0.00 secs] 
2024-07-27T21:38:32.595+0800: 8.094: Total time for which application threads were stopped: 0.0015381 seconds, Stopping threads took: 0.0001684 seconds
2024-07-27T21:38:32.596+0800: 8.095: [CMS-concurrent-sweep-start]
2024-07-27T21:38:32.597+0800: 8.096: [CMS-concurrent-sweep: 0.002/0.002 secs] [Times: user=0.00 sys=0.00, real=0.00 secs] 
2024-07-27T21:38:32.597+0800: 8.096: [CMS-concurrent-reset-start]
2024-07-27T21:38:32.599+0800: 8.098: [CMS-concurrent-reset: 0.001/0.001 secs] [Times: user=0.03 sys=0.00, real=0.00 secs] 
2024-07-27T21:38:32.600+0800: 8.099: Application time: 0.0046603 seconds
2024-07-27T21:38:32.600+0800: 8.099: [GC (Allocation Failure) 2024-07-27T21:38:32.600+0800: 8.099: [ParNew: 77168K->8192K(78656K), 0.0125303 secs] 257023K->256655K(521776K), 0.0125784 secs] [Times: user=0.00 sys=0.00, real=0.01 secs] 
2024-07-27T21:38:32.613+0800: 8.112: Total time for which application threads were stopped: 0.0126728 seconds, Stopping threads took: 0.0000130 seconds
2024-07-27T21:38:32.613+0800: 8.112: Application time: 0.0002269 seconds
2024-07-27T21:38:32.613+0800: 8.112: [GC (CMS Initial Mark) [1 CMS-initial-mark: 248463K(443120K)] 260095K(521776K), 0.0008159 secs] [Times: user=0.00 sys=0.02, real=0.00 secs] 
2024-07-27T21:38:32.614+0800: 8.113: Total time for which application threads were stopped: 0.0009395 seconds, Stopping threads took: 0.0000817 seconds
2024-07-27T21:38:32.614+0800: 8.113: [CMS-concurrent-mark-start]
2024-07-27T21:38:32.615+0800: 8.114: [CMS-concurrent-mark: 0.001/0.001 secs] [Times: user=0.00 sys=0.00, real=0.00 secs] 
2024-07-27T21:38:32.615+0800: 8.114: [CMS-concurrent-preclean-start]
2024-07-27T21:38:32.616+0800: 8.115: [CMS-concurrent-preclean: 0.001/0.001 secs] [Times: user=0.00 sys=0.00, real=0.00 secs] 
2024-07-27T21:38:32.616+0800: 8.115: [CMS-concurrent-abortable-preclean-start]
2024-07-27T21:38:32.731+0800: 8.231: Application time: 0.1177848 seconds
2024-07-27T21:38:32.732+0800: 8.231: [GC (Allocation Failure) 2024-07-27T21:38:32.732+0800: 8.231: [ParNew: 77168K->8192K(78656K), 0.0121770 secs] 325632K->325264K(521776K), 0.0122341 secs] [Times: user=0.03 sys=0.00, real=0.01 secs] 
2024-07-27T21:38:32.744+0800: 8.243: Total time for which application threads were stopped: 0.0123483 seconds, Stopping threads took: 0.0000238 seconds
2024-07-27T21:38:32.856+0800: 8.355: Application time: 0.1116571 seconds
2024-07-27T21:38:32.856+0800: 8.355: [GC (Allocation Failure) 2024-07-27T21:38:32.856+0800: 8.355: [ParNew: 77168K->8192K(78656K), 0.0053787 secs] 394241K->347793K(521776K), 0.0054377 secs] [Times: user=0.00 sys=0.00, real=0.01 secs] 
2024-07-27T21:38:32.861+0800: 8.360: Total time for which application threads were stopped: 0.0055568 seconds, Stopping threads took: 0.0000302 seconds
2024-07-27T21:38:32.861+0800: 8.360: [CMS-concurrent-abortable-preclean: 0.005/0.246 secs] [Times: user=0.03 sys=0.00, real=0.25 secs] 
2024-07-27T21:38:32.861+0800: 8.361: Application time: 0.0002853 seconds
2024-07-27T21:38:32.862+0800: 8.361: [GC (CMS Final Remark) [YG occupancy: 11631 K (78656 K)]2024-07-27T21:38:32.862+0800: 8.361: [Rescan (parallel) , 0.0007219 secs]2024-07-27T21:38:32.862+0800: 8.362: [weak refs processing, 0.0000126 secs]2024-07-27T21:38:32.862+0800: 8.362: [class unloading, 0.0001871 secs]2024-07-27T21:38:32.863+0800: 8.362: [scrub symbol table, 0.0003514 secs]2024-07-27T21:38:32.863+0800: 8.362: [scrub string table, 0.0001002 secs][1 CMS-remark: 339601K(443120K)] 351232K(521776K), 0.0014375 secs] [Times: user=0.00 sys=0.00, real=0.00 secs] 
2024-07-27T21:38:32.863+0800: 8.362: Total time for which application threads were stopped: 0.0016075 seconds, Stopping threads took: 0.0001287 seconds
2024-07-27T21:38:32.863+0800: 8.362: [CMS-concurrent-sweep-start]
2024-07-27T21:38:32.865+0800: 8.364: [CMS-concurrent-sweep: 0.001/0.001 secs] [Times: user=0.03 sys=0.00, real=0.00 secs] 
2024-07-27T21:38:32.865+0800: 8.364: [CMS-concurrent-reset-start]
2024-07-27T21:38:32.866+0800: 8.365: [CMS-concurrent-reset: 0.001/0.001 secs] [Times: user=0.00 sys=0.00, real=0.00 secs] 
2024-07-27T21:38:32.868+0800: 8.367: Application time: 0.0047927 seconds
2024-07-27T21:38:32.868+0800: 8.367: [GC (Allocation Failure) 2024-07-27T21:38:32.868+0800: 8.367: [ParNew: 77168K->8192K(78656K), 0.0122060 secs] 259071K->258703K(521776K), 0.0122500 secs] [Times: user=0.03 sys=0.00, real=0.01 secs] 
2024-07-27T21:38:32.881+0800: 8.379: Total time for which application threads were stopped: 0.0123455 seconds, Stopping threads took: 0.0000120 seconds
2024-07-27T21:38:32.881+0800: 8.380: Application time: 0.0001462 seconds
2024-07-27T21:38:32.881+0800: 8.380: [GC (CMS Initial Mark) [1 CMS-initial-mark: 250511K(443120K)] 262143K(521776K), 0.0008055 secs] [Times: user=0.00 sys=0.00, real=0.00 secs] 
2024-07-27T21:38:32.882+0800: 8.380: Total time for which application threads were stopped: 0.0009373 seconds, Stopping threads took: 0.0000854 seconds
2024-07-27T21:38:32.882+0800: 8.381: [CMS-concurrent-mark-start]
2024-07-27T21:38:32.883+0800: 8.382: [CMS-concurrent-mark: 0.001/0.001 secs] [Times: user=0.00 sys=0.00, real=0.00 secs] 
2024-07-27T21:38:32.883+0800: 8.382: [CMS-concurrent-preclean-start]
2024-07-27T21:38:32.883+0800: 8.382: [CMS-concurrent-preclean: 0.001/0.001 secs] [Times: user=0.00 sys=0.00, real=0.00 secs] 
2024-07-27T21:38:32.883+0800: 8.382: [CMS-concurrent-abortable-preclean-start]
2024-07-27T21:38:32.998+0800: 8.497: Application time: 0.1168627 seconds
2024-07-27T21:38:32.998+0800: 8.497: [GC (Allocation Failure) 2024-07-27T21:38:32.998+0800: 8.497: [ParNew: 77168K->8192K(78656K), 0.0120053 secs] 327680K->327312K(521776K), 0.0120634 secs] [Times: user=0.03 sys=0.00, real=0.01 secs] 
2024-07-27T21:38:33.011+0800: 8.510: Total time for which application threads were stopped: 0.0121886 seconds, Stopping threads took: 0.0000313 seconds
2024-07-27T21:38:33.122+0800: 8.621: Application time: 0.1113608 seconds
2024-07-27T21:38:33.122+0800: 8.621: [GC (Allocation Failure) 2024-07-27T21:38:33.122+0800: 8.621: [ParNew: 77543K->8194K(78656K), 0.0055915 secs] 396664K->349843K(521776K), 0.0056502 secs] [Times: user=0.00 sys=0.00, real=0.01 secs] 
2024-07-27T21:38:33.127+0800: 8.627: Total time for which application threads were stopped: 0.0057606 seconds, Stopping threads took: 0.0000199 seconds
2024-07-27T21:38:33.127+0800: 8.627: [CMS-concurrent-abortable-preclean: 0.005/0.245 secs] [Times: user=0.03 sys=0.00, real=0.25 secs] 
2024-07-27T21:38:33.128+0800: 8.627: Application time: 0.0003867 seconds
2024-07-27T21:38:33.128+0800: 8.627: [GC (CMS Final Remark) [YG occupancy: 13671 K (78656 K)]2024-07-27T21:38:33.128+0800: 8.627: [Rescan (parallel) , 0.0011057 secs]2024-07-27T21:38:33.130+0800: 8.628: [weak refs processing, 0.0000128 secs]2024-07-27T21:38:33.130+0800: 8.628: [class unloading, 0.0002054 secs]2024-07-27T21:38:33.130+0800: 8.629: [scrub symbol table, 0.0003583 secs]2024-07-27T21:38:33.130+0800: 8.629: [scrub string table, 0.0000992 secs][1 CMS-remark: 341649K(443120K)] 355321K(521776K), 0.0018461 secs] [Times: user=0.00 sys=0.01, real=0.00 secs] 
2024-07-27T21:38:33.130+0800: 8.629: Total time for which application threads were stopped: 0.0020111 seconds, Stopping threads took: 0.0001281 seconds
2024-07-27T21:38:33.130+0800: 8.629: [CMS-concurrent-sweep-start]
2024-07-27T21:38:33.131+0800: 8.631: [CMS-concurrent-sweep: 0.001/0.001 secs] [Times: user=0.00 sys=0.00, real=0.00 secs] 
2024-07-27T21:38:33.132+0800: 8.631: [CMS-concurrent-reset-start]
2024-07-27T21:38:33.133+0800: 8.632: [CMS-concurrent-reset: 0.001/0.001 secs] [Times: user=0.00 sys=0.00, real=0.00 secs] 
2024-07-27T21:38:33.134+0800: 8.634: Application time: 0.0046743 seconds
2024-07-27T21:38:33.135+0800: 8.634: [GC (Allocation Failure) 2024-07-27T21:38:33.135+0800: 8.634: [ParNew: 77160K->8192K(78656K), 0.0118273 secs] 260087K->259727K(521776K), 0.0118914 secs] [Times: user=0.03 sys=0.00, real=0.01 secs] 
2024-07-27T21:38:33.147+0800: 8.646: Total time for which application threads were stopped: 0.0120007 seconds, Stopping threads took: 0.0000123 seconds
2024-07-27T21:38:33.147+0800: 8.646: Application time: 0.0002440 seconds
2024-07-27T21:38:33.147+0800: 8.646: [GC (CMS Initial Mark) [1 CMS-initial-mark: 251535K(443120K)] 263161K(521776K), 0.0008318 secs] [Times: user=0.00 sys=0.00, real=0.00 secs] 
2024-07-27T21:38:33.148+0800: 8.647: Total time for which application threads were stopped: 0.0010330 seconds, Stopping threads took: 0.0001589 seconds
2024-07-27T21:38:33.148+0800: 8.647: [CMS-concurrent-mark-start]
2024-07-27T21:38:33.149+0800: 8.648: [CMS-concurrent-mark: 0.001/0.001 secs] [Times: user=0.00 sys=0.00, real=0.00 secs] 
2024-07-27T21:38:33.149+0800: 8.648: [CMS-concurrent-preclean-start]
2024-07-27T21:38:33.149+0800: 8.649: [CMS-concurrent-preclean: 0.001/0.001 secs] [Times: user=0.00 sys=0.00, real=0.00 secs] 
2024-07-27T21:38:33.149+0800: 8.649: [CMS-concurrent-abortable-preclean-start]
2024-07-27T21:38:33.265+0800: 8.764: Application time: 0.1170795 seconds
2024-07-27T21:38:33.265+0800: 8.764: [GC (Allocation Failure) 2024-07-27T21:38:33.266+0800: 8.764: [ParNew: 77162K->8192K(78656K), 0.0119519 secs] 328698K->328336K(521776K), 0.0120142 secs] [Times: user=0.03 sys=0.00, real=0.01 secs] 
2024-07-27T21:38:33.278+0800: 8.776: Total time for which application threads were stopped: 0.0121282 seconds, Stopping threads took: 0.0000192 seconds
2024-07-27T21:38:33.390+0800: 8.889: Application time: 0.1127684 seconds
2024-07-27T21:38:33.390+0800: 8.889: [GC (Allocation Failure) 2024-07-27T21:38:33.390+0800: 8.889: [ParNew: 77164K->8192K(78656K), 0.0058337 secs] 397309K->351889K(521776K), 0.0058929 secs] [Times: user=0.00 sys=0.00, real=0.01 secs] 
2024-07-27T21:38:33.396+0800: 8.895: Total time for which application threads were stopped: 0.0060126 seconds, Stopping threads took: 0.0000190 seconds
2024-07-27T21:38:33.396+0800: 8.895: [CMS-concurrent-abortable-preclean: 0.005/0.246 secs] [Times: user=0.03 sys=0.00, real=0.25 secs] 
2024-07-27T21:38:33.397+0800: 8.895: Application time: 0.0003493 seconds
2024-07-27T21:38:33.397+0800: 8.896: [GC (CMS Final Remark) [YG occupancy: 12653 K (78656 K)]2024-07-27T21:38:33.397+0800: 8.896: [Rescan (parallel) , 0.0008871 secs]2024-07-27T21:38:33.398+0800: 8.896: [weak refs processing, 0.0000133 secs]2024-07-27T21:38:33.398+0800: 8.896: [class unloading, 0.0001853 secs]2024-07-27T21:38:33.398+0800: 8.897: [scrub symbol table, 0.0003785 secs]2024-07-27T21:38:33.398+0800: 8.897: [scrub string table, 0.0001134 secs][1 CMS-remark: 343697K(443120K)] 356350K(521776K), 0.0016419 secs] [Times: user=0.00 sys=0.00, real=0.00 secs] 
2024-07-27T21:38:33.398+0800: 8.897: Total time for which application threads were stopped: 0.0018412 seconds, Stopping threads took: 0.0001609 seconds
2024-07-27T21:38:33.399+0800: 8.897: [CMS-concurrent-sweep-start]
2024-07-27T21:38:33.400+0800: 8.899: [CMS-concurrent-sweep: 0.001/0.001 secs] [Times: user=0.00 sys=0.00, real=0.00 secs] 
2024-07-27T21:38:33.400+0800: 8.899: [CMS-concurrent-reset-start]
2024-07-27T21:38:33.401+0800: 8.900: [CMS-concurrent-reset: 0.001/0.001 secs] [Times: user=0.00 sys=0.00, real=0.00 secs] 
2024-07-27T21:38:33.403+0800: 8.902: Application time: 0.0047084 seconds
2024-07-27T21:38:33.403+0800: 8.902: [GC (Allocation Failure) 2024-07-27T21:38:33.403+0800: 8.902: [ParNew: 77166K->8192K(78656K), 0.0120155 secs] 261116K->260751K(521776K), 0.0120632 secs] [Times: user=0.03 sys=0.00, real=0.01 secs] 
2024-07-27T21:38:33.415+0800: 8.914: Total time for which application threads were stopped: 0.0121595 seconds, Stopping threads took: 0.0000134 seconds
2024-07-27T21:38:33.416+0800: 8.914: Application time: 0.0002379 seconds
2024-07-27T21:38:33.416+0800: 8.914: [GC (CMS Initial Mark) [1 CMS-initial-mark: 252559K(443120K)] 264189K(521776K), 0.0008272 secs] [Times: user=0.00 sys=0.00, real=0.00 secs] 
2024-07-27T21:38:33.417+0800: 8.915: Total time for which application threads were stopped: 0.0009807 seconds, Stopping threads took: 0.0001073 seconds
2024-07-27T21:38:33.417+0800: 8.915: [CMS-concurrent-mark-start]
2024-07-27T21:38:33.418+0800: 8.916: [CMS-concurrent-mark: 0.001/0.001 secs] [Times: user=0.00 sys=0.00, real=0.00 secs] 
2024-07-27T21:38:33.418+0800: 8.916: [CMS-concurrent-preclean-start]
2024-07-27T21:38:33.418+0800: 8.917: [CMS-concurrent-preclean: 0.001/0.001 secs] [Times: user=0.00 sys=0.00, real=0.00 secs] 
2024-07-27T21:38:33.418+0800: 8.917: [CMS-concurrent-abortable-preclean-start]
2024-07-27T21:38:33.534+0800: 9.033: Application time: 0.1175176 seconds
2024-07-27T21:38:33.534+0800: 9.033: [GC (Allocation Failure) 2024-07-27T21:38:33.534+0800: 9.033: [ParNew: 77167K->8192K(78656K), 0.0119927 secs] 329726K->329360K(521776K), 0.0120499 secs] [Times: user=0.03 sys=0.00, real=0.01 secs] 
2024-07-27T21:38:33.546+0800: 9.045: Total time for which application threads were stopped: 0.0121640 seconds, Stopping threads took: 0.0000200 seconds
2024-07-27T21:38:33.657+0800: 9.156: Application time: 0.1113289 seconds
2024-07-27T21:38:33.657+0800: 9.156: [GC (Allocation Failure) 2024-07-27T21:38:33.657+0800: 9.156: [ParNew: 77167K->8192K(78656K), 0.0057059 secs] 398336K->353937K(521776K), 0.0057646 secs] [Times: user=0.03 sys=0.00, real=0.01 secs] 
2024-07-27T21:38:33.663+0800: 9.162: Total time for which application threads were stopped: 0.0058734 seconds, Stopping threads took: 0.0000188 seconds
2024-07-27T21:38:33.663+0800: 9.162: [CMS-concurrent-abortable-preclean: 0.005/0.245 secs] [Times: user=0.06 sys=0.00, real=0.25 secs] 
2024-07-27T21:38:33.663+0800: 9.163: Application time: 0.0004049 seconds
2024-07-27T21:38:33.664+0800: 9.163: [GC (CMS Final Remark) [YG occupancy: 14703 K (78656 K)]2024-07-27T21:38:33.664+0800: 9.163: [Rescan (parallel) , 0.0009926 secs]2024-07-27T21:38:33.665+0800: 9.164: [weak refs processing, 0.0000127 secs]2024-07-27T21:38:33.665+0800: 9.164: [class unloading, 0.0001866 secs]2024-07-27T21:38:33.665+0800: 9.164: [scrub symbol table, 0.0003486 secs]2024-07-27T21:38:33.665+0800: 9.164: [scrub string table, 0.0001126 secs][1 CMS-remark: 345745K(443120K)] 360448K(521776K), 0.0017162 secs] [Times: user=0.00 sys=0.00, real=0.00 secs] 
2024-07-27T21:38:33.665+0800: 9.165: Total time for which application threads were stopped: 0.0019131 seconds, Stopping threads took: 0.0001611 seconds
2024-07-27T21:38:33.666+0800: 9.165: [CMS-concurrent-sweep-start]
2024-07-27T21:38:33.667+0800: 9.166: [CMS-concurrent-sweep: 0.001/0.001 secs] [Times: user=0.00 sys=0.00, real=0.00 secs] 
2024-07-27T21:38:33.667+0800: 9.166: [CMS-concurrent-reset-start]
2024-07-27T21:38:33.668+0800: 9.167: [CMS-concurrent-reset: 0.001/0.001 secs] [Times: user=0.00 sys=0.00, real=0.00 secs] 
2024-07-27T21:38:33.670+0800: 9.169: Application time: 0.0046178 seconds
2024-07-27T21:38:33.670+0800: 9.169: [GC (Allocation Failure) 2024-07-27T21:38:33.670+0800: 9.169: [ParNew: 77168K->8192K(78656K), 0.0118734 secs] 263166K->262799K(521776K), 0.0119214 secs] [Times: user=0.03 sys=0.00, real=0.01 secs] 
2024-07-27T21:38:33.682+0800: 9.181: Total time for which application threads were stopped: 0.0120245 seconds, Stopping threads took: 0.0000125 seconds
2024-07-27T21:38:33.682+0800: 9.181: Application time: 0.0001809 seconds
2024-07-27T21:38:33.682+0800: 9.181: [GC (CMS Initial Mark) [1 CMS-initial-mark: 254607K(443120K)] 265215K(521776K), 0.0008447 secs] [Times: user=0.00 sys=0.00, real=0.00 secs] 
2024-07-27T21:38:33.683+0800: 9.182: Total time for which application threads were stopped: 0.0010103 seconds, Stopping threads took: 0.0001188 seconds
2024-07-27T21:38:33.683+0800: 9.182: [CMS-concurrent-mark-start]
2024-07-27T21:38:33.684+0800: 9.183: [CMS-concurrent-mark: 0.001/0.001 secs] [Times: user=0.00 sys=0.00, real=0.00 secs] 
2024-07-27T21:38:33.684+0800: 9.183: [CMS-concurrent-preclean-start]
2024-07-27T21:38:33.685+0800: 9.184: [CMS-concurrent-preclean: 0.001/0.001 secs] [Times: user=0.00 sys=0.00, real=0.00 secs] 
2024-07-27T21:38:33.685+0800: 9.184: [CMS-concurrent-abortable-preclean-start]
2024-07-27T21:38:33.803+0800: 9.302: Application time: 0.1198295 seconds
2024-07-27T21:38:33.803+0800: 9.302: [GC (Allocation Failure) 2024-07-27T21:38:33.803+0800: 9.302: [ParNew: 77168K->8192K(78656K), 0.0119827 secs] 331776K->331408K(521776K), 0.0120451 secs] [Times: user=0.00 sys=0.00, real=0.01 secs] 
2024-07-27T21:38:33.815+0800: 9.314: Total time for which application threads were stopped: 0.0121692 seconds, Stopping threads took: 0.0000198 seconds
2024-07-27T21:38:33.924+0800: 9.423: Application time: 0.1090057 seconds
2024-07-27T21:38:33.924+0800: 9.423: [GC (Allocation Failure) 2024-07-27T21:38:33.924+0800: 9.423: [ParNew: 77171K->8192K(78656K), 0.0058237 secs] 400387K->357009K(521776K), 0.0058831 secs] [Times: user=0.03 sys=0.00, real=0.01 secs] 
2024-07-27T21:38:33.930+0800: 9.429: Total time for which application threads were stopped: 0.0059909 seconds, Stopping threads took: 0.0000188 seconds
2024-07-27T21:38:33.930+0800: 9.429: [CMS-concurrent-abortable-preclean: 0.005/0.245 secs] [Times: user=0.08 sys=0.00, real=0.25 secs] 
2024-07-27T21:38:33.930+0800: 9.430: Application time: 0.0003087 seconds
2024-07-27T21:38:33.930+0800: 9.430: [GC (CMS Final Remark) [YG occupancy: 12649 K (78656 K)]2024-07-27T21:38:33.930+0800: 9.430: [Rescan (parallel) , 0.0009307 secs]2024-07-27T21:38:33.931+0800: 9.431: [weak refs processing, 0.0000126 secs]2024-07-27T21:38:33.931+0800: 9.431: [class unloading, 0.0001884 secs]2024-07-27T21:38:33.932+0800: 9.431: [scrub symbol table, 0.0003474 secs]2024-07-27T21:38:33.932+0800: 9.431: [scrub string table, 0.0001155 secs][1 CMS-remark: 348817K(443120K)] 361467K(521776K), 0.0016578 secs] [Times: user=0.00 sys=0.00, real=0.00 secs] 
2024-07-27T21:38:33.932+0800: 9.432: Total time for which application threads were stopped: 0.0018185 seconds, Stopping threads took: 0.0001246 seconds
2024-07-27T21:38:33.932+0800: 9.432: [CMS-concurrent-sweep-start]
2024-07-27T21:38:33.933+0800: 9.433: [CMS-concurrent-sweep: 0.001/0.001 secs] [Times: user=0.00 sys=0.00, real=0.00 secs] 
2024-07-27T21:38:33.934+0800: 9.433: [CMS-concurrent-reset-start]
2024-07-27T21:38:33.935+0800: 9.434: [CMS-concurrent-reset: 0.001/0.001 secs] [Times: user=0.00 sys=0.00, real=0.00 secs] 
2024-07-27T21:38:34.048+0800: 9.547: Application time: 0.1151394 seconds
2024-07-27T21:38:34.048+0800: 9.547: [GC (Allocation Failure) 2024-07-27T21:38:34.048+0800: 9.547: [ParNew: 77162K->8192K(78656K), 0.0120391 secs] 265209K->264847K(521776K), 0.0121086 secs] [Times: user=0.03 sys=0.00, real=0.01 secs] 
2024-07-27T21:38:34.060+0800: 9.559: Total time for which application threads were stopped: 0.0122574 seconds, Stopping threads took: 0.0000452 seconds
2024-07-27T21:38:34.061+0800: 9.559: Application time: 0.0002217 seconds
2024-07-27T21:38:34.061+0800: 9.559: [GC (CMS Initial Mark) [1 CMS-initial-mark: 256655K(443120K)] 268283K(521776K), 0.0008680 secs] [Times: user=0.00 sys=0.00, real=0.00 secs] 
2024-07-27T21:38:34.062+0800: 9.560: Total time for which application threads were stopped: 0.0010874 seconds, Stopping threads took: 0.0001772 seconds
2024-07-27T21:38:34.062+0800: 9.560: [CMS-concurrent-mark-start]
2024-07-27T21:38:34.065+0800: 9.564: [CMS-concurrent-mark: 0.004/0.004 secs] [Times: user=0.00 sys=0.00, real=0.00 secs] 
2024-07-27T21:38:34.065+0800: 9.564: [CMS-concurrent-preclean-start]
2024-07-27T21:38:34.067+0800: 9.565: [CMS-concurrent-preclean: 0.001/0.001 secs] [Times: user=0.00 sys=0.00, real=0.00 secs] 
2024-07-27T21:38:34.067+0800: 9.565: Application time: 0.0051190 seconds
2024-07-27T21:38:34.067+0800: 9.565: [GC (Allocation Failure) 2024-07-27T21:38:34.067+0800: 9.565: [ParNew: 77165K->8192K(78656K), 0.0118650 secs] 333820K->333457K(521776K), 0.0119129 secs] [Times: user=0.03 sys=0.00, real=0.01 secs] 
2024-07-27T21:38:34.079+0800: 9.577: Total time for which application threads were stopped: 0.0120065 seconds, Stopping threads took: 0.0000124 seconds
2024-07-27T21:38:34.079+0800: 9.578: Application time: 0.0002988 seconds
2024-07-27T21:38:34.079+0800: 9.578: [GC (CMS Final Remark) [YG occupancy: 12653 K (78656 K)]2024-07-27T21:38:34.079+0800: 9.578: [Rescan (parallel) , 0.0005342 secs]2024-07-27T21:38:34.080+0800: 9.578: [weak refs processing, 0.0000271 secs]2024-07-27T21:38:34.080+0800: 9.578: [class unloading, 0.0003009 secs]2024-07-27T21:38:34.080+0800: 9.579: [scrub symbol table, 0.0004780 secs]2024-07-27T21:38:34.081+0800: 9.579: [scrub string table, 0.0000923 secs][1 CMS-remark: 325264K(443120K)] 337918K(521776K), 0.0015235 secs] [Times: user=0.00 sys=0.00, real=0.00 secs] 
2024-07-27T21:38:34.081+0800: 9.579: Total time for which application threads were stopped: 0.0016943 seconds, Stopping threads took: 0.0001321 seconds
2024-07-27T21:38:34.081+0800: 9.580: [CMS-concurrent-sweep-start]
2024-07-27T21:38:34.082+0800: 9.581: [CMS-concurrent-sweep: 0.002/0.002 secs] [Times: user=0.00 sys=0.00, real=0.00 secs] 
2024-07-27T21:38:34.083+0800: 9.581: [CMS-concurrent-reset-start]
2024-07-27T21:38:34.083+0800: 9.582: [CMS-concurrent-reset: 0.001/0.001 secs] [Times: user=0.00 sys=0.00, real=0.00 secs] 
2024-07-27T21:38:34.191+0800: 9.690: Application time: 0.1110082 seconds
2024-07-27T21:38:34.191+0800: 9.690: [GC (Allocation Failure) 2024-07-27T21:38:34.191+0800: 9.690: [ParNew: 77166K->8192K(78656K), 0.0059292 secs] 240636K->198286K(521776K), 0.0059883 secs] [Times: user=0.02 sys=0.02, real=0.01 secs] 
2024-07-27T21:38:34.197+0800: 9.696: Total time for which application threads were stopped: 0.0060994 seconds, Stopping threads took: 0.0000200 seconds
2024-07-27T21:38:34.315+0800: 9.814: Application time: 0.1172174 seconds
2024-07-27T21:38:34.315+0800: 9.814: [GC (Allocation Failure) 2024-07-27T21:38:34.315+0800: 9.814: [ParNew: 77167K->8192K(78656K), 0.0122302 secs] 267262K->266896K(521776K), 0.0122928 secs] [Times: user=0.03 sys=0.00, real=0.01 secs] 
2024-07-27T21:38:34.327+0800: 9.826: Total time for which application threads were stopped: 0.0124231 seconds, Stopping threads took: 0.0000252 seconds
2024-07-27T21:38:34.327+0800: 9.826: Application time: 0.0002299 seconds
2024-07-27T21:38:34.327+0800: 9.827: [GC (CMS Initial Mark) [1 CMS-initial-mark: 258703K(443120K)] 270334K(521776K), 0.0007130 secs] [Times: user=0.00 sys=0.00, real=0.00 secs] 
2024-07-27T21:38:34.329+0800: 9.827: Total time for which application threads were stopped: 0.0009070 seconds, Stopping threads took: 0.0001523 seconds
2024-07-27T21:38:34.329+0800: 9.827: [CMS-concurrent-mark-start]
2024-07-27T21:38:34.331+0800: 9.831: [CMS-concurrent-mark: 0.004/0.004 secs] [Times: user=0.00 sys=0.02, real=0.00 secs] 
2024-07-27T21:38:34.332+0800: 9.831: [CMS-concurrent-preclean-start]
2024-07-27T21:38:34.333+0800: 9.832: [CMS-concurrent-preclean: 0.001/0.001 secs] [Times: user=0.00 sys=0.00, real=0.00 secs] 
2024-07-27T21:38:34.333+0800: 9.833: Application time: 0.0052876 seconds
2024-07-27T21:38:34.333+0800: 9.833: [GC (Allocation Failure) 2024-07-27T21:38:34.333+0800: 9.833: [ParNew: 77167K->8192K(78656K), 0.0117103 secs] 335871K->335505K(521776K), 0.0117588 secs] [Times: user=0.00 sys=0.00, real=0.01 secs] 
2024-07-27T21:38:34.345+0800: 9.844: Total time for which application threads were stopped: 0.0118561 seconds, Stopping threads took: 0.0000144 seconds
2024-07-27T21:38:34.345+0800: 9.845: Application time: 0.0003189 seconds
2024-07-27T21:38:34.345+0800: 9.845: [GC (CMS Final Remark) [YG occupancy: 12655 K (78656 K)]2024-07-27T21:38:34.345+0800: 9.845: [Rescan (parallel) , 0.0009425 secs]2024-07-27T21:38:34.346+0800: 9.846: [weak refs processing, 0.0000132 secs]2024-07-27T21:38:34.346+0800: 9.846: [class unloading, 0.0001988 secs]2024-07-27T21:38:34.347+0800: 9.846: [scrub symbol table, 0.0003426 secs]2024-07-27T21:38:34.347+0800: 9.846: [scrub string table, 0.0000986 secs][1 CMS-remark: 327312K(443120K)] 339968K(521776K), 0.0016642 secs] [Times: user=0.00 sys=0.00, real=0.00 secs] 
2024-07-27T21:38:34.347+0800: 9.847: Total time for which application threads were stopped: 0.0018173 seconds, Stopping threads took: 0.0001120 seconds
2024-07-27T21:38:34.347+0800: 9.847: [CMS-concurrent-sweep-start]
2024-07-27T21:38:34.350+0800: 9.848: [CMS-concurrent-sweep: 0.002/0.002 secs] [Times: user=0.03 sys=0.00, real=0.00 secs] 
2024-07-27T21:38:34.350+0800: 9.848: [CMS-concurrent-reset-start]
2024-07-27T21:38:34.350+0800: 9.849: [CMS-concurrent-reset: 0.001/0.001 secs] [Times: user=0.00 sys=0.00, real=0.00 secs] 
2024-07-27T21:38:34.460+0800: 9.959: Application time: 0.1120205 seconds
2024-07-27T21:38:34.460+0800: 9.959: [GC (Allocation Failure) 2024-07-27T21:38:34.460+0800: 9.959: [ParNew: 77168K->8192K(78656K), 0.0059147 secs] 241662K->200334K(521776K), 0.0059724 secs] [Times: user=0.00 sys=0.00, real=0.01 secs] 
2024-07-27T21:38:34.466+0800: 9.965: Total time for which application threads were stopped: 0.0060906 seconds, Stopping threads took: 0.0000189 seconds
2024-07-27T21:38:34.584+0800: 10.083: Application time: 0.1184310 seconds
2024-07-27T21:38:34.584+0800: 10.083: [GC (Allocation Failure) 2024-07-27T21:38:34.584+0800: 10.083: [ParNew: 77168K->8192K(78656K), 0.0117616 secs] 269311K->268944K(521776K), 0.0118240 secs] [Times: user=0.00 sys=0.00, real=0.01 secs] 
2024-07-27T21:38:34.596+0800: 10.095: Total time for which application threads were stopped: 0.0119369 seconds, Stopping threads took: 0.0000202 seconds
2024-07-27T21:38:34.596+0800: 10.095: Application time: 0.0002429 seconds
2024-07-27T21:38:34.597+0800: 10.095: [GC (CMS Initial Mark) [1 CMS-initial-mark: 260751K(443120K)] 272383K(521776K), 0.0007813 secs] [Times: user=0.00 sys=0.00, real=0.00 secs] 
2024-07-27T21:38:34.597+0800: 10.096: Total time for which application threads were stopped: 0.0009091 seconds, Stopping threads took: 0.0000830 seconds
2024-07-27T21:38:34.597+0800: 10.096: [CMS-concurrent-mark-start]
2024-07-27T21:38:34.601+0800: 10.100: [CMS-concurrent-mark: 0.004/0.004 secs] [Times: user=0.05 sys=0.00, real=0.00 secs] 
2024-07-27T21:38:34.601+0800: 10.100: [CMS-concurrent-preclean-start]
2024-07-27T21:38:34.602+0800: 10.101: [CMS-concurrent-preclean: 0.001/0.001 secs] [Times: user=0.00 sys=0.00, real=0.00 secs] 
2024-07-27T21:38:34.602+0800: 10.101: Application time: 0.0051286 seconds
2024-07-27T21:38:34.602+0800: 10.101: [GC (Allocation Failure) 2024-07-27T21:38:34.602+0800: 10.101: [ParNew: 77168K->8192K(78656K), 0.0118489 secs] 337920K->337553K(521776K), 0.0119114 secs] [Times: user=0.03 sys=0.00, real=0.01 secs] 
2024-07-27T21:38:34.614+0800: 10.113: Total time for which application threads were stopped: 0.0120056 seconds, Stopping threads took: 0.0000123 seconds
2024-07-27T21:38:34.615+0800: 10.114: Application time: 0.0002952 seconds
2024-07-27T21:38:34.615+0800: 10.114: [GC (CMS Final Remark) [YG occupancy: 12655 K (78656 K)]2024-07-27T21:38:34.615+0800: 10.114: [Rescan (parallel) , 0.0005776 secs]2024-07-27T21:38:34.616+0800: 10.114: [weak refs processing, 0.0000267 secs]2024-07-27T21:38:34.616+0800: 10.114: [class unloading, 0.0003580 secs]2024-07-27T21:38:34.616+0800: 10.115: [scrub symbol table, 0.0004510 secs]2024-07-27T21:38:34.616+0800: 10.115: [scrub string table, 0.0001661 secs][1 CMS-remark: 329360K(443120K)] 342016K(521776K), 0.0017055 secs] [Times: user=0.00 sys=0.00, real=0.00 secs] 
2024-07-27T21:38:34.616+0800: 10.116: Total time for which application threads were stopped: 0.0018761 seconds, Stopping threads took: 0.0001041 seconds
2024-07-27T21:38:34.617+0800: 10.116: [CMS-concurrent-sweep-start]
2024-07-27T21:38:34.618+0800: 10.117: [CMS-concurrent-sweep: 0.002/0.002 secs] [Times: user=0.00 sys=0.00, real=0.00 secs] 
2024-07-27T21:38:34.618+0800: 10.117: [CMS-concurrent-reset-start]
2024-07-27T21:38:34.619+0800: 10.118: [CMS-concurrent-reset: 0.001/0.001 secs] [Times: user=0.00 sys=0.00, real=0.00 secs] 
2024-07-27T21:38:34.725+0800: 10.225: Application time: 0.1089980 seconds
2024-07-27T21:38:34.725+0800: 10.225: [GC (Allocation Failure) 2024-07-27T21:38:34.725+0800: 10.225: [ParNew: 77168K->8192K(78656K), 0.0062781 secs] 242687K->202383K(521776K), 0.0063874 secs] [Times: user=0.00 sys=0.00, real=0.01 secs] 
2024-07-27T21:38:34.732+0800: 10.231: Total time for which application threads were stopped: 0.0064992 seconds, Stopping threads took: 0.0000197 seconds
2024-07-27T21:38:34.850+0800: 10.349: Application time: 0.1176865 seconds
2024-07-27T21:38:34.850+0800: 10.349: [GC (Allocation Failure) 2024-07-27T21:38:34.850+0800: 10.349: [ParNew: 77168K->8192K(78656K), 0.0119818 secs] 271359K->270992K(521776K), 0.0120431 secs] [Times: user=0.00 sys=0.00, real=0.01 secs] 
2024-07-27T21:38:34.862+0800: 10.361: Total time for which application threads were stopped: 0.0121612 seconds, Stopping threads took: 0.0000208 seconds
2024-07-27T21:38:34.867+0800: 10.366: Application time: 0.0047297 seconds
2024-07-27T21:38:34.867+0800: 10.366: [GC (Allocation Failure) 2024-07-27T21:38:34.867+0800: 10.366: [ParNew: 77168K->8192K(78656K), 0.0119561 secs] 339968K->339601K(521776K), 0.0120083 secs] [Times: user=0.00 sys=0.00, real=0.01 secs] 
2024-07-27T21:38:34.879+0800: 10.378: Total time for which application threads were stopped: 0.0121179 seconds, Stopping threads took: 0.0000159 seconds
2024-07-27T21:38:34.879+0800: 10.378: Application time: 0.0002394 seconds
2024-07-27T21:38:34.879+0800: 10.378: [GC (CMS Initial Mark) [1 CMS-initial-mark: 331408K(443120K)] 343040K(521776K), 0.0008803 secs] [Times: user=0.02 sys=0.00, real=0.00 secs] 
2024-07-27T21:38:34.880+0800: 10.379: Total time for which application threads were stopped: 0.0011006 seconds, Stopping threads took: 0.0001635 seconds
2024-07-27T21:38:34.880+0800: 10.379: [CMS-concurrent-mark-start]
2024-07-27T21:38:34.883+0800: 10.382: [CMS-concurrent-mark: 0.002/0.002 secs] [Times: user=0.00 sys=0.00, real=0.00 secs] 
2024-07-27T21:38:34.883+0800: 10.382: [CMS-concurrent-preclean-start]
2024-07-27T21:38:34.883+0800: 10.382: [CMS-concurrent-preclean: 0.001/0.001 secs] [Times: user=0.00 sys=0.00, real=0.00 secs] 
2024-07-27T21:38:34.883+0800: 10.382: [CMS-concurrent-abortable-preclean-start]
2024-07-27T21:38:34.994+0800: 10.493: Application time: 0.1138367 seconds
2024-07-27T21:38:34.994+0800: 10.493: [GC (Allocation Failure) 2024-07-27T21:38:34.994+0800: 10.493: [ParNew: 77168K->8192K(78656K), 0.0067666 secs] 408577K->369297K(521776K), 0.0068255 secs] [Times: user=0.00 sys=0.00, real=0.01 secs] 
2024-07-27T21:38:35.001+0800: 10.500: Total time for which application threads were stopped: 0.0069391 seconds, Stopping threads took: 0.0000200 seconds
2024-07-27T21:38:35.120+0800: 10.619: Application time: 0.1189237 seconds
2024-07-27T21:38:35.120+0800: 10.619: [GC (Allocation Failure) 2024-07-27T21:38:35.120+0800: 10.619: [ParNew: 77168K->8192K(78656K), 0.0121392 secs] 438274K->437906K(521776K), 0.0122399 secs] [Times: user=0.03 sys=0.00, real=0.01 secs] 
2024-07-27T21:38:35.132+0800: 10.631: Total time for which application threads were stopped: 0.0123935 seconds, Stopping threads took: 0.0000261 seconds
2024-07-27T21:38:35.132+0800: 10.631: [CMS-concurrent-abortable-preclean: 0.004/0.249 secs] [Times: user=0.05 sys=0.00, real=0.25 secs] 
2024-07-27T21:38:35.132+0800: 10.631: Application time: 0.0002895 seconds
2024-07-27T21:38:35.132+0800: 10.632: [GC (CMS Final Remark) [YG occupancy: 12655 K (78656 K)]2024-07-27T21:38:35.132+0800: 10.632: [Rescan (parallel) , 0.0008353 secs]2024-07-27T21:38:35.133+0800: 10.632: [weak refs processing, 0.0000129 secs]2024-07-27T21:38:35.133+0800: 10.632: [class unloading, 0.0002011 secs]2024-07-27T21:38:35.133+0800: 10.633: [scrub symbol table, 0.0003497 secs]2024-07-27T21:38:35.134+0800: 10.633: [scrub string table, 0.0000995 secs][1 CMS-remark: 429714K(443120K)] 442370K(521776K), 0.0015618 secs] [Times: user=0.00 sys=0.00, real=0.00 secs] 
2024-07-27T21:38:35.134+0800: 10.633: Total time for which application threads were stopped: 0.0017319 seconds, Stopping threads took: 0.0001338 seconds
2024-07-27T21:38:35.134+0800: 10.633: [CMS-concurrent-sweep-start]
2024-07-27T21:38:35.136+0800: 10.635: [CMS-concurrent-sweep: 0.001/0.001 secs] [Times: user=0.00 sys=0.00, real=0.00 secs] 
2024-07-27T21:38:35.136+0800: 10.635: [CMS-concurrent-reset-start]
2024-07-27T21:38:35.137+0800: 10.636: [CMS-concurrent-reset: 0.001/0.001 secs] [Times: user=0.00 sys=0.00, real=0.00 secs] 
2024-07-27T21:38:35.139+0800: 10.638: Application time: 0.0050742 seconds
2024-07-27T21:38:35.139+0800: 10.638: [GC (Allocation Failure) 2024-07-27T21:38:35.139+0800: 10.638: [ParNew: 77168K->8192K(78656K), 0.0122949 secs] 342016K->341649K(521776K), 0.0123440 secs] [Times: user=0.03 sys=0.00, real=0.01 secs] 
2024-07-27T21:38:35.152+0800: 10.651: Total time for which application threads were stopped: 0.0124588 seconds, Stopping threads took: 0.0000142 seconds
2024-07-27T21:38:35.152+0800: 10.651: Application time: 0.0002517 seconds
2024-07-27T21:38:35.152+0800: 10.651: [GC (CMS Initial Mark) [1 CMS-initial-mark: 333457K(443120K)] 345088K(521776K), 0.0007933 secs] [Times: user=0.00 sys=0.00, real=0.00 secs] 
2024-07-27T21:38:35.153+0800: 10.652: Total time for which application threads were stopped: 0.0009884 seconds, Stopping threads took: 0.0001527 seconds
2024-07-27T21:38:35.153+0800: 10.652: [CMS-concurrent-mark-start]
2024-07-27T21:38:35.155+0800: 10.654: [CMS-concurrent-mark: 0.002/0.002 secs] [Times: user=0.00 sys=0.00, real=0.00 secs] 
2024-07-27T21:38:35.155+0800: 10.654: [CMS-concurrent-preclean-start]
2024-07-27T21:38:35.156+0800: 10.655: [CMS-concurrent-preclean: 0.001/0.001 secs] [Times: user=0.00 sys=0.00, real=0.00 secs] 
2024-07-27T21:38:35.156+0800: 10.655: [CMS-concurrent-abortable-preclean-start]
2024-07-27T21:38:35.265+0800: 10.763: Application time: 0.1114424 seconds
2024-07-27T21:38:35.265+0800: 10.763: [GC (Allocation Failure) 2024-07-27T21:38:35.265+0800: 10.764: [ParNew: 77168K->8192K(78656K), 0.0066293 secs] 410625K->372369K(521776K), 0.0067032 secs] [Times: user=0.03 sys=0.00, real=0.01 secs] 
2024-07-27T21:38:35.272+0800: 10.770: Total time for which application threads were stopped: 0.0068333 seconds, Stopping threads took: 0.0000197 seconds
2024-07-27T21:38:35.389+0800: 10.888: Application time: 0.1178956 seconds
2024-07-27T21:38:35.389+0800: 10.888: [GC (Allocation Failure) 2024-07-27T21:38:35.390+0800: 10.888: [ParNew: 77168K->8192K(78656K), 0.0119470 secs] 441346K->440978K(521776K), 0.0120310 secs] [Times: user=0.03 sys=0.00, real=0.01 secs] 
2024-07-27T21:38:35.402+0800: 10.900: Total time for which application threads were stopped: 0.0121429 seconds, Stopping threads took: 0.0000199 seconds
2024-07-27T21:38:35.402+0800: 10.900: [CMS-concurrent-abortable-preclean: 0.004/0.245 secs] [Times: user=0.06 sys=0.00, real=0.25 secs] 
2024-07-27T21:38:35.402+0800: 10.901: Application time: 0.0003661 seconds
2024-07-27T21:38:35.402+0800: 10.901: [GC (CMS Final Remark) [YG occupancy: 14703 K (78656 K)]2024-07-27T21:38:35.402+0800: 10.901: [Rescan (parallel) , 0.0010920 secs]2024-07-27T21:38:35.403+0800: 10.902: [weak refs processing, 0.0000127 secs]2024-07-27T21:38:35.403+0800: 10.902: [class unloading, 0.0002751 secs]2024-07-27T21:38:35.403+0800: 10.902: [scrub symbol table, 0.0003642 secs]2024-07-27T21:38:35.404+0800: 10.903: [scrub string table, 0.0001134 secs][1 CMS-remark: 432786K(443120K)] 447490K(521776K), 0.0019204 secs] [Times: user=0.00 sys=0.00, real=0.00 secs] 
2024-07-27T21:38:35.404+0800: 10.903: Total time for which application threads were stopped: 0.0020883 seconds, Stopping threads took: 0.0001314 seconds
2024-07-27T21:38:35.404+0800: 10.903: [CMS-concurrent-sweep-start]
2024-07-27T21:38:35.406+0800: 10.904: [CMS-concurrent-sweep: 0.001/0.001 secs] [Times: user=0.00 sys=0.00, real=0.00 secs] 
2024-07-27T21:38:35.406+0800: 10.904: [CMS-concurrent-reset-start]
2024-07-27T21:38:35.407+0800: 10.906: [CMS-concurrent-reset: 0.001/0.001 secs] [Times: user=0.00 sys=0.00, real=0.00 secs] 
2024-07-27T21:38:35.409+0800: 10.908: Application time: 0.0047832 seconds
2024-07-27T21:38:35.409+0800: 10.908: [GC (Allocation Failure) 2024-07-27T21:38:35.409+0800: 10.908: [ParNew: 77168K->8192K(78656K), 0.0126681 secs] 344064K->343697K(523484K), 0.0127189 secs] [Times: user=0.03 sys=0.00, real=0.01 secs] 
2024-07-27T21:38:35.422+0800: 10.920: Total time for which application threads were stopped: 0.0128140 seconds, Stopping threads took: 0.0000131 seconds
2024-07-27T21:38:35.422+0800: 10.921: Application time: 0.0002414 seconds
2024-07-27T21:38:35.422+0800: 10.921: [GC (CMS Initial Mark) [1 CMS-initial-mark: 335505K(444828K)] 347136K(523484K), 0.0007683 secs] [Times: user=0.00 sys=0.00, real=0.00 secs] 
2024-07-27T21:38:35.423+0800: 10.921: Total time for which application threads were stopped: 0.0008935 seconds, Stopping threads took: 0.0000841 seconds
2024-07-27T21:38:35.423+0800: 10.922: [CMS-concurrent-mark-start]
2024-07-27T21:38:35.425+0800: 10.924: [CMS-concurrent-mark: 0.002/0.002 secs] [Times: user=0.00 sys=0.00, real=0.00 secs] 
2024-07-27T21:38:35.425+0800: 10.924: [CMS-concurrent-preclean-start]
2024-07-27T21:38:35.426+0800: 10.925: [CMS-concurrent-preclean: 0.001/0.001 secs] [Times: user=0.00 sys=0.00, real=0.00 secs] 
2024-07-27T21:38:35.426+0800: 10.925: [CMS-concurrent-abortable-preclean-start]
2024-07-27T21:38:35.535+0800: 11.033: Application time: 0.1118928 seconds
2024-07-27T21:38:35.535+0800: 11.033: [GC (Allocation Failure) 2024-07-27T21:38:35.535+0800: 11.033: [ParNew: 77168K->8192K(78656K), 0.0066355 secs] 412673K->375441K(523484K), 0.0066963 secs] [Times: user=0.03 sys=0.00, real=0.01 secs] 
2024-07-27T21:38:35.542+0800: 11.040: Total time for which application threads were stopped: 0.0068066 seconds, Stopping threads took: 0.0000190 seconds
2024-07-27T21:38:35.658+0800: 11.156: Application time: 0.1161294 seconds
2024-07-27T21:38:35.658+0800: 11.156: [GC (Allocation Failure) 2024-07-27T21:38:35.658+0800: 11.156: [ParNew: 77168K->8192K(78656K), 0.0116724 secs] 444418K->444050K(523484K), 0.0117349 secs] [Times: user=0.03 sys=0.00, real=0.01 secs] 
2024-07-27T21:38:35.669+0800: 11.168: Total time for which application threads were stopped: 0.0118515 seconds, Stopping threads took: 0.0000226 seconds
2024-07-27T21:38:35.674+0800: 11.173: Application time: 0.0044499 seconds
2024-07-27T21:38:35.674+0800: 11.173: [GC (Allocation Failure) 2024-07-27T21:38:35.674+0800: 11.173: [ParNew: 77168K->8192K(78656K), 0.0374909 secs] 513027K->512659K(585164K), 0.0375387 secs] [Times: user=0.09 sys=0.00, real=0.04 secs] 
2024-07-27T21:38:35.712+0800: 11.210: Total time for which application threads were stopped: 0.0376410 seconds, Stopping threads took: 0.0000149 seconds
2024-07-27T21:38:35.712+0800: 11.210: [CMS-concurrent-abortable-preclean: 0.005/0.286 secs] [Times: user=0.16 sys=0.00, real=0.29 secs] 
2024-07-27T21:38:35.712+0800: 11.211: Application time: 0.0003000 seconds
2024-07-27T21:38:35.712+0800: 11.211: [GC (CMS Final Remark) [YG occupancy: 12655 K (78656 K)]2024-07-27T21:38:35.712+0800: 11.211: [Rescan (parallel) , 0.0012473 secs]2024-07-27T21:38:35.713+0800: 11.212: [weak refs processing, 0.0000129 secs]2024-07-27T21:38:35.713+0800: 11.212: [class unloading, 0.0002045 secs]2024-07-27T21:38:35.713+0800: 11.212: [scrub symbol table, 0.0003523 secs]2024-07-27T21:38:35.714+0800: 11.213: [scrub string table, 0.0000999 secs][1 CMS-remark: 504467K(506508K)] 517123K(585164K), 0.0019803 secs] [Times: user=0.00 sys=0.00, real=0.00 secs] 
2024-07-27T21:38:35.714+0800: 11.213: Total time for which application threads were stopped: 0.0021684 seconds, Stopping threads took: 0.0001518 seconds
2024-07-27T21:38:35.714+0800: 11.213: [CMS-concurrent-sweep-start]
2024-07-27T21:38:35.715+0800: 11.214: [CMS-concurrent-sweep: 0.001/0.001 secs] [Times: user=0.00 sys=0.00, real=0.00 secs] 
2024-07-27T21:38:35.716+0800: 11.215: [CMS-concurrent-reset-start]
2024-07-27T21:38:35.716+0800: 11.215: [CMS-concurrent-reset: 0.001/0.001 secs] [Times: user=0.00 sys=0.00, real=0.00 secs] 
2024-07-27T21:38:35.834+0800: 11.332: Application time: 0.1194602 seconds
2024-07-27T21:38:35.834+0800: 11.332: [GC (Allocation Failure) 2024-07-27T21:38:35.834+0800: 11.332: [ParNew: 77168K->8192K(78656K), 0.0071481 secs] 414721K->378513K(641248K), 0.0072133 secs] [Times: user=0.00 sys=0.00, real=0.01 secs] 
2024-07-27T21:38:35.841+0800: 11.340: Total time for which application threads were stopped: 0.0073295 seconds, Stopping threads took: 0.0000206 seconds
2024-07-27T21:38:35.841+0800: 11.340: Application time: 0.0002438 seconds
2024-07-27T21:38:35.841+0800: 11.340: [GC (CMS Initial Mark) [1 CMS-initial-mark: 370321K(562592K)] 381953K(641248K), 0.0007486 secs] [Times: user=0.00 sys=0.00, real=0.00 secs] 
2024-07-27T21:38:35.842+0800: 11.341: Total time for which application threads were stopped: 0.0009457 seconds, Stopping threads took: 0.0001550 seconds
2024-07-27T21:38:35.842+0800: 11.341: [CMS-concurrent-mark-start]
2024-07-27T21:38:35.846+0800: 11.345: [CMS-concurrent-mark: 0.004/0.004 secs] [Times: user=0.00 sys=0.00, real=0.00 secs] 
2024-07-27T21:38:35.847+0800: 11.345: [CMS-concurrent-preclean-start]
2024-07-27T21:38:35.847+0800: 11.346: [CMS-concurrent-preclean: 0.001/0.001 secs] [Times: user=0.00 sys=0.00, real=0.00 secs] 
2024-07-27T21:38:35.847+0800: 11.346: [CMS-concurrent-abortable-preclean-start]
2024-07-27T21:38:35.955+0800: 11.454: Application time: 0.1133847 seconds
2024-07-27T21:38:35.955+0800: 11.454: [GC (Allocation Failure) 2024-07-27T21:38:35.955+0800: 11.454: [ParNew: 77168K->8192K(78656K), 0.0252548 secs] 447490K->447122K(641248K), 0.0253275 secs] [Times: user=0.05 sys=0.02, real=0.03 secs] 
2024-07-27T21:38:35.980+0800: 11.480: Total time for which application threads were stopped: 0.0254536 seconds, Stopping threads took: 0.0000352 seconds
2024-07-27T21:38:35.985+0800: 11.484: Application time: 0.0045023 seconds
2024-07-27T21:38:35.985+0800: 11.484: [GC (Allocation Failure) 2024-07-27T21:38:35.985+0800: 11.484: [ParNew: 77168K->8192K(78656K), 0.0197980 secs] 516099K->515731K(641248K), 0.0198491 secs] [Times: user=0.05 sys=0.02, real=0.02 secs] 
2024-07-27T21:38:36.005+0800: 11.504: Total time for which application threads were stopped: 0.0199598 seconds, Stopping threads took: 0.0000157 seconds
2024-07-27T21:38:36.115+0800: 11.614: Application time: 0.1097116 seconds
2024-07-27T21:38:36.115+0800: 11.614: [GC (Allocation Failure) 2024-07-27T21:38:36.115+0800: 11.614: [ParNew: 77168K->8192K(78656K), 0.0070039 secs] 584708K->549524K(641248K), 0.0070630 secs] [Times: user=0.00 sys=0.00, real=0.01 secs] 
2024-07-27T21:38:36.122+0800: 11.621: Total time for which application threads were stopped: 0.0071987 seconds, Stopping threads took: 0.0000196 seconds
2024-07-27T21:38:36.122+0800: 11.621: [CMS-concurrent-abortable-preclean: 0.007/0.275 secs] [Times: user=0.13 sys=0.03, real=0.28 secs] 
2024-07-27T21:38:36.122+0800: 11.621: Application time: 0.0003060 seconds
2024-07-27T21:38:36.122+0800: 11.621: [GC (CMS Final Remark) [YG occupancy: 12655 K (78656 K)]2024-07-27T21:38:36.122+0800: 11.621: [Rescan (parallel) , 0.0008386 secs]2024-07-27T21:38:36.123+0800: 11.622: [weak refs processing, 0.0000127 secs]2024-07-27T21:38:36.123+0800: 11.622: [class unloading, 0.0002095 secs]2024-07-27T21:38:36.124+0800: 11.623: [scrub symbol table, 0.0003493 secs]2024-07-27T21:38:36.124+0800: 11.623: [scrub string table, 0.0001009 secs][1 CMS-remark: 541332K(562592K)] 553987K(641248K), 0.0015746 secs] [Times: user=0.00 sys=0.00, real=0.00 secs] 
2024-07-27T21:38:36.124+0800: 11.623: Total time for which application threads were stopped: 0.0017301 seconds, Stopping threads took: 0.0001199 seconds
2024-07-27T21:38:36.124+0800: 11.623: [CMS-concurrent-sweep-start]
2024-07-27T21:38:36.126+0800: 11.625: [CMS-concurrent-sweep: 0.002/0.002 secs] [Times: user=0.00 sys=0.00, real=0.00 secs] 
2024-07-27T21:38:36.126+0800: 11.625: [CMS-concurrent-reset-start]
2024-07-27T21:38:36.127+0800: 11.626: [CMS-concurrent-reset: 0.001/0.001 secs] [Times: user=0.00 sys=0.00, real=0.00 secs] 
2024-07-27T21:38:36.240+0800: 11.739: Application time: 0.1155389 seconds
2024-07-27T21:38:36.240+0800: 11.739: [GC (Allocation Failure) 2024-07-27T21:38:36.240+0800: 11.739: [ParNew: 77168K->8192K(78656K), 0.0118410 secs] 281599K->281232K(641248K), 0.0119065 secs] [Times: user=0.00 sys=0.00, real=0.01 secs] 
2024-07-27T21:38:36.252+0800: 11.751: Total time for which application threads were stopped: 0.0120479 seconds, Stopping threads took: 0.0000236 seconds
2024-07-27T21:38:36.252+0800: 11.751: Application time: 0.0002454 seconds
2024-07-27T21:38:36.252+0800: 11.751: [GC (CMS Initial Mark) [1 CMS-initial-mark: 273040K(562592K)] 284671K(641248K), 0.0008116 secs] [Times: user=0.00 sys=0.00, real=0.00 secs] 
2024-07-27T21:38:36.253+0800: 11.752: Total time for which application threads were stopped: 0.0009686 seconds, Stopping threads took: 0.0001152 seconds
2024-07-27T21:38:36.253+0800: 11.752: [CMS-concurrent-mark-start]
2024-07-27T21:38:36.257+0800: 11.756: [CMS-concurrent-mark: 0.004/0.004 secs] [Times: user=0.05 sys=0.00, real=0.00 secs] 
2024-07-27T21:38:36.257+0800: 11.756: [CMS-concurrent-preclean-start]
2024-07-27T21:38:36.258+0800: 11.757: [CMS-concurrent-preclean: 0.001/0.001 secs] [Times: user=0.00 sys=0.00, real=0.00 secs] 
2024-07-27T21:38:36.258+0800: 11.757: Application time: 0.0052853 seconds
2024-07-27T21:38:36.258+0800: 11.757: [GC (Allocation Failure) 2024-07-27T21:38:36.258+0800: 11.757: [ParNew: 77168K->8192K(78656K), 0.0118292 secs] 350208K->349841K(641248K), 0.0118789 secs] [Times: user=0.03 sys=0.00, real=0.01 secs] 
2024-07-27T21:38:36.270+0800: 11.769: Total time for which application threads were stopped: 0.0119810 seconds, Stopping threads took: 0.0000175 seconds
2024-07-27T21:38:36.270+0800: 11.769: Application time: 0.0002918 seconds
2024-07-27T21:38:36.271+0800: 11.770: [GC (CMS Final Remark) [YG occupancy: 13679 K (78656 K)]2024-07-27T21:38:36.271+0800: 11.770: [Rescan (parallel) , 0.0011593 secs]2024-07-27T21:38:36.272+0800: 11.771: [weak refs processing, 0.0000134 secs]2024-07-27T21:38:36.272+0800: 11.771: [class unloading, 0.0001891 secs]2024-07-27T21:38:36.272+0800: 11.771: [scrub symbol table, 0.0003421 secs]2024-07-27T21:38:36.272+0800: 11.771: [scrub string table, 0.0001137 secs][1 CMS-remark: 341649K(562592K)] 355328K(641248K), 0.0019043 secs] [Times: user=0.00 sys=0.00, real=0.00 secs] 
2024-07-27T21:38:36.272+0800: 11.771: Total time for which application threads were stopped: 0.0020393 seconds, Stopping threads took: 0.0000917 seconds
2024-07-27T21:38:36.273+0800: 11.772: [CMS-concurrent-sweep-start]
2024-07-27T21:38:36.274+0800: 11.773: [CMS-concurrent-sweep: 0.001/0.001 secs] [Times: user=0.00 sys=0.00, real=0.00 secs] 
2024-07-27T21:38:36.274+0800: 11.773: [CMS-concurrent-reset-start]
2024-07-27T21:38:36.275+0800: 11.774: [CMS-concurrent-reset: 0.001/0.001 secs] [Times: user=0.00 sys=0.00, real=0.00 secs] 
2024-07-27T21:38:36.383+0800: 11.882: Application time: 0.1109396 seconds
2024-07-27T21:38:36.383+0800: 11.882: [GC (Allocation Failure) 2024-07-27T21:38:36.383+0800: 11.882: [ParNew: 77168K->8192K(78656K), 0.0073158 secs] 248831K->214671K(641248K), 0.0073752 secs] [Times: user=0.00 sys=0.00, real=0.01 secs] 
2024-07-27T21:38:36.390+0800: 11.890: Total time for which application threads were stopped: 0.0075120 seconds, Stopping threads took: 0.0000370 seconds
2024-07-27T21:38:36.507+0800: 12.006: Application time: 0.1162126 seconds
2024-07-27T21:38:36.507+0800: 12.006: [GC (Allocation Failure) 2024-07-27T21:38:36.507+0800: 12.006: [ParNew: 77168K->8192K(78656K), 0.0119652 secs] 283647K->283280K(641248K), 0.0120257 secs] [Times: user=0.00 sys=0.00, real=0.01 secs] 
2024-07-27T21:38:36.519+0800: 12.018: Total time for which application threads were stopped: 0.0121392 seconds, Stopping threads took: 0.0000203 seconds
2024-07-27T21:38:36.523+0800: 12.023: Application time: 0.0046310 seconds
2024-07-27T21:38:36.524+0800: 12.023: [GC (Allocation Failure) 2024-07-27T21:38:36.524+0800: 12.023: [ParNew: 77168K->8192K(78656K), 0.0121477 secs] 352256K->351889K(641248K), 0.0121978 secs] [Times: user=0.02 sys=0.00, real=0.01 secs] 
2024-07-27T21:38:36.536+0800: 12.035: Total time for which application threads were stopped: 0.0123022 seconds, Stopping threads took: 0.0000157 seconds
2024-07-27T21:38:36.536+0800: 12.035: Application time: 0.0001865 seconds
2024-07-27T21:38:36.536+0800: 12.036: [GC (CMS Initial Mark) [1 CMS-initial-mark: 343697K(562592K)] 355328K(641248K), 0.0007747 secs] [Times: user=0.00 sys=0.00, real=0.00 secs] 
2024-07-27T21:38:36.537+0800: 12.036: Total time for which application threads were stopped: 0.0009943 seconds, Stopping threads took: 0.0001745 seconds
2024-07-27T21:38:36.537+0800: 12.036: [CMS-concurrent-mark-start]
2024-07-27T21:38:36.540+0800: 12.039: [CMS-concurrent-mark: 0.002/0.002 secs] [Times: user=0.00 sys=0.00, real=0.00 secs] 
2024-07-27T21:38:36.540+0800: 12.039: [CMS-concurrent-preclean-start]
2024-07-27T21:38:36.540+0800: 12.039: [CMS-concurrent-preclean: 0.001/0.001 secs] [Times: user=0.00 sys=0.00, real=0.00 secs] 
2024-07-27T21:38:36.540+0800: 12.039: [CMS-concurrent-abortable-preclean-start]
2024-07-27T21:38:36.651+0800: 12.150: Application time: 0.1139682 seconds
2024-07-27T21:38:36.651+0800: 12.150: [GC (Allocation Failure) 2024-07-27T21:38:36.651+0800: 12.150: [ParNew: 77168K->8192K(78656K), 0.0077578 secs] 420865K->387729K(641248K), 0.0078189 secs] [Times: user=0.00 sys=0.00, real=0.01 secs] 
2024-07-27T21:38:36.659+0800: 12.158: Total time for which application threads were stopped: 0.0079306 seconds, Stopping threads took: 0.0000200 seconds
2024-07-27T21:38:36.776+0800: 12.275: Application time: 0.1164905 seconds
2024-07-27T21:38:36.776+0800: 12.275: [GC (Allocation Failure) 2024-07-27T21:38:36.776+0800: 12.275: [ParNew: 77168K->8192K(78656K), 0.0126423 secs] 456706K->456338K(641248K), 0.0126950 secs] [Times: user=0.03 sys=0.00, real=0.01 secs] 
2024-07-27T21:38:36.789+0800: 12.288: Total time for which application threads were stopped: 0.0128045 seconds, Stopping threads took: 0.0000198 seconds
2024-07-27T21:38:36.793+0800: 12.292: Application time: 0.0044852 seconds
2024-07-27T21:38:36.793+0800: 12.292: [GC (Allocation Failure) 2024-07-27T21:38:36.793+0800: 12.292: [ParNew: 77168K->8192K(78656K), 0.0120264 secs] 525315K->524947K(641248K), 0.0120751 secs] [Times: user=0.03 sys=0.00, real=0.01 secs] 
2024-07-27T21:38:36.805+0800: 12.304: Total time for which application threads were stopped: 0.0121727 seconds, Stopping threads took: 0.0000146 seconds
2024-07-27T21:38:36.805+0800: 12.304: [CMS-concurrent-abortable-preclean: 0.006/0.265 secs] [Times: user=0.09 sys=0.00, real=0.27 secs] 
2024-07-27T21:38:36.806+0800: 12.305: Application time: 0.0002899 seconds
2024-07-27T21:38:36.806+0800: 12.305: [GC (CMS Final Remark) [YG occupancy: 12655 K (78656 K)]2024-07-27T21:38:36.806+0800: 12.305: [Rescan (parallel) , 0.0008673 secs]2024-07-27T21:38:36.807+0800: 12.306: [weak refs processing, 0.0000129 secs]2024-07-27T21:38:36.807+0800: 12.306: [class unloading, 0.0001834 secs]2024-07-27T21:38:36.807+0800: 12.306: [scrub symbol table, 0.0003494 secs]2024-07-27T21:38:36.807+0800: 12.306: [scrub string table, 0.0000925 secs][1 CMS-remark: 516755K(562592K)] 529411K(641248K), 0.0015828 secs] [Times: user=0.00 sys=0.00, real=0.00 secs] 
2024-07-27T21:38:36.807+0800: 12.306: Total time for which application threads were stopped: 0.0017424 seconds, Stopping threads took: 0.0001231 seconds
2024-07-27T21:38:36.808+0800: 12.307: [CMS-concurrent-sweep-start]
2024-07-27T21:38:36.809+0800: 12.308: [CMS-concurrent-sweep: 0.001/0.001 secs] [Times: user=0.00 sys=0.00, real=0.00 secs] 
2024-07-27T21:38:36.809+0800: 12.308: [CMS-concurrent-reset-start]
2024-07-27T21:38:36.810+0800: 12.309: [CMS-concurrent-reset: 0.001/0.001 secs] [Times: user=0.00 sys=0.00, real=0.00 secs] 
2024-07-27T21:38:36.920+0800: 12.419: Application time: 0.1125379 seconds
2024-07-27T21:38:36.920+0800: 12.419: [GC (Allocation Failure) 2024-07-27T21:38:36.920+0800: 12.419: [ParNew: 77168K->8192K(78656K), 0.0124475 secs] 422913K->390801K(654900K), 0.0125065 secs] [Times: user=0.02 sys=0.01, real=0.01 secs] 
2024-07-27T21:38:36.933+0800: 12.431: Total time for which application threads were stopped: 0.0126167 seconds, Stopping threads took: 0.0000194 seconds
2024-07-27T21:38:36.933+0800: 12.432: Application time: 0.0001387 seconds
2024-07-27T21:38:36.933+0800: 12.432: [GC (CMS Initial Mark) [1 CMS-initial-mark: 382609K(576244K)] 394241K(654900K), 0.0007316 secs] [Times: user=0.00 sys=0.00, real=0.00 secs] 
2024-07-27T21:38:36.934+0800: 12.433: Total time for which application threads were stopped: 0.0009358 seconds, Stopping threads took: 0.0001586 seconds
2024-07-27T21:38:36.934+0800: 12.433: [CMS-concurrent-mark-start]
2024-07-27T21:38:36.938+0800: 12.437: [CMS-concurrent-mark: 0.004/0.004 secs] [Times: user=0.00 sys=0.00, real=0.00 secs] 
2024-07-27T21:38:36.938+0800: 12.437: [CMS-concurrent-preclean-start]
2024-07-27T21:38:36.939+0800: 12.438: [CMS-concurrent-preclean: 0.001/0.001 secs] [Times: user=0.00 sys=0.00, real=0.00 secs] 
2024-07-27T21:38:36.939+0800: 12.438: [CMS-concurrent-abortable-preclean-start]
2024-07-27T21:38:37.043+0800: 12.542: Application time: 0.1096131 seconds
2024-07-27T21:38:37.043+0800: 12.542: [GC (Allocation Failure) 2024-07-27T21:38:37.043+0800: 12.542: [ParNew: 77168K->8192K(78656K), 0.0121509 secs] 459778K->459410K(654900K), 0.0122108 secs] [Times: user=0.03 sys=0.00, real=0.01 secs] 
2024-07-27T21:38:37.056+0800: 12.554: Total time for which application threads were stopped: 0.0123217 seconds, Stopping threads took: 0.0000201 seconds
2024-07-27T21:38:37.059+0800: 12.559: Application time: 0.0045599 seconds
2024-07-27T21:38:37.060+0800: 12.559: [GC (Allocation Failure) 2024-07-27T21:38:37.060+0800: 12.559: [ParNew: 77168K->8192K(78656K), 0.0120903 secs] 528387K->528019K(654900K), 0.0121412 secs] [Times: user=0.03 sys=0.00, real=0.01 secs] 
2024-07-27T21:38:37.072+0800: 12.571: Total time for which application threads were stopped: 0.0122447 seconds, Stopping threads took: 0.0000195 seconds
2024-07-27T21:38:37.187+0800: 12.687: Application time: 0.1153001 seconds
2024-07-27T21:38:37.187+0800: 12.687: [GC (Allocation Failure) 2024-07-27T21:38:37.187+0800: 12.687: [ParNew: 77168K->8192K(78656K), 0.0076075 secs] 596996K->565908K(654900K), 0.0076665 secs] [Times: user=0.03 sys=0.00, real=0.01 secs] 
2024-07-27T21:38:37.195+0800: 12.694: Total time for which application threads were stopped: 0.0077873 seconds, Stopping threads took: 0.0000307 seconds
2024-07-27T21:38:37.311+0800: 12.810: [CMS-concurrent-abortable-preclean: 0.010/0.372 secs] [Times: user=0.09 sys=0.00, real=0.37 secs] 
2024-07-27T21:38:37.312+0800: 12.810: Application time: 0.1159604 seconds
2024-07-27T21:38:37.312+0800: 12.810: [GC (CMS Final Remark) [YG occupancy: 71024 K (78656 K)]2024-07-27T21:38:37.312+0800: 12.810: [Rescan (parallel) , 0.0007422 secs]2024-07-27T21:38:37.313+0800: 12.811: [weak refs processing, 0.0000139 secs]2024-07-27T21:38:37.313+0800: 12.811: [class unloading, 0.0002014 secs]2024-07-27T21:38:37.313+0800: 12.811: [scrub symbol table, 0.0003448 secs]2024-07-27T21:38:37.313+0800: 12.812: [scrub string table, 0.0001054 secs][1 CMS-remark: 557716K(576244K)] 628741K(654900K), 0.0014755 secs] [Times: user=0.00 sys=0.00, real=0.00 secs] 
2024-07-27T21:38:37.313+0800: 12.812: Total time for which application threads were stopped: 0.0016499 seconds, Stopping threads took: 0.0001328 seconds
2024-07-27T21:38:37.313+0800: 12.812: [CMS-concurrent-sweep-start]
2024-07-27T21:38:37.313+0800: 12.813: Application time: 0.0005458 seconds
2024-07-27T21:38:37.313+0800: 12.813: [GC (Allocation Failure) 2024-07-27T21:38:37.313+0800: 12.813: [ParNew: 77168K->77168K(78656K), 0.0000169 secs]2024-07-27T21:38:37.313+0800: 12.813: [CMS2024-07-27T21:38:37.313+0800: 12.813: [CMS-concurrent-sweep: 0.001/0.001 secs] [Times: user=0.00 sys=0.00, real=0.00 secs] 
 (concurrent mode failure): 540308K->115325K(576244K), 0.0190655 secs] 617476K->115325K(835572K), [Metaspace: 2932K->2932K(1056768K)], 0.0196661 secs] [Times: user=0.02 sys=0.02, real=0.02 secs] 
2024-07-27T21:38:37.333+0800: 12.832: Total time for which application threads were stopped: 0.0197783 seconds, Stopping threads took: 0.0000131 seconds
2024-07-27T21:38:37.622+0800: 13.121: Application time: 0.2884710 seconds
2024-07-27T21:38:37.622+0800: 13.121: [GC (Allocation Failure) 2024-07-27T21:38:37.622+0800: 13.121: [ParNew: 230126K->28676K(259328K), 0.0350971 secs] 345452K->252549K(835572K), 0.0351754 secs] [Times: user=0.06 sys=0.00, real=0.04 secs] 
2024-07-27T21:38:37.657+0800: 13.156: Total time for which application threads were stopped: 0.0352967 seconds, Stopping threads took: 0.0000194 seconds
2024-07-27T21:38:37.879+0800: 13.378: Application time: 0.2221982 seconds
2024-07-27T21:38:37.879+0800: 13.378: [GC (Allocation Failure) 2024-07-27T21:38:37.879+0800: 13.378: [ParNew: 258513K->28672K(259328K), 0.0354004 secs] 482386K->385673K(835572K), 0.0354542 secs] [Times: user=0.06 sys=0.00, real=0.04 secs] 
2024-07-27T21:38:37.915+0800: 13.414: Total time for which application threads were stopped: 0.0355634 seconds, Stopping threads took: 0.0000182 seconds
2024-07-27T21:38:37.915+0800: 13.414: Application time: 0.0002747 seconds
2024-07-27T21:38:37.915+0800: 13.414: [GC (CMS Initial Mark) [1 CMS-initial-mark: 357001K(576244K)] 392291K(835572K), 0.0007347 secs] [Times: user=0.00 sys=0.00, real=0.00 secs] 
2024-07-27T21:38:37.916+0800: 13.415: Total time for which application threads were stopped: 0.0009220 seconds, Stopping threads took: 0.0001449 seconds
2024-07-27T21:38:37.916+0800: 13.415: [CMS-concurrent-mark-start]
2024-07-27T21:38:37.918+0800: 13.418: [CMS-concurrent-mark: 0.002/0.002 secs] [Times: user=0.00 sys=0.00, real=0.00 secs] 
2024-07-27T21:38:37.918+0800: 13.418: [CMS-concurrent-preclean-start]
2024-07-27T21:38:37.919+0800: 13.419: [CMS-concurrent-preclean: 0.001/0.001 secs] [Times: user=0.00 sys=0.00, real=0.00 secs] 
2024-07-27T21:38:37.919+0800: 13.419: [CMS-concurrent-abortable-preclean-start]
Heap
 par new generation   total 259328K, used 76766K [0x00000000c8000000, 0x00000000d9960000, 0x00000000daaa0000)
  eden space 230528K,  20% used [0x00000000c8000000, 0x00000000caef7708, 0x00000000d6120000)
  from space 28800K,  99% used [0x00000000d6120000, 0x00000000d7d201c0, 0x00000000d7d40000)
  to   space 28800K,   0% used [0x00000000d7d40000, 0x00000000d7d40000, 0x00000000d9960000)
 concurrent mark-sweep generation total 576244K, used 357001K [0x00000000daaa0000, 0x00000000fdd5d000, 0x0000000100000000)
 Metaspace       used 2942K, capacity 4486K, committed 4864K, reserved 1056768K
  class space    used 305K, capacity 386K, committed 512K, reserved 1048576K
2024-07-27T21:38:38.034+0800: 13.533: Application time: 0.1176188 seconds
