OpenJDK 64-Bit Server VM (25.412-b1) for windows-amd64 JRE (1.8.0_412-b1), built on Apr 23 2024 12:00:37 by "Administrator" with MS VC++ 10.0 (VS2010)
Memory: 4k page, physical 16672068k(5495796k free), swap 19162436k(4661124k free)
CommandLine flags: -XX:GCDrainStackTargetSize=64 -XX:InitialHeapSize=266753088 -XX:MaxHeapSize=939524096 -XX:MaxNewSize=313176064 -XX:MaxTenuringThreshold=6 -XX:OldPLABSize=16 -XX:+PrintGC -XX:+PrintGCApplicationConcurrentTime -XX:+PrintGCApplicationStoppedTime -XX:+PrintGCDateStamps -XX:+PrintGCDetails -XX:+PrintGCTimeStamps -XX:+UseCompressedClassPointers -XX:+UseCompressedOops -XX:+UseConcMarkSweepGC -XX:-UseLargePagesIndividualAllocation -XX:+UseParNewGC 
2024-07-27T21:38:38.229+0800: 0.108: Application time: 0.0374216 seconds
2024-07-27T21:38:38.229+0800: 0.108: [GC (Allocation Failure) 2024-07-27T21:38:38.229+0800: 0.108: [ParNew: 68984K->7952K(78656K), 0.0405171 secs] 68984K->68371K(253440K), 0.0407039 secs] [Times: user=0.03 sys=0.03, real=0.04 secs] 
2024-07-27T21:38:38.270+0800: 0.149: Total time for which application threads were stopped: 0.0408327 seconds, Stopping threads took: 0.0000198 seconds
2024-07-27T21:38:38.381+0800: 0.260: Application time: 0.1113133 seconds
2024-07-27T21:38:38.381+0800: 0.260: [GC (Allocation Failure) 2024-07-27T21:38:38.381+0800: 0.260: [ParNew: 76922K->8532K(78656K), 0.0325257 secs] 137341K->137183K(253440K), 0.0325960 secs] [Times: user=0.05 sys=0.05, real=0.03 secs] 
2024-07-27T21:38:38.414+0800: 0.293: Total time for which application threads were stopped: 0.0327151 seconds, Stopping threads took: 0.0000222 seconds
2024-07-27T21:38:38.414+0800: 0.293: Application time: 0.0002729 seconds
2024-07-27T21:38:38.414+0800: 0.293: [GC (CMS Initial Mark) [1 CMS-initial-mark: 128651K(174784K)] 140610K(253440K), 0.0006282 secs] [Times: user=0.00 sys=0.00, real=0.00 secs] 
2024-07-27T21:38:38.415+0800: 0.294: Total time for which application threads were stopped: 0.0007567 seconds, Stopping threads took: 0.0000862 seconds
2024-07-27T21:38:38.415+0800: 0.294: [CMS-concurrent-mark-start]
2024-07-27T21:38:38.418+0800: 0.297: [CMS-concurrent-mark: 0.003/0.003 secs] [Times: user=0.00 sys=0.00, real=0.00 secs] 
2024-07-27T21:38:38.418+0800: 0.297: [CMS-concurrent-preclean-start]
2024-07-27T21:38:38.419+0800: 0.298: [CMS-concurrent-preclean: 0.001/0.001 secs] [Times: user=0.00 sys=0.00, real=0.00 secs] 
2024-07-27T21:38:38.419+0800: 0.298: [CMS-concurrent-abortable-preclean-start]
2024-07-27T21:38:38.521+0800: 0.400: Application time: 0.1061613 seconds
2024-07-27T21:38:38.521+0800: 0.400: [GC (Allocation Failure) 2024-07-27T21:38:38.521+0800: 0.400: [ParNew: 77496K->28K(78656K), 0.0009246 secs] 206147K->128681K(253440K), 0.0009846 secs] [Times: user=0.00 sys=0.00, real=0.00 secs] 
2024-07-27T21:38:38.522+0800: 0.401: Total time for which application threads were stopped: 0.0011177 seconds, Stopping threads took: 0.0000362 seconds
2024-07-27T21:38:38.527+0800: 0.406: Application time: 0.0044901 seconds
2024-07-27T21:38:38.527+0800: 0.406: [GC (Allocation Failure) 2024-07-27T21:38:38.527+0800: 0.406: [ParNew: 68996K->8196K(78656K), 0.0293404 secs] 197650K->197266K(268860K), 0.0294000 secs] [Times: user=0.03 sys=0.05, real=0.03 secs] 
2024-07-27T21:38:38.556+0800: 0.435: Total time for which application threads were stopped: 0.0294973 seconds, Stopping threads took: 0.0000148 seconds
2024-07-27T21:38:38.663+0800: 0.543: Application time: 0.1076190 seconds
2024-07-27T21:38:38.664+0800: 0.543: [GC (Allocation Failure) 2024-07-27T21:38:38.664+0800: 0.543: [ParNew: 77168K->8192K(78656K), 0.0236207 secs] 266238K->265872K(337736K), 0.0236805 secs] [Times: user=0.03 sys=0.02, real=0.02 secs] 
2024-07-27T21:38:38.687+0800: 0.567: Total time for which application threads were stopped: 0.0237974 seconds, Stopping threads took: 0.0000203 seconds
2024-07-27T21:38:38.687+0800: 0.567: [CMS-concurrent-abortable-preclean: 0.003/0.269 secs] [Times: user=0.08 sys=0.06, real=0.27 secs] 
2024-07-27T21:38:38.688+0800: 0.567: Application time: 0.0003300 seconds
2024-07-27T21:38:38.688+0800: 0.567: [GC (CMS Final Remark) [YG occupancy: 12652 K (78656 K)]2024-07-27T21:38:38.688+0800: 0.567: [Rescan (parallel) , 0.0008823 secs]2024-07-27T21:38:38.689+0800: 0.568: [weak refs processing, 0.0000212 secs]2024-07-27T21:38:38.689+0800: 0.568: [class unloading, 0.0002047 secs]2024-07-27T21:38:38.689+0800: 0.568: [scrub symbol table, 0.0003403 secs]2024-07-27T21:38:38.689+0800: 0.569: [scrub string table, 0.0001008 secs][1 CMS-remark: 257680K(259080K)] 270332K(337736K), 0.0016640 secs] [Times: user=0.00 sys=0.00, real=0.00 secs] 
2024-07-27T21:38:38.689+0800: 0.569: Total time for which application threads were stopped: 0.0018082 seconds, Stopping threads took: 0.0001075 seconds
2024-07-27T21:38:38.690+0800: 0.569: [CMS-concurrent-sweep-start]
2024-07-27T21:38:38.691+0800: 0.571: [CMS-concurrent-sweep: 0.002/0.002 secs] [Times: user=0.00 sys=0.00, real=0.00 secs] 
2024-07-27T21:38:38.693+0800: 0.572: [CMS-concurrent-reset-start]
2024-07-27T21:38:38.696+0800: 0.576: [CMS-concurrent-reset: 0.004/0.004 secs] [Times: user=0.00 sys=0.00, real=0.00 secs] 
2024-07-27T21:38:38.803+0800: 0.682: Application time: 0.1130116 seconds
2024-07-27T21:38:38.803+0800: 0.682: [GC (Allocation Failure) 2024-07-27T21:38:38.803+0800: 0.682: [ParNew: 77165K->1024K(78656K), 0.0015323 secs] 334844K->258703K(508124K), 0.0015914 secs] [Times: user=0.00 sys=0.00, real=0.00 secs] 
2024-07-27T21:38:38.804+0800: 0.683: Total time for which application threads were stopped: 0.0017066 seconds, Stopping threads took: 0.0000214 seconds
2024-07-27T21:38:38.804+0800: 0.684: Application time: 0.0002446 seconds
2024-07-27T21:38:38.804+0800: 0.684: [GC (CMS Initial Mark) [1 CMS-initial-mark: 257679K(429468K)] 262140K(508124K), 0.0007555 secs] [Times: user=0.00 sys=0.00, real=0.00 secs] 
2024-07-27T21:38:38.805+0800: 0.685: Total time for which application threads were stopped: 0.0008783 seconds, Stopping threads took: 0.0000818 seconds
2024-07-27T21:38:38.805+0800: 0.685: [CMS-concurrent-mark-start]
2024-07-27T21:38:38.809+0800: 0.688: [CMS-concurrent-mark: 0.004/0.004 secs] [Times: user=0.00 sys=0.00, real=0.00 secs] 
2024-07-27T21:38:38.809+0800: 0.688: [CMS-concurrent-preclean-start]
2024-07-27T21:38:38.810+0800: 0.689: [CMS-concurrent-preclean: 0.001/0.001 secs] [Times: user=0.00 sys=0.00, real=0.00 secs] 
2024-07-27T21:38:38.810+0800: 0.689: Application time: 0.0047335 seconds
2024-07-27T21:38:38.810+0800: 0.689: [GC (Allocation Failure) 2024-07-27T21:38:38.810+0800: 0.689: [ParNew: 69998K->8192K(78656K), 0.0359844 secs] 327677K->327312K(508124K), 0.0360376 secs] [Times: user=0.05 sys=0.01, real=0.04 secs] 
2024-07-27T21:38:38.846+0800: 0.725: Total time for which application threads were stopped: 0.0361314 seconds, Stopping threads took: 0.0000128 seconds
2024-07-27T21:38:38.846+0800: 0.726: Application time: 0.0002944 seconds
2024-07-27T21:38:38.846+0800: 0.726: [GC (CMS Final Remark) [YG occupancy: 12654 K (78656 K)]2024-07-27T21:38:38.846+0800: 0.726: [Rescan (parallel) , 0.0011144 secs]2024-07-27T21:38:38.848+0800: 0.727: [weak refs processing, 0.0000125 secs]2024-07-27T21:38:38.848+0800: 0.727: [class unloading, 0.0001903 secs]2024-07-27T21:38:38.848+0800: 0.727: [scrub symbol table, 0.0003388 secs]2024-07-27T21:38:38.848+0800: 0.728: [scrub string table, 0.0001010 secs][1 CMS-remark: 319120K(429468K)] 331774K(508124K), 0.0018247 secs] [Times: user=0.01 sys=0.00, real=0.00 secs] 
2024-07-27T21:38:38.848+0800: 0.728: Total time for which application threads were stopped: 0.0020068 seconds, Stopping threads took: 0.0001460 seconds
2024-07-27T21:38:38.848+0800: 0.728: [CMS-concurrent-sweep-start]
2024-07-27T21:38:38.850+0800: 0.730: [CMS-concurrent-sweep: 0.002/0.002 secs] [Times: user=0.00 sys=0.00, real=0.00 secs] 
2024-07-27T21:38:38.850+0800: 0.730: [CMS-concurrent-reset-start]
2024-07-27T21:38:38.851+0800: 0.731: [CMS-concurrent-reset: 0.001/0.001 secs] [Times: user=0.00 sys=0.00, real=0.00 secs] 
2024-07-27T21:38:38.961+0800: 0.841: Application time: 0.1128837 seconds
2024-07-27T21:38:38.962+0800: 0.841: [GC (Allocation Failure) 2024-07-27T21:38:38.962+0800: 0.841: [ParNew: 77167K->8192K(78656K), 0.0119840 secs] 139259K->138893K(508124K), 0.0121077 secs] [Times: user=0.00 sys=0.00, real=0.01 secs] 
2024-07-27T21:38:38.974+0800: 0.853: Total time for which application threads were stopped: 0.0122238 seconds, Stopping threads took: 0.0000235 seconds
2024-07-27T21:38:39.084+0800: 0.963: Application time: 0.1105615 seconds
2024-07-27T21:38:39.084+0800: 0.964: [GC (Allocation Failure) 2024-07-27T21:38:39.084+0800: 0.964: [ParNew: 77167K->2048K(78656K), 0.0016929 secs] 207869K->132749K(508124K), 0.0017469 secs] [Times: user=0.00 sys=0.00, real=0.00 secs] 
2024-07-27T21:38:39.086+0800: 0.965: Total time for which application threads were stopped: 0.0018744 seconds, Stopping threads took: 0.0000242 seconds
2024-07-27T21:38:39.090+0800: 0.970: Application time: 0.0046204 seconds
2024-07-27T21:38:39.090+0800: 0.970: [GC (Allocation Failure) 2024-07-27T21:38:39.090+0800: 0.970: [ParNew: 71024K->8192K(78656K), 0.0115087 secs] 201725K->201358K(508124K), 0.0115558 secs] [Times: user=0.03 sys=0.00, real=0.01 secs] 
2024-07-27T21:38:39.102+0800: 0.982: Total time for which application threads were stopped: 0.0116532 seconds, Stopping threads took: 0.0000146 seconds
2024-07-27T21:38:39.102+0800: 0.982: Application time: 0.0002608 seconds
2024-07-27T21:38:39.102+0800: 0.982: [GC (CMS Initial Mark) [1 CMS-initial-mark: 193166K(429468K)] 204797K(508124K), 0.0009139 secs] [Times: user=0.00 sys=0.00, real=0.00 secs] 
2024-07-27T21:38:39.103+0800: 0.983: Total time for which application threads were stopped: 0.0011203 seconds, Stopping threads took: 0.0001652 seconds
2024-07-27T21:38:39.103+0800: 0.983: [CMS-concurrent-mark-start]
2024-07-27T21:38:39.106+0800: 0.985: [CMS-concurrent-mark: 0.002/0.002 secs] [Times: user=0.00 sys=0.00, real=0.00 secs] 
2024-07-27T21:38:39.106+0800: 0.985: [CMS-concurrent-preclean-start]
2024-07-27T21:38:39.106+0800: 0.986: [CMS-concurrent-preclean: 0.001/0.001 secs] [Times: user=0.00 sys=0.00, real=0.00 secs] 
2024-07-27T21:38:39.106+0800: 0.986: [CMS-concurrent-abortable-preclean-start]
2024-07-27T21:38:39.212+0800: 1.092: Application time: 0.1091734 seconds
2024-07-27T21:38:39.213+0800: 1.092: [GC (Allocation Failure) 2024-07-27T21:38:39.213+0800: 1.092: [ParNew: 77168K->8192K(78656K), 0.0361406 secs] 270334K->269967K(508124K), 0.0361982 secs] [Times: user=0.05 sys=0.02, real=0.04 secs] 
2024-07-27T21:38:39.249+0800: 1.128: Total time for which application threads were stopped: 0.0363121 seconds, Stopping threads took: 0.0000228 seconds
2024-07-27T21:38:39.368+0800: 1.247: Application time: 0.1181695 seconds
2024-07-27T21:38:39.368+0800: 1.247: [GC (Allocation Failure) 2024-07-27T21:38:39.368+0800: 1.247: [ParNew: 77168K->3072K(78656K), 0.0013597 secs] 338943K->264847K(508124K), 0.0014201 secs] [Times: user=0.00 sys=0.00, real=0.00 secs] 
2024-07-27T21:38:39.369+0800: 1.248: Total time for which application threads were stopped: 0.0015288 seconds, Stopping threads took: 0.0000183 seconds
2024-07-27T21:38:39.369+0800: 1.248: [CMS-concurrent-abortable-preclean: 0.004/0.262 secs] [Times: user=0.05 sys=0.02, real=0.26 secs] 
2024-07-27T21:38:39.369+0800: 1.249: Application time: 0.0003973 seconds
2024-07-27T21:38:39.369+0800: 1.249: [GC (CMS Final Remark) [YG occupancy: 9583 K (78656 K)]2024-07-27T21:38:39.369+0800: 1.249: [Rescan (parallel) , 0.0009893 secs]2024-07-27T21:38:39.370+0800: 1.250: [weak refs processing, 0.0000126 secs]2024-07-27T21:38:39.370+0800: 1.250: [class unloading, 0.0001756 secs]2024-07-27T21:38:39.370+0800: 1.250: [scrub symbol table, 0.0003511 secs]2024-07-27T21:38:39.371+0800: 1.250: [scrub string table, 0.0001111 secs][1 CMS-remark: 261775K(429468K)] 271358K(508124K), 0.0017019 secs] [Times: user=0.00 sys=0.00, real=0.00 secs] 
2024-07-27T21:38:39.371+0800: 1.250: Total time for which application threads were stopped: 0.0018796 seconds, Stopping threads took: 0.0001427 seconds
2024-07-27T21:38:39.371+0800: 1.251: [CMS-concurrent-sweep-start]
2024-07-27T21:38:39.373+0800: 1.252: [CMS-concurrent-sweep: 0.001/0.001 secs] [Times: user=0.00 sys=0.00, real=0.00 secs] 
2024-07-27T21:38:39.373+0800: 1.252: [CMS-concurrent-reset-start]
2024-07-27T21:38:39.374+0800: 1.253: [CMS-concurrent-reset: 0.001/0.001 secs] [Times: user=0.00 sys=0.00, real=0.00 secs] 
2024-07-27T21:38:39.375+0800: 1.255: Application time: 0.0046239 seconds
2024-07-27T21:38:39.376+0800: 1.255: [GC (Allocation Failure) 2024-07-27T21:38:39.376+0800: 1.255: [ParNew: 72048K->8192K(78656K), 0.0281310 secs] 203773K->203406K(508124K), 0.0281793 secs] [Times: user=0.05 sys=0.01, real=0.03 secs] 
2024-07-27T21:38:39.403+0800: 1.283: Total time for which application threads were stopped: 0.0282784 seconds, Stopping threads took: 0.0000136 seconds
2024-07-27T21:38:39.404+0800: 1.284: Application time: 0.0002442 seconds
2024-07-27T21:38:39.404+0800: 1.284: [GC (CMS Initial Mark) [1 CMS-initial-mark: 195214K(429468K)] 206846K(508124K), 0.0007049 secs] [Times: user=0.00 sys=0.00, real=0.00 secs] 
2024-07-27T21:38:39.405+0800: 1.284: Total time for which application threads were stopped: 0.0008187 seconds, Stopping threads took: 0.0000727 seconds
2024-07-27T21:38:39.405+0800: 1.285: [CMS-concurrent-mark-start]
2024-07-27T21:38:39.407+0800: 1.287: [CMS-concurrent-mark: 0.002/0.002 secs] [Times: user=0.00 sys=0.00, real=0.00 secs] 
2024-07-27T21:38:39.407+0800: 1.287: [CMS-concurrent-preclean-start]
2024-07-27T21:38:39.407+0800: 1.287: [CMS-concurrent-preclean: 0.001/0.001 secs] [Times: user=0.00 sys=0.00, real=0.00 secs] 
2024-07-27T21:38:39.407+0800: 1.287: [CMS-concurrent-abortable-preclean-start]
2024-07-27T21:38:39.510+0800: 1.390: Application time: 0.1051841 seconds
2024-07-27T21:38:39.511+0800: 1.390: [GC (Allocation Failure) 2024-07-27T21:38:39.511+0800: 1.390: [ParNew: 77168K->8192K(78656K), 0.0118753 secs] 272383K->272015K(508124K), 0.0119356 secs] [Times: user=0.03 sys=0.00, real=0.01 secs] 
2024-07-27T21:38:39.523+0800: 1.402: Total time for which application threads were stopped: 0.0120710 seconds, Stopping threads took: 0.0000184 seconds
2024-07-27T21:38:39.634+0800: 1.513: Application time: 0.1116281 seconds
2024-07-27T21:38:39.634+0800: 1.513: [GC (Allocation Failure) 2024-07-27T21:38:39.634+0800: 1.513: [ParNew: 77168K->4096K(78656K), 0.0018451 secs] 340992K->267919K(508124K), 0.0019113 secs] [Times: user=0.00 sys=0.00, real=0.00 secs] 
2024-07-27T21:38:39.636+0800: 1.515: Total time for which application threads were stopped: 0.0020472 seconds, Stopping threads took: 0.0000256 seconds
2024-07-27T21:38:39.642+0800: 1.521: Application time: 0.0052249 seconds
2024-07-27T21:38:39.642+0800: 1.521: [GC (Allocation Failure) 2024-07-27T21:38:39.642+0800: 1.521: [ParNew: 73072K->8192K(78656K), 0.0129891 secs] 336896K->336528K(508124K), 0.0130422 secs] [Times: user=0.03 sys=0.00, real=0.01 secs] 
2024-07-27T21:38:39.655+0800: 1.534: Total time for which application threads were stopped: 0.0131597 seconds, Stopping threads took: 0.0000168 seconds
2024-07-27T21:38:39.655+0800: 1.534: [CMS-concurrent-abortable-preclean: 0.004/0.247 secs] [Times: user=0.06 sys=0.00, real=0.25 secs] 
2024-07-27T21:38:39.655+0800: 1.534: Application time: 0.0003835 seconds
2024-07-27T21:38:39.655+0800: 1.534: [GC (CMS Final Remark) [YG occupancy: 13679 K (78656 K)]2024-07-27T21:38:39.655+0800: 1.534: [Rescan (parallel) , 0.0010617 secs]2024-07-27T21:38:39.656+0800: 1.535: [weak refs processing, 0.0000130 secs]2024-07-27T21:38:39.656+0800: 1.535: [class unloading, 0.0002005 secs]2024-07-27T21:38:39.656+0800: 1.536: [scrub symbol table, 0.0003573 secs]2024-07-27T21:38:39.657+0800: 1.536: [scrub string table, 0.0001002 secs][1 CMS-remark: 328336K(429468K)] 342016K(508124K), 0.0017966 secs] [Times: user=0.00 sys=0.00, real=0.00 secs] 
2024-07-27T21:38:39.657+0800: 1.536: Total time for which application threads were stopped: 0.0019767 seconds, Stopping threads took: 0.0001439 seconds
2024-07-27T21:38:39.657+0800: 1.536: [CMS-concurrent-sweep-start]
2024-07-27T21:38:39.659+0800: 1.538: [CMS-concurrent-sweep: 0.001/0.001 secs] [Times: user=0.00 sys=0.00, real=0.00 secs] 
2024-07-27T21:38:39.659+0800: 1.538: [CMS-concurrent-reset-start]
2024-07-27T21:38:39.659+0800: 1.539: [CMS-concurrent-reset: 0.001/0.001 secs] [Times: user=0.00 sys=0.00, real=0.00 secs] 
2024-07-27T21:38:39.761+0800: 1.641: Application time: 0.1044763 seconds
2024-07-27T21:38:39.761+0800: 1.641: [GC (Allocation Failure) 2024-07-27T21:38:39.761+0800: 1.641: [ParNew: 77168K->8192K(78656K), 0.0117230 secs] 274431K->274063K(508124K), 0.0117873 secs] [Times: user=0.03 sys=0.00, real=0.01 secs] 
2024-07-27T21:38:39.773+0800: 1.653: Total time for which application threads were stopped: 0.0118974 seconds, Stopping threads took: 0.0000191 seconds
2024-07-27T21:38:39.774+0800: 1.653: Application time: 0.0002467 seconds
2024-07-27T21:38:39.774+0800: 1.653: [GC (CMS Initial Mark) [1 CMS-initial-mark: 265871K(429468K)] 277503K(508124K), 0.0007494 secs] [Times: user=0.00 sys=0.00, real=0.00 secs] 
2024-07-27T21:38:39.775+0800: 1.654: Total time for which application threads were stopped: 0.0008939 seconds, Stopping threads took: 0.0000945 seconds
2024-07-27T21:38:39.775+0800: 1.654: [CMS-concurrent-mark-start]
2024-07-27T21:38:39.778+0800: 1.658: [CMS-concurrent-mark: 0.004/0.004 secs] [Times: user=0.00 sys=0.00, real=0.00 secs] 
2024-07-27T21:38:39.778+0800: 1.658: [CMS-concurrent-preclean-start]
2024-07-27T21:38:39.779+0800: 1.659: [CMS-concurrent-preclean: 0.001/0.001 secs] [Times: user=0.00 sys=0.00, real=0.00 secs] 
2024-07-27T21:38:39.779+0800: 1.659: [CMS-concurrent-abortable-preclean-start]
2024-07-27T21:38:39.883+0800: 1.762: Application time: 0.1083482 seconds
2024-07-27T21:38:39.883+0800: 1.762: [GC (Allocation Failure) 2024-07-27T21:38:39.883+0800: 1.762: [ParNew: 77168K->5120K(78656K), 0.0017243 secs] 343040K->270991K(508124K), 0.0017774 secs] [Times: user=0.00 sys=0.00, real=0.00 secs] 
2024-07-27T21:38:39.884+0800: 1.764: Total time for which application threads were stopped: 0.0018869 seconds, Stopping threads took: 0.0000206 seconds
2024-07-27T21:38:39.889+0800: 1.768: Application time: 0.0043133 seconds
2024-07-27T21:38:39.889+0800: 1.768: [GC (Allocation Failure) 2024-07-27T21:38:39.889+0800: 1.768: [ParNew: 74096K->8192K(78656K), 0.0112862 secs] 339968K->339600K(508124K), 0.0113354 secs] [Times: user=0.03 sys=0.00, real=0.01 secs] 
2024-07-27T21:38:39.901+0800: 1.780: Total time for which application threads were stopped: 0.0114447 seconds, Stopping threads took: 0.0000214 seconds
2024-07-27T21:38:40.013+0800: 1.892: Application time: 0.1120322 seconds
2024-07-27T21:38:40.013+0800: 1.892: [GC (Allocation Failure) 2024-07-27T21:38:40.013+0800: 1.892: [ParNew: 77168K->8192K(78656K), 0.0119329 secs] 408577K->408209K(508124K), 0.0119928 secs] [Times: user=0.03 sys=0.00, real=0.01 secs] 
2024-07-27T21:38:40.025+0800: 1.904: Total time for which application threads were stopped: 0.0121062 seconds, Stopping threads took: 0.0000200 seconds
2024-07-27T21:38:40.025+0800: 1.904: [CMS-concurrent-abortable-preclean: 0.005/0.245 secs] [Times: user=0.06 sys=0.00, real=0.25 secs] 
2024-07-27T21:38:40.025+0800: 1.904: Application time: 0.0002892 seconds
2024-07-27T21:38:40.025+0800: 1.904: [GC (CMS Final Remark) [YG occupancy: 12655 K (78656 K)]2024-07-27T21:38:40.025+0800: 1.904: [Rescan (parallel) , 0.0004553 secs]2024-07-27T21:38:40.026+0800: 1.905: [weak refs processing, 0.0000252 secs]2024-07-27T21:38:40.026+0800: 1.905: [class unloading, 0.0001745 secs]2024-07-27T21:38:40.026+0800: 1.905: [scrub symbol table, 0.0003353 secs]2024-07-27T21:38:40.026+0800: 1.905: [scrub string table, 0.0001025 secs][1 CMS-remark: 400017K(429468K)] 412673K(508124K), 0.0011732 secs] [Times: user=0.00 sys=0.00, real=0.00 secs] 
2024-07-27T21:38:40.026+0800: 1.905: Total time for which application threads were stopped: 0.0013723 seconds, Stopping threads took: 0.0001610 seconds
2024-07-27T21:38:40.027+0800: 1.906: [CMS-concurrent-sweep-start]
2024-07-27T21:38:40.028+0800: 1.907: [CMS-concurrent-sweep: 0.001/0.001 secs] [Times: user=0.00 sys=0.00, real=0.00 secs] 
2024-07-27T21:38:40.028+0800: 1.907: [CMS-concurrent-reset-start]
2024-07-27T21:38:40.029+0800: 1.908: [CMS-concurrent-reset: 0.001/0.001 secs] [Times: user=0.00 sys=0.00, real=0.00 secs] 
2024-07-27T21:38:40.138+0800: 2.017: Application time: 0.1112510 seconds
2024-07-27T21:38:40.138+0800: 2.017: [GC (Allocation Failure) 2024-07-27T21:38:40.138+0800: 2.017: [ParNew: 77168K->6144K(78656K), 0.0020947 secs] 345088K->274063K(525192K), 0.0021450 secs] [Times: user=0.00 sys=0.00, real=0.00 secs] 
2024-07-27T21:38:40.140+0800: 2.019: Total time for which application threads were stopped: 0.0022523 seconds, Stopping threads took: 0.0000206 seconds
2024-07-27T21:38:40.144+0800: 2.023: Application time: 0.0043431 seconds
2024-07-27T21:38:40.144+0800: 2.023: [GC (Allocation Failure) 2024-07-27T21:38:40.144+0800: 2.023: [ParNew: 75120K->8192K(78656K), 0.0176397 secs] 343040K->342672K(525192K), 0.0176876 secs] [Times: user=0.06 sys=0.00, real=0.02 secs] 
2024-07-27T21:38:40.162+0800: 2.041: Total time for which application threads were stopped: 0.0177835 seconds, Stopping threads took: 0.0000144 seconds
2024-07-27T21:38:40.162+0800: 2.041: Application time: 0.0002392 seconds
2024-07-27T21:38:40.162+0800: 2.042: [GC (CMS Initial Mark) [1 CMS-initial-mark: 334480K(446536K)] 346112K(525192K), 0.0008285 secs] [Times: user=0.00 sys=0.00, real=0.00 secs] 
2024-07-27T21:38:40.163+0800: 2.042: Total time for which application threads were stopped: 0.0010324 seconds, Stopping threads took: 0.0001613 seconds
2024-07-27T21:38:40.163+0800: 2.042: [CMS-concurrent-mark-start]
2024-07-27T21:38:40.166+0800: 2.045: [CMS-concurrent-mark: 0.002/0.002 secs] [Times: user=0.00 sys=0.00, real=0.00 secs] 
2024-07-27T21:38:40.166+0800: 2.045: [CMS-concurrent-preclean-start]
2024-07-27T21:38:40.166+0800: 2.045: [CMS-concurrent-preclean: 0.001/0.001 secs] [Times: user=0.00 sys=0.00, real=0.00 secs] 
2024-07-27T21:38:40.166+0800: 2.045: [CMS-concurrent-abortable-preclean-start]
2024-07-27T21:38:40.282+0800: 2.161: Application time: 0.1189578 seconds
2024-07-27T21:38:40.282+0800: 2.161: [GC (Allocation Failure) 2024-07-27T21:38:40.282+0800: 2.161: [ParNew: 77168K->8192K(78656K), 0.0117557 secs] 411649K->411281K(525192K), 0.0118154 secs] [Times: user=0.03 sys=0.00, real=0.01 secs] 
2024-07-27T21:38:40.294+0800: 2.173: Total time for which application threads were stopped: 0.0119261 seconds, Stopping threads took: 0.0000200 seconds
2024-07-27T21:38:40.406+0800: 2.285: Application time: 0.1116034 seconds
2024-07-27T21:38:40.406+0800: 2.285: [GC (Allocation Failure) 2024-07-27T21:38:40.406+0800: 2.285: [ParNew: 77168K->7168K(78656K), 0.0019800 secs] 480258K->410257K(525192K), 0.0020327 secs] [Times: user=0.00 sys=0.00, real=0.00 secs] 
2024-07-27T21:38:40.407+0800: 2.287: Total time for which application threads were stopped: 0.0021394 seconds, Stopping threads took: 0.0000203 seconds
2024-07-27T21:38:40.407+0800: 2.287: [CMS-concurrent-abortable-preclean: 0.005/0.242 secs] [Times: user=0.03 sys=0.00, real=0.24 secs] 
2024-07-27T21:38:40.408+0800: 2.287: Application time: 0.0003809 seconds
2024-07-27T21:38:40.408+0800: 2.288: [GC (CMS Final Remark) [YG occupancy: 13679 K (78656 K)]2024-07-27T21:38:40.408+0800: 2.288: [Rescan (parallel) , 0.0008337 secs]2024-07-27T21:38:40.409+0800: 2.288: [weak refs processing, 0.0000128 secs]2024-07-27T21:38:40.409+0800: 2.288: [class unloading, 0.0001864 secs]2024-07-27T21:38:40.409+0800: 2.289: [scrub symbol table, 0.0003428 secs]2024-07-27T21:38:40.409+0800: 2.289: [scrub string table, 0.0001077 secs][1 CMS-remark: 403089K(446536K)] 416769K(525192K), 0.0015463 secs] [Times: user=0.00 sys=0.00, real=0.00 secs] 
2024-07-27T21:38:40.409+0800: 2.289: Total time for which application threads were stopped: 0.0017384 seconds, Stopping threads took: 0.0001579 seconds
2024-07-27T21:38:40.410+0800: 2.289: [CMS-concurrent-sweep-start]
2024-07-27T21:38:40.411+0800: 2.291: [CMS-concurrent-sweep: 0.001/0.001 secs] [Times: user=0.03 sys=0.00, real=0.00 secs] 
2024-07-27T21:38:40.411+0800: 2.291: [CMS-concurrent-reset-start]
2024-07-27T21:38:40.413+0800: 2.292: [CMS-concurrent-reset: 0.001/0.001 secs] [Times: user=0.00 sys=0.00, real=0.00 secs] 
2024-07-27T21:38:40.414+0800: 2.294: Application time: 0.0047708 seconds
2024-07-27T21:38:40.414+0800: 2.294: [GC (Allocation Failure) 2024-07-27T21:38:40.414+0800: 2.294: [ParNew: 76144K->8192K(78656K), 0.0117652 secs] 211966K->211598K(525192K), 0.0118301 secs] [Times: user=0.02 sys=0.00, real=0.01 secs] 
2024-07-27T21:38:40.426+0800: 2.306: Total time for which application threads were stopped: 0.0119246 seconds, Stopping threads took: 0.0000125 seconds
2024-07-27T21:38:40.426+0800: 2.306: Application time: 0.0002308 seconds
2024-07-27T21:38:40.426+0800: 2.306: [GC (CMS Initial Mark) [1 CMS-initial-mark: 203406K(446536K)] 215038K(525192K), 0.0007245 secs] [Times: user=0.00 sys=0.00, real=0.00 secs] 
2024-07-27T21:38:40.427+0800: 2.307: Total time for which application threads were stopped: 0.0009312 seconds, Stopping threads took: 0.0001648 seconds
2024-07-27T21:38:40.427+0800: 2.307: [CMS-concurrent-mark-start]
2024-07-27T21:38:40.429+0800: 2.309: [CMS-concurrent-mark: 0.002/0.002 secs] [Times: user=0.00 sys=0.00, real=0.00 secs] 
2024-07-27T21:38:40.429+0800: 2.309: [CMS-concurrent-preclean-start]
2024-07-27T21:38:40.430+0800: 2.310: [CMS-concurrent-preclean: 0.001/0.001 secs] [Times: user=0.00 sys=0.00, real=0.00 secs] 
2024-07-27T21:38:40.430+0800: 2.310: [CMS-concurrent-abortable-preclean-start]
2024-07-27T21:38:40.533+0800: 2.412: Application time: 0.1052379 seconds
2024-07-27T21:38:40.533+0800: 2.412: [GC (Allocation Failure) 2024-07-27T21:38:40.533+0800: 2.412: [ParNew: 77168K->8192K(78656K), 0.0117294 secs] 280575K->280207K(525192K), 0.0117888 secs] [Times: user=0.03 sys=0.00, real=0.01 secs] 
2024-07-27T21:38:40.545+0800: 2.424: Total time for which application threads were stopped: 0.0118996 seconds, Stopping threads took: 0.0000192 seconds
2024-07-27T21:38:40.657+0800: 2.536: Application time: 0.1121274 seconds
2024-07-27T21:38:40.657+0800: 2.536: [GC (Allocation Failure) 2024-07-27T21:38:40.657+0800: 2.536: [ParNew: 77168K->8192K(78656K), 0.0025537 secs] 349184K->280207K(525192K), 0.0026243 secs] [Times: user=0.00 sys=0.00, real=0.00 secs] 
2024-07-27T21:38:40.659+0800: 2.539: Total time for which application threads were stopped: 0.0027392 seconds, Stopping threads took: 0.0000205 seconds
2024-07-27T21:38:40.659+0800: 2.539: [CMS-concurrent-abortable-preclean: 0.004/0.229 secs] [Times: user=0.03 sys=0.00, real=0.23 secs] 
2024-07-27T21:38:40.659+0800: 2.539: Application time: 0.0003262 seconds
2024-07-27T21:38:40.661+0800: 2.540: [GC (CMS Final Remark) [YG occupancy: 12655 K (78656 K)]2024-07-27T21:38:40.661+0800: 2.540: [Rescan (parallel) , 0.0006082 secs]2024-07-27T21:38:40.661+0800: 2.540: [weak refs processing, 0.0000127 secs]2024-07-27T21:38:40.661+0800: 2.540: [class unloading, 0.0001947 secs]2024-07-27T21:38:40.661+0800: 2.540: [scrub symbol table, 0.0003400 secs]2024-07-27T21:38:40.661+0800: 2.541: [scrub string table, 0.0001002 secs][1 CMS-remark: 272015K(446536K)] 284671K(525192K), 0.0013182 secs] [Times: user=0.00 sys=0.00, real=0.00 secs] 
2024-07-27T21:38:40.661+0800: 2.541: Total time for which application threads were stopped: 0.0014836 seconds, Stopping threads took: 0.0001300 seconds
2024-07-27T21:38:40.661+0800: 2.541: [CMS-concurrent-sweep-start]
2024-07-27T21:38:40.664+0800: 2.543: [CMS-concurrent-sweep: 0.001/0.001 secs] [Times: user=0.00 sys=0.00, real=0.00 secs] 
2024-07-27T21:38:40.664+0800: 2.543: [CMS-concurrent-reset-start]
2024-07-27T21:38:40.665+0800: 2.544: [CMS-concurrent-reset: 0.001/0.001 secs] [Times: user=0.00 sys=0.00, real=0.00 secs] 
2024-07-27T21:38:40.667+0800: 2.546: Application time: 0.0047260 seconds
2024-07-27T21:38:40.667+0800: 2.546: [GC (Allocation Failure) 2024-07-27T21:38:40.667+0800: 2.546: [ParNew: 77168K->8192K(78656K), 0.0116614 secs] 214014K->213646K(525192K), 0.0117093 secs] [Times: user=0.03 sys=0.00, real=0.01 secs] 
2024-07-27T21:38:40.678+0800: 2.557: Total time for which application threads were stopped: 0.0118075 seconds, Stopping threads took: 0.0000129 seconds
2024-07-27T21:38:40.678+0800: 2.558: Application time: 0.0001315 seconds
2024-07-27T21:38:40.678+0800: 2.558: [GC (CMS Initial Mark) [1 CMS-initial-mark: 205454K(446536K)] 217086K(525192K), 0.0007969 secs] [Times: user=0.00 sys=0.00, real=0.00 secs] 
2024-07-27T21:38:40.679+0800: 2.558: Total time for which application threads were stopped: 0.0009750 seconds, Stopping threads took: 0.0001327 seconds
2024-07-27T21:38:40.679+0800: 2.559: [CMS-concurrent-mark-start]
2024-07-27T21:38:40.681+0800: 2.560: [CMS-concurrent-mark: 0.002/0.002 secs] [Times: user=0.00 sys=0.00, real=0.00 secs] 
2024-07-27T21:38:40.681+0800: 2.560: [CMS-concurrent-preclean-start]
2024-07-27T21:38:40.681+0800: 2.561: [CMS-concurrent-preclean: 0.001/0.001 secs] [Times: user=0.00 sys=0.00, real=0.00 secs] 
2024-07-27T21:38:40.681+0800: 2.561: [CMS-concurrent-abortable-preclean-start]
2024-07-27T21:38:40.785+0800: 2.664: Application time: 0.1051573 seconds
2024-07-27T21:38:40.785+0800: 2.664: [GC (Allocation Failure) 2024-07-27T21:38:40.785+0800: 2.664: [ParNew: 77168K->8192K(78656K), 0.0118635 secs] 282623K->282255K(525192K), 0.0119240 secs] [Times: user=0.03 sys=0.00, real=0.01 secs] 
2024-07-27T21:38:40.797+0800: 2.676: Total time for which application threads were stopped: 0.0120407 seconds, Stopping threads took: 0.0000197 seconds
2024-07-27T21:38:40.909+0800: 2.788: Application time: 0.1120062 seconds
2024-07-27T21:38:40.909+0800: 2.788: [GC (Allocation Failure) 2024-07-27T21:38:40.909+0800: 2.788: [ParNew: 77168K->8192K(78656K), 0.0023846 secs] 351232K->283279K(525192K), 0.0024401 secs] [Times: user=0.00 sys=0.00, real=0.00 secs] 
2024-07-27T21:38:40.911+0800: 2.790: Total time for which application threads were stopped: 0.0025516 seconds, Stopping threads took: 0.0000197 seconds
2024-07-27T21:38:40.911+0800: 2.790: [CMS-concurrent-abortable-preclean: 0.003/0.229 secs] [Times: user=0.03 sys=0.02, real=0.23 secs] 
2024-07-27T21:38:40.911+0800: 2.791: Application time: 0.0002952 seconds
2024-07-27T21:38:40.911+0800: 2.791: [GC (CMS Final Remark) [YG occupancy: 12655 K (78656 K)]2024-07-27T21:38:40.911+0800: 2.791: [Rescan (parallel) , 0.0007789 secs]2024-07-27T21:38:40.912+0800: 2.792: [weak refs processing, 0.0000128 secs]2024-07-27T21:38:40.912+0800: 2.792: [class unloading, 0.0001731 secs]2024-07-27T21:38:40.912+0800: 2.792: [scrub symbol table, 0.0003457 secs]2024-07-27T21:38:40.912+0800: 2.792: [scrub string table, 0.0001097 secs][1 CMS-remark: 275087K(446536K)] 287743K(525192K), 0.0014884 secs] [Times: user=0.00 sys=0.00, real=0.00 secs] 
2024-07-27T21:38:40.912+0800: 2.792: Total time for which application threads were stopped: 0.0016614 seconds, Stopping threads took: 0.0001380 seconds
2024-07-27T21:38:40.913+0800: 2.792: [CMS-concurrent-sweep-start]
2024-07-27T21:38:40.914+0800: 2.794: [CMS-concurrent-sweep: 0.001/0.001 secs] [Times: user=0.00 sys=0.00, real=0.00 secs] 
2024-07-27T21:38:40.914+0800: 2.794: [CMS-concurrent-reset-start]
2024-07-27T21:38:40.915+0800: 2.795: [CMS-concurrent-reset: 0.001/0.001 secs] [Times: user=0.00 sys=0.00, real=0.00 secs] 
2024-07-27T21:38:40.917+0800: 2.797: Application time: 0.0047102 seconds
2024-07-27T21:38:40.917+0800: 2.797: [GC (Allocation Failure) 2024-07-27T21:38:40.917+0800: 2.797: [ParNew: 77168K->8192K(78656K), 0.0121765 secs] 216062K->215694K(525192K), 0.0122259 secs] [Times: user=0.03 sys=0.00, real=0.01 secs] 
2024-07-27T21:38:40.930+0800: 2.809: Total time for which application threads were stopped: 0.0123249 seconds, Stopping threads took: 0.0000130 seconds
2024-07-27T21:38:40.930+0800: 2.810: Application time: 0.0002629 seconds
2024-07-27T21:38:40.930+0800: 2.810: [GC (CMS Initial Mark) [1 CMS-initial-mark: 207502K(446536K)] 219134K(525192K), 0.0008366 secs] [Times: user=0.00 sys=0.00, real=0.00 secs] 
2024-07-27T21:38:40.931+0800: 2.811: Total time for which application threads were stopped: 0.0010287 seconds, Stopping threads took: 0.0001500 seconds
2024-07-27T21:38:40.931+0800: 2.811: [CMS-concurrent-mark-start]
2024-07-27T21:38:40.933+0800: 2.812: [CMS-concurrent-mark: 0.002/0.002 secs] [Times: user=0.00 sys=0.00, real=0.00 secs] 
2024-07-27T21:38:40.933+0800: 2.813: [CMS-concurrent-preclean-start]
2024-07-27T21:38:40.933+0800: 2.813: [CMS-concurrent-preclean: 0.001/0.001 secs] [Times: user=0.00 sys=0.00, real=0.00 secs] 
2024-07-27T21:38:40.933+0800: 2.813: [CMS-concurrent-abortable-preclean-start]
2024-07-27T21:38:41.036+0800: 2.915: Application time: 0.1049361 seconds
2024-07-27T21:38:41.036+0800: 2.916: [GC (Allocation Failure) 2024-07-27T21:38:41.036+0800: 2.916: [ParNew: 77168K->8192K(78656K), 0.0120922 secs] 284671K->284303K(525192K), 0.0121522 secs] [Times: user=0.00 sys=0.00, real=0.01 secs] 
2024-07-27T21:38:41.048+0800: 2.928: Total time for which application threads were stopped: 0.0122625 seconds, Stopping threads took: 0.0000187 seconds
2024-07-27T21:38:41.160+0800: 3.040: Application time: 0.1119390 seconds
2024-07-27T21:38:41.160+0800: 3.040: [GC (Allocation Failure) 2024-07-27T21:38:41.160+0800: 3.040: [ParNew: 77168K->8192K(78656K), 0.0024583 secs] 353280K->286351K(525192K), 0.0025113 secs] [Times: user=0.08 sys=0.00, real=0.00 secs] 
2024-07-27T21:38:41.163+0800: 3.042: Total time for which application threads were stopped: 0.0026321 seconds, Stopping threads took: 0.0000188 seconds
2024-07-27T21:38:41.163+0800: 3.042: [CMS-concurrent-abortable-preclean: 0.003/0.229 secs] [Times: user=0.11 sys=0.00, real=0.23 secs] 
2024-07-27T21:38:41.163+0800: 3.043: Application time: 0.0002957 seconds
2024-07-27T21:38:41.163+0800: 3.043: [GC (CMS Final Remark) [YG occupancy: 12655 K (78656 K)]2024-07-27T21:38:41.163+0800: 3.043: [Rescan (parallel) , 0.0010314 secs]2024-07-27T21:38:41.165+0800: 3.044: [weak refs processing, 0.0000129 secs]2024-07-27T21:38:41.165+0800: 3.044: [class unloading, 0.0001814 secs]2024-07-27T21:38:41.165+0800: 3.044: [scrub symbol table, 0.0003495 secs]2024-07-27T21:38:41.165+0800: 3.044: [scrub string table, 0.0000983 secs][1 CMS-remark: 278159K(446536K)] 290815K(525192K), 0.0017376 secs] [Times: user=0.00 sys=0.00, real=0.00 secs] 
2024-07-27T21:38:41.165+0800: 3.045: Total time for which application threads were stopped: 0.0019185 seconds, Stopping threads took: 0.0001447 seconds
2024-07-27T21:38:41.165+0800: 3.045: [CMS-concurrent-sweep-start]
2024-07-27T21:38:41.166+0800: 3.046: [CMS-concurrent-sweep: 0.001/0.001 secs] [Times: user=0.00 sys=0.00, real=0.00 secs] 
2024-07-27T21:38:41.167+0800: 3.046: [CMS-concurrent-reset-start]
2024-07-27T21:38:41.168+0800: 3.047: [CMS-concurrent-reset: 0.001/0.001 secs] [Times: user=0.00 sys=0.00, real=0.00 secs] 
2024-07-27T21:38:41.170+0800: 3.049: Application time: 0.0047202 seconds
2024-07-27T21:38:41.170+0800: 3.049: [GC (Allocation Failure) 2024-07-27T21:38:41.170+0800: 3.049: [ParNew: 77168K->8192K(78656K), 0.0120127 secs] 218110K->217742K(525192K), 0.0120606 secs] [Times: user=0.03 sys=0.00, real=0.01 secs] 
2024-07-27T21:38:41.182+0800: 3.061: Total time for which application threads were stopped: 0.0121560 seconds, Stopping threads took: 0.0000135 seconds
2024-07-27T21:38:41.182+0800: 3.062: Application time: 0.0002423 seconds
2024-07-27T21:38:41.182+0800: 3.062: [GC (CMS Initial Mark) [1 CMS-initial-mark: 209550K(446536K)] 221182K(525192K), 0.0008357 secs] [Times: user=0.00 sys=0.00, real=0.00 secs] 
2024-07-27T21:38:41.183+0800: 3.063: Total time for which application threads were stopped: 0.0010392 seconds, Stopping threads took: 0.0001610 seconds
2024-07-27T21:38:41.183+0800: 3.063: [CMS-concurrent-mark-start]
2024-07-27T21:38:41.185+0800: 3.065: [CMS-concurrent-mark: 0.002/0.002 secs] [Times: user=0.00 sys=0.00, real=0.00 secs] 
2024-07-27T21:38:41.185+0800: 3.065: [CMS-concurrent-preclean-start]
2024-07-27T21:38:41.186+0800: 3.065: [CMS-concurrent-preclean: 0.001/0.001 secs] [Times: user=0.00 sys=0.00, real=0.00 secs] 
2024-07-27T21:38:41.186+0800: 3.065: [CMS-concurrent-abortable-preclean-start]
2024-07-27T21:38:41.288+0800: 3.168: Application time: 0.1052288 seconds
2024-07-27T21:38:41.288+0800: 3.168: [GC (Allocation Failure) 2024-07-27T21:38:41.288+0800: 3.168: [ParNew2024-07-27T21:38:41.301+0800: 3.180: [CMS-concurrent-abortable-preclean: 0.001/0.115 secs] [Times: user=0.00 sys=0.00, real=0.12 secs] 
: 77168K->8192K(78656K), 0.0123537 secs] 286719K->286351K(525192K), 0.0124062 secs] [Times: user=0.00 sys=0.00, real=0.01 secs] 
2024-07-27T21:38:41.301+0800: 3.180: Total time for which application threads were stopped: 0.0125361 seconds, Stopping threads took: 0.0000441 seconds
2024-07-27T21:38:41.301+0800: 3.181: Application time: 0.0002990 seconds
2024-07-27T21:38:41.301+0800: 3.181: [GC (CMS Final Remark) [YG occupancy: 12655 K (78656 K)]2024-07-27T21:38:41.301+0800: 3.181: [Rescan (parallel) , 0.0008013 secs]2024-07-27T21:38:41.302+0800: 3.182: [weak refs processing, 0.0000150 secs]2024-07-27T21:38:41.302+0800: 3.182: [class unloading, 0.0001731 secs]2024-07-27T21:38:41.302+0800: 3.182: [scrub symbol table, 0.0003436 secs]2024-07-27T21:38:41.303+0800: 3.182: [scrub string table, 0.0001015 secs][1 CMS-remark: 278159K(446536K)] 290815K(525192K), 0.0014985 secs] [Times: user=0.00 sys=0.00, real=0.00 secs] 
2024-07-27T21:38:41.303+0800: 3.182: Total time for which application threads were stopped: 0.0016937 seconds, Stopping threads took: 0.0001586 seconds
2024-07-27T21:38:41.303+0800: 3.183: [CMS-concurrent-sweep-start]
2024-07-27T21:38:41.304+0800: 3.184: [CMS-concurrent-sweep: 0.001/0.001 secs] [Times: user=0.00 sys=0.00, real=0.00 secs] 
2024-07-27T21:38:41.304+0800: 3.184: [CMS-concurrent-reset-start]
2024-07-27T21:38:41.306+0800: 3.185: [CMS-concurrent-reset: 0.001/0.001 secs] [Times: user=0.00 sys=0.00, real=0.00 secs] 
2024-07-27T21:38:41.412+0800: 3.291: Application time: 0.1086915 seconds
2024-07-27T21:38:41.412+0800: 3.291: [GC (Allocation Failure) 2024-07-27T21:38:41.412+0800: 3.291: [ParNew: 77168K->8192K(78656K), 0.0028661 secs] 217086K->151181K(525192K), 0.0029200 secs] [Times: user=0.00 sys=0.00, real=0.00 secs] 
2024-07-27T21:38:41.415+0800: 3.294: Total time for which application threads were stopped: 0.0030347 seconds, Stopping threads took: 0.0000243 seconds
2024-07-27T21:38:41.419+0800: 3.299: Application time: 0.0042883 seconds
2024-07-27T21:38:41.419+0800: 3.299: [GC (Allocation Failure) 2024-07-27T21:38:41.419+0800: 3.299: [ParNew: 77168K->8192K(78656K), 0.0122790 secs] 220158K->219790K(525192K), 0.0123272 secs] [Times: user=0.03 sys=0.00, real=0.01 secs] 
2024-07-27T21:38:41.432+0800: 3.311: Total time for which application threads were stopped: 0.0124259 seconds, Stopping threads took: 0.0000151 seconds
2024-07-27T21:38:41.432+0800: 3.311: Application time: 0.0002429 seconds
2024-07-27T21:38:41.432+0800: 3.311: [GC (CMS Initial Mark) [1 CMS-initial-mark: 211598K(446536K)] 223230K(525192K), 0.0007042 secs] [Times: user=0.00 sys=0.00, real=0.00 secs] 
2024-07-27T21:38:41.433+0800: 3.312: Total time for which application threads were stopped: 0.0009075 seconds, Stopping threads took: 0.0001557 seconds
2024-07-27T21:38:41.433+0800: 3.312: [CMS-concurrent-mark-start]
2024-07-27T21:38:41.435+0800: 3.314: [CMS-concurrent-mark: 0.002/0.002 secs] [Times: user=0.00 sys=0.00, real=0.00 secs] 
2024-07-27T21:38:41.435+0800: 3.314: [CMS-concurrent-preclean-start]
2024-07-27T21:38:41.435+0800: 3.315: [CMS-concurrent-preclean: 0.001/0.001 secs] [Times: user=0.00 sys=0.00, real=0.00 secs] 
2024-07-27T21:38:41.435+0800: 3.315: [CMS-concurrent-abortable-preclean-start]
2024-07-27T21:38:41.540+0800: 3.419: Application time: 0.1066326 seconds
2024-07-27T21:38:41.540+0800: 3.419: [GC (Allocation Failure) 2024-07-27T21:38:41.540+0800: 3.419: [ParNew: 77168K->8192K(78656K), 0.0118379 secs] 288767K->288399K(525192K), 0.0119029 secs] [Times: user=0.00 sys=0.00, real=0.01 secs] 
2024-07-27T21:38:41.551+0800: 3.431: Total time for which application threads were stopped: 0.0120124 seconds, Stopping threads took: 0.0000196 seconds
2024-07-27T21:38:41.661+0800: 3.541: Application time: 0.1102423 seconds
2024-07-27T21:38:41.661+0800: 3.541: [GC (Allocation Failure) 2024-07-27T21:38:41.661+0800: 3.541: [ParNew: 77168K->8192K(78656K), 0.0028416 secs] 357376K->292495K(525192K), 0.0029139 secs] [Times: user=0.00 sys=0.00, real=0.00 secs] 
2024-07-27T21:38:41.664+0800: 3.544: Total time for which application threads were stopped: 0.0030231 seconds, Stopping threads took: 0.0000202 seconds
2024-07-27T21:38:41.664+0800: 3.544: [CMS-concurrent-abortable-preclean: 0.005/0.229 secs] [Times: user=0.05 sys=0.00, real=0.23 secs] 
2024-07-27T21:38:41.665+0800: 3.544: Application time: 0.0002589 seconds
2024-07-27T21:38:41.665+0800: 3.544: [GC (CMS Final Remark) [YG occupancy: 11631 K (78656 K)]2024-07-27T21:38:41.665+0800: 3.544: [Rescan (parallel) , 0.0009173 secs]2024-07-27T21:38:41.666+0800: 3.545: [weak refs processing, 0.0000130 secs]2024-07-27T21:38:41.666+0800: 3.545: [class unloading, 0.0001727 secs]2024-07-27T21:38:41.666+0800: 3.546: [scrub symbol table, 0.0003398 secs]2024-07-27T21:38:41.666+0800: 3.546: [scrub string table, 0.0001110 secs][1 CMS-remark: 284303K(446536K)] 295935K(525192K), 0.0016169 secs] [Times: user=0.00 sys=0.00, real=0.00 secs] 
2024-07-27T21:38:41.666+0800: 3.546: Total time for which application threads were stopped: 0.0017921 seconds, Stopping threads took: 0.0001398 seconds
2024-07-27T21:38:41.667+0800: 3.546: [CMS-concurrent-sweep-start]
2024-07-27T21:38:41.668+0800: 3.547: [CMS-concurrent-sweep: 0.001/0.001 secs] [Times: user=0.00 sys=0.00, real=0.00 secs] 
2024-07-27T21:38:41.668+0800: 3.547: [CMS-concurrent-reset-start]
2024-07-27T21:38:41.669+0800: 3.549: [CMS-concurrent-reset: 0.001/0.001 secs] [Times: user=0.00 sys=0.00, real=0.00 secs] 
2024-07-27T21:38:41.671+0800: 3.551: Application time: 0.0049384 seconds
2024-07-27T21:38:41.671+0800: 3.551: [GC (Allocation Failure) 2024-07-27T21:38:41.671+0800: 3.551: [ParNew: 77168K->8192K(78656K), 0.0119430 secs] 222206K->221838K(525192K), 0.0120035 secs] [Times: user=0.03 sys=0.00, real=0.01 secs] 
2024-07-27T21:38:41.684+0800: 3.563: Total time for which application threads were stopped: 0.0121043 seconds, Stopping threads took: 0.0000135 seconds
2024-07-27T21:38:41.684+0800: 3.563: Application time: 0.0002483 seconds
2024-07-27T21:38:41.684+0800: 3.564: [GC (CMS Initial Mark) [1 CMS-initial-mark: 213646K(446536K)] 225278K(525192K), 0.0007956 secs] [Times: user=0.00 sys=0.00, real=0.00 secs] 
2024-07-27T21:38:41.685+0800: 3.564: Total time for which application threads were stopped: 0.0010171 seconds, Stopping threads took: 0.0001789 seconds
2024-07-27T21:38:41.685+0800: 3.564: [CMS-concurrent-mark-start]
2024-07-27T21:38:41.687+0800: 3.566: [CMS-concurrent-mark: 0.002/0.002 secs] [Times: user=0.00 sys=0.00, real=0.00 secs] 
2024-07-27T21:38:41.687+0800: 3.566: [CMS-concurrent-preclean-start]
2024-07-27T21:38:41.688+0800: 3.567: [CMS-concurrent-preclean: 0.001/0.001 secs] [Times: user=0.00 sys=0.00, real=0.00 secs] 
2024-07-27T21:38:41.688+0800: 3.567: [CMS-concurrent-abortable-preclean-start]
2024-07-27T21:38:41.805+0800: 3.684: Application time: 0.1198451 seconds
2024-07-27T21:38:41.805+0800: 3.684: [GC (Allocation Failure) 2024-07-27T21:38:41.805+0800: 3.684: [ParNew: 77168K->8192K(78656K), 0.0119387 secs] 290815K->290447K(525192K), 0.0119982 secs] [Times: user=0.00 sys=0.00, real=0.01 secs] 
2024-07-27T21:38:41.817+0800: 3.696: Total time for which application threads were stopped: 0.0121074 seconds, Stopping threads took: 0.0000196 seconds
2024-07-27T21:38:41.929+0800: 3.808: Application time: 0.1119092 seconds
2024-07-27T21:38:41.929+0800: 3.808: [GC (Allocation Failure) 2024-07-27T21:38:41.929+0800: 3.808: [ParNew: 77168K->8192K(78656K), 0.0028233 secs] 359424K->295567K(525192K), 0.0028817 secs] [Times: user=0.00 sys=0.00, real=0.00 secs] 
2024-07-27T21:38:41.932+0800: 3.811: Total time for which application threads were stopped: 0.0029974 seconds, Stopping threads took: 0.0000201 seconds
2024-07-27T21:38:41.932+0800: 3.811: [CMS-concurrent-abortable-preclean: 0.005/0.244 secs] [Times: user=0.02 sys=0.02, real=0.24 secs] 
2024-07-27T21:38:41.933+0800: 3.812: Application time: 0.0003308 seconds
2024-07-27T21:38:41.933+0800: 3.812: [GC (CMS Final Remark) [YG occupancy: 12655 K (78656 K)]2024-07-27T21:38:41.933+0800: 3.812: [Rescan (parallel) , 0.0009057 secs]2024-07-27T21:38:41.934+0800: 3.813: [weak refs processing, 0.0000126 secs]2024-07-27T21:38:41.934+0800: 3.813: [class unloading, 0.0001738 secs]2024-07-27T21:38:41.934+0800: 3.813: [scrub symbol table, 0.0003433 secs]2024-07-27T21:38:41.934+0800: 3.813: [scrub string table, 0.0001098 secs][1 CMS-remark: 287375K(446536K)] 300031K(525192K), 0.0016112 secs] [Times: user=0.00 sys=0.00, real=0.00 secs] 
2024-07-27T21:38:41.934+0800: 3.813: Total time for which application threads were stopped: 0.0017858 seconds, Stopping threads took: 0.0001393 seconds
2024-07-27T21:38:41.935+0800: 3.814: [CMS-concurrent-sweep-start]
2024-07-27T21:38:41.936+0800: 3.815: [CMS-concurrent-sweep: 0.001/0.001 secs] [Times: user=0.00 sys=0.00, real=0.00 secs] 
2024-07-27T21:38:41.936+0800: 3.815: [CMS-concurrent-reset-start]
2024-07-27T21:38:41.937+0800: 3.816: [CMS-concurrent-reset: 0.001/0.001 secs] [Times: user=0.00 sys=0.00, real=0.00 secs] 
2024-07-27T21:38:41.939+0800: 3.818: Application time: 0.0048460 seconds
2024-07-27T21:38:41.939+0800: 3.818: [GC (Allocation Failure) 2024-07-27T21:38:41.939+0800: 3.818: [ParNew: 77168K->8192K(78656K), 0.0117902 secs] 224254K->223886K(525192K), 0.0118392 secs] [Times: user=0.03 sys=0.00, real=0.01 secs] 
2024-07-27T21:38:41.951+0800: 3.830: Total time for which application threads were stopped: 0.0119346 seconds, Stopping threads took: 0.0000135 seconds
2024-07-27T21:38:41.951+0800: 3.830: Application time: 0.0002242 seconds
2024-07-27T21:38:41.951+0800: 3.831: [GC (CMS Initial Mark) [1 CMS-initial-mark: 215694K(446536K)] 227326K(525192K), 0.0007020 secs] [Times: user=0.00 sys=0.00, real=0.00 secs] 
2024-07-27T21:38:41.952+0800: 3.831: Total time for which application threads were stopped: 0.0009079 seconds, Stopping threads took: 0.0001638 seconds
2024-07-27T21:38:41.952+0800: 3.831: [CMS-concurrent-mark-start]
2024-07-27T21:38:41.954+0800: 3.833: [CMS-concurrent-mark: 0.002/0.002 secs] [Times: user=0.00 sys=0.00, real=0.00 secs] 
2024-07-27T21:38:41.954+0800: 3.833: [CMS-concurrent-preclean-start]
2024-07-27T21:38:41.955+0800: 3.834: [CMS-concurrent-preclean: 0.001/0.001 secs] [Times: user=0.00 sys=0.00, real=0.00 secs] 
2024-07-27T21:38:41.955+0800: 3.834: [CMS-concurrent-abortable-preclean-start]
2024-07-27T21:38:42.072+0800: 3.951: Application time: 0.1201192 seconds
2024-07-27T21:38:42.072+0800: 3.951: [GC (Allocation Failure) 2024-07-27T21:38:42.072+0800: 3.952: [ParNew: 77168K->8192K(78656K), 0.0117265 secs] 292863K->292495K(525192K), 0.0118006 secs] [Times: user=0.03 sys=0.00, real=0.01 secs] 
2024-07-27T21:38:42.084+0800: 3.963: Total time for which application threads were stopped: 0.0119092 seconds, Stopping threads took: 0.0000193 seconds
2024-07-27T21:38:42.196+0800: 4.076: Application time: 0.1124603 seconds
2024-07-27T21:38:42.196+0800: 4.076: [GC (Allocation Failure) 2024-07-27T21:38:42.196+0800: 4.076: [ParNew: 77168K->8192K(78656K), 0.0029968 secs] 361472K->298639K(525192K), 0.0030514 secs] [Times: user=0.00 sys=0.00, real=0.00 secs] 
2024-07-27T21:38:42.199+0800: 4.079: Total time for which application threads were stopped: 0.0031578 seconds, Stopping threads took: 0.0000203 seconds
2024-07-27T21:38:42.199+0800: 4.079: [CMS-concurrent-abortable-preclean: 0.005/0.245 secs] [Times: user=0.03 sys=0.00, real=0.24 secs] 
2024-07-27T21:38:42.200+0800: 4.079: Application time: 0.0003278 seconds
2024-07-27T21:38:42.200+0800: 4.079: [GC (CMS Final Remark) [YG occupancy: 13679 K (78656 K)]2024-07-27T21:38:42.200+0800: 4.079: [Rescan (parallel) , 0.0007073 secs]2024-07-27T21:38:42.200+0800: 4.080: [weak refs processing, 0.0000173 secs]2024-07-27T21:38:42.201+0800: 4.080: [class unloading, 0.0001879 secs]2024-07-27T21:38:42.201+0800: 4.080: [scrub symbol table, 0.0003351 secs]2024-07-27T21:38:42.201+0800: 4.081: [scrub string table, 0.0000980 secs][1 CMS-remark: 290447K(446536K)] 304127K(525192K), 0.0014058 secs] [Times: user=0.00 sys=0.00, real=0.00 secs] 
2024-07-27T21:38:42.201+0800: 4.081: Total time for which application threads were stopped: 0.0014874 seconds, Stopping threads took: 0.0000417 seconds
2024-07-27T21:38:42.201+0800: 4.081: [CMS-concurrent-sweep-start]
2024-07-27T21:38:42.203+0800: 4.082: [CMS-concurrent-sweep: 0.001/0.001 secs] [Times: user=0.00 sys=0.00, real=0.00 secs] 
2024-07-27T21:38:42.203+0800: 4.082: [CMS-concurrent-reset-start]
2024-07-27T21:38:42.204+0800: 4.084: [CMS-concurrent-reset: 0.001/0.001 secs] [Times: user=0.00 sys=0.00, real=0.00 secs] 
2024-07-27T21:38:42.206+0800: 4.085: Application time: 0.0046784 seconds
2024-07-27T21:38:42.206+0800: 4.085: [GC (Allocation Failure) 2024-07-27T21:38:42.206+0800: 4.086: [ParNew: 77168K->8192K(78656K), 0.0120940 secs] 226302K->225934K(525192K), 0.0121566 secs] [Times: user=0.03 sys=0.00, real=0.01 secs] 
2024-07-27T21:38:42.218+0800: 4.098: Total time for which application threads were stopped: 0.0122495 seconds, Stopping threads took: 0.0000121 seconds
2024-07-27T21:38:42.218+0800: 4.098: Application time: 0.0002262 seconds
2024-07-27T21:38:42.218+0800: 4.098: [GC (CMS Initial Mark) [1 CMS-initial-mark: 217742K(446536K)] 229374K(525192K), 0.0008345 secs] [Times: user=0.00 sys=0.00, real=0.00 secs] 
2024-07-27T21:38:42.219+0800: 4.099: Total time for which application threads were stopped: 0.0009740 seconds, Stopping threads took: 0.0000975 seconds
2024-07-27T21:38:42.219+0800: 4.099: [CMS-concurrent-mark-start]
2024-07-27T21:38:42.221+0800: 4.101: [CMS-concurrent-mark: 0.002/0.002 secs] [Times: user=0.00 sys=0.00, real=0.00 secs] 
2024-07-27T21:38:42.221+0800: 4.101: [CMS-concurrent-preclean-start]
2024-07-27T21:38:42.222+0800: 4.101: [CMS-concurrent-preclean: 0.001/0.001 secs] [Times: user=0.00 sys=0.00, real=0.00 secs] 
2024-07-27T21:38:42.222+0800: 4.101: [CMS-concurrent-abortable-preclean-start]
2024-07-27T21:38:42.227+0800: 4.106: Application time: 0.0066052 seconds
2024-07-27T21:38:42.227+0800: 4.106: Total time for which application threads were stopped: 0.0000374 seconds, Stopping threads took: 0.0000151 seconds
2024-07-27T21:38:42.340+0800: 4.219: Application time: 0.1137724 seconds
2024-07-27T21:38:42.340+0800: 4.219: [GC (Allocation Failure) 2024-07-27T21:38:42.340+0800: 4.219: [ParNew: 77168K->8192K(78656K), 0.0120964 secs] 294911K->294543K(525192K), 0.0121611 secs] [Times: user=0.03 sys=0.00, real=0.01 secs] 
2024-07-27T21:38:42.353+0800: 4.232: Total time for which application threads were stopped: 0.0122709 seconds, Stopping threads took: 0.0000189 seconds
2024-07-27T21:38:42.464+0800: 4.343: Application time: 0.1116796 seconds
2024-07-27T21:38:42.464+0800: 4.343: [GC (Allocation Failure) 2024-07-27T21:38:42.464+0800: 4.343: [ParNew: 77168K->8192K(78656K), 0.0031974 secs] 363520K->301711K(525192K), 0.0032528 secs] [Times: user=0.00 sys=0.00, real=0.00 secs] 
2024-07-27T21:38:42.468+0800: 4.347: Total time for which application threads were stopped: 0.0033629 seconds, Stopping threads took: 0.0000206 seconds
2024-07-27T21:38:42.468+0800: 4.347: [CMS-concurrent-abortable-preclean: 0.006/0.245 secs] [Times: user=0.03 sys=0.00, real=0.25 secs] 
2024-07-27T21:38:42.468+0800: 4.347: Application time: 0.0002804 seconds
2024-07-27T21:38:42.468+0800: 4.347: [GC (CMS Final Remark) [YG occupancy: 12655 K (78656 K)]2024-07-27T21:38:42.468+0800: 4.347: [Rescan (parallel) , 0.0010994 secs]2024-07-27T21:38:42.469+0800: 4.348: [weak refs processing, 0.0000128 secs]2024-07-27T21:38:42.469+0800: 4.348: [class unloading, 0.0001742 secs]2024-07-27T21:38:42.469+0800: 4.348: [scrub symbol table, 0.0003477 secs]2024-07-27T21:38:42.470+0800: 4.349: [scrub string table, 0.0000989 secs][1 CMS-remark: 293519K(446536K)] 306175K(525192K), 0.0017958 secs] [Times: user=0.00 sys=0.00, real=0.00 secs] 
2024-07-27T21:38:42.470+0800: 4.349: Total time for which application threads were stopped: 0.0020044 seconds, Stopping threads took: 0.0001664 seconds
2024-07-27T21:38:42.470+0800: 4.349: [CMS-concurrent-sweep-start]
2024-07-27T21:38:42.471+0800: 4.351: [CMS-concurrent-sweep: 0.001/0.001 secs] [Times: user=0.00 sys=0.00, real=0.00 secs] 
2024-07-27T21:38:42.472+0800: 4.351: [CMS-concurrent-reset-start]
2024-07-27T21:38:42.473+0800: 4.352: [CMS-concurrent-reset: 0.001/0.001 secs] [Times: user=0.00 sys=0.00, real=0.00 secs] 
2024-07-27T21:38:42.475+0800: 4.354: Application time: 0.0046841 seconds
2024-07-27T21:38:42.475+0800: 4.354: [GC (Allocation Failure) 2024-07-27T21:38:42.475+0800: 4.354: [ParNew: 77168K->8192K(78656K), 0.0120845 secs] 228350K->227982K(525192K), 0.0121345 secs] [Times: user=0.00 sys=0.00, real=0.01 secs] 
2024-07-27T21:38:42.487+0800: 4.366: Total time for which application threads were stopped: 0.0122356 seconds, Stopping threads took: 0.0000185 seconds
2024-07-27T21:38:42.487+0800: 4.366: Application time: 0.0002621 seconds
2024-07-27T21:38:42.487+0800: 4.366: [GC (CMS Initial Mark) [1 CMS-initial-mark: 219790K(446536K)] 231422K(525192K), 0.0007956 secs] [Times: user=0.00 sys=0.00, real=0.00 secs] 
2024-07-27T21:38:42.488+0800: 4.367: Total time for which application threads were stopped: 0.0009718 seconds, Stopping threads took: 0.0001341 seconds
2024-07-27T21:38:42.488+0800: 4.367: [CMS-concurrent-mark-start]
2024-07-27T21:38:42.490+0800: 4.369: [CMS-concurrent-mark: 0.002/0.002 secs] [Times: user=0.05 sys=0.00, real=0.00 secs] 
2024-07-27T21:38:42.490+0800: 4.369: [CMS-concurrent-preclean-start]
2024-07-27T21:38:42.490+0800: 4.369: [CMS-concurrent-preclean: 0.001/0.001 secs] [Times: user=0.00 sys=0.00, real=0.00 secs] 
2024-07-27T21:38:42.490+0800: 4.369: [CMS-concurrent-abortable-preclean-start]
2024-07-27T21:38:42.592+0800: 4.471: Application time: 0.1043205 seconds
2024-07-27T21:38:42.592+0800: 4.471: [GC (Allocation Failure) 2024-07-27T21:38:42.592+0800: 4.472: [ParNew: 77168K->8192K(78656K), 0.0116740 secs] 296959K->296591K(525192K), 0.0117335 secs] [Times: user=0.03 sys=0.00, real=0.01 secs] 
2024-07-27T21:38:42.604+0800: 4.483: Total time for which application threads were stopped: 0.0118447 seconds, Stopping threads took: 0.0000197 seconds
2024-07-27T21:38:42.716+0800: 4.595: Application time: 0.1118747 seconds
2024-07-27T21:38:42.716+0800: 4.595: [GC (Allocation Failure) 2024-07-27T21:38:42.716+0800: 4.595: [ParNew: 77168K->8192K(78656K), 0.0032925 secs] 365568K->304784K(525192K), 0.0033490 secs] [Times: user=0.00 sys=0.00, real=0.00 secs] 
2024-07-27T21:38:42.719+0800: 4.599: Total time for which application threads were stopped: 0.0034641 seconds, Stopping threads took: 0.0000208 seconds
2024-07-27T21:38:42.719+0800: 4.599: [CMS-concurrent-abortable-preclean: 0.004/0.229 secs] [Times: user=0.03 sys=0.00, real=0.23 secs] 
2024-07-27T21:38:42.719+0800: 4.599: Application time: 0.0002549 seconds
2024-07-27T21:38:42.719+0800: 4.599: [GC (CMS Final Remark) [YG occupancy: 11631 K (78656 K)]2024-07-27T21:38:42.719+0800: 4.599: [Rescan (parallel) , 0.0007740 secs]2024-07-27T21:38:42.720+0800: 4.600: [weak refs processing, 0.0000126 secs]2024-07-27T21:38:42.720+0800: 4.600: [class unloading, 0.0001908 secs]2024-07-27T21:38:42.720+0800: 4.600: [scrub symbol table, 0.0003479 secs]2024-07-27T21:38:42.721+0800: 4.600: [scrub string table, 0.0000997 secs][1 CMS-remark: 296591K(446536K)] 308223K(525192K), 0.0014876 secs] [Times: user=0.00 sys=0.00, real=0.00 secs] 
2024-07-27T21:38:42.721+0800: 4.601: Total time for which application threads were stopped: 0.0016809 seconds, Stopping threads took: 0.0001582 seconds
2024-07-27T21:38:42.721+0800: 4.601: [CMS-concurrent-sweep-start]
2024-07-27T21:38:42.722+0800: 4.602: [CMS-concurrent-sweep: 0.001/0.001 secs] [Times: user=0.00 sys=0.00, real=0.00 secs] 
2024-07-27T21:38:42.722+0800: 4.602: [CMS-concurrent-reset-start]
2024-07-27T21:38:42.723+0800: 4.603: [CMS-concurrent-reset: 0.001/0.001 secs] [Times: user=0.03 sys=0.00, real=0.00 secs] 
2024-07-27T21:38:42.726+0800: 4.605: Application time: 0.0048344 seconds
2024-07-27T21:38:42.726+0800: 4.605: [GC (Allocation Failure) 2024-07-27T21:38:42.726+0800: 4.605: [ParNew: 77168K->8192K(78656K), 0.0122664 secs] 230398K->230030K(525192K), 0.0123198 secs] [Times: user=0.00 sys=0.00, real=0.01 secs] 
2024-07-27T21:38:42.738+0800: 4.618: Total time for which application threads were stopped: 0.0124159 seconds, Stopping threads took: 0.0000124 seconds
2024-07-27T21:38:42.738+0800: 4.618: Application time: 0.0002413 seconds
2024-07-27T21:38:42.738+0800: 4.618: [GC (CMS Initial Mark) [1 CMS-initial-mark: 221838K(446536K)] 233470K(525192K), 0.0006979 secs] [Times: user=0.02 sys=0.00, real=0.00 secs] 
2024-07-27T21:38:42.739+0800: 4.619: Total time for which application threads were stopped: 0.0008786 seconds, Stopping threads took: 0.0001388 seconds
2024-07-27T21:38:42.739+0800: 4.619: [CMS-concurrent-mark-start]
2024-07-27T21:38:42.742+0800: 4.621: [CMS-concurrent-mark: 0.002/0.002 secs] [Times: user=0.00 sys=0.00, real=0.00 secs] 
2024-07-27T21:38:42.742+0800: 4.621: [CMS-concurrent-preclean-start]
2024-07-27T21:38:42.742+0800: 4.621: [CMS-concurrent-preclean: 0.001/0.001 secs] [Times: user=0.00 sys=0.00, real=0.00 secs] 
2024-07-27T21:38:42.742+0800: 4.621: [CMS-concurrent-abortable-preclean-start]
2024-07-27T21:38:42.858+0800: 4.738: Application time: 0.1190648 seconds
2024-07-27T21:38:42.859+0800: 4.738: [GC (Allocation Failure) 2024-07-27T21:38:42.859+0800: 4.738: [ParNew: 77168K->8192K(78656K), 0.0118708 secs] 299007K->298639K(525192K), 0.0119327 secs] [Times: user=0.03 sys=0.00, real=0.01 secs] 
2024-07-27T21:38:42.870+0800: 4.750: Total time for which application threads were stopped: 0.0120655 seconds, Stopping threads took: 0.0000207 seconds
2024-07-27T21:38:42.984+0800: 4.863: Application time: 0.1132754 seconds
2024-07-27T21:38:42.984+0800: 4.863: [GC (Allocation Failure) 2024-07-27T21:38:42.984+0800: 4.863: [ParNew: 77168K->8192K(78656K), 0.0035051 secs] 367616K->307856K(525192K), 0.0035617 secs] [Times: user=0.00 sys=0.00, real=0.00 secs] 
2024-07-27T21:38:42.988+0800: 4.867: Total time for which application threads were stopped: 0.0036693 seconds, Stopping threads took: 0.0000195 seconds
2024-07-27T21:38:42.988+0800: 4.867: [CMS-concurrent-abortable-preclean: 0.005/0.246 secs] [Times: user=0.03 sys=0.00, real=0.25 secs] 
2024-07-27T21:38:42.988+0800: 4.867: Application time: 0.0003504 seconds
2024-07-27T21:38:42.989+0800: 4.868: [GC (CMS Final Remark) [YG occupancy: 14703 K (78656 K)]2024-07-27T21:38:42.989+0800: 4.868: [Rescan (parallel) , 0.0007742 secs]2024-07-27T21:38:42.989+0800: 4.868: [weak refs processing, 0.0000125 secs]2024-07-27T21:38:42.989+0800: 4.868: [class unloading, 0.0001816 secs]2024-07-27T21:38:42.990+0800: 4.869: [scrub symbol table, 0.0003384 secs]2024-07-27T21:38:42.990+0800: 4.869: [scrub string table, 0.0001123 secs][1 CMS-remark: 299663K(446536K)] 314367K(525192K), 0.0014817 secs] [Times: user=0.00 sys=0.00, real=0.00 secs] 
2024-07-27T21:38:42.990+0800: 4.869: Total time for which application threads were stopped: 0.0017037 seconds, Stopping threads took: 0.0001854 seconds
2024-07-27T21:38:42.990+0800: 4.869: [CMS-concurrent-sweep-start]
2024-07-27T21:38:42.992+0800: 4.871: [CMS-concurrent-sweep: 0.001/0.001 secs] [Times: user=0.00 sys=0.00, real=0.00 secs] 
2024-07-27T21:38:42.992+0800: 4.871: [CMS-concurrent-reset-start]
2024-07-27T21:38:42.993+0800: 4.872: [CMS-concurrent-reset: 0.001/0.001 secs] [Times: user=0.00 sys=0.00, real=0.00 secs] 
2024-07-27T21:38:42.995+0800: 4.874: Application time: 0.0046314 seconds
2024-07-27T21:38:42.995+0800: 4.874: [GC (Allocation Failure) 2024-07-27T21:38:42.995+0800: 4.874: [ParNew: 77168K->8192K(78656K), 0.0119136 secs] 232446K->232078K(525192K), 0.0119613 secs] [Times: user=0.03 sys=0.00, real=0.01 secs] 
2024-07-27T21:38:43.007+0800: 4.886: Total time for which application threads were stopped: 0.0120544 seconds, Stopping threads took: 0.0000125 seconds
2024-07-27T21:38:43.007+0800: 4.886: Application time: 0.0001898 seconds
2024-07-27T21:38:43.007+0800: 4.886: [GC (CMS Initial Mark) [1 CMS-initial-mark: 223886K(446536K)] 235518K(525192K), 0.0007749 secs] [Times: user=0.00 sys=0.00, real=0.00 secs] 
2024-07-27T21:38:43.008+0800: 4.887: Total time for which application threads were stopped: 0.0009680 seconds, Stopping threads took: 0.0001503 seconds
2024-07-27T21:38:43.008+0800: 4.887: [CMS-concurrent-mark-start]
2024-07-27T21:38:43.009+0800: 4.889: [CMS-concurrent-mark: 0.002/0.002 secs] [Times: user=0.00 sys=0.00, real=0.00 secs] 
2024-07-27T21:38:43.009+0800: 4.889: [CMS-concurrent-preclean-start]
2024-07-27T21:38:43.010+0800: 4.889: [CMS-concurrent-preclean: 0.001/0.001 secs] [Times: user=0.00 sys=0.00, real=0.00 secs] 
2024-07-27T21:38:43.010+0800: 4.889: [CMS-concurrent-abortable-preclean-start]
2024-07-27T21:38:43.113+0800: 4.992: Application time: 0.1053230 seconds
2024-07-27T21:38:43.113+0800: 4.992: [GC (Allocation Failure) 2024-07-27T21:38:43.113+0800: 4.992: [ParNew2024-07-27T21:38:43.124+0800: 5.003: [CMS-concurrent-abortable-preclean: 0.001/0.114 secs] [Times: user=0.03 sys=0.00, real=0.11 secs] 
: 77168K->8192K(78656K), 0.0115868 secs] 301055K->300687K(525192K), 0.0116354 secs] [Times: user=0.03 sys=0.00, real=0.01 secs] 
2024-07-27T21:38:43.125+0800: 5.004: Total time for which application threads were stopped: 0.0117430 seconds, Stopping threads took: 0.0000205 seconds
2024-07-27T21:38:43.125+0800: 5.004: Application time: 0.0001447 seconds
2024-07-27T21:38:43.125+0800: 5.004: [GC (CMS Final Remark) [YG occupancy: 11631 K (78656 K)]2024-07-27T21:38:43.125+0800: 5.004: [Rescan (parallel) , 0.0008820 secs]2024-07-27T21:38:43.126+0800: 5.005: [weak refs processing, 0.0000129 secs]2024-07-27T21:38:43.126+0800: 5.005: [class unloading, 0.0001898 secs]2024-07-27T21:38:43.126+0800: 5.005: [scrub symbol table, 0.0003421 secs]2024-07-27T21:38:43.126+0800: 5.006: [scrub string table, 0.0001006 secs][1 CMS-remark: 292495K(446536K)] 304127K(525192K), 0.0015929 secs] [Times: user=0.00 sys=0.00, real=0.00 secs] 
2024-07-27T21:38:43.126+0800: 5.006: Total time for which application threads were stopped: 0.0017788 seconds, Stopping threads took: 0.0001494 seconds
2024-07-27T21:38:43.127+0800: 5.006: [CMS-concurrent-sweep-start]
2024-07-27T21:38:43.128+0800: 5.008: [CMS-concurrent-sweep: 0.001/0.001 secs] [Times: user=0.00 sys=0.00, real=0.00 secs] 
2024-07-27T21:38:43.128+0800: 5.008: [CMS-concurrent-reset-start]
2024-07-27T21:38:43.129+0800: 5.009: [CMS-concurrent-reset: 0.001/0.001 secs] [Times: user=0.03 sys=0.00, real=0.00 secs] 
2024-07-27T21:38:43.235+0800: 5.115: Application time: 0.1090448 seconds
2024-07-27T21:38:43.235+0800: 5.115: [GC (Allocation Failure) 2024-07-27T21:38:43.235+0800: 5.115: [ParNew: 77168K->8192K(78656K), 0.0038792 secs] 224254K->165517K(525192K), 0.0039365 secs] [Times: user=0.03 sys=0.00, real=0.00 secs] 
2024-07-27T21:38:43.239+0800: 5.119: Total time for which application threads were stopped: 0.0040456 seconds, Stopping threads took: 0.0000178 seconds
2024-07-27T21:38:43.244+0800: 5.123: Application time: 0.0043314 seconds
2024-07-27T21:38:43.244+0800: 5.123: [GC (Allocation Failure) 2024-07-27T21:38:43.244+0800: 5.123: [ParNew: 77168K->8192K(78656K), 0.0124998 secs] 234494K->234126K(525192K), 0.0125490 secs] [Times: user=0.03 sys=0.00, real=0.01 secs] 
2024-07-27T21:38:43.256+0800: 5.136: Total time for which application threads were stopped: 0.0126469 seconds, Stopping threads took: 0.0000152 seconds
2024-07-27T21:38:43.256+0800: 5.136: Application time: 0.0001832 seconds
2024-07-27T21:38:43.257+0800: 5.136: [GC (CMS Initial Mark) [1 CMS-initial-mark: 225934K(446536K)] 237566K(525192K), 0.0008817 secs] [Times: user=0.00 sys=0.00, real=0.00 secs] 
2024-07-27T21:38:43.258+0800: 5.137: Total time for which application threads were stopped: 0.0010405 seconds, Stopping threads took: 0.0001168 seconds
2024-07-27T21:38:43.258+0800: 5.137: [CMS-concurrent-mark-start]
2024-07-27T21:38:43.259+0800: 5.139: [CMS-concurrent-mark: 0.002/0.002 secs] [Times: user=0.00 sys=0.00, real=0.00 secs] 
2024-07-27T21:38:43.259+0800: 5.139: [CMS-concurrent-preclean-start]
2024-07-27T21:38:43.260+0800: 5.140: [CMS-concurrent-preclean: 0.001/0.001 secs] [Times: user=0.00 sys=0.00, real=0.00 secs] 
2024-07-27T21:38:43.260+0800: 5.140: [CMS-concurrent-abortable-preclean-start]
2024-07-27T21:38:43.365+0800: 5.244: Application time: 0.1070687 seconds
2024-07-27T21:38:43.365+0800: 5.244: [GC (Allocation Failure) 2024-07-27T21:38:43.365+0800: 5.244: [ParNew: 77168K->8192K(78656K), 0.0119632 secs] 303103K->302735K(525192K), 0.0120348 secs] [Times: user=0.00 sys=0.00, real=0.01 secs] 
2024-07-27T21:38:43.377+0800: 5.256: Total time for which application threads were stopped: 0.0121614 seconds, Stopping threads took: 0.0000223 seconds
2024-07-27T21:38:43.489+0800: 5.369: Application time: 0.1125730 seconds
2024-07-27T21:38:43.489+0800: 5.369: [GC (Allocation Failure) 2024-07-27T21:38:43.490+0800: 5.369: [ParNew: 77168K->8192K(78656K), 0.0038575 secs] 371712K->314000K(525192K), 0.0039297 secs] [Times: user=0.00 sys=0.00, real=0.00 secs] 
2024-07-27T21:38:43.493+0800: 5.373: Total time for which application threads were stopped: 0.0040530 seconds, Stopping threads took: 0.0000207 seconds
2024-07-27T21:38:43.494+0800: 5.373: [CMS-concurrent-abortable-preclean: 0.005/0.234 secs] [Times: user=0.05 sys=0.00, real=0.23 secs] 
2024-07-27T21:38:43.494+0800: 5.373: Application time: 0.0001978 seconds
2024-07-27T21:38:43.494+0800: 5.373: [GC (CMS Final Remark) [YG occupancy: 11631 K (78656 K)]2024-07-27T21:38:43.494+0800: 5.373: [Rescan (parallel) , 0.0008065 secs]2024-07-27T21:38:43.495+0800: 5.374: [weak refs processing, 0.0000127 secs]2024-07-27T21:38:43.495+0800: 5.374: [class unloading, 0.0001893 secs]2024-07-27T21:38:43.495+0800: 5.375: [scrub symbol table, 0.0003395 secs]2024-07-27T21:38:43.495+0800: 5.375: [scrub string table, 0.0000991 secs][1 CMS-remark: 305808K(446536K)] 317439K(525192K), 0.0015103 secs] [Times: user=0.00 sys=0.00, real=0.00 secs] 
2024-07-27T21:38:43.495+0800: 5.375: Total time for which application threads were stopped: 0.0016894 seconds, Stopping threads took: 0.0001434 seconds
2024-07-27T21:38:43.496+0800: 5.375: [CMS-concurrent-sweep-start]
2024-07-27T21:38:43.497+0800: 5.377: [CMS-concurrent-sweep: 0.001/0.001 secs] [Times: user=0.00 sys=0.00, real=0.00 secs] 
2024-07-27T21:38:43.497+0800: 5.377: [CMS-concurrent-reset-start]
2024-07-27T21:38:43.498+0800: 5.378: [CMS-concurrent-reset: 0.001/0.001 secs] [Times: user=0.00 sys=0.00, real=0.00 secs] 
2024-07-27T21:38:43.500+0800: 5.380: Application time: 0.0047718 seconds
2024-07-27T21:38:43.500+0800: 5.380: [GC (Allocation Failure) 2024-07-27T21:38:43.500+0800: 5.380: [ParNew: 77168K->8192K(78656K), 0.0118095 secs] 236542K->236174K(525192K), 0.0118528 secs] [Times: user=0.03 sys=0.00, real=0.01 secs] 
2024-07-27T21:38:43.512+0800: 5.392: Total time for which application threads were stopped: 0.0119481 seconds, Stopping threads took: 0.0000130 seconds
2024-07-27T21:38:43.512+0800: 5.392: Application time: 0.0001712 seconds
2024-07-27T21:38:43.512+0800: 5.392: [GC (CMS Initial Mark) [1 CMS-initial-mark: 227982K(446536K)] 239614K(525192K), 0.0007692 secs] [Times: user=0.00 sys=0.00, real=0.00 secs] 
2024-07-27T21:38:43.513+0800: 5.393: Total time for which application threads were stopped: 0.0009366 seconds, Stopping threads took: 0.0001257 seconds
2024-07-27T21:38:43.513+0800: 5.393: [CMS-concurrent-mark-start]
2024-07-27T21:38:43.515+0800: 5.394: [CMS-concurrent-mark: 0.001/0.001 secs] [Times: user=0.00 sys=0.00, real=0.00 secs] 
2024-07-27T21:38:43.515+0800: 5.394: [CMS-concurrent-preclean-start]
2024-07-27T21:38:43.515+0800: 5.395: [CMS-concurrent-preclean: 0.001/0.001 secs] [Times: user=0.00 sys=0.00, real=0.00 secs] 
2024-07-27T21:38:43.515+0800: 5.395: [CMS-concurrent-abortable-preclean-start]
2024-07-27T21:38:43.633+0800: 5.513: Application time: 0.1202786 seconds
2024-07-27T21:38:43.633+0800: 5.513: [GC (Allocation Failure) 2024-07-27T21:38:43.633+0800: 5.513: [ParNew: 77168K->8192K(78656K), 0.0131094 secs] 305151K->304784K(525192K), 0.0131666 secs] [Times: user=0.03 sys=0.00, real=0.01 secs] 
2024-07-27T21:38:43.647+0800: 5.526: Total time for which application threads were stopped: 0.0132845 seconds, Stopping threads took: 0.0000189 seconds
2024-07-27T21:38:43.758+0800: 5.637: Application time: 0.1109840 seconds
2024-07-27T21:38:43.758+0800: 5.637: [GC (Allocation Failure) 2024-07-27T21:38:43.758+0800: 5.638: [ParNew: 77168K->8192K(78656K), 0.0037984 secs] 373760K->317072K(525192K), 0.0039192 secs] [Times: user=0.00 sys=0.00, real=0.00 secs] 
2024-07-27T21:38:43.762+0800: 5.641: Total time for which application threads were stopped: 0.0040463 seconds, Stopping threads took: 0.0000204 seconds
2024-07-27T21:38:43.762+0800: 5.642: [CMS-concurrent-abortable-preclean: 0.006/0.246 secs] [Times: user=0.03 sys=0.00, real=0.25 secs] 
2024-07-27T21:38:43.762+0800: 5.642: Application time: 0.0003237 seconds
2024-07-27T21:38:43.763+0800: 5.642: [GC (CMS Final Remark) [YG occupancy: 13679 K (78656 K)]2024-07-27T21:38:43.763+0800: 5.642: [Rescan (parallel) , 0.0009310 secs]2024-07-27T21:38:43.763+0800: 5.643: [weak refs processing, 0.0000126 secs]2024-07-27T21:38:43.763+0800: 5.643: [class unloading, 0.0001753 secs]2024-07-27T21:38:43.763+0800: 5.643: [scrub symbol table, 0.0003440 secs]2024-07-27T21:38:43.764+0800: 5.643: [scrub string table, 0.0000987 secs][1 CMS-remark: 308880K(446536K)] 322559K(525192K), 0.0016246 secs] [Times: user=0.00 sys=0.00, real=0.00 secs] 
2024-07-27T21:38:43.764+0800: 5.644: Total time for which application threads were stopped: 0.0017656 seconds, Stopping threads took: 0.0000954 seconds
2024-07-27T21:38:43.764+0800: 5.644: [CMS-concurrent-sweep-start]
2024-07-27T21:38:43.765+0800: 5.645: [CMS-concurrent-sweep: 0.001/0.001 secs] [Times: user=0.00 sys=0.00, real=0.00 secs] 
2024-07-27T21:38:43.765+0800: 5.645: [CMS-concurrent-reset-start]
2024-07-27T21:38:43.767+0800: 5.647: [CMS-concurrent-reset: 0.001/0.001 secs] [Times: user=0.00 sys=0.00, real=0.00 secs] 
2024-07-27T21:38:43.768+0800: 5.648: Application time: 0.0046676 seconds
2024-07-27T21:38:43.768+0800: 5.648: [GC (Allocation Failure) 2024-07-27T21:38:43.768+0800: 5.648: [ParNew: 77168K->8192K(78656K), 0.0119016 secs] 238590K->238223K(525192K), 0.0119542 secs] [Times: user=0.03 sys=0.00, real=0.01 secs] 
2024-07-27T21:38:43.780+0800: 5.660: Total time for which application threads were stopped: 0.0120547 seconds, Stopping threads took: 0.0000135 seconds
2024-07-27T21:38:43.781+0800: 5.660: Application time: 0.0001267 seconds
2024-07-27T21:38:43.781+0800: 5.661: [GC (CMS Initial Mark) [1 CMS-initial-mark: 230030K(446536K)] 241662K(525192K), 0.0008989 secs] [Times: user=0.00 sys=0.00, real=0.00 secs] 
2024-07-27T21:38:43.782+0800: 5.662: Total time for which application threads were stopped: 0.0011134 seconds, Stopping threads took: 0.0001602 seconds
2024-07-27T21:38:43.782+0800: 5.662: [CMS-concurrent-mark-start]
2024-07-27T21:38:43.783+0800: 5.663: [CMS-concurrent-mark: 0.002/0.002 secs] [Times: user=0.00 sys=0.00, real=0.00 secs] 
2024-07-27T21:38:43.783+0800: 5.663: [CMS-concurrent-preclean-start]
2024-07-27T21:38:43.784+0800: 5.664: [CMS-concurrent-preclean: 0.001/0.001 secs] [Times: user=0.00 sys=0.00, real=0.00 secs] 
2024-07-27T21:38:43.784+0800: 5.664: [CMS-concurrent-abortable-preclean-start]
2024-07-27T21:38:43.901+0800: 5.780: Application time: 0.1185141 seconds
2024-07-27T21:38:43.901+0800: 5.780: [GC (Allocation Failure) 2024-07-27T21:38:43.901+0800: 5.780: [ParNew: 77168K->8192K(78656K), 0.0119416 secs] 307199K->306832K(525192K), 0.0120037 secs] [Times: user=0.03 sys=0.00, real=0.01 secs] 
2024-07-27T21:38:43.913+0800: 5.792: Total time for which application threads were stopped: 0.0121205 seconds, Stopping threads took: 0.0000199 seconds
2024-07-27T21:38:44.025+0800: 5.904: Application time: 0.1120792 seconds
2024-07-27T21:38:44.025+0800: 5.904: [GC (Allocation Failure) 2024-07-27T21:38:44.025+0800: 5.904: [ParNew: 77168K->8192K(78656K), 0.0050539 secs] 375808K->320144K(525192K), 0.0051144 secs] [Times: user=0.00 sys=0.00, real=0.00 secs] 
2024-07-27T21:38:44.030+0800: 5.909: Total time for which application threads were stopped: 0.0052304 seconds, Stopping threads took: 0.0000213 seconds
2024-07-27T21:38:44.030+0800: 5.910: [CMS-concurrent-abortable-preclean: 0.005/0.246 secs] [Times: user=0.03 sys=0.00, real=0.25 secs] 
2024-07-27T21:38:44.031+0800: 5.910: Application time: 0.0004296 seconds
2024-07-27T21:38:44.031+0800: 5.910: [GC (CMS Final Remark) [YG occupancy: 14703 K (78656 K)]2024-07-27T21:38:44.031+0800: 5.910: [Rescan (parallel) , 0.0010684 secs]2024-07-27T21:38:44.032+0800: 5.911: [weak refs processing, 0.0000144 secs]2024-07-27T21:38:44.032+0800: 5.911: [class unloading, 0.0002233 secs]2024-07-27T21:38:44.032+0800: 5.911: [scrub symbol table, 0.0003690 secs]2024-07-27T21:38:44.033+0800: 5.912: [scrub string table, 0.0001231 secs][1 CMS-remark: 311952K(446536K)] 326655K(525192K), 0.0018815 secs] [Times: user=0.00 sys=0.00, real=0.00 secs] 
2024-07-27T21:38:44.033+0800: 5.912: Total time for which application threads were stopped: 0.0020511 seconds, Stopping threads took: 0.0001239 seconds
2024-07-27T21:38:44.033+0800: 5.912: [CMS-concurrent-sweep-start]
2024-07-27T21:38:44.034+0800: 5.913: [CMS-concurrent-sweep: 0.001/0.001 secs] [Times: user=0.00 sys=0.00, real=0.00 secs] 
2024-07-27T21:38:44.034+0800: 5.913: [CMS-concurrent-reset-start]
2024-07-27T21:38:44.036+0800: 5.915: [CMS-concurrent-reset: 0.001/0.001 secs] [Times: user=0.03 sys=0.00, real=0.00 secs] 
2024-07-27T21:38:44.038+0800: 5.917: Application time: 0.0047794 seconds
2024-07-27T21:38:44.038+0800: 5.917: [GC (Allocation Failure) 2024-07-27T21:38:44.038+0800: 5.917: [ParNew: 77168K->8192K(78656K), 0.0120401 secs] 240638K->240271K(525192K), 0.0120892 secs] [Times: user=0.00 sys=0.00, real=0.01 secs] 
2024-07-27T21:38:44.050+0800: 5.929: Total time for which application threads were stopped: 0.0122101 seconds, Stopping threads took: 0.0000162 seconds
2024-07-27T21:38:44.050+0800: 5.929: Application time: 0.0002664 seconds
2024-07-27T21:38:44.050+0800: 5.929: [GC (CMS Initial Mark) [1 CMS-initial-mark: 232078K(446536K)] 243710K(525192K), 0.0008053 secs] [Times: user=0.00 sys=0.00, real=0.00 secs] 
2024-07-27T21:38:44.051+0800: 5.930: Total time for which application threads were stopped: 0.0009794 seconds, Stopping threads took: 0.0001316 seconds
2024-07-27T21:38:44.051+0800: 5.930: [CMS-concurrent-mark-start]
2024-07-27T21:38:44.052+0800: 5.932: [CMS-concurrent-mark: 0.001/0.001 secs] [Times: user=0.05 sys=0.00, real=0.00 secs] 
2024-07-27T21:38:44.052+0800: 5.932: [CMS-concurrent-preclean-start]
2024-07-27T21:38:44.053+0800: 5.932: [CMS-concurrent-preclean: 0.001/0.001 secs] [Times: user=0.00 sys=0.00, real=0.00 secs] 
2024-07-27T21:38:44.053+0800: 5.932: [CMS-concurrent-abortable-preclean-start]
2024-07-27T21:38:44.167+0800: 6.046: Application time: 0.1156175 seconds
2024-07-27T21:38:44.167+0800: 6.046: [GC (Allocation Failure) 2024-07-27T21:38:44.167+0800: 6.046: [ParNew: 77168K->8192K(78656K), 0.0119116 secs] 309247K->308880K(525192K), 0.0119799 secs] [Times: user=0.03 sys=0.00, real=0.01 secs] 
2024-07-27T21:38:44.179+0800: 6.058: Total time for which application threads were stopped: 0.0120898 seconds, Stopping threads took: 0.0000197 seconds
2024-07-27T21:38:44.290+0800: 6.169: Application time: 0.1108205 seconds
2024-07-27T21:38:44.290+0800: 6.169: [GC (Allocation Failure) 2024-07-27T21:38:44.290+0800: 6.169: [ParNew: 77168K->8192K(78656K), 0.0044745 secs] 377856K->323216K(525192K), 0.0045322 secs] [Times: user=0.00 sys=0.00, real=0.00 secs] 
2024-07-27T21:38:44.294+0800: 6.173: Total time for which application threads were stopped: 0.0046410 seconds, Stopping threads took: 0.0000206 seconds
2024-07-27T21:38:44.294+0800: 6.173: [CMS-concurrent-abortable-preclean: 0.005/0.241 secs] [Times: user=0.03 sys=0.00, real=0.24 secs] 
2024-07-27T21:38:44.294+0800: 6.174: Application time: 0.0003176 seconds
2024-07-27T21:38:44.295+0800: 6.174: [GC (CMS Final Remark) [YG occupancy: 13679 K (78656 K)]2024-07-27T21:38:44.295+0800: 6.174: [Rescan (parallel) , 0.0007730 secs]2024-07-27T21:38:44.296+0800: 6.175: [weak refs processing, 0.0000126 secs]2024-07-27T21:38:44.296+0800: 6.175: [class unloading, 0.0001751 secs]2024-07-27T21:38:44.296+0800: 6.175: [scrub symbol table, 0.0003907 secs]2024-07-27T21:38:44.296+0800: 6.175: [scrub string table, 0.0001127 secs][1 CMS-remark: 315024K(446536K)] 328703K(525192K), 0.0015296 secs] [Times: user=0.00 sys=0.00, real=0.00 secs] 
2024-07-27T21:38:44.296+0800: 6.175: Total time for which application threads were stopped: 0.0017310 seconds, Stopping threads took: 0.0001649 seconds
2024-07-27T21:38:44.297+0800: 6.176: [CMS-concurrent-sweep-start]
2024-07-27T21:38:44.298+0800: 6.177: [CMS-concurrent-sweep: 0.001/0.001 secs] [Times: user=0.00 sys=0.00, real=0.00 secs] 
2024-07-27T21:38:44.298+0800: 6.177: [CMS-concurrent-reset-start]
2024-07-27T21:38:44.299+0800: 6.178: [CMS-concurrent-reset: 0.001/0.001 secs] [Times: user=0.00 sys=0.00, real=0.00 secs] 
2024-07-27T21:38:44.301+0800: 6.180: Application time: 0.0047052 seconds
2024-07-27T21:38:44.301+0800: 6.180: [GC (Allocation Failure) 2024-07-27T21:38:44.301+0800: 6.180: [ParNew: 77168K->8192K(78656K), 0.0119568 secs] 242686K->242319K(525192K), 0.0120058 secs] [Times: user=0.13 sys=0.00, real=0.01 secs] 
2024-07-27T21:38:44.313+0800: 6.192: Total time for which application threads were stopped: 0.0120994 seconds, Stopping threads took: 0.0000121 seconds
2024-07-27T21:38:44.313+0800: 6.192: Application time: 0.0002303 seconds
2024-07-27T21:38:44.314+0800: 6.193: [GC (CMS Initial Mark) [1 CMS-initial-mark: 234126K(446536K)] 245758K(525192K), 0.0008749 secs] [Times: user=0.00 sys=0.00, real=0.00 secs] 
2024-07-27T21:38:44.314+0800: 6.194: Total time for which application threads were stopped: 0.0011043 seconds, Stopping threads took: 0.0001746 seconds
2024-07-27T21:38:44.315+0800: 6.194: [CMS-concurrent-mark-start]
2024-07-27T21:38:44.316+0800: 6.195: [CMS-concurrent-mark: 0.001/0.001 secs] [Times: user=0.00 sys=0.00, real=0.00 secs] 
2024-07-27T21:38:44.316+0800: 6.195: [CMS-concurrent-preclean-start]
2024-07-27T21:38:44.316+0800: 6.196: [CMS-concurrent-preclean: 0.001/0.001 secs] [Times: user=0.00 sys=0.00, real=0.00 secs] 
2024-07-27T21:38:44.317+0800: 6.196: [CMS-concurrent-abortable-preclean-start]
2024-07-27T21:38:44.434+0800: 6.313: Application time: 0.1195123 seconds
2024-07-27T21:38:44.434+0800: 6.313: [GC (Allocation Failure) 2024-07-27T21:38:44.434+0800: 6.313: [ParNew: 77168K->8192K(78656K), 0.0119041 secs] 311295K->310928K(525192K), 0.0119646 secs] [Times: user=0.03 sys=0.00, real=0.01 secs] 
2024-07-27T21:38:44.446+0800: 6.325: Total time for which application threads were stopped: 0.0120752 seconds, Stopping threads took: 0.0000197 seconds
2024-07-27T21:38:44.556+0800: 6.435: Application time: 0.1101063 seconds
2024-07-27T21:38:44.556+0800: 6.435: [GC (Allocation Failure) 2024-07-27T21:38:44.556+0800: 6.435: [ParNew: 77168K->8192K(78656K), 0.0044577 secs] 379904K->326288K(525192K), 0.0045350 secs] [Times: user=0.00 sys=0.00, real=0.00 secs] 
2024-07-27T21:38:44.560+0800: 6.440: Total time for which application threads were stopped: 0.0046435 seconds, Stopping threads took: 0.0000203 seconds
2024-07-27T21:38:44.560+0800: 6.440: [CMS-concurrent-abortable-preclean: 0.005/0.244 secs] [Times: user=0.05 sys=0.00, real=0.24 secs] 
2024-07-27T21:38:44.561+0800: 6.440: Application time: 0.0002480 seconds
2024-07-27T21:38:44.561+0800: 6.440: [GC (CMS Final Remark) [YG occupancy: 11631 K (78656 K)]2024-07-27T21:38:44.561+0800: 6.440: [Rescan (parallel) , 0.0008863 secs]2024-07-27T21:38:44.562+0800: 6.441: [weak refs processing, 0.0000127 secs]2024-07-27T21:38:44.562+0800: 6.441: [class unloading, 0.0001815 secs]2024-07-27T21:38:44.562+0800: 6.441: [scrub symbol table, 0.0003051 secs]2024-07-27T21:38:44.562+0800: 6.442: [scrub string table, 0.0000910 secs][1 CMS-remark: 318096K(446536K)] 329727K(525192K), 0.0015431 secs] [Times: user=0.00 sys=0.00, real=0.00 secs] 
2024-07-27T21:38:44.562+0800: 6.442: Total time for which application threads were stopped: 0.0017447 seconds, Stopping threads took: 0.0001616 seconds
2024-07-27T21:38:44.563+0800: 6.442: [CMS-concurrent-sweep-start]
2024-07-27T21:38:44.564+0800: 6.443: [CMS-concurrent-sweep: 0.001/0.001 secs] [Times: user=0.00 sys=0.00, real=0.00 secs] 
2024-07-27T21:38:44.564+0800: 6.444: [CMS-concurrent-reset-start]
2024-07-27T21:38:44.565+0800: 6.445: [CMS-concurrent-reset: 0.001/0.001 secs] [Times: user=0.00 sys=0.00, real=0.00 secs] 
2024-07-27T21:38:44.567+0800: 6.447: Application time: 0.0049740 seconds
2024-07-27T21:38:44.567+0800: 6.447: [GC (Allocation Failure) 2024-07-27T21:38:44.567+0800: 6.447: [ParNew: 77168K->8192K(78656K), 0.0119432 secs] 244734K->244367K(525192K), 0.0119900 secs] [Times: user=0.00 sys=0.00, real=0.01 secs] 
2024-07-27T21:38:44.579+0800: 6.459: Total time for which application threads were stopped: 0.0120854 seconds, Stopping threads took: 0.0000138 seconds
2024-07-27T21:38:44.580+0800: 6.459: Application time: 0.0001866 seconds
2024-07-27T21:38:44.580+0800: 6.459: [GC (CMS Initial Mark) [1 CMS-initial-mark: 236174K(446536K)] 247806K(525192K), 0.0008011 secs] [Times: user=0.00 sys=0.00, real=0.00 secs] 
2024-07-27T21:38:44.581+0800: 6.460: Total time for which application threads were stopped: 0.0009740 seconds, Stopping threads took: 0.0001154 seconds
2024-07-27T21:38:44.581+0800: 6.460: [CMS-concurrent-mark-start]
2024-07-27T21:38:44.582+0800: 6.462: [CMS-concurrent-mark: 0.001/0.001 secs] [Times: user=0.00 sys=0.00, real=0.00 secs] 
2024-07-27T21:38:44.582+0800: 6.462: [CMS-concurrent-preclean-start]
2024-07-27T21:38:44.583+0800: 6.462: [CMS-concurrent-preclean: 0.001/0.001 secs] [Times: user=0.01 sys=0.00, real=0.00 secs] 
2024-07-27T21:38:44.583+0800: 6.462: [CMS-concurrent-abortable-preclean-start]
2024-07-27T21:38:44.700+0800: 6.579: Application time: 0.1191951 seconds
2024-07-27T21:38:44.700+0800: 6.579: [GC (Allocation Failure) 2024-07-27T21:38:44.700+0800: 6.579: [ParNew: 77168K->8192K(78656K), 0.0117990 secs] 313343K->312976K(525192K), 0.0118585 secs] [Times: user=0.03 sys=0.00, real=0.01 secs] 
2024-07-27T21:38:44.712+0800: 6.591: Total time for which application threads were stopped: 0.0119802 seconds, Stopping threads took: 0.0000203 seconds
2024-07-27T21:38:44.825+0800: 6.703: Application time: 0.1121043 seconds
2024-07-27T21:38:44.825+0800: 6.703: [GC (Allocation Failure) 2024-07-27T21:38:44.825+0800: 6.704: [ParNew: 77168K->8192K(78656K), 0.0045823 secs] 381952K->329360K(525192K), 0.0046441 secs] [Times: user=0.00 sys=0.00, real=0.00 secs] 
2024-07-27T21:38:44.829+0800: 6.708: Total time for which application threads were stopped: 0.0047545 seconds, Stopping threads took: 0.0000213 seconds
2024-07-27T21:38:44.829+0800: 6.708: [CMS-concurrent-abortable-preclean: 0.005/0.246 secs] [Times: user=0.03 sys=0.00, real=0.25 secs] 
2024-07-27T21:38:44.829+0800: 6.709: Application time: 0.0003183 seconds
2024-07-27T21:38:44.829+0800: 6.709: [GC (CMS Final Remark) [YG occupancy: 12655 K (78656 K)]2024-07-27T21:38:44.829+0800: 6.709: [Rescan (parallel) , 0.0010449 secs]2024-07-27T21:38:44.831+0800: 6.710: [weak refs processing, 0.0000128 secs]2024-07-27T21:38:44.831+0800: 6.710: [class unloading, 0.0001842 secs]2024-07-27T21:38:44.831+0800: 6.710: [scrub symbol table, 0.0003281 secs]2024-07-27T21:38:44.831+0800: 6.710: [scrub string table, 0.0001016 secs][1 CMS-remark: 321168K(446536K)] 333824K(525192K), 0.0017346 secs] [Times: user=0.00 sys=0.00, real=0.00 secs] 
2024-07-27T21:38:44.831+0800: 6.710: Total time for which application threads were stopped: 0.0019110 seconds, Stopping threads took: 0.0001399 seconds
2024-07-27T21:38:44.831+0800: 6.711: [CMS-concurrent-sweep-start]
2024-07-27T21:38:44.833+0800: 6.712: [CMS-concurrent-sweep: 0.001/0.001 secs] [Times: user=0.03 sys=0.00, real=0.00 secs] 
2024-07-27T21:38:44.833+0800: 6.712: [CMS-concurrent-reset-start]
2024-07-27T21:38:44.834+0800: 6.713: [CMS-concurrent-reset: 0.001/0.001 secs] [Times: user=0.00 sys=0.00, real=0.00 secs] 
2024-07-27T21:38:44.836+0800: 6.715: Application time: 0.0050402 seconds
2024-07-27T21:38:44.836+0800: 6.716: [GC (Allocation Failure) 2024-07-27T21:38:44.836+0800: 6.716: [ParNew: 77168K->8192K(78656K), 0.0130028 secs] 246782K->246415K(525192K), 0.0130501 secs] [Times: user=0.03 sys=0.00, real=0.01 secs] 
2024-07-27T21:38:44.849+0800: 6.729: Total time for which application threads were stopped: 0.0132200 seconds, Stopping threads took: 0.0000281 seconds
2024-07-27T21:38:44.849+0800: 6.729: Application time: 0.0002424 seconds
2024-07-27T21:38:44.849+0800: 6.729: [GC (CMS Initial Mark) [1 CMS-initial-mark: 238223K(446536K)] 249854K(525192K), 0.0009186 secs] [Times: user=0.00 sys=0.00, real=0.00 secs] 
2024-07-27T21:38:44.851+0800: 6.730: Total time for which application threads were stopped: 0.0010851 seconds, Stopping threads took: 0.0001163 seconds
2024-07-27T21:38:44.851+0800: 6.730: [CMS-concurrent-mark-start]
2024-07-27T21:38:44.852+0800: 6.731: [CMS-concurrent-mark: 0.001/0.001 secs] [Times: user=0.00 sys=0.00, real=0.00 secs] 
2024-07-27T21:38:44.852+0800: 6.731: [CMS-concurrent-preclean-start]
2024-07-27T21:38:44.852+0800: 6.732: [CMS-concurrent-preclean: 0.001/0.001 secs] [Times: user=0.00 sys=0.00, real=0.00 secs] 
2024-07-27T21:38:44.852+0800: 6.732: [CMS-concurrent-abortable-preclean-start]
2024-07-27T21:38:44.968+0800: 6.847: Application time: 0.1174535 seconds
2024-07-27T21:38:44.968+0800: 6.848: [GC (Allocation Failure) 2024-07-27T21:38:44.968+0800: 6.848: [ParNew: 77168K->8192K(78656K), 0.0115323 secs] 315391K->315024K(525192K), 0.0115961 secs] [Times: user=0.03 sys=0.00, real=0.01 secs] 
2024-07-27T21:38:44.980+0800: 6.859: Total time for which application threads were stopped: 0.0117217 seconds, Stopping threads took: 0.0000193 seconds
2024-07-27T21:38:45.093+0800: 6.972: Application time: 0.1132432 seconds
2024-07-27T21:38:45.094+0800: 6.973: [GC (Allocation Failure) 2024-07-27T21:38:45.094+0800: 6.973: [ParNew: 77168K->8192K(78656K), 0.0047750 secs] 384000K->332432K(525192K), 0.0048348 secs] [Times: user=0.00 sys=0.02, real=0.00 secs] 
2024-07-27T21:38:45.098+0800: 6.977: Total time for which application threads were stopped: 0.0049486 seconds, Stopping threads took: 0.0000238 seconds
2024-07-27T21:38:45.098+0800: 6.977: [CMS-concurrent-abortable-preclean: 0.006/0.245 secs] [Times: user=0.03 sys=0.02, real=0.25 secs] 
2024-07-27T21:38:45.098+0800: 6.978: Application time: 0.0003664 seconds
2024-07-27T21:38:45.099+0800: 6.978: [GC (CMS Final Remark) [YG occupancy: 13679 K (78656 K)]2024-07-27T21:38:45.099+0800: 6.978: [Rescan (parallel) , 0.0009487 secs]2024-07-27T21:38:45.100+0800: 6.979: [weak refs processing, 0.0000128 secs]2024-07-27T21:38:45.100+0800: 6.979: [class unloading, 0.0001885 secs]2024-07-27T21:38:45.100+0800: 6.979: [scrub symbol table, 0.0003410 secs]2024-07-27T21:38:45.100+0800: 6.979: [scrub string table, 0.0001003 secs][1 CMS-remark: 324240K(446536K)] 337920K(525192K), 0.0016595 secs] [Times: user=0.00 sys=0.00, real=0.00 secs] 
2024-07-27T21:38:45.100+0800: 6.980: Total time for which application threads were stopped: 0.0018300 seconds, Stopping threads took: 0.0001349 seconds
2024-07-27T21:38:45.100+0800: 6.980: [CMS-concurrent-sweep-start]
2024-07-27T21:38:45.102+0800: 6.981: [CMS-concurrent-sweep: 0.001/0.001 secs] [Times: user=0.00 sys=0.00, real=0.00 secs] 
2024-07-27T21:38:45.102+0800: 6.981: [CMS-concurrent-reset-start]
2024-07-27T21:38:45.103+0800: 6.983: [CMS-concurrent-reset: 0.001/0.001 secs] [Times: user=0.00 sys=0.00, real=0.00 secs] 
2024-07-27T21:38:45.105+0800: 6.984: Application time: 0.0047433 seconds
2024-07-27T21:38:45.105+0800: 6.984: [GC (Allocation Failure) 2024-07-27T21:38:45.105+0800: 6.984: [ParNew: 77168K->8192K(78656K), 0.0121279 secs] 248830K->248463K(525192K), 0.0121763 secs] [Times: user=0.03 sys=0.00, real=0.01 secs] 
2024-07-27T21:38:45.117+0800: 6.997: Total time for which application threads were stopped: 0.0122684 seconds, Stopping threads took: 0.0000130 seconds
2024-07-27T21:38:45.117+0800: 6.997: Application time: 0.0002326 seconds
2024-07-27T21:38:45.118+0800: 6.997: [GC (CMS Initial Mark) [1 CMS-initial-mark: 240271K(446536K)] 251902K(525192K), 0.0008269 secs] [Times: user=0.00 sys=0.00, real=0.00 secs] 
2024-07-27T21:38:45.118+0800: 6.998: Total time for which application threads were stopped: 0.0009861 seconds, Stopping threads took: 0.0001175 seconds
2024-07-27T21:38:45.119+0800: 6.998: [CMS-concurrent-mark-start]
2024-07-27T21:38:45.120+0800: 6.999: [CMS-concurrent-mark: 0.001/0.001 secs] [Times: user=0.00 sys=0.00, real=0.00 secs] 
2024-07-27T21:38:45.120+0800: 6.999: [CMS-concurrent-preclean-start]
2024-07-27T21:38:45.120+0800: 7.000: [CMS-concurrent-preclean: 0.001/0.001 secs] [Times: user=0.00 sys=0.00, real=0.00 secs] 
2024-07-27T21:38:45.120+0800: 7.000: [CMS-concurrent-abortable-preclean-start]
2024-07-27T21:38:45.238+0800: 7.117: Application time: 0.1190943 seconds
2024-07-27T21:38:45.238+0800: 7.117: [GC (Allocation Failure) 2024-07-27T21:38:45.238+0800: 7.117: [ParNew: 77168K->8200K(78656K), 0.0118042 secs] 317439K->317080K(525192K), 0.0118638 secs] [Times: user=0.03 sys=0.00, real=0.01 secs] 
2024-07-27T21:38:45.250+0800: 7.129: Total time for which application threads were stopped: 0.0119924 seconds, Stopping threads took: 0.0000403 seconds
2024-07-27T21:38:45.362+0800: 7.241: Application time: 0.1124712 seconds
2024-07-27T21:38:45.362+0800: 7.241: [GC (Allocation Failure) 2024-07-27T21:38:45.362+0800: 7.242: [ParNew: 77176K->8192K(78656K), 0.0063211 secs] 386056K->335504K(525192K), 0.0063845 secs] [Times: user=0.03 sys=0.00, real=0.01 secs] 
2024-07-27T21:38:45.368+0800: 7.248: Total time for which application threads were stopped: 0.0065102 seconds, Stopping threads took: 0.0000191 seconds
2024-07-27T21:38:45.369+0800: 7.248: [CMS-concurrent-abortable-preclean: 0.005/0.248 secs] [Times: user=0.06 sys=0.00, real=0.25 secs] 
2024-07-27T21:38:45.369+0800: 7.248: Application time: 0.0003601 seconds
2024-07-27T21:38:45.369+0800: 7.248: [GC (CMS Final Remark) [YG occupancy: 12655 K (78656 K)]2024-07-27T21:38:45.369+0800: 7.248: [Rescan (parallel) , 0.0007424 secs]2024-07-27T21:38:45.370+0800: 7.249: [weak refs processing, 0.0000127 secs]2024-07-27T21:38:45.370+0800: 7.249: [class unloading, 0.0002093 secs]2024-07-27T21:38:45.370+0800: 7.249: [scrub symbol table, 0.0003477 secs]2024-07-27T21:38:45.371+0800: 7.250: [scrub string table, 0.0001009 secs][1 CMS-remark: 327312K(446536K)] 339968K(525192K), 0.0014784 secs] [Times: user=0.00 sys=0.00, real=0.00 secs] 
2024-07-27T21:38:45.371+0800: 7.250: Total time for which application threads were stopped: 0.0015991 seconds, Stopping threads took: 0.0000822 seconds
2024-07-27T21:38:45.371+0800: 7.250: [CMS-concurrent-sweep-start]
2024-07-27T21:38:45.373+0800: 7.252: [CMS-concurrent-sweep: 0.001/0.001 secs] [Times: user=0.00 sys=0.00, real=0.00 secs] 
2024-07-27T21:38:45.373+0800: 7.252: [CMS-concurrent-reset-start]
2024-07-27T21:38:45.374+0800: 7.253: [CMS-concurrent-reset: 0.001/0.001 secs] [Times: user=0.00 sys=0.00, real=0.00 secs] 
2024-07-27T21:38:45.376+0800: 7.255: Application time: 0.0047712 seconds
2024-07-27T21:38:45.376+0800: 7.255: [GC (Allocation Failure) 2024-07-27T21:38:45.376+0800: 7.255: [ParNew: 77168K->8192K(78656K), 0.0117180 secs] 250879K->250511K(525192K), 0.0117715 secs] [Times: user=0.02 sys=0.02, real=0.01 secs] 
2024-07-27T21:38:45.388+0800: 7.267: Total time for which application threads were stopped: 0.0118733 seconds, Stopping threads took: 0.0000137 seconds
2024-07-27T21:38:45.388+0800: 7.267: Application time: 0.0001734 seconds
2024-07-27T21:38:45.388+0800: 7.267: [GC (CMS Initial Mark) [1 CMS-initial-mark: 242319K(446536K)] 253951K(525192K), 0.0009024 secs] [Times: user=0.00 sys=0.00, real=0.00 secs] 
2024-07-27T21:38:45.389+0800: 7.268: Total time for which application threads were stopped: 0.0011074 seconds, Stopping threads took: 0.0001615 seconds
2024-07-27T21:38:45.389+0800: 7.268: [CMS-concurrent-mark-start]
2024-07-27T21:38:45.390+0800: 7.269: [CMS-concurrent-mark: 0.001/0.001 secs] [Times: user=0.00 sys=0.00, real=0.00 secs] 
2024-07-27T21:38:45.390+0800: 7.269: [CMS-concurrent-preclean-start]
2024-07-27T21:38:45.391+0800: 7.270: [CMS-concurrent-preclean: 0.001/0.001 secs] [Times: user=0.00 sys=0.00, real=0.00 secs] 
2024-07-27T21:38:45.391+0800: 7.270: [CMS-concurrent-abortable-preclean-start]
2024-07-27T21:38:45.506+0800: 7.385: Application time: 0.1176580 seconds
2024-07-27T21:38:45.506+0800: 7.386: [GC (Allocation Failure) 2024-07-27T21:38:45.506+0800: 7.386: [ParNew: 77168K->8192K(78656K), 0.0120592 secs] 319488K->319120K(525192K), 0.0121659 secs] [Times: user=0.00 sys=0.00, real=0.01 secs] 
2024-07-27T21:38:45.519+0800: 7.398: Total time for which application threads were stopped: 0.0122846 seconds, Stopping threads took: 0.0000191 seconds
2024-07-27T21:38:45.631+0800: 7.510: Application time: 0.1125915 seconds
2024-07-27T21:38:45.631+0800: 7.510: [GC (Allocation Failure) 2024-07-27T21:38:45.631+0800: 7.510: [ParNew: 77168K->8192K(78656K), 0.0052822 secs] 388097K->338577K(525192K), 0.0053409 secs] [Times: user=0.00 sys=0.00, real=0.01 secs] 
2024-07-27T21:38:45.637+0800: 7.516: Total time for which application threads were stopped: 0.0054518 seconds, Stopping threads took: 0.0000202 seconds
2024-07-27T21:38:45.637+0800: 7.516: [CMS-concurrent-abortable-preclean: 0.005/0.246 secs] [Times: user=0.08 sys=0.00, real=0.25 secs] 
2024-07-27T21:38:45.637+0800: 7.516: Application time: 0.0002987 seconds
2024-07-27T21:38:45.637+0800: 7.516: [GC (CMS Final Remark) [YG occupancy: 12655 K (78656 K)]2024-07-27T21:38:45.637+0800: 7.516: [Rescan (parallel) , 0.0008709 secs]2024-07-27T21:38:45.638+0800: 7.517: [weak refs processing, 0.0000126 secs]2024-07-27T21:38:45.638+0800: 7.517: [class unloading, 0.0001773 secs]2024-07-27T21:38:45.638+0800: 7.517: [scrub symbol table, 0.0003465 secs]2024-07-27T21:38:45.638+0800: 7.518: [scrub string table, 0.0001166 secs][1 CMS-remark: 330384K(446536K)] 343040K(525192K), 0.0015852 secs] [Times: user=0.00 sys=0.00, real=0.00 secs] 
2024-07-27T21:38:45.639+0800: 7.518: Total time for which application threads were stopped: 0.0017028 seconds, Stopping threads took: 0.0000820 seconds
2024-07-27T21:38:45.639+0800: 7.518: [CMS-concurrent-sweep-start]
2024-07-27T21:38:45.640+0800: 7.520: [CMS-concurrent-sweep: 0.001/0.001 secs] [Times: user=0.00 sys=0.00, real=0.00 secs] 
2024-07-27T21:38:45.640+0800: 7.520: [CMS-concurrent-reset-start]
2024-07-27T21:38:45.641+0800: 7.521: [CMS-concurrent-reset: 0.001/0.001 secs] [Times: user=0.00 sys=0.00, real=0.00 secs] 
2024-07-27T21:38:45.643+0800: 7.523: Application time: 0.0047444 seconds
2024-07-27T21:38:45.643+0800: 7.523: [GC (Allocation Failure) 2024-07-27T21:38:45.643+0800: 7.523: [ParNew: 77168K->8192K(78656K), 0.0139659 secs] 252927K->252559K(525192K), 0.0140132 secs] [Times: user=0.03 sys=0.00, real=0.02 secs] 
2024-07-27T21:38:45.658+0800: 7.537: Total time for which application threads were stopped: 0.0141067 seconds, Stopping threads took: 0.0000123 seconds
2024-07-27T21:38:45.658+0800: 7.537: Application time: 0.0002473 seconds
2024-07-27T21:38:45.658+0800: 7.537: [GC (CMS Initial Mark) [1 CMS-initial-mark: 244367K(446536K)] 255999K(525192K), 0.0007264 secs] [Times: user=0.00 sys=0.00, real=0.00 secs] 
2024-07-27T21:38:45.659+0800: 7.538: Total time for which application threads were stopped: 0.0008935 seconds, Stopping threads took: 0.0001252 seconds
2024-07-27T21:38:45.659+0800: 7.538: [CMS-concurrent-mark-start]
2024-07-27T21:38:45.660+0800: 7.539: [CMS-concurrent-mark: 0.001/0.001 secs] [Times: user=0.00 sys=0.00, real=0.00 secs] 
2024-07-27T21:38:45.660+0800: 7.539: [CMS-concurrent-preclean-start]
2024-07-27T21:38:45.661+0800: 7.540: [CMS-concurrent-preclean: 0.001/0.001 secs] [Times: user=0.02 sys=0.00, real=0.00 secs] 
2024-07-27T21:38:45.661+0800: 7.540: [CMS-concurrent-abortable-preclean-start]
2024-07-27T21:38:45.774+0800: 7.653: Application time: 0.1152509 seconds
2024-07-27T21:38:45.774+0800: 7.653: [GC (Allocation Failure) 2024-07-27T21:38:45.774+0800: 7.653: [ParNew: 77168K->8192K(78656K), 0.0118608 secs] 321536K->321168K(525192K), 0.0119311 secs] [Times: user=0.00 sys=0.02, real=0.01 secs] 
2024-07-27T21:38:45.786+0800: 7.665: Total time for which application threads were stopped: 0.0120813 seconds, Stopping threads took: 0.0000203 seconds
2024-07-27T21:38:45.898+0800: 7.778: Application time: 0.1124809 seconds
2024-07-27T21:38:45.898+0800: 7.778: [GC (Allocation Failure) 2024-07-27T21:38:45.898+0800: 7.778: [ParNew: 77168K->8192K(78656K), 0.0051532 secs] 390145K->341649K(525192K), 0.0052593 secs] [Times: user=0.00 sys=0.00, real=0.01 secs] 
2024-07-27T21:38:45.904+0800: 7.783: Total time for which application threads were stopped: 0.0053743 seconds, Stopping threads took: 0.0000196 seconds
2024-07-27T21:38:45.904+0800: 7.783: [CMS-concurrent-abortable-preclean: 0.005/0.243 secs] [Times: user=0.00 sys=0.02, real=0.24 secs] 
2024-07-27T21:38:45.904+0800: 7.783: Application time: 0.0002848 seconds
2024-07-27T21:38:45.904+0800: 7.783: [GC (CMS Final Remark) [YG occupancy: 12655 K (78656 K)]2024-07-27T21:38:45.904+0800: 7.783: [Rescan (parallel) , 0.0009910 secs]2024-07-27T21:38:45.905+0800: 7.784: [weak refs processing, 0.0000127 secs]2024-07-27T21:38:45.905+0800: 7.784: [class unloading, 0.0001837 secs]2024-07-27T21:38:45.906+0800: 7.785: [scrub symbol table, 0.0003298 secs]2024-07-27T21:38:45.906+0800: 7.785: [scrub string table, 0.0001172 secs][1 CMS-remark: 333456K(446536K)] 346112K(525192K), 0.0016981 secs] [Times: user=0.00 sys=0.00, real=0.00 secs] 
2024-07-27T21:38:45.906+0800: 7.785: Total time for which application threads were stopped: 0.0018206 seconds, Stopping threads took: 0.0000869 seconds
2024-07-27T21:38:45.906+0800: 7.785: [CMS-concurrent-sweep-start]
2024-07-27T21:38:45.907+0800: 7.787: [CMS-concurrent-sweep: 0.001/0.001 secs] [Times: user=0.00 sys=0.00, real=0.00 secs] 
2024-07-27T21:38:45.907+0800: 7.787: [CMS-concurrent-reset-start]
2024-07-27T21:38:45.909+0800: 7.788: [CMS-concurrent-reset: 0.001/0.001 secs] [Times: user=0.00 sys=0.00, real=0.00 secs] 
2024-07-27T21:38:45.910+0800: 7.790: Application time: 0.0047434 seconds
2024-07-27T21:38:45.910+0800: 7.790: [GC (Allocation Failure) 2024-07-27T21:38:45.910+0800: 7.790: [ParNew: 77168K->8192K(78656K), 0.0124795 secs] 254975K->254607K(525192K), 0.0125282 secs] [Times: user=0.01 sys=0.00, real=0.01 secs] 
2024-07-27T21:38:45.923+0800: 7.803: Total time for which application threads were stopped: 0.0126322 seconds, Stopping threads took: 0.0000129 seconds
2024-07-27T21:38:45.923+0800: 7.803: Application time: 0.0002538 seconds
2024-07-27T21:38:45.923+0800: 7.803: [GC (CMS Initial Mark) [1 CMS-initial-mark: 246415K(446536K)] 258047K(525192K), 0.0008422 secs] [Times: user=0.00 sys=0.00, real=0.00 secs] 
2024-07-27T21:38:45.925+0800: 7.804: Total time for which application threads were stopped: 0.0009503 seconds, Stopping threads took: 0.0000679 seconds
2024-07-27T21:38:45.925+0800: 7.804: [CMS-concurrent-mark-start]
2024-07-27T21:38:45.925+0800: 7.805: [CMS-concurrent-mark: 0.001/0.001 secs] [Times: user=0.00 sys=0.00, real=0.00 secs] 
2024-07-27T21:38:45.925+0800: 7.805: [CMS-concurrent-preclean-start]
2024-07-27T21:38:45.926+0800: 7.805: [CMS-concurrent-preclean: 0.001/0.001 secs] [Times: user=0.02 sys=0.00, real=0.00 secs] 
2024-07-27T21:38:45.926+0800: 7.805: [CMS-concurrent-abortable-preclean-start]
2024-07-27T21:38:46.043+0800: 7.923: Application time: 0.1189999 seconds
2024-07-27T21:38:46.043+0800: 7.923: [GC (Allocation Failure) 2024-07-27T21:38:46.043+0800: 7.923: [ParNew: 77168K->8192K(78656K), 0.0114199 secs] 323584K->323216K(525192K), 0.0114795 secs] [Times: user=0.03 sys=0.00, real=0.01 secs] 
2024-07-27T21:38:46.055+0800: 7.934: Total time for which application threads were stopped: 0.0115975 seconds, Stopping threads took: 0.0000202 seconds
2024-07-27T21:38:46.167+0800: 8.047: Application time: 0.1122648 seconds
2024-07-27T21:38:46.167+0800: 8.047: [GC (Allocation Failure) 2024-07-27T21:38:46.167+0800: 8.047: [ParNew: 77168K->8192K(78656K), 0.0052286 secs] 392193K->344721K(525192K), 0.0053062 secs] [Times: user=0.00 sys=0.00, real=0.01 secs] 
2024-07-27T21:38:46.173+0800: 8.052: Total time for which application threads were stopped: 0.0054170 seconds, Stopping threads took: 0.0000199 seconds
2024-07-27T21:38:46.173+0800: 8.052: [CMS-concurrent-abortable-preclean: 0.005/0.247 secs] [Times: user=0.03 sys=0.00, real=0.25 secs] 
2024-07-27T21:38:46.173+0800: 8.053: Application time: 0.0005935 seconds
2024-07-27T21:38:46.174+0800: 8.053: [GC (CMS Final Remark) [YG occupancy: 17775 K (78656 K)]2024-07-27T21:38:46.174+0800: 8.053: [Rescan (parallel) , 0.0007834 secs]2024-07-27T21:38:46.174+0800: 8.054: [weak refs processing, 0.0000127 secs]2024-07-27T21:38:46.174+0800: 8.054: [class unloading, 0.0001924 secs]2024-07-27T21:38:46.174+0800: 8.054: [scrub symbol table, 0.0003609 secs]2024-07-27T21:38:46.175+0800: 8.054: [scrub string table, 0.0001013 secs][1 CMS-remark: 336528K(446536K)] 354304K(525192K), 0.0015194 secs] [Times: user=0.00 sys=0.00, real=0.00 secs] 
2024-07-27T21:38:46.175+0800: 8.054: Total time for which application threads were stopped: 0.0017101 seconds, Stopping threads took: 0.0001536 seconds
2024-07-27T21:38:46.175+0800: 8.055: [CMS-concurrent-sweep-start]
2024-07-27T21:38:46.176+0800: 8.056: [CMS-concurrent-sweep: 0.001/0.001 secs] [Times: user=0.00 sys=0.00, real=0.00 secs] 
2024-07-27T21:38:46.176+0800: 8.056: [CMS-concurrent-reset-start]
2024-07-27T21:38:46.177+0800: 8.057: [CMS-concurrent-reset: 0.001/0.001 secs] [Times: user=0.03 sys=0.00, real=0.00 secs] 
2024-07-27T21:38:46.179+0800: 8.059: Application time: 0.0044859 seconds
2024-07-27T21:38:46.179+0800: 8.059: [GC (Allocation Failure) 2024-07-27T21:38:46.179+0800: 8.059: [ParNew: 77168K->8192K(78656K), 0.0119898 secs] 257023K->256655K(525192K), 0.0120384 secs] [Times: user=0.00 sys=0.00, real=0.01 secs] 
2024-07-27T21:38:46.191+0800: 8.071: Total time for which application threads were stopped: 0.0121369 seconds, Stopping threads took: 0.0000132 seconds
2024-07-27T21:38:46.192+0800: 8.071: Application time: 0.0001453 seconds
2024-07-27T21:38:46.192+0800: 8.071: [GC (CMS Initial Mark) [1 CMS-initial-mark: 248463K(446536K)] 260095K(525192K), 0.0008523 secs] [Times: user=0.00 sys=0.00, real=0.00 secs] 
2024-07-27T21:38:46.193+0800: 8.072: Total time for which application threads were stopped: 0.0010623 seconds, Stopping threads took: 0.0001677 seconds
2024-07-27T21:38:46.193+0800: 8.072: [CMS-concurrent-mark-start]
2024-07-27T21:38:46.194+0800: 8.073: [CMS-concurrent-mark: 0.001/0.001 secs] [Times: user=0.00 sys=0.00, real=0.00 secs] 
2024-07-27T21:38:46.194+0800: 8.073: [CMS-concurrent-preclean-start]
2024-07-27T21:38:46.194+0800: 8.074: [CMS-concurrent-preclean: 0.001/0.001 secs] [Times: user=0.00 sys=0.00, real=0.00 secs] 
2024-07-27T21:38:46.194+0800: 8.074: [CMS-concurrent-abortable-preclean-start]
2024-07-27T21:38:46.311+0800: 8.191: Application time: 0.1185331 seconds
2024-07-27T21:38:46.311+0800: 8.191: [GC (Allocation Failure) 2024-07-27T21:38:46.311+0800: 8.191: [ParNew: 77168K->8192K(78656K), 0.0120964 secs] 325632K->325264K(525192K), 0.0121561 secs] [Times: user=0.03 sys=0.00, real=0.01 secs] 
2024-07-27T21:38:46.324+0800: 8.203: Total time for which application threads were stopped: 0.0122665 seconds, Stopping threads took: 0.0000197 seconds
2024-07-27T21:38:46.435+0800: 8.314: Application time: 0.1112362 seconds
2024-07-27T21:38:46.435+0800: 8.314: [GC (Allocation Failure) 2024-07-27T21:38:46.435+0800: 8.314: [ParNew: 77168K->8192K(78656K), 0.0056096 secs] 394241K->347793K(525192K), 0.0056829 secs] [Times: user=0.00 sys=0.00, real=0.01 secs] 
2024-07-27T21:38:46.440+0800: 8.320: Total time for which application threads were stopped: 0.0057899 seconds, Stopping threads took: 0.0000199 seconds
2024-07-27T21:38:46.440+0800: 8.320: [CMS-concurrent-abortable-preclean: 0.005/0.246 secs] [Times: user=0.03 sys=0.00, real=0.25 secs] 
2024-07-27T21:38:46.441+0800: 8.320: Application time: 0.0001773 seconds
2024-07-27T21:38:46.441+0800: 8.320: [GC (CMS Final Remark) [YG occupancy: 11631 K (78656 K)]2024-07-27T21:38:46.441+0800: 8.320: [Rescan (parallel) , 0.0005693 secs]2024-07-27T21:38:46.442+0800: 8.321: [weak refs processing, 0.0000127 secs]2024-07-27T21:38:46.442+0800: 8.321: [class unloading, 0.0001965 secs]2024-07-27T21:38:46.442+0800: 8.321: [scrub symbol table, 0.0003387 secs]2024-07-27T21:38:46.442+0800: 8.322: [scrub string table, 0.0001497 secs][1 CMS-remark: 339601K(446536K)] 351232K(525192K), 0.0013343 secs] [Times: user=0.00 sys=0.01, real=0.00 secs] 
2024-07-27T21:38:46.442+0800: 8.322: Total time for which application threads were stopped: 0.0015171 seconds, Stopping threads took: 0.0001450 seconds
2024-07-27T21:38:46.442+0800: 8.322: [CMS-concurrent-sweep-start]
2024-07-27T21:38:46.443+0800: 8.323: [CMS-concurrent-sweep: 0.001/0.001 secs] [Times: user=0.00 sys=0.00, real=0.00 secs] 
2024-07-27T21:38:46.443+0800: 8.323: [CMS-concurrent-reset-start]
2024-07-27T21:38:46.445+0800: 8.325: [CMS-concurrent-reset: 0.001/0.001 secs] [Times: user=0.00 sys=0.00, real=0.00 secs] 
2024-07-27T21:38:46.447+0800: 8.327: Application time: 0.0049608 seconds
2024-07-27T21:38:46.447+0800: 8.327: [GC (Allocation Failure) 2024-07-27T21:38:46.447+0800: 8.327: [ParNew: 77168K->8192K(78656K), 0.0121409 secs] 259071K->258703K(525192K), 0.0121898 secs] [Times: user=0.03 sys=0.00, real=0.01 secs] 
2024-07-27T21:38:46.459+0800: 8.339: Total time for which application threads were stopped: 0.0122853 seconds, Stopping threads took: 0.0000129 seconds
2024-07-27T21:38:46.459+0800: 8.339: Application time: 0.0002313 seconds
2024-07-27T21:38:46.460+0800: 8.339: [GC (CMS Initial Mark) [1 CMS-initial-mark: 250511K(446536K)] 262143K(525192K), 0.0008200 secs] [Times: user=0.00 sys=0.00, real=0.00 secs] 
2024-07-27T21:38:46.461+0800: 8.340: Total time for which application threads were stopped: 0.0009532 seconds, Stopping threads took: 0.0000910 seconds
2024-07-27T21:38:46.461+0800: 8.340: [CMS-concurrent-mark-start]
2024-07-27T21:38:46.461+0800: 8.341: [CMS-concurrent-mark: 0.001/0.001 secs] [Times: user=0.00 sys=0.00, real=0.00 secs] 
2024-07-27T21:38:46.461+0800: 8.341: [CMS-concurrent-preclean-start]
2024-07-27T21:38:46.462+0800: 8.342: [CMS-concurrent-preclean: 0.001/0.001 secs] [Times: user=0.00 sys=0.00, real=0.00 secs] 
2024-07-27T21:38:46.462+0800: 8.342: [CMS-concurrent-abortable-preclean-start]
2024-07-27T21:38:46.579+0800: 8.459: Application time: 0.1184050 seconds
2024-07-27T21:38:46.579+0800: 8.459: [GC (Allocation Failure) 2024-07-27T21:38:46.579+0800: 8.459: [ParNew: 77168K->8192K(78656K), 0.0119989 secs] 327680K->327312K(525192K), 0.0120570 secs] [Times: user=0.03 sys=0.00, real=0.01 secs] 
2024-07-27T21:38:46.592+0800: 8.471: Total time for which application threads were stopped: 0.0121683 seconds, Stopping threads took: 0.0000202 seconds
2024-07-27T21:38:46.703+0800: 8.582: Application time: 0.1116871 seconds
2024-07-27T21:38:46.703+0800: 8.582: [GC (Allocation Failure) 2024-07-27T21:38:46.703+0800: 8.582: [ParNew: 77543K->8196K(78656K), 0.0053540 secs] 396664K->349845K(525192K), 0.0054132 secs] [Times: user=0.03 sys=0.00, real=0.01 secs] 
2024-07-27T21:38:46.709+0800: 8.588: Total time for which application threads were stopped: 0.0055409 seconds, Stopping threads took: 0.0000190 seconds
2024-07-27T21:38:46.709+0800: 8.588: [CMS-concurrent-abortable-preclean: 0.005/0.246 secs] [Times: user=0.06 sys=0.00, real=0.25 secs] 
2024-07-27T21:38:46.709+0800: 8.588: Application time: 0.0002931 seconds
2024-07-27T21:38:46.709+0800: 8.588: [GC (CMS Final Remark) [YG occupancy: 12649 K (78656 K)]2024-07-27T21:38:46.709+0800: 8.588: [Rescan (parallel) , 0.0011279 secs]2024-07-27T21:38:46.711+0800: 8.590: [weak refs processing, 0.0000127 secs]2024-07-27T21:38:46.711+0800: 8.590: [class unloading, 0.0001957 secs]2024-07-27T21:38:46.711+0800: 8.590: [scrub symbol table, 0.0003389 secs]2024-07-27T21:38:46.711+0800: 8.590: [scrub string table, 0.0000999 secs][1 CMS-remark: 341649K(446536K)] 354299K(525192K), 0.0018385 secs] [Times: user=0.00 sys=0.00, real=0.00 secs] 
2024-07-27T21:38:46.711+0800: 8.590: Total time for which application threads were stopped: 0.0020460 seconds, Stopping threads took: 0.0001712 seconds
2024-07-27T21:38:46.712+0800: 8.590: [CMS-concurrent-sweep-start]
2024-07-27T21:38:46.713+0800: 8.592: [CMS-concurrent-sweep: 0.001/0.001 secs] [Times: user=0.00 sys=0.00, real=0.00 secs] 
2024-07-27T21:38:46.713+0800: 8.592: [CMS-concurrent-reset-start]
2024-07-27T21:38:46.714+0800: 8.593: [CMS-concurrent-reset: 0.001/0.001 secs] [Times: user=0.00 sys=0.00, real=0.00 secs] 
2024-07-27T21:38:46.716+0800: 8.595: Application time: 0.0048617 seconds
2024-07-27T21:38:46.716+0800: 8.595: [GC (Allocation Failure) 2024-07-27T21:38:46.716+0800: 8.595: [ParNew: 77162K->8192K(78656K), 0.0121504 secs] 260089K->259727K(525192K), 0.0121988 secs] [Times: user=0.03 sys=0.00, real=0.01 secs] 
2024-07-27T21:38:46.728+0800: 8.607: Total time for which application threads were stopped: 0.0122945 seconds, Stopping threads took: 0.0000134 seconds
2024-07-27T21:38:46.729+0800: 8.608: Application time: 0.0002399 seconds
2024-07-27T21:38:46.729+0800: 8.608: [GC (CMS Initial Mark) [1 CMS-initial-mark: 251535K(446536K)] 263161K(525192K), 0.0007144 secs] [Times: user=0.00 sys=0.00, real=0.00 secs] 
2024-07-27T21:38:46.730+0800: 8.609: Total time for which application threads were stopped: 0.0008874 seconds, Stopping threads took: 0.0001312 seconds
2024-07-27T21:38:46.730+0800: 8.609: [CMS-concurrent-mark-start]
2024-07-27T21:38:46.731+0800: 8.610: [CMS-concurrent-mark: 0.001/0.001 secs] [Times: user=0.00 sys=0.00, real=0.00 secs] 
2024-07-27T21:38:46.731+0800: 8.610: [CMS-concurrent-preclean-start]
2024-07-27T21:38:46.731+0800: 8.610: [CMS-concurrent-preclean: 0.001/0.001 secs] [Times: user=0.00 sys=0.00, real=0.00 secs] 
2024-07-27T21:38:46.731+0800: 8.610: [CMS-concurrent-abortable-preclean-start]
2024-07-27T21:38:46.847+0800: 8.727: Application time: 0.1180210 seconds
2024-07-27T21:38:46.847+0800: 8.727: [GC (Allocation Failure) 2024-07-27T21:38:46.847+0800: 8.727: [ParNew: 77162K->8192K(78656K), 0.0122412 secs] 328698K->328336K(525192K), 0.0123019 secs] [Times: user=0.03 sys=0.00, real=0.01 secs] 
2024-07-27T21:38:46.860+0800: 8.739: Total time for which application threads were stopped: 0.0124127 seconds, Stopping threads took: 0.0000204 seconds
2024-07-27T21:38:46.971+0800: 8.850: Application time: 0.1114478 seconds
2024-07-27T21:38:46.971+0800: 8.851: [GC (Allocation Failure) 2024-07-27T21:38:46.971+0800: 8.851: [ParNew: 77164K->8192K(78656K), 0.0056688 secs] 397309K->351889K(525192K), 0.0057292 secs] [Times: user=0.03 sys=0.00, real=0.01 secs] 
2024-07-27T21:38:46.977+0800: 8.856: Total time for which application threads were stopped: 0.0058413 seconds, Stopping threads took: 0.0000198 seconds
2024-07-27T21:38:46.977+0800: 8.856: [CMS-concurrent-abortable-preclean: 0.005/0.246 secs] [Times: user=0.06 sys=0.00, real=0.25 secs] 
2024-07-27T21:38:46.977+0800: 8.857: Application time: 0.0003472 seconds
2024-07-27T21:38:46.978+0800: 8.857: [GC (CMS Final Remark) [YG occupancy: 12653 K (78656 K)]2024-07-27T21:38:46.978+0800: 8.857: [Rescan (parallel) , 0.0009564 secs]2024-07-27T21:38:46.979+0800: 8.858: [weak refs processing, 0.0000133 secs]2024-07-27T21:38:46.979+0800: 8.858: [class unloading, 0.0001820 secs]2024-07-27T21:38:46.979+0800: 8.858: [scrub symbol table, 0.0003424 secs]2024-07-27T21:38:46.979+0800: 8.858: [scrub string table, 0.0001125 secs][1 CMS-remark: 343697K(446536K)] 356350K(525192K), 0.0016723 secs] [Times: user=0.00 sys=0.00, real=0.00 secs] 
2024-07-27T21:38:46.979+0800: 8.859: Total time for which application threads were stopped: 0.0018358 seconds, Stopping threads took: 0.0001277 seconds
2024-07-27T21:38:46.979+0800: 8.859: [CMS-concurrent-sweep-start]
2024-07-27T21:38:46.981+0800: 8.860: [CMS-concurrent-sweep: 0.001/0.001 secs] [Times: user=0.00 sys=0.00, real=0.00 secs] 
2024-07-27T21:38:46.981+0800: 8.860: [CMS-concurrent-reset-start]
2024-07-27T21:38:46.982+0800: 8.861: [CMS-concurrent-reset: 0.001/0.001 secs] [Times: user=0.00 sys=0.00, real=0.00 secs] 
2024-07-27T21:38:46.984+0800: 8.863: Application time: 0.0047326 seconds
2024-07-27T21:38:46.984+0800: 8.863: [GC (Allocation Failure) 2024-07-27T21:38:46.984+0800: 8.863: [ParNew: 77166K->8192K(78656K), 0.0123464 secs] 261116K->260751K(525192K), 0.0123940 secs] [Times: user=0.03 sys=0.00, real=0.01 secs] 
2024-07-27T21:38:46.996+0800: 8.876: Total time for which application threads were stopped: 0.0124873 seconds, Stopping threads took: 0.0000120 seconds
2024-07-27T21:38:46.997+0800: 8.876: Application time: 0.0001772 seconds
2024-07-27T21:38:46.997+0800: 8.876: [GC (CMS Initial Mark) [1 CMS-initial-mark: 252559K(446536K)] 264189K(525192K), 0.0008720 secs] [Times: user=0.00 sys=0.00, real=0.00 secs] 
2024-07-27T21:38:46.998+0800: 8.877: Total time for which application threads were stopped: 0.0010642 seconds, Stopping threads took: 0.0001478 seconds
2024-07-27T21:38:46.998+0800: 8.877: [CMS-concurrent-mark-start]
2024-07-27T21:38:46.999+0800: 8.878: [CMS-concurrent-mark: 0.001/0.001 secs] [Times: user=0.00 sys=0.00, real=0.00 secs] 
2024-07-27T21:38:46.999+0800: 8.878: [CMS-concurrent-preclean-start]
2024-07-27T21:38:46.999+0800: 8.879: [CMS-concurrent-preclean: 0.001/0.001 secs] [Times: user=0.00 sys=0.00, real=0.00 secs] 
2024-07-27T21:38:46.999+0800: 8.879: [CMS-concurrent-abortable-preclean-start]
2024-07-27T21:38:47.115+0800: 8.994: Application time: 0.1165924 seconds
2024-07-27T21:38:47.115+0800: 8.994: [GC (Allocation Failure) 2024-07-27T21:38:47.115+0800: 8.994: [ParNew: 77167K->8192K(78656K), 0.0119880 secs] 329726K->329360K(525192K), 0.0120448 secs] [Times: user=0.00 sys=0.00, real=0.01 secs] 
2024-07-27T21:38:47.127+0800: 9.006: Total time for which application threads were stopped: 0.0121700 seconds, Stopping threads took: 0.0000195 seconds
2024-07-27T21:38:47.238+0800: 9.117: Application time: 0.1108455 seconds
2024-07-27T21:38:47.238+0800: 9.117: [GC (Allocation Failure) 2024-07-27T21:38:47.238+0800: 9.117: [ParNew: 77167K->8192K(78656K), 0.0060693 secs] 398336K->353937K(525192K), 0.0061294 secs] [Times: user=0.03 sys=0.00, real=0.01 secs] 
2024-07-27T21:38:47.243+0800: 9.123: Total time for which application threads were stopped: 0.0062414 seconds, Stopping threads took: 0.0000201 seconds
2024-07-27T21:38:47.243+0800: 9.123: [CMS-concurrent-abortable-preclean: 0.005/0.244 secs] [Times: user=0.05 sys=0.00, real=0.24 secs] 
2024-07-27T21:38:47.244+0800: 9.123: Application time: 0.0003108 seconds
2024-07-27T21:38:47.244+0800: 9.123: [GC (CMS Final Remark) [YG occupancy: 12655 K (78656 K)]2024-07-27T21:38:47.244+0800: 9.123: [Rescan (parallel) , 0.0008683 secs]2024-07-27T21:38:47.245+0800: 9.124: [weak refs processing, 0.0000129 secs]2024-07-27T21:38:47.245+0800: 9.124: [class unloading, 0.0001966 secs]2024-07-27T21:38:47.245+0800: 9.124: [scrub symbol table, 0.0003426 secs]2024-07-27T21:38:47.245+0800: 9.125: [scrub string table, 0.0001003 secs][1 CMS-remark: 345745K(446536K)] 358400K(525192K), 0.0015850 secs] [Times: user=0.00 sys=0.00, real=0.00 secs] 
2024-07-27T21:38:47.245+0800: 9.125: Total time for which application threads were stopped: 0.0018018 seconds, Stopping threads took: 0.0001806 seconds
2024-07-27T21:38:47.246+0800: 9.125: [CMS-concurrent-sweep-start]
2024-07-27T21:38:47.247+0800: 9.127: [CMS-concurrent-sweep: 0.001/0.001 secs] [Times: user=0.00 sys=0.00, real=0.00 secs] 
2024-07-27T21:38:47.247+0800: 9.127: [CMS-concurrent-reset-start]
2024-07-27T21:38:47.248+0800: 9.128: [CMS-concurrent-reset: 0.001/0.001 secs] [Times: user=0.00 sys=0.00, real=0.00 secs] 
2024-07-27T21:38:47.250+0800: 9.130: Application time: 0.0048305 seconds
2024-07-27T21:38:47.250+0800: 9.130: [GC (Allocation Failure) 2024-07-27T21:38:47.250+0800: 9.130: [ParNew: 77168K->8192K(78656K), 0.0118542 secs] 263166K->262799K(525192K), 0.0119017 secs] [Times: user=0.03 sys=0.00, real=0.01 secs] 
2024-07-27T21:38:47.262+0800: 9.142: Total time for which application threads were stopped: 0.0119961 seconds, Stopping threads took: 0.0000128 seconds
2024-07-27T21:38:47.262+0800: 9.142: Application time: 0.0002058 seconds
2024-07-27T21:38:47.262+0800: 9.142: [GC (CMS Initial Mark) [1 CMS-initial-mark: 254607K(446536K)] 265215K(525192K), 0.0008358 secs] [Times: user=0.00 sys=0.00, real=0.00 secs] 
2024-07-27T21:38:47.263+0800: 9.143: Total time for which application threads were stopped: 0.0008964 seconds, Stopping threads took: 0.0000203 seconds
2024-07-27T21:38:47.263+0800: 9.143: [CMS-concurrent-mark-start]
2024-07-27T21:38:47.264+0800: 9.144: [CMS-concurrent-mark: 0.001/0.001 secs] [Times: user=0.00 sys=0.00, real=0.00 secs] 
2024-07-27T21:38:47.264+0800: 9.144: [CMS-concurrent-preclean-start]
2024-07-27T21:38:47.265+0800: 9.145: [CMS-concurrent-preclean: 0.001/0.001 secs] [Times: user=0.00 sys=0.00, real=0.00 secs] 
2024-07-27T21:38:47.265+0800: 9.145: [CMS-concurrent-abortable-preclean-start]
2024-07-27T21:38:47.381+0800: 9.260: Application time: 0.1174373 seconds
2024-07-27T21:38:47.381+0800: 9.260: [GC (Allocation Failure) 2024-07-27T21:38:47.381+0800: 9.260: [ParNew: 77168K->8192K(78656K), 0.0120344 secs] 331776K->331408K(525192K), 0.0120965 secs] [Times: user=0.00 sys=0.00, real=0.01 secs] 
2024-07-27T21:38:47.394+0800: 9.273: Total time for which application threads were stopped: 0.0122261 seconds, Stopping threads took: 0.0000200 seconds
2024-07-27T21:38:47.504+0800: 9.384: Application time: 0.1109869 seconds
2024-07-27T21:38:47.505+0800: 9.384: [GC (Allocation Failure) 2024-07-27T21:38:47.505+0800: 9.384: [ParNew: 77171K->8192K(78656K), 0.0059466 secs] 400387K->357009K(525192K), 0.0060069 secs] [Times: user=0.00 sys=0.00, real=0.01 secs] 
2024-07-27T21:38:47.511+0800: 9.390: Total time for which application threads were stopped: 0.0061167 seconds, Stopping threads took: 0.0000191 seconds
2024-07-27T21:38:47.511+0800: 9.390: [CMS-concurrent-abortable-preclean: 0.005/0.245 secs] [Times: user=0.05 sys=0.00, real=0.25 secs] 
2024-07-27T21:38:47.511+0800: 9.390: Application time: 0.0003089 seconds
2024-07-27T21:38:47.511+0800: 9.390: [GC (CMS Final Remark) [YG occupancy: 12649 K (78656 K)]2024-07-27T21:38:47.511+0800: 9.390: [Rescan (parallel) , 0.0009845 secs]2024-07-27T21:38:47.512+0800: 9.391: [weak refs processing, 0.0000128 secs]2024-07-27T21:38:47.512+0800: 9.391: [class unloading, 0.0002221 secs]2024-07-27T21:38:47.512+0800: 9.391: [scrub symbol table, 0.0003831 secs]2024-07-27T21:38:47.513+0800: 9.392: [scrub string table, 0.0001003 secs][1 CMS-remark: 348817K(446536K)] 361467K(525192K), 0.0017660 secs] [Times: user=0.00 sys=0.00, real=0.00 secs] 
2024-07-27T21:38:47.513+0800: 9.392: Total time for which application threads were stopped: 0.0018872 seconds, Stopping threads took: 0.0000860 seconds
2024-07-27T21:38:47.513+0800: 9.392: [CMS-concurrent-sweep-start]
2024-07-27T21:38:47.515+0800: 9.394: [CMS-concurrent-sweep: 0.002/0.002 secs] [Times: user=0.00 sys=0.00, real=0.00 secs] 
2024-07-27T21:38:47.515+0800: 9.394: [CMS-concurrent-reset-start]
2024-07-27T21:38:47.516+0800: 9.395: [CMS-concurrent-reset: 0.001/0.001 secs] [Times: user=0.00 sys=0.00, real=0.00 secs] 
2024-07-27T21:38:47.628+0800: 9.507: Application time: 0.1150758 seconds
2024-07-27T21:38:47.628+0800: 9.507: [GC (Allocation Failure) 2024-07-27T21:38:47.628+0800: 9.507: [ParNew: 77162K->8192K(78656K), 0.0121594 secs] 265209K->264847K(525192K), 0.0122287 secs] [Times: user=0.03 sys=0.00, real=0.01 secs] 
2024-07-27T21:38:47.640+0800: 9.519: Total time for which application threads were stopped: 0.0123696 seconds, Stopping threads took: 0.0000243 seconds
2024-07-27T21:38:47.641+0800: 9.520: Application time: 0.0002365 seconds
2024-07-27T21:38:47.641+0800: 9.520: [GC (CMS Initial Mark) [1 CMS-initial-mark: 256655K(446536K)] 268283K(525192K), 0.0008402 secs] [Times: user=0.00 sys=0.00, real=0.00 secs] 
2024-07-27T21:38:47.642+0800: 9.521: Total time for which application threads were stopped: 0.0009577 seconds, Stopping threads took: 0.0000761 seconds
2024-07-27T21:38:47.642+0800: 9.521: [CMS-concurrent-mark-start]
2024-07-27T21:38:47.644+0800: 9.524: [CMS-concurrent-mark: 0.004/0.004 secs] [Times: user=0.00 sys=0.00, real=0.00 secs] 
2024-07-27T21:38:47.644+0800: 9.524: [CMS-concurrent-preclean-start]
2024-07-27T21:38:47.645+0800: 9.525: [CMS-concurrent-preclean: 0.001/0.001 secs] [Times: user=0.03 sys=0.00, real=0.00 secs] 
2024-07-27T21:38:47.645+0800: 9.525: [CMS-concurrent-abortable-preclean-start]
2024-07-27T21:38:47.646+0800: 9.526: Application time: 0.0054563 seconds
2024-07-27T21:38:47.646+0800: 9.526: [GC (Allocation Failure) 2024-07-27T21:38:47.646+0800: 9.526: [ParNew: 77165K->8192K(78656K), 0.0125822 secs] 333820K->333457K(525192K), 0.0126828 secs] [Times: user=0.00 sys=0.00, real=0.01 secs] 
2024-07-27T21:38:47.659+0800: 9.539: Total time for which application threads were stopped: 0.0127891 seconds, Stopping threads took: 0.0000190 seconds
2024-07-27T21:38:47.771+0800: 9.650: Application time: 0.1112056 seconds
2024-07-27T21:38:47.771+0800: 9.650: [GC (Allocation Failure) 2024-07-27T21:38:47.771+0800: 9.650: [ParNew: 77166K->8192K(78656K), 0.0060333 secs] 402431K->360081K(525192K), 0.0060919 secs] [Times: user=0.00 sys=0.00, real=0.01 secs] 
2024-07-27T21:38:47.777+0800: 9.656: Total time for which application threads were stopped: 0.0062012 seconds, Stopping threads took: 0.0000185 seconds
2024-07-27T21:38:47.777+0800: 9.656: [CMS-concurrent-abortable-preclean: 0.004/0.131 secs] [Times: user=0.05 sys=0.00, real=0.13 secs] 
2024-07-27T21:38:47.777+0800: 9.656: Application time: 0.0003075 seconds
2024-07-27T21:38:47.777+0800: 9.657: [GC (CMS Final Remark) [YG occupancy: 12654 K (78656 K)]2024-07-27T21:38:47.777+0800: 9.657: [Rescan (parallel) , 0.0010563 secs]2024-07-27T21:38:47.778+0800: 9.658: [weak refs processing, 0.0000130 secs]2024-07-27T21:38:47.778+0800: 9.658: [class unloading, 0.0001966 secs]2024-07-27T21:38:47.778+0800: 9.658: [scrub symbol table, 0.0003405 secs]2024-07-27T21:38:47.778+0800: 9.658: [scrub string table, 0.0001057 secs][1 CMS-remark: 351889K(446536K)] 364543K(525192K), 0.0017761 secs] [Times: user=0.00 sys=0.00, real=0.00 secs] 
2024-07-27T21:38:47.779+0800: 9.658: Total time for which application threads were stopped: 0.0019795 seconds, Stopping threads took: 0.0001678 seconds
2024-07-27T21:38:47.779+0800: 9.659: [CMS-concurrent-sweep-start]
2024-07-27T21:38:47.780+0800: 9.660: [CMS-concurrent-sweep: 0.002/0.002 secs] [Times: user=0.00 sys=0.00, real=0.00 secs] 
2024-07-27T21:38:47.780+0800: 9.660: [CMS-concurrent-reset-start]
2024-07-27T21:38:47.783+0800: 9.662: [CMS-concurrent-reset: 0.001/0.001 secs] [Times: user=0.00 sys=0.00, real=0.00 secs] 
2024-07-27T21:38:47.894+0800: 9.773: Application time: 0.1143003 seconds
2024-07-27T21:38:47.894+0800: 9.773: [GC (Allocation Failure) 2024-07-27T21:38:47.894+0800: 9.773: [ParNew: 77167K->8192K(78656K), 0.0119361 secs] 267262K->266896K(525192K), 0.0119984 secs] [Times: user=0.03 sys=0.00, real=0.01 secs] 
2024-07-27T21:38:47.905+0800: 9.785: Total time for which application threads were stopped: 0.0121329 seconds, Stopping threads took: 0.0000261 seconds
2024-07-27T21:38:47.905+0800: 9.785: Application time: 0.0000961 seconds
2024-07-27T21:38:47.906+0800: 9.785: [GC (CMS Initial Mark) [1 CMS-initial-mark: 258703K(446536K)] 270334K(525192K), 0.0008094 secs] [Times: user=0.00 sys=0.00, real=0.00 secs] 
2024-07-27T21:38:47.906+0800: 9.786: Total time for which application threads were stopped: 0.0010390 seconds, Stopping threads took: 0.0001881 seconds
2024-07-27T21:38:47.907+0800: 9.786: [CMS-concurrent-mark-start]
2024-07-27T21:38:47.910+0800: 9.790: [CMS-concurrent-mark: 0.004/0.004 secs] [Times: user=0.00 sys=0.00, real=0.00 secs] 
2024-07-27T21:38:47.910+0800: 9.790: [CMS-concurrent-preclean-start]
2024-07-27T21:38:47.912+0800: 9.791: [CMS-concurrent-preclean: 0.001/0.001 secs] [Times: user=0.03 sys=0.00, real=0.00 secs] 
2024-07-27T21:38:47.912+0800: 9.791: Application time: 0.0054153 seconds
2024-07-27T21:38:47.912+0800: 9.792: [GC (Allocation Failure) 2024-07-27T21:38:47.912+0800: 9.792: [ParNew: 77167K->8192K(78656K), 0.0121652 secs] 335871K->335505K(525192K), 0.0122158 secs] [Times: user=0.00 sys=0.00, real=0.01 secs] 
2024-07-27T21:38:47.924+0800: 9.804: Total time for which application threads were stopped: 0.0123161 seconds, Stopping threads took: 0.0000154 seconds
2024-07-27T21:38:47.924+0800: 9.804: Application time: 0.0003294 seconds
2024-07-27T21:38:47.925+0800: 9.804: [GC (CMS Final Remark) [YG occupancy: 12655 K (78656 K)]2024-07-27T21:38:47.925+0800: 9.804: [Rescan (parallel) , 0.0010040 secs]2024-07-27T21:38:47.926+0800: 9.805: [weak refs processing, 0.0000137 secs]2024-07-27T21:38:47.926+0800: 9.805: [class unloading, 0.0002042 secs]2024-07-27T21:38:47.926+0800: 9.806: [scrub symbol table, 0.0003397 secs]2024-07-27T21:38:47.926+0800: 9.806: [scrub string table, 0.0001007 secs][1 CMS-remark: 327312K(446536K)] 339968K(525192K), 0.0017341 secs] [Times: user=0.00 sys=0.02, real=0.00 secs] 
2024-07-27T21:38:47.926+0800: 9.806: Total time for which application threads were stopped: 0.0019188 seconds, Stopping threads took: 0.0001460 seconds
2024-07-27T21:38:47.927+0800: 9.806: [CMS-concurrent-sweep-start]
2024-07-27T21:38:47.928+0800: 9.808: [CMS-concurrent-sweep: 0.001/0.001 secs] [Times: user=0.00 sys=0.00, real=0.00 secs] 
2024-07-27T21:38:47.928+0800: 9.808: [CMS-concurrent-reset-start]
2024-07-27T21:38:47.929+0800: 9.809: [CMS-concurrent-reset: 0.001/0.001 secs] [Times: user=0.00 sys=0.00, real=0.00 secs] 
2024-07-27T21:38:48.037+0800: 9.916: Application time: 0.1102371 seconds
2024-07-27T21:38:48.037+0800: 9.916: [GC (Allocation Failure) 2024-07-27T21:38:48.037+0800: 9.916: [ParNew: 77168K->8192K(78656K), 0.0060203 secs] 241662K->200334K(525192K), 0.0060850 secs] [Times: user=0.00 sys=0.00, real=0.01 secs] 
2024-07-27T21:38:48.043+0800: 9.922: Total time for which application threads were stopped: 0.0061951 seconds, Stopping threads took: 0.0000178 seconds
2024-07-27T21:38:48.162+0800: 10.041: Application time: 0.1185883 seconds
2024-07-27T21:38:48.162+0800: 10.041: [GC (Allocation Failure) 2024-07-27T21:38:48.162+0800: 10.041: [ParNew: 77168K->8192K(78656K), 0.0121053 secs] 269311K->268944K(525192K), 0.0121779 secs] [Times: user=0.00 sys=0.00, real=0.01 secs] 
2024-07-27T21:38:48.174+0800: 10.053: Total time for which application threads were stopped: 0.0122953 seconds, Stopping threads took: 0.0000206 seconds
2024-07-27T21:38:48.175+0800: 10.054: Application time: 0.0002453 seconds
2024-07-27T21:38:48.175+0800: 10.054: [GC (CMS Initial Mark) [1 CMS-initial-mark: 260751K(446536K)] 272383K(525192K), 0.0007555 secs] [Times: user=0.00 sys=0.00, real=0.00 secs] 
2024-07-27T21:38:48.175+0800: 10.055: Total time for which application threads were stopped: 0.0009133 seconds, Stopping threads took: 0.0001162 seconds
2024-07-27T21:38:48.175+0800: 10.055: [CMS-concurrent-mark-start]
2024-07-27T21:38:48.178+0800: 10.058: [CMS-concurrent-mark: 0.004/0.004 secs] [Times: user=0.05 sys=0.00, real=0.00 secs] 
2024-07-27T21:38:48.179+0800: 10.058: [CMS-concurrent-preclean-start]
2024-07-27T21:38:48.181+0800: 10.060: [CMS-concurrent-preclean: 0.001/0.001 secs] [Times: user=0.00 sys=0.00, real=0.00 secs] 
2024-07-27T21:38:48.181+0800: 10.060: Application time: 0.0050999 seconds
2024-07-27T21:38:48.181+0800: 10.060: [GC (Allocation Failure) 2024-07-27T21:38:48.181+0800: 10.060: [ParNew: 77168K->8192K(78656K), 0.0121474 secs] 337920K->337553K(525192K), 0.0121966 secs] [Times: user=0.00 sys=0.00, real=0.01 secs] 
2024-07-27T21:38:48.192+0800: 10.072: Total time for which application threads were stopped: 0.0122921 seconds, Stopping threads took: 0.0000135 seconds
2024-07-27T21:38:48.192+0800: 10.072: Application time: 0.0002888 seconds
2024-07-27T21:38:48.194+0800: 10.072: [GC (CMS Final Remark) [YG occupancy: 11631 K (78656 K)]2024-07-27T21:38:48.194+0800: 10.072: [Rescan (parallel) , 0.0007447 secs]2024-07-27T21:38:48.194+0800: 10.073: [weak refs processing, 0.0000134 secs]2024-07-27T21:38:48.194+0800: 10.073: [class unloading, 0.0001896 secs]2024-07-27T21:38:48.194+0800: 10.073: [scrub symbol table, 0.0003429 secs]2024-07-27T21:38:48.194+0800: 10.074: [scrub string table, 0.0001125 secs][1 CMS-remark: 329360K(446536K)] 340992K(525192K), 0.0014840 secs] [Times: user=0.00 sys=0.00, real=0.00 secs] 
2024-07-27T21:38:48.194+0800: 10.074: Total time for which application threads were stopped: 0.0016936 seconds, Stopping threads took: 0.0001535 seconds
2024-07-27T21:38:48.194+0800: 10.074: [CMS-concurrent-sweep-start]
2024-07-27T21:38:48.197+0800: 10.076: [CMS-concurrent-sweep: 0.002/0.002 secs] [Times: user=0.00 sys=0.00, real=0.00 secs] 
2024-07-27T21:38:48.197+0800: 10.076: [CMS-concurrent-reset-start]
2024-07-27T21:38:48.198+0800: 10.076: [CMS-concurrent-reset: 0.001/0.001 secs] [Times: user=0.00 sys=0.00, real=0.00 secs] 
2024-07-27T21:38:48.304+0800: 10.183: Application time: 0.1092259 seconds
2024-07-27T21:38:48.304+0800: 10.183: [GC (Allocation Failure) 2024-07-27T21:38:48.304+0800: 10.183: [ParNew: 77168K->8192K(78656K), 0.0063536 secs] 242687K->202383K(525192K), 0.0064143 secs] [Times: user=0.00 sys=0.00, real=0.01 secs] 
2024-07-27T21:38:48.310+0800: 10.190: Total time for which application threads were stopped: 0.0065253 seconds, Stopping threads took: 0.0000193 seconds
2024-07-27T21:38:48.427+0800: 10.306: Application time: 0.1164983 seconds
2024-07-27T21:38:48.427+0800: 10.306: [GC (Allocation Failure) 2024-07-27T21:38:48.427+0800: 10.306: [ParNew: 77168K->8192K(78656K), 0.0119653 secs] 271359K->270992K(525192K), 0.0120269 secs] [Times: user=0.00 sys=0.00, real=0.01 secs] 
2024-07-27T21:38:48.439+0800: 10.318: Total time for which application threads were stopped: 0.0121397 seconds, Stopping threads took: 0.0000204 seconds
2024-07-27T21:38:48.444+0800: 10.323: Application time: 0.0044005 seconds
2024-07-27T21:38:48.444+0800: 10.323: [GC (Allocation Failure) 2024-07-27T21:38:48.444+0800: 10.323: [ParNew: 77168K->8192K(78656K), 0.0120668 secs] 339968K->339601K(525192K), 0.0121179 secs] [Times: user=0.00 sys=0.00, real=0.01 secs] 
2024-07-27T21:38:48.455+0800: 10.335: Total time for which application threads were stopped: 0.0122188 seconds, Stopping threads took: 0.0000164 seconds
2024-07-27T21:38:48.455+0800: 10.335: Application time: 0.0002279 seconds
2024-07-27T21:38:48.455+0800: 10.335: [GC (CMS Initial Mark) [1 CMS-initial-mark: 331408K(446536K)] 343040K(525192K), 0.0007621 secs] [Times: user=0.00 sys=0.00, real=0.00 secs] 
2024-07-27T21:38:48.457+0800: 10.336: Total time for which application threads were stopped: 0.0009459 seconds, Stopping threads took: 0.0001420 seconds
2024-07-27T21:38:48.457+0800: 10.336: [CMS-concurrent-mark-start]
2024-07-27T21:38:48.460+0800: 10.339: [CMS-concurrent-mark: 0.002/0.002 secs] [Times: user=0.02 sys=0.01, real=0.00 secs] 
2024-07-27T21:38:48.460+0800: 10.339: [CMS-concurrent-preclean-start]
2024-07-27T21:38:48.460+0800: 10.339: [CMS-concurrent-preclean: 0.001/0.001 secs] [Times: user=0.00 sys=0.00, real=0.00 secs] 
2024-07-27T21:38:48.460+0800: 10.339: [CMS-concurrent-abortable-preclean-start]
2024-07-27T21:38:48.572+0800: 10.451: Application time: 0.1144375 seconds
2024-07-27T21:38:48.572+0800: 10.451: [GC (Allocation Failure) 2024-07-27T21:38:48.572+0800: 10.451: [ParNew: 77168K->8192K(78656K), 0.0068101 secs] 408577K->369297K(525192K), 0.0068697 secs] [Times: user=0.00 sys=0.00, real=0.01 secs] 
2024-07-27T21:38:48.579+0800: 10.458: Total time for which application threads were stopped: 0.0069960 seconds, Stopping threads took: 0.0000205 seconds
2024-07-27T21:38:48.696+0800: 10.575: Application time: 0.1178513 seconds
2024-07-27T21:38:48.697+0800: 10.575: [GC (Allocation Failure) 2024-07-27T21:38:48.697+0800: 10.576: [ParNew: 77168K->8192K(78656K), 0.0119599 secs] 438274K->437906K(525192K), 0.0120277 secs] [Times: user=0.03 sys=0.00, real=0.01 secs] 
2024-07-27T21:38:48.709+0800: 10.588: Total time for which application threads were stopped: 0.0121516 seconds, Stopping threads took: 0.0000213 seconds
2024-07-27T21:38:48.709+0800: 10.588: [CMS-concurrent-abortable-preclean: 0.004/0.248 secs] [Times: user=0.05 sys=0.00, real=0.25 secs] 
2024-07-27T21:38:48.709+0800: 10.588: Application time: 0.0003700 seconds
2024-07-27T21:38:48.709+0800: 10.588: [GC (CMS Final Remark) [YG occupancy: 14703 K (78656 K)]2024-07-27T21:38:48.709+0800: 10.588: [Rescan (parallel) , 0.0006477 secs]2024-07-27T21:38:48.710+0800: 10.589: [weak refs processing, 0.0000129 secs]2024-07-27T21:38:48.710+0800: 10.589: [class unloading, 0.0002760 secs]2024-07-27T21:38:48.710+0800: 10.589: [scrub symbol table, 0.0003454 secs]2024-07-27T21:38:48.710+0800: 10.589: [scrub string table, 0.0001063 secs][1 CMS-remark: 429714K(446536K)] 444418K(525192K), 0.0014536 secs] [Times: user=0.00 sys=0.00, real=0.00 secs] 
2024-07-27T21:38:48.711+0800: 10.590: Total time for which application threads were stopped: 0.0016639 seconds, Stopping threads took: 0.0001699 seconds
2024-07-27T21:38:48.711+0800: 10.590: [CMS-concurrent-sweep-start]
2024-07-27T21:38:48.712+0800: 10.591: [CMS-concurrent-sweep: 0.001/0.001 secs] [Times: user=0.00 sys=0.00, real=0.00 secs] 
2024-07-27T21:38:48.712+0800: 10.591: [CMS-concurrent-reset-start]
2024-07-27T21:38:48.715+0800: 10.594: [CMS-concurrent-reset: 0.003/0.003 secs] [Times: user=0.00 sys=0.00, real=0.00 secs] 
2024-07-27T21:38:48.715+0800: 10.595: Application time: 0.0049134 seconds
2024-07-27T21:38:48.716+0800: 10.595: [GC (Allocation Failure) 2024-07-27T21:38:48.716+0800: 10.595: [ParNew: 77168K->8192K(78656K), 0.0120839 secs] 342016K->341649K(525192K), 0.0121459 secs] [Times: user=0.03 sys=0.00, real=0.01 secs] 
2024-07-27T21:38:48.728+0800: 10.607: Total time for which application threads were stopped: 0.0122501 seconds, Stopping threads took: 0.0000177 seconds
2024-07-27T21:38:48.728+0800: 10.607: Application time: 0.0001015 seconds
2024-07-27T21:38:48.728+0800: 10.607: [GC (CMS Initial Mark) [1 CMS-initial-mark: 333457K(446536K)] 345088K(525192K), 0.0008151 secs] [Times: user=0.00 sys=0.00, real=0.00 secs] 
2024-07-27T21:38:48.729+0800: 10.608: Total time for which application threads were stopped: 0.0009372 seconds, Stopping threads took: 0.0000801 seconds
2024-07-27T21:38:48.729+0800: 10.608: [CMS-concurrent-mark-start]
2024-07-27T21:38:48.731+0800: 10.610: [CMS-concurrent-mark: 0.002/0.002 secs] [Times: user=0.00 sys=0.00, real=0.00 secs] 
2024-07-27T21:38:48.731+0800: 10.610: [CMS-concurrent-preclean-start]
2024-07-27T21:38:48.732+0800: 10.611: [CMS-concurrent-preclean: 0.001/0.001 secs] [Times: user=0.00 sys=0.00, real=0.00 secs] 
2024-07-27T21:38:48.732+0800: 10.611: [CMS-concurrent-abortable-preclean-start]
2024-07-27T21:38:48.840+0800: 10.719: Application time: 0.1108918 seconds
2024-07-27T21:38:48.840+0800: 10.719: [GC (Allocation Failure) 2024-07-27T21:38:48.840+0800: 10.719: [ParNew: 77168K->8192K(78656K), 0.0065894 secs] 410625K->372369K(525192K), 0.0066480 secs] [Times: user=0.00 sys=0.00, real=0.01 secs] 
2024-07-27T21:38:48.846+0800: 10.725: Total time for which application threads were stopped: 0.0067573 seconds, Stopping threads took: 0.0000196 seconds
2024-07-27T21:38:48.963+0800: 10.842: Application time: 0.1168890 seconds
2024-07-27T21:38:48.963+0800: 10.842: [GC (Allocation Failure) 2024-07-27T21:38:48.963+0800: 10.842: [ParNew: 77168K->8192K(78656K), 0.0126921 secs] 441346K->440978K(525192K), 0.0127540 secs] [Times: user=0.03 sys=0.00, real=0.01 secs] 
2024-07-27T21:38:48.975+0800: 10.855: Total time for which application threads were stopped: 0.0128676 seconds, Stopping threads took: 0.0000215 seconds
2024-07-27T21:38:48.980+0800: 10.860: Application time: 0.0046314 seconds
2024-07-27T21:38:48.980+0800: 10.860: [GC (Allocation Failure) 2024-07-27T21:38:48.980+0800: 10.860: [ParNew: 77168K->8192K(78656K), 0.0351362 secs] 509955K->509587K(580704K), 0.0351855 secs] [Times: user=0.03 sys=0.03, real=0.04 secs] 
2024-07-27T21:38:49.015+0800: 10.895: Total time for which application threads were stopped: 0.0352823 seconds, Stopping threads took: 0.0000150 seconds
2024-07-27T21:38:49.015+0800: 10.895: [CMS-concurrent-abortable-preclean: 0.005/0.284 secs] [Times: user=0.08 sys=0.03, real=0.28 secs] 
2024-07-27T21:38:49.016+0800: 10.895: Application time: 0.0002980 seconds
2024-07-27T21:38:49.016+0800: 10.896: [GC (CMS Final Remark) [YG occupancy: 12655 K (78656 K)]2024-07-27T21:38:49.016+0800: 10.896: [Rescan (parallel) , 0.0009474 secs]2024-07-27T21:38:49.017+0800: 10.897: [weak refs processing, 0.0000127 secs]2024-07-27T21:38:49.017+0800: 10.897: [class unloading, 0.0001982 secs]2024-07-27T21:38:49.017+0800: 10.897: [scrub symbol table, 0.0003381 secs]2024-07-27T21:38:49.017+0800: 10.897: [scrub string table, 0.0001022 secs][1 CMS-remark: 501395K(502048K)] 514051K(580704K), 0.0016652 secs] [Times: user=0.00 sys=0.00, real=0.00 secs] 
2024-07-27T21:38:49.017+0800: 10.897: Total time for which application threads were stopped: 0.0017782 seconds, Stopping threads took: 0.0000773 seconds
2024-07-27T21:38:49.018+0800: 10.897: [CMS-concurrent-sweep-start]
2024-07-27T21:38:49.019+0800: 10.899: [CMS-concurrent-sweep: 0.001/0.001 secs] [Times: user=0.00 sys=0.00, real=0.00 secs] 
2024-07-27T21:38:49.019+0800: 10.899: [CMS-concurrent-reset-start]
2024-07-27T21:38:49.020+0800: 10.900: [CMS-concurrent-reset: 0.001/0.001 secs] [Times: user=0.02 sys=0.00, real=0.00 secs] 
2024-07-27T21:38:49.138+0800: 11.017: Application time: 0.1199081 seconds
2024-07-27T21:38:49.138+0800: 11.017: [GC (Allocation Failure) 2024-07-27T21:38:49.138+0800: 11.017: [ParNew: 77168K->8192K(78656K), 0.0072783 secs] 412673K->375441K(637832K), 0.0073376 secs] [Times: user=0.00 sys=0.00, real=0.01 secs] 
2024-07-27T21:38:49.145+0800: 11.025: Total time for which application threads were stopped: 0.0074624 seconds, Stopping threads took: 0.0000314 seconds
2024-07-27T21:38:49.146+0800: 11.025: Application time: 0.0002461 seconds
2024-07-27T21:38:49.146+0800: 11.025: [GC (CMS Initial Mark) [1 CMS-initial-mark: 367249K(559176K)] 378881K(637832K), 0.0007946 secs] [Times: user=0.00 sys=0.00, real=0.00 secs] 
2024-07-27T21:38:49.147+0800: 11.026: Total time for which application threads were stopped: 0.0009501 seconds, Stopping threads took: 0.0001137 seconds
2024-07-27T21:38:49.147+0800: 11.026: [CMS-concurrent-mark-start]
2024-07-27T21:38:49.151+0800: 11.030: [CMS-concurrent-mark: 0.005/0.005 secs] [Times: user=0.00 sys=0.00, real=0.00 secs] 
2024-07-27T21:38:49.151+0800: 11.030: [CMS-concurrent-preclean-start]
2024-07-27T21:38:49.152+0800: 11.031: [CMS-concurrent-preclean: 0.001/0.001 secs] [Times: user=0.00 sys=0.00, real=0.00 secs] 
2024-07-27T21:38:49.152+0800: 11.031: [CMS-concurrent-abortable-preclean-start]
2024-07-27T21:38:49.262+0800: 11.141: Application time: 0.1155472 seconds
2024-07-27T21:38:49.262+0800: 11.141: [GC (Allocation Failure) 2024-07-27T21:38:49.262+0800: 11.141: [ParNew: 77168K->8192K(78656K), 0.0119121 secs] 444418K->444050K(637832K), 0.0119713 secs] [Times: user=0.03 sys=0.00, real=0.01 secs] 
2024-07-27T21:38:49.274+0800: 11.153: Total time for which application threads were stopped: 0.0120801 seconds, Stopping threads took: 0.0000201 seconds
2024-07-27T21:38:49.279+0800: 11.158: Application time: 0.0045964 seconds
2024-07-27T21:38:49.279+0800: 11.158: [GC (Allocation Failure) 2024-07-27T21:38:49.279+0800: 11.158: [ParNew: 77168K->8192K(78656K), 0.0130102 secs] 513027K->512659K(637832K), 0.0130608 secs] [Times: user=0.03 sys=0.00, real=0.01 secs] 
2024-07-27T21:38:49.292+0800: 11.171: Total time for which application threads were stopped: 0.0131606 seconds, Stopping threads took: 0.0000157 seconds
2024-07-27T21:38:49.406+0800: 11.285: Application time: 0.1139502 seconds
2024-07-27T21:38:49.406+0800: 11.285: [GC (Allocation Failure) 2024-07-27T21:38:49.406+0800: 11.285: [ParNew: 77168K->8192K(78656K), 0.0196724 secs] 581636K->545428K(637832K), 0.0197369 secs] [Times: user=0.03 sys=0.00, real=0.02 secs] 
2024-07-27T21:38:49.426+0800: 11.305: Total time for which application threads were stopped: 0.0198498 seconds, Stopping threads took: 0.0000219 seconds
2024-07-27T21:38:49.426+0800: 11.305: [CMS-concurrent-abortable-preclean: 0.008/0.274 secs] [Times: user=0.09 sys=0.00, real=0.27 secs] 
2024-07-27T21:38:49.426+0800: 11.305: Application time: 0.0002824 seconds
2024-07-27T21:38:49.427+0800: 11.305: [GC (CMS Final Remark) [YG occupancy: 11631 K (78656 K)]2024-07-27T21:38:49.427+0800: 11.305: [Rescan (parallel) , 0.0009182 secs]2024-07-27T21:38:49.427+0800: 11.306: [weak refs processing, 0.0000130 secs]2024-07-27T21:38:49.427+0800: 11.306: [class unloading, 0.0002331 secs]2024-07-27T21:38:49.427+0800: 11.307: [scrub symbol table, 0.0003749 secs]2024-07-27T21:38:49.428+0800: 11.307: [scrub string table, 0.0001050 secs][1 CMS-remark: 537236K(559176K)] 548867K(637832K), 0.0017216 secs] [Times: user=0.00 sys=0.00, real=0.00 secs] 
2024-07-27T21:38:49.428+0800: 11.307: Total time for which application threads were stopped: 0.0018881 seconds, Stopping threads took: 0.0001269 seconds
2024-07-27T21:38:49.428+0800: 11.307: [CMS-concurrent-sweep-start]
2024-07-27T21:38:49.430+0800: 11.309: [CMS-concurrent-sweep: 0.002/0.002 secs] [Times: user=0.00 sys=0.00, real=0.00 secs] 
2024-07-27T21:38:49.430+0800: 11.309: [CMS-concurrent-reset-start]
2024-07-27T21:38:49.431+0800: 11.310: [CMS-concurrent-reset: 0.001/0.001 secs] [Times: user=0.00 sys=0.00, real=0.00 secs] 
2024-07-27T21:38:49.544+0800: 11.423: Application time: 0.1159326 seconds
2024-07-27T21:38:49.544+0800: 11.423: [GC (Allocation Failure) 2024-07-27T21:38:49.544+0800: 11.423: [ParNew: 77168K->8192K(78656K), 0.0121631 secs] 279551K->279184K(637832K), 0.0122257 secs] [Times: user=0.03 sys=0.00, real=0.01 secs] 
2024-07-27T21:38:49.556+0800: 11.435: Total time for which application threads were stopped: 0.0123402 seconds, Stopping threads took: 0.0000215 seconds
2024-07-27T21:38:49.560+0800: 11.440: Application time: 0.0044615 seconds
2024-07-27T21:38:49.560+0800: 11.440: [GC (Allocation Failure) 2024-07-27T21:38:49.560+0800: 11.440: [ParNew: 77168K->8192K(78656K), 0.0170584 secs] 348160K->347793K(637832K), 0.0171105 secs] [Times: user=0.03 sys=0.00, real=0.02 secs] 
2024-07-27T21:38:49.578+0800: 11.457: Total time for which application threads were stopped: 0.0172172 seconds, Stopping threads took: 0.0000151 seconds
2024-07-27T21:38:49.578+0800: 11.457: Application time: 0.0001192 seconds
2024-07-27T21:38:49.578+0800: 11.457: [GC (CMS Initial Mark) [1 CMS-initial-mark: 339601K(559176K)] 351232K(637832K), 0.0007335 secs] [Times: user=0.00 sys=0.00, real=0.00 secs] 
2024-07-27T21:38:49.579+0800: 11.458: Total time for which application threads were stopped: 0.0008964 seconds, Stopping threads took: 0.0001209 seconds
2024-07-27T21:38:49.579+0800: 11.458: [CMS-concurrent-mark-start]
2024-07-27T21:38:49.581+0800: 11.460: [CMS-concurrent-mark: 0.002/0.002 secs] [Times: user=0.00 sys=0.00, real=0.00 secs] 
2024-07-27T21:38:49.581+0800: 11.461: [CMS-concurrent-preclean-start]
2024-07-27T21:38:49.582+0800: 11.461: [CMS-concurrent-preclean: 0.001/0.001 secs] [Times: user=0.00 sys=0.00, real=0.00 secs] 
2024-07-27T21:38:49.582+0800: 11.461: [CMS-concurrent-abortable-preclean-start]
2024-07-27T21:38:49.688+0800: 11.567: Application time: 0.1091124 seconds
2024-07-27T21:38:49.688+0800: 11.567: [GC (Allocation Failure) 2024-07-27T21:38:49.688+0800: 11.567: [ParNew: 77168K->8192K(78656K), 0.0091077 secs] 416769K->381585K(637832K), 0.0091675 secs] [Times: user=0.02 sys=0.02, real=0.01 secs] 
2024-07-27T21:38:49.697+0800: 11.577: Total time for which application threads were stopped: 0.0092943 seconds, Stopping threads took: 0.0000354 seconds
2024-07-27T21:38:49.811+0800: 11.690: Application time: 0.1139199 seconds
2024-07-27T21:38:49.811+0800: 11.691: [GC (Allocation Failure) 2024-07-27T21:38:49.811+0800: 11.691: [ParNew: 77168K->8192K(78656K), 0.0125865 secs] 450562K->450194K(637832K), 0.0126456 secs] [Times: user=0.03 sys=0.00, real=0.01 secs] 
2024-07-27T21:38:49.823+0800: 11.703: Total time for which application threads were stopped: 0.0127776 seconds, Stopping threads took: 0.0000198 seconds
2024-07-27T21:38:49.829+0800: 11.708: Application time: 0.0049527 seconds
2024-07-27T21:38:49.829+0800: 11.708: [GC (Allocation Failure) 2024-07-27T21:38:49.829+0800: 11.708: [ParNew: 77168K->8192K(78656K), 0.0124886 secs] 519171K->518803K(637832K), 0.0125441 secs] [Times: user=0.03 sys=0.00, real=0.01 secs] 
2024-07-27T21:38:49.842+0800: 11.721: Total time for which application threads were stopped: 0.0126511 seconds, Stopping threads took: 0.0000157 seconds
2024-07-27T21:38:49.842+0800: 11.721: [CMS-concurrent-abortable-preclean: 0.006/0.260 secs] [Times: user=0.08 sys=0.02, real=0.26 secs] 
2024-07-27T21:38:49.842+0800: 11.721: Application time: 0.0002851 seconds
2024-07-27T21:38:49.842+0800: 11.721: [GC (CMS Final Remark) [YG occupancy: 12655 K (78656 K)]2024-07-27T21:38:49.842+0800: 11.721: [Rescan (parallel) , 0.0007775 secs]2024-07-27T21:38:49.843+0800: 11.722: [weak refs processing, 0.0000131 secs]2024-07-27T21:38:49.843+0800: 11.722: [class unloading, 0.0002111 secs]2024-07-27T21:38:49.843+0800: 11.722: [scrub symbol table, 0.0003396 secs]2024-07-27T21:38:49.843+0800: 11.723: [scrub string table, 0.0001014 secs][1 CMS-remark: 510611K(559176K)] 523267K(637832K), 0.0015104 secs] [Times: user=0.00 sys=0.00, real=0.00 secs] 
2024-07-27T21:38:49.843+0800: 11.723: Total time for which application threads were stopped: 0.0017215 seconds, Stopping threads took: 0.0001699 seconds
2024-07-27T21:38:49.843+0800: 11.723: [CMS-concurrent-sweep-start]
2024-07-27T21:38:49.845+0800: 11.725: [CMS-concurrent-sweep: 0.001/0.001 secs] [Times: user=0.00 sys=0.00, real=0.00 secs] 
2024-07-27T21:38:49.845+0800: 11.725: [CMS-concurrent-reset-start]
2024-07-27T21:38:49.845+0800: 11.725: [CMS-concurrent-reset: 0.001/0.001 secs] [Times: user=0.00 sys=0.00, real=0.00 secs] 
2024-07-27T21:38:49.954+0800: 11.833: Application time: 0.1102436 seconds
2024-07-27T21:38:49.954+0800: 11.833: [GC (Allocation Failure) 2024-07-27T21:38:49.954+0800: 11.833: [ParNew: 77168K->8192K(78656K), 0.0072974 secs] 418817K->384657K(648072K), 0.0073564 secs] [Times: user=0.03 sys=0.00, real=0.01 secs] 
2024-07-27T21:38:49.962+0800: 11.841: Total time for which application threads were stopped: 0.0074721 seconds, Stopping threads took: 0.0000199 seconds
2024-07-27T21:38:49.962+0800: 11.841: Application time: 0.0001779 seconds
2024-07-27T21:38:49.962+0800: 11.841: [GC (CMS Initial Mark) [1 CMS-initial-mark: 376465K(569416K)] 388097K(648072K), 0.0008827 secs] [Times: user=0.00 sys=0.00, real=0.00 secs] 
2024-07-27T21:38:49.963+0800: 11.842: Total time for which application threads were stopped: 0.0010979 seconds, Stopping threads took: 0.0001719 seconds
2024-07-27T21:38:49.963+0800: 11.842: [CMS-concurrent-mark-start]
2024-07-27T21:38:49.967+0800: 11.846: [CMS-concurrent-mark: 0.004/0.004 secs] [Times: user=0.00 sys=0.00, real=0.00 secs] 
2024-07-27T21:38:49.967+0800: 11.846: [CMS-concurrent-preclean-start]
2024-07-27T21:38:49.968+0800: 11.847: [CMS-concurrent-preclean: 0.001/0.001 secs] [Times: user=0.00 sys=0.00, real=0.00 secs] 
2024-07-27T21:38:49.968+0800: 11.847: [CMS-concurrent-abortable-preclean-start]
2024-07-27T21:38:50.078+0800: 11.957: Application time: 0.1155335 seconds
2024-07-27T21:38:50.078+0800: 11.957: [GC (Allocation Failure) 2024-07-27T21:38:50.078+0800: 11.958: [ParNew: 77168K->8192K(78656K), 0.0155861 secs] 453634K->453266K(648072K), 0.0156453 secs] [Times: user=0.01 sys=0.02, real=0.02 secs] 
2024-07-27T21:38:50.094+0800: 11.973: Total time for which application threads were stopped: 0.0157557 seconds, Stopping threads took: 0.0000198 seconds
2024-07-27T21:38:50.099+0800: 11.978: Application time: 0.0046373 seconds
2024-07-27T21:38:50.099+0800: 11.978: [GC (Allocation Failure) 2024-07-27T21:38:50.099+0800: 11.978: [ParNew: 77168K->8192K(78656K), 0.0124651 secs] 522243K->521875K(648072K), 0.0125153 secs] [Times: user=0.00 sys=0.00, real=0.01 secs] 
2024-07-27T21:38:50.111+0800: 11.990: Total time for which application threads were stopped: 0.0126223 seconds, Stopping threads took: 0.0000158 seconds
2024-07-27T21:38:50.222+0800: 12.101: Application time: 0.1106031 seconds
2024-07-27T21:38:50.222+0800: 12.101: [GC (Allocation Failure) 2024-07-27T21:38:50.222+0800: 12.101: [ParNew: 77168K->8192K(78656K), 0.0076446 secs] 590852K->557716K(648072K), 0.0077040 secs] [Times: user=0.03 sys=0.00, real=0.01 secs] 
2024-07-27T21:38:50.230+0800: 12.109: Total time for which application threads were stopped: 0.0078265 seconds, Stopping threads took: 0.0000194 seconds
2024-07-27T21:38:50.230+0800: 12.109: [CMS-concurrent-abortable-preclean: 0.008/0.262 secs] [Times: user=0.06 sys=0.02, real=0.26 secs] 
2024-07-27T21:38:50.230+0800: 12.109: Application time: 0.0002759 seconds
2024-07-27T21:38:50.230+0800: 12.109: [GC (CMS Final Remark) [YG occupancy: 12655 K (78656 K)]2024-07-27T21:38:50.230+0800: 12.109: [Rescan (parallel) , 0.0009608 secs]2024-07-27T21:38:50.231+0800: 12.110: [weak refs processing, 0.0000131 secs]2024-07-27T21:38:50.231+0800: 12.110: [class unloading, 0.0001834 secs]2024-07-27T21:38:50.231+0800: 12.110: [scrub symbol table, 0.0003485 secs]2024-07-27T21:38:50.232+0800: 12.111: [scrub string table, 0.0001003 secs][1 CMS-remark: 549524K(569416K)] 562180K(648072K), 0.0016736 secs] [Times: user=0.00 sys=0.00, real=0.00 secs] 
2024-07-27T21:38:50.232+0800: 12.111: Total time for which application threads were stopped: 0.0018176 seconds, Stopping threads took: 0.0001013 seconds
2024-07-27T21:38:50.232+0800: 12.111: [CMS-concurrent-sweep-start]
2024-07-27T21:38:50.234+0800: 12.113: [CMS-concurrent-sweep: 0.002/0.002 secs] [Times: user=0.00 sys=0.00, real=0.00 secs] 
2024-07-27T21:38:50.234+0800: 12.113: [CMS-concurrent-reset-start]
2024-07-27T21:38:50.235+0800: 12.114: [CMS-concurrent-reset: 0.001/0.001 secs] [Times: user=0.00 sys=0.00, real=0.00 secs] 
2024-07-27T21:38:50.346+0800: 12.225: Application time: 0.1136695 seconds
2024-07-27T21:38:50.346+0800: 12.225: [GC (Allocation Failure) 2024-07-27T21:38:50.346+0800: 12.225: [ParNew: 77168K->8192K(78656K), 0.0121751 secs] 285695K->285328K(648072K), 0.0122353 secs] [Times: user=0.03 sys=0.00, real=0.01 secs] 
2024-07-27T21:38:50.358+0800: 12.237: Total time for which application threads were stopped: 0.0123489 seconds, Stopping threads took: 0.0000202 seconds
2024-07-27T21:38:50.358+0800: 12.237: Application time: 0.0002341 seconds
2024-07-27T21:38:50.358+0800: 12.237: [GC (CMS Initial Mark) [1 CMS-initial-mark: 277136K(569416K)] 288767K(648072K), 0.0008176 secs] [Times: user=0.00 sys=0.00, real=0.00 secs] 
2024-07-27T21:38:50.359+0800: 12.238: Total time for which application threads were stopped: 0.0009437 seconds, Stopping threads took: 0.0000825 seconds
2024-07-27T21:38:50.359+0800: 12.238: [CMS-concurrent-mark-start]
2024-07-27T21:38:50.363+0800: 12.242: [CMS-concurrent-mark: 0.004/0.004 secs] [Times: user=0.00 sys=0.00, real=0.00 secs] 
2024-07-27T21:38:50.363+0800: 12.242: [CMS-concurrent-preclean-start]
2024-07-27T21:38:50.365+0800: 12.244: [CMS-concurrent-preclean: 0.001/0.001 secs] [Times: user=0.02 sys=0.00, real=0.00 secs] 
2024-07-27T21:38:50.365+0800: 12.244: Application time: 0.0054324 seconds
2024-07-27T21:38:50.365+0800: 12.244: [GC (Allocation Failure) 2024-07-27T21:38:50.365+0800: 12.244: [ParNew: 77168K->8192K(78656K), 0.0119772 secs] 354304K->353937K(648072K), 0.0120377 secs] [Times: user=0.00 sys=0.00, real=0.01 secs] 
2024-07-27T21:38:50.377+0800: 12.256: Total time for which application threads were stopped: 0.0121804 seconds, Stopping threads took: 0.0000157 seconds
2024-07-27T21:38:50.377+0800: 12.256: Application time: 0.0003497 seconds
2024-07-27T21:38:50.377+0800: 12.256: [GC (CMS Final Remark) [YG occupancy: 13679 K (78656 K)]2024-07-27T21:38:50.377+0800: 12.256: [Rescan (parallel) , 0.0010422 secs]2024-07-27T21:38:50.378+0800: 12.257: [weak refs processing, 0.0000133 secs]2024-07-27T21:38:50.378+0800: 12.257: [class unloading, 0.0002189 secs]2024-07-27T21:38:50.379+0800: 12.258: [scrub symbol table, 0.0003420 secs]2024-07-27T21:38:50.379+0800: 12.258: [scrub string table, 0.0001009 secs][1 CMS-remark: 345745K(569416K)] 359424K(648072K), 0.0017871 secs] [Times: user=0.00 sys=0.00, real=0.00 secs] 
2024-07-27T21:38:50.379+0800: 12.258: Total time for which application threads were stopped: 0.0019420 seconds, Stopping threads took: 0.0001151 seconds
2024-07-27T21:38:50.379+0800: 12.258: [CMS-concurrent-sweep-start]
2024-07-27T21:38:50.381+0800: 12.259: [CMS-concurrent-sweep: 0.001/0.001 secs] [Times: user=0.03 sys=0.00, real=0.00 secs] 
2024-07-27T21:38:50.381+0800: 12.260: [CMS-concurrent-reset-start]
2024-07-27T21:38:50.381+0800: 12.260: [CMS-concurrent-reset: 0.001/0.001 secs] [Times: user=0.00 sys=0.00, real=0.00 secs] 
2024-07-27T21:38:50.491+0800: 12.370: Application time: 0.1119027 seconds
2024-07-27T21:38:50.491+0800: 12.370: [GC (Allocation Failure) 2024-07-27T21:38:50.491+0800: 12.370: [ParNew: 77168K->8192K(78656K), 0.0075112 secs] 250879K->218767K(648072K), 0.0075840 secs] [Times: user=0.00 sys=0.00, real=0.01 secs] 
2024-07-27T21:38:50.499+0800: 12.378: Total time for which application threads were stopped: 0.0077188 seconds, Stopping threads took: 0.0000202 seconds
2024-07-27T21:38:50.615+0800: 12.494: Application time: 0.1159200 seconds
2024-07-27T21:38:50.615+0800: 12.494: [GC (Allocation Failure) 2024-07-27T21:38:50.615+0800: 12.494: [ParNew: 77168K->8192K(78656K), 0.0118605 secs] 287743K->287376K(648072K), 0.0119189 secs] [Times: user=0.00 sys=0.00, real=0.01 secs] 
2024-07-27T21:38:50.626+0800: 12.506: Total time for which application threads were stopped: 0.0120437 seconds, Stopping threads took: 0.0000207 seconds
2024-07-27T21:38:50.630+0800: 12.510: Application time: 0.0044131 seconds
2024-07-27T21:38:50.630+0800: 12.510: [GC (Allocation Failure) 2024-07-27T21:38:50.630+0800: 12.510: [ParNew: 77168K->8192K(78656K), 0.0120082 secs] 356352K->355985K(648072K), 0.0120577 secs] [Times: user=0.00 sys=0.00, real=0.01 secs] 
2024-07-27T21:38:50.643+0800: 12.522: Total time for which application threads were stopped: 0.0121619 seconds, Stopping threads took: 0.0000155 seconds
2024-07-27T21:38:50.643+0800: 12.523: Application time: 0.0002314 seconds
2024-07-27T21:38:50.643+0800: 12.523: [GC (CMS Initial Mark) [1 CMS-initial-mark: 347793K(569416K)] 359424K(648072K), 0.0007732 secs] [Times: user=0.00 sys=0.00, real=0.00 secs] 
2024-07-27T21:38:50.645+0800: 12.523: Total time for which application threads were stopped: 0.0009196 seconds, Stopping threads took: 0.0000933 seconds
2024-07-27T21:38:50.645+0800: 12.524: [CMS-concurrent-mark-start]
2024-07-27T21:38:50.646+0800: 12.526: [CMS-concurrent-mark: 0.002/0.002 secs] [Times: user=0.05 sys=0.00, real=0.00 secs] 
2024-07-27T21:38:50.646+0800: 12.526: [CMS-concurrent-preclean-start]
2024-07-27T21:38:50.647+0800: 12.527: [CMS-concurrent-preclean: 0.001/0.001 secs] [Times: user=0.00 sys=0.00, real=0.00 secs] 
2024-07-27T21:38:50.647+0800: 12.527: [CMS-concurrent-abortable-preclean-start]
2024-07-27T21:38:50.758+0800: 12.638: Application time: 0.1143480 seconds
2024-07-27T21:38:50.758+0800: 12.638: [GC (Allocation Failure) 2024-07-27T21:38:50.758+0800: 12.638: [ParNew: 77168K->8192K(78656K), 0.0079216 secs] 424961K->393873K(648072K), 0.0079814 secs] [Times: user=0.00 sys=0.00, real=0.01 secs] 
2024-07-27T21:38:50.766+0800: 12.646: Total time for which application threads were stopped: 0.0080918 seconds, Stopping threads took: 0.0000195 seconds
2024-07-27T21:38:50.883+0800: 12.763: Application time: 0.1170816 seconds
2024-07-27T21:38:50.883+0800: 12.763: [GC (Allocation Failure) 2024-07-27T21:38:50.883+0800: 12.763: [ParNew: 77168K->8192K(78656K), 0.0131522 secs] 462850K->462482K(648072K), 0.0132255 secs] [Times: user=0.02 sys=0.02, real=0.01 secs] 
2024-07-27T21:38:50.896+0800: 12.776: Total time for which application threads were stopped: 0.0133350 seconds, Stopping threads took: 0.0000193 seconds
2024-07-27T21:38:50.897+0800: 12.776: [CMS-concurrent-abortable-preclean: 0.006/0.250 secs] [Times: user=0.03 sys=0.02, real=0.25 secs] 
2024-07-27T21:38:50.897+0800: 12.777: Application time: 0.0002658 seconds
2024-07-27T21:38:50.898+0800: 12.777: [GC (CMS Final Remark) [YG occupancy: 12655 K (78656 K)]2024-07-27T21:38:50.898+0800: 12.777: [Rescan (parallel) , 0.0011500 secs]2024-07-27T21:38:50.899+0800: 12.778: [weak refs processing, 0.0000132 secs]2024-07-27T21:38:50.899+0800: 12.778: [class unloading, 0.0002032 secs]2024-07-27T21:38:50.899+0800: 12.778: [scrub symbol table, 0.0003425 secs]2024-07-27T21:38:50.899+0800: 12.778: [scrub string table, 0.0001059 secs][1 CMS-remark: 454290K(569416K)] 466946K(648072K), 0.0018944 secs] [Times: user=0.00 sys=0.00, real=0.00 secs] 
2024-07-27T21:38:50.900+0800: 12.779: Total time for which application threads were stopped: 0.0020250 seconds, Stopping threads took: 0.0000850 seconds
2024-07-27T21:38:50.900+0800: 12.779: [CMS-concurrent-sweep-start]
2024-07-27T21:38:50.901+0800: 12.780: [CMS-concurrent-sweep: 0.001/0.001 secs] [Times: user=0.00 sys=0.00, real=0.00 secs] 
2024-07-27T21:38:50.901+0800: 12.780: [CMS-concurrent-reset-start]
2024-07-27T21:38:50.902+0800: 12.782: [CMS-concurrent-reset: 0.001/0.001 secs] [Times: user=0.00 sys=0.00, real=0.00 secs] 
2024-07-27T21:38:50.904+0800: 12.783: Application time: 0.0048545 seconds
2024-07-27T21:38:50.905+0800: 12.783: [GC (Allocation Failure) 2024-07-27T21:38:50.905+0800: 12.784: [ParNew: 77168K->8192K(78656K), 0.0127220 secs] 358400K->358033K(648072K), 0.0127705 secs] [Times: user=0.03 sys=0.00, real=0.01 secs] 
2024-07-27T21:38:50.917+0800: 12.796: Total time for which application threads were stopped: 0.0128733 seconds, Stopping threads took: 0.0000147 seconds
2024-07-27T21:38:50.918+0800: 12.796: Application time: 0.0001578 seconds
2024-07-27T21:38:50.918+0800: 12.797: [GC (CMS Initial Mark) [1 CMS-initial-mark: 349841K(569416K)] 361473K(648072K), 0.0008578 secs] [Times: user=0.00 sys=0.00, real=0.00 secs] 
2024-07-27T21:38:50.918+0800: 12.797: Total time for which application threads were stopped: 0.0009957 seconds, Stopping threads took: 0.0000895 seconds
2024-07-27T21:38:50.919+0800: 12.798: [CMS-concurrent-mark-start]
2024-07-27T21:38:50.920+0800: 12.799: [CMS-concurrent-mark: 0.002/0.002 secs] [Times: user=0.00 sys=0.00, real=0.00 secs] 
2024-07-27T21:38:50.921+0800: 12.799: [CMS-concurrent-preclean-start]
2024-07-27T21:38:50.921+0800: 12.800: [CMS-concurrent-preclean: 0.001/0.001 secs] [Times: user=0.00 sys=0.00, real=0.00 secs] 
2024-07-27T21:38:50.921+0800: 12.800: [CMS-concurrent-abortable-preclean-start]
2024-07-27T21:38:51.028+0800: 12.907: Application time: 0.1098270 seconds
2024-07-27T21:38:51.028+0800: 12.907: [GC (Allocation Failure) 2024-07-27T21:38:51.028+0800: 12.907: [ParNew: 77168K->8192K(78656K), 0.0078362 secs] 427010K->396945K(648072K), 0.0078960 secs] [Times: user=0.03 sys=0.00, real=0.01 secs] 
2024-07-27T21:38:51.036+0800: 12.915: Total time for which application threads were stopped: 0.0080212 seconds, Stopping threads took: 0.0000200 seconds
2024-07-27T21:38:51.152+0800: 13.031: Application time: 0.1161258 seconds
2024-07-27T21:38:51.153+0800: 13.032: [GC (Allocation Failure) 2024-07-27T21:38:51.153+0800: 13.032: [ParNew: 77868K->8196K(78656K), 0.0121152 secs] 466622K->465559K(648072K), 0.0121774 secs] [Times: user=0.03 sys=0.00, real=0.01 secs] 
2024-07-27T21:38:51.165+0800: 13.044: Total time for which application threads were stopped: 0.0123001 seconds, Stopping threads took: 0.0000192 seconds
2024-07-27T21:38:51.165+0800: 13.044: [CMS-concurrent-abortable-preclean: 0.006/0.244 secs] [Times: user=0.06 sys=0.00, real=0.24 secs] 
2024-07-27T21:38:51.165+0800: 13.044: Application time: 0.0002983 seconds
2024-07-27T21:38:51.165+0800: 13.044: [GC (CMS Final Remark) [YG occupancy: 12654 K (78656 K)]2024-07-27T21:38:51.165+0800: 13.044: [Rescan (parallel) , 0.0008839 secs]2024-07-27T21:38:51.166+0800: 13.045: [weak refs processing, 0.0000134 secs]2024-07-27T21:38:51.166+0800: 13.045: [class unloading, 0.0001921 secs]2024-07-27T21:38:51.166+0800: 13.045: [scrub symbol table, 0.0003725 secs]2024-07-27T21:38:51.167+0800: 13.046: [scrub string table, 0.0000946 secs][1 CMS-remark: 457362K(569416K)] 470017K(648072K), 0.0016304 secs] [Times: user=0.00 sys=0.00, real=0.00 secs] 
2024-07-27T21:38:51.167+0800: 13.046: Total time for which application threads were stopped: 0.0017848 seconds, Stopping threads took: 0.0001166 seconds
2024-07-27T21:38:51.167+0800: 13.046: [CMS-concurrent-sweep-start]
2024-07-27T21:38:51.168+0800: 13.047: [CMS-concurrent-sweep: 0.001/0.001 secs] [Times: user=0.00 sys=0.00, real=0.00 secs] 
2024-07-27T21:38:51.168+0800: 13.047: [CMS-concurrent-reset-start]
2024-07-27T21:38:51.170+0800: 13.049: [CMS-concurrent-reset: 0.001/0.001 secs] [Times: user=0.00 sys=0.00, real=0.00 secs] 
2024-07-27T21:38:51.172+0800: 13.051: Application time: 0.0049357 seconds
2024-07-27T21:38:51.172+0800: 13.051: [GC (Allocation Failure) 2024-07-27T21:38:51.172+0800: 13.051: [ParNew: 77167K->8192K(78656K), 0.0125960 secs] 360448K->360081K(648072K), 0.0126465 secs] [Times: user=0.03 sys=0.00, real=0.01 secs] 
2024-07-27T21:38:51.185+0800: 13.064: Total time for which application threads were stopped: 0.0127472 seconds, Stopping threads took: 0.0000150 seconds
2024-07-27T21:38:51.185+0800: 13.064: Application time: 0.0001674 seconds
2024-07-27T21:38:51.185+0800: 13.064: [GC (CMS Initial Mark) [1 CMS-initial-mark: 351889K(569416K)] 363517K(648072K), 0.0008886 secs] [Times: user=0.00 sys=0.00, real=0.00 secs] 
2024-07-27T21:38:51.186+0800: 13.065: Total time for which application threads were stopped: 0.0010235 seconds, Stopping threads took: 0.0000827 seconds
2024-07-27T21:38:51.186+0800: 13.065: [CMS-concurrent-mark-start]
2024-07-27T21:38:51.188+0800: 13.067: [CMS-concurrent-mark: 0.002/0.002 secs] [Times: user=0.00 sys=0.00, real=0.00 secs] 
2024-07-27T21:38:51.188+0800: 13.067: [CMS-concurrent-preclean-start]
2024-07-27T21:38:51.189+0800: 13.068: [CMS-concurrent-preclean: 0.001/0.001 secs] [Times: user=0.00 sys=0.00, real=0.00 secs] 
2024-07-27T21:38:51.189+0800: 13.068: [CMS-concurrent-abortable-preclean-start]
2024-07-27T21:38:51.295+0800: 13.174: Application time: 0.1093503 seconds
2024-07-27T21:38:51.295+0800: 13.174: [GC (Allocation Failure) 2024-07-27T21:38:51.295+0800: 13.174: [ParNew: 77165K->8192K(78656K), 0.0083683 secs] 429054K->400018K(648072K), 0.0084304 secs] [Times: user=0.03 sys=0.00, real=0.01 secs] 
2024-07-27T21:38:51.304+0800: 13.183: Total time for which application threads were stopped: 0.0085415 seconds, Stopping threads took: 0.0000177 seconds
2024-07-27T21:38:51.420+0800: 13.299: Application time: 0.1164245 seconds
2024-07-27T21:38:51.420+0800: 13.299: [GC (Allocation Failure) 2024-07-27T21:38:51.420+0800: 13.299: [ParNew: 77166K->8192K(78656K), 0.0132360 secs] 468992K->468627K(648072K), 0.0132980 secs] [Times: user=0.03 sys=0.00, real=0.01 secs] 
2024-07-27T21:38:51.433+0800: 13.312: Total time for which application threads were stopped: 0.0134089 seconds, Stopping threads took: 0.0000190 seconds
2024-07-27T21:38:51.433+0800: 13.313: [CMS-concurrent-abortable-preclean: 0.005/0.245 secs] [Times: user=0.06 sys=0.00, real=0.25 secs] 
2024-07-27T21:38:51.434+0800: 13.313: Application time: 0.0003424 seconds
2024-07-27T21:38:51.434+0800: 13.313: [GC (CMS Final Remark) [YG occupancy: 13678 K (78656 K)]2024-07-27T21:38:51.434+0800: 13.313: [Rescan (parallel) , 0.0005102 secs]2024-07-27T21:38:51.434+0800: 13.313: [weak refs processing, 0.0000131 secs]2024-07-27T21:38:51.434+0800: 13.313: [class unloading, 0.0002662 secs]2024-07-27T21:38:51.435+0800: 13.314: [scrub symbol table, 0.0003140 secs]2024-07-27T21:38:51.435+0800: 13.314: [scrub string table, 0.0000911 secs][1 CMS-remark: 460435K(569416K)] 474113K(648072K), 0.0012614 secs] [Times: user=0.00 sys=0.00, real=0.00 secs] 
2024-07-27T21:38:51.435+0800: 13.314: Total time for which application threads were stopped: 0.0013924 seconds, Stopping threads took: 0.0000948 seconds
2024-07-27T21:38:51.435+0800: 13.314: [CMS-concurrent-sweep-start]
2024-07-27T21:38:51.437+0800: 13.316: [CMS-concurrent-sweep: 0.002/0.002 secs] [Times: user=0.00 sys=0.00, real=0.00 secs] 
2024-07-27T21:38:51.437+0800: 13.316: [CMS-concurrent-reset-start]
2024-07-27T21:38:51.438+0800: 13.317: [CMS-concurrent-reset: 0.001/0.001 secs] [Times: user=0.00 sys=0.00, real=0.00 secs] 
2024-07-27T21:38:51.440+0800: 13.319: Application time: 0.0049553 seconds
2024-07-27T21:38:51.440+0800: 13.319: [GC (Allocation Failure) 2024-07-27T21:38:51.440+0800: 13.319: [ParNew: 77167K->8192K(78656K), 0.0133558 secs] 362495K->362129K(648072K), 0.0134041 secs] [Times: user=0.03 sys=0.00, real=0.01 secs] 
2024-07-27T21:38:51.454+0800: 13.333: Total time for which application threads were stopped: 0.0134992 seconds, Stopping threads took: 0.0000141 seconds
2024-07-27T21:38:51.454+0800: 13.333: Application time: 0.0001895 seconds
2024-07-27T21:38:51.454+0800: 13.333: [GC (CMS Initial Mark) [1 CMS-initial-mark: 353937K(569416K)] 365568K(648072K), 0.0008151 secs] [Times: user=0.00 sys=0.00, real=0.00 secs] 
2024-07-27T21:38:51.455+0800: 13.334: Total time for which application threads were stopped: 0.0009842 seconds, Stopping threads took: 0.0001160 seconds
2024-07-27T21:38:51.455+0800: 13.334: [CMS-concurrent-mark-start]
2024-07-27T21:38:51.457+0800: 13.336: [CMS-concurrent-mark: 0.002/0.002 secs] [Times: user=0.00 sys=0.00, real=0.00 secs] 
2024-07-27T21:38:51.457+0800: 13.336: [CMS-concurrent-preclean-start]
2024-07-27T21:38:51.458+0800: 13.337: [CMS-concurrent-preclean: 0.001/0.001 secs] [Times: user=0.02 sys=0.00, real=0.00 secs] 
2024-07-27T21:38:51.458+0800: 13.337: [CMS-concurrent-abortable-preclean-start]
Heap
 par new generation   total 78656K, used 29414K [0x00000000c8000000, 0x00000000cd550000, 0x00000000daaa0000)
  eden space 69952K,  30% used [0x00000000c8000000, 0x00000000c94b99c8, 0x00000000cc450000)
  from space 8704K,  94% used [0x00000000cccd0000, 0x00000000cd4d0080, 0x00000000cd550000)
  to   space 8704K,   0% used [0x00000000cc450000, 0x00000000cc450000, 0x00000000cccd0000)
 concurrent mark-sweep generation total 569416K, used 353937K [0x00000000daaa0000, 0x00000000fd6b2000, 0x0000000100000000)
 Metaspace       used 2942K, capacity 4486K, committed 4864K, reserved 1056768K
  class space    used 305K, capacity 386K, committed 512K, reserved 1048576K
2024-07-27T21:38:51.561+0800: 13.440: Application time: 0.1060523 seconds
