OpenJDK 64-Bit Server VM (25.412-b1) for windows-amd64 JRE (1.8.0_412-b1), built on Apr 23 2024 12:00:37 by "Administrator" with MS VC++ 10.0 (VS2010)
Memory: 4k page, physical 16672068k(5518628k free), swap 19162436k(3308496k free)
CommandLine flags: -XX:GCDrainStackTargetSize=64 -XX:InitialHeapSize=542323504 -XX:MaxHeapSize=939524096 -XX:MaxNewSize=536870912 -XX:MaxTenuringThreshold=6 -XX:NewSize=536870912 -XX:OldPLABSize=16 -XX:+PrintGC -XX:+PrintGCApplicationConcurrentTime -XX:+PrintGCApplicationStoppedTime -XX:+PrintGCDateStamps -XX:+PrintGCDetails -XX:+PrintGCTimeStamps -XX:+UseCompressedClassPointers -XX:+UseCompressedOops -XX:+UseConcMarkSweepGC -XX:-UseLargePagesIndividualAllocation -XX:+UseParNewGC 
2024-07-28T11:57:21.237+0800: 0.698: Application time: 0.6243528 seconds
2024-07-28T11:57:21.237+0800: 0.698: [GC (Allocation Failure) 2024-07-28T11:57:21.237+0800: 0.698: [ParNew: 419019K->8970K(471872K), 0.0052907 secs] 419019K->8970K(478016K), 0.0054915 secs] [Times: user=0.03 sys=0.00, real=0.01 secs] 
2024-07-28T11:57:21.242+0800: 0.703: Total time for which application threads were stopped: 0.0056167 seconds, Stopping threads took: 0.0000206 seconds
2024-07-28T11:57:21.689+0800: 1.150: Application time: 0.4466582 seconds
2024-07-28T11:57:21.689+0800: 1.150: [GC (Allocation Failure) 2024-07-28T11:57:21.689+0800: 1.150: [ParNew: 428426K->13321K(471872K), 0.0073788 secs] 428426K->13321K(478016K), 0.0074361 secs] [Times: user=0.02 sys=0.01, real=0.01 secs] 
2024-07-28T11:57:21.696+0800: 1.158: Total time for which application threads were stopped: 0.0075498 seconds, Stopping threads took: 0.0000200 seconds
2024-07-28T11:57:22.145+0800: 1.606: Application time: 0.4485906 seconds
2024-07-28T11:57:22.145+0800: 1.606: [GC (Allocation Failure) 2024-07-28T11:57:22.145+0800: 1.606: [ParNew: 432777K->17286K(471872K), 0.0064322 secs] 432777K->17286K(478016K), 0.0064918 secs] [Times: user=0.00 sys=0.00, real=0.01 secs] 
2024-07-28T11:57:22.152+0800: 1.613: Total time for which application threads were stopped: 0.0066047 seconds, Stopping threads took: 0.0000217 seconds
2024-07-28T11:57:22.603+0800: 2.064: Application time: 0.4515283 seconds
2024-07-28T11:57:22.603+0800: 2.064: [GC (Allocation Failure) 2024-07-28T11:57:22.603+0800: 2.064: [ParNew: 436742K->22539K(471872K), 0.0072968 secs] 436742K->22539K(478016K), 0.0073556 secs] [Times: user=0.00 sys=0.00, real=0.01 secs] 
2024-07-28T11:57:22.611+0800: 2.072: Total time for which application threads were stopped: 0.0074661 seconds, Stopping threads took: 0.0000193 seconds
2024-07-28T11:57:23.060+0800: 2.521: Application time: 0.4492893 seconds
2024-07-28T11:57:23.060+0800: 2.521: [GC (Allocation Failure) 2024-07-28T11:57:23.060+0800: 2.521: [ParNew: 441995K->27580K(471872K), 0.0086493 secs] 441995K->27580K(478016K), 0.0087271 secs] [Times: user=0.03 sys=0.00, real=0.01 secs] 
2024-07-28T11:57:23.069+0800: 2.530: Total time for which application threads were stopped: 0.0088396 seconds, Stopping threads took: 0.0000199 seconds
2024-07-28T11:57:23.517+0800: 2.978: Application time: 0.4483264 seconds
2024-07-28T11:57:23.517+0800: 2.978: [GC (Allocation Failure) 2024-07-28T11:57:23.517+0800: 2.978: [ParNew: 447036K->31744K(471872K), 0.0102603 secs] 447036K->32396K(478016K), 0.0103219 secs] [Times: user=0.03 sys=0.00, real=0.01 secs] 
2024-07-28T11:57:23.528+0800: 2.989: Total time for which application threads were stopped: 0.0104330 seconds, Stopping threads took: 0.0000200 seconds
2024-07-28T11:57:23.976+0800: 3.436: Application time: 0.4478664 seconds
2024-07-28T11:57:23.976+0800: 3.437: [GC (Allocation Failure) 2024-07-28T11:57:23.976+0800: 3.437: [ParNew: 451200K->36864K(471872K), 0.0091950 secs] 451852K->37516K(478016K), 0.0092631 secs] [Times: user=0.00 sys=0.00, real=0.01 secs] 
2024-07-28T11:57:23.985+0800: 3.446: Total time for which application threads were stopped: 0.0094131 seconds, Stopping threads took: 0.0000245 seconds
2024-07-28T11:57:24.434+0800: 3.894: Application time: 0.4483092 seconds
2024-07-28T11:57:24.434+0800: 3.894: [GC (Allocation Failure) 2024-07-28T11:57:24.434+0800: 3.894: [ParNew: 456320K->41984K(471872K), 0.0107806 secs] 456972K->42637K(478016K), 0.0109059 secs] [Times: user=0.02 sys=0.02, real=0.01 secs] 
2024-07-28T11:57:24.445+0800: 3.905: Total time for which application threads were stopped: 0.0110165 seconds, Stopping threads took: 0.0000194 seconds
2024-07-28T11:57:24.649+0800: 4.109: Application time: 0.2036108 seconds
2024-07-28T11:57:24.649+0800: 4.109: Total time for which application threads were stopped: 0.0000665 seconds, Stopping threads took: 0.0000322 seconds
2024-07-28T11:57:24.889+0800: 4.350: Application time: 0.2407034 seconds
2024-07-28T11:57:24.889+0800: 4.350: [GC (Allocation Failure) 2024-07-28T11:57:24.889+0800: 4.350: [ParNew: 461440K->47104K(471872K), 0.0114304 secs] 462093K->47757K(478016K), 0.0114899 secs] [Times: user=0.03 sys=0.00, real=0.01 secs] 
2024-07-28T11:57:24.901+0800: 4.361: Total time for which application threads were stopped: 0.0115991 seconds, Stopping threads took: 0.0000189 seconds
2024-07-28T11:57:25.347+0800: 4.808: Application time: 0.4469471 seconds
2024-07-28T11:57:25.347+0800: 4.808: [GC (Allocation Failure) 2024-07-28T11:57:25.347+0800: 4.808: [ParNew: 466560K->52224K(471872K), 0.0120702 secs] 467213K->52877K(478016K), 0.0121345 secs] [Times: user=0.01 sys=0.00, real=0.01 secs] 
2024-07-28T11:57:25.360+0800: 4.820: Total time for which application threads were stopped: 0.0122833 seconds, Stopping threads took: 0.0000188 seconds
2024-07-28T11:57:25.805+0800: 5.266: Application time: 0.4452725 seconds
2024-07-28T11:57:25.805+0800: 5.266: [GC (Allocation Failure) 2024-07-28T11:57:25.805+0800: 5.266: [ParNew: 471680K->52224K(471872K), 0.0129300 secs] 472333K->57997K(479044K), 0.0129879 secs] [Times: user=0.03 sys=0.00, real=0.01 secs] 
2024-07-28T11:57:25.818+0800: 5.279: Total time for which application threads were stopped: 0.0131130 seconds, Stopping threads took: 0.0000196 seconds
2024-07-28T11:57:25.818+0800: 5.279: Application time: 0.0002324 seconds
2024-07-28T11:57:25.819+0800: 5.279: [GC (CMS Initial Mark) [1 CMS-initial-mark: 5772K(7172K)] 68339K(479044K), 0.0007466 secs] [Times: user=0.00 sys=0.00, real=0.00 secs] 
2024-07-28T11:57:25.819+0800: 5.280: Total time for which application threads were stopped: 0.0009323 seconds, Stopping threads took: 0.0001436 seconds
2024-07-28T11:57:25.819+0800: 5.280: [CMS-concurrent-mark-start]
2024-07-28T11:57:25.821+0800: 5.282: [CMS-concurrent-mark: 0.002/0.002 secs] [Times: user=0.00 sys=0.00, real=0.00 secs] 
2024-07-28T11:57:25.821+0800: 5.282: [CMS-concurrent-preclean-start]
2024-07-28T11:57:25.821+0800: 5.282: [CMS-concurrent-preclean: 0.000/0.000 secs] [Times: user=0.00 sys=0.00, real=0.00 secs] 
2024-07-28T11:57:25.821+0800: 5.282: [CMS-concurrent-abortable-preclean-start]
2024-07-28T11:57:26.259+0800: 5.719: [CMS-concurrent-abortable-preclean: 0.001/0.437 secs] [Times: user=0.00 sys=0.00, real=0.44 secs] 
2024-07-28T11:57:26.259+0800: 5.720: Application time: 0.4395986 seconds
2024-07-28T11:57:26.259+0800: 5.720: [GC (CMS Final Remark) [YG occupancy: 416655 K (471872 K)]2024-07-28T11:57:26.259+0800: 5.720: [Rescan (parallel) , 0.0011297 secs]2024-07-28T11:57:26.261+0800: 5.721: [weak refs processing, 0.0000144 secs]2024-07-28T11:57:26.261+0800: 5.721: [class unloading, 0.0003328 secs]2024-07-28T11:57:26.261+0800: 5.721: [scrub symbol table, 0.0003631 secs]2024-07-28T11:57:26.261+0800: 5.722: [scrub string table, 0.0001114 secs][1 CMS-remark: 5772K(7172K)] 422428K(479044K), 0.0020368 secs] [Times: user=0.00 sys=0.00, real=0.00 secs] 
2024-07-28T11:57:26.261+0800: 5.722: Total time for which application threads were stopped: 0.0021770 seconds, Stopping threads took: 0.0000984 seconds
2024-07-28T11:57:26.262+0800: 5.722: [CMS-concurrent-sweep-start]
2024-07-28T11:57:26.263+0800: 5.723: [CMS-concurrent-sweep: 0.001/0.001 secs] [Times: user=0.00 sys=0.00, real=0.00 secs] 
2024-07-28T11:57:26.263+0800: 5.724: [CMS-concurrent-reset-start]
2024-07-28T11:57:26.266+0800: 5.726: Application time: 0.0041612 seconds
2024-07-28T11:57:26.266+0800: 5.726: [GC (Allocation Failure) 2024-07-28T11:57:26.266+0800: 5.726: [ParNew: 471680K->52224K(471872K), 0.0135419 secs] 477452K->68236K(488688K), 0.0136053 secs] [Times: user=0.03 sys=0.00, real=0.01 secs] 
2024-07-28T11:57:26.279+0800: 5.740: Total time for which application threads were stopped: 0.0137006 seconds, Stopping threads took: 0.0000137 seconds
2024-07-28T11:57:26.282+0800: 5.742: [CMS-concurrent-reset: 0.005/0.019 secs] [Times: user=0.03 sys=0.00, real=0.02 secs] 
2024-07-28T11:57:26.718+0800: 6.180: Application time: 0.4400312 seconds
2024-07-28T11:57:26.720+0800: 6.180: [GC (Allocation Failure) 2024-07-28T11:57:26.720+0800: 6.180: [ParNew: 471680K->52224K(471872K), 0.0165153 secs] 487692K->83596K(504108K), 0.0165715 secs] [Times: user=0.03 sys=0.00, real=0.01 secs] 
2024-07-28T11:57:26.735+0800: 6.196: Total time for which application threads were stopped: 0.0166963 seconds, Stopping threads took: 0.0000354 seconds
2024-07-28T11:57:26.735+0800: 6.197: Application time: 0.0002344 seconds
2024-07-28T11:57:26.736+0800: 6.197: [GC (CMS Initial Mark) [1 CMS-initial-mark: 31371K(32236K)] 93939K(504108K), 0.0007646 secs] [Times: user=0.00 sys=0.00, real=0.00 secs] 
2024-07-28T11:57:26.736+0800: 6.198: Total time for which application threads were stopped: 0.0008838 seconds, Stopping threads took: 0.0000785 seconds
2024-07-28T11:57:26.736+0800: 6.198: [CMS-concurrent-mark-start]
2024-07-28T11:57:26.738+0800: 6.199: [CMS-concurrent-mark: 0.001/0.001 secs] [Times: user=0.00 sys=0.00, real=0.00 secs] 
2024-07-28T11:57:26.738+0800: 6.199: [CMS-concurrent-preclean-start]
2024-07-28T11:57:26.738+0800: 6.199: [CMS-concurrent-preclean: 0.000/0.000 secs] [Times: user=0.00 sys=0.00, real=0.00 secs] 
2024-07-28T11:57:26.738+0800: 6.199: [CMS-concurrent-abortable-preclean-start]
2024-07-28T11:57:27.171+0800: 6.631: [CMS-concurrent-abortable-preclean: 0.001/0.432 secs] [Times: user=0.02 sys=0.00, real=0.43 secs] 
2024-07-28T11:57:27.171+0800: 6.632: Application time: 0.4342977 seconds
2024-07-28T11:57:27.171+0800: 6.632: [GC (CMS Final Remark) [YG occupancy: 398029 K (471872 K)]2024-07-28T11:57:27.171+0800: 6.632: [Rescan (parallel) , 0.0011421 secs]2024-07-28T11:57:27.173+0800: 6.633: [weak refs processing, 0.0000150 secs]2024-07-28T11:57:27.173+0800: 6.633: [class unloading, 0.0001716 secs]2024-07-28T11:57:27.173+0800: 6.633: [scrub symbol table, 0.0003714 secs]2024-07-28T11:57:27.173+0800: 6.634: [scrub string table, 0.0001126 secs][1 CMS-remark: 31371K(32236K)] 429401K(504108K), 0.0018987 secs] [Times: user=0.00 sys=0.00, real=0.00 secs] 
2024-07-28T11:57:27.173+0800: 6.634: Total time for which application threads were stopped: 0.0019664 seconds, Stopping threads took: 0.0000252 seconds
2024-07-28T11:57:27.173+0800: 6.634: [CMS-concurrent-sweep-start]
2024-07-28T11:57:27.174+0800: 6.634: [CMS-concurrent-sweep: 0.000/0.000 secs] [Times: user=0.00 sys=0.00, real=0.00 secs] 
2024-07-28T11:57:27.174+0800: 6.634: [CMS-concurrent-reset-start]
2024-07-28T11:57:27.174+0800: 6.635: [CMS-concurrent-reset: 0.000/0.000 secs] [Times: user=0.00 sys=0.00, real=0.00 secs] 
2024-07-28T11:57:27.192+0800: 6.652: Application time: 0.0186646 seconds
2024-07-28T11:57:27.192+0800: 6.653: [GC (Allocation Failure) 2024-07-28T11:57:27.192+0800: 6.653: [ParNew: 471680K->52234K(471872K), 0.0131779 secs] 487692K->88726K(509248K), 0.0132348 secs] [Times: user=0.00 sys=0.00, real=0.01 secs] 
2024-07-28T11:57:27.205+0800: 6.666: Total time for which application threads were stopped: 0.0133451 seconds, Stopping threads took: 0.0000191 seconds
2024-07-28T11:57:27.205+0800: 6.666: Application time: 0.0001096 seconds
2024-07-28T11:57:27.205+0800: 6.666: [GC (CMS Initial Mark) [1 CMS-initial-mark: 36491K(37376K)] 89750K(509248K), 0.0007714 secs] [Times: user=0.00 sys=0.00, real=0.00 secs] 
2024-07-28T11:57:27.206+0800: 6.667: Total time for which application threads were stopped: 0.0008538 seconds, Stopping threads took: 0.0000400 seconds
2024-07-28T11:57:27.206+0800: 6.667: [CMS-concurrent-mark-start]
2024-07-28T11:57:27.208+0800: 6.668: [CMS-concurrent-mark: 0.001/0.001 secs] [Times: user=0.05 sys=0.00, real=0.00 secs] 
2024-07-28T11:57:27.208+0800: 6.668: [CMS-concurrent-preclean-start]
2024-07-28T11:57:27.208+0800: 6.669: [CMS-concurrent-preclean: 0.000/0.000 secs] [Times: user=0.00 sys=0.00, real=0.00 secs] 
2024-07-28T11:57:27.208+0800: 6.669: [CMS-concurrent-abortable-preclean-start]
2024-07-28T11:57:27.644+0800: 7.105: [CMS-concurrent-abortable-preclean: 0.002/0.436 secs] [Times: user=0.05 sys=0.00, real=0.44 secs] 
2024-07-28T11:57:27.644+0800: 7.105: Application time: 0.4382374 seconds
2024-07-28T11:57:27.645+0800: 7.105: [GC (CMS Final Remark) [YG occupancy: 398041 K (471872 K)]2024-07-28T11:57:27.645+0800: 7.105: [Rescan (parallel) , 0.0009948 secs]2024-07-28T11:57:27.646+0800: 7.106: [weak refs processing, 0.0000155 secs]2024-07-28T11:57:27.646+0800: 7.106: [class unloading, 0.0002074 secs]2024-07-28T11:57:27.646+0800: 7.106: [scrub symbol table, 0.0003532 secs]2024-07-28T11:57:27.646+0800: 7.107: [scrub string table, 0.0001018 secs][1 CMS-remark: 36491K(37376K)] 434533K(509248K), 0.0017686 secs] [Times: user=0.00 sys=0.00, real=0.00 secs] 
2024-07-28T11:57:27.646+0800: 7.107: Total time for which application threads were stopped: 0.0019328 seconds, Stopping threads took: 0.0001090 seconds
2024-07-28T11:57:27.647+0800: 7.107: [CMS-concurrent-sweep-start]
2024-07-28T11:57:27.648+0800: 7.109: [CMS-concurrent-sweep: 0.001/0.001 secs] [Times: user=0.00 sys=0.00, real=0.00 secs] 
2024-07-28T11:57:27.648+0800: 7.109: [CMS-concurrent-reset-start]
2024-07-28T11:57:27.649+0800: 7.109: [CMS-concurrent-reset: 0.001/0.001 secs] [Times: user=0.00 sys=0.00, real=0.00 secs] 
2024-07-28T11:57:27.652+0800: 7.113: Application time: 0.0055684 seconds
2024-07-28T11:57:27.652+0800: 7.113: [GC (Allocation Failure) 2024-07-28T11:57:27.652+0800: 7.113: [ParNew: 471690K->52224K(471872K), 0.0164837 secs] 492822K->98957K(519528K), 0.0165324 secs] [Times: user=0.03 sys=0.00, real=0.02 secs] 
2024-07-28T11:57:27.669+0800: 7.129: Total time for which application threads were stopped: 0.0166434 seconds, Stopping threads took: 0.0000172 seconds
2024-07-28T11:57:27.669+0800: 7.129: Application time: 0.0001950 seconds
2024-07-28T11:57:27.669+0800: 7.130: [GC (CMS Initial Mark) [1 CMS-initial-mark: 46732K(47656K)] 109299K(519528K), 0.0007348 secs] [Times: user=0.00 sys=0.00, real=0.00 secs] 
2024-07-28T11:57:27.670+0800: 7.130: Total time for which application threads were stopped: 0.0009471 seconds, Stopping threads took: 0.0001682 seconds
2024-07-28T11:57:27.670+0800: 7.130: [CMS-concurrent-mark-start]
2024-07-28T11:57:27.671+0800: 7.132: [CMS-concurrent-mark: 0.001/0.001 secs] [Times: user=0.00 sys=0.00, real=0.00 secs] 
2024-07-28T11:57:27.671+0800: 7.132: [CMS-concurrent-preclean-start]
2024-07-28T11:57:27.671+0800: 7.132: [CMS-concurrent-preclean: 0.000/0.000 secs] [Times: user=0.00 sys=0.00, real=0.00 secs] 
2024-07-28T11:57:27.671+0800: 7.132: [CMS-concurrent-abortable-preclean-start]
2024-07-28T11:57:28.118+0800: 7.578: [CMS-concurrent-abortable-preclean: 0.002/0.446 secs] [Times: user=0.02 sys=0.00, real=0.45 secs] 
2024-07-28T11:57:28.118+0800: 7.578: Application time: 0.4479925 seconds
2024-07-28T11:57:28.118+0800: 7.579: [GC (CMS Final Remark) [YG occupancy: 406422 K (471872 K)]2024-07-28T11:57:28.118+0800: 7.579: [Rescan (parallel) , 0.0009759 secs]2024-07-28T11:57:28.119+0800: 7.580: [weak refs processing, 0.0000139 secs]2024-07-28T11:57:28.119+0800: 7.580: [class unloading, 0.0001844 secs]2024-07-28T11:57:28.119+0800: 7.580: [scrub symbol table, 0.0003395 secs]2024-07-28T11:57:28.119+0800: 7.580: [scrub string table, 0.0001007 secs][1 CMS-remark: 46732K(47656K)] 453155K(519528K), 0.0016896 secs] [Times: user=0.00 sys=0.00, real=0.00 secs] 
2024-07-28T11:57:28.119+0800: 7.580: Total time for which application threads were stopped: 0.0019113 seconds, Stopping threads took: 0.0001574 seconds
2024-07-28T11:57:28.120+0800: 7.580: [CMS-concurrent-sweep-start]
2024-07-28T11:57:28.120+0800: 7.581: [CMS-concurrent-sweep: 0.001/0.001 secs] [Times: user=0.00 sys=0.00, real=0.00 secs] 
2024-07-28T11:57:28.121+0800: 7.582: [CMS-concurrent-reset-start]
2024-07-28T11:57:28.121+0800: 7.582: [CMS-concurrent-reset: 0.001/0.001 secs] [Times: user=0.00 sys=0.00, real=0.00 secs] 
2024-07-28T11:57:28.124+0800: 7.585: Application time: 0.0048327 seconds
2024-07-28T11:57:28.124+0800: 7.585: [GC (Allocation Failure) 2024-07-28T11:57:28.124+0800: 7.585: [ParNew: 471652K->52228K(471872K), 0.0129292 secs] 497904K->101009K(521584K), 0.0129774 secs] [Times: user=0.03 sys=0.00, real=0.01 secs] 
2024-07-28T11:57:28.137+0800: 7.598: Total time for which application threads were stopped: 0.0130746 seconds, Stopping threads took: 0.0000152 seconds
2024-07-28T11:57:28.137+0800: 7.598: Application time: 0.0002325 seconds
2024-07-28T11:57:28.138+0800: 7.598: [GC (CMS Initial Mark) [1 CMS-initial-mark: 48780K(49712K)] 111352K(521584K), 0.0008020 secs] [Times: user=0.00 sys=0.00, real=0.00 secs] 
2024-07-28T11:57:28.138+0800: 7.599: Total time for which application threads were stopped: 0.0009211 seconds, Stopping threads took: 0.0000777 seconds
2024-07-28T11:57:28.138+0800: 7.599: [CMS-concurrent-mark-start]
2024-07-28T11:57:28.140+0800: 7.601: [CMS-concurrent-mark: 0.002/0.002 secs] [Times: user=0.00 sys=0.00, real=0.00 secs] 
2024-07-28T11:57:28.140+0800: 7.601: [CMS-concurrent-preclean-start]
2024-07-28T11:57:28.140+0800: 7.601: [CMS-concurrent-preclean: 0.000/0.000 secs] [Times: user=0.00 sys=0.00, real=0.00 secs] 
2024-07-28T11:57:28.140+0800: 7.601: [CMS-concurrent-abortable-preclean-start]
2024-07-28T11:57:28.576+0800: 8.036: [CMS-concurrent-abortable-preclean: 0.001/0.435 secs] [Times: user=0.00 sys=0.00, real=0.44 secs] 
2024-07-28T11:57:28.576+0800: 8.036: Application time: 0.4369744 seconds
2024-07-28T11:57:28.576+0800: 8.036: [GC (CMS Final Remark) [YG occupancy: 398046 K (471872 K)]2024-07-28T11:57:28.576+0800: 8.036: [Rescan (parallel) , 0.0008265 secs]2024-07-28T11:57:28.576+0800: 8.037: [weak refs processing, 0.0000160 secs]2024-07-28T11:57:28.576+0800: 8.037: [class unloading, 0.0001828 secs]2024-07-28T11:57:28.576+0800: 8.038: [scrub symbol table, 0.0003491 secs]2024-07-28T11:57:28.578+0800: 8.038: [scrub string table, 0.0001123 secs][1 CMS-remark: 48780K(49712K)] 446826K(521584K), 0.0015856 secs] [Times: user=0.00 sys=0.00, real=0.00 secs] 
2024-07-28T11:57:28.578+0800: 8.038: Total time for which application threads were stopped: 0.0017959 seconds, Stopping threads took: 0.0001498 seconds
2024-07-28T11:57:28.578+0800: 8.038: [CMS-concurrent-sweep-start]
2024-07-28T11:57:28.579+0800: 8.040: [CMS-concurrent-sweep: 0.001/0.001 secs] [Times: user=0.00 sys=0.00, real=0.00 secs] 
2024-07-28T11:57:28.579+0800: 8.040: [CMS-concurrent-reset-start]
2024-07-28T11:57:28.580+0800: 8.040: [CMS-concurrent-reset: 0.001/0.001 secs] [Times: user=0.00 sys=0.00, real=0.00 secs] 
2024-07-28T11:57:28.583+0800: 8.043: Application time: 0.0052746 seconds
2024-07-28T11:57:28.583+0800: 8.043: [GC (Allocation Failure) 2024-07-28T11:57:28.583+0800: 8.043: [ParNew: 471684K->52224K(471872K), 0.0131275 secs] 494865K->103053K(523640K), 0.0131756 secs] [Times: user=0.00 sys=0.00, real=0.01 secs] 
2024-07-28T11:57:28.596+0800: 8.057: Total time for which application threads were stopped: 0.0132727 seconds, Stopping threads took: 0.0000147 seconds
2024-07-28T11:57:28.596+0800: 8.057: Application time: 0.0001966 seconds
2024-07-28T11:57:28.596+0800: 8.057: [GC (CMS Initial Mark) [1 CMS-initial-mark: 50828K(51768K)] 113338K(523640K), 0.0007665 secs] [Times: user=0.00 sys=0.00, real=0.00 secs] 
2024-07-28T11:57:28.597+0800: 8.058: Total time for which application threads were stopped: 0.0009311 seconds, Stopping threads took: 0.0001135 seconds
2024-07-28T11:57:28.597+0800: 8.058: [CMS-concurrent-mark-start]
2024-07-28T11:57:28.598+0800: 8.059: [CMS-concurrent-mark: 0.001/0.001 secs] [Times: user=0.05 sys=0.00, real=0.00 secs] 
2024-07-28T11:57:28.598+0800: 8.059: [CMS-concurrent-preclean-start]
2024-07-28T11:57:28.598+0800: 8.060: [CMS-concurrent-preclean: 0.000/0.000 secs] [Times: user=0.00 sys=0.00, real=0.00 secs] 
2024-07-28T11:57:28.598+0800: 8.060: [CMS-concurrent-abortable-preclean-start]
2024-07-28T11:57:29.034+0800: 8.495: [CMS-concurrent-abortable-preclean: 0.002/0.435 secs] [Times: user=0.05 sys=0.00, real=0.44 secs] 
2024-07-28T11:57:29.034+0800: 8.495: Application time: 0.4371321 seconds
2024-07-28T11:57:29.034+0800: 8.495: [GC (CMS Final Remark) [YG occupancy: 386656 K (471872 K)]2024-07-28T11:57:29.034+0800: 8.495: [Rescan (parallel) , 0.0011845 secs]2024-07-28T11:57:29.036+0800: 8.496: [weak refs processing, 0.0000148 secs]2024-07-28T11:57:29.036+0800: 8.496: [class unloading, 0.0002009 secs]2024-07-28T11:57:29.036+0800: 8.496: [scrub symbol table, 0.0003329 secs]2024-07-28T11:57:29.036+0800: 8.497: [scrub string table, 0.0001000 secs][1 CMS-remark: 50828K(51768K)] 437485K(523640K), 0.0019170 secs] [Times: user=0.00 sys=0.01, real=0.00 secs] 
2024-07-28T11:57:29.036+0800: 8.497: Total time for which application threads were stopped: 0.0020583 seconds, Stopping threads took: 0.0000967 seconds
2024-07-28T11:57:29.036+0800: 8.497: [CMS-concurrent-sweep-start]
2024-07-28T11:57:29.037+0800: 8.498: [CMS-concurrent-sweep: 0.001/0.001 secs] [Times: user=0.00 sys=0.00, real=0.00 secs] 
2024-07-28T11:57:29.037+0800: 8.498: [CMS-concurrent-reset-start]
2024-07-28T11:57:29.038+0800: 8.499: [CMS-concurrent-reset: 0.001/0.001 secs] [Times: user=0.00 sys=0.00, real=0.00 secs] 
2024-07-28T11:57:29.042+0800: 8.503: Application time: 0.0056875 seconds
2024-07-28T11:57:29.042+0800: 8.503: [GC (Allocation Failure) 2024-07-28T11:57:29.042+0800: 8.503: [ParNew: 471680K->52224K(471872K), 0.0179707 secs] 499981K->115341K(535976K), 0.0180206 secs] [Times: user=0.03 sys=0.00, real=0.02 secs] 
2024-07-28T11:57:29.060+0800: 8.521: Total time for which application threads were stopped: 0.0181341 seconds, Stopping threads took: 0.0000166 seconds
2024-07-28T11:57:29.060+0800: 8.521: Application time: 0.0002286 seconds
2024-07-28T11:57:29.060+0800: 8.521: [GC (CMS Initial Mark) [1 CMS-initial-mark: 63116K(64104K)] 125680K(535976K), 0.0008128 secs] [Times: user=0.00 sys=0.00, real=0.00 secs] 
2024-07-28T11:57:29.061+0800: 8.522: Total time for which application threads were stopped: 0.0009660 seconds, Stopping threads took: 0.0001110 seconds
2024-07-28T11:57:29.061+0800: 8.522: [CMS-concurrent-mark-start]
2024-07-28T11:57:29.062+0800: 8.523: [CMS-concurrent-mark: 0.001/0.001 secs] [Times: user=0.00 sys=0.00, real=0.00 secs] 
2024-07-28T11:57:29.062+0800: 8.523: [CMS-concurrent-preclean-start]
2024-07-28T11:57:29.063+0800: 8.523: [CMS-concurrent-preclean: 0.000/0.000 secs] [Times: user=0.00 sys=0.00, real=0.00 secs] 
2024-07-28T11:57:29.063+0800: 8.523: [CMS-concurrent-abortable-preclean-start]
2024-07-28T11:57:29.508+0800: 8.968: [CMS-concurrent-abortable-preclean: 0.002/0.445 secs] [Times: user=0.03 sys=0.00, real=0.44 secs] 
2024-07-28T11:57:29.508+0800: 8.969: Application time: 0.4466243 seconds
2024-07-28T11:57:29.508+0800: 8.969: [GC (CMS Final Remark) [YG occupancy: 388569 K (471872 K)]2024-07-28T11:57:29.509+0800: 8.969: [Rescan (parallel) , 0.0008375 secs]2024-07-28T11:57:29.509+0800: 8.970: [weak refs processing, 0.0000144 secs]2024-07-28T11:57:29.509+0800: 8.970: [class unloading, 0.0002037 secs]2024-07-28T11:57:29.510+0800: 8.970: [scrub symbol table, 0.0003338 secs]2024-07-28T11:57:29.510+0800: 8.970: [scrub string table, 0.0000996 secs][1 CMS-remark: 63116K(64104K)] 451686K(535976K), 0.0015757 secs] [Times: user=0.00 sys=0.00, real=0.00 secs] 
2024-07-28T11:57:29.510+0800: 8.970: Total time for which application threads were stopped: 0.0017781 seconds, Stopping threads took: 0.0001547 seconds
2024-07-28T11:57:29.510+0800: 8.971: [CMS-concurrent-sweep-start]
2024-07-28T11:57:29.512+0800: 8.972: [CMS-concurrent-sweep: 0.001/0.001 secs] [Times: user=0.00 sys=0.00, real=0.00 secs] 
2024-07-28T11:57:29.512+0800: 8.972: [CMS-concurrent-reset-start]
2024-07-28T11:57:29.512+0800: 8.973: [CMS-concurrent-reset: 0.001/0.001 secs] [Times: user=0.00 sys=0.00, real=0.00 secs] 
2024-07-28T11:57:29.516+0800: 8.976: Application time: 0.0059263 seconds
2024-07-28T11:57:29.516+0800: 8.976: [GC (Allocation Failure) 2024-07-28T11:57:29.516+0800: 8.976: [ParNew: 471680K->52224K(471872K), 0.0188390 secs] 507149K->127629K(548312K), 0.0188899 secs] [Times: user=0.03 sys=0.00, real=0.02 secs] 
2024-07-28T11:57:29.535+0800: 8.995: Total time for which application threads were stopped: 0.0189868 seconds, Stopping threads took: 0.0000145 seconds
2024-07-28T11:57:29.535+0800: 8.996: Application time: 0.0002405 seconds
2024-07-28T11:57:29.535+0800: 8.996: [GC (CMS Initial Mark) [1 CMS-initial-mark: 75405K(76440K)] 137919K(548312K), 0.0008480 secs] [Times: user=0.02 sys=0.00, real=0.00 secs] 
2024-07-28T11:57:29.536+0800: 8.997: Total time for which application threads were stopped: 0.0009669 seconds, Stopping threads took: 0.0000771 seconds
2024-07-28T11:57:29.536+0800: 8.997: [CMS-concurrent-mark-start]
2024-07-28T11:57:29.537+0800: 8.998: [CMS-concurrent-mark: 0.001/0.001 secs] [Times: user=0.00 sys=0.00, real=0.00 secs] 
2024-07-28T11:57:29.537+0800: 8.998: [CMS-concurrent-preclean-start]
2024-07-28T11:57:29.537+0800: 8.998: [CMS-concurrent-preclean: 0.000/0.000 secs] [Times: user=0.00 sys=0.00, real=0.00 secs] 
2024-07-28T11:57:29.537+0800: 8.998: [CMS-concurrent-abortable-preclean-start]
2024-07-28T11:57:29.982+0800: 9.442: [CMS-concurrent-abortable-preclean: 0.002/0.444 secs] [Times: user=0.00 sys=0.00, real=0.45 secs] 
2024-07-28T11:57:29.982+0800: 9.442: Application time: 0.4456845 seconds
2024-07-28T11:57:29.982+0800: 9.442: [GC (CMS Final Remark) [YG occupancy: 377549 K (471872 K)]2024-07-28T11:57:29.982+0800: 9.442: [Rescan (parallel) , 0.0010857 secs]2024-07-28T11:57:29.983+0800: 9.444: [weak refs processing, 0.0000245 secs]2024-07-28T11:57:29.983+0800: 9.444: [class unloading, 0.0001800 secs]2024-07-28T11:57:29.983+0800: 9.444: [scrub symbol table, 0.0003414 secs]2024-07-28T11:57:29.983+0800: 9.444: [scrub string table, 0.0000994 secs][1 CMS-remark: 75405K(76440K)] 452954K(548312K), 0.0018205 secs] [Times: user=0.00 sys=0.00, real=0.00 secs] 
2024-07-28T11:57:29.983+0800: 9.444: Total time for which application threads were stopped: 0.0020174 seconds, Stopping threads took: 0.0001467 seconds
2024-07-28T11:57:29.984+0800: 9.444: [CMS-concurrent-sweep-start]
2024-07-28T11:57:29.984+0800: 9.445: [CMS-concurrent-sweep: 0.001/0.001 secs] [Times: user=0.00 sys=0.00, real=0.00 secs] 
2024-07-28T11:57:29.985+0800: 9.445: [CMS-concurrent-reset-start]
2024-07-28T11:57:29.985+0800: 9.446: [CMS-concurrent-reset: 0.001/0.001 secs] [Times: user=0.00 sys=0.00, real=0.00 secs] 
2024-07-28T11:57:29.990+0800: 9.451: Application time: 0.0065020 seconds
2024-07-28T11:57:29.990+0800: 9.451: [GC (Allocation Failure) 2024-07-28T11:57:29.990+0800: 9.451: [ParNew: 471680K->52224K(471872K), 0.0210262 secs] 512269K->139918K(560648K), 0.0210748 secs] [Times: user=0.03 sys=0.00, real=0.02 secs] 
2024-07-28T11:57:30.011+0800: 9.472: Total time for which application threads were stopped: 0.0211738 seconds, Stopping threads took: 0.0000160 seconds
2024-07-28T11:57:30.011+0800: 9.472: Application time: 0.0002336 seconds
2024-07-28T11:57:30.011+0800: 9.472: [GC (CMS Initial Mark) [1 CMS-initial-mark: 87693K(88776K)] 150259K(560648K), 0.0006902 secs] [Times: user=0.00 sys=0.00, real=0.00 secs] 
2024-07-28T11:57:30.012+0800: 9.473: Total time for which application threads were stopped: 0.0008915 seconds, Stopping threads took: 0.0001589 seconds
2024-07-28T11:57:30.012+0800: 9.473: [CMS-concurrent-mark-start]
2024-07-28T11:57:30.013+0800: 9.474: [CMS-concurrent-mark: 0.001/0.001 secs] [Times: user=0.00 sys=0.00, real=0.00 secs] 
2024-07-28T11:57:30.013+0800: 9.474: [CMS-concurrent-preclean-start]
2024-07-28T11:57:30.013+0800: 9.474: [CMS-concurrent-preclean: 0.000/0.000 secs] [Times: user=0.00 sys=0.00, real=0.00 secs] 
2024-07-28T11:57:30.013+0800: 9.474: [CMS-concurrent-abortable-preclean-start]
2024-07-28T11:57:30.459+0800: 9.920: [CMS-concurrent-abortable-preclean: 0.002/0.445 secs] [Times: user=0.05 sys=0.00, real=0.45 secs] 
2024-07-28T11:57:30.460+0800: 9.920: Application time: 0.4468974 seconds
2024-07-28T11:57:30.460+0800: 9.920: [GC (CMS Final Remark) [YG occupancy: 370037 K (471872 K)]2024-07-28T11:57:30.460+0800: 9.920: [Rescan (parallel) , 0.0010887 secs]2024-07-28T11:57:30.461+0800: 9.921: [weak refs processing, 0.0000140 secs]2024-07-28T11:57:30.461+0800: 9.921: [class unloading, 0.0001925 secs]2024-07-28T11:57:30.461+0800: 9.921: [scrub symbol table, 0.0003370 secs]2024-07-28T11:57:30.461+0800: 9.922: [scrub string table, 0.0000989 secs][1 CMS-remark: 87693K(88776K)] 457730K(560648K), 0.0018157 secs] [Times: user=0.00 sys=0.00, real=0.00 secs] 
2024-07-28T11:57:30.461+0800: 9.922: Total time for which application threads were stopped: 0.0020136 seconds, Stopping threads took: 0.0001478 seconds
2024-07-28T11:57:30.462+0800: 9.922: [CMS-concurrent-sweep-start]
2024-07-28T11:57:30.462+0800: 9.923: [CMS-concurrent-sweep: 0.001/0.001 secs] [Times: user=0.00 sys=0.00, real=0.00 secs] 
2024-07-28T11:57:30.462+0800: 9.923: [CMS-concurrent-reset-start]
2024-07-28T11:57:30.463+0800: 9.924: [CMS-concurrent-reset: 0.001/0.001 secs] [Times: user=0.00 sys=0.00, real=0.00 secs] 
2024-07-28T11:57:30.570+0800: 10.031: Application time: 0.1088770 seconds
2024-07-28T11:57:30.570+0800: 10.031: [GC (Allocation Failure) 2024-07-28T11:57:30.570+0800: 10.031: [ParNew: 471680K->52224K(471872K), 0.0205357 secs] 519437K->152206K(572984K), 0.0205966 secs] [Times: user=0.03 sys=0.00, real=0.02 secs] 
2024-07-28T11:57:30.591+0800: 10.052: Total time for which application threads were stopped: 0.0207123 seconds, Stopping threads took: 0.0000229 seconds
2024-07-28T11:57:30.591+0800: 10.052: Application time: 0.0001794 seconds
2024-07-28T11:57:30.591+0800: 10.052: [GC (CMS Initial Mark) [1 CMS-initial-mark: 99981K(101112K)] 153230K(572984K), 0.0008182 secs] [Times: user=0.00 sys=0.00, real=0.00 secs] 
2024-07-28T11:57:30.592+0800: 10.053: Total time for which application threads were stopped: 0.0008928 seconds, Stopping threads took: 0.0000325 seconds
2024-07-28T11:57:30.592+0800: 10.053: [CMS-concurrent-mark-start]
2024-07-28T11:57:30.594+0800: 10.055: [CMS-concurrent-mark: 0.002/0.002 secs] [Times: user=0.00 sys=0.00, real=0.00 secs] 
2024-07-28T11:57:30.594+0800: 10.055: [CMS-concurrent-preclean-start]
2024-07-28T11:57:30.595+0800: 10.055: [CMS-concurrent-preclean: 0.001/0.001 secs] [Times: user=0.00 sys=0.00, real=0.00 secs] 
2024-07-28T11:57:30.595+0800: 10.055: [CMS-concurrent-abortable-preclean-start]
2024-07-28T11:57:31.023+0800: 10.484: [CMS-concurrent-abortable-preclean: 0.001/0.428 secs] [Times: user=0.02 sys=0.00, real=0.43 secs] 
2024-07-28T11:57:31.023+0800: 10.484: Application time: 0.4311214 seconds
2024-07-28T11:57:31.023+0800: 10.484: [GC (CMS Final Remark) [YG occupancy: 470290 K (471872 K)]2024-07-28T11:57:31.023+0800: 10.484: [Rescan (parallel) , 0.0007377 secs]2024-07-28T11:57:31.024+0800: 10.485: [weak refs processing, 0.0000150 secs]2024-07-28T11:57:31.024+0800: 10.485: [class unloading, 0.0002110 secs]2024-07-28T11:57:31.024+0800: 10.485: [scrub symbol table, 0.0003415 secs]2024-07-28T11:57:31.025+0800: 10.485: [scrub string table, 0.0001054 secs][1 CMS-remark: 99981K(101112K)] 570271K(572984K), 0.0014962 secs] [Times: user=0.00 sys=0.00, real=0.00 secs] 
2024-07-28T11:57:31.025+0800: 10.485: Total time for which application threads were stopped: 0.0015678 seconds, Stopping threads took: 0.0000217 seconds
2024-07-28T11:57:31.025+0800: 10.485: [CMS-concurrent-sweep-start]
2024-07-28T11:57:31.025+0800: 10.486: [CMS-concurrent-sweep: 0.000/0.000 secs] [Times: user=0.00 sys=0.00, real=0.00 secs] 
2024-07-28T11:57:31.025+0800: 10.486: [CMS-concurrent-reset-start]
2024-07-28T11:57:31.025+0800: 10.486: [CMS-concurrent-reset: 0.000/0.000 secs] [Times: user=0.00 sys=0.00, real=0.00 secs] 
2024-07-28T11:57:31.040+0800: 10.500: Application time: 0.0148886 seconds
2024-07-28T11:57:31.040+0800: 10.500: [GC (Allocation Failure) 2024-07-28T11:57:31.040+0800: 10.500: [ParNew: 471680K->52224K(471872K), 0.0215196 secs] 524557K->164494K(585320K), 0.0215817 secs] [Times: user=0.03 sys=0.00, real=0.02 secs] 
2024-07-28T11:57:31.061+0800: 10.522: Total time for which application threads were stopped: 0.0216953 seconds, Stopping threads took: 0.0000202 seconds
2024-07-28T11:57:31.062+0800: 10.522: Application time: 0.0002665 seconds
2024-07-28T11:57:31.062+0800: 10.522: [GC (CMS Initial Mark) [1 CMS-initial-mark: 112269K(113448K)] 174836K(585320K), 0.0007954 secs] [Times: user=0.00 sys=0.00, real=0.00 secs] 
2024-07-28T11:57:31.063+0800: 10.523: Total time for which application threads were stopped: 0.0009800 seconds, Stopping threads took: 0.0001425 seconds
2024-07-28T11:57:31.063+0800: 10.523: [CMS-concurrent-mark-start]
2024-07-28T11:57:31.065+0800: 10.525: [CMS-concurrent-mark: 0.002/0.002 secs] [Times: user=0.00 sys=0.00, real=0.00 secs] 
2024-07-28T11:57:31.065+0800: 10.525: [CMS-concurrent-preclean-start]
2024-07-28T11:57:31.065+0800: 10.526: [CMS-concurrent-preclean: 0.001/0.001 secs] [Times: user=0.00 sys=0.00, real=0.00 secs] 
2024-07-28T11:57:31.065+0800: 10.526: [CMS-concurrent-abortable-preclean-start]
2024-07-28T11:57:31.498+0800: 10.958: [CMS-concurrent-abortable-preclean: 0.001/0.432 secs] [Times: user=0.01 sys=0.00, real=0.43 secs] 
2024-07-28T11:57:31.498+0800: 10.958: Application time: 0.4352703 seconds
2024-07-28T11:57:31.498+0800: 10.958: [GC (CMS Final Remark) [YG occupancy: 463264 K (471872 K)]2024-07-28T11:57:31.498+0800: 10.958: [Rescan (parallel) , 0.0009792 secs]2024-07-28T11:57:31.499+0800: 10.960: [weak refs processing, 0.0000155 secs]2024-07-28T11:57:31.499+0800: 10.960: [class unloading, 0.0002027 secs]2024-07-28T11:57:31.499+0800: 10.960: [scrub symbol table, 0.0003432 secs]2024-07-28T11:57:31.500+0800: 10.960: [scrub string table, 0.0000989 secs][1 CMS-remark: 112269K(113448K)] 575533K(585320K), 0.0017246 secs] [Times: user=0.00 sys=0.00, real=0.00 secs] 
2024-07-28T11:57:31.500+0800: 10.960: Total time for which application threads were stopped: 0.0017900 seconds, Stopping threads took: 0.0000219 seconds
2024-07-28T11:57:31.500+0800: 10.960: [CMS-concurrent-sweep-start]
2024-07-28T11:57:31.500+0800: 10.961: [CMS-concurrent-sweep: 0.000/0.000 secs] [Times: user=0.00 sys=0.00, real=0.00 secs] 
2024-07-28T11:57:31.500+0800: 10.961: [CMS-concurrent-reset-start]
2024-07-28T11:57:31.501+0800: 10.961: [CMS-concurrent-reset: 0.000/0.000 secs] [Times: user=0.00 sys=0.00, real=0.00 secs] 
2024-07-28T11:57:31.515+0800: 10.976: Application time: 0.0152989 seconds
2024-07-28T11:57:31.515+0800: 10.976: [GC (Allocation Failure) 2024-07-28T11:57:31.515+0800: 10.976: [ParNew: 471680K->52224K(471872K), 0.0222461 secs] 531725K->176782K(597656K), 0.0223071 secs] [Times: user=0.06 sys=0.00, real=0.02 secs] 
2024-07-28T11:57:31.538+0800: 10.998: Total time for which application threads were stopped: 0.0224179 seconds, Stopping threads took: 0.0000189 seconds
2024-07-28T11:57:31.538+0800: 10.998: Application time: 0.0001585 seconds
2024-07-28T11:57:31.538+0800: 10.998: [GC (CMS Initial Mark) [1 CMS-initial-mark: 124557K(125784K)] 187075K(597656K), 0.0006879 secs] [Times: user=0.00 sys=0.00, real=0.00 secs] 
2024-07-28T11:57:31.539+0800: 10.999: Total time for which application threads were stopped: 0.0008543 seconds, Stopping threads took: 0.0001239 seconds
2024-07-28T11:57:31.539+0800: 10.999: [CMS-concurrent-mark-start]
2024-07-28T11:57:31.541+0800: 11.001: [CMS-concurrent-mark: 0.002/0.002 secs] [Times: user=0.00 sys=0.00, real=0.00 secs] 
2024-07-28T11:57:31.541+0800: 11.001: [CMS-concurrent-preclean-start]
2024-07-28T11:57:31.541+0800: 11.002: [CMS-concurrent-preclean: 0.001/0.001 secs] [Times: user=0.00 sys=0.00, real=0.00 secs] 
2024-07-28T11:57:31.541+0800: 11.002: [CMS-concurrent-abortable-preclean-start]
2024-07-28T11:57:31.987+0800: 11.447: [CMS-concurrent-abortable-preclean: 0.002/0.446 secs] [Times: user=0.05 sys=0.00, real=0.45 secs] 
2024-07-28T11:57:31.987+0800: 11.448: Application time: 0.4487581 seconds
2024-07-28T11:57:31.988+0800: 11.448: [GC (CMS Final Remark) [YG occupancy: 465251 K (471872 K)]2024-07-28T11:57:31.988+0800: 11.448: [Rescan (parallel) , 0.0009077 secs]2024-07-28T11:57:31.989+0800: 11.449: [weak refs processing, 0.0000139 secs]2024-07-28T11:57:31.989+0800: 11.449: [class unloading, 0.0001866 secs]2024-07-28T11:57:31.989+0800: 11.449: [scrub symbol table, 0.0003512 secs]2024-07-28T11:57:31.989+0800: 11.450: [scrub string table, 0.0000987 secs][1 CMS-remark: 124557K(125784K)] 589809K(597656K), 0.0016850 secs] [Times: user=0.00 sys=0.00, real=0.00 secs] 
2024-07-28T11:57:31.989+0800: 11.450: Total time for which application threads were stopped: 0.0019269 seconds, Stopping threads took: 0.0001990 seconds
2024-07-28T11:57:31.990+0800: 11.450: [CMS-concurrent-sweep-start]
2024-07-28T11:57:31.990+0800: 11.451: Application time: 0.0008451 seconds
2024-07-28T11:57:31.990+0800: 11.451: [GC (Allocation Failure) 2024-07-28T11:57:31.990+0800: 11.451: [ParNew: 471680K->52228K(471872K), 0.0446496 secs] 596238K->244371K(665504K), 0.0446970 secs] [Times: user=0.03 sys=0.03, real=0.05 secs] 
2024-07-28T11:57:32.035+0800: 11.495: Total time for which application threads were stopped: 0.0447931 seconds, Stopping threads took: 0.0000137 seconds
2024-07-28T11:57:32.035+0800: 11.496: [CMS-concurrent-sweep: 0.001/0.046 secs] [Times: user=0.03 sys=0.03, real=0.05 secs] 
2024-07-28T11:57:32.036+0800: 11.496: [CMS-concurrent-reset-start]
2024-07-28T11:57:32.036+0800: 11.497: [CMS-concurrent-reset: 0.001/0.001 secs] [Times: user=0.00 sys=0.00, real=0.00 secs] 
Heap
 par new generation   total 471872K, used 358792K [0x00000000c8000000, 0x00000000e8000000, 0x00000000e8000000)
  eden space 419456K,  73% used [0x00000000c8000000, 0x00000000dab60f00, 0x00000000e19a0000)
  from space 52416K,  99% used [0x00000000e19a0000, 0x00000000e4ca1350, 0x00000000e4cd0000)
  to   space 52416K,   0% used [0x00000000e4cd0000, 0x00000000e4cd0000, 0x00000000e8000000)
 concurrent mark-sweep generation total 221252K, used 132749K [0x00000000e8000000, 0x00000000f5811000, 0x0000000100000000)
 Metaspace       used 2942K, capacity 4486K, committed 4864K, reserved 1056768K
  class space    used 305K, capacity 386K, committed 512K, reserved 1048576K
2024-07-28T11:57:32.369+0800: 11.829: Application time: 0.3336936 seconds
