OpenJDK 64-Bit Server VM (25.412-b1) for windows-amd64 JRE (1.8.0_412-b1), built on Apr 23 2024 12:00:37 by "Administrator" with MS VC++ 10.0 (VS2010)
Memory: 4k page, physical 16672068k(5494460k free), swap 19162436k(3330088k free)
CommandLine flags: -XX:GCDrainStackTargetSize=64 -XX:InitialHeapSize=810758960 -XX:MaxHeapSize=939524096 -XX:MaxNewSize=805306368 -XX:MaxTenuringThreshold=6 -XX:NewSize=805306368 -XX:OldPLABSize=16 -XX:+PrintGC -XX:+PrintGCApplicationConcurrentTime -XX:+PrintGCApplicationStoppedTime -XX:+PrintGCDateStamps -XX:+PrintGCDetails -XX:+PrintGCTimeStamps -XX:+UseCompressedClassPointers -XX:+UseCompressedOops -XX:+UseConcMarkSweepGC -XX:-UseLargePagesIndividualAllocation -XX:+UseParNewGC 
2024-07-28T11:58:57.132+0800: 1.011: Application time: 0.9385143 seconds
2024-07-28T11:58:57.132+0800: 1.011: [GC (Allocation Failure) 2024-07-28T11:58:57.132+0800: 1.011: [ParNew: 629042K->14037K(707840K), 0.0080207 secs] 629042K->14037K(713984K), 0.0082279 secs] [Times: user=0.00 sys=0.00, real=0.01 secs] 
2024-07-28T11:58:57.140+0800: 1.020: Total time for which application threads were stopped: 0.0083623 seconds, Stopping threads took: 0.0000197 seconds
2024-07-28T11:58:57.802+0800: 1.682: Application time: 0.6625543 seconds
2024-07-28T11:58:57.803+0800: 1.682: [GC (Allocation Failure) 2024-07-28T11:58:57.803+0800: 1.682: [ParNew: 643285K->20434K(707840K), 0.0107134 secs] 643285K->20434K(713984K), 0.0107803 secs] [Times: user=0.00 sys=0.00, real=0.01 secs] 
2024-07-28T11:58:57.813+0800: 1.693: Total time for which application threads were stopped: 0.0108972 seconds, Stopping threads took: 0.0000228 seconds
2024-07-28T11:58:58.486+0800: 2.365: Application time: 0.6720195 seconds
2024-07-28T11:58:58.486+0800: 2.365: [GC (Allocation Failure) 2024-07-28T11:58:58.486+0800: 2.365: [ParNew: 649682K->26635K(707840K), 0.0090936 secs] 649682K->26635K(713984K), 0.0091522 secs] [Times: user=0.03 sys=0.00, real=0.01 secs] 
2024-07-28T11:58:58.495+0800: 2.374: Total time for which application threads were stopped: 0.0092639 seconds, Stopping threads took: 0.0000201 seconds
2024-07-28T11:58:59.166+0800: 3.045: Application time: 0.6709083 seconds
2024-07-28T11:58:59.166+0800: 3.045: [GC (Allocation Failure) 2024-07-28T11:58:59.166+0800: 3.045: [ParNew: 655812K->40933K(707840K), 0.0146556 secs] 655812K->40933K(713984K), 0.0147293 secs] [Times: user=0.02 sys=0.02, real=0.02 secs] 
2024-07-28T11:58:59.181+0800: 3.060: Total time for which application threads were stopped: 0.0148401 seconds, Stopping threads took: 0.0000198 seconds
2024-07-28T11:58:59.841+0800: 3.721: Application time: 0.6607218 seconds
2024-07-28T11:58:59.841+0800: 3.721: [GC (Allocation Failure) 2024-07-28T11:58:59.841+0800: 3.721: [ParNew: 670181K->47104K(707840K), 0.0165860 secs] 670181K->47757K(713984K), 0.0166456 secs] [Times: user=0.02 sys=0.02, real=0.02 secs] 
2024-07-28T11:58:59.858+0800: 3.738: Total time for which application threads were stopped: 0.0167568 seconds, Stopping threads took: 0.0000217 seconds
2024-07-28T11:59:00.232+0800: 4.112: Application time: 0.3741502 seconds
2024-07-28T11:59:00.232+0800: 4.112: Total time for which application threads were stopped: 0.0001069 seconds, Stopping threads took: 0.0000422 seconds
2024-07-28T11:59:00.523+0800: 4.402: Application time: 0.2900772 seconds
2024-07-28T11:59:00.523+0800: 4.402: [GC (Allocation Failure) 2024-07-28T11:59:00.523+0800: 4.402: [ParNew: 676352K->53248K(707840K), 0.0131261 secs] 677005K->53901K(713984K), 0.0131866 secs] [Times: user=0.02 sys=0.00, real=0.01 secs] 
2024-07-28T11:59:00.536+0800: 4.415: Total time for which application threads were stopped: 0.0132999 seconds, Stopping threads took: 0.0000181 seconds
2024-07-28T11:59:01.202+0800: 5.081: Application time: 0.6659953 seconds
2024-07-28T11:59:01.202+0800: 5.081: [GC (Allocation Failure) 2024-07-28T11:59:01.202+0800: 5.081: [ParNew: 682496K->59392K(707840K), 0.0136051 secs] 683149K->60045K(713984K), 0.0136757 secs] [Times: user=0.03 sys=0.00, real=0.01 secs] 
2024-07-28T11:59:01.216+0800: 5.095: Total time for which application threads were stopped: 0.0137867 seconds, Stopping threads took: 0.0000188 seconds
2024-07-28T11:59:01.878+0800: 5.757: Application time: 0.6621247 seconds
2024-07-28T11:59:01.878+0800: 5.757: [GC (Allocation Failure) 2024-07-28T11:59:01.878+0800: 5.757: [ParNew: 688640K->66561K(707840K), 0.0152154 secs] 689293K->67213K(713984K), 0.0153207 secs] [Times: user=0.03 sys=0.00, real=0.01 secs] 
2024-07-28T11:59:01.893+0800: 5.773: Total time for which application threads were stopped: 0.0154378 seconds, Stopping threads took: 0.0000240 seconds
2024-07-28T11:59:02.562+0800: 6.441: Application time: 0.6687977 seconds
2024-07-28T11:59:02.562+0800: 6.441: [GC (Allocation Failure) 2024-07-28T11:59:02.562+0800: 6.441: [ParNew: 695809K->74763K(707840K), 0.0169482 secs] 696461K->75415K(713984K), 0.0170114 secs] [Times: user=0.03 sys=0.00, real=0.02 secs] 
2024-07-28T11:59:02.579+0800: 6.458: Total time for which application threads were stopped: 0.0171254 seconds, Stopping threads took: 0.0000212 seconds
2024-07-28T11:59:03.244+0800: 7.124: Application time: 0.6659542 seconds
2024-07-28T11:59:03.244+0800: 7.124: [GC (Allocation Failure) 2024-07-28T11:59:03.244+0800: 7.124: [ParNew: 702989K->77825K(707840K), 0.0204867 secs] 703641K->86670K(718096K), 0.0205460 secs] [Times: user=0.03 sys=0.00, real=0.02 secs] 
2024-07-28T11:59:03.265+0800: 7.145: Total time for which application threads were stopped: 0.0206558 seconds, Stopping threads took: 0.0000194 seconds
2024-07-28T11:59:03.265+0800: 7.145: Application time: 0.0002431 seconds
2024-07-28T11:59:03.265+0800: 7.145: [GC (CMS Initial Mark) [1 CMS-initial-mark: 8845K(10256K)] 101126K(718096K), 0.0007218 secs] [Times: user=0.00 sys=0.00, real=0.00 secs] 
2024-07-28T11:59:03.266+0800: 7.146: Total time for which application threads were stopped: 0.0009107 seconds, Stopping threads took: 0.0001469 seconds
2024-07-28T11:59:03.266+0800: 7.146: [CMS-concurrent-mark-start]
2024-07-28T11:59:03.267+0800: 7.147: [CMS-concurrent-mark: 0.001/0.001 secs] [Times: user=0.00 sys=0.00, real=0.00 secs] 
2024-07-28T11:59:03.267+0800: 7.147: [CMS-concurrent-preclean-start]
2024-07-28T11:59:03.268+0800: 7.148: [CMS-concurrent-preclean: 0.000/0.000 secs] [Times: user=0.00 sys=0.00, real=0.00 secs] 
2024-07-28T11:59:03.268+0800: 7.148: [CMS-concurrent-abortable-preclean-start]
2024-07-28T11:59:03.823+0800: 7.702: [CMS-concurrent-abortable-preclean: 0.001/0.554 secs] [Times: user=0.00 sys=0.00, real=0.56 secs] 
2024-07-28T11:59:03.823+0800: 7.702: Application time: 0.5562023 seconds
2024-07-28T11:59:03.823+0800: 7.703: [GC (CMS Final Remark) [YG occupancy: 534706 K (707840 K)]2024-07-28T11:59:03.824+0800: 7.703: [Rescan (parallel) , 0.0006531 secs]2024-07-28T11:59:03.824+0800: 7.703: [weak refs processing, 0.0000152 secs]2024-07-28T11:59:03.824+0800: 7.703: [class unloading, 0.0003505 secs]2024-07-28T11:59:03.825+0800: 7.704: [scrub symbol table, 0.0003862 secs]2024-07-28T11:59:03.825+0800: 7.704: [scrub string table, 0.0001006 secs][1 CMS-remark: 8845K(10256K)] 543551K(718096K), 0.0016117 secs] [Times: user=0.00 sys=0.00, real=0.00 secs] 
2024-07-28T11:59:03.825+0800: 7.704: Total time for which application threads were stopped: 0.0018206 seconds, Stopping threads took: 0.0001348 seconds
2024-07-28T11:59:03.825+0800: 7.705: [CMS-concurrent-sweep-start]
2024-07-28T11:59:03.827+0800: 7.706: [CMS-concurrent-sweep: 0.001/0.001 secs] [Times: user=0.00 sys=0.00, real=0.00 secs] 
2024-07-28T11:59:03.827+0800: 7.706: [CMS-concurrent-reset-start]
2024-07-28T11:59:03.829+0800: 7.708: [CMS-concurrent-reset: 0.002/0.002 secs] [Times: user=0.00 sys=0.00, real=0.00 secs] 
2024-07-28T11:59:03.937+0800: 7.817: Application time: 0.1125772 seconds
2024-07-28T11:59:03.937+0800: 7.817: [GC (Allocation Failure) 2024-07-28T11:59:03.937+0800: 7.817: [ParNew: 707073K->77829K(707840K), 0.0151612 secs] 715917K->90769K(722580K), 0.0152185 secs] [Times: user=0.03 sys=0.00, real=0.01 secs] 
2024-07-28T11:59:03.953+0800: 7.832: Total time for which application threads were stopped: 0.0153344 seconds, Stopping threads took: 0.0000194 seconds
2024-07-28T11:59:03.953+0800: 7.832: Application time: 0.0001171 seconds
2024-07-28T11:59:03.953+0800: 7.832: [GC (CMS Initial Mark) [1 CMS-initial-mark: 12940K(14740K)] 105176K(722580K), 0.0004663 secs] [Times: user=0.00 sys=0.00, real=0.00 secs] 
2024-07-28T11:59:03.953+0800: 7.833: Total time for which application threads were stopped: 0.0006037 seconds, Stopping threads took: 0.0000950 seconds
2024-07-28T11:59:03.953+0800: 7.833: [CMS-concurrent-mark-start]
2024-07-28T11:59:03.954+0800: 7.834: [CMS-concurrent-mark: 0.001/0.001 secs] [Times: user=0.00 sys=0.00, real=0.00 secs] 
2024-07-28T11:59:03.954+0800: 7.834: [CMS-concurrent-preclean-start]
2024-07-28T11:59:03.955+0800: 7.834: [CMS-concurrent-preclean: 0.000/0.000 secs] [Times: user=0.00 sys=0.00, real=0.00 secs] 
2024-07-28T11:59:03.955+0800: 7.834: [CMS-concurrent-abortable-preclean-start]
2024-07-28T11:59:04.506+0800: 8.385: [CMS-concurrent-abortable-preclean: 0.001/0.551 secs] [Times: user=0.05 sys=0.00, real=0.55 secs] 
2024-07-28T11:59:04.506+0800: 8.385: Application time: 0.5524186 seconds
2024-07-28T11:59:04.506+0800: 8.386: [GC (CMS Final Remark) [YG occupancy: 520500 K (707840 K)]2024-07-28T11:59:04.506+0800: 8.386: [Rescan (parallel) , 0.0011315 secs]2024-07-28T11:59:04.507+0800: 8.387: [weak refs processing, 0.0000142 secs]2024-07-28T11:59:04.507+0800: 8.387: [class unloading, 0.0001937 secs]2024-07-28T11:59:04.507+0800: 8.387: [scrub symbol table, 0.0003381 secs]2024-07-28T11:59:04.507+0800: 8.387: [scrub string table, 0.0000999 secs][1 CMS-remark: 12940K(14740K)] 533440K(722580K), 0.0018612 secs] [Times: user=0.00 sys=0.00, real=0.00 secs] 
2024-07-28T11:59:04.507+0800: 8.387: Total time for which application threads were stopped: 0.0020914 seconds, Stopping threads took: 0.0001845 seconds
2024-07-28T11:59:04.508+0800: 8.388: [CMS-concurrent-sweep-start]
2024-07-28T11:59:04.510+0800: 8.389: [CMS-concurrent-sweep: 0.001/0.001 secs] [Times: user=0.00 sys=0.00, real=0.00 secs] 
2024-07-28T11:59:04.510+0800: 8.389: [CMS-concurrent-reset-start]
2024-07-28T11:59:04.510+0800: 8.389: [CMS-concurrent-reset: 0.000/0.000 secs] [Times: user=0.00 sys=0.00, real=0.00 secs] 
2024-07-28T11:59:04.623+0800: 8.503: Application time: 0.1156277 seconds
2024-07-28T11:59:04.623+0800: 8.503: [GC (Allocation Failure) 2024-07-28T11:59:04.623+0800: 8.503: [ParNew: 707077K->77825K(707840K), 0.0171429 secs] 711825K->97933K(728748K), 0.0172118 secs] [Times: user=0.03 sys=0.00, real=0.02 secs] 
2024-07-28T11:59:04.641+0800: 8.520: Total time for which application threads were stopped: 0.0173260 seconds, Stopping threads took: 0.0000194 seconds
2024-07-28T11:59:04.641+0800: 8.520: Application time: 0.0001257 seconds
2024-07-28T11:59:04.641+0800: 8.521: [GC (CMS Initial Mark) [1 CMS-initial-mark: 20108K(20908K)] 112380K(728748K), 0.0008325 secs] [Times: user=0.00 sys=0.00, real=0.00 secs] 
2024-07-28T11:59:04.642+0800: 8.522: Total time for which application threads were stopped: 0.0010542 seconds, Stopping threads took: 0.0001782 seconds
2024-07-28T11:59:04.642+0800: 8.522: [CMS-concurrent-mark-start]
2024-07-28T11:59:04.643+0800: 8.523: [CMS-concurrent-mark: 0.001/0.001 secs] [Times: user=0.00 sys=0.00, real=0.00 secs] 
2024-07-28T11:59:04.643+0800: 8.523: [CMS-concurrent-preclean-start]
2024-07-28T11:59:04.643+0800: 8.523: [CMS-concurrent-preclean: 0.000/0.000 secs] [Times: user=0.00 sys=0.00, real=0.00 secs] 
2024-07-28T11:59:04.643+0800: 8.523: [CMS-concurrent-abortable-preclean-start]
2024-07-28T11:59:05.189+0800: 9.068: [CMS-concurrent-abortable-preclean: 0.001/0.545 secs] [Times: user=0.03 sys=0.00, real=0.55 secs] 
2024-07-28T11:59:05.189+0800: 9.068: Application time: 0.5464336 seconds
2024-07-28T11:59:05.189+0800: 9.068: [GC (CMS Final Remark) [YG occupancy: 508382 K (707840 K)]2024-07-28T11:59:05.189+0800: 9.068: [Rescan (parallel) , 0.0007764 secs]2024-07-28T11:59:05.189+0800: 9.069: [weak refs processing, 0.0000152 secs]2024-07-28T11:59:05.189+0800: 9.069: [class unloading, 0.0002003 secs]2024-07-28T11:59:05.189+0800: 9.069: [scrub symbol table, 0.0003542 secs]2024-07-28T11:59:05.190+0800: 9.070: [scrub string table, 0.0001004 secs][1 CMS-remark: 20108K(20908K)] 528490K(728748K), 0.0015367 secs] [Times: user=0.00 sys=0.00, real=0.00 secs] 
2024-07-28T11:59:05.190+0800: 9.070: Total time for which application threads were stopped: 0.0017607 seconds, Stopping threads took: 0.0001776 seconds
2024-07-28T11:59:05.190+0800: 9.070: [CMS-concurrent-sweep-start]
2024-07-28T11:59:05.191+0800: 9.071: [CMS-concurrent-sweep: 0.001/0.001 secs] [Times: user=0.00 sys=0.00, real=0.00 secs] 
2024-07-28T11:59:05.192+0800: 9.071: [CMS-concurrent-reset-start]
2024-07-28T11:59:05.192+0800: 9.072: [CMS-concurrent-reset: 0.000/0.000 secs] [Times: user=0.00 sys=0.00, real=0.00 secs] 
2024-07-28T11:59:05.411+0800: 9.290: Application time: 0.2202083 seconds
2024-07-28T11:59:05.411+0800: 9.290: [GC (Allocation Failure) 2024-07-28T11:59:05.411+0800: 9.290: [ParNew: 707073K->77825K(707840K), 0.0228936 secs] 723085K->118413K(749948K), 0.0229631 secs] [Times: user=0.03 sys=0.00, real=0.02 secs] 
2024-07-28T11:59:05.433+0800: 9.313: Total time for which application threads were stopped: 0.0231116 seconds, Stopping threads took: 0.0000377 seconds
2024-07-28T11:59:05.433+0800: 9.313: Application time: 0.0002808 seconds
2024-07-28T11:59:05.434+0800: 9.313: [GC (CMS Initial Mark) [1 CMS-initial-mark: 40588K(42108K)] 132900K(749948K), 0.0008065 secs] [Times: user=0.00 sys=0.00, real=0.00 secs] 
2024-07-28T11:59:05.434+0800: 9.314: Total time for which application threads were stopped: 0.0009058 seconds, Stopping threads took: 0.0000574 seconds
2024-07-28T11:59:05.434+0800: 9.314: [CMS-concurrent-mark-start]
2024-07-28T11:59:05.435+0800: 9.315: [CMS-concurrent-mark: 0.001/0.001 secs] [Times: user=0.00 sys=0.00, real=0.00 secs] 
2024-07-28T11:59:05.436+0800: 9.315: [CMS-concurrent-preclean-start]
2024-07-28T11:59:05.436+0800: 9.316: [CMS-concurrent-preclean: 0.000/0.000 secs] [Times: user=0.00 sys=0.00, real=0.00 secs] 
2024-07-28T11:59:05.436+0800: 9.316: [CMS-concurrent-abortable-preclean-start]
2024-07-28T11:59:05.977+0800: 9.857: [CMS-concurrent-abortable-preclean: 0.001/0.541 secs] [Times: user=0.00 sys=0.00, real=0.54 secs] 
2024-07-28T11:59:05.977+0800: 9.857: Application time: 0.5423979 seconds
2024-07-28T11:59:05.977+0800: 9.857: [GC (CMS Final Remark) [YG occupancy: 603907 K (707840 K)]2024-07-28T11:59:05.977+0800: 9.857: [Rescan (parallel) , 0.0003689 secs]2024-07-28T11:59:05.977+0800: 9.857: [weak refs processing, 0.0000138 secs]2024-07-28T11:59:05.977+0800: 9.857: [class unloading, 0.0001805 secs]2024-07-28T11:59:05.977+0800: 9.857: [scrub symbol table, 0.0003320 secs]2024-07-28T11:59:05.978+0800: 9.858: [scrub string table, 0.0001040 secs][1 CMS-remark: 40588K(42108K)] 644496K(749948K), 0.0010658 secs] [Times: user=0.00 sys=0.00, real=0.00 secs] 
2024-07-28T11:59:05.978+0800: 9.858: Total time for which application threads were stopped: 0.0011229 seconds, Stopping threads took: 0.0000207 seconds
2024-07-28T11:59:05.978+0800: 9.858: [CMS-concurrent-sweep-start]
2024-07-28T11:59:05.978+0800: 9.858: [CMS-concurrent-sweep: 0.000/0.000 secs] [Times: user=0.00 sys=0.00, real=0.00 secs] 
2024-07-28T11:59:05.978+0800: 9.858: [CMS-concurrent-reset-start]
2024-07-28T11:59:05.978+0800: 9.858: [CMS-concurrent-reset: 0.000/0.000 secs] [Times: user=0.00 sys=0.00, real=0.00 secs] 
2024-07-28T11:59:06.104+0800: 9.983: Application time: 0.1256849 seconds
2024-07-28T11:59:06.104+0800: 9.984: [GC (Allocation Failure) 2024-07-28T11:59:06.104+0800: 9.984: [ParNew: 707073K->77825K(707840K), 0.0231418 secs] 732301K->134797K(766396K), 0.0232054 secs] [Times: user=0.03 sys=0.00, real=0.02 secs] 
2024-07-28T11:59:06.127+0800: 10.007: Total time for which application threads were stopped: 0.0233255 seconds, Stopping threads took: 0.0000248 seconds
2024-07-28T11:59:06.127+0800: 10.007: Application time: 0.0002466 seconds
2024-07-28T11:59:06.127+0800: 10.007: [GC (CMS Initial Mark) [1 CMS-initial-mark: 56972K(58556K)] 149296K(766396K), 0.0008875 secs] [Times: user=0.00 sys=0.00, real=0.00 secs] 
2024-07-28T11:59:06.128+0800: 10.008: Total time for which application threads were stopped: 0.0010774 seconds, Stopping threads took: 0.0001413 seconds
2024-07-28T11:59:06.128+0800: 10.008: [CMS-concurrent-mark-start]
2024-07-28T11:59:06.130+0800: 10.010: [CMS-concurrent-mark: 0.002/0.002 secs] [Times: user=0.05 sys=0.00, real=0.00 secs] 
2024-07-28T11:59:06.130+0800: 10.010: [CMS-concurrent-preclean-start]
2024-07-28T11:59:06.130+0800: 10.010: [CMS-concurrent-preclean: 0.000/0.000 secs] [Times: user=0.00 sys=0.00, real=0.00 secs] 
2024-07-28T11:59:06.130+0800: 10.010: [CMS-concurrent-abortable-preclean-start]
2024-07-28T11:59:06.687+0800: 10.566: [CMS-concurrent-abortable-preclean: 0.002/0.556 secs] [Times: user=0.01 sys=0.00, real=0.56 secs] 
2024-07-28T11:59:06.687+0800: 10.566: Application time: 0.5580379 seconds
2024-07-28T11:59:06.687+0800: 10.566: [GC (CMS Final Remark) [YG occupancy: 590890 K (707840 K)]2024-07-28T11:59:06.687+0800: 10.566: [Rescan (parallel) , 0.0003250 secs]2024-07-28T11:59:06.687+0800: 10.567: [weak refs processing, 0.0000216 secs]2024-07-28T11:59:06.687+0800: 10.567: [class unloading, 0.0001970 secs]2024-07-28T11:59:06.687+0800: 10.567: [scrub symbol table, 0.0002974 secs]2024-07-28T11:59:06.687+0800: 10.567: [scrub string table, 0.0001051 secs][1 CMS-remark: 56972K(58556K)] 647863K(766396K), 0.0010671 secs] [Times: user=0.00 sys=0.00, real=0.00 secs] 
2024-07-28T11:59:06.687+0800: 10.567: Total time for which application threads were stopped: 0.0012519 seconds, Stopping threads took: 0.0001138 seconds
2024-07-28T11:59:06.688+0800: 10.568: [CMS-concurrent-sweep-start]
2024-07-28T11:59:06.689+0800: 10.569: [CMS-concurrent-sweep: 0.001/0.001 secs] [Times: user=0.00 sys=0.00, real=0.00 secs] 
2024-07-28T11:59:06.689+0800: 10.569: [CMS-concurrent-reset-start]
2024-07-28T11:59:06.689+0800: 10.569: [CMS-concurrent-reset: 0.000/0.000 secs] [Times: user=0.00 sys=0.00, real=0.00 secs] 
2024-07-28T11:59:06.799+0800: 10.679: Application time: 0.1115639 seconds
2024-07-28T11:59:06.799+0800: 10.679: [GC (Allocation Failure) 2024-07-28T11:59:06.799+0800: 10.679: [ParNew: 707073K->77825K(707840K), 0.0244791 secs] 739469K->149134K(780788K), 0.0245368 secs] [Times: user=0.06 sys=0.00, real=0.02 secs] 
2024-07-28T11:59:06.824+0800: 10.704: Total time for which application threads were stopped: 0.0246469 seconds, Stopping threads took: 0.0000195 seconds
2024-07-28T11:59:06.824+0800: 10.704: Application time: 0.0002337 seconds
2024-07-28T11:59:06.824+0800: 10.704: [GC (CMS Initial Mark) [1 CMS-initial-mark: 71309K(72948K)] 163679K(780788K), 0.0008467 secs] [Times: user=0.00 sys=0.00, real=0.00 secs] 
2024-07-28T11:59:06.825+0800: 10.705: Total time for which application threads were stopped: 0.0010458 seconds, Stopping threads took: 0.0001529 seconds
2024-07-28T11:59:06.825+0800: 10.705: [CMS-concurrent-mark-start]
2024-07-28T11:59:06.828+0800: 10.707: [CMS-concurrent-mark: 0.002/0.002 secs] [Times: user=0.00 sys=0.00, real=0.00 secs] 
2024-07-28T11:59:06.828+0800: 10.707: [CMS-concurrent-preclean-start]
2024-07-28T11:59:06.828+0800: 10.707: [CMS-concurrent-preclean: 0.000/0.000 secs] [Times: user=0.00 sys=0.00, real=0.00 secs] 
2024-07-28T11:59:06.828+0800: 10.707: [CMS-concurrent-abortable-preclean-start]
2024-07-28T11:59:07.382+0800: 11.261: [CMS-concurrent-abortable-preclean: 0.002/0.554 secs] [Times: user=0.06 sys=0.00, real=0.55 secs] 
2024-07-28T11:59:07.382+0800: 11.261: Application time: 0.5563311 seconds
2024-07-28T11:59:07.382+0800: 11.261: [GC (CMS Final Remark) [YG occupancy: 583083 K (707840 K)]2024-07-28T11:59:07.382+0800: 11.261: [Rescan (parallel) , 0.0006314 secs]2024-07-28T11:59:07.382+0800: 11.262: [weak refs processing, 0.0000136 secs]2024-07-28T11:59:07.382+0800: 11.262: [class unloading, 0.0001931 secs]2024-07-28T11:59:07.383+0800: 11.262: [scrub symbol table, 0.0003398 secs]2024-07-28T11:59:07.383+0800: 11.263: [scrub string table, 0.0001006 secs][1 CMS-remark: 71309K(72948K)] 654393K(780788K), 0.0013637 secs] [Times: user=0.00 sys=0.00, real=0.00 secs] 
2024-07-28T11:59:07.383+0800: 11.263: Total time for which application threads were stopped: 0.0015567 seconds, Stopping threads took: 0.0001388 seconds
2024-07-28T11:59:07.383+0800: 11.263: [CMS-concurrent-sweep-start]
2024-07-28T11:59:07.385+0800: 11.264: [CMS-concurrent-sweep: 0.001/0.001 secs] [Times: user=0.00 sys=0.00, real=0.00 secs] 
2024-07-28T11:59:07.385+0800: 11.264: [CMS-concurrent-reset-start]
2024-07-28T11:59:07.385+0800: 11.265: [CMS-concurrent-reset: 0.000/0.000 secs] [Times: user=0.00 sys=0.00, real=0.00 secs] 
2024-07-28T11:59:07.492+0800: 11.371: Application time: 0.1085578 seconds
2024-07-28T11:59:07.492+0800: 11.371: [GC (Allocation Failure) 2024-07-28T11:59:07.492+0800: 11.371: [ParNew: 706114K->77827K(707840K), 0.0235714 secs] 745678K->163472K(795180K), 0.0236311 secs] [Times: user=0.03 sys=0.00, real=0.02 secs] 
2024-07-28T11:59:07.515+0800: 11.395: Total time for which application threads were stopped: 0.0237420 seconds, Stopping threads took: 0.0000195 seconds
2024-07-28T11:59:07.516+0800: 11.395: Application time: 0.0002311 seconds
2024-07-28T11:59:07.516+0800: 11.396: [GC (CMS Initial Mark) [1 CMS-initial-mark: 85645K(87340K)] 177908K(795180K), 0.0007771 secs] [Times: user=0.00 sys=0.00, real=0.00 secs] 
2024-07-28T11:59:07.517+0800: 11.396: Total time for which application threads were stopped: 0.0009951 seconds, Stopping threads took: 0.0001762 seconds
2024-07-28T11:59:07.517+0800: 11.396: [CMS-concurrent-mark-start]
2024-07-28T11:59:07.518+0800: 11.398: [CMS-concurrent-mark: 0.001/0.001 secs] [Times: user=0.00 sys=0.00, real=0.00 secs] 
2024-07-28T11:59:07.518+0800: 11.398: [CMS-concurrent-preclean-start]
2024-07-28T11:59:07.518+0800: 11.398: [CMS-concurrent-preclean: 0.000/0.000 secs] [Times: user=0.00 sys=0.00, real=0.00 secs] 
2024-07-28T11:59:07.518+0800: 11.398: [CMS-concurrent-abortable-preclean-start]
2024-07-28T11:59:07.518+0800: 11.398: [CMS-concurrent-abortable-preclean: 0.000/0.000 secs] [Times: user=0.00 sys=0.00, real=0.00 secs] 
2024-07-28T11:59:07.519+0800: 11.398: Application time: 0.0020406 seconds
2024-07-28T11:59:07.519+0800: 11.399: [GC (CMS Final Remark) [YG occupancy: 119086 K (707840 K)]2024-07-28T11:59:07.519+0800: 11.399: [Rescan (parallel) , 0.0008582 secs]2024-07-28T11:59:07.520+0800: 11.399: [weak refs processing, 0.0000128 secs]2024-07-28T11:59:07.520+0800: 11.399: [class unloading, 0.0001872 secs]2024-07-28T11:59:07.520+0800: 11.400: [scrub symbol table, 0.0003456 secs]2024-07-28T11:59:07.520+0800: 11.400: [scrub string table, 0.0001001 secs][1 CMS-remark: 85645K(87340K)] 204732K(795180K), 0.0015658 secs] [Times: user=0.00 sys=0.00, real=0.00 secs] 
2024-07-28T11:59:07.520+0800: 11.400: Total time for which application threads were stopped: 0.0017133 seconds, Stopping threads took: 0.0001069 seconds
2024-07-28T11:59:07.521+0800: 11.400: [CMS-concurrent-sweep-start]
2024-07-28T11:59:07.521+0800: 11.401: [CMS-concurrent-sweep: 0.001/0.001 secs] [Times: user=0.00 sys=0.00, real=0.00 secs] 
2024-07-28T11:59:07.521+0800: 11.401: [CMS-concurrent-reset-start]
2024-07-28T11:59:07.521+0800: 11.401: [CMS-concurrent-reset: 0.000/0.000 secs] [Times: user=0.00 sys=0.00, real=0.00 secs] 
Heap
 par new generation   total 707840K, used 386498K [0x00000000c8000000, 0x00000000f8000000, 0x00000000f8000000)
  eden space 629248K,  49% used [0x00000000c8000000, 0x00000000dad6fdc8, 0x00000000ee680000)
  from space 78592K,  99% used [0x00000000ee680000, 0x00000000f3280cd0, 0x00000000f3340000)
  to   space 78592K,   0% used [0x00000000f3340000, 0x00000000f3340000, 0x00000000f8000000)
 concurrent mark-sweep generation total 87340K, used 46732K [0x00000000f8000000, 0x00000000fd54b000, 0x0000000100000000)
 Metaspace       used 2943K, capacity 4486K, committed 4864K, reserved 1056768K
  class space    used 305K, capacity 386K, committed 512K, reserved 1048576K
2024-07-28T11:59:07.855+0800: 11.734: Application time: 0.3342016 seconds
