OpenJDK 64-Bit Server VM (25.412-b1) for windows-amd64 JRE (1.8.0_412-b1), built on Apr 23 2024 12:00:37 by "Administrator" with MS VC++ 10.0 (VS2010)
Memory: 4k page, physical 16672068k(5476268k free), swap 19162436k(3315100k free)
CommandLine flags: -XX:GCDrainStackTargetSize=64 -XX:InitialHeapSize=939524096 -XX:MaxHeapSize=939524096 -XX:MaxNewSize=939524096 -XX:MaxTenuringThreshold=6 -XX:NewSize=939524096 -XX:OldPLABSize=16 -XX:+PrintGC -XX:+PrintGCApplicationConcurrentTime -XX:+PrintGCApplicationStoppedTime -XX:+PrintGCDateStamps -XX:+PrintGCDetails -XX:+PrintGCTimeStamps -XX:+UseCompressedClassPointers -XX:+UseCompressedOops -XX:+UseConcMarkSweepGC -XX:-UseLargePagesIndividualAllocation -XX:+UseParNewGC 
2024-07-28T11:59:44.552+0800: 1.028: Application time: 0.9531116 seconds
2024-07-28T11:59:44.552+0800: 1.028: Total time for which application threads were stopped: 0.0005349 seconds, Stopping threads took: 0.0004791 seconds
2024-07-28T11:59:44.698+0800: 1.174: Application time: 0.1452746 seconds
2024-07-28T11:59:44.698+0800: 1.174: [GC (Allocation Failure) 2024-07-28T11:59:44.699+0800: 1.174: [ParNew (promotion failed): 733539K->824439K(825728K), 0.0253931 secs]2024-07-28T11:59:44.724+0800: 1.199: [CMS: 2K->0K(64K), 0.0180329 secs] 733539K->118393K(825792K), [Metaspace: 2922K->2922K(1056768K)], 0.0436543 secs] [Times: user=0.05 sys=0.05, real=0.04 secs] 
2024-07-28T11:59:44.742+0800: 1.217: Total time for which application threads were stopped: 0.0437705 seconds, Stopping threads took: 0.0000180 seconds
2024-07-28T11:59:45.400+0800: 1.876: Application time: 0.6582238 seconds
2024-07-28T11:59:45.400+0800: 1.876: [GC (Allocation Failure) 2024-07-28T11:59:45.400+0800: 1.876: [ParNew (promotion failed): 734016K->825067K(825728K), 0.0263968 secs]2024-07-28T11:59:45.427+0800: 1.902: [CMS: 2K->0K(64K), 0.0169692 secs] 734016K->111224K(825792K), [Metaspace: 2923K->2923K(1056768K)], 0.0434609 secs] [Times: user=0.03 sys=0.05, real=0.04 secs] 
2024-07-28T11:59:45.444+0800: 1.919: Total time for which application threads were stopped: 0.0435956 seconds, Stopping threads took: 0.0000221 seconds
2024-07-28T11:59:46.113+0800: 2.589: Application time: 0.6700695 seconds
2024-07-28T11:59:46.113+0800: 2.589: [GC (Allocation Failure) 2024-07-28T11:59:46.113+0800: 2.589: [ParNew (promotion failed): 733236K->824260K(825728K), 0.0134986 secs]2024-07-28T11:59:46.127+0800: 2.603: [CMS: 2K->0K(64K), 0.0179638 secs] 733236K->118392K(825792K), [Metaspace: 2923K->2923K(1056768K)], 0.0315525 secs] [Times: user=0.11 sys=0.00, real=0.03 secs] 
2024-07-28T11:59:46.145+0800: 2.621: Total time for which application threads were stopped: 0.0316665 seconds, Stopping threads took: 0.0000201 seconds
2024-07-28T11:59:46.809+0800: 3.284: Application time: 0.6634160 seconds
2024-07-28T11:59:46.809+0800: 3.284: [GC (Allocation Failure) 2024-07-28T11:59:46.809+0800: 3.284: [ParNew (promotion failed): 733754K->824855K(825728K), 0.0145229 secs]2024-07-28T11:59:46.824+0800: 3.299: [CMS: 2K->0K(64K), 0.0185746 secs] 733754K->118392K(825792K), [Metaspace: 2923K->2923K(1056768K)], 0.0332010 secs] [Times: user=0.06 sys=0.00, real=0.03 secs] 
2024-07-28T11:59:46.842+0800: 3.318: Total time for which application threads were stopped: 0.0333137 seconds, Stopping threads took: 0.0000200 seconds
2024-07-28T11:59:47.506+0800: 3.982: Application time: 0.6640241 seconds
2024-07-28T11:59:47.506+0800: 3.982: [GC (Allocation Failure) 2024-07-28T11:59:47.507+0800: 3.982: [ParNew (promotion failed): 733430K->824524K(825728K), 0.0134566 secs]2024-07-28T11:59:47.520+0800: 3.995: [CMS: 2K->0K(64K), 0.0178391 secs] 733430K->118392K(825792K), [Metaspace: 2923K->2923K(1056768K)], 0.0313829 secs] [Times: user=0.03 sys=0.00, real=0.03 secs] 
2024-07-28T11:59:47.538+0800: 4.013: Total time for which application threads were stopped: 0.0315038 seconds, Stopping threads took: 0.0000200 seconds
2024-07-28T11:59:47.648+0800: 4.123: Application time: 0.1101420 seconds
2024-07-28T11:59:47.648+0800: 4.124: Total time for which application threads were stopped: 0.0002013 seconds, Stopping threads took: 0.0001322 seconds
2024-07-28T11:59:48.201+0800: 4.677: Application time: 0.5533430 seconds
2024-07-28T11:59:48.201+0800: 4.677: [GC (Allocation Failure) 2024-07-28T11:59:48.201+0800: 4.677: [ParNew (promotion failed): 733213K->824305K(825728K), 0.0136780 secs]2024-07-28T11:59:48.215+0800: 4.691: [CMS: 4K->0K(64K), 0.0180801 secs] 733213K->118392K(825792K), [Metaspace: 2924K->2924K(1056768K)], 0.0318926 secs] [Times: user=0.08 sys=0.00, real=0.03 secs] 
2024-07-28T11:59:48.233+0800: 4.709: Total time for which application threads were stopped: 0.0320325 seconds, Stopping threads took: 0.0000336 seconds
2024-07-28T11:59:48.895+0800: 5.370: Application time: 0.6613726 seconds
2024-07-28T11:59:48.895+0800: 5.370: [GC (Allocation Failure) 2024-07-28T11:59:48.895+0800: 5.370: [ParNew (promotion failed): 733074K->824241K(825728K), 0.0134923 secs]2024-07-28T11:59:48.908+0800: 5.384: [CMS: 10K->2K(64K), 0.0178836 secs] 733074K->118392K(825792K), [Metaspace: 2924K->2924K(1056768K)], 0.0314653 secs] [Times: user=0.14 sys=0.00, real=0.03 secs] 
2024-07-28T11:59:48.927+0800: 5.402: Total time for which application threads were stopped: 0.0315784 seconds, Stopping threads took: 0.0000199 seconds
2024-07-28T11:59:49.594+0800: 6.069: Application time: 0.6673874 seconds
2024-07-28T11:59:49.594+0800: 6.069: [GC (Allocation Failure) 2024-07-28T11:59:49.594+0800: 6.069: [ParNew (promotion failed): 734016K->825218K(825728K), 0.0138005 secs]2024-07-28T11:59:49.608+0800: 6.083: [CMS: 4K->2K(64K), 0.0167168 secs] 734018K->111224K(825792K), [Metaspace: 2925K->2925K(1056768K)], 0.0306100 secs] [Times: user=0.06 sys=0.00, real=0.03 secs] 
2024-07-28T11:59:49.624+0800: 6.100: Total time for which application threads were stopped: 0.0307263 seconds, Stopping threads took: 0.0000207 seconds
2024-07-28T11:59:50.294+0800: 6.770: Application time: 0.6703635 seconds
2024-07-28T11:59:50.295+0800: 6.770: [GC (Allocation Failure) 2024-07-28T11:59:50.295+0800: 6.770: [ParNew (promotion failed): 734016K->824968K(825728K), 0.0134688 secs]2024-07-28T11:59:50.308+0800: 6.784: [CMS: 4K->2K(64K), 0.0168315 secs] 734018K->111225K(825792K), [Metaspace: 2925K->2925K(1056768K)], 0.0303906 secs] [Times: user=0.06 sys=0.00, real=0.03 secs] 
2024-07-28T11:59:50.325+0800: 6.801: Total time for which application threads were stopped: 0.0305065 seconds, Stopping threads took: 0.0000236 seconds
2024-07-28T11:59:50.990+0800: 7.465: Application time: 0.6644414 seconds
2024-07-28T11:59:50.990+0800: 7.465: [GC (Allocation Failure) 2024-07-28T11:59:50.990+0800: 7.465: [ParNew (promotion failed): 734016K->825056K(825728K), 0.0132042 secs]2024-07-28T11:59:51.003+0800: 7.479: [CMS: 4K->2K(64K), 0.0173877 secs] 734018K->114297K(825792K), [Metaspace: 2925K->2925K(1056768K)], 0.0307058 secs] [Times: user=0.03 sys=0.00, real=0.03 secs] 
2024-07-28T11:59:51.021+0800: 7.496: Total time for which application threads were stopped: 0.0308743 seconds, Stopping threads took: 0.0000189 seconds
2024-07-28T11:59:51.576+0800: 8.051: Application time: 0.5548090 seconds
2024-07-28T11:59:51.576+0800: 8.051: [GC (Allocation Failure) 2024-07-28T11:59:51.576+0800: 8.051: [ParNew (promotion failed): 734016K->825088K(825728K), 0.0134358 secs]2024-07-28T11:59:51.589+0800: 8.065: [CMS: 4K->2K(64K), 0.0163160 secs] 734018K->102009K(825792K), [Metaspace: 2931K->2931K(1056768K)], 0.0298334 secs] [Times: user=0.06 sys=0.00, real=0.03 secs] 
2024-07-28T11:59:51.605+0800: 8.081: Total time for which application threads were stopped: 0.0299562 seconds, Stopping threads took: 0.0000184 seconds
2024-07-28T11:59:52.375+0800: 8.850: Application time: 0.7694948 seconds
2024-07-28T11:59:52.375+0800: 8.851: [GC (Allocation Failure) 2024-07-28T11:59:52.375+0800: 8.851: [ParNew (promotion failed): 733808K->824671K(825728K), 0.0137965 secs]2024-07-28T11:59:52.389+0800: 8.864: [CMS: 45K->63K(64K), 0.0179679 secs] 733811K->118394K(825792K), [Metaspace: 2931K->2931K(1056768K)], 0.0318531 secs] [Times: user=0.08 sys=0.00, real=0.03 secs] 
2024-07-28T11:59:52.407+0800: 8.882: Total time for which application threads were stopped: 0.0319787 seconds, Stopping threads took: 0.0000200 seconds
2024-07-28T11:59:52.407+0800: 8.883: Application time: 0.0002657 seconds
2024-07-28T11:59:52.408+0800: 8.883: [GC (CMS Initial Mark) [1 CMS-initial-mark: 63K(64K)] 132757K(825792K), 0.0008673 secs] [Times: user=0.00 sys=0.00, real=0.00 secs] 
2024-07-28T11:59:52.408+0800: 8.884: Total time for which application threads were stopped: 0.0010525 seconds, Stopping threads took: 0.0001419 seconds
2024-07-28T11:59:52.409+0800: 8.884: [CMS-concurrent-mark-start]
2024-07-28T11:59:52.409+0800: 8.884: [CMS-concurrent-mark: 0.000/0.000 secs] [Times: user=0.00 sys=0.00, real=0.00 secs] 
2024-07-28T11:59:52.409+0800: 8.884: [CMS-concurrent-preclean-start]
2024-07-28T11:59:52.409+0800: 8.885: [CMS-concurrent-preclean: 0.000/0.000 secs] [Times: user=0.00 sys=0.00, real=0.00 secs] 
2024-07-28T11:59:52.409+0800: 8.885: [CMS-concurrent-abortable-preclean-start]
2024-07-28T11:59:52.409+0800: 8.885: [CMS-concurrent-abortable-preclean: 0.000/0.000 secs] [Times: user=0.00 sys=0.00, real=0.00 secs] 
2024-07-28T11:59:52.410+0800: 8.885: Application time: 0.0011483 seconds
2024-07-28T11:59:52.410+0800: 8.885: [GC (CMS Final Remark) [YG occupancy: 146032 K (825728 K)]2024-07-28T11:59:52.410+0800: 8.885: [Rescan (parallel) , 0.0007925 secs]2024-07-28T11:59:52.411+0800: 8.886: [weak refs processing, 0.0000134 secs]2024-07-28T11:59:52.411+0800: 8.886: [class unloading, 0.0001610 secs]2024-07-28T11:59:52.411+0800: 8.886: [scrub symbol table, 0.0003154 secs]2024-07-28T11:59:52.411+0800: 8.886: [scrub string table, 0.0000925 secs][1 CMS-remark: 63K(64K)] 146096K(825792K), 0.0014423 secs] [Times: user=0.00 sys=0.00, real=0.00 secs] 
2024-07-28T11:59:52.411+0800: 8.887: Total time for which application threads were stopped: 0.0015984 seconds, Stopping threads took: 0.0001166 seconds
2024-07-28T11:59:52.411+0800: 8.887: [CMS-concurrent-sweep-start]
2024-07-28T11:59:52.411+0800: 8.887: [CMS-concurrent-sweep: 0.000/0.000 secs] [Times: user=0.00 sys=0.00, real=0.00 secs] 
2024-07-28T11:59:52.412+0800: 8.887: [CMS-concurrent-reset-start]
2024-07-28T11:59:52.412+0800: 8.887: [CMS-concurrent-reset: 0.000/0.000 secs] [Times: user=0.00 sys=0.00, real=0.00 secs] 
2024-07-28T11:59:53.185+0800: 9.661: Application time: 0.7741743 seconds
2024-07-28T11:59:53.185+0800: 9.661: [GC (Allocation Failure) 2024-07-28T11:59:53.185+0800: 9.661: [ParNew: 825154K->825154K(825728K), 0.0000375 secs]2024-07-28T11:59:53.186+0800: 9.661: [CMS: 63K->63K(64K), 0.0021792 secs] 825217K->4729K(825792K), [Metaspace: 2931K->2931K(1056768K)], 0.0022879 secs] [Times: user=0.00 sys=0.00, real=0.00 secs] 
2024-07-28T11:59:53.188+0800: 9.663: Total time for which application threads were stopped: 0.0024129 seconds, Stopping threads took: 0.0000219 seconds
2024-07-28T11:59:53.188+0800: 9.663: Application time: 0.0002879 seconds
2024-07-28T11:59:53.188+0800: 9.664: [GC (CMS Initial Mark) [1 CMS-initial-mark: 63K(64K)] 19799K(825792K), 0.0008621 secs] [Times: user=0.00 sys=0.00, real=0.00 secs] 
2024-07-28T11:59:53.189+0800: 9.664: Total time for which application threads were stopped: 0.0010652 seconds, Stopping threads took: 0.0001632 seconds
2024-07-28T11:59:53.189+0800: 9.665: [CMS-concurrent-mark-start]
2024-07-28T11:59:53.190+0800: 9.665: [CMS-concurrent-mark: 0.000/0.000 secs] [Times: user=0.00 sys=0.00, real=0.00 secs] 
2024-07-28T11:59:53.190+0800: 9.665: [CMS-concurrent-preclean-start]
2024-07-28T11:59:53.190+0800: 9.665: [CMS-concurrent-preclean: 0.000/0.000 secs] [Times: user=0.00 sys=0.00, real=0.00 secs] 
2024-07-28T11:59:53.190+0800: 9.665: [CMS-concurrent-abortable-preclean-start]
2024-07-28T11:59:53.190+0800: 9.665: [CMS-concurrent-abortable-preclean: 0.000/0.000 secs] [Times: user=0.00 sys=0.00, real=0.00 secs] 
2024-07-28T11:59:53.190+0800: 9.665: Application time: 0.0008816 seconds
2024-07-28T11:59:53.190+0800: 9.665: [GC (CMS Final Remark) [YG occupancy: 22807 K (825728 K)]2024-07-28T11:59:53.190+0800: 9.666: [Rescan (parallel) , 0.0006533 secs]2024-07-28T11:59:53.191+0800: 9.666: [weak refs processing, 0.0000152 secs]2024-07-28T11:59:53.191+0800: 9.666: [class unloading, 0.0001691 secs]2024-07-28T11:59:53.191+0800: 9.666: [scrub symbol table, 0.0002749 secs]2024-07-28T11:59:53.191+0800: 9.667: [scrub string table, 0.0001036 secs][1 CMS-remark: 63K(64K)] 22871K(825792K), 0.0012880 secs] [Times: user=0.00 sys=0.00, real=0.00 secs] 
2024-07-28T11:59:53.191+0800: 9.667: Total time for which application threads were stopped: 0.0014315 seconds, Stopping threads took: 0.0001095 seconds
2024-07-28T11:59:53.192+0800: 9.667: [CMS-concurrent-sweep-start]
2024-07-28T11:59:53.192+0800: 9.667: [CMS-concurrent-sweep: 0.000/0.000 secs] [Times: user=0.00 sys=0.00, real=0.00 secs] 
2024-07-28T11:59:53.192+0800: 9.667: [CMS-concurrent-reset-start]
2024-07-28T11:59:53.192+0800: 9.667: [CMS-concurrent-reset: 0.000/0.000 secs] [Times: user=0.00 sys=0.00, real=0.00 secs] 
2024-07-28T11:59:54.087+0800: 10.562: Application time: 0.8955848 seconds
2024-07-28T11:59:54.087+0800: 10.562: [GC (Allocation Failure) 2024-07-28T11:59:54.087+0800: 10.563: [ParNew: 824612K->824612K(825728K), 0.0000217 secs]2024-07-28T11:59:54.087+0800: 10.563: [CMS: 63K->63K(64K), 0.0019880 secs] 824675K->4729K(825792K), [Metaspace: 2932K->2932K(1056768K)], 0.0020916 secs] [Times: user=0.00 sys=0.00, real=0.00 secs] 
2024-07-28T11:59:54.089+0800: 10.565: Total time for which application threads were stopped: 0.0022258 seconds, Stopping threads took: 0.0000206 seconds
2024-07-28T11:59:54.089+0800: 10.565: Application time: 0.0002428 seconds
2024-07-28T11:59:54.089+0800: 10.565: [GC (CMS Initial Mark) [1 CMS-initial-mark: 63K(64K)] 20379K(825792K), 0.0008768 secs] [Times: user=0.00 sys=0.00, real=0.00 secs] 
2024-07-28T11:59:54.090+0800: 10.566: Total time for which application threads were stopped: 0.0010323 seconds, Stopping threads took: 0.0001158 seconds
2024-07-28T11:59:54.090+0800: 10.566: [CMS-concurrent-mark-start]
2024-07-28T11:59:54.090+0800: 10.566: [CMS-concurrent-mark: 0.000/0.000 secs] [Times: user=0.00 sys=0.00, real=0.00 secs] 
2024-07-28T11:59:54.090+0800: 10.566: [CMS-concurrent-preclean-start]
2024-07-28T11:59:54.090+0800: 10.566: [CMS-concurrent-preclean: 0.000/0.000 secs] [Times: user=0.00 sys=0.00, real=0.00 secs] 
2024-07-28T11:59:54.090+0800: 10.566: [CMS-concurrent-abortable-preclean-start]
2024-07-28T11:59:54.090+0800: 10.566: [CMS-concurrent-abortable-preclean: 0.000/0.000 secs] [Times: user=0.00 sys=0.00, real=0.00 secs] 
2024-07-28T11:59:54.091+0800: 10.567: Application time: 0.0007640 seconds
2024-07-28T11:59:54.091+0800: 10.567: [GC (CMS Final Remark) [YG occupancy: 20315 K (825728 K)]2024-07-28T11:59:54.091+0800: 10.567: [Rescan (parallel) , 0.0006595 secs]2024-07-28T11:59:54.092+0800: 10.567: [weak refs processing, 0.0000129 secs]2024-07-28T11:59:54.092+0800: 10.567: [class unloading, 0.0001497 secs]2024-07-28T11:59:54.092+0800: 10.568: [scrub symbol table, 0.0002704 secs]2024-07-28T11:59:54.092+0800: 10.568: [scrub string table, 0.0000957 secs][1 CMS-remark: 63K(64K)] 20379K(825792K), 0.0012568 secs] [Times: user=0.00 sys=0.00, real=0.00 secs] 
2024-07-28T11:59:54.092+0800: 10.568: Total time for which application threads were stopped: 0.0013969 seconds, Stopping threads took: 0.0001075 seconds
2024-07-28T11:59:54.092+0800: 10.568: [CMS-concurrent-sweep-start]
2024-07-28T11:59:54.092+0800: 10.568: [CMS-concurrent-sweep: 0.000/0.000 secs] [Times: user=0.00 sys=0.00, real=0.00 secs] 
2024-07-28T11:59:54.092+0800: 10.568: [CMS-concurrent-reset-start]
2024-07-28T11:59:54.092+0800: 10.568: [CMS-concurrent-reset: 0.000/0.000 secs] [Times: user=0.00 sys=0.00, real=0.00 secs] 
2024-07-28T11:59:54.984+0800: 11.460: Application time: 0.8918620 seconds
2024-07-28T11:59:54.984+0800: 11.460: [GC (Allocation Failure) 2024-07-28T11:59:54.984+0800: 11.460: [ParNew: 824168K->824168K(825728K), 0.0000375 secs]2024-07-28T11:59:54.985+0800: 11.460: [CMS: 63K->63K(64K), 0.0021235 secs] 824232K->4729K(825792K), [Metaspace: 2932K->2932K(1056768K)], 0.0022326 secs] [Times: user=0.00 sys=0.00, real=0.00 secs] 
2024-07-28T11:59:54.987+0800: 11.462: Total time for which application threads were stopped: 0.0023476 seconds, Stopping threads took: 0.0000206 seconds
2024-07-28T11:59:54.987+0800: 11.463: Application time: 0.0003899 seconds
2024-07-28T11:59:54.987+0800: 11.463: [GC (CMS Initial Mark) [1 CMS-initial-mark: 63K(64K)] 20757K(825792K), 0.0007955 secs] [Times: user=0.00 sys=0.00, real=0.00 secs] 
2024-07-28T11:59:54.988+0800: 11.464: Total time for which application threads were stopped: 0.0009408 seconds, Stopping threads took: 0.0000958 seconds
2024-07-28T11:59:54.988+0800: 11.464: [CMS-concurrent-mark-start]
2024-07-28T11:59:54.988+0800: 11.464: [CMS-concurrent-mark: 0.000/0.000 secs] [Times: user=0.00 sys=0.00, real=0.00 secs] 
2024-07-28T11:59:54.988+0800: 11.464: [CMS-concurrent-preclean-start]
2024-07-28T11:59:54.989+0800: 11.464: [CMS-concurrent-preclean: 0.000/0.000 secs] [Times: user=0.05 sys=0.00, real=0.00 secs] 
2024-07-28T11:59:54.989+0800: 11.464: [CMS-concurrent-abortable-preclean-start]
2024-07-28T11:59:54.989+0800: 11.464: [CMS-concurrent-abortable-preclean: 0.000/0.000 secs] [Times: user=0.00 sys=0.00, real=0.00 secs] 
2024-07-28T11:59:54.989+0800: 11.464: Application time: 0.0007855 seconds
2024-07-28T11:59:54.989+0800: 11.464: [GC (CMS Final Remark) [YG occupancy: 20693 K (825728 K)]2024-07-28T11:59:54.989+0800: 11.464: [Rescan (parallel) , 0.0006962 secs]2024-07-28T11:59:54.990+0800: 11.465: [weak refs processing, 0.0000155 secs]2024-07-28T11:59:54.990+0800: 11.465: [class unloading, 0.0001494 secs]2024-07-28T11:59:54.990+0800: 11.465: [scrub symbol table, 0.0002728 secs]2024-07-28T11:59:54.990+0800: 11.466: [scrub string table, 0.0000904 secs][1 CMS-remark: 63K(64K)] 20757K(825792K), 0.0012983 secs] [Times: user=0.00 sys=0.00, real=0.00 secs] 
2024-07-28T11:59:54.990+0800: 11.466: Total time for which application threads were stopped: 0.0013706 seconds, Stopping threads took: 0.0000390 seconds
2024-07-28T11:59:54.990+0800: 11.466: [CMS-concurrent-sweep-start]
2024-07-28T11:59:54.991+0800: 11.466: [CMS-concurrent-sweep: 0.000/0.000 secs] [Times: user=0.00 sys=0.00, real=0.00 secs] 
2024-07-28T11:59:54.991+0800: 11.466: [CMS-concurrent-reset-start]
2024-07-28T11:59:54.991+0800: 11.466: [CMS-concurrent-reset: 0.000/0.000 secs] [Times: user=0.00 sys=0.00, real=0.00 secs] 
Heap
 par new generation   total 825728K, used 432863K [0x00000000c8000000, 0x00000000ffff0000, 0x00000000ffff0000)
  eden space 734016K,  58% used [0x00000000c8000000, 0x00000000e26b7fe8, 0x00000000f4cd0000)
  from space 91712K,   0% used [0x00000000f4cd0000, 0x00000000f4cd0000, 0x00000000fa660000)
  to   space 91712K,   0% used [0x00000000fa660000, 0x00000000fa660000, 0x00000000ffff0000)
 concurrent mark-sweep generation total 64K, used 63K [0x00000000ffff0000, 0x0000000100000000, 0x0000000100000000)
 Metaspace       used 2942K, capacity 4486K, committed 4864K, reserved 1056768K
  class space    used 305K, capacity 386K, committed 512K, reserved 1048576K
2024-07-28T11:59:55.442+0800: 11.918: Application time: 0.4519241 seconds
