OpenJDK 64-Bit Server VM (25.412-b1) for windows-amd64 JRE (1.8.0_412-b1), built on Apr 23 2024 12:00:37 by "Administrator" with MS VC++ 10.0 (VS2010)
Memory: 4k page, physical 16672068k(5651548k free), swap 19933956k(3813364k free)
CommandLine flags: -XX:ConcGCThreads=7 -XX:GCDrainStackTargetSize=64 -XX:InitialHeapSize=266753088 -XX:MaxHeapSize=939524096 -XX:MaxNewSize=313176064 -XX:MaxTenuringThreshold=6 -XX:OldPLABSize=16 -XX:+PrintGC -XX:+PrintGCApplicationConcurrentTime -XX:+PrintGCApplicationStoppedTime -XX:+PrintGCDateStamps -XX:+PrintGCDetails -XX:+PrintGCTimeStamps -XX:+UseCompressedClassPointers -XX:+UseCompressedOops -XX:+UseConcMarkSweepGC -XX:-UseLargePagesIndividualAllocation -XX:+UseParNewGC 
2024-07-28T20:30:17.373+0800: 0.232: Application time: 0.0370780 seconds
2024-07-28T20:30:17.373+0800: 0.232: [GC (Allocation Failure) 2024-07-28T20:30:17.374+0800: 0.232: [ParNew: 69469K->8282K(78656K), 0.0406116 secs] 69469K->64605K(253440K), 0.0408329 secs] [Times: user=0.08 sys=0.02, real=0.04 secs] 
2024-07-28T20:30:17.414+0800: 0.273: Total time for which application threads were stopped: 0.0409639 seconds, Stopping threads took: 0.0000229 seconds
2024-07-28T20:30:17.526+0800: 0.384: Application time: 0.1111616 seconds
2024-07-28T20:30:17.526+0800: 0.384: [GC (Allocation Failure) 2024-07-28T20:30:17.526+0800: 0.384: [ParNew: 77224K->7688K(78656K), 0.0339135 secs] 133547K->133485K(253440K), 0.0339707 secs] [Times: user=0.06 sys=0.03, real=0.03 secs] 
2024-07-28T20:30:17.560+0800: 0.418: Total time for which application threads were stopped: 0.0340907 seconds, Stopping threads took: 0.0000223 seconds
2024-07-28T20:30:17.560+0800: 0.418: Application time: 0.0002187 seconds
2024-07-28T20:30:17.560+0800: 0.419: [GC (CMS Initial Mark) [1 CMS-initial-mark: 125797K(174784K)] 136897K(253440K), 0.0005438 secs] [Times: user=0.00 sys=0.00, real=0.00 secs] 
2024-07-28T20:30:17.561+0800: 0.419: Total time for which application threads were stopped: 0.0007280 seconds, Stopping threads took: 0.0001389 seconds
2024-07-28T20:30:17.561+0800: 0.419: [CMS-concurrent-mark-start]
2024-07-28T20:30:17.563+0800: 0.421: [CMS-concurrent-mark: 0.002/0.002 secs] [Times: user=0.00 sys=0.00, real=0.00 secs] 
2024-07-28T20:30:17.563+0800: 0.421: [CMS-concurrent-preclean-start]
2024-07-28T20:30:17.564+0800: 0.422: [CMS-concurrent-preclean: 0.001/0.001 secs] [Times: user=0.00 sys=0.00, real=0.00 secs] 
2024-07-28T20:30:17.564+0800: 0.422: [CMS-concurrent-abortable-preclean-start]
2024-07-28T20:30:17.566+0800: 0.425: Application time: 0.0057240 seconds
2024-07-28T20:30:17.566+0800: 0.425: [GC (Allocation Failure) 2024-07-28T20:30:17.566+0800: 0.425: [ParNew: 76637K->8213K(78656K), 0.0319602 secs] 202434K->201598K(272972K), 0.0320141 secs] [Times: user=0.06 sys=0.00, real=0.03 secs] 
2024-07-28T20:30:17.598+0800: 0.457: Total time for which application threads were stopped: 0.0321469 seconds, Stopping threads took: 0.0000211 seconds
2024-07-28T20:30:17.718+0800: 0.577: Application time: 0.1196547 seconds
2024-07-28T20:30:17.718+0800: 0.577: [GC (Allocation Failure) 2024-07-28T20:30:17.718+0800: 0.577: [ParNew: 77172K->8197K(78656K), 0.0308802 secs] 270556K->257903K(329512K), 0.0309325 secs] [Times: user=0.03 sys=0.05, real=0.03 secs] 
2024-07-28T20:30:17.749+0800: 0.608: Total time for which application threads were stopped: 0.0310466 seconds, Stopping threads took: 0.0000207 seconds
2024-07-28T20:30:17.860+0800: 0.719: Application time: 0.1108465 seconds
2024-07-28T20:30:17.860+0800: 0.719: [GC (Allocation Failure) 2024-07-28T20:30:17.860+0800: 0.719: [ParNew: 77162K->8192K(78656K), 0.0459175 secs] 326868K->326507K(398388K), 0.0459890 secs] [Times: user=0.06 sys=0.03, real=0.05 secs] 
2024-07-28T20:30:17.906+0800: 0.765: Total time for which application threads were stopped: 0.0461852 seconds, Stopping threads took: 0.0000410 seconds
2024-07-28T20:30:17.906+0800: 0.765: [CMS-concurrent-abortable-preclean: 0.005/0.343 secs] [Times: user=0.19 sys=0.08, real=0.34 secs] 
2024-07-28T20:30:17.906+0800: 0.765: Application time: 0.0001718 seconds
2024-07-28T20:30:17.906+0800: 0.765: [GC (CMS Final Remark) [YG occupancy: 11624 K (78656 K)]2024-07-28T20:30:17.907+0800: 0.765: [Rescan (parallel) , 0.0003918 secs]2024-07-28T20:30:17.907+0800: 0.765: [weak refs processing, 0.0000234 secs]2024-07-28T20:30:17.907+0800: 0.766: [class unloading, 0.0002657 secs]2024-07-28T20:30:17.907+0800: 0.766: [scrub symbol table, 0.0004760 secs]2024-07-28T20:30:17.908+0800: 0.766: [scrub string table, 0.0001156 secs][1 CMS-remark: 318315K(319732K)] 329939K(398388K), 0.0014639 secs] [Times: user=0.00 sys=0.00, real=0.00 secs] 
2024-07-28T20:30:17.908+0800: 0.767: Total time for which application threads were stopped: 0.0016130 seconds, Stopping threads took: 0.0000638 seconds
2024-07-28T20:30:17.908+0800: 0.767: [CMS-concurrent-sweep-start]
2024-07-28T20:30:17.910+0800: 0.769: [CMS-concurrent-sweep: 0.002/0.002 secs] [Times: user=0.00 sys=0.00, real=0.00 secs] 
2024-07-28T20:30:17.912+0800: 0.771: [CMS-concurrent-reset-start]
2024-07-28T20:30:17.915+0800: 0.773: Application time: 0.0065350 seconds
2024-07-28T20:30:17.915+0800: 0.773: [GC (Allocation Failure) 2024-07-28T20:30:17.915+0800: 0.773: [ParNew: 77536K->8192K(78656K), 0.0479408 secs] 395850K->394091K(609180K), 0.0480370 secs] [Times: user=0.08 sys=0.01, real=0.05 secs] 
2024-07-28T20:30:17.963+0800: 0.821: Total time for which application threads were stopped: 0.0482282 seconds, Stopping threads took: 0.0000305 seconds
2024-07-28T20:30:17.966+0800: 0.825: [CMS-concurrent-reset: 0.005/0.054 secs] [Times: user=0.08 sys=0.01, real=0.05 secs] 
2024-07-28T20:30:18.072+0800: 0.930: Application time: 0.1089293 seconds
2024-07-28T20:30:18.072+0800: 0.930: [GC (Allocation Failure) 2024-07-28T20:30:18.072+0800: 0.930: [ParNew: 77154K->8192K(78656K), 0.0406679 secs] 463053K->450412K(609180K), 0.0407824 secs] [Times: user=0.05 sys=0.02, real=0.04 secs] 
2024-07-28T20:30:18.113+0800: 0.971: Total time for which application threads were stopped: 0.0409839 seconds, Stopping threads took: 0.0000390 seconds
2024-07-28T20:30:18.113+0800: 0.971: Application time: 0.0001116 seconds
2024-07-28T20:30:18.113+0800: 0.971: [GC (CMS Initial Mark) [1 CMS-initial-mark: 442220K(530524K)] 451436K(609180K), 0.0002139 secs] [Times: user=0.00 sys=0.00, real=0.00 secs] 
2024-07-28T20:30:18.113+0800: 0.972: Total time for which application threads were stopped: 0.0003398 seconds, Stopping threads took: 0.0000504 seconds
2024-07-28T20:30:18.113+0800: 0.972: [CMS-concurrent-mark-start]
2024-07-28T20:30:18.115+0800: 0.973: [CMS-concurrent-mark: 0.001/0.001 secs] [Times: user=0.11 sys=0.00, real=0.00 secs] 
2024-07-28T20:30:18.115+0800: 0.973: [CMS-concurrent-preclean-start]
2024-07-28T20:30:18.117+0800: 0.976: [CMS-concurrent-preclean: 0.002/0.002 secs] [Times: user=0.00 sys=0.00, real=0.00 secs] 
2024-07-28T20:30:18.117+0800: 0.976: [CMS-concurrent-abortable-preclean-start]
2024-07-28T20:30:18.224+0800: 1.083: Application time: 0.1113155 seconds
2024-07-28T20:30:18.225+0800: 1.083: [GC (Allocation Failure) 2024-07-28T20:30:18.225+0800: 1.083: [ParNew: 77209K->8535K(78656K), 0.0574521 secs] 519430K->517316K(609180K), 0.0575580 secs] [Times: user=0.06 sys=0.03, real=0.06 secs] 
2024-07-28T20:30:18.282+0800: 1.141: Total time for which application threads were stopped: 0.0577515 seconds, Stopping threads took: 0.0000224 seconds
2024-07-28T20:30:18.290+0800: 1.149: Application time: 0.0081517 seconds
2024-07-28T20:30:18.290+0800: 1.149: [GC (Allocation Failure) 2024-07-28T20:30:18.290+0800: 1.149: [ParNew: 77491K->8192K(78656K), 0.0459204 secs] 586272K->585914K(657496K), 0.0459889 secs] [Times: user=0.08 sys=0.02, real=0.05 secs] 
2024-07-28T20:30:18.336+0800: 1.195: Total time for which application threads were stopped: 0.0461245 seconds, Stopping threads took: 0.0000317 seconds
2024-07-28T20:30:18.337+0800: 1.195: [CMS-concurrent-abortable-preclean: 0.009/0.219 secs] [Times: user=0.25 sys=0.05, real=0.22 secs] 
2024-07-28T20:30:18.337+0800: 1.195: Application time: 0.0001391 seconds
2024-07-28T20:30:18.337+0800: 1.195: [GC (CMS Final Remark) [YG occupancy: 11618 K (78656 K)]2024-07-28T20:30:18.337+0800: 1.195: [Rescan (parallel) , 0.0005553 secs]2024-07-28T20:30:18.337+0800: 1.196: [weak refs processing, 0.0000221 secs]2024-07-28T20:30:18.337+0800: 1.196: [class unloading, 0.0004974 secs]2024-07-28T20:30:18.338+0800: 1.196: [scrub symbol table, 0.0007796 secs]2024-07-28T20:30:18.339+0800: 1.197: [scrub string table, 0.0002267 secs][1 CMS-remark: 577722K(578840K)] 589340K(657496K), 0.0022248 secs] [Times: user=0.00 sys=0.00, real=0.00 secs] 
2024-07-28T20:30:18.339+0800: 1.198: Total time for which application threads were stopped: 0.0023609 seconds, Stopping threads took: 0.0000725 seconds
2024-07-28T20:30:18.339+0800: 1.198: [CMS-concurrent-sweep-start]
2024-07-28T20:30:18.340+0800: 1.199: [CMS-concurrent-sweep: 0.001/0.001 secs] [Times: user=0.00 sys=0.00, real=0.00 secs] 
2024-07-28T20:30:18.340+0800: 1.199: [CMS-concurrent-reset-start]
2024-07-28T20:30:18.341+0800: 1.200: [CMS-concurrent-reset: 0.001/0.001 secs] [Times: user=0.00 sys=0.00, real=0.00 secs] 
2024-07-28T20:30:18.447+0800: 1.306: Application time: 0.1084093 seconds
2024-07-28T20:30:18.447+0800: 1.306: [GC (Allocation Failure) 2024-07-28T20:30:18.448+0800: 1.306: [ParNew: 77155K->8192K(78656K), 0.0132950 secs] 269843K->256177K(657496K), 0.0133551 secs] [Times: user=0.03 sys=0.00, real=0.01 secs] 
2024-07-28T20:30:18.461+0800: 1.319: Total time for which application threads were stopped: 0.0134934 seconds, Stopping threads took: 0.0000271 seconds
2024-07-28T20:30:18.574+0800: 1.432: Application time: 0.1126213 seconds
2024-07-28T20:30:18.574+0800: 1.432: [GC (Allocation Failure) 2024-07-28T20:30:18.574+0800: 1.432: [ParNew: 77160K->8192K(78656K), 0.0228154 secs] 325145K->324786K(657496K), 0.0228904 secs] [Times: user=0.03 sys=0.00, real=0.02 secs] 
2024-07-28T20:30:18.597+0800: 1.455: Total time for which application threads were stopped: 0.0230404 seconds, Stopping threads took: 0.0000407 seconds
2024-07-28T20:30:18.597+0800: 1.455: Application time: 0.0001408 seconds
2024-07-28T20:30:18.597+0800: 1.455: [GC (CMS Initial Mark) [1 CMS-initial-mark: 316594K(578840K)] 328220K(657496K), 0.0004152 secs] [Times: user=0.00 sys=0.00, real=0.00 secs] 
2024-07-28T20:30:18.597+0800: 1.456: Total time for which application threads were stopped: 0.0005686 seconds, Stopping threads took: 0.0000885 seconds
2024-07-28T20:30:18.597+0800: 1.456: [CMS-concurrent-mark-start]
2024-07-28T20:30:18.600+0800: 1.458: [CMS-concurrent-mark: 0.002/0.002 secs] [Times: user=0.11 sys=0.00, real=0.00 secs] 
2024-07-28T20:30:18.600+0800: 1.459: [CMS-concurrent-preclean-start]
2024-07-28T20:30:18.603+0800: 1.461: [CMS-concurrent-preclean: 0.003/0.003 secs] [Times: user=0.00 sys=0.00, real=0.00 secs] 
2024-07-28T20:30:18.603+0800: 1.461: [CMS-concurrent-abortable-preclean-start]
2024-07-28T20:30:18.606+0800: 1.465: Application time: 0.0090001 seconds
2024-07-28T20:30:18.606+0800: 1.465: [GC (Allocation Failure) 2024-07-28T20:30:18.606+0800: 1.465: [ParNew: 77163K->8192K(78656K), 0.0205167 secs] 393757K->393395K(657496K), 0.0205781 secs] [Times: user=0.03 sys=0.00, real=0.02 secs] 
2024-07-28T20:30:18.627+0800: 1.486: Total time for which application threads were stopped: 0.0207099 seconds, Stopping threads took: 0.0000234 seconds
2024-07-28T20:30:18.733+0800: 1.592: Application time: 0.1060505 seconds
2024-07-28T20:30:18.733+0800: 1.592: [GC (Allocation Failure) 2024-07-28T20:30:18.733+0800: 1.592: [ParNew: 77165K->8192K(78656K), 0.0107120 secs] 462368K->449716K(657496K), 0.0107858 secs] [Times: user=0.03 sys=0.00, real=0.01 secs] 
2024-07-28T20:30:18.744+0800: 1.602: Total time for which application threads were stopped: 0.0108977 seconds, Stopping threads took: 0.0000196 seconds
2024-07-28T20:30:18.858+0800: 1.716: Application time: 0.1137345 seconds
2024-07-28T20:30:18.858+0800: 1.716: [GC (Allocation Failure) 2024-07-28T20:30:18.858+0800: 1.716: [ParNew: 77166K->8192K(78656K), 0.0217634 secs] 518690K->518325K(657496K), 0.0218794 secs] [Times: user=0.03 sys=0.00, real=0.02 secs] 
2024-07-28T20:30:18.880+0800: 1.738: Total time for which application threads were stopped: 0.0220505 seconds, Stopping threads took: 0.0000347 seconds
2024-07-28T20:30:18.880+0800: 1.738: [CMS-concurrent-abortable-preclean: 0.011/0.277 secs] [Times: user=0.09 sys=0.00, real=0.28 secs] 
2024-07-28T20:30:18.880+0800: 1.739: Application time: 0.0002362 seconds
2024-07-28T20:30:18.880+0800: 1.739: [GC (CMS Final Remark) [YG occupancy: 11630 K (78656 K)]2024-07-28T20:30:18.880+0800: 1.739: [Rescan (parallel) , 0.0009099 secs]2024-07-28T20:30:18.881+0800: 1.740: [weak refs processing, 0.0000312 secs]2024-07-28T20:30:18.881+0800: 1.740: [class unloading, 0.0009848 secs]2024-07-28T20:30:18.882+0800: 1.741: [scrub symbol table, 0.0006122 secs]2024-07-28T20:30:18.883+0800: 1.741: [scrub string table, 0.0002812 secs][1 CMS-remark: 510133K(578840K)] 521763K(657496K), 0.0029896 secs] [Times: user=0.00 sys=0.00, real=0.00 secs] 
2024-07-28T20:30:18.883+0800: 1.742: Total time for which application threads were stopped: 0.0031898 seconds, Stopping threads took: 0.0001414 seconds
2024-07-28T20:30:18.883+0800: 1.742: [CMS-concurrent-sweep-start]
2024-07-28T20:30:18.886+0800: 1.745: [CMS-concurrent-sweep: 0.003/0.003 secs] [Times: user=0.00 sys=0.00, real=0.00 secs] 
2024-07-28T20:30:18.887+0800: 1.745: [CMS-concurrent-reset-start]
2024-07-28T20:30:18.889+0800: 1.748: [CMS-concurrent-reset: 0.002/0.002 secs] [Times: user=0.00 sys=0.00, real=0.00 secs] 
2024-07-28T20:30:18.893+0800: 1.751: Application time: 0.0093662 seconds
2024-07-28T20:30:18.893+0800: 1.751: [GC (Allocation Failure) 2024-07-28T20:30:18.893+0800: 1.751: [ParNew: 77167K->8192K(78656K), 0.0216723 secs] 395809K->395443K(657496K), 0.0217557 secs] [Times: user=0.06 sys=0.00, real=0.02 secs] 
2024-07-28T20:30:18.914+0800: 1.773: Total time for which application threads were stopped: 0.0219138 seconds, Stopping threads took: 0.0000299 seconds
2024-07-28T20:30:18.915+0800: 1.773: Application time: 0.0000986 seconds
2024-07-28T20:30:18.915+0800: 1.773: [GC (CMS Initial Mark) [1 CMS-initial-mark: 387251K(578840K)] 396467K(657496K), 0.0007116 secs] [Times: user=0.00 sys=0.00, real=0.00 secs] 
2024-07-28T20:30:18.915+0800: 1.774: Total time for which application threads were stopped: 0.0008645 seconds, Stopping threads took: 0.0000661 seconds
2024-07-28T20:30:18.915+0800: 1.774: [CMS-concurrent-mark-start]
2024-07-28T20:30:18.917+0800: 1.776: [CMS-concurrent-mark: 0.002/0.002 secs] [Times: user=0.00 sys=0.00, real=0.00 secs] 
2024-07-28T20:30:18.917+0800: 1.776: [CMS-concurrent-preclean-start]
2024-07-28T20:30:18.919+0800: 1.777: [CMS-concurrent-preclean: 0.001/0.001 secs] [Times: user=0.00 sys=0.00, real=0.00 secs] 
2024-07-28T20:30:18.919+0800: 1.777: [CMS-concurrent-abortable-preclean-start]
2024-07-28T20:30:19.033+0800: 1.892: Application time: 0.1178471 seconds
2024-07-28T20:30:19.033+0800: 1.892: [GC (Allocation Failure) 2024-07-28T20:30:19.033+0800: 1.892: [ParNew: 77167K->8192K(78656K), 0.0107797 secs] 464418K->452788K(657496K), 0.0108551 secs] [Times: user=0.03 sys=0.00, real=0.01 secs] 
2024-07-28T20:30:19.044+0800: 1.903: Total time for which application threads were stopped: 0.0109731 seconds, Stopping threads took: 0.0000226 seconds
2024-07-28T20:30:19.159+0800: 2.017: Application time: 0.1139470 seconds
2024-07-28T20:30:19.159+0800: 2.017: [GC (Allocation Failure) 2024-07-28T20:30:19.159+0800: 2.017: [ParNew: 77168K->8192K(78656K), 0.0196098 secs] 521764K->521397K(657496K), 0.0197037 secs] [Times: user=0.06 sys=0.00, real=0.02 secs] 
2024-07-28T20:30:19.178+0800: 2.037: Total time for which application threads were stopped: 0.0198440 seconds, Stopping threads took: 0.0000257 seconds
2024-07-28T20:30:19.178+0800: 2.037: [CMS-concurrent-abortable-preclean: 0.007/0.259 secs] [Times: user=0.09 sys=0.00, real=0.26 secs] 
2024-07-28T20:30:19.179+0800: 2.037: Application time: 0.0002297 seconds
2024-07-28T20:30:19.179+0800: 2.037: [GC (CMS Final Remark) [YG occupancy: 11631 K (78656 K)]2024-07-28T20:30:19.179+0800: 2.037: [Rescan (parallel) , 0.0007561 secs]2024-07-28T20:30:19.180+0800: 2.038: [weak refs processing, 0.0000148 secs]2024-07-28T20:30:19.180+0800: 2.038: [class unloading, 0.0004918 secs]2024-07-28T20:30:19.180+0800: 2.038: [scrub symbol table, 0.0012916 secs]2024-07-28T20:30:19.181+0800: 2.040: [scrub string table, 0.0001879 secs][1 CMS-remark: 513204K(578840K)] 524836K(657496K), 0.0028735 secs] [Times: user=0.00 sys=0.00, real=0.00 secs] 
2024-07-28T20:30:19.182+0800: 2.040: Total time for which application threads were stopped: 0.0030651 seconds, Stopping threads took: 0.0001380 seconds
2024-07-28T20:30:19.182+0800: 2.040: [CMS-concurrent-sweep-start]
2024-07-28T20:30:19.185+0800: 2.043: [CMS-concurrent-sweep: 0.003/0.003 secs] [Times: user=0.00 sys=0.00, real=0.00 secs] 
2024-07-28T20:30:19.185+0800: 2.043: [CMS-concurrent-reset-start]
2024-07-28T20:30:19.187+0800: 2.045: [CMS-concurrent-reset: 0.002/0.002 secs] [Times: user=0.00 sys=0.00, real=0.00 secs] 
2024-07-28T20:30:19.190+0800: 2.048: Application time: 0.0079637 seconds
2024-07-28T20:30:19.190+0800: 2.048: [GC (Allocation Failure) 2024-07-28T20:30:19.190+0800: 2.048: [ParNew: 77168K->8192K(78656K), 0.0188695 secs] 397858K->397491K(657496K), 0.0189525 secs] [Times: user=0.06 sys=0.00, real=0.02 secs] 
2024-07-28T20:30:19.209+0800: 2.067: Total time for which application threads were stopped: 0.0191193 seconds, Stopping threads took: 0.0000523 seconds
2024-07-28T20:30:19.209+0800: 2.067: Application time: 0.0002519 seconds
2024-07-28T20:30:19.209+0800: 2.067: [GC (CMS Initial Mark) [1 CMS-initial-mark: 389299K(578840K)] 400930K(657496K), 0.0004503 secs] [Times: user=0.00 sys=0.00, real=0.00 secs] 
2024-07-28T20:30:19.210+0800: 2.068: Total time for which application threads were stopped: 0.0006249 seconds, Stopping threads took: 0.0001231 seconds
2024-07-28T20:30:19.210+0800: 2.068: [CMS-concurrent-mark-start]
2024-07-28T20:30:19.211+0800: 2.069: [CMS-concurrent-mark: 0.001/0.001 secs] [Times: user=0.00 sys=0.00, real=0.00 secs] 
2024-07-28T20:30:19.211+0800: 2.069: [CMS-concurrent-preclean-start]
2024-07-28T20:30:19.212+0800: 2.070: [CMS-concurrent-preclean: 0.001/0.001 secs] [Times: user=0.00 sys=0.00, real=0.00 secs] 
2024-07-28T20:30:19.212+0800: 2.070: [CMS-concurrent-abortable-preclean-start]
2024-07-28T20:30:19.316+0800: 2.175: Application time: 0.1075601 seconds
2024-07-28T20:30:19.317+0800: 2.175: [GC (Allocation Failure) 2024-07-28T20:30:19.317+0800: 2.176: [ParNew: 77168K->8192K(78656K), 0.0109542 secs] 466467K->455860K(657496K), 0.0110365 secs] [Times: user=0.00 sys=0.00, real=0.01 secs] 
2024-07-28T20:30:19.328+0800: 2.187: Total time for which application threads were stopped: 0.0111642 seconds, Stopping threads took: 0.0000248 seconds
2024-07-28T20:30:19.440+0800: 2.299: Application time: 0.1121862 seconds
2024-07-28T20:30:19.440+0800: 2.299: [GC (Allocation Failure) 2024-07-28T20:30:19.440+0800: 2.299: [ParNew: 77168K->8192K(78656K), 0.0148845 secs] 524836K->524469K(657496K), 0.0149422 secs] [Times: user=0.03 sys=0.00, real=0.01 secs] 
2024-07-28T20:30:19.455+0800: 2.314: Total time for which application threads were stopped: 0.0150651 seconds, Stopping threads took: 0.0000199 seconds
2024-07-28T20:30:19.455+0800: 2.314: [CMS-concurrent-abortable-preclean: 0.007/0.244 secs] [Times: user=0.05 sys=0.00, real=0.24 secs] 
2024-07-28T20:30:19.455+0800: 2.314: Application time: 0.0003189 seconds
2024-07-28T20:30:19.456+0800: 2.314: [GC (CMS Final Remark) [YG occupancy: 13679 K (78656 K)]2024-07-28T20:30:19.456+0800: 2.314: [Rescan (parallel) , 0.0006196 secs]2024-07-28T20:30:19.456+0800: 2.315: [weak refs processing, 0.0000129 secs]2024-07-28T20:30:19.456+0800: 2.315: [class unloading, 0.0003176 secs]2024-07-28T20:30:19.457+0800: 2.315: [scrub symbol table, 0.0004396 secs]2024-07-28T20:30:19.457+0800: 2.316: [scrub string table, 0.0001429 secs][1 CMS-remark: 516277K(578840K)] 529956K(657496K), 0.0016190 secs] [Times: user=0.00 sys=0.00, real=0.00 secs] 
2024-07-28T20:30:19.457+0800: 2.316: Total time for which application threads were stopped: 0.0017666 seconds, Stopping threads took: 0.0001039 seconds
2024-07-28T20:30:19.457+0800: 2.316: [CMS-concurrent-sweep-start]
2024-07-28T20:30:19.460+0800: 2.319: [CMS-concurrent-sweep: 0.002/0.002 secs] [Times: user=0.03 sys=0.00, real=0.00 secs] 
2024-07-28T20:30:19.460+0800: 2.319: [CMS-concurrent-reset-start]
2024-07-28T20:30:19.461+0800: 2.320: [CMS-concurrent-reset: 0.001/0.001 secs] [Times: user=0.00 sys=0.00, real=0.00 secs] 
2024-07-28T20:30:19.463+0800: 2.321: Application time: 0.0054646 seconds
2024-07-28T20:30:19.463+0800: 2.321: [GC (Allocation Failure) 2024-07-28T20:30:19.463+0800: 2.321: [ParNew: 77168K->8192K(78656K), 0.0171695 secs] 399906K->399539K(657496K), 0.0172183 secs] [Times: user=0.03 sys=0.00, real=0.02 secs] 
2024-07-28T20:30:19.480+0800: 2.339: Total time for which application threads were stopped: 0.0173240 seconds, Stopping threads took: 0.0000188 seconds
2024-07-28T20:30:19.480+0800: 2.339: Application time: 0.0001235 seconds
2024-07-28T20:30:19.480+0800: 2.339: [GC (CMS Initial Mark) [1 CMS-initial-mark: 391347K(578840K)] 400563K(657496K), 0.0003423 secs] [Times: user=0.00 sys=0.00, real=0.00 secs] 
2024-07-28T20:30:19.481+0800: 2.339: Total time for which application threads were stopped: 0.0004383 seconds, Stopping threads took: 0.0000492 seconds
2024-07-28T20:30:19.481+0800: 2.339: [CMS-concurrent-mark-start]
2024-07-28T20:30:19.482+0800: 2.341: [CMS-concurrent-mark: 0.001/0.001 secs] [Times: user=0.00 sys=0.00, real=0.00 secs] 
2024-07-28T20:30:19.482+0800: 2.341: [CMS-concurrent-preclean-start]
2024-07-28T20:30:19.483+0800: 2.342: [CMS-concurrent-preclean: 0.001/0.001 secs] [Times: user=0.00 sys=0.00, real=0.00 secs] 
2024-07-28T20:30:19.483+0800: 2.342: [CMS-concurrent-abortable-preclean-start]
2024-07-28T20:30:19.602+0800: 2.461: Application time: 0.1216751 seconds
2024-07-28T20:30:19.602+0800: 2.461: [GC (Allocation Failure) 2024-07-28T20:30:19.602+0800: 2.461: [ParNew: 77623K->8200K(78656K), 0.0172852 secs] 468970K->458940K(657496K), 0.0173776 secs] [Times: user=0.03 sys=0.00, real=0.02 secs] 
2024-07-28T20:30:19.620+0800: 2.479: Total time for which application threads were stopped: 0.0175516 seconds, Stopping threads took: 0.0000242 seconds
2024-07-28T20:30:19.744+0800: 2.603: Application time: 0.1246313 seconds
2024-07-28T20:30:19.744+0800: 2.603: [GC (Allocation Failure) 2024-07-28T20:30:19.744+0800: 2.603: [ParNew: 77179K->8192K(78656K), 0.0258757 secs] 527919K->527541K(657496K), 0.0259523 secs] [Times: user=0.06 sys=0.00, real=0.03 secs] 
2024-07-28T20:30:19.770+0800: 2.629: Total time for which application threads were stopped: 0.0261216 seconds, Stopping threads took: 0.0000234 seconds
2024-07-28T20:30:19.771+0800: 2.629: [CMS-concurrent-abortable-preclean: 0.009/0.288 secs] [Times: user=0.16 sys=0.00, real=0.29 secs] 
2024-07-28T20:30:19.771+0800: 2.630: Application time: 0.0002554 seconds
2024-07-28T20:30:19.771+0800: 2.630: [GC (CMS Final Remark) [YG occupancy: 11626 K (78656 K)]2024-07-28T20:30:19.771+0800: 2.630: [Rescan (parallel) , 0.0013803 secs]2024-07-28T20:30:19.773+0800: 2.631: [weak refs processing, 0.0000680 secs]2024-07-28T20:30:19.773+0800: 2.631: [class unloading, 0.0016554 secs]2024-07-28T20:30:19.774+0800: 2.633: [scrub symbol table, 0.0018472 secs]2024-07-28T20:30:19.776+0800: 2.635: [scrub string table, 0.0014561 secs][1 CMS-remark: 519349K(578840K)] 530975K(657496K), 0.0070210 secs] [Times: user=0.00 sys=0.00, real=0.01 secs] 
2024-07-28T20:30:19.778+0800: 2.637: Total time for which application threads were stopped: 0.0074803 seconds, Stopping threads took: 0.0001259 seconds
2024-07-28T20:30:19.778+0800: 2.637: [CMS-concurrent-sweep-start]
2024-07-28T20:30:19.781+0800: 2.640: [CMS-concurrent-sweep: 0.003/0.003 secs] [Times: user=0.00 sys=0.00, real=0.00 secs] 
2024-07-28T20:30:19.781+0800: 2.640: [CMS-concurrent-reset-start]
2024-07-28T20:30:19.783+0800: 2.642: [CMS-concurrent-reset: 0.001/0.001 secs] [Times: user=0.00 sys=0.00, real=0.00 secs] 
2024-07-28T20:30:19.898+0800: 2.757: Application time: 0.1195506 seconds
2024-07-28T20:30:19.898+0800: 2.757: [GC (Allocation Failure) 2024-07-28T20:30:19.898+0800: 2.757: [ParNew: 77163K->0K(78656K), 0.0013103 secs] 401949K->324786K(839384K), 0.0019538 secs] [Times: user=0.00 sys=0.00, real=0.00 secs] 
2024-07-28T20:30:19.900+0800: 2.759: Total time for which application threads were stopped: 0.0021455 seconds, Stopping threads took: 0.0000365 seconds
2024-07-28T20:30:20.195+0800: 3.054: Application time: 0.2952830 seconds
2024-07-28T20:30:20.196+0800: 3.054: [GC (Allocation Failure) 2024-07-28T20:30:20.196+0800: 3.054: [ParNew: 230903K->25600K(260544K), 0.0146862 secs] 555689K->350386K(839384K), 0.0147520 secs] [Times: user=0.03 sys=0.00, real=0.01 secs] 
2024-07-28T20:30:20.210+0800: 3.069: Total time for which application threads were stopped: 0.0148982 seconds, Stopping threads took: 0.0000208 seconds
2024-07-28T20:30:20.440+0800: 3.299: Application time: 0.2297554 seconds
2024-07-28T20:30:20.440+0800: 3.299: [GC (Allocation Failure) 2024-07-28T20:30:20.440+0800: 3.299: [ParNew: 256491K->28672K(260544K), 0.0195584 secs] 581277K->375987K(839384K), 0.0196320 secs] [Times: user=0.06 sys=0.00, real=0.02 secs] 
2024-07-28T20:30:20.460+0800: 3.318: Total time for which application threads were stopped: 0.0197653 seconds, Stopping threads took: 0.0000201 seconds
2024-07-28T20:30:20.680+0800: 3.539: Application time: 0.2203945 seconds
2024-07-28T20:30:20.680+0800: 3.539: [GC (Allocation Failure) 2024-07-28T20:30:20.680+0800: 3.539: [ParNew: 259577K->28672K(260544K), 0.0153047 secs] 606891K->424115K(839384K), 0.0153647 secs] [Times: user=0.03 sys=0.00, real=0.01 secs] 
2024-07-28T20:30:20.695+0800: 3.554: Total time for which application threads were stopped: 0.0154894 seconds, Stopping threads took: 0.0000204 seconds
2024-07-28T20:30:21.019+0800: 3.877: Application time: 0.3227687 seconds
2024-07-28T20:30:21.019+0800: 3.877: [GC (Allocation Failure) 2024-07-28T20:30:21.019+0800: 3.877: [ParNew: 259585K->28672K(260544K), 0.0235479 secs] 655029K->497844K(839384K), 0.0236784 secs] [Times: user=0.14 sys=0.00, real=0.02 secs] 
2024-07-28T20:30:21.042+0800: 3.901: Total time for which application threads were stopped: 0.0238247 seconds, Stopping threads took: 0.0000199 seconds
2024-07-28T20:30:21.043+0800: 3.901: Application time: 0.0001602 seconds
2024-07-28T20:30:21.043+0800: 3.901: [GC (CMS Initial Mark) [1 CMS-initial-mark: 469172K(578840K)] 504504K(839384K), 0.0009177 secs] [Times: user=0.00 sys=0.00, real=0.00 secs] 
2024-07-28T20:30:21.044+0800: 3.902: Total time for which application threads were stopped: 0.0011740 seconds, Stopping threads took: 0.0002052 seconds
2024-07-28T20:30:21.044+0800: 3.902: [CMS-concurrent-mark-start]
2024-07-28T20:30:21.047+0800: 3.905: [CMS-concurrent-mark: 0.003/0.003 secs] [Times: user=0.00 sys=0.00, real=0.00 secs] 
2024-07-28T20:30:21.047+0800: 3.905: [CMS-concurrent-preclean-start]
2024-07-28T20:30:21.048+0800: 3.907: [CMS-concurrent-preclean: 0.002/0.002 secs] [Times: user=0.00 sys=0.00, real=0.00 secs] 
2024-07-28T20:30:21.048+0800: 3.907: [CMS-concurrent-abortable-preclean-start]
2024-07-28T20:30:21.273+0800: 4.131: Application time: 0.2291521 seconds
2024-07-28T20:30:21.273+0800: 4.132: [GC (Allocation Failure) 2024-07-28T20:30:21.273+0800: 4.132: [ParNew: 259591K->28672K(260544K), 0.0289378 secs] 728764K->597174K(839384K), 0.0290522 secs] [Times: user=0.06 sys=0.00, real=0.03 secs] 
2024-07-28T20:30:21.302+0800: 4.161: Total time for which application threads were stopped: 0.0292011 seconds, Stopping threads took: 0.0000211 seconds
2024-07-28T20:30:21.305+0800: 4.164: [CMS-concurrent-abortable-preclean: 0.009/0.257 secs] [Times: user=0.08 sys=0.00, real=0.26 secs] 
2024-07-28T20:30:21.306+0800: 4.164: Application time: 0.0036206 seconds
2024-07-28T20:30:21.306+0800: 4.164: [GC (CMS Final Remark) [YG occupancy: 62984 K (260544 K)]2024-07-28T20:30:21.306+0800: 4.164: [Rescan (parallel) , 0.0005746 secs]2024-07-28T20:30:21.307+0800: 4.165: [weak refs processing, 0.0000137 secs]2024-07-28T20:30:21.307+0800: 4.165: [class unloading, 0.0003189 secs]2024-07-28T20:30:21.307+0800: 4.165: [scrub symbol table, 0.0004431 secs]2024-07-28T20:30:21.307+0800: 4.166: [scrub string table, 0.0001447 secs][1 CMS-remark: 568502K(578840K)] 631486K(839384K), 0.0015837 secs] [Times: user=0.00 sys=0.00, real=0.00 secs] 
2024-07-28T20:30:21.308+0800: 4.166: Total time for which application threads were stopped: 0.0018151 seconds, Stopping threads took: 0.0001832 seconds
2024-07-28T20:30:21.308+0800: 4.166: [CMS-concurrent-sweep-start]
2024-07-28T20:30:21.310+0800: 4.169: [CMS-concurrent-sweep: 0.003/0.003 secs] [Times: user=0.00 sys=0.00, real=0.00 secs] 
2024-07-28T20:30:21.310+0800: 4.169: [CMS-concurrent-reset-start]
2024-07-28T20:30:21.312+0800: 4.170: [CMS-concurrent-reset: 0.001/0.001 secs] [Times: user=0.00 sys=0.00, real=0.00 secs] 
2024-07-28T20:30:21.383+0800: 4.241: Application time: 0.0753506 seconds
2024-07-28T20:30:21.383+0800: 4.242: Total time for which application threads were stopped: 0.0001085 seconds, Stopping threads took: 0.0000562 seconds
2024-07-28T20:30:21.531+0800: 4.389: Application time: 0.1475021 seconds
2024-07-28T20:30:21.531+0800: 4.389: [GC (Allocation Failure) 2024-07-28T20:30:21.531+0800: 4.389: [ParNew: 259595K->28672K(260544K), 0.0377449 secs] 433851K->327858K(839384K), 0.0378154 secs] [Times: user=0.08 sys=0.00, real=0.04 secs] 
2024-07-28T20:30:21.569+0800: 4.427: Total time for which application threads were stopped: 0.0379744 seconds, Stopping threads took: 0.0000388 seconds
2024-07-28T20:30:21.569+0800: 4.427: Application time: 0.0002735 seconds
2024-07-28T20:30:21.569+0800: 4.427: [GC (CMS Initial Mark) [1 CMS-initial-mark: 299185K(578840K)] 334524K(839384K), 0.0007698 secs] [Times: user=0.00 sys=0.00, real=0.00 secs] 
2024-07-28T20:30:21.570+0800: 4.428: Total time for which application threads were stopped: 0.0009520 seconds, Stopping threads took: 0.0001157 seconds
2024-07-28T20:30:21.570+0800: 4.428: [CMS-concurrent-mark-start]
2024-07-28T20:30:21.573+0800: 4.431: [CMS-concurrent-mark: 0.003/0.003 secs] [Times: user=0.00 sys=0.00, real=0.00 secs] 
2024-07-28T20:30:21.573+0800: 4.432: [CMS-concurrent-preclean-start]
2024-07-28T20:30:21.575+0800: 4.433: [CMS-concurrent-preclean: 0.002/0.002 secs] [Times: user=0.00 sys=0.00, real=0.00 secs] 
2024-07-28T20:30:21.575+0800: 4.434: [CMS-concurrent-abortable-preclean-start]
2024-07-28T20:30:21.804+0800: 4.663: Application time: 0.2344849 seconds
2024-07-28T20:30:21.805+0800: 4.663: [GC (Allocation Failure) 2024-07-28T20:30:21.805+0800: 4.663: [ParNew: 259597K->28672K(260544K), 0.0477273 secs] 558783K->478388K(839384K), 0.0478236 secs] [Times: user=0.09 sys=0.00, real=0.05 secs] 
2024-07-28T20:30:21.852+0800: 4.711: Total time for which application threads were stopped: 0.0479714 seconds, Stopping threads took: 0.0000323 seconds
2024-07-28T20:30:22.082+0800: 4.940: [CMS-concurrent-abortable-preclean: 0.011/0.506 secs] [Times: user=0.16 sys=0.00, real=0.51 secs] 
2024-07-28T20:30:22.082+0800: 4.940: Application time: 0.2293717 seconds
2024-07-28T20:30:22.082+0800: 4.940: [GC (CMS Final Remark) [YG occupancy: 259599 K (260544 K)]2024-07-28T20:30:22.082+0800: 4.940: [Rescan (parallel) , 0.0007009 secs]2024-07-28T20:30:22.083+0800: 4.941: [weak refs processing, 0.0000205 secs]2024-07-28T20:30:22.083+0800: 4.941: [class unloading, 0.0003255 secs]2024-07-28T20:30:22.083+0800: 4.941: [scrub symbol table, 0.0006255 secs]2024-07-28T20:30:22.084+0800: 4.942: [scrub string table, 0.0002192 secs][1 CMS-remark: 449716K(578840K)] 709315K(839384K), 0.0020037 secs] [Times: user=0.01 sys=0.00, real=0.00 secs] 
2024-07-28T20:30:22.084+0800: 4.942: Total time for which application threads were stopped: 0.0020871 seconds, Stopping threads took: 0.0000194 seconds
2024-07-28T20:30:22.084+0800: 4.942: [CMS-concurrent-sweep-start]
2024-07-28T20:30:22.085+0800: 4.944: [CMS-concurrent-sweep: 0.001/0.001 secs] [Times: user=0.00 sys=0.00, real=0.00 secs] 
2024-07-28T20:30:22.085+0800: 4.944: [CMS-concurrent-reset-start]
2024-07-28T20:30:22.086+0800: 4.945: [CMS-concurrent-reset: 0.001/0.001 secs] [Times: user=0.00 sys=0.00, real=0.00 secs] 
2024-07-28T20:30:22.175+0800: 5.033: Application time: 0.0910596 seconds
2024-07-28T20:30:22.175+0800: 5.033: [GC (Allocation Failure) 2024-07-28T20:30:22.175+0800: 5.033: [ParNew: 259599K->0K(260544K), 0.0013771 secs] 536256K->276657K(839384K), 0.0014287 secs] [Times: user=0.00 sys=0.00, real=0.00 secs] 
2024-07-28T20:30:22.176+0800: 5.035: Total time for which application threads were stopped: 0.0015349 seconds, Stopping threads took: 0.0000161 seconds
2024-07-28T20:30:22.399+0800: 5.257: Application time: 0.2222820 seconds
2024-07-28T20:30:22.399+0800: 5.257: [GC (Allocation Failure) 2024-07-28T20:30:22.399+0800: 5.257: [ParNew: 230927K->25600K(260544K), 0.0058544 secs] 507585K->302257K(839384K), 0.0059136 secs] [Times: user=0.00 sys=0.00, real=0.01 secs] 
2024-07-28T20:30:22.405+0800: 5.263: Total time for which application threads were stopped: 0.0060373 seconds, Stopping threads took: 0.0000207 seconds
2024-07-28T20:30:22.640+0800: 5.499: Application time: 0.2354245 seconds
2024-07-28T20:30:22.640+0800: 5.499: [GC (Allocation Failure) 2024-07-28T20:30:22.640+0800: 5.499: [ParNew: 256483K->28686K(260544K), 0.0093199 secs] 533140K->326848K(839384K), 0.0093892 secs] [Times: user=0.03 sys=0.00, real=0.01 secs] 
2024-07-28T20:30:22.649+0800: 5.508: Total time for which application threads were stopped: 0.0095473 seconds, Stopping threads took: 0.0000227 seconds
2024-07-28T20:30:22.877+0800: 5.736: Application time: 0.2277599 seconds
2024-07-28T20:30:22.877+0800: 5.736: [GC (Allocation Failure) 2024-07-28T20:30:22.877+0800: 5.736: [ParNew: 259608K->28672K(260544K), 0.0129998 secs] 557770K->373939K(839384K), 0.0130586 secs] [Times: user=0.03 sys=0.00, real=0.01 secs] 
2024-07-28T20:30:22.890+0800: 5.749: Total time for which application threads were stopped: 0.0131735 seconds, Stopping threads took: 0.0000204 seconds
2024-07-28T20:30:23.116+0800: 5.975: Application time: 0.2256524 seconds
2024-07-28T20:30:23.116+0800: 5.975: [GC (Allocation Failure) 2024-07-28T20:30:23.116+0800: 5.975: [ParNew: 259596K->28672K(260544K), 0.0172099 secs] 604864K->446644K(839384K), 0.0172725 secs] [Times: user=0.03 sys=0.00, real=0.02 secs] 
2024-07-28T20:30:23.133+0800: 5.992: Total time for which application threads were stopped: 0.0173903 seconds, Stopping threads took: 0.0000228 seconds
2024-07-28T20:30:23.133+0800: 5.992: Application time: 0.0002192 seconds
2024-07-28T20:30:23.133+0800: 5.992: [GC (CMS Initial Mark) [1 CMS-initial-mark: 417972K(578840K)] 452287K(839384K), 0.0008109 secs] [Times: user=0.00 sys=0.00, real=0.00 secs] 
2024-07-28T20:30:23.134+0800: 5.993: Total time for which application threads were stopped: 0.0008778 seconds, Stopping threads took: 0.0000217 seconds
2024-07-28T20:30:23.134+0800: 5.993: [CMS-concurrent-mark-start]
2024-07-28T20:30:23.136+0800: 5.994: [CMS-concurrent-mark: 0.001/0.001 secs] [Times: user=0.00 sys=0.00, real=0.00 secs] 
2024-07-28T20:30:23.136+0800: 5.994: [CMS-concurrent-preclean-start]
2024-07-28T20:30:23.136+0800: 5.995: [CMS-concurrent-preclean: 0.001/0.001 secs] [Times: user=0.00 sys=0.00, real=0.00 secs] 
2024-07-28T20:30:23.136+0800: 5.995: [CMS-concurrent-abortable-preclean-start]
2024-07-28T20:30:23.456+0800: 6.315: Application time: 0.3216879 seconds
2024-07-28T20:30:23.456+0800: 6.315: [GC (Allocation Failure) 2024-07-28T20:30:23.456+0800: 6.315: [ParNew2024-07-28T20:30:23.470+0800: 6.329: [CMS-concurrent-abortable-preclean: 0.003/0.333 secs] [Times: user=0.06 sys=0.00, real=0.33 secs] 
: 259598K->28672K(260544K), 0.0306931 secs] 677571K->544950K(839384K), 0.0307547 secs] [Times: user=0.06 sys=0.00, real=0.03 secs] 
2024-07-28T20:30:23.487+0800: 6.346: Total time for which application threads were stopped: 0.0308736 seconds, Stopping threads took: 0.0000222 seconds
2024-07-28T20:30:23.487+0800: 6.346: Application time: 0.0002704 seconds
2024-07-28T20:30:23.487+0800: 6.346: [GC (CMS Final Remark) [YG occupancy: 35343 K (260544 K)]2024-07-28T20:30:23.487+0800: 6.346: [Rescan (parallel) , 0.0008639 secs]2024-07-28T20:30:23.488+0800: 6.347: [weak refs processing, 0.0000175 secs]2024-07-28T20:30:23.488+0800: 6.347: [class unloading, 0.0003591 secs]2024-07-28T20:30:23.489+0800: 6.348: [scrub symbol table, 0.0004254 secs]2024-07-28T20:30:23.489+0800: 6.348: [scrub string table, 0.0001331 secs][1 CMS-remark: 516277K(578840K)] 551621K(839384K), 0.0019450 secs] [Times: user=0.02 sys=0.00, real=0.00 secs] 
2024-07-28T20:30:23.489+0800: 6.348: Total time for which application threads were stopped: 0.0021218 seconds, Stopping threads took: 0.0001250 seconds
2024-07-28T20:30:23.489+0800: 6.348: [CMS-concurrent-sweep-start]
2024-07-28T20:30:23.493+0800: 6.352: [CMS-concurrent-sweep: 0.003/0.003 secs] [Times: user=0.00 sys=0.00, real=0.00 secs] 
2024-07-28T20:30:23.493+0800: 6.352: [CMS-concurrent-reset-start]
2024-07-28T20:30:23.495+0800: 6.354: [CMS-concurrent-reset: 0.002/0.002 secs] [Times: user=0.00 sys=0.00, real=0.00 secs] 
2024-07-28T20:30:23.709+0800: 6.568: Application time: 0.2197973 seconds
2024-07-28T20:30:23.709+0800: 6.568: [GC (Allocation Failure) 2024-07-28T20:30:23.709+0800: 6.568: [ParNew: 259603K->28672K(260544K), 0.0358723 secs] 431812K->324787K(839384K), 0.0359597 secs] [Times: user=0.06 sys=0.00, real=0.04 secs] 
2024-07-28T20:30:23.745+0800: 6.604: Total time for which application threads were stopped: 0.0361261 seconds, Stopping threads took: 0.0000254 seconds
2024-07-28T20:30:23.746+0800: 6.604: Application time: 0.0001994 seconds
2024-07-28T20:30:23.746+0800: 6.604: [GC (CMS Initial Mark) [1 CMS-initial-mark: 296114K(578840K)] 331450K(839384K), 0.0007215 secs] [Times: user=0.00 sys=0.00, real=0.00 secs] 
2024-07-28T20:30:23.746+0800: 6.605: Total time for which application threads were stopped: 0.0009493 seconds, Stopping threads took: 0.0001626 seconds
2024-07-28T20:30:23.747+0800: 6.605: [CMS-concurrent-mark-start]
2024-07-28T20:30:23.750+0800: 6.608: [CMS-concurrent-mark: 0.003/0.003 secs] [Times: user=0.00 sys=0.00, real=0.00 secs] 
2024-07-28T20:30:23.750+0800: 6.609: [CMS-concurrent-preclean-start]
2024-07-28T20:30:23.753+0800: 6.612: [CMS-concurrent-preclean: 0.003/0.003 secs] [Times: user=0.00 sys=0.00, real=0.00 secs] 
2024-07-28T20:30:23.753+0800: 6.612: [CMS-concurrent-abortable-preclean-start]
2024-07-28T20:30:23.979+0800: 6.838: Application time: 0.2327325 seconds
2024-07-28T20:30:23.979+0800: 6.838: [GC (Allocation Failure) 2024-07-28T20:30:23.979+0800: 6.838: [ParNew: 259595K->28672K(260544K), 0.0454916 secs] 555710K->474293K(839384K), 0.0455591 secs] [Times: user=0.09 sys=0.00, real=0.05 secs] 
2024-07-28T20:30:24.025+0800: 6.884: Total time for which application threads were stopped: 0.0457038 seconds, Stopping threads took: 0.0000251 seconds
2024-07-28T20:30:24.025+0800: 6.884: [CMS-concurrent-abortable-preclean: 0.005/0.272 secs] [Times: user=0.11 sys=0.00, real=0.27 secs] 
2024-07-28T20:30:24.025+0800: 6.884: Application time: 0.0003415 seconds
2024-07-28T20:30:24.025+0800: 6.884: [GC (CMS Final Remark) [YG occupancy: 35338 K (260544 K)]2024-07-28T20:30:24.026+0800: 6.884: [Rescan (parallel) , 0.0009782 secs]2024-07-28T20:30:24.027+0800: 6.885: [weak refs processing, 0.0000165 secs]2024-07-28T20:30:24.027+0800: 6.885: [class unloading, 0.0003604 secs]2024-07-28T20:30:24.027+0800: 6.886: [scrub symbol table, 0.0007062 secs]2024-07-28T20:30:24.028+0800: 6.886: [scrub string table, 0.0001574 secs][1 CMS-remark: 445620K(578840K)] 480959K(839384K), 0.0023184 secs] [Times: user=0.00 sys=0.00, real=0.00 secs] 
2024-07-28T20:30:24.028+0800: 6.887: Total time for which application threads were stopped: 0.0025796 seconds, Stopping threads took: 0.0002097 seconds
2024-07-28T20:30:24.028+0800: 6.887: [CMS-concurrent-sweep-start]
2024-07-28T20:30:24.030+0800: 6.889: [CMS-concurrent-sweep: 0.002/0.002 secs] [Times: user=0.00 sys=0.00, real=0.00 secs] 
2024-07-28T20:30:24.030+0800: 6.889: [CMS-concurrent-reset-start]
2024-07-28T20:30:24.031+0800: 6.890: [CMS-concurrent-reset: 0.001/0.001 secs] [Times: user=0.00 sys=0.00, real=0.00 secs] 
2024-07-28T20:30:24.249+0800: 7.108: Application time: 0.2214422 seconds
2024-07-28T20:30:24.249+0800: 7.108: [GC (Allocation Failure) 2024-07-28T20:30:24.250+0800: 7.108: [ParNew: 259597K->28680K(260544K), 0.0369905 secs] 534208K->478397K(839384K), 0.0372294 secs] [Times: user=0.08 sys=0.02, real=0.04 secs] 
2024-07-28T20:30:24.287+0800: 7.145: Total time for which application threads were stopped: 0.0374177 seconds, Stopping threads took: 0.0000458 seconds
2024-07-28T20:30:24.287+0800: 7.146: Application time: 0.0001486 seconds
2024-07-28T20:30:24.287+0800: 7.146: [GC (CMS Initial Mark) [1 CMS-initial-mark: 449716K(578840K)] 484040K(839384K), 0.0008123 secs] [Times: user=0.00 sys=0.00, real=0.00 secs] 
2024-07-28T20:30:24.288+0800: 7.147: Total time for which application threads were stopped: 0.0009023 seconds, Stopping threads took: 0.0000452 seconds
2024-07-28T20:30:24.288+0800: 7.147: [CMS-concurrent-mark-start]
2024-07-28T20:30:24.289+0800: 7.148: [CMS-concurrent-mark: 0.001/0.001 secs] [Times: user=0.00 sys=0.00, real=0.00 secs] 
2024-07-28T20:30:24.289+0800: 7.148: [CMS-concurrent-preclean-start]
2024-07-28T20:30:24.290+0800: 7.149: [CMS-concurrent-preclean: 0.001/0.001 secs] [Times: user=0.00 sys=0.00, real=0.00 secs] 
2024-07-28T20:30:24.290+0800: 7.149: [CMS-concurrent-abortable-preclean-start]
2024-07-28T20:30:24.619+0800: 7.477: [CMS-concurrent-abortable-preclean: 0.004/0.328 secs] [Times: user=0.00 sys=0.00, real=0.33 secs] 
2024-07-28T20:30:24.619+0800: 7.478: Application time: 0.3310262 seconds
2024-07-28T20:30:24.619+0800: 7.478: [GC (CMS Final Remark) [YG occupancy: 241175 K (260544 K)]2024-07-28T20:30:24.619+0800: 7.478: [Rescan (parallel) , 0.0006665 secs]2024-07-28T20:30:24.619+0800: 7.478: [weak refs processing, 0.0000141 secs]2024-07-28T20:30:24.619+0800: 7.479: [class unloading, 0.0003473 secs]2024-07-28T20:30:24.620+0800: 7.479: [scrub symbol table, 0.0004822 secs]2024-07-28T20:30:24.620+0800: 7.479: [scrub string table, 0.0001332 secs][1 CMS-remark: 449716K(578840K)] 690892K(839384K), 0.0017286 secs] [Times: user=0.00 sys=0.00, real=0.00 secs] 
2024-07-28T20:30:24.620+0800: 7.480: Total time for which application threads were stopped: 0.0019840 seconds, Stopping threads took: 0.0002072 seconds
2024-07-28T20:30:24.621+0800: 7.480: [CMS-concurrent-sweep-start]
2024-07-28T20:30:24.622+0800: 7.481: Application time: 0.0014899 seconds
2024-07-28T20:30:24.622+0800: 7.481: [GC (Allocation Failure) 2024-07-28T20:30:24.622+0800: 7.481: [ParNew: 259607K->259607K(260544K), 0.0000166 secs]2024-07-28T20:30:24.622+0800: 7.481: [CMS2024-07-28T20:30:24.622+0800: 7.481: [CMS-concurrent-sweep: 0.001/0.002 secs] [Times: user=0.00 sys=0.00, real=0.00 secs] 
 (concurrent mode failure): 391348K->25758K(578840K), 0.0079276 secs] 650955K->25758K(839384K), [Metaspace: 4237K->4237K(1056768K)], 0.0081233 secs] [Times: user=0.02 sys=0.00, real=0.01 secs] 
2024-07-28T20:30:24.630+0800: 7.489: Total time for which application threads were stopped: 0.0082308 seconds, Stopping threads took: 0.0000157 seconds
2024-07-28T20:30:24.856+0800: 7.715: Application time: 0.2258803 seconds
2024-07-28T20:30:24.856+0800: 7.715: [GC (Allocation Failure) 2024-07-28T20:30:24.856+0800: 7.715: [ParNew: 230931K->28672K(260544K), 0.0091412 secs] 256689K->75937K(839384K), 0.0092020 secs] [Times: user=0.03 sys=0.00, real=0.01 secs] 
2024-07-28T20:30:24.866+0800: 7.724: Total time for which application threads were stopped: 0.0093300 seconds, Stopping threads took: 0.0000352 seconds
2024-07-28T20:30:25.096+0800: 7.954: Application time: 0.2296417 seconds
2024-07-28T20:30:25.096+0800: 7.954: [GC (Allocation Failure) 2024-07-28T20:30:25.096+0800: 7.954: [ParNew: 259595K->28672K(260544K), 0.0129684 secs] 306860K->123044K(839384K), 0.0130316 secs] [Times: user=0.03 sys=0.00, real=0.01 secs] 
2024-07-28T20:30:25.109+0800: 7.967: Total time for which application threads were stopped: 0.0131827 seconds, Stopping threads took: 0.0000343 seconds
2024-07-28T20:30:25.333+0800: 8.191: Application time: 0.2241292 seconds
2024-07-28T20:30:25.333+0800: 8.192: [GC (Allocation Failure) 2024-07-28T20:30:25.333+0800: 8.192: [ParNew: 259598K->28672K(260544K), 0.0181846 secs] 353969K->195751K(839384K), 0.0182844 secs] [Times: user=0.03 sys=0.00, real=0.02 secs] 
2024-07-28T20:30:25.351+0800: 8.210: Total time for which application threads were stopped: 0.0184028 seconds, Stopping threads took: 0.0000233 seconds
2024-07-28T20:30:25.687+0800: 8.546: Application time: 0.3362326 seconds
2024-07-28T20:30:25.687+0800: 8.546: [GC (Allocation Failure) 2024-07-28T20:30:25.687+0800: 8.546: [ParNew: 259599K->28672K(260544K), 0.0335991 secs] 426678K->294058K(839384K), 0.0336609 secs] [Times: user=0.06 sys=0.00, real=0.03 secs] 
2024-07-28T20:30:25.721+0800: 8.580: Total time for which application threads were stopped: 0.0337830 seconds, Stopping threads took: 0.0000235 seconds
2024-07-28T20:30:25.955+0800: 8.814: Application time: 0.2338868 seconds
2024-07-28T20:30:25.955+0800: 8.814: [GC (Allocation Failure) 2024-07-28T20:30:25.955+0800: 8.814: [ParNew: 259603K->28672K(260544K), 0.0386058 secs] 524990K->417966K(839384K), 0.0386990 secs] [Times: user=0.09 sys=0.00, real=0.04 secs] 
2024-07-28T20:30:25.994+0800: 8.853: Total time for which application threads were stopped: 0.0388461 seconds, Stopping threads took: 0.0000335 seconds
2024-07-28T20:30:25.994+0800: 8.853: Application time: 0.0001449 seconds
2024-07-28T20:30:25.994+0800: 8.853: [GC (CMS Initial Mark) [1 CMS-initial-mark: 389294K(578840K)] 424630K(839384K), 0.0007195 secs] [Times: user=0.00 sys=0.00, real=0.00 secs] 
2024-07-28T20:30:25.995+0800: 8.854: Total time for which application threads were stopped: 0.0009023 seconds, Stopping threads took: 0.0001243 seconds
2024-07-28T20:30:25.995+0800: 8.854: [CMS-concurrent-mark-start]
2024-07-28T20:30:26.000+0800: 8.859: [CMS-concurrent-mark: 0.005/0.005 secs] [Times: user=0.00 sys=0.00, real=0.01 secs] 
2024-07-28T20:30:26.000+0800: 8.859: [CMS-concurrent-preclean-start]
2024-07-28T20:30:26.003+0800: 8.861: [CMS-concurrent-preclean: 0.002/0.002 secs] [Times: user=0.00 sys=0.00, real=0.00 secs] 
2024-07-28T20:30:26.003+0800: 8.861: [CMS-concurrent-abortable-preclean-start]
2024-07-28T20:30:26.223+0800: 9.081: Application time: 0.2277991 seconds
2024-07-28T20:30:26.223+0800: 9.082: [GC (Allocation Failure) 2024-07-28T20:30:26.223+0800: 9.082: [ParNew: 259595K->28672K(260544K), 0.0312768 secs] 648890K->567475K(839384K), 0.0313513 secs] [Times: user=0.03 sys=0.03, real=0.03 secs] 
2024-07-28T20:30:26.254+0800: 9.113: Total time for which application threads were stopped: 0.0314680 seconds, Stopping threads took: 0.0000226 seconds
2024-07-28T20:30:26.469+0800: 9.327: [CMS-concurrent-abortable-preclean: 0.010/0.466 secs] [Times: user=0.08 sys=0.03, real=0.47 secs] 
2024-07-28T20:30:26.469+0800: 9.327: Application time: 0.2145227 seconds
2024-07-28T20:30:26.469+0800: 9.328: [GC (CMS Final Remark) [YG occupancy: 162316 K (260544 K)]2024-07-28T20:30:26.469+0800: 9.328: [Rescan (parallel) , 0.0006193 secs]2024-07-28T20:30:26.470+0800: 9.328: [weak refs processing, 0.0000207 secs]2024-07-28T20:30:26.470+0800: 9.328: [class unloading, 0.0006848 secs]2024-07-28T20:30:26.470+0800: 9.329: [scrub symbol table, 0.0007828 secs]2024-07-28T20:30:26.471+0800: 9.330: [scrub string table, 0.0002002 secs][1 CMS-remark: 538802K(578840K)] 701119K(839384K), 0.0024406 secs] [Times: user=0.00 sys=0.00, real=0.00 secs] 
2024-07-28T20:30:26.472+0800: 9.330: Total time for which application threads were stopped: 0.0026626 seconds, Stopping threads took: 0.0001505 seconds
2024-07-28T20:30:26.472+0800: 9.330: [CMS-concurrent-sweep-start]
2024-07-28T20:30:26.474+0800: 9.333: [CMS-concurrent-sweep: 0.002/0.002 secs] [Times: user=0.03 sys=0.00, real=0.00 secs] 
2024-07-28T20:30:26.474+0800: 9.333: [CMS-concurrent-reset-start]
2024-07-28T20:30:26.475+0800: 9.334: [CMS-concurrent-reset: 0.001/0.001 secs] [Times: user=0.00 sys=0.00, real=0.00 secs] 
2024-07-28T20:30:26.481+0800: 9.339: Application time: 0.0093021 seconds
2024-07-28T20:30:26.481+0800: 9.339: [GC (Allocation Failure) 2024-07-28T20:30:26.481+0800: 9.340: [ParNew: 259598K->28672K(260544K), 0.0515218 secs] 534204K->478385K(839384K), 0.0518065 secs] [Times: user=0.09 sys=0.00, real=0.05 secs] 
2024-07-28T20:30:26.533+0800: 9.391: Total time for which application threads were stopped: 0.0520058 seconds, Stopping threads took: 0.0000254 seconds
2024-07-28T20:30:26.533+0800: 9.392: Application time: 0.0002324 seconds
2024-07-28T20:30:26.533+0800: 9.392: [GC (CMS Initial Mark) [1 CMS-initial-mark: 449713K(578840K)] 484029K(839384K), 0.0012445 secs] [Times: user=0.00 sys=0.00, real=0.00 secs] 
2024-07-28T20:30:26.535+0800: 9.393: Total time for which application threads were stopped: 0.0016229 seconds, Stopping threads took: 0.0002498 seconds
2024-07-28T20:30:26.535+0800: 9.393: [CMS-concurrent-mark-start]
2024-07-28T20:30:26.537+0800: 9.396: [CMS-concurrent-mark: 0.003/0.003 secs] [Times: user=0.11 sys=0.00, real=0.00 secs] 
2024-07-28T20:30:26.537+0800: 9.396: [CMS-concurrent-preclean-start]
2024-07-28T20:30:26.538+0800: 9.397: [CMS-concurrent-preclean: 0.001/0.001 secs] [Times: user=0.00 sys=0.00, real=0.00 secs] 
2024-07-28T20:30:26.539+0800: 9.397: [CMS-concurrent-abortable-preclean-start]
2024-07-28T20:30:26.864+0800: 9.722: [CMS-concurrent-abortable-preclean: 0.005/0.325 secs] [Times: user=0.06 sys=0.00, real=0.33 secs] 
2024-07-28T20:30:26.864+0800: 9.722: Application time: 0.3290368 seconds
2024-07-28T20:30:26.864+0800: 9.723: [GC (CMS Final Remark) [YG occupancy: 239119 K (260544 K)]2024-07-28T20:30:26.864+0800: 9.723: [Rescan (parallel) , 0.0009868 secs]2024-07-28T20:30:26.865+0800: 9.724: [weak refs processing, 0.0000150 secs]2024-07-28T20:30:26.865+0800: 9.724: [class unloading, 0.0006354 secs]2024-07-28T20:30:26.865+0800: 9.724: [scrub symbol table, 0.0004949 secs]2024-07-28T20:30:26.866+0800: 9.725: [scrub string table, 0.0001343 secs][1 CMS-remark: 449713K(578840K)] 688832K(839384K), 0.0023766 secs] [Times: user=0.00 sys=0.00, real=0.00 secs] 
2024-07-28T20:30:26.866+0800: 9.725: Total time for which application threads were stopped: 0.0026293 seconds, Stopping threads took: 0.0001959 seconds
2024-07-28T20:30:26.866+0800: 9.725: [CMS-concurrent-sweep-start]
2024-07-28T20:30:26.868+0800: 9.727: Application time: 0.0015757 seconds
2024-07-28T20:30:26.868+0800: 9.727: [GC (Allocation Failure) 2024-07-28T20:30:26.868+0800: 9.727: [ParNew: 259599K->259599K(260544K), 0.0000170 secs]2024-07-28T20:30:26.868+0800: 9.727: [CMS2024-07-28T20:30:26.868+0800: 9.727: [CMS-concurrent-sweep: 0.001/0.002 secs] [Times: user=0.00 sys=0.00, real=0.00 secs] 
 (concurrent mode failure): 449713K->25758K(578840K), 0.0075903 secs] 709312K->25758K(780804K), [Metaspace: 4239K->4239K(1056768K)], 0.0114184 secs] [Times: user=0.00 sys=0.01, real=0.01 secs] 
2024-07-28T20:30:26.879+0800: 9.738: Total time for which application threads were stopped: 0.0115389 seconds, Stopping threads took: 0.0000166 seconds
2024-07-28T20:30:27.103+0800: 9.962: Application time: 0.2237143 seconds
2024-07-28T20:30:27.103+0800: 9.962: [GC (Allocation Failure) 2024-07-28T20:30:27.103+0800: 9.962: [ParNew: 215249K->26624K(242368K), 0.0070009 secs] 241007K->60577K(780804K), 0.0070603 secs] [Times: user=0.00 sys=0.00, real=0.01 secs] 
2024-07-28T20:30:27.110+0800: 9.969: Total time for which application threads were stopped: 0.0071983 seconds, Stopping threads took: 0.0000204 seconds
2024-07-28T20:30:27.355+0800: 10.213: Application time: 0.2442940 seconds
2024-07-28T20:30:27.355+0800: 10.213: [GC (Allocation Failure) 2024-07-28T20:30:27.355+0800: 10.213: [ParNew: 241867K->26624K(242368K), 0.0092410 secs] 275820K->79011K(780804K), 0.0093024 secs] [Times: user=0.03 sys=0.00, real=0.01 secs] 
2024-07-28T20:30:27.364+0800: 10.223: Total time for which application threads were stopped: 0.0094451 seconds, Stopping threads took: 0.0000310 seconds
2024-07-28T20:30:27.592+0800: 10.451: Application time: 0.2283842 seconds
2024-07-28T20:30:27.593+0800: 10.451: [GC (Allocation Failure) 2024-07-28T20:30:27.593+0800: 10.451: [ParNew: 241871K->26624K(242368K), 0.0100967 secs] 294258K->107685K(780804K), 0.0101579 secs] [Times: user=0.03 sys=0.00, real=0.01 secs] 
2024-07-28T20:30:27.603+0800: 10.461: Total time for which application threads were stopped: 0.0103401 seconds, Stopping threads took: 0.0000209 seconds
2024-07-28T20:30:27.830+0800: 10.689: Application time: 0.2273691 seconds
2024-07-28T20:30:27.830+0800: 10.689: [GC (Allocation Failure) 2024-07-28T20:30:27.830+0800: 10.689: [ParNew: 241873K->26624K(242368K), 0.0145559 secs] 322934K->146598K(780804K), 0.0146221 secs] [Times: user=0.03 sys=0.00, real=0.02 secs] 
2024-07-28T20:30:27.845+0800: 10.704: Total time for which application threads were stopped: 0.0147621 seconds, Stopping threads took: 0.0000251 seconds
2024-07-28T20:30:28.064+0800: 10.923: Application time: 0.2189711 seconds
2024-07-28T20:30:28.064+0800: 10.923: [GC (Allocation Failure) 2024-07-28T20:30:28.064+0800: 10.923: [ParNew: 241874K->26624K(242368K), 0.0138125 secs] 361848K->195753K(780804K), 0.0138840 secs] [Times: user=0.03 sys=0.00, real=0.01 secs] 
2024-07-28T20:30:28.078+0800: 10.937: Total time for which application threads were stopped: 0.0140092 seconds, Stopping threads took: 0.0000216 seconds
2024-07-28T20:30:28.302+0800: 11.160: Application time: 0.2235995 seconds
2024-07-28T20:30:28.302+0800: 11.160: [GC (Allocation Failure) 2024-07-28T20:30:28.302+0800: 11.160: [ParNew: 241875K->26624K(242368K), 0.0151739 secs] 411004K->255148K(780804K), 0.0152347 secs] [Times: user=0.00 sys=0.00, real=0.01 secs] 
2024-07-28T20:30:28.317+0800: 11.176: Total time for which application threads were stopped: 0.0153555 seconds, Stopping threads took: 0.0000209 seconds
2024-07-28T20:30:28.538+0800: 11.397: Application time: 0.2210749 seconds
2024-07-28T20:30:28.538+0800: 11.397: [GC (Allocation Failure) 2024-07-28T20:30:28.538+0800: 11.397: [ParNew: 241876K->26624K(242368K), 0.0158103 secs] 470400K->324781K(780804K), 0.0158887 secs] [Times: user=0.03 sys=0.00, real=0.02 secs] 
2024-07-28T20:30:28.554+0800: 11.413: Total time for which application threads were stopped: 0.0160360 seconds, Stopping threads took: 0.0000212 seconds
2024-07-28T20:30:28.555+0800: 11.413: Application time: 0.0001721 seconds
2024-07-28T20:30:28.555+0800: 11.413: [GC (CMS Initial Mark) [1 CMS-initial-mark: 298156K(538436K)] 331134K(780804K), 0.0005464 secs] [Times: user=0.00 sys=0.00, real=0.00 secs] 
2024-07-28T20:30:28.555+0800: 11.413: Total time for which application threads were stopped: 0.0006446 seconds, Stopping threads took: 0.0000501 seconds
2024-07-28T20:30:28.555+0800: 11.414: [CMS-concurrent-mark-start]
2024-07-28T20:30:28.557+0800: 11.416: [CMS-concurrent-mark: 0.002/0.002 secs] [Times: user=0.00 sys=0.00, real=0.00 secs] 
2024-07-28T20:30:28.557+0800: 11.416: [CMS-concurrent-preclean-start]
2024-07-28T20:30:28.558+0800: 11.416: [CMS-concurrent-preclean: 0.001/0.001 secs] [Times: user=0.00 sys=0.00, real=0.00 secs] 
2024-07-28T20:30:28.558+0800: 11.417: [CMS-concurrent-abortable-preclean-start]
2024-07-28T20:30:28.783+0800: 11.641: [CMS-concurrent-abortable-preclean: 0.002/0.225 secs] [Times: user=0.03 sys=0.00, real=0.22 secs] 
2024-07-28T20:30:28.783+0800: 11.641: Application time: 0.2279272 seconds
2024-07-28T20:30:28.783+0800: 11.641: [GC (CMS Final Remark) [YG occupancy: 237780 K (242368 K)]2024-07-28T20:30:28.783+0800: 11.641: [Rescan (parallel) , 0.0007391 secs]2024-07-28T20:30:28.783+0800: 11.642: [weak refs processing, 0.0000176 secs]2024-07-28T20:30:28.783+0800: 11.642: [class unloading, 0.0003446 secs]2024-07-28T20:30:28.784+0800: 11.643: [scrub symbol table, 0.0004342 secs]2024-07-28T20:30:28.784+0800: 11.643: [scrub string table, 0.0001331 secs][1 CMS-remark: 298156K(538436K)] 535937K(780804K), 0.0017414 secs] [Times: user=0.00 sys=0.00, real=0.00 secs] 
2024-07-28T20:30:28.784+0800: 11.643: Total time for which application threads were stopped: 0.0017996 seconds, Stopping threads took: 0.0000193 seconds
2024-07-28T20:30:28.785+0800: 11.643: [CMS-concurrent-sweep-start]
2024-07-28T20:30:28.785+0800: 11.644: [CMS-concurrent-sweep: 0.000/0.000 secs] [Times: user=0.00 sys=0.00, real=0.00 secs] 
2024-07-28T20:30:28.785+0800: 11.644: [CMS-concurrent-reset-start]
2024-07-28T20:30:28.786+0800: 11.645: [CMS-concurrent-reset: 0.001/0.001 secs] [Times: user=0.02 sys=0.00, real=0.00 secs] 
2024-07-28T20:30:28.876+0800: 11.735: Application time: 0.0915225 seconds
2024-07-28T20:30:28.876+0800: 11.735: [GC (Allocation Failure) 2024-07-28T20:30:28.876+0800: 11.735: [ParNew: 241876K->26624K(242368K), 0.0252862 secs] 312702K->177323K(780804K), 0.0253623 secs] [Times: user=0.05 sys=0.01, real=0.03 secs] 
2024-07-28T20:30:28.902+0800: 11.760: Total time for which application threads were stopped: 0.0255096 seconds, Stopping threads took: 0.0000297 seconds
2024-07-28T20:30:29.130+0800: 11.989: Application time: 0.2287516 seconds
2024-07-28T20:30:29.130+0800: 11.989: [GC (Allocation Failure) 2024-07-28T20:30:29.130+0800: 11.989: [ParNew: 241876K->26624K(242368K), 0.0288192 secs] 392575K->267436K(780804K), 0.0289738 secs] [Times: user=0.03 sys=0.00, real=0.03 secs] 
2024-07-28T20:30:29.159+0800: 12.018: Total time for which application threads were stopped: 0.0292893 seconds, Stopping threads took: 0.0001297 seconds
2024-07-28T20:30:29.159+0800: 12.018: Application time: 0.0001006 seconds
2024-07-28T20:30:29.159+0800: 12.018: [GC (CMS Initial Mark) [1 CMS-initial-mark: 240812K(538436K)] 268460K(780804K), 0.0002169 secs] [Times: user=0.02 sys=0.02, real=0.00 secs] 
2024-07-28T20:30:29.160+0800: 12.019: Total time for which application threads were stopped: 0.0003393 seconds, Stopping threads took: 0.0000543 seconds
2024-07-28T20:30:29.160+0800: 12.019: [CMS-concurrent-mark-start]
2024-07-28T20:30:29.165+0800: 12.024: [CMS-concurrent-mark: 0.005/0.005 secs] [Times: user=0.00 sys=0.00, real=0.00 secs] 
2024-07-28T20:30:29.165+0800: 12.024: [CMS-concurrent-preclean-start]
2024-07-28T20:30:29.167+0800: 12.026: [CMS-concurrent-preclean: 0.002/0.002 secs] [Times: user=0.00 sys=0.00, real=0.00 secs] 
2024-07-28T20:30:29.167+0800: 12.027: [CMS-concurrent-abortable-preclean-start]
2024-07-28T20:30:29.397+0800: 12.255: Application time: 0.2365899 seconds
2024-07-28T20:30:29.397+0800: 12.255: [GC (Allocation Failure) 2024-07-28T20:30:29.397+0800: 12.255: [ParNew: 241877K->26624K(242368K), 0.0298570 secs] 482689K->367790K(780804K), 0.0299684 secs] [Times: user=0.06 sys=0.00, real=0.03 secs] 
2024-07-28T20:30:29.427+0800: 12.285: Total time for which application threads were stopped: 0.0301452 seconds, Stopping threads took: 0.0000307 seconds
2024-07-28T20:30:29.650+0800: 12.509: Application time: 0.2235848 seconds
2024-07-28T20:30:29.650+0800: 12.509: [GC (Allocation Failure) 2024-07-28T20:30:29.650+0800: 12.509: [ParNew: 241877K->26632K(242368K), 0.0308713 secs] 583042K->478391K(780804K), 0.0309480 secs] [Times: user=0.06 sys=0.00, real=0.03 secs] 
2024-07-28T20:30:29.681+0800: 12.540: Total time for which application threads were stopped: 0.0310815 seconds, Stopping threads took: 0.0000217 seconds
2024-07-28T20:30:29.681+0800: 12.540: [CMS-concurrent-abortable-preclean: 0.013/0.514 secs] [Times: user=0.14 sys=0.00, real=0.51 secs] 
2024-07-28T20:30:29.681+0800: 12.541: Application time: 0.0003828 seconds
2024-07-28T20:30:29.683+0800: 12.541: [GC (CMS Final Remark) [YG occupancy: 32986 K (242368 K)]2024-07-28T20:30:29.683+0800: 12.541: [Rescan (parallel) , 0.0006600 secs]2024-07-28T20:30:29.683+0800: 12.542: [weak refs processing, 0.0000285 secs]2024-07-28T20:30:29.683+0800: 12.542: [class unloading, 0.0003413 secs]2024-07-28T20:30:29.683+0800: 12.542: [scrub symbol table, 0.0004546 secs]2024-07-28T20:30:29.683+0800: 12.542: [scrub string table, 0.0001247 secs][1 CMS-remark: 451759K(538436K)] 484745K(780804K), 0.0017235 secs] [Times: user=0.00 sys=0.00, real=0.00 secs] 
2024-07-28T20:30:29.684+0800: 12.543: Total time for which application threads were stopped: 0.0021120 seconds, Stopping threads took: 0.0002994 seconds
2024-07-28T20:30:29.684+0800: 12.543: [CMS-concurrent-sweep-start]
2024-07-28T20:30:29.686+0800: 12.544: [CMS-concurrent-sweep: 0.001/0.001 secs] [Times: user=0.00 sys=0.00, real=0.00 secs] 
2024-07-28T20:30:29.686+0800: 12.544: [CMS-concurrent-reset-start]
2024-07-28T20:30:29.687+0800: 12.545: [CMS-concurrent-reset: 0.001/0.001 secs] [Times: user=0.00 sys=0.00, real=0.00 secs] 
2024-07-28T20:30:29.920+0800: 12.778: Application time: 0.2356561 seconds
2024-07-28T20:30:29.920+0800: 12.778: [GC (Allocation Failure) 2024-07-28T20:30:29.920+0800: 12.778: [ParNew: 241885K->26624K(242368K), 0.0343176 secs] 544138K->449715K(780804K), 0.0343853 secs] [Times: user=0.06 sys=0.00, real=0.03 secs] 
2024-07-28T20:30:29.954+0800: 12.813: Total time for which application threads were stopped: 0.0345198 seconds, Stopping threads took: 0.0000337 seconds
2024-07-28T20:30:29.954+0800: 12.813: Application time: 0.0002073 seconds
2024-07-28T20:30:29.954+0800: 12.813: [GC (CMS Initial Mark) [1 CMS-initial-mark: 423091K(538436K)] 456069K(780804K), 0.0007471 secs] [Times: user=0.00 sys=0.00, real=0.00 secs] 
2024-07-28T20:30:29.955+0800: 12.814: Total time for which application threads were stopped: 0.0009609 seconds, Stopping threads took: 0.0001660 seconds
2024-07-28T20:30:29.955+0800: 12.814: [CMS-concurrent-mark-start]
2024-07-28T20:30:29.959+0800: 12.818: [CMS-concurrent-mark: 0.004/0.004 secs] [Times: user=0.11 sys=0.00, real=0.00 secs] 
2024-07-28T20:30:29.959+0800: 12.818: [CMS-concurrent-preclean-start]
2024-07-28T20:30:29.961+0800: 12.820: [CMS-concurrent-preclean: 0.001/0.001 secs] [Times: user=0.00 sys=0.00, real=0.00 secs] 
2024-07-28T20:30:29.961+0800: 12.820: [CMS-concurrent-abortable-preclean-start]
2024-07-28T20:30:30.189+0800: 13.047: Application time: 0.2333868 seconds
2024-07-28T20:30:30.189+0800: 13.047: [GC (Allocation Failure) 2024-07-28T20:30:30.189+0800: 13.048: [ParNew: 241877K->26624K(242368K), 0.0460235 secs] 664968K->580789K(798280K), 0.0461004 secs] [Times: user=0.08 sys=0.02, real=0.05 secs] 
2024-07-28T20:30:30.235+0800: 13.094: Total time for which application threads were stopped: 0.0462223 seconds, Stopping threads took: 0.0000203 seconds
2024-07-28T20:30:30.237+0800: 13.096: [CMS-concurrent-abortable-preclean: 0.007/0.276 secs] [Times: user=0.08 sys=0.02, real=0.28 secs] 
2024-07-28T20:30:30.238+0800: 13.096: Application time: 0.0026602 seconds
2024-07-28T20:30:30.238+0800: 13.096: [GC (CMS Final Remark) [YG occupancy: 62674 K (242368 K)]2024-07-28T20:30:30.238+0800: 13.096: [Rescan (parallel) , 0.0010114 secs]2024-07-28T20:30:30.239+0800: 13.098: [weak refs processing, 0.0000155 secs]2024-07-28T20:30:30.239+0800: 13.098: [class unloading, 0.0004935 secs]2024-07-28T20:30:30.239+0800: 13.098: [scrub symbol table, 0.0005301 secs]2024-07-28T20:30:30.240+0800: 13.099: [scrub string table, 0.0001922 secs][1 CMS-remark: 554165K(555912K)] 616839K(798280K), 0.0023380 secs] [Times: user=0.00 sys=0.00, real=0.00 secs] 
2024-07-28T20:30:30.240+0800: 13.099: Total time for which application threads were stopped: 0.0025479 seconds, Stopping threads took: 0.0001477 seconds
2024-07-28T20:30:30.240+0800: 13.099: [CMS-concurrent-sweep-start]
2024-07-28T20:30:30.242+0800: 13.100: [CMS-concurrent-sweep: 0.001/0.001 secs] [Times: user=0.00 sys=0.00, real=0.00 secs] 
2024-07-28T20:30:30.242+0800: 13.100: [CMS-concurrent-reset-start]
2024-07-28T20:30:30.242+0800: 13.101: [CMS-concurrent-reset: 0.001/0.001 secs] [Times: user=0.00 sys=0.00, real=0.00 secs] 
Heap
 par new generation   total 242368K, used 78248K [0x00000000c8000000, 0x00000000d86f0000, 0x00000000daaa0000)
  eden space 215488K,  23% used [0x00000000c8000000, 0x00000000cb26a1c8, 0x00000000d5270000)
  from space 26880K,  99% used [0x00000000d6cb0000, 0x00000000d86b01a0, 0x00000000d86f0000)
  to   space 26880K,   0% used [0x00000000d5270000, 0x00000000d5270000, 0x00000000d6cb0000)
 concurrent mark-sweep generation total 555912K, used 253104K [0x00000000daaa0000, 0x00000000fc982000, 0x0000000100000000)
 Metaspace       used 4248K, capacity 4668K, committed 4864K, reserved 1056768K
  class space    used 460K, capacity 492K, committed 512K, reserved 1048576K
2024-07-28T20:30:30.345+0800: 13.204: Application time: 0.1047707 seconds
