OpenJDK 64-Bit Server VM (25.412-b1) for windows-amd64 JRE (1.8.0_412-b1), built on Apr 23 2024 12:00:37 by "Administrator" with MS VC++ 10.0 (VS2010)
Memory: 4k page, physical 16672068k(5719028k free), swap 19933956k(3881332k free)
CommandLine flags: -XX:ConcGCThreads=8 -XX:GCDrainStackTargetSize=64 -XX:InitialHeapSize=266753088 -XX:MaxHeapSize=939524096 -XX:MaxNewSize=313176064 -XX:MaxTenuringThreshold=6 -XX:OldPLABSize=16 -XX:+PrintGC -XX:+PrintGCApplicationConcurrentTime -XX:+PrintGCApplicationStoppedTime -XX:+PrintGCDateStamps -XX:+PrintGCDetails -XX:+PrintGCTimeStamps -XX:+UseCompressedClassPointers -XX:+UseCompressedOops -XX:+UseConcMarkSweepGC -XX:-UseLargePagesIndividualAllocation -XX:+UseParNewGC 
2024-07-28T20:30:36.433+0800: 0.230: Application time: 0.0374059 seconds
2024-07-28T20:30:36.433+0800: 0.230: [GC (Allocation Failure) 2024-07-28T20:30:36.433+0800: 0.230: [ParNew: 69469K->8277K(78656K), 0.0367503 secs] 69469K->64600K(253440K), 0.0369584 secs] [Times: user=0.05 sys=0.01, real=0.04 secs] 
2024-07-28T20:30:36.470+0800: 0.267: Total time for which application threads were stopped: 0.0370972 seconds, Stopping threads took: 0.0000227 seconds
2024-07-28T20:30:36.591+0800: 0.388: Application time: 0.1210355 seconds
2024-07-28T20:30:36.591+0800: 0.388: [GC (Allocation Failure) 2024-07-28T20:30:36.591+0800: 0.388: [ParNew: 77219K->7692K(78656K), 0.0319184 secs] 133542K->133489K(253440K), 0.0319701 secs] [Times: user=0.06 sys=0.03, real=0.03 secs] 
2024-07-28T20:30:36.623+0800: 0.420: Total time for which application threads were stopped: 0.0320951 seconds, Stopping threads took: 0.0000196 seconds
2024-07-28T20:30:36.623+0800: 0.420: Application time: 0.0001550 seconds
2024-07-28T20:30:36.623+0800: 0.420: [GC (CMS Initial Mark) [1 CMS-initial-mark: 125797K(174784K)] 136901K(253440K), 0.0006863 secs] [Times: user=0.00 sys=0.00, real=0.00 secs] 
2024-07-28T20:30:36.624+0800: 0.421: Total time for which application threads were stopped: 0.0008981 seconds, Stopping threads took: 0.0001516 seconds
2024-07-28T20:30:36.624+0800: 0.421: [CMS-concurrent-mark-start]
2024-07-28T20:30:36.627+0800: 0.424: [CMS-concurrent-mark: 0.003/0.003 secs] [Times: user=0.00 sys=0.00, real=0.00 secs] 
2024-07-28T20:30:36.627+0800: 0.424: [CMS-concurrent-preclean-start]
2024-07-28T20:30:36.628+0800: 0.425: [CMS-concurrent-preclean: 0.001/0.001 secs] [Times: user=0.00 sys=0.00, real=0.00 secs] 
2024-07-28T20:30:36.628+0800: 0.425: [CMS-concurrent-abortable-preclean-start]
2024-07-28T20:30:36.629+0800: 0.426: Application time: 0.0055185 seconds
2024-07-28T20:30:36.630+0800: 0.426: [GC (Allocation Failure) 2024-07-28T20:30:36.630+0800: 0.426: [ParNew: 76640K->8214K(78656K), 0.0311306 secs] 202438K->201598K(272972K), 0.0311971 secs] [Times: user=0.05 sys=0.05, real=0.03 secs] 
2024-07-28T20:30:36.661+0800: 0.458: Total time for which application threads were stopped: 0.0313738 seconds, Stopping threads took: 0.0000238 seconds
2024-07-28T20:30:36.769+0800: 0.566: Application time: 0.1085313 seconds
2024-07-28T20:30:36.769+0800: 0.566: [GC (Allocation Failure) 2024-07-28T20:30:36.769+0800: 0.566: [ParNew: 77172K->8197K(78656K), 0.0302971 secs] 270557K->257903K(329512K), 0.0303504 secs] [Times: user=0.03 sys=0.01, real=0.03 secs] 
2024-07-28T20:30:36.800+0800: 0.597: Total time for which application threads were stopped: 0.0304985 seconds, Stopping threads took: 0.0000326 seconds
2024-07-28T20:30:36.910+0800: 0.707: Application time: 0.1099049 seconds
2024-07-28T20:30:36.910+0800: 0.707: [GC (Allocation Failure) 2024-07-28T20:30:36.910+0800: 0.707: [ParNew: 77162K->8192K(78656K), 0.0459648 secs] 326868K->326507K(398388K), 0.0460283 secs] [Times: user=0.09 sys=0.05, real=0.05 secs] 
2024-07-28T20:30:36.956+0800: 0.753: Total time for which application threads were stopped: 0.0461634 seconds, Stopping threads took: 0.0000240 seconds
2024-07-28T20:30:36.956+0800: 0.753: [CMS-concurrent-abortable-preclean: 0.004/0.328 secs] [Times: user=0.19 sys=0.11, real=0.33 secs] 
2024-07-28T20:30:36.956+0800: 0.753: Application time: 0.0002017 seconds
2024-07-28T20:30:36.956+0800: 0.753: [GC (CMS Final Remark) [YG occupancy: 11624 K (78656 K)]2024-07-28T20:30:36.956+0800: 0.753: [Rescan (parallel) , 0.0003922 secs]2024-07-28T20:30:36.957+0800: 0.754: [weak refs processing, 0.0000317 secs]2024-07-28T20:30:36.957+0800: 0.754: [class unloading, 0.0002975 secs]2024-07-28T20:30:36.957+0800: 0.754: [scrub symbol table, 0.0004118 secs]2024-07-28T20:30:36.957+0800: 0.754: [scrub string table, 0.0001516 secs][1 CMS-remark: 318315K(319732K)] 329939K(398388K), 0.0014548 secs] [Times: user=0.01 sys=0.00, real=0.00 secs] 
2024-07-28T20:30:36.958+0800: 0.755: Total time for which application threads were stopped: 0.0015864 seconds, Stopping threads took: 0.0000706 seconds
2024-07-28T20:30:36.958+0800: 0.755: [CMS-concurrent-sweep-start]
2024-07-28T20:30:36.960+0800: 0.757: [CMS-concurrent-sweep: 0.002/0.002 secs] [Times: user=0.00 sys=0.00, real=0.00 secs] 
2024-07-28T20:30:36.962+0800: 0.759: [CMS-concurrent-reset-start]
2024-07-28T20:30:36.965+0800: 0.762: Application time: 0.0070203 seconds
2024-07-28T20:30:36.965+0800: 0.762: [GC (Allocation Failure) 2024-07-28T20:30:36.965+0800: 0.762: [ParNew: 77536K->8192K(78656K), 0.0479038 secs] 395850K->394091K(609180K), 0.0479828 secs] [Times: user=0.06 sys=0.03, real=0.05 secs] 
2024-07-28T20:30:37.013+0800: 0.810: Total time for which application threads were stopped: 0.0481588 seconds, Stopping threads took: 0.0000279 seconds
2024-07-28T20:30:37.016+0800: 0.813: [CMS-concurrent-reset: 0.006/0.054 secs] [Times: user=0.06 sys=0.03, real=0.05 secs] 
2024-07-28T20:30:37.121+0800: 0.918: Application time: 0.1078288 seconds
2024-07-28T20:30:37.121+0800: 0.918: [GC (Allocation Failure) 2024-07-28T20:30:37.121+0800: 0.918: [ParNew: 77154K->8192K(78656K), 0.0404165 secs] 463053K->450412K(609180K), 0.0404906 secs] [Times: user=0.05 sys=0.05, real=0.04 secs] 
2024-07-28T20:30:37.161+0800: 0.958: Total time for which application threads were stopped: 0.0406782 seconds, Stopping threads took: 0.0000434 seconds
2024-07-28T20:30:37.161+0800: 0.958: Application time: 0.0001105 seconds
2024-07-28T20:30:37.162+0800: 0.959: [GC (CMS Initial Mark) [1 CMS-initial-mark: 442220K(530524K)] 451436K(609180K), 0.0002307 secs] [Times: user=0.00 sys=0.00, real=0.00 secs] 
2024-07-28T20:30:37.162+0800: 0.959: Total time for which application threads were stopped: 0.0003482 seconds, Stopping threads took: 0.0000523 seconds
2024-07-28T20:30:37.162+0800: 0.959: [CMS-concurrent-mark-start]
2024-07-28T20:30:37.164+0800: 0.961: [CMS-concurrent-mark: 0.002/0.002 secs] [Times: user=0.00 sys=0.00, real=0.00 secs] 
2024-07-28T20:30:37.164+0800: 0.961: [CMS-concurrent-preclean-start]
2024-07-28T20:30:37.165+0800: 0.962: [CMS-concurrent-preclean: 0.001/0.001 secs] [Times: user=0.00 sys=0.00, real=0.00 secs] 
2024-07-28T20:30:37.165+0800: 0.962: [CMS-concurrent-abortable-preclean-start]
2024-07-28T20:30:37.276+0800: 1.073: Application time: 0.1137184 seconds
2024-07-28T20:30:37.276+0800: 1.073: [GC (Allocation Failure) 2024-07-28T20:30:37.276+0800: 1.073: [ParNew: 77209K->8535K(78656K), 0.0596129 secs] 519430K->517316K(609180K), 0.0596773 secs] [Times: user=0.09 sys=0.03, real=0.06 secs] 
2024-07-28T20:30:37.335+0800: 1.132: Total time for which application threads were stopped: 0.0598801 seconds, Stopping threads took: 0.0000433 seconds
2024-07-28T20:30:37.341+0800: 1.138: Application time: 0.0054608 seconds
2024-07-28T20:30:37.341+0800: 1.138: [GC (Allocation Failure) 2024-07-28T20:30:37.341+0800: 1.138: [ParNew: 77491K->8192K(78656K), 0.0440696 secs] 586272K->585914K(657496K), 0.0441209 secs] [Times: user=0.05 sys=0.05, real=0.04 secs] 
2024-07-28T20:30:37.385+0800: 1.182: Total time for which application threads were stopped: 0.0442317 seconds, Stopping threads took: 0.0000186 seconds
2024-07-28T20:30:37.385+0800: 1.182: [CMS-concurrent-abortable-preclean: 0.008/0.220 secs] [Times: user=0.17 sys=0.09, real=0.22 secs] 
2024-07-28T20:30:37.385+0800: 1.182: Application time: 0.0001677 seconds
2024-07-28T20:30:37.385+0800: 1.182: [GC (CMS Final Remark) [YG occupancy: 11618 K (78656 K)]2024-07-28T20:30:37.385+0800: 1.182: [Rescan (parallel) , 0.0006174 secs]2024-07-28T20:30:37.386+0800: 1.183: [weak refs processing, 0.0000130 secs]2024-07-28T20:30:37.386+0800: 1.183: [class unloading, 0.0002859 secs]2024-07-28T20:30:37.386+0800: 1.183: [scrub symbol table, 0.0004727 secs]2024-07-28T20:30:37.387+0800: 1.184: [scrub string table, 0.0001265 secs][1 CMS-remark: 577722K(578840K)] 589340K(657496K), 0.0016106 secs] [Times: user=0.00 sys=0.00, real=0.00 secs] 
2024-07-28T20:30:37.387+0800: 1.184: Total time for which application threads were stopped: 0.0017108 seconds, Stopping threads took: 0.0000534 seconds
2024-07-28T20:30:37.387+0800: 1.184: [CMS-concurrent-sweep-start]
2024-07-28T20:30:37.388+0800: 1.185: [CMS-concurrent-sweep: 0.001/0.001 secs] [Times: user=0.00 sys=0.00, real=0.00 secs] 
2024-07-28T20:30:37.388+0800: 1.185: [CMS-concurrent-reset-start]
2024-07-28T20:30:37.389+0800: 1.186: [CMS-concurrent-reset: 0.001/0.001 secs] [Times: user=0.00 sys=0.00, real=0.00 secs] 
2024-07-28T20:30:37.499+0800: 1.296: Application time: 0.1118450 seconds
2024-07-28T20:30:37.499+0800: 1.296: [GC (Allocation Failure) 2024-07-28T20:30:37.499+0800: 1.296: [ParNew: 77155K->8192K(78656K), 0.0114343 secs] 269843K->256177K(657496K), 0.0114875 secs] [Times: user=0.03 sys=0.00, real=0.01 secs] 
2024-07-28T20:30:37.511+0800: 1.307: Total time for which application threads were stopped: 0.0116317 seconds, Stopping threads took: 0.0000288 seconds
2024-07-28T20:30:37.622+0800: 1.419: Application time: 0.1113816 seconds
2024-07-28T20:30:37.622+0800: 1.419: [GC (Allocation Failure) 2024-07-28T20:30:37.622+0800: 1.419: [ParNew: 77160K->8192K(78656K), 0.0233556 secs] 325145K->324786K(657496K), 0.0234458 secs] [Times: user=0.06 sys=0.00, real=0.02 secs] 
2024-07-28T20:30:37.645+0800: 1.442: Total time for which application threads were stopped: 0.0235727 seconds, Stopping threads took: 0.0000215 seconds
2024-07-28T20:30:37.646+0800: 1.443: Application time: 0.0001367 seconds
2024-07-28T20:30:37.646+0800: 1.443: [GC (CMS Initial Mark) [1 CMS-initial-mark: 316593K(578840K)] 328220K(657496K), 0.0005525 secs] [Times: user=0.00 sys=0.00, real=0.00 secs] 
2024-07-28T20:30:37.646+0800: 1.443: Total time for which application threads were stopped: 0.0008438 seconds, Stopping threads took: 0.0001973 seconds
2024-07-28T20:30:37.647+0800: 1.443: [CMS-concurrent-mark-start]
2024-07-28T20:30:37.649+0800: 1.446: [CMS-concurrent-mark: 0.003/0.003 secs] [Times: user=0.00 sys=0.00, real=0.00 secs] 
2024-07-28T20:30:37.649+0800: 1.446: [CMS-concurrent-preclean-start]
2024-07-28T20:30:37.653+0800: 1.450: [CMS-concurrent-preclean: 0.003/0.003 secs] [Times: user=0.00 sys=0.00, real=0.00 secs] 
2024-07-28T20:30:37.653+0800: 1.450: [CMS-concurrent-abortable-preclean-start]
2024-07-28T20:30:37.654+0800: 1.451: Application time: 0.0076045 seconds
2024-07-28T20:30:37.654+0800: 1.451: [GC (Allocation Failure) 2024-07-28T20:30:37.654+0800: 1.451: [ParNew: 77163K->8192K(78656K), 0.0222664 secs] 393757K->393395K(657496K), 0.0223442 secs] [Times: user=0.05 sys=0.00, real=0.02 secs] 
2024-07-28T20:30:37.677+0800: 1.474: Total time for which application threads were stopped: 0.0225095 seconds, Stopping threads took: 0.0000243 seconds
2024-07-28T20:30:37.785+0800: 1.582: Application time: 0.1079952 seconds
2024-07-28T20:30:37.785+0800: 1.582: [GC (Allocation Failure) 2024-07-28T20:30:37.785+0800: 1.582: [ParNew: 77165K->8192K(78656K), 0.0100991 secs] 462368K->449715K(657496K), 0.0101771 secs] [Times: user=0.11 sys=0.00, real=0.01 secs] 
2024-07-28T20:30:37.795+0800: 1.592: Total time for which application threads were stopped: 0.0103066 seconds, Stopping threads took: 0.0000346 seconds
2024-07-28T20:30:37.910+0800: 1.707: Application time: 0.1152857 seconds
2024-07-28T20:30:37.911+0800: 1.707: [GC (Allocation Failure) 2024-07-28T20:30:37.911+0800: 1.707: [ParNew: 77166K->8192K(78656K), 0.0204860 secs] 518690K->518325K(657496K), 0.0205552 secs] [Times: user=0.03 sys=0.00, real=0.02 secs] 
2024-07-28T20:30:37.931+0800: 1.728: Total time for which application threads were stopped: 0.0207528 seconds, Stopping threads took: 0.0000355 seconds
2024-07-28T20:30:37.931+0800: 1.728: [CMS-concurrent-abortable-preclean: 0.010/0.278 secs] [Times: user=0.19 sys=0.00, real=0.28 secs] 
2024-07-28T20:30:37.932+0800: 1.728: Application time: 0.0003619 seconds
2024-07-28T20:30:37.932+0800: 1.728: [GC (CMS Final Remark) [YG occupancy: 13678 K (78656 K)]2024-07-28T20:30:37.932+0800: 1.728: [Rescan (parallel) , 0.0007391 secs]2024-07-28T20:30:37.932+0800: 1.729: [weak refs processing, 0.0000138 secs]2024-07-28T20:30:37.932+0800: 1.729: [class unloading, 0.0003705 secs]2024-07-28T20:30:37.933+0800: 1.730: [scrub symbol table, 0.0005485 secs]2024-07-28T20:30:37.933+0800: 1.730: [scrub string table, 0.0001876 secs][1 CMS-remark: 510132K(578840K)] 523811K(657496K), 0.0019581 secs] [Times: user=0.00 sys=0.00, real=0.00 secs] 
2024-07-28T20:30:37.934+0800: 1.730: Total time for which application threads were stopped: 0.0021667 seconds, Stopping threads took: 0.0001465 seconds
2024-07-28T20:30:37.934+0800: 1.731: [CMS-concurrent-sweep-start]
2024-07-28T20:30:37.937+0800: 1.734: [CMS-concurrent-sweep: 0.003/0.003 secs] [Times: user=0.00 sys=0.00, real=0.00 secs] 
2024-07-28T20:30:37.937+0800: 1.734: [CMS-concurrent-reset-start]
2024-07-28T20:30:37.939+0800: 1.736: [CMS-concurrent-reset: 0.002/0.002 secs] [Times: user=0.00 sys=0.00, real=0.00 secs] 
2024-07-28T20:30:37.940+0800: 1.737: Application time: 0.0061088 seconds
2024-07-28T20:30:37.940+0800: 1.737: [GC (Allocation Failure) 2024-07-28T20:30:37.940+0800: 1.737: [ParNew: 77167K->8192K(78656K), 0.0212880 secs] 395809K->395443K(657496K), 0.0214996 secs] [Times: user=0.06 sys=0.00, real=0.02 secs] 
2024-07-28T20:30:37.962+0800: 1.758: Total time for which application threads were stopped: 0.0217825 seconds, Stopping threads took: 0.0000305 seconds
2024-07-28T20:30:37.962+0800: 1.759: Application time: 0.0002794 seconds
2024-07-28T20:30:37.962+0800: 1.759: [GC (CMS Initial Mark) [1 CMS-initial-mark: 387250K(578840K)] 398881K(657496K), 0.0006554 secs] [Times: user=0.00 sys=0.00, real=0.00 secs] 
2024-07-28T20:30:37.963+0800: 1.760: Total time for which application threads were stopped: 0.0008973 seconds, Stopping threads took: 0.0001696 seconds
2024-07-28T20:30:37.963+0800: 1.760: [CMS-concurrent-mark-start]
2024-07-28T20:30:37.965+0800: 1.762: [CMS-concurrent-mark: 0.002/0.002 secs] [Times: user=0.00 sys=0.00, real=0.00 secs] 
2024-07-28T20:30:37.965+0800: 1.762: [CMS-concurrent-preclean-start]
2024-07-28T20:30:37.966+0800: 1.763: [CMS-concurrent-preclean: 0.001/0.001 secs] [Times: user=0.00 sys=0.00, real=0.00 secs] 
2024-07-28T20:30:37.966+0800: 1.763: [CMS-concurrent-abortable-preclean-start]
2024-07-28T20:30:38.069+0800: 1.866: Application time: 0.1061269 seconds
2024-07-28T20:30:38.069+0800: 1.866: [GC (Allocation Failure) 2024-07-28T20:30:38.069+0800: 1.866: [ParNew: 77167K->8192K(78656K), 0.0102240 secs] 464418K->452787K(657496K), 0.0102872 secs] [Times: user=0.00 sys=0.00, real=0.01 secs] 
2024-07-28T20:30:38.080+0800: 1.876: Total time for which application threads were stopped: 0.0104018 seconds, Stopping threads took: 0.0000211 seconds
2024-07-28T20:30:38.193+0800: 1.990: Application time: 0.1137977 seconds
2024-07-28T20:30:38.193+0800: 1.990: [GC (Allocation Failure) 2024-07-28T20:30:38.193+0800: 1.990: [ParNew: 77168K->8192K(78656K), 0.0214042 secs] 521763K->521396K(657496K), 0.0214816 secs] [Times: user=0.03 sys=0.00, real=0.02 secs] 
2024-07-28T20:30:38.214+0800: 2.012: Total time for which application threads were stopped: 0.0216679 seconds, Stopping threads took: 0.0000536 seconds
2024-07-28T20:30:38.214+0800: 2.012: [CMS-concurrent-abortable-preclean: 0.005/0.249 secs] [Times: user=0.08 sys=0.00, real=0.25 secs] 
2024-07-28T20:30:38.215+0800: 2.012: Application time: 0.0002414 seconds
2024-07-28T20:30:38.215+0800: 2.012: [GC (CMS Final Remark) [YG occupancy: 11631 K (78656 K)]2024-07-28T20:30:38.215+0800: 2.012: [Rescan (parallel) , 0.0007191 secs]2024-07-28T20:30:38.216+0800: 2.013: [weak refs processing, 0.0000135 secs]2024-07-28T20:30:38.216+0800: 2.013: [class unloading, 0.0003232 secs]2024-07-28T20:30:38.216+0800: 2.013: [scrub symbol table, 0.0004684 secs]2024-07-28T20:30:38.216+0800: 2.014: [scrub string table, 0.0001372 secs][1 CMS-remark: 513204K(578840K)] 524836K(657496K), 0.0017408 secs] [Times: user=0.00 sys=0.00, real=0.00 secs] 
2024-07-28T20:30:38.217+0800: 2.014: Total time for which application threads were stopped: 0.0019302 seconds, Stopping threads took: 0.0001276 seconds
2024-07-28T20:30:38.217+0800: 2.014: [CMS-concurrent-sweep-start]
2024-07-28T20:30:38.219+0800: 2.017: [CMS-concurrent-sweep: 0.003/0.003 secs] [Times: user=0.00 sys=0.00, real=0.00 secs] 
2024-07-28T20:30:38.220+0800: 2.017: [CMS-concurrent-reset-start]
2024-07-28T20:30:38.222+0800: 2.019: [CMS-concurrent-reset: 0.002/0.002 secs] [Times: user=0.00 sys=0.00, real=0.00 secs] 
2024-07-28T20:30:38.223+0800: 2.021: Application time: 0.0067046 seconds
2024-07-28T20:30:38.223+0800: 2.021: [GC (Allocation Failure) 2024-07-28T20:30:38.223+0800: 2.021: [ParNew: 77168K->8192K(78656K), 0.0208975 secs] 397858K->397491K(657496K), 0.0209655 secs] [Times: user=0.03 sys=0.00, real=0.02 secs] 
2024-07-28T20:30:38.244+0800: 2.042: Total time for which application threads were stopped: 0.0210889 seconds, Stopping threads took: 0.0000254 seconds
2024-07-28T20:30:38.245+0800: 2.042: Application time: 0.0001928 seconds
2024-07-28T20:30:38.245+0800: 2.042: [GC (CMS Initial Mark) [1 CMS-initial-mark: 389298K(578840K)] 400930K(657496K), 0.0004493 secs] [Times: user=0.00 sys=0.00, real=0.00 secs] 
2024-07-28T20:30:38.245+0800: 2.043: Total time for which application threads were stopped: 0.0006269 seconds, Stopping threads took: 0.0001263 seconds
2024-07-28T20:30:38.245+0800: 2.043: [CMS-concurrent-mark-start]
2024-07-28T20:30:38.247+0800: 2.044: [CMS-concurrent-mark: 0.002/0.002 secs] [Times: user=0.00 sys=0.00, real=0.00 secs] 
2024-07-28T20:30:38.247+0800: 2.044: [CMS-concurrent-preclean-start]
2024-07-28T20:30:38.248+0800: 2.045: [CMS-concurrent-preclean: 0.001/0.001 secs] [Times: user=0.00 sys=0.00, real=0.00 secs] 
2024-07-28T20:30:38.248+0800: 2.045: [CMS-concurrent-abortable-preclean-start]
2024-07-28T20:30:38.353+0800: 2.150: Application time: 0.1079631 seconds
2024-07-28T20:30:38.353+0800: 2.151: [GC (Allocation Failure) 2024-07-28T20:30:38.353+0800: 2.151: [ParNew: 77168K->8192K(78656K), 0.0106616 secs] 466467K->455859K(657496K), 0.0107209 secs] [Times: user=0.03 sys=0.00, real=0.01 secs] 
2024-07-28T20:30:38.364+0800: 2.161: Total time for which application threads were stopped: 0.0108308 seconds, Stopping threads took: 0.0000208 seconds
2024-07-28T20:30:38.479+0800: 2.276: Application time: 0.1147399 seconds
2024-07-28T20:30:38.479+0800: 2.276: [GC (Allocation Failure) 2024-07-28T20:30:38.479+0800: 2.276: [ParNew: 77168K->8192K(78656K), 0.0208448 secs] 524836K->524468K(657496K), 0.0209469 secs] [Times: user=0.03 sys=0.00, real=0.02 secs] 
2024-07-28T20:30:38.500+0800: 2.297: Total time for which application threads were stopped: 0.0211389 seconds, Stopping threads took: 0.0000560 seconds
2024-07-28T20:30:38.500+0800: 2.297: [CMS-concurrent-abortable-preclean: 0.008/0.252 secs] [Times: user=0.06 sys=0.00, real=0.25 secs] 
2024-07-28T20:30:38.500+0800: 2.298: Application time: 0.0003148 seconds
2024-07-28T20:30:38.500+0800: 2.298: [GC (CMS Final Remark) [YG occupancy: 12655 K (78656 K)]2024-07-28T20:30:38.500+0800: 2.298: [Rescan (parallel) , 0.0009030 secs]2024-07-28T20:30:38.501+0800: 2.299: [weak refs processing, 0.0000139 secs]2024-07-28T20:30:38.501+0800: 2.299: [class unloading, 0.0003819 secs]2024-07-28T20:30:38.502+0800: 2.299: [scrub symbol table, 0.0005801 secs]2024-07-28T20:30:38.502+0800: 2.300: [scrub string table, 0.0001599 secs][1 CMS-remark: 516276K(578840K)] 528932K(657496K), 0.0021311 secs] [Times: user=0.00 sys=0.00, real=0.00 secs] 
2024-07-28T20:30:38.503+0800: 2.300: Total time for which application threads were stopped: 0.0022683 seconds, Stopping threads took: 0.0000820 seconds
2024-07-28T20:30:38.503+0800: 2.300: [CMS-concurrent-sweep-start]
2024-07-28T20:30:38.505+0800: 2.302: [CMS-concurrent-sweep: 0.002/0.002 secs] [Times: user=0.03 sys=0.00, real=0.00 secs] 
2024-07-28T20:30:38.505+0800: 2.303: [CMS-concurrent-reset-start]
2024-07-28T20:30:38.507+0800: 2.304: [CMS-concurrent-reset: 0.001/0.001 secs] [Times: user=0.00 sys=0.00, real=0.00 secs] 
2024-07-28T20:30:38.509+0800: 2.306: Application time: 0.0063754 seconds
2024-07-28T20:30:38.509+0800: 2.306: [GC (Allocation Failure) 2024-07-28T20:30:38.509+0800: 2.306: [ParNew: 77168K->8192K(78656K), 0.0207368 secs] 399906K->399539K(657496K), 0.0207966 secs] [Times: user=0.03 sys=0.00, real=0.02 secs] 
2024-07-28T20:30:38.530+0800: 2.327: Total time for which application threads were stopped: 0.0209145 seconds, Stopping threads took: 0.0000241 seconds
2024-07-28T20:30:38.530+0800: 2.327: Application time: 0.0002079 seconds
2024-07-28T20:30:38.530+0800: 2.327: [GC (CMS Initial Mark) [1 CMS-initial-mark: 391346K(578840K)] 401954K(657496K), 0.0005493 secs] [Times: user=0.00 sys=0.00, real=0.00 secs] 
2024-07-28T20:30:38.531+0800: 2.328: Total time for which application threads were stopped: 0.0007384 seconds, Stopping threads took: 0.0001295 seconds
2024-07-28T20:30:38.531+0800: 2.328: [CMS-concurrent-mark-start]
2024-07-28T20:30:38.532+0800: 2.330: [CMS-concurrent-mark: 0.002/0.002 secs] [Times: user=0.00 sys=0.00, real=0.00 secs] 
2024-07-28T20:30:38.533+0800: 2.330: [CMS-concurrent-preclean-start]
2024-07-28T20:30:38.533+0800: 2.331: [CMS-concurrent-preclean: 0.001/0.001 secs] [Times: user=0.00 sys=0.00, real=0.00 secs] 
2024-07-28T20:30:38.533+0800: 2.331: [CMS-concurrent-abortable-preclean-start]
2024-07-28T20:30:38.641+0800: 2.438: Application time: 0.1101957 seconds
2024-07-28T20:30:38.641+0800: 2.438: [GC (Allocation Failure) 2024-07-28T20:30:38.641+0800: 2.438: [ParNew: 77623K->8200K(78656K), 0.0146110 secs] 468970K->458940K(657496K), 0.0147311 secs] [Times: user=0.03 sys=0.00, real=0.01 secs] 
2024-07-28T20:30:38.656+0800: 2.453: Total time for which application threads were stopped: 0.0149034 seconds, Stopping threads took: 0.0000443 seconds
2024-07-28T20:30:38.764+0800: 2.561: Application time: 0.1078687 seconds
2024-07-28T20:30:38.764+0800: 2.561: [GC (Allocation Failure) 2024-07-28T20:30:38.764+0800: 2.561: [ParNew: 77179K->8192K(78656K), 0.0179607 secs] 527919K->527541K(657496K), 0.0180358 secs] [Times: user=0.03 sys=0.00, real=0.02 secs] 
2024-07-28T20:30:38.782+0800: 2.579: Total time for which application threads were stopped: 0.0181781 seconds, Stopping threads took: 0.0000222 seconds
2024-07-28T20:30:38.782+0800: 2.579: [CMS-concurrent-abortable-preclean: 0.008/0.249 secs] [Times: user=0.06 sys=0.00, real=0.25 secs] 
2024-07-28T20:30:38.782+0800: 2.579: Application time: 0.0002839 seconds
2024-07-28T20:30:38.782+0800: 2.580: [GC (CMS Final Remark) [YG occupancy: 11626 K (78656 K)]2024-07-28T20:30:38.783+0800: 2.580: [Rescan (parallel) , 0.0005546 secs]2024-07-28T20:30:38.783+0800: 2.580: [weak refs processing, 0.0000128 secs]2024-07-28T20:30:38.783+0800: 2.580: [class unloading, 0.0003768 secs]2024-07-28T20:30:38.783+0800: 2.581: [scrub symbol table, 0.0006890 secs]2024-07-28T20:30:38.784+0800: 2.581: [scrub string table, 0.0001460 secs][1 CMS-remark: 519349K(578840K)] 530975K(657496K), 0.0018804 secs] [Times: user=0.00 sys=0.00, real=0.00 secs] 
2024-07-28T20:30:38.784+0800: 2.581: Total time for which application threads were stopped: 0.0020185 seconds, Stopping threads took: 0.0000912 seconds
2024-07-28T20:30:38.784+0800: 2.582: [CMS-concurrent-sweep-start]
2024-07-28T20:30:38.787+0800: 2.584: [CMS-concurrent-sweep: 0.003/0.003 secs] [Times: user=0.03 sys=0.00, real=0.00 secs] 
2024-07-28T20:30:38.787+0800: 2.584: [CMS-concurrent-reset-start]
2024-07-28T20:30:38.788+0800: 2.586: [CMS-concurrent-reset: 0.001/0.001 secs] [Times: user=0.00 sys=0.00, real=0.00 secs] 
2024-07-28T20:30:38.902+0800: 2.699: Application time: 0.1172165 seconds
2024-07-28T20:30:38.902+0800: 2.699: [GC (Allocation Failure) 2024-07-28T20:30:38.902+0800: 2.699: [ParNew: 77163K->0K(78656K), 0.0014726 secs] 401949K->324786K(839384K), 0.0019760 secs] [Times: user=0.00 sys=0.00, real=0.00 secs] 
2024-07-28T20:30:38.904+0800: 2.701: Total time for which application threads were stopped: 0.0021016 seconds, Stopping threads took: 0.0000340 seconds
2024-07-28T20:30:39.196+0800: 2.993: Application time: 0.2922697 seconds
2024-07-28T20:30:39.196+0800: 2.993: [GC (Allocation Failure) 2024-07-28T20:30:39.196+0800: 2.993: [ParNew: 230903K->25600K(260544K), 0.0148913 secs] 555689K->350386K(839384K), 0.0149735 secs] [Times: user=0.01 sys=0.02, real=0.01 secs] 
2024-07-28T20:30:39.211+0800: 3.008: Total time for which application threads were stopped: 0.0150867 seconds, Stopping threads took: 0.0000202 seconds
2024-07-28T20:30:39.440+0800: 3.237: Application time: 0.2291084 seconds
2024-07-28T20:30:39.441+0800: 3.237: [GC (Allocation Failure) 2024-07-28T20:30:39.441+0800: 3.237: [ParNew: 256491K->28672K(260544K), 0.0201754 secs] 581277K->375986K(839384K), 0.0202493 secs] [Times: user=0.05 sys=0.02, real=0.02 secs] 
2024-07-28T20:30:39.461+0800: 3.258: Total time for which application threads were stopped: 0.0203986 seconds, Stopping threads took: 0.0000210 seconds
2024-07-28T20:30:39.709+0800: 3.507: Application time: 0.2492733 seconds
2024-07-28T20:30:39.710+0800: 3.507: [GC (Allocation Failure) 2024-07-28T20:30:39.710+0800: 3.507: [ParNew: 259577K->28672K(260544K), 0.0146121 secs] 606891K->424115K(839384K), 0.0146865 secs] [Times: user=0.03 sys=0.00, real=0.01 secs] 
2024-07-28T20:30:39.724+0800: 3.522: Total time for which application threads were stopped: 0.0148081 seconds, Stopping threads took: 0.0000224 seconds
2024-07-28T20:30:40.067+0800: 3.864: Application time: 0.3417599 seconds
2024-07-28T20:30:40.067+0800: 3.864: [GC (Allocation Failure) 2024-07-28T20:30:40.067+0800: 3.864: [ParNew: 259585K->28672K(260544K), 0.0363802 secs] 655029K->497844K(839384K), 0.0365125 secs] [Times: user=0.06 sys=0.00, real=0.04 secs] 
2024-07-28T20:30:40.103+0800: 3.900: Total time for which application threads were stopped: 0.0366729 seconds, Stopping threads took: 0.0000432 seconds
2024-07-28T20:30:40.103+0800: 3.900: Application time: 0.0001722 seconds
2024-07-28T20:30:40.104+0800: 3.901: [GC (CMS Initial Mark) [1 CMS-initial-mark: 469172K(578840K)] 504504K(839384K), 0.0007624 secs] [Times: user=0.00 sys=0.00, real=0.00 secs] 
2024-07-28T20:30:40.104+0800: 3.901: Total time for which application threads were stopped: 0.0009713 seconds, Stopping threads took: 0.0001357 seconds
2024-07-28T20:30:40.104+0800: 3.901: [CMS-concurrent-mark-start]
2024-07-28T20:30:40.107+0800: 3.904: [CMS-concurrent-mark: 0.002/0.002 secs] [Times: user=0.00 sys=0.00, real=0.00 secs] 
2024-07-28T20:30:40.107+0800: 3.904: [CMS-concurrent-preclean-start]
2024-07-28T20:30:40.109+0800: 3.906: [CMS-concurrent-preclean: 0.002/0.002 secs] [Times: user=0.00 sys=0.00, real=0.00 secs] 
2024-07-28T20:30:40.109+0800: 3.906: [CMS-concurrent-abortable-preclean-start]
2024-07-28T20:30:40.337+0800: 4.134: Application time: 0.2328156 seconds
2024-07-28T20:30:40.337+0800: 4.134: [GC (Allocation Failure) 2024-07-28T20:30:40.337+0800: 4.134: [ParNew: 259591K->28672K(260544K), 0.0374758 secs] 728763K->597174K(839384K), 0.0375648 secs] [Times: user=0.06 sys=0.00, real=0.04 secs] 
2024-07-28T20:30:40.375+0800: 4.172: Total time for which application threads were stopped: 0.0377792 seconds, Stopping threads took: 0.0000464 seconds
2024-07-28T20:30:40.379+0800: 4.176: [CMS-concurrent-abortable-preclean: 0.009/0.270 secs] [Times: user=0.08 sys=0.00, real=0.27 secs] 
2024-07-28T20:30:40.380+0800: 4.177: Application time: 0.0045502 seconds
2024-07-28T20:30:40.380+0800: 4.177: [GC (CMS Final Remark) [YG occupancy: 70152 K (260544 K)]2024-07-28T20:30:40.380+0800: 4.177: [Rescan (parallel) , 0.0006995 secs]2024-07-28T20:30:40.381+0800: 4.178: [weak refs processing, 0.0000369 secs]2024-07-28T20:30:40.381+0800: 4.178: [class unloading, 0.0003765 secs]2024-07-28T20:30:40.381+0800: 4.178: [scrub symbol table, 0.0019249 secs]2024-07-28T20:30:40.383+0800: 4.180: [scrub string table, 0.0004664 secs][1 CMS-remark: 568501K(578840K)] 638654K(839384K), 0.0038516 secs] [Times: user=0.00 sys=0.00, real=0.00 secs] 
2024-07-28T20:30:40.384+0800: 4.181: Total time for which application threads were stopped: 0.0041963 seconds, Stopping threads took: 0.0001679 seconds
2024-07-28T20:30:40.384+0800: 4.181: [CMS-concurrent-sweep-start]
2024-07-28T20:30:40.387+0800: 4.184: [CMS-concurrent-sweep: 0.003/0.003 secs] [Times: user=0.00 sys=0.00, real=0.00 secs] 
2024-07-28T20:30:40.387+0800: 4.184: [CMS-concurrent-reset-start]
2024-07-28T20:30:40.388+0800: 4.185: [CMS-concurrent-reset: 0.001/0.001 secs] [Times: user=0.00 sys=0.00, real=0.00 secs] 
2024-07-28T20:30:40.445+0800: 4.242: Application time: 0.0608135 seconds
2024-07-28T20:30:40.445+0800: 4.242: Total time for which application threads were stopped: 0.0003780 seconds, Stopping threads took: 0.0001480 seconds
2024-07-28T20:30:40.605+0800: 4.401: Application time: 0.1592208 seconds
2024-07-28T20:30:40.605+0800: 4.401: [GC (Allocation Failure) 2024-07-28T20:30:40.605+0800: 4.401: [ParNew: 259595K->28672K(260544K), 0.0392826 secs] 433851K->327858K(839384K), 0.0393962 secs] [Times: user=0.06 sys=0.00, real=0.04 secs] 
2024-07-28T20:30:40.643+0800: 4.441: Total time for which application threads were stopped: 0.0396665 seconds, Stopping threads took: 0.0000213 seconds
2024-07-28T20:30:40.644+0800: 4.441: Application time: 0.0002720 seconds
2024-07-28T20:30:40.644+0800: 4.441: [GC (CMS Initial Mark) [1 CMS-initial-mark: 299185K(578840K)] 328882K(839384K), 0.0005987 secs] [Times: user=0.01 sys=0.00, real=0.00 secs] 
2024-07-28T20:30:40.645+0800: 4.442: Total time for which application threads were stopped: 0.0007752 seconds, Stopping threads took: 0.0001094 seconds
2024-07-28T20:30:40.645+0800: 4.442: [CMS-concurrent-mark-start]
2024-07-28T20:30:40.647+0800: 4.444: [CMS-concurrent-mark: 0.002/0.002 secs] [Times: user=0.00 sys=0.00, real=0.00 secs] 
2024-07-28T20:30:40.647+0800: 4.444: [CMS-concurrent-preclean-start]
2024-07-28T20:30:40.649+0800: 4.447: [CMS-concurrent-preclean: 0.003/0.003 secs] [Times: user=0.00 sys=0.00, real=0.00 secs] 
2024-07-28T20:30:40.650+0800: 4.447: [CMS-concurrent-abortable-preclean-start]
2024-07-28T20:30:40.876+0800: 4.672: Application time: 0.2306195 seconds
2024-07-28T20:30:40.876+0800: 4.673: [GC (Allocation Failure) 2024-07-28T20:30:40.876+0800: 4.673: [ParNew: 259597K->28672K(260544K), 0.0495692 secs] 558783K->478388K(839384K), 0.0496872 secs] [Times: user=0.09 sys=0.00, real=0.05 secs] 
2024-07-28T20:30:40.926+0800: 4.722: Total time for which application threads were stopped: 0.0499230 seconds, Stopping threads took: 0.0000230 seconds
2024-07-28T20:30:40.926+0800: 4.723: [CMS-concurrent-abortable-preclean: 0.006/0.275 secs] [Times: user=0.09 sys=0.00, real=0.28 secs] 
2024-07-28T20:30:40.926+0800: 4.723: Application time: 0.0004598 seconds
2024-07-28T20:30:40.926+0800: 4.723: [GC (CMS Final Remark) [YG occupancy: 35339 K (260544 K)]2024-07-28T20:30:40.926+0800: 4.723: [Rescan (parallel) , 0.0010141 secs]2024-07-28T20:30:40.927+0800: 4.724: [weak refs processing, 0.0000189 secs]2024-07-28T20:30:40.927+0800: 4.724: [class unloading, 0.0004778 secs]2024-07-28T20:30:40.928+0800: 4.725: [scrub symbol table, 0.0020388 secs]2024-07-28T20:30:40.930+0800: 4.727: [scrub string table, 0.0006432 secs][1 CMS-remark: 449716K(578840K)] 485055K(839384K), 0.0043718 secs] [Times: user=0.06 sys=0.00, real=0.00 secs] 
2024-07-28T20:30:40.931+0800: 4.727: Total time for which application threads were stopped: 0.0045991 seconds, Stopping threads took: 0.0001477 seconds
2024-07-28T20:30:40.931+0800: 4.728: [CMS-concurrent-sweep-start]
2024-07-28T20:30:40.933+0800: 4.730: [CMS-concurrent-sweep: 0.002/0.002 secs] [Times: user=0.00 sys=0.00, real=0.00 secs] 
2024-07-28T20:30:40.933+0800: 4.730: [CMS-concurrent-reset-start]
2024-07-28T20:30:40.934+0800: 4.731: [CMS-concurrent-reset: 0.001/0.001 secs] [Times: user=0.00 sys=0.00, real=0.00 secs] 
2024-07-28T20:30:41.264+0800: 5.061: Application time: 0.3332964 seconds
2024-07-28T20:30:41.264+0800: 5.061: [GC (Allocation Failure) 2024-07-28T20:30:41.264+0800: 5.061: [ParNew: 259599K->0K(260544K), 0.0015790 secs] 536256K->276657K(839384K), 0.0016327 secs] [Times: user=0.00 sys=0.00, real=0.00 secs] 
2024-07-28T20:30:41.265+0800: 5.063: Total time for which application threads were stopped: 0.0017703 seconds, Stopping threads took: 0.0000247 seconds
2024-07-28T20:30:41.488+0800: 5.285: Application time: 0.2220035 seconds
2024-07-28T20:30:41.488+0800: 5.285: [GC (Allocation Failure) 2024-07-28T20:30:41.488+0800: 5.285: [ParNew: 230927K->25600K(260544K), 0.0053138 secs] 507585K->302257K(839384K), 0.0053730 secs] [Times: user=0.13 sys=0.00, real=0.01 secs] 
2024-07-28T20:30:41.493+0800: 5.290: Total time for which application threads were stopped: 0.0054883 seconds, Stopping threads took: 0.0000209 seconds
2024-07-28T20:30:41.724+0800: 5.521: Application time: 0.2308995 seconds
2024-07-28T20:30:41.724+0800: 5.521: [GC (Allocation Failure) 2024-07-28T20:30:41.724+0800: 5.521: [ParNew: 256483K->28680K(260544K), 0.0100561 secs] 533140K->326842K(839384K), 0.0101377 secs] [Times: user=0.00 sys=0.00, real=0.01 secs] 
2024-07-28T20:30:41.734+0800: 5.531: Total time for which application threads were stopped: 0.0102650 seconds, Stopping threads took: 0.0000198 seconds
2024-07-28T20:30:41.978+0800: 5.775: Application time: 0.2436975 seconds
2024-07-28T20:30:41.978+0800: 5.775: [GC (Allocation Failure) 2024-07-28T20:30:41.978+0800: 5.775: [ParNew: 259602K->28672K(260544K), 0.0244112 secs] 557764K->373939K(839384K), 0.0244964 secs] [Times: user=0.03 sys=0.00, real=0.03 secs] 
2024-07-28T20:30:42.003+0800: 5.800: Total time for which application threads were stopped: 0.0246403 seconds, Stopping threads took: 0.0000331 seconds
2024-07-28T20:30:42.232+0800: 6.029: Application time: 0.2292912 seconds
2024-07-28T20:30:42.232+0800: 6.029: [GC (Allocation Failure) 2024-07-28T20:30:42.232+0800: 6.029: [ParNew: 259596K->28672K(260544K), 0.0157977 secs] 604864K->446644K(839384K), 0.0158575 secs] [Times: user=0.03 sys=0.00, real=0.02 secs] 
2024-07-28T20:30:42.248+0800: 6.045: Total time for which application threads were stopped: 0.0159755 seconds, Stopping threads took: 0.0000213 seconds
2024-07-28T20:30:42.248+0800: 6.045: Application time: 0.0001682 seconds
2024-07-28T20:30:42.248+0800: 6.045: [GC (CMS Initial Mark) [1 CMS-initial-mark: 417972K(578840K)] 452287K(839384K), 0.0008217 secs] [Times: user=0.00 sys=0.00, real=0.00 secs] 
2024-07-28T20:30:42.248+0800: 6.046: Total time for which application threads were stopped: 0.0009129 seconds, Stopping threads took: 0.0000426 seconds
2024-07-28T20:30:42.248+0800: 6.046: [CMS-concurrent-mark-start]
2024-07-28T20:30:42.250+0800: 6.047: [CMS-concurrent-mark: 0.001/0.001 secs] [Times: user=0.00 sys=0.00, real=0.00 secs] 
2024-07-28T20:30:42.250+0800: 6.047: [CMS-concurrent-preclean-start]
2024-07-28T20:30:42.250+0800: 6.048: [CMS-concurrent-preclean: 0.001/0.001 secs] [Times: user=0.00 sys=0.00, real=0.00 secs] 
2024-07-28T20:30:42.250+0800: 6.048: [CMS-concurrent-abortable-preclean-start]
2024-07-28T20:30:42.574+0800: 6.370: Application time: 0.3242707 seconds
2024-07-28T20:30:42.574+0800: 6.370: [GC (Allocation Failure) 2024-07-28T20:30:42.574+0800: 6.370: [ParNew2024-07-28T20:30:42.586+0800: 6.383: [CMS-concurrent-abortable-preclean: 0.003/0.335 secs] [Times: user=0.03 sys=0.00, real=0.34 secs] 
: 259598K->28672K(260544K), 0.0338201 secs] 677571K->544950K(839384K), 0.0338948 secs] [Times: user=0.06 sys=0.00, real=0.03 secs] 
2024-07-28T20:30:42.607+0800: 6.404: Total time for which application threads were stopped: 0.0340349 seconds, Stopping threads took: 0.0000349 seconds
2024-07-28T20:30:42.607+0800: 6.404: Application time: 0.0001151 seconds
2024-07-28T20:30:42.607+0800: 6.405: [GC (CMS Final Remark) [YG occupancy: 35343 K (260544 K)]2024-07-28T20:30:42.607+0800: 6.405: [Rescan (parallel) , 0.0010476 secs]2024-07-28T20:30:42.608+0800: 6.406: [weak refs processing, 0.0001281 secs]2024-07-28T20:30:42.608+0800: 6.406: [class unloading, 0.0009079 secs]2024-07-28T20:30:42.610+0800: 6.407: [scrub symbol table, 0.0006503 secs]2024-07-28T20:30:42.610+0800: 6.408: [scrub string table, 0.0003068 secs][1 CMS-remark: 516277K(578840K)] 551621K(839384K), 0.0033518 secs] [Times: user=0.00 sys=0.00, real=0.00 secs] 
2024-07-28T20:30:42.610+0800: 6.408: Total time for which application threads were stopped: 0.0036559 seconds, Stopping threads took: 0.0002108 seconds
2024-07-28T20:30:42.611+0800: 6.408: [CMS-concurrent-sweep-start]
2024-07-28T20:30:42.613+0800: 6.411: [CMS-concurrent-sweep: 0.003/0.003 secs] [Times: user=0.00 sys=0.00, real=0.00 secs] 
2024-07-28T20:30:42.613+0800: 6.411: [CMS-concurrent-reset-start]
2024-07-28T20:30:42.616+0800: 6.414: [CMS-concurrent-reset: 0.003/0.003 secs] [Times: user=0.03 sys=0.00, real=0.00 secs] 
2024-07-28T20:30:42.843+0800: 6.641: Application time: 0.2328944 seconds
2024-07-28T20:30:42.844+0800: 6.641: [GC (Allocation Failure) 2024-07-28T20:30:42.844+0800: 6.641: [ParNew: 259603K->28672K(260544K), 0.0388528 secs] 431811K->324786K(839384K), 0.0389543 secs] [Times: user=0.09 sys=0.00, real=0.04 secs] 
2024-07-28T20:30:42.883+0800: 6.680: Total time for which application threads were stopped: 0.0391225 seconds, Stopping threads took: 0.0000448 seconds
2024-07-28T20:30:42.883+0800: 6.680: Application time: 0.0002478 seconds
2024-07-28T20:30:42.883+0800: 6.680: [GC (CMS Initial Mark) [1 CMS-initial-mark: 296114K(578840K)] 331450K(839384K), 0.0004382 secs] [Times: user=0.00 sys=0.00, real=0.00 secs] 
2024-07-28T20:30:42.884+0800: 6.681: Total time for which application threads were stopped: 0.0006124 seconds, Stopping threads took: 0.0001266 seconds
2024-07-28T20:30:42.884+0800: 6.681: [CMS-concurrent-mark-start]
2024-07-28T20:30:42.887+0800: 6.684: [CMS-concurrent-mark: 0.003/0.003 secs] [Times: user=0.00 sys=0.00, real=0.00 secs] 
2024-07-28T20:30:42.887+0800: 6.684: [CMS-concurrent-preclean-start]
2024-07-28T20:30:42.889+0800: 6.686: [CMS-concurrent-preclean: 0.002/0.002 secs] [Times: user=0.00 sys=0.00, real=0.00 secs] 
2024-07-28T20:30:42.889+0800: 6.686: [CMS-concurrent-abortable-preclean-start]
2024-07-28T20:30:43.114+0800: 6.911: Application time: 0.2298729 seconds
2024-07-28T20:30:43.114+0800: 6.911: [GC (Allocation Failure) 2024-07-28T20:30:43.114+0800: 6.911: [ParNew: 259595K->28672K(260544K), 0.0492142 secs] 555710K->474293K(839384K), 0.0493777 secs] [Times: user=0.09 sys=0.00, real=0.05 secs] 
2024-07-28T20:30:43.163+0800: 6.960: Total time for which application threads were stopped: 0.0495991 seconds, Stopping threads took: 0.0000352 seconds
2024-07-28T20:30:43.418+0800: 7.215: Application time: 0.2544320 seconds
2024-07-28T20:30:43.418+0800: 7.215: [GC (Allocation Failure) 2024-07-28T20:30:43.418+0800: 7.215: [ParNew: 259597K->259597K(260544K), 0.0000832 secs]2024-07-28T20:30:43.418+0800: 7.215: [CMS2024-07-28T20:30:43.418+0800: 7.215: [CMS-concurrent-abortable-preclean: 0.014/0.529 secs] [Times: user=0.14 sys=0.00, real=0.53 secs] 
 (concurrent mode failure): 445620K->204961K(578840K), 0.0707552 secs] 705218K->204961K(886976K), [Metaspace: 4236K->4236K(1056768K)], 0.0712333 secs] [Times: user=0.08 sys=0.00, real=0.07 secs] 
2024-07-28T20:30:43.489+0800: 7.286: Total time for which application threads were stopped: 0.0714957 seconds, Stopping threads took: 0.0000749 seconds
2024-07-28T20:30:43.822+0800: 7.619: Application time: 0.3330744 seconds
2024-07-28T20:30:43.822+0800: 7.619: [GC (Allocation Failure) 2024-07-28T20:30:43.822+0800: 7.620: [ParNew: 244500K->29696K(275264K), 0.0136946 secs] 449461K->242851K(886976K), 0.0137630 secs] [Times: user=0.02 sys=0.02, real=0.01 secs] 
2024-07-28T20:30:43.836+0800: 7.633: Total time for which application threads were stopped: 0.0139060 seconds, Stopping threads took: 0.0000196 seconds
2024-07-28T20:30:44.062+0800: 7.859: Application time: 0.2256057 seconds
2024-07-28T20:30:44.062+0800: 7.859: [GC (Allocation Failure) 2024-07-28T20:30:44.062+0800: 7.859: [ParNew: 274201K->29696K(275264K), 0.0134295 secs] 487357K->289958K(886976K), 0.0135089 secs] [Times: user=0.03 sys=0.00, real=0.01 secs] 
2024-07-28T20:30:44.076+0800: 7.873: Total time for which application threads were stopped: 0.0136219 seconds, Stopping threads took: 0.0000213 seconds
2024-07-28T20:30:44.409+0800: 8.205: Application time: 0.3328229 seconds
2024-07-28T20:30:44.409+0800: 8.206: [GC (Allocation Failure) 2024-07-28T20:30:44.409+0800: 8.206: [ParNew: 274192K->29696K(275264K), 0.0300080 secs] 534454K->375977K(886976K), 0.0301429 secs] [Times: user=0.06 sys=0.00, real=0.03 secs] 
2024-07-28T20:30:44.439+0800: 8.236: Total time for which application threads were stopped: 0.0304166 seconds, Stopping threads took: 0.0001096 seconds
2024-07-28T20:30:44.661+0800: 8.459: Application time: 0.2229734 seconds
2024-07-28T20:30:44.661+0800: 8.459: [GC (Allocation Failure) 2024-07-28T20:30:44.661+0800: 8.459: [ParNew: 274193K->29696K(275264K), 0.0395851 secs] 620474K->500909K(886976K), 0.0396854 secs] [Times: user=0.06 sys=0.00, real=0.04 secs] 
2024-07-28T20:30:44.701+0800: 8.499: Total time for which application threads were stopped: 0.0398428 seconds, Stopping threads took: 0.0000450 seconds
2024-07-28T20:30:44.701+0800: 8.499: Application time: 0.0002615 seconds
2024-07-28T20:30:44.701+0800: 8.499: [GC (CMS Initial Mark) [1 CMS-initial-mark: 471213K(611712K)] 507835K(886976K), 0.0005159 secs] [Times: user=0.00 sys=0.00, real=0.00 secs] 
2024-07-28T20:30:44.702+0800: 8.500: Total time for which application threads were stopped: 0.0006651 seconds, Stopping threads took: 0.0000901 seconds
2024-07-28T20:30:44.702+0800: 8.500: [CMS-concurrent-mark-start]
2024-07-28T20:30:44.707+0800: 8.504: [CMS-concurrent-mark: 0.005/0.005 secs] [Times: user=0.03 sys=0.00, real=0.01 secs] 
2024-07-28T20:30:44.707+0800: 8.504: [CMS-concurrent-preclean-start]
2024-07-28T20:30:44.709+0800: 8.506: [CMS-concurrent-preclean: 0.002/0.002 secs] [Times: user=0.00 sys=0.00, real=0.00 secs] 
2024-07-28T20:30:44.709+0800: 8.506: [CMS-concurrent-abortable-preclean-start]
2024-07-28T20:30:44.923+0800: 8.719: [CMS-concurrent-abortable-preclean: 0.003/0.213 secs] [Times: user=0.02 sys=0.00, real=0.21 secs] 
2024-07-28T20:30:44.923+0800: 8.720: Application time: 0.2201735 seconds
2024-07-28T20:30:44.923+0800: 8.720: [GC (CMS Final Remark) [YG occupancy: 185104 K (275264 K)]2024-07-28T20:30:44.923+0800: 8.720: [Rescan (parallel) , 0.0009247 secs]2024-07-28T20:30:44.924+0800: 8.721: [weak refs processing, 0.0000372 secs]2024-07-28T20:30:44.924+0800: 8.721: [class unloading, 0.0016223 secs]2024-07-28T20:30:44.926+0800: 8.723: [scrub symbol table, 0.0014988 secs]2024-07-28T20:30:44.927+0800: 8.724: [scrub string table, 0.0001738 secs][1 CMS-remark: 471213K(611712K)] 656318K(886976K), 0.0045950 secs] [Times: user=0.02 sys=0.00, real=0.00 secs] 
2024-07-28T20:30:44.928+0800: 8.724: Total time for which application threads were stopped: 0.0047396 seconds, Stopping threads took: 0.0000695 seconds
2024-07-28T20:30:44.928+0800: 8.725: [CMS-concurrent-sweep-start]
2024-07-28T20:30:44.930+0800: 8.727: [CMS-concurrent-sweep: 0.002/0.002 secs] [Times: user=0.00 sys=0.00, real=0.00 secs] 
2024-07-28T20:30:44.930+0800: 8.727: [CMS-concurrent-reset-start]
2024-07-28T20:30:44.932+0800: 8.729: [CMS-concurrent-reset: 0.002/0.002 secs] [Times: user=0.00 sys=0.00, real=0.00 secs] 
2024-07-28T20:30:44.936+0800: 8.733: Application time: 0.0084417 seconds
2024-07-28T20:30:44.936+0800: 8.733: [GC (Allocation Failure) 2024-07-28T20:30:44.936+0800: 8.733: [ParNew: 274194K->29696K(275264K), 0.0511686 secs] 400314K->319661K(886976K), 0.0512317 secs] [Times: user=0.09 sys=0.00, real=0.05 secs] 
2024-07-28T20:30:44.987+0800: 8.784: Total time for which application threads were stopped: 0.0513888 seconds, Stopping threads took: 0.0000389 seconds
2024-07-28T20:30:44.988+0800: 8.784: Application time: 0.0002115 seconds
2024-07-28T20:30:44.988+0800: 8.785: [GC (CMS Initial Mark) [1 CMS-initial-mark: 289964K(611712K)] 326587K(886976K), 0.0006931 secs] [Times: user=0.00 sys=0.00, real=0.00 secs] 
2024-07-28T20:30:44.989+0800: 8.785: Total time for which application threads were stopped: 0.0009011 seconds, Stopping threads took: 0.0001534 seconds
2024-07-28T20:30:44.989+0800: 8.785: [CMS-concurrent-mark-start]
2024-07-28T20:30:44.992+0800: 8.789: [CMS-concurrent-mark: 0.003/0.003 secs] [Times: user=0.00 sys=0.00, real=0.00 secs] 
2024-07-28T20:30:44.992+0800: 8.789: [CMS-concurrent-preclean-start]
2024-07-28T20:30:44.993+0800: 8.790: [CMS-concurrent-preclean: 0.001/0.001 secs] [Times: user=0.00 sys=0.00, real=0.00 secs] 
2024-07-28T20:30:44.993+0800: 8.790: [CMS-concurrent-abortable-preclean-start]
2024-07-28T20:30:45.317+0800: 9.114: Application time: 0.3283393 seconds
2024-07-28T20:30:45.317+0800: 9.114: [GC (Allocation Failure) 2024-07-28T20:30:45.317+0800: 9.114: [ParNew: 274194K->27648K(275264K), 0.0055156 secs] 564159K->317613K(886976K), 0.0055799 secs] [Times: user=0.00 sys=0.00, real=0.01 secs] 
2024-07-28T20:30:45.323+0800: 9.119: Total time for which application threads were stopped: 0.0056971 seconds, Stopping threads took: 0.0000198 seconds
2024-07-28T20:30:45.323+0800: 9.119: [CMS-concurrent-abortable-preclean: 0.007/0.329 secs] [Times: user=0.06 sys=0.00, real=0.33 secs] 
2024-07-28T20:30:45.323+0800: 9.120: Application time: 0.0001965 seconds
2024-07-28T20:30:45.323+0800: 9.120: [GC (CMS Final Remark) [YG occupancy: 34575 K (275264 K)]2024-07-28T20:30:45.323+0800: 9.120: [Rescan (parallel) , 0.0005611 secs]2024-07-28T20:30:45.324+0800: 9.120: [weak refs processing, 0.0000129 secs]2024-07-28T20:30:45.324+0800: 9.120: [class unloading, 0.0006025 secs]2024-07-28T20:30:45.324+0800: 9.121: [scrub symbol table, 0.0004240 secs]2024-07-28T20:30:45.325+0800: 9.121: [scrub string table, 0.0001214 secs][1 CMS-remark: 289964K(611712K)] 324539K(886976K), 0.0018033 secs] [Times: user=0.00 sys=0.00, real=0.00 secs] 
2024-07-28T20:30:45.325+0800: 9.122: Total time for which application threads were stopped: 0.0020053 seconds, Stopping threads took: 0.0001547 seconds
2024-07-28T20:30:45.325+0800: 9.122: [CMS-concurrent-sweep-start]
2024-07-28T20:30:45.327+0800: 9.123: [CMS-concurrent-sweep: 0.002/0.002 secs] [Times: user=0.00 sys=0.00, real=0.00 secs] 
2024-07-28T20:30:45.327+0800: 9.123: [CMS-concurrent-reset-start]
2024-07-28T20:30:45.328+0800: 9.125: [CMS-concurrent-reset: 0.001/0.001 secs] [Times: user=0.00 sys=0.00, real=0.00 secs] 
2024-07-28T20:30:45.555+0800: 9.352: Application time: 0.2302341 seconds
2024-07-28T20:30:45.555+0800: 9.352: [GC (Allocation Failure) 2024-07-28T20:30:45.555+0800: 9.352: [ParNew: 272146K->29696K(275264K), 0.0110772 secs] 437181K->231595K(886976K), 0.0111356 secs] [Times: user=0.00 sys=0.00, real=0.01 secs] 
2024-07-28T20:30:45.567+0800: 9.363: Total time for which application threads were stopped: 0.0112680 seconds, Stopping threads took: 0.0000212 seconds
2024-07-28T20:30:45.897+0800: 9.694: Application time: 0.3312615 seconds
2024-07-28T20:30:45.897+0800: 9.695: [GC (Allocation Failure) 2024-07-28T20:30:45.897+0800: 9.695: [ParNew: 274195K->29696K(275264K), 0.0361551 secs] 476094K->307372K(886976K), 0.0362328 secs] [Times: user=0.05 sys=0.02, real=0.04 secs] 
2024-07-28T20:30:45.933+0800: 9.731: Total time for which application threads were stopped: 0.0363953 seconds, Stopping threads took: 0.0000344 seconds
2024-07-28T20:30:46.168+0800: 9.965: Application time: 0.2344979 seconds
2024-07-28T20:30:46.168+0800: 9.965: [GC (Allocation Failure) 2024-07-28T20:30:46.168+0800: 9.965: [ParNew: 274195K->29696K(275264K), 0.0410595 secs] 551871K->422064K(886976K), 0.0411595 secs] [Times: user=0.09 sys=0.00, real=0.04 secs] 
2024-07-28T20:30:46.209+0800: 10.007: Total time for which application threads were stopped: 0.0413023 seconds, Stopping threads took: 0.0000222 seconds
2024-07-28T20:30:46.209+0800: 10.007: Application time: 0.0002719 seconds
2024-07-28T20:30:46.211+0800: 10.007: [GC (CMS Initial Mark) [1 CMS-initial-mark: 392368K(611712K)] 428991K(886976K), 0.0006198 secs] [Times: user=0.00 sys=0.00, real=0.00 secs] 
2024-07-28T20:30:46.211+0800: 10.008: Total time for which application threads were stopped: 0.0008656 seconds, Stopping threads took: 0.0001825 seconds
2024-07-28T20:30:46.211+0800: 10.008: [CMS-concurrent-mark-start]
2024-07-28T20:30:46.215+0800: 10.012: [CMS-concurrent-mark: 0.004/0.004 secs] [Times: user=0.00 sys=0.00, real=0.00 secs] 
2024-07-28T20:30:46.215+0800: 10.012: [CMS-concurrent-preclean-start]
2024-07-28T20:30:46.218+0800: 10.015: [CMS-concurrent-preclean: 0.003/0.003 secs] [Times: user=0.00 sys=0.00, real=0.00 secs] 
2024-07-28T20:30:46.218+0800: 10.015: [CMS-concurrent-abortable-preclean-start]
2024-07-28T20:30:46.439+0800: 10.236: Application time: 0.2282577 seconds
2024-07-28T20:30:46.439+0800: 10.236: [GC (Allocation Failure) 2024-07-28T20:30:46.439+0800: 10.236: [ParNew: 274195K->29696K(275264K), 0.0467746 secs] 666563K->575669K(886976K), 0.0468487 secs] [Times: user=0.09 sys=0.00, real=0.05 secs] 
2024-07-28T20:30:46.486+0800: 10.283: Total time for which application threads were stopped: 0.0469930 seconds, Stopping threads took: 0.0000361 seconds
2024-07-28T20:30:46.699+0800: 10.496: [CMS-concurrent-abortable-preclean: 0.011/0.481 secs] [Times: user=0.11 sys=0.00, real=0.48 secs] 
2024-07-28T20:30:46.699+0800: 10.496: Application time: 0.2134352 seconds
2024-07-28T20:30:46.700+0800: 10.497: [GC (CMS Final Remark) [YG occupancy: 160529 K (275264 K)]2024-07-28T20:30:46.700+0800: 10.497: [Rescan (parallel) , 0.0009750 secs]2024-07-28T20:30:46.701+0800: 10.498: [weak refs processing, 0.0000148 secs]2024-07-28T20:30:46.701+0800: 10.498: [class unloading, 0.0003584 secs]2024-07-28T20:30:46.701+0800: 10.498: [scrub symbol table, 0.0005528 secs]2024-07-28T20:30:46.702+0800: 10.499: [scrub string table, 0.0002071 secs][1 CMS-remark: 545972K(611712K)] 706502K(886976K), 0.0022002 secs] [Times: user=0.00 sys=0.00, real=0.00 secs] 
2024-07-28T20:30:46.702+0800: 10.499: Total time for which application threads were stopped: 0.0023353 seconds, Stopping threads took: 0.0000689 seconds
2024-07-28T20:30:46.702+0800: 10.499: [CMS-concurrent-sweep-start]
2024-07-28T20:30:46.705+0800: 10.502: [CMS-concurrent-sweep: 0.003/0.003 secs] [Times: user=0.00 sys=0.00, real=0.00 secs] 
2024-07-28T20:30:46.705+0800: 10.502: [CMS-concurrent-reset-start]
2024-07-28T20:30:46.707+0800: 10.504: [CMS-concurrent-reset: 0.002/0.002 secs] [Times: user=0.00 sys=0.00, real=0.00 secs] 
2024-07-28T20:30:46.826+0800: 10.623: Application time: 0.1241696 seconds
2024-07-28T20:30:46.826+0800: 10.623: [GC (Allocation Failure) 2024-07-28T20:30:46.826+0800: 10.623: [ParNew: 274195K->17408K(275264K), 0.0041090 secs] 543683K->286896K(886976K), 0.0041806 secs] [Times: user=0.00 sys=0.00, real=0.00 secs] 
2024-07-28T20:30:46.830+0800: 10.627: Total time for which application threads were stopped: 0.0042958 seconds, Stopping threads took: 0.0000212 seconds
2024-07-28T20:30:47.049+0800: 10.846: Application time: 0.2186168 seconds
2024-07-28T20:30:47.049+0800: 10.846: [GC (Allocation Failure) 2024-07-28T20:30:47.049+0800: 10.846: [ParNew: 261907K->29696K(275264K), 0.0098763 secs] 531395K->325809K(886976K), 0.0099367 secs] [Times: user=0.02 sys=0.01, real=0.01 secs] 
2024-07-28T20:30:47.059+0800: 10.856: Total time for which application threads were stopped: 0.0100560 seconds, Stopping threads took: 0.0000224 seconds
2024-07-28T20:30:47.304+0800: 11.100: Application time: 0.2442977 seconds
2024-07-28T20:30:47.304+0800: 11.100: [GC (Allocation Failure) 2024-07-28T20:30:47.304+0800: 11.100: [ParNew: 274195K->29696K(275264K), 0.0149969 secs] 570308K->391348K(886976K), 0.0150684 secs] [Times: user=0.03 sys=0.00, real=0.02 secs] 
2024-07-28T20:30:47.319+0800: 11.115: Total time for which application threads were stopped: 0.0151828 seconds, Stopping threads took: 0.0000206 seconds
2024-07-28T20:30:47.319+0800: 11.116: Application time: 0.0002318 seconds
2024-07-28T20:30:47.319+0800: 11.116: [GC (CMS Initial Mark) [1 CMS-initial-mark: 361651K(611712K)] 398275K(886976K), 0.0008167 secs] [Times: user=0.00 sys=0.00, real=0.00 secs] 
2024-07-28T20:30:47.320+0800: 11.117: Total time for which application threads were stopped: 0.0010018 seconds, Stopping threads took: 0.0001374 seconds
2024-07-28T20:30:47.320+0800: 11.117: [CMS-concurrent-mark-start]
2024-07-28T20:30:47.322+0800: 11.119: [CMS-concurrent-mark: 0.002/0.002 secs] [Times: user=0.00 sys=0.00, real=0.00 secs] 
2024-07-28T20:30:47.322+0800: 11.119: [CMS-concurrent-preclean-start]
2024-07-28T20:30:47.323+0800: 11.120: [CMS-concurrent-preclean: 0.001/0.001 secs] [Times: user=0.00 sys=0.00, real=0.00 secs] 
2024-07-28T20:30:47.323+0800: 11.120: [CMS-concurrent-abortable-preclean-start]
2024-07-28T20:30:47.644+0800: 11.441: Application time: 0.3245637 seconds
2024-07-28T20:30:47.644+0800: 11.441: [GC (Allocation Failure) 2024-07-28T20:30:47.644+0800: 11.441: [ParNew2024-07-28T20:30:47.657+0800: 11.454: [CMS-concurrent-abortable-preclean: 0.003/0.334 secs] [Times: user=0.14 sys=0.00, real=0.33 secs] 
: 274195K->29696K(275264K), 0.0340853 secs] 635847K->495797K(886976K), 0.0341748 secs] [Times: user=0.17 sys=0.00, real=0.03 secs] 
2024-07-28T20:30:47.678+0800: 11.476: Total time for which application threads were stopped: 0.0342985 seconds, Stopping threads took: 0.0000231 seconds
2024-07-28T20:30:47.679+0800: 11.476: Application time: 0.0002705 seconds
2024-07-28T20:30:47.679+0800: 11.476: [GC (CMS Final Remark) [YG occupancy: 36623 K (275264 K)]2024-07-28T20:30:47.679+0800: 11.476: [Rescan (parallel) , 0.0007209 secs]2024-07-28T20:30:47.680+0800: 11.477: [weak refs processing, 0.0000135 secs]2024-07-28T20:30:47.680+0800: 11.477: [class unloading, 0.0003531 secs]2024-07-28T20:30:47.680+0800: 11.477: [scrub symbol table, 0.0004967 secs]2024-07-28T20:30:47.680+0800: 11.478: [scrub string table, 0.0001703 secs][1 CMS-remark: 466101K(611712K)] 502725K(886976K), 0.0018515 secs] [Times: user=0.00 sys=0.00, real=0.00 secs] 
2024-07-28T20:30:47.681+0800: 11.478: Total time for which application threads were stopped: 0.0020898 seconds, Stopping threads took: 0.0001863 seconds
2024-07-28T20:30:47.681+0800: 11.478: [CMS-concurrent-sweep-start]
2024-07-28T20:30:47.684+0800: 11.482: [CMS-concurrent-sweep: 0.003/0.003 secs] [Times: user=0.00 sys=0.00, real=0.00 secs] 
2024-07-28T20:30:47.684+0800: 11.482: [CMS-concurrent-reset-start]
2024-07-28T20:30:47.686+0800: 11.483: [CMS-concurrent-reset: 0.001/0.001 secs] [Times: user=0.00 sys=0.00, real=0.00 secs] 
2024-07-28T20:30:47.916+0800: 11.713: Application time: 0.2352161 seconds
2024-07-28T20:30:47.916+0800: 11.713: [GC (Allocation Failure) 2024-07-28T20:30:47.916+0800: 11.713: [ParNew: 274195K->29696K(275264K), 0.0439694 secs] 445380K->344243K(886976K), 0.0440467 secs] [Times: user=0.09 sys=0.00, real=0.04 secs] 
2024-07-28T20:30:47.960+0800: 11.757: Total time for which application threads were stopped: 0.0441911 seconds, Stopping threads took: 0.0000238 seconds
2024-07-28T20:30:47.960+0800: 11.758: Application time: 0.0002022 seconds
2024-07-28T20:30:47.960+0800: 11.758: [GC (CMS Initial Mark) [1 CMS-initial-mark: 314547K(611712K)] 351170K(886976K), 0.0005994 secs] [Times: user=0.00 sys=0.00, real=0.00 secs] 
2024-07-28T20:30:47.961+0800: 11.758: Total time for which application threads were stopped: 0.0008340 seconds, Stopping threads took: 0.0001734 seconds
2024-07-28T20:30:47.961+0800: 11.758: [CMS-concurrent-mark-start]
2024-07-28T20:30:47.965+0800: 11.762: [CMS-concurrent-mark: 0.004/0.004 secs] [Times: user=0.00 sys=0.00, real=0.00 secs] 
2024-07-28T20:30:47.965+0800: 11.762: [CMS-concurrent-preclean-start]
2024-07-28T20:30:47.966+0800: 11.763: [CMS-concurrent-preclean: 0.001/0.001 secs] [Times: user=0.00 sys=0.00, real=0.00 secs] 
2024-07-28T20:30:47.966+0800: 11.763: [CMS-concurrent-abortable-preclean-start]
2024-07-28T20:30:48.290+0800: 12.087: Application time: 0.3290604 seconds
2024-07-28T20:30:48.290+0800: 12.087: [GC (Allocation Failure) 2024-07-28T20:30:48.290+0800: 12.088: [ParNew: 274195K->7168K(275264K), 0.0021686 secs] 588742K->321715K(886976K), 0.0022288 secs] [Times: user=0.00 sys=0.00, real=0.00 secs] 
2024-07-28T20:30:48.293+0800: 12.090: Total time for which application threads were stopped: 0.0023488 seconds, Stopping threads took: 0.0000217 seconds
2024-07-28T20:30:48.515+0800: 12.312: Application time: 0.2221482 seconds
2024-07-28T20:30:48.515+0800: 12.312: [GC (Allocation Failure) 2024-07-28T20:30:48.515+0800: 12.312: [ParNew: 251666K->29696K(275264K), 0.0090168 secs] 566214K->360627K(886976K), 0.0090794 secs] [Times: user=0.03 sys=0.00, real=0.01 secs] 
2024-07-28T20:30:48.524+0800: 12.321: Total time for which application threads were stopped: 0.0092031 seconds, Stopping threads took: 0.0000215 seconds
2024-07-28T20:30:48.524+0800: 12.321: [CMS-concurrent-abortable-preclean: 0.013/0.558 secs] [Times: user=0.03 sys=0.00, real=0.56 secs] 
2024-07-28T20:30:48.524+0800: 12.321: Application time: 0.0003075 seconds
2024-07-28T20:30:48.524+0800: 12.322: [GC (CMS Final Remark) [YG occupancy: 36623 K (275264 K)]2024-07-28T20:30:48.524+0800: 12.322: [Rescan (parallel) , 0.0008281 secs]2024-07-28T20:30:48.525+0800: 12.322: [weak refs processing, 0.0000127 secs]2024-07-28T20:30:48.525+0800: 12.322: [class unloading, 0.0003304 secs]2024-07-28T20:30:48.525+0800: 12.323: [scrub symbol table, 0.0004318 secs]2024-07-28T20:30:48.526+0800: 12.323: [scrub string table, 0.0001314 secs][1 CMS-remark: 330931K(611712K)] 367555K(886976K), 0.0018010 secs] [Times: user=0.00 sys=0.00, real=0.00 secs] 
2024-07-28T20:30:48.526+0800: 12.323: Total time for which application threads were stopped: 0.0019179 seconds, Stopping threads took: 0.0000784 seconds
2024-07-28T20:30:48.526+0800: 12.324: [CMS-concurrent-sweep-start]
2024-07-28T20:30:48.528+0800: 12.325: [CMS-concurrent-sweep: 0.002/0.002 secs] [Times: user=0.00 sys=0.00, real=0.00 secs] 
2024-07-28T20:30:48.528+0800: 12.326: [CMS-concurrent-reset-start]
2024-07-28T20:30:48.530+0800: 12.327: [CMS-concurrent-reset: 0.001/0.001 secs] [Times: user=0.00 sys=0.00, real=0.00 secs] 
2024-07-28T20:30:48.769+0800: 12.565: Application time: 0.2419464 seconds
2024-07-28T20:30:48.769+0800: 12.565: [GC (Allocation Failure) 2024-07-28T20:30:48.769+0800: 12.565: [ParNew: 274195K->29706K(275264K), 0.0138014 secs] 435140K->245948K(886976K), 0.0138667 secs] [Times: user=0.03 sys=0.00, real=0.01 secs] 
2024-07-28T20:30:48.783+0800: 12.579: Total time for which application threads were stopped: 0.0139835 seconds, Stopping threads took: 0.0000206 seconds
2024-07-28T20:30:49.113+0800: 12.910: Application time: 0.3308639 seconds
2024-07-28T20:30:49.114+0800: 12.910: [GC (Allocation Failure) 2024-07-28T20:30:49.114+0800: 12.910: [ParNew: 274205K->29696K(275264K), 0.0316266 secs] 490447K->340147K(886976K), 0.0317114 secs] [Times: user=0.03 sys=0.00, real=0.03 secs] 
2024-07-28T20:30:49.145+0800: 12.942: Total time for which application threads were stopped: 0.0318833 seconds, Stopping threads took: 0.0000297 seconds
2024-07-28T20:30:49.145+0800: 12.942: Application time: 0.0001482 seconds
2024-07-28T20:30:49.146+0800: 12.942: [GC (CMS Initial Mark) [1 CMS-initial-mark: 310451K(611712K)] 341171K(886976K), 0.0004581 secs] [Times: user=0.00 sys=0.00, real=0.00 secs] 
2024-07-28T20:30:49.146+0800: 12.943: Total time for which application threads were stopped: 0.0006525 seconds, Stopping threads took: 0.0001427 seconds
2024-07-28T20:30:49.146+0800: 12.943: [CMS-concurrent-mark-start]
2024-07-28T20:30:49.150+0800: 12.947: [CMS-concurrent-mark: 0.004/0.004 secs] [Times: user=0.00 sys=0.00, real=0.00 secs] 
2024-07-28T20:30:49.150+0800: 12.947: [CMS-concurrent-preclean-start]
2024-07-28T20:30:49.152+0800: 12.949: [CMS-concurrent-preclean: 0.002/0.002 secs] [Times: user=0.00 sys=0.00, real=0.00 secs] 
2024-07-28T20:30:49.153+0800: 12.949: [CMS-concurrent-abortable-preclean-start]
2024-07-28T20:30:49.385+0800: 13.181: Application time: 0.2386203 seconds
2024-07-28T20:30:49.385+0800: 13.182: [GC (Allocation Failure) 2024-07-28T20:30:49.385+0800: 13.182: [ParNew: 274195K->29696K(275264K), 0.0450144 secs] 584646K->473269K(886976K), 0.0450784 secs] [Times: user=0.09 sys=0.00, real=0.05 secs] 
2024-07-28T20:30:49.430+0800: 13.227: Total time for which application threads were stopped: 0.0452078 seconds, Stopping threads took: 0.0000245 seconds
Heap
 par new generation   total 275264K, used 77359K [0x00000000c8000000, 0x00000000daaa0000, 0x00000000daaa0000)
  eden space 244736K,  19% used [0x00000000c8000000, 0x00000000cae8bb90, 0x00000000d6f00000)
  from space 30528K,  97% used [0x00000000d6f00000, 0x00000000d8c001d0, 0x00000000d8cd0000)
  to   space 30528K,   0% used [0x00000000d8cd0000, 0x00000000d8cd0000, 0x00000000daaa0000)
 concurrent mark-sweep generation total 611712K, used 443573K [0x00000000daaa0000, 0x0000000100000000, 0x0000000100000000)
 Metaspace       used 4247K, capacity 4668K, committed 4864K, reserved 1056768K
  class space    used 460K, capacity 492K, committed 512K, reserved 1048576K
2024-07-28T20:30:49.538+0800: 13.335: Application time: 0.1078650 seconds
