OpenJDK 64-Bit Server VM (25.412-b1) for windows-amd64 JRE (1.8.0_412-b1), built on Apr 23 2024 12:00:37 by "Administrator" with MS VC++ 10.0 (VS2010)
Memory: 4k page, physical 16672068k(5018908k free), swap 19811428k(4723456k free)
CommandLine flags: -XX:-CMSParallelInitialMarkEnabled -XX:GCDrainStackTargetSize=64 -XX:InitialHeapSize=810758960 -XX:MaxHeapSize=939524096 -XX:MaxNewSize=805306368 -XX:MaxTenuringThreshold=6 -XX:NewSize=805306368 -XX:OldPLABSize=16 -XX:+PrintGC -XX:+PrintGCApplicationConcurrentTime -XX:+PrintGCApplicationStoppedTime -XX:+PrintGCDateStamps -XX:+PrintGCDetails -XX:+PrintGCTimeStamps -XX:+UseCompressedClassPointers -XX:+UseCompressedOops -XX:+UseConcMarkSweepGC -XX:-UseLargePagesIndividualAllocation -XX:+UseParNewGC 
2024-07-30T18:37:20.485+0800: 1.028: Application time: 0.9485599 seconds
2024-07-30T18:37:20.485+0800: 1.028: Total time for which application threads were stopped: 0.0007883 seconds, Stopping threads took: 0.0007312 seconds
2024-07-30T18:37:20.634+0800: 1.177: Application time: 0.1487410 seconds
2024-07-30T18:37:20.634+0800: 1.177: [GC (Allocation Failure) 2024-07-30T18:37:20.634+0800: 1.177: [ParNew: 629042K->14047K(707840K), 0.0102288 secs] 629042K->14047K(713984K), 0.0104765 secs] [Times: user=0.01 sys=0.01, real=0.01 secs] 
2024-07-30T18:37:20.645+0800: 1.188: Total time for which application threads were stopped: 0.0105931 seconds, Stopping threads took: 0.0000183 seconds
2024-07-30T18:37:21.308+0800: 1.851: Application time: 0.6628242 seconds
2024-07-30T18:37:21.308+0800: 1.851: [GC (Allocation Failure) 2024-07-30T18:37:21.308+0800: 1.851: [ParNew: 643295K->8102K(707840K), 0.0057561 secs] 643295K->8102K(713984K), 0.0058324 secs] [Times: user=0.00 sys=0.00, real=0.01 secs] 
2024-07-30T18:37:21.314+0800: 1.856: Total time for which application threads were stopped: 0.0059419 seconds, Stopping threads took: 0.0000202 seconds
2024-07-30T18:37:21.986+0800: 2.529: Application time: 0.6727336 seconds
2024-07-30T18:37:21.986+0800: 2.529: [GC (Allocation Failure) 2024-07-30T18:37:21.986+0800: 2.529: [ParNew: 637350K->12189K(707840K), 0.0024296 secs] 637350K->12189K(713984K), 0.0024914 secs] [Times: user=0.03 sys=0.00, real=0.00 secs] 
2024-07-30T18:37:21.989+0800: 2.532: Total time for which application threads were stopped: 0.0026304 seconds, Stopping threads took: 0.0000186 seconds
2024-07-30T18:37:22.661+0800: 3.204: Application time: 0.6720791 seconds
2024-07-30T18:37:22.661+0800: 3.204: [GC (Allocation Failure) 2024-07-30T18:37:22.661+0800: 3.204: [ParNew: 641437K->19358K(707840K), 0.0081741 secs] 641437K->19358K(713984K), 0.0082364 secs] [Times: user=0.00 sys=0.00, real=0.01 secs] 
2024-07-30T18:37:22.670+0800: 3.212: Total time for which application threads were stopped: 0.0083586 seconds, Stopping threads took: 0.0000205 seconds
2024-07-30T18:37:23.338+0800: 3.880: Application time: 0.6681757 seconds
2024-07-30T18:37:23.338+0800: 3.881: [GC (Allocation Failure) 2024-07-30T18:37:23.338+0800: 3.881: [ParNew: 648606K->25669K(707840K), 0.0100255 secs] 648606K->25669K(713984K), 0.0100866 secs] [Times: user=0.00 sys=0.00, real=0.01 secs] 
2024-07-30T18:37:23.348+0800: 3.891: Total time for which application threads were stopped: 0.0101980 seconds, Stopping threads took: 0.0000163 seconds
2024-07-30T18:37:23.588+0800: 4.130: Application time: 0.2396319 seconds
2024-07-30T18:37:23.588+0800: 4.130: Total time for which application threads were stopped: 0.0000957 seconds, Stopping threads took: 0.0000400 seconds
2024-07-30T18:37:24.015+0800: 4.558: Application time: 0.4273900 seconds
2024-07-30T18:37:24.015+0800: 4.558: [GC (Allocation Failure) 2024-07-30T18:37:24.015+0800: 4.558: [ParNew: 654917K->34751K(707840K), 0.0120912 secs] 654917K->34751K(713984K), 0.0121588 secs] [Times: user=0.03 sys=0.00, real=0.01 secs] 
2024-07-30T18:37:24.028+0800: 4.570: Total time for which application threads were stopped: 0.0122734 seconds, Stopping threads took: 0.0000180 seconds
2024-07-30T18:37:24.694+0800: 5.237: Application time: 0.6665226 seconds
2024-07-30T18:37:24.694+0800: 5.237: [GC (Allocation Failure) 2024-07-30T18:37:24.694+0800: 5.237: [ParNew: 663999K->40464K(707840K), 0.0147273 secs] 663999K->41150K(713984K), 0.0148462 secs] [Times: user=0.03 sys=0.00, real=0.01 secs] 
2024-07-30T18:37:24.709+0800: 5.252: Total time for which application threads were stopped: 0.0149827 seconds, Stopping threads took: 0.0000192 seconds
2024-07-30T18:37:25.370+0800: 5.912: Application time: 0.6605697 seconds
2024-07-30T18:37:25.370+0800: 5.912: [GC (Allocation Failure) 2024-07-30T18:37:25.370+0800: 5.912: [ParNew: 669712K->48128K(707840K), 0.0141950 secs] 670398K->48815K(713984K), 0.0142521 secs] [Times: user=0.03 sys=0.00, real=0.01 secs] 
2024-07-30T18:37:25.384+0800: 5.926: Total time for which application threads were stopped: 0.0143695 seconds, Stopping threads took: 0.0000212 seconds
2024-07-30T18:37:26.063+0800: 6.605: Application time: 0.6789433 seconds
2024-07-30T18:37:26.063+0800: 6.606: [GC (Allocation Failure) 2024-07-30T18:37:26.063+0800: 6.606: [ParNew: 677376K->56344K(707840K), 0.0163479 secs] 678063K->57031K(713984K), 0.0164075 secs] [Times: user=0.03 sys=0.00, real=0.02 secs] 
2024-07-30T18:37:26.080+0800: 6.622: Total time for which application threads were stopped: 0.0165240 seconds, Stopping threads took: 0.0000218 seconds
2024-07-30T18:37:26.755+0800: 7.298: Application time: 0.6755599 seconds
2024-07-30T18:37:26.755+0800: 7.298: [GC (Allocation Failure) 2024-07-30T18:37:26.755+0800: 7.298: [ParNew: 685592K->64512K(707840K), 0.0173186 secs] 686279K->65200K(713984K), 0.0173785 secs] [Times: user=0.02 sys=0.02, real=0.02 secs] 
2024-07-30T18:37:26.773+0800: 7.315: Total time for which application threads were stopped: 0.0174932 seconds, Stopping threads took: 0.0000198 seconds
2024-07-30T18:37:27.447+0800: 7.990: Application time: 0.6750049 seconds
2024-07-30T18:37:27.447+0800: 7.990: [GC (Allocation Failure) 2024-07-30T18:37:27.447+0800: 7.990: [ParNew: 693383K->76801K(707840K), 0.0203857 secs] 694070K->77488K(713984K), 0.0204531 secs] [Times: user=0.01 sys=0.02, real=0.02 secs] 
2024-07-30T18:37:27.468+0800: 8.011: Total time for which application threads were stopped: 0.0205740 seconds, Stopping threads took: 0.0000192 seconds
2024-07-30T18:37:28.220+0800: 8.762: Application time: 0.7514600 seconds
2024-07-30T18:37:28.220+0800: 8.762: [GC (Allocation Failure) 2024-07-30T18:37:28.220+0800: 8.762: [ParNew: 706049K->77825K(707840K), 0.0216435 secs] 706736K->85680K(717068K), 0.0217054 secs] [Times: user=0.05 sys=0.02, real=0.02 secs] 
2024-07-30T18:37:28.241+0800: 8.784: Total time for which application threads were stopped: 0.0218283 seconds, Stopping threads took: 0.0000221 seconds
2024-07-30T18:37:28.242+0800: 8.784: Application time: 0.0002068 seconds
2024-07-30T18:37:28.242+0800: 8.784: [GC (CMS Initial Mark) [1 CMS-initial-mark: 7855K(9228K)] 100183K(717068K), 0.0001127 secs] [Times: user=0.00 sys=0.00, real=0.00 secs] 
2024-07-30T18:37:28.242+0800: 8.784: Total time for which application threads were stopped: 0.0002955 seconds, Stopping threads took: 0.0001478 seconds
2024-07-30T18:37:28.242+0800: 8.785: [CMS-concurrent-mark-start]
2024-07-30T18:37:28.243+0800: 8.786: [CMS-concurrent-mark: 0.001/0.001 secs] [Times: user=0.00 sys=0.00, real=0.00 secs] 
2024-07-30T18:37:28.243+0800: 8.786: [CMS-concurrent-preclean-start]
2024-07-30T18:37:28.243+0800: 8.786: [CMS-concurrent-preclean: 0.000/0.000 secs] [Times: user=0.00 sys=0.00, real=0.00 secs] 
2024-07-30T18:37:28.243+0800: 8.786: [CMS-concurrent-abortable-preclean-start]
2024-07-30T18:37:28.792+0800: 9.334: [CMS-concurrent-abortable-preclean: 0.001/0.548 secs] [Times: user=0.00 sys=0.00, real=0.55 secs] 
2024-07-30T18:37:28.792+0800: 9.335: Application time: 0.5502179 seconds
2024-07-30T18:37:28.792+0800: 9.335: [GC (CMS Final Remark) [YG occupancy: 510175 K (707840 K)]2024-07-30T18:37:28.792+0800: 9.335: [Rescan (parallel) , 0.0005681 secs]2024-07-30T18:37:28.793+0800: 9.335: [weak refs processing, 0.0000240 secs]2024-07-30T18:37:28.793+0800: 9.335: [class unloading, 0.0003616 secs]2024-07-30T18:37:28.793+0800: 9.336: [scrub symbol table, 0.0003596 secs]2024-07-30T18:37:28.794+0800: 9.336: [scrub string table, 0.0000936 secs][1 CMS-remark: 7855K(9228K)] 518030K(717068K), 0.0015119 secs] [Times: user=0.00 sys=0.00, real=0.00 secs] 
2024-07-30T18:37:28.794+0800: 9.336: Total time for which application threads were stopped: 0.0015757 seconds, Stopping threads took: 0.0000204 seconds
2024-07-30T18:37:28.794+0800: 9.336: [CMS-concurrent-sweep-start]
2024-07-30T18:37:28.794+0800: 9.337: [CMS-concurrent-sweep: 0.000/0.000 secs] [Times: user=0.00 sys=0.00, real=0.00 secs] 
2024-07-30T18:37:28.794+0800: 9.337: [CMS-concurrent-reset-start]
2024-07-30T18:37:28.795+0800: 9.338: [CMS-concurrent-reset: 0.001/0.001 secs] [Times: user=0.00 sys=0.00, real=0.00 secs] 
2024-07-30T18:37:28.941+0800: 9.483: Application time: 0.1469479 seconds
2024-07-30T18:37:28.941+0800: 9.483: [GC (Allocation Failure) 2024-07-30T18:37:28.941+0800: 9.483: [ParNew: 707073K->77825K(707840K), 0.0205520 secs] 714927K->100015K(731212K), 0.0206108 secs] [Times: user=0.05 sys=0.01, real=0.02 secs] 
2024-07-30T18:37:28.962+0800: 9.504: Total time for which application threads were stopped: 0.0207259 seconds, Stopping threads took: 0.0000184 seconds
2024-07-30T18:37:28.962+0800: 9.504: Application time: 0.0001550 seconds
2024-07-30T18:37:28.962+0800: 9.504: [GC (CMS Initial Mark) [1 CMS-initial-mark: 22190K(23372K)] 114564K(731212K), 0.0000969 secs] [Times: user=0.00 sys=0.00, real=0.00 secs] 
2024-07-30T18:37:28.962+0800: 9.504: Total time for which application threads were stopped: 0.0002643 seconds, Stopping threads took: 0.0001322 seconds
2024-07-30T18:37:28.962+0800: 9.504: [CMS-concurrent-mark-start]
2024-07-30T18:37:28.963+0800: 9.505: [CMS-concurrent-mark: 0.001/0.001 secs] [Times: user=0.00 sys=0.00, real=0.00 secs] 
2024-07-30T18:37:28.963+0800: 9.505: [CMS-concurrent-preclean-start]
2024-07-30T18:37:28.963+0800: 9.505: [CMS-concurrent-preclean: 0.000/0.000 secs] [Times: user=0.00 sys=0.00, real=0.00 secs] 
2024-07-30T18:37:28.963+0800: 9.505: [CMS-concurrent-abortable-preclean-start]
2024-07-30T18:37:29.519+0800: 10.061: [CMS-concurrent-abortable-preclean: 0.002/0.556 secs] [Times: user=0.06 sys=0.00, real=0.56 secs] 
2024-07-30T18:37:29.519+0800: 10.062: Application time: 0.5573528 seconds
2024-07-30T18:37:29.519+0800: 10.062: [GC (CMS Final Remark) [YG occupancy: 499120 K (707840 K)]2024-07-30T18:37:29.519+0800: 10.062: [Rescan (parallel) , 0.0003557 secs]2024-07-30T18:37:29.520+0800: 10.062: [weak refs processing, 0.0000186 secs]2024-07-30T18:37:29.520+0800: 10.062: [class unloading, 0.0002424 secs]2024-07-30T18:37:29.520+0800: 10.063: [scrub symbol table, 0.0003264 secs]2024-07-30T18:37:29.520+0800: 10.063: [scrub string table, 0.0000926 secs][1 CMS-remark: 22190K(23372K)] 521310K(731212K), 0.0011530 secs] [Times: user=0.02 sys=0.00, real=0.00 secs] 
2024-07-30T18:37:29.520+0800: 10.063: Total time for which application threads were stopped: 0.0013452 seconds, Stopping threads took: 0.0001395 seconds
2024-07-30T18:37:29.521+0800: 10.063: [CMS-concurrent-sweep-start]
2024-07-30T18:37:29.522+0800: 10.064: [CMS-concurrent-sweep: 0.001/0.001 secs] [Times: user=0.00 sys=0.00, real=0.00 secs] 
2024-07-30T18:37:29.522+0800: 10.065: [CMS-concurrent-reset-start]
2024-07-30T18:37:29.522+0800: 10.065: [CMS-concurrent-reset: 0.000/0.000 secs] [Times: user=0.00 sys=0.00, real=0.00 secs] 
2024-07-30T18:37:29.739+0800: 10.282: Application time: 0.2185855 seconds
2024-07-30T18:37:29.739+0800: 10.282: [GC (Allocation Failure) 2024-07-30T18:37:29.739+0800: 10.282: [ParNew: 706183K->77825K(707840K), 0.0247834 secs] 721205K->120496K(752412K), 0.0248429 secs] [Times: user=0.02 sys=0.02, real=0.02 secs] 
2024-07-30T18:37:29.764+0800: 10.307: Total time for which application threads were stopped: 0.0249695 seconds, Stopping threads took: 0.0000234 seconds
2024-07-30T18:37:29.765+0800: 10.307: Application time: 0.0001848 seconds
2024-07-30T18:37:29.765+0800: 10.307: [GC (CMS Initial Mark) [1 CMS-initial-mark: 42670K(44572K)] 134976K(752412K), 0.0001085 secs] [Times: user=0.00 sys=0.00, real=0.00 secs] 
2024-07-30T18:37:29.765+0800: 10.307: Total time for which application threads were stopped: 0.0002621 seconds, Stopping threads took: 0.0001107 seconds
2024-07-30T18:37:29.765+0800: 10.307: [CMS-concurrent-mark-start]
2024-07-30T18:37:29.766+0800: 10.308: [CMS-concurrent-mark: 0.001/0.001 secs] [Times: user=0.00 sys=0.00, real=0.00 secs] 
2024-07-30T18:37:29.766+0800: 10.308: [CMS-concurrent-preclean-start]
2024-07-30T18:37:29.766+0800: 10.309: [CMS-concurrent-preclean: 0.000/0.000 secs] [Times: user=0.00 sys=0.00, real=0.00 secs] 
2024-07-30T18:37:29.766+0800: 10.309: [CMS-concurrent-abortable-preclean-start]
2024-07-30T18:37:30.324+0800: 10.866: [CMS-concurrent-abortable-preclean: 0.002/0.558 secs] [Times: user=0.01 sys=0.01, real=0.56 secs] 
2024-07-30T18:37:30.324+0800: 10.866: Application time: 0.5594594 seconds
2024-07-30T18:37:30.324+0800: 10.867: [GC (CMS Final Remark) [YG occupancy: 603648 K (707840 K)]2024-07-30T18:37:30.324+0800: 10.867: [Rescan (parallel) , 0.0007823 secs]2024-07-30T18:37:30.325+0800: 10.867: [weak refs processing, 0.0000156 secs]2024-07-30T18:37:30.325+0800: 10.867: [class unloading, 0.0002605 secs]2024-07-30T18:37:30.325+0800: 10.868: [scrub symbol table, 0.0003417 secs]2024-07-30T18:37:30.326+0800: 10.868: [scrub string table, 0.0000996 secs][1 CMS-remark: 42670K(44572K)] 646319K(752412K), 0.0015802 secs] [Times: user=0.00 sys=0.00, real=0.00 secs] 
2024-07-30T18:37:30.326+0800: 10.868: Total time for which application threads were stopped: 0.0016551 seconds, Stopping threads took: 0.0000211 seconds
2024-07-30T18:37:30.326+0800: 10.868: [CMS-concurrent-sweep-start]
2024-07-30T18:37:30.326+0800: 10.869: [CMS-concurrent-sweep: 0.000/0.000 secs] [Times: user=0.00 sys=0.00, real=0.00 secs] 
2024-07-30T18:37:30.326+0800: 10.869: [CMS-concurrent-reset-start]
2024-07-30T18:37:30.326+0800: 10.869: [CMS-concurrent-reset: 0.000/0.000 secs] [Times: user=0.00 sys=0.00, real=0.00 secs] 
2024-07-30T18:37:30.452+0800: 10.994: Application time: 0.1262957 seconds
2024-07-30T18:37:30.452+0800: 10.995: [GC (Allocation Failure) 2024-07-30T18:37:30.452+0800: 10.995: [ParNew: 707073K->77825K(707840K), 0.0290730 secs] 735407K->142000K(774600K), 0.0291295 secs] [Times: user=0.06 sys=0.00, real=0.03 secs] 
2024-07-30T18:37:30.481+0800: 11.024: Total time for which application threads were stopped: 0.0292724 seconds, Stopping threads took: 0.0000202 seconds
2024-07-30T18:37:30.481+0800: 11.024: Application time: 0.0001605 seconds
2024-07-30T18:37:30.481+0800: 11.024: [GC (CMS Initial Mark) [1 CMS-initial-mark: 64175K(66760K)] 156534K(774600K), 0.0000973 secs] [Times: user=0.00 sys=0.00, real=0.00 secs] 
2024-07-30T18:37:30.481+0800: 11.024: Total time for which application threads were stopped: 0.0002321 seconds, Stopping threads took: 0.0001013 seconds
2024-07-30T18:37:30.481+0800: 11.024: [CMS-concurrent-mark-start]
2024-07-30T18:37:30.483+0800: 11.026: [CMS-concurrent-mark: 0.001/0.001 secs] [Times: user=0.00 sys=0.00, real=0.00 secs] 
2024-07-30T18:37:30.483+0800: 11.026: [CMS-concurrent-preclean-start]
2024-07-30T18:37:30.483+0800: 11.026: [CMS-concurrent-preclean: 0.000/0.000 secs] [Times: user=0.00 sys=0.00, real=0.00 secs] 
2024-07-30T18:37:30.483+0800: 11.026: [CMS-concurrent-abortable-preclean-start]
2024-07-30T18:37:31.035+0800: 11.577: [CMS-concurrent-abortable-preclean: 0.002/0.551 secs] [Times: user=0.05 sys=0.00, real=0.55 secs] 
2024-07-30T18:37:31.035+0800: 11.577: Application time: 0.5530969 seconds
2024-07-30T18:37:31.035+0800: 11.577: [GC (CMS Final Remark) [YG occupancy: 586293 K (707840 K)]2024-07-30T18:37:31.035+0800: 11.577: [Rescan (parallel) , 0.0010098 secs]2024-07-30T18:37:31.035+0800: 11.578: [weak refs processing, 0.0000223 secs]2024-07-30T18:37:31.036+0800: 11.578: [class unloading, 0.0002242 secs]2024-07-30T18:37:31.036+0800: 11.579: [scrub symbol table, 0.0003119 secs]2024-07-30T18:37:31.036+0800: 11.579: [scrub string table, 0.0000918 secs][1 CMS-remark: 64175K(66760K)] 650468K(774600K), 0.0017422 secs] [Times: user=0.01 sys=0.00, real=0.00 secs] 
2024-07-30T18:37:31.036+0800: 11.579: Total time for which application threads were stopped: 0.0019347 seconds, Stopping threads took: 0.0001047 seconds
2024-07-30T18:37:31.036+0800: 11.579: [CMS-concurrent-sweep-start]
2024-07-30T18:37:31.038+0800: 11.581: [CMS-concurrent-sweep: 0.001/0.001 secs] [Times: user=0.00 sys=0.00, real=0.00 secs] 
2024-07-30T18:37:31.038+0800: 11.581: [CMS-concurrent-reset-start]
2024-07-30T18:37:31.038+0800: 11.581: [CMS-concurrent-reset: 0.000/0.000 secs] [Times: user=0.00 sys=0.00, real=0.00 secs] 
2024-07-30T18:37:31.163+0800: 11.705: Application time: 0.1256634 seconds
2024-07-30T18:37:31.163+0800: 11.705: [GC (Allocation Failure) 2024-07-30T18:37:31.163+0800: 11.705: [ParNew: 707073K->77825K(707840K), 0.0300876 secs] 743600K->162480K(794132K), 0.0301492 secs] [Times: user=0.06 sys=0.00, real=0.03 secs] 
2024-07-30T18:37:31.193+0800: 11.735: Total time for which application threads were stopped: 0.0302604 seconds, Stopping threads took: 0.0000221 seconds
2024-07-30T18:37:31.193+0800: 11.735: Application time: 0.0002325 seconds
2024-07-30T18:37:31.193+0800: 11.735: [GC (CMS Initial Mark) [1 CMS-initial-mark: 84655K(86292K)] 176952K(794132K), 0.0000971 secs] [Times: user=0.00 sys=0.00, real=0.00 secs] 
2024-07-30T18:37:31.193+0800: 11.736: Total time for which application threads were stopped: 0.0002511 seconds, Stopping threads took: 0.0001190 seconds
2024-07-30T18:37:31.193+0800: 11.736: [CMS-concurrent-mark-start]
2024-07-30T18:37:31.195+0800: 11.737: [CMS-concurrent-mark: 0.001/0.001 secs] [Times: user=0.00 sys=0.00, real=0.00 secs] 
2024-07-30T18:37:31.195+0800: 11.737: [CMS-concurrent-preclean-start]
2024-07-30T18:37:31.195+0800: 11.737: [CMS-concurrent-preclean: 0.000/0.000 secs] [Times: user=0.00 sys=0.00, real=0.00 secs] 
2024-07-30T18:37:31.195+0800: 11.737: [CMS-concurrent-abortable-preclean-start]
2024-07-30T18:37:31.195+0800: 11.737: [CMS-concurrent-abortable-preclean: 0.000/0.000 secs] [Times: user=0.00 sys=0.00, real=0.00 secs] 
2024-07-30T18:37:31.195+0800: 11.738: Application time: 0.0019676 seconds
2024-07-30T18:37:31.195+0800: 11.738: [GC (CMS Final Remark) [YG occupancy: 119193 K (707840 K)]2024-07-30T18:37:31.195+0800: 11.738: [Rescan (parallel) , 0.0007412 secs]2024-07-30T18:37:31.196+0800: 11.738: [weak refs processing, 0.0000125 secs]2024-07-30T18:37:31.196+0800: 11.738: [class unloading, 0.0002366 secs]2024-07-30T18:37:31.196+0800: 11.739: [scrub symbol table, 0.0003670 secs]2024-07-30T18:37:31.197+0800: 11.739: [scrub string table, 0.0000934 secs][1 CMS-remark: 84655K(86292K)] 203848K(794132K), 0.0015191 secs] [Times: user=0.00 sys=0.00, real=0.00 secs] 
2024-07-30T18:37:31.197+0800: 11.739: Total time for which application threads were stopped: 0.0016622 seconds, Stopping threads took: 0.0001028 seconds
2024-07-30T18:37:31.197+0800: 11.739: [CMS-concurrent-sweep-start]
2024-07-30T18:37:31.198+0800: 11.741: [CMS-concurrent-sweep: 0.001/0.001 secs] [Times: user=0.00 sys=0.00, real=0.00 secs] 
2024-07-30T18:37:31.198+0800: 11.741: [CMS-concurrent-reset-start]
2024-07-30T18:37:31.199+0800: 11.741: [CMS-concurrent-reset: 0.000/0.000 secs] [Times: user=0.00 sys=0.00, real=0.00 secs] 
Heap
 par new generation   total 707840K, used 387289K [0x00000000c8000000, 0x00000000f8000000, 0x00000000f8000000)
  eden space 629248K,  49% used [0x00000000c8000000, 0x00000000dae36138, 0x00000000ee680000)
  from space 78592K,  99% used [0x00000000ee680000, 0x00000000f32804c0, 0x00000000f3340000)
  to   space 78592K,   0% used [0x00000000f3340000, 0x00000000f3340000, 0x00000000f8000000)
 concurrent mark-sweep generation total 86292K, used 48815K [0x00000000f8000000, 0x00000000fd445000, 0x0000000100000000)
 Metaspace       used 3005K, capacity 4486K, committed 4864K, reserved 1056768K
  class space    used 310K, capacity 386K, committed 512K, reserved 1048576K
2024-07-30T18:37:31.648+0800: 12.190: Application time: 0.4512414 seconds
