OpenJDK 64-Bit Server VM (25.412-b1) for windows-amd64 JRE (1.8.0_412-b1), built on Apr 23 2024 12:00:37 by "Administrator" with MS VC++ 10.0 (VS2010)
Memory: 4k page, physical 16672068k(5032368k free), swap 19811428k(4829500k free)
CommandLine flags: -XX:GCDrainStackTargetSize=64 -XX:InitialHeapSize=810758960 -XX:MaxHeapSize=939524096 -XX:MaxNewSize=805306368 -XX:MaxTenuringThreshold=6 -XX:NewSize=805306368 -XX:OldPLABSize=16 -XX:+PrintGC -XX:+PrintGCApplicationConcurrentTime -XX:+PrintGCApplicationStoppedTime -XX:+PrintGCDateStamps -XX:+PrintGCDetails -XX:+PrintGCTimeStamps -XX:+UseCompressedClassPointers -XX:+UseCompressedOops -XX:+UseConcMarkSweepGC -XX:-UseLargePagesIndividualAllocation -XX:+UseParNewGC 
2024-07-30T18:39:50.554+0800: 1.022: Application time: 0.9457033 seconds
2024-07-30T18:39:50.554+0800: 1.022: [GC (Allocation Failure) 2024-07-30T18:39:50.554+0800: 1.022: [ParNew: 629042K->14099K(707840K), 0.0084118 secs] 629042K->14099K(713984K), 0.0086195 secs] [Times: user=0.00 sys=0.00, real=0.01 secs] 
2024-07-30T18:39:50.563+0800: 1.030: Total time for which application threads were stopped: 0.0087462 seconds, Stopping threads took: 0.0000202 seconds
2024-07-30T18:39:51.238+0800: 1.705: Application time: 0.6746394 seconds
2024-07-30T18:39:51.238+0800: 1.705: [GC (Allocation Failure) 2024-07-30T18:39:51.238+0800: 1.705: [ParNew: 643347K->8265K(707840K), 0.0047103 secs] 643347K->8265K(713984K), 0.0047810 secs] [Times: user=0.03 sys=0.00, real=0.00 secs] 
2024-07-30T18:39:51.243+0800: 1.710: Total time for which application threads were stopped: 0.0049023 seconds, Stopping threads took: 0.0000221 seconds
2024-07-30T18:39:51.930+0800: 2.397: Application time: 0.6872080 seconds
2024-07-30T18:39:51.930+0800: 2.397: [GC (Allocation Failure) 2024-07-30T18:39:51.930+0800: 2.397: [ParNew: 637513K->12221K(707840K), 0.0026500 secs] 637513K->12221K(713984K), 0.0027047 secs] [Times: user=0.00 sys=0.00, real=0.00 secs] 
2024-07-30T18:39:51.933+0800: 2.400: Total time for which application threads were stopped: 0.0028335 seconds, Stopping threads took: 0.0000189 seconds
2024-07-30T18:39:52.607+0800: 3.075: Application time: 0.6747295 seconds
2024-07-30T18:39:52.608+0800: 3.075: [GC (Allocation Failure) 2024-07-30T18:39:52.608+0800: 3.075: [ParNew: 641469K->19411K(707840K), 0.0079759 secs] 641469K->19411K(713984K), 0.0080240 secs] [Times: user=0.02 sys=0.02, real=0.01 secs] 
2024-07-30T18:39:52.616+0800: 3.083: Total time for which application threads were stopped: 0.0081451 seconds, Stopping threads took: 0.0000200 seconds
2024-07-30T18:39:53.313+0800: 3.780: Application time: 0.6971686 seconds
2024-07-30T18:39:53.313+0800: 3.780: [GC (Allocation Failure) 2024-07-30T18:39:53.313+0800: 3.780: [ParNew: 648659K->25635K(707840K), 0.0081868 secs] 648659K->25635K(713984K), 0.0082595 secs] [Times: user=0.03 sys=0.00, real=0.01 secs] 
2024-07-30T18:39:53.321+0800: 3.788: Total time for which application threads were stopped: 0.0083884 seconds, Stopping threads took: 0.0000209 seconds
2024-07-30T18:39:53.639+0800: 4.107: Application time: 0.3181863 seconds
2024-07-30T18:39:53.640+0800: 4.107: Total time for which application threads were stopped: 0.0001008 seconds, Stopping threads took: 0.0000632 seconds
2024-07-30T18:39:53.989+0800: 4.456: Application time: 0.3497825 seconds
2024-07-30T18:39:53.989+0800: 4.456: [GC (Allocation Failure) 2024-07-30T18:39:53.989+0800: 4.457: [ParNew: 654883K->34680K(707840K), 0.0111634 secs] 654883K->34680K(713984K), 0.0112231 secs] [Times: user=0.00 sys=0.00, real=0.01 secs] 
2024-07-30T18:39:54.001+0800: 4.468: Total time for which application threads were stopped: 0.0113435 seconds, Stopping threads took: 0.0000202 seconds
2024-07-30T18:39:54.667+0800: 5.134: Application time: 0.6666535 seconds
2024-07-30T18:39:54.667+0800: 5.135: [GC (Allocation Failure) 2024-07-30T18:39:54.667+0800: 5.135: [ParNew: 663928K->40330K(707840K), 0.0132097 secs] 663928K->41013K(713984K), 0.0132697 secs] [Times: user=0.03 sys=0.00, real=0.01 secs] 
2024-07-30T18:39:54.681+0800: 5.148: Total time for which application threads were stopped: 0.0134087 seconds, Stopping threads took: 0.0000201 seconds
2024-07-30T18:39:55.348+0800: 5.815: Application time: 0.6675812 seconds
2024-07-30T18:39:55.348+0800: 5.815: [GC (Allocation Failure) 2024-07-30T18:39:55.348+0800: 5.816: [ParNew: 669578K->48128K(707840K), 0.0124718 secs] 670261K->48813K(713984K), 0.0125833 secs] [Times: user=0.00 sys=0.00, real=0.01 secs] 
2024-07-30T18:39:55.361+0800: 5.828: Total time for which application threads were stopped: 0.0126981 seconds, Stopping threads took: 0.0000193 seconds
2024-07-30T18:39:56.030+0800: 6.497: Application time: 0.6687579 seconds
2024-07-30T18:39:56.030+0800: 6.497: [GC (Allocation Failure) 2024-07-30T18:39:56.030+0800: 6.497: [ParNew: 677376K->56349K(707840K), 0.0150218 secs] 678061K->57034K(713984K), 0.0150835 secs] [Times: user=0.03 sys=0.00, real=0.02 secs] 
2024-07-30T18:39:56.045+0800: 6.512: Total time for which application threads were stopped: 0.0151983 seconds, Stopping threads took: 0.0000206 seconds
2024-07-30T18:39:56.707+0800: 7.175: Application time: 0.6626551 seconds
2024-07-30T18:39:56.707+0800: 7.175: [GC (Allocation Failure) 2024-07-30T18:39:56.707+0800: 7.175: [ParNew: 685597K->64512K(707840K), 0.0165453 secs] 686282K->65198K(713984K), 0.0166038 secs] [Times: user=0.03 sys=0.00, real=0.02 secs] 
2024-07-30T18:39:56.724+0800: 7.191: Total time for which application threads were stopped: 0.0167093 seconds, Stopping threads took: 0.0000184 seconds
2024-07-30T18:39:57.399+0800: 7.867: Application time: 0.6753173 seconds
2024-07-30T18:39:57.399+0800: 7.867: [GC (Allocation Failure) 2024-07-30T18:39:57.399+0800: 7.867: [ParNew: 693383K->76801K(707840K), 0.0194522 secs] 694068K->77486K(713984K), 0.0195120 secs] [Times: user=0.02 sys=0.02, real=0.02 secs] 
2024-07-30T18:39:57.419+0800: 7.886: Total time for which application threads were stopped: 0.0196310 seconds, Stopping threads took: 0.0000201 seconds
2024-07-30T18:39:58.094+0800: 8.561: Application time: 0.6743088 seconds
2024-07-30T18:39:58.094+0800: 8.561: [GC (Allocation Failure) 2024-07-30T18:39:58.094+0800: 8.561: [ParNew: 706049K->77825K(707840K), 0.0216502 secs] 706734K->85678K(717068K), 0.0217167 secs] [Times: user=0.06 sys=0.00, real=0.02 secs] 
2024-07-30T18:39:58.115+0800: 8.583: Total time for which application threads were stopped: 0.0218289 seconds, Stopping threads took: 0.0000198 seconds
2024-07-30T18:39:58.115+0800: 8.583: Application time: 0.0002210 seconds
2024-07-30T18:39:58.115+0800: 8.583: [GC (CMS Initial Mark) [1 CMS-initial-mark: 7853K(9228K)] 100181K(717068K), 0.0007464 secs] [Times: user=0.00 sys=0.00, real=0.00 secs] 
2024-07-30T18:39:58.116+0800: 8.584: Total time for which application threads were stopped: 0.0009528 seconds, Stopping threads took: 0.0001616 seconds
2024-07-30T18:39:58.116+0800: 8.584: [CMS-concurrent-mark-start]
2024-07-30T18:39:58.117+0800: 8.585: [CMS-concurrent-mark: 0.001/0.001 secs] [Times: user=0.00 sys=0.00, real=0.00 secs] 
2024-07-30T18:39:58.117+0800: 8.585: [CMS-concurrent-preclean-start]
2024-07-30T18:39:58.117+0800: 8.585: [CMS-concurrent-preclean: 0.000/0.000 secs] [Times: user=0.00 sys=0.00, real=0.00 secs] 
2024-07-30T18:39:58.117+0800: 8.585: [CMS-concurrent-abortable-preclean-start]
2024-07-30T18:39:58.672+0800: 9.139: [CMS-concurrent-abortable-preclean: 0.001/0.554 secs] [Times: user=0.01 sys=0.00, real=0.55 secs] 
2024-07-30T18:39:58.672+0800: 9.139: Application time: 0.5556714 seconds
2024-07-30T18:39:58.673+0800: 9.140: [GC (CMS Final Remark) [YG occupancy: 523654 K (707840 K)]2024-07-30T18:39:58.673+0800: 9.140: [Rescan (parallel) , 0.0011590 secs]2024-07-30T18:39:58.674+0800: 9.141: [weak refs processing, 0.0000136 secs]2024-07-30T18:39:58.674+0800: 9.141: [class unloading, 0.0003343 secs]2024-07-30T18:39:58.674+0800: 9.141: [scrub symbol table, 0.0003556 secs]2024-07-30T18:39:58.675+0800: 9.142: [scrub string table, 0.0000920 secs][1 CMS-remark: 7853K(9228K)] 531507K(717068K), 0.0020366 secs] [Times: user=0.00 sys=0.00, real=0.00 secs] 
2024-07-30T18:39:58.675+0800: 9.142: Total time for which application threads were stopped: 0.0022596 seconds, Stopping threads took: 0.0001814 seconds
2024-07-30T18:39:58.675+0800: 9.142: [CMS-concurrent-sweep-start]
2024-07-30T18:39:58.676+0800: 9.143: [CMS-concurrent-sweep: 0.001/0.001 secs] [Times: user=0.00 sys=0.00, real=0.00 secs] 
2024-07-30T18:39:58.677+0800: 9.144: [CMS-concurrent-reset-start]
2024-07-30T18:39:58.679+0800: 9.146: [CMS-concurrent-reset: 0.002/0.002 secs] [Times: user=0.03 sys=0.00, real=0.00 secs] 
2024-07-30T18:39:58.789+0800: 9.256: Application time: 0.1144175 seconds
2024-07-30T18:39:58.789+0800: 9.256: [GC (Allocation Failure) 2024-07-30T18:39:58.789+0800: 9.256: [ParNew: 707073K->77825K(707840K), 0.0195232 secs] 714925K->100013K(731208K), 0.0195799 secs] [Times: user=0.02 sys=0.02, real=0.02 secs] 
2024-07-30T18:39:58.809+0800: 9.276: Total time for which application threads were stopped: 0.0196997 seconds, Stopping threads took: 0.0000190 seconds
2024-07-30T18:39:58.809+0800: 9.276: Application time: 0.0000934 seconds
2024-07-30T18:39:58.809+0800: 9.276: [GC (CMS Initial Mark) [1 CMS-initial-mark: 22188K(23368K)] 101037K(731208K), 0.0008233 secs] [Times: user=0.00 sys=0.00, real=0.00 secs] 
2024-07-30T18:39:58.810+0800: 9.277: Total time for which application threads were stopped: 0.0009999 seconds, Stopping threads took: 0.0001224 seconds
2024-07-30T18:39:58.810+0800: 9.277: [CMS-concurrent-mark-start]
2024-07-30T18:39:58.811+0800: 9.278: [CMS-concurrent-mark: 0.001/0.001 secs] [Times: user=0.00 sys=0.00, real=0.00 secs] 
2024-07-30T18:39:58.811+0800: 9.278: [CMS-concurrent-preclean-start]
2024-07-30T18:39:58.811+0800: 9.278: [CMS-concurrent-preclean: 0.000/0.000 secs] [Times: user=0.00 sys=0.00, real=0.00 secs] 
2024-07-30T18:39:58.811+0800: 9.278: [CMS-concurrent-abortable-preclean-start]
2024-07-30T18:39:59.364+0800: 9.831: [CMS-concurrent-abortable-preclean: 0.002/0.553 secs] [Times: user=0.05 sys=0.00, real=0.55 secs] 
2024-07-30T18:39:59.364+0800: 9.831: Application time: 0.5544943 seconds
2024-07-30T18:39:59.364+0800: 9.832: [GC (CMS Final Remark) [YG occupancy: 502192 K (707840 K)]2024-07-30T18:39:59.364+0800: 9.832: [Rescan (parallel) , 0.0010201 secs]2024-07-30T18:39:59.365+0800: 9.833: [weak refs processing, 0.0000143 secs]2024-07-30T18:39:59.365+0800: 9.833: [class unloading, 0.0002519 secs]2024-07-30T18:39:59.366+0800: 9.833: [scrub symbol table, 0.0003090 secs]2024-07-30T18:39:59.366+0800: 9.833: [scrub string table, 0.0000911 secs][1 CMS-remark: 22188K(23368K)] 524380K(731208K), 0.0017807 secs] [Times: user=0.00 sys=0.00, real=0.00 secs] 
2024-07-30T18:39:59.366+0800: 9.833: Total time for which application threads were stopped: 0.0019419 seconds, Stopping threads took: 0.0001102 seconds
2024-07-30T18:39:59.366+0800: 9.834: [CMS-concurrent-sweep-start]
2024-07-30T18:39:59.368+0800: 9.835: [CMS-concurrent-sweep: 0.001/0.001 secs] [Times: user=0.00 sys=0.00, real=0.00 secs] 
2024-07-30T18:39:59.368+0800: 9.835: [CMS-concurrent-reset-start]
2024-07-30T18:39:59.368+0800: 9.835: [CMS-concurrent-reset: 0.000/0.000 secs] [Times: user=0.00 sys=0.00, real=0.00 secs] 
2024-07-30T18:39:59.600+0800: 10.067: Application time: 0.2334795 seconds
2024-07-30T18:39:59.600+0800: 10.067: [GC (Allocation Failure) 2024-07-30T18:39:59.600+0800: 10.067: [ParNew: 706183K->77825K(707840K), 0.0239183 secs] 721203K->120494K(752408K), 0.0239985 secs] [Times: user=0.03 sys=0.00, real=0.02 secs] 
2024-07-30T18:39:59.623+0800: 10.091: Total time for which application threads were stopped: 0.0241161 seconds, Stopping threads took: 0.0000217 seconds
2024-07-30T18:39:59.624+0800: 10.091: Application time: 0.0001727 seconds
2024-07-30T18:39:59.624+0800: 10.091: [GC (CMS Initial Mark) [1 CMS-initial-mark: 42668K(44568K)] 134974K(752408K), 0.0008705 secs] [Times: user=0.00 sys=0.00, real=0.00 secs] 
2024-07-30T18:39:59.625+0800: 10.092: Total time for which application threads were stopped: 0.0009927 seconds, Stopping threads took: 0.0000802 seconds
2024-07-30T18:39:59.625+0800: 10.092: [CMS-concurrent-mark-start]
2024-07-30T18:39:59.626+0800: 10.093: [CMS-concurrent-mark: 0.001/0.001 secs] [Times: user=0.00 sys=0.00, real=0.00 secs] 
2024-07-30T18:39:59.626+0800: 10.093: [CMS-concurrent-preclean-start]
2024-07-30T18:39:59.626+0800: 10.094: [CMS-concurrent-preclean: 0.000/0.000 secs] [Times: user=0.00 sys=0.00, real=0.00 secs] 
2024-07-30T18:39:59.626+0800: 10.094: [CMS-concurrent-abortable-preclean-start]
2024-07-30T18:40:00.167+0800: 10.634: [CMS-concurrent-abortable-preclean: 0.001/0.540 secs] [Times: user=0.01 sys=0.00, real=0.54 secs] 
2024-07-30T18:40:00.167+0800: 10.634: Application time: 0.5417259 seconds
2024-07-30T18:40:00.167+0800: 10.634: [GC (CMS Final Remark) [YG occupancy: 603648 K (707840 K)]2024-07-30T18:40:00.167+0800: 10.634: [Rescan (parallel) , 0.0005501 secs]2024-07-30T18:40:00.167+0800: 10.634: [weak refs processing, 0.0000150 secs]2024-07-30T18:40:00.167+0800: 10.635: [class unloading, 0.0002294 secs]2024-07-30T18:40:00.167+0800: 10.635: [scrub symbol table, 0.0003187 secs]2024-07-30T18:40:00.167+0800: 10.635: [scrub string table, 0.0000906 secs][1 CMS-remark: 42668K(44568K)] 646317K(752408K), 0.0012860 secs] [Times: user=0.00 sys=0.00, real=0.00 secs] 
2024-07-30T18:40:00.168+0800: 10.635: Total time for which application threads were stopped: 0.0013577 seconds, Stopping threads took: 0.0000203 seconds
2024-07-30T18:40:00.168+0800: 10.635: [CMS-concurrent-sweep-start]
2024-07-30T18:40:00.168+0800: 10.636: [CMS-concurrent-sweep: 0.000/0.000 secs] [Times: user=0.00 sys=0.00, real=0.00 secs] 
2024-07-30T18:40:00.168+0800: 10.636: [CMS-concurrent-reset-start]
2024-07-30T18:40:00.168+0800: 10.636: [CMS-concurrent-reset: 0.000/0.000 secs] [Times: user=0.00 sys=0.00, real=0.00 secs] 
2024-07-30T18:40:00.294+0800: 10.761: Application time: 0.1255680 seconds
2024-07-30T18:40:00.294+0800: 10.761: [GC (Allocation Failure) 2024-07-30T18:40:00.294+0800: 10.761: [ParNew: 707073K->77825K(707840K), 0.0253962 secs] 735405K->141998K(774596K), 0.0254677 secs] [Times: user=0.05 sys=0.02, real=0.03 secs] 
2024-07-30T18:40:00.319+0800: 10.786: Total time for which application threads were stopped: 0.0255809 seconds, Stopping threads took: 0.0000197 seconds
2024-07-30T18:40:00.320+0800: 10.787: Application time: 0.0001512 seconds
2024-07-30T18:40:00.320+0800: 10.787: [GC (CMS Initial Mark) [1 CMS-initial-mark: 64173K(66756K)] 156532K(774596K), 0.0007624 secs] [Times: user=0.00 sys=0.00, real=0.00 secs] 
2024-07-30T18:40:00.320+0800: 10.787: Total time for which application threads were stopped: 0.0009016 seconds, Stopping threads took: 0.0000989 seconds
2024-07-30T18:40:00.321+0800: 10.788: [CMS-concurrent-mark-start]
2024-07-30T18:40:00.322+0800: 10.789: [CMS-concurrent-mark: 0.001/0.001 secs] [Times: user=0.00 sys=0.00, real=0.00 secs] 
2024-07-30T18:40:00.322+0800: 10.789: [CMS-concurrent-preclean-start]
2024-07-30T18:40:00.322+0800: 10.789: [CMS-concurrent-preclean: 0.000/0.000 secs] [Times: user=0.00 sys=0.00, real=0.00 secs] 
2024-07-30T18:40:00.322+0800: 10.789: [CMS-concurrent-abortable-preclean-start]
2024-07-30T18:40:00.872+0800: 11.339: [CMS-concurrent-abortable-preclean: 0.001/0.550 secs] [Times: user=0.00 sys=0.00, real=0.55 secs] 
2024-07-30T18:40:00.872+0800: 11.339: Application time: 0.5518983 seconds
2024-07-30T18:40:00.872+0800: 11.339: [GC (CMS Final Remark) [YG occupancy: 586293 K (707840 K)]2024-07-30T18:40:00.872+0800: 11.339: [Rescan (parallel) , 0.0009386 secs]2024-07-30T18:40:00.873+0800: 11.340: [weak refs processing, 0.0000145 secs]2024-07-30T18:40:00.873+0800: 11.340: [class unloading, 0.0002097 secs]2024-07-30T18:40:00.873+0800: 11.341: [scrub symbol table, 0.0003408 secs]2024-07-30T18:40:00.874+0800: 11.341: [scrub string table, 0.0000978 secs][1 CMS-remark: 64173K(66756K)] 650466K(774596K), 0.0016860 secs] [Times: user=0.00 sys=0.00, real=0.00 secs] 
2024-07-30T18:40:00.874+0800: 11.341: Total time for which application threads were stopped: 0.0017496 seconds, Stopping threads took: 0.0000196 seconds
2024-07-30T18:40:00.874+0800: 11.341: [CMS-concurrent-sweep-start]
2024-07-30T18:40:00.874+0800: 11.341: [CMS-concurrent-sweep: 0.000/0.000 secs] [Times: user=0.00 sys=0.00, real=0.00 secs] 
2024-07-30T18:40:00.874+0800: 11.342: [CMS-concurrent-reset-start]
2024-07-30T18:40:00.875+0800: 11.342: [CMS-concurrent-reset: 0.000/0.000 secs] [Times: user=0.00 sys=0.00, real=0.00 secs] 
2024-07-30T18:40:00.999+0800: 11.466: Application time: 0.1253514 seconds
2024-07-30T18:40:00.999+0800: 11.466: [GC (Allocation Failure) 2024-07-30T18:40:00.999+0800: 11.467: [ParNew: 707073K->77825K(707840K), 0.0267727 secs] 743597K->162478K(794128K), 0.0268313 secs] [Times: user=0.05 sys=0.02, real=0.03 secs] 
2024-07-30T18:40:01.026+0800: 11.493: Total time for which application threads were stopped: 0.0269406 seconds, Stopping threads took: 0.0000199 seconds
2024-07-30T18:40:01.026+0800: 11.494: Application time: 0.0001757 seconds
2024-07-30T18:40:01.026+0800: 11.494: [GC (CMS Initial Mark) [1 CMS-initial-mark: 84653K(86288K)] 176950K(794128K), 0.0007136 secs] [Times: user=0.00 sys=0.00, real=0.00 secs] 
2024-07-30T18:40:01.027+0800: 11.494: Total time for which application threads were stopped: 0.0008742 seconds, Stopping threads took: 0.0001194 seconds
2024-07-30T18:40:01.027+0800: 11.495: [CMS-concurrent-mark-start]
2024-07-30T18:40:01.028+0800: 11.496: [CMS-concurrent-mark: 0.001/0.001 secs] [Times: user=0.00 sys=0.00, real=0.00 secs] 
2024-07-30T18:40:01.028+0800: 11.496: [CMS-concurrent-preclean-start]
2024-07-30T18:40:01.028+0800: 11.496: [CMS-concurrent-preclean: 0.000/0.000 secs] [Times: user=0.00 sys=0.00, real=0.00 secs] 
2024-07-30T18:40:01.028+0800: 11.496: [CMS-concurrent-abortable-preclean-start]
2024-07-30T18:40:01.028+0800: 11.496: [CMS-concurrent-abortable-preclean: 0.000/0.000 secs] [Times: user=0.00 sys=0.00, real=0.00 secs] 
2024-07-30T18:40:01.029+0800: 11.496: Application time: 0.0019496 seconds
2024-07-30T18:40:01.029+0800: 11.496: [GC (CMS Final Remark) [YG occupancy: 119193 K (707840 K)]2024-07-30T18:40:01.029+0800: 11.496: [Rescan (parallel) , 0.0009890 secs]2024-07-30T18:40:01.030+0800: 11.497: [weak refs processing, 0.0000128 secs]2024-07-30T18:40:01.030+0800: 11.497: [class unloading, 0.0002019 secs]2024-07-30T18:40:01.030+0800: 11.498: [scrub symbol table, 0.0003133 secs]2024-07-30T18:40:01.030+0800: 11.498: [scrub string table, 0.0000912 secs][1 CMS-remark: 84653K(86288K)] 203846K(794128K), 0.0016708 secs] [Times: user=0.00 sys=0.00, real=0.00 secs] 
2024-07-30T18:40:01.030+0800: 11.498: Total time for which application threads were stopped: 0.0017597 seconds, Stopping threads took: 0.0000462 seconds
2024-07-30T18:40:01.031+0800: 11.498: [CMS-concurrent-sweep-start]
2024-07-30T18:40:01.032+0800: 11.499: [CMS-concurrent-sweep: 0.001/0.001 secs] [Times: user=0.00 sys=0.00, real=0.00 secs] 
2024-07-30T18:40:01.032+0800: 11.499: [CMS-concurrent-reset-start]
2024-07-30T18:40:01.032+0800: 11.500: [CMS-concurrent-reset: 0.000/0.000 secs] [Times: user=0.00 sys=0.00, real=0.00 secs] 
Heap
 par new generation   total 707840K, used 387289K [0x00000000c8000000, 0x00000000f8000000, 0x00000000f8000000)
  eden space 629248K,  49% used [0x00000000c8000000, 0x00000000dae36138, 0x00000000ee680000)
  from space 78592K,  99% used [0x00000000ee680000, 0x00000000f32804c0, 0x00000000f3340000)
  to   space 78592K,   0% used [0x00000000f3340000, 0x00000000f3340000, 0x00000000f8000000)
 concurrent mark-sweep generation total 86288K, used 48812K [0x00000000f8000000, 0x00000000fd444000, 0x0000000100000000)
 Metaspace       used 3005K, capacity 4486K, committed 4864K, reserved 1056768K
  class space    used 310K, capacity 386K, committed 512K, reserved 1048576K
2024-07-30T18:40:01.360+0800: 11.827: Application time: 0.3292729 seconds
