OpenJDK 64-Bit Server VM (25.412-b1) for windows-amd64 JRE (1.8.0_412-b1), built on Apr 23 2024 12:00:37 by "Administrator" with MS VC++ 10.0 (VS2010)
Memory: 4k page, physical 16672068k(5029588k free), swap 19811428k(4785008k free)
CommandLine flags: -XX:-CMSParallelInitialMarkEnabled -XX:GCDrainStackTargetSize=64 -XX:InitialHeapSize=810758960 -XX:MaxHeapSize=939524096 -XX:MaxNewSize=805306368 -XX:MaxTenuringThreshold=6 -XX:NewSize=805306368 -XX:OldPLABSize=16 -XX:+PrintGC -XX:+PrintGCApplicationConcurrentTime -XX:+PrintGCApplicationStoppedTime -XX:+PrintGCDateStamps -XX:+PrintGCDetails -XX:+PrintGCTimeStamps -XX:+UseCompressedClassPointers -XX:+UseCompressedOops -XX:+UseConcMarkSweepGC -XX:-UseLargePagesIndividualAllocation -XX:+UseParNewGC 
2024-07-30T18:37:32.848+0800: 1.027: Application time: 0.9487852 seconds
2024-07-30T18:37:32.848+0800: 1.027: [GC (Allocation Failure) 2024-07-30T18:37:32.848+0800: 1.027: [ParNew: 629042K->14045K(707840K), 0.0078303 secs] 629042K->14045K(713984K), 0.0080142 secs] [Times: user=0.00 sys=0.00, real=0.01 secs] 
2024-07-30T18:37:32.856+0800: 1.035: Total time for which application threads were stopped: 0.0081520 seconds, Stopping threads took: 0.0000189 seconds
2024-07-30T18:37:33.520+0800: 1.699: Application time: 0.6635504 seconds
2024-07-30T18:37:33.520+0800: 1.699: [GC (Allocation Failure) 2024-07-30T18:37:33.520+0800: 1.699: [ParNew: 643293K->8147K(707840K), 0.0046502 secs] 643293K->8147K(713984K), 0.0047080 secs] [Times: user=0.00 sys=0.00, real=0.00 secs] 
2024-07-30T18:37:33.524+0800: 1.703: Total time for which application threads were stopped: 0.0048269 seconds, Stopping threads took: 0.0000269 seconds
2024-07-30T18:37:34.202+0800: 2.381: Application time: 0.6776344 seconds
2024-07-30T18:37:34.202+0800: 2.381: [GC (Allocation Failure) 2024-07-30T18:37:34.202+0800: 2.381: [ParNew: 637395K->12142K(707840K), 0.0032583 secs] 637395K->12142K(713984K), 0.0033196 secs] [Times: user=0.00 sys=0.00, real=0.00 secs] 
2024-07-30T18:37:34.206+0800: 2.384: Total time for which application threads were stopped: 0.0034594 seconds, Stopping threads took: 0.0000193 seconds
2024-07-30T18:37:34.909+0800: 3.088: Application time: 0.7036556 seconds
2024-07-30T18:37:34.909+0800: 3.088: [GC (Allocation Failure) 2024-07-30T18:37:34.909+0800: 3.088: [ParNew: 641390K->19444K(707840K), 0.0080828 secs] 641390K->19444K(713984K), 0.0081417 secs] [Times: user=0.03 sys=0.00, real=0.01 secs] 
2024-07-30T18:37:34.918+0800: 3.096: Total time for which application threads were stopped: 0.0082806 seconds, Stopping threads took: 0.0000196 seconds
2024-07-30T18:37:35.589+0800: 3.768: Application time: 0.6714906 seconds
2024-07-30T18:37:35.589+0800: 3.768: [GC (Allocation Failure) 2024-07-30T18:37:35.589+0800: 3.768: [ParNew: 648692K->25420K(707840K), 0.0089489 secs] 648692K->25420K(713984K), 0.0090083 secs] [Times: user=0.00 sys=0.00, real=0.01 secs] 
2024-07-30T18:37:35.598+0800: 3.777: Total time for which application threads were stopped: 0.0091220 seconds, Stopping threads took: 0.0000195 seconds
2024-07-30T18:37:35.946+0800: 4.125: Application time: 0.3477677 seconds
2024-07-30T18:37:35.946+0800: 4.125: Total time for which application threads were stopped: 0.0002514 seconds, Stopping threads took: 0.0002113 seconds
2024-07-30T18:37:36.276+0800: 4.455: Application time: 0.3300765 seconds
2024-07-30T18:37:36.276+0800: 4.455: [GC (Allocation Failure) 2024-07-30T18:37:36.276+0800: 4.455: [ParNew: 654668K->34715K(707840K), 0.0112585 secs] 654668K->34715K(713984K), 0.0113431 secs] [Times: user=0.03 sys=0.00, real=0.01 secs] 
2024-07-30T18:37:36.288+0800: 4.467: Total time for which application threads were stopped: 0.0114745 seconds, Stopping threads took: 0.0000191 seconds
2024-07-30T18:37:36.950+0800: 5.129: Application time: 0.6618977 seconds
2024-07-30T18:37:36.950+0800: 5.129: [GC (Allocation Failure) 2024-07-30T18:37:36.950+0800: 5.129: [ParNew: 663963K->40431K(707840K), 0.0130532 secs] 663963K->41119K(713984K), 0.0131273 secs] [Times: user=0.03 sys=0.00, real=0.01 secs] 
2024-07-30T18:37:36.963+0800: 5.142: Total time for which application threads were stopped: 0.0132515 seconds, Stopping threads took: 0.0000300 seconds
2024-07-30T18:37:37.627+0800: 5.807: Application time: 0.6648882 seconds
2024-07-30T18:37:37.627+0800: 5.807: [GC (Allocation Failure) 2024-07-30T18:37:37.627+0800: 5.807: [ParNew: 669679K->48128K(707840K), 0.0126726 secs] 670367K->48817K(713984K), 0.0127724 secs] [Times: user=0.03 sys=0.00, real=0.01 secs] 
2024-07-30T18:37:37.640+0800: 5.820: Total time for which application threads were stopped: 0.0128942 seconds, Stopping threads took: 0.0000187 seconds
2024-07-30T18:37:38.307+0800: 6.485: Application time: 0.6657337 seconds
2024-07-30T18:37:38.307+0800: 6.485: [GC (Allocation Failure) 2024-07-30T18:37:38.307+0800: 6.485: [ParNew: 677376K->56342K(707840K), 0.0149779 secs] 678065K->57031K(713984K), 0.0150400 secs] [Times: user=0.02 sys=0.02, real=0.02 secs] 
2024-07-30T18:37:38.322+0800: 6.500: Total time for which application threads were stopped: 0.0151531 seconds, Stopping threads took: 0.0000200 seconds
2024-07-30T18:37:38.985+0800: 7.164: Application time: 0.6635792 seconds
2024-07-30T18:37:38.985+0800: 7.164: [GC (Allocation Failure) 2024-07-30T18:37:38.985+0800: 7.164: [ParNew: 685590K->64512K(707840K), 0.0178835 secs] 686279K->65202K(713984K), 0.0179673 secs] [Times: user=0.03 sys=0.00, real=0.02 secs] 
2024-07-30T18:37:39.003+0800: 7.182: Total time for which application threads were stopped: 0.0181076 seconds, Stopping threads took: 0.0000209 seconds
2024-07-30T18:37:39.693+0800: 7.872: Application time: 0.6896929 seconds
2024-07-30T18:37:39.693+0800: 7.872: [GC (Allocation Failure) 2024-07-30T18:37:39.693+0800: 7.872: [ParNew: 693383K->76801K(707840K), 0.0194072 secs] 694072K->77490K(713984K), 0.0194677 secs] [Times: user=0.02 sys=0.01, real=0.02 secs] 
2024-07-30T18:37:39.712+0800: 7.891: Total time for which application threads were stopped: 0.0195820 seconds, Stopping threads took: 0.0000205 seconds
2024-07-30T18:37:40.387+0800: 8.567: Application time: 0.6752195 seconds
2024-07-30T18:37:40.387+0800: 8.567: [GC (Allocation Failure) 2024-07-30T18:37:40.388+0800: 8.567: [ParNew: 706049K->77825K(707840K), 0.0206067 secs] 706738K->85682K(717068K), 0.0206816 secs] [Times: user=0.03 sys=0.00, real=0.02 secs] 
2024-07-30T18:37:40.408+0800: 8.587: Total time for which application threads were stopped: 0.0207930 seconds, Stopping threads took: 0.0000185 seconds
2024-07-30T18:37:40.408+0800: 8.588: Application time: 0.0002540 seconds
2024-07-30T18:37:40.409+0800: 8.588: [GC (CMS Initial Mark) [1 CMS-initial-mark: 7857K(9228K)] 100185K(717068K), 0.0001108 secs] [Times: user=0.00 sys=0.00, real=0.00 secs] 
2024-07-30T18:37:40.409+0800: 8.588: Total time for which application threads were stopped: 0.0002575 seconds, Stopping threads took: 0.0001125 seconds
2024-07-30T18:37:40.409+0800: 8.588: [CMS-concurrent-mark-start]
2024-07-30T18:37:40.410+0800: 8.589: [CMS-concurrent-mark: 0.001/0.001 secs] [Times: user=0.00 sys=0.00, real=0.00 secs] 
2024-07-30T18:37:40.410+0800: 8.589: [CMS-concurrent-preclean-start]
2024-07-30T18:37:40.410+0800: 8.589: [CMS-concurrent-preclean: 0.000/0.000 secs] [Times: user=0.00 sys=0.00, real=0.00 secs] 
2024-07-30T18:37:40.410+0800: 8.589: [CMS-concurrent-abortable-preclean-start]
2024-07-30T18:37:40.964+0800: 9.143: [CMS-concurrent-abortable-preclean: 0.001/0.553 secs] [Times: user=0.02 sys=0.00, real=0.55 secs] 
2024-07-30T18:37:40.964+0800: 9.143: Application time: 0.5550781 seconds
2024-07-30T18:37:40.964+0800: 9.143: [GC (CMS Final Remark) [YG occupancy: 510175 K (707840 K)]2024-07-30T18:37:40.964+0800: 9.143: [Rescan (parallel) , 0.0007604 secs]2024-07-30T18:37:40.965+0800: 9.144: [weak refs processing, 0.0000153 secs]2024-07-30T18:37:40.965+0800: 9.144: [class unloading, 0.0003556 secs]2024-07-30T18:37:40.965+0800: 9.144: [scrub symbol table, 0.0003595 secs]2024-07-30T18:37:40.966+0800: 9.145: [scrub string table, 0.0001049 secs][1 CMS-remark: 7857K(9228K)] 518032K(717068K), 0.0016886 secs] [Times: user=0.00 sys=0.00, real=0.00 secs] 
2024-07-30T18:37:40.966+0800: 9.145: Total time for which application threads were stopped: 0.0017561 seconds, Stopping threads took: 0.0000209 seconds
2024-07-30T18:37:40.966+0800: 9.145: [CMS-concurrent-sweep-start]
2024-07-30T18:37:40.966+0800: 9.145: [CMS-concurrent-sweep: 0.000/0.000 secs] [Times: user=0.00 sys=0.00, real=0.00 secs] 
2024-07-30T18:37:40.966+0800: 9.145: [CMS-concurrent-reset-start]
2024-07-30T18:37:40.967+0800: 9.146: [CMS-concurrent-reset: 0.001/0.001 secs] [Times: user=0.00 sys=0.00, real=0.00 secs] 
2024-07-30T18:37:41.096+0800: 9.275: Application time: 0.1301817 seconds
2024-07-30T18:37:41.096+0800: 9.275: [GC (Allocation Failure) 2024-07-30T18:37:41.096+0800: 9.275: [ParNew: 707073K->77825K(707840K), 0.0200582 secs] 714929K->100017K(731216K), 0.0201314 secs] [Times: user=0.05 sys=0.02, real=0.02 secs] 
2024-07-30T18:37:41.117+0800: 9.295: Total time for which application threads were stopped: 0.0202519 seconds, Stopping threads took: 0.0000188 seconds
2024-07-30T18:37:41.117+0800: 9.295: Application time: 0.0001468 seconds
2024-07-30T18:37:41.117+0800: 9.296: [GC (CMS Initial Mark) [1 CMS-initial-mark: 22192K(23376K)] 114566K(731216K), 0.0000979 secs] [Times: user=0.00 sys=0.00, real=0.00 secs] 
2024-07-30T18:37:41.117+0800: 9.296: Total time for which application threads were stopped: 0.0002535 seconds, Stopping threads took: 0.0001151 seconds
2024-07-30T18:37:41.117+0800: 9.296: [CMS-concurrent-mark-start]
2024-07-30T18:37:41.118+0800: 9.297: [CMS-concurrent-mark: 0.001/0.001 secs] [Times: user=0.00 sys=0.00, real=0.00 secs] 
2024-07-30T18:37:41.118+0800: 9.297: [CMS-concurrent-preclean-start]
2024-07-30T18:37:41.118+0800: 9.297: [CMS-concurrent-preclean: 0.000/0.000 secs] [Times: user=0.00 sys=0.00, real=0.00 secs] 
2024-07-30T18:37:41.118+0800: 9.297: [CMS-concurrent-abortable-preclean-start]
2024-07-30T18:37:41.674+0800: 9.852: [CMS-concurrent-abortable-preclean: 0.002/0.556 secs] [Times: user=0.05 sys=0.00, real=0.56 secs] 
2024-07-30T18:37:41.674+0800: 9.853: Application time: 0.5571006 seconds
2024-07-30T18:37:41.674+0800: 9.853: [GC (CMS Final Remark) [YG occupancy: 501168 K (707840 K)]2024-07-30T18:37:41.674+0800: 9.853: [Rescan (parallel) , 0.0011711 secs]2024-07-30T18:37:41.675+0800: 9.854: [weak refs processing, 0.0000143 secs]2024-07-30T18:37:41.675+0800: 9.854: [class unloading, 0.0002205 secs]2024-07-30T18:37:41.675+0800: 9.854: [scrub symbol table, 0.0003609 secs]2024-07-30T18:37:41.675+0800: 9.855: [scrub string table, 0.0001121 secs][1 CMS-remark: 22192K(23376K)] 523360K(731216K), 0.0019584 secs] [Times: user=0.00 sys=0.00, real=0.00 secs] 
2024-07-30T18:37:41.675+0800: 9.855: Total time for which application threads were stopped: 0.0021506 seconds, Stopping threads took: 0.0001485 seconds
2024-07-30T18:37:41.676+0800: 9.855: [CMS-concurrent-sweep-start]
2024-07-30T18:37:41.677+0800: 9.856: [CMS-concurrent-sweep: 0.001/0.001 secs] [Times: user=0.00 sys=0.00, real=0.00 secs] 
2024-07-30T18:37:41.677+0800: 9.856: [CMS-concurrent-reset-start]
2024-07-30T18:37:41.677+0800: 9.857: [CMS-concurrent-reset: 0.000/0.000 secs] [Times: user=0.00 sys=0.00, real=0.00 secs] 
2024-07-30T18:37:41.910+0800: 10.089: Application time: 0.2342820 seconds
2024-07-30T18:37:41.910+0800: 10.089: [GC (Allocation Failure) 2024-07-30T18:37:41.910+0800: 10.089: [ParNew: 706183K->77825K(707840K), 0.0239187 secs] 721208K->120498K(752416K), 0.0239812 secs] [Times: user=0.05 sys=0.02, real=0.02 secs] 
2024-07-30T18:37:41.934+0800: 10.113: Total time for which application threads were stopped: 0.0240929 seconds, Stopping threads took: 0.0000212 seconds
2024-07-30T18:37:41.935+0800: 10.113: Application time: 0.0001804 seconds
2024-07-30T18:37:41.935+0800: 10.114: [GC (CMS Initial Mark) [1 CMS-initial-mark: 42672K(44576K)] 134978K(752416K), 0.0000932 secs] [Times: user=0.00 sys=0.00, real=0.00 secs] 
2024-07-30T18:37:41.935+0800: 10.114: Total time for which application threads were stopped: 0.0002403 seconds, Stopping threads took: 0.0001081 seconds
2024-07-30T18:37:41.935+0800: 10.114: [CMS-concurrent-mark-start]
2024-07-30T18:37:41.936+0800: 10.115: [CMS-concurrent-mark: 0.001/0.001 secs] [Times: user=0.00 sys=0.00, real=0.00 secs] 
2024-07-30T18:37:41.936+0800: 10.115: [CMS-concurrent-preclean-start]
2024-07-30T18:37:41.936+0800: 10.115: [CMS-concurrent-preclean: 0.000/0.000 secs] [Times: user=0.00 sys=0.00, real=0.00 secs] 
2024-07-30T18:37:41.936+0800: 10.115: [CMS-concurrent-abortable-preclean-start]
2024-07-30T18:37:42.381+0800: 10.559: [CMS-concurrent-abortable-preclean: 0.002/0.444 secs] [Times: user=0.03 sys=0.00, real=0.44 secs] 
2024-07-30T18:37:42.381+0800: 10.560: Application time: 0.4459617 seconds
2024-07-30T18:37:42.381+0800: 10.560: [GC (CMS Final Remark) [YG occupancy: 495997 K (707840 K)]2024-07-30T18:37:42.381+0800: 10.560: [Rescan (parallel) , 0.0013054 secs]2024-07-30T18:37:42.382+0800: 10.561: [weak refs processing, 0.0000142 secs]2024-07-30T18:37:42.382+0800: 10.561: [class unloading, 0.0002222 secs]2024-07-30T18:37:42.382+0800: 10.561: [scrub symbol table, 0.0003387 secs]2024-07-30T18:37:42.382+0800: 10.562: [scrub string table, 0.0001120 secs][1 CMS-remark: 42672K(44576K)] 538670K(752416K), 0.0020713 secs] [Times: user=0.00 sys=0.00, real=0.00 secs] 
2024-07-30T18:37:42.382+0800: 10.562: Total time for which application threads were stopped: 0.0022022 seconds, Stopping threads took: 0.0000893 seconds
2024-07-30T18:37:42.383+0800: 10.562: [CMS-concurrent-sweep-start]
2024-07-30T18:37:42.383+0800: 10.563: [CMS-concurrent-sweep: 0.001/0.001 secs] [Times: user=0.00 sys=0.00, real=0.00 secs] 
2024-07-30T18:37:42.384+0800: 10.563: [CMS-concurrent-reset-start]
2024-07-30T18:37:42.384+0800: 10.563: [CMS-concurrent-reset: 0.000/0.000 secs] [Times: user=0.00 sys=0.00, real=0.00 secs] 
2024-07-30T18:37:42.601+0800: 10.780: Application time: 0.2184457 seconds
2024-07-30T18:37:42.601+0800: 10.780: [GC (Allocation Failure) 2024-07-30T18:37:42.601+0800: 10.780: [ParNew: 707073K->77825K(707840K), 0.0255270 secs] 735409K->142002K(774600K), 0.0255864 secs] [Times: user=0.03 sys=0.00, real=0.03 secs] 
2024-07-30T18:37:42.627+0800: 10.806: Total time for which application threads were stopped: 0.0256946 seconds, Stopping threads took: 0.0000203 seconds
2024-07-30T18:37:42.627+0800: 10.806: Application time: 0.0002451 seconds
2024-07-30T18:37:42.627+0800: 10.806: [GC (CMS Initial Mark) [1 CMS-initial-mark: 64177K(66760K)] 156536K(774600K), 0.0000952 secs] [Times: user=0.00 sys=0.00, real=0.00 secs] 
2024-07-30T18:37:42.627+0800: 10.806: Total time for which application threads were stopped: 0.0001834 seconds, Stopping threads took: 0.0000563 seconds
2024-07-30T18:37:42.627+0800: 10.807: [CMS-concurrent-mark-start]
2024-07-30T18:37:42.629+0800: 10.808: [CMS-concurrent-mark: 0.002/0.002 secs] [Times: user=0.05 sys=0.00, real=0.00 secs] 
2024-07-30T18:37:42.629+0800: 10.808: [CMS-concurrent-preclean-start]
2024-07-30T18:37:42.629+0800: 10.809: [CMS-concurrent-preclean: 0.000/0.000 secs] [Times: user=0.00 sys=0.00, real=0.00 secs] 
2024-07-30T18:37:42.629+0800: 10.809: [CMS-concurrent-abortable-preclean-start]
2024-07-30T18:37:43.183+0800: 11.362: [CMS-concurrent-abortable-preclean: 0.002/0.553 secs] [Times: user=0.00 sys=0.00, real=0.55 secs] 
2024-07-30T18:37:43.183+0800: 11.362: Application time: 0.5554263 seconds
2024-07-30T18:37:43.183+0800: 11.362: [GC (CMS Final Remark) [YG occupancy: 586293 K (707840 K)]2024-07-30T18:37:43.183+0800: 11.362: [Rescan (parallel) , 0.0004753 secs]2024-07-30T18:37:43.183+0800: 11.363: [weak refs processing, 0.0000146 secs]2024-07-30T18:37:43.183+0800: 11.363: [class unloading, 0.0002127 secs]2024-07-30T18:37:43.183+0800: 11.363: [scrub symbol table, 0.0003487 secs]2024-07-30T18:37:43.184+0800: 11.363: [scrub string table, 0.0001162 secs][1 CMS-remark: 64177K(66760K)] 650470K(774600K), 0.0012641 secs] [Times: user=0.00 sys=0.00, real=0.00 secs] 
2024-07-30T18:37:43.184+0800: 11.363: Total time for which application threads were stopped: 0.0014684 seconds, Stopping threads took: 0.0001482 seconds
2024-07-30T18:37:43.184+0800: 11.364: [CMS-concurrent-sweep-start]
2024-07-30T18:37:43.185+0800: 11.365: [CMS-concurrent-sweep: 0.001/0.001 secs] [Times: user=0.00 sys=0.00, real=0.00 secs] 
2024-07-30T18:37:43.186+0800: 11.365: [CMS-concurrent-reset-start]
2024-07-30T18:37:43.186+0800: 11.365: [CMS-concurrent-reset: 0.000/0.000 secs] [Times: user=0.00 sys=0.00, real=0.00 secs] 
2024-07-30T18:37:43.294+0800: 11.474: Application time: 0.1102231 seconds
2024-07-30T18:37:43.294+0800: 11.474: [GC (Allocation Failure) 2024-07-30T18:37:43.294+0800: 11.474: [ParNew: 707073K->77825K(707840K), 0.0269835 secs] 743602K->162482K(794132K), 0.0270415 secs] [Times: user=0.06 sys=0.00, real=0.03 secs] 
2024-07-30T18:37:43.321+0800: 11.501: Total time for which application threads were stopped: 0.0271497 seconds, Stopping threads took: 0.0000187 seconds
2024-07-30T18:37:43.322+0800: 11.501: Application time: 0.0002565 seconds
2024-07-30T18:37:43.322+0800: 11.501: [GC (CMS Initial Mark) [1 CMS-initial-mark: 84657K(86292K)] 176954K(794132K), 0.0001109 secs] [Times: user=0.00 sys=0.00, real=0.00 secs] 
2024-07-30T18:37:43.322+0800: 11.501: Total time for which application threads were stopped: 0.0002950 seconds, Stopping threads took: 0.0001497 seconds
2024-07-30T18:37:43.322+0800: 11.501: [CMS-concurrent-mark-start]
2024-07-30T18:37:43.323+0800: 11.503: [CMS-concurrent-mark: 0.001/0.001 secs] [Times: user=0.00 sys=0.00, real=0.00 secs] 
2024-07-30T18:37:43.323+0800: 11.503: [CMS-concurrent-preclean-start]
2024-07-30T18:37:43.324+0800: 11.503: [CMS-concurrent-preclean: 0.000/0.000 secs] [Times: user=0.00 sys=0.00, real=0.00 secs] 
2024-07-30T18:37:43.324+0800: 11.503: [CMS-concurrent-abortable-preclean-start]
2024-07-30T18:37:43.324+0800: 11.503: [CMS-concurrent-abortable-preclean: 0.000/0.000 secs] [Times: user=0.00 sys=0.00, real=0.00 secs] 
2024-07-30T18:37:43.324+0800: 11.503: Application time: 0.0021600 seconds
2024-07-30T18:37:43.324+0800: 11.504: [GC (CMS Final Remark) [YG occupancy: 119193 K (707840 K)]2024-07-30T18:37:43.324+0800: 11.504: [Rescan (parallel) , 0.0008322 secs]2024-07-30T18:37:43.325+0800: 11.504: [weak refs processing, 0.0000129 secs]2024-07-30T18:37:43.325+0800: 11.504: [class unloading, 0.0002353 secs]2024-07-30T18:37:43.325+0800: 11.505: [scrub symbol table, 0.0003561 secs]2024-07-30T18:37:43.326+0800: 11.505: [scrub string table, 0.0001002 secs][1 CMS-remark: 84657K(86292K)] 203850K(794132K), 0.0015997 secs] [Times: user=0.00 sys=0.00, real=0.00 secs] 
2024-07-30T18:37:43.326+0800: 11.505: Total time for which application threads were stopped: 0.0016732 seconds, Stopping threads took: 0.0000406 seconds
2024-07-30T18:37:43.326+0800: 11.505: [CMS-concurrent-sweep-start]
2024-07-30T18:37:43.327+0800: 11.506: [CMS-concurrent-sweep: 0.001/0.001 secs] [Times: user=0.00 sys=0.00, real=0.00 secs] 
2024-07-30T18:37:43.327+0800: 11.506: [CMS-concurrent-reset-start]
2024-07-30T18:37:43.327+0800: 11.506: [CMS-concurrent-reset: 0.000/0.000 secs] [Times: user=0.00 sys=0.00, real=0.00 secs] 
Heap
 par new generation   total 707840K, used 387289K [0x00000000c8000000, 0x00000000f8000000, 0x00000000f8000000)
  eden space 629248K,  49% used [0x00000000c8000000, 0x00000000dae36138, 0x00000000ee680000)
  from space 78592K,  99% used [0x00000000ee680000, 0x00000000f32804c0, 0x00000000f3340000)
  to   space 78592K,   0% used [0x00000000f3340000, 0x00000000f3340000, 0x00000000f8000000)
 concurrent mark-sweep generation total 86292K, used 48817K [0x00000000f8000000, 0x00000000fd445000, 0x0000000100000000)
 Metaspace       used 3005K, capacity 4486K, committed 4864K, reserved 1056768K
  class space    used 310K, capacity 386K, committed 512K, reserved 1048576K
2024-07-30T18:37:43.655+0800: 11.834: Application time: 0.3292580 seconds
