OpenJDK 64-Bit Server VM (25.412-b1) for windows-amd64 JRE (1.8.0_412-b1), built on Apr 23 2024 12:00:37 by "Administrator" with MS VC++ 10.0 (VS2010)
Memory: 4k page, physical 16672068k(5018124k free), swap 19811428k(4819088k free)
CommandLine flags: -XX:GCDrainStackTargetSize=64 -XX:InitialHeapSize=810758960 -XX:MaxHeapSize=939524096 -XX:MaxNewSize=805306368 -XX:MaxTenuringThreshold=6 -XX:NewSize=805306368 -XX:OldPLABSize=16 -XX:+PrintGC -XX:+PrintGCApplicationConcurrentTime -XX:+PrintGCApplicationStoppedTime -XX:+PrintGCDateStamps -XX:+PrintGCDetails -XX:+PrintGCTimeStamps -XX:+UseCompressedClassPointers -XX:+UseCompressedOops -XX:+UseConcMarkSweepGC -XX:-UseLargePagesIndividualAllocation -XX:+UseParNewGC 
2024-07-30T18:40:02.480+0800: 1.027: Application time: 0.9482111 seconds
2024-07-30T18:40:02.481+0800: 1.027: Total time for which application threads were stopped: 0.0001039 seconds, Stopping threads took: 0.0000494 seconds
2024-07-30T18:40:02.501+0800: 1.048: Application time: 0.0210757 seconds
2024-07-30T18:40:02.501+0800: 1.048: [GC (Allocation Failure) 2024-07-30T18:40:02.501+0800: 1.048: [ParNew: 629042K->14040K(707840K), 0.0077489 secs] 629042K->14040K(713984K), 0.0079493 secs] [Times: user=0.03 sys=0.00, real=0.01 secs] 
2024-07-30T18:40:02.509+0800: 1.056: Total time for which application threads were stopped: 0.0080623 seconds, Stopping threads took: 0.0000173 seconds
2024-07-30T18:40:03.187+0800: 1.733: Application time: 0.6768982 seconds
2024-07-30T18:40:03.187+0800: 1.733: [GC (Allocation Failure) 2024-07-30T18:40:03.187+0800: 1.733: [ParNew: 643288K->8157K(707840K), 0.0050177 secs] 643288K->8157K(713984K), 0.0050741 secs] [Times: user=0.00 sys=0.00, real=0.00 secs] 
2024-07-30T18:40:03.192+0800: 1.738: Total time for which application threads were stopped: 0.0051933 seconds, Stopping threads took: 0.0000196 seconds
2024-07-30T18:40:03.865+0800: 2.411: Application time: 0.6731004 seconds
2024-07-30T18:40:03.865+0800: 2.412: [GC (Allocation Failure) 2024-07-30T18:40:03.865+0800: 2.412: [ParNew: 637405K->12239K(707840K), 0.0024598 secs] 637405K->12239K(713984K), 0.0025119 secs] [Times: user=0.00 sys=0.00, real=0.00 secs] 
2024-07-30T18:40:03.868+0800: 2.414: Total time for which application threads were stopped: 0.0026382 seconds, Stopping threads took: 0.0000190 seconds
2024-07-30T18:40:04.541+0800: 3.088: Application time: 0.6742265 seconds
2024-07-30T18:40:04.541+0800: 3.088: [GC (Allocation Failure) 2024-07-30T18:40:04.541+0800: 3.088: [ParNew: 641487K->19433K(707840K), 0.0084540 secs] 641487K->19433K(713984K), 0.0085224 secs] [Times: user=0.00 sys=0.00, real=0.01 secs] 
2024-07-30T18:40:04.550+0800: 3.097: Total time for which application threads were stopped: 0.0086724 seconds, Stopping threads took: 0.0000384 seconds
2024-07-30T18:40:05.222+0800: 3.769: Application time: 0.6716429 seconds
2024-07-30T18:40:05.222+0800: 3.769: [GC (Allocation Failure) 2024-07-30T18:40:05.222+0800: 3.769: [ParNew: 648681K->25585K(707840K), 0.0089429 secs] 648681K->25585K(713984K), 0.0090006 secs] [Times: user=0.02 sys=0.00, real=0.01 secs] 
2024-07-30T18:40:05.231+0800: 3.778: Total time for which application threads were stopped: 0.0091165 seconds, Stopping threads took: 0.0000212 seconds
2024-07-30T18:40:05.582+0800: 4.129: Application time: 0.3508626 seconds
2024-07-30T18:40:05.582+0800: 4.129: Total time for which application threads were stopped: 0.0000855 seconds, Stopping threads took: 0.0000478 seconds
2024-07-30T18:40:05.901+0800: 4.447: Application time: 0.3186706 seconds
2024-07-30T18:40:05.901+0800: 4.447: [GC (Allocation Failure) 2024-07-30T18:40:05.901+0800: 4.448: [ParNew: 654833K->34803K(707840K), 0.0113577 secs] 654833K->34803K(713984K), 0.0114166 secs] [Times: user=0.01 sys=0.01, real=0.01 secs] 
2024-07-30T18:40:05.912+0800: 4.459: Total time for which application threads were stopped: 0.0115387 seconds, Stopping threads took: 0.0000175 seconds
2024-07-30T18:40:06.579+0800: 5.126: Application time: 0.6671318 seconds
2024-07-30T18:40:06.579+0800: 5.126: [GC (Allocation Failure) 2024-07-30T18:40:06.580+0800: 5.126: [ParNew: 664051K->40264K(707840K), 0.0133231 secs] 664051K->40950K(713984K), 0.0134464 secs] [Times: user=0.03 sys=0.00, real=0.01 secs] 
2024-07-30T18:40:06.593+0800: 5.140: Total time for which application threads were stopped: 0.0135646 seconds, Stopping threads took: 0.0000196 seconds
2024-07-30T18:40:07.259+0800: 5.806: Application time: 0.6660077 seconds
2024-07-30T18:40:07.259+0800: 5.806: [GC (Allocation Failure) 2024-07-30T18:40:07.259+0800: 5.806: [ParNew: 669512K->48128K(707840K), 0.0141762 secs] 670198K->48815K(713984K), 0.0142347 secs] [Times: user=0.03 sys=0.00, real=0.01 secs] 
2024-07-30T18:40:07.273+0800: 5.820: Total time for which application threads were stopped: 0.0143640 seconds, Stopping threads took: 0.0000315 seconds
2024-07-30T18:40:07.938+0800: 6.485: Application time: 0.6654458 seconds
2024-07-30T18:40:07.938+0800: 6.486: [GC (Allocation Failure) 2024-07-30T18:40:07.938+0800: 6.486: [ParNew: 677376K->56341K(707840K), 0.0148451 secs] 678063K->57028K(713984K), 0.0149018 secs] [Times: user=0.03 sys=0.00, real=0.02 secs] 
2024-07-30T18:40:07.953+0800: 6.500: Total time for which application threads were stopped: 0.0150141 seconds, Stopping threads took: 0.0000177 seconds
2024-07-30T18:40:08.615+0800: 7.162: Application time: 0.6617372 seconds
2024-07-30T18:40:08.615+0800: 7.162: [GC (Allocation Failure) 2024-07-30T18:40:08.615+0800: 7.162: [ParNew: 685589K->64512K(707840K), 0.0161436 secs] 686276K->65200K(713984K), 0.0162022 secs] [Times: user=0.02 sys=0.02, real=0.02 secs] 
2024-07-30T18:40:08.632+0800: 7.179: Total time for which application threads were stopped: 0.0163357 seconds, Stopping threads took: 0.0000284 seconds
2024-07-30T18:40:09.294+0800: 7.841: Application time: 0.6621215 seconds
2024-07-30T18:40:09.294+0800: 7.841: [GC (Allocation Failure) 2024-07-30T18:40:09.294+0800: 7.841: [ParNew: 693383K->76801K(707840K), 0.0196509 secs] 694070K->77488K(713984K), 0.0197243 secs] [Times: user=0.01 sys=0.02, real=0.02 secs] 
2024-07-30T18:40:09.314+0800: 7.861: Total time for which application threads were stopped: 0.0198369 seconds, Stopping threads took: 0.0000212 seconds
2024-07-30T18:40:09.987+0800: 8.535: Application time: 0.6742142 seconds
2024-07-30T18:40:09.987+0800: 8.535: [GC (Allocation Failure) 2024-07-30T18:40:09.987+0800: 8.535: [ParNew: 706049K->77825K(707840K), 0.0205534 secs] 706736K->85680K(717068K), 0.0206111 secs] [Times: user=0.03 sys=0.00, real=0.02 secs] 
2024-07-30T18:40:10.008+0800: 8.555: Total time for which application threads were stopped: 0.0207255 seconds, Stopping threads took: 0.0000196 seconds
2024-07-30T18:40:10.008+0800: 8.556: Application time: 0.0002099 seconds
2024-07-30T18:40:10.008+0800: 8.556: [GC (CMS Initial Mark) [1 CMS-initial-mark: 7855K(9228K)] 100183K(717068K), 0.0007992 secs] [Times: user=0.00 sys=0.00, real=0.00 secs] 
2024-07-30T18:40:10.009+0800: 8.557: Total time for which application threads were stopped: 0.0009361 seconds, Stopping threads took: 0.0000945 seconds
2024-07-30T18:40:10.009+0800: 8.557: [CMS-concurrent-mark-start]
2024-07-30T18:40:10.011+0800: 8.558: [CMS-concurrent-mark: 0.001/0.001 secs] [Times: user=0.00 sys=0.00, real=0.00 secs] 
2024-07-30T18:40:10.011+0800: 8.558: [CMS-concurrent-preclean-start]
2024-07-30T18:40:10.011+0800: 8.558: [CMS-concurrent-preclean: 0.000/0.000 secs] [Times: user=0.00 sys=0.00, real=0.00 secs] 
2024-07-30T18:40:10.011+0800: 8.558: [CMS-concurrent-abortable-preclean-start]
2024-07-30T18:40:10.567+0800: 9.114: [CMS-concurrent-abortable-preclean: 0.001/0.556 secs] [Times: user=0.06 sys=0.00, real=0.56 secs] 
2024-07-30T18:40:10.567+0800: 9.114: Application time: 0.5574265 seconds
2024-07-30T18:40:10.567+0800: 9.114: [GC (CMS Final Remark) [YG occupancy: 523654 K (707840 K)]2024-07-30T18:40:10.567+0800: 9.114: [Rescan (parallel) , 0.0010825 secs]2024-07-30T18:40:10.568+0800: 9.115: [weak refs processing, 0.0000140 secs]2024-07-30T18:40:10.568+0800: 9.115: [class unloading, 0.0003670 secs]2024-07-30T18:40:10.569+0800: 9.116: [scrub symbol table, 0.0003814 secs]2024-07-30T18:40:10.569+0800: 9.116: [scrub string table, 0.0001018 secs][1 CMS-remark: 7855K(9228K)] 531509K(717068K), 0.0020288 secs] [Times: user=0.00 sys=0.00, real=0.00 secs] 
2024-07-30T18:40:10.569+0800: 9.116: Total time for which application threads were stopped: 0.0022099 seconds, Stopping threads took: 0.0001315 seconds
2024-07-30T18:40:10.569+0800: 9.117: [CMS-concurrent-sweep-start]
2024-07-30T18:40:10.571+0800: 9.118: [CMS-concurrent-sweep: 0.001/0.001 secs] [Times: user=0.00 sys=0.00, real=0.00 secs] 
2024-07-30T18:40:10.571+0800: 9.118: [CMS-concurrent-reset-start]
2024-07-30T18:40:10.573+0800: 9.120: [CMS-concurrent-reset: 0.002/0.002 secs] [Times: user=0.00 sys=0.00, real=0.00 secs] 
2024-07-30T18:40:10.699+0800: 9.246: Application time: 0.1294944 seconds
2024-07-30T18:40:10.699+0800: 9.246: [GC (Allocation Failure) 2024-07-30T18:40:10.699+0800: 9.246: [ParNew: 707073K->77825K(707840K), 0.0198321 secs] 714927K->100015K(731212K), 0.0198891 secs] [Times: user=0.03 sys=0.00, real=0.02 secs] 
2024-07-30T18:40:10.719+0800: 9.266: Total time for which application threads were stopped: 0.0199959 seconds, Stopping threads took: 0.0000184 seconds
2024-07-30T18:40:10.719+0800: 9.266: Application time: 0.0002568 seconds
2024-07-30T18:40:10.719+0800: 9.266: [GC (CMS Initial Mark) [1 CMS-initial-mark: 22190K(23372K)] 114564K(731212K), 0.0006918 secs] [Times: user=0.00 sys=0.00, real=0.00 secs] 
2024-07-30T18:40:10.720+0800: 9.267: Total time for which application threads were stopped: 0.0008432 seconds, Stopping threads took: 0.0001089 seconds
2024-07-30T18:40:10.720+0800: 9.267: [CMS-concurrent-mark-start]
2024-07-30T18:40:10.721+0800: 9.268: [CMS-concurrent-mark: 0.001/0.001 secs] [Times: user=0.00 sys=0.00, real=0.00 secs] 
2024-07-30T18:40:10.721+0800: 9.268: [CMS-concurrent-preclean-start]
2024-07-30T18:40:10.721+0800: 9.268: [CMS-concurrent-preclean: 0.000/0.000 secs] [Times: user=0.00 sys=0.00, real=0.00 secs] 
2024-07-30T18:40:10.721+0800: 9.268: [CMS-concurrent-abortable-preclean-start]
2024-07-30T18:40:11.276+0800: 9.822: [CMS-concurrent-abortable-preclean: 0.002/0.554 secs] [Times: user=0.00 sys=0.00, real=0.56 secs] 
2024-07-30T18:40:11.276+0800: 9.823: Application time: 0.5556674 seconds
2024-07-30T18:40:11.276+0800: 9.823: [GC (CMS Final Remark) [YG occupancy: 502192 K (707840 K)]2024-07-30T18:40:11.276+0800: 9.823: [Rescan (parallel) , 0.0007128 secs]2024-07-30T18:40:11.276+0800: 9.823: [weak refs processing, 0.0000148 secs]2024-07-30T18:40:11.276+0800: 9.823: [class unloading, 0.0002394 secs]2024-07-30T18:40:11.276+0800: 9.824: [scrub symbol table, 0.0003433 secs]2024-07-30T18:40:11.277+0800: 9.824: [scrub string table, 0.0000999 secs][1 CMS-remark: 22190K(23372K)] 524382K(731212K), 0.0014926 secs] [Times: user=0.00 sys=0.00, real=0.00 secs] 
2024-07-30T18:40:11.277+0800: 9.824: Total time for which application threads were stopped: 0.0016722 seconds, Stopping threads took: 0.0001347 seconds
2024-07-30T18:40:11.277+0800: 9.824: [CMS-concurrent-sweep-start]
2024-07-30T18:40:11.278+0800: 9.826: [CMS-concurrent-sweep: 0.001/0.001 secs] [Times: user=0.00 sys=0.00, real=0.00 secs] 
2024-07-30T18:40:11.279+0800: 9.826: [CMS-concurrent-reset-start]
2024-07-30T18:40:11.279+0800: 9.826: [CMS-concurrent-reset: 0.000/0.000 secs] [Times: user=0.00 sys=0.00, real=0.00 secs] 
2024-07-30T18:40:11.498+0800: 10.045: Application time: 0.2205942 seconds
2024-07-30T18:40:11.498+0800: 10.045: [GC (Allocation Failure) 2024-07-30T18:40:11.498+0800: 10.045: [ParNew: 706183K->77825K(707840K), 0.0235610 secs] 721205K->120496K(752412K), 0.0236244 secs] [Times: user=0.05 sys=0.02, real=0.02 secs] 
2024-07-30T18:40:11.522+0800: 10.069: Total time for which application threads were stopped: 0.0237379 seconds, Stopping threads took: 0.0000215 seconds
2024-07-30T18:40:11.522+0800: 10.069: Application time: 0.0002382 seconds
2024-07-30T18:40:11.522+0800: 10.069: [GC (CMS Initial Mark) [1 CMS-initial-mark: 42670K(44572K)] 134976K(752412K), 0.0007306 secs] [Times: user=0.00 sys=0.00, real=0.00 secs] 
2024-07-30T18:40:11.523+0800: 10.070: Total time for which application threads were stopped: 0.0009029 seconds, Stopping threads took: 0.0001258 seconds
2024-07-30T18:40:11.523+0800: 10.070: [CMS-concurrent-mark-start]
2024-07-30T18:40:11.525+0800: 10.071: [CMS-concurrent-mark: 0.001/0.001 secs] [Times: user=0.00 sys=0.00, real=0.00 secs] 
2024-07-30T18:40:11.525+0800: 10.071: [CMS-concurrent-preclean-start]
2024-07-30T18:40:11.525+0800: 10.071: [CMS-concurrent-preclean: 0.000/0.000 secs] [Times: user=0.00 sys=0.00, real=0.00 secs] 
2024-07-30T18:40:11.525+0800: 10.072: [CMS-concurrent-abortable-preclean-start]
2024-07-30T18:40:12.081+0800: 10.628: [CMS-concurrent-abortable-preclean: 0.002/0.556 secs] [Times: user=0.06 sys=0.00, real=0.56 secs] 
2024-07-30T18:40:12.082+0800: 10.628: Application time: 0.5586527 seconds
2024-07-30T18:40:12.082+0800: 10.629: [GC (CMS Final Remark) [YG occupancy: 603648 K (707840 K)]2024-07-30T18:40:12.082+0800: 10.629: [Rescan (parallel) , 0.0009605 secs]2024-07-30T18:40:12.083+0800: 10.630: [weak refs processing, 0.0000135 secs]2024-07-30T18:40:12.083+0800: 10.630: [class unloading, 0.0002200 secs]2024-07-30T18:40:12.083+0800: 10.630: [scrub symbol table, 0.0002988 secs]2024-07-30T18:40:12.083+0800: 10.630: [scrub string table, 0.0001029 secs][1 CMS-remark: 42670K(44572K)] 646319K(752412K), 0.0016759 secs] [Times: user=0.00 sys=0.00, real=0.00 secs] 
2024-07-30T18:40:12.083+0800: 10.630: Total time for which application threads were stopped: 0.0019392 seconds, Stopping threads took: 0.0002116 seconds
2024-07-30T18:40:12.084+0800: 10.631: [CMS-concurrent-sweep-start]
2024-07-30T18:40:12.085+0800: 10.632: [CMS-concurrent-sweep: 0.001/0.001 secs] [Times: user=0.00 sys=0.00, real=0.00 secs] 
2024-07-30T18:40:12.085+0800: 10.632: [CMS-concurrent-reset-start]
2024-07-30T18:40:12.086+0800: 10.633: [CMS-concurrent-reset: 0.001/0.001 secs] [Times: user=0.00 sys=0.00, real=0.00 secs] 
2024-07-30T18:40:12.209+0800: 10.756: Application time: 0.1255096 seconds
2024-07-30T18:40:12.209+0800: 10.756: [GC (Allocation Failure) 2024-07-30T18:40:12.209+0800: 10.756: [ParNew: 707073K->77825K(707840K), 0.0254110 secs] 735407K->142000K(774600K), 0.0254733 secs] [Times: user=0.03 sys=0.00, real=0.03 secs] 
2024-07-30T18:40:12.235+0800: 10.781: Total time for which application threads were stopped: 0.0255874 seconds, Stopping threads took: 0.0000197 seconds
2024-07-30T18:40:12.235+0800: 10.782: Application time: 0.0001414 seconds
2024-07-30T18:40:12.235+0800: 10.782: [GC (CMS Initial Mark) [1 CMS-initial-mark: 64175K(66760K)] 156534K(774600K), 0.0008034 secs] [Times: user=0.00 sys=0.00, real=0.00 secs] 
2024-07-30T18:40:12.236+0800: 10.782: Total time for which application threads were stopped: 0.0009143 seconds, Stopping threads took: 0.0000697 seconds
2024-07-30T18:40:12.236+0800: 10.783: [CMS-concurrent-mark-start]
2024-07-30T18:40:12.237+0800: 10.784: [CMS-concurrent-mark: 0.001/0.001 secs] [Times: user=0.00 sys=0.00, real=0.00 secs] 
2024-07-30T18:40:12.237+0800: 10.784: [CMS-concurrent-preclean-start]
2024-07-30T18:40:12.237+0800: 10.784: [CMS-concurrent-preclean: 0.000/0.000 secs] [Times: user=0.00 sys=0.00, real=0.00 secs] 
2024-07-30T18:40:12.237+0800: 10.784: [CMS-concurrent-abortable-preclean-start]
2024-07-30T18:40:12.789+0800: 11.336: [CMS-concurrent-abortable-preclean: 0.002/0.552 secs] [Times: user=0.02 sys=0.00, real=0.55 secs] 
2024-07-30T18:40:12.789+0800: 11.336: Application time: 0.5535389 seconds
2024-07-30T18:40:12.789+0800: 11.336: [GC (CMS Final Remark) [YG occupancy: 586293 K (707840 K)]2024-07-30T18:40:12.789+0800: 11.336: [Rescan (parallel) , 0.0004908 secs]2024-07-30T18:40:12.790+0800: 11.337: [weak refs processing, 0.0000218 secs]2024-07-30T18:40:12.790+0800: 11.337: [class unloading, 0.0003544 secs]2024-07-30T18:40:12.790+0800: 11.337: [scrub symbol table, 0.0007487 secs]2024-07-30T18:40:12.791+0800: 11.338: [scrub string table, 0.0002034 secs][1 CMS-remark: 64175K(66760K)] 650468K(774600K), 0.0020111 secs] [Times: user=0.00 sys=0.00, real=0.00 secs] 
2024-07-30T18:40:12.791+0800: 11.338: Total time for which application threads were stopped: 0.0022296 seconds, Stopping threads took: 0.0000280 seconds
2024-07-30T18:40:12.791+0800: 11.338: [CMS-concurrent-sweep-start]
2024-07-30T18:40:12.792+0800: 11.339: [CMS-concurrent-sweep: 0.000/0.000 secs] [Times: user=0.00 sys=0.00, real=0.00 secs] 
2024-07-30T18:40:12.792+0800: 11.339: [CMS-concurrent-reset-start]
2024-07-30T18:40:12.792+0800: 11.339: [CMS-concurrent-reset: 0.000/0.000 secs] [Times: user=0.00 sys=0.00, real=0.00 secs] 
2024-07-30T18:40:12.918+0800: 11.465: Application time: 0.1264979 seconds
2024-07-30T18:40:12.918+0800: 11.465: [GC (Allocation Failure) 2024-07-30T18:40:12.918+0800: 11.465: [ParNew: 707073K->77825K(707840K), 0.0267735 secs] 743600K->162480K(794132K), 0.0268316 secs] [Times: user=0.05 sys=0.02, real=0.03 secs] 
2024-07-30T18:40:12.944+0800: 11.492: Total time for which application threads were stopped: 0.0269424 seconds, Stopping threads took: 0.0000213 seconds
2024-07-30T18:40:12.945+0800: 11.492: Application time: 0.0001035 seconds
2024-07-30T18:40:12.945+0800: 11.492: [GC (CMS Initial Mark) [1 CMS-initial-mark: 84655K(86292K)] 163504K(794132K), 0.0007522 secs] [Times: user=0.00 sys=0.00, real=0.00 secs] 
2024-07-30T18:40:12.946+0800: 11.493: Total time for which application threads were stopped: 0.0009217 seconds, Stopping threads took: 0.0001204 seconds
2024-07-30T18:40:12.946+0800: 11.493: [CMS-concurrent-mark-start]
2024-07-30T18:40:12.947+0800: 11.494: [CMS-concurrent-mark: 0.001/0.001 secs] [Times: user=0.00 sys=0.00, real=0.00 secs] 
2024-07-30T18:40:12.947+0800: 11.494: [CMS-concurrent-preclean-start]
2024-07-30T18:40:12.947+0800: 11.494: [CMS-concurrent-preclean: 0.000/0.000 secs] [Times: user=0.00 sys=0.00, real=0.00 secs] 
2024-07-30T18:40:12.947+0800: 11.494: [CMS-concurrent-abortable-preclean-start]
2024-07-30T18:40:12.947+0800: 11.494: [CMS-concurrent-abortable-preclean: 0.000/0.000 secs] [Times: user=0.00 sys=0.00, real=0.00 secs] 
2024-07-30T18:40:12.947+0800: 11.494: Application time: 0.0017223 seconds
2024-07-30T18:40:12.947+0800: 11.495: [GC (CMS Final Remark) [YG occupancy: 105745 K (707840 K)]2024-07-30T18:40:12.947+0800: 11.495: [Rescan (parallel) , 0.0006699 secs]2024-07-30T18:40:12.948+0800: 11.495: [weak refs processing, 0.0000124 secs]2024-07-30T18:40:12.948+0800: 11.495: [class unloading, 0.0002190 secs]2024-07-30T18:40:12.948+0800: 11.495: [scrub symbol table, 0.0003259 secs]2024-07-30T18:40:12.949+0800: 11.496: [scrub string table, 0.0000916 secs][1 CMS-remark: 84655K(86292K)] 190400K(794132K), 0.0013847 secs] [Times: user=0.00 sys=0.00, real=0.00 secs] 
2024-07-30T18:40:12.949+0800: 11.496: Total time for which application threads were stopped: 0.0015049 seconds, Stopping threads took: 0.0000853 seconds
2024-07-30T18:40:12.949+0800: 11.496: [CMS-concurrent-sweep-start]
2024-07-30T18:40:12.950+0800: 11.497: [CMS-concurrent-sweep: 0.001/0.001 secs] [Times: user=0.00 sys=0.00, real=0.00 secs] 
2024-07-30T18:40:12.950+0800: 11.497: [CMS-concurrent-reset-start]
2024-07-30T18:40:12.950+0800: 11.498: [CMS-concurrent-reset: 0.000/0.000 secs] [Times: user=0.00 sys=0.00, real=0.00 secs] 
Heap
 par new generation   total 707840K, used 387289K [0x00000000c8000000, 0x00000000f8000000, 0x00000000f8000000)
  eden space 629248K,  49% used [0x00000000c8000000, 0x00000000dae36138, 0x00000000ee680000)
  from space 78592K,  99% used [0x00000000ee680000, 0x00000000f32804c0, 0x00000000f3340000)
  to   space 78592K,   0% used [0x00000000f3340000, 0x00000000f3340000, 0x00000000f8000000)
 concurrent mark-sweep generation total 86292K, used 48815K [0x00000000f8000000, 0x00000000fd445000, 0x0000000100000000)
 Metaspace       used 3005K, capacity 4486K, committed 4864K, reserved 1056768K
  class space    used 310K, capacity 386K, committed 512K, reserved 1048576K
2024-07-30T18:40:13.277+0800: 11.824: Application time: 0.3277597 seconds
