OpenJDK 64-Bit Server VM (25.412-b1) for windows-amd64 JRE (1.8.0_412-b1), built on Apr 23 2024 12:00:37 by "Administrator" with MS VC++ 10.0 (VS2010)
Memory: 4k page, physical 16672068k(5013408k free), swap 19811428k(4772756k free)
CommandLine flags: -XX:-CMSParallelInitialMarkEnabled -XX:GCDrainStackTargetSize=64 -XX:InitialHeapSize=810758960 -XX:MaxHeapSize=939524096 -XX:MaxNewSize=805306368 -XX:MaxTenuringThreshold=6 -XX:NewSize=805306368 -XX:OldPLABSize=16 -XX:+PrintGC -XX:+PrintGCApplicationConcurrentTime -XX:+PrintGCApplicationStoppedTime -XX:+PrintGCDateStamps -XX:+PrintGCDetails -XX:+PrintGCTimeStamps -XX:+UseCompressedClassPointers -XX:+UseCompressedOops -XX:+UseConcMarkSweepGC -XX:-UseLargePagesIndividualAllocation -XX:+UseParNewGC 
2024-07-30T18:37:44.780+0800: 1.021: Application time: 0.9467038 seconds
2024-07-30T18:37:44.780+0800: 1.021: [GC (Allocation Failure) 2024-07-30T18:37:44.780+0800: 1.021: [ParNew: 629042K->13983K(707840K), 0.0077050 secs] 629042K->13983K(713984K), 0.0078985 secs] [Times: user=0.03 sys=0.00, real=0.01 secs] 
2024-07-30T18:37:44.788+0800: 1.029: Total time for which application threads were stopped: 0.0080427 seconds, Stopping threads took: 0.0000201 seconds
2024-07-30T18:37:45.448+0800: 1.689: Application time: 0.6602126 seconds
2024-07-30T18:37:45.448+0800: 1.689: [GC (Allocation Failure) 2024-07-30T18:37:45.448+0800: 1.689: [ParNew: 643231K->8102K(707840K), 0.0048423 secs] 643231K->8102K(713984K), 0.0049191 secs] [Times: user=0.00 sys=0.00, real=0.01 secs] 
2024-07-30T18:37:45.453+0800: 1.694: Total time for which application threads were stopped: 0.0050311 seconds, Stopping threads took: 0.0000231 seconds
2024-07-30T18:37:46.123+0800: 2.365: Application time: 0.6705552 seconds
2024-07-30T18:37:46.123+0800: 2.365: [GC (Allocation Failure) 2024-07-30T18:37:46.123+0800: 2.365: [ParNew: 637350K->12295K(707840K), 0.0024302 secs] 637350K->12295K(713984K), 0.0024829 secs] [Times: user=0.00 sys=0.00, real=0.00 secs] 
2024-07-30T18:37:46.126+0800: 2.367: Total time for which application threads were stopped: 0.0026202 seconds, Stopping threads took: 0.0000188 seconds
2024-07-30T18:37:46.801+0800: 3.043: Application time: 0.6757258 seconds
2024-07-30T18:37:46.801+0800: 3.043: [GC (Allocation Failure) 2024-07-30T18:37:46.801+0800: 3.043: [ParNew: 641543K->19498K(707840K), 0.0077229 secs] 641543K->19498K(713984K), 0.0077830 secs] [Times: user=0.00 sys=0.00, real=0.01 secs] 
2024-07-30T18:37:46.809+0800: 3.051: Total time for which application threads were stopped: 0.0079120 seconds, Stopping threads took: 0.0000207 seconds
2024-07-30T18:37:47.481+0800: 3.722: Application time: 0.6712146 seconds
2024-07-30T18:37:47.481+0800: 3.722: [GC (Allocation Failure) 2024-07-30T18:37:47.481+0800: 3.722: [ParNew: 648746K->25594K(707840K), 0.0087300 secs] 648746K->25594K(713984K), 0.0087904 secs] [Times: user=0.02 sys=0.02, real=0.01 secs] 
2024-07-30T18:37:47.490+0800: 3.731: Total time for which application threads were stopped: 0.0089032 seconds, Stopping threads took: 0.0000192 seconds
2024-07-30T18:37:47.873+0800: 4.114: Application time: 0.3829922 seconds
2024-07-30T18:37:47.873+0800: 4.114: Total time for which application threads were stopped: 0.0000578 seconds, Stopping threads took: 0.0000247 seconds
2024-07-30T18:37:48.156+0800: 4.398: Application time: 0.2842068 seconds
2024-07-30T18:37:48.156+0800: 4.398: [GC (Allocation Failure) 2024-07-30T18:37:48.156+0800: 4.398: [ParNew: 654842K->34803K(707840K), 0.0112550 secs] 654842K->34803K(713984K), 0.0113166 secs] [Times: user=0.02 sys=0.02, real=0.01 secs] 
2024-07-30T18:37:48.168+0800: 4.410: Total time for which application threads were stopped: 0.0114426 seconds, Stopping threads took: 0.0000322 seconds
2024-07-30T18:37:48.834+0800: 5.075: Application time: 0.6656124 seconds
2024-07-30T18:37:48.834+0800: 5.075: [GC (Allocation Failure) 2024-07-30T18:37:48.834+0800: 5.075: [ParNew: 664051K->40264K(707840K), 0.0138599 secs] 664051K->40950K(713984K), 0.0139197 secs] [Times: user=0.02 sys=0.00, real=0.01 secs] 
2024-07-30T18:37:48.848+0800: 5.089: Total time for which application threads were stopped: 0.0140280 seconds, Stopping threads took: 0.0000197 seconds
2024-07-30T18:37:49.511+0800: 5.753: Application time: 0.6632062 seconds
2024-07-30T18:37:49.511+0800: 5.753: [GC (Allocation Failure) 2024-07-30T18:37:49.511+0800: 5.753: [ParNew: 669512K->48128K(707840K), 0.0124876 secs] 670198K->48815K(713984K), 0.0125948 secs] [Times: user=0.02 sys=0.02, real=0.01 secs] 
2024-07-30T18:37:49.524+0800: 5.765: Total time for which application threads were stopped: 0.0127230 seconds, Stopping threads took: 0.0000198 seconds
2024-07-30T18:37:50.190+0800: 6.432: Application time: 0.6666118 seconds
2024-07-30T18:37:50.190+0800: 6.432: [GC (Allocation Failure) 2024-07-30T18:37:50.190+0800: 6.432: [ParNew: 677376K->56337K(707840K), 0.0150175 secs] 678063K->57024K(713984K), 0.0150757 secs] [Times: user=0.03 sys=0.00, real=0.01 secs] 
2024-07-30T18:37:50.206+0800: 6.447: Total time for which application threads were stopped: 0.0152097 seconds, Stopping threads took: 0.0000344 seconds
2024-07-30T18:37:50.868+0800: 7.109: Application time: 0.6622553 seconds
2024-07-30T18:37:50.868+0800: 7.109: [GC (Allocation Failure) 2024-07-30T18:37:50.868+0800: 7.109: [ParNew: 685585K->64512K(707840K), 0.0166133 secs] 686272K->65200K(713984K), 0.0166666 secs] [Times: user=0.03 sys=0.00, real=0.02 secs] 
2024-07-30T18:37:50.885+0800: 7.126: Total time for which application threads were stopped: 0.0167910 seconds, Stopping threads took: 0.0000185 seconds
2024-07-30T18:37:51.560+0800: 7.802: Application time: 0.6754648 seconds
2024-07-30T18:37:51.560+0800: 7.802: [GC (Allocation Failure) 2024-07-30T18:37:51.560+0800: 7.802: [ParNew: 693383K->76801K(707840K), 0.0193050 secs] 694070K->77488K(713984K), 0.0193686 secs] [Times: user=0.03 sys=0.00, real=0.02 secs] 
2024-07-30T18:37:51.580+0800: 7.821: Total time for which application threads were stopped: 0.0194796 seconds, Stopping threads took: 0.0000203 seconds
2024-07-30T18:37:52.255+0800: 8.496: Application time: 0.6747107 seconds
2024-07-30T18:37:52.255+0800: 8.496: [GC (Allocation Failure) 2024-07-30T18:37:52.255+0800: 8.496: [ParNew: 706049K->77825K(707840K), 0.0198270 secs] 706736K->85680K(717068K), 0.0199010 secs] [Times: user=0.03 sys=0.00, real=0.02 secs] 
2024-07-30T18:37:52.275+0800: 8.516: Total time for which application threads were stopped: 0.0200172 seconds, Stopping threads took: 0.0000209 seconds
2024-07-30T18:37:52.275+0800: 8.516: Application time: 0.0002326 seconds
2024-07-30T18:37:52.275+0800: 8.516: [GC (CMS Initial Mark) [1 CMS-initial-mark: 7855K(9228K)] 100183K(717068K), 0.0001218 secs] [Times: user=0.00 sys=0.00, real=0.00 secs] 
2024-07-30T18:37:52.275+0800: 8.516: Total time for which application threads were stopped: 0.0002724 seconds, Stopping threads took: 0.0001167 seconds
2024-07-30T18:37:52.275+0800: 8.516: [CMS-concurrent-mark-start]
2024-07-30T18:37:52.276+0800: 8.518: [CMS-concurrent-mark: 0.001/0.001 secs] [Times: user=0.00 sys=0.00, real=0.00 secs] 
2024-07-30T18:37:52.276+0800: 8.518: [CMS-concurrent-preclean-start]
2024-07-30T18:37:52.277+0800: 8.518: [CMS-concurrent-preclean: 0.000/0.000 secs] [Times: user=0.00 sys=0.00, real=0.00 secs] 
2024-07-30T18:37:52.277+0800: 8.518: [CMS-concurrent-abortable-preclean-start]
2024-07-30T18:37:52.832+0800: 9.074: [CMS-concurrent-abortable-preclean: 0.001/0.556 secs] [Times: user=0.05 sys=0.00, real=0.56 secs] 
2024-07-30T18:37:52.833+0800: 9.074: Application time: 0.5576241 seconds
2024-07-30T18:37:52.833+0800: 9.074: [GC (CMS Final Remark) [YG occupancy: 523654 K (707840 K)]2024-07-30T18:37:52.833+0800: 9.074: [Rescan (parallel) , 0.0007967 secs]2024-07-30T18:37:52.834+0800: 9.075: [weak refs processing, 0.0000145 secs]2024-07-30T18:37:52.834+0800: 9.075: [class unloading, 0.0003577 secs]2024-07-30T18:37:52.834+0800: 9.075: [scrub symbol table, 0.0003631 secs]2024-07-30T18:37:52.834+0800: 9.076: [scrub string table, 0.0000912 secs][1 CMS-remark: 7855K(9228K)] 531509K(717068K), 0.0017187 secs] [Times: user=0.00 sys=0.00, real=0.00 secs] 
2024-07-30T18:37:52.834+0800: 9.076: Total time for which application threads were stopped: 0.0020188 seconds, Stopping threads took: 0.0002074 seconds
2024-07-30T18:37:52.835+0800: 9.076: [CMS-concurrent-sweep-start]
2024-07-30T18:37:52.836+0800: 9.077: [CMS-concurrent-sweep: 0.001/0.001 secs] [Times: user=0.00 sys=0.00, real=0.00 secs] 
2024-07-30T18:37:52.836+0800: 9.077: [CMS-concurrent-reset-start]
2024-07-30T18:37:52.838+0800: 9.079: [CMS-concurrent-reset: 0.002/0.002 secs] [Times: user=0.00 sys=0.00, real=0.00 secs] 
2024-07-30T18:37:52.963+0800: 9.205: Application time: 0.1288262 seconds
2024-07-30T18:37:52.963+0800: 9.205: [GC (Allocation Failure) 2024-07-30T18:37:52.963+0800: 9.205: [ParNew: 707073K->77825K(707840K), 0.0195074 secs] 714927K->100015K(731212K), 0.0195663 secs] [Times: user=0.03 sys=0.00, real=0.02 secs] 
2024-07-30T18:37:52.983+0800: 9.225: Total time for which application threads were stopped: 0.0197085 seconds, Stopping threads took: 0.0000191 seconds
2024-07-30T18:37:52.983+0800: 9.225: Application time: 0.0001231 seconds
2024-07-30T18:37:52.983+0800: 9.225: [GC (CMS Initial Mark) [1 CMS-initial-mark: 22190K(23372K)] 114564K(731212K), 0.0000973 secs] [Times: user=0.00 sys=0.00, real=0.00 secs] 
2024-07-30T18:37:52.983+0800: 9.225: Total time for which application threads were stopped: 0.0003148 seconds, Stopping threads took: 0.0001832 seconds
2024-07-30T18:37:52.983+0800: 9.225: [CMS-concurrent-mark-start]
2024-07-30T18:37:52.984+0800: 9.226: [CMS-concurrent-mark: 0.001/0.001 secs] [Times: user=0.00 sys=0.00, real=0.00 secs] 
2024-07-30T18:37:52.984+0800: 9.226: [CMS-concurrent-preclean-start]
2024-07-30T18:37:52.984+0800: 9.226: [CMS-concurrent-preclean: 0.000/0.000 secs] [Times: user=0.00 sys=0.00, real=0.00 secs] 
2024-07-30T18:37:52.984+0800: 9.226: [CMS-concurrent-abortable-preclean-start]
2024-07-30T18:37:53.540+0800: 9.781: [CMS-concurrent-abortable-preclean: 0.001/0.555 secs] [Times: user=0.00 sys=0.00, real=0.56 secs] 
2024-07-30T18:37:53.540+0800: 9.781: Application time: 0.5563345 seconds
2024-07-30T18:37:53.540+0800: 9.782: [GC (CMS Final Remark) [YG occupancy: 503216 K (707840 K)]2024-07-30T18:37:53.540+0800: 9.782: [Rescan (parallel) , 0.0011359 secs]2024-07-30T18:37:53.541+0800: 9.783: [weak refs processing, 0.0000133 secs]2024-07-30T18:37:53.541+0800: 9.783: [class unloading, 0.0002126 secs]2024-07-30T18:37:53.541+0800: 9.783: [scrub symbol table, 0.0002983 secs]2024-07-30T18:37:53.541+0800: 9.783: [scrub string table, 0.0001030 secs][1 CMS-remark: 22190K(23372K)] 525406K(731212K), 0.0018388 secs] [Times: user=0.00 sys=0.00, real=0.00 secs] 
2024-07-30T18:37:53.542+0800: 9.783: Total time for which application threads were stopped: 0.0021113 seconds, Stopping threads took: 0.0002109 seconds
2024-07-30T18:37:53.542+0800: 9.784: [CMS-concurrent-sweep-start]
2024-07-30T18:37:53.543+0800: 9.785: [CMS-concurrent-sweep: 0.001/0.001 secs] [Times: user=0.00 sys=0.00, real=0.00 secs] 
2024-07-30T18:37:53.543+0800: 9.785: [CMS-concurrent-reset-start]
2024-07-30T18:37:53.543+0800: 9.785: [CMS-concurrent-reset: 0.000/0.000 secs] [Times: user=0.00 sys=0.00, real=0.00 secs] 
2024-07-30T18:37:53.764+0800: 10.005: Application time: 0.2218122 seconds
2024-07-30T18:37:53.764+0800: 10.005: [GC (Allocation Failure) 2024-07-30T18:37:53.764+0800: 10.005: [ParNew: 706183K->77825K(707840K), 0.0239276 secs] 721205K->120496K(752412K), 0.0239898 secs] [Times: user=0.06 sys=0.00, real=0.02 secs] 
2024-07-30T18:37:53.787+0800: 10.029: Total time for which application threads were stopped: 0.0240995 seconds, Stopping threads took: 0.0000189 seconds
2024-07-30T18:37:53.788+0800: 10.030: Application time: 0.0002389 seconds
2024-07-30T18:37:53.788+0800: 10.030: [GC (CMS Initial Mark) [1 CMS-initial-mark: 42670K(44572K)] 134976K(752412K), 0.0001043 secs] [Times: user=0.00 sys=0.00, real=0.00 secs] 
2024-07-30T18:37:53.788+0800: 10.030: Total time for which application threads were stopped: 0.0002790 seconds, Stopping threads took: 0.0001406 seconds
2024-07-30T18:37:53.788+0800: 10.030: [CMS-concurrent-mark-start]
2024-07-30T18:37:53.789+0800: 10.031: [CMS-concurrent-mark: 0.001/0.001 secs] [Times: user=0.00 sys=0.00, real=0.00 secs] 
2024-07-30T18:37:53.790+0800: 10.031: [CMS-concurrent-preclean-start]
2024-07-30T18:37:53.790+0800: 10.032: [CMS-concurrent-preclean: 0.000/0.000 secs] [Times: user=0.00 sys=0.00, real=0.00 secs] 
2024-07-30T18:37:53.790+0800: 10.032: [CMS-concurrent-abortable-preclean-start]
2024-07-30T18:37:54.238+0800: 10.480: [CMS-concurrent-abortable-preclean: 0.001/0.448 secs] [Times: user=0.03 sys=0.00, real=0.45 secs] 
2024-07-30T18:37:54.239+0800: 10.480: Application time: 0.4499987 seconds
2024-07-30T18:37:54.239+0800: 10.480: [GC (CMS Final Remark) [YG occupancy: 495997 K (707840 K)]2024-07-30T18:37:54.239+0800: 10.480: [Rescan (parallel) , 0.0010663 secs]2024-07-30T18:37:54.240+0800: 10.481: [weak refs processing, 0.0000152 secs]2024-07-30T18:37:54.240+0800: 10.481: [class unloading, 0.0002377 secs]2024-07-30T18:37:54.240+0800: 10.481: [scrub symbol table, 0.0003409 secs]2024-07-30T18:37:54.240+0800: 10.482: [scrub string table, 0.0001003 secs][1 CMS-remark: 42670K(44572K)] 538668K(752412K), 0.0018553 secs] [Times: user=0.00 sys=0.00, real=0.00 secs] 
2024-07-30T18:37:54.240+0800: 10.482: Total time for which application threads were stopped: 0.0020876 seconds, Stopping threads took: 0.0001831 seconds
2024-07-30T18:37:54.241+0800: 10.482: [CMS-concurrent-sweep-start]
2024-07-30T18:37:54.242+0800: 10.484: [CMS-concurrent-sweep: 0.001/0.001 secs] [Times: user=0.00 sys=0.00, real=0.00 secs] 
2024-07-30T18:37:54.242+0800: 10.484: [CMS-concurrent-reset-start]
2024-07-30T18:37:54.242+0800: 10.484: [CMS-concurrent-reset: 0.000/0.000 secs] [Times: user=0.00 sys=0.00, real=0.00 secs] 
2024-07-30T18:37:54.461+0800: 10.702: Application time: 0.2201280 seconds
2024-07-30T18:37:54.461+0800: 10.702: [GC (Allocation Failure) 2024-07-30T18:37:54.461+0800: 10.702: [ParNew: 707073K->77825K(707840K), 0.0271768 secs] 735407K->142000K(774600K), 0.0272339 secs] [Times: user=0.03 sys=0.00, real=0.03 secs] 
2024-07-30T18:37:54.488+0800: 10.729: Total time for which application threads were stopped: 0.0273494 seconds, Stopping threads took: 0.0000195 seconds
2024-07-30T18:37:54.488+0800: 10.730: Application time: 0.0002044 seconds
2024-07-30T18:37:54.488+0800: 10.730: [GC (CMS Initial Mark) [1 CMS-initial-mark: 64175K(66760K)] 156534K(774600K), 0.0001056 secs] [Times: user=0.00 sys=0.00, real=0.00 secs] 
2024-07-30T18:37:54.488+0800: 10.730: Total time for which application threads were stopped: 0.0002027 seconds, Stopping threads took: 0.0000641 seconds
2024-07-30T18:37:54.488+0800: 10.730: [CMS-concurrent-mark-start]
2024-07-30T18:37:54.490+0800: 10.732: [CMS-concurrent-mark: 0.002/0.002 secs] [Times: user=0.02 sys=0.00, real=0.00 secs] 
2024-07-30T18:37:54.490+0800: 10.732: [CMS-concurrent-preclean-start]
2024-07-30T18:37:54.490+0800: 10.732: [CMS-concurrent-preclean: 0.000/0.000 secs] [Times: user=0.00 sys=0.00, real=0.00 secs] 
2024-07-30T18:37:54.490+0800: 10.732: [CMS-concurrent-abortable-preclean-start]
2024-07-30T18:37:55.043+0800: 11.284: [CMS-concurrent-abortable-preclean: 0.002/0.552 secs] [Times: user=0.00 sys=0.00, real=0.55 secs] 
2024-07-30T18:37:55.043+0800: 11.284: Application time: 0.5540705 seconds
2024-07-30T18:37:55.043+0800: 11.284: [GC (CMS Final Remark) [YG occupancy: 586293 K (707840 K)]2024-07-30T18:37:55.043+0800: 11.284: [Rescan (parallel) , 0.0009579 secs]2024-07-30T18:37:55.043+0800: 11.285: [weak refs processing, 0.0000160 secs]2024-07-30T18:37:55.043+0800: 11.285: [class unloading, 0.0002286 secs]2024-07-30T18:37:55.043+0800: 11.285: [scrub symbol table, 0.0003317 secs]2024-07-30T18:37:55.044+0800: 11.286: [scrub string table, 0.0001031 secs][1 CMS-remark: 64175K(66760K)] 650468K(774600K), 0.0017282 secs] [Times: user=0.00 sys=0.00, real=0.00 secs] 
2024-07-30T18:37:55.044+0800: 11.286: Total time for which application threads were stopped: 0.0017964 seconds, Stopping threads took: 0.0000231 seconds
2024-07-30T18:37:55.044+0800: 11.286: [CMS-concurrent-sweep-start]
2024-07-30T18:37:55.044+0800: 11.286: [CMS-concurrent-sweep: 0.000/0.000 secs] [Times: user=0.00 sys=0.00, real=0.00 secs] 
2024-07-30T18:37:55.044+0800: 11.286: [CMS-concurrent-reset-start]
2024-07-30T18:37:55.044+0800: 11.286: [CMS-concurrent-reset: 0.000/0.000 secs] [Times: user=0.00 sys=0.00, real=0.00 secs] 
2024-07-30T18:37:55.170+0800: 11.411: Application time: 0.1253284 seconds
2024-07-30T18:37:55.170+0800: 11.411: [GC (Allocation Failure) 2024-07-30T18:37:55.170+0800: 11.411: [ParNew: 707073K->77825K(707840K), 0.0290348 secs] 743600K->162480K(794132K), 0.0290930 secs] [Times: user=0.05 sys=0.02, real=0.03 secs] 
2024-07-30T18:37:55.199+0800: 11.440: Total time for which application threads were stopped: 0.0292026 seconds, Stopping threads took: 0.0000199 seconds
2024-07-30T18:37:55.199+0800: 11.441: Application time: 0.0002448 seconds
2024-07-30T18:37:55.199+0800: 11.441: [GC (CMS Initial Mark) [1 CMS-initial-mark: 84655K(86292K)] 176952K(794132K), 0.0000963 secs] [Times: user=0.00 sys=0.00, real=0.00 secs] 
2024-07-30T18:37:55.199+0800: 11.441: Total time for which application threads were stopped: 0.0001971 seconds, Stopping threads took: 0.0000681 seconds
2024-07-30T18:37:55.199+0800: 11.441: [CMS-concurrent-mark-start]
2024-07-30T18:37:55.201+0800: 11.442: [CMS-concurrent-mark: 0.001/0.001 secs] [Times: user=0.00 sys=0.00, real=0.00 secs] 
2024-07-30T18:37:55.201+0800: 11.442: [CMS-concurrent-preclean-start]
2024-07-30T18:37:55.201+0800: 11.443: [CMS-concurrent-preclean: 0.000/0.000 secs] [Times: user=0.00 sys=0.00, real=0.00 secs] 
2024-07-30T18:37:55.201+0800: 11.443: [CMS-concurrent-abortable-preclean-start]
2024-07-30T18:37:55.201+0800: 11.443: [CMS-concurrent-abortable-preclean: 0.000/0.000 secs] [Times: user=0.00 sys=0.00, real=0.00 secs] 
2024-07-30T18:37:55.202+0800: 11.443: Application time: 0.0022790 seconds
2024-07-30T18:37:55.202+0800: 11.443: [GC (CMS Final Remark) [YG occupancy: 119193 K (707840 K)]2024-07-30T18:37:55.202+0800: 11.443: [Rescan (parallel) , 0.0010668 secs]2024-07-30T18:37:55.203+0800: 11.444: [weak refs processing, 0.0000127 secs]2024-07-30T18:37:55.203+0800: 11.444: [class unloading, 0.0002413 secs]2024-07-30T18:37:55.203+0800: 11.444: [scrub symbol table, 0.0003095 secs]2024-07-30T18:37:55.203+0800: 11.445: [scrub string table, 0.0000905 secs][1 CMS-remark: 84655K(86292K)] 203848K(794132K), 0.0017847 secs] [Times: user=0.00 sys=0.00, real=0.00 secs] 
2024-07-30T18:37:55.203+0800: 11.445: Total time for which application threads were stopped: 0.0018893 seconds, Stopping threads took: 0.0000665 seconds
2024-07-30T18:37:55.204+0800: 11.445: [CMS-concurrent-sweep-start]
2024-07-30T18:37:55.205+0800: 11.446: [CMS-concurrent-sweep: 0.001/0.001 secs] [Times: user=0.00 sys=0.00, real=0.00 secs] 
2024-07-30T18:37:55.205+0800: 11.446: [CMS-concurrent-reset-start]
2024-07-30T18:37:55.205+0800: 11.446: [CMS-concurrent-reset: 0.000/0.000 secs] [Times: user=0.00 sys=0.00, real=0.00 secs] 
Heap
 par new generation   total 707840K, used 387289K [0x00000000c8000000, 0x00000000f8000000, 0x00000000f8000000)
  eden space 629248K,  49% used [0x00000000c8000000, 0x00000000dae36138, 0x00000000ee680000)
  from space 78592K,  99% used [0x00000000ee680000, 0x00000000f32804c0, 0x00000000f3340000)
  to   space 78592K,   0% used [0x00000000f3340000, 0x00000000f3340000, 0x00000000f8000000)
 concurrent mark-sweep generation total 86292K, used 48815K [0x00000000f8000000, 0x00000000fd445000, 0x0000000100000000)
 Metaspace       used 3005K, capacity 4486K, committed 4864K, reserved 1056768K
  class space    used 310K, capacity 386K, committed 512K, reserved 1048576K
2024-07-30T18:37:55.545+0800: 11.786: Application time: 0.3413604 seconds
