OpenJDK 64-Bit Server VM (25.412-b1) for windows-amd64 JRE (1.8.0_412-b1), built on Apr 23 2024 12:00:37 by "Administrator" with MS VC++ 10.0 (VS2010)
Memory: 4k page, physical 16672068k(4995316k free), swap 19811428k(4792528k free)
CommandLine flags: -XX:GCDrainStackTargetSize=64 -XX:InitialHeapSize=810758960 -XX:MaxHeapSize=939524096 -XX:MaxNewSize=805306368 -XX:MaxTenuringThreshold=6 -XX:NewSize=805306368 -XX:OldPLABSize=16 -XX:+PrintGC -XX:+PrintGCApplicationConcurrentTime -XX:+PrintGCApplicationStoppedTime -XX:+PrintGCDateStamps -XX:+PrintGCDetails -XX:+PrintGCTimeStamps -XX:+UseCompressedClassPointers -XX:+UseCompressedOops -XX:+UseConcMarkSweepGC -XX:-UseLargePagesIndividualAllocation -XX:+UseParNewGC 
2024-07-30T18:40:14.400+0800: 1.031: Application time: 0.9578155 seconds
2024-07-30T18:40:14.400+0800: 1.032: Total time for which application threads were stopped: 0.0005821 seconds, Stopping threads took: 0.0005203 seconds
2024-07-30T18:40:14.405+0800: 1.037: Application time: 0.0050519 seconds
2024-07-30T18:40:14.405+0800: 1.037: [GC (Allocation Failure) 2024-07-30T18:40:14.405+0800: 1.037: [ParNew: 629042K->14045K(707840K), 0.0077809 secs] 629042K->14045K(713984K), 0.0079784 secs] [Times: user=0.02 sys=0.02, real=0.01 secs] 
2024-07-30T18:40:14.413+0800: 1.045: Total time for which application threads were stopped: 0.0080903 seconds, Stopping threads took: 0.0000152 seconds
2024-07-30T18:40:15.080+0800: 1.712: Application time: 0.6670225 seconds
2024-07-30T18:40:15.081+0800: 1.712: [GC (Allocation Failure) 2024-07-30T18:40:15.081+0800: 1.712: [ParNew: 643293K->8087K(707840K), 0.0056931 secs] 643293K->8087K(713984K), 0.0057502 secs] [Times: user=0.02 sys=0.02, real=0.00 secs] 
2024-07-30T18:40:15.086+0800: 1.718: Total time for which application threads were stopped: 0.0058681 seconds, Stopping threads took: 0.0000231 seconds
2024-07-30T18:40:15.760+0800: 2.392: Application time: 0.6742337 seconds
2024-07-30T18:40:15.760+0800: 2.392: [GC (Allocation Failure) 2024-07-30T18:40:15.760+0800: 2.392: [ParNew: 637335K->12267K(707840K), 0.0025432 secs] 637335K->12267K(713984K), 0.0026089 secs] [Times: user=0.00 sys=0.00, real=0.00 secs] 
2024-07-30T18:40:15.763+0800: 2.395: Total time for which application threads were stopped: 0.0027289 seconds, Stopping threads took: 0.0000182 seconds
2024-07-30T18:40:16.436+0800: 3.068: Application time: 0.6730841 seconds
2024-07-30T18:40:16.436+0800: 3.068: [GC (Allocation Failure) 2024-07-30T18:40:16.436+0800: 3.068: [ParNew: 641515K->19273K(707840K), 0.0077133 secs] 641515K->19273K(713984K), 0.0077720 secs] [Times: user=0.02 sys=0.01, real=0.01 secs] 
2024-07-30T18:40:16.444+0800: 3.076: Total time for which application threads were stopped: 0.0078869 seconds, Stopping threads took: 0.0000206 seconds
2024-07-30T18:40:17.112+0800: 3.744: Application time: 0.6681608 seconds
2024-07-30T18:40:17.112+0800: 3.744: [GC (Allocation Failure) 2024-07-30T18:40:17.112+0800: 3.744: [ParNew: 648521K->25523K(707840K), 0.0087343 secs] 648521K->25523K(713984K), 0.0087938 secs] [Times: user=0.03 sys=0.00, real=0.01 secs] 
2024-07-30T18:40:17.121+0800: 3.753: Total time for which application threads were stopped: 0.0089256 seconds, Stopping threads took: 0.0000229 seconds
2024-07-30T18:40:17.489+0800: 4.121: Application time: 0.3677685 seconds
2024-07-30T18:40:17.489+0800: 4.121: Total time for which application threads were stopped: 0.0001314 seconds, Stopping threads took: 0.0000593 seconds
2024-07-30T18:40:17.791+0800: 4.423: Application time: 0.3019943 seconds
2024-07-30T18:40:17.791+0800: 4.423: [GC (Allocation Failure) 2024-07-30T18:40:17.791+0800: 4.423: [ParNew: 654771K->34740K(707840K), 0.0125964 secs] 654771K->34740K(713984K), 0.0126541 secs] [Times: user=0.02 sys=0.02, real=0.01 secs] 
2024-07-30T18:40:17.804+0800: 4.436: Total time for which application threads were stopped: 0.0127695 seconds, Stopping threads took: 0.0000190 seconds
2024-07-30T18:40:18.472+0800: 5.104: Application time: 0.6683262 seconds
2024-07-30T18:40:18.472+0800: 5.104: [GC (Allocation Failure) 2024-07-30T18:40:18.472+0800: 5.104: [ParNew: 663988K->40284K(707840K), 0.0131232 secs] 663988K->40969K(713984K), 0.0132534 secs] [Times: user=0.02 sys=0.01, real=0.01 secs] 
2024-07-30T18:40:18.486+0800: 5.118: Total time for which application threads were stopped: 0.0133639 seconds, Stopping threads took: 0.0000192 seconds
2024-07-30T18:40:19.152+0800: 5.784: Application time: 0.6666725 seconds
2024-07-30T18:40:19.152+0800: 5.784: [GC (Allocation Failure) 2024-07-30T18:40:19.152+0800: 5.784: [ParNew: 669532K->48128K(707840K), 0.0136893 secs] 670217K->48815K(713984K), 0.0137481 secs] [Times: user=0.03 sys=0.00, real=0.01 secs] 
2024-07-30T18:40:19.166+0800: 5.798: Total time for which application threads were stopped: 0.0138743 seconds, Stopping threads took: 0.0000275 seconds
2024-07-30T18:40:19.832+0800: 6.464: Application time: 0.6658949 seconds
2024-07-30T18:40:19.832+0800: 6.464: [GC (Allocation Failure) 2024-07-30T18:40:19.832+0800: 6.464: [ParNew: 677376K->56346K(707840K), 0.0146638 secs] 678063K->57033K(713984K), 0.0147249 secs] [Times: user=0.03 sys=0.00, real=0.01 secs] 
2024-07-30T18:40:19.847+0800: 6.479: Total time for which application threads were stopped: 0.0148355 seconds, Stopping threads took: 0.0000197 seconds
2024-07-30T18:40:20.520+0800: 7.153: Application time: 0.6738436 seconds
2024-07-30T18:40:20.520+0800: 7.153: [GC (Allocation Failure) 2024-07-30T18:40:20.521+0800: 7.153: [ParNew: 685594K->64512K(707840K), 0.0169360 secs] 686281K->65200K(713984K), 0.0169960 secs] [Times: user=0.03 sys=0.00, real=0.02 secs] 
2024-07-30T18:40:20.538+0800: 7.170: Total time for which application threads were stopped: 0.0171317 seconds, Stopping threads took: 0.0000207 seconds
2024-07-30T18:40:21.200+0800: 7.832: Application time: 0.6618635 seconds
2024-07-30T18:40:21.200+0800: 7.832: [GC (Allocation Failure) 2024-07-30T18:40:21.200+0800: 7.832: [ParNew: 693383K->76801K(707840K), 0.0190811 secs] 694070K->77488K(713984K), 0.0191425 secs] [Times: user=0.03 sys=0.00, real=0.02 secs] 
2024-07-30T18:40:21.219+0800: 7.851: Total time for which application threads were stopped: 0.0192551 seconds, Stopping threads took: 0.0000200 seconds
2024-07-30T18:40:21.892+0800: 8.525: Application time: 0.6740154 seconds
2024-07-30T18:40:21.892+0800: 8.525: [GC (Allocation Failure) 2024-07-30T18:40:21.893+0800: 8.525: [ParNew: 706049K->77825K(707840K), 0.0222720 secs] 706736K->85680K(717068K), 0.0223367 secs] [Times: user=0.05 sys=0.02, real=0.02 secs] 
2024-07-30T18:40:21.915+0800: 8.547: Total time for which application threads were stopped: 0.0224467 seconds, Stopping threads took: 0.0000192 seconds
2024-07-30T18:40:21.915+0800: 8.548: Application time: 0.0002584 seconds
2024-07-30T18:40:21.915+0800: 8.548: [GC (CMS Initial Mark) [1 CMS-initial-mark: 7855K(9228K)] 100183K(717068K), 0.0007950 secs] [Times: user=0.00 sys=0.00, real=0.00 secs] 
2024-07-30T18:40:21.916+0800: 8.549: Total time for which application threads were stopped: 0.0008744 seconds, Stopping threads took: 0.0000399 seconds
2024-07-30T18:40:21.916+0800: 8.549: [CMS-concurrent-mark-start]
2024-07-30T18:40:21.917+0800: 8.550: [CMS-concurrent-mark: 0.001/0.001 secs] [Times: user=0.00 sys=0.00, real=0.00 secs] 
2024-07-30T18:40:21.917+0800: 8.550: [CMS-concurrent-preclean-start]
2024-07-30T18:40:21.917+0800: 8.550: [CMS-concurrent-preclean: 0.000/0.000 secs] [Times: user=0.00 sys=0.00, real=0.00 secs] 
2024-07-30T18:40:21.917+0800: 8.550: [CMS-concurrent-abortable-preclean-start]
2024-07-30T18:40:22.472+0800: 9.104: [CMS-concurrent-abortable-preclean: 0.001/0.554 secs] [Times: user=0.05 sys=0.00, real=0.55 secs] 
2024-07-30T18:40:22.472+0800: 9.104: Application time: 0.5557395 seconds
2024-07-30T18:40:22.473+0800: 9.104: [GC (CMS Final Remark) [YG occupancy: 523654 K (707840 K)]2024-07-30T18:40:22.473+0800: 9.104: [Rescan (parallel) , 0.0011412 secs]2024-07-30T18:40:22.474+0800: 9.106: [weak refs processing, 0.0000276 secs]2024-07-30T18:40:22.474+0800: 9.106: [class unloading, 0.0003608 secs]2024-07-30T18:40:22.474+0800: 9.106: [scrub symbol table, 0.0003766 secs]2024-07-30T18:40:22.474+0800: 9.106: [scrub string table, 0.0001058 secs][1 CMS-remark: 7855K(9228K)] 531509K(717068K), 0.0020998 secs] [Times: user=0.00 sys=0.00, real=0.00 secs] 
2024-07-30T18:40:22.475+0800: 9.107: Total time for which application threads were stopped: 0.0022805 seconds, Stopping threads took: 0.0001369 seconds
2024-07-30T18:40:22.475+0800: 9.107: [CMS-concurrent-sweep-start]
2024-07-30T18:40:22.476+0800: 9.108: [CMS-concurrent-sweep: 0.001/0.001 secs] [Times: user=0.00 sys=0.00, real=0.00 secs] 
2024-07-30T18:40:22.476+0800: 9.108: [CMS-concurrent-reset-start]
2024-07-30T18:40:22.478+0800: 9.110: [CMS-concurrent-reset: 0.002/0.002 secs] [Times: user=0.00 sys=0.00, real=0.00 secs] 
2024-07-30T18:40:22.604+0800: 9.236: Application time: 0.1291722 seconds
2024-07-30T18:40:22.604+0800: 9.236: [GC (Allocation Failure) 2024-07-30T18:40:22.604+0800: 9.236: [ParNew: 707073K->77825K(707840K), 0.0193693 secs] 714927K->100015K(731212K), 0.0194284 secs] [Times: user=0.03 sys=0.00, real=0.02 secs] 
2024-07-30T18:40:22.623+0800: 9.255: Total time for which application threads were stopped: 0.0195342 seconds, Stopping threads took: 0.0000189 seconds
2024-07-30T18:40:22.623+0800: 9.255: Application time: 0.0001360 seconds
2024-07-30T18:40:22.623+0800: 9.255: [GC (CMS Initial Mark) [1 CMS-initial-mark: 22190K(23372K)] 101039K(731212K), 0.0008257 secs] [Times: user=0.00 sys=0.00, real=0.00 secs] 
2024-07-30T18:40:22.624+0800: 9.256: Total time for which application threads were stopped: 0.0009079 seconds, Stopping threads took: 0.0000411 seconds
2024-07-30T18:40:22.624+0800: 9.256: [CMS-concurrent-mark-start]
2024-07-30T18:40:22.625+0800: 9.257: [CMS-concurrent-mark: 0.001/0.001 secs] [Times: user=0.00 sys=0.00, real=0.00 secs] 
2024-07-30T18:40:22.625+0800: 9.257: [CMS-concurrent-preclean-start]
2024-07-30T18:40:22.625+0800: 9.257: [CMS-concurrent-preclean: 0.000/0.000 secs] [Times: user=0.00 sys=0.00, real=0.00 secs] 
2024-07-30T18:40:22.625+0800: 9.257: [CMS-concurrent-abortable-preclean-start]
2024-07-30T18:40:23.183+0800: 9.815: [CMS-concurrent-abortable-preclean: 0.001/0.557 secs] [Times: user=0.00 sys=0.00, real=0.56 secs] 
2024-07-30T18:40:23.183+0800: 9.815: Application time: 0.5585810 seconds
2024-07-30T18:40:23.183+0800: 9.815: [GC (CMS Final Remark) [YG occupancy: 498096 K (707840 K)]2024-07-30T18:40:23.183+0800: 9.815: [Rescan (parallel) , 0.0002556 secs]2024-07-30T18:40:23.183+0800: 9.815: [weak refs processing, 0.0000144 secs]2024-07-30T18:40:23.183+0800: 9.815: [class unloading, 0.0002264 secs]2024-07-30T18:40:23.183+0800: 9.815: [scrub symbol table, 0.0004964 secs]2024-07-30T18:40:23.184+0800: 9.816: [scrub string table, 0.0000916 secs][1 CMS-remark: 22190K(23372K)] 520286K(731212K), 0.0011779 secs] [Times: user=0.00 sys=0.00, real=0.00 secs] 
2024-07-30T18:40:23.184+0800: 9.816: Total time for which application threads were stopped: 0.0012497 seconds, Stopping threads took: 0.0000273 seconds
2024-07-30T18:40:23.184+0800: 9.816: [CMS-concurrent-sweep-start]
2024-07-30T18:40:23.184+0800: 9.817: [CMS-concurrent-sweep: 0.000/0.000 secs] [Times: user=0.00 sys=0.00, real=0.00 secs] 
2024-07-30T18:40:23.185+0800: 9.817: [CMS-concurrent-reset-start]
2024-07-30T18:40:23.185+0800: 9.817: [CMS-concurrent-reset: 0.000/0.000 secs] [Times: user=0.00 sys=0.00, real=0.00 secs] 
2024-07-30T18:40:23.420+0800: 10.052: Application time: 0.2361961 seconds
2024-07-30T18:40:23.420+0800: 10.052: [GC (Allocation Failure) 2024-07-30T18:40:23.420+0800: 10.052: [ParNew: 706183K->77825K(707840K), 0.0308424 secs] 721205K->120496K(752412K), 0.0308967 secs] [Times: user=0.06 sys=0.00, real=0.03 secs] 
2024-07-30T18:40:23.451+0800: 10.083: Total time for which application threads were stopped: 0.0310181 seconds, Stopping threads took: 0.0000188 seconds
2024-07-30T18:40:23.451+0800: 10.084: Application time: 0.0001966 seconds
2024-07-30T18:40:23.451+0800: 10.084: [GC (CMS Initial Mark) [1 CMS-initial-mark: 42670K(44572K)] 134976K(752412K), 0.0002920 secs] [Times: user=0.00 sys=0.00, real=0.00 secs] 
2024-07-30T18:40:23.452+0800: 10.084: Total time for which application threads were stopped: 0.0005187 seconds, Stopping threads took: 0.0001509 seconds
2024-07-30T18:40:23.452+0800: 10.084: [CMS-concurrent-mark-start]
2024-07-30T18:40:23.453+0800: 10.085: [CMS-concurrent-mark: 0.001/0.001 secs] [Times: user=0.00 sys=0.00, real=0.00 secs] 
2024-07-30T18:40:23.453+0800: 10.085: [CMS-concurrent-preclean-start]
2024-07-30T18:40:23.453+0800: 10.086: [CMS-concurrent-preclean: 0.000/0.000 secs] [Times: user=0.00 sys=0.00, real=0.00 secs] 
2024-07-30T18:40:23.453+0800: 10.086: [CMS-concurrent-abortable-preclean-start]
2024-07-30T18:40:23.894+0800: 10.526: [CMS-concurrent-abortable-preclean: 0.002/0.440 secs] [Times: user=0.06 sys=0.00, real=0.44 secs] 
2024-07-30T18:40:23.894+0800: 10.526: Application time: 0.4421167 seconds
2024-07-30T18:40:23.895+0800: 10.526: [GC (CMS Final Remark) [YG occupancy: 495997 K (707840 K)]2024-07-30T18:40:23.895+0800: 10.526: [Rescan (parallel) , 0.0010073 secs]2024-07-30T18:40:23.896+0800: 10.527: [weak refs processing, 0.0000142 secs]2024-07-30T18:40:23.896+0800: 10.527: [class unloading, 0.0002367 secs]2024-07-30T18:40:23.896+0800: 10.528: [scrub symbol table, 0.0003371 secs]2024-07-30T18:40:23.896+0800: 10.528: [scrub string table, 0.0000998 secs][1 CMS-remark: 42670K(44572K)] 538668K(752412K), 0.0017778 secs] [Times: user=0.02 sys=0.00, real=0.00 secs] 
2024-07-30T18:40:23.896+0800: 10.528: Total time for which application threads were stopped: 0.0019557 seconds, Stopping threads took: 0.0001298 seconds
2024-07-30T18:40:23.897+0800: 10.528: [CMS-concurrent-sweep-start]
2024-07-30T18:40:23.897+0800: 10.529: [CMS-concurrent-sweep: 0.001/0.001 secs] [Times: user=0.00 sys=0.00, real=0.00 secs] 
2024-07-30T18:40:23.898+0800: 10.529: [CMS-concurrent-reset-start]
2024-07-30T18:40:23.898+0800: 10.530: [CMS-concurrent-reset: 0.000/0.000 secs] [Times: user=0.00 sys=0.00, real=0.00 secs] 
2024-07-30T18:40:24.131+0800: 10.763: Application time: 0.2351691 seconds
2024-07-30T18:40:24.131+0800: 10.763: [GC (Allocation Failure) 2024-07-30T18:40:24.131+0800: 10.763: [ParNew: 707073K->77825K(707840K), 0.0254004 secs] 735407K->142000K(774600K), 0.0254732 secs] [Times: user=0.03 sys=0.00, real=0.02 secs] 
2024-07-30T18:40:24.156+0800: 10.789: Total time for which application threads were stopped: 0.0255802 seconds, Stopping threads took: 0.0000194 seconds
2024-07-30T18:40:24.157+0800: 10.789: Application time: 0.0001832 seconds
2024-07-30T18:40:24.157+0800: 10.789: [GC (CMS Initial Mark) [1 CMS-initial-mark: 64175K(66760K)] 156534K(774600K), 0.0007318 secs] [Times: user=0.00 sys=0.00, real=0.00 secs] 
2024-07-30T18:40:24.158+0800: 10.790: Total time for which application threads were stopped: 0.0009131 seconds, Stopping threads took: 0.0001393 seconds
2024-07-30T18:40:24.158+0800: 10.790: [CMS-concurrent-mark-start]
2024-07-30T18:40:24.159+0800: 10.791: [CMS-concurrent-mark: 0.001/0.001 secs] [Times: user=0.00 sys=0.00, real=0.00 secs] 
2024-07-30T18:40:24.159+0800: 10.791: [CMS-concurrent-preclean-start]
2024-07-30T18:40:24.159+0800: 10.792: [CMS-concurrent-preclean: 0.000/0.000 secs] [Times: user=0.00 sys=0.00, real=0.00 secs] 
2024-07-30T18:40:24.159+0800: 10.792: [CMS-concurrent-abortable-preclean-start]
2024-07-30T18:40:24.714+0800: 11.345: [CMS-concurrent-abortable-preclean: 0.002/0.554 secs] [Times: user=0.03 sys=0.00, real=0.56 secs] 
2024-07-30T18:40:24.714+0800: 11.346: Application time: 0.5557540 seconds
2024-07-30T18:40:24.714+0800: 11.346: [GC (CMS Final Remark) [YG occupancy: 586293 K (707840 K)]2024-07-30T18:40:24.714+0800: 11.346: [Rescan (parallel) , 0.0009933 secs]2024-07-30T18:40:24.715+0800: 11.347: [weak refs processing, 0.0000142 secs]2024-07-30T18:40:24.715+0800: 11.347: [class unloading, 0.0002157 secs]2024-07-30T18:40:24.715+0800: 11.347: [scrub symbol table, 0.0003002 secs]2024-07-30T18:40:24.715+0800: 11.348: [scrub string table, 0.0000908 secs][1 CMS-remark: 64175K(66760K)] 650468K(774600K), 0.0016963 secs] [Times: user=0.00 sys=0.00, real=0.00 secs] 
2024-07-30T18:40:24.715+0800: 11.348: Total time for which application threads were stopped: 0.0019798 seconds, Stopping threads took: 0.0002019 seconds
2024-07-30T18:40:24.716+0800: 11.348: [CMS-concurrent-sweep-start]
2024-07-30T18:40:24.717+0800: 11.349: [CMS-concurrent-sweep: 0.001/0.001 secs] [Times: user=0.00 sys=0.00, real=0.00 secs] 
2024-07-30T18:40:24.717+0800: 11.349: [CMS-concurrent-reset-start]
2024-07-30T18:40:24.717+0800: 11.350: [CMS-concurrent-reset: 0.000/0.000 secs] [Times: user=0.00 sys=0.00, real=0.00 secs] 
2024-07-30T18:40:24.840+0800: 11.472: Application time: 0.1241660 seconds
2024-07-30T18:40:24.840+0800: 11.472: [GC (Allocation Failure) 2024-07-30T18:40:24.840+0800: 11.472: [ParNew: 707073K->77825K(707840K), 0.0277639 secs] 743600K->162480K(794132K), 0.0278225 secs] [Times: user=0.05 sys=0.02, real=0.03 secs] 
2024-07-30T18:40:24.868+0800: 11.500: Total time for which application threads were stopped: 0.0279421 seconds, Stopping threads took: 0.0000199 seconds
2024-07-30T18:40:24.868+0800: 11.500: Application time: 0.0001871 seconds
2024-07-30T18:40:24.868+0800: 11.500: [GC (CMS Initial Mark) [1 CMS-initial-mark: 84655K(86292K)] 176952K(794132K), 0.0008567 secs] [Times: user=0.00 sys=0.00, real=0.00 secs] 
2024-07-30T18:40:24.869+0800: 11.501: Total time for which application threads were stopped: 0.0010230 seconds, Stopping threads took: 0.0001215 seconds
2024-07-30T18:40:24.869+0800: 11.501: [CMS-concurrent-mark-start]
2024-07-30T18:40:24.871+0800: 11.503: [CMS-concurrent-mark: 0.002/0.002 secs] [Times: user=0.00 sys=0.00, real=0.00 secs] 
2024-07-30T18:40:24.871+0800: 11.503: [CMS-concurrent-preclean-start]
2024-07-30T18:40:24.871+0800: 11.503: [CMS-concurrent-preclean: 0.000/0.000 secs] [Times: user=0.00 sys=0.00, real=0.00 secs] 
2024-07-30T18:40:24.871+0800: 11.503: [CMS-concurrent-abortable-preclean-start]
2024-07-30T18:40:24.871+0800: 11.503: [CMS-concurrent-abortable-preclean: 0.000/0.000 secs] [Times: user=0.00 sys=0.00, real=0.00 secs] 
2024-07-30T18:40:24.871+0800: 11.504: Application time: 0.0025077 seconds
2024-07-30T18:40:24.871+0800: 11.504: [GC (CMS Final Remark) [YG occupancy: 119193 K (707840 K)]2024-07-30T18:40:24.871+0800: 11.504: [Rescan (parallel) , 0.0011108 secs]2024-07-30T18:40:24.872+0800: 11.505: [weak refs processing, 0.0000135 secs]2024-07-30T18:40:24.872+0800: 11.505: [class unloading, 0.0002321 secs]2024-07-30T18:40:24.873+0800: 11.505: [scrub symbol table, 0.0003125 secs]2024-07-30T18:40:24.873+0800: 11.505: [scrub string table, 0.0000905 secs][1 CMS-remark: 84655K(86292K)] 203848K(794132K), 0.0018266 secs] [Times: user=0.00 sys=0.00, real=0.00 secs] 
2024-07-30T18:40:24.873+0800: 11.506: Total time for which application threads were stopped: 0.0019207 seconds, Stopping threads took: 0.0000582 seconds
2024-07-30T18:40:24.873+0800: 11.506: [CMS-concurrent-sweep-start]
2024-07-30T18:40:24.874+0800: 11.507: [CMS-concurrent-sweep: 0.001/0.001 secs] [Times: user=0.00 sys=0.00, real=0.00 secs] 
2024-07-30T18:40:24.874+0800: 11.507: [CMS-concurrent-reset-start]
2024-07-30T18:40:24.875+0800: 11.507: [CMS-concurrent-reset: 0.000/0.000 secs] [Times: user=0.00 sys=0.00, real=0.00 secs] 
Heap
 par new generation   total 707840K, used 387289K [0x00000000c8000000, 0x00000000f8000000, 0x00000000f8000000)
  eden space 629248K,  49% used [0x00000000c8000000, 0x00000000dae36138, 0x00000000ee680000)
  from space 78592K,  99% used [0x00000000ee680000, 0x00000000f32804c0, 0x00000000f3340000)
  to   space 78592K,   0% used [0x00000000f3340000, 0x00000000f3340000, 0x00000000f8000000)
 concurrent mark-sweep generation total 86292K, used 48815K [0x00000000f8000000, 0x00000000fd445000, 0x0000000100000000)
 Metaspace       used 3005K, capacity 4486K, committed 4864K, reserved 1056768K
  class space    used 310K, capacity 386K, committed 512K, reserved 1048576K
2024-07-30T18:40:25.202+0800: 11.833: Application time: 0.3278942 seconds
