OpenJDK 64-Bit Server VM (25.412-b1) for windows-amd64 JRE (1.8.0_412-b1), built on Apr 23 2024 12:00:37 by "Administrator" with MS VC++ 10.0 (VS2010)
Memory: 4k page, physical 16672068k(5013940k free), swap 19811428k(4764832k free)
CommandLine flags: -XX:-CMSParallelInitialMarkEnabled -XX:GCDrainStackTargetSize=64 -XX:InitialHeapSize=810758960 -XX:MaxHeapSize=939524096 -XX:MaxNewSize=805306368 -XX:MaxTenuringThreshold=6 -XX:NewSize=805306368 -XX:OldPLABSize=16 -XX:+PrintGC -XX:+PrintGCApplicationConcurrentTime -XX:+PrintGCApplicationStoppedTime -XX:+PrintGCDateStamps -XX:+PrintGCDetails -XX:+PrintGCTimeStamps -XX:+UseCompressedClassPointers -XX:+UseCompressedOops -XX:+UseConcMarkSweepGC -XX:-UseLargePagesIndividualAllocation -XX:+UseParNewGC 
2024-07-30T18:37:56.670+0800: 1.038: Application time: 0.9630059 seconds
2024-07-30T18:37:56.670+0800: 1.038: Total time for which application threads were stopped: 0.0000540 seconds, Stopping threads took: 0.0000194 seconds
2024-07-30T18:37:56.692+0800: 1.060: Application time: 0.0218352 seconds
2024-07-30T18:37:56.692+0800: 1.060: [GC (Allocation Failure) 2024-07-30T18:37:56.692+0800: 1.060: [ParNew: 629042K->13988K(707840K), 0.0080130 secs] 629042K->13988K(713984K), 0.0082221 secs] [Times: user=0.00 sys=0.00, real=0.01 secs] 
2024-07-30T18:37:56.700+0800: 1.068: Total time for which application threads were stopped: 0.0083447 seconds, Stopping threads took: 0.0000189 seconds
2024-07-30T18:37:57.367+0800: 1.735: Application time: 0.6670235 seconds
2024-07-30T18:37:57.367+0800: 1.735: [GC (Allocation Failure) 2024-07-30T18:37:57.367+0800: 1.735: [ParNew: 643236K->8049K(707840K), 0.0046266 secs] 643236K->8049K(713984K), 0.0046850 secs] [Times: user=0.00 sys=0.00, real=0.00 secs] 
2024-07-30T18:37:57.372+0800: 1.740: Total time for which application threads were stopped: 0.0047948 seconds, Stopping threads took: 0.0000194 seconds
2024-07-30T18:37:58.043+0800: 2.411: Application time: 0.6712423 seconds
2024-07-30T18:37:58.043+0800: 2.411: [GC (Allocation Failure) 2024-07-30T18:37:58.043+0800: 2.411: [ParNew: 637297K->12193K(707840K), 0.0024390 secs] 637297K->12193K(713984K), 0.0024930 secs] [Times: user=0.00 sys=0.00, real=0.00 secs] 
2024-07-30T18:37:58.046+0800: 2.414: Total time for which application threads were stopped: 0.0026220 seconds, Stopping threads took: 0.0000188 seconds
2024-07-30T18:37:58.736+0800: 3.104: Application time: 0.6905598 seconds
2024-07-30T18:37:58.737+0800: 3.104: [GC (Allocation Failure) 2024-07-30T18:37:58.737+0800: 3.105: [ParNew: 641441K->19362K(707840K), 0.0076180 secs] 641441K->19362K(713984K), 0.0076956 secs] [Times: user=0.02 sys=0.02, real=0.01 secs] 
2024-07-30T18:37:58.744+0800: 3.112: Total time for which application threads were stopped: 0.0078145 seconds, Stopping threads took: 0.0000232 seconds
2024-07-30T18:37:59.414+0800: 3.781: Application time: 0.6692759 seconds
2024-07-30T18:37:59.414+0800: 3.782: [GC (Allocation Failure) 2024-07-30T18:37:59.414+0800: 3.782: [ParNew: 648610K->25598K(707840K), 0.0086377 secs] 648610K->25598K(713984K), 0.0086963 secs] [Times: user=0.00 sys=0.00, real=0.01 secs] 
2024-07-30T18:37:59.423+0800: 3.790: Total time for which application threads were stopped: 0.0088185 seconds, Stopping threads took: 0.0000163 seconds
2024-07-30T18:37:59.741+0800: 4.108: Application time: 0.3181769 seconds
2024-07-30T18:37:59.741+0800: 4.109: Total time for which application threads were stopped: 0.0000660 seconds, Stopping threads took: 0.0000266 seconds
2024-07-30T18:38:00.088+0800: 4.456: Application time: 0.3478154 seconds
2024-07-30T18:38:00.088+0800: 4.456: [GC (Allocation Failure) 2024-07-30T18:38:00.088+0800: 4.456: [ParNew: 654846K->34780K(707840K), 0.0115395 secs] 654846K->34780K(713984K), 0.0115995 secs] [Times: user=0.02 sys=0.02, real=0.01 secs] 
2024-07-30T18:38:00.100+0800: 4.468: Total time for which application threads were stopped: 0.0117062 seconds, Stopping threads took: 0.0000185 seconds
2024-07-30T18:38:00.766+0800: 5.134: Application time: 0.6654903 seconds
2024-07-30T18:38:00.766+0800: 5.134: [GC (Allocation Failure) 2024-07-30T18:38:00.766+0800: 5.134: [ParNew: 664028K->40393K(707840K), 0.0132804 secs] 664028K->41077K(713984K), 0.0133773 secs] [Times: user=0.03 sys=0.00, real=0.01 secs] 
2024-07-30T18:38:00.779+0800: 5.147: Total time for which application threads were stopped: 0.0134899 seconds, Stopping threads took: 0.0000198 seconds
2024-07-30T18:38:01.442+0800: 5.810: Application time: 0.6627451 seconds
2024-07-30T18:38:01.442+0800: 5.810: [GC (Allocation Failure) 2024-07-30T18:38:01.443+0800: 5.810: [ParNew: 669641K->48128K(707840K), 0.0126374 secs] 670325K->48813K(713984K), 0.0126974 secs] [Times: user=0.00 sys=0.00, real=0.01 secs] 
2024-07-30T18:38:01.455+0800: 5.823: Total time for which application threads were stopped: 0.0128188 seconds, Stopping threads took: 0.0000178 seconds
2024-07-30T18:38:02.119+0800: 6.486: Application time: 0.6637435 seconds
2024-07-30T18:38:02.119+0800: 6.486: [GC (Allocation Failure) 2024-07-30T18:38:02.119+0800: 6.486: [ParNew: 677376K->56339K(707840K), 0.0142573 secs] 678061K->57024K(713984K), 0.0143272 secs] [Times: user=0.03 sys=0.00, real=0.01 secs] 
2024-07-30T18:38:02.133+0800: 6.501: Total time for which application threads were stopped: 0.0144403 seconds, Stopping threads took: 0.0000208 seconds
2024-07-30T18:38:02.793+0800: 7.161: Application time: 0.6605787 seconds
2024-07-30T18:38:02.793+0800: 7.161: [GC (Allocation Failure) 2024-07-30T18:38:02.793+0800: 7.162: [ParNew: 685587K->64512K(707840K), 0.0160648 secs] 686272K->65198K(713984K), 0.0161248 secs] [Times: user=0.02 sys=0.01, real=0.02 secs] 
2024-07-30T18:38:02.809+0800: 7.178: Total time for which application threads were stopped: 0.0162360 seconds, Stopping threads took: 0.0000192 seconds
2024-07-30T18:38:03.485+0800: 7.852: Application time: 0.6748163 seconds
2024-07-30T18:38:03.485+0800: 7.853: [GC (Allocation Failure) 2024-07-30T18:38:03.485+0800: 7.853: [ParNew: 693383K->76801K(707840K), 0.0199041 secs] 694068K->77486K(713984K), 0.0199639 secs] [Times: user=0.03 sys=0.00, real=0.02 secs] 
2024-07-30T18:38:03.505+0800: 7.873: Total time for which application threads were stopped: 0.0200698 seconds, Stopping threads took: 0.0000176 seconds
2024-07-30T18:38:04.177+0800: 8.545: Application time: 0.6722161 seconds
2024-07-30T18:38:04.177+0800: 8.545: [GC (Allocation Failure) 2024-07-30T18:38:04.177+0800: 8.545: [ParNew: 706049K->77825K(707840K), 0.0220091 secs] 706734K->85678K(717068K), 0.0220810 secs] [Times: user=0.01 sys=0.02, real=0.02 secs] 
2024-07-30T18:38:04.200+0800: 8.567: Total time for which application threads were stopped: 0.0222049 seconds, Stopping threads took: 0.0000211 seconds
2024-07-30T18:38:04.200+0800: 8.567: Application time: 0.0001908 seconds
2024-07-30T18:38:04.200+0800: 8.567: [GC (CMS Initial Mark) [1 CMS-initial-mark: 7853K(9228K)] 100181K(717068K), 0.0001100 secs] [Times: user=0.00 sys=0.00, real=0.00 secs] 
2024-07-30T18:38:04.200+0800: 8.567: Total time for which application threads were stopped: 0.0002157 seconds, Stopping threads took: 0.0000718 seconds
2024-07-30T18:38:04.200+0800: 8.568: [CMS-concurrent-mark-start]
2024-07-30T18:38:04.201+0800: 8.569: [CMS-concurrent-mark: 0.001/0.001 secs] [Times: user=0.00 sys=0.00, real=0.00 secs] 
2024-07-30T18:38:04.201+0800: 8.569: [CMS-concurrent-preclean-start]
2024-07-30T18:38:04.202+0800: 8.569: [CMS-concurrent-preclean: 0.000/0.000 secs] [Times: user=0.00 sys=0.00, real=0.00 secs] 
2024-07-30T18:38:04.202+0800: 8.569: [CMS-concurrent-abortable-preclean-start]
2024-07-30T18:38:04.752+0800: 9.120: [CMS-concurrent-abortable-preclean: 0.001/0.551 secs] [Times: user=0.06 sys=0.00, real=0.55 secs] 
2024-07-30T18:38:04.752+0800: 9.120: Application time: 0.5522930 seconds
2024-07-30T18:38:04.752+0800: 9.120: [GC (CMS Final Remark) [YG occupancy: 510175 K (707840 K)]2024-07-30T18:38:04.752+0800: 9.120: [Rescan (parallel) , 0.0007684 secs]2024-07-30T18:38:04.753+0800: 9.121: [weak refs processing, 0.0000153 secs]2024-07-30T18:38:04.753+0800: 9.121: [class unloading, 0.0003602 secs]2024-07-30T18:38:04.753+0800: 9.121: [scrub symbol table, 0.0003703 secs]2024-07-30T18:38:04.754+0800: 9.121: [scrub string table, 0.0001104 secs][1 CMS-remark: 7853K(9228K)] 518028K(717068K), 0.0017214 secs] [Times: user=0.00 sys=0.00, real=0.00 secs] 
2024-07-30T18:38:04.754+0800: 9.121: Total time for which application threads were stopped: 0.0017858 seconds, Stopping threads took: 0.0000205 seconds
2024-07-30T18:38:04.754+0800: 9.122: [CMS-concurrent-sweep-start]
2024-07-30T18:38:04.754+0800: 9.122: [CMS-concurrent-sweep: 0.000/0.000 secs] [Times: user=0.00 sys=0.00, real=0.00 secs] 
2024-07-30T18:38:04.754+0800: 9.122: [CMS-concurrent-reset-start]
2024-07-30T18:38:04.755+0800: 9.123: [CMS-concurrent-reset: 0.001/0.001 secs] [Times: user=0.00 sys=0.01, real=0.00 secs] 
2024-07-30T18:38:04.883+0800: 9.251: Application time: 0.1298707 seconds
2024-07-30T18:38:04.883+0800: 9.251: [GC (Allocation Failure) 2024-07-30T18:38:04.883+0800: 9.251: [ParNew: 707073K->77825K(707840K), 0.0204742 secs] 714925K->100013K(731208K), 0.0205319 secs] [Times: user=0.02 sys=0.02, real=0.02 secs] 
2024-07-30T18:38:04.904+0800: 9.272: Total time for which application threads were stopped: 0.0206385 seconds, Stopping threads took: 0.0000191 seconds
2024-07-30T18:38:04.904+0800: 9.272: Application time: 0.0002142 seconds
2024-07-30T18:38:04.904+0800: 9.272: [GC (CMS Initial Mark) [1 CMS-initial-mark: 22188K(23368K)] 114562K(731208K), 0.0000929 secs] [Times: user=0.00 sys=0.00, real=0.00 secs] 
2024-07-30T18:38:04.904+0800: 9.272: Total time for which application threads were stopped: 0.0002345 seconds, Stopping threads took: 0.0001083 seconds
2024-07-30T18:38:04.904+0800: 9.273: [CMS-concurrent-mark-start]
2024-07-30T18:38:04.905+0800: 9.273: [CMS-concurrent-mark: 0.001/0.001 secs] [Times: user=0.00 sys=0.00, real=0.00 secs] 
2024-07-30T18:38:04.905+0800: 9.273: [CMS-concurrent-preclean-start]
2024-07-30T18:38:04.905+0800: 9.274: [CMS-concurrent-preclean: 0.000/0.000 secs] [Times: user=0.00 sys=0.00, real=0.00 secs] 
2024-07-30T18:38:04.905+0800: 9.274: [CMS-concurrent-abortable-preclean-start]
2024-07-30T18:38:05.458+0800: 9.826: [CMS-concurrent-abortable-preclean: 0.001/0.552 secs] [Times: user=0.06 sys=0.02, real=0.55 secs] 
2024-07-30T18:38:05.458+0800: 9.826: Application time: 0.5533455 seconds
2024-07-30T18:38:05.458+0800: 9.826: [GC (CMS Final Remark) [YG occupancy: 498096 K (707840 K)]2024-07-30T18:38:05.458+0800: 9.826: [Rescan (parallel) , 0.0009232 secs]2024-07-30T18:38:05.459+0800: 9.827: [weak refs processing, 0.0000152 secs]2024-07-30T18:38:05.459+0800: 9.827: [class unloading, 0.0002218 secs]2024-07-30T18:38:05.459+0800: 9.827: [scrub symbol table, 0.0003582 secs]2024-07-30T18:38:05.460+0800: 9.827: [scrub string table, 0.0001074 secs][1 CMS-remark: 22188K(23368K)] 520284K(731208K), 0.0017254 secs] [Times: user=0.00 sys=0.00, real=0.00 secs] 
2024-07-30T18:38:05.460+0800: 9.828: Total time for which application threads were stopped: 0.0018014 seconds, Stopping threads took: 0.0000273 seconds
2024-07-30T18:38:05.460+0800: 9.828: [CMS-concurrent-sweep-start]
2024-07-30T18:38:05.460+0800: 9.828: [CMS-concurrent-sweep: 0.000/0.000 secs] [Times: user=0.00 sys=0.00, real=0.00 secs] 
2024-07-30T18:38:05.460+0800: 9.828: [CMS-concurrent-reset-start]
2024-07-30T18:38:05.461+0800: 9.828: [CMS-concurrent-reset: 0.000/0.000 secs] [Times: user=0.00 sys=0.00, real=0.00 secs] 
2024-07-30T18:38:05.693+0800: 10.060: Application time: 0.2327157 seconds
2024-07-30T18:38:05.693+0800: 10.060: [GC (Allocation Failure) 2024-07-30T18:38:05.693+0800: 10.060: [ParNew: 706183K->77825K(707840K), 0.0245142 secs] 721203K->120494K(752408K), 0.0245859 secs] [Times: user=0.03 sys=0.00, real=0.02 secs] 
2024-07-30T18:38:05.717+0800: 10.085: Total time for which application threads were stopped: 0.0247331 seconds, Stopping threads took: 0.0000432 seconds
2024-07-30T18:38:05.717+0800: 10.085: Application time: 0.0002326 seconds
2024-07-30T18:38:05.717+0800: 10.085: [GC (CMS Initial Mark) [1 CMS-initial-mark: 42668K(44568K)] 134974K(752408K), 0.0001071 secs] [Times: user=0.00 sys=0.00, real=0.00 secs] 
2024-07-30T18:38:05.717+0800: 10.086: Total time for which application threads were stopped: 0.0002628 seconds, Stopping threads took: 0.0001150 seconds
2024-07-30T18:38:05.717+0800: 10.086: [CMS-concurrent-mark-start]
2024-07-30T18:38:05.718+0800: 10.087: [CMS-concurrent-mark: 0.001/0.001 secs] [Times: user=0.00 sys=0.00, real=0.00 secs] 
2024-07-30T18:38:05.719+0800: 10.087: [CMS-concurrent-preclean-start]
2024-07-30T18:38:05.719+0800: 10.087: [CMS-concurrent-preclean: 0.000/0.000 secs] [Times: user=0.00 sys=0.00, real=0.00 secs] 
2024-07-30T18:38:05.719+0800: 10.087: [CMS-concurrent-abortable-preclean-start]
2024-07-30T18:38:06.274+0800: 10.641: [CMS-concurrent-abortable-preclean: 0.001/0.554 secs] [Times: user=0.01 sys=0.00, real=0.55 secs] 
2024-07-30T18:38:06.274+0800: 10.641: Application time: 0.5559140 seconds
2024-07-30T18:38:06.274+0800: 10.642: [GC (CMS Final Remark) [YG occupancy: 603648 K (707840 K)]2024-07-30T18:38:06.274+0800: 10.642: [Rescan (parallel) , 0.0010449 secs]2024-07-30T18:38:06.275+0800: 10.643: [weak refs processing, 0.0000150 secs]2024-07-30T18:38:06.275+0800: 10.643: [class unloading, 0.0002163 secs]2024-07-30T18:38:06.275+0800: 10.643: [scrub symbol table, 0.0003678 secs]2024-07-30T18:38:06.276+0800: 10.643: [scrub string table, 0.0001131 secs][1 CMS-remark: 42668K(44568K)] 646317K(752408K), 0.0018596 secs] [Times: user=0.00 sys=0.00, real=0.00 secs] 
2024-07-30T18:38:06.276+0800: 10.643: Total time for which application threads were stopped: 0.0019555 seconds, Stopping threads took: 0.0000338 seconds
2024-07-30T18:38:06.276+0800: 10.644: [CMS-concurrent-sweep-start]
2024-07-30T18:38:06.276+0800: 10.644: [CMS-concurrent-sweep: 0.000/0.000 secs] [Times: user=0.00 sys=0.00, real=0.00 secs] 
2024-07-30T18:38:06.276+0800: 10.644: [CMS-concurrent-reset-start]
2024-07-30T18:38:06.277+0800: 10.644: [CMS-concurrent-reset: 0.000/0.000 secs] [Times: user=0.00 sys=0.00, real=0.00 secs] 
2024-07-30T18:38:06.400+0800: 10.767: Application time: 0.1239578 seconds
2024-07-30T18:38:06.400+0800: 10.767: [GC (Allocation Failure) 2024-07-30T18:38:06.400+0800: 10.767: [ParNew: 707073K->77825K(707840K), 0.0286160 secs] 735405K->141998K(774596K), 0.0286920 secs] [Times: user=0.05 sys=0.02, real=0.03 secs] 
2024-07-30T18:38:06.429+0800: 10.796: Total time for which application threads were stopped: 0.0288062 seconds, Stopping threads took: 0.0000198 seconds
2024-07-30T18:38:06.429+0800: 10.796: Application time: 0.0002536 seconds
2024-07-30T18:38:06.429+0800: 10.797: [GC (CMS Initial Mark) [1 CMS-initial-mark: 64173K(66756K)] 156532K(774596K), 0.0000975 secs] [Times: user=0.00 sys=0.00, real=0.00 secs] 
2024-07-30T18:38:06.429+0800: 10.797: Total time for which application threads were stopped: 0.0002809 seconds, Stopping threads took: 0.0001494 seconds
2024-07-30T18:38:06.429+0800: 10.797: [CMS-concurrent-mark-start]
2024-07-30T18:38:06.431+0800: 10.798: [CMS-concurrent-mark: 0.001/0.001 secs] [Times: user=0.00 sys=0.00, real=0.00 secs] 
2024-07-30T18:38:06.431+0800: 10.798: [CMS-concurrent-preclean-start]
2024-07-30T18:38:06.431+0800: 10.799: [CMS-concurrent-preclean: 0.000/0.000 secs] [Times: user=0.00 sys=0.00, real=0.00 secs] 
2024-07-30T18:38:06.431+0800: 10.799: [CMS-concurrent-abortable-preclean-start]
2024-07-30T18:38:06.982+0800: 11.349: [CMS-concurrent-abortable-preclean: 0.002/0.550 secs] [Times: user=0.00 sys=0.00, real=0.55 secs] 
2024-07-30T18:38:06.982+0800: 11.349: Application time: 0.5527195 seconds
2024-07-30T18:38:06.982+0800: 11.350: [GC (CMS Final Remark) [YG occupancy: 586293 K (707840 K)]2024-07-30T18:38:06.982+0800: 11.350: [Rescan (parallel) , 0.0009193 secs]2024-07-30T18:38:06.982+0800: 11.351: [weak refs processing, 0.0000150 secs]2024-07-30T18:38:06.982+0800: 11.351: [class unloading, 0.0002451 secs]2024-07-30T18:38:06.983+0800: 11.351: [scrub symbol table, 0.0003142 secs]2024-07-30T18:38:06.983+0800: 11.351: [scrub string table, 0.0000910 secs][1 CMS-remark: 64173K(66756K)] 650466K(774596K), 0.0017032 secs] [Times: user=0.00 sys=0.00, real=0.00 secs] 
2024-07-30T18:38:06.983+0800: 11.351: Total time for which application threads were stopped: 0.0018989 seconds, Stopping threads took: 0.0000892 seconds
2024-07-30T18:38:06.983+0800: 11.351: [CMS-concurrent-sweep-start]
2024-07-30T18:38:06.984+0800: 11.353: [CMS-concurrent-sweep: 0.001/0.001 secs] [Times: user=0.00 sys=0.00, real=0.00 secs] 
2024-07-30T18:38:06.984+0800: 11.353: [CMS-concurrent-reset-start]
2024-07-30T18:38:06.985+0800: 11.353: [CMS-concurrent-reset: 0.000/0.000 secs] [Times: user=0.00 sys=0.00, real=0.00 secs] 
2024-07-30T18:38:07.109+0800: 11.477: Application time: 0.1259649 seconds
2024-07-30T18:38:07.109+0800: 11.477: [GC (Allocation Failure) 2024-07-30T18:38:07.109+0800: 11.477: [ParNew: 707073K->77825K(707840K), 0.0277579 secs] 743597K->162478K(794128K), 0.0278136 secs] [Times: user=0.06 sys=0.00, real=0.03 secs] 
2024-07-30T18:38:07.137+0800: 11.505: Total time for which application threads were stopped: 0.0279210 seconds, Stopping threads took: 0.0000187 seconds
2024-07-30T18:38:07.137+0800: 11.505: Application time: 0.0001338 seconds
2024-07-30T18:38:07.137+0800: 11.506: [GC (CMS Initial Mark) [1 CMS-initial-mark: 84653K(86288K)] 176950K(794128K), 0.0000985 secs] [Times: user=0.00 sys=0.00, real=0.00 secs] 
2024-07-30T18:38:07.137+0800: 11.506: Total time for which application threads were stopped: 0.0002572 seconds, Stopping threads took: 0.0001244 seconds
2024-07-30T18:38:07.137+0800: 11.506: [CMS-concurrent-mark-start]
2024-07-30T18:38:07.138+0800: 11.507: [CMS-concurrent-mark: 0.001/0.001 secs] [Times: user=0.00 sys=0.00, real=0.00 secs] 
2024-07-30T18:38:07.138+0800: 11.507: [CMS-concurrent-preclean-start]
2024-07-30T18:38:07.139+0800: 11.507: [CMS-concurrent-preclean: 0.000/0.000 secs] [Times: user=0.00 sys=0.00, real=0.00 secs] 
2024-07-30T18:38:07.140+0800: 11.507: [CMS-concurrent-abortable-preclean-start]
2024-07-30T18:38:07.140+0800: 11.507: [CMS-concurrent-abortable-preclean: 0.000/0.000 secs] [Times: user=0.00 sys=0.00, real=0.00 secs] 
2024-07-30T18:38:07.140+0800: 11.507: Application time: 0.0015881 seconds
2024-07-30T18:38:07.140+0800: 11.507: [GC (CMS Final Remark) [YG occupancy: 105745 K (707840 K)]2024-07-30T18:38:07.140+0800: 11.507: [Rescan (parallel) , 0.0006862 secs]2024-07-30T18:38:07.140+0800: 11.508: [weak refs processing, 0.0000127 secs]2024-07-30T18:38:07.140+0800: 11.508: [class unloading, 0.0002313 secs]2024-07-30T18:38:07.140+0800: 11.508: [scrub symbol table, 0.0003413 secs]2024-07-30T18:38:07.140+0800: 11.509: [scrub string table, 0.0000996 secs][1 CMS-remark: 84653K(86288K)] 190398K(794128K), 0.0014349 secs] [Times: user=0.00 sys=0.00, real=0.00 secs] 
2024-07-30T18:38:07.140+0800: 11.509: Total time for which application threads were stopped: 0.0015311 seconds, Stopping threads took: 0.0000635 seconds
2024-07-30T18:38:07.141+0800: 11.509: [CMS-concurrent-sweep-start]
2024-07-30T18:38:07.143+0800: 11.510: [CMS-concurrent-sweep: 0.001/0.001 secs] [Times: user=0.00 sys=0.00, real=0.00 secs] 
2024-07-30T18:38:07.143+0800: 11.510: [CMS-concurrent-reset-start]
2024-07-30T18:38:07.143+0800: 11.510: [CMS-concurrent-reset: 0.000/0.000 secs] [Times: user=0.00 sys=0.00, real=0.00 secs] 
Heap
 par new generation   total 707840K, used 387289K [0x00000000c8000000, 0x00000000f8000000, 0x00000000f8000000)
  eden space 629248K,  49% used [0x00000000c8000000, 0x00000000dae36138, 0x00000000ee680000)
  from space 78592K,  99% used [0x00000000ee680000, 0x00000000f32804c0, 0x00000000f3340000)
  to   space 78592K,   0% used [0x00000000f3340000, 0x00000000f3340000, 0x00000000f8000000)
 concurrent mark-sweep generation total 86288K, used 48812K [0x00000000f8000000, 0x00000000fd444000, 0x0000000100000000)
 Metaspace       used 3005K, capacity 4486K, committed 4864K, reserved 1056768K
  class space    used 310K, capacity 386K, committed 512K, reserved 1048576K
2024-07-30T18:38:07.473+0800: 11.841: Application time: 0.3318770 seconds
