OpenJDK 64-Bit Server VM (25.412-b1) for windows-amd64 JRE (1.8.0_412-b1), built on Apr 23 2024 12:00:37 by "Administrator" with MS VC++ 10.0 (VS2010)
Memory: 4k page, physical 16672068k(4985792k free), swap 19811428k(4784652k free)
CommandLine flags: -XX:GCDrainStackTargetSize=64 -XX:InitialHeapSize=810758960 -XX:MaxHeapSize=939524096 -XX:MaxNewSize=805306368 -XX:MaxTenuringThreshold=6 -XX:NewSize=805306368 -XX:OldPLABSize=16 -XX:+PrintGC -XX:+PrintGCApplicationConcurrentTime -XX:+PrintGCApplicationStoppedTime -XX:+PrintGCDateStamps -XX:+PrintGCDetails -XX:+PrintGCTimeStamps -XX:+UseCompressedClassPointers -XX:+UseCompressedOops -XX:+UseConcMarkSweepGC -XX:-UseLargePagesIndividualAllocation -XX:+UseParNewGC 
2024-07-30T18:40:26.322+0800: 1.033: Application time: 0.9581271 seconds
2024-07-30T18:40:26.323+0800: 1.034: Total time for which application threads were stopped: 0.0005714 seconds, Stopping threads took: 0.0005265 seconds
2024-07-30T18:40:26.328+0800: 1.039: Application time: 0.0051343 seconds
2024-07-30T18:40:26.328+0800: 1.039: [GC (Allocation Failure) 2024-07-30T18:40:26.328+0800: 1.039: [ParNew: 629042K->14045K(707840K), 0.0078581 secs] 629042K->14045K(713984K), 0.0080460 secs] [Times: user=0.02 sys=0.02, real=0.01 secs] 
2024-07-30T18:40:26.336+0800: 1.047: Total time for which application threads were stopped: 0.0081591 seconds, Stopping threads took: 0.0000131 seconds
2024-07-30T18:40:26.999+0800: 1.710: Application time: 0.6624158 seconds
2024-07-30T18:40:26.999+0800: 1.710: [GC (Allocation Failure) 2024-07-30T18:40:26.999+0800: 1.710: [ParNew: 643293K->8203K(707840K), 0.0046717 secs] 643293K->8203K(713984K), 0.0047381 secs] [Times: user=0.00 sys=0.00, real=0.00 secs] 
2024-07-30T18:40:27.003+0800: 1.714: Total time for which application threads were stopped: 0.0048834 seconds, Stopping threads took: 0.0000395 seconds
2024-07-30T18:40:27.689+0800: 2.400: Application time: 0.6859554 seconds
2024-07-30T18:40:27.689+0800: 2.401: [GC (Allocation Failure) 2024-07-30T18:40:27.689+0800: 2.401: [ParNew: 637451K->12220K(707840K), 0.0032960 secs] 637451K->12220K(713984K), 0.0033642 secs] [Times: user=0.03 sys=0.00, real=0.00 secs] 
2024-07-30T18:40:27.693+0800: 2.404: Total time for which application threads were stopped: 0.0035331 seconds, Stopping threads took: 0.0000389 seconds
2024-07-30T18:40:28.372+0800: 3.083: Application time: 0.6790987 seconds
2024-07-30T18:40:28.372+0800: 3.083: [GC (Allocation Failure) 2024-07-30T18:40:28.372+0800: 3.083: [ParNew: 641468K->19364K(707840K), 0.0076849 secs] 641468K->19364K(713984K), 0.0077428 secs] [Times: user=0.02 sys=0.01, real=0.01 secs] 
2024-07-30T18:40:28.379+0800: 3.091: Total time for which application threads were stopped: 0.0078819 seconds, Stopping threads took: 0.0000389 seconds
2024-07-30T18:40:29.065+0800: 3.776: Application time: 0.6845933 seconds
2024-07-30T18:40:29.065+0800: 3.776: [GC (Allocation Failure) 2024-07-30T18:40:29.065+0800: 3.776: [ParNew: 648612K->25535K(707840K), 0.0089555 secs] 648612K->25535K(713984K), 0.0090170 secs] [Times: user=0.03 sys=0.00, real=0.01 secs] 
2024-07-30T18:40:29.074+0800: 3.785: Total time for which application threads were stopped: 0.0091333 seconds, Stopping threads took: 0.0000236 seconds
2024-07-30T18:40:29.410+0800: 4.121: Application time: 0.3367136 seconds
2024-07-30T18:40:29.410+0800: 4.122: Total time for which application threads were stopped: 0.0002510 seconds, Stopping threads took: 0.0001928 seconds
2024-07-30T18:40:29.743+0800: 4.455: Application time: 0.3332498 seconds
2024-07-30T18:40:29.743+0800: 4.455: [GC (Allocation Failure) 2024-07-30T18:40:29.744+0800: 4.455: [ParNew: 654783K->34682K(707840K), 0.0118320 secs] 654783K->34682K(713984K), 0.0118965 secs] [Times: user=0.02 sys=0.02, real=0.01 secs] 
2024-07-30T18:40:29.755+0800: 4.467: Total time for which application threads were stopped: 0.0120029 seconds, Stopping threads took: 0.0000179 seconds
2024-07-30T18:40:30.447+0800: 5.158: Application time: 0.6910686 seconds
2024-07-30T18:40:30.447+0800: 5.158: [GC (Allocation Failure) 2024-07-30T18:40:30.447+0800: 5.158: [ParNew: 663930K->40338K(707840K), 0.0137358 secs] 663930K->41023K(713984K), 0.0138505 secs] [Times: user=0.03 sys=0.00, real=0.01 secs] 
2024-07-30T18:40:30.461+0800: 5.172: Total time for which application threads were stopped: 0.0139656 seconds, Stopping threads took: 0.0000196 seconds
2024-07-30T18:40:31.137+0800: 5.848: Application time: 0.6761403 seconds
2024-07-30T18:40:31.137+0800: 5.848: [GC (Allocation Failure) 2024-07-30T18:40:31.137+0800: 5.848: [ParNew: 669586K->48128K(707840K), 0.0128901 secs] 670271K->48815K(713984K), 0.0129633 secs] [Times: user=0.03 sys=0.00, real=0.01 secs] 
2024-07-30T18:40:31.150+0800: 5.861: Total time for which application threads were stopped: 0.0130793 seconds, Stopping threads took: 0.0000196 seconds
2024-07-30T18:40:31.814+0800: 6.525: Application time: 0.6639280 seconds
2024-07-30T18:40:31.814+0800: 6.525: [GC (Allocation Failure) 2024-07-30T18:40:31.814+0800: 6.525: [ParNew: 677376K->56345K(707840K), 0.0151210 secs] 678063K->57032K(713984K), 0.0151787 secs] [Times: user=0.03 sys=0.00, real=0.02 secs] 
2024-07-30T18:40:31.829+0800: 6.540: Total time for which application threads were stopped: 0.0152891 seconds, Stopping threads took: 0.0000193 seconds
2024-07-30T18:40:32.492+0800: 7.203: Application time: 0.6629307 seconds
2024-07-30T18:40:32.492+0800: 7.203: [GC (Allocation Failure) 2024-07-30T18:40:32.492+0800: 7.203: [ParNew: 685593K->64512K(707840K), 0.0158926 secs] 686280K->65200K(713984K), 0.0159514 secs] [Times: user=0.02 sys=0.02, real=0.02 secs] 
2024-07-30T18:40:32.509+0800: 7.219: Total time for which application threads were stopped: 0.0160841 seconds, Stopping threads took: 0.0000195 seconds
2024-07-30T18:40:33.174+0800: 7.886: Application time: 0.6662521 seconds
2024-07-30T18:40:33.174+0800: 7.886: [GC (Allocation Failure) 2024-07-30T18:40:33.174+0800: 7.886: [ParNew: 693383K->76801K(707840K), 0.0193347 secs] 694070K->77488K(713984K), 0.0193944 secs] [Times: user=0.05 sys=0.02, real=0.02 secs] 
2024-07-30T18:40:33.193+0800: 7.905: Total time for which application threads were stopped: 0.0195107 seconds, Stopping threads took: 0.0000224 seconds
2024-07-30T18:40:33.865+0800: 8.577: Application time: 0.6718764 seconds
2024-07-30T18:40:33.866+0800: 8.577: [GC (Allocation Failure) 2024-07-30T18:40:33.866+0800: 8.577: [ParNew: 706049K->77825K(707840K), 0.0204061 secs] 706736K->85680K(717068K), 0.0204657 secs] [Times: user=0.03 sys=0.00, real=0.02 secs] 
2024-07-30T18:40:33.886+0800: 8.598: Total time for which application threads were stopped: 0.0205903 seconds, Stopping threads took: 0.0000198 seconds
2024-07-30T18:40:33.886+0800: 8.598: Application time: 0.0002414 seconds
2024-07-30T18:40:33.886+0800: 8.598: [GC (CMS Initial Mark) [1 CMS-initial-mark: 7855K(9228K)] 100183K(717068K), 0.0008273 secs] [Times: user=0.00 sys=0.00, real=0.00 secs] 
2024-07-30T18:40:33.887+0800: 8.599: Total time for which application threads were stopped: 0.0009785 seconds, Stopping threads took: 0.0001093 seconds
2024-07-30T18:40:33.887+0800: 8.599: [CMS-concurrent-mark-start]
2024-07-30T18:40:33.889+0800: 8.600: [CMS-concurrent-mark: 0.001/0.001 secs] [Times: user=0.00 sys=0.00, real=0.00 secs] 
2024-07-30T18:40:33.889+0800: 8.600: [CMS-concurrent-preclean-start]
2024-07-30T18:40:33.889+0800: 8.600: [CMS-concurrent-preclean: 0.000/0.000 secs] [Times: user=0.00 sys=0.00, real=0.00 secs] 
2024-07-30T18:40:33.889+0800: 8.600: [CMS-concurrent-abortable-preclean-start]
2024-07-30T18:40:34.442+0800: 9.153: [CMS-concurrent-abortable-preclean: 0.001/0.553 secs] [Times: user=0.06 sys=0.00, real=0.55 secs] 
2024-07-30T18:40:34.442+0800: 9.153: Application time: 0.5544000 seconds
2024-07-30T18:40:34.442+0800: 9.153: [GC (CMS Final Remark) [YG occupancy: 523654 K (707840 K)]2024-07-30T18:40:34.443+0800: 9.154: [Rescan (parallel) , 0.0010739 secs]2024-07-30T18:40:34.444+0800: 9.155: [weak refs processing, 0.0000143 secs]2024-07-30T18:40:34.444+0800: 9.155: [class unloading, 0.0003478 secs]2024-07-30T18:40:34.444+0800: 9.155: [scrub symbol table, 0.0003983 secs]2024-07-30T18:40:34.444+0800: 9.155: [scrub string table, 0.0000927 secs][1 CMS-remark: 7855K(9228K)] 531509K(717068K), 0.0020458 secs] [Times: user=0.00 sys=0.00, real=0.00 secs] 
2024-07-30T18:40:34.445+0800: 9.156: Total time for which application threads were stopped: 0.0022494 seconds, Stopping threads took: 0.0001523 seconds
2024-07-30T18:40:34.445+0800: 9.156: [CMS-concurrent-sweep-start]
2024-07-30T18:40:34.446+0800: 9.157: [CMS-concurrent-sweep: 0.001/0.001 secs] [Times: user=0.00 sys=0.00, real=0.00 secs] 
2024-07-30T18:40:34.446+0800: 9.157: [CMS-concurrent-reset-start]
2024-07-30T18:40:34.449+0800: 9.160: [CMS-concurrent-reset: 0.002/0.002 secs] [Times: user=0.00 sys=0.00, real=0.00 secs] 
2024-07-30T18:40:34.573+0800: 9.285: Application time: 0.1290603 seconds
2024-07-30T18:40:34.573+0800: 9.285: [GC (Allocation Failure) 2024-07-30T18:40:34.573+0800: 9.285: [ParNew: 707073K->77825K(707840K), 0.0195875 secs] 714927K->100015K(731212K), 0.0196405 secs] [Times: user=0.03 sys=0.00, real=0.02 secs] 
2024-07-30T18:40:34.593+0800: 9.304: Total time for which application threads were stopped: 0.0197504 seconds, Stopping threads took: 0.0000182 seconds
2024-07-30T18:40:34.593+0800: 9.305: Application time: 0.0001946 seconds
2024-07-30T18:40:34.593+0800: 9.305: [GC (CMS Initial Mark) [1 CMS-initial-mark: 22190K(23372K)] 114564K(731212K), 0.0007709 secs] [Times: user=0.00 sys=0.00, real=0.00 secs] 
2024-07-30T18:40:34.594+0800: 9.306: Total time for which application threads were stopped: 0.0009646 seconds, Stopping threads took: 0.0001513 seconds
2024-07-30T18:40:34.594+0800: 9.306: [CMS-concurrent-mark-start]
2024-07-30T18:40:34.595+0800: 9.307: [CMS-concurrent-mark: 0.001/0.001 secs] [Times: user=0.00 sys=0.00, real=0.00 secs] 
2024-07-30T18:40:34.595+0800: 9.307: [CMS-concurrent-preclean-start]
2024-07-30T18:40:34.595+0800: 9.307: [CMS-concurrent-preclean: 0.000/0.000 secs] [Times: user=0.00 sys=0.00, real=0.00 secs] 
2024-07-30T18:40:34.595+0800: 9.307: [CMS-concurrent-abortable-preclean-start]
2024-07-30T18:40:35.153+0800: 9.864: [CMS-concurrent-abortable-preclean: 0.002/0.557 secs] [Times: user=0.00 sys=0.00, real=0.56 secs] 
2024-07-30T18:40:35.153+0800: 9.865: Application time: 0.5590589 seconds
2024-07-30T18:40:35.154+0800: 9.865: [GC (CMS Final Remark) [YG occupancy: 505264 K (707840 K)]2024-07-30T18:40:35.154+0800: 9.865: [Rescan (parallel) , 0.0010923 secs]2024-07-30T18:40:35.155+0800: 9.866: [weak refs processing, 0.0000133 secs]2024-07-30T18:40:35.155+0800: 9.866: [class unloading, 0.0002097 secs]2024-07-30T18:40:35.155+0800: 9.866: [scrub symbol table, 0.0003049 secs]2024-07-30T18:40:35.155+0800: 9.866: [scrub string table, 0.0000912 secs][1 CMS-remark: 22190K(23372K)] 527454K(731212K), 0.0017857 secs] [Times: user=0.00 sys=0.00, real=0.00 secs] 
2024-07-30T18:40:35.155+0800: 9.867: Total time for which application threads were stopped: 0.0019189 seconds, Stopping threads took: 0.0000898 seconds
2024-07-30T18:40:35.156+0800: 9.867: [CMS-concurrent-sweep-start]
2024-07-30T18:40:35.157+0800: 9.868: [CMS-concurrent-sweep: 0.001/0.001 secs] [Times: user=0.00 sys=0.00, real=0.00 secs] 
2024-07-30T18:40:35.157+0800: 9.868: [CMS-concurrent-reset-start]
2024-07-30T18:40:35.157+0800: 9.868: [CMS-concurrent-reset: 0.000/0.000 secs] [Times: user=0.00 sys=0.00, real=0.00 secs] 
2024-07-30T18:40:35.389+0800: 10.100: Application time: 0.2337182 seconds
2024-07-30T18:40:35.389+0800: 10.100: [GC (Allocation Failure) 2024-07-30T18:40:35.389+0800: 10.100: [ParNew: 706183K->77825K(707840K), 0.0236220 secs] 721205K->120496K(752412K), 0.0237045 secs] [Times: user=0.05 sys=0.02, real=0.02 secs] 
2024-07-30T18:40:35.413+0800: 10.124: Total time for which application threads were stopped: 0.0238184 seconds, Stopping threads took: 0.0000229 seconds
2024-07-30T18:40:35.413+0800: 10.124: Application time: 0.0001963 seconds
2024-07-30T18:40:35.413+0800: 10.124: [GC (CMS Initial Mark) [1 CMS-initial-mark: 42670K(44572K)] 134976K(752412K), 0.0008247 secs] [Times: user=0.00 sys=0.00, real=0.00 secs] 
2024-07-30T18:40:35.414+0800: 10.125: Total time for which application threads were stopped: 0.0010600 seconds, Stopping threads took: 0.0001304 seconds
2024-07-30T18:40:35.414+0800: 10.125: [CMS-concurrent-mark-start]
2024-07-30T18:40:35.416+0800: 10.127: [CMS-concurrent-mark: 0.001/0.001 secs] [Times: user=0.00 sys=0.00, real=0.00 secs] 
2024-07-30T18:40:35.416+0800: 10.127: [CMS-concurrent-preclean-start]
2024-07-30T18:40:35.416+0800: 10.127: [CMS-concurrent-preclean: 0.000/0.000 secs] [Times: user=0.00 sys=0.00, real=0.00 secs] 
2024-07-30T18:40:35.416+0800: 10.127: [CMS-concurrent-abortable-preclean-start]
2024-07-30T18:40:35.960+0800: 10.671: [CMS-concurrent-abortable-preclean: 0.001/0.544 secs] [Times: user=0.03 sys=0.00, real=0.54 secs] 
2024-07-30T18:40:35.960+0800: 10.671: Application time: 0.5456374 seconds
2024-07-30T18:40:35.960+0800: 10.671: [GC (CMS Final Remark) [YG occupancy: 603648 K (707840 K)]2024-07-30T18:40:35.960+0800: 10.671: [Rescan (parallel) , 0.0009494 secs]2024-07-30T18:40:35.961+0800: 10.672: [weak refs processing, 0.0000140 secs]2024-07-30T18:40:35.961+0800: 10.672: [class unloading, 0.0002234 secs]2024-07-30T18:40:35.961+0800: 10.672: [scrub symbol table, 0.0003345 secs]2024-07-30T18:40:35.962+0800: 10.673: [scrub string table, 0.0001131 secs][1 CMS-remark: 42670K(44572K)] 646319K(752412K), 0.0017140 secs] [Times: user=0.00 sys=0.00, real=0.00 secs] 
2024-07-30T18:40:35.962+0800: 10.673: Total time for which application threads were stopped: 0.0017780 seconds, Stopping threads took: 0.0000212 seconds
2024-07-30T18:40:35.962+0800: 10.673: [CMS-concurrent-sweep-start]
2024-07-30T18:40:35.962+0800: 10.673: [CMS-concurrent-sweep: 0.000/0.000 secs] [Times: user=0.00 sys=0.00, real=0.00 secs] 
2024-07-30T18:40:35.962+0800: 10.673: [CMS-concurrent-reset-start]
2024-07-30T18:40:35.962+0800: 10.673: [CMS-concurrent-reset: 0.000/0.000 secs] [Times: user=0.00 sys=0.00, real=0.00 secs] 
2024-07-30T18:40:36.088+0800: 10.799: Application time: 0.1261666 seconds
2024-07-30T18:40:36.088+0800: 10.799: [GC (Allocation Failure) 2024-07-30T18:40:36.088+0800: 10.799: [ParNew: 707073K->77825K(707840K), 0.0274395 secs] 735407K->142000K(774600K), 0.0274990 secs] [Times: user=0.05 sys=0.02, real=0.03 secs] 
2024-07-30T18:40:36.115+0800: 10.827: Total time for which application threads were stopped: 0.0276089 seconds, Stopping threads took: 0.0000207 seconds
2024-07-30T18:40:36.115+0800: 10.827: Application time: 0.0002774 seconds
2024-07-30T18:40:36.115+0800: 10.827: [GC (CMS Initial Mark) [1 CMS-initial-mark: 64175K(66760K)] 156534K(774600K), 0.0007748 secs] [Times: user=0.00 sys=0.00, real=0.00 secs] 
2024-07-30T18:40:36.116+0800: 10.828: Total time for which application threads were stopped: 0.0008942 seconds, Stopping threads took: 0.0000784 seconds
2024-07-30T18:40:36.116+0800: 10.828: [CMS-concurrent-mark-start]
2024-07-30T18:40:36.117+0800: 10.829: [CMS-concurrent-mark: 0.001/0.001 secs] [Times: user=0.00 sys=0.00, real=0.00 secs] 
2024-07-30T18:40:36.117+0800: 10.829: [CMS-concurrent-preclean-start]
2024-07-30T18:40:36.118+0800: 10.829: [CMS-concurrent-preclean: 0.000/0.000 secs] [Times: user=0.00 sys=0.00, real=0.00 secs] 
2024-07-30T18:40:36.118+0800: 10.829: [CMS-concurrent-abortable-preclean-start]
2024-07-30T18:40:36.671+0800: 11.382: [CMS-concurrent-abortable-preclean: 0.002/0.552 secs] [Times: user=0.03 sys=0.00, real=0.55 secs] 
2024-07-30T18:40:36.671+0800: 11.382: Application time: 0.5544240 seconds
2024-07-30T18:40:36.671+0800: 11.382: [GC (CMS Final Remark) [YG occupancy: 586293 K (707840 K)]2024-07-30T18:40:36.671+0800: 11.382: [Rescan (parallel) , 0.0009018 secs]2024-07-30T18:40:36.672+0800: 11.383: [weak refs processing, 0.0000146 secs]2024-07-30T18:40:36.672+0800: 11.383: [class unloading, 0.0002389 secs]2024-07-30T18:40:36.673+0800: 11.384: [scrub symbol table, 0.0002989 secs]2024-07-30T18:40:36.673+0800: 11.384: [scrub string table, 0.0000941 secs][1 CMS-remark: 64175K(66760K)] 650468K(774600K), 0.0016366 secs] [Times: user=0.00 sys=0.00, real=0.00 secs] 
2024-07-30T18:40:36.673+0800: 11.384: Total time for which application threads were stopped: 0.0018838 seconds, Stopping threads took: 0.0001941 seconds
2024-07-30T18:40:36.673+0800: 11.384: [CMS-concurrent-sweep-start]
2024-07-30T18:40:36.675+0800: 11.386: [CMS-concurrent-sweep: 0.001/0.001 secs] [Times: user=0.00 sys=0.00, real=0.00 secs] 
2024-07-30T18:40:36.675+0800: 11.386: [CMS-concurrent-reset-start]
2024-07-30T18:40:36.675+0800: 11.386: [CMS-concurrent-reset: 0.000/0.000 secs] [Times: user=0.00 sys=0.00, real=0.00 secs] 
2024-07-30T18:40:36.799+0800: 11.510: Application time: 0.1255601 seconds
2024-07-30T18:40:36.799+0800: 11.510: [GC (Allocation Failure) 2024-07-30T18:40:36.799+0800: 11.510: [ParNew: 707073K->77825K(707840K), 0.0277961 secs] 743600K->162480K(794132K), 0.0278681 secs] [Times: user=0.05 sys=0.01, real=0.03 secs] 
2024-07-30T18:40:36.827+0800: 11.538: Total time for which application threads were stopped: 0.0279949 seconds, Stopping threads took: 0.0000240 seconds
2024-07-30T18:40:36.827+0800: 11.538: Application time: 0.0002472 seconds
2024-07-30T18:40:36.827+0800: 11.538: [GC (CMS Initial Mark) [1 CMS-initial-mark: 84655K(86292K)] 176952K(794132K), 0.0008181 secs] [Times: user=0.00 sys=0.00, real=0.00 secs] 
2024-07-30T18:40:36.828+0800: 11.539: Total time for which application threads were stopped: 0.0009347 seconds, Stopping threads took: 0.0000746 seconds
2024-07-30T18:40:36.828+0800: 11.539: [CMS-concurrent-mark-start]
2024-07-30T18:40:36.830+0800: 11.541: [CMS-concurrent-mark: 0.002/0.002 secs] [Times: user=0.00 sys=0.00, real=0.00 secs] 
2024-07-30T18:40:36.830+0800: 11.541: [CMS-concurrent-preclean-start]
2024-07-30T18:40:36.830+0800: 11.541: [CMS-concurrent-preclean: 0.001/0.001 secs] [Times: user=0.00 sys=0.00, real=0.00 secs] 
2024-07-30T18:40:36.830+0800: 11.541: [CMS-concurrent-abortable-preclean-start]
2024-07-30T18:40:36.830+0800: 11.541: [CMS-concurrent-abortable-preclean: 0.000/0.000 secs] [Times: user=0.00 sys=0.00, real=0.00 secs] 
2024-07-30T18:40:36.830+0800: 11.541: Application time: 0.0026286 seconds
2024-07-30T18:40:36.831+0800: 11.542: [GC (CMS Final Remark) [YG occupancy: 119193 K (707840 K)]2024-07-30T18:40:36.831+0800: 11.542: [Rescan (parallel) , 0.0010333 secs]2024-07-30T18:40:36.832+0800: 11.543: [weak refs processing, 0.0000125 secs]2024-07-30T18:40:36.832+0800: 11.543: [class unloading, 0.0002218 secs]2024-07-30T18:40:36.832+0800: 11.543: [scrub symbol table, 0.0003110 secs]2024-07-30T18:40:36.832+0800: 11.543: [scrub string table, 0.0000908 secs][1 CMS-remark: 84655K(86292K)] 203848K(794132K), 0.0017316 secs] [Times: user=0.00 sys=0.00, real=0.00 secs] 
2024-07-30T18:40:36.832+0800: 11.543: Total time for which application threads were stopped: 0.0018453 seconds, Stopping threads took: 0.0000774 seconds
2024-07-30T18:40:36.832+0800: 11.544: [CMS-concurrent-sweep-start]
2024-07-30T18:40:36.833+0800: 11.544: [CMS-concurrent-sweep: 0.001/0.001 secs] [Times: user=0.03 sys=0.00, real=0.00 secs] 
2024-07-30T18:40:36.833+0800: 11.544: [CMS-concurrent-reset-start]
2024-07-30T18:40:36.834+0800: 11.545: [CMS-concurrent-reset: 0.000/0.000 secs] [Times: user=0.00 sys=0.00, real=0.00 secs] 
Heap
 par new generation   total 707840K, used 387289K [0x00000000c8000000, 0x00000000f8000000, 0x00000000f8000000)
  eden space 629248K,  49% used [0x00000000c8000000, 0x00000000dae36138, 0x00000000ee680000)
  from space 78592K,  99% used [0x00000000ee680000, 0x00000000f32804c0, 0x00000000f3340000)
  to   space 78592K,   0% used [0x00000000f3340000, 0x00000000f3340000, 0x00000000f8000000)
 concurrent mark-sweep generation total 86292K, used 48815K [0x00000000f8000000, 0x00000000fd445000, 0x0000000100000000)
 Metaspace       used 3005K, capacity 4486K, committed 4864K, reserved 1056768K
  class space    used 310K, capacity 386K, committed 512K, reserved 1048576K
2024-07-30T18:40:37.161+0800: 11.872: Application time: 0.3292040 seconds
