OpenJDK 64-Bit Server VM (25.412-b1) for windows-amd64 JRE (1.8.0_412-b1), built on Apr 23 2024 12:00:37 by "Administrator" with MS VC++ 10.0 (VS2010)
Memory: 4k page, physical 16672068k(4875528k free), swap 19811428k(4727128k free)
CommandLine flags: -XX:-CMSParallelInitialMarkEnabled -XX:GCDrainStackTargetSize=64 -XX:InitialHeapSize=810758960 -XX:MaxHeapSize=939524096 -XX:MaxNewSize=805306368 -XX:MaxTenuringThreshold=6 -XX:NewSize=805306368 -XX:OldPLABSize=16 -XX:+PrintGC -XX:+PrintGCApplicationConcurrentTime -XX:+PrintGCApplicationStoppedTime -XX:+PrintGCDateStamps -XX:+PrintGCDetails -XX:+PrintGCTimeStamps -XX:+UseCompressedClassPointers -XX:+UseCompressedOops -XX:+UseConcMarkSweepGC -XX:-UseLargePagesIndividualAllocation -XX:+UseParNewGC 
2024-07-30T18:38:10.158+0800: 1.025: Application time: 0.9502816 seconds
2024-07-30T18:38:10.158+0800: 1.025: Total time for which application threads were stopped: 0.0004814 seconds, Stopping threads took: 0.0004413 seconds
2024-07-30T18:38:10.164+0800: 1.031: Application time: 0.0052406 seconds
2024-07-30T18:38:10.164+0800: 1.031: [GC (Allocation Failure) 2024-07-30T18:38:10.164+0800: 1.031: [ParNew: 629042K->14046K(707840K), 0.0077308 secs] 629042K->14046K(713984K), 0.0079189 secs] [Times: user=0.00 sys=0.00, real=0.01 secs] 
2024-07-30T18:38:10.172+0800: 1.039: Total time for which application threads were stopped: 0.0080275 seconds, Stopping threads took: 0.0000137 seconds
2024-07-30T18:38:10.834+0800: 1.701: Application time: 0.6622416 seconds
2024-07-30T18:38:10.834+0800: 1.701: [GC (Allocation Failure) 2024-07-30T18:38:10.834+0800: 1.701: [ParNew: 643294K->8143K(707840K), 0.0046174 secs] 643294K->8143K(713984K), 0.0046710 secs] [Times: user=0.00 sys=0.00, real=0.00 secs] 
2024-07-30T18:38:10.838+0800: 1.706: Total time for which application threads were stopped: 0.0047804 seconds, Stopping threads took: 0.0000209 seconds
2024-07-30T18:38:11.510+0800: 2.377: Application time: 0.6716760 seconds
2024-07-30T18:38:11.511+0800: 2.378: [GC (Allocation Failure) 2024-07-30T18:38:11.511+0800: 2.378: [ParNew: 637391K->12203K(707840K), 0.0026035 secs] 637391K->12203K(713984K), 0.0026705 secs] [Times: user=0.00 sys=0.00, real=0.00 secs] 
2024-07-30T18:38:11.514+0800: 2.380: Total time for which application threads were stopped: 0.0028069 seconds, Stopping threads took: 0.0000234 seconds
2024-07-30T18:38:12.187+0800: 3.055: Application time: 0.6743310 seconds
2024-07-30T18:38:12.187+0800: 3.055: [GC (Allocation Failure) 2024-07-30T18:38:12.188+0800: 3.055: [ParNew: 641451K->19437K(707840K), 0.0078408 secs] 641451K->19437K(713984K), 0.0079023 secs] [Times: user=0.01 sys=0.01, real=0.01 secs] 
2024-07-30T18:38:12.195+0800: 3.063: Total time for which application threads were stopped: 0.0080146 seconds, Stopping threads took: 0.0000185 seconds
2024-07-30T18:38:12.865+0800: 3.732: Application time: 0.6697683 seconds
2024-07-30T18:38:12.865+0800: 3.732: [GC (Allocation Failure) 2024-07-30T18:38:12.865+0800: 3.732: [ParNew: 648685K->29709K(707840K), 0.0108106 secs] 648685K->29709K(713984K), 0.0108742 secs] [Times: user=0.00 sys=0.00, real=0.01 secs] 
2024-07-30T18:38:12.876+0800: 3.743: Total time for which application threads were stopped: 0.0109970 seconds, Stopping threads took: 0.0000223 seconds
2024-07-30T18:38:13.258+0800: 4.125: Application time: 0.3818083 seconds
2024-07-30T18:38:13.258+0800: 4.125: Total time for which application threads were stopped: 0.0000592 seconds, Stopping threads took: 0.0000251 seconds
2024-07-30T18:38:13.543+0800: 4.410: Application time: 0.2846055 seconds
2024-07-30T18:38:13.543+0800: 4.410: [GC (Allocation Failure) 2024-07-30T18:38:13.543+0800: 4.410: [ParNew: 658957K->38849K(707840K), 0.0137775 secs] 658957K->38849K(713984K), 0.0138345 secs] [Times: user=0.03 sys=0.00, real=0.01 secs] 
2024-07-30T18:38:13.557+0800: 4.424: Total time for which application threads were stopped: 0.0139460 seconds, Stopping threads took: 0.0000197 seconds
2024-07-30T18:38:14.249+0800: 5.116: Application time: 0.6918907 seconds
2024-07-30T18:38:14.249+0800: 5.116: [GC (Allocation Failure) 2024-07-30T18:38:14.249+0800: 5.116: [ParNew: 668097K->42380K(707840K), 0.0129473 secs] 668097K->43066K(713984K), 0.0130626 secs] [Times: user=0.01 sys=0.02, real=0.01 secs] 
2024-07-30T18:38:14.262+0800: 5.129: Total time for which application threads were stopped: 0.0131749 seconds, Stopping threads took: 0.0000196 seconds
2024-07-30T18:38:14.927+0800: 5.795: Application time: 0.6659655 seconds
2024-07-30T18:38:14.927+0800: 5.795: [GC (Allocation Failure) 2024-07-30T18:38:14.927+0800: 5.795: [ParNew: 671628K->47104K(707840K), 0.0104314 secs] 672314K->47791K(713984K), 0.0104910 secs] [Times: user=0.00 sys=0.00, real=0.01 secs] 
2024-07-30T18:38:14.938+0800: 5.805: Total time for which application threads were stopped: 0.0106171 seconds, Stopping threads took: 0.0000198 seconds
2024-07-30T18:38:15.608+0800: 6.476: Application time: 0.6700171 seconds
2024-07-30T18:38:15.608+0800: 6.476: [GC (Allocation Failure) 2024-07-30T18:38:15.608+0800: 6.476: [ParNew: 676352K->56353K(707840K), 0.0146086 secs] 677039K->57040K(713984K), 0.0146699 secs] [Times: user=0.03 sys=0.00, real=0.01 secs] 
2024-07-30T18:38:15.623+0800: 6.490: Total time for which application threads were stopped: 0.0147772 seconds, Stopping threads took: 0.0000181 seconds
2024-07-30T18:38:16.302+0800: 7.169: Application time: 0.6786171 seconds
2024-07-30T18:38:16.302+0800: 7.169: [GC (Allocation Failure) 2024-07-30T18:38:16.302+0800: 7.169: [ParNew: 685601K->62464K(707840K), 0.0155672 secs] 686288K->63152K(713984K), 0.0156259 secs] [Times: user=0.02 sys=0.02, real=0.02 secs] 
2024-07-30T18:38:16.318+0800: 7.185: Total time for which application threads were stopped: 0.0157372 seconds, Stopping threads took: 0.0000193 seconds
2024-07-30T18:38:16.991+0800: 7.858: Application time: 0.6732143 seconds
2024-07-30T18:38:16.991+0800: 7.858: [GC (Allocation Failure) 2024-07-30T18:38:16.991+0800: 7.858: [ParNew: 691712K->71681K(707840K), 0.0166128 secs] 692400K->72368K(713984K), 0.0166730 secs] [Times: user=0.03 sys=0.00, real=0.02 secs] 
2024-07-30T18:38:17.008+0800: 7.875: Total time for which application threads were stopped: 0.0167874 seconds, Stopping threads took: 0.0000222 seconds
2024-07-30T18:38:17.694+0800: 8.561: Application time: 0.6867818 seconds
2024-07-30T18:38:17.694+0800: 8.561: [GC (Allocation Failure) 2024-07-30T18:38:17.694+0800: 8.562: [ParNew: 700929K->77825K(707840K), 0.0209521 secs] 701616K->81584K(713984K), 0.0210099 secs] [Times: user=0.03 sys=0.00, real=0.02 secs] 
2024-07-30T18:38:17.715+0800: 8.583: Total time for which application threads were stopped: 0.0211220 seconds, Stopping threads took: 0.0000185 seconds
2024-07-30T18:38:17.716+0800: 8.583: Application time: 0.0001962 seconds
2024-07-30T18:38:17.716+0800: 8.583: [GC (CMS Initial Mark) [1 CMS-initial-mark: 3759K(6144K)] 96060K(713984K), 0.0001207 secs] [Times: user=0.00 sys=0.00, real=0.00 secs] 
2024-07-30T18:38:17.716+0800: 8.583: Total time for which application threads were stopped: 0.0002791 seconds, Stopping threads took: 0.0001239 seconds
2024-07-30T18:38:17.716+0800: 8.583: [CMS-concurrent-mark-start]
2024-07-30T18:38:17.717+0800: 8.585: [CMS-concurrent-mark: 0.001/0.001 secs] [Times: user=0.00 sys=0.00, real=0.00 secs] 
2024-07-30T18:38:17.717+0800: 8.585: [CMS-concurrent-preclean-start]
2024-07-30T18:38:17.718+0800: 8.585: [CMS-concurrent-preclean: 0.000/0.000 secs] [Times: user=0.00 sys=0.00, real=0.00 secs] 
2024-07-30T18:38:17.718+0800: 8.585: [CMS-concurrent-abortable-preclean-start]
2024-07-30T18:38:18.268+0800: 9.134: [CMS-concurrent-abortable-preclean: 0.001/0.550 secs] [Times: user=0.06 sys=0.00, real=0.55 secs] 
2024-07-30T18:38:18.268+0800: 9.134: Application time: 0.5514162 seconds
2024-07-30T18:38:18.268+0800: 9.135: [GC (CMS Final Remark) [YG occupancy: 522752 K (707840 K)]2024-07-30T18:38:18.268+0800: 9.135: [Rescan (parallel) , 0.0008346 secs]2024-07-30T18:38:18.268+0800: 9.135: [weak refs processing, 0.0000158 secs]2024-07-30T18:38:18.268+0800: 9.135: [class unloading, 0.0003833 secs]2024-07-30T18:38:18.268+0800: 9.136: [scrub symbol table, 0.0003948 secs]2024-07-30T18:38:18.269+0800: 9.136: [scrub string table, 0.0001017 secs][1 CMS-remark: 3759K(6144K)] 526511K(713984K), 0.0018321 secs] [Times: user=0.00 sys=0.00, real=0.00 secs] 
2024-07-30T18:38:18.269+0800: 9.136: Total time for which application threads were stopped: 0.0019041 seconds, Stopping threads took: 0.0000239 seconds
2024-07-30T18:38:18.270+0800: 9.137: [CMS-concurrent-sweep-start]
2024-07-30T18:38:18.270+0800: 9.137: [CMS-concurrent-sweep: 0.000/0.000 secs] [Times: user=0.00 sys=0.00, real=0.00 secs] 
2024-07-30T18:38:18.270+0800: 9.137: [CMS-concurrent-reset-start]
2024-07-30T18:38:18.271+0800: 9.138: [CMS-concurrent-reset: 0.001/0.001 secs] [Times: user=0.00 sys=0.00, real=0.00 secs] 
2024-07-30T18:38:18.399+0800: 9.265: Application time: 0.1291287 seconds
2024-07-30T18:38:18.399+0800: 9.266: [GC (Allocation Failure) 2024-07-30T18:38:18.399+0800: 9.266: [ParNew: 707073K->77825K(707840K), 0.0202779 secs] 710831K->92847K(723428K), 0.0203357 secs] [Times: user=0.01 sys=0.02, real=0.02 secs] 
2024-07-30T18:38:18.419+0800: 9.286: Total time for which application threads were stopped: 0.0204462 seconds, Stopping threads took: 0.0000198 seconds
2024-07-30T18:38:18.419+0800: 9.286: Application time: 0.0001699 seconds
2024-07-30T18:38:18.419+0800: 9.286: [GC (CMS Initial Mark) [1 CMS-initial-mark: 15022K(15588K)] 107339K(723428K), 0.0000939 secs] [Times: user=0.00 sys=0.00, real=0.00 secs] 
2024-07-30T18:38:18.419+0800: 9.286: Total time for which application threads were stopped: 0.0003145 seconds, Stopping threads took: 0.0001882 seconds
2024-07-30T18:38:18.420+0800: 9.287: [CMS-concurrent-mark-start]
2024-07-30T18:38:18.420+0800: 9.287: [CMS-concurrent-mark: 0.001/0.001 secs] [Times: user=0.00 sys=0.00, real=0.00 secs] 
2024-07-30T18:38:18.420+0800: 9.287: [CMS-concurrent-preclean-start]
2024-07-30T18:38:18.421+0800: 9.288: [CMS-concurrent-preclean: 0.000/0.000 secs] [Times: user=0.00 sys=0.00, real=0.00 secs] 
2024-07-30T18:38:18.421+0800: 9.288: [CMS-concurrent-abortable-preclean-start]
2024-07-30T18:38:18.979+0800: 9.846: [CMS-concurrent-abortable-preclean: 0.001/0.558 secs] [Times: user=0.02 sys=0.00, real=0.56 secs] 
2024-07-30T18:38:18.979+0800: 9.846: Application time: 0.5597871 seconds
2024-07-30T18:38:18.980+0800: 9.846: [GC (CMS Final Remark) [YG occupancy: 523276 K (707840 K)]2024-07-30T18:38:18.980+0800: 9.846: [Rescan (parallel) , 0.0005495 secs]2024-07-30T18:38:18.980+0800: 9.847: [weak refs processing, 0.0000144 secs]2024-07-30T18:38:18.980+0800: 9.847: [class unloading, 0.0002405 secs]2024-07-30T18:38:18.980+0800: 9.847: [scrub symbol table, 0.0003336 secs]2024-07-30T18:38:18.981+0800: 9.848: [scrub string table, 0.0000935 secs][1 CMS-remark: 15022K(15588K)] 538298K(723428K), 0.0013223 secs] [Times: user=0.00 sys=0.00, real=0.00 secs] 
2024-07-30T18:38:18.981+0800: 9.848: Total time for which application threads were stopped: 0.0015576 seconds, Stopping threads took: 0.0001814 seconds
2024-07-30T18:38:18.981+0800: 9.848: [CMS-concurrent-sweep-start]
2024-07-30T18:38:18.982+0800: 9.849: [CMS-concurrent-sweep: 0.001/0.001 secs] [Times: user=0.00 sys=0.00, real=0.00 secs] 
2024-07-30T18:38:18.982+0800: 9.849: [CMS-concurrent-reset-start]
2024-07-30T18:38:18.983+0800: 9.850: [CMS-concurrent-reset: 0.000/0.000 secs] [Times: user=0.00 sys=0.00, real=0.00 secs] 
2024-07-30T18:38:19.110+0800: 9.977: Application time: 0.1296477 seconds
2024-07-30T18:38:19.110+0800: 9.977: [GC (Allocation Failure) 2024-07-30T18:38:19.110+0800: 9.978: [ParNew: 707073K->77825K(707840K), 0.0209106 secs] 719023K->108207K(739068K), 0.0209697 secs] [Times: user=0.05 sys=0.02, real=0.02 secs] 
2024-07-30T18:38:19.131+0800: 9.999: Total time for which application threads were stopped: 0.0210806 seconds, Stopping threads took: 0.0000191 seconds
2024-07-30T18:38:19.131+0800: 9.999: Application time: 0.0001110 seconds
2024-07-30T18:38:19.131+0800: 9.999: [GC (CMS Initial Mark) [1 CMS-initial-mark: 30382K(31228K)] 122702K(739068K), 0.0001070 secs] [Times: user=0.00 sys=0.00, real=0.00 secs] 
2024-07-30T18:38:19.132+0800: 9.999: Total time for which application threads were stopped: 0.0003302 seconds, Stopping threads took: 0.0001748 seconds
2024-07-30T18:38:19.132+0800: 9.999: [CMS-concurrent-mark-start]
2024-07-30T18:38:19.132+0800: 10.000: [CMS-concurrent-mark: 0.001/0.001 secs] [Times: user=0.00 sys=0.00, real=0.00 secs] 
2024-07-30T18:38:19.132+0800: 10.000: [CMS-concurrent-preclean-start]
2024-07-30T18:38:19.132+0800: 10.000: [CMS-concurrent-preclean: 0.000/0.000 secs] [Times: user=0.00 sys=0.00, real=0.00 secs] 
2024-07-30T18:38:19.132+0800: 10.000: [CMS-concurrent-abortable-preclean-start]
2024-07-30T18:38:19.686+0800: 10.553: [CMS-concurrent-abortable-preclean: 0.002/0.553 secs] [Times: user=0.02 sys=0.00, real=0.55 secs] 
2024-07-30T18:38:19.686+0800: 10.553: Application time: 0.5539893 seconds
2024-07-30T18:38:19.686+0800: 10.553: [GC (CMS Final Remark) [YG occupancy: 509909 K (707840 K)]2024-07-30T18:38:19.686+0800: 10.553: [Rescan (parallel) , 0.0002562 secs]2024-07-30T18:38:19.686+0800: 10.553: [weak refs processing, 0.0000145 secs]2024-07-30T18:38:19.686+0800: 10.553: [class unloading, 0.0002486 secs]2024-07-30T18:38:19.687+0800: 10.554: [scrub symbol table, 0.0003554 secs]2024-07-30T18:38:19.687+0800: 10.554: [scrub string table, 0.0001101 secs][1 CMS-remark: 30382K(31228K)] 540291K(739068K), 0.0010744 secs] [Times: user=0.00 sys=0.00, real=0.00 secs] 
2024-07-30T18:38:19.687+0800: 10.554: Total time for which application threads were stopped: 0.0012325 seconds, Stopping threads took: 0.0001110 seconds
2024-07-30T18:38:19.687+0800: 10.554: [CMS-concurrent-sweep-start]
2024-07-30T18:38:19.688+0800: 10.555: [CMS-concurrent-sweep: 0.001/0.001 secs] [Times: user=0.00 sys=0.00, real=0.00 secs] 
2024-07-30T18:38:19.688+0800: 10.555: [CMS-concurrent-reset-start]
2024-07-30T18:38:19.689+0800: 10.556: [CMS-concurrent-reset: 0.000/0.000 secs] [Times: user=0.00 sys=0.00, real=0.00 secs] 
2024-07-30T18:38:19.908+0800: 10.775: Application time: 0.2203284 seconds
2024-07-30T18:38:19.908+0800: 10.775: [GC (Allocation Failure) 2024-07-30T18:38:19.908+0800: 10.775: [ParNew: 707073K->77825K(707840K), 0.0211731 secs] 726191K->122544K(754100K), 0.0212367 secs] [Times: user=0.06 sys=0.00, real=0.02 secs] 
2024-07-30T18:38:19.928+0800: 10.796: Total time for which application threads were stopped: 0.0213644 seconds, Stopping threads took: 0.0000342 seconds
2024-07-30T18:38:19.929+0800: 10.796: Application time: 0.0001438 seconds
2024-07-30T18:38:19.929+0800: 10.796: [GC (CMS Initial Mark) [1 CMS-initial-mark: 44718K(46260K)] 137033K(754100K), 0.0000917 secs] [Times: user=0.00 sys=0.00, real=0.00 secs] 
2024-07-30T18:38:19.929+0800: 10.796: Total time for which application threads were stopped: 0.0002141 seconds, Stopping threads took: 0.0000775 seconds
2024-07-30T18:38:19.929+0800: 10.796: [CMS-concurrent-mark-start]
2024-07-30T18:38:19.930+0800: 10.798: [CMS-concurrent-mark: 0.001/0.001 secs] [Times: user=0.00 sys=0.00, real=0.00 secs] 
2024-07-30T18:38:19.930+0800: 10.798: [CMS-concurrent-preclean-start]
2024-07-30T18:38:19.930+0800: 10.798: [CMS-concurrent-preclean: 0.000/0.000 secs] [Times: user=0.00 sys=0.00, real=0.00 secs] 
2024-07-30T18:38:19.930+0800: 10.798: [CMS-concurrent-abortable-preclean-start]
2024-07-30T18:38:20.475+0800: 11.342: [CMS-concurrent-abortable-preclean: 0.001/0.544 secs] [Times: user=0.05 sys=0.00, real=0.54 secs] 
2024-07-30T18:38:20.475+0800: 11.342: Application time: 0.5458669 seconds
2024-07-30T18:38:20.475+0800: 11.342: [GC (CMS Final Remark) [YG occupancy: 604003 K (707840 K)]2024-07-30T18:38:20.475+0800: 11.342: [Rescan (parallel) , 0.0003677 secs]2024-07-30T18:38:20.476+0800: 11.343: [weak refs processing, 0.0000168 secs]2024-07-30T18:38:20.476+0800: 11.343: [class unloading, 0.0002195 secs]2024-07-30T18:38:20.476+0800: 11.343: [scrub symbol table, 0.0003052 secs]2024-07-30T18:38:20.476+0800: 11.343: [scrub string table, 0.0000910 secs][1 CMS-remark: 44718K(46260K)] 648722K(754100K), 0.0010949 secs] [Times: user=0.00 sys=0.00, real=0.00 secs] 
2024-07-30T18:38:20.476+0800: 11.343: Total time for which application threads were stopped: 0.0012129 seconds, Stopping threads took: 0.0000314 seconds
2024-07-30T18:38:20.477+0800: 11.344: [CMS-concurrent-sweep-start]
2024-07-30T18:38:20.477+0800: 11.344: [CMS-concurrent-sweep: 0.000/0.000 secs] [Times: user=0.00 sys=0.00, real=0.00 secs] 
2024-07-30T18:38:20.477+0800: 11.344: [CMS-concurrent-reset-start]
2024-07-30T18:38:20.477+0800: 11.344: [CMS-concurrent-reset: 0.000/0.000 secs] [Times: user=0.00 sys=0.00, real=0.00 secs] 
2024-07-30T18:38:20.601+0800: 11.467: Application time: 0.1240358 seconds
2024-07-30T18:38:20.601+0800: 11.467: [GC (Allocation Failure) 2024-07-30T18:38:20.601+0800: 11.467: [ParNew: 707073K->77825K(707840K), 0.0223981 secs] 733359K->136880K(768492K), 0.0224607 secs] [Times: user=0.03 sys=0.00, real=0.02 secs] 
2024-07-30T18:38:20.623+0800: 11.490: Total time for which application threads were stopped: 0.0225839 seconds, Stopping threads took: 0.0000284 seconds
2024-07-30T18:38:20.623+0800: 11.490: Application time: 0.0002404 seconds
2024-07-30T18:38:20.624+0800: 11.490: [GC (CMS Initial Mark) [1 CMS-initial-mark: 59055K(60652K)] 151366K(768492K), 0.0001109 secs] [Times: user=0.00 sys=0.00, real=0.00 secs] 
2024-07-30T18:38:20.624+0800: 11.491: Total time for which application threads were stopped: 0.0002952 seconds, Stopping threads took: 0.0001496 seconds
2024-07-30T18:38:20.624+0800: 11.491: [CMS-concurrent-mark-start]
2024-07-30T18:38:20.626+0800: 11.492: [CMS-concurrent-mark: 0.002/0.002 secs] [Times: user=0.00 sys=0.00, real=0.00 secs] 
2024-07-30T18:38:20.626+0800: 11.492: [CMS-concurrent-preclean-start]
2024-07-30T18:38:20.626+0800: 11.493: [CMS-concurrent-preclean: 0.000/0.000 secs] [Times: user=0.00 sys=0.00, real=0.00 secs] 
2024-07-30T18:38:20.626+0800: 11.493: [CMS-concurrent-abortable-preclean-start]
Heap
 par new generation   total 707840K, used 401065K [0x00000000c8000000, 0x00000000f8000000, 0x00000000f8000000)
  eden space 629248K,  51% used [0x00000000c8000000, 0x00000000dbba9f50, 0x00000000ee680000)
  from space 78592K,  99% used [0x00000000ee680000, 0x00000000f32804c0, 0x00000000f3340000)
  to   space 78592K,   0% used [0x00000000f3340000, 0x00000000f3340000, 0x00000000f8000000)
 concurrent mark-sweep generation total 60652K, used 59055K [0x00000000f8000000, 0x00000000fbb3b000, 0x0000000100000000)
 Metaspace       used 3005K, capacity 4486K, committed 4864K, reserved 1056768K
  class space    used 310K, capacity 386K, committed 512K, reserved 1048576K
2024-07-30T18:38:20.962+0800: 11.829: Application time: 0.3387047 seconds
