OpenJDK 64-Bit Server VM (25.412-b1) for windows-amd64 JRE (1.8.0_412-b1), built on Apr 23 2024 12:00:37 by "Administrator" with MS VC++ 10.0 (VS2010)
Memory: 4k page, physical 16672068k(5013884k free), swap 19811428k(4832840k free)
CommandLine flags: -XX:GCDrainStackTargetSize=64 -XX:InitialHeapSize=810758960 -XX:MaxHeapSize=939524096 -XX:MaxNewSize=805306368 -XX:MaxTenuringThreshold=6 -XX:NewSize=805306368 -XX:OldPLABSize=16 -XX:+PrintGC -XX:+PrintGCApplicationConcurrentTime -XX:+PrintGCApplicationStoppedTime -XX:+PrintGCDateStamps -XX:+PrintGCDetails -XX:+PrintGCTimeStamps -XX:+UseCompressedClassPointers -XX:+UseCompressedOops -XX:+UseConcMarkSweepGC -XX:-UseLargePagesIndividualAllocation -XX:+UseParNewGC 
2024-07-30T18:40:38.284+0800: 1.034: Application time: 0.9599860 seconds
2024-07-30T18:40:38.284+0800: 1.035: Total time for which application threads were stopped: 0.0006381 seconds, Stopping threads took: 0.0005926 seconds
2024-07-30T18:40:38.289+0800: 1.040: Application time: 0.0052070 seconds
2024-07-30T18:40:38.289+0800: 1.040: [GC (Allocation Failure) 2024-07-30T18:40:38.289+0800: 1.040: [ParNew: 629042K->14106K(707840K), 0.0082639 secs] 629042K->14106K(713984K), 0.0084641 secs] [Times: user=0.00 sys=0.00, real=0.01 secs] 
2024-07-30T18:40:38.297+0800: 1.048: Total time for which application threads were stopped: 0.0085674 seconds, Stopping threads took: 0.0000141 seconds
2024-07-30T18:40:38.960+0800: 1.711: Application time: 0.6623592 seconds
2024-07-30T18:40:38.960+0800: 1.711: [GC (Allocation Failure) 2024-07-30T18:40:38.960+0800: 1.711: [ParNew: 643354K->8052K(707840K), 0.0046866 secs] 643354K->8052K(713984K), 0.0047437 secs] [Times: user=0.00 sys=0.00, real=0.00 secs] 
2024-07-30T18:40:38.964+0800: 1.716: Total time for which application threads were stopped: 0.0048615 seconds, Stopping threads took: 0.0000205 seconds
2024-07-30T18:40:39.654+0800: 2.404: Application time: 0.6884641 seconds
2024-07-30T18:40:39.654+0800: 2.404: [GC (Allocation Failure) 2024-07-30T18:40:39.654+0800: 2.404: [ParNew: 637300K->12353K(707840K), 0.0025406 secs] 637300K->12353K(713984K), 0.0025922 secs] [Times: user=0.00 sys=0.00, real=0.00 secs] 
2024-07-30T18:40:39.656+0800: 2.407: Total time for which application threads were stopped: 0.0027322 seconds, Stopping threads took: 0.0000350 seconds
2024-07-30T18:40:40.318+0800: 3.069: Application time: 0.6623750 seconds
2024-07-30T18:40:40.318+0800: 3.069: [GC (Allocation Failure) 2024-07-30T18:40:40.318+0800: 3.069: [ParNew: 641601K->19377K(707840K), 0.0077205 secs] 641601K->19377K(713984K), 0.0077905 secs] [Times: user=0.00 sys=0.00, real=0.01 secs] 
2024-07-30T18:40:40.326+0800: 3.077: Total time for which application threads were stopped: 0.0079050 seconds, Stopping threads took: 0.0000197 seconds
2024-07-30T18:40:40.998+0800: 3.749: Application time: 0.6720955 seconds
2024-07-30T18:40:40.998+0800: 3.749: [GC (Allocation Failure) 2024-07-30T18:40:40.998+0800: 3.749: [ParNew: 648625K->29569K(707840K), 0.0107874 secs] 648625K->29569K(713984K), 0.0108452 secs] [Times: user=0.02 sys=0.02, real=0.01 secs] 
2024-07-30T18:40:41.009+0800: 3.760: Total time for which application threads were stopped: 0.0109722 seconds, Stopping threads took: 0.0000235 seconds
2024-07-30T18:40:41.360+0800: 4.111: Application time: 0.3507919 seconds
2024-07-30T18:40:41.360+0800: 4.111: Total time for which application threads were stopped: 0.0001386 seconds, Stopping threads took: 0.0000600 seconds
2024-07-30T18:40:41.679+0800: 4.429: Application time: 0.3181084 seconds
2024-07-30T18:40:41.679+0800: 4.429: [GC (Allocation Failure) 2024-07-30T18:40:41.679+0800: 4.429: [ParNew: 658817K->38869K(707840K), 0.0136064 secs] 658817K->38869K(713984K), 0.0136668 secs] [Times: user=0.03 sys=0.00, real=0.01 secs] 
2024-07-30T18:40:41.692+0800: 4.443: Total time for which application threads were stopped: 0.0137944 seconds, Stopping threads took: 0.0000352 seconds
2024-07-30T18:40:42.357+0800: 5.107: Application time: 0.6640972 seconds
2024-07-30T18:40:42.357+0800: 5.107: [GC (Allocation Failure) 2024-07-30T18:40:42.357+0800: 5.107: [ParNew: 668117K->42400K(707840K), 0.0130253 secs] 668117K->43086K(713984K), 0.0131377 secs] [Times: user=0.02 sys=0.01, real=0.01 secs] 
2024-07-30T18:40:42.370+0800: 5.120: Total time for which application threads were stopped: 0.0132975 seconds, Stopping threads took: 0.0000200 seconds
2024-07-30T18:40:43.039+0800: 5.790: Application time: 0.6695932 seconds
2024-07-30T18:40:43.039+0800: 5.790: [GC (Allocation Failure) 2024-07-30T18:40:43.039+0800: 5.790: [ParNew: 671648K->47104K(707840K), 0.0116583 secs] 672334K->47791K(713984K), 0.0117288 secs] [Times: user=0.00 sys=0.03, real=0.01 secs] 
2024-07-30T18:40:43.051+0800: 5.802: Total time for which application threads were stopped: 0.0118643 seconds, Stopping threads took: 0.0000194 seconds
2024-07-30T18:40:43.732+0800: 6.483: Application time: 0.6807328 seconds
2024-07-30T18:40:43.732+0800: 6.483: [GC (Allocation Failure) 2024-07-30T18:40:43.732+0800: 6.483: [ParNew: 676352K->56342K(707840K), 0.0136051 secs] 677039K->57029K(713984K), 0.0136630 secs] [Times: user=0.02 sys=0.02, real=0.01 secs] 
2024-07-30T18:40:43.745+0800: 6.496: Total time for which application threads were stopped: 0.0137723 seconds, Stopping threads took: 0.0000201 seconds
2024-07-30T18:40:44.408+0800: 7.159: Application time: 0.6626952 seconds
2024-07-30T18:40:44.408+0800: 7.159: [GC (Allocation Failure) 2024-07-30T18:40:44.408+0800: 7.159: [ParNew: 685590K->62464K(707840K), 0.0156417 secs] 686277K->63152K(713984K), 0.0157019 secs] [Times: user=0.03 sys=0.00, real=0.02 secs] 
2024-07-30T18:40:44.424+0800: 7.175: Total time for which application threads were stopped: 0.0158142 seconds, Stopping threads took: 0.0000208 seconds
2024-07-30T18:40:45.100+0800: 7.851: Application time: 0.6762435 seconds
2024-07-30T18:40:45.100+0800: 7.851: [GC (Allocation Failure) 2024-07-30T18:40:45.100+0800: 7.851: [ParNew: 691712K->71681K(707840K), 0.0178829 secs] 692400K->72368K(713984K), 0.0179454 secs] [Times: user=0.03 sys=0.00, real=0.02 secs] 
2024-07-30T18:40:45.118+0800: 7.869: Total time for which application threads were stopped: 0.0180641 seconds, Stopping threads took: 0.0000226 seconds
2024-07-30T18:40:45.792+0800: 8.543: Application time: 0.6740839 seconds
2024-07-30T18:40:45.792+0800: 8.543: [GC (Allocation Failure) 2024-07-30T18:40:45.792+0800: 8.543: [ParNew: 700929K->77825K(707840K), 0.0191782 secs] 701616K->81584K(713984K), 0.0192395 secs] [Times: user=0.03 sys=0.00, real=0.02 secs] 
2024-07-30T18:40:45.812+0800: 8.563: Total time for which application threads were stopped: 0.0193646 seconds, Stopping threads took: 0.0000322 seconds
2024-07-30T18:40:45.812+0800: 8.563: Application time: 0.0001727 seconds
2024-07-30T18:40:45.812+0800: 8.563: [GC (CMS Initial Mark) [1 CMS-initial-mark: 3759K(6144K)] 96060K(713984K), 0.0008262 secs] [Times: user=0.00 sys=0.00, real=0.00 secs] 
2024-07-30T18:40:45.813+0800: 8.564: Total time for which application threads were stopped: 0.0010295 seconds, Stopping threads took: 0.0001606 seconds
2024-07-30T18:40:45.813+0800: 8.564: [CMS-concurrent-mark-start]
2024-07-30T18:40:45.814+0800: 8.565: [CMS-concurrent-mark: 0.001/0.001 secs] [Times: user=0.00 sys=0.00, real=0.00 secs] 
2024-07-30T18:40:45.814+0800: 8.565: [CMS-concurrent-preclean-start]
2024-07-30T18:40:45.814+0800: 8.565: [CMS-concurrent-preclean: 0.000/0.000 secs] [Times: user=0.00 sys=0.00, real=0.00 secs] 
2024-07-30T18:40:45.814+0800: 8.565: [CMS-concurrent-abortable-preclean-start]
2024-07-30T18:40:46.366+0800: 9.117: [CMS-concurrent-abortable-preclean: 0.001/0.551 secs] [Times: user=0.00 sys=0.00, real=0.55 secs] 
2024-07-30T18:40:46.366+0800: 9.117: Application time: 0.5531382 seconds
2024-07-30T18:40:46.366+0800: 9.117: [GC (CMS Final Remark) [YG occupancy: 522752 K (707840 K)]2024-07-30T18:40:46.366+0800: 9.117: [Rescan (parallel) , 0.0010443 secs]2024-07-30T18:40:46.367+0800: 9.118: [weak refs processing, 0.0000141 secs]2024-07-30T18:40:46.367+0800: 9.118: [class unloading, 0.0003642 secs]2024-07-30T18:40:46.368+0800: 9.119: [scrub symbol table, 0.0003515 secs]2024-07-30T18:40:46.368+0800: 9.119: [scrub string table, 0.0000910 secs][1 CMS-remark: 3759K(6144K)] 526511K(713984K), 0.0019567 secs] [Times: user=0.00 sys=0.00, real=0.00 secs] 
2024-07-30T18:40:46.368+0800: 9.119: Total time for which application threads were stopped: 0.0020203 seconds, Stopping threads took: 0.0000211 seconds
2024-07-30T18:40:46.368+0800: 9.119: [CMS-concurrent-sweep-start]
2024-07-30T18:40:46.368+0800: 9.119: [CMS-concurrent-sweep: 0.000/0.000 secs] [Times: user=0.00 sys=0.00, real=0.00 secs] 
2024-07-30T18:40:46.369+0800: 9.120: [CMS-concurrent-reset-start]
2024-07-30T18:40:46.369+0800: 9.120: [CMS-concurrent-reset: 0.001/0.001 secs] [Times: user=0.00 sys=0.00, real=0.00 secs] 
2024-07-30T18:40:46.499+0800: 9.250: Application time: 0.1308361 seconds
2024-07-30T18:40:46.499+0800: 9.250: [GC (Allocation Failure) 2024-07-30T18:40:46.499+0800: 9.250: [ParNew: 707073K->77825K(707840K), 0.0199503 secs] 710831K->92847K(723428K), 0.0200075 secs] [Times: user=0.03 sys=0.00, real=0.02 secs] 
2024-07-30T18:40:46.519+0800: 9.270: Total time for which application threads were stopped: 0.0201246 seconds, Stopping threads took: 0.0000209 seconds
2024-07-30T18:40:46.519+0800: 9.270: Application time: 0.0001954 seconds
2024-07-30T18:40:46.519+0800: 9.270: [GC (CMS Initial Mark) [1 CMS-initial-mark: 15022K(15588K)] 107339K(723428K), 0.0007707 secs] [Times: user=0.00 sys=0.00, real=0.00 secs] 
2024-07-30T18:40:46.520+0800: 9.271: Total time for which application threads were stopped: 0.0009593 seconds, Stopping threads took: 0.0001468 seconds
2024-07-30T18:40:46.520+0800: 9.271: [CMS-concurrent-mark-start]
2024-07-30T18:40:46.521+0800: 9.272: [CMS-concurrent-mark: 0.001/0.001 secs] [Times: user=0.00 sys=0.00, real=0.00 secs] 
2024-07-30T18:40:46.521+0800: 9.272: [CMS-concurrent-preclean-start]
2024-07-30T18:40:46.521+0800: 9.272: [CMS-concurrent-preclean: 0.000/0.000 secs] [Times: user=0.00 sys=0.00, real=0.00 secs] 
2024-07-30T18:40:46.521+0800: 9.272: [CMS-concurrent-abortable-preclean-start]
2024-07-30T18:40:47.073+0800: 9.824: [CMS-concurrent-abortable-preclean: 0.001/0.551 secs] [Times: user=0.00 sys=0.00, real=0.55 secs] 
2024-07-30T18:40:47.073+0800: 9.824: Application time: 0.5527599 seconds
2024-07-30T18:40:47.073+0800: 9.824: [GC (CMS Final Remark) [YG occupancy: 509808 K (707840 K)]2024-07-30T18:40:47.073+0800: 9.824: [Rescan (parallel) , 0.0003827 secs]2024-07-30T18:40:47.074+0800: 9.825: [weak refs processing, 0.0000156 secs]2024-07-30T18:40:47.074+0800: 9.825: [class unloading, 0.0002380 secs]2024-07-30T18:40:47.074+0800: 9.825: [scrub symbol table, 0.0003362 secs]2024-07-30T18:40:47.074+0800: 9.825: [scrub string table, 0.0001010 secs][1 CMS-remark: 15022K(15588K)] 524831K(723428K), 0.0011629 secs] [Times: user=0.00 sys=0.00, real=0.00 secs] 
2024-07-30T18:40:47.075+0800: 9.825: Total time for which application threads were stopped: 0.0013580 seconds, Stopping threads took: 0.0001373 seconds
2024-07-30T18:40:47.075+0800: 9.826: [CMS-concurrent-sweep-start]
2024-07-30T18:40:47.076+0800: 9.827: [CMS-concurrent-sweep: 0.001/0.001 secs] [Times: user=0.00 sys=0.00, real=0.00 secs] 
2024-07-30T18:40:47.076+0800: 9.827: [CMS-concurrent-reset-start]
2024-07-30T18:40:47.077+0800: 9.827: [CMS-concurrent-reset: 0.000/0.000 secs] [Times: user=0.00 sys=0.00, real=0.00 secs] 
2024-07-30T18:40:47.204+0800: 9.955: Application time: 0.1295451 seconds
2024-07-30T18:40:47.204+0800: 9.955: [GC (Allocation Failure) 2024-07-30T18:40:47.204+0800: 9.955: [ParNew: 707073K->77825K(707840K), 0.0211456 secs] 719023K->108207K(739068K), 0.0212025 secs] [Times: user=0.05 sys=0.02, real=0.02 secs] 
2024-07-30T18:40:47.225+0800: 9.976: Total time for which application threads were stopped: 0.0213103 seconds, Stopping threads took: 0.0000197 seconds
2024-07-30T18:40:47.226+0800: 9.976: Application time: 0.0001942 seconds
2024-07-30T18:40:47.226+0800: 9.976: [GC (CMS Initial Mark) [1 CMS-initial-mark: 30382K(31228K)] 122702K(739068K), 0.0007597 secs] [Times: user=0.00 sys=0.00, real=0.00 secs] 
2024-07-30T18:40:47.227+0800: 9.977: Total time for which application threads were stopped: 0.0009359 seconds, Stopping threads took: 0.0001310 seconds
2024-07-30T18:40:47.227+0800: 9.977: [CMS-concurrent-mark-start]
2024-07-30T18:40:47.227+0800: 9.978: [CMS-concurrent-mark: 0.001/0.001 secs] [Times: user=0.00 sys=0.00, real=0.00 secs] 
2024-07-30T18:40:47.227+0800: 9.978: [CMS-concurrent-preclean-start]
2024-07-30T18:40:47.227+0800: 9.978: [CMS-concurrent-preclean: 0.000/0.000 secs] [Times: user=0.00 sys=0.00, real=0.00 secs] 
2024-07-30T18:40:47.227+0800: 9.978: [CMS-concurrent-abortable-preclean-start]
2024-07-30T18:40:47.782+0800: 10.533: [CMS-concurrent-abortable-preclean: 0.001/0.555 secs] [Times: user=0.03 sys=0.00, real=0.56 secs] 
2024-07-30T18:40:47.783+0800: 10.533: Application time: 0.5557229 seconds
2024-07-30T18:40:47.783+0800: 10.533: [GC (CMS Final Remark) [YG occupancy: 509909 K (707840 K)]2024-07-30T18:40:47.783+0800: 10.533: [Rescan (parallel) , 0.0004051 secs]2024-07-30T18:40:47.783+0800: 10.534: [weak refs processing, 0.0000153 secs]2024-07-30T18:40:47.783+0800: 10.534: [class unloading, 0.0002124 secs]2024-07-30T18:40:47.783+0800: 10.534: [scrub symbol table, 0.0003124 secs]2024-07-30T18:40:47.783+0800: 10.534: [scrub string table, 0.0001130 secs][1 CMS-remark: 30382K(31228K)] 540291K(739068K), 0.0011460 secs] [Times: user=0.00 sys=0.00, real=0.00 secs] 
2024-07-30T18:40:47.784+0800: 10.534: Total time for which application threads were stopped: 0.0013897 seconds, Stopping threads took: 0.0001964 seconds
2024-07-30T18:40:47.784+0800: 10.535: [CMS-concurrent-sweep-start]
2024-07-30T18:40:47.785+0800: 10.536: [CMS-concurrent-sweep: 0.001/0.001 secs] [Times: user=0.00 sys=0.00, real=0.00 secs] 
2024-07-30T18:40:47.785+0800: 10.536: [CMS-concurrent-reset-start]
2024-07-30T18:40:47.785+0800: 10.536: [CMS-concurrent-reset: 0.000/0.000 secs] [Times: user=0.00 sys=0.00, real=0.00 secs] 
2024-07-30T18:40:48.005+0800: 10.756: Application time: 0.2211010 seconds
2024-07-30T18:40:48.005+0800: 10.756: [GC (Allocation Failure) 2024-07-30T18:40:48.005+0800: 10.756: [ParNew: 707073K->77825K(707840K), 0.0263284 secs] 726191K->122544K(754100K), 0.0264105 secs] [Times: user=0.03 sys=0.00, real=0.03 secs] 
2024-07-30T18:40:48.031+0800: 10.782: Total time for which application threads were stopped: 0.0265699 seconds, Stopping threads took: 0.0000423 seconds
2024-07-30T18:40:48.031+0800: 10.782: Application time: 0.0001394 seconds
2024-07-30T18:40:48.032+0800: 10.782: [GC (CMS Initial Mark) [1 CMS-initial-mark: 44718K(46260K)] 137033K(754100K), 0.0006956 secs] [Times: user=0.00 sys=0.00, real=0.00 secs] 
2024-07-30T18:40:48.032+0800: 10.783: Total time for which application threads were stopped: 0.0008611 seconds, Stopping threads took: 0.0001204 seconds
2024-07-30T18:40:48.032+0800: 10.783: [CMS-concurrent-mark-start]
2024-07-30T18:40:48.033+0800: 10.784: [CMS-concurrent-mark: 0.001/0.001 secs] [Times: user=0.00 sys=0.00, real=0.00 secs] 
2024-07-30T18:40:48.033+0800: 10.784: [CMS-concurrent-preclean-start]
2024-07-30T18:40:48.034+0800: 10.784: [CMS-concurrent-preclean: 0.000/0.000 secs] [Times: user=0.00 sys=0.00, real=0.00 secs] 
2024-07-30T18:40:48.034+0800: 10.784: [CMS-concurrent-abortable-preclean-start]
2024-07-30T18:40:48.475+0800: 11.226: [CMS-concurrent-abortable-preclean: 0.001/0.441 secs] [Times: user=0.02 sys=0.00, real=0.44 secs] 
2024-07-30T18:40:48.475+0800: 11.226: Application time: 0.4428549 seconds
2024-07-30T18:40:48.475+0800: 11.226: [GC (CMS Final Remark) [YG occupancy: 496279 K (707840 K)]2024-07-30T18:40:48.475+0800: 11.226: [Rescan (parallel) , 0.0010794 secs]2024-07-30T18:40:48.477+0800: 11.227: [weak refs processing, 0.0000138 secs]2024-07-30T18:40:48.477+0800: 11.227: [class unloading, 0.0002148 secs]2024-07-30T18:40:48.477+0800: 11.227: [scrub symbol table, 0.0002967 secs]2024-07-30T18:40:48.477+0800: 11.228: [scrub string table, 0.0000998 secs][1 CMS-remark: 44718K(46260K)] 540998K(754100K), 0.0017850 secs] [Times: user=0.00 sys=0.00, real=0.00 secs] 
2024-07-30T18:40:48.477+0800: 11.228: Total time for which application threads were stopped: 0.0020319 seconds, Stopping threads took: 0.0001536 seconds
2024-07-30T18:40:48.478+0800: 11.228: [CMS-concurrent-sweep-start]
2024-07-30T18:40:48.479+0800: 11.230: [CMS-concurrent-sweep: 0.001/0.001 secs] [Times: user=0.00 sys=0.00, real=0.00 secs] 
2024-07-30T18:40:48.479+0800: 11.230: [CMS-concurrent-reset-start]
2024-07-30T18:40:48.479+0800: 11.230: [CMS-concurrent-reset: 0.000/0.000 secs] [Times: user=0.00 sys=0.00, real=0.00 secs] 
2024-07-30T18:40:48.698+0800: 11.448: Application time: 0.2202307 seconds
2024-07-30T18:40:48.698+0800: 11.448: [GC (Allocation Failure) 2024-07-30T18:40:48.698+0800: 11.448: [ParNew: 707073K->77825K(707840K), 0.0221284 secs] 733359K->136880K(768492K), 0.0222014 secs] [Times: user=0.03 sys=0.00, real=0.02 secs] 
2024-07-30T18:40:48.719+0800: 11.471: Total time for which application threads were stopped: 0.0223143 seconds, Stopping threads took: 0.0000208 seconds
2024-07-30T18:40:48.719+0800: 11.471: Application time: 0.0002544 seconds
2024-07-30T18:40:48.720+0800: 11.471: [GC (CMS Initial Mark) [1 CMS-initial-mark: 59055K(60652K)] 151366K(768492K), 0.0007846 secs] [Times: user=0.00 sys=0.00, real=0.00 secs] 
2024-07-30T18:40:48.720+0800: 11.472: Total time for which application threads were stopped: 0.0009884 seconds, Stopping threads took: 0.0001617 seconds
2024-07-30T18:40:48.721+0800: 11.472: [CMS-concurrent-mark-start]
2024-07-30T18:40:48.723+0800: 11.474: [CMS-concurrent-mark: 0.002/0.002 secs] [Times: user=0.00 sys=0.00, real=0.00 secs] 
2024-07-30T18:40:48.723+0800: 11.474: [CMS-concurrent-preclean-start]
2024-07-30T18:40:48.723+0800: 11.474: [CMS-concurrent-preclean: 0.000/0.000 secs] [Times: user=0.03 sys=0.00, real=0.00 secs] 
2024-07-30T18:40:48.723+0800: 11.474: [CMS-concurrent-abortable-preclean-start]
Heap
 par new generation   total 707840K, used 401065K [0x00000000c8000000, 0x00000000f8000000, 0x00000000f8000000)
  eden space 629248K,  51% used [0x00000000c8000000, 0x00000000dbba9f50, 0x00000000ee680000)
  from space 78592K,  99% used [0x00000000ee680000, 0x00000000f32804c0, 0x00000000f3340000)
  to   space 78592K,   0% used [0x00000000f3340000, 0x00000000f3340000, 0x00000000f8000000)
 concurrent mark-sweep generation total 60652K, used 59055K [0x00000000f8000000, 0x00000000fbb3b000, 0x0000000100000000)
 Metaspace       used 3005K, capacity 4486K, committed 4864K, reserved 1056768K
  class space    used 310K, capacity 386K, committed 512K, reserved 1048576K
2024-07-30T18:40:49.059+0800: 11.810: Application time: 0.3382107 seconds
