OpenJDK 64-Bit Server VM (25.412-b1) for windows-amd64 JRE (1.8.0_412-b1), built on Apr 23 2024 12:00:37 by "Administrator" with MS VC++ 10.0 (VS2010)
Memory: 4k page, physical 16672068k(4924392k free), swap 19811428k(4783676k free)
CommandLine flags: -XX:-CMSParallelInitialMarkEnabled -XX:GCDrainStackTargetSize=64 -XX:InitialHeapSize=810758960 -XX:MaxHeapSize=939524096 -XX:MaxNewSize=805306368 -XX:MaxTenuringThreshold=6 -XX:NewSize=805306368 -XX:OldPLABSize=16 -XX:+PrintGC -XX:+PrintGCApplicationConcurrentTime -XX:+PrintGCApplicationStoppedTime -XX:+PrintGCDateStamps -XX:+PrintGCDetails -XX:+PrintGCTimeStamps -XX:+UseCompressedClassPointers -XX:+UseCompressedOops -XX:+UseConcMarkSweepGC -XX:-UseLargePagesIndividualAllocation -XX:+UseParNewGC 
2024-07-30T18:38:22.080+0800: 1.032: Application time: 0.9564518 seconds
2024-07-30T18:38:22.080+0800: 1.032: Total time for which application threads were stopped: 0.0001318 seconds, Stopping threads took: 0.0000620 seconds
2024-07-30T18:38:22.086+0800: 1.037: Application time: 0.0056600 seconds
2024-07-30T18:38:22.086+0800: 1.037: [GC (Allocation Failure) 2024-07-30T18:38:22.086+0800: 1.038: [ParNew: 629042K->13991K(707840K), 0.0077241 secs] 629042K->13991K(713984K), 0.0079248 secs] [Times: user=0.00 sys=0.00, real=0.01 secs] 
2024-07-30T18:38:22.094+0800: 1.045: Total time for which application threads were stopped: 0.0080389 seconds, Stopping threads took: 0.0000152 seconds
2024-07-30T18:38:22.773+0800: 1.724: Application time: 0.6789644 seconds
2024-07-30T18:38:22.773+0800: 1.724: [GC (Allocation Failure) 2024-07-30T18:38:22.773+0800: 1.724: [ParNew: 643239K->8084K(707840K), 0.0047561 secs] 643239K->8084K(713984K), 0.0048174 secs] [Times: user=0.00 sys=0.00, real=0.00 secs] 
2024-07-30T18:38:22.777+0800: 1.729: Total time for which application threads were stopped: 0.0049355 seconds, Stopping threads took: 0.0000252 seconds
2024-07-30T18:38:23.464+0800: 2.416: Application time: 0.6868377 seconds
2024-07-30T18:38:23.464+0800: 2.416: [GC (Allocation Failure) 2024-07-30T18:38:23.464+0800: 2.416: [ParNew: 637332K->12210K(707840K), 0.0028438 secs] 637332K->12210K(713984K), 0.0028994 secs] [Times: user=0.00 sys=0.00, real=0.00 secs] 
2024-07-30T18:38:23.467+0800: 2.419: Total time for which application threads were stopped: 0.0030379 seconds, Stopping threads took: 0.0000215 seconds
2024-07-30T18:38:24.145+0800: 3.097: Application time: 0.6777256 seconds
2024-07-30T18:38:24.145+0800: 3.097: [GC (Allocation Failure) 2024-07-30T18:38:24.146+0800: 3.097: [ParNew: 641458K->19460K(707840K), 0.0077340 secs] 641458K->19460K(713984K), 0.0077984 secs] [Times: user=0.00 sys=0.00, real=0.01 secs] 
2024-07-30T18:38:24.153+0800: 3.105: Total time for which application threads were stopped: 0.0079169 seconds, Stopping threads took: 0.0000210 seconds
2024-07-30T18:38:24.823+0800: 3.775: Application time: 0.6698119 seconds
2024-07-30T18:38:24.823+0800: 3.775: [GC (Allocation Failure) 2024-07-30T18:38:24.823+0800: 3.775: [ParNew: 648708K->25537K(707840K), 0.0090874 secs] 648708K->25537K(713984K), 0.0091472 secs] [Times: user=0.00 sys=0.00, real=0.01 secs] 
2024-07-30T18:38:24.832+0800: 3.784: Total time for which application threads were stopped: 0.0092654 seconds, Stopping threads took: 0.0000233 seconds
2024-07-30T18:38:25.168+0800: 4.119: Application time: 0.3353568 seconds
2024-07-30T18:38:25.168+0800: 4.119: Total time for which application threads were stopped: 0.0001461 seconds, Stopping threads took: 0.0000988 seconds
2024-07-30T18:38:25.504+0800: 4.456: Application time: 0.3364319 seconds
2024-07-30T18:38:25.504+0800: 4.456: [GC (Allocation Failure) 2024-07-30T18:38:25.504+0800: 4.456: [ParNew: 654785K->34812K(707840K), 0.0117290 secs] 654785K->34812K(713984K), 0.0118037 secs] [Times: user=0.00 sys=0.00, real=0.01 secs] 
2024-07-30T18:38:25.516+0800: 4.468: Total time for which application threads were stopped: 0.0119140 seconds, Stopping threads took: 0.0000196 seconds
2024-07-30T18:38:26.196+0800: 5.148: Application time: 0.6799154 seconds
2024-07-30T18:38:26.197+0800: 5.148: [GC (Allocation Failure) 2024-07-30T18:38:26.197+0800: 5.148: [ParNew: 664060K->40461K(707840K), 0.0139525 secs] 664060K->41143K(713984K), 0.0140470 secs] [Times: user=0.02 sys=0.02, real=0.01 secs] 
2024-07-30T18:38:26.211+0800: 5.162: Total time for which application threads were stopped: 0.0141623 seconds, Stopping threads took: 0.0000256 seconds
2024-07-30T18:38:26.889+0800: 5.841: Application time: 0.6792363 seconds
2024-07-30T18:38:26.889+0800: 5.841: [GC (Allocation Failure) 2024-07-30T18:38:26.889+0800: 5.841: [ParNew: 669709K->48128K(707840K), 0.0132084 secs] 670391K->48811K(713984K), 0.0132738 secs] [Times: user=0.03 sys=0.00, real=0.01 secs] 
2024-07-30T18:38:26.903+0800: 5.854: Total time for which application threads were stopped: 0.0133966 seconds, Stopping threads took: 0.0000202 seconds
2024-07-30T18:38:27.570+0800: 6.521: Application time: 0.6668909 seconds
2024-07-30T18:38:27.570+0800: 6.521: [GC (Allocation Failure) 2024-07-30T18:38:27.570+0800: 6.521: [ParNew: 677376K->56341K(707840K), 0.0149290 secs] 678059K->57024K(713984K), 0.0149966 secs] [Times: user=0.02 sys=0.02, real=0.02 secs] 
2024-07-30T18:38:27.585+0800: 6.536: Total time for which application threads were stopped: 0.0151088 seconds, Stopping threads took: 0.0000236 seconds
2024-07-30T18:38:28.263+0800: 7.215: Application time: 0.6780662 seconds
2024-07-30T18:38:28.263+0800: 7.215: [GC (Allocation Failure) 2024-07-30T18:38:28.263+0800: 7.215: [ParNew: 685589K->64512K(707840K), 0.0163712 secs] 686272K->65196K(713984K), 0.0164297 secs] [Times: user=0.03 sys=0.00, real=0.02 secs] 
2024-07-30T18:38:28.280+0800: 7.231: Total time for which application threads were stopped: 0.0165399 seconds, Stopping threads took: 0.0000184 seconds
2024-07-30T18:38:28.942+0800: 7.893: Application time: 0.6618606 seconds
2024-07-30T18:38:28.942+0800: 7.893: [GC (Allocation Failure) 2024-07-30T18:38:28.942+0800: 7.893: [ParNew: 693383K->76801K(707840K), 0.0193029 secs] 694066K->77484K(713984K), 0.0193587 secs] [Times: user=0.02 sys=0.01, real=0.02 secs] 
2024-07-30T18:38:28.961+0800: 7.912: Total time for which application threads were stopped: 0.0194718 seconds, Stopping threads took: 0.0000202 seconds
2024-07-30T18:38:29.636+0800: 8.588: Application time: 0.6758166 seconds
2024-07-30T18:38:29.637+0800: 8.588: [GC (Allocation Failure) 2024-07-30T18:38:29.637+0800: 8.588: [ParNew: 706049K->77825K(707840K), 0.0200560 secs] 706732K->85676K(717068K), 0.0201129 secs] [Times: user=0.03 sys=0.00, real=0.02 secs] 
2024-07-30T18:38:29.657+0800: 8.608: Total time for which application threads were stopped: 0.0202306 seconds, Stopping threads took: 0.0000204 seconds
2024-07-30T18:38:29.657+0800: 8.609: Application time: 0.0002761 seconds
2024-07-30T18:38:29.657+0800: 8.609: [GC (CMS Initial Mark) [1 CMS-initial-mark: 7851K(9228K)] 100179K(717068K), 0.0001058 secs] [Times: user=0.00 sys=0.00, real=0.00 secs] 
2024-07-30T18:38:29.657+0800: 8.609: Total time for which application threads were stopped: 0.0002596 seconds, Stopping threads took: 0.0001197 seconds
2024-07-30T18:38:29.657+0800: 8.609: [CMS-concurrent-mark-start]
2024-07-30T18:38:29.658+0800: 8.610: [CMS-concurrent-mark: 0.001/0.001 secs] [Times: user=0.00 sys=0.00, real=0.00 secs] 
2024-07-30T18:38:29.659+0800: 8.610: [CMS-concurrent-preclean-start]
2024-07-30T18:38:29.659+0800: 8.610: [CMS-concurrent-preclean: 0.000/0.000 secs] [Times: user=0.00 sys=0.00, real=0.00 secs] 
2024-07-30T18:38:29.659+0800: 8.610: [CMS-concurrent-abortable-preclean-start]
2024-07-30T18:38:30.213+0800: 9.164: [CMS-concurrent-abortable-preclean: 0.001/0.554 secs] [Times: user=0.00 sys=0.00, real=0.55 secs] 
2024-07-30T18:38:30.213+0800: 9.165: Application time: 0.5558003 seconds
2024-07-30T18:38:30.213+0800: 9.165: [GC (CMS Final Remark) [YG occupancy: 523654 K (707840 K)]2024-07-30T18:38:30.214+0800: 9.165: [Rescan (parallel) , 0.0003529 secs]2024-07-30T18:38:30.214+0800: 9.165: [weak refs processing, 0.0000299 secs]2024-07-30T18:38:30.214+0800: 9.165: [class unloading, 0.0003816 secs]2024-07-30T18:38:30.214+0800: 9.166: [scrub symbol table, 0.0004328 secs]2024-07-30T18:38:30.215+0800: 9.166: [scrub string table, 0.0001038 secs][1 CMS-remark: 7851K(9228K)] 531505K(717068K), 0.0014232 secs] [Times: user=0.00 sys=0.00, real=0.00 secs] 
2024-07-30T18:38:30.215+0800: 9.166: Total time for which application threads were stopped: 0.0015699 seconds, Stopping threads took: 0.0001008 seconds
2024-07-30T18:38:30.215+0800: 9.167: [CMS-concurrent-sweep-start]
2024-07-30T18:38:30.217+0800: 9.168: [CMS-concurrent-sweep: 0.002/0.002 secs] [Times: user=0.00 sys=0.00, real=0.00 secs] 
2024-07-30T18:38:30.217+0800: 9.169: [CMS-concurrent-reset-start]
2024-07-30T18:38:30.219+0800: 9.171: [CMS-concurrent-reset: 0.002/0.002 secs] [Times: user=0.00 sys=0.00, real=0.00 secs] 
2024-07-30T18:38:30.330+0800: 9.282: Application time: 0.1151569 seconds
2024-07-30T18:38:30.330+0800: 9.282: [GC (Allocation Failure) 2024-07-30T18:38:30.330+0800: 9.282: [ParNew: 707073K->77825K(707840K), 0.0196427 secs] 714923K->100011K(731204K), 0.0197016 secs] [Times: user=0.06 sys=0.00, real=0.02 secs] 
2024-07-30T18:38:30.350+0800: 9.301: Total time for which application threads were stopped: 0.0198163 seconds, Stopping threads took: 0.0000178 seconds
2024-07-30T18:38:30.350+0800: 9.302: Application time: 0.0001473 seconds
2024-07-30T18:38:30.350+0800: 9.302: [GC (CMS Initial Mark) [1 CMS-initial-mark: 22186K(23364K)] 114560K(731204K), 0.0000920 secs] [Times: user=0.00 sys=0.00, real=0.00 secs] 
2024-07-30T18:38:30.350+0800: 9.302: Total time for which application threads were stopped: 0.0002946 seconds, Stopping threads took: 0.0001686 seconds
2024-07-30T18:38:30.350+0800: 9.302: [CMS-concurrent-mark-start]
2024-07-30T18:38:30.351+0800: 9.303: [CMS-concurrent-mark: 0.001/0.001 secs] [Times: user=0.00 sys=0.00, real=0.00 secs] 
2024-07-30T18:38:30.351+0800: 9.303: [CMS-concurrent-preclean-start]
2024-07-30T18:38:30.351+0800: 9.303: [CMS-concurrent-preclean: 0.000/0.000 secs] [Times: user=0.00 sys=0.00, real=0.00 secs] 
2024-07-30T18:38:30.351+0800: 9.303: [CMS-concurrent-abortable-preclean-start]
2024-07-30T18:38:30.907+0800: 9.858: [CMS-concurrent-abortable-preclean: 0.002/0.556 secs] [Times: user=0.03 sys=0.00, real=0.56 secs] 
2024-07-30T18:38:30.907+0800: 9.859: Application time: 0.5570771 seconds
2024-07-30T18:38:30.908+0800: 9.859: [GC (CMS Final Remark) [YG occupancy: 503216 K (707840 K)]2024-07-30T18:38:30.908+0800: 9.859: [Rescan (parallel) , 0.0008247 secs]2024-07-30T18:38:30.908+0800: 9.860: [weak refs processing, 0.0000140 secs]2024-07-30T18:38:30.908+0800: 9.860: [class unloading, 0.0002737 secs]2024-07-30T18:38:30.909+0800: 9.860: [scrub symbol table, 0.0003064 secs]2024-07-30T18:38:30.909+0800: 9.861: [scrub string table, 0.0000914 secs][1 CMS-remark: 22186K(23364K)] 525402K(731204K), 0.0016041 secs] [Times: user=0.00 sys=0.00, real=0.00 secs] 
2024-07-30T18:38:30.909+0800: 9.861: Total time for which application threads were stopped: 0.0017930 seconds, Stopping threads took: 0.0001410 seconds
2024-07-30T18:38:30.909+0800: 9.861: [CMS-concurrent-sweep-start]
2024-07-30T18:38:30.911+0800: 9.862: [CMS-concurrent-sweep: 0.001/0.001 secs] [Times: user=0.03 sys=0.00, real=0.00 secs] 
2024-07-30T18:38:30.911+0800: 9.862: [CMS-concurrent-reset-start]
2024-07-30T18:38:30.911+0800: 9.862: [CMS-concurrent-reset: 0.000/0.000 secs] [Times: user=0.00 sys=0.00, real=0.00 secs] 
2024-07-30T18:38:31.144+0800: 10.095: Application time: 0.2345440 seconds
2024-07-30T18:38:31.144+0800: 10.095: [GC (Allocation Failure) 2024-07-30T18:38:31.144+0800: 10.095: [ParNew: 706183K->77825K(707840K), 0.0239994 secs] 721201K->120492K(752404K), 0.0240627 secs] [Times: user=0.06 sys=0.00, real=0.02 secs] 
2024-07-30T18:38:31.168+0800: 10.119: Total time for which application threads were stopped: 0.0241952 seconds, Stopping threads took: 0.0000296 seconds
2024-07-30T18:38:31.168+0800: 10.120: Application time: 0.0001227 seconds
2024-07-30T18:38:31.168+0800: 10.120: [GC (CMS Initial Mark) [1 CMS-initial-mark: 42666K(44564K)] 134972K(752404K), 0.0000982 secs] [Times: user=0.00 sys=0.00, real=0.00 secs] 
2024-07-30T18:38:31.168+0800: 10.120: Total time for which application threads were stopped: 0.0002981 seconds, Stopping threads took: 0.0001018 seconds
2024-07-30T18:38:31.168+0800: 10.120: [CMS-concurrent-mark-start]
2024-07-30T18:38:31.169+0800: 10.121: [CMS-concurrent-mark: 0.001/0.001 secs] [Times: user=0.00 sys=0.00, real=0.00 secs] 
2024-07-30T18:38:31.169+0800: 10.121: [CMS-concurrent-preclean-start]
2024-07-30T18:38:31.169+0800: 10.121: [CMS-concurrent-preclean: 0.000/0.000 secs] [Times: user=0.00 sys=0.00, real=0.00 secs] 
2024-07-30T18:38:31.169+0800: 10.121: [CMS-concurrent-abortable-preclean-start]
2024-07-30T18:38:31.619+0800: 10.570: [CMS-concurrent-abortable-preclean: 0.002/0.448 secs] [Times: user=0.02 sys=0.00, real=0.45 secs] 
2024-07-30T18:38:31.619+0800: 10.570: Application time: 0.4502736 seconds
2024-07-30T18:38:31.619+0800: 10.570: [GC (CMS Final Remark) [YG occupancy: 495997 K (707840 K)]2024-07-30T18:38:31.619+0800: 10.570: [Rescan (parallel) , 0.0005359 secs]2024-07-30T18:38:31.619+0800: 10.571: [weak refs processing, 0.0000143 secs]2024-07-30T18:38:31.619+0800: 10.571: [class unloading, 0.0002594 secs]2024-07-30T18:38:31.619+0800: 10.571: [scrub symbol table, 0.0003634 secs]2024-07-30T18:38:31.620+0800: 10.572: [scrub string table, 0.0001043 secs][1 CMS-remark: 42666K(44564K)] 538664K(752404K), 0.0013878 secs] [Times: user=0.00 sys=0.00, real=0.00 secs] 
2024-07-30T18:38:31.620+0800: 10.572: Total time for which application threads were stopped: 0.0016025 seconds, Stopping threads took: 0.0001390 seconds
2024-07-30T18:38:31.620+0800: 10.572: [CMS-concurrent-sweep-start]
2024-07-30T18:38:31.621+0800: 10.573: [CMS-concurrent-sweep: 0.001/0.001 secs] [Times: user=0.00 sys=0.00, real=0.00 secs] 
2024-07-30T18:38:31.622+0800: 10.573: [CMS-concurrent-reset-start]
2024-07-30T18:38:31.622+0800: 10.574: [CMS-concurrent-reset: 0.000/0.000 secs] [Times: user=0.00 sys=0.00, real=0.00 secs] 
2024-07-30T18:38:31.841+0800: 10.793: Application time: 0.2210950 seconds
2024-07-30T18:38:31.841+0800: 10.793: [GC (Allocation Failure) 2024-07-30T18:38:31.841+0800: 10.793: [ParNew: 707073K->77825K(707840K), 0.0265347 secs] 735403K->141996K(774592K), 0.0265977 secs] [Times: user=0.05 sys=0.02, real=0.03 secs] 
2024-07-30T18:38:31.868+0800: 10.820: Total time for which application threads were stopped: 0.0267113 seconds, Stopping threads took: 0.0000190 seconds
2024-07-30T18:38:31.868+0800: 10.820: Application time: 0.0002414 seconds
2024-07-30T18:38:31.868+0800: 10.820: [GC (CMS Initial Mark) [1 CMS-initial-mark: 64171K(66752K)] 156530K(774592K), 0.0000968 secs] [Times: user=0.00 sys=0.00, real=0.00 secs] 
2024-07-30T18:38:31.868+0800: 10.820: Total time for which application threads were stopped: 0.0002616 seconds, Stopping threads took: 0.0001307 seconds
2024-07-30T18:38:31.868+0800: 10.820: [CMS-concurrent-mark-start]
2024-07-30T18:38:31.870+0800: 10.821: [CMS-concurrent-mark: 0.001/0.001 secs] [Times: user=0.00 sys=0.00, real=0.00 secs] 
2024-07-30T18:38:31.870+0800: 10.821: [CMS-concurrent-preclean-start]
2024-07-30T18:38:31.870+0800: 10.822: [CMS-concurrent-preclean: 0.000/0.000 secs] [Times: user=0.00 sys=0.00, real=0.00 secs] 
2024-07-30T18:38:31.870+0800: 10.822: [CMS-concurrent-abortable-preclean-start]
2024-07-30T18:38:32.423+0800: 11.374: [CMS-concurrent-abortable-preclean: 0.002/0.552 secs] [Times: user=0.05 sys=0.00, real=0.55 secs] 
2024-07-30T18:38:32.423+0800: 11.374: Application time: 0.5539486 seconds
2024-07-30T18:38:32.423+0800: 11.374: [GC (CMS Final Remark) [YG occupancy: 586293 K (707840 K)]2024-07-30T18:38:32.423+0800: 11.374: [Rescan (parallel) , 0.0007765 secs]2024-07-30T18:38:32.423+0800: 11.375: [weak refs processing, 0.0000143 secs]2024-07-30T18:38:32.423+0800: 11.375: [class unloading, 0.0002109 secs]2024-07-30T18:38:32.423+0800: 11.375: [scrub symbol table, 0.0003163 secs]2024-07-30T18:38:32.424+0800: 11.375: [scrub string table, 0.0000935 secs][1 CMS-remark: 64171K(66752K)] 650464K(774592K), 0.0015002 secs] [Times: user=0.00 sys=0.00, real=0.00 secs] 
2024-07-30T18:38:32.424+0800: 11.376: Total time for which application threads were stopped: 0.0015803 seconds, Stopping threads took: 0.0000237 seconds
2024-07-30T18:38:32.424+0800: 11.376: [CMS-concurrent-sweep-start]
2024-07-30T18:38:32.424+0800: 11.376: [CMS-concurrent-sweep: 0.000/0.000 secs] [Times: user=0.00 sys=0.00, real=0.00 secs] 
2024-07-30T18:38:32.424+0800: 11.376: [CMS-concurrent-reset-start]
2024-07-30T18:38:32.424+0800: 11.376: [CMS-concurrent-reset: 0.000/0.000 secs] [Times: user=0.00 sys=0.00, real=0.00 secs] 
2024-07-30T18:38:32.550+0800: 11.501: Application time: 0.1254704 seconds
2024-07-30T18:38:32.550+0800: 11.501: [GC (Allocation Failure) 2024-07-30T18:38:32.550+0800: 11.501: [ParNew: 707073K->77825K(707840K), 0.0267958 secs] 743595K->162476K(794124K), 0.0268590 secs] [Times: user=0.05 sys=0.01, real=0.03 secs] 
2024-07-30T18:38:32.577+0800: 11.528: Total time for which application threads were stopped: 0.0269703 seconds, Stopping threads took: 0.0000201 seconds
2024-07-30T18:38:32.577+0800: 11.528: Application time: 0.0002709 seconds
2024-07-30T18:38:32.577+0800: 11.528: [GC (CMS Initial Mark) [1 CMS-initial-mark: 84651K(86284K)] 176948K(794124K), 0.0000976 secs] [Times: user=0.00 sys=0.00, real=0.00 secs] 
2024-07-30T18:38:32.577+0800: 11.529: Total time for which application threads were stopped: 0.0002675 seconds, Stopping threads took: 0.0001356 seconds
2024-07-30T18:38:32.577+0800: 11.529: [CMS-concurrent-mark-start]
2024-07-30T18:38:32.579+0800: 11.530: [CMS-concurrent-mark: 0.002/0.002 secs] [Times: user=0.00 sys=0.00, real=0.00 secs] 
2024-07-30T18:38:32.579+0800: 11.531: [CMS-concurrent-preclean-start]
2024-07-30T18:38:32.579+0800: 11.531: [CMS-concurrent-preclean: 0.000/0.000 secs] [Times: user=0.00 sys=0.00, real=0.00 secs] 
2024-07-30T18:38:32.579+0800: 11.531: [CMS-concurrent-abortable-preclean-start]
2024-07-30T18:38:32.579+0800: 11.531: [CMS-concurrent-abortable-preclean: 0.000/0.000 secs] [Times: user=0.00 sys=0.00, real=0.00 secs] 
2024-07-30T18:38:32.580+0800: 11.531: Application time: 0.0025579 seconds
2024-07-30T18:38:32.580+0800: 11.531: [GC (CMS Final Remark) [YG occupancy: 119193 K (707840 K)]2024-07-30T18:38:32.580+0800: 11.531: [Rescan (parallel) , 0.0009781 secs]2024-07-30T18:38:32.581+0800: 11.532: [weak refs processing, 0.0000125 secs]2024-07-30T18:38:32.581+0800: 11.532: [class unloading, 0.0002187 secs]2024-07-30T18:38:32.581+0800: 11.533: [scrub symbol table, 0.0003436 secs]2024-07-30T18:38:32.581+0800: 11.533: [scrub string table, 0.0001123 secs][1 CMS-remark: 84651K(86284K)] 203844K(794124K), 0.0017265 secs] [Times: user=0.00 sys=0.00, real=0.00 secs] 
2024-07-30T18:38:32.582+0800: 11.533: Total time for which application threads were stopped: 0.0018507 seconds, Stopping threads took: 0.0000866 seconds
2024-07-30T18:38:32.582+0800: 11.533: [CMS-concurrent-sweep-start]
2024-07-30T18:38:32.583+0800: 11.534: [CMS-concurrent-sweep: 0.001/0.001 secs] [Times: user=0.03 sys=0.00, real=0.00 secs] 
2024-07-30T18:38:32.583+0800: 11.534: [CMS-concurrent-reset-start]
2024-07-30T18:38:32.583+0800: 11.534: [CMS-concurrent-reset: 0.000/0.000 secs] [Times: user=0.00 sys=0.00, real=0.00 secs] 
Heap
 par new generation   total 707840K, used 387289K [0x00000000c8000000, 0x00000000f8000000, 0x00000000f8000000)
  eden space 629248K,  49% used [0x00000000c8000000, 0x00000000dae36138, 0x00000000ee680000)
  from space 78592K,  99% used [0x00000000ee680000, 0x00000000f32804c0, 0x00000000f3340000)
  to   space 78592K,   0% used [0x00000000f3340000, 0x00000000f3340000, 0x00000000f8000000)
 concurrent mark-sweep generation total 86284K, used 48810K [0x00000000f8000000, 0x00000000fd443000, 0x0000000100000000)
 Metaspace       used 3005K, capacity 4486K, committed 4864K, reserved 1056768K
  class space    used 310K, capacity 386K, committed 512K, reserved 1048576K
2024-07-30T18:38:32.910+0800: 11.861: Application time: 0.3284630 seconds
