OpenJDK 64-Bit Server VM (25.412-b1) for windows-amd64 JRE (1.8.0_412-b1), built on Apr 23 2024 12:00:37 by "Administrator" with MS VC++ 10.0 (VS2010)
Memory: 4k page, physical 16672068k(5009616k free), swap 19811428k(4829796k free)
CommandLine flags: -XX:GCDrainStackTargetSize=64 -XX:InitialHeapSize=810758960 -XX:MaxHeapSize=939524096 -XX:MaxNewSize=805306368 -XX:MaxTenuringThreshold=6 -XX:NewSize=805306368 -XX:OldPLABSize=16 -XX:+PrintGC -XX:+PrintGCApplicationConcurrentTime -XX:+PrintGCApplicationStoppedTime -XX:+PrintGCDateStamps -XX:+PrintGCDetails -XX:+PrintGCTimeStamps -XX:+UseCompressedClassPointers -XX:+UseCompressedOops -XX:+UseConcMarkSweepGC -XX:-UseLargePagesIndividualAllocation -XX:+UseParNewGC 
2024-07-30T18:40:50.180+0800: 1.033: Application time: 0.9601783 seconds
2024-07-30T18:40:50.180+0800: 1.034: Total time for which application threads were stopped: 0.0006228 seconds, Stopping threads took: 0.0005832 seconds
2024-07-30T18:40:50.186+0800: 1.039: Application time: 0.0054255 seconds
2024-07-30T18:40:50.186+0800: 1.039: [GC (Allocation Failure) 2024-07-30T18:40:50.186+0800: 1.039: [ParNew: 629042K->13988K(707840K), 0.0082966 secs] 629042K->13988K(713984K), 0.0085019 secs] [Times: user=0.03 sys=0.00, real=0.01 secs] 
2024-07-30T18:40:50.194+0800: 1.048: Total time for which application threads were stopped: 0.0086335 seconds, Stopping threads took: 0.0000336 seconds
2024-07-30T18:40:50.875+0800: 1.729: Application time: 0.6815034 seconds
2024-07-30T18:40:50.875+0800: 1.729: [GC (Allocation Failure) 2024-07-30T18:40:50.875+0800: 1.729: [ParNew: 643236K->8091K(707840K), 0.0045568 secs] 643236K->8091K(713984K), 0.0046099 secs] [Times: user=0.02 sys=0.02, real=0.01 secs] 
2024-07-30T18:40:50.880+0800: 1.734: Total time for which application threads were stopped: 0.0047168 seconds, Stopping threads took: 0.0000191 seconds
2024-07-30T18:40:51.551+0800: 2.404: Application time: 0.6702460 seconds
2024-07-30T18:40:51.551+0800: 2.404: [GC (Allocation Failure) 2024-07-30T18:40:51.551+0800: 2.404: [ParNew: 637339K->12196K(707840K), 0.0027539 secs] 637339K->12196K(713984K), 0.0028204 secs] [Times: user=0.13 sys=0.00, real=0.00 secs] 
2024-07-30T18:40:51.554+0800: 2.407: Total time for which application threads were stopped: 0.0029574 seconds, Stopping threads took: 0.0000195 seconds
2024-07-30T18:40:52.226+0800: 3.080: Application time: 0.6730158 seconds
2024-07-30T18:40:52.227+0800: 3.080: [GC (Allocation Failure) 2024-07-30T18:40:52.227+0800: 3.080: [ParNew: 641444K->15236K(707840K), 0.0057230 secs] 641444K->15236K(713984K), 0.0057832 secs] [Times: user=0.00 sys=0.00, real=0.01 secs] 
2024-07-30T18:40:52.232+0800: 3.086: Total time for which application threads were stopped: 0.0059201 seconds, Stopping threads took: 0.0000417 seconds
2024-07-30T18:40:52.919+0800: 3.772: Application time: 0.6863762 seconds
2024-07-30T18:40:52.919+0800: 3.772: [GC (Allocation Failure) 2024-07-30T18:40:52.919+0800: 3.772: [ParNew: 644484K->25568K(707840K), 0.0085786 secs] 644484K->25568K(713984K), 0.0086393 secs] [Times: user=0.03 sys=0.00, real=0.01 secs] 
2024-07-30T18:40:52.927+0800: 3.781: Total time for which application threads were stopped: 0.0087595 seconds, Stopping threads took: 0.0000266 seconds
2024-07-30T18:40:53.268+0800: 4.121: Application time: 0.3396825 seconds
2024-07-30T18:40:53.268+0800: 4.121: Total time for which application threads were stopped: 0.0001614 seconds, Stopping threads took: 0.0001142 seconds
2024-07-30T18:40:53.618+0800: 4.471: Application time: 0.3504677 seconds
2024-07-30T18:40:53.618+0800: 4.472: [GC (Allocation Failure) 2024-07-30T18:40:53.618+0800: 4.472: [ParNew: 654816K->35776K(707840K), 0.0132764 secs] 654816K->35776K(713984K), 0.0133444 secs] [Times: user=0.03 sys=0.00, real=0.01 secs] 
2024-07-30T18:40:53.632+0800: 4.485: Total time for which application threads were stopped: 0.0134628 seconds, Stopping threads took: 0.0000172 seconds
2024-07-30T18:40:54.293+0800: 5.146: Application time: 0.6615590 seconds
2024-07-30T18:40:54.293+0800: 5.147: [GC (Allocation Failure) 2024-07-30T18:40:54.293+0800: 5.147: [ParNew: 665024K->41484K(707840K), 0.0143654 secs] 665024K->42168K(713984K), 0.0144678 secs] [Times: user=0.01 sys=0.02, real=0.01 secs] 
2024-07-30T18:40:54.307+0800: 5.161: Total time for which application threads were stopped: 0.0145829 seconds, Stopping threads took: 0.0000199 seconds
2024-07-30T18:40:54.996+0800: 5.850: Application time: 0.6890213 seconds
2024-07-30T18:40:54.996+0800: 5.850: [GC (Allocation Failure) 2024-07-30T18:40:54.996+0800: 5.850: [ParNew: 670732K->48128K(707840K), 0.0134591 secs] 671416K->48813K(713984K), 0.0135187 secs] [Times: user=0.01 sys=0.02, real=0.01 secs] 
2024-07-30T18:40:55.010+0800: 5.864: Total time for which application threads were stopped: 0.0136440 seconds, Stopping threads took: 0.0000186 seconds
2024-07-30T18:40:55.686+0800: 6.540: Application time: 0.6758316 seconds
2024-07-30T18:40:55.686+0800: 6.540: [GC (Allocation Failure) 2024-07-30T18:40:55.686+0800: 6.540: [ParNew: 677376K->56345K(707840K), 0.0145765 secs] 678061K->57030K(713984K), 0.0146323 secs] [Times: user=0.03 sys=0.00, real=0.01 secs] 
2024-07-30T18:40:55.701+0800: 6.554: Total time for which application threads were stopped: 0.0147586 seconds, Stopping threads took: 0.0000197 seconds
2024-07-30T18:40:56.363+0800: 7.217: Application time: 0.6629088 seconds
2024-07-30T18:40:56.363+0800: 7.217: [GC (Allocation Failure) 2024-07-30T18:40:56.363+0800: 7.217: [ParNew: 684570K->67585K(707840K), 0.0178515 secs] 685255K->68270K(713984K), 0.0179122 secs] [Times: user=0.02 sys=0.02, real=0.02 secs] 
2024-07-30T18:40:56.381+0800: 7.235: Total time for which application threads were stopped: 0.0180309 seconds, Stopping threads took: 0.0000182 seconds
2024-07-30T18:40:57.053+0800: 7.907: Application time: 0.6712615 seconds
2024-07-30T18:40:57.053+0800: 7.907: [GC (Allocation Failure) 2024-07-30T18:40:57.053+0800: 7.907: [ParNew: 696833K->76801K(707840K), 0.0192382 secs] 697518K->77486K(713984K), 0.0192992 secs] [Times: user=0.01 sys=0.02, real=0.02 secs] 
2024-07-30T18:40:57.072+0800: 7.926: Total time for which application threads were stopped: 0.0194144 seconds, Stopping threads took: 0.0000213 seconds
2024-07-30T18:40:57.744+0800: 8.598: Application time: 0.6717988 seconds
2024-07-30T18:40:57.744+0800: 8.598: [GC (Allocation Failure) 2024-07-30T18:40:57.744+0800: 8.598: [ParNew: 706049K->77825K(707840K), 0.0186583 secs] 706734K->83630K(715012K), 0.0187176 secs] [Times: user=0.03 sys=0.00, real=0.02 secs] 
2024-07-30T18:40:57.763+0800: 8.617: Total time for which application threads were stopped: 0.0188282 seconds, Stopping threads took: 0.0000187 seconds
2024-07-30T18:40:57.763+0800: 8.617: Application time: 0.0001520 seconds
2024-07-30T18:40:57.763+0800: 8.617: [GC (CMS Initial Mark) [1 CMS-initial-mark: 5805K(7172K)] 98078K(715012K), 0.0007709 secs] [Times: user=0.00 sys=0.00, real=0.00 secs] 
2024-07-30T18:40:57.764+0800: 8.618: Total time for which application threads were stopped: 0.0008920 seconds, Stopping threads took: 0.0000796 seconds
2024-07-30T18:40:57.764+0800: 8.618: [CMS-concurrent-mark-start]
2024-07-30T18:40:57.766+0800: 8.619: [CMS-concurrent-mark: 0.001/0.001 secs] [Times: user=0.00 sys=0.00, real=0.00 secs] 
2024-07-30T18:40:57.766+0800: 8.619: [CMS-concurrent-preclean-start]
2024-07-30T18:40:57.766+0800: 8.619: [CMS-concurrent-preclean: 0.000/0.000 secs] [Times: user=0.00 sys=0.00, real=0.00 secs] 
2024-07-30T18:40:57.766+0800: 8.619: [CMS-concurrent-abortable-preclean-start]
2024-07-30T18:40:58.318+0800: 9.171: [CMS-concurrent-abortable-preclean: 0.001/0.552 secs] [Times: user=0.00 sys=0.00, real=0.55 secs] 
2024-07-30T18:40:58.318+0800: 9.171: Application time: 0.5537912 seconds
2024-07-30T18:40:58.318+0800: 9.172: [GC (CMS Final Remark) [YG occupancy: 521826 K (707840 K)]2024-07-30T18:40:58.318+0800: 9.172: [Rescan (parallel) , 0.0011942 secs]2024-07-30T18:40:58.319+0800: 9.173: [weak refs processing, 0.0000145 secs]2024-07-30T18:40:58.319+0800: 9.173: [class unloading, 0.0003871 secs]2024-07-30T18:40:58.320+0800: 9.173: [scrub symbol table, 0.0004032 secs]2024-07-30T18:40:58.320+0800: 9.174: [scrub string table, 0.0001127 secs][1 CMS-remark: 5805K(7172K)] 527631K(715012K), 0.0022037 secs] [Times: user=0.00 sys=0.00, real=0.00 secs] 
2024-07-30T18:40:58.320+0800: 9.174: Total time for which application threads were stopped: 0.0022838 seconds, Stopping threads took: 0.0000370 seconds
2024-07-30T18:40:58.321+0800: 9.174: [CMS-concurrent-sweep-start]
2024-07-30T18:40:58.321+0800: 9.174: [CMS-concurrent-sweep: 0.000/0.000 secs] [Times: user=0.00 sys=0.00, real=0.00 secs] 
2024-07-30T18:40:58.321+0800: 9.174: [CMS-concurrent-reset-start]
2024-07-30T18:40:58.322+0800: 9.175: [CMS-concurrent-reset: 0.001/0.001 secs] [Times: user=0.00 sys=0.00, real=0.00 secs] 
2024-07-30T18:40:58.450+0800: 9.304: Application time: 0.1299046 seconds
2024-07-30T18:40:58.450+0800: 9.304: [GC (Allocation Failure) 2024-07-30T18:40:58.450+0800: 9.304: [ParNew: 707073K->77825K(707840K), 0.0194190 secs] 712877K->97965K(728824K), 0.0194895 secs] [Times: user=0.03 sys=0.00, real=0.02 secs] 
2024-07-30T18:40:58.470+0800: 9.323: Total time for which application threads were stopped: 0.0196109 seconds, Stopping threads took: 0.0000200 seconds
2024-07-30T18:40:58.470+0800: 9.323: Application time: 0.0001191 seconds
2024-07-30T18:40:58.470+0800: 9.324: [GC (CMS Initial Mark) [1 CMS-initial-mark: 20140K(20984K)] 112417K(728824K), 0.0008305 secs] [Times: user=0.00 sys=0.00, real=0.00 secs] 
2024-07-30T18:40:58.471+0800: 9.324: Total time for which application threads were stopped: 0.0010238 seconds, Stopping threads took: 0.0001513 seconds
2024-07-30T18:40:58.471+0800: 9.324: [CMS-concurrent-mark-start]
2024-07-30T18:40:58.472+0800: 9.325: [CMS-concurrent-mark: 0.001/0.001 secs] [Times: user=0.00 sys=0.00, real=0.00 secs] 
2024-07-30T18:40:58.472+0800: 9.325: [CMS-concurrent-preclean-start]
2024-07-30T18:40:58.472+0800: 9.325: [CMS-concurrent-preclean: 0.000/0.000 secs] [Times: user=0.00 sys=0.00, real=0.00 secs] 
2024-07-30T18:40:58.472+0800: 9.325: [CMS-concurrent-abortable-preclean-start]
2024-07-30T18:40:59.026+0800: 9.879: [CMS-concurrent-abortable-preclean: 0.001/0.553 secs] [Times: user=0.00 sys=0.00, real=0.55 secs] 
2024-07-30T18:40:59.026+0800: 9.879: Application time: 0.5546178 seconds
2024-07-30T18:40:59.026+0800: 9.879: [GC (CMS Final Remark) [YG occupancy: 508536 K (707840 K)]2024-07-30T18:40:59.026+0800: 9.879: [Rescan (parallel) , 0.0009297 secs]2024-07-30T18:40:59.026+0800: 9.880: [weak refs processing, 0.0000150 secs]2024-07-30T18:40:59.026+0800: 9.880: [class unloading, 0.0002298 secs]2024-07-30T18:40:59.027+0800: 9.880: [scrub symbol table, 0.0003503 secs]2024-07-30T18:40:59.027+0800: 9.881: [scrub string table, 0.0001136 secs][1 CMS-remark: 20140K(20984K)] 528677K(728824K), 0.0017350 secs] [Times: user=0.00 sys=0.00, real=0.00 secs] 
2024-07-30T18:40:59.027+0800: 9.881: Total time for which application threads were stopped: 0.0018856 seconds, Stopping threads took: 0.0001064 seconds
2024-07-30T18:40:59.027+0800: 9.881: [CMS-concurrent-sweep-start]
2024-07-30T18:40:59.029+0800: 9.882: [CMS-concurrent-sweep: 0.001/0.001 secs] [Times: user=0.00 sys=0.00, real=0.00 secs] 
2024-07-30T18:40:59.029+0800: 9.883: [CMS-concurrent-reset-start]
2024-07-30T18:40:59.029+0800: 9.883: [CMS-concurrent-reset: 0.000/0.000 secs] [Times: user=0.00 sys=0.00, real=0.00 secs] 
2024-07-30T18:40:59.143+0800: 9.996: Application time: 0.1150713 seconds
2024-07-30T18:40:59.143+0800: 9.996: [GC (Allocation Failure) 2024-07-30T18:40:59.143+0800: 9.996: [ParNew: 707073K->77825K(707840K), 0.0228368 secs] 722093K->116397K(747268K), 0.0229128 secs] [Times: user=0.05 sys=0.01, real=0.02 secs] 
2024-07-30T18:40:59.166+0800: 10.019: Total time for which application threads were stopped: 0.0230225 seconds, Stopping threads took: 0.0000205 seconds
2024-07-30T18:40:59.166+0800: 10.019: Application time: 0.0002324 seconds
2024-07-30T18:40:59.166+0800: 10.019: [GC (CMS Initial Mark) [1 CMS-initial-mark: 38572K(39428K)] 129849K(747268K), 0.0007530 secs] [Times: user=0.00 sys=0.00, real=0.00 secs] 
2024-07-30T18:40:59.167+0800: 10.020: Total time for which application threads were stopped: 0.0008296 seconds, Stopping threads took: 0.0000159 seconds
2024-07-30T18:40:59.167+0800: 10.020: [CMS-concurrent-mark-start]
2024-07-30T18:40:59.167+0800: 10.021: [CMS-concurrent-mark: 0.000/0.000 secs] [Times: user=0.00 sys=0.00, real=0.00 secs] 
2024-07-30T18:40:59.167+0800: 10.021: [CMS-concurrent-preclean-start]
2024-07-30T18:40:59.167+0800: 10.021: [CMS-concurrent-preclean: 0.000/0.000 secs] [Times: user=0.00 sys=0.00, real=0.00 secs] 
2024-07-30T18:40:59.167+0800: 10.021: [CMS-concurrent-abortable-preclean-start]
2024-07-30T18:40:59.720+0800: 10.573: [CMS-concurrent-abortable-preclean: 0.002/0.552 secs] [Times: user=0.03 sys=0.00, real=0.55 secs] 
2024-07-30T18:40:59.720+0800: 10.573: Application time: 0.5530852 seconds
2024-07-30T18:40:59.720+0800: 10.573: [GC (CMS Final Remark) [YG occupancy: 508287 K (707840 K)]2024-07-30T18:40:59.720+0800: 10.573: [Rescan (parallel) , 0.0005786 secs]2024-07-30T18:40:59.721+0800: 10.574: [weak refs processing, 0.0000147 secs]2024-07-30T18:40:59.721+0800: 10.574: [class unloading, 0.0002273 secs]2024-07-30T18:40:59.721+0800: 10.574: [scrub symbol table, 0.0003081 secs]2024-07-30T18:40:59.721+0800: 10.574: [scrub string table, 0.0001024 secs][1 CMS-remark: 38572K(39428K)] 546860K(747268K), 0.0013179 secs] [Times: user=0.00 sys=0.00, real=0.00 secs] 
2024-07-30T18:40:59.722+0800: 10.575: Total time for which application threads were stopped: 0.0014729 seconds, Stopping threads took: 0.0001107 seconds
2024-07-30T18:40:59.722+0800: 10.575: [CMS-concurrent-sweep-start]
2024-07-30T18:40:59.723+0800: 10.576: [CMS-concurrent-sweep: 0.001/0.001 secs] [Times: user=0.00 sys=0.00, real=0.00 secs] 
2024-07-30T18:40:59.723+0800: 10.576: [CMS-concurrent-reset-start]
2024-07-30T18:40:59.723+0800: 10.576: [CMS-concurrent-reset: 0.000/0.000 secs] [Times: user=0.00 sys=0.00, real=0.00 secs] 
2024-07-30T18:40:59.942+0800: 10.795: Application time: 0.2207941 seconds
2024-07-30T18:40:59.942+0800: 10.796: [GC (Allocation Failure) 2024-07-30T18:40:59.942+0800: 10.796: [ParNew: 707073K->77825K(707840K), 0.0236616 secs] 731309K->133806K(764684K), 0.0237239 secs] [Times: user=0.03 sys=0.00, real=0.02 secs] 
2024-07-30T18:40:59.965+0800: 10.819: Total time for which application threads were stopped: 0.0238363 seconds, Stopping threads took: 0.0000216 seconds
2024-07-30T18:40:59.966+0800: 10.820: Application time: 0.0002516 seconds
2024-07-30T18:40:59.966+0800: 10.820: [GC (CMS Initial Mark) [1 CMS-initial-mark: 55981K(56844K)] 148290K(764684K), 0.0007910 secs] [Times: user=0.00 sys=0.00, real=0.00 secs] 
2024-07-30T18:40:59.967+0800: 10.820: Total time for which application threads were stopped: 0.0009521 seconds, Stopping threads took: 0.0001193 seconds
2024-07-30T18:40:59.967+0800: 10.821: [CMS-concurrent-mark-start]
2024-07-30T18:40:59.968+0800: 10.822: [CMS-concurrent-mark: 0.001/0.001 secs] [Times: user=0.00 sys=0.00, real=0.00 secs] 
2024-07-30T18:40:59.968+0800: 10.822: [CMS-concurrent-preclean-start]
2024-07-30T18:40:59.969+0800: 10.822: [CMS-concurrent-preclean: 0.000/0.000 secs] [Times: user=0.00 sys=0.00, real=0.00 secs] 
2024-07-30T18:40:59.969+0800: 10.823: [CMS-concurrent-abortable-preclean-start]
2024-07-30T18:41:00.530+0800: 11.383: [CMS-concurrent-abortable-preclean: 0.002/0.561 secs] [Times: user=0.00 sys=0.02, real=0.56 secs] 
2024-07-30T18:41:00.530+0800: 11.384: Application time: 0.5631761 seconds
2024-07-30T18:41:00.531+0800: 11.384: [GC (CMS Final Remark) [YG occupancy: 603809 K (707840 K)]2024-07-30T18:41:00.531+0800: 11.384: [Rescan (parallel) , 0.0010231 secs]2024-07-30T18:41:00.532+0800: 11.385: [weak refs processing, 0.0000138 secs]2024-07-30T18:41:00.532+0800: 11.385: [class unloading, 0.0002261 secs]2024-07-30T18:41:00.532+0800: 11.385: [scrub symbol table, 0.0003422 secs]2024-07-30T18:41:00.532+0800: 11.385: [scrub string table, 0.0001149 secs][1 CMS-remark: 55981K(56844K)] 659790K(764684K), 0.0017995 secs] [Times: user=0.00 sys=0.00, real=0.00 secs] 
2024-07-30T18:41:00.532+0800: 11.386: Total time for which application threads were stopped: 0.0019891 seconds, Stopping threads took: 0.0001023 seconds
2024-07-30T18:41:00.533+0800: 11.386: [CMS-concurrent-sweep-start]
2024-07-30T18:41:00.533+0800: 11.387: [CMS-concurrent-sweep: 0.001/0.001 secs] [Times: user=0.00 sys=0.00, real=0.00 secs] 
2024-07-30T18:41:00.534+0800: 11.387: [CMS-concurrent-reset-start]
2024-07-30T18:41:00.534+0800: 11.387: [CMS-concurrent-reset: 0.000/0.000 secs] [Times: user=0.00 sys=0.00, real=0.00 secs] 
2024-07-30T18:41:00.656+0800: 11.509: Application time: 0.1232760 seconds
2024-07-30T18:41:00.656+0800: 11.509: [GC (Allocation Failure) 2024-07-30T18:41:00.656+0800: 11.509: [ParNew: 707073K->77825K(707840K), 0.0242316 secs] 739501K->149166K(780104K), 0.0242899 secs] [Times: user=0.06 sys=0.00, real=0.02 secs] 
2024-07-30T18:41:00.679+0800: 11.533: Total time for which application threads were stopped: 0.0244000 seconds, Stopping threads took: 0.0000198 seconds
2024-07-30T18:41:00.680+0800: 11.533: Application time: 0.0001539 seconds
2024-07-30T18:41:00.680+0800: 11.534: [GC (CMS Initial Mark) [1 CMS-initial-mark: 71341K(72264K)] 163663K(780104K), 0.0008269 secs] [Times: user=0.00 sys=0.00, real=0.00 secs] 
2024-07-30T18:41:00.680+0800: 11.534: Total time for which application threads were stopped: 0.0009628 seconds, Stopping threads took: 0.0000907 seconds
2024-07-30T18:41:00.681+0800: 11.535: [CMS-concurrent-mark-start]
2024-07-30T18:41:00.682+0800: 11.536: [CMS-concurrent-mark: 0.001/0.001 secs] [Times: user=0.00 sys=0.00, real=0.00 secs] 
2024-07-30T18:41:00.682+0800: 11.536: [CMS-concurrent-preclean-start]
2024-07-30T18:41:00.682+0800: 11.536: [CMS-concurrent-preclean: 0.000/0.000 secs] [Times: user=0.00 sys=0.00, real=0.00 secs] 
2024-07-30T18:41:00.682+0800: 11.536: [CMS-concurrent-abortable-preclean-start]
Heap
 par new generation   total 707840K, used 387847K [0x00000000c8000000, 0x00000000f8000000, 0x00000000f8000000)
  eden space 629248K,  49% used [0x00000000c8000000, 0x00000000daec1828, 0x00000000ee680000)
  from space 78592K,  99% used [0x00000000ee680000, 0x00000000f32804c0, 0x00000000f3340000)
  to   space 78592K,   0% used [0x00000000f3340000, 0x00000000f3340000, 0x00000000f8000000)
 concurrent mark-sweep generation total 72264K, used 71341K [0x00000000f8000000, 0x00000000fc692000, 0x0000000100000000)
 Metaspace       used 3005K, capacity 4486K, committed 4864K, reserved 1056768K
  class space    used 310K, capacity 386K, committed 512K, reserved 1048576K
2024-07-30T18:41:01.018+0800: 11.872: Application time: 0.3374142 seconds
