OpenJDK 64-Bit Server VM (25.412-b1) for windows-amd64 JRE (1.8.0_412-b1), built on Apr 23 2024 12:00:37 by "Administrator" with MS VC++ 10.0 (VS2010)
Memory: 4k page, physical 16672068k(4935436k free), swap 19811428k(4793232k free)
CommandLine flags: -XX:-CMSParallelInitialMarkEnabled -XX:GCDrainStackTargetSize=64 -XX:InitialHeapSize=810758960 -XX:MaxHeapSize=939524096 -XX:MaxNewSize=805306368 -XX:MaxTenuringThreshold=6 -XX:NewSize=805306368 -XX:OldPLABSize=16 -XX:+PrintGC -XX:+PrintGCApplicationConcurrentTime -XX:+PrintGCApplicationStoppedTime -XX:+PrintGCDateStamps -XX:+PrintGCDetails -XX:+PrintGCTimeStamps -XX:+UseCompressedClassPointers -XX:+UseCompressedOops -XX:+UseConcMarkSweepGC -XX:-UseLargePagesIndividualAllocation -XX:+UseParNewGC 
2024-07-30T18:38:34.032+0800: 1.032: Application time: 0.9585191 seconds
2024-07-30T18:38:34.032+0800: 1.033: Total time for which application threads were stopped: 0.0013276 seconds, Stopping threads took: 0.0012855 seconds
2024-07-30T18:38:34.037+0800: 1.038: Application time: 0.0049714 seconds
2024-07-30T18:38:34.037+0800: 1.038: [GC (Allocation Failure) 2024-07-30T18:38:34.038+0800: 1.039: [ParNew: 629042K->14047K(707840K), 0.0078523 secs] 629042K->14047K(713984K), 0.0080536 secs] [Times: user=0.00 sys=0.00, real=0.01 secs] 
2024-07-30T18:38:34.045+0800: 1.047: Total time for which application threads were stopped: 0.0081576 seconds, Stopping threads took: 0.0000143 seconds
2024-07-30T18:38:34.712+0800: 1.712: Application time: 0.6654470 seconds
2024-07-30T18:38:34.712+0800: 1.712: [GC (Allocation Failure) 2024-07-30T18:38:34.712+0800: 1.712: [ParNew: 643295K->8158K(707840K), 0.0044187 secs] 643295K->8158K(713984K), 0.0044849 secs] [Times: user=0.00 sys=0.00, real=0.00 secs] 
2024-07-30T18:38:34.716+0800: 1.717: Total time for which application threads were stopped: 0.0045912 seconds, Stopping threads took: 0.0000207 seconds
2024-07-30T18:38:35.402+0800: 2.403: Application time: 0.6860557 seconds
2024-07-30T18:38:35.402+0800: 2.403: [GC (Allocation Failure) 2024-07-30T18:38:35.402+0800: 2.403: [ParNew: 637406K->12249K(707840K), 0.0026569 secs] 637406K->12249K(713984K), 0.0027260 secs] [Times: user=0.00 sys=0.00, real=0.00 secs] 
2024-07-30T18:38:35.405+0800: 2.406: Total time for which application threads were stopped: 0.0028545 seconds, Stopping threads took: 0.0000195 seconds
2024-07-30T18:38:36.080+0800: 3.081: Application time: 0.6759314 seconds
2024-07-30T18:38:36.080+0800: 3.082: [GC (Allocation Failure) 2024-07-30T18:38:36.080+0800: 3.082: [ParNew: 641497K->19431K(707840K), 0.0075923 secs] 641497K->19431K(713984K), 0.0076513 secs] [Times: user=0.03 sys=0.00, real=0.01 secs] 
2024-07-30T18:38:36.088+0800: 3.089: Total time for which application threads were stopped: 0.0077883 seconds, Stopping threads took: 0.0000284 seconds
2024-07-30T18:38:36.758+0800: 3.760: Application time: 0.6702491 seconds
2024-07-30T18:38:36.758+0800: 3.760: [GC (Allocation Failure) 2024-07-30T18:38:36.759+0800: 3.760: [ParNew: 648679K->25499K(707840K), 0.0086561 secs] 648679K->25499K(713984K), 0.0087324 secs] [Times: user=0.00 sys=0.00, real=0.01 secs] 
2024-07-30T18:38:36.767+0800: 3.768: Total time for which application threads were stopped: 0.0088417 seconds, Stopping threads took: 0.0000201 seconds
2024-07-30T18:38:37.103+0800: 4.103: Application time: 0.3345691 seconds
2024-07-30T18:38:37.103+0800: 4.103: Total time for which application threads were stopped: 0.0001012 seconds, Stopping threads took: 0.0000387 seconds
2024-07-30T18:38:37.452+0800: 4.453: Application time: 0.3498958 seconds
2024-07-30T18:38:37.452+0800: 4.453: [GC (Allocation Failure) 2024-07-30T18:38:37.452+0800: 4.453: [ParNew: 654747K->34748K(707840K), 0.0117872 secs] 654747K->34748K(713984K), 0.0118466 secs] [Times: user=0.03 sys=0.00, real=0.01 secs] 
2024-07-30T18:38:37.464+0800: 4.465: Total time for which application threads were stopped: 0.0119665 seconds, Stopping threads took: 0.0000195 seconds
2024-07-30T18:38:38.132+0800: 5.133: Application time: 0.6678290 seconds
2024-07-30T18:38:38.132+0800: 5.133: [GC (Allocation Failure) 2024-07-30T18:38:38.132+0800: 5.133: [ParNew: 663996K->40320K(707840K), 0.0137007 secs] 663996K->41004K(713984K), 0.0138146 secs] [Times: user=0.02 sys=0.02, real=0.01 secs] 
2024-07-30T18:38:38.146+0800: 5.147: Total time for which application threads were stopped: 0.0139338 seconds, Stopping threads took: 0.0000201 seconds
2024-07-30T18:38:38.808+0800: 5.809: Application time: 0.6622555 seconds
2024-07-30T18:38:38.808+0800: 5.809: [GC (Allocation Failure) 2024-07-30T18:38:38.808+0800: 5.809: [ParNew: 669568K->48128K(707840K), 0.0122502 secs] 670252K->48813K(713984K), 0.0123331 secs] [Times: user=0.03 sys=0.00, real=0.01 secs] 
2024-07-30T18:38:38.821+0800: 5.821: Total time for which application threads were stopped: 0.0124952 seconds, Stopping threads took: 0.0000207 seconds
2024-07-30T18:38:39.500+0800: 6.500: Application time: 0.6786917 seconds
2024-07-30T18:38:39.500+0800: 6.500: [GC (Allocation Failure) 2024-07-30T18:38:39.500+0800: 6.500: [ParNew: 677376K->56344K(707840K), 0.0160225 secs] 678061K->57029K(713984K), 0.0160885 secs] [Times: user=0.03 sys=0.00, real=0.02 secs] 
2024-07-30T18:38:39.516+0800: 6.516: Total time for which application threads were stopped: 0.0161993 seconds, Stopping threads took: 0.0000194 seconds
2024-07-30T18:38:40.178+0800: 7.179: Application time: 0.6622592 seconds
2024-07-30T18:38:40.178+0800: 7.179: [GC (Allocation Failure) 2024-07-30T18:38:40.178+0800: 7.179: [ParNew: 685592K->64512K(707840K), 0.0166711 secs] 686277K->65198K(713984K), 0.0167481 secs] [Times: user=0.03 sys=0.00, real=0.02 secs] 
2024-07-30T18:38:40.195+0800: 7.195: Total time for which application threads were stopped: 0.0168591 seconds, Stopping threads took: 0.0000192 seconds
2024-07-30T18:38:40.874+0800: 7.875: Application time: 0.6791930 seconds
2024-07-30T18:38:40.874+0800: 7.875: [GC (Allocation Failure) 2024-07-30T18:38:40.874+0800: 7.875: [ParNew: 693383K->76801K(707840K), 0.0191569 secs] 694068K->77486K(713984K), 0.0192315 secs] [Times: user=0.03 sys=0.00, real=0.02 secs] 
2024-07-30T18:38:40.893+0800: 7.894: Total time for which application threads were stopped: 0.0193425 seconds, Stopping threads took: 0.0000206 seconds
2024-07-30T18:38:41.565+0800: 8.566: Application time: 0.6720972 seconds
2024-07-30T18:38:41.566+0800: 8.566: [GC (Allocation Failure) 2024-07-30T18:38:41.566+0800: 8.566: [ParNew: 706049K->77825K(707840K), 0.0203422 secs] 706734K->85678K(717068K), 0.0204198 secs] [Times: user=0.05 sys=0.02, real=0.02 secs] 
2024-07-30T18:38:41.586+0800: 8.587: Total time for which application threads were stopped: 0.0205365 seconds, Stopping threads took: 0.0000191 seconds
2024-07-30T18:38:41.586+0800: 8.587: Application time: 0.0002977 seconds
2024-07-30T18:38:41.586+0800: 8.587: [GC (CMS Initial Mark) [1 CMS-initial-mark: 7853K(9228K)] 100181K(717068K), 0.0001212 secs] [Times: user=0.00 sys=0.00, real=0.00 secs] 
2024-07-30T18:38:41.586+0800: 8.587: Total time for which application threads were stopped: 0.0002473 seconds, Stopping threads took: 0.0000920 seconds
2024-07-30T18:38:41.587+0800: 8.587: [CMS-concurrent-mark-start]
2024-07-30T18:38:41.588+0800: 8.589: [CMS-concurrent-mark: 0.001/0.001 secs] [Times: user=0.00 sys=0.00, real=0.00 secs] 
2024-07-30T18:38:41.588+0800: 8.589: [CMS-concurrent-preclean-start]
2024-07-30T18:38:41.588+0800: 8.589: [CMS-concurrent-preclean: 0.000/0.000 secs] [Times: user=0.00 sys=0.00, real=0.00 secs] 
2024-07-30T18:38:41.588+0800: 8.589: [CMS-concurrent-abortable-preclean-start]
2024-07-30T18:38:42.142+0800: 9.143: [CMS-concurrent-abortable-preclean: 0.001/0.554 secs] [Times: user=0.05 sys=0.00, real=0.55 secs] 
2024-07-30T18:38:42.142+0800: 9.143: Application time: 0.5559544 seconds
2024-07-30T18:38:42.143+0800: 9.143: [GC (CMS Final Remark) [YG occupancy: 523654 K (707840 K)]2024-07-30T18:38:42.143+0800: 9.143: [Rescan (parallel) , 0.0010875 secs]2024-07-30T18:38:42.144+0800: 9.145: [weak refs processing, 0.0000350 secs]2024-07-30T18:38:42.144+0800: 9.145: [class unloading, 0.0003538 secs]2024-07-30T18:38:42.144+0800: 9.145: [scrub symbol table, 0.0004363 secs]2024-07-30T18:38:42.145+0800: 9.145: [scrub string table, 0.0001027 secs][1 CMS-remark: 7853K(9228K)] 531507K(717068K), 0.0021000 secs] [Times: user=0.02 sys=0.00, real=0.00 secs] 
2024-07-30T18:38:42.145+0800: 9.145: Total time for which application threads were stopped: 0.0023580 seconds, Stopping threads took: 0.0002154 seconds
2024-07-30T18:38:42.145+0800: 9.146: [CMS-concurrent-sweep-start]
2024-07-30T18:38:42.146+0800: 9.147: [CMS-concurrent-sweep: 0.001/0.001 secs] [Times: user=0.00 sys=0.00, real=0.00 secs] 
2024-07-30T18:38:42.147+0800: 9.148: [CMS-concurrent-reset-start]
2024-07-30T18:38:42.149+0800: 9.150: [CMS-concurrent-reset: 0.002/0.002 secs] [Times: user=0.00 sys=0.00, real=0.00 secs] 
2024-07-30T18:38:42.274+0800: 9.275: Application time: 0.1294217 seconds
2024-07-30T18:38:42.274+0800: 9.275: [GC (Allocation Failure) 2024-07-30T18:38:42.274+0800: 9.275: [ParNew: 707073K->77825K(707840K), 0.0194507 secs] 714925K->100013K(731208K), 0.0195080 secs] [Times: user=0.03 sys=0.00, real=0.02 secs] 
2024-07-30T18:38:42.294+0800: 9.295: Total time for which application threads were stopped: 0.0196173 seconds, Stopping threads took: 0.0000191 seconds
2024-07-30T18:38:42.294+0800: 9.295: Application time: 0.0002243 seconds
2024-07-30T18:38:42.294+0800: 9.295: [GC (CMS Initial Mark) [1 CMS-initial-mark: 22188K(23368K)] 114562K(731208K), 0.0000921 secs] [Times: user=0.00 sys=0.00, real=0.00 secs] 
2024-07-30T18:38:42.294+0800: 9.295: Total time for which application threads were stopped: 0.0001732 seconds, Stopping threads took: 0.0000473 seconds
2024-07-30T18:38:42.294+0800: 9.295: [CMS-concurrent-mark-start]
2024-07-30T18:38:42.295+0800: 9.296: [CMS-concurrent-mark: 0.001/0.001 secs] [Times: user=0.00 sys=0.00, real=0.00 secs] 
2024-07-30T18:38:42.295+0800: 9.296: [CMS-concurrent-preclean-start]
2024-07-30T18:38:42.295+0800: 9.296: [CMS-concurrent-preclean: 0.000/0.000 secs] [Times: user=0.00 sys=0.00, real=0.00 secs] 
2024-07-30T18:38:42.295+0800: 9.296: [CMS-concurrent-abortable-preclean-start]
2024-07-30T18:38:42.852+0800: 9.852: [CMS-concurrent-abortable-preclean: 0.001/0.556 secs] [Times: user=0.00 sys=0.00, real=0.56 secs] 
2024-07-30T18:38:42.852+0800: 9.852: Application time: 0.5572960 seconds
2024-07-30T18:38:42.852+0800: 9.852: [GC (CMS Final Remark) [YG occupancy: 498096 K (707840 K)]2024-07-30T18:38:42.852+0800: 9.852: [Rescan (parallel) , 0.0010821 secs]2024-07-30T18:38:42.852+0800: 9.853: [weak refs processing, 0.0000143 secs]2024-07-30T18:38:42.852+0800: 9.853: [class unloading, 0.0002375 secs]2024-07-30T18:38:42.853+0800: 9.854: [scrub symbol table, 0.0003050 secs]2024-07-30T18:38:42.853+0800: 9.854: [scrub string table, 0.0001002 secs][1 CMS-remark: 22188K(23368K)] 520284K(731208K), 0.0018269 secs] [Times: user=0.00 sys=0.00, real=0.00 secs] 
2024-07-30T18:38:42.853+0800: 9.854: Total time for which application threads were stopped: 0.0018976 seconds, Stopping threads took: 0.0000245 seconds
2024-07-30T18:38:42.853+0800: 9.854: [CMS-concurrent-sweep-start]
2024-07-30T18:38:42.853+0800: 9.855: [CMS-concurrent-sweep: 0.000/0.000 secs] [Times: user=0.00 sys=0.00, real=0.00 secs] 
2024-07-30T18:38:42.854+0800: 9.855: [CMS-concurrent-reset-start]
2024-07-30T18:38:42.854+0800: 9.855: [CMS-concurrent-reset: 0.000/0.000 secs] [Times: user=0.00 sys=0.00, real=0.00 secs] 
2024-07-30T18:38:43.087+0800: 10.087: Application time: 0.2330349 seconds
2024-07-30T18:38:43.087+0800: 10.087: [GC (Allocation Failure) 2024-07-30T18:38:43.087+0800: 10.087: [ParNew: 706183K->77825K(707840K), 0.0251253 secs] 721203K->120494K(752408K), 0.0251884 secs] [Times: user=0.03 sys=0.00, real=0.03 secs] 
2024-07-30T18:38:43.112+0800: 10.112: Total time for which application threads were stopped: 0.0253161 seconds, Stopping threads took: 0.0000216 seconds
2024-07-30T18:38:43.112+0800: 10.113: Application time: 0.0002268 seconds
2024-07-30T18:38:43.112+0800: 10.113: [GC (CMS Initial Mark) [1 CMS-initial-mark: 42668K(44568K)] 134974K(752408K), 0.0001016 secs] [Times: user=0.00 sys=0.00, real=0.00 secs] 
2024-07-30T18:38:43.112+0800: 10.113: Total time for which application threads were stopped: 0.0002707 seconds, Stopping threads took: 0.0000811 seconds
2024-07-30T18:38:43.112+0800: 10.113: [CMS-concurrent-mark-start]
2024-07-30T18:38:43.113+0800: 10.114: [CMS-concurrent-mark: 0.001/0.001 secs] [Times: user=0.00 sys=0.00, real=0.00 secs] 
2024-07-30T18:38:43.113+0800: 10.114: [CMS-concurrent-preclean-start]
2024-07-30T18:38:43.114+0800: 10.114: [CMS-concurrent-preclean: 0.000/0.000 secs] [Times: user=0.03 sys=0.00, real=0.00 secs] 
2024-07-30T18:38:43.114+0800: 10.114: [CMS-concurrent-abortable-preclean-start]
2024-07-30T18:38:43.558+0800: 10.558: [CMS-concurrent-abortable-preclean: 0.001/0.444 secs] [Times: user=0.00 sys=0.00, real=0.44 secs] 
2024-07-30T18:38:43.558+0800: 10.558: Application time: 0.4454251 seconds
2024-07-30T18:38:43.558+0800: 10.559: [GC (CMS Final Remark) [YG occupancy: 495997 K (707840 K)]2024-07-30T18:38:43.558+0800: 10.559: [Rescan (parallel) , 0.0005010 secs]2024-07-30T18:38:43.558+0800: 10.559: [weak refs processing, 0.0000148 secs]2024-07-30T18:38:43.558+0800: 10.559: [class unloading, 0.0002261 secs]2024-07-30T18:38:43.558+0800: 10.559: [scrub symbol table, 0.0003238 secs]2024-07-30T18:38:43.559+0800: 10.560: [scrub string table, 0.0000929 secs][1 CMS-remark: 42668K(44568K)] 538666K(752408K), 0.0012507 secs] [Times: user=0.00 sys=0.00, real=0.00 secs] 
2024-07-30T18:38:43.559+0800: 10.560: Total time for which application threads were stopped: 0.0014355 seconds, Stopping threads took: 0.0001350 seconds
2024-07-30T18:38:43.559+0800: 10.560: [CMS-concurrent-sweep-start]
2024-07-30T18:38:43.560+0800: 10.561: [CMS-concurrent-sweep: 0.001/0.001 secs] [Times: user=0.00 sys=0.00, real=0.00 secs] 
2024-07-30T18:38:43.560+0800: 10.562: [CMS-concurrent-reset-start]
2024-07-30T18:38:43.561+0800: 10.562: [CMS-concurrent-reset: 0.000/0.000 secs] [Times: user=0.00 sys=0.00, real=0.00 secs] 
2024-07-30T18:38:43.779+0800: 10.780: Application time: 0.2196417 seconds
2024-07-30T18:38:43.779+0800: 10.780: [GC (Allocation Failure) 2024-07-30T18:38:43.779+0800: 10.780: [ParNew: 707073K->77825K(707840K), 0.0255795 secs] 735405K->141998K(774596K), 0.0256389 secs] [Times: user=0.05 sys=0.02, real=0.02 secs] 
2024-07-30T18:38:43.805+0800: 10.805: Total time for which application threads were stopped: 0.0257644 seconds, Stopping threads took: 0.0000207 seconds
2024-07-30T18:38:43.805+0800: 10.805: Application time: 0.0001432 seconds
2024-07-30T18:38:43.805+0800: 10.806: [GC (CMS Initial Mark) [1 CMS-initial-mark: 64173K(66756K)] 156532K(774596K), 0.0001031 secs] [Times: user=0.00 sys=0.00, real=0.00 secs] 
2024-07-30T18:38:43.805+0800: 10.806: Total time for which application threads were stopped: 0.0002925 seconds, Stopping threads took: 0.0001574 seconds
2024-07-30T18:38:43.805+0800: 10.806: [CMS-concurrent-mark-start]
2024-07-30T18:38:43.806+0800: 10.807: [CMS-concurrent-mark: 0.001/0.001 secs] [Times: user=0.00 sys=0.00, real=0.00 secs] 
2024-07-30T18:38:43.806+0800: 10.807: [CMS-concurrent-preclean-start]
2024-07-30T18:38:43.807+0800: 10.807: [CMS-concurrent-preclean: 0.000/0.000 secs] [Times: user=0.00 sys=0.00, real=0.00 secs] 
2024-07-30T18:38:43.807+0800: 10.807: [CMS-concurrent-abortable-preclean-start]
2024-07-30T18:38:44.364+0800: 11.364: [CMS-concurrent-abortable-preclean: 0.002/0.557 secs] [Times: user=0.06 sys=0.00, real=0.56 secs] 
2024-07-30T18:38:44.364+0800: 11.364: Application time: 0.5584787 seconds
2024-07-30T18:38:44.364+0800: 11.364: [GC (CMS Final Remark) [YG occupancy: 586293 K (707840 K)]2024-07-30T18:38:44.364+0800: 11.364: [Rescan (parallel) , 0.0004542 secs]2024-07-30T18:38:44.364+0800: 11.365: [weak refs processing, 0.0000188 secs]2024-07-30T18:38:44.365+0800: 11.365: [class unloading, 0.0002349 secs]2024-07-30T18:38:44.365+0800: 11.365: [scrub symbol table, 0.0003236 secs]2024-07-30T18:38:44.365+0800: 11.365: [scrub string table, 0.0001052 secs][1 CMS-remark: 64173K(66756K)] 650466K(774596K), 0.0012176 secs] [Times: user=0.00 sys=0.00, real=0.00 secs] 
2024-07-30T18:38:44.365+0800: 11.366: Total time for which application threads were stopped: 0.0013472 seconds, Stopping threads took: 0.0000806 seconds
2024-07-30T18:38:44.365+0800: 11.366: [CMS-concurrent-sweep-start]
2024-07-30T18:38:44.367+0800: 11.367: [CMS-concurrent-sweep: 0.001/0.001 secs] [Times: user=0.00 sys=0.00, real=0.00 secs] 
2024-07-30T18:38:44.367+0800: 11.367: [CMS-concurrent-reset-start]
2024-07-30T18:38:44.367+0800: 11.367: [CMS-concurrent-reset: 0.000/0.000 secs] [Times: user=0.00 sys=0.00, real=0.00 secs] 
2024-07-30T18:38:44.476+0800: 11.477: Application time: 0.1109992 seconds
2024-07-30T18:38:44.476+0800: 11.477: [GC (Allocation Failure) 2024-07-30T18:38:44.476+0800: 11.477: [ParNew: 707073K->77825K(707840K), 0.0284297 secs] 743597K->162478K(794128K), 0.0284879 secs] [Times: user=0.03 sys=0.01, real=0.03 secs] 
2024-07-30T18:38:44.505+0800: 11.505: Total time for which application threads were stopped: 0.0286072 seconds, Stopping threads took: 0.0000295 seconds
2024-07-30T18:38:44.505+0800: 11.505: Application time: 0.0002372 seconds
2024-07-30T18:38:44.505+0800: 11.506: [GC (CMS Initial Mark) [1 CMS-initial-mark: 84653K(86288K)] 176950K(794128K), 0.0000980 secs] [Times: user=0.00 sys=0.00, real=0.00 secs] 
2024-07-30T18:38:44.505+0800: 11.506: Total time for which application threads were stopped: 0.0002644 seconds, Stopping threads took: 0.0001306 seconds
2024-07-30T18:38:44.505+0800: 11.506: [CMS-concurrent-mark-start]
2024-07-30T18:38:44.507+0800: 11.508: [CMS-concurrent-mark: 0.002/0.002 secs] [Times: user=0.00 sys=0.00, real=0.00 secs] 
2024-07-30T18:38:44.507+0800: 11.508: [CMS-concurrent-preclean-start]
2024-07-30T18:38:44.508+0800: 11.508: [CMS-concurrent-preclean: 0.000/0.000 secs] [Times: user=0.00 sys=0.00, real=0.00 secs] 
2024-07-30T18:38:44.508+0800: 11.508: [CMS-concurrent-abortable-preclean-start]
2024-07-30T18:38:44.508+0800: 11.508: [CMS-concurrent-abortable-preclean: 0.000/0.000 secs] [Times: user=0.00 sys=0.00, real=0.00 secs] 
2024-07-30T18:38:44.508+0800: 11.508: Application time: 0.0026433 seconds
2024-07-30T18:38:44.508+0800: 11.508: [GC (CMS Final Remark) [YG occupancy: 119193 K (707840 K)]2024-07-30T18:38:44.508+0800: 11.508: [Rescan (parallel) , 0.0008175 secs]2024-07-30T18:38:44.509+0800: 11.509: [weak refs processing, 0.0000125 secs]2024-07-30T18:38:44.509+0800: 11.509: [class unloading, 0.0001996 secs]2024-07-30T18:38:44.509+0800: 11.510: [scrub symbol table, 0.0003335 secs]2024-07-30T18:38:44.510+0800: 11.510: [scrub string table, 0.0001047 secs][1 CMS-remark: 84653K(86288K)] 203846K(794128K), 0.0015382 secs] [Times: user=0.00 sys=0.00, real=0.00 secs] 
2024-07-30T18:38:44.510+0800: 11.510: Total time for which application threads were stopped: 0.0016900 seconds, Stopping threads took: 0.0001175 seconds
2024-07-30T18:38:44.510+0800: 11.510: [CMS-concurrent-sweep-start]
2024-07-30T18:38:44.511+0800: 11.512: [CMS-concurrent-sweep: 0.001/0.001 secs] [Times: user=0.00 sys=0.00, real=0.00 secs] 
2024-07-30T18:38:44.511+0800: 11.512: [CMS-concurrent-reset-start]
2024-07-30T18:38:44.511+0800: 11.512: [CMS-concurrent-reset: 0.000/0.000 secs] [Times: user=0.00 sys=0.00, real=0.00 secs] 
Heap
 par new generation   total 707840K, used 387289K [0x00000000c8000000, 0x00000000f8000000, 0x00000000f8000000)
  eden space 629248K,  49% used [0x00000000c8000000, 0x00000000dae36138, 0x00000000ee680000)
  from space 78592K,  99% used [0x00000000ee680000, 0x00000000f32804c0, 0x00000000f3340000)
  to   space 78592K,   0% used [0x00000000f3340000, 0x00000000f3340000, 0x00000000f8000000)
 concurrent mark-sweep generation total 86288K, used 48812K [0x00000000f8000000, 0x00000000fd444000, 0x0000000100000000)
 Metaspace       used 3005K, capacity 4486K, committed 4864K, reserved 1056768K
  class space    used 310K, capacity 386K, committed 512K, reserved 1048576K
2024-07-30T18:38:44.836+0800: 11.836: Application time: 0.3262347 seconds
