OpenJDK 64-Bit Server VM (25.412-b1) for windows-amd64 JRE (1.8.0_412-b1), built on Apr 23 2024 12:00:37 by "Administrator" with MS VC++ 10.0 (VS2010)
Memory: 4k page, physical 16672068k(5116848k free), swap 19811428k(4805748k free)
CommandLine flags: -XX:GCDrainStackTargetSize=64 -XX:InitialHeapSize=810758960 -XX:MaxHeapSize=939524096 -XX:MaxNewSize=805306368 -XX:MaxTenuringThreshold=6 -XX:NewSize=805306368 -XX:OldPLABSize=16 -XX:+PrintGC -XX:+PrintGCApplicationConcurrentTime -XX:+PrintGCApplicationStoppedTime -XX:+PrintGCDateStamps -XX:+PrintGCDetails -XX:+PrintGCTimeStamps -XX:+UseCompressedClassPointers -XX:+UseCompressedOops -XX:+UseConcMarkSweepGC -XX:-UseLargePagesIndividualAllocation -XX:+UseParNewGC 
2024-07-30T18:41:02.153+0800: 1.032: Application time: 0.9529858 seconds
2024-07-30T18:41:02.154+0800: 1.032: Total time for which application threads were stopped: 0.0005951 seconds, Stopping threads took: 0.0005502 seconds
2024-07-30T18:41:02.159+0800: 1.037: Application time: 0.0051016 seconds
2024-07-30T18:41:02.159+0800: 1.037: [GC (Allocation Failure) 2024-07-30T18:41:02.159+0800: 1.038: [ParNew: 629042K->14099K(707840K), 0.0076888 secs] 629042K->14099K(713984K), 0.0078841 secs] [Times: user=0.02 sys=0.02, real=0.01 secs] 
2024-07-30T18:41:02.167+0800: 1.045: Total time for which application threads were stopped: 0.0079905 seconds, Stopping threads took: 0.0000134 seconds
2024-07-30T18:41:02.832+0800: 1.711: Application time: 0.6653353 seconds
2024-07-30T18:41:02.832+0800: 1.711: [GC (Allocation Failure) 2024-07-30T18:41:02.832+0800: 1.711: [ParNew: 643347K->8034K(707840K), 0.0047186 secs] 643347K->8034K(713984K), 0.0047818 secs] [Times: user=0.00 sys=0.00, real=0.00 secs] 
2024-07-30T18:41:02.836+0800: 1.716: Total time for which application threads were stopped: 0.0048992 seconds, Stopping threads took: 0.0000216 seconds
2024-07-30T18:41:03.524+0800: 2.403: Application time: 0.6875675 seconds
2024-07-30T18:41:03.524+0800: 2.403: [GC (Allocation Failure) 2024-07-30T18:41:03.524+0800: 2.403: [ParNew: 637282K->12220K(707840K), 0.0028701 secs] 637282K->12220K(713984K), 0.0029221 secs] [Times: user=0.00 sys=0.00, real=0.00 secs] 
2024-07-30T18:41:03.527+0800: 2.406: Total time for which application threads were stopped: 0.0030506 seconds, Stopping threads took: 0.0000200 seconds
2024-07-30T18:41:04.199+0800: 3.078: Application time: 0.6717960 seconds
2024-07-30T18:41:04.199+0800: 3.078: [GC (Allocation Failure) 2024-07-30T18:41:04.199+0800: 3.078: [ParNew: 641468K->15284K(707840K), 0.0058155 secs] 641468K->15284K(713984K), 0.0058726 secs] [Times: user=0.00 sys=0.00, real=0.01 secs] 
2024-07-30T18:41:04.205+0800: 3.084: Total time for which application threads were stopped: 0.0059863 seconds, Stopping threads took: 0.0000214 seconds
2024-07-30T18:41:04.889+0800: 3.767: Application time: 0.6835041 seconds
2024-07-30T18:41:04.889+0800: 3.768: [GC (Allocation Failure) 2024-07-30T18:41:04.889+0800: 3.768: [ParNew: 644532K->25551K(707840K), 0.0087349 secs] 644532K->25551K(713984K), 0.0087972 secs] [Times: user=0.03 sys=0.00, real=0.01 secs] 
2024-07-30T18:41:04.898+0800: 3.776: Total time for which application threads were stopped: 0.0089092 seconds, Stopping threads took: 0.0000190 seconds
2024-07-30T18:41:05.242+0800: 4.121: Application time: 0.3442204 seconds
2024-07-30T18:41:05.242+0800: 4.121: Total time for which application threads were stopped: 0.0000763 seconds, Stopping threads took: 0.0000388 seconds
2024-07-30T18:41:05.591+0800: 4.469: Application time: 0.3486984 seconds
2024-07-30T18:41:05.591+0800: 4.469: [GC (Allocation Failure) 2024-07-30T18:41:05.591+0800: 4.469: [ParNew: 654799K->35685K(707840K), 0.0134511 secs] 654799K->35685K(713984K), 0.0135239 secs] [Times: user=0.02 sys=0.01, real=0.01 secs] 
2024-07-30T18:41:05.604+0800: 4.483: Total time for which application threads were stopped: 0.0136341 seconds, Stopping threads took: 0.0000198 seconds
2024-07-30T18:41:06.264+0800: 5.143: Application time: 0.6598367 seconds
2024-07-30T18:41:06.264+0800: 5.143: [GC (Allocation Failure) 2024-07-30T18:41:06.264+0800: 5.143: [ParNew: 664933K->41458K(707840K), 0.0143451 secs] 664933K->42141K(713984K), 0.0144670 secs] [Times: user=0.03 sys=0.00, real=0.01 secs] 
2024-07-30T18:41:06.279+0800: 5.157: Total time for which application threads were stopped: 0.0145872 seconds, Stopping threads took: 0.0000194 seconds
2024-07-30T18:41:06.941+0800: 5.820: Application time: 0.6621822 seconds
2024-07-30T18:41:06.941+0800: 5.820: [GC (Allocation Failure) 2024-07-30T18:41:06.941+0800: 5.820: [ParNew: 670706K->48128K(707840K), 0.0122662 secs] 671389K->48813K(713984K), 0.0123652 secs] [Times: user=0.06 sys=0.00, real=0.01 secs] 
2024-07-30T18:41:06.954+0800: 5.832: Total time for which application threads were stopped: 0.0125157 seconds, Stopping threads took: 0.0000192 seconds
2024-07-30T18:41:07.618+0800: 6.496: Application time: 0.6639778 seconds
2024-07-30T18:41:07.618+0800: 6.496: [GC (Allocation Failure) 2024-07-30T18:41:07.618+0800: 6.496: [ParNew: 677376K->56343K(707840K), 0.0140630 secs] 678061K->57027K(713984K), 0.0141227 secs] [Times: user=0.02 sys=0.02, real=0.01 secs] 
2024-07-30T18:41:07.632+0800: 6.510: Total time for which application threads were stopped: 0.0142330 seconds, Stopping threads took: 0.0000207 seconds
2024-07-30T18:41:08.293+0800: 7.172: Application time: 0.6617842 seconds
2024-07-30T18:41:08.293+0800: 7.172: [GC (Allocation Failure) 2024-07-30T18:41:08.293+0800: 7.172: [ParNew: 684567K->67585K(707840K), 0.0177480 secs] 685252K->68270K(713984K), 0.0178088 secs] [Times: user=0.03 sys=0.00, real=0.02 secs] 
2024-07-30T18:41:08.311+0800: 7.190: Total time for which application threads were stopped: 0.0179204 seconds, Stopping threads took: 0.0000200 seconds
2024-07-30T18:41:08.987+0800: 7.866: Application time: 0.6757517 seconds
2024-07-30T18:41:08.987+0800: 7.866: [GC (Allocation Failure) 2024-07-30T18:41:08.987+0800: 7.866: [ParNew: 696833K->76801K(707840K), 0.0197509 secs] 697518K->77486K(713984K), 0.0198100 secs] [Times: user=0.05 sys=0.02, real=0.02 secs] 
2024-07-30T18:41:09.007+0800: 7.886: Total time for which application threads were stopped: 0.0199178 seconds, Stopping threads took: 0.0000188 seconds
2024-07-30T18:41:09.680+0800: 8.560: Application time: 0.6738738 seconds
2024-07-30T18:41:09.680+0800: 8.560: [GC (Allocation Failure) 2024-07-30T18:41:09.681+0800: 8.560: [ParNew: 706049K->77825K(707840K), 0.0183703 secs] 706734K->83630K(715012K), 0.0184308 secs] [Times: user=0.02 sys=0.02, real=0.02 secs] 
2024-07-30T18:41:09.699+0800: 8.578: Total time for which application threads were stopped: 0.0185577 seconds, Stopping threads took: 0.0000202 seconds
2024-07-30T18:41:09.699+0800: 8.578: Application time: 0.0001389 seconds
2024-07-30T18:41:09.699+0800: 8.579: [GC (CMS Initial Mark) [1 CMS-initial-mark: 5805K(7172K)] 98078K(715012K), 0.0008080 secs] [Times: user=0.00 sys=0.00, real=0.00 secs] 
2024-07-30T18:41:09.700+0800: 8.579: Total time for which application threads were stopped: 0.0010180 seconds, Stopping threads took: 0.0001645 seconds
2024-07-30T18:41:09.700+0800: 8.579: [CMS-concurrent-mark-start]
2024-07-30T18:41:09.702+0800: 8.581: [CMS-concurrent-mark: 0.001/0.001 secs] [Times: user=0.00 sys=0.00, real=0.00 secs] 
2024-07-30T18:41:09.702+0800: 8.581: [CMS-concurrent-preclean-start]
2024-07-30T18:41:09.702+0800: 8.581: [CMS-concurrent-preclean: 0.000/0.000 secs] [Times: user=0.00 sys=0.00, real=0.00 secs] 
2024-07-30T18:41:09.702+0800: 8.581: [CMS-concurrent-abortable-preclean-start]
2024-07-30T18:41:10.256+0800: 9.135: [CMS-concurrent-abortable-preclean: 0.001/0.554 secs] [Times: user=0.00 sys=0.00, real=0.55 secs] 
2024-07-30T18:41:10.256+0800: 9.135: Application time: 0.5557634 seconds
2024-07-30T18:41:10.256+0800: 9.135: [GC (CMS Final Remark) [YG occupancy: 521826 K (707840 K)]2024-07-30T18:41:10.256+0800: 9.135: [Rescan (parallel) , 0.0009564 secs]2024-07-30T18:41:10.257+0800: 9.136: [weak refs processing, 0.0000145 secs]2024-07-30T18:41:10.257+0800: 9.136: [class unloading, 0.0003624 secs]2024-07-30T18:41:10.258+0800: 9.137: [scrub symbol table, 0.0003983 secs]2024-07-30T18:41:10.258+0800: 9.137: [scrub string table, 0.0000908 secs][1 CMS-remark: 5805K(7172K)] 527631K(715012K), 0.0019217 secs] [Times: user=0.00 sys=0.00, real=0.00 secs] 
2024-07-30T18:41:10.258+0800: 9.137: Total time for which application threads were stopped: 0.0021325 seconds, Stopping threads took: 0.0001504 seconds
2024-07-30T18:41:10.259+0800: 9.137: [CMS-concurrent-sweep-start]
2024-07-30T18:41:10.260+0800: 9.139: [CMS-concurrent-sweep: 0.001/0.001 secs] [Times: user=0.00 sys=0.00, real=0.00 secs] 
2024-07-30T18:41:10.260+0800: 9.139: [CMS-concurrent-reset-start]
2024-07-30T18:41:10.263+0800: 9.142: [CMS-concurrent-reset: 0.003/0.003 secs] [Times: user=0.00 sys=0.00, real=0.00 secs] 
2024-07-30T18:41:10.374+0800: 9.253: Application time: 0.1157657 seconds
2024-07-30T18:41:10.374+0800: 9.253: [GC (Allocation Failure) 2024-07-30T18:41:10.374+0800: 9.253: [ParNew: 707073K->77825K(707840K), 0.0220551 secs] 712877K->97965K(728824K), 0.0221146 secs] [Times: user=0.05 sys=0.02, real=0.02 secs] 
2024-07-30T18:41:10.396+0800: 9.275: Total time for which application threads were stopped: 0.0222222 seconds, Stopping threads took: 0.0000194 seconds
2024-07-30T18:41:10.397+0800: 9.275: Application time: 0.0001927 seconds
2024-07-30T18:41:10.397+0800: 9.276: [GC (CMS Initial Mark) [1 CMS-initial-mark: 20140K(20984K)] 112417K(728824K), 0.0007934 secs] [Times: user=0.00 sys=0.00, real=0.00 secs] 
2024-07-30T18:41:10.398+0800: 9.276: Total time for which application threads were stopped: 0.0009550 seconds, Stopping threads took: 0.0001116 seconds
2024-07-30T18:41:10.398+0800: 9.276: [CMS-concurrent-mark-start]
2024-07-30T18:41:10.398+0800: 9.277: [CMS-concurrent-mark: 0.001/0.001 secs] [Times: user=0.00 sys=0.00, real=0.00 secs] 
2024-07-30T18:41:10.398+0800: 9.277: [CMS-concurrent-preclean-start]
2024-07-30T18:41:10.399+0800: 9.277: [CMS-concurrent-preclean: 0.000/0.000 secs] [Times: user=0.00 sys=0.00, real=0.00 secs] 
2024-07-30T18:41:10.399+0800: 9.277: [CMS-concurrent-abortable-preclean-start]
2024-07-30T18:41:10.951+0800: 9.829: [CMS-concurrent-abortable-preclean: 0.002/0.552 secs] [Times: user=0.02 sys=0.00, real=0.55 secs] 
2024-07-30T18:41:10.951+0800: 9.829: Application time: 0.5530472 seconds
2024-07-30T18:41:10.951+0800: 9.829: [GC (CMS Final Remark) [YG occupancy: 508536 K (707840 K)]2024-07-30T18:41:10.951+0800: 9.830: [Rescan (parallel) , 0.0007388 secs]2024-07-30T18:41:10.951+0800: 9.830: [weak refs processing, 0.0000155 secs]2024-07-30T18:41:10.951+0800: 9.830: [class unloading, 0.0002391 secs]2024-07-30T18:41:10.951+0800: 9.831: [scrub symbol table, 0.0003410 secs]2024-07-30T18:41:10.952+0800: 9.831: [scrub string table, 0.0001005 secs][1 CMS-remark: 20140K(20984K)] 528677K(728824K), 0.0015204 secs] [Times: user=0.00 sys=0.00, real=0.00 secs] 
2024-07-30T18:41:10.952+0800: 9.831: Total time for which application threads were stopped: 0.0015853 seconds, Stopping threads took: 0.0000212 seconds
2024-07-30T18:41:10.952+0800: 9.831: [CMS-concurrent-sweep-start]
2024-07-30T18:41:10.952+0800: 9.831: [CMS-concurrent-sweep: 0.000/0.000 secs] [Times: user=0.00 sys=0.00, real=0.00 secs] 
2024-07-30T18:41:10.952+0800: 9.831: [CMS-concurrent-reset-start]
2024-07-30T18:41:10.952+0800: 9.832: [CMS-concurrent-reset: 0.000/0.000 secs] [Times: user=0.00 sys=0.00, real=0.00 secs] 
2024-07-30T18:41:11.082+0800: 9.961: Application time: 0.1296905 seconds
2024-07-30T18:41:11.082+0800: 9.961: [GC (Allocation Failure) 2024-07-30T18:41:11.082+0800: 9.961: [ParNew: 707073K->77825K(707840K), 0.0237888 secs] 722093K->116397K(747268K), 0.0238466 secs] [Times: user=0.09 sys=0.02, real=0.02 secs] 
2024-07-30T18:41:11.106+0800: 9.985: Total time for which application threads were stopped: 0.0239669 seconds, Stopping threads took: 0.0000327 seconds
2024-07-30T18:41:11.107+0800: 9.985: Application time: 0.0002229 seconds
2024-07-30T18:41:11.107+0800: 9.985: [GC (CMS Initial Mark) [1 CMS-initial-mark: 38572K(39428K)] 129849K(747268K), 0.0007903 secs] [Times: user=0.00 sys=0.00, real=0.00 secs] 
2024-07-30T18:41:11.107+0800: 9.986: Total time for which application threads were stopped: 0.0008985 seconds, Stopping threads took: 0.0000156 seconds
2024-07-30T18:41:11.108+0800: 9.986: [CMS-concurrent-mark-start]
2024-07-30T18:41:11.108+0800: 9.987: [CMS-concurrent-mark: 0.001/0.001 secs] [Times: user=0.00 sys=0.00, real=0.00 secs] 
2024-07-30T18:41:11.108+0800: 9.987: [CMS-concurrent-preclean-start]
2024-07-30T18:41:11.109+0800: 9.987: [CMS-concurrent-preclean: 0.000/0.000 secs] [Times: user=0.00 sys=0.00, real=0.00 secs] 
2024-07-30T18:41:11.109+0800: 9.987: [CMS-concurrent-abortable-preclean-start]
2024-07-30T18:41:11.658+0800: 10.536: [CMS-concurrent-abortable-preclean: 0.001/0.549 secs] [Times: user=0.03 sys=0.01, real=0.55 secs] 
2024-07-30T18:41:11.658+0800: 10.536: Application time: 0.5505697 seconds
2024-07-30T18:41:11.658+0800: 10.537: [GC (CMS Final Remark) [YG occupancy: 508287 K (707840 K)]2024-07-30T18:41:11.658+0800: 10.537: [Rescan (parallel) , 0.0007890 secs]2024-07-30T18:41:11.659+0800: 10.537: [weak refs processing, 0.0000140 secs]2024-07-30T18:41:11.659+0800: 10.537: [class unloading, 0.0002286 secs]2024-07-30T18:41:11.659+0800: 10.538: [scrub symbol table, 0.0003701 secs]2024-07-30T18:41:11.660+0800: 10.538: [scrub string table, 0.0001132 secs][1 CMS-remark: 38572K(39428K)] 546860K(747268K), 0.0015842 secs] [Times: user=0.00 sys=0.00, real=0.00 secs] 
2024-07-30T18:41:11.660+0800: 10.538: Total time for which application threads were stopped: 0.0017921 seconds, Stopping threads took: 0.0001690 seconds
2024-07-30T18:41:11.660+0800: 10.538: [CMS-concurrent-sweep-start]
2024-07-30T18:41:11.661+0800: 10.539: [CMS-concurrent-sweep: 0.001/0.001 secs] [Times: user=0.03 sys=0.00, real=0.00 secs] 
2024-07-30T18:41:11.661+0800: 10.539: [CMS-concurrent-reset-start]
2024-07-30T18:41:11.661+0800: 10.540: [CMS-concurrent-reset: 0.000/0.000 secs] [Times: user=0.00 sys=0.00, real=0.00 secs] 
2024-07-30T18:41:11.878+0800: 10.757: Application time: 0.2185900 seconds
2024-07-30T18:41:11.878+0800: 10.757: [GC (Allocation Failure) 2024-07-30T18:41:11.878+0800: 10.757: [ParNew: 707073K->77825K(707840K), 0.0250788 secs] 731309K->133806K(764684K), 0.0251523 secs] [Times: user=0.06 sys=0.00, real=0.03 secs] 
2024-07-30T18:41:11.903+0800: 10.782: Total time for which application threads were stopped: 0.0252660 seconds, Stopping threads took: 0.0000226 seconds
2024-07-30T18:41:11.903+0800: 10.782: Application time: 0.0002099 seconds
2024-07-30T18:41:11.903+0800: 10.782: [GC (CMS Initial Mark) [1 CMS-initial-mark: 55981K(56844K)] 148290K(764684K), 0.0005290 secs] [Times: user=0.00 sys=0.00, real=0.00 secs] 
2024-07-30T18:41:11.904+0800: 10.783: Total time for which application threads were stopped: 0.0006767 seconds, Stopping threads took: 0.0001031 seconds
2024-07-30T18:41:11.904+0800: 10.783: [CMS-concurrent-mark-start]
2024-07-30T18:41:11.907+0800: 10.785: [CMS-concurrent-mark: 0.002/0.002 secs] [Times: user=0.00 sys=0.00, real=0.00 secs] 
2024-07-30T18:41:11.907+0800: 10.785: [CMS-concurrent-preclean-start]
2024-07-30T18:41:11.907+0800: 10.785: [CMS-concurrent-preclean: 0.000/0.000 secs] [Times: user=0.00 sys=0.00, real=0.00 secs] 
2024-07-30T18:41:11.907+0800: 10.785: [CMS-concurrent-abortable-preclean-start]
2024-07-30T18:41:12.461+0800: 11.340: [CMS-concurrent-abortable-preclean: 0.002/0.554 secs] [Times: user=0.03 sys=0.00, real=0.55 secs] 
2024-07-30T18:41:12.461+0800: 11.340: Application time: 0.5572368 seconds
2024-07-30T18:41:12.462+0800: 11.340: [GC (CMS Final Remark) [YG occupancy: 603809 K (707840 K)]2024-07-30T18:41:12.462+0800: 11.340: [Rescan (parallel) , 0.0006437 secs]2024-07-30T18:41:12.462+0800: 11.341: [weak refs processing, 0.0000137 secs]2024-07-30T18:41:12.462+0800: 11.341: [class unloading, 0.0002360 secs]2024-07-30T18:41:12.463+0800: 11.341: [scrub symbol table, 0.0003389 secs]2024-07-30T18:41:12.463+0800: 11.342: [scrub string table, 0.0001010 secs][1 CMS-remark: 55981K(56844K)] 659790K(764684K), 0.0014122 secs] [Times: user=0.00 sys=0.00, real=0.00 secs] 
2024-07-30T18:41:12.463+0800: 11.342: Total time for which application threads were stopped: 0.0015773 seconds, Stopping threads took: 0.0001135 seconds
2024-07-30T18:41:12.463+0800: 11.342: [CMS-concurrent-sweep-start]
2024-07-30T18:41:12.465+0800: 11.343: [CMS-concurrent-sweep: 0.001/0.001 secs] [Times: user=0.00 sys=0.00, real=0.00 secs] 
2024-07-30T18:41:12.465+0800: 11.343: [CMS-concurrent-reset-start]
2024-07-30T18:41:12.465+0800: 11.344: [CMS-concurrent-reset: 0.000/0.000 secs] [Times: user=0.00 sys=0.00, real=0.00 secs] 
2024-07-30T18:41:12.573+0800: 11.452: Application time: 0.1099772 seconds
2024-07-30T18:41:12.573+0800: 11.452: [GC (Allocation Failure) 2024-07-30T18:41:12.575+0800: 11.453: [ParNew: 707073K->77825K(707840K), 0.0260511 secs] 739501K->149166K(780104K), 0.0276743 secs] [Times: user=0.05 sys=0.02, real=0.03 secs] 
2024-07-30T18:41:12.601+0800: 11.480: Total time for which application threads were stopped: 0.0277859 seconds, Stopping threads took: 0.0000221 seconds
2024-07-30T18:41:12.601+0800: 11.480: Application time: 0.0001805 seconds
2024-07-30T18:41:12.601+0800: 11.480: [GC (CMS Initial Mark) [1 CMS-initial-mark: 71341K(72264K)] 163663K(780104K), 0.0008090 secs] [Times: user=0.00 sys=0.00, real=0.00 secs] 
2024-07-30T18:41:12.602+0800: 11.481: Total time for which application threads were stopped: 0.0009908 seconds, Stopping threads took: 0.0001390 seconds
2024-07-30T18:41:12.602+0800: 11.481: [CMS-concurrent-mark-start]
2024-07-30T18:41:12.603+0800: 11.482: [CMS-concurrent-mark: 0.001/0.001 secs] [Times: user=0.00 sys=0.00, real=0.00 secs] 
2024-07-30T18:41:12.603+0800: 11.482: [CMS-concurrent-preclean-start]
2024-07-30T18:41:12.604+0800: 11.482: [CMS-concurrent-preclean: 0.000/0.000 secs] [Times: user=0.00 sys=0.00, real=0.00 secs] 
2024-07-30T18:41:12.604+0800: 11.482: [CMS-concurrent-abortable-preclean-start]
Heap
 par new generation   total 707840K, used 387847K [0x00000000c8000000, 0x00000000f8000000, 0x00000000f8000000)
  eden space 629248K,  49% used [0x00000000c8000000, 0x00000000daec1828, 0x00000000ee680000)
  from space 78592K,  99% used [0x00000000ee680000, 0x00000000f32804c0, 0x00000000f3340000)
  to   space 78592K,   0% used [0x00000000f3340000, 0x00000000f3340000, 0x00000000f8000000)
 concurrent mark-sweep generation total 72264K, used 71341K [0x00000000f8000000, 0x00000000fc692000, 0x0000000100000000)
 Metaspace       used 3005K, capacity 4486K, committed 4864K, reserved 1056768K
  class space    used 310K, capacity 386K, committed 512K, reserved 1048576K
2024-07-30T18:41:12.936+0800: 11.814: Application time: 0.3336754 seconds
