OpenJDK 64-Bit Server VM (25.412-b1) for windows-amd64 JRE (1.8.0_412-b1), built on Apr 23 2024 12:00:37 by "Administrator" with MS VC++ 10.0 (VS2010)
Memory: 4k page, physical 16672068k(4922536k free), swap 19811428k(4783320k free)
CommandLine flags: -XX:-CMSParallelInitialMarkEnabled -XX:GCDrainStackTargetSize=64 -XX:InitialHeapSize=810758960 -XX:MaxHeapSize=939524096 -XX:MaxNewSize=805306368 -XX:MaxTenuringThreshold=6 -XX:NewSize=805306368 -XX:OldPLABSize=16 -XX:+PrintGC -XX:+PrintGCApplicationConcurrentTime -XX:+PrintGCApplicationStoppedTime -XX:+PrintGCDateStamps -XX:+PrintGCDetails -XX:+PrintGCTimeStamps -XX:+UseCompressedClassPointers -XX:+UseCompressedOops -XX:+UseConcMarkSweepGC -XX:-UseLargePagesIndividualAllocation -XX:+UseParNewGC 
2024-07-30T18:38:45.960+0800: 1.035: Application time: 0.9612857 seconds
2024-07-30T18:38:45.961+0800: 1.035: Total time for which application threads were stopped: 0.0005534 seconds, Stopping threads took: 0.0005116 seconds
2024-07-30T18:38:45.966+0800: 1.041: Application time: 0.0052446 seconds
2024-07-30T18:38:45.966+0800: 1.041: [GC (Allocation Failure) 2024-07-30T18:38:45.966+0800: 1.041: [ParNew: 629042K->14037K(707840K), 0.0080206 secs] 629042K->14037K(713984K), 0.0082271 secs] [Times: user=0.00 sys=0.01, real=0.01 secs] 
2024-07-30T18:38:45.974+0800: 1.049: Total time for which application threads were stopped: 0.0083350 seconds, Stopping threads took: 0.0000136 seconds
2024-07-30T18:38:46.636+0800: 1.710: Application time: 0.6614725 seconds
2024-07-30T18:38:46.636+0800: 1.710: [GC (Allocation Failure) 2024-07-30T18:38:46.636+0800: 1.710: [ParNew: 643285K->8201K(707840K), 0.0046756 secs] 643285K->8201K(713984K), 0.0047495 secs] [Times: user=0.00 sys=0.00, real=0.00 secs] 
2024-07-30T18:38:46.640+0800: 1.715: Total time for which application threads were stopped: 0.0048623 seconds, Stopping threads took: 0.0000227 seconds
2024-07-30T18:38:47.312+0800: 2.387: Application time: 0.6716702 seconds
2024-07-30T18:38:47.312+0800: 2.387: [GC (Allocation Failure) 2024-07-30T18:38:47.312+0800: 2.387: [ParNew: 637449K->12252K(707840K), 0.0030781 secs] 637449K->12252K(713984K), 0.0031286 secs] [Times: user=0.00 sys=0.00, real=0.00 secs] 
2024-07-30T18:38:47.315+0800: 2.390: Total time for which application threads were stopped: 0.0032548 seconds, Stopping threads took: 0.0000187 seconds
2024-07-30T18:38:47.989+0800: 3.064: Application time: 0.6743637 seconds
2024-07-30T18:38:47.989+0800: 3.065: [GC (Allocation Failure) 2024-07-30T18:38:47.990+0800: 3.065: [ParNew: 641500K->19372K(707840K), 0.0079504 secs] 641500K->19372K(713984K), 0.0080122 secs] [Times: user=0.00 sys=0.00, real=0.01 secs] 
2024-07-30T18:38:47.998+0800: 3.073: Total time for which application threads were stopped: 0.0081628 seconds, Stopping threads took: 0.0000337 seconds
2024-07-30T18:38:48.665+0800: 3.741: Application time: 0.6679623 seconds
2024-07-30T18:38:48.665+0800: 3.741: [GC (Allocation Failure) 2024-07-30T18:38:48.665+0800: 3.741: [ParNew: 648620K->25586K(707840K), 0.0088203 secs] 648620K->25586K(713984K), 0.0088805 secs] [Times: user=0.00 sys=0.00, real=0.01 secs] 
2024-07-30T18:38:48.674+0800: 3.750: Total time for which application threads were stopped: 0.0089950 seconds, Stopping threads took: 0.0000198 seconds
2024-07-30T18:38:49.045+0800: 4.119: Application time: 0.3696633 seconds
2024-07-30T18:38:49.045+0800: 4.119: Total time for which application threads were stopped: 0.0000619 seconds, Stopping threads took: 0.0000262 seconds
2024-07-30T18:38:49.345+0800: 4.420: Application time: 0.3010962 seconds
2024-07-30T18:38:49.345+0800: 4.421: [GC (Allocation Failure) 2024-07-30T18:38:49.345+0800: 4.421: [ParNew: 654834K->34869K(707840K), 0.0111642 secs] 654834K->34869K(713984K), 0.0112249 secs] [Times: user=0.03 sys=0.00, real=0.01 secs] 
2024-07-30T18:38:49.357+0800: 4.432: Total time for which application threads were stopped: 0.0113349 seconds, Stopping threads took: 0.0000198 seconds
2024-07-30T18:38:50.026+0800: 5.100: Application time: 0.6686114 seconds
2024-07-30T18:38:50.026+0800: 5.100: [GC (Allocation Failure) 2024-07-30T18:38:50.026+0800: 5.101: [ParNew: 664117K->40396K(707840K), 0.0144494 secs] 664117K->41083K(713984K), 0.0145500 secs] [Times: user=0.01 sys=0.02, real=0.01 secs] 
2024-07-30T18:38:50.040+0800: 5.115: Total time for which application threads were stopped: 0.0146582 seconds, Stopping threads took: 0.0000189 seconds
2024-07-30T18:38:50.702+0800: 5.777: Application time: 0.6616206 seconds
2024-07-30T18:38:50.702+0800: 5.777: [GC (Allocation Failure) 2024-07-30T18:38:50.702+0800: 5.777: [ParNew: 669644K->48128K(707840K), 0.0126094 secs] 670331K->48817K(713984K), 0.0126676 secs] [Times: user=0.03 sys=0.00, real=0.01 secs] 
2024-07-30T18:38:50.714+0800: 5.789: Total time for which application threads were stopped: 0.0127828 seconds, Stopping threads took: 0.0000193 seconds
2024-07-30T18:38:51.376+0800: 6.452: Application time: 0.6621427 seconds
2024-07-30T18:38:51.376+0800: 6.452: [GC (Allocation Failure) 2024-07-30T18:38:51.376+0800: 6.452: [ParNew: 677376K->56345K(707840K), 0.0147348 secs] 678065K->57034K(713984K), 0.0147993 secs] [Times: user=0.03 sys=0.00, real=0.02 secs] 
2024-07-30T18:38:51.391+0800: 6.467: Total time for which application threads were stopped: 0.0149104 seconds, Stopping threads took: 0.0000189 seconds
2024-07-30T18:38:52.055+0800: 7.130: Application time: 0.6638310 seconds
2024-07-30T18:38:52.055+0800: 7.130: [GC (Allocation Failure) 2024-07-30T18:38:52.055+0800: 7.130: [ParNew: 685593K->64512K(707840K), 0.0171032 secs] 686282K->65202K(713984K), 0.0171633 secs] [Times: user=0.02 sys=0.02, real=0.02 secs] 
2024-07-30T18:38:52.072+0800: 7.148: Total time for which application threads were stopped: 0.0172745 seconds, Stopping threads took: 0.0000186 seconds
2024-07-30T18:38:52.752+0800: 7.827: Application time: 0.6792625 seconds
2024-07-30T18:38:52.752+0800: 7.827: [GC (Allocation Failure) 2024-07-30T18:38:52.752+0800: 7.827: [ParNew: 693383K->76801K(707840K), 0.0196185 secs] 694072K->77490K(713984K), 0.0196777 secs] [Times: user=0.05 sys=0.02, real=0.02 secs] 
2024-07-30T18:38:52.772+0800: 7.847: Total time for which application threads were stopped: 0.0197854 seconds, Stopping threads took: 0.0000188 seconds
2024-07-30T18:38:53.442+0800: 8.517: Application time: 0.6702869 seconds
2024-07-30T18:38:53.443+0800: 8.517: [GC (Allocation Failure) 2024-07-30T18:38:53.443+0800: 8.517: [ParNew: 706049K->77825K(707840K), 0.0219818 secs] 706738K->85682K(717068K), 0.0220528 secs] [Times: user=0.03 sys=0.00, real=0.02 secs] 
2024-07-30T18:38:53.465+0800: 8.539: Total time for which application threads were stopped: 0.0221786 seconds, Stopping threads took: 0.0000235 seconds
2024-07-30T18:38:53.465+0800: 8.539: Application time: 0.0001436 seconds
2024-07-30T18:38:53.465+0800: 8.539: [GC (CMS Initial Mark) [1 CMS-initial-mark: 7857K(9228K)] 86706K(717068K), 0.0001068 secs] [Times: user=0.00 sys=0.00, real=0.00 secs] 
2024-07-30T18:38:53.465+0800: 8.540: Total time for which application threads were stopped: 0.0002189 seconds, Stopping threads took: 0.0000783 seconds
2024-07-30T18:38:53.465+0800: 8.540: [CMS-concurrent-mark-start]
2024-07-30T18:38:53.466+0800: 8.541: [CMS-concurrent-mark: 0.001/0.001 secs] [Times: user=0.00 sys=0.00, real=0.00 secs] 
2024-07-30T18:38:53.466+0800: 8.541: [CMS-concurrent-preclean-start]
2024-07-30T18:38:53.466+0800: 8.541: [CMS-concurrent-preclean: 0.000/0.000 secs] [Times: user=0.00 sys=0.00, real=0.00 secs] 
2024-07-30T18:38:53.466+0800: 8.541: [CMS-concurrent-abortable-preclean-start]
2024-07-30T18:38:54.020+0800: 9.095: [CMS-concurrent-abortable-preclean: 0.002/0.554 secs] [Times: user=0.03 sys=0.00, real=0.55 secs] 
2024-07-30T18:38:54.020+0800: 9.095: Application time: 0.5559641 seconds
2024-07-30T18:38:54.021+0800: 9.096: [GC (CMS Final Remark) [YG occupancy: 523654 K (707840 K)]2024-07-30T18:38:54.021+0800: 9.096: [Rescan (parallel) , 0.0011459 secs]2024-07-30T18:38:54.022+0800: 9.097: [weak refs processing, 0.0000142 secs]2024-07-30T18:38:54.022+0800: 9.097: [class unloading, 0.0003661 secs]2024-07-30T18:38:54.022+0800: 9.097: [scrub symbol table, 0.0004014 secs]2024-07-30T18:38:54.023+0800: 9.098: [scrub string table, 0.0001008 secs][1 CMS-remark: 7857K(9228K)] 531511K(717068K), 0.0021159 secs] [Times: user=0.00 sys=0.00, real=0.00 secs] 
2024-07-30T18:38:54.023+0800: 9.098: Total time for which application threads were stopped: 0.0023121 seconds, Stopping threads took: 0.0001532 seconds
2024-07-30T18:38:54.023+0800: 9.098: [CMS-concurrent-sweep-start]
2024-07-30T18:38:54.024+0800: 9.100: [CMS-concurrent-sweep: 0.001/0.001 secs] [Times: user=0.00 sys=0.00, real=0.00 secs] 
2024-07-30T18:38:54.025+0800: 9.100: [CMS-concurrent-reset-start]
2024-07-30T18:38:54.026+0800: 9.101: [CMS-concurrent-reset: 0.002/0.002 secs] [Times: user=0.00 sys=0.00, real=0.00 secs] 
2024-07-30T18:38:54.151+0800: 9.226: Application time: 0.1279369 seconds
2024-07-30T18:38:54.151+0800: 9.226: [GC (Allocation Failure) 2024-07-30T18:38:54.151+0800: 9.226: [ParNew: 707073K->77825K(707840K), 0.0200401 secs] 714929K->100017K(731216K), 0.0200983 secs] [Times: user=0.03 sys=0.00, real=0.02 secs] 
2024-07-30T18:38:54.171+0800: 9.246: Total time for which application threads were stopped: 0.0202182 seconds, Stopping threads took: 0.0000318 seconds
2024-07-30T18:38:54.171+0800: 9.246: Application time: 0.0001737 seconds
2024-07-30T18:38:54.172+0800: 9.246: [GC (CMS Initial Mark) [1 CMS-initial-mark: 22192K(23376K)] 114566K(731216K), 0.0001210 secs] [Times: user=0.00 sys=0.00, real=0.00 secs] 
2024-07-30T18:38:54.172+0800: 9.246: Total time for which application threads were stopped: 0.0003152 seconds, Stopping threads took: 0.0001544 seconds
2024-07-30T18:38:54.172+0800: 9.246: [CMS-concurrent-mark-start]
2024-07-30T18:38:54.173+0800: 9.247: [CMS-concurrent-mark: 0.001/0.001 secs] [Times: user=0.00 sys=0.00, real=0.00 secs] 
2024-07-30T18:38:54.173+0800: 9.247: [CMS-concurrent-preclean-start]
2024-07-30T18:38:54.173+0800: 9.247: [CMS-concurrent-preclean: 0.000/0.000 secs] [Times: user=0.00 sys=0.00, real=0.00 secs] 
2024-07-30T18:38:54.173+0800: 9.247: [CMS-concurrent-abortable-preclean-start]
2024-07-30T18:38:54.725+0800: 9.800: [CMS-concurrent-abortable-preclean: 0.001/0.552 secs] [Times: user=0.00 sys=0.00, real=0.55 secs] 
2024-07-30T18:38:54.725+0800: 9.800: Application time: 0.5535209 seconds
2024-07-30T18:38:54.725+0800: 9.800: [GC (CMS Final Remark) [YG occupancy: 498096 K (707840 K)]2024-07-30T18:38:54.725+0800: 9.800: [Rescan (parallel) , 0.0004520 secs]2024-07-30T18:38:54.726+0800: 9.801: [weak refs processing, 0.0000193 secs]2024-07-30T18:38:54.726+0800: 9.801: [class unloading, 0.0003266 secs]2024-07-30T18:38:54.726+0800: 9.801: [scrub symbol table, 0.0003040 secs]2024-07-30T18:38:54.726+0800: 9.801: [scrub string table, 0.0000921 secs][1 CMS-remark: 22192K(23376K)] 520288K(731216K), 0.0013051 secs] [Times: user=0.00 sys=0.00, real=0.00 secs] 
2024-07-30T18:38:54.726+0800: 9.801: Total time for which application threads were stopped: 0.0013765 seconds, Stopping threads took: 0.0000220 seconds
2024-07-30T18:38:54.727+0800: 9.802: [CMS-concurrent-sweep-start]
2024-07-30T18:38:54.727+0800: 9.802: [CMS-concurrent-sweep: 0.000/0.000 secs] [Times: user=0.00 sys=0.00, real=0.00 secs] 
2024-07-30T18:38:54.727+0800: 9.802: [CMS-concurrent-reset-start]
2024-07-30T18:38:54.727+0800: 9.802: [CMS-concurrent-reset: 0.000/0.000 secs] [Times: user=0.00 sys=0.00, real=0.00 secs] 
2024-07-30T18:38:54.962+0800: 10.037: Application time: 0.2353531 seconds
2024-07-30T18:38:54.962+0800: 10.037: [GC (Allocation Failure) 2024-07-30T18:38:54.962+0800: 10.037: [ParNew: 706183K->77825K(707840K), 0.0240228 secs] 721208K->120498K(752416K), 0.0240846 secs] [Times: user=0.03 sys=0.00, real=0.02 secs] 
2024-07-30T18:38:54.985+0800: 10.061: Total time for which application threads were stopped: 0.0242079 seconds, Stopping threads took: 0.0000214 seconds
2024-07-30T18:38:54.986+0800: 10.061: Application time: 0.0001368 seconds
2024-07-30T18:38:54.986+0800: 10.061: [GC (CMS Initial Mark) [1 CMS-initial-mark: 42672K(44576K)] 134978K(752416K), 0.0000963 secs] [Times: user=0.00 sys=0.00, real=0.00 secs] 
2024-07-30T18:38:54.986+0800: 10.061: Total time for which application threads were stopped: 0.0002217 seconds, Stopping threads took: 0.0000845 seconds
2024-07-30T18:38:54.986+0800: 10.061: [CMS-concurrent-mark-start]
2024-07-30T18:38:54.988+0800: 10.063: [CMS-concurrent-mark: 0.001/0.001 secs] [Times: user=0.00 sys=0.00, real=0.00 secs] 
2024-07-30T18:38:54.988+0800: 10.063: [CMS-concurrent-preclean-start]
2024-07-30T18:38:54.988+0800: 10.063: [CMS-concurrent-preclean: 0.000/0.000 secs] [Times: user=0.00 sys=0.00, real=0.00 secs] 
2024-07-30T18:38:54.988+0800: 10.063: [CMS-concurrent-abortable-preclean-start]
2024-07-30T18:38:55.434+0800: 10.509: [CMS-concurrent-abortable-preclean: 0.001/0.446 secs] [Times: user=0.03 sys=0.00, real=0.45 secs] 
2024-07-30T18:38:55.434+0800: 10.509: Application time: 0.4478199 seconds
2024-07-30T18:38:55.434+0800: 10.509: [GC (CMS Final Remark) [YG occupancy: 495997 K (707840 K)]2024-07-30T18:38:55.434+0800: 10.509: [Rescan (parallel) , 0.0011045 secs]2024-07-30T18:38:55.436+0800: 10.510: [weak refs processing, 0.0000147 secs]2024-07-30T18:38:55.436+0800: 10.510: [class unloading, 0.0002638 secs]2024-07-30T18:38:55.436+0800: 10.511: [scrub symbol table, 0.0003254 secs]2024-07-30T18:38:55.436+0800: 10.511: [scrub string table, 0.0000941 secs][1 CMS-remark: 42672K(44576K)] 538670K(752416K), 0.0019106 secs] [Times: user=0.00 sys=0.00, real=0.00 secs] 
2024-07-30T18:38:55.436+0800: 10.511: Total time for which application threads were stopped: 0.0020542 seconds, Stopping threads took: 0.0000964 seconds
2024-07-30T18:38:55.437+0800: 10.511: [CMS-concurrent-sweep-start]
2024-07-30T18:38:55.438+0800: 10.513: [CMS-concurrent-sweep: 0.001/0.001 secs] [Times: user=0.00 sys=0.00, real=0.00 secs] 
2024-07-30T18:38:55.438+0800: 10.513: [CMS-concurrent-reset-start]
2024-07-30T18:38:55.438+0800: 10.513: [CMS-concurrent-reset: 0.000/0.000 secs] [Times: user=0.00 sys=0.00, real=0.00 secs] 
2024-07-30T18:38:55.657+0800: 10.732: Application time: 0.2210797 seconds
2024-07-30T18:38:55.657+0800: 10.732: [GC (Allocation Failure) 2024-07-30T18:38:55.657+0800: 10.732: [ParNew: 707073K->77825K(707840K), 0.0256614 secs] 735409K->142002K(774600K), 0.0257202 secs] [Times: user=0.06 sys=0.00, real=0.03 secs] 
2024-07-30T18:38:55.683+0800: 10.758: Total time for which application threads were stopped: 0.0258316 seconds, Stopping threads took: 0.0000200 seconds
2024-07-30T18:38:55.683+0800: 10.758: Application time: 0.0001573 seconds
2024-07-30T18:38:55.683+0800: 10.758: [GC (CMS Initial Mark) [1 CMS-initial-mark: 64177K(66760K)] 156536K(774600K), 0.0001027 secs] [Times: user=0.00 sys=0.00, real=0.00 secs] 
2024-07-30T18:38:55.683+0800: 10.759: Total time for which application threads were stopped: 0.0002724 seconds, Stopping threads took: 0.0001357 seconds
2024-07-30T18:38:55.683+0800: 10.759: [CMS-concurrent-mark-start]
2024-07-30T18:38:55.685+0800: 10.760: [CMS-concurrent-mark: 0.001/0.001 secs] [Times: user=0.00 sys=0.00, real=0.00 secs] 
2024-07-30T18:38:55.685+0800: 10.760: [CMS-concurrent-preclean-start]
2024-07-30T18:38:55.685+0800: 10.760: [CMS-concurrent-preclean: 0.000/0.000 secs] [Times: user=0.00 sys=0.00, real=0.00 secs] 
2024-07-30T18:38:55.685+0800: 10.760: [CMS-concurrent-abortable-preclean-start]
2024-07-30T18:38:56.236+0800: 11.311: [CMS-concurrent-abortable-preclean: 0.002/0.551 secs] [Times: user=0.06 sys=0.00, real=0.55 secs] 
2024-07-30T18:38:56.236+0800: 11.311: Application time: 0.5526485 seconds
2024-07-30T18:38:56.236+0800: 11.311: [GC (CMS Final Remark) [YG occupancy: 586293 K (707840 K)]2024-07-30T18:38:56.236+0800: 11.311: [Rescan (parallel) , 0.0008695 secs]2024-07-30T18:38:56.237+0800: 11.312: [weak refs processing, 0.0000153 secs]2024-07-30T18:38:56.237+0800: 11.312: [class unloading, 0.0002406 secs]2024-07-30T18:38:56.237+0800: 11.312: [scrub symbol table, 0.0003398 secs]2024-07-30T18:38:56.238+0800: 11.313: [scrub string table, 0.0000994 secs][1 CMS-remark: 64177K(66760K)] 650470K(774600K), 0.0016488 secs] [Times: user=0.00 sys=0.00, real=0.00 secs] 
2024-07-30T18:38:56.238+0800: 11.313: Total time for which application threads were stopped: 0.0017580 seconds, Stopping threads took: 0.0000202 seconds
2024-07-30T18:38:56.238+0800: 11.313: [CMS-concurrent-sweep-start]
2024-07-30T18:38:56.238+0800: 11.313: [CMS-concurrent-sweep: 0.000/0.000 secs] [Times: user=0.00 sys=0.00, real=0.00 secs] 
2024-07-30T18:38:56.238+0800: 11.313: [CMS-concurrent-reset-start]
2024-07-30T18:38:56.238+0800: 11.314: [CMS-concurrent-reset: 0.000/0.000 secs] [Times: user=0.00 sys=0.00, real=0.00 secs] 
2024-07-30T18:38:56.363+0800: 11.438: Application time: 0.1248485 seconds
2024-07-30T18:38:56.363+0800: 11.438: [GC (Allocation Failure) 2024-07-30T18:38:56.363+0800: 11.438: [ParNew: 707073K->77825K(707840K), 0.0268045 secs] 743602K->162482K(794132K), 0.0268653 secs] [Times: user=0.05 sys=0.01, real=0.03 secs] 
2024-07-30T18:38:56.389+0800: 11.465: Total time for which application threads were stopped: 0.0269812 seconds, Stopping threads took: 0.0000198 seconds
2024-07-30T18:38:56.390+0800: 11.465: Application time: 0.0001264 seconds
2024-07-30T18:38:56.390+0800: 11.465: [GC (CMS Initial Mark) [1 CMS-initial-mark: 84657K(86292K)] 176954K(794132K), 0.0000948 secs] [Times: user=0.00 sys=0.00, real=0.00 secs] 
2024-07-30T18:38:56.390+0800: 11.465: Total time for which application threads were stopped: 0.0002086 seconds, Stopping threads took: 0.0000794 seconds
2024-07-30T18:38:56.390+0800: 11.465: [CMS-concurrent-mark-start]
2024-07-30T18:38:56.391+0800: 11.466: [CMS-concurrent-mark: 0.001/0.001 secs] [Times: user=0.00 sys=0.00, real=0.00 secs] 
2024-07-30T18:38:56.391+0800: 11.466: [CMS-concurrent-preclean-start]
2024-07-30T18:38:56.391+0800: 11.467: [CMS-concurrent-preclean: 0.000/0.000 secs] [Times: user=0.00 sys=0.00, real=0.00 secs] 
2024-07-30T18:38:56.391+0800: 11.467: [CMS-concurrent-abortable-preclean-start]
2024-07-30T18:38:56.391+0800: 11.467: [CMS-concurrent-abortable-preclean: 0.000/0.000 secs] [Times: user=0.00 sys=0.00, real=0.00 secs] 
2024-07-30T18:38:56.392+0800: 11.467: Application time: 0.0017415 seconds
2024-07-30T18:38:56.392+0800: 11.467: [GC (CMS Final Remark) [YG occupancy: 105745 K (707840 K)]2024-07-30T18:38:56.392+0800: 11.467: [Rescan (parallel) , 0.0003440 secs]2024-07-30T18:38:56.392+0800: 11.467: [weak refs processing, 0.0000126 secs]2024-07-30T18:38:56.392+0800: 11.467: [class unloading, 0.0002119 secs]2024-07-30T18:38:56.392+0800: 11.468: [scrub symbol table, 0.0003634 secs]2024-07-30T18:38:56.393+0800: 11.468: [scrub string table, 0.0000924 secs][1 CMS-remark: 84657K(86292K)] 190402K(794132K), 0.0010919 secs] [Times: user=0.00 sys=0.00, real=0.00 secs] 
2024-07-30T18:38:56.393+0800: 11.468: Total time for which application threads were stopped: 0.0012149 seconds, Stopping threads took: 0.0000896 seconds
2024-07-30T18:38:56.393+0800: 11.468: [CMS-concurrent-sweep-start]
2024-07-30T18:38:56.394+0800: 11.469: [CMS-concurrent-sweep: 0.001/0.001 secs] [Times: user=0.00 sys=0.00, real=0.00 secs] 
2024-07-30T18:38:56.394+0800: 11.469: [CMS-concurrent-reset-start]
2024-07-30T18:38:56.394+0800: 11.469: [CMS-concurrent-reset: 0.000/0.000 secs] [Times: user=0.00 sys=0.00, real=0.00 secs] 
Heap
 par new generation   total 707840K, used 387289K [0x00000000c8000000, 0x00000000f8000000, 0x00000000f8000000)
  eden space 629248K,  49% used [0x00000000c8000000, 0x00000000dae36138, 0x00000000ee680000)
  from space 78592K,  99% used [0x00000000ee680000, 0x00000000f32804c0, 0x00000000f3340000)
  to   space 78592K,   0% used [0x00000000f3340000, 0x00000000f3340000, 0x00000000f8000000)
 concurrent mark-sweep generation total 86292K, used 48817K [0x00000000f8000000, 0x00000000fd445000, 0x0000000100000000)
 Metaspace       used 3005K, capacity 4486K, committed 4864K, reserved 1056768K
  class space    used 310K, capacity 386K, committed 512K, reserved 1048576K
2024-07-30T18:38:56.723+0800: 11.798: Application time: 0.3298066 seconds
