OpenJDK 64-Bit Server VM (25.412-b1) for windows-amd64 JRE (1.8.0_412-b1), built on Apr 23 2024 12:00:37 by "Administrator" with MS VC++ 10.0 (VS2010)
Memory: 4k page, physical 16672068k(5124484k free), swap 19811428k(4797892k free)
CommandLine flags: -XX:GCDrainStackTargetSize=64 -XX:InitialHeapSize=810758960 -XX:MaxHeapSize=939524096 -XX:MaxNewSize=805306368 -XX:MaxTenuringThreshold=6 -XX:NewSize=805306368 -XX:OldPLABSize=16 -XX:+PrintGC -XX:+PrintGCApplicationConcurrentTime -XX:+PrintGCApplicationStoppedTime -XX:+PrintGCDateStamps -XX:+PrintGCDetails -XX:+PrintGCTimeStamps -XX:+UseCompressedClassPointers -XX:+UseCompressedOops -XX:+UseConcMarkSweepGC -XX:-UseLargePagesIndividualAllocation -XX:+UseParNewGC 
2024-07-30T18:41:14.052+0800: 1.026: Application time: 0.9475520 seconds
2024-07-30T18:41:14.053+0800: 1.026: Total time for which application threads were stopped: 0.0006038 seconds, Stopping threads took: 0.0005625 seconds
2024-07-30T18:41:14.058+0800: 1.032: Application time: 0.0054134 seconds
2024-07-30T18:41:14.058+0800: 1.032: [GC (Allocation Failure) 2024-07-30T18:41:14.058+0800: 1.032: [ParNew: 629042K->14051K(707840K), 0.0079339 secs] 629042K->14051K(713984K), 0.0081242 secs] [Times: user=0.00 sys=0.00, real=0.01 secs] 
2024-07-30T18:41:14.066+0800: 1.040: Total time for which application threads were stopped: 0.0082589 seconds, Stopping threads took: 0.0000184 seconds
2024-07-30T18:41:14.741+0800: 1.715: Application time: 0.6748696 seconds
2024-07-30T18:41:14.741+0800: 1.715: [GC (Allocation Failure) 2024-07-30T18:41:14.741+0800: 1.715: [ParNew: 643299K->8207K(707840K), 0.0048919 secs] 643299K->8207K(713984K), 0.0049557 secs] [Times: user=0.00 sys=0.00, real=0.00 secs] 
2024-07-30T18:41:14.746+0800: 1.720: Total time for which application threads were stopped: 0.0050910 seconds, Stopping threads took: 0.0000190 seconds
2024-07-30T18:41:15.461+0800: 2.435: Application time: 0.7146281 seconds
2024-07-30T18:41:15.461+0800: 2.435: [GC (Allocation Failure) 2024-07-30T18:41:15.461+0800: 2.435: [ParNew: 637455K->12141K(707840K), 0.0027592 secs] 637455K->12141K(713984K), 0.0028185 secs] [Times: user=0.00 sys=0.00, real=0.00 secs] 
2024-07-30T18:41:15.464+0800: 2.438: Total time for which application threads were stopped: 0.0029490 seconds, Stopping threads took: 0.0000183 seconds
2024-07-30T18:41:16.143+0800: 3.117: Application time: 0.6795966 seconds
2024-07-30T18:41:16.143+0800: 3.117: [GC (Allocation Failure) 2024-07-30T18:41:16.143+0800: 3.117: [ParNew: 641389K->19293K(707840K), 0.0118627 secs] 641389K->19293K(713984K), 0.0119420 secs] [Times: user=0.03 sys=0.00, real=0.01 secs] 
2024-07-30T18:41:16.155+0800: 3.129: Total time for which application threads were stopped: 0.0120705 seconds, Stopping threads took: 0.0000272 seconds
2024-07-30T18:41:16.847+0800: 3.821: Application time: 0.6921319 seconds
2024-07-30T18:41:16.848+0800: 3.821: [GC (Allocation Failure) 2024-07-30T18:41:16.848+0800: 3.821: [ParNew: 648541K->29550K(707840K), 0.0118448 secs] 648541K->29550K(713984K), 0.0119188 secs] [Times: user=0.00 sys=0.00, real=0.01 secs] 
2024-07-30T18:41:16.860+0800: 3.833: Total time for which application threads were stopped: 0.0121013 seconds, Stopping threads took: 0.0000324 seconds
2024-07-30T18:41:17.140+0800: 4.114: Application time: 0.2804891 seconds
2024-07-30T18:41:17.140+0800: 4.114: Total time for which application threads were stopped: 0.0000810 seconds, Stopping threads took: 0.0000328 seconds
2024-07-30T18:41:17.551+0800: 4.525: Application time: 0.4108472 seconds
2024-07-30T18:41:17.551+0800: 4.525: [GC (Allocation Failure) 2024-07-30T18:41:17.551+0800: 4.525: [ParNew: 658798K->38824K(707840K), 0.0142928 secs] 658798K->38824K(713984K), 0.0143523 secs] [Times: user=0.02 sys=0.00, real=0.01 secs] 
2024-07-30T18:41:17.566+0800: 4.539: Total time for which application threads were stopped: 0.0144771 seconds, Stopping threads took: 0.0000193 seconds
2024-07-30T18:41:18.268+0800: 5.241: Application time: 0.7018895 seconds
2024-07-30T18:41:18.268+0800: 5.241: [GC (Allocation Failure) 2024-07-30T18:41:18.268+0800: 5.241: [ParNew: 668072K->42440K(707840K), 0.0129381 secs] 668072K->43123K(713984K), 0.0130440 secs] [Times: user=0.06 sys=0.01, real=0.01 secs] 
2024-07-30T18:41:18.281+0800: 5.254: Total time for which application threads were stopped: 0.0131716 seconds, Stopping threads took: 0.0000189 seconds
2024-07-30T18:41:18.946+0800: 5.920: Application time: 0.6660224 seconds
2024-07-30T18:41:18.946+0800: 5.920: [GC (Allocation Failure) 2024-07-30T18:41:18.946+0800: 5.921: [ParNew: 671688K->45089K(707840K), 0.0099685 secs] 672371K->45773K(713984K), 0.0100281 secs] [Times: user=0.00 sys=0.00, real=0.01 secs] 
2024-07-30T18:41:18.956+0800: 5.931: Total time for which application threads were stopped: 0.0101412 seconds, Stopping threads took: 0.0000191 seconds
2024-07-30T18:41:19.624+0800: 6.598: Application time: 0.6673780 seconds
2024-07-30T18:41:19.624+0800: 6.598: [GC (Allocation Failure) 2024-07-30T18:41:19.625+0800: 6.598: [ParNew: 674337K->54293K(707840K), 0.0131944 secs] 675021K->54977K(713984K), 0.0132583 secs] [Times: user=0.03 sys=0.00, real=0.01 secs] 
2024-07-30T18:41:19.638+0800: 6.611: Total time for which application threads were stopped: 0.0133765 seconds, Stopping threads took: 0.0000197 seconds
2024-07-30T18:41:20.302+0800: 7.275: Application time: 0.6637372 seconds
2024-07-30T18:41:20.302+0800: 7.275: [GC (Allocation Failure) 2024-07-30T18:41:20.302+0800: 7.275: [ParNew: 683541K->60416K(707840K), 0.0155134 secs] 684225K->61102K(713984K), 0.0155718 secs] [Times: user=0.03 sys=0.00, real=0.01 secs] 
2024-07-30T18:41:20.317+0800: 7.291: Total time for which application threads were stopped: 0.0156906 seconds, Stopping threads took: 0.0000239 seconds
2024-07-30T18:41:20.979+0800: 7.953: Application time: 0.6624247 seconds
2024-07-30T18:41:20.980+0800: 7.953: [GC (Allocation Failure) 2024-07-30T18:41:20.980+0800: 7.953: [ParNew: 689664K->69633K(707840K), 0.0166521 secs] 690350K->70318K(713984K), 0.0167080 secs] [Times: user=0.02 sys=0.01, real=0.02 secs] 
2024-07-30T18:41:20.996+0800: 7.970: Total time for which application threads were stopped: 0.0168197 seconds, Stopping threads took: 0.0000189 seconds
2024-07-30T18:41:21.675+0800: 8.649: Application time: 0.6784983 seconds
2024-07-30T18:41:21.675+0800: 8.649: [GC (Allocation Failure) 2024-07-30T18:41:21.675+0800: 8.649: [ParNew: 698881K->77825K(707840K), 0.0188417 secs] 699566K->79534K(713984K), 0.0189121 secs] [Times: user=0.06 sys=0.00, real=0.02 secs] 
2024-07-30T18:41:21.694+0800: 8.668: Total time for which application threads were stopped: 0.0190610 seconds, Stopping threads took: 0.0000202 seconds
2024-07-30T18:41:22.383+0800: 9.357: Application time: 0.6895832 seconds
2024-07-30T18:41:22.384+0800: 9.357: [GC (Allocation Failure) 2024-07-30T18:41:22.384+0800: 9.357: [ParNew: 707073K->77825K(707840K), 0.0205241 secs] 708782K->88750K(720152K), 0.0205809 secs] [Times: user=0.03 sys=0.00, real=0.02 secs] 
2024-07-30T18:41:22.404+0800: 9.378: Total time for which application threads were stopped: 0.0206931 seconds, Stopping threads took: 0.0000194 seconds
2024-07-30T18:41:22.404+0800: 9.378: Application time: 0.0002052 seconds
2024-07-30T18:41:22.404+0800: 9.378: [GC (CMS Initial Mark) [1 CMS-initial-mark: 10925K(12312K)] 103240K(720152K), 0.0007525 secs] [Times: user=0.00 sys=0.00, real=0.00 secs] 
2024-07-30T18:41:22.405+0800: 9.379: Total time for which application threads were stopped: 0.0008485 seconds, Stopping threads took: 0.0000534 seconds
2024-07-30T18:41:22.405+0800: 9.379: [CMS-concurrent-mark-start]
2024-07-30T18:41:22.406+0800: 9.380: [CMS-concurrent-mark: 0.001/0.001 secs] [Times: user=0.00 sys=0.00, real=0.00 secs] 
2024-07-30T18:41:22.407+0800: 9.380: [CMS-concurrent-preclean-start]
2024-07-30T18:41:22.407+0800: 9.380: [CMS-concurrent-preclean: 0.000/0.000 secs] [Times: user=0.00 sys=0.00, real=0.00 secs] 
2024-07-30T18:41:22.407+0800: 9.380: [CMS-concurrent-abortable-preclean-start]
2024-07-30T18:41:22.963+0800: 9.937: [CMS-concurrent-abortable-preclean: 0.002/0.557 secs] [Times: user=0.00 sys=0.00, real=0.56 secs] 
2024-07-30T18:41:22.964+0800: 9.937: Application time: 0.5585435 seconds
2024-07-30T18:41:22.964+0800: 9.938: [GC (CMS Final Remark) [YG occupancy: 523214 K (707840 K)]2024-07-30T18:41:22.964+0800: 9.938: [Rescan (parallel) , 0.0007943 secs]2024-07-30T18:41:22.965+0800: 9.938: [weak refs processing, 0.0000136 secs]2024-07-30T18:41:22.965+0800: 9.938: [class unloading, 0.0003835 secs]2024-07-30T18:41:22.965+0800: 9.939: [scrub symbol table, 0.0003647 secs]2024-07-30T18:41:22.965+0800: 9.939: [scrub string table, 0.0000931 secs][1 CMS-remark: 10925K(12312K)] 534139K(720152K), 0.0017330 secs] [Times: user=0.00 sys=0.00, real=0.00 secs] 
2024-07-30T18:41:22.965+0800: 9.939: Total time for which application threads were stopped: 0.0018563 seconds, Stopping threads took: 0.0000814 seconds
2024-07-30T18:41:22.966+0800: 9.940: [CMS-concurrent-sweep-start]
2024-07-30T18:41:22.967+0800: 9.941: [CMS-concurrent-sweep: 0.001/0.001 secs] [Times: user=0.00 sys=0.00, real=0.00 secs] 
2024-07-30T18:41:22.967+0800: 9.941: [CMS-concurrent-reset-start]
2024-07-30T18:41:22.969+0800: 9.943: [CMS-concurrent-reset: 0.002/0.002 secs] [Times: user=0.00 sys=0.00, real=0.00 secs] 
2024-07-30T18:41:23.095+0800: 10.068: Application time: 0.1289876 seconds
2024-07-30T18:41:23.095+0800: 10.068: [GC (Allocation Failure) 2024-07-30T18:41:23.095+0800: 10.068: [ParNew: 707073K->77825K(707840K), 0.0222526 secs] 716973K->104109K(735652K), 0.0223108 secs] [Times: user=0.06 sys=0.00, real=0.02 secs] 
2024-07-30T18:41:23.116+0800: 10.091: Total time for which application threads were stopped: 0.0224203 seconds, Stopping threads took: 0.0000193 seconds
2024-07-30T18:41:23.117+0800: 10.091: Application time: 0.0002425 seconds
2024-07-30T18:41:23.117+0800: 10.091: [GC (CMS Initial Mark) [1 CMS-initial-mark: 26284K(27812K)] 118603K(735652K), 0.0008219 secs] [Times: user=0.00 sys=0.00, real=0.00 secs] 
2024-07-30T18:41:23.118+0800: 10.092: Total time for which application threads were stopped: 0.0009542 seconds, Stopping threads took: 0.0000899 seconds
2024-07-30T18:41:23.118+0800: 10.092: [CMS-concurrent-mark-start]
2024-07-30T18:41:23.119+0800: 10.093: [CMS-concurrent-mark: 0.001/0.001 secs] [Times: user=0.00 sys=0.00, real=0.00 secs] 
2024-07-30T18:41:23.119+0800: 10.093: [CMS-concurrent-preclean-start]
2024-07-30T18:41:23.119+0800: 10.093: [CMS-concurrent-preclean: 0.000/0.000 secs] [Times: user=0.00 sys=0.00, real=0.00 secs] 
2024-07-30T18:41:23.119+0800: 10.093: [CMS-concurrent-abortable-preclean-start]
2024-07-30T18:41:23.672+0800: 10.646: [CMS-concurrent-abortable-preclean: 0.002/0.553 secs] [Times: user=0.03 sys=0.00, real=0.55 secs] 
2024-07-30T18:41:23.672+0800: 10.646: Application time: 0.5539498 seconds
2024-07-30T18:41:23.672+0800: 10.646: [GC (CMS Final Remark) [YG occupancy: 509870 K (707840 K)]2024-07-30T18:41:23.672+0800: 10.646: [Rescan (parallel) , 0.0003539 secs]2024-07-30T18:41:23.673+0800: 10.646: [weak refs processing, 0.0000150 secs]2024-07-30T18:41:23.673+0800: 10.646: [class unloading, 0.0002361 secs]2024-07-30T18:41:23.673+0800: 10.647: [scrub symbol table, 0.0003396 secs]2024-07-30T18:41:23.673+0800: 10.647: [scrub string table, 0.0001070 secs][1 CMS-remark: 26284K(27812K)] 536154K(735652K), 0.0011351 secs] [Times: user=0.00 sys=0.00, real=0.00 secs] 
2024-07-30T18:41:23.674+0800: 10.647: Total time for which application threads were stopped: 0.0013033 seconds, Stopping threads took: 0.0001235 seconds
2024-07-30T18:41:23.674+0800: 10.647: [CMS-concurrent-sweep-start]
2024-07-30T18:41:23.675+0800: 10.649: [CMS-concurrent-sweep: 0.001/0.001 secs] [Times: user=0.00 sys=0.00, real=0.00 secs] 
2024-07-30T18:41:23.675+0800: 10.649: [CMS-concurrent-reset-start]
2024-07-30T18:41:23.676+0800: 10.649: [CMS-concurrent-reset: 0.000/0.000 secs] [Times: user=0.00 sys=0.00, real=0.00 secs] 
2024-07-30T18:41:23.788+0800: 10.762: Application time: 0.1148107 seconds
2024-07-30T18:41:23.788+0800: 10.762: [GC (Allocation Failure) 2024-07-30T18:41:23.789+0800: 10.762: [ParNew: 707073K->77825K(707840K), 0.0210167 secs] 724141K->118446K(750680K), 0.0211576 secs] [Times: user=0.03 sys=0.00, real=0.02 secs] 
2024-07-30T18:41:23.810+0800: 10.783: Total time for which application threads were stopped: 0.0212687 seconds, Stopping threads took: 0.0000163 seconds
2024-07-30T18:41:23.810+0800: 10.783: Application time: 0.0001080 seconds
2024-07-30T18:41:23.810+0800: 10.783: [GC (CMS Initial Mark) [1 CMS-initial-mark: 40620K(42840K)] 131910K(750680K), 0.0007408 secs] [Times: user=0.00 sys=0.00, real=0.00 secs] 
2024-07-30T18:41:23.811+0800: 10.784: Total time for which application threads were stopped: 0.0008062 seconds, Stopping threads took: 0.0000186 seconds
2024-07-30T18:41:23.811+0800: 10.784: [CMS-concurrent-mark-start]
2024-07-30T18:41:23.811+0800: 10.785: [CMS-concurrent-mark: 0.001/0.001 secs] [Times: user=0.00 sys=0.00, real=0.00 secs] 
2024-07-30T18:41:23.811+0800: 10.785: [CMS-concurrent-preclean-start]
2024-07-30T18:41:23.811+0800: 10.785: [CMS-concurrent-preclean: 0.000/0.000 secs] [Times: user=0.00 sys=0.00, real=0.00 secs] 
2024-07-30T18:41:23.811+0800: 10.785: [CMS-concurrent-abortable-preclean-start]
2024-07-30T18:41:24.362+0800: 11.336: [CMS-concurrent-abortable-preclean: 0.001/0.551 secs] [Times: user=0.06 sys=0.00, real=0.55 secs] 
2024-07-30T18:41:24.362+0800: 11.336: Application time: 0.5517025 seconds
2024-07-30T18:41:24.362+0800: 11.336: [GC (CMS Final Remark) [YG occupancy: 495231 K (707840 K)]2024-07-30T18:41:24.362+0800: 11.336: [Rescan (parallel) , 0.0007160 secs]2024-07-30T18:41:24.363+0800: 11.337: [weak refs processing, 0.0000150 secs]2024-07-30T18:41:24.363+0800: 11.337: [class unloading, 0.0002199 secs]2024-07-30T18:41:24.363+0800: 11.337: [scrub symbol table, 0.0003196 secs]2024-07-30T18:41:24.364+0800: 11.337: [scrub string table, 0.0000933 secs][1 CMS-remark: 40620K(42840K)] 535852K(750680K), 0.0014473 secs] [Times: user=0.01 sys=0.00, real=0.00 secs] 
2024-07-30T18:41:24.364+0800: 11.337: Total time for which application threads were stopped: 0.0015106 seconds, Stopping threads took: 0.0000195 seconds
2024-07-30T18:41:24.364+0800: 11.338: [CMS-concurrent-sweep-start]
2024-07-30T18:41:24.364+0800: 11.338: [CMS-concurrent-sweep: 0.000/0.000 secs] [Times: user=0.00 sys=0.00, real=0.00 secs] 
2024-07-30T18:41:24.364+0800: 11.338: [CMS-concurrent-reset-start]
2024-07-30T18:41:24.364+0800: 11.338: [CMS-concurrent-reset: 0.000/0.000 secs] [Times: user=0.00 sys=0.00, real=0.00 secs] 
2024-07-30T18:41:24.600+0800: 11.574: Application time: 0.2363525 seconds
2024-07-30T18:41:24.600+0800: 11.574: [GC (Allocation Failure) 2024-07-30T18:41:24.600+0800: 11.574: [ParNew: 707073K->77825K(707840K), 0.0221401 secs] 731309K->132782K(764044K), 0.0222067 secs] [Times: user=0.03 sys=0.00, real=0.02 secs] 
2024-07-30T18:41:24.622+0800: 11.596: Total time for which application threads were stopped: 0.0223264 seconds, Stopping threads took: 0.0000257 seconds
2024-07-30T18:41:24.622+0800: 11.596: Application time: 0.0002314 seconds
2024-07-30T18:41:24.622+0800: 11.596: [GC (CMS Initial Mark) [1 CMS-initial-mark: 54957K(56204K)] 147260K(764044K), 0.0006681 secs] [Times: user=0.00 sys=0.00, real=0.00 secs] 
2024-07-30T18:41:24.623+0800: 11.597: Total time for which application threads were stopped: 0.0008013 seconds, Stopping threads took: 0.0000919 seconds
2024-07-30T18:41:24.623+0800: 11.597: [CMS-concurrent-mark-start]
2024-07-30T18:41:24.624+0800: 11.598: [CMS-concurrent-mark: 0.001/0.001 secs] [Times: user=0.00 sys=0.00, real=0.00 secs] 
2024-07-30T18:41:24.624+0800: 11.598: [CMS-concurrent-preclean-start]
2024-07-30T18:41:24.624+0800: 11.599: [CMS-concurrent-preclean: 0.000/0.000 secs] [Times: user=0.00 sys=0.00, real=0.00 secs] 
2024-07-30T18:41:24.624+0800: 11.599: [CMS-concurrent-abortable-preclean-start]
Heap
 par new generation   total 707840K, used 400887K [0x00000000c8000000, 0x00000000f8000000, 0x00000000f8000000)
  eden space 629248K,  51% used [0x00000000c8000000, 0x00000000dbb7d9e8, 0x00000000ee680000)
  from space 78592K,  99% used [0x00000000ee680000, 0x00000000f32804c0, 0x00000000f3340000)
  to   space 78592K,   0% used [0x00000000f3340000, 0x00000000f3340000, 0x00000000f8000000)
 concurrent mark-sweep generation total 56204K, used 54957K [0x00000000f8000000, 0x00000000fb6e3000, 0x0000000100000000)
 Metaspace       used 3005K, capacity 4486K, committed 4864K, reserved 1056768K
  class space    used 310K, capacity 386K, committed 512K, reserved 1048576K
2024-07-30T18:41:24.961+0800: 11.935: Application time: 0.3379235 seconds
