OpenJDK 64-Bit Server VM (25.412-b1) for windows-amd64 JRE (1.8.0_412-b1), built on Apr 23 2024 12:00:37 by "Administrator" with MS VC++ 10.0 (VS2010)
Memory: 4k page, physical 16672068k(4914784k free), swap 19811428k(4773624k free)
CommandLine flags: -XX:-CMSParallelInitialMarkEnabled -XX:GCDrainStackTargetSize=64 -XX:InitialHeapSize=810758960 -XX:MaxHeapSize=939524096 -XX:MaxNewSize=805306368 -XX:MaxTenuringThreshold=6 -XX:NewSize=805306368 -XX:OldPLABSize=16 -XX:+PrintGC -XX:+PrintGCApplicationConcurrentTime -XX:+PrintGCApplicationStoppedTime -XX:+PrintGCDateStamps -XX:+PrintGCDetails -XX:+PrintGCTimeStamps -XX:+UseCompressedClassPointers -XX:+UseCompressedOops -XX:+UseConcMarkSweepGC -XX:-UseLargePagesIndividualAllocation -XX:+UseParNewGC 
2024-07-30T18:38:57.844+0800: 1.026: Application time: 0.9451683 seconds
2024-07-30T18:38:57.845+0800: 1.026: Total time for which application threads were stopped: 0.0000567 seconds, Stopping threads took: 0.0000215 seconds
2024-07-30T18:38:57.866+0800: 1.048: Application time: 0.0216414 seconds
2024-07-30T18:38:57.866+0800: 1.048: [GC (Allocation Failure) 2024-07-30T18:38:57.866+0800: 1.048: [ParNew: 629042K->14046K(707840K), 0.0082433 secs] 629042K->14046K(713984K), 0.0084661 secs] [Times: user=0.00 sys=0.00, real=0.01 secs] 
2024-07-30T18:38:57.874+0800: 1.057: Total time for which application threads were stopped: 0.0085929 seconds, Stopping threads took: 0.0000242 seconds
2024-07-30T18:38:58.550+0800: 1.732: Application time: 0.6750129 seconds
2024-07-30T18:38:58.550+0800: 1.732: [GC (Allocation Failure) 2024-07-30T18:38:58.550+0800: 1.732: [ParNew: 643294K->8201K(707840K), 0.0047857 secs] 643294K->8201K(713984K), 0.0048421 secs] [Times: user=0.02 sys=0.01, real=0.00 secs] 
2024-07-30T18:38:58.555+0800: 1.737: Total time for which application threads were stopped: 0.0049632 seconds, Stopping threads took: 0.0000239 seconds
2024-07-30T18:38:59.225+0800: 2.407: Application time: 0.6706035 seconds
2024-07-30T18:38:59.225+0800: 2.407: [GC (Allocation Failure) 2024-07-30T18:38:59.225+0800: 2.407: [ParNew: 637449K->12155K(707840K), 0.0025016 secs] 637449K->12155K(713984K), 0.0025547 secs] [Times: user=0.00 sys=0.00, real=0.00 secs] 
2024-07-30T18:38:59.228+0800: 2.410: Total time for which application threads were stopped: 0.0026876 seconds, Stopping threads took: 0.0000181 seconds
2024-07-30T18:38:59.907+0800: 3.089: Application time: 0.6796034 seconds
2024-07-30T18:38:59.907+0800: 3.089: [GC (Allocation Failure) 2024-07-30T18:38:59.907+0800: 3.090: [ParNew: 641403K->15283K(707840K), 0.0053352 secs] 641403K->15283K(713984K), 0.0054062 secs] [Times: user=0.01 sys=0.02, real=0.01 secs] 
2024-07-30T18:38:59.913+0800: 3.095: Total time for which application threads were stopped: 0.0055233 seconds, Stopping threads took: 0.0000221 seconds
2024-07-30T18:39:00.602+0800: 3.784: Application time: 0.6887103 seconds
2024-07-30T18:39:00.602+0800: 3.784: [GC (Allocation Failure) 2024-07-30T18:39:00.602+0800: 3.784: [ParNew: 644531K->25488K(707840K), 0.0084527 secs] 644531K->25488K(713984K), 0.0085118 secs] [Times: user=0.00 sys=0.00, real=0.01 secs] 
2024-07-30T18:39:00.610+0800: 3.792: Total time for which application threads were stopped: 0.0086204 seconds, Stopping threads took: 0.0000196 seconds
2024-07-30T18:39:00.944+0800: 4.126: Application time: 0.3338589 seconds
2024-07-30T18:39:00.944+0800: 4.126: Total time for which application threads were stopped: 0.0001984 seconds, Stopping threads took: 0.0001551 seconds
2024-07-30T18:39:01.291+0800: 4.473: Application time: 0.3466908 seconds
2024-07-30T18:39:01.291+0800: 4.473: [GC (Allocation Failure) 2024-07-30T18:39:01.291+0800: 4.473: [ParNew: 654736K->35737K(707840K), 0.0134801 secs] 654736K->35737K(713984K), 0.0135421 secs] [Times: user=0.03 sys=0.00, real=0.01 secs] 
2024-07-30T18:39:01.305+0800: 4.487: Total time for which application threads were stopped: 0.0136535 seconds, Stopping threads took: 0.0000195 seconds
2024-07-30T18:39:01.986+0800: 5.168: Application time: 0.6808650 seconds
2024-07-30T18:39:01.986+0800: 5.168: [GC (Allocation Failure) 2024-07-30T18:39:01.986+0800: 5.168: [ParNew: 664985K->41381K(707840K), 0.0144889 secs] 664985K->42067K(713984K), 0.0145892 secs] [Times: user=0.03 sys=0.01, real=0.01 secs] 
2024-07-30T18:39:02.000+0800: 5.182: Total time for which application threads were stopped: 0.0147097 seconds, Stopping threads took: 0.0000192 seconds
2024-07-30T18:39:02.664+0800: 5.846: Application time: 0.6636679 seconds
2024-07-30T18:39:02.664+0800: 5.846: [GC (Allocation Failure) 2024-07-30T18:39:02.664+0800: 5.846: [ParNew: 670629K->48128K(707840K), 0.0125830 secs] 671315K->48815K(713984K), 0.0126425 secs] [Times: user=0.00 sys=0.00, real=0.01 secs] 
2024-07-30T18:39:02.677+0800: 5.859: Total time for which application threads were stopped: 0.0127575 seconds, Stopping threads took: 0.0000190 seconds
2024-07-30T18:39:03.341+0800: 6.523: Application time: 0.6645174 seconds
2024-07-30T18:39:03.341+0800: 6.523: [GC (Allocation Failure) 2024-07-30T18:39:03.341+0800: 6.523: [ParNew: 677376K->56342K(707840K), 0.0144096 secs] 678063K->57029K(713984K), 0.0144714 secs] [Times: user=0.03 sys=0.00, real=0.01 secs] 
2024-07-30T18:39:03.356+0800: 6.538: Total time for which application threads were stopped: 0.0145896 seconds, Stopping threads took: 0.0000195 seconds
2024-07-30T18:39:04.016+0800: 7.198: Application time: 0.6602558 seconds
2024-07-30T18:39:04.016+0800: 7.198: [GC (Allocation Failure) 2024-07-30T18:39:04.016+0800: 7.198: [ParNew: 684567K->67585K(707840K), 0.0179815 secs] 685254K->68272K(713984K), 0.0180564 secs] [Times: user=0.03 sys=0.00, real=0.02 secs] 
2024-07-30T18:39:04.035+0800: 7.216: Total time for which application threads were stopped: 0.0181730 seconds, Stopping threads took: 0.0000186 seconds
2024-07-30T18:39:04.700+0800: 7.882: Application time: 0.6657259 seconds
2024-07-30T18:39:04.700+0800: 7.882: [GC (Allocation Failure) 2024-07-30T18:39:04.700+0800: 7.882: [ParNew: 696833K->76801K(707840K), 0.0192355 secs] 697520K->77488K(713984K), 0.0192961 secs] [Times: user=0.03 sys=0.00, real=0.02 secs] 
2024-07-30T18:39:04.720+0800: 7.901: Total time for which application threads were stopped: 0.0194161 seconds, Stopping threads took: 0.0000195 seconds
2024-07-30T18:39:05.392+0800: 8.574: Application time: 0.6727109 seconds
2024-07-30T18:39:05.392+0800: 8.574: [GC (Allocation Failure) 2024-07-30T18:39:05.392+0800: 8.574: [ParNew: 706049K->77825K(707840K), 0.0183292 secs] 706736K->83632K(715012K), 0.0183920 secs] [Times: user=0.05 sys=0.02, real=0.02 secs] 
2024-07-30T18:39:05.410+0800: 8.593: Total time for which application threads were stopped: 0.0185081 seconds, Stopping threads took: 0.0000210 seconds
2024-07-30T18:39:05.410+0800: 8.593: Application time: 0.0002228 seconds
2024-07-30T18:39:05.410+0800: 8.593: [GC (CMS Initial Mark) [1 CMS-initial-mark: 5807K(7172K)] 98080K(715012K), 0.0001177 secs] [Times: user=0.00 sys=0.00, real=0.00 secs] 
2024-07-30T18:39:05.411+0800: 8.593: Total time for which application threads were stopped: 0.0002175 seconds, Stopping threads took: 0.0000633 seconds
2024-07-30T18:39:05.411+0800: 8.593: [CMS-concurrent-mark-start]
2024-07-30T18:39:05.412+0800: 8.594: [CMS-concurrent-mark: 0.001/0.001 secs] [Times: user=0.00 sys=0.00, real=0.00 secs] 
2024-07-30T18:39:05.412+0800: 8.595: [CMS-concurrent-preclean-start]
2024-07-30T18:39:05.412+0800: 8.595: [CMS-concurrent-preclean: 0.000/0.000 secs] [Times: user=0.00 sys=0.00, real=0.00 secs] 
2024-07-30T18:39:05.412+0800: 8.595: [CMS-concurrent-abortable-preclean-start]
2024-07-30T18:39:05.955+0800: 9.136: [CMS-concurrent-abortable-preclean: 0.001/0.542 secs] [Times: user=0.06 sys=0.00, real=0.54 secs] 
2024-07-30T18:39:05.955+0800: 9.137: Application time: 0.5436440 seconds
2024-07-30T18:39:05.955+0800: 9.137: [GC (CMS Final Remark) [YG occupancy: 521826 K (707840 K)]2024-07-30T18:39:05.955+0800: 9.137: [Rescan (parallel) , 0.0003994 secs]2024-07-30T18:39:05.956+0800: 9.137: [weak refs processing, 0.0000190 secs]2024-07-30T18:39:05.956+0800: 9.137: [class unloading, 0.0003733 secs]2024-07-30T18:39:05.956+0800: 9.138: [scrub symbol table, 0.0003836 secs]2024-07-30T18:39:05.956+0800: 9.138: [scrub string table, 0.0001005 secs][1 CMS-remark: 5807K(7172K)] 527633K(715012K), 0.0013887 secs] [Times: user=0.00 sys=0.00, real=0.00 secs] 
2024-07-30T18:39:05.956+0800: 9.138: Total time for which application threads were stopped: 0.0015060 seconds, Stopping threads took: 0.0000719 seconds
2024-07-30T18:39:05.957+0800: 9.138: [CMS-concurrent-sweep-start]
2024-07-30T18:39:05.958+0800: 9.140: [CMS-concurrent-sweep: 0.001/0.001 secs] [Times: user=0.03 sys=0.00, real=0.00 secs] 
2024-07-30T18:39:05.958+0800: 9.140: [CMS-concurrent-reset-start]
2024-07-30T18:39:05.960+0800: 9.142: [CMS-concurrent-reset: 0.002/0.002 secs] [Times: user=0.00 sys=0.00, real=0.00 secs] 
2024-07-30T18:39:06.085+0800: 9.267: Application time: 0.1288389 seconds
2024-07-30T18:39:06.085+0800: 9.267: [GC (Allocation Failure) 2024-07-30T18:39:06.085+0800: 9.267: [ParNew: 707073K->77825K(707840K), 0.0222113 secs] 712879K->97967K(728828K), 0.0222856 secs] [Times: user=0.02 sys=0.00, real=0.02 secs] 
2024-07-30T18:39:06.108+0800: 9.289: Total time for which application threads were stopped: 0.0224404 seconds, Stopping threads took: 0.0000204 seconds
2024-07-30T18:39:06.108+0800: 9.290: Application time: 0.0000952 seconds
2024-07-30T18:39:06.108+0800: 9.290: [GC (CMS Initial Mark) [1 CMS-initial-mark: 20142K(20988K)] 98991K(728828K), 0.0001893 secs] [Times: user=0.00 sys=0.00, real=0.00 secs] 
2024-07-30T18:39:06.108+0800: 9.290: Total time for which application threads were stopped: 0.0003027 seconds, Stopping threads took: 0.0000597 seconds
2024-07-30T18:39:06.108+0800: 9.290: [CMS-concurrent-mark-start]
2024-07-30T18:39:06.109+0800: 9.291: [CMS-concurrent-mark: 0.001/0.001 secs] [Times: user=0.00 sys=0.00, real=0.00 secs] 
2024-07-30T18:39:06.109+0800: 9.291: [CMS-concurrent-preclean-start]
2024-07-30T18:39:06.109+0800: 9.291: [CMS-concurrent-preclean: 0.000/0.000 secs] [Times: user=0.00 sys=0.00, real=0.00 secs] 
2024-07-30T18:39:06.109+0800: 9.291: [CMS-concurrent-abortable-preclean-start]
2024-07-30T18:39:06.659+0800: 9.841: [CMS-concurrent-abortable-preclean: 0.001/0.550 secs] [Times: user=0.06 sys=0.00, real=0.55 secs] 
2024-07-30T18:39:06.659+0800: 9.841: Application time: 0.5513337 seconds
2024-07-30T18:39:06.659+0800: 9.841: [GC (CMS Final Remark) [YG occupancy: 508536 K (707840 K)]2024-07-30T18:39:06.659+0800: 9.841: [Rescan (parallel) , 0.0006088 secs]2024-07-30T18:39:06.660+0800: 9.842: [weak refs processing, 0.0000152 secs]2024-07-30T18:39:06.660+0800: 9.842: [class unloading, 0.0002390 secs]2024-07-30T18:39:06.660+0800: 9.842: [scrub symbol table, 0.0003360 secs]2024-07-30T18:39:06.660+0800: 9.843: [scrub string table, 0.0001106 secs][1 CMS-remark: 20142K(20988K)] 528679K(728828K), 0.0014057 secs] [Times: user=0.01 sys=0.00, real=0.00 secs] 
2024-07-30T18:39:06.661+0800: 9.843: Total time for which application threads were stopped: 0.0014962 seconds, Stopping threads took: 0.0000260 seconds
2024-07-30T18:39:06.661+0800: 9.843: [CMS-concurrent-sweep-start]
2024-07-30T18:39:06.661+0800: 9.843: [CMS-concurrent-sweep: 0.000/0.000 secs] [Times: user=0.00 sys=0.00, real=0.00 secs] 
2024-07-30T18:39:06.661+0800: 9.843: [CMS-concurrent-reset-start]
2024-07-30T18:39:06.661+0800: 9.843: [CMS-concurrent-reset: 0.000/0.000 secs] [Times: user=0.00 sys=0.00, real=0.00 secs] 
2024-07-30T18:39:06.791+0800: 9.974: Application time: 0.1312403 seconds
2024-07-30T18:39:06.792+0800: 9.974: [GC (Allocation Failure) 2024-07-30T18:39:06.792+0800: 9.974: [ParNew: 707073K->77825K(707840K), 0.0248568 secs] 722095K->116400K(747272K), 0.0249271 secs] [Times: user=0.03 sys=0.00, real=0.02 secs] 
2024-07-30T18:39:06.817+0800: 9.999: Total time for which application threads were stopped: 0.0250655 seconds, Stopping threads took: 0.0000195 seconds
2024-07-30T18:39:06.817+0800: 9.999: Application time: 0.0001381 seconds
2024-07-30T18:39:06.817+0800: 9.999: [GC (CMS Initial Mark) [1 CMS-initial-mark: 38574K(39432K)] 129852K(747272K), 0.0001767 secs] [Times: user=0.00 sys=0.00, real=0.00 secs] 
2024-07-30T18:39:06.817+0800: 9.999: Total time for which application threads were stopped: 0.0002821 seconds, Stopping threads took: 0.0000570 seconds
2024-07-30T18:39:06.817+0800: 10.000: [CMS-concurrent-mark-start]
2024-07-30T18:39:06.818+0800: 10.000: [CMS-concurrent-mark: 0.001/0.001 secs] [Times: user=0.00 sys=0.00, real=0.00 secs] 
2024-07-30T18:39:06.818+0800: 10.000: [CMS-concurrent-preclean-start]
2024-07-30T18:39:06.818+0800: 10.001: [CMS-concurrent-preclean: 0.000/0.000 secs] [Times: user=0.00 sys=0.00, real=0.00 secs] 
2024-07-30T18:39:06.818+0800: 10.001: [CMS-concurrent-abortable-preclean-start]
2024-07-30T18:39:07.368+0800: 10.550: [CMS-concurrent-abortable-preclean: 0.002/0.549 secs] [Times: user=0.00 sys=0.00, real=0.55 secs] 
2024-07-30T18:39:07.368+0800: 10.550: Application time: 0.5504632 seconds
2024-07-30T18:39:07.368+0800: 10.550: [GC (CMS Final Remark) [YG occupancy: 494835 K (707840 K)]2024-07-30T18:39:07.368+0800: 10.550: [Rescan (parallel) , 0.0010646 secs]2024-07-30T18:39:07.369+0800: 10.551: [weak refs processing, 0.0000149 secs]2024-07-30T18:39:07.369+0800: 10.551: [class unloading, 0.0002154 secs]2024-07-30T18:39:07.369+0800: 10.551: [scrub symbol table, 0.0003442 secs]2024-07-30T18:39:07.370+0800: 10.552: [scrub string table, 0.0001040 secs][1 CMS-remark: 38574K(39432K)] 533410K(747272K), 0.0018236 secs] [Times: user=0.00 sys=0.00, real=0.00 secs] 
2024-07-30T18:39:07.370+0800: 10.552: Total time for which application threads were stopped: 0.0019005 seconds, Stopping threads took: 0.0000235 seconds
2024-07-30T18:39:07.370+0800: 10.552: [CMS-concurrent-sweep-start]
2024-07-30T18:39:07.370+0800: 10.552: [CMS-concurrent-sweep: 0.000/0.000 secs] [Times: user=0.00 sys=0.00, real=0.00 secs] 
2024-07-30T18:39:07.370+0800: 10.552: [CMS-concurrent-reset-start]
2024-07-30T18:39:07.371+0800: 10.552: [CMS-concurrent-reset: 0.000/0.000 secs] [Times: user=0.00 sys=0.00, real=0.00 secs] 
2024-07-30T18:39:07.618+0800: 10.800: Application time: 0.2477274 seconds
2024-07-30T18:39:07.618+0800: 10.800: [GC (Allocation Failure) 2024-07-30T18:39:07.618+0800: 10.800: [ParNew: 707073K->77825K(707840K), 0.0245248 secs] 731311K->133808K(764688K), 0.0245850 secs] [Times: user=0.03 sys=0.00, real=0.02 secs] 
2024-07-30T18:39:07.642+0800: 10.824: Total time for which application threads were stopped: 0.0247087 seconds, Stopping threads took: 0.0000209 seconds
2024-07-30T18:39:07.643+0800: 10.825: Application time: 0.0002248 seconds
2024-07-30T18:39:07.643+0800: 10.825: [GC (CMS Initial Mark) [1 CMS-initial-mark: 55983K(56848K)] 148292K(764688K), 0.0000975 secs] [Times: user=0.00 sys=0.00, real=0.00 secs] 
2024-07-30T18:39:07.643+0800: 10.825: Total time for which application threads were stopped: 0.0002867 seconds, Stopping threads took: 0.0001548 seconds
2024-07-30T18:39:07.643+0800: 10.825: [CMS-concurrent-mark-start]
2024-07-30T18:39:07.645+0800: 10.826: [CMS-concurrent-mark: 0.002/0.002 secs] [Times: user=0.03 sys=0.00, real=0.00 secs] 
2024-07-30T18:39:07.645+0800: 10.827: [CMS-concurrent-preclean-start]
2024-07-30T18:39:07.645+0800: 10.827: [CMS-concurrent-preclean: 0.000/0.000 secs] [Times: user=0.00 sys=0.00, real=0.00 secs] 
2024-07-30T18:39:07.645+0800: 10.827: [CMS-concurrent-abortable-preclean-start]
2024-07-30T18:39:08.197+0800: 11.379: [CMS-concurrent-abortable-preclean: 0.002/0.552 secs] [Times: user=0.00 sys=0.00, real=0.55 secs] 
2024-07-30T18:39:08.197+0800: 11.379: Application time: 0.5542361 seconds
2024-07-30T18:39:08.197+0800: 11.379: [GC (CMS Final Remark) [YG occupancy: 603809 K (707840 K)]2024-07-30T18:39:08.197+0800: 11.379: [Rescan (parallel) , 0.0004330 secs]2024-07-30T18:39:08.198+0800: 11.380: [weak refs processing, 0.0000294 secs]2024-07-30T18:39:08.198+0800: 11.380: [class unloading, 0.0003459 secs]2024-07-30T18:39:08.198+0800: 11.380: [scrub symbol table, 0.0004608 secs]2024-07-30T18:39:08.199+0800: 11.381: [scrub string table, 0.0001818 secs][1 CMS-remark: 55983K(56848K)] 659793K(764688K), 0.0015617 secs] [Times: user=0.00 sys=0.00, real=0.00 secs] 
2024-07-30T18:39:08.199+0800: 11.381: Total time for which application threads were stopped: 0.0018024 seconds, Stopping threads took: 0.0001331 seconds
2024-07-30T18:39:08.199+0800: 11.381: [CMS-concurrent-sweep-start]
2024-07-30T18:39:08.200+0800: 11.382: [CMS-concurrent-sweep: 0.001/0.001 secs] [Times: user=0.00 sys=0.00, real=0.00 secs] 
2024-07-30T18:39:08.200+0800: 11.383: [CMS-concurrent-reset-start]
2024-07-30T18:39:08.201+0800: 11.383: [CMS-concurrent-reset: 0.000/0.000 secs] [Times: user=0.00 sys=0.00, real=0.00 secs] 
2024-07-30T18:39:08.309+0800: 11.491: Application time: 0.1099440 seconds
2024-07-30T18:39:08.309+0800: 11.491: [GC (Allocation Failure) 2024-07-30T18:39:08.309+0800: 11.491: [ParNew: 707073K->77825K(707840K), 0.0237824 secs] 739503K->149168K(780108K), 0.0238422 secs] [Times: user=0.03 sys=0.00, real=0.02 secs] 
2024-07-30T18:39:08.333+0800: 11.515: Total time for which application threads were stopped: 0.0239530 seconds, Stopping threads took: 0.0000201 seconds
2024-07-30T18:39:08.333+0800: 11.515: Application time: 0.0002556 seconds
2024-07-30T18:39:08.333+0800: 11.515: [GC (CMS Initial Mark) [1 CMS-initial-mark: 71343K(72268K)] 163665K(780108K), 0.0001014 secs] [Times: user=0.00 sys=0.00, real=0.00 secs] 
2024-07-30T18:39:08.334+0800: 11.515: Total time for which application threads were stopped: 0.0002797 seconds, Stopping threads took: 0.0001418 seconds
2024-07-30T18:39:08.334+0800: 11.515: [CMS-concurrent-mark-start]
2024-07-30T18:39:08.335+0800: 11.517: [CMS-concurrent-mark: 0.001/0.001 secs] [Times: user=0.00 sys=0.00, real=0.00 secs] 
2024-07-30T18:39:08.335+0800: 11.517: [CMS-concurrent-preclean-start]
2024-07-30T18:39:08.335+0800: 11.517: [CMS-concurrent-preclean: 0.000/0.000 secs] [Times: user=0.00 sys=0.00, real=0.00 secs] 
2024-07-30T18:39:08.335+0800: 11.517: [CMS-concurrent-abortable-preclean-start]
Heap
 par new generation   total 707840K, used 387847K [0x00000000c8000000, 0x00000000f8000000, 0x00000000f8000000)
  eden space 629248K,  49% used [0x00000000c8000000, 0x00000000daec1828, 0x00000000ee680000)
  from space 78592K,  99% used [0x00000000ee680000, 0x00000000f32804c0, 0x00000000f3340000)
  to   space 78592K,   0% used [0x00000000f3340000, 0x00000000f3340000, 0x00000000f8000000)
 concurrent mark-sweep generation total 72268K, used 71343K [0x00000000f8000000, 0x00000000fc693000, 0x0000000100000000)
 Metaspace       used 3005K, capacity 4486K, committed 4864K, reserved 1056768K
  class space    used 310K, capacity 386K, committed 512K, reserved 1048576K
2024-07-30T18:39:08.667+0800: 11.848: Application time: 0.3329919 seconds
