OpenJDK 64-Bit Server VM (25.412-b1) for windows-amd64 JRE (1.8.0_412-b1), built on Apr 23 2024 12:00:37 by "Administrator" with MS VC++ 10.0 (VS2010)
Memory: 4k page, physical 16672068k(5142152k free), swap 19811428k(4844700k free)
CommandLine flags: -XX:GCDrainStackTargetSize=64 -XX:InitialHeapSize=810758960 -XX:MaxHeapSize=939524096 -XX:MaxNewSize=805306368 -XX:MaxTenuringThreshold=6 -XX:NewSize=805306368 -XX:OldPLABSize=16 -XX:+PrintGC -XX:+PrintGCApplicationConcurrentTime -XX:+PrintGCApplicationStoppedTime -XX:+PrintGCDateStamps -XX:+PrintGCDetails -XX:+PrintGCTimeStamps -XX:+UseCompressedClassPointers -XX:+UseCompressedOops -XX:+UseConcMarkSweepGC -XX:-UseLargePagesIndividualAllocation -XX:+UseParNewGC 
2024-07-30T18:41:26.082+0800: 1.033: Application time: 0.9507542 seconds
2024-07-30T18:41:26.082+0800: 1.033: Total time for which application threads were stopped: 0.0000903 seconds, Stopping threads took: 0.0000458 seconds
2024-07-30T18:41:26.103+0800: 1.055: Application time: 0.0219435 seconds
2024-07-30T18:41:26.103+0800: 1.055: [GC (Allocation Failure) 2024-07-30T18:41:26.103+0800: 1.055: [ParNew: 629042K->14045K(707840K), 0.0084313 secs] 629042K->14045K(713984K), 0.0086329 secs] [Times: user=0.00 sys=0.00, real=0.01 secs] 
2024-07-30T18:41:26.112+0800: 1.064: Total time for which application threads were stopped: 0.0087711 seconds, Stopping threads took: 0.0000231 seconds
2024-07-30T18:41:26.803+0800: 1.755: Application time: 0.6911066 seconds
2024-07-30T18:41:26.803+0800: 1.755: [GC (Allocation Failure) 2024-07-30T18:41:26.803+0800: 1.755: [ParNew: 643293K->8105K(707840K), 0.0054762 secs] 643293K->8105K(713984K), 0.0055463 secs] [Times: user=0.00 sys=0.00, real=0.01 secs] 
2024-07-30T18:41:26.808+0800: 1.761: Total time for which application threads were stopped: 0.0056899 seconds, Stopping threads took: 0.0000294 seconds
2024-07-30T18:41:27.491+0800: 2.443: Application time: 0.6826743 seconds
2024-07-30T18:41:27.491+0800: 2.444: [GC (Allocation Failure) 2024-07-30T18:41:27.491+0800: 2.444: [ParNew: 637353K->12206K(707840K), 0.0024668 secs] 637353K->12206K(713984K), 0.0025182 secs] [Times: user=0.00 sys=0.00, real=0.00 secs] 
2024-07-30T18:41:27.494+0800: 2.446: Total time for which application threads were stopped: 0.0026430 seconds, Stopping threads took: 0.0000181 seconds
2024-07-30T18:41:28.179+0800: 3.132: Application time: 0.6855282 seconds
2024-07-30T18:41:28.179+0800: 3.132: [GC (Allocation Failure) 2024-07-30T18:41:28.179+0800: 3.132: [ParNew: 641454K->19310K(707840K), 0.0078747 secs] 641454K->19310K(713984K), 0.0079307 secs] [Times: user=0.00 sys=0.00, real=0.01 secs] 
2024-07-30T18:41:28.187+0800: 3.140: Total time for which application threads were stopped: 0.0080460 seconds, Stopping threads took: 0.0000213 seconds
2024-07-30T18:41:28.857+0800: 3.809: Application time: 0.6697176 seconds
2024-07-30T18:41:28.857+0800: 3.809: [GC (Allocation Failure) 2024-07-30T18:41:28.857+0800: 3.809: [ParNew: 648558K->25619K(707840K), 0.0091129 secs] 648558K->25619K(713984K), 0.0091692 secs] [Times: user=0.03 sys=0.00, real=0.01 secs] 
2024-07-30T18:41:28.866+0800: 3.819: Total time for which application threads were stopped: 0.0092824 seconds, Stopping threads took: 0.0000205 seconds
2024-07-30T18:41:29.172+0800: 4.124: Application time: 0.3053422 seconds
2024-07-30T18:41:29.172+0800: 4.124: Total time for which application threads were stopped: 0.0000715 seconds, Stopping threads took: 0.0000348 seconds
2024-07-30T18:41:29.551+0800: 4.504: Application time: 0.3795423 seconds
2024-07-30T18:41:29.551+0800: 4.504: [GC (Allocation Failure) 2024-07-30T18:41:29.551+0800: 4.504: [ParNew: 654867K->34756K(707840K), 0.0118352 secs] 654867K->34756K(713984K), 0.0118950 secs] [Times: user=0.00 sys=0.00, real=0.01 secs] 
2024-07-30T18:41:29.563+0800: 4.516: Total time for which application threads were stopped: 0.0120036 seconds, Stopping threads took: 0.0000194 seconds
2024-07-30T18:41:30.231+0800: 5.182: Application time: 0.6667508 seconds
2024-07-30T18:41:30.231+0800: 5.182: [GC (Allocation Failure) 2024-07-30T18:41:30.231+0800: 5.183: [ParNew: 664004K->40444K(707840K), 0.0139048 secs] 664004K->41130K(713984K), 0.0139984 secs] [Times: user=0.00 sys=0.03, real=0.01 secs] 
2024-07-30T18:41:30.245+0800: 5.197: Total time for which application threads were stopped: 0.0141103 seconds, Stopping threads took: 0.0000226 seconds
2024-07-30T18:41:30.909+0800: 5.861: Application time: 0.6641984 seconds
2024-07-30T18:41:30.909+0800: 5.861: [GC (Allocation Failure) 2024-07-30T18:41:30.909+0800: 5.861: [ParNew: 669692K->48128K(707840K), 0.0126151 secs] 670378K->48815K(713984K), 0.0126884 secs] [Times: user=0.03 sys=0.00, real=0.01 secs] 
2024-07-30T18:41:30.922+0800: 5.874: Total time for which application threads were stopped: 0.0128094 seconds, Stopping threads took: 0.0000191 seconds
2024-07-30T18:41:31.586+0800: 6.538: Application time: 0.6641911 seconds
2024-07-30T18:41:31.586+0800: 6.538: [GC (Allocation Failure) 2024-07-30T18:41:31.586+0800: 6.538: [ParNew: 677376K->56343K(707840K), 0.0146887 secs] 678063K->57030K(713984K), 0.0147437 secs] [Times: user=0.03 sys=0.00, real=0.02 secs] 
2024-07-30T18:41:31.601+0800: 6.553: Total time for which application threads were stopped: 0.0148696 seconds, Stopping threads took: 0.0000339 seconds
2024-07-30T18:41:32.262+0800: 7.214: Application time: 0.6612154 seconds
2024-07-30T18:41:32.262+0800: 7.214: [GC (Allocation Failure) 2024-07-30T18:41:32.262+0800: 7.214: [ParNew: 685591K->64512K(707840K), 0.0160687 secs] 686278K->65200K(713984K), 0.0161249 secs] [Times: user=0.02 sys=0.01, real=0.02 secs] 
2024-07-30T18:41:32.279+0800: 7.230: Total time for which application threads were stopped: 0.0162493 seconds, Stopping threads took: 0.0000184 seconds
2024-07-30T18:41:32.941+0800: 7.893: Application time: 0.6633323 seconds
2024-07-30T18:41:32.941+0800: 7.893: [GC (Allocation Failure) 2024-07-30T18:41:32.941+0800: 7.893: [ParNew: 693383K->76801K(707840K), 0.0195411 secs] 694070K->77488K(713984K), 0.0195959 secs] [Times: user=0.05 sys=0.02, real=0.02 secs] 
2024-07-30T18:41:32.961+0800: 7.913: Total time for which application threads were stopped: 0.0197024 seconds, Stopping threads took: 0.0000194 seconds
2024-07-30T18:41:33.638+0800: 8.591: Application time: 0.6774207 seconds
2024-07-30T18:41:33.639+0800: 8.591: [GC (Allocation Failure) 2024-07-30T18:41:33.639+0800: 8.591: [ParNew: 706049K->77825K(707840K), 0.0223418 secs] 706736K->85680K(717068K), 0.0223999 secs] [Times: user=0.03 sys=0.02, real=0.02 secs] 
2024-07-30T18:41:33.661+0800: 8.613: Total time for which application threads were stopped: 0.0225215 seconds, Stopping threads took: 0.0000207 seconds
2024-07-30T18:41:33.661+0800: 8.613: Application time: 0.0001356 seconds
2024-07-30T18:41:33.661+0800: 8.613: [GC (CMS Initial Mark) [1 CMS-initial-mark: 7855K(9228K)] 86704K(717068K), 0.0006844 secs] [Times: user=0.00 sys=0.00, real=0.00 secs] 
2024-07-30T18:41:33.662+0800: 8.614: Total time for which application threads were stopped: 0.0007971 seconds, Stopping threads took: 0.0000705 seconds
2024-07-30T18:41:33.662+0800: 8.614: [CMS-concurrent-mark-start]
2024-07-30T18:41:33.663+0800: 8.615: [CMS-concurrent-mark: 0.001/0.001 secs] [Times: user=0.00 sys=0.00, real=0.00 secs] 
2024-07-30T18:41:33.663+0800: 8.615: [CMS-concurrent-preclean-start]
2024-07-30T18:41:33.663+0800: 8.615: [CMS-concurrent-preclean: 0.000/0.000 secs] [Times: user=0.00 sys=0.00, real=0.00 secs] 
2024-07-30T18:41:33.663+0800: 8.615: [CMS-concurrent-abortable-preclean-start]
2024-07-30T18:41:34.219+0800: 9.171: [CMS-concurrent-abortable-preclean: 0.001/0.555 secs] [Times: user=0.02 sys=0.00, real=0.56 secs] 
2024-07-30T18:41:34.219+0800: 9.171: Application time: 0.5571752 seconds
2024-07-30T18:41:34.219+0800: 9.171: [GC (CMS Final Remark) [YG occupancy: 523654 K (707840 K)]2024-07-30T18:41:34.219+0800: 9.171: [Rescan (parallel) , 0.0006226 secs]2024-07-30T18:41:34.220+0800: 9.172: [weak refs processing, 0.0000255 secs]2024-07-30T18:41:34.220+0800: 9.172: [class unloading, 0.0003910 secs]2024-07-30T18:41:34.221+0800: 9.172: [scrub symbol table, 0.0003543 secs]2024-07-30T18:41:34.221+0800: 9.173: [scrub string table, 0.0000919 secs][1 CMS-remark: 7855K(9228K)] 531509K(717068K), 0.0015883 secs] [Times: user=0.00 sys=0.00, real=0.00 secs] 
2024-07-30T18:41:34.221+0800: 9.173: Total time for which application threads were stopped: 0.0017735 seconds, Stopping threads took: 0.0001318 seconds
2024-07-30T18:41:34.221+0800: 9.173: [CMS-concurrent-sweep-start]
2024-07-30T18:41:34.223+0800: 9.175: [CMS-concurrent-sweep: 0.001/0.001 secs] [Times: user=0.03 sys=0.00, real=0.00 secs] 
2024-07-30T18:41:34.223+0800: 9.175: [CMS-concurrent-reset-start]
2024-07-30T18:41:34.225+0800: 9.177: [CMS-concurrent-reset: 0.002/0.002 secs] [Times: user=0.00 sys=0.00, real=0.00 secs] 
2024-07-30T18:41:34.336+0800: 9.288: Application time: 0.1154877 seconds
2024-07-30T18:41:34.336+0800: 9.289: [GC (Allocation Failure) 2024-07-30T18:41:34.336+0800: 9.289: [ParNew: 707073K->77825K(707840K), 0.0199118 secs] 714927K->100015K(731212K), 0.0199674 secs] [Times: user=0.03 sys=0.00, real=0.02 secs] 
2024-07-30T18:41:34.356+0800: 9.309: Total time for which application threads were stopped: 0.0200747 seconds, Stopping threads took: 0.0000191 seconds
2024-07-30T18:41:34.356+0800: 9.309: Application time: 0.0001596 seconds
2024-07-30T18:41:34.357+0800: 9.309: [GC (CMS Initial Mark) [1 CMS-initial-mark: 22190K(23372K)] 114564K(731212K), 0.0007423 secs] [Times: user=0.00 sys=0.00, real=0.00 secs] 
2024-07-30T18:41:34.357+0800: 9.310: Total time for which application threads were stopped: 0.0008925 seconds, Stopping threads took: 0.0001095 seconds
2024-07-30T18:41:34.357+0800: 9.310: [CMS-concurrent-mark-start]
2024-07-30T18:41:34.358+0800: 9.310: [CMS-concurrent-mark: 0.001/0.001 secs] [Times: user=0.00 sys=0.00, real=0.00 secs] 
2024-07-30T18:41:34.358+0800: 9.310: [CMS-concurrent-preclean-start]
2024-07-30T18:41:34.358+0800: 9.311: [CMS-concurrent-preclean: 0.000/0.000 secs] [Times: user=0.00 sys=0.00, real=0.00 secs] 
2024-07-30T18:41:34.358+0800: 9.311: [CMS-concurrent-abortable-preclean-start]
2024-07-30T18:41:34.914+0800: 9.865: [CMS-concurrent-abortable-preclean: 0.001/0.555 secs] [Times: user=0.03 sys=0.00, real=0.56 secs] 
2024-07-30T18:41:34.914+0800: 9.866: Application time: 0.5562214 seconds
2024-07-30T18:41:34.914+0800: 9.866: [GC (CMS Final Remark) [YG occupancy: 505264 K (707840 K)]2024-07-30T18:41:34.914+0800: 9.866: [Rescan (parallel) , 0.0010771 secs]2024-07-30T18:41:34.915+0800: 9.867: [weak refs processing, 0.0000138 secs]2024-07-30T18:41:34.915+0800: 9.867: [class unloading, 0.0002192 secs]2024-07-30T18:41:34.915+0800: 9.867: [scrub symbol table, 0.0003426 secs]2024-07-30T18:41:34.915+0800: 9.868: [scrub string table, 0.0001119 secs][1 CMS-remark: 22190K(23372K)] 527454K(731212K), 0.0018541 secs] [Times: user=0.00 sys=0.00, real=0.00 secs] 
2024-07-30T18:41:34.916+0800: 9.868: Total time for which application threads were stopped: 0.0020514 seconds, Stopping threads took: 0.0001474 seconds
2024-07-30T18:41:34.916+0800: 9.868: [CMS-concurrent-sweep-start]
2024-07-30T18:41:34.917+0800: 9.869: [CMS-concurrent-sweep: 0.001/0.001 secs] [Times: user=0.00 sys=0.00, real=0.00 secs] 
2024-07-30T18:41:34.917+0800: 9.869: [CMS-concurrent-reset-start]
2024-07-30T18:41:34.917+0800: 9.870: [CMS-concurrent-reset: 0.000/0.000 secs] [Times: user=0.00 sys=0.00, real=0.00 secs] 
2024-07-30T18:41:35.149+0800: 10.101: Application time: 0.2331088 seconds
2024-07-30T18:41:35.149+0800: 10.101: [GC (Allocation Failure) 2024-07-30T18:41:35.149+0800: 10.101: [ParNew: 706183K->77825K(707840K), 0.0257681 secs] 721205K->120496K(752412K), 0.0258364 secs] [Times: user=0.03 sys=0.00, real=0.03 secs] 
2024-07-30T18:41:35.175+0800: 10.127: Total time for which application threads were stopped: 0.0259501 seconds, Stopping threads took: 0.0000202 seconds
2024-07-30T18:41:35.175+0800: 10.127: Application time: 0.0002146 seconds
2024-07-30T18:41:35.175+0800: 10.127: [GC (CMS Initial Mark) [1 CMS-initial-mark: 42670K(44572K)] 134976K(752412K), 0.0007988 secs] [Times: user=0.00 sys=0.00, real=0.00 secs] 
2024-07-30T18:41:35.176+0800: 10.128: Total time for which application threads were stopped: 0.0009733 seconds, Stopping threads took: 0.0001282 seconds
2024-07-30T18:41:35.176+0800: 10.128: [CMS-concurrent-mark-start]
2024-07-30T18:41:35.177+0800: 10.129: [CMS-concurrent-mark: 0.001/0.001 secs] [Times: user=0.05 sys=0.00, real=0.00 secs] 
2024-07-30T18:41:35.178+0800: 10.129: [CMS-concurrent-preclean-start]
2024-07-30T18:41:35.178+0800: 10.130: [CMS-concurrent-preclean: 0.000/0.000 secs] [Times: user=0.00 sys=0.00, real=0.00 secs] 
2024-07-30T18:41:35.178+0800: 10.130: [CMS-concurrent-abortable-preclean-start]
2024-07-30T18:41:35.729+0800: 10.681: [CMS-concurrent-abortable-preclean: 0.001/0.551 secs] [Times: user=0.00 sys=0.00, real=0.55 secs] 
2024-07-30T18:41:35.729+0800: 10.681: Application time: 0.5529067 seconds
2024-07-30T18:41:35.729+0800: 10.681: [GC (CMS Final Remark) [YG occupancy: 603648 K (707840 K)]2024-07-30T18:41:35.729+0800: 10.681: [Rescan (parallel) , 0.0007388 secs]2024-07-30T18:41:35.730+0800: 10.682: [weak refs processing, 0.0000259 secs]2024-07-30T18:41:35.730+0800: 10.682: [class unloading, 0.0002289 secs]2024-07-30T18:41:35.730+0800: 10.682: [scrub symbol table, 0.0003535 secs]2024-07-30T18:41:35.731+0800: 10.682: [scrub string table, 0.0000932 secs][1 CMS-remark: 42670K(44572K)] 646319K(752412K), 0.0015381 secs] [Times: user=0.00 sys=0.00, real=0.00 secs] 
2024-07-30T18:41:35.731+0800: 10.683: Total time for which application threads were stopped: 0.0016058 seconds, Stopping threads took: 0.0000219 seconds
2024-07-30T18:41:35.731+0800: 10.683: [CMS-concurrent-sweep-start]
2024-07-30T18:41:35.731+0800: 10.683: [CMS-concurrent-sweep: 0.000/0.000 secs] [Times: user=0.00 sys=0.00, real=0.00 secs] 
2024-07-30T18:41:35.731+0800: 10.683: [CMS-concurrent-reset-start]
2024-07-30T18:41:35.731+0800: 10.683: [CMS-concurrent-reset: 0.000/0.000 secs] [Times: user=0.00 sys=0.00, real=0.00 secs] 
2024-07-30T18:41:35.856+0800: 10.808: Application time: 0.1253592 seconds
2024-07-30T18:41:35.856+0800: 10.808: [GC (Allocation Failure) 2024-07-30T18:41:35.856+0800: 10.808: [ParNew: 707073K->77825K(707840K), 0.0263231 secs] 735407K->142000K(774600K), 0.0263811 secs] [Times: user=0.05 sys=0.02, real=0.03 secs] 
2024-07-30T18:41:35.883+0800: 10.834: Total time for which application threads were stopped: 0.0264910 seconds, Stopping threads took: 0.0000199 seconds
2024-07-30T18:41:35.883+0800: 10.835: Application time: 0.0002184 seconds
2024-07-30T18:41:35.883+0800: 10.835: [GC (CMS Initial Mark) [1 CMS-initial-mark: 64175K(66760K)] 156534K(774600K), 0.0007898 secs] [Times: user=0.00 sys=0.00, real=0.00 secs] 
2024-07-30T18:41:35.884+0800: 10.836: Total time for which application threads were stopped: 0.0008973 seconds, Stopping threads took: 0.0000665 seconds
2024-07-30T18:41:35.884+0800: 10.836: [CMS-concurrent-mark-start]
2024-07-30T18:41:35.886+0800: 10.838: [CMS-concurrent-mark: 0.002/0.002 secs] [Times: user=0.00 sys=0.00, real=0.00 secs] 
2024-07-30T18:41:35.886+0800: 10.838: [CMS-concurrent-preclean-start]
2024-07-30T18:41:35.886+0800: 10.838: [CMS-concurrent-preclean: 0.000/0.000 secs] [Times: user=0.00 sys=0.00, real=0.00 secs] 
2024-07-30T18:41:35.886+0800: 10.838: [CMS-concurrent-abortable-preclean-start]
2024-07-30T18:41:36.438+0800: 11.389: [CMS-concurrent-abortable-preclean: 0.002/0.551 secs] [Times: user=0.05 sys=0.00, real=0.55 secs] 
2024-07-30T18:41:36.438+0800: 11.389: Application time: 0.5538721 seconds
2024-07-30T18:41:36.438+0800: 11.390: [GC (CMS Final Remark) [YG occupancy: 586293 K (707840 K)]2024-07-30T18:41:36.438+0800: 11.390: [Rescan (parallel) , 0.0005822 secs]2024-07-30T18:41:36.438+0800: 11.390: [weak refs processing, 0.0000158 secs]2024-07-30T18:41:36.438+0800: 11.390: [class unloading, 0.0002397 secs]2024-07-30T18:41:36.438+0800: 11.391: [scrub symbol table, 0.0003442 secs]2024-07-30T18:41:36.439+0800: 11.391: [scrub string table, 0.0001005 secs][1 CMS-remark: 64175K(66760K)] 650468K(774600K), 0.0013920 secs] [Times: user=0.00 sys=0.00, real=0.00 secs] 
2024-07-30T18:41:36.439+0800: 11.391: Total time for which application threads were stopped: 0.0016214 seconds, Stopping threads took: 0.0001198 seconds
2024-07-30T18:41:36.439+0800: 11.391: [CMS-concurrent-sweep-start]
2024-07-30T18:41:36.440+0800: 11.393: [CMS-concurrent-sweep: 0.001/0.001 secs] [Times: user=0.00 sys=0.00, real=0.00 secs] 
2024-07-30T18:41:36.440+0800: 11.393: [CMS-concurrent-reset-start]
2024-07-30T18:41:36.441+0800: 11.393: [CMS-concurrent-reset: 0.000/0.000 secs] [Times: user=0.00 sys=0.00, real=0.00 secs] 
2024-07-30T18:41:36.550+0800: 11.503: Application time: 0.1114470 seconds
2024-07-30T18:41:36.550+0800: 11.503: [GC (Allocation Failure) 2024-07-30T18:41:36.551+0800: 11.503: [ParNew: 707073K->77825K(707840K), 0.0314663 secs] 743600K->162480K(794132K), 0.0315208 secs] [Times: user=0.05 sys=0.00, real=0.03 secs] 
2024-07-30T18:41:36.582+0800: 11.534: Total time for which application threads were stopped: 0.0316498 seconds, Stopping threads took: 0.0000185 seconds
2024-07-30T18:41:36.582+0800: 11.534: Application time: 0.0001398 seconds
2024-07-30T18:41:36.582+0800: 11.534: [GC (CMS Initial Mark) [1 CMS-initial-mark: 84655K(86292K)] 176952K(794132K), 0.0006061 secs] [Times: user=0.00 sys=0.00, real=0.00 secs] 
2024-07-30T18:41:36.583+0800: 11.535: Total time for which application threads were stopped: 0.0007500 seconds, Stopping threads took: 0.0000755 seconds
2024-07-30T18:41:36.583+0800: 11.535: [CMS-concurrent-mark-start]
2024-07-30T18:41:36.584+0800: 11.536: [CMS-concurrent-mark: 0.001/0.001 secs] [Times: user=0.00 sys=0.00, real=0.00 secs] 
2024-07-30T18:41:36.584+0800: 11.537: [CMS-concurrent-preclean-start]
2024-07-30T18:41:36.585+0800: 11.537: [CMS-concurrent-preclean: 0.000/0.000 secs] [Times: user=0.00 sys=0.00, real=0.00 secs] 
2024-07-30T18:41:36.585+0800: 11.537: [CMS-concurrent-abortable-preclean-start]
2024-07-30T18:41:36.585+0800: 11.537: [CMS-concurrent-abortable-preclean: 0.000/0.000 secs] [Times: user=0.00 sys=0.00, real=0.00 secs] 
2024-07-30T18:41:36.585+0800: 11.537: Application time: 0.0022397 seconds
2024-07-30T18:41:36.585+0800: 11.537: [GC (CMS Final Remark) [YG occupancy: 119193 K (707840 K)]2024-07-30T18:41:36.585+0800: 11.537: [Rescan (parallel) , 0.0006280 secs]2024-07-30T18:41:36.586+0800: 11.538: [weak refs processing, 0.0000135 secs]2024-07-30T18:41:36.586+0800: 11.538: [class unloading, 0.0002461 secs]2024-07-30T18:41:36.586+0800: 11.538: [scrub symbol table, 0.0003900 secs]2024-07-30T18:41:36.587+0800: 11.539: [scrub string table, 0.0001374 secs][1 CMS-remark: 84655K(86292K)] 203848K(794132K), 0.0015094 secs] [Times: user=0.00 sys=0.00, real=0.00 secs] 
2024-07-30T18:41:36.587+0800: 11.539: Total time for which application threads were stopped: 0.0016370 seconds, Stopping threads took: 0.0000831 seconds
2024-07-30T18:41:36.587+0800: 11.539: [CMS-concurrent-sweep-start]
2024-07-30T18:41:36.588+0800: 11.540: [CMS-concurrent-sweep: 0.001/0.001 secs] [Times: user=0.00 sys=0.00, real=0.00 secs] 
2024-07-30T18:41:36.588+0800: 11.540: [CMS-concurrent-reset-start]
2024-07-30T18:41:36.588+0800: 11.540: [CMS-concurrent-reset: 0.000/0.000 secs] [Times: user=0.00 sys=0.00, real=0.00 secs] 
Heap
 par new generation   total 707840K, used 387289K [0x00000000c8000000, 0x00000000f8000000, 0x00000000f8000000)
  eden space 629248K,  49% used [0x00000000c8000000, 0x00000000dae36138, 0x00000000ee680000)
  from space 78592K,  99% used [0x00000000ee680000, 0x00000000f32804c0, 0x00000000f3340000)
  to   space 78592K,   0% used [0x00000000f3340000, 0x00000000f3340000, 0x00000000f8000000)
 concurrent mark-sweep generation total 86292K, used 48815K [0x00000000f8000000, 0x00000000fd445000, 0x0000000100000000)
 Metaspace       used 3005K, capacity 4486K, committed 4864K, reserved 1056768K
  class space    used 310K, capacity 386K, committed 512K, reserved 1048576K
2024-07-30T18:41:36.930+0800: 11.882: Application time: 0.3426106 seconds
