OpenJDK 64-Bit Server VM (25.412-b1) for windows-amd64 JRE (1.8.0_412-b1), built on Apr 23 2024 12:00:37 by "Administrator" with MS VC++ 10.0 (VS2010)
Memory: 4k page, physical 16672068k(5032272k free), swap 19811428k(4821960k free)
CommandLine flags: -XX:-CMSParallelInitialMarkEnabled -XX:GCDrainStackTargetSize=64 -XX:InitialHeapSize=810758960 -XX:MaxHeapSize=939524096 -XX:MaxNewSize=805306368 -XX:MaxTenuringThreshold=6 -XX:NewSize=805306368 -XX:OldPLABSize=16 -XX:+PrintGC -XX:+PrintGCApplicationConcurrentTime -XX:+PrintGCApplicationStoppedTime -XX:+PrintGCDateStamps -XX:+PrintGCDetails -XX:+PrintGCTimeStamps -XX:+UseCompressedClassPointers -XX:+UseCompressedOops -XX:+UseConcMarkSweepGC -XX:-UseLargePagesIndividualAllocation -XX:+UseParNewGC 
2024-07-30T18:39:09.786+0800: 1.031: Application time: 0.9552246 seconds
2024-07-30T18:39:09.786+0800: 1.032: Total time for which application threads were stopped: 0.0005363 seconds, Stopping threads took: 0.0004920 seconds
2024-07-30T18:39:09.792+0800: 1.037: Application time: 0.0051738 seconds
2024-07-30T18:39:09.792+0800: 1.037: [GC (Allocation Failure) 2024-07-30T18:39:09.792+0800: 1.037: [ParNew: 629042K->14039K(707840K), 0.0080485 secs] 629042K->14039K(713984K), 0.0082472 secs] [Times: user=0.00 sys=0.00, real=0.01 secs] 
2024-07-30T18:39:09.800+0800: 1.045: Total time for which application threads were stopped: 0.0083583 seconds, Stopping threads took: 0.0000149 seconds
2024-07-30T18:39:10.491+0800: 1.736: Application time: 0.6909969 seconds
2024-07-30T18:39:10.491+0800: 1.737: [GC (Allocation Failure) 2024-07-30T18:39:10.491+0800: 1.737: [ParNew: 643287K->8052K(707840K), 0.0049017 secs] 643287K->8052K(713984K), 0.0049578 secs] [Times: user=0.00 sys=0.00, real=0.01 secs] 
2024-07-30T18:39:10.496+0800: 1.742: Total time for which application threads were stopped: 0.0050746 seconds, Stopping threads took: 0.0000257 seconds
2024-07-30T18:39:11.168+0800: 2.413: Application time: 0.6718934 seconds
2024-07-30T18:39:11.168+0800: 2.413: [GC (Allocation Failure) 2024-07-30T18:39:11.168+0800: 2.414: [ParNew: 637300K->12230K(707840K), 0.0026564 secs] 637300K->12230K(713984K), 0.0027256 secs] [Times: user=0.00 sys=0.00, real=0.00 secs] 
2024-07-30T18:39:11.171+0800: 2.416: Total time for which application threads were stopped: 0.0028544 seconds, Stopping threads took: 0.0000183 seconds
2024-07-30T18:39:11.846+0800: 3.091: Application time: 0.6751543 seconds
2024-07-30T18:39:11.846+0800: 3.092: [GC (Allocation Failure) 2024-07-30T18:39:11.846+0800: 3.092: [ParNew: 641478K->15351K(707840K), 0.0058692 secs] 641478K->15351K(713984K), 0.0059366 secs] [Times: user=0.02 sys=0.02, real=0.01 secs] 
2024-07-30T18:39:11.852+0800: 3.097: Total time for which application threads were stopped: 0.0060547 seconds, Stopping threads took: 0.0000208 seconds
2024-07-30T18:39:12.524+0800: 3.769: Application time: 0.6718449 seconds
2024-07-30T18:39:12.524+0800: 3.769: [GC (Allocation Failure) 2024-07-30T18:39:12.524+0800: 3.769: [ParNew: 644599K->25601K(707840K), 0.0086006 secs] 644599K->25601K(713984K), 0.0086585 secs] [Times: user=0.00 sys=0.00, real=0.01 secs] 
2024-07-30T18:39:12.533+0800: 3.778: Total time for which application threads were stopped: 0.0087683 seconds, Stopping threads took: 0.0000188 seconds
2024-07-30T18:39:12.866+0800: 4.112: Application time: 0.3334677 seconds
2024-07-30T18:39:12.867+0800: 4.112: Total time for which application threads were stopped: 0.0000841 seconds, Stopping threads took: 0.0000400 seconds
2024-07-30T18:39:13.215+0800: 4.461: Application time: 0.3492485 seconds
2024-07-30T18:39:13.215+0800: 4.461: [GC (Allocation Failure) 2024-07-30T18:39:13.215+0800: 4.461: [ParNew: 654849K->35879K(707840K), 0.0152088 secs] 654849K->35879K(713984K), 0.0152804 secs] [Times: user=0.02 sys=0.02, real=0.02 secs] 
2024-07-30T18:39:13.231+0800: 4.476: Total time for which application threads were stopped: 0.0153952 seconds, Stopping threads took: 0.0000207 seconds
2024-07-30T18:39:13.898+0800: 5.144: Application time: 0.6672537 seconds
2024-07-30T18:39:13.898+0800: 5.144: [GC (Allocation Failure) 2024-07-30T18:39:13.898+0800: 5.144: [ParNew: 665127K->41427K(707840K), 0.0153663 secs] 665127K->42113K(713984K), 0.0154849 secs] [Times: user=0.02 sys=0.02, real=0.02 secs] 
2024-07-30T18:39:13.913+0800: 5.159: Total time for which application threads were stopped: 0.0155975 seconds, Stopping threads took: 0.0000195 seconds
2024-07-30T18:39:14.590+0800: 5.836: Application time: 0.6764132 seconds
2024-07-30T18:39:14.590+0800: 5.836: [GC (Allocation Failure) 2024-07-30T18:39:14.590+0800: 5.836: [ParNew: 670675K->48128K(707840K), 0.0123586 secs] 671361K->48815K(713984K), 0.0124322 secs] [Times: user=0.03 sys=0.00, real=0.01 secs] 
2024-07-30T18:39:14.603+0800: 5.848: Total time for which application threads were stopped: 0.0125459 seconds, Stopping threads took: 0.0000188 seconds
2024-07-30T18:39:15.266+0800: 6.511: Application time: 0.6631611 seconds
2024-07-30T18:39:15.266+0800: 6.511: [GC (Allocation Failure) 2024-07-30T18:39:15.266+0800: 6.511: [ParNew: 677376K->56341K(707840K), 0.0146347 secs] 678063K->57028K(713984K), 0.0146902 secs] [Times: user=0.03 sys=0.00, real=0.01 secs] 
2024-07-30T18:39:15.280+0800: 6.526: Total time for which application threads were stopped: 0.0148084 seconds, Stopping threads took: 0.0000200 seconds
2024-07-30T18:39:15.944+0800: 7.190: Application time: 0.6635734 seconds
2024-07-30T18:39:15.944+0800: 7.190: [GC (Allocation Failure) 2024-07-30T18:39:15.944+0800: 7.190: [ParNew: 684566K->67585K(707840K), 0.0177628 secs] 685253K->68272K(713984K), 0.0178246 secs] [Times: user=0.03 sys=0.00, real=0.02 secs] 
2024-07-30T18:39:15.962+0800: 7.208: Total time for which application threads were stopped: 0.0179378 seconds, Stopping threads took: 0.0000200 seconds
2024-07-30T18:39:16.640+0800: 7.886: Application time: 0.6783100 seconds
2024-07-30T18:39:16.640+0800: 7.886: [GC (Allocation Failure) 2024-07-30T18:39:16.640+0800: 7.886: [ParNew: 696833K->76801K(707840K), 0.0193196 secs] 697520K->77488K(713984K), 0.0193888 secs] [Times: user=0.03 sys=0.00, real=0.02 secs] 
2024-07-30T18:39:16.660+0800: 7.905: Total time for which application threads were stopped: 0.0195024 seconds, Stopping threads took: 0.0000185 seconds
2024-07-30T18:39:17.349+0800: 8.594: Application time: 0.6886700 seconds
2024-07-30T18:39:17.349+0800: 8.594: [GC (Allocation Failure) 2024-07-30T18:39:17.349+0800: 8.594: [ParNew: 706049K->77825K(707840K), 0.0193550 secs] 706736K->83632K(715012K), 0.0194176 secs] [Times: user=0.02 sys=0.01, real=0.02 secs] 
2024-07-30T18:39:17.368+0800: 8.614: Total time for which application threads were stopped: 0.0195338 seconds, Stopping threads took: 0.0000208 seconds
2024-07-30T18:39:17.369+0800: 8.614: Application time: 0.0001298 seconds
2024-07-30T18:39:17.369+0800: 8.614: [GC (CMS Initial Mark) [1 CMS-initial-mark: 5807K(7172K)] 84656K(715012K), 0.0001138 secs] [Times: user=0.00 sys=0.00, real=0.00 secs] 
2024-07-30T18:39:17.369+0800: 8.614: Total time for which application threads were stopped: 0.0002527 seconds, Stopping threads took: 0.0001032 seconds
2024-07-30T18:39:17.369+0800: 8.614: [CMS-concurrent-mark-start]
2024-07-30T18:39:17.370+0800: 8.615: [CMS-concurrent-mark: 0.001/0.001 secs] [Times: user=0.00 sys=0.00, real=0.00 secs] 
2024-07-30T18:39:17.370+0800: 8.616: [CMS-concurrent-preclean-start]
2024-07-30T18:39:17.370+0800: 8.616: [CMS-concurrent-preclean: 0.000/0.000 secs] [Times: user=0.00 sys=0.00, real=0.00 secs] 
2024-07-30T18:39:17.370+0800: 8.616: [CMS-concurrent-abortable-preclean-start]
2024-07-30T18:39:17.909+0800: 9.154: [CMS-concurrent-abortable-preclean: 0.001/0.539 secs] [Times: user=0.06 sys=0.00, real=0.54 secs] 
2024-07-30T18:39:17.909+0800: 9.154: Application time: 0.5403866 seconds
2024-07-30T18:39:17.909+0800: 9.154: [GC (CMS Final Remark) [YG occupancy: 521826 K (707840 K)]2024-07-30T18:39:17.909+0800: 9.155: [Rescan (parallel) , 0.0009148 secs]2024-07-30T18:39:17.910+0800: 9.155: [weak refs processing, 0.0000158 secs]2024-07-30T18:39:17.910+0800: 9.155: [class unloading, 0.0004196 secs]2024-07-30T18:39:17.911+0800: 9.156: [scrub symbol table, 0.0004441 secs]2024-07-30T18:39:17.911+0800: 9.156: [scrub string table, 0.0001121 secs][1 CMS-remark: 5807K(7172K)] 527633K(715012K), 0.0020163 secs] [Times: user=0.00 sys=0.02, real=0.00 secs] 
2024-07-30T18:39:17.911+0800: 9.157: Total time for which application threads were stopped: 0.0020957 seconds, Stopping threads took: 0.0000333 seconds
2024-07-30T18:39:17.911+0800: 9.157: [CMS-concurrent-sweep-start]
2024-07-30T18:39:17.912+0800: 9.157: [CMS-concurrent-sweep: 0.000/0.000 secs] [Times: user=0.00 sys=0.00, real=0.00 secs] 
2024-07-30T18:39:17.912+0800: 9.157: [CMS-concurrent-reset-start]
2024-07-30T18:39:17.912+0800: 9.158: [CMS-concurrent-reset: 0.001/0.001 secs] [Times: user=0.00 sys=0.00, real=0.00 secs] 
2024-07-30T18:39:18.056+0800: 9.302: Application time: 0.1453486 seconds
2024-07-30T18:39:18.056+0800: 9.302: [GC (Allocation Failure) 2024-07-30T18:39:18.056+0800: 9.302: [ParNew: 707073K->77825K(707840K), 0.0200301 secs] 712879K->97967K(728828K), 0.0200892 secs] [Times: user=0.03 sys=0.00, real=0.02 secs] 
2024-07-30T18:39:18.076+0800: 9.322: Total time for which application threads were stopped: 0.0201968 seconds, Stopping threads took: 0.0000197 seconds
2024-07-30T18:39:18.076+0800: 9.322: Application time: 0.0002415 seconds
2024-07-30T18:39:18.076+0800: 9.322: [GC (CMS Initial Mark) [1 CMS-initial-mark: 20142K(20988K)] 112419K(728828K), 0.0000944 secs] [Times: user=0.00 sys=0.00, real=0.00 secs] 
2024-07-30T18:39:18.077+0800: 9.323: Total time for which application threads were stopped: 0.0001930 seconds, Stopping threads took: 0.0000567 seconds
2024-07-30T18:39:18.077+0800: 9.323: [CMS-concurrent-mark-start]
2024-07-30T18:39:18.077+0800: 9.323: [CMS-concurrent-mark: 0.001/0.001 secs] [Times: user=0.00 sys=0.00, real=0.00 secs] 
2024-07-30T18:39:18.078+0800: 9.324: [CMS-concurrent-preclean-start]
2024-07-30T18:39:18.078+0800: 9.324: [CMS-concurrent-preclean: 0.000/0.000 secs] [Times: user=0.00 sys=0.00, real=0.00 secs] 
2024-07-30T18:39:18.078+0800: 9.324: [CMS-concurrent-abortable-preclean-start]
2024-07-30T18:39:18.629+0800: 9.874: [CMS-concurrent-abortable-preclean: 0.001/0.550 secs] [Times: user=0.03 sys=0.00, real=0.55 secs] 
2024-07-30T18:39:18.629+0800: 9.874: Application time: 0.5516584 seconds
2024-07-30T18:39:18.629+0800: 9.874: [GC (CMS Final Remark) [YG occupancy: 508536 K (707840 K)]2024-07-30T18:39:18.629+0800: 9.874: [Rescan (parallel) , 0.0012082 secs]2024-07-30T18:39:18.630+0800: 9.876: [weak refs processing, 0.0000153 secs]2024-07-30T18:39:18.630+0800: 9.876: [class unloading, 0.0002454 secs]2024-07-30T18:39:18.631+0800: 9.876: [scrub symbol table, 0.0003195 secs]2024-07-30T18:39:18.631+0800: 9.876: [scrub string table, 0.0001012 secs][1 CMS-remark: 20142K(20988K)] 528679K(728828K), 0.0019843 secs] [Times: user=0.03 sys=0.00, real=0.00 secs] 
2024-07-30T18:39:18.631+0800: 9.876: Total time for which application threads were stopped: 0.0020687 seconds, Stopping threads took: 0.0000395 seconds
2024-07-30T18:39:18.631+0800: 9.876: [CMS-concurrent-sweep-start]
2024-07-30T18:39:18.632+0800: 9.877: [CMS-concurrent-sweep: 0.000/0.000 secs] [Times: user=0.00 sys=0.00, real=0.00 secs] 
2024-07-30T18:39:18.632+0800: 9.877: [CMS-concurrent-reset-start]
2024-07-30T18:39:18.632+0800: 9.877: [CMS-concurrent-reset: 0.000/0.000 secs] [Times: user=0.00 sys=0.00, real=0.00 secs] 
2024-07-30T18:39:18.774+0800: 10.020: Application time: 0.1441745 seconds
2024-07-30T18:39:18.775+0800: 10.020: [GC (Allocation Failure) 2024-07-30T18:39:18.775+0800: 10.021: [ParNew: 707073K->77825K(707840K), 0.0224423 secs] 722095K->116400K(747272K), 0.0225008 secs] [Times: user=0.03 sys=0.00, real=0.02 secs] 
2024-07-30T18:39:18.798+0800: 10.043: Total time for which application threads were stopped: 0.0226189 seconds, Stopping threads took: 0.0000189 seconds
2024-07-30T18:39:18.798+0800: 10.043: Application time: 0.0002198 seconds
2024-07-30T18:39:18.798+0800: 10.043: [GC (CMS Initial Mark) [1 CMS-initial-mark: 38574K(39432K)] 129852K(747272K), 0.0001530 secs] [Times: user=0.00 sys=0.00, real=0.00 secs] 
2024-07-30T18:39:18.798+0800: 10.044: Total time for which application threads were stopped: 0.0002658 seconds, Stopping threads took: 0.0000218 seconds
2024-07-30T18:39:18.799+0800: 10.044: [CMS-concurrent-mark-start]
2024-07-30T18:39:18.799+0800: 10.044: [CMS-concurrent-mark: 0.001/0.001 secs] [Times: user=0.00 sys=0.00, real=0.00 secs] 
2024-07-30T18:39:18.799+0800: 10.044: [CMS-concurrent-preclean-start]
2024-07-30T18:39:18.799+0800: 10.044: [CMS-concurrent-preclean: 0.000/0.000 secs] [Times: user=0.00 sys=0.00, real=0.00 secs] 
2024-07-30T18:39:18.799+0800: 10.044: [CMS-concurrent-abortable-preclean-start]
2024-07-30T18:39:19.349+0800: 10.594: [CMS-concurrent-abortable-preclean: 0.002/0.550 secs] [Times: user=0.03 sys=0.00, real=0.55 secs] 
2024-07-30T18:39:19.350+0800: 10.595: Application time: 0.5512782 seconds
2024-07-30T18:39:19.350+0800: 10.595: [GC (CMS Final Remark) [YG occupancy: 508287 K (707840 K)]2024-07-30T18:39:19.350+0800: 10.595: [Rescan (parallel) , 0.0004541 secs]2024-07-30T18:39:19.350+0800: 10.595: [weak refs processing, 0.0000146 secs]2024-07-30T18:39:19.350+0800: 10.595: [class unloading, 0.0002173 secs]2024-07-30T18:39:19.350+0800: 10.596: [scrub symbol table, 0.0003057 secs]2024-07-30T18:39:19.350+0800: 10.596: [scrub string table, 0.0001032 secs][1 CMS-remark: 38574K(39432K)] 546862K(747272K), 0.0011976 secs] [Times: user=0.00 sys=0.00, real=0.00 secs] 
2024-07-30T18:39:19.351+0800: 10.596: Total time for which application threads were stopped: 0.0013342 seconds, Stopping threads took: 0.0000918 seconds
2024-07-30T18:39:19.351+0800: 10.596: [CMS-concurrent-sweep-start]
2024-07-30T18:39:19.352+0800: 10.598: [CMS-concurrent-sweep: 0.001/0.001 secs] [Times: user=0.00 sys=0.00, real=0.00 secs] 
2024-07-30T18:39:19.352+0800: 10.598: [CMS-concurrent-reset-start]
2024-07-30T18:39:19.352+0800: 10.598: [CMS-concurrent-reset: 0.000/0.000 secs] [Times: user=0.00 sys=0.00, real=0.00 secs] 
2024-07-30T18:39:19.586+0800: 10.831: Application time: 0.2346965 seconds
2024-07-30T18:39:19.586+0800: 10.831: [GC (Allocation Failure) 2024-07-30T18:39:19.586+0800: 10.831: [ParNew: 707073K->77825K(707840K), 0.0234971 secs] 731311K->133808K(764688K), 0.0235563 secs] [Times: user=0.03 sys=0.00, real=0.02 secs] 
2024-07-30T18:39:19.609+0800: 10.855: Total time for which application threads were stopped: 0.0236855 seconds, Stopping threads took: 0.0000243 seconds
2024-07-30T18:39:19.609+0800: 10.855: Application time: 0.0001859 seconds
2024-07-30T18:39:19.610+0800: 10.855: [GC (CMS Initial Mark) [1 CMS-initial-mark: 55983K(56848K)] 148292K(764688K), 0.0000974 secs] [Times: user=0.00 sys=0.00, real=0.00 secs] 
2024-07-30T18:39:19.610+0800: 10.855: Total time for which application threads were stopped: 0.0002841 seconds, Stopping threads took: 0.0001525 seconds
2024-07-30T18:39:19.610+0800: 10.855: [CMS-concurrent-mark-start]
2024-07-30T18:39:19.611+0800: 10.857: [CMS-concurrent-mark: 0.002/0.002 secs] [Times: user=0.00 sys=0.00, real=0.00 secs] 
2024-07-30T18:39:19.612+0800: 10.857: [CMS-concurrent-preclean-start]
2024-07-30T18:39:19.612+0800: 10.857: [CMS-concurrent-preclean: 0.000/0.000 secs] [Times: user=0.00 sys=0.00, real=0.00 secs] 
2024-07-30T18:39:19.612+0800: 10.857: [CMS-concurrent-abortable-preclean-start]
2024-07-30T18:39:20.170+0800: 11.415: [CMS-concurrent-abortable-preclean: 0.002/0.558 secs] [Times: user=0.03 sys=0.00, real=0.56 secs] 
2024-07-30T18:39:20.170+0800: 11.415: Application time: 0.5599529 seconds
2024-07-30T18:39:20.170+0800: 11.415: [GC (CMS Final Remark) [YG occupancy: 603809 K (707840 K)]2024-07-30T18:39:20.170+0800: 11.415: [Rescan (parallel) , 0.0006757 secs]2024-07-30T18:39:20.170+0800: 11.416: [weak refs processing, 0.0000157 secs]2024-07-30T18:39:20.170+0800: 11.416: [class unloading, 0.0002313 secs]2024-07-30T18:39:20.170+0800: 11.416: [scrub symbol table, 0.0003463 secs]2024-07-30T18:39:20.171+0800: 11.416: [scrub string table, 0.0001010 secs][1 CMS-remark: 55983K(56848K)] 659793K(764688K), 0.0014562 secs] [Times: user=0.00 sys=0.00, real=0.00 secs] 
2024-07-30T18:39:20.171+0800: 11.417: Total time for which application threads were stopped: 0.0016197 seconds, Stopping threads took: 0.0001098 seconds
2024-07-30T18:39:20.171+0800: 11.417: [CMS-concurrent-sweep-start]
2024-07-30T18:39:20.172+0800: 11.418: [CMS-concurrent-sweep: 0.001/0.001 secs] [Times: user=0.00 sys=0.00, real=0.00 secs] 
2024-07-30T18:39:20.172+0800: 11.418: [CMS-concurrent-reset-start]
2024-07-30T18:39:20.173+0800: 11.419: [CMS-concurrent-reset: 0.000/0.000 secs] [Times: user=0.00 sys=0.00, real=0.00 secs] 
2024-07-30T18:39:20.280+0800: 11.526: Application time: 0.1092357 seconds
2024-07-30T18:39:20.280+0800: 11.526: [GC (Allocation Failure) 2024-07-30T18:39:20.280+0800: 11.526: [ParNew: 707073K->77825K(707840K), 0.0239237 secs] 739503K->149168K(780108K), 0.0239820 secs] [Times: user=0.06 sys=0.00, real=0.02 secs] 
2024-07-30T18:39:20.304+0800: 11.550: Total time for which application threads were stopped: 0.0240889 seconds, Stopping threads took: 0.0000198 seconds
2024-07-30T18:39:20.304+0800: 11.550: Application time: 0.0002644 seconds
2024-07-30T18:39:20.304+0800: 11.550: [GC (CMS Initial Mark) [1 CMS-initial-mark: 71343K(72268K)] 163665K(780108K), 0.0001155 secs] [Times: user=0.00 sys=0.00, real=0.00 secs] 
2024-07-30T18:39:20.305+0800: 11.550: Total time for which application threads were stopped: 0.0002217 seconds, Stopping threads took: 0.0000692 seconds
2024-07-30T18:39:20.305+0800: 11.551: [CMS-concurrent-mark-start]
2024-07-30T18:39:20.306+0800: 11.552: [CMS-concurrent-mark: 0.001/0.001 secs] [Times: user=0.00 sys=0.00, real=0.00 secs] 
2024-07-30T18:39:20.306+0800: 11.552: [CMS-concurrent-preclean-start]
2024-07-30T18:39:20.306+0800: 11.552: [CMS-concurrent-preclean: 0.000/0.000 secs] [Times: user=0.00 sys=0.00, real=0.00 secs] 
2024-07-30T18:39:20.306+0800: 11.552: [CMS-concurrent-abortable-preclean-start]
Heap
 par new generation   total 707840K, used 387847K [0x00000000c8000000, 0x00000000f8000000, 0x00000000f8000000)
  eden space 629248K,  49% used [0x00000000c8000000, 0x00000000daec1828, 0x00000000ee680000)
  from space 78592K,  99% used [0x00000000ee680000, 0x00000000f32804c0, 0x00000000f3340000)
  to   space 78592K,   0% used [0x00000000f3340000, 0x00000000f3340000, 0x00000000f8000000)
 concurrent mark-sweep generation total 72268K, used 71343K [0x00000000f8000000, 0x00000000fc693000, 0x0000000100000000)
 Metaspace       used 3005K, capacity 4486K, committed 4864K, reserved 1056768K
  class space    used 310K, capacity 386K, committed 512K, reserved 1048576K
2024-07-30T18:39:20.657+0800: 11.902: Application time: 0.3514577 seconds
