OpenJDK 64-Bit Server VM (25.412-b1) for windows-amd64 JRE (1.8.0_412-b1), built on Apr 23 2024 12:00:37 by "Administrator" with MS VC++ 10.0 (VS2010)
Memory: 4k page, physical 16672068k(5151120k free), swap 19811428k(4833420k free)
CommandLine flags: -XX:GCDrainStackTargetSize=64 -XX:InitialHeapSize=810758960 -XX:MaxHeapSize=939524096 -XX:MaxNewSize=805306368 -XX:MaxTenuringThreshold=6 -XX:NewSize=805306368 -XX:OldPLABSize=16 -XX:+PrintGC -XX:+PrintGCApplicationConcurrentTime -XX:+PrintGCApplicationStoppedTime -XX:+PrintGCDateStamps -XX:+PrintGCDetails -XX:+PrintGCTimeStamps -XX:+UseCompressedClassPointers -XX:+UseCompressedOops -XX:+UseConcMarkSweepGC -XX:-UseLargePagesIndividualAllocation -XX:+UseParNewGC 
2024-07-30T18:41:38.049+0800: 1.030: Application time: 0.9534111 seconds
2024-07-30T18:41:38.050+0800: 1.030: Total time for which application threads were stopped: 0.0005084 seconds, Stopping threads took: 0.0004623 seconds
2024-07-30T18:41:38.055+0800: 1.036: Application time: 0.0053617 seconds
2024-07-30T18:41:38.055+0800: 1.036: [GC (Allocation Failure) 2024-07-30T18:41:38.055+0800: 1.036: [ParNew: 629042K->14098K(707840K), 0.0078179 secs] 629042K->14098K(713984K), 0.0080093 secs] [Times: user=0.00 sys=0.00, real=0.01 secs] 
2024-07-30T18:41:38.063+0800: 1.044: Total time for which application threads were stopped: 0.0081299 seconds, Stopping threads took: 0.0000252 seconds
2024-07-30T18:41:38.727+0800: 1.707: Application time: 0.6633728 seconds
2024-07-30T18:41:38.727+0800: 1.707: [GC (Allocation Failure) 2024-07-30T18:41:38.727+0800: 1.707: [ParNew: 643346K->8150K(707840K), 0.0050506 secs] 643346K->8150K(713984K), 0.0051148 secs] [Times: user=0.00 sys=0.00, real=0.01 secs] 
2024-07-30T18:41:38.732+0800: 1.712: Total time for which application threads were stopped: 0.0052265 seconds, Stopping threads took: 0.0000199 seconds
2024-07-30T18:41:39.404+0800: 2.384: Application time: 0.6720915 seconds
2024-07-30T18:41:39.404+0800: 2.385: [GC (Allocation Failure) 2024-07-30T18:41:39.404+0800: 2.385: [ParNew: 637398K->12269K(707840K), 0.0026296 secs] 637398K->12269K(713984K), 0.0026825 secs] [Times: user=0.00 sys=0.00, real=0.00 secs] 
2024-07-30T18:41:39.407+0800: 2.387: Total time for which application threads were stopped: 0.0028218 seconds, Stopping threads took: 0.0000185 seconds
2024-07-30T18:41:40.094+0800: 3.075: Application time: 0.6876268 seconds
2024-07-30T18:41:40.094+0800: 3.075: [GC (Allocation Failure) 2024-07-30T18:41:40.094+0800: 3.075: [ParNew: 641517K->19249K(707840K), 0.0081082 secs] 641517K->19249K(713984K), 0.0081771 secs] [Times: user=0.01 sys=0.02, real=0.01 secs] 
2024-07-30T18:41:40.102+0800: 3.083: Total time for which application threads were stopped: 0.0082958 seconds, Stopping threads took: 0.0000188 seconds
2024-07-30T18:41:40.772+0800: 3.753: Application time: 0.6695718 seconds
2024-07-30T18:41:40.772+0800: 3.753: [GC (Allocation Failure) 2024-07-30T18:41:40.772+0800: 3.753: [ParNew: 648497K->25498K(707840K), 0.0087554 secs] 648497K->25498K(713984K), 0.0088137 secs] [Times: user=0.00 sys=0.00, real=0.01 secs] 
2024-07-30T18:41:40.780+0800: 3.762: Total time for which application threads were stopped: 0.0089267 seconds, Stopping threads took: 0.0000181 seconds
2024-07-30T18:41:41.132+0800: 4.113: Application time: 0.3511510 seconds
2024-07-30T18:41:41.132+0800: 4.113: Total time for which application threads were stopped: 0.0001658 seconds, Stopping threads took: 0.0000515 seconds
2024-07-30T18:41:41.450+0800: 4.431: Application time: 0.3179663 seconds
2024-07-30T18:41:41.450+0800: 4.431: [GC (Allocation Failure) 2024-07-30T18:41:41.450+0800: 4.431: [ParNew: 654746K->34804K(707840K), 0.0116342 secs] 654746K->34804K(713984K), 0.0116928 secs] [Times: user=0.03 sys=0.00, real=0.01 secs] 
2024-07-30T18:41:41.462+0800: 4.443: Total time for which application threads were stopped: 0.0118072 seconds, Stopping threads took: 0.0000183 seconds
2024-07-30T18:41:42.133+0800: 5.113: Application time: 0.6706252 seconds
2024-07-30T18:41:42.133+0800: 5.113: [GC (Allocation Failure) 2024-07-30T18:41:42.133+0800: 5.114: [ParNew: 664052K->40382K(707840K), 0.0134321 secs] 664052K->41065K(713984K), 0.0135446 secs] [Times: user=0.03 sys=0.00, real=0.01 secs] 
2024-07-30T18:41:42.146+0800: 5.127: Total time for which application threads were stopped: 0.0136586 seconds, Stopping threads took: 0.0000208 seconds
2024-07-30T18:41:42.822+0800: 5.803: Application time: 0.6762088 seconds
2024-07-30T18:41:42.822+0800: 5.803: [GC (Allocation Failure) 2024-07-30T18:41:42.822+0800: 5.803: [ParNew: 669630K->48128K(707840K), 0.0124289 secs] 670313K->48813K(713984K), 0.0124943 secs] [Times: user=0.02 sys=0.02, real=0.01 secs] 
2024-07-30T18:41:42.835+0800: 5.816: Total time for which application threads were stopped: 0.0126101 seconds, Stopping threads took: 0.0000191 seconds
2024-07-30T18:41:43.500+0800: 6.481: Application time: 0.6652216 seconds
2024-07-30T18:41:43.500+0800: 6.481: [GC (Allocation Failure) 2024-07-30T18:41:43.500+0800: 6.481: [ParNew: 677376K->56344K(707840K), 0.0148771 secs] 678061K->57029K(713984K), 0.0149341 secs] [Times: user=0.03 sys=0.00, real=0.02 secs] 
2024-07-30T18:41:43.515+0800: 6.496: Total time for which application threads were stopped: 0.0150439 seconds, Stopping threads took: 0.0000195 seconds
2024-07-30T18:41:44.178+0800: 7.159: Application time: 0.6627691 seconds
2024-07-30T18:41:44.178+0800: 7.159: [GC (Allocation Failure) 2024-07-30T18:41:44.178+0800: 7.159: [ParNew: 685592K->64512K(707840K), 0.0172033 secs] 686277K->65198K(713984K), 0.0172631 secs] [Times: user=0.03 sys=0.00, real=0.02 secs] 
2024-07-30T18:41:44.195+0800: 7.176: Total time for which application threads were stopped: 0.0173719 seconds, Stopping threads took: 0.0000183 seconds
2024-07-30T18:41:44.858+0800: 7.838: Application time: 0.6619901 seconds
2024-07-30T18:41:44.858+0800: 7.838: [GC (Allocation Failure) 2024-07-30T18:41:44.858+0800: 7.838: [ParNew: 693383K->76801K(707840K), 0.0197409 secs] 694068K->77486K(713984K), 0.0197997 secs] [Times: user=0.03 sys=0.00, real=0.02 secs] 
2024-07-30T18:41:44.877+0800: 7.858: Total time for which application threads were stopped: 0.0199195 seconds, Stopping threads took: 0.0000318 seconds
2024-07-30T18:41:45.552+0800: 8.534: Application time: 0.6753097 seconds
2024-07-30T18:41:45.553+0800: 8.534: [GC (Allocation Failure) 2024-07-30T18:41:45.553+0800: 8.534: [ParNew: 706049K->77825K(707840K), 0.0222790 secs] 706734K->85678K(717068K), 0.0223402 secs] [Times: user=0.02 sys=0.02, real=0.02 secs] 
2024-07-30T18:41:45.575+0800: 8.556: Total time for which application threads were stopped: 0.0224603 seconds, Stopping threads took: 0.0000248 seconds
2024-07-30T18:41:45.575+0800: 8.556: Application time: 0.0002534 seconds
2024-07-30T18:41:45.575+0800: 8.556: [GC (CMS Initial Mark) [1 CMS-initial-mark: 7853K(9228K)] 100181K(717068K), 0.0008049 secs] [Times: user=0.00 sys=0.00, real=0.00 secs] 
2024-07-30T18:41:45.576+0800: 8.557: Total time for which application threads were stopped: 0.0009805 seconds, Stopping threads took: 0.0001330 seconds
2024-07-30T18:41:45.576+0800: 8.557: [CMS-concurrent-mark-start]
2024-07-30T18:41:45.577+0800: 8.559: [CMS-concurrent-mark: 0.001/0.001 secs] [Times: user=0.00 sys=0.00, real=0.00 secs] 
2024-07-30T18:41:45.577+0800: 8.559: [CMS-concurrent-preclean-start]
2024-07-30T18:41:45.578+0800: 8.559: [CMS-concurrent-preclean: 0.000/0.000 secs] [Times: user=0.00 sys=0.00, real=0.00 secs] 
2024-07-30T18:41:45.578+0800: 8.559: [CMS-concurrent-abortable-preclean-start]
2024-07-30T18:41:46.125+0800: 9.106: [CMS-concurrent-abortable-preclean: 0.001/0.547 secs] [Times: user=0.06 sys=0.00, real=0.55 secs] 
2024-07-30T18:41:46.125+0800: 9.106: Application time: 0.5487458 seconds
2024-07-30T18:41:46.125+0800: 9.106: [GC (CMS Final Remark) [YG occupancy: 510175 K (707840 K)]2024-07-30T18:41:46.125+0800: 9.106: [Rescan (parallel) , 0.0011861 secs]2024-07-30T18:41:46.126+0800: 9.107: [weak refs processing, 0.0000146 secs]2024-07-30T18:41:46.126+0800: 9.107: [class unloading, 0.0003688 secs]2024-07-30T18:41:46.127+0800: 9.108: [scrub symbol table, 0.0003844 secs]2024-07-30T18:41:46.127+0800: 9.108: [scrub string table, 0.0000994 secs][1 CMS-remark: 7853K(9228K)] 518028K(717068K), 0.0021918 secs] [Times: user=0.00 sys=0.00, real=0.00 secs] 
2024-07-30T18:41:46.127+0800: 9.108: Total time for which application threads were stopped: 0.0022724 seconds, Stopping threads took: 0.0000294 seconds
2024-07-30T18:41:46.127+0800: 9.108: [CMS-concurrent-sweep-start]
2024-07-30T18:41:46.128+0800: 9.109: [CMS-concurrent-sweep: 0.000/0.000 secs] [Times: user=0.00 sys=0.00, real=0.00 secs] 
2024-07-30T18:41:46.128+0800: 9.109: [CMS-concurrent-reset-start]
2024-07-30T18:41:46.128+0800: 9.109: [CMS-concurrent-reset: 0.001/0.001 secs] [Times: user=0.00 sys=0.00, real=0.00 secs] 
2024-07-30T18:41:46.275+0800: 9.255: Application time: 0.1468435 seconds
2024-07-30T18:41:46.275+0800: 9.255: [GC (Allocation Failure) 2024-07-30T18:41:46.275+0800: 9.255: [ParNew: 707073K->77825K(707840K), 0.0200987 secs] 714925K->100013K(731208K), 0.0201560 secs] [Times: user=0.03 sys=0.00, real=0.02 secs] 
2024-07-30T18:41:46.295+0800: 9.275: Total time for which application threads were stopped: 0.0202752 seconds, Stopping threads took: 0.0000184 seconds
2024-07-30T18:41:46.295+0800: 9.276: Application time: 0.0002316 seconds
2024-07-30T18:41:46.295+0800: 9.276: [GC (CMS Initial Mark) [1 CMS-initial-mark: 22188K(23368K)] 114562K(731208K), 0.0008789 secs] [Times: user=0.00 sys=0.00, real=0.00 secs] 
2024-07-30T18:41:46.296+0800: 9.277: Total time for which application threads were stopped: 0.0010191 seconds, Stopping threads took: 0.0000973 seconds
2024-07-30T18:41:46.296+0800: 9.277: [CMS-concurrent-mark-start]
2024-07-30T18:41:46.297+0800: 9.278: [CMS-concurrent-mark: 0.001/0.001 secs] [Times: user=0.00 sys=0.00, real=0.00 secs] 
2024-07-30T18:41:46.297+0800: 9.278: [CMS-concurrent-preclean-start]
2024-07-30T18:41:46.297+0800: 9.278: [CMS-concurrent-preclean: 0.000/0.000 secs] [Times: user=0.00 sys=0.00, real=0.00 secs] 
2024-07-30T18:41:46.297+0800: 9.278: [CMS-concurrent-abortable-preclean-start]
2024-07-30T18:41:46.852+0800: 9.833: [CMS-concurrent-abortable-preclean: 0.001/0.555 secs] [Times: user=0.02 sys=0.00, real=0.56 secs] 
2024-07-30T18:41:46.852+0800: 9.833: Application time: 0.5564791 seconds
2024-07-30T18:41:46.852+0800: 9.833: [GC (CMS Final Remark) [YG occupancy: 500144 K (707840 K)]2024-07-30T18:41:46.852+0800: 9.833: [Rescan (parallel) , 0.0010891 secs]2024-07-30T18:41:46.853+0800: 9.834: [weak refs processing, 0.0000150 secs]2024-07-30T18:41:46.853+0800: 9.834: [class unloading, 0.0002348 secs]2024-07-30T18:41:46.854+0800: 9.835: [scrub symbol table, 0.0003313 secs]2024-07-30T18:41:46.854+0800: 9.835: [scrub string table, 0.0000940 secs][1 CMS-remark: 22188K(23368K)] 522332K(731208K), 0.0018563 secs] [Times: user=0.00 sys=0.00, real=0.00 secs] 
2024-07-30T18:41:46.854+0800: 9.835: Total time for which application threads were stopped: 0.0020283 seconds, Stopping threads took: 0.0001230 seconds
2024-07-30T18:41:46.854+0800: 9.835: [CMS-concurrent-sweep-start]
2024-07-30T18:41:46.855+0800: 9.836: [CMS-concurrent-sweep: 0.001/0.001 secs] [Times: user=0.00 sys=0.00, real=0.00 secs] 
2024-07-30T18:41:46.855+0800: 9.837: [CMS-concurrent-reset-start]
2024-07-30T18:41:46.856+0800: 9.837: [CMS-concurrent-reset: 0.000/0.000 secs] [Times: user=0.00 sys=0.00, real=0.00 secs] 
2024-07-30T18:41:47.089+0800: 10.069: Application time: 0.2340515 seconds
2024-07-30T18:41:47.089+0800: 10.069: [GC (Allocation Failure) 2024-07-30T18:41:47.089+0800: 10.069: [ParNew: 706183K->77825K(707840K), 0.0250209 secs] 721203K->120494K(752408K), 0.0250975 secs] [Times: user=0.03 sys=0.02, real=0.03 secs] 
2024-07-30T18:41:47.114+0800: 10.094: Total time for which application threads were stopped: 0.0252448 seconds, Stopping threads took: 0.0000237 seconds
2024-07-30T18:41:47.114+0800: 10.095: Application time: 0.0001034 seconds
2024-07-30T18:41:47.114+0800: 10.095: [GC (CMS Initial Mark) [1 CMS-initial-mark: 42668K(44568K)] 134974K(752408K), 0.0001717 secs] [Times: user=0.00 sys=0.00, real=0.00 secs] 
2024-07-30T18:41:47.114+0800: 10.095: Total time for which application threads were stopped: 0.0003582 seconds, Stopping threads took: 0.0001274 seconds
2024-07-30T18:41:47.114+0800: 10.095: [CMS-concurrent-mark-start]
2024-07-30T18:41:47.116+0800: 10.096: [CMS-concurrent-mark: 0.001/0.001 secs] [Times: user=0.00 sys=0.00, real=0.00 secs] 
2024-07-30T18:41:47.116+0800: 10.096: [CMS-concurrent-preclean-start]
2024-07-30T18:41:47.116+0800: 10.097: [CMS-concurrent-preclean: 0.000/0.000 secs] [Times: user=0.00 sys=0.00, real=0.00 secs] 
2024-07-30T18:41:47.116+0800: 10.097: [CMS-concurrent-abortable-preclean-start]
2024-07-30T18:41:47.669+0800: 10.650: [CMS-concurrent-abortable-preclean: 0.001/0.553 secs] [Times: user=0.00 sys=0.00, real=0.55 secs] 
2024-07-30T18:41:47.669+0800: 10.650: Application time: 0.5548276 seconds
2024-07-30T18:41:47.669+0800: 10.650: [GC (CMS Final Remark) [YG occupancy: 603648 K (707840 K)]2024-07-30T18:41:47.669+0800: 10.650: [Rescan (parallel) , 0.0011290 secs]2024-07-30T18:41:47.670+0800: 10.651: [weak refs processing, 0.0000150 secs]2024-07-30T18:41:47.670+0800: 10.651: [class unloading, 0.0002448 secs]2024-07-30T18:41:47.671+0800: 10.651: [scrub symbol table, 0.0003392 secs]2024-07-30T18:41:47.671+0800: 10.652: [scrub string table, 0.0000997 secs][1 CMS-remark: 42668K(44568K)] 646317K(752408K), 0.0019059 secs] [Times: user=0.00 sys=0.00, real=0.00 secs] 
2024-07-30T18:41:47.671+0800: 10.652: Total time for which application threads were stopped: 0.0019662 seconds, Stopping threads took: 0.0000200 seconds
2024-07-30T18:41:47.671+0800: 10.652: [CMS-concurrent-sweep-start]
2024-07-30T18:41:47.671+0800: 10.652: [CMS-concurrent-sweep: 0.000/0.000 secs] [Times: user=0.00 sys=0.00, real=0.00 secs] 
2024-07-30T18:41:47.672+0800: 10.652: [CMS-concurrent-reset-start]
2024-07-30T18:41:47.672+0800: 10.652: [CMS-concurrent-reset: 0.000/0.000 secs] [Times: user=0.00 sys=0.00, real=0.00 secs] 
2024-07-30T18:41:47.795+0800: 10.776: Application time: 0.1241494 seconds
2024-07-30T18:41:47.795+0800: 10.776: [GC (Allocation Failure) 2024-07-30T18:41:47.795+0800: 10.776: [ParNew: 707073K->77825K(707840K), 0.0275217 secs] 735405K->141998K(774596K), 0.0275944 secs] [Times: user=0.06 sys=0.00, real=0.03 secs] 
2024-07-30T18:41:47.823+0800: 10.804: Total time for which application threads were stopped: 0.0277064 seconds, Stopping threads took: 0.0000186 seconds
2024-07-30T18:41:47.823+0800: 10.804: Application time: 0.0002215 seconds
2024-07-30T18:41:47.823+0800: 10.804: [GC (CMS Initial Mark) [1 CMS-initial-mark: 64173K(66756K)] 156532K(774596K), 0.0008074 secs] [Times: user=0.00 sys=0.00, real=0.00 secs] 
2024-07-30T18:41:47.824+0800: 10.805: Total time for which application threads were stopped: 0.0010058 seconds, Stopping threads took: 0.0001562 seconds
2024-07-30T18:41:47.824+0800: 10.805: [CMS-concurrent-mark-start]
2024-07-30T18:41:47.826+0800: 10.807: [CMS-concurrent-mark: 0.002/0.002 secs] [Times: user=0.00 sys=0.00, real=0.00 secs] 
2024-07-30T18:41:47.826+0800: 10.807: [CMS-concurrent-preclean-start]
2024-07-30T18:41:47.826+0800: 10.807: [CMS-concurrent-preclean: 0.000/0.000 secs] [Times: user=0.00 sys=0.00, real=0.00 secs] 
2024-07-30T18:41:47.826+0800: 10.807: [CMS-concurrent-abortable-preclean-start]
2024-07-30T18:41:48.371+0800: 11.351: [CMS-concurrent-abortable-preclean: 0.002/0.544 secs] [Times: user=0.00 sys=0.00, real=0.55 secs] 
2024-07-30T18:41:48.371+0800: 11.351: Application time: 0.5465033 seconds
2024-07-30T18:41:48.371+0800: 11.351: [GC (CMS Final Remark) [YG occupancy: 586293 K (707840 K)]2024-07-30T18:41:48.371+0800: 11.351: [Rescan (parallel) , 0.0009204 secs]2024-07-30T18:41:48.372+0800: 11.352: [weak refs processing, 0.0000140 secs]2024-07-30T18:41:48.372+0800: 11.352: [class unloading, 0.0002219 secs]2024-07-30T18:41:48.372+0800: 11.353: [scrub symbol table, 0.0003480 secs]2024-07-30T18:41:48.372+0800: 11.353: [scrub string table, 0.0001187 secs][1 CMS-remark: 64173K(66756K)] 650466K(774596K), 0.0016922 secs] [Times: user=0.00 sys=0.00, real=0.00 secs] 
2024-07-30T18:41:48.373+0800: 11.353: Total time for which application threads were stopped: 0.0017912 seconds, Stopping threads took: 0.0000196 seconds
2024-07-30T18:41:48.373+0800: 11.353: [CMS-concurrent-sweep-start]
2024-07-30T18:41:48.373+0800: 11.354: [CMS-concurrent-sweep: 0.000/0.000 secs] [Times: user=0.00 sys=0.00, real=0.00 secs] 
2024-07-30T18:41:48.373+0800: 11.354: [CMS-concurrent-reset-start]
2024-07-30T18:41:48.373+0800: 11.354: [CMS-concurrent-reset: 0.000/0.000 secs] [Times: user=0.00 sys=0.00, real=0.00 secs] 
2024-07-30T18:41:48.498+0800: 11.479: Application time: 0.1255662 seconds
2024-07-30T18:41:48.498+0800: 11.479: [GC (Allocation Failure) 2024-07-30T18:41:48.498+0800: 11.479: [ParNew: 707073K->77825K(707840K), 0.0270287 secs] 743597K->162478K(794128K), 0.0270917 secs] [Times: user=0.05 sys=0.01, real=0.03 secs] 
2024-07-30T18:41:48.525+0800: 11.506: Total time for which application threads were stopped: 0.0272184 seconds, Stopping threads took: 0.0000238 seconds
2024-07-30T18:41:48.525+0800: 11.506: Application time: 0.0002275 seconds
2024-07-30T18:41:48.525+0800: 11.506: [GC (CMS Initial Mark) [1 CMS-initial-mark: 84653K(86288K)] 176950K(794128K), 0.0008041 secs] [Times: user=0.00 sys=0.00, real=0.00 secs] 
2024-07-30T18:41:48.526+0800: 11.507: Total time for which application threads were stopped: 0.0009976 seconds, Stopping threads took: 0.0001513 seconds
2024-07-30T18:41:48.526+0800: 11.507: [CMS-concurrent-mark-start]
2024-07-30T18:41:48.527+0800: 11.508: [CMS-concurrent-mark: 0.001/0.001 secs] [Times: user=0.00 sys=0.00, real=0.00 secs] 
2024-07-30T18:41:48.527+0800: 11.508: [CMS-concurrent-preclean-start]
2024-07-30T18:41:48.528+0800: 11.509: [CMS-concurrent-preclean: 0.000/0.000 secs] [Times: user=0.00 sys=0.00, real=0.00 secs] 
2024-07-30T18:41:48.528+0800: 11.509: [CMS-concurrent-abortable-preclean-start]
2024-07-30T18:41:48.528+0800: 11.509: [CMS-concurrent-abortable-preclean: 0.000/0.000 secs] [Times: user=0.00 sys=0.00, real=0.00 secs] 
2024-07-30T18:41:48.528+0800: 11.509: Application time: 0.0017805 seconds
2024-07-30T18:41:48.528+0800: 11.509: [GC (CMS Final Remark) [YG occupancy: 105745 K (707840 K)]2024-07-30T18:41:48.528+0800: 11.509: [Rescan (parallel) , 0.0004756 secs]2024-07-30T18:41:48.529+0800: 11.510: [weak refs processing, 0.0000118 secs]2024-07-30T18:41:48.529+0800: 11.510: [class unloading, 0.0002190 secs]2024-07-30T18:41:48.529+0800: 11.510: [scrub symbol table, 0.0003166 secs]2024-07-30T18:41:48.529+0800: 11.510: [scrub string table, 0.0000903 secs][1 CMS-remark: 84653K(86288K)] 190398K(794128K), 0.0011720 secs] [Times: user=0.00 sys=0.00, real=0.00 secs] 
2024-07-30T18:41:48.529+0800: 11.510: Total time for which application threads were stopped: 0.0012903 seconds, Stopping threads took: 0.0000857 seconds
2024-07-30T18:41:48.529+0800: 11.510: [CMS-concurrent-sweep-start]
2024-07-30T18:41:48.530+0800: 11.511: [CMS-concurrent-sweep: 0.001/0.001 secs] [Times: user=0.00 sys=0.00, real=0.00 secs] 
2024-07-30T18:41:48.530+0800: 11.511: [CMS-concurrent-reset-start]
2024-07-30T18:41:48.530+0800: 11.511: [CMS-concurrent-reset: 0.000/0.000 secs] [Times: user=0.00 sys=0.00, real=0.00 secs] 
Heap
 par new generation   total 707840K, used 387289K [0x00000000c8000000, 0x00000000f8000000, 0x00000000f8000000)
  eden space 629248K,  49% used [0x00000000c8000000, 0x00000000dae36138, 0x00000000ee680000)
  from space 78592K,  99% used [0x00000000ee680000, 0x00000000f32804c0, 0x00000000f3340000)
  to   space 78592K,   0% used [0x00000000f3340000, 0x00000000f3340000, 0x00000000f8000000)
 concurrent mark-sweep generation total 86288K, used 48812K [0x00000000f8000000, 0x00000000fd444000, 0x0000000100000000)
 Metaspace       used 3005K, capacity 4486K, committed 4864K, reserved 1056768K
  class space    used 310K, capacity 386K, committed 512K, reserved 1048576K
2024-07-30T18:41:48.861+0800: 11.842: Application time: 0.3314300 seconds
