OpenJDK 64-Bit Server VM (25.412-b1) for windows-amd64 JRE (1.8.0_412-b1), built on Apr 23 2024 12:00:37 by "Administrator" with MS VC++ 10.0 (VS2010)
Memory: 4k page, physical 16672068k(6567916k free), swap 19162436k(5504708k free)
CommandLine flags: -XX:GCDrainStackTargetSize=64 -XX:InitialHeapSize=266753088 -XX:MaxHeapSize=1610612736 -XX:MaxNewSize=536870912 -XX:MaxTenuringThreshold=6 -XX:OldPLABSize=16 -XX:+PrintGC -XX:+PrintGCApplicationConcurrentTime -XX:+PrintGCApplicationStoppedTime -XX:+PrintGCDateStamps -XX:+PrintGCDetails -XX:+PrintGCTimeStamps -XX:+UseCompressedClassPointers -XX:+UseCompressedOops -XX:+UseConcMarkSweepGC -XX:-UseLargePagesIndividualAllocation -XX:+UseParNewGC 
2024-07-27T17:22:26.074+0800: 0.110: Application time: 0.0381074 seconds
2024-07-27T17:22:26.074+0800: 0.110: [GC (Allocation Failure) 2024-07-27T17:22:26.075+0800: 0.111: [ParNew: 68984K->7896K(78656K), 0.0368947 secs] 68984K->68315K(253440K), 0.0370952 secs] [Times: user=0.05 sys=0.01, real=0.04 secs] 
2024-07-27T17:22:26.112+0800: 0.148: Total time for which application threads were stopped: 0.0372433 seconds, Stopping threads took: 0.0000220 seconds
2024-07-27T17:22:26.228+0800: 0.264: Application time: 0.1167465 seconds
2024-07-27T17:22:26.228+0800: 0.264: [GC (Allocation Failure) 2024-07-27T17:22:26.228+0800: 0.264: [ParNew: 76866K->8532K(78656K), 0.0249864 secs] 137285K->137183K(253440K), 0.0250559 secs] [Times: user=0.03 sys=0.02, real=0.03 secs] 
2024-07-27T17:22:26.253+0800: 0.290: Total time for which application threads were stopped: 0.0251783 seconds, Stopping threads took: 0.0000182 seconds
2024-07-27T17:22:26.254+0800: 0.290: Application time: 0.0002278 seconds
2024-07-27T17:22:26.254+0800: 0.290: [GC (CMS Initial Mark) [1 CMS-initial-mark: 128651K(174784K)] 140610K(253440K), 0.0007804 secs] [Times: user=0.00 sys=0.00, real=0.00 secs] 
2024-07-27T17:22:26.255+0800: 0.291: Total time for which application threads were stopped: 0.0009064 seconds, Stopping threads took: 0.0000681 seconds
2024-07-27T17:22:26.255+0800: 0.291: [CMS-concurrent-mark-start]
2024-07-27T17:22:26.258+0800: 0.294: [CMS-concurrent-mark: 0.003/0.003 secs] [Times: user=0.00 sys=0.00, real=0.00 secs] 
2024-07-27T17:22:26.258+0800: 0.294: [CMS-concurrent-preclean-start]
2024-07-27T17:22:26.259+0800: 0.295: [CMS-concurrent-preclean: 0.001/0.001 secs] [Times: user=0.00 sys=0.00, real=0.00 secs] 
2024-07-27T17:22:26.259+0800: 0.295: [CMS-concurrent-abortable-preclean-start]
2024-07-27T17:22:26.365+0800: 0.401: Application time: 0.1099367 seconds
2024-07-27T17:22:26.365+0800: 0.401: [GC (Allocation Failure) 2024-07-27T17:22:26.365+0800: 0.401: [ParNew: 77496K->14K(78656K), 0.0012396 secs] 206147K->128667K(253440K), 0.0013005 secs] [Times: user=0.00 sys=0.00, real=0.00 secs] 
2024-07-27T17:22:26.367+0800: 0.402: Total time for which application threads were stopped: 0.0014257 seconds, Stopping threads took: 0.0000254 seconds
2024-07-27T17:22:26.371+0800: 0.406: Application time: 0.0044203 seconds
2024-07-27T17:22:26.371+0800: 0.407: [GC (Allocation Failure) 2024-07-27T17:22:26.371+0800: 0.407: [ParNew: 68982K->8196K(78656K), 0.0274244 secs] 197635K->197266K(268860K), 0.0274704 secs] [Times: user=0.03 sys=0.05, real=0.03 secs] 
2024-07-27T17:22:26.399+0800: 0.434: Total time for which application threads were stopped: 0.0275753 seconds, Stopping threads took: 0.0000147 seconds
2024-07-27T17:22:26.510+0800: 0.546: Application time: 0.1117535 seconds
2024-07-27T17:22:26.510+0800: 0.546: [GC (Allocation Failure) 2024-07-27T17:22:26.510+0800: 0.546: [ParNew: 77168K->8192K(78656K), 0.0242723 secs] 266238K->265872K(337736K), 0.0243310 secs] [Times: user=0.05 sys=0.00, real=0.03 secs] 
2024-07-27T17:22:26.535+0800: 0.570: Total time for which application threads were stopped: 0.0244392 seconds, Stopping threads took: 0.0000201 seconds
2024-07-27T17:22:26.535+0800: 0.570: [CMS-concurrent-abortable-preclean: 0.005/0.275 secs] [Times: user=0.08 sys=0.05, real=0.28 secs] 
2024-07-27T17:22:26.535+0800: 0.571: Application time: 0.0002822 seconds
2024-07-27T17:22:26.535+0800: 0.571: [GC (CMS Final Remark) [YG occupancy: 12652 K (78656 K)]2024-07-27T17:22:26.535+0800: 0.571: [Rescan (parallel) , 0.0009817 secs]2024-07-27T17:22:26.536+0800: 0.572: [weak refs processing, 0.0000126 secs]2024-07-27T17:22:26.536+0800: 0.572: [class unloading, 0.0001843 secs]2024-07-27T17:22:26.536+0800: 0.572: [scrub symbol table, 0.0003120 secs]2024-07-27T17:22:26.537+0800: 0.572: [scrub string table, 0.0000897 secs][1 CMS-remark: 257680K(259080K)] 270332K(337736K), 0.0016989 secs] [Times: user=0.00 sys=0.02, real=0.00 secs] 
2024-07-27T17:22:26.537+0800: 0.572: Total time for which application threads were stopped: 0.0018189 seconds, Stopping threads took: 0.0000844 seconds
2024-07-27T17:22:26.537+0800: 0.573: [CMS-concurrent-sweep-start]
2024-07-27T17:22:26.538+0800: 0.574: [CMS-concurrent-sweep: 0.002/0.002 secs] [Times: user=0.00 sys=0.00, real=0.00 secs] 
2024-07-27T17:22:26.540+0800: 0.576: [CMS-concurrent-reset-start]
2024-07-27T17:22:26.547+0800: 0.582: [CMS-concurrent-reset: 0.006/0.006 secs] [Times: user=0.00 sys=0.00, real=0.01 secs] 
2024-07-27T17:22:26.650+0800: 0.686: Application time: 0.1135646 seconds
2024-07-27T17:22:26.650+0800: 0.686: [GC (Allocation Failure) 2024-07-27T17:22:26.650+0800: 0.686: [ParNew: 77165K->1024K(78656K), 0.0013663 secs] 334844K->258703K(508124K), 0.0014359 secs] [Times: user=0.00 sys=0.00, real=0.00 secs] 
2024-07-27T17:22:26.651+0800: 0.688: Total time for which application threads were stopped: 0.0015793 seconds, Stopping threads took: 0.0000199 seconds
2024-07-27T17:22:26.652+0800: 0.688: Application time: 0.0001198 seconds
2024-07-27T17:22:26.652+0800: 0.688: [GC (CMS Initial Mark) [1 CMS-initial-mark: 257679K(429468K)] 259727K(508124K), 0.0004659 secs] [Times: user=0.00 sys=0.00, real=0.00 secs] 
2024-07-27T17:22:26.653+0800: 0.688: Total time for which application threads were stopped: 0.0005577 seconds, Stopping threads took: 0.0000437 seconds
2024-07-27T17:22:26.653+0800: 0.688: [CMS-concurrent-mark-start]
2024-07-27T17:22:26.657+0800: 0.693: [CMS-concurrent-mark: 0.005/0.005 secs] [Times: user=0.00 sys=0.00, real=0.00 secs] 
2024-07-27T17:22:26.657+0800: 0.693: [CMS-concurrent-preclean-start]
2024-07-27T17:22:26.659+0800: 0.695: [CMS-concurrent-preclean: 0.002/0.002 secs]2024-07-27T17:22:26.659+0800: 0.695:  [Times: user=0.00 sys=0.00, real=0.00 secs] 
Application time: 0.0067082 seconds
2024-07-27T17:22:26.659+0800: 0.695: [GC (Allocation Failure) 2024-07-27T17:22:26.659+0800: 0.695: [ParNew: 69998K->8192K(78656K), 0.0326710 secs] 327677K->327312K(508124K), 0.0327300 secs] [Times: user=0.06 sys=0.02, real=0.03 secs] 
2024-07-27T17:22:26.692+0800: 0.728: Total time for which application threads were stopped: 0.0328656 seconds, Stopping threads took: 0.0000279 seconds
2024-07-27T17:22:26.692+0800: 0.728: Application time: 0.0003057 seconds
2024-07-27T17:22:26.692+0800: 0.728: [GC (CMS Final Remark) [YG occupancy: 12654 K (78656 K)]2024-07-27T17:22:26.692+0800: 0.728: [Rescan (parallel) , 0.0009616 secs]2024-07-27T17:22:26.693+0800: 0.729: [weak refs processing, 0.0000131 secs]2024-07-27T17:22:26.693+0800: 0.729: [class unloading, 0.0001897 secs]2024-07-27T17:22:26.693+0800: 0.730: [scrub symbol table, 0.0003526 secs]2024-07-27T17:22:26.694+0800: 0.730: [scrub string table, 0.0001002 secs][1 CMS-remark: 319120K(429468K)] 331774K(508124K), 0.0016808 secs] [Times: user=0.00 sys=0.00, real=0.00 secs] 
2024-07-27T17:22:26.694+0800: 0.730: Total time for which application threads were stopped: 0.0018894 seconds, Stopping threads took: 0.0001694 seconds
2024-07-27T17:22:26.694+0800: 0.730: [CMS-concurrent-sweep-start]
2024-07-27T17:22:26.696+0800: 0.732: [CMS-concurrent-sweep: 0.002/0.002 secs] [Times: user=0.00 sys=0.00, real=0.00 secs] 
2024-07-27T17:22:26.696+0800: 0.732: [CMS-concurrent-reset-start]
2024-07-27T17:22:26.697+0800: 0.733: [CMS-concurrent-reset: 0.001/0.001 secs] [Times: user=0.00 sys=0.00, real=0.00 secs] 
2024-07-27T17:22:26.810+0800: 0.846: Application time: 0.1164146 seconds
2024-07-27T17:22:26.810+0800: 0.846: [GC (Allocation Failure) 2024-07-27T17:22:26.810+0800: 0.847: [ParNew: 77167K->8192K(78656K), 0.0117392 secs] 139259K->138893K(508124K), 0.0118157 secs] [Times: user=0.03 sys=0.00, real=0.01 secs] 
2024-07-27T17:22:26.822+0800: 0.858: Total time for which application threads were stopped: 0.0119285 seconds, Stopping threads took: 0.0000192 seconds
2024-07-27T17:22:26.933+0800: 0.969: Application time: 0.1106714 seconds
2024-07-27T17:22:26.933+0800: 0.969: [GC (Allocation Failure) 2024-07-27T17:22:26.933+0800: 0.969: [ParNew: 77167K->2048K(78656K), 0.0026797 secs] 207869K->132749K(508124K), 0.0027452 secs] [Times: user=0.00 sys=0.00, real=0.00 secs] 
2024-07-27T17:22:26.936+0800: 0.972: Total time for which application threads were stopped: 0.0028632 seconds, Stopping threads took: 0.0000238 seconds
2024-07-27T17:22:26.941+0800: 0.976: Application time: 0.0045095 seconds
2024-07-27T17:22:26.941+0800: 0.976: [GC (Allocation Failure) 2024-07-27T17:22:26.941+0800: 0.976: [ParNew: 71024K->8192K(78656K), 0.0114969 secs] 201725K->201358K(508124K), 0.0115528 secs] [Times: user=0.03 sys=0.00, real=0.01 secs] 
2024-07-27T17:22:26.953+0800: 0.988: Total time for which application threads were stopped: 0.0116516 seconds, Stopping threads took: 0.0000160 seconds
2024-07-27T17:22:26.953+0800: 0.988: Application time: 0.0001834 seconds
2024-07-27T17:22:26.953+0800: 0.988: [GC (CMS Initial Mark) [1 CMS-initial-mark: 193166K(429468K)] 204797K(508124K), 0.0005843 secs] [Times: user=0.00 sys=0.00, real=0.00 secs] 
2024-07-27T17:22:26.954+0800: 0.989: Total time for which application threads were stopped: 0.0007559 seconds, Stopping threads took: 0.0001251 seconds
2024-07-27T17:22:26.954+0800: 0.989: [CMS-concurrent-mark-start]
2024-07-27T17:22:26.956+0800: 0.992: [CMS-concurrent-mark: 0.003/0.003 secs] [Times: user=0.00 sys=0.00, real=0.00 secs] 
2024-07-27T17:22:26.956+0800: 0.992: [CMS-concurrent-preclean-start]
2024-07-27T17:22:26.957+0800: 0.992: [CMS-concurrent-preclean: 0.001/0.001 secs] [Times: user=0.00 sys=0.00, real=0.00 secs] 
2024-07-27T17:22:26.957+0800: 0.993: [CMS-concurrent-abortable-preclean-start]
2024-07-27T17:22:27.063+0800: 1.098: Application time: 0.1090285 seconds
2024-07-27T17:22:27.063+0800: 1.098: [GC (Allocation Failure) 2024-07-27T17:22:27.063+0800: 1.098: [ParNew: 77168K->8192K(78656K), 0.0373625 secs] 270334K->269967K(508124K), 0.0374210 secs] [Times: user=0.08 sys=0.02, real=0.04 secs] 
2024-07-27T17:22:27.100+0800: 1.136: Total time for which application threads were stopped: 0.0375406 seconds, Stopping threads took: 0.0000310 seconds
2024-07-27T17:22:27.217+0800: 1.252: Application time: 0.1167826 seconds
2024-07-27T17:22:27.217+0800: 1.252: [GC (Allocation Failure) 2024-07-27T17:22:27.217+0800: 1.252: [ParNew: 77168K->3072K(78656K), 0.0014886 secs] 338943K->264847K(508124K), 0.0015483 secs] [Times: user=0.00 sys=0.00, real=0.00 secs] 
2024-07-27T17:22:27.218+0800: 1.254: Total time for which application threads were stopped: 0.0016818 seconds, Stopping threads took: 0.0000450 seconds
2024-07-27T17:22:27.222+0800: 1.258: Application time: 0.0043296 seconds
2024-07-27T17:22:27.223+0800: 1.258: [GC (Allocation Failure) 2024-07-27T17:22:27.223+0800: 1.258: [ParNew: 72048K->8192K(78656K), 0.0291761 secs] 333823K->333456K(508124K), 0.0292230 secs] [Times: user=0.02 sys=0.02, real=0.03 secs] 
2024-07-27T17:22:27.252+0800: 1.288: Total time for which application threads were stopped: 0.0293225 seconds, Stopping threads took: 0.0000183 seconds
2024-07-27T17:22:27.252+0800: 1.288: [CMS-concurrent-abortable-preclean: 0.005/0.295 secs] [Times: user=0.11 sys=0.05, real=0.30 secs] 
2024-07-27T17:22:27.252+0800: 1.288: Application time: 0.0002488 seconds
2024-07-27T17:22:27.252+0800: 1.288: [GC (CMS Final Remark) [YG occupancy: 11631 K (78656 K)]2024-07-27T17:22:27.252+0800: 1.288: [Rescan (parallel) , 0.0006053 secs]2024-07-27T17:22:27.253+0800: 1.289: [weak refs processing, 0.0000117 secs]2024-07-27T17:22:27.253+0800: 1.289: [class unloading, 0.0001635 secs]2024-07-27T17:22:27.253+0800: 1.289: [scrub symbol table, 0.0003280 secs]2024-07-27T17:22:27.253+0800: 1.289: [scrub string table, 0.0000921 secs][1 CMS-remark: 325264K(429468K)] 336895K(508124K), 0.0012693 secs] [Times: user=0.00 sys=0.00, real=0.00 secs] 
2024-07-27T17:22:27.253+0800: 1.289: Total time for which application threads were stopped: 0.0014337 seconds, Stopping threads took: 0.0001287 seconds
2024-07-27T17:22:27.254+0800: 1.290: [CMS-concurrent-sweep-start]
2024-07-27T17:22:27.255+0800: 1.291: [CMS-concurrent-sweep: 0.002/0.002 secs] [Times: user=0.03 sys=0.00, real=0.00 secs] 
2024-07-27T17:22:27.255+0800: 1.291: [CMS-concurrent-reset-start]
2024-07-27T17:22:27.257+0800: 1.292: [CMS-concurrent-reset: 0.001/0.001 secs] [Times: user=0.00 sys=0.00, real=0.00 secs] 
2024-07-27T17:22:27.360+0800: 1.396: Application time: 0.1070024 seconds
2024-07-27T17:22:27.361+0800: 1.396: [GC (Allocation Failure) 2024-07-27T17:22:27.361+0800: 1.396: [ParNew: 77168K->8192K(78656K), 0.0118512 secs] 272383K->272015K(508124K), 0.0119162 secs] [Times: user=0.03 sys=0.00, real=0.01 secs] 
2024-07-27T17:22:27.373+0800: 1.408: Total time for which application threads were stopped: 0.0120374 seconds, Stopping threads took: 0.0000193 seconds
2024-07-27T17:22:27.373+0800: 1.409: Application time: 0.0001179 seconds
2024-07-27T17:22:27.373+0800: 1.409: [GC (CMS Initial Mark) [1 CMS-initial-mark: 263823K(429468K)] 275455K(508124K), 0.0007837 secs] [Times: user=0.00 sys=0.00, real=0.00 secs] 
2024-07-27T17:22:27.374+0800: 1.410: Total time for which application threads were stopped: 0.0009403 seconds, Stopping threads took: 0.0001090 seconds
2024-07-27T17:22:27.374+0800: 1.410: [CMS-concurrent-mark-start]
2024-07-27T17:22:27.377+0800: 1.413: [CMS-concurrent-mark: 0.003/0.003 secs] [Times: user=0.00 sys=0.00, real=0.00 secs] 
2024-07-27T17:22:27.377+0800: 1.413: [CMS-concurrent-preclean-start]
2024-07-27T17:22:27.378+0800: 1.414: [CMS-concurrent-preclean: 0.001/0.001 secs] [Times: user=0.00 sys=0.00, real=0.00 secs] 
2024-07-27T17:22:27.378+0800: 1.414: [CMS-concurrent-abortable-preclean-start]
2024-07-27T17:22:27.486+0800: 1.521: Application time: 0.1119261 seconds
2024-07-27T17:22:27.486+0800: 1.521: [GC (Allocation Failure) 2024-07-27T17:22:27.486+0800: 1.522: [ParNew: 77168K->4096K(78656K), 0.0015488 secs] 340992K->267919K(508124K), 0.0016025 secs] [Times: user=0.00 sys=0.00, real=0.00 secs] 
2024-07-27T17:22:27.487+0800: 1.523: Total time for which application threads were stopped: 0.0017111 seconds, Stopping threads took: 0.0000220 seconds
2024-07-27T17:22:27.492+0800: 1.528: Application time: 0.0044807 seconds
2024-07-27T17:22:27.492+0800: 1.528: [GC (Allocation Failure) 2024-07-27T17:22:27.492+0800: 1.528: [ParNew: 73072K->8192K(78656K), 0.0113137 secs] 336896K->336528K(508124K), 0.0113627 secs] [Times: user=0.00 sys=0.00, real=0.01 secs] 
2024-07-27T17:22:27.503+0800: 1.539: Total time for which application threads were stopped: 0.0114633 seconds, Stopping threads took: 0.0000144 seconds
2024-07-27T17:22:27.615+0800: 1.651: Application time: 0.1115848 seconds
2024-07-27T17:22:27.615+0800: 1.651: [GC (Allocation Failure) 2024-07-27T17:22:27.615+0800: 1.651: [ParNew: 77168K->8192K(78656K), 0.0116576 secs] 405505K->405137K(508124K), 0.0117167 secs] [Times: user=0.00 sys=0.00, real=0.01 secs] 
2024-07-27T17:22:27.627+0800: 1.663: Total time for which application threads were stopped: 0.0118229 seconds, Stopping threads took: 0.0000172 seconds
2024-07-27T17:22:27.627+0800: 1.663: [CMS-concurrent-abortable-preclean: 0.005/0.248 secs] [Times: user=0.08 sys=0.00, real=0.25 secs] 
2024-07-27T17:22:27.627+0800: 1.663: Application time: 0.0003029 seconds
2024-07-27T17:22:27.627+0800: 1.663: [GC (CMS Final Remark) [YG occupancy: 12655 K (78656 K)]2024-07-27T17:22:27.627+0800: 1.663: [Rescan (parallel) , 0.0007370 secs]2024-07-27T17:22:27.628+0800: 1.664: [weak refs processing, 0.0000127 secs]2024-07-27T17:22:27.628+0800: 1.664: [class unloading, 0.0001814 secs]2024-07-27T17:22:27.628+0800: 1.664: [scrub symbol table, 0.0003676 secs]2024-07-27T17:22:27.628+0800: 1.664: [scrub string table, 0.0001439 secs][1 CMS-remark: 396945K(429468K)] 409601K(508124K), 0.0015107 secs] [Times: user=0.00 sys=0.00, real=0.00 secs] 
2024-07-27T17:22:27.629+0800: 1.665: Total time for which application threads were stopped: 0.0017086 seconds, Stopping threads took: 0.0001610 seconds
2024-07-27T17:22:27.629+0800: 1.665: [CMS-concurrent-sweep-start]
2024-07-27T17:22:27.630+0800: 1.666: [CMS-concurrent-sweep: 0.002/0.002 secs] [Times: user=0.03 sys=0.00, real=0.00 secs] 
2024-07-27T17:22:27.631+0800: 1.667: [CMS-concurrent-reset-start]
2024-07-27T17:22:27.633+0800: 1.669: [CMS-concurrent-reset: 0.002/0.002 secs] [Times: user=0.00 sys=0.00, real=0.00 secs] 
2024-07-27T17:22:27.737+0800: 1.773: Application time: 0.1088554 seconds
2024-07-27T17:22:27.737+0800: 1.773: [GC (Allocation Failure) 2024-07-27T17:22:27.737+0800: 1.773: [ParNew: 77168K->5120K(78656K), 0.0016821 secs] 343040K->270991K(521776K), 0.0017382 secs] [Times: user=0.03 sys=0.00, real=0.00 secs] 
2024-07-27T17:22:27.739+0800: 1.775: Total time for which application threads were stopped: 0.0018470 seconds, Stopping threads took: 0.0000198 seconds
2024-07-27T17:22:27.744+0800: 1.780: Application time: 0.0043712 seconds
2024-07-27T17:22:27.744+0800: 1.780: [GC (Allocation Failure) 2024-07-27T17:22:27.744+0800: 1.780: [ParNew: 74096K->8192K(78656K), 0.0167880 secs] 339968K->339600K(521776K), 0.0168360 secs] [Times: user=0.03 sys=0.00, real=0.02 secs] 
2024-07-27T17:22:27.761+0800: 1.797: Total time for which application threads were stopped: 0.0169367 seconds, Stopping threads took: 0.0000150 seconds
2024-07-27T17:22:27.761+0800: 1.797: Application time: 0.0001973 seconds
2024-07-27T17:22:27.761+0800: 1.797: [GC (CMS Initial Mark) [1 CMS-initial-mark: 331408K(443120K)] 343040K(521776K), 0.0007624 secs] [Times: user=0.00 sys=0.00, real=0.00 secs] 
2024-07-27T17:22:27.762+0800: 1.798: Total time for which application threads were stopped: 0.0009268 seconds, Stopping threads took: 0.0001209 seconds
2024-07-27T17:22:27.762+0800: 1.798: [CMS-concurrent-mark-start]
2024-07-27T17:22:27.764+0800: 1.800: [CMS-concurrent-mark: 0.002/0.002 secs] [Times: user=0.00 sys=0.00, real=0.00 secs] 
2024-07-27T17:22:27.764+0800: 1.800: [CMS-concurrent-preclean-start]
2024-07-27T17:22:27.765+0800: 1.801: [CMS-concurrent-preclean: 0.001/0.001 secs] [Times: user=0.00 sys=0.00, real=0.00 secs] 
2024-07-27T17:22:27.765+0800: 1.801: [CMS-concurrent-abortable-preclean-start]
2024-07-27T17:22:27.880+0800: 1.915: Application time: 0.1175641 seconds
2024-07-27T17:22:27.880+0800: 1.915: [GC (Allocation Failure) 2024-07-27T17:22:27.880+0800: 1.915: [ParNew: 77168K->8192K(78656K), 0.0118215 secs] 408577K->408209K(521776K), 0.0118784 secs] [Times: user=0.00 sys=0.00, real=0.01 secs] 
2024-07-27T17:22:27.892+0800: 1.927: Total time for which application threads were stopped: 0.0119861 seconds, Stopping threads took: 0.0000189 seconds
2024-07-27T17:22:28.003+0800: 2.038: Application time: 0.1109052 seconds
2024-07-27T17:22:28.003+0800: 2.038: [GC (Allocation Failure) 2024-07-27T17:22:28.003+0800: 2.038: [ParNew: 77168K->6144K(78656K), 0.0018654 secs] 477186K->406161K(521776K), 0.0019176 secs] [Times: user=0.00 sys=0.01, real=0.00 secs] 
2024-07-27T17:22:28.005+0800: 2.040: Total time for which application threads were stopped: 0.0020259 seconds, Stopping threads took: 0.0000208 seconds
2024-07-27T17:22:28.009+0800: 2.044: Application time: 0.0043029 seconds
2024-07-27T17:22:28.009+0800: 2.045: [GC (Allocation Failure) 2024-07-27T17:22:28.009+0800: 2.045: [ParNew: 75120K->8192K(78656K), 0.0210937 secs] 475138K->474770K(546448K), 0.0211412 secs] [Times: user=0.03 sys=0.00, real=0.02 secs] 
2024-07-27T17:22:28.030+0800: 2.066: Total time for which application threads were stopped: 0.0212487 seconds, Stopping threads took: 0.0000275 seconds
2024-07-27T17:22:28.030+0800: 2.066: [CMS-concurrent-abortable-preclean: 0.005/0.265 secs] [Times: user=0.06 sys=0.01, real=0.26 secs] 
2024-07-27T17:22:28.031+0800: 2.066: Application time: 0.0002708 seconds
2024-07-27T17:22:28.031+0800: 2.066: [GC (CMS Final Remark) [YG occupancy: 11631 K (78656 K)]2024-07-27T17:22:28.031+0800: 2.066: [Rescan (parallel) , 0.0009514 secs]2024-07-27T17:22:28.032+0800: 2.067: [weak refs processing, 0.0000131 secs]2024-07-27T17:22:28.032+0800: 2.067: [class unloading, 0.0001886 secs]2024-07-27T17:22:28.032+0800: 2.067: [scrub symbol table, 0.0003415 secs]2024-07-27T17:22:28.032+0800: 2.068: [scrub string table, 0.0001000 secs][1 CMS-remark: 466578K(467792K)] 478210K(546448K), 0.0016679 secs] [Times: user=0.00 sys=0.00, real=0.00 secs] 
2024-07-27T17:22:28.032+0800: 2.068: Total time for which application threads were stopped: 0.0018404 seconds, Stopping threads took: 0.0001362 seconds
2024-07-27T17:22:28.033+0800: 2.068: [CMS-concurrent-sweep-start]
2024-07-27T17:22:28.034+0800: 2.070: [CMS-concurrent-sweep: 0.002/0.002 secs] [Times: user=0.00 sys=0.00, real=0.00 secs] 
2024-07-27T17:22:28.034+0800: 2.070: [CMS-concurrent-reset-start]
2024-07-27T17:22:28.035+0800: 2.071: [CMS-concurrent-reset: 0.001/0.001 secs] [Times: user=0.00 sys=0.00, real=0.00 secs] 
2024-07-27T17:22:28.147+0800: 2.183: Application time: 0.1150219 seconds
2024-07-27T17:22:28.147+0800: 2.183: [GC (Allocation Failure) 2024-07-27T17:22:28.147+0800: 2.183: [ParNew: 77168K->8192K(78656K), 0.0119448 secs] 278527K->278159K(546448K), 0.0120046 secs] [Times: user=0.00 sys=0.00, real=0.01 secs] 
2024-07-27T17:22:28.160+0800: 2.195: Total time for which application threads were stopped: 0.0121193 seconds, Stopping threads took: 0.0000201 seconds
2024-07-27T17:22:28.160+0800: 2.195: Application time: 0.0002382 seconds
2024-07-27T17:22:28.160+0800: 2.195: [GC (CMS Initial Mark) [1 CMS-initial-mark: 269967K(467792K)] 281599K(546448K), 0.0006851 secs] [Times: user=0.00 sys=0.00, real=0.00 secs] 
2024-07-27T17:22:28.161+0800: 2.196: Total time for which application threads were stopped: 0.0008920 seconds, Stopping threads took: 0.0001513 seconds
2024-07-27T17:22:28.161+0800: 2.196: [CMS-concurrent-mark-start]
2024-07-27T17:22:28.164+0800: 2.200: [CMS-concurrent-mark: 0.003/0.003 secs] [Times: user=0.00 sys=0.00, real=0.00 secs] 
2024-07-27T17:22:28.164+0800: 2.200: [CMS-concurrent-preclean-start]
2024-07-27T17:22:28.165+0800: 2.201: [CMS-concurrent-preclean: 0.001/0.001 secs] [Times: user=0.00 sys=0.00, real=0.00 secs] 
2024-07-27T17:22:28.165+0800: 2.201: [CMS-concurrent-abortable-preclean-start]
2024-07-27T17:22:28.272+0800: 2.307: Application time: 0.1109529 seconds
2024-07-27T17:22:28.272+0800: 2.307: [GC (Allocation Failure) 2024-07-27T17:22:28.272+0800: 2.307: [ParNew: 77168K->7168K(78656K), 0.0024233 secs] 347136K->277135K(546448K), 0.0024893 secs] [Times: user=0.00 sys=0.00, real=0.00 secs] 
2024-07-27T17:22:28.274+0800: 2.310: Total time for which application threads were stopped: 0.0025984 seconds, Stopping threads took: 0.0000194 seconds
2024-07-27T17:22:28.279+0800: 2.314: Application time: 0.0043819 seconds
2024-07-27T17:22:28.279+0800: 2.314: [GC (Allocation Failure) 2024-07-27T17:22:28.279+0800: 2.314: [ParNew: 76144K->8192K(78656K), 0.0119017 secs] 346112K->345744K(546448K), 0.0119516 secs] [Times: user=0.03 sys=0.00, real=0.01 secs] 
2024-07-27T17:22:28.291+0800: 2.326: Total time for which application threads were stopped: 0.0120450 seconds, Stopping threads took: 0.0000140 seconds
2024-07-27T17:22:28.400+0800: 2.436: Application time: 0.1098365 seconds
2024-07-27T17:22:28.400+0800: 2.436: [GC (Allocation Failure) 2024-07-27T17:22:28.400+0800: 2.436: [ParNew: 77168K->8192K(78656K), 0.0124886 secs] 414721K->414353K(546448K), 0.0125617 secs] [Times: user=0.03 sys=0.00, real=0.01 secs] 
2024-07-27T17:22:28.413+0800: 2.449: Total time for which application threads were stopped: 0.0126697 seconds, Stopping threads took: 0.0000181 seconds
2024-07-27T17:22:28.413+0800: 2.449: [CMS-concurrent-abortable-preclean: 0.006/0.248 secs] [Times: user=0.06 sys=0.00, real=0.25 secs] 
2024-07-27T17:22:28.413+0800: 2.449: Application time: 0.0003694 seconds
2024-07-27T17:22:28.413+0800: 2.449: [GC (CMS Final Remark) [YG occupancy: 13679 K (78656 K)]2024-07-27T17:22:28.413+0800: 2.449: [Rescan (parallel) , 0.0008432 secs]2024-07-27T17:22:28.414+0800: 2.450: [weak refs processing, 0.0000135 secs]2024-07-27T17:22:28.414+0800: 2.450: [class unloading, 0.0001737 secs]2024-07-27T17:22:28.414+0800: 2.450: [scrub symbol table, 0.0003966 secs]2024-07-27T17:22:28.415+0800: 2.451: [scrub string table, 0.0001034 secs][1 CMS-remark: 406161K(467792K)] 419841K(546448K), 0.0016039 secs] [Times: user=0.00 sys=0.00, real=0.00 secs] 
2024-07-27T17:22:28.415+0800: 2.451: Total time for which application threads were stopped: 0.0017667 seconds, Stopping threads took: 0.0001247 seconds
2024-07-27T17:22:28.415+0800: 2.451: [CMS-concurrent-sweep-start]
2024-07-27T17:22:28.417+0800: 2.453: [CMS-concurrent-sweep: 0.002/0.002 secs] [Times: user=0.00 sys=0.00, real=0.00 secs] 
2024-07-27T17:22:28.417+0800: 2.453: [CMS-concurrent-reset-start]
2024-07-27T17:22:28.419+0800: 2.455: [CMS-concurrent-reset: 0.002/0.002 secs] [Times: user=0.00 sys=0.00, real=0.00 secs] 
2024-07-27T17:22:28.523+0800: 2.559: Application time: 0.1080727 seconds
2024-07-27T17:22:28.523+0800: 2.559: [GC (Allocation Failure) 2024-07-27T17:22:28.523+0800: 2.559: [ParNew: 77168K->8192K(78656K), 0.0024278 secs] 349184K->280207K(546448K), 0.0024875 secs] [Times: user=0.00 sys=0.00, real=0.00 secs] 
2024-07-27T17:22:28.526+0800: 2.561: Total time for which application threads were stopped: 0.0025995 seconds, Stopping threads took: 0.0000224 seconds
2024-07-27T17:22:28.530+0800: 2.566: Application time: 0.0044760 seconds
2024-07-27T17:22:28.530+0800: 2.566: [GC (Allocation Failure) 2024-07-27T17:22:28.530+0800: 2.566: [ParNew: 77168K->8192K(78656K), 0.0124202 secs] 349184K->348816K(546448K), 0.0124682 secs] [Times: user=0.03 sys=0.00, real=0.01 secs] 
2024-07-27T17:22:28.543+0800: 2.578: Total time for which application threads were stopped: 0.0125689 seconds, Stopping threads took: 0.0000146 seconds
2024-07-27T17:22:28.543+0800: 2.579: Application time: 0.0001664 seconds
2024-07-27T17:22:28.543+0800: 2.579: [GC (CMS Initial Mark) [1 CMS-initial-mark: 340624K(467792K)] 352256K(546448K), 0.0008361 secs] [Times: user=0.00 sys=0.00, real=0.00 secs] 
2024-07-27T17:22:28.544+0800: 2.580: Total time for which application threads were stopped: 0.0010426 seconds, Stopping threads took: 0.0001652 seconds
2024-07-27T17:22:28.544+0800: 2.580: [CMS-concurrent-mark-start]
2024-07-27T17:22:28.546+0800: 2.582: [CMS-concurrent-mark: 0.002/0.002 secs] [Times: user=0.00 sys=0.00, real=0.00 secs] 
2024-07-27T17:22:28.546+0800: 2.582: [CMS-concurrent-preclean-start]
2024-07-27T17:22:28.547+0800: 2.583: [CMS-concurrent-preclean: 0.001/0.001 secs] [Times: user=0.00 sys=0.00, real=0.00 secs] 
2024-07-27T17:22:28.547+0800: 2.583: [CMS-concurrent-abortable-preclean-start]
2024-07-27T17:22:28.652+0800: 2.688: Application time: 0.1078985 seconds
2024-07-27T17:22:28.652+0800: 2.688: [GC (Allocation Failure) 2024-07-27T17:22:28.652+0800: 2.688: [ParNew: 77168K->8192K(78656K), 0.0118752 secs] 417793K->417425K(546448K), 0.0119342 secs] [Times: user=0.03 sys=0.00, real=0.01 secs] 
2024-07-27T17:22:28.664+0800: 2.700: Total time for which application threads were stopped: 0.0120413 seconds, Stopping threads took: 0.0000190 seconds
2024-07-27T17:22:28.776+0800: 2.812: Application time: 0.1119003 seconds
2024-07-27T17:22:28.776+0800: 2.812: [GC (Allocation Failure) 2024-07-27T17:22:28.776+0800: 2.812: [ParNew: 77168K->8192K(78656K), 0.0024883 secs] 486402K->418449K(546448K), 0.0025642 secs] [Times: user=0.00 sys=0.00, real=0.00 secs] 
2024-07-27T17:22:28.779+0800: 2.814: Total time for which application threads were stopped: 0.0027384 seconds, Stopping threads took: 0.0000313 seconds
2024-07-27T17:22:28.783+0800: 2.819: Application time: 0.0044009 seconds
2024-07-27T17:22:28.783+0800: 2.819: [GC (Allocation Failure) 2024-07-27T17:22:28.783+0800: 2.819: [ParNew: 77168K->8192K(78656K), 0.0165396 secs] 487426K->487058K(558784K), 0.0165880 secs] [Times: user=0.03 sys=0.00, real=0.02 secs] 
2024-07-27T17:22:28.800+0800: 2.835: Total time for which application threads were stopped: 0.0166974 seconds, Stopping threads took: 0.0000145 seconds
2024-07-27T17:22:28.800+0800: 2.835: [CMS-concurrent-abortable-preclean: 0.006/0.253 secs] [Times: user=0.06 sys=0.00, real=0.25 secs] 
2024-07-27T17:22:28.800+0800: 2.836: Application time: 0.0003269 seconds
2024-07-27T17:22:28.800+0800: 2.836: [GC (CMS Final Remark) [YG occupancy: 12655 K (78656 K)]2024-07-27T17:22:28.800+0800: 2.836: [Rescan (parallel) , 0.0010248 secs]2024-07-27T17:22:28.801+0800: 2.837: [weak refs processing, 0.0000128 secs]2024-07-27T17:22:28.801+0800: 2.837: [class unloading, 0.0001738 secs]2024-07-27T17:22:28.801+0800: 2.837: [scrub symbol table, 0.0003520 secs]2024-07-27T17:22:28.802+0800: 2.837: [scrub string table, 0.0001126 secs][1 CMS-remark: 478866K(480128K)] 491522K(558784K), 0.0017388 secs] [Times: user=0.01 sys=0.00, real=0.00 secs] 
2024-07-27T17:22:28.802+0800: 2.838: Total time for which application threads were stopped: 0.0018987 seconds, Stopping threads took: 0.0001236 seconds
2024-07-27T17:22:28.802+0800: 2.838: [CMS-concurrent-sweep-start]
2024-07-27T17:22:28.803+0800: 2.839: [CMS-concurrent-sweep: 0.001/0.001 secs] [Times: user=0.00 sys=0.00, real=0.00 secs] 
2024-07-27T17:22:28.803+0800: 2.839: [CMS-concurrent-reset-start]
2024-07-27T17:22:28.805+0800: 2.840: [CMS-concurrent-reset: 0.001/0.001 secs] [Times: user=0.00 sys=0.00, real=0.00 secs] 
2024-07-27T17:22:28.919+0800: 2.955: Application time: 0.1169750 seconds
2024-07-27T17:22:28.919+0800: 2.955: [GC (Allocation Failure) 2024-07-27T17:22:28.919+0800: 2.955: [ParNew: 77168K->8192K(78656K), 0.0119272 secs] 284671K->284303K(558784K), 0.0119854 secs] [Times: user=0.03 sys=0.00, real=0.01 secs] 
2024-07-27T17:22:28.931+0800: 2.967: Total time for which application threads were stopped: 0.0121209 seconds, Stopping threads took: 0.0000192 seconds
2024-07-27T17:22:28.931+0800: 2.967: Application time: 0.0002253 seconds
2024-07-27T17:22:28.931+0800: 2.967: [GC (CMS Initial Mark) [1 CMS-initial-mark: 276111K(480128K)] 287743K(558784K), 0.0006253 secs] [Times: user=0.00 sys=0.00, real=0.00 secs] 
2024-07-27T17:22:28.932+0800: 2.968: Total time for which application threads were stopped: 0.0007458 seconds, Stopping threads took: 0.0000783 seconds
2024-07-27T17:22:28.932+0800: 2.968: [CMS-concurrent-mark-start]
2024-07-27T17:22:28.936+0800: 2.972: [CMS-concurrent-mark: 0.004/0.004 secs] [Times: user=0.00 sys=0.00, real=0.00 secs] 
2024-07-27T17:22:28.936+0800: 2.972: [CMS-concurrent-preclean-start]
2024-07-27T17:22:28.937+0800: 2.972: [CMS-concurrent-preclean: 0.001/0.001 secs] [Times: user=0.00 sys=0.00, real=0.00 secs] 
2024-07-27T17:22:28.937+0800: 2.972: [CMS-concurrent-abortable-preclean-start]
2024-07-27T17:22:29.043+0800: 3.079: Application time: 0.1112271 seconds
2024-07-27T17:22:29.043+0800: 3.079: [GC (Allocation Failure) 2024-07-27T17:22:29.043+0800: 3.079: [ParNew: 77168K->8192K(78656K), 0.0023259 secs] 353280K->286351K(558784K), 0.0023793 secs] [Times: user=0.00 sys=0.00, real=0.00 secs] 
2024-07-27T17:22:29.046+0800: 3.081: Total time for which application threads were stopped: 0.0024916 seconds, Stopping threads took: 0.0000202 seconds
2024-07-27T17:22:29.050+0800: 3.086: Application time: 0.0044517 seconds
2024-07-27T17:22:29.050+0800: 3.086: [GC (Allocation Failure) 2024-07-27T17:22:29.050+0800: 3.086: [ParNew: 77168K->8192K(78656K), 0.0119597 secs] 355328K->354960K(558784K), 0.0120076 secs] [Times: user=0.02 sys=0.02, real=0.01 secs] 
2024-07-27T17:22:29.062+0800: 3.098: Total time for which application threads were stopped: 0.0121038 seconds, Stopping threads took: 0.0000150 seconds
2024-07-27T17:22:29.171+0800: 3.207: Application time: 0.1085835 seconds
2024-07-27T17:22:29.171+0800: 3.207: [GC (Allocation Failure) 2024-07-27T17:22:29.171+0800: 3.207: [ParNew: 77168K->8192K(78656K), 0.0119202 secs] 423937K->423569K(558784K), 0.0119793 secs] [Times: user=0.03 sys=0.00, real=0.01 secs] 
2024-07-27T17:22:29.183+0800: 3.219: Total time for which application threads were stopped: 0.0120868 seconds, Stopping threads took: 0.0000190 seconds
2024-07-27T17:22:29.183+0800: 3.219: [CMS-concurrent-abortable-preclean: 0.006/0.246 secs] [Times: user=0.05 sys=0.02, real=0.25 secs] 
2024-07-27T17:22:29.184+0800: 3.219: Application time: 0.0005774 seconds
2024-07-27T17:22:29.184+0800: 3.219: [GC (CMS Final Remark) [YG occupancy: 16751 K (78656 K)]2024-07-27T17:22:29.184+0800: 3.219: [Rescan (parallel) , 0.0009169 secs]2024-07-27T17:22:29.185+0800: 3.220: [weak refs processing, 0.0000138 secs]2024-07-27T17:22:29.185+0800: 3.220: [class unloading, 0.0001946 secs]2024-07-27T17:22:29.185+0800: 3.221: [scrub symbol table, 0.0003390 secs]2024-07-27T17:22:29.185+0800: 3.221: [scrub string table, 0.0001016 secs][1 CMS-remark: 415377K(480128K)] 432129K(558784K), 0.0016415 secs] [Times: user=0.00 sys=0.00, real=0.00 secs] 
2024-07-27T17:22:29.185+0800: 3.221: Total time for which application threads were stopped: 0.0018145 seconds, Stopping threads took: 0.0001278 seconds
2024-07-27T17:22:29.186+0800: 3.221: [CMS-concurrent-sweep-start]
2024-07-27T17:22:29.187+0800: 3.223: [CMS-concurrent-sweep: 0.002/0.002 secs] [Times: user=0.00 sys=0.00, real=0.00 secs] 
2024-07-27T17:22:29.187+0800: 3.223: [CMS-concurrent-reset-start]
2024-07-27T17:22:29.190+0800: 3.225: [CMS-concurrent-reset: 0.002/0.002 secs] [Times: user=0.00 sys=0.00, real=0.00 secs] 
2024-07-27T17:22:29.294+0800: 3.330: Application time: 0.1088157 seconds
2024-07-27T17:22:29.294+0800: 3.330: [GC (Allocation Failure) 2024-07-27T17:22:29.294+0800: 3.330: [ParNew: 77168K->8192K(78656K), 0.0028605 secs] 355328K->289423K(558784K), 0.0029285 secs] [Times: user=0.00 sys=0.00, real=0.00 secs] 
2024-07-27T17:22:29.297+0800: 3.333: Total time for which application threads were stopped: 0.0030340 seconds, Stopping threads took: 0.0000196 seconds
2024-07-27T17:22:29.301+0800: 3.337: Application time: 0.0044640 seconds
2024-07-27T17:22:29.301+0800: 3.337: [GC (Allocation Failure) 2024-07-27T17:22:29.301+0800: 3.337: [ParNew: 77168K->8192K(78656K), 0.0118026 secs] 358400K->358032K(558784K), 0.0118508 secs] [Times: user=0.00 sys=0.00, real=0.01 secs] 
2024-07-27T17:22:29.313+0800: 3.349: Total time for which application threads were stopped: 0.0119462 seconds, Stopping threads took: 0.0000148 seconds
2024-07-27T17:22:29.314+0800: 3.350: Application time: 0.0002224 seconds
2024-07-27T17:22:29.314+0800: 3.350: [GC (CMS Initial Mark) [1 CMS-initial-mark: 349840K(480128K)] 361472K(558784K), 0.0007676 secs] [Times: user=0.00 sys=0.00, real=0.00 secs] 
2024-07-27T17:22:29.315+0800: 3.351: Total time for which application threads were stopped: 0.0009868 seconds, Stopping threads took: 0.0001548 seconds
2024-07-27T17:22:29.315+0800: 3.351: [CMS-concurrent-mark-start]
2024-07-27T17:22:29.317+0800: 3.353: [CMS-concurrent-mark: 0.002/0.002 secs] [Times: user=0.05 sys=0.00, real=0.00 secs] 
2024-07-27T17:22:29.317+0800: 3.353: [CMS-concurrent-preclean-start]
2024-07-27T17:22:29.317+0800: 3.353: [CMS-concurrent-preclean: 0.001/0.001 secs] [Times: user=0.00 sys=0.00, real=0.00 secs] 
2024-07-27T17:22:29.317+0800: 3.353: [CMS-concurrent-abortable-preclean-start]
2024-07-27T17:22:29.422+0800: 3.458: Application time: 0.1069935 seconds
2024-07-27T17:22:29.422+0800: 3.458: [GC (Allocation Failure) 2024-07-27T17:22:29.422+0800: 3.458: [ParNew: 77168K->8192K(78656K), 0.0120110 secs] 427009K->426641K(558784K), 0.0120701 secs] [Times: user=0.03 sys=0.00, real=0.01 secs] 
2024-07-27T17:22:29.434+0800: 3.470: Total time for which application threads were stopped: 0.0121812 seconds, Stopping threads took: 0.0000193 seconds
2024-07-27T17:22:29.546+0800: 3.582: Application time: 0.1120142 seconds
2024-07-27T17:22:29.546+0800: 3.582: [GC (Allocation Failure) 2024-07-27T17:22:29.546+0800: 3.582: [ParNew: 77168K->8192K(78656K), 0.0027671 secs] 495618K->430737K(558784K), 0.0028214 secs] [Times: user=0.00 sys=0.00, real=0.00 secs] 
2024-07-27T17:22:29.549+0800: 3.585: Total time for which application threads were stopped: 0.0029253 seconds, Stopping threads took: 0.0000196 seconds
2024-07-27T17:22:29.549+0800: 3.585: [CMS-concurrent-abortable-preclean: 0.005/0.231 secs] [Times: user=0.03 sys=0.00, real=0.23 secs] 
2024-07-27T17:22:29.549+0800: 3.585: Application time: 0.0003088 seconds
2024-07-27T17:22:29.550+0800: 3.585: [GC (CMS Final Remark) [YG occupancy: 12655 K (78656 K)]2024-07-27T17:22:29.550+0800: 3.585: [Rescan (parallel) , 0.0007052 secs]2024-07-27T17:22:29.550+0800: 3.586: [weak refs processing, 0.0000132 secs]2024-07-27T17:22:29.550+0800: 3.586: [class unloading, 0.0002008 secs]2024-07-27T17:22:29.551+0800: 3.586: [scrub symbol table, 0.0003600 secs]2024-07-27T17:22:29.551+0800: 3.586: [scrub string table, 0.0001009 secs][1 CMS-remark: 422545K(480128K)] 435201K(558784K), 0.0014468 secs] [Times: user=0.00 sys=0.00, real=0.00 secs] 
2024-07-27T17:22:29.551+0800: 3.587: Total time for which application threads were stopped: 0.0016112 seconds, Stopping threads took: 0.0001296 seconds
2024-07-27T17:22:29.551+0800: 3.587: [CMS-concurrent-sweep-start]
2024-07-27T17:22:29.553+0800: 3.589: [CMS-concurrent-sweep: 0.002/0.002 secs] [Times: user=0.03 sys=0.00, real=0.00 secs] 
2024-07-27T17:22:29.553+0800: 3.589: [CMS-concurrent-reset-start]
2024-07-27T17:22:29.555+0800: 3.591: [CMS-concurrent-reset: 0.002/0.002 secs] [Times: user=0.00 sys=0.00, real=0.00 secs] 
2024-07-27T17:22:29.556+0800: 3.592: Application time: 0.0052140 seconds
2024-07-27T17:22:29.556+0800: 3.592: [GC (Allocation Failure) 2024-07-27T17:22:29.556+0800: 3.592: [ParNew: 77168K->8192K(78656K), 0.0118034 secs] 222206K->221838K(558784K), 0.0118509 secs] [Times: user=0.03 sys=0.00, real=0.01 secs] 
2024-07-27T17:22:29.568+0800: 3.604: Total time for which application threads were stopped: 0.0119448 seconds, Stopping threads took: 0.0000129 seconds
2024-07-27T17:22:29.568+0800: 3.604: Application time: 0.0001889 seconds
2024-07-27T17:22:29.569+0800: 3.604: [GC (CMS Initial Mark) [1 CMS-initial-mark: 213646K(480128K)] 225278K(558784K), 0.0006341 secs] [Times: user=0.00 sys=0.00, real=0.00 secs] 
2024-07-27T17:22:29.569+0800: 3.605: Total time for which application threads were stopped: 0.0008184 seconds, Stopping threads took: 0.0001432 seconds
2024-07-27T17:22:29.569+0800: 3.605: [CMS-concurrent-mark-start]
2024-07-27T17:22:29.571+0800: 3.607: [CMS-concurrent-mark: 0.002/0.002 secs] [Times: user=0.00 sys=0.00, real=0.00 secs] 
2024-07-27T17:22:29.571+0800: 3.607: [CMS-concurrent-preclean-start]
2024-07-27T17:22:29.572+0800: 3.607: [CMS-concurrent-preclean: 0.001/0.001 secs] [Times: user=0.00 sys=0.00, real=0.00 secs] 
2024-07-27T17:22:29.572+0800: 3.607: [CMS-concurrent-abortable-preclean-start]
2024-07-27T17:22:29.674+0800: 3.710: Application time: 0.1049041 seconds
2024-07-27T17:22:29.674+0800: 3.710: [GC (Allocation Failure) 2024-07-27T17:22:29.674+0800: 3.710: [ParNew2024-07-27T17:22:29.687+0800: 3.722: [CMS-concurrent-abortable-preclean: 0.001/0.115 secs] [Times: user=0.03 sys=0.00, real=0.12 secs] 
: 77168K->8192K(78656K), 0.0124013 secs] 290815K->290447K(558784K), 0.0124587 secs] [Times: user=0.03 sys=0.00, real=0.01 secs] 
2024-07-27T17:22:29.687+0800: 3.722: Total time for which application threads were stopped: 0.0125809 seconds, Stopping threads took: 0.0000310 seconds
2024-07-27T17:22:29.687+0800: 3.723: Application time: 0.0002784 seconds
2024-07-27T17:22:29.687+0800: 3.723: [GC (CMS Final Remark) [YG occupancy: 12655 K (78656 K)]2024-07-27T17:22:29.687+0800: 3.723: [Rescan (parallel) , 0.0009418 secs]2024-07-27T17:22:29.688+0800: 3.724: [weak refs processing, 0.0000130 secs]2024-07-27T17:22:29.688+0800: 3.724: [class unloading, 0.0001962 secs]2024-07-27T17:22:29.688+0800: 3.724: [scrub symbol table, 0.0003386 secs]2024-07-27T17:22:29.689+0800: 3.724: [scrub string table, 0.0001008 secs][1 CMS-remark: 282255K(480128K)] 294911K(558784K), 0.0016552 secs] [Times: user=0.00 sys=0.00, real=0.00 secs] 
2024-07-27T17:22:29.689+0800: 3.724: Total time for which application threads were stopped: 0.0018593 seconds, Stopping threads took: 0.0001668 seconds
2024-07-27T17:22:29.689+0800: 3.725: [CMS-concurrent-sweep-start]
2024-07-27T17:22:29.690+0800: 3.726: [CMS-concurrent-sweep: 0.001/0.001 secs] [Times: user=0.00 sys=0.00, real=0.00 secs] 
2024-07-27T17:22:29.690+0800: 3.726: [CMS-concurrent-reset-start]
2024-07-27T17:22:29.692+0800: 3.728: [CMS-concurrent-reset: 0.002/0.002 secs] [Times: user=0.03 sys=0.00, real=0.00 secs] 
2024-07-27T17:22:29.799+0800: 3.834: Application time: 0.1099547 seconds
2024-07-27T17:22:29.799+0800: 3.834: [GC (Allocation Failure) 2024-07-27T17:22:29.799+0800: 3.834: [ParNew: 77168K->8192K(78656K), 0.0029143 secs] 219134K->155277K(558784K), 0.0029701 secs] [Times: user=0.02 sys=0.00, real=0.00 secs] 
2024-07-27T17:22:29.802+0800: 3.837: Total time for which application threads were stopped: 0.0030884 seconds, Stopping threads took: 0.0000194 seconds
2024-07-27T17:22:29.806+0800: 3.842: Application time: 0.0043378 seconds
2024-07-27T17:22:29.806+0800: 3.842: [GC (Allocation Failure) 2024-07-27T17:22:29.806+0800: 3.842: [ParNew: 77168K->8192K(78656K), 0.0120099 secs] 224254K->223886K(558784K), 0.0120584 secs] [Times: user=0.03 sys=0.00, real=0.01 secs] 
2024-07-27T17:22:29.818+0800: 3.854: Total time for which application threads were stopped: 0.0121541 seconds, Stopping threads took: 0.0000146 seconds
2024-07-27T17:22:29.819+0800: 3.854: Application time: 0.0002230 seconds
2024-07-27T17:22:29.819+0800: 3.854: [GC (CMS Initial Mark) [1 CMS-initial-mark: 215694K(480128K)] 227326K(558784K), 0.0008778 secs] [Times: user=0.00 sys=0.00, real=0.00 secs] 
2024-07-27T17:22:29.820+0800: 3.855: Total time for which application threads were stopped: 0.0010412 seconds, Stopping threads took: 0.0001223 seconds
2024-07-27T17:22:29.820+0800: 3.855: [CMS-concurrent-mark-start]
2024-07-27T17:22:29.821+0800: 3.857: [CMS-concurrent-mark: 0.002/0.002 secs] [Times: user=0.00 sys=0.00, real=0.00 secs] 
2024-07-27T17:22:29.821+0800: 3.857: [CMS-concurrent-preclean-start]
2024-07-27T17:22:29.822+0800: 3.858: [CMS-concurrent-preclean: 0.001/0.001 secs] [Times: user=0.00 sys=0.00, real=0.00 secs] 
2024-07-27T17:22:29.822+0800: 3.858: [CMS-concurrent-abortable-preclean-start]
2024-07-27T17:22:29.926+0800: 3.962: Application time: 0.1066587 seconds
2024-07-27T17:22:29.926+0800: 3.962: [GC (Allocation Failure) 2024-07-27T17:22:29.926+0800: 3.962: [ParNew: 77168K->8192K(78656K), 0.0119476 secs] 292863K->292495K(558784K), 0.0120066 secs] [Times: user=0.02 sys=0.00, real=0.01 secs] 
2024-07-27T17:22:29.938+0800: 3.974: Total time for which application threads were stopped: 0.0121153 seconds, Stopping threads took: 0.0000194 seconds
2024-07-27T17:22:30.050+0800: 4.086: Application time: 0.1118213 seconds
2024-07-27T17:22:30.050+0800: 4.086: [GC (Allocation Failure) 2024-07-27T17:22:30.050+0800: 4.086: [ParNew: 77168K->8192K(78656K), 0.0029941 secs] 361472K->298639K(558784K), 0.0030501 secs] [Times: user=0.03 sys=0.00, real=0.00 secs] 
2024-07-27T17:22:30.053+0800: 4.089: Total time for which application threads were stopped: 0.0031567 seconds, Stopping threads took: 0.0000199 seconds
2024-07-27T17:22:30.053+0800: 4.089: [CMS-concurrent-abortable-preclean: 0.005/0.231 secs] [Times: user=0.06 sys=0.00, real=0.23 secs] 
2024-07-27T17:22:30.054+0800: 4.089: Application time: 0.0003777 seconds
2024-07-27T17:22:30.054+0800: 4.089: [GC (CMS Final Remark) [YG occupancy: 14703 K (78656 K)]2024-07-27T17:22:30.054+0800: 4.089: [Rescan (parallel) , 0.0009645 secs]2024-07-27T17:22:30.055+0800: 4.090: [weak refs processing, 0.0000130 secs]2024-07-27T17:22:30.055+0800: 4.090: [class unloading, 0.0001833 secs]2024-07-27T17:22:30.055+0800: 4.091: [scrub symbol table, 0.0003453 secs]2024-07-27T17:22:30.055+0800: 4.091: [scrub string table, 0.0001051 secs][1 CMS-remark: 290447K(480128K)] 305151K(558784K), 0.0016738 secs] [Times: user=0.00 sys=0.00, real=0.00 secs] 
2024-07-27T17:22:30.056+0800: 4.091: Total time for which application threads were stopped: 0.0017826 seconds, Stopping threads took: 0.0000746 seconds
2024-07-27T17:22:30.056+0800: 4.091: [CMS-concurrent-sweep-start]
2024-07-27T17:22:30.057+0800: 4.093: [CMS-concurrent-sweep: 0.002/0.002 secs] [Times: user=0.00 sys=0.00, real=0.00 secs] 
2024-07-27T17:22:30.057+0800: 4.093: [CMS-concurrent-reset-start]
2024-07-27T17:22:30.059+0800: 4.095: [CMS-concurrent-reset: 0.002/0.002 secs] [Times: user=0.00 sys=0.00, real=0.00 secs] 
2024-07-27T17:22:30.061+0800: 4.096: Application time: 0.0050170 seconds
2024-07-27T17:22:30.061+0800: 4.096: [GC (Allocation Failure) 2024-07-27T17:22:30.061+0800: 4.096: [ParNew: 77168K->8192K(78656K), 0.0119201 secs] 226302K->225934K(558784K), 0.0119683 secs] [Times: user=0.03 sys=0.00, real=0.01 secs] 
2024-07-27T17:22:30.073+0800: 4.108: Total time for which application threads were stopped: 0.0120672 seconds, Stopping threads took: 0.0000136 seconds
2024-07-27T17:22:30.073+0800: 4.108: Application time: 0.0002206 seconds
2024-07-27T17:22:30.073+0800: 4.109: [GC (CMS Initial Mark) [1 CMS-initial-mark: 217742K(480128K)] 229374K(558784K), 0.0007987 secs] [Times: user=0.00 sys=0.00, real=0.00 secs] 
2024-07-27T17:22:30.074+0800: 4.109: Total time for which application threads were stopped: 0.0009985 seconds, Stopping threads took: 0.0001583 seconds
2024-07-27T17:22:30.074+0800: 4.110: [CMS-concurrent-mark-start]
2024-07-27T17:22:30.076+0800: 4.111: [CMS-concurrent-mark: 0.002/0.002 secs] [Times: user=0.00 sys=0.00, real=0.00 secs] 
2024-07-27T17:22:30.076+0800: 4.111: [CMS-concurrent-preclean-start]
2024-07-27T17:22:30.076+0800: 4.112: [CMS-concurrent-preclean: 0.001/0.001 secs] [Times: user=0.00 sys=0.00, real=0.00 secs] 
2024-07-27T17:22:30.076+0800: 4.112: [CMS-concurrent-abortable-preclean-start]
2024-07-27T17:22:30.080+0800: 4.116: Application time: 0.0060849 seconds
2024-07-27T17:22:30.080+0800: 4.116: Total time for which application threads were stopped: 0.0000701 seconds, Stopping threads took: 0.0000305 seconds
2024-07-27T17:22:30.193+0800: 4.229: Application time: 0.1133344 seconds
2024-07-27T17:22:30.193+0800: 4.229: [GC (Allocation Failure) 2024-07-27T17:22:30.193+0800: 4.229: [ParNew: 77168K->8192K(78656K), 0.0118936 secs] 294911K->294543K(558784K), 0.0119527 secs] [Times: user=0.00 sys=0.00, real=0.01 secs] 
2024-07-27T17:22:30.205+0800: 4.241: Total time for which application threads were stopped: 0.0120591 seconds, Stopping threads took: 0.0000186 seconds
2024-07-27T17:22:30.319+0800: 4.354: Application time: 0.1131897 seconds
2024-07-27T17:22:30.319+0800: 4.354: [GC (Allocation Failure) 2024-07-27T17:22:30.319+0800: 4.354: [ParNew: 77168K->8192K(78656K), 0.0032830 secs] 363520K->301711K(558784K), 0.0033435 secs] [Times: user=0.00 sys=0.00, real=0.00 secs] 
2024-07-27T17:22:30.322+0800: 4.358: Total time for which application threads were stopped: 0.0034633 seconds, Stopping threads took: 0.0000184 seconds
2024-07-27T17:22:30.322+0800: 4.358: [CMS-concurrent-abortable-preclean: 0.006/0.246 secs] [Times: user=0.03 sys=0.00, real=0.25 secs] 
2024-07-27T17:22:30.322+0800: 4.358: Application time: 0.0003903 seconds
2024-07-27T17:22:30.323+0800: 4.358: [GC (CMS Final Remark) [YG occupancy: 14703 K (78656 K)]2024-07-27T17:22:30.323+0800: 4.358: [Rescan (parallel) , 0.0009734 secs]2024-07-27T17:22:30.324+0800: 4.359: [weak refs processing, 0.0000141 secs]2024-07-27T17:22:30.324+0800: 4.359: [class unloading, 0.0001650 secs]2024-07-27T17:22:30.324+0800: 4.359: [scrub symbol table, 0.0003251 secs]2024-07-27T17:22:30.324+0800: 4.360: [scrub string table, 0.0000903 secs][1 CMS-remark: 293519K(480128K)] 308223K(558784K), 0.0016313 secs] [Times: user=0.00 sys=0.00, real=0.00 secs] 
2024-07-27T17:22:30.324+0800: 4.360: Total time for which application threads were stopped: 0.0017705 seconds, Stopping threads took: 0.0001037 seconds
2024-07-27T17:22:30.324+0800: 4.360: [CMS-concurrent-sweep-start]
2024-07-27T17:22:30.326+0800: 4.362: [CMS-concurrent-sweep: 0.002/0.002 secs] [Times: user=0.00 sys=0.00, real=0.00 secs] 
2024-07-27T17:22:30.326+0800: 4.362: [CMS-concurrent-reset-start]
2024-07-27T17:22:30.328+0800: 4.364: [CMS-concurrent-reset: 0.002/0.002 secs] [Times: user=0.00 sys=0.00, real=0.00 secs] 
2024-07-27T17:22:30.329+0800: 4.365: Application time: 0.0052073 seconds
2024-07-27T17:22:30.330+0800: 4.365: [GC (Allocation Failure) 2024-07-27T17:22:30.330+0800: 4.365: [ParNew: 77168K->8192K(78656K), 0.0121239 secs] 228350K->227982K(558784K), 0.0121737 secs] [Times: user=0.03 sys=0.00, real=0.01 secs] 
2024-07-27T17:22:30.342+0800: 4.377: Total time for which application threads were stopped: 0.0122864 seconds, Stopping threads took: 0.0000133 seconds
2024-07-27T17:22:30.342+0800: 4.378: Application time: 0.0002419 seconds
2024-07-27T17:22:30.342+0800: 4.378: [GC (CMS Initial Mark) [1 CMS-initial-mark: 219790K(480128K)] 231422K(558784K), 0.0007106 secs] [Times: user=0.00 sys=0.00, real=0.00 secs] 
2024-07-27T17:22:30.343+0800: 4.378: Total time for which application threads were stopped: 0.0008447 seconds, Stopping threads took: 0.0000836 seconds
2024-07-27T17:22:30.343+0800: 4.379: [CMS-concurrent-mark-start]
2024-07-27T17:22:30.345+0800: 4.380: [CMS-concurrent-mark: 0.002/0.002 secs] [Times: user=0.00 sys=0.00, real=0.00 secs] 
2024-07-27T17:22:30.345+0800: 4.380: [CMS-concurrent-preclean-start]
2024-07-27T17:22:30.345+0800: 4.381: [CMS-concurrent-preclean: 0.001/0.001 secs] [Times: user=0.00 sys=0.00, real=0.00 secs] 
2024-07-27T17:22:30.345+0800: 4.381: [CMS-concurrent-abortable-preclean-start]
2024-07-27T17:22:30.461+0800: 4.497: Application time: 0.1183928 seconds
2024-07-27T17:22:30.461+0800: 4.497: [GC (Allocation Failure) 2024-07-27T17:22:30.461+0800: 4.497: [ParNew: 77168K->8192K(78656K), 0.0118212 secs] 296959K->296591K(558784K), 0.0118813 secs] [Times: user=0.00 sys=0.00, real=0.01 secs] 
2024-07-27T17:22:30.473+0800: 4.509: Total time for which application threads were stopped: 0.0119891 seconds, Stopping threads took: 0.0000197 seconds
2024-07-27T17:22:30.586+0800: 4.622: Application time: 0.1130884 seconds
2024-07-27T17:22:30.586+0800: 4.622: [GC (Allocation Failure) 2024-07-27T17:22:30.586+0800: 4.622: [ParNew: 77168K->8192K(78656K), 0.0033165 secs] 365568K->304784K(558784K), 0.0033713 secs] [Times: user=0.00 sys=0.00, real=0.00 secs] 
2024-07-27T17:22:30.590+0800: 4.625: Total time for which application threads were stopped: 0.0034888 seconds, Stopping threads took: 0.0000330 seconds
2024-07-27T17:22:30.590+0800: 4.626: [CMS-concurrent-abortable-preclean: 0.005/0.245 secs] [Times: user=0.03 sys=0.00, real=0.24 secs] 
2024-07-27T17:22:30.590+0800: 4.626: Application time: 0.0004105 seconds
2024-07-27T17:22:30.590+0800: 4.626: [GC (CMS Final Remark) [YG occupancy: 14703 K (78656 K)]2024-07-27T17:22:30.590+0800: 4.626: [Rescan (parallel) , 0.0009870 secs]2024-07-27T17:22:30.591+0800: 4.627: [weak refs processing, 0.0000131 secs]2024-07-27T17:22:30.591+0800: 4.627: [class unloading, 0.0001805 secs]2024-07-27T17:22:30.592+0800: 4.627: [scrub symbol table, 0.0003437 secs]2024-07-27T17:22:30.592+0800: 4.627: [scrub string table, 0.0000994 secs][1 CMS-remark: 296591K(480128K)] 311295K(558784K), 0.0016933 secs] [Times: user=0.00 sys=0.00, real=0.00 secs] 
2024-07-27T17:22:30.592+0800: 4.628: Total time for which application threads were stopped: 0.0017851 seconds, Stopping threads took: 0.0000573 seconds
2024-07-27T17:22:30.592+0800: 4.628: [CMS-concurrent-sweep-start]
2024-07-27T17:22:30.594+0800: 4.630: [CMS-concurrent-sweep: 0.002/0.002 secs] [Times: user=0.00 sys=0.00, real=0.00 secs] 
2024-07-27T17:22:30.594+0800: 4.630: [CMS-concurrent-reset-start]
2024-07-27T17:22:30.596+0800: 4.632: [CMS-concurrent-reset: 0.002/0.002 secs] [Times: user=0.00 sys=0.00, real=0.00 secs] 
2024-07-27T17:22:30.597+0800: 4.633: Application time: 0.0050507 seconds
2024-07-27T17:22:30.597+0800: 4.633: [GC (Allocation Failure) 2024-07-27T17:22:30.597+0800: 4.633: [ParNew: 77168K->8192K(78656K), 0.0121141 secs] 230398K->230030K(558784K), 0.0121614 secs] [Times: user=0.03 sys=0.00, real=0.01 secs] 
2024-07-27T17:22:30.609+0800: 4.645: Total time for which application threads were stopped: 0.0122545 seconds, Stopping threads took: 0.0000124 seconds
2024-07-27T17:22:30.610+0800: 4.645: Application time: 0.0002208 seconds
2024-07-27T17:22:30.610+0800: 4.645: [GC (CMS Initial Mark) [1 CMS-initial-mark: 221838K(480128K)] 233470K(558784K), 0.0007968 secs] [Times: user=0.00 sys=0.00, real=0.00 secs] 
2024-07-27T17:22:30.611+0800: 4.646: Total time for which application threads were stopped: 0.0009984 seconds, Stopping threads took: 0.0001566 seconds
2024-07-27T17:22:30.611+0800: 4.646: [CMS-concurrent-mark-start]
2024-07-27T17:22:30.612+0800: 4.648: [CMS-concurrent-mark: 0.002/0.002 secs] [Times: user=0.00 sys=0.00, real=0.00 secs] 
2024-07-27T17:22:30.612+0800: 4.648: [CMS-concurrent-preclean-start]
2024-07-27T17:22:30.613+0800: 4.649: [CMS-concurrent-preclean: 0.001/0.001 secs] [Times: user=0.00 sys=0.00, real=0.00 secs] 
2024-07-27T17:22:30.613+0800: 4.649: [CMS-concurrent-abortable-preclean-start]
2024-07-27T17:22:30.730+0800: 4.766: Application time: 0.1196357 seconds
2024-07-27T17:22:30.730+0800: 4.766: [GC (Allocation Failure) 2024-07-27T17:22:30.730+0800: 4.766: [ParNew: 77168K->8192K(78656K), 0.0119199 secs] 299007K->298639K(558784K), 0.0119870 secs] [Times: user=0.03 sys=0.00, real=0.01 secs] 
2024-07-27T17:22:30.742+0800: 4.778: Total time for which application threads were stopped: 0.0120938 seconds, Stopping threads took: 0.0000189 seconds
2024-07-27T17:22:30.853+0800: 4.890: Application time: 0.1118189 seconds
2024-07-27T17:22:30.854+0800: 4.890: [GC (Allocation Failure) 2024-07-27T17:22:30.854+0800: 4.890: [ParNew: 77168K->8192K(78656K), 0.0037420 secs] 367616K->307856K(558784K), 0.0037999 secs] [Times: user=0.00 sys=0.00, real=0.00 secs] 
2024-07-27T17:22:30.857+0800: 4.894: Total time for which application threads were stopped: 0.0039124 seconds, Stopping threads took: 0.0000233 seconds
2024-07-27T17:22:30.857+0800: 4.894: [CMS-concurrent-abortable-preclean: 0.006/0.245 secs] [Times: user=0.05 sys=0.00, real=0.24 secs] 
2024-07-27T17:22:30.858+0800: 4.894: Application time: 0.0002924 seconds
2024-07-27T17:22:30.858+0800: 4.894: [GC (CMS Final Remark) [YG occupancy: 12655 K (78656 K)]2024-07-27T17:22:30.858+0800: 4.894: [Rescan (parallel) , 0.0007152 secs]2024-07-27T17:22:30.859+0800: 4.895: [weak refs processing, 0.0000131 secs]2024-07-27T17:22:30.859+0800: 4.895: [class unloading, 0.0001885 secs]2024-07-27T17:22:30.859+0800: 4.895: [scrub symbol table, 0.0003441 secs]2024-07-27T17:22:30.859+0800: 4.895: [scrub string table, 0.0001004 secs][1 CMS-remark: 299663K(480128K)] 312319K(558784K), 0.0014244 secs] [Times: user=0.00 sys=0.00, real=0.00 secs] 
2024-07-27T17:22:30.859+0800: 4.895: Total time for which application threads were stopped: 0.0015477 seconds, Stopping threads took: 0.0000878 seconds
2024-07-27T17:22:30.859+0800: 4.896: [CMS-concurrent-sweep-start]
2024-07-27T17:22:30.861+0800: 4.897: [CMS-concurrent-sweep: 0.002/0.002 secs] [Times: user=0.00 sys=0.00, real=0.00 secs] 
2024-07-27T17:22:30.861+0800: 4.897: [CMS-concurrent-reset-start]
2024-07-27T17:22:30.863+0800: 4.899: [CMS-concurrent-reset: 0.002/0.002 secs] [Times: user=0.00 sys=0.00, real=0.00 secs] 
2024-07-27T17:22:30.864+0800: 4.901: Application time: 0.0052321 seconds
2024-07-27T17:22:30.865+0800: 4.901: [GC (Allocation Failure) 2024-07-27T17:22:30.865+0800: 4.901: [ParNew: 77168K->8192K(78656K), 0.0120433 secs] 232446K->232078K(558784K), 0.0120917 secs] [Times: user=0.00 sys=0.00, real=0.01 secs] 
2024-07-27T17:22:30.877+0800: 4.913: Total time for which application threads were stopped: 0.0121885 seconds, Stopping threads took: 0.0000166 seconds
2024-07-27T17:22:30.877+0800: 4.913: Application time: 0.0002467 seconds
2024-07-27T17:22:30.877+0800: 4.913: [GC (CMS Initial Mark) [1 CMS-initial-mark: 223886K(480128K)] 235518K(558784K), 0.0006342 secs] [Times: user=0.00 sys=0.00, real=0.00 secs] 
2024-07-27T17:22:30.878+0800: 4.914: Total time for which application threads were stopped: 0.0007548 seconds, Stopping threads took: 0.0000791 seconds
2024-07-27T17:22:30.878+0800: 4.914: [CMS-concurrent-mark-start]
2024-07-27T17:22:30.880+0800: 4.916: [CMS-concurrent-mark: 0.002/0.002 secs] [Times: user=0.03 sys=0.00, real=0.00 secs] 
2024-07-27T17:22:30.880+0800: 4.916: [CMS-concurrent-preclean-start]
2024-07-27T17:22:30.880+0800: 4.916: [CMS-concurrent-preclean: 0.001/0.001 secs] [Times: user=0.00 sys=0.00, real=0.00 secs] 
2024-07-27T17:22:30.880+0800: 4.916: [CMS-concurrent-abortable-preclean-start]
2024-07-27T17:22:30.998+0800: 5.033: Application time: 0.1195653 seconds
2024-07-27T17:22:30.998+0800: 5.034: [GC (Allocation Failure) 2024-07-27T17:22:30.998+0800: 5.034: [ParNew: 77168K->8192K(78656K), 0.0119248 secs] 301055K->300687K(558784K), 0.0120013 secs] [Times: user=0.03 sys=0.00, real=0.01 secs] 
2024-07-27T17:22:31.010+0800: 5.046: Total time for which application threads were stopped: 0.0121127 seconds, Stopping threads took: 0.0000190 seconds
2024-07-27T17:22:31.121+0800: 5.157: Application time: 0.1117322 seconds
2024-07-27T17:22:31.121+0800: 5.157: [GC (Allocation Failure) 2024-07-27T17:22:31.122+0800: 5.157: [ParNew: 77168K->8192K(78656K), 0.0036478 secs] 369664K->310928K(558784K), 0.0037111 secs] [Times: user=0.00 sys=0.00, real=0.00 secs] 
2024-07-27T17:22:31.125+0800: 5.161: Total time for which application threads were stopped: 0.0038273 seconds, Stopping threads took: 0.0000186 seconds
2024-07-27T17:22:31.125+0800: 5.161: [CMS-concurrent-abortable-preclean: 0.006/0.245 secs] [Times: user=0.03 sys=0.00, real=0.24 secs] 
2024-07-27T17:22:31.126+0800: 5.161: Application time: 0.0002577 seconds
2024-07-27T17:22:31.126+0800: 5.162: [GC (CMS Final Remark) [YG occupancy: 11631 K (78656 K)]2024-07-27T17:22:31.126+0800: 5.162: [Rescan (parallel) , 0.0007522 secs]2024-07-27T17:22:31.126+0800: 5.162: [weak refs processing, 0.0000126 secs]2024-07-27T17:22:31.126+0800: 5.162: [class unloading, 0.0001917 secs]2024-07-27T17:22:31.127+0800: 5.163: [scrub symbol table, 0.0003384 secs]2024-07-27T17:22:31.127+0800: 5.163: [scrub string table, 0.0000989 secs][1 CMS-remark: 302735K(480128K)] 314367K(558784K), 0.0014566 secs] [Times: user=0.00 sys=0.00, real=0.00 secs] 
2024-07-27T17:22:31.127+0800: 5.163: Total time for which application threads were stopped: 0.0016241 seconds, Stopping threads took: 0.0001330 seconds
2024-07-27T17:22:31.127+0800: 5.163: [CMS-concurrent-sweep-start]
2024-07-27T17:22:31.129+0800: 5.165: [CMS-concurrent-sweep: 0.002/0.002 secs] [Times: user=0.00 sys=0.00, real=0.00 secs] 
2024-07-27T17:22:31.129+0800: 5.165: [CMS-concurrent-reset-start]
2024-07-27T17:22:31.131+0800: 5.167: [CMS-concurrent-reset: 0.002/0.002 secs] [Times: user=0.03 sys=0.00, real=0.00 secs] 
2024-07-27T17:22:31.132+0800: 5.168: Application time: 0.0053911 seconds
2024-07-27T17:22:31.133+0800: 5.168: [GC (Allocation Failure) 2024-07-27T17:22:31.133+0800: 5.168: [ParNew: 77168K->8192K(78656K), 0.0123245 secs] 234494K->234126K(558784K), 0.0123737 secs] [Times: user=0.02 sys=0.00, real=0.01 secs] 
2024-07-27T17:22:31.145+0800: 5.181: Total time for which application threads were stopped: 0.0124702 seconds, Stopping threads took: 0.0000163 seconds
2024-07-27T17:22:31.145+0800: 5.181: Application time: 0.0002233 seconds
2024-07-27T17:22:31.145+0800: 5.181: [GC (CMS Initial Mark) [1 CMS-initial-mark: 225934K(480128K)] 237566K(558784K), 0.0007922 secs] [Times: user=0.00 sys=0.00, real=0.00 secs] 
2024-07-27T17:22:31.146+0800: 5.182: Total time for which application threads were stopped: 0.0009205 seconds, Stopping threads took: 0.0000875 seconds
2024-07-27T17:22:31.146+0800: 5.182: [CMS-concurrent-mark-start]
2024-07-27T17:22:31.148+0800: 5.184: [CMS-concurrent-mark: 0.002/0.002 secs] [Times: user=0.00 sys=0.00, real=0.00 secs] 
2024-07-27T17:22:31.148+0800: 5.184: [CMS-concurrent-preclean-start]
2024-07-27T17:22:31.148+0800: 5.184: [CMS-concurrent-preclean: 0.001/0.001 secs] [Times: user=0.00 sys=0.00, real=0.00 secs] 
2024-07-27T17:22:31.149+0800: 5.184: [CMS-concurrent-abortable-preclean-start]
2024-07-27T17:22:31.264+0800: 5.300: Application time: 0.1183172 seconds
2024-07-27T17:22:31.265+0800: 5.300: [GC (Allocation Failure) 2024-07-27T17:22:31.265+0800: 5.300: [ParNew: 77168K->8192K(78656K), 0.0117895 secs] 303103K->302735K(558784K), 0.0118657 secs] [Times: user=0.01 sys=0.02, real=0.01 secs] 
2024-07-27T17:22:31.277+0800: 5.312: Total time for which application threads were stopped: 0.0120320 seconds, Stopping threads took: 0.0000229 seconds
2024-07-27T17:22:31.389+0800: 5.424: Application time: 0.1119181 seconds
2024-07-27T17:22:31.389+0800: 5.424: [GC (Allocation Failure) 2024-07-27T17:22:31.389+0800: 5.424: [ParNew: 77168K->8192K(78656K), 0.0037766 secs] 371712K->314000K(558784K), 0.0038339 secs] [Times: user=0.00 sys=0.00, real=0.00 secs] 
2024-07-27T17:22:31.392+0800: 5.428: Total time for which application threads were stopped: 0.0039427 seconds, Stopping threads took: 0.0000210 seconds
2024-07-27T17:22:31.393+0800: 5.428: [CMS-concurrent-abortable-preclean: 0.005/0.244 secs] [Times: user=0.01 sys=0.02, real=0.24 secs] 
2024-07-27T17:22:31.393+0800: 5.429: Application time: 0.0003750 seconds
2024-07-27T17:22:31.393+0800: 5.429: [GC (CMS Final Remark) [YG occupancy: 14703 K (78656 K)]2024-07-27T17:22:31.393+0800: 5.429: [Rescan (parallel) , 0.0010107 secs]2024-07-27T17:22:31.394+0800: 5.430: [weak refs processing, 0.0000129 secs]2024-07-27T17:22:31.394+0800: 5.430: [class unloading, 0.0001726 secs]2024-07-27T17:22:31.394+0800: 5.430: [scrub symbol table, 0.0003479 secs]2024-07-27T17:22:31.395+0800: 5.430: [scrub string table, 0.0001003 secs][1 CMS-remark: 305808K(480128K)] 320511K(558784K), 0.0017078 secs] [Times: user=0.02 sys=0.00, real=0.00 secs] 
2024-07-27T17:22:31.395+0800: 5.431: Total time for which application threads were stopped: 0.0018941 seconds, Stopping threads took: 0.0001443 seconds
2024-07-27T17:22:31.395+0800: 5.431: [CMS-concurrent-sweep-start]
2024-07-27T17:22:31.397+0800: 5.432: [CMS-concurrent-sweep: 0.002/0.002 secs] [Times: user=0.00 sys=0.00, real=0.00 secs] 
2024-07-27T17:22:31.397+0800: 5.432: [CMS-concurrent-reset-start]
2024-07-27T17:22:31.399+0800: 5.434: [CMS-concurrent-reset: 0.002/0.002 secs] [Times: user=0.00 sys=0.00, real=0.00 secs] 
2024-07-27T17:22:31.400+0800: 5.436: Application time: 0.0050754 seconds
2024-07-27T17:22:31.400+0800: 5.436: [GC (Allocation Failure) 2024-07-27T17:22:31.400+0800: 5.436: [ParNew: 77168K->8192K(78656K), 0.0125042 secs] 236542K->236174K(558784K), 0.0125509 secs] [Times: user=0.03 sys=0.00, real=0.01 secs] 
2024-07-27T17:22:31.412+0800: 5.448: Total time for which application threads were stopped: 0.0126460 seconds, Stopping threads took: 0.0000142 seconds
2024-07-27T17:22:31.413+0800: 5.448: Application time: 0.0002122 seconds
2024-07-27T17:22:31.413+0800: 5.449: [GC (CMS Initial Mark) [1 CMS-initial-mark: 227982K(480128K)] 239614K(558784K), 0.0009121 secs] [Times: user=0.00 sys=0.00, real=0.00 secs] 
2024-07-27T17:22:31.414+0800: 5.450: Total time for which application threads were stopped: 0.0010840 seconds, Stopping threads took: 0.0001280 seconds
2024-07-27T17:22:31.414+0800: 5.450: [CMS-concurrent-mark-start]
2024-07-27T17:22:31.415+0800: 5.451: [CMS-concurrent-mark: 0.002/0.002 secs] [Times: user=0.00 sys=0.00, real=0.00 secs] 
2024-07-27T17:22:31.415+0800: 5.451: [CMS-concurrent-preclean-start]
2024-07-27T17:22:31.416+0800: 5.452: [CMS-concurrent-preclean: 0.001/0.001 secs] [Times: user=0.00 sys=0.00, real=0.00 secs] 
2024-07-27T17:22:31.416+0800: 5.452: [CMS-concurrent-abortable-preclean-start]
2024-07-27T17:22:31.532+0800: 5.567: Application time: 0.1177343 seconds
2024-07-27T17:22:31.532+0800: 5.567: [GC (Allocation Failure) 2024-07-27T17:22:31.532+0800: 5.567: [ParNew: 77168K->8192K(78656K), 0.0119770 secs] 305151K->304784K(558784K), 0.0120429 secs] [Times: user=0.03 sys=0.00, real=0.01 secs] 
2024-07-27T17:22:31.544+0800: 5.579: Total time for which application threads were stopped: 0.0121526 seconds, Stopping threads took: 0.0000198 seconds
2024-07-27T17:22:31.656+0800: 5.691: Application time: 0.1115558 seconds
2024-07-27T17:22:31.656+0800: 5.691: [GC (Allocation Failure) 2024-07-27T17:22:31.656+0800: 5.691: [ParNew: 77168K->8192K(78656K), 0.0039695 secs] 373760K->317072K(558784K), 0.0040273 secs] [Times: user=0.00 sys=0.00, real=0.00 secs] 
2024-07-27T17:22:31.660+0800: 5.695: Total time for which application threads were stopped: 0.0041801 seconds, Stopping threads took: 0.0000212 seconds
2024-07-27T17:22:31.660+0800: 5.695: [CMS-concurrent-abortable-preclean: 0.006/0.243 secs] [Times: user=0.03 sys=0.00, real=0.24 secs] 
2024-07-27T17:22:31.660+0800: 5.695: Application time: 0.0003002 seconds
2024-07-27T17:22:31.660+0800: 5.696: [GC (CMS Final Remark) [YG occupancy: 12655 K (78656 K)]2024-07-27T17:22:31.660+0800: 5.696: [Rescan (parallel) , 0.0009360 secs]2024-07-27T17:22:31.661+0800: 5.697: [weak refs processing, 0.0000129 secs]2024-07-27T17:22:31.661+0800: 5.697: [class unloading, 0.0001874 secs]2024-07-27T17:22:31.661+0800: 5.697: [scrub symbol table, 0.0003462 secs]2024-07-27T17:22:31.662+0800: 5.697: [scrub string table, 0.0000989 secs][1 CMS-remark: 308880K(480128K)] 321535K(558784K), 0.0016433 secs] [Times: user=0.11 sys=0.00, real=0.00 secs] 
2024-07-27T17:22:31.662+0800: 5.697: Total time for which application threads were stopped: 0.0017538 seconds, Stopping threads took: 0.0000759 seconds
2024-07-27T17:22:31.662+0800: 5.697: [CMS-concurrent-sweep-start]
2024-07-27T17:22:31.664+0800: 5.699: [CMS-concurrent-sweep: 0.001/0.001 secs] [Times: user=0.00 sys=0.00, real=0.00 secs] 
2024-07-27T17:22:31.664+0800: 5.699: [CMS-concurrent-reset-start]
2024-07-27T17:22:31.666+0800: 5.701: [CMS-concurrent-reset: 0.002/0.002 secs] [Times: user=0.00 sys=0.00, real=0.00 secs] 
2024-07-27T17:22:31.667+0800: 5.702: Application time: 0.0051916 seconds
2024-07-27T17:22:31.667+0800: 5.702: [GC (Allocation Failure) 2024-07-27T17:22:31.667+0800: 5.702: [ParNew: 77168K->8192K(78656K), 0.0124062 secs] 238590K->238223K(558784K), 0.0124557 secs] [Times: user=0.02 sys=0.02, real=0.01 secs] 
2024-07-27T17:22:31.680+0800: 5.715: Total time for which application threads were stopped: 0.0125505 seconds, Stopping threads took: 0.0000133 seconds
2024-07-27T17:22:31.680+0800: 5.715: Application time: 0.0001702 seconds
2024-07-27T17:22:31.680+0800: 5.715: [GC (CMS Initial Mark) [1 CMS-initial-mark: 230030K(480128K)] 241662K(558784K), 0.0007362 secs] [Times: user=0.00 sys=0.00, real=0.00 secs] 
2024-07-27T17:22:31.681+0800: 5.716: Total time for which application threads were stopped: 0.0009599 seconds, Stopping threads took: 0.0001825 seconds
2024-07-27T17:22:31.681+0800: 5.716: [CMS-concurrent-mark-start]
2024-07-27T17:22:31.682+0800: 5.718: [CMS-concurrent-mark: 0.002/0.002 secs] [Times: user=0.00 sys=0.00, real=0.00 secs] 
2024-07-27T17:22:31.682+0800: 5.718: [CMS-concurrent-preclean-start]
2024-07-27T17:22:31.683+0800: 5.718: [CMS-concurrent-preclean: 0.001/0.001 secs] [Times: user=0.00 sys=0.00, real=0.00 secs] 
2024-07-27T17:22:31.683+0800: 5.718: [CMS-concurrent-abortable-preclean-start]
2024-07-27T17:22:31.799+0800: 5.834: Application time: 0.1179733 seconds
2024-07-27T17:22:31.799+0800: 5.834: [GC (Allocation Failure) 2024-07-27T17:22:31.799+0800: 5.834: [ParNew: 77168K->8192K(78656K), 0.0120226 secs] 307199K->306832K(558784K), 0.0120804 secs] [Times: user=0.03 sys=0.00, real=0.01 secs] 
2024-07-27T17:22:31.811+0800: 5.846: Total time for which application threads were stopped: 0.0121871 seconds, Stopping threads took: 0.0000192 seconds
2024-07-27T17:22:31.924+0800: 5.960: Application time: 0.1133001 seconds
2024-07-27T17:22:31.924+0800: 5.960: [GC (Allocation Failure) 2024-07-27T17:22:31.924+0800: 5.960: [ParNew: 77168K->8192K(78656K), 0.0043835 secs] 375808K->320144K(558784K), 0.0044408 secs] [Times: user=0.03 sys=0.00, real=0.00 secs] 
2024-07-27T17:22:31.928+0800: 5.964: Total time for which application threads were stopped: 0.0045486 seconds, Stopping threads took: 0.0000189 seconds
2024-07-27T17:22:31.928+0800: 5.964: [CMS-concurrent-abortable-preclean: 0.006/0.246 secs] [Times: user=0.06 sys=0.00, real=0.24 secs] 
2024-07-27T17:22:31.929+0800: 5.964: Application time: 0.0002730 seconds
2024-07-27T17:22:31.929+0800: 5.965: [GC (CMS Final Remark) [YG occupancy: 11631 K (78656 K)]2024-07-27T17:22:31.929+0800: 5.965: [Rescan (parallel) , 0.0008387 secs]2024-07-27T17:22:31.930+0800: 5.965: [weak refs processing, 0.0000131 secs]2024-07-27T17:22:31.930+0800: 5.965: [class unloading, 0.0001676 secs]2024-07-27T17:22:31.930+0800: 5.966: [scrub symbol table, 0.0003109 secs]2024-07-27T17:22:31.930+0800: 5.966: [scrub string table, 0.0000912 secs][1 CMS-remark: 311952K(480128K)] 323583K(558784K), 0.0014897 secs] [Times: user=0.00 sys=0.00, real=0.00 secs] 
2024-07-27T17:22:31.930+0800: 5.966: Total time for which application threads were stopped: 0.0016769 seconds, Stopping threads took: 0.0001466 seconds
2024-07-27T17:22:31.930+0800: 5.966: [CMS-concurrent-sweep-start]
2024-07-27T17:22:31.932+0800: 5.968: [CMS-concurrent-sweep: 0.001/0.001 secs] [Times: user=0.00 sys=0.00, real=0.00 secs] 
2024-07-27T17:22:31.932+0800: 5.968: [CMS-concurrent-reset-start]
2024-07-27T17:22:31.934+0800: 5.970: [CMS-concurrent-reset: 0.002/0.002 secs] [Times: user=0.00 sys=0.00, real=0.00 secs] 
2024-07-27T17:22:31.935+0800: 5.971: Application time: 0.0052214 seconds
2024-07-27T17:22:31.936+0800: 5.971: [GC (Allocation Failure) 2024-07-27T17:22:31.936+0800: 5.971: [ParNew: 77168K->8192K(78656K), 0.0118754 secs] 240638K->240271K(558784K), 0.0119243 secs] [Times: user=0.03 sys=0.00, real=0.01 secs] 
2024-07-27T17:22:31.947+0800: 5.983: Total time for which application threads were stopped: 0.0120230 seconds, Stopping threads took: 0.0000132 seconds
2024-07-27T17:22:31.948+0800: 5.983: Application time: 0.0001411 seconds
2024-07-27T17:22:31.948+0800: 5.984: [GC (CMS Initial Mark) [1 CMS-initial-mark: 232078K(480128K)] 243710K(558784K), 0.0007739 secs] [Times: user=0.00 sys=0.00, real=0.00 secs] 
2024-07-27T17:22:31.949+0800: 5.984: Total time for which application threads were stopped: 0.0009285 seconds, Stopping threads took: 0.0001139 seconds
2024-07-27T17:22:31.949+0800: 5.985: [CMS-concurrent-mark-start]
2024-07-27T17:22:31.950+0800: 5.986: [CMS-concurrent-mark: 0.001/0.001 secs] [Times: user=0.00 sys=0.00, real=0.00 secs] 
2024-07-27T17:22:31.950+0800: 5.986: [CMS-concurrent-preclean-start]
2024-07-27T17:22:31.951+0800: 5.987: [CMS-concurrent-preclean: 0.001/0.001 secs] [Times: user=0.00 sys=0.00, real=0.00 secs] 
2024-07-27T17:22:31.951+0800: 5.987: [CMS-concurrent-abortable-preclean-start]
2024-07-27T17:22:32.067+0800: 6.102: Application time: 0.1176616 seconds
2024-07-27T17:22:32.067+0800: 6.102: [GC (Allocation Failure) 2024-07-27T17:22:32.067+0800: 6.102: [ParNew: 77168K->8192K(78656K), 0.0118872 secs] 309247K->308880K(558784K), 0.0119460 secs] [Times: user=0.03 sys=0.00, real=0.01 secs] 
2024-07-27T17:22:32.079+0800: 6.114: Total time for which application threads were stopped: 0.0120522 seconds, Stopping threads took: 0.0000186 seconds
2024-07-27T17:22:32.190+0800: 6.225: Application time: 0.1112536 seconds
2024-07-27T17:22:32.190+0800: 6.225: [GC (Allocation Failure) 2024-07-27T17:22:32.190+0800: 6.225: [ParNew: 77168K->8192K(78656K), 0.0042574 secs] 377856K->323216K(558784K), 0.0043282 secs] [Times: user=0.03 sys=0.00, real=0.00 secs] 
2024-07-27T17:22:32.194+0800: 6.230: Total time for which application threads were stopped: 0.0044359 seconds, Stopping threads took: 0.0000197 seconds
2024-07-27T17:22:32.194+0800: 6.230: [CMS-concurrent-abortable-preclean: 0.006/0.243 secs] [Times: user=0.06 sys=0.00, real=0.24 secs] 
2024-07-27T17:22:32.194+0800: 6.230: Application time: 0.0002628 seconds
2024-07-27T17:22:32.195+0800: 6.230: [GC (CMS Final Remark) [YG occupancy: 12655 K (78656 K)]2024-07-27T17:22:32.195+0800: 6.230: [Rescan (parallel) , 0.0009146 secs]2024-07-27T17:22:32.195+0800: 6.231: [weak refs processing, 0.0000127 secs]2024-07-27T17:22:32.195+0800: 6.231: [class unloading, 0.0002011 secs]2024-07-27T17:22:32.196+0800: 6.231: [scrub symbol table, 0.0003426 secs]2024-07-27T17:22:32.196+0800: 6.232: [scrub string table, 0.0000997 secs][1 CMS-remark: 315024K(480128K)] 327679K(558784K), 0.0016331 secs] [Times: user=0.00 sys=0.00, real=0.00 secs] 
2024-07-27T17:22:32.196+0800: 6.232: Total time for which application threads were stopped: 0.0017552 seconds, Stopping threads took: 0.0000871 seconds
2024-07-27T17:22:32.197+0800: 6.232: [CMS-concurrent-sweep-start]
2024-07-27T17:22:32.198+0800: 6.234: [CMS-concurrent-sweep: 0.001/0.001 secs] [Times: user=0.00 sys=0.00, real=0.00 secs] 
2024-07-27T17:22:32.198+0800: 6.234: [CMS-concurrent-reset-start]
2024-07-27T17:22:32.200+0800: 6.236: [CMS-concurrent-reset: 0.002/0.002 secs] [Times: user=0.00 sys=0.00, real=0.00 secs] 
2024-07-27T17:22:32.201+0800: 6.237: Application time: 0.0053429 seconds
2024-07-27T17:22:32.202+0800: 6.237: [GC (Allocation Failure) 2024-07-27T17:22:32.202+0800: 6.237: [ParNew: 77168K->8192K(78656K), 0.0126686 secs] 242686K->242319K(558784K), 0.0127110 secs] [Times: user=0.03 sys=0.00, real=0.01 secs] 
2024-07-27T17:22:32.214+0800: 6.250: Total time for which application threads were stopped: 0.0128046 seconds, Stopping threads took: 0.0000134 seconds
2024-07-27T17:22:32.215+0800: 6.250: Application time: 0.0002669 seconds
2024-07-27T17:22:32.215+0800: 6.250: [GC (CMS Initial Mark) [1 CMS-initial-mark: 234126K(480128K)] 245758K(558784K), 0.0007598 secs] [Times: user=0.00 sys=0.00, real=0.00 secs] 
2024-07-27T17:22:32.215+0800: 6.251: Total time for which application threads were stopped: 0.0008764 seconds, Stopping threads took: 0.0000761 seconds
2024-07-27T17:22:32.216+0800: 6.251: [CMS-concurrent-mark-start]
2024-07-27T17:22:32.217+0800: 6.253: [CMS-concurrent-mark: 0.001/0.001 secs] [Times: user=0.00 sys=0.00, real=0.00 secs] 
2024-07-27T17:22:32.217+0800: 6.253: [CMS-concurrent-preclean-start]
2024-07-27T17:22:32.218+0800: 6.253: [CMS-concurrent-preclean: 0.001/0.001 secs] [Times: user=0.00 sys=0.00, real=0.00 secs] 
2024-07-27T17:22:32.218+0800: 6.253: [CMS-concurrent-abortable-preclean-start]
2024-07-27T17:22:32.334+0800: 6.370: Application time: 0.1189661 seconds
2024-07-27T17:22:32.334+0800: 6.370: [GC (Allocation Failure) 2024-07-27T17:22:32.334+0800: 6.370: [ParNew: 77168K->8192K(78656K), 0.0116633 secs] 311295K->310928K(558784K), 0.0117246 secs] [Times: user=0.00 sys=0.00, real=0.01 secs] 
2024-07-27T17:22:32.346+0800: 6.382: Total time for which application threads were stopped: 0.0118416 seconds, Stopping threads took: 0.0000183 seconds
2024-07-27T17:22:32.459+0800: 6.495: Application time: 0.1128777 seconds
2024-07-27T17:22:32.459+0800: 6.495: [GC (Allocation Failure) 2024-07-27T17:22:32.459+0800: 6.495: [ParNew: 77168K->8192K(78656K), 0.0047188 secs] 379904K->326288K(558784K), 0.0047913 secs] [Times: user=0.00 sys=0.00, real=0.00 secs] 
2024-07-27T17:22:32.464+0800: 6.500: Total time for which application threads were stopped: 0.0048989 seconds, Stopping threads took: 0.0000189 seconds
2024-07-27T17:22:32.464+0800: 6.500: [CMS-concurrent-abortable-preclean: 0.005/0.247 secs] [Times: user=0.05 sys=0.00, real=0.25 secs] 
2024-07-27T17:22:32.464+0800: 6.500: Application time: 0.0003075 seconds
2024-07-27T17:22:32.464+0800: 6.500: [GC (CMS Final Remark) [YG occupancy: 12655 K (78656 K)]2024-07-27T17:22:32.464+0800: 6.500: [Rescan (parallel) , 0.0008957 secs]2024-07-27T17:22:32.465+0800: 6.501: [weak refs processing, 0.0000131 secs]2024-07-27T17:22:32.465+0800: 6.501: [class unloading, 0.0001749 secs]2024-07-27T17:22:32.465+0800: 6.501: [scrub symbol table, 0.0003487 secs]2024-07-27T17:22:32.466+0800: 6.502: [scrub string table, 0.0001031 secs][1 CMS-remark: 318096K(480128K)] 330751K(558784K), 0.0016008 secs] [Times: user=0.00 sys=0.00, real=0.00 secs] 
2024-07-27T17:22:32.466+0800: 6.502: Total time for which application threads were stopped: 0.0017726 seconds, Stopping threads took: 0.0001362 seconds
2024-07-27T17:22:32.466+0800: 6.502: [CMS-concurrent-sweep-start]
2024-07-27T17:22:32.467+0800: 6.504: [CMS-concurrent-sweep: 0.002/0.002 secs] [Times: user=0.00 sys=0.00, real=0.00 secs] 
2024-07-27T17:22:32.468+0800: 6.504: [CMS-concurrent-reset-start]
2024-07-27T17:22:32.470+0800: 6.506: [CMS-concurrent-reset: 0.002/0.002 secs] [Times: user=0.00 sys=0.00, real=0.00 secs] 
2024-07-27T17:22:32.471+0800: 6.507: Application time: 0.0051510 seconds
2024-07-27T17:22:32.471+0800: 6.507: [GC (Allocation Failure) 2024-07-27T17:22:32.471+0800: 6.507: [ParNew: 77168K->8192K(78656K), 0.0120204 secs] 244734K->244367K(558784K), 0.0120725 secs] [Times: user=0.03 sys=0.00, real=0.01 secs] 
2024-07-27T17:22:32.483+0800: 6.519: Total time for which application threads were stopped: 0.0121640 seconds, Stopping threads took: 0.0000125 seconds
2024-07-27T17:22:32.483+0800: 6.519: Application time: 0.0001953 seconds
2024-07-27T17:22:32.483+0800: 6.519: [GC (CMS Initial Mark) [1 CMS-initial-mark: 236174K(480128K)] 247806K(558784K), 0.0006000 secs] [Times: user=0.00 sys=0.00, real=0.00 secs] 
2024-07-27T17:22:32.484+0800: 6.520: Total time for which application threads were stopped: 0.0007124 seconds, Stopping threads took: 0.0000719 seconds
2024-07-27T17:22:32.484+0800: 6.520: [CMS-concurrent-mark-start]
2024-07-27T17:22:32.485+0800: 6.521: [CMS-concurrent-mark: 0.001/0.001 secs] [Times: user=0.00 sys=0.00, real=0.00 secs] 
2024-07-27T17:22:32.485+0800: 6.522: [CMS-concurrent-preclean-start]
2024-07-27T17:22:32.486+0800: 6.522: [CMS-concurrent-preclean: 0.001/0.001 secs] [Times: user=0.00 sys=0.00, real=0.00 secs] 
2024-07-27T17:22:32.486+0800: 6.522: [CMS-concurrent-abortable-preclean-start]
2024-07-27T17:22:32.604+0800: 6.640: Application time: 0.1200070 seconds
2024-07-27T17:22:32.604+0800: 6.640: [GC (Allocation Failure) 2024-07-27T17:22:32.604+0800: 6.640: [ParNew: 77168K->8192K(78656K), 0.0116781 secs] 313343K->312976K(558784K), 0.0117380 secs] [Times: user=0.03 sys=0.00, real=0.01 secs] 
2024-07-27T17:22:32.616+0800: 6.652: Total time for which application threads were stopped: 0.0118588 seconds, Stopping threads took: 0.0000191 seconds
2024-07-27T17:22:32.728+0800: 6.764: Application time: 0.1116669 seconds
2024-07-27T17:22:32.728+0800: 6.764: [GC (Allocation Failure) 2024-07-27T17:22:32.728+0800: 6.764: [ParNew: 77168K->8192K(78656K), 0.0047922 secs] 381952K->329360K(558784K), 0.0048509 secs] [Times: user=0.00 sys=0.00, real=0.01 secs] 
2024-07-27T17:22:32.733+0800: 6.769: Total time for which application threads were stopped: 0.0049574 seconds, Stopping threads took: 0.0000194 seconds
2024-07-27T17:22:32.733+0800: 6.769: [CMS-concurrent-abortable-preclean: 0.005/0.246 secs] [Times: user=0.03 sys=0.00, real=0.25 secs] 
2024-07-27T17:22:32.733+0800: 6.769: Application time: 0.0003169 seconds
2024-07-27T17:22:32.733+0800: 6.769: [GC (CMS Final Remark) [YG occupancy: 12655 K (78656 K)]2024-07-27T17:22:32.733+0800: 6.769: [Rescan (parallel) , 0.0006580 secs]2024-07-27T17:22:32.734+0800: 6.770: [weak refs processing, 0.0000126 secs]2024-07-27T17:22:32.734+0800: 6.770: [class unloading, 0.0001999 secs]2024-07-27T17:22:32.734+0800: 6.770: [scrub symbol table, 0.0003460 secs]2024-07-27T17:22:32.735+0800: 6.770: [scrub string table, 0.0001000 secs][1 CMS-remark: 321168K(480128K)] 333824K(558784K), 0.0013782 secs] [Times: user=0.00 sys=0.00, real=0.00 secs] 
2024-07-27T17:22:32.735+0800: 6.770: Total time for which application threads were stopped: 0.0014970 seconds, Stopping threads took: 0.0000834 seconds
2024-07-27T17:22:32.735+0800: 6.771: [CMS-concurrent-sweep-start]
2024-07-27T17:22:32.736+0800: 6.772: [CMS-concurrent-sweep: 0.001/0.001 secs] [Times: user=0.00 sys=0.00, real=0.00 secs] 
2024-07-27T17:22:32.736+0800: 6.772: [CMS-concurrent-reset-start]
2024-07-27T17:22:32.738+0800: 6.774: [CMS-concurrent-reset: 0.002/0.002 secs] [Times: user=0.00 sys=0.00, real=0.00 secs] 
2024-07-27T17:22:32.740+0800: 6.776: Application time: 0.0051963 seconds
2024-07-27T17:22:32.740+0800: 6.776: [GC (Allocation Failure) 2024-07-27T17:22:32.740+0800: 6.776: [ParNew: 77168K->8192K(78656K), 0.0119589 secs] 246782K->246415K(558784K), 0.0120069 secs] [Times: user=0.00 sys=0.00, real=0.01 secs] 
2024-07-27T17:22:32.752+0800: 6.788: Total time for which application threads were stopped: 0.0120981 seconds, Stopping threads took: 0.0000130 seconds
2024-07-27T17:22:32.752+0800: 6.788: Application time: 0.0001912 seconds
2024-07-27T17:22:32.752+0800: 6.788: [GC (CMS Initial Mark) [1 CMS-initial-mark: 238223K(480128K)] 249854K(558784K), 0.0006628 secs] [Times: user=0.00 sys=0.00, real=0.00 secs] 
2024-07-27T17:22:32.753+0800: 6.789: Total time for which application threads were stopped: 0.0008540 seconds, Stopping threads took: 0.0001465 seconds
2024-07-27T17:22:32.753+0800: 6.789: [CMS-concurrent-mark-start]
2024-07-27T17:22:32.754+0800: 6.790: [CMS-concurrent-mark: 0.001/0.001 secs] [Times: user=0.00 sys=0.00, real=0.00 secs] 
2024-07-27T17:22:32.755+0800: 6.790: [CMS-concurrent-preclean-start]
2024-07-27T17:22:32.755+0800: 6.791: [CMS-concurrent-preclean: 0.001/0.001 secs] [Times: user=0.00 sys=0.00, real=0.00 secs] 
2024-07-27T17:22:32.755+0800: 6.791: [CMS-concurrent-abortable-preclean-start]
2024-07-27T17:22:32.871+0800: 6.908: Application time: 0.1188445 seconds
2024-07-27T17:22:32.872+0800: 6.908: [GC (Allocation Failure) 2024-07-27T17:22:32.872+0800: 6.908: [ParNew: 77168K->8192K(78656K), 0.0127434 secs] 315391K->315024K(558784K), 0.0128061 secs] [Times: user=0.03 sys=0.00, real=0.01 secs] 
2024-07-27T17:22:32.884+0800: 6.921: Total time for which application threads were stopped: 0.0129291 seconds, Stopping threads took: 0.0000288 seconds
2024-07-27T17:22:32.995+0800: 7.030: Application time: 0.1099808 seconds
2024-07-27T17:22:32.995+0800: 7.031: [GC (Allocation Failure) 2024-07-27T17:22:32.995+0800: 7.031: [ParNew: 77168K->8192K(78656K), 0.0046833 secs] 384000K->332432K(558784K), 0.0047426 secs] [Times: user=0.00 sys=0.00, real=0.01 secs] 
2024-07-27T17:22:33.000+0800: 7.035: Total time for which application threads were stopped: 0.0048585 seconds, Stopping threads took: 0.0000300 seconds
2024-07-27T17:22:33.000+0800: 7.035: [CMS-concurrent-abortable-preclean: 0.005/0.245 secs] [Times: user=0.03 sys=0.00, real=0.24 secs] 
2024-07-27T17:22:33.000+0800: 7.036: Application time: 0.0003745 seconds
2024-07-27T17:22:33.000+0800: 7.036: [GC (CMS Final Remark) [YG occupancy: 13679 K (78656 K)]2024-07-27T17:22:33.000+0800: 7.036: [Rescan (parallel) , 0.0009661 secs]2024-07-27T17:22:33.001+0800: 7.037: [weak refs processing, 0.0000129 secs]2024-07-27T17:22:33.001+0800: 7.037: [class unloading, 0.0001896 secs]2024-07-27T17:22:33.001+0800: 7.037: [scrub symbol table, 0.0003567 secs]2024-07-27T17:22:33.002+0800: 7.037: [scrub string table, 0.0001013 secs][1 CMS-remark: 324240K(480128K)] 337920K(558784K), 0.0016902 secs] [Times: user=0.00 sys=0.00, real=0.00 secs] 
2024-07-27T17:22:33.002+0800: 7.038: Total time for which application threads were stopped: 0.0018386 seconds, Stopping threads took: 0.0001125 seconds
2024-07-27T17:22:33.002+0800: 7.038: [CMS-concurrent-sweep-start]
2024-07-27T17:22:33.003+0800: 7.039: [CMS-concurrent-sweep: 0.001/0.001 secs] [Times: user=0.00 sys=0.00, real=0.00 secs] 
2024-07-27T17:22:33.003+0800: 7.039: [CMS-concurrent-reset-start]
2024-07-27T17:22:33.005+0800: 7.041: [CMS-concurrent-reset: 0.002/0.002 secs] [Times: user=0.03 sys=0.00, real=0.00 secs] 
2024-07-27T17:22:33.008+0800: 7.043: Application time: 0.0056891 seconds
2024-07-27T17:22:33.008+0800: 7.043: [GC (Allocation Failure) 2024-07-27T17:22:33.008+0800: 7.043: [ParNew: 77168K->8192K(78656K), 0.0122709 secs] 248830K->248463K(558784K), 0.0123261 secs] [Times: user=0.00 sys=0.00, real=0.01 secs] 
2024-07-27T17:22:33.020+0800: 7.056: Total time for which application threads were stopped: 0.0124355 seconds, Stopping threads took: 0.0000172 seconds
2024-07-27T17:22:33.020+0800: 7.056: Application time: 0.0001500 seconds
2024-07-27T17:22:33.020+0800: 7.056: [GC (CMS Initial Mark) [1 CMS-initial-mark: 240271K(480128K)] 251902K(558784K), 0.0008306 secs] [Times: user=0.00 sys=0.00, real=0.00 secs] 
2024-07-27T17:22:33.021+0800: 7.057: Total time for which application threads were stopped: 0.0010501 seconds, Stopping threads took: 0.0001778 seconds
2024-07-27T17:22:33.021+0800: 7.057: [CMS-concurrent-mark-start]
2024-07-27T17:22:33.023+0800: 7.058: [CMS-concurrent-mark: 0.001/0.001 secs] [Times: user=0.00 sys=0.00, real=0.00 secs] 
2024-07-27T17:22:33.023+0800: 7.058: [CMS-concurrent-preclean-start]
2024-07-27T17:22:33.023+0800: 7.059: [CMS-concurrent-preclean: 0.001/0.001 secs] [Times: user=0.00 sys=0.00, real=0.00 secs] 
2024-07-27T17:22:33.023+0800: 7.059: [CMS-concurrent-abortable-preclean-start]
2024-07-27T17:22:33.138+0800: 7.175: Application time: 0.1176348 seconds
2024-07-27T17:22:33.138+0800: 7.175: [GC (Allocation Failure) 2024-07-27T17:22:33.138+0800: 7.175: [ParNew: 77168K->8202K(78656K), 0.0122686 secs] 317439K->317082K(558784K), 0.0123299 secs] [Times: user=0.03 sys=0.00, real=0.01 secs] 
2024-07-27T17:22:33.151+0800: 7.187: Total time for which application threads were stopped: 0.0124512 seconds, Stopping threads took: 0.0000241 seconds
2024-07-27T17:22:33.262+0800: 7.298: Application time: 0.1105421 seconds
2024-07-27T17:22:33.262+0800: 7.298: [GC (Allocation Failure) 2024-07-27T17:22:33.262+0800: 7.298: [ParNew: 77178K->8192K(78656K), 0.0062916 secs] 386058K->335504K(558784K), 0.0063602 secs] [Times: user=0.00 sys=0.00, real=0.01 secs] 
2024-07-27T17:22:33.269+0800: 7.304: Total time for which application threads were stopped: 0.0064915 seconds, Stopping threads took: 0.0000216 seconds
2024-07-27T17:22:33.269+0800: 7.304: [CMS-concurrent-abortable-preclean: 0.006/0.245 secs] [Times: user=0.03 sys=0.00, real=0.25 secs] 
2024-07-27T17:22:33.269+0800: 7.304: Application time: 0.0003165 seconds
2024-07-27T17:22:33.269+0800: 7.304: [GC (CMS Final Remark) [YG occupancy: 11631 K (78656 K)]2024-07-27T17:22:33.269+0800: 7.304: [Rescan (parallel) , 0.0008177 secs]2024-07-27T17:22:33.270+0800: 7.305: [weak refs processing, 0.0000129 secs]2024-07-27T17:22:33.270+0800: 7.305: [class unloading, 0.0002016 secs]2024-07-27T17:22:33.270+0800: 7.306: [scrub symbol table, 0.0003485 secs]2024-07-27T17:22:33.270+0800: 7.306: [scrub string table, 0.0001043 secs][1 CMS-remark: 327312K(480128K)] 338944K(558784K), 0.0015502 secs] [Times: user=0.00 sys=0.00, real=0.00 secs] 
2024-07-27T17:22:33.271+0800: 7.306: Total time for which application threads were stopped: 0.0016823 seconds, Stopping threads took: 0.0000950 seconds
2024-07-27T17:22:33.271+0800: 7.306: [CMS-concurrent-sweep-start]
2024-07-27T17:22:33.272+0800: 7.307: [CMS-concurrent-sweep: 0.001/0.001 secs] [Times: user=0.00 sys=0.00, real=0.00 secs] 
2024-07-27T17:22:33.272+0800: 7.307: [CMS-concurrent-reset-start]
2024-07-27T17:22:33.274+0800: 7.309: [CMS-concurrent-reset: 0.002/0.002 secs] [Times: user=0.00 sys=0.00, real=0.00 secs] 
2024-07-27T17:22:33.276+0800: 7.311: Application time: 0.0053829 seconds
2024-07-27T17:22:33.276+0800: 7.311: [GC (Allocation Failure) 2024-07-27T17:22:33.276+0800: 7.311: [ParNew: 77168K->8192K(78656K), 0.0120772 secs] 250879K->250511K(558784K), 0.0121295 secs] [Times: user=0.03 sys=0.00, real=0.01 secs] 
2024-07-27T17:22:33.288+0800: 7.324: Total time for which application threads were stopped: 0.0122250 seconds, Stopping threads took: 0.0000144 seconds
2024-07-27T17:22:33.288+0800: 7.324: Application time: 0.0002621 seconds
2024-07-27T17:22:33.288+0800: 7.324: [GC (CMS Initial Mark) [1 CMS-initial-mark: 242319K(480128K)] 253951K(558784K), 0.0008179 secs] [Times: user=0.00 sys=0.00, real=0.00 secs] 
2024-07-27T17:22:33.289+0800: 7.325: Total time for which application threads were stopped: 0.0010219 seconds, Stopping threads took: 0.0001619 seconds
2024-07-27T17:22:33.289+0800: 7.325: [CMS-concurrent-mark-start]
2024-07-27T17:22:33.290+0800: 7.326: [CMS-concurrent-mark: 0.001/0.001 secs] [Times: user=0.00 sys=0.00, real=0.00 secs] 
2024-07-27T17:22:33.290+0800: 7.326: [CMS-concurrent-preclean-start]
2024-07-27T17:22:33.291+0800: 7.327: [CMS-concurrent-preclean: 0.001/0.001 secs] [Times: user=0.00 sys=0.00, real=0.00 secs] 
2024-07-27T17:22:33.291+0800: 7.327: [CMS-concurrent-abortable-preclean-start]
2024-07-27T17:22:33.406+0800: 7.442: Application time: 0.1166292 seconds
2024-07-27T17:22:33.406+0800: 7.442: [GC (Allocation Failure) 2024-07-27T17:22:33.406+0800: 7.442: [ParNew: 77168K->8192K(78656K), 0.0118614 secs] 319488K->319120K(558784K), 0.0119195 secs] [Times: user=0.03 sys=0.00, real=0.01 secs] 
2024-07-27T17:22:33.418+0800: 7.454: Total time for which application threads were stopped: 0.0120342 seconds, Stopping threads took: 0.0000192 seconds
2024-07-27T17:22:33.528+0800: 7.564: Application time: 0.1098962 seconds
2024-07-27T17:22:33.528+0800: 7.564: [GC (Allocation Failure) 2024-07-27T17:22:33.528+0800: 7.564: [ParNew: 77168K->8192K(78656K), 0.0050267 secs] 388097K->338577K(558784K), 0.0050849 secs] [Times: user=0.00 sys=0.00, real=0.00 secs] 
2024-07-27T17:22:33.533+0800: 7.569: Total time for which application threads were stopped: 0.0051888 seconds, Stopping threads took: 0.0000187 seconds
2024-07-27T17:22:33.533+0800: 7.569: [CMS-concurrent-abortable-preclean: 0.006/0.242 secs] [Times: user=0.03 sys=0.00, real=0.24 secs] 
2024-07-27T17:22:33.533+0800: 7.569: Application time: 0.0003108 seconds
2024-07-27T17:22:33.533+0800: 7.569: [GC (CMS Final Remark) [YG occupancy: 12655 K (78656 K)]2024-07-27T17:22:33.533+0800: 7.569: [Rescan (parallel) , 0.0009855 secs]2024-07-27T17:22:33.534+0800: 7.570: [weak refs processing, 0.0000126 secs]2024-07-27T17:22:33.534+0800: 7.570: [class unloading, 0.0001857 secs]2024-07-27T17:22:33.534+0800: 7.570: [scrub symbol table, 0.0003434 secs]2024-07-27T17:22:33.535+0800: 7.571: [scrub string table, 0.0001003 secs][1 CMS-remark: 330384K(480128K)] 343040K(558784K), 0.0016908 secs] [Times: user=0.00 sys=0.00, real=0.00 secs] 
2024-07-27T17:22:33.535+0800: 7.571: Total time for which application threads were stopped: 0.0018913 seconds, Stopping threads took: 0.0001593 seconds
2024-07-27T17:22:33.535+0800: 7.571: [CMS-concurrent-sweep-start]
2024-07-27T17:22:33.537+0800: 7.573: [CMS-concurrent-sweep: 0.002/0.002 secs] [Times: user=0.03 sys=0.00, real=0.00 secs] 
2024-07-27T17:22:33.537+0800: 7.573: [CMS-concurrent-reset-start]
2024-07-27T17:22:33.539+0800: 7.575: [CMS-concurrent-reset: 0.002/0.002 secs] [Times: user=0.00 sys=0.00, real=0.00 secs] 
2024-07-27T17:22:33.540+0800: 7.576: Application time: 0.0051517 seconds
2024-07-27T17:22:33.540+0800: 7.576: [GC (Allocation Failure) 2024-07-27T17:22:33.540+0800: 7.576: [ParNew: 77168K->8192K(78656K), 0.0122038 secs] 252927K->252559K(558784K), 0.0122659 secs] [Times: user=0.03 sys=0.00, real=0.01 secs] 
2024-07-27T17:22:33.553+0800: 7.588: Total time for which application threads were stopped: 0.0123724 seconds, Stopping threads took: 0.0000125 seconds
2024-07-27T17:22:33.553+0800: 7.589: Application time: 0.0002197 seconds
2024-07-27T17:22:33.553+0800: 7.589: [GC (CMS Initial Mark) [1 CMS-initial-mark: 244367K(480128K)] 255999K(558784K), 0.0007786 secs] [Times: user=0.00 sys=0.00, real=0.00 secs] 
2024-07-27T17:22:33.554+0800: 7.590: Total time for which application threads were stopped: 0.0009954 seconds, Stopping threads took: 0.0001719 seconds
2024-07-27T17:22:33.554+0800: 7.590: [CMS-concurrent-mark-start]
2024-07-27T17:22:33.555+0800: 7.591: [CMS-concurrent-mark: 0.001/0.001 secs] [Times: user=0.00 sys=0.00, real=0.00 secs] 
2024-07-27T17:22:33.555+0800: 7.591: [CMS-concurrent-preclean-start]
2024-07-27T17:22:33.555+0800: 7.591: [CMS-concurrent-preclean: 0.001/0.001 secs] [Times: user=0.00 sys=0.00, real=0.00 secs] 
2024-07-27T17:22:33.555+0800: 7.591: [CMS-concurrent-abortable-preclean-start]
2024-07-27T17:22:33.671+0800: 7.707: Application time: 0.1172419 seconds
2024-07-27T17:22:33.671+0800: 7.707: [GC (Allocation Failure) 2024-07-27T17:22:33.671+0800: 7.707: [ParNew: 77168K->8192K(78656K), 0.0124277 secs] 321536K->321168K(558784K), 0.0124937 secs] [Times: user=0.03 sys=0.00, real=0.01 secs] 
2024-07-27T17:22:33.684+0800: 7.719: Total time for which application threads were stopped: 0.0126034 seconds, Stopping threads took: 0.0000194 seconds
2024-07-27T17:22:33.795+0800: 7.830: Application time: 0.1109786 seconds
2024-07-27T17:22:33.795+0800: 7.831: [GC (Allocation Failure) 2024-07-27T17:22:33.795+0800: 7.831: [ParNew: 77168K->8192K(78656K), 0.0055038 secs] 390145K->341649K(558784K), 0.0055800 secs] [Times: user=0.00 sys=0.00, real=0.00 secs] 
2024-07-27T17:22:33.800+0800: 7.836: Total time for which application threads were stopped: 0.0056987 seconds, Stopping threads took: 0.0000223 seconds
2024-07-27T17:22:33.800+0800: 7.836: [CMS-concurrent-abortable-preclean: 0.006/0.245 secs] [Times: user=0.03 sys=0.00, real=0.24 secs] 
2024-07-27T17:22:33.801+0800: 7.837: Application time: 0.0003927 seconds
2024-07-27T17:22:33.801+0800: 7.837: [GC (CMS Final Remark) [YG occupancy: 13679 K (78656 K)]2024-07-27T17:22:33.801+0800: 7.837: [Rescan (parallel) , 0.0008376 secs]2024-07-27T17:22:33.802+0800: 7.838: [weak refs processing, 0.0000130 secs]2024-07-27T17:22:33.802+0800: 7.838: [class unloading, 0.0001748 secs]2024-07-27T17:22:33.802+0800: 7.838: [scrub symbol table, 0.0003481 secs]2024-07-27T17:22:33.802+0800: 7.838: [scrub string table, 0.0001118 secs][1 CMS-remark: 333456K(480128K)] 347136K(558784K), 0.0015477 secs] [Times: user=0.00 sys=0.00, real=0.00 secs] 
2024-07-27T17:22:33.802+0800: 7.838: Total time for which application threads were stopped: 0.0017389 seconds, Stopping threads took: 0.0001520 seconds
2024-07-27T17:22:33.803+0800: 7.839: [CMS-concurrent-sweep-start]
2024-07-27T17:22:33.804+0800: 7.840: [CMS-concurrent-sweep: 0.001/0.001 secs] [Times: user=0.00 sys=0.00, real=0.00 secs] 
2024-07-27T17:22:33.804+0800: 7.840: [CMS-concurrent-reset-start]
2024-07-27T17:22:33.806+0800: 7.842: [CMS-concurrent-reset: 0.002/0.002 secs] [Times: user=0.00 sys=0.00, real=0.00 secs] 
2024-07-27T17:22:33.808+0800: 7.844: Application time: 0.0052031 seconds
2024-07-27T17:22:33.808+0800: 7.844: [GC (Allocation Failure) 2024-07-27T17:22:33.808+0800: 7.844: [ParNew: 77168K->8192K(78656K), 0.0122612 secs] 254975K->254607K(558784K), 0.0123100 secs] [Times: user=0.03 sys=0.00, real=0.01 secs] 
2024-07-27T17:22:33.820+0800: 7.856: Total time for which application threads were stopped: 0.0124046 seconds, Stopping threads took: 0.0000128 seconds
2024-07-27T17:22:33.820+0800: 7.856: Application time: 0.0002394 seconds
2024-07-27T17:22:33.821+0800: 7.856: [GC (CMS Initial Mark) [1 CMS-initial-mark: 246415K(480128K)] 258047K(558784K), 0.0007330 secs] [Times: user=0.00 sys=0.00, real=0.00 secs] 
2024-07-27T17:22:33.821+0800: 7.857: Total time for which application threads were stopped: 0.0009002 seconds, Stopping threads took: 0.0001233 seconds
2024-07-27T17:22:33.821+0800: 7.857: [CMS-concurrent-mark-start]
2024-07-27T17:22:33.822+0800: 7.858: [CMS-concurrent-mark: 0.001/0.001 secs] [Times: user=0.00 sys=0.00, real=0.00 secs] 
2024-07-27T17:22:33.822+0800: 7.858: [CMS-concurrent-preclean-start]
2024-07-27T17:22:33.823+0800: 7.859: [CMS-concurrent-preclean: 0.001/0.001 secs] [Times: user=0.00 sys=0.00, real=0.00 secs] 
2024-07-27T17:22:33.823+0800: 7.859: [CMS-concurrent-abortable-preclean-start]
2024-07-27T17:22:33.939+0800: 7.975: Application time: 0.1181443 seconds
2024-07-27T17:22:33.939+0800: 7.975: [GC (Allocation Failure) 2024-07-27T17:22:33.939+0800: 7.975: [ParNew: 77168K->8192K(78656K), 0.0121468 secs] 323584K->323216K(558784K), 0.0122057 secs] [Times: user=0.03 sys=0.00, real=0.01 secs] 
2024-07-27T17:22:33.951+0800: 7.988: Total time for which application threads were stopped: 0.0123159 seconds, Stopping threads took: 0.0000185 seconds
2024-07-27T17:22:34.062+0800: 8.098: Application time: 0.1106647 seconds
2024-07-27T17:22:34.062+0800: 8.098: [GC (Allocation Failure) 2024-07-27T17:22:34.062+0800: 8.098: [ParNew: 77168K->8192K(78656K), 0.0055111 secs] 392193K->344721K(558784K), 0.0055701 secs] [Times: user=0.03 sys=0.00, real=0.01 secs] 
2024-07-27T17:22:34.068+0800: 8.104: Total time for which application threads were stopped: 0.0056779 seconds, Stopping threads took: 0.0000199 seconds
2024-07-27T17:22:34.068+0800: 8.104: [CMS-concurrent-abortable-preclean: 0.006/0.245 secs] [Times: user=0.06 sys=0.00, real=0.25 secs] 
2024-07-27T17:22:34.068+0800: 8.104: Application time: 0.0002948 seconds
2024-07-27T17:22:34.068+0800: 8.104: [GC (CMS Final Remark) [YG occupancy: 12655 K (78656 K)]2024-07-27T17:22:34.068+0800: 8.104: [Rescan (parallel) , 0.0011101 secs]2024-07-27T17:22:34.069+0800: 8.105: [weak refs processing, 0.0000131 secs]2024-07-27T17:22:34.069+0800: 8.105: [class unloading, 0.0001968 secs]2024-07-27T17:22:34.070+0800: 8.106: [scrub symbol table, 0.0003456 secs]2024-07-27T17:22:34.070+0800: 8.106: [scrub string table, 0.0001002 secs][1 CMS-remark: 336528K(480128K)] 349184K(558784K), 0.0018320 secs] [Times: user=0.00 sys=0.00, real=0.00 secs] 
2024-07-27T17:22:34.070+0800: 8.106: Total time for which application threads were stopped: 0.0019519 seconds, Stopping threads took: 0.0000835 seconds
2024-07-27T17:22:34.070+0800: 8.106: [CMS-concurrent-sweep-start]
2024-07-27T17:22:34.072+0800: 8.108: [CMS-concurrent-sweep: 0.001/0.001 secs] [Times: user=0.00 sys=0.00, real=0.00 secs] 
2024-07-27T17:22:34.072+0800: 8.108: [CMS-concurrent-reset-start]
2024-07-27T17:22:34.074+0800: 8.110: [CMS-concurrent-reset: 0.002/0.002 secs] [Times: user=0.00 sys=0.00, real=0.00 secs] 
2024-07-27T17:22:34.075+0800: 8.111: Application time: 0.0052259 seconds
2024-07-27T17:22:34.075+0800: 8.111: [GC (Allocation Failure) 2024-07-27T17:22:34.075+0800: 8.111: [ParNew: 77168K->8192K(78656K), 0.0123539 secs] 257023K->256655K(558784K), 0.0124023 secs] [Times: user=0.03 sys=0.00, real=0.01 secs] 
2024-07-27T17:22:34.088+0800: 8.124: Total time for which application threads were stopped: 0.0124960 seconds, Stopping threads took: 0.0000131 seconds
2024-07-27T17:22:34.088+0800: 8.124: Application time: 0.0002294 seconds
2024-07-27T17:22:34.088+0800: 8.124: [GC (CMS Initial Mark) [1 CMS-initial-mark: 248463K(480128K)] 260095K(558784K), 0.0007361 secs] [Times: user=0.00 sys=0.00, real=0.00 secs] 
2024-07-27T17:22:34.089+0800: 8.125: Total time for which application threads were stopped: 0.0008645 seconds, Stopping threads took: 0.0000878 seconds
2024-07-27T17:22:34.089+0800: 8.125: [CMS-concurrent-mark-start]
2024-07-27T17:22:34.090+0800: 8.126: [CMS-concurrent-mark: 0.001/0.001 secs] [Times: user=0.00 sys=0.00, real=0.00 secs] 
2024-07-27T17:22:34.090+0800: 8.126: [CMS-concurrent-preclean-start]
2024-07-27T17:22:34.091+0800: 8.127: [CMS-concurrent-preclean: 0.001/0.001 secs] [Times: user=0.00 sys=0.00, real=0.00 secs] 
2024-07-27T17:22:34.091+0800: 8.127: [CMS-concurrent-abortable-preclean-start]
2024-07-27T17:22:34.207+0800: 8.243: Application time: 0.1177390 seconds
2024-07-27T17:22:34.207+0800: 8.243: [GC (Allocation Failure) 2024-07-27T17:22:34.207+0800: 8.243: [ParNew: 77168K->8192K(78656K), 0.0121131 secs] 325632K->325264K(558784K), 0.0121877 secs] [Times: user=0.03 sys=0.00, real=0.01 secs] 
2024-07-27T17:22:34.219+0800: 8.255: Total time for which application threads were stopped: 0.0123059 seconds, Stopping threads took: 0.0000189 seconds
2024-07-27T17:22:34.330+0800: 8.366: Application time: 0.1107750 seconds
2024-07-27T17:22:34.330+0800: 8.366: [GC (Allocation Failure) 2024-07-27T17:22:34.330+0800: 8.366: [ParNew: 77168K->8192K(78656K), 0.0055184 secs] 394241K->347793K(558784K), 0.0055872 secs] [Times: user=0.03 sys=0.00, real=0.01 secs] 
2024-07-27T17:22:34.336+0800: 8.371: Total time for which application threads were stopped: 0.0056947 seconds, Stopping threads took: 0.0000198 seconds
2024-07-27T17:22:34.336+0800: 8.372: [CMS-concurrent-abortable-preclean: 0.006/0.245 secs] [Times: user=0.06 sys=0.00, real=0.24 secs] 
2024-07-27T17:22:34.336+0800: 8.372: Application time: 0.0002847 seconds
2024-07-27T17:22:34.336+0800: 8.372: [GC (CMS Final Remark) [YG occupancy: 12655 K (78656 K)]2024-07-27T17:22:34.336+0800: 8.372: [Rescan (parallel) , 0.0006804 secs]2024-07-27T17:22:34.337+0800: 8.373: [weak refs processing, 0.0000127 secs]2024-07-27T17:22:34.337+0800: 8.373: [class unloading, 0.0001772 secs]2024-07-27T17:22:34.337+0800: 8.373: [scrub symbol table, 0.0003483 secs]2024-07-27T17:22:34.338+0800: 8.373: [scrub string table, 0.0001133 secs][1 CMS-remark: 339601K(480128K)] 352256K(558784K), 0.0013943 secs] [Times: user=0.00 sys=0.00, real=0.00 secs] 
2024-07-27T17:22:34.338+0800: 8.373: Total time for which application threads were stopped: 0.0015091 seconds, Stopping threads took: 0.0000803 seconds
2024-07-27T17:22:34.338+0800: 8.374: [CMS-concurrent-sweep-start]
2024-07-27T17:22:34.340+0800: 8.375: [CMS-concurrent-sweep: 0.002/0.002 secs] [Times: user=0.00 sys=0.00, real=0.00 secs] 
2024-07-27T17:22:34.340+0800: 8.375: [CMS-concurrent-reset-start]
2024-07-27T17:22:34.342+0800: 8.377: [CMS-concurrent-reset: 0.002/0.002 secs] [Times: user=0.00 sys=0.00, real=0.00 secs] 
2024-07-27T17:22:34.343+0800: 8.378: Application time: 0.0051671 seconds
2024-07-27T17:22:34.343+0800: 8.379: [GC (Allocation Failure) 2024-07-27T17:22:34.343+0800: 8.379: [ParNew: 77168K->8192K(78656K), 0.0122217 secs] 259071K->258703K(558784K), 0.0122694 secs] [Times: user=0.03 sys=0.00, real=0.01 secs] 
2024-07-27T17:22:34.355+0800: 8.391: Total time for which application threads were stopped: 0.0123670 seconds, Stopping threads took: 0.0000121 seconds
2024-07-27T17:22:34.356+0800: 8.391: Application time: 0.0002419 seconds
2024-07-27T17:22:34.356+0800: 8.391: [GC (CMS Initial Mark) [1 CMS-initial-mark: 250511K(480128K)] 262143K(558784K), 0.0007302 secs] [Times: user=0.00 sys=0.00, real=0.00 secs] 
2024-07-27T17:22:34.356+0800: 8.392: Total time for which application threads were stopped: 0.0008909 seconds, Stopping threads took: 0.0001193 seconds
2024-07-27T17:22:34.357+0800: 8.392: [CMS-concurrent-mark-start]
2024-07-27T17:22:34.358+0800: 8.393: [CMS-concurrent-mark: 0.001/0.001 secs] [Times: user=0.00 sys=0.00, real=0.00 secs] 
2024-07-27T17:22:34.358+0800: 8.393: [CMS-concurrent-preclean-start]
2024-07-27T17:22:34.358+0800: 8.394: [CMS-concurrent-preclean: 0.001/0.001 secs] [Times: user=0.00 sys=0.00, real=0.00 secs] 
2024-07-27T17:22:34.358+0800: 8.394: [CMS-concurrent-abortable-preclean-start]
2024-07-27T17:22:34.475+0800: 8.511: Application time: 0.1189582 seconds
2024-07-27T17:22:34.475+0800: 8.511: [GC (Allocation Failure) 2024-07-27T17:22:34.475+0800: 8.511: [ParNew: 77168K->8192K(78656K), 0.0119115 secs] 327680K->327312K(558784K), 0.0119705 secs] [Times: user=0.00 sys=0.00, real=0.01 secs] 
2024-07-27T17:22:34.488+0800: 8.523: Total time for which application threads were stopped: 0.0120928 seconds, Stopping threads took: 0.0000195 seconds
2024-07-27T17:22:34.598+0800: 8.634: Application time: 0.1111894 seconds
2024-07-27T17:22:34.598+0800: 8.634: [GC (Allocation Failure) 2024-07-27T17:22:34.598+0800: 8.634: [ParNew: 77543K->8194K(78656K), 0.0053372 secs] 396664K->349843K(558784K), 0.0053950 secs] [Times: user=0.00 sys=0.00, real=0.01 secs] 
2024-07-27T17:22:34.604+0800: 8.640: Total time for which application threads were stopped: 0.0055002 seconds, Stopping threads took: 0.0000173 seconds
2024-07-27T17:22:34.604+0800: 8.640: [CMS-concurrent-abortable-preclean: 0.006/0.246 secs] [Times: user=0.06 sys=0.00, real=0.25 secs] 
2024-07-27T17:22:34.604+0800: 8.640: Application time: 0.0002977 seconds
2024-07-27T17:22:34.604+0800: 8.640: [GC (CMS Final Remark) [YG occupancy: 12647 K (78656 K)]2024-07-27T17:22:34.604+0800: 8.640: [Rescan (parallel) , 0.0010616 secs]2024-07-27T17:22:34.605+0800: 8.641: [weak refs processing, 0.0000132 secs]2024-07-27T17:22:34.605+0800: 8.641: [class unloading, 0.0001922 secs]2024-07-27T17:22:34.606+0800: 8.641: [scrub symbol table, 0.0003653 secs]2024-07-27T17:22:34.606+0800: 8.642: [scrub string table, 0.0001167 secs][1 CMS-remark: 341649K(480128K)] 354296K(558784K), 0.0018140 secs] [Times: user=0.00 sys=0.00, real=0.00 secs] 
2024-07-27T17:22:34.606+0800: 8.642: Total time for which application threads were stopped: 0.0019825 seconds, Stopping threads took: 0.0001324 seconds
2024-07-27T17:22:34.606+0800: 8.642: [CMS-concurrent-sweep-start]
2024-07-27T17:22:34.608+0800: 8.644: [CMS-concurrent-sweep: 0.001/0.001 secs] [Times: user=0.00 sys=0.00, real=0.00 secs] 
2024-07-27T17:22:34.608+0800: 8.644: [CMS-concurrent-reset-start]
2024-07-27T17:22:34.610+0800: 8.646: [CMS-concurrent-reset: 0.002/0.002 secs] [Times: user=0.00 sys=0.00, real=0.00 secs] 
2024-07-27T17:22:34.611+0800: 8.647: Application time: 0.0051732 seconds
2024-07-27T17:22:34.611+0800: 8.647: [GC (Allocation Failure) 2024-07-27T17:22:34.611+0800: 8.647: [ParNew: 77160K->8192K(78656K), 0.0122951 secs] 260087K->259727K(558784K), 0.0123470 secs] [Times: user=0.03 sys=0.00, real=0.01 secs] 
2024-07-27T17:22:34.624+0800: 8.660: Total time for which application threads were stopped: 0.0124435 seconds, Stopping threads took: 0.0000160 seconds
2024-07-27T17:22:34.624+0800: 8.660: Application time: 0.0002511 seconds
2024-07-27T17:22:34.624+0800: 8.660: [GC (CMS Initial Mark) [1 CMS-initial-mark: 251535K(480128K)] 263161K(558784K), 0.0007192 secs] [Times: user=0.00 sys=0.00, real=0.00 secs] 
2024-07-27T17:22:34.625+0800: 8.661: Total time for which application threads were stopped: 0.0008790 seconds, Stopping threads took: 0.0001149 seconds
2024-07-27T17:22:34.625+0800: 8.661: [CMS-concurrent-mark-start]
2024-07-27T17:22:34.626+0800: 8.662: [CMS-concurrent-mark: 0.001/0.001 secs] [Times: user=0.00 sys=0.00, real=0.00 secs] 
2024-07-27T17:22:34.626+0800: 8.662: [CMS-concurrent-preclean-start]
2024-07-27T17:22:34.627+0800: 8.662: [CMS-concurrent-preclean: 0.001/0.001 secs] [Times: user=0.00 sys=0.00, real=0.00 secs] 
2024-07-27T17:22:34.627+0800: 8.662: [CMS-concurrent-abortable-preclean-start]
2024-07-27T17:22:34.742+0800: 8.779: Application time: 0.1179070 seconds
2024-07-27T17:22:34.742+0800: 8.779: [GC (Allocation Failure) 2024-07-27T17:22:34.742+0800: 8.779: [ParNew: 77162K->8192K(78656K), 0.0121129 secs] 328698K->328336K(558784K), 0.0121721 secs] [Times: user=0.03 sys=0.00, real=0.01 secs] 
2024-07-27T17:22:34.756+0800: 8.791: Total time for which application threads were stopped: 0.0122829 seconds, Stopping threads took: 0.0000194 seconds
2024-07-27T17:22:34.868+0800: 8.903: Application time: 0.1121850 seconds
2024-07-27T17:22:34.868+0800: 8.903: [GC (Allocation Failure) 2024-07-27T17:22:34.868+0800: 8.903: [ParNew: 77164K->8192K(78656K), 0.0055204 secs] 397309K->351889K(558784K), 0.0055803 secs] [Times: user=0.00 sys=0.00, real=0.00 secs] 
2024-07-27T17:22:34.873+0800: 8.909: Total time for which application threads were stopped: 0.0056902 seconds, Stopping threads took: 0.0000178 seconds
2024-07-27T17:22:34.873+0800: 8.909: [CMS-concurrent-abortable-preclean: 0.006/0.246 secs] [Times: user=0.05 sys=0.00, real=0.25 secs] 
2024-07-27T17:22:34.873+0800: 8.909: Application time: 0.0003422 seconds
2024-07-27T17:22:34.873+0800: 8.909: [GC (CMS Final Remark) [YG occupancy: 13677 K (78656 K)]2024-07-27T17:22:34.873+0800: 8.909: [Rescan (parallel) , 0.0010377 secs]2024-07-27T17:22:34.874+0800: 8.910: [weak refs processing, 0.0000130 secs]2024-07-27T17:22:34.874+0800: 8.910: [class unloading, 0.0001847 secs]2024-07-27T17:22:34.874+0800: 8.911: [scrub symbol table, 0.0003167 secs]2024-07-27T17:22:34.876+0800: 8.911: [scrub string table, 0.0000934 secs][1 CMS-remark: 343697K(480128K)] 357374K(558784K), 0.0017091 secs] [Times: user=0.00 sys=0.00, real=0.00 secs] 
2024-07-27T17:22:34.876+0800: 8.911: Total time for which application threads were stopped: 0.0019001 seconds, Stopping threads took: 0.0001542 seconds
2024-07-27T17:22:34.876+0800: 8.911: [CMS-concurrent-sweep-start]
2024-07-27T17:22:34.877+0800: 8.912: [CMS-concurrent-sweep: 0.001/0.001 secs] [Times: user=0.00 sys=0.00, real=0.00 secs] 
2024-07-27T17:22:34.877+0800: 8.912: [CMS-concurrent-reset-start]
2024-07-27T17:22:34.879+0800: 8.914: [CMS-concurrent-reset: 0.002/0.002 secs] [Times: user=0.00 sys=0.00, real=0.00 secs] 
2024-07-27T17:22:34.881+0800: 8.916: Application time: 0.0051303 seconds
2024-07-27T17:22:34.881+0800: 8.916: [GC (Allocation Failure) 2024-07-27T17:22:34.881+0800: 8.916: [ParNew: 77166K->8192K(78656K), 0.0119738 secs] 261116K->260751K(558784K), 0.0120218 secs] [Times: user=0.00 sys=0.00, real=0.01 secs] 
2024-07-27T17:22:34.892+0800: 8.928: Total time for which application threads were stopped: 0.0121192 seconds, Stopping threads took: 0.0000139 seconds
2024-07-27T17:22:34.892+0800: 8.929: Application time: 0.0001833 seconds
2024-07-27T17:22:34.892+0800: 8.929: [GC (CMS Initial Mark) [1 CMS-initial-mark: 252559K(480128K)] 264189K(558784K), 0.0007497 secs] [Times: user=0.00 sys=0.00, real=0.00 secs] 
2024-07-27T17:22:34.893+0800: 8.929: Total time for which application threads were stopped: 0.0009461 seconds, Stopping threads took: 0.0001521 seconds
2024-07-27T17:22:34.893+0800: 8.930: [CMS-concurrent-mark-start]
2024-07-27T17:22:34.894+0800: 8.930: [CMS-concurrent-mark: 0.001/0.001 secs] [Times: user=0.00 sys=0.00, real=0.00 secs] 
2024-07-27T17:22:34.894+0800: 8.930: [CMS-concurrent-preclean-start]
2024-07-27T17:22:34.895+0800: 8.931: [CMS-concurrent-preclean: 0.001/0.001 secs] [Times: user=0.01 sys=0.00, real=0.00 secs] 
2024-07-27T17:22:34.895+0800: 8.931: [CMS-concurrent-abortable-preclean-start]
2024-07-27T17:22:35.011+0800: 9.047: Application time: 0.1173261 seconds
2024-07-27T17:22:35.011+0800: 9.047: [GC (Allocation Failure) 2024-07-27T17:22:35.011+0800: 9.047: [ParNew: 77167K->8192K(78656K), 0.0122739 secs] 329726K->329360K(558784K), 0.0123410 secs] [Times: user=0.03 sys=0.00, real=0.01 secs] 
2024-07-27T17:22:35.023+0800: 9.059: Total time for which application threads were stopped: 0.0124519 seconds, Stopping threads took: 0.0000231 seconds
2024-07-27T17:22:35.135+0800: 9.171: Application time: 0.1120274 seconds
2024-07-27T17:22:35.135+0800: 9.171: [GC (Allocation Failure) 2024-07-27T17:22:35.135+0800: 9.171: [ParNew: 77167K->8192K(78656K), 0.0057214 secs] 398336K->353937K(558784K), 0.0057939 secs] [Times: user=0.00 sys=0.00, real=0.01 secs] 
2024-07-27T17:22:35.141+0800: 9.177: Total time for which application threads were stopped: 0.0059003 seconds, Stopping threads took: 0.0000186 seconds
2024-07-27T17:22:35.141+0800: 9.177: [CMS-concurrent-abortable-preclean: 0.006/0.246 secs] [Times: user=0.03 sys=0.00, real=0.25 secs] 
2024-07-27T17:22:35.142+0800: 9.177: Application time: 0.0002996 seconds
2024-07-27T17:22:35.142+0800: 9.178: [GC (CMS Final Remark) [YG occupancy: 12655 K (78656 K)]2024-07-27T17:22:35.142+0800: 9.178: [Rescan (parallel) , 0.0009591 secs]2024-07-27T17:22:35.143+0800: 9.179: [weak refs processing, 0.0000131 secs]2024-07-27T17:22:35.143+0800: 9.179: [class unloading, 0.0001833 secs]2024-07-27T17:22:35.143+0800: 9.179: [scrub symbol table, 0.0003459 secs]2024-07-27T17:22:35.143+0800: 9.179: [scrub string table, 0.0001001 secs][1 CMS-remark: 345745K(480128K)] 358400K(558784K), 0.0016642 secs] [Times: user=0.00 sys=0.00, real=0.00 secs] 
2024-07-27T17:22:35.143+0800: 9.179: Total time for which application threads were stopped: 0.0017694 seconds, Stopping threads took: 0.0000706 seconds
2024-07-27T17:22:35.144+0800: 9.180: [CMS-concurrent-sweep-start]
2024-07-27T17:22:35.145+0800: 9.181: [CMS-concurrent-sweep: 0.001/0.001 secs] [Times: user=0.03 sys=0.00, real=0.00 secs] 
2024-07-27T17:22:35.145+0800: 9.181: [CMS-concurrent-reset-start]
2024-07-27T17:22:35.147+0800: 9.183: [CMS-concurrent-reset: 0.002/0.002 secs] [Times: user=0.00 sys=0.00, real=0.00 secs] 
2024-07-27T17:22:35.149+0800: 9.184: Application time: 0.0052164 seconds
2024-07-27T17:22:35.149+0800: 9.185: [GC (Allocation Failure) 2024-07-27T17:22:35.149+0800: 9.185: [ParNew: 77168K->8192K(78656K), 0.0118463 secs] 263166K->262799K(558784K), 0.0118950 secs] [Times: user=0.00 sys=0.00, real=0.01 secs] 
2024-07-27T17:22:35.160+0800: 9.196: Total time for which application threads were stopped: 0.0119905 seconds, Stopping threads took: 0.0000151 seconds
2024-07-27T17:22:35.160+0800: 9.197: Application time: 0.0002142 seconds
2024-07-27T17:22:35.160+0800: 9.197: [GC (CMS Initial Mark) [1 CMS-initial-mark: 254607K(480128K)] 265215K(558784K), 0.0007285 secs] [Times: user=0.00 sys=0.00, real=0.00 secs] 
2024-07-27T17:22:35.161+0800: 9.197: Total time for which application threads were stopped: 0.0007888 seconds, Stopping threads took: 0.0000206 seconds
2024-07-27T17:22:35.161+0800: 9.198: [CMS-concurrent-mark-start]
2024-07-27T17:22:35.162+0800: 9.199: [CMS-concurrent-mark: 0.001/0.001 secs] [Times: user=0.00 sys=0.00, real=0.00 secs] 
2024-07-27T17:22:35.162+0800: 9.199: [CMS-concurrent-preclean-start]
2024-07-27T17:22:35.163+0800: 9.199: [CMS-concurrent-preclean: 0.001/0.001 secs] [Times: user=0.00 sys=0.00, real=0.00 secs] 
2024-07-27T17:22:35.163+0800: 9.199: [CMS-concurrent-abortable-preclean-start]
2024-07-27T17:22:35.277+0800: 9.313: Application time: 0.1154865 seconds
2024-07-27T17:22:35.277+0800: 9.313: [GC (Allocation Failure) 2024-07-27T17:22:35.277+0800: 9.313: [ParNew: 77168K->8192K(78656K), 0.0123317 secs] 331776K->331408K(558784K), 0.0123924 secs] [Times: user=0.03 sys=0.00, real=0.01 secs] 
2024-07-27T17:22:35.289+0800: 9.325: Total time for which application threads were stopped: 0.0124982 seconds, Stopping threads took: 0.0000172 seconds
2024-07-27T17:22:35.401+0800: 9.437: Application time: 0.1117369 seconds
2024-07-27T17:22:35.402+0800: 9.437: [GC (Allocation Failure) 2024-07-27T17:22:35.402+0800: 9.437: [ParNew: 77171K->8192K(78656K), 0.0058311 secs] 400387K->357009K(558784K), 0.0058887 secs] [Times: user=0.00 sys=0.00, real=0.01 secs] 
2024-07-27T17:22:35.407+0800: 9.443: Total time for which application threads were stopped: 0.0060009 seconds, Stopping threads took: 0.0000227 seconds
2024-07-27T17:22:35.407+0800: 9.443: [CMS-concurrent-abortable-preclean: 0.006/0.244 secs] [Times: user=0.03 sys=0.00, real=0.24 secs] 
2024-07-27T17:22:35.408+0800: 9.444: Application time: 0.0003000 seconds
2024-07-27T17:22:35.408+0800: 9.444: [GC (CMS Final Remark) [YG occupancy: 12649 K (78656 K)]2024-07-27T17:22:35.408+0800: 9.444: [Rescan (parallel) , 0.0009189 secs]2024-07-27T17:22:35.409+0800: 9.445: [weak refs processing, 0.0000165 secs]2024-07-27T17:22:35.409+0800: 9.445: [class unloading, 0.0001870 secs]2024-07-27T17:22:35.409+0800: 9.445: [scrub symbol table, 0.0003460 secs]2024-07-27T17:22:35.409+0800: 9.445: [scrub string table, 0.0000987 secs][1 CMS-remark: 348817K(480128K)] 361467K(558784K), 0.0016300 secs] [Times: user=0.00 sys=0.00, real=0.00 secs] 
2024-07-27T17:22:35.409+0800: 9.445: Total time for which application threads were stopped: 0.0018202 seconds, Stopping threads took: 0.0001542 seconds
2024-07-27T17:22:35.410+0800: 9.446: [CMS-concurrent-sweep-start]
2024-07-27T17:22:35.411+0800: 9.447: [CMS-concurrent-sweep: 0.002/0.002 secs] [Times: user=0.03 sys=0.00, real=0.00 secs] 
2024-07-27T17:22:35.411+0800: 9.447: [CMS-concurrent-reset-start]
2024-07-27T17:22:35.413+0800: 9.449: [CMS-concurrent-reset: 0.002/0.002 secs] [Times: user=0.00 sys=0.00, real=0.00 secs] 
2024-07-27T17:22:35.525+0800: 9.561: Application time: 0.1155812 seconds
2024-07-27T17:22:35.525+0800: 9.561: [GC (Allocation Failure) 2024-07-27T17:22:35.525+0800: 9.561: [ParNew: 77162K->8192K(78656K), 0.0130295 secs] 265209K->264847K(558784K), 0.0130921 secs] [Times: user=0.03 sys=0.00, real=0.01 secs] 
2024-07-27T17:22:35.538+0800: 9.574: Total time for which application threads were stopped: 0.0132055 seconds, Stopping threads took: 0.0000196 seconds
2024-07-27T17:22:35.538+0800: 9.574: Application time: 0.0002277 seconds
2024-07-27T17:22:35.539+0800: 9.574: [GC (CMS Initial Mark) [1 CMS-initial-mark: 256655K(480128K)] 268283K(558784K), 0.0007807 secs] [Times: user=0.00 sys=0.00, real=0.00 secs] 
2024-07-27T17:22:35.539+0800: 9.575: Total time for which application threads were stopped: 0.0009196 seconds, Stopping threads took: 0.0000982 seconds
2024-07-27T17:22:35.539+0800: 9.575: [CMS-concurrent-mark-start]
2024-07-27T17:22:35.543+0800: 9.579: [CMS-concurrent-mark: 0.004/0.004 secs] [Times: user=0.00 sys=0.00, real=0.00 secs] 
2024-07-27T17:22:35.543+0800: 9.579: [CMS-concurrent-preclean-start]
2024-07-27T17:22:35.544+0800: 9.580: [CMS-concurrent-preclean: 0.001/0.001 secs] [Times: user=0.00 sys=0.00, real=0.00 secs] 
2024-07-27T17:22:35.544+0800: 9.580: Application time: 0.0051263 seconds
2024-07-27T17:22:35.545+0800: 9.580: [GC (Allocation Failure) 2024-07-27T17:22:35.545+0800: 9.580: [ParNew: 77165K->8192K(78656K), 0.0118585 secs] 333820K->333457K(558784K), 0.0119068 secs] [Times: user=0.03 sys=0.00, real=0.01 secs] 
2024-07-27T17:22:35.556+0800: 9.592: Total time for which application threads were stopped: 0.0120027 seconds, Stopping threads took: 0.0000122 seconds
2024-07-27T17:22:35.557+0800: 9.593: Application time: 0.0001573 seconds
2024-07-27T17:22:35.557+0800: 9.593: [GC (CMS Final Remark) [YG occupancy: 11629 K (78656 K)]2024-07-27T17:22:35.557+0800: 9.593: [Rescan (parallel) , 0.0006668 secs]2024-07-27T17:22:35.558+0800: 9.593: [weak refs processing, 0.0000133 secs]2024-07-27T17:22:35.558+0800: 9.593: [class unloading, 0.0001944 secs]2024-07-27T17:22:35.558+0800: 9.594: [scrub symbol table, 0.0003114 secs]2024-07-27T17:22:35.558+0800: 9.594: [scrub string table, 0.0000921 secs][1 CMS-remark: 325264K(480128K)] 336894K(558784K), 0.0013455 secs] [Times: user=0.00 sys=0.00, real=0.00 secs] 
2024-07-27T17:22:35.558+0800: 9.594: Total time for which application threads were stopped: 0.0014758 seconds, Stopping threads took: 0.0000942 seconds
2024-07-27T17:22:35.558+0800: 9.594: [CMS-concurrent-sweep-start]
2024-07-27T17:22:35.560+0800: 9.596: [CMS-concurrent-sweep: 0.002/0.002 secs] [Times: user=0.00 sys=0.00, real=0.00 secs] 
2024-07-27T17:22:35.560+0800: 9.596: [CMS-concurrent-reset-start]
2024-07-27T17:22:35.561+0800: 9.597: [CMS-concurrent-reset: 0.001/0.001 secs] [Times: user=0.00 sys=0.00, real=0.00 secs] 
2024-07-27T17:22:35.670+0800: 9.706: Application time: 0.1117901 seconds
2024-07-27T17:22:35.670+0800: 9.706: [GC (Allocation Failure) 2024-07-27T17:22:35.670+0800: 9.706: [ParNew: 77166K->8192K(78656K), 0.0061132 secs] 240636K->198286K(558784K), 0.0061716 secs] [Times: user=0.00 sys=0.00, real=0.01 secs] 
2024-07-27T17:22:35.676+0800: 9.712: Total time for which application threads were stopped: 0.0062793 seconds, Stopping threads took: 0.0000193 seconds
2024-07-27T17:22:35.794+0800: 9.830: Application time: 0.1175432 seconds
2024-07-27T17:22:35.794+0800: 9.830: [GC (Allocation Failure) 2024-07-27T17:22:35.794+0800: 9.830: [ParNew: 77167K->8192K(78656K), 0.0120328 secs] 267262K->266896K(558784K), 0.0120954 secs] [Times: user=0.03 sys=0.00, real=0.01 secs] 
2024-07-27T17:22:35.806+0800: 9.842: Total time for which application threads were stopped: 0.0122082 seconds, Stopping threads took: 0.0000226 seconds
2024-07-27T17:22:35.811+0800: 9.846: Application time: 0.0043361 seconds
2024-07-27T17:22:35.811+0800: 9.846: [GC (Allocation Failure) 2024-07-27T17:22:35.811+0800: 9.846: [ParNew: 77167K->8192K(78656K), 0.0119610 secs] 335871K->335505K(558784K), 0.0120191 secs] [Times: user=0.03 sys=0.00, real=0.01 secs] 
2024-07-27T17:22:35.823+0800: 9.858: Total time for which application threads were stopped: 0.0121191 seconds, Stopping threads took: 0.0000155 seconds
2024-07-27T17:22:35.823+0800: 9.859: Application time: 0.0002548 seconds
2024-07-27T17:22:35.823+0800: 9.859: [GC (CMS Initial Mark) [1 CMS-initial-mark: 327312K(480128K)] 338944K(558784K), 0.0007544 secs] [Times: user=0.00 sys=0.00, real=0.00 secs] 
2024-07-27T17:22:35.824+0800: 9.860: Total time for which application threads were stopped: 0.0009381 seconds, Stopping threads took: 0.0001416 seconds
2024-07-27T17:22:35.824+0800: 9.860: [CMS-concurrent-mark-start]
2024-07-27T17:22:35.827+0800: 9.862: [CMS-concurrent-mark: 0.003/0.003 secs] [Times: user=0.00 sys=0.00, real=0.00 secs] 
2024-07-27T17:22:35.827+0800: 9.862: [CMS-concurrent-preclean-start]
2024-07-27T17:22:35.828+0800: 9.863: [CMS-concurrent-preclean: 0.001/0.001 secs] [Times: user=0.00 sys=0.00, real=0.00 secs] 
2024-07-27T17:22:35.828+0800: 9.863: [CMS-concurrent-abortable-preclean-start]
2024-07-27T17:22:35.937+0800: 9.974: Application time: 0.1139725 seconds
2024-07-27T17:22:35.938+0800: 9.974: [GC (Allocation Failure) 2024-07-27T17:22:35.938+0800: 9.974: [ParNew: 77168K->8192K(78656K), 0.0061146 secs] 404481K->363153K(558784K), 0.0061736 secs] [Times: user=0.03 sys=0.00, real=0.01 secs] 
2024-07-27T17:22:35.944+0800: 9.980: Total time for which application threads were stopped: 0.0062851 seconds, Stopping threads took: 0.0000191 seconds
2024-07-27T17:22:36.062+0800: 10.097: Application time: 0.1176690 seconds
2024-07-27T17:22:36.062+0800: 10.098: [GC (Allocation Failure) 2024-07-27T17:22:36.062+0800: 10.098: [ParNew: 77168K->8192K(78656K), 0.0119667 secs] 432129K->431762K(558784K), 0.0120340 secs] [Times: user=0.03 sys=0.00, real=0.01 secs] 
2024-07-27T17:22:36.074+0800: 10.110: Total time for which application threads were stopped: 0.0121470 seconds, Stopping threads took: 0.0000205 seconds
2024-07-27T17:22:36.074+0800: 10.110: [CMS-concurrent-abortable-preclean: 0.005/0.247 secs] [Times: user=0.06 sys=0.00, real=0.25 secs] 
2024-07-27T17:22:36.074+0800: 10.110: Application time: 0.0002854 seconds
2024-07-27T17:22:36.075+0800: 10.110: [GC (CMS Final Remark) [YG occupancy: 12655 K (78656 K)]2024-07-27T17:22:36.075+0800: 10.110: [Rescan (parallel) , 0.0008155 secs]2024-07-27T17:22:36.075+0800: 10.111: [weak refs processing, 0.0000132 secs]2024-07-27T17:22:36.075+0800: 10.111: [class unloading, 0.0002038 secs]2024-07-27T17:22:36.076+0800: 10.111: [scrub symbol table, 0.0003409 secs]2024-07-27T17:22:36.076+0800: 10.112: [scrub string table, 0.0001007 secs][1 CMS-remark: 423570K(480128K)] 436225K(558784K), 0.0015394 secs] [Times: user=0.00 sys=0.00, real=0.00 secs] 
2024-07-27T17:22:36.076+0800: 10.112: Total time for which application threads were stopped: 0.0017254 seconds, Stopping threads took: 0.0001488 seconds
2024-07-27T17:22:36.076+0800: 10.112: [CMS-concurrent-sweep-start]
2024-07-27T17:22:36.078+0800: 10.113: [CMS-concurrent-sweep: 0.001/0.001 secs] [Times: user=0.00 sys=0.00, real=0.00 secs] 
2024-07-27T17:22:36.078+0800: 10.113: [CMS-concurrent-reset-start]
2024-07-27T17:22:36.080+0800: 10.115: [CMS-concurrent-reset: 0.002/0.002 secs] [Times: user=0.00 sys=0.00, real=0.00 secs] 
2024-07-27T17:22:36.081+0800: 10.117: Application time: 0.0052111 seconds
2024-07-27T17:22:36.081+0800: 10.117: [GC (Allocation Failure) 2024-07-27T17:22:36.081+0800: 10.117: [ParNew: 77168K->8192K(78656K), 0.0121396 secs] 337920K->337553K(558784K), 0.0121878 secs] [Times: user=0.03 sys=0.00, real=0.01 secs] 
2024-07-27T17:22:36.094+0800: 10.129: Total time for which application threads were stopped: 0.0122820 seconds, Stopping threads took: 0.0000133 seconds
2024-07-27T17:22:36.094+0800: 10.129: Application time: 0.0002411 seconds
2024-07-27T17:22:36.094+0800: 10.129: [GC (CMS Initial Mark) [1 CMS-initial-mark: 329360K(480128K)] 340992K(558784K), 0.0006366 secs] [Times: user=0.00 sys=0.00, real=0.00 secs] 
2024-07-27T17:22:36.095+0800: 10.130: Total time for which application threads were stopped: 0.0007552 seconds, Stopping threads took: 0.0000771 seconds
2024-07-27T17:22:36.095+0800: 10.130: [CMS-concurrent-mark-start]
2024-07-27T17:22:36.097+0800: 10.133: [CMS-concurrent-mark: 0.003/0.003 secs] [Times: user=0.00 sys=0.00, real=0.00 secs] 
2024-07-27T17:22:36.097+0800: 10.133: [CMS-concurrent-preclean-start]
2024-07-27T17:22:36.098+0800: 10.133: [CMS-concurrent-preclean: 0.001/0.001 secs] [Times: user=0.00 sys=0.00, real=0.00 secs] 
2024-07-27T17:22:36.098+0800: 10.133: [CMS-concurrent-abortable-preclean-start]
2024-07-27T17:22:36.206+0800: 10.242: Application time: 0.1114791 seconds
2024-07-27T17:22:36.206+0800: 10.242: [GC (Allocation Failure) 2024-07-27T17:22:36.206+0800: 10.242: [ParNew: 77168K->8192K(78656K), 0.0066225 secs] 406529K->366225K(558784K), 0.0066965 secs] [Times: user=0.03 sys=0.00, real=0.01 secs] 
2024-07-27T17:22:36.213+0800: 10.248: Total time for which application threads were stopped: 0.0068261 seconds, Stopping threads took: 0.0000203 seconds
2024-07-27T17:22:36.328+0800: 10.364: Application time: 0.1155159 seconds
2024-07-27T17:22:36.328+0800: 10.364: [GC (Allocation Failure) 2024-07-27T17:22:36.328+0800: 10.364: [ParNew: 77168K->8192K(78656K), 0.0119078 secs] 435202K->434834K(558784K), 0.0119668 secs] [Times: user=0.03 sys=0.00, real=0.01 secs] 
2024-07-27T17:22:36.340+0800: 10.376: Total time for which application threads were stopped: 0.0120748 seconds, Stopping threads took: 0.0000188 seconds
2024-07-27T17:22:36.345+0800: 10.381: Application time: 0.0046163 seconds
2024-07-27T17:22:36.345+0800: 10.381: [GC (Allocation Failure) 2024-07-27T17:22:36.345+0800: 10.381: [ParNew: 77168K->8192K(78656K), 0.0181642 secs] 503811K->503443K(575232K), 0.0182313 secs] [Times: user=0.03 sys=0.00, real=0.02 secs] 
2024-07-27T17:22:36.363+0800: 10.399: Total time for which application threads were stopped: 0.0183294 seconds, Stopping threads took: 0.0000154 seconds
2024-07-27T17:22:36.363+0800: 10.399: [CMS-concurrent-abortable-preclean: 0.005/0.266 secs] [Times: user=0.09 sys=0.00, real=0.26 secs] 
2024-07-27T17:22:36.364+0800: 10.399: Application time: 0.0003835 seconds
2024-07-27T17:22:36.364+0800: 10.400: [GC (CMS Final Remark) [YG occupancy: 14703 K (78656 K)]2024-07-27T17:22:36.364+0800: 10.400: [Rescan (parallel) , 0.0008055 secs]2024-07-27T17:22:36.365+0800: 10.400: [weak refs processing, 0.0000131 secs]2024-07-27T17:22:36.365+0800: 10.400: [class unloading, 0.0001900 secs]2024-07-27T17:22:36.365+0800: 10.401: [scrub symbol table, 0.0003458 secs]2024-07-27T17:22:36.365+0800: 10.401: [scrub string table, 0.0001004 secs][1 CMS-remark: 495251K(496576K)] 509955K(575232K), 0.0015281 secs] [Times: user=0.00 sys=0.00, real=0.00 secs] 
2024-07-27T17:22:36.365+0800: 10.401: Total time for which application threads were stopped: 0.0017183 seconds, Stopping threads took: 0.0001544 seconds
2024-07-27T17:22:36.366+0800: 10.401: [CMS-concurrent-sweep-start]
2024-07-27T17:22:36.367+0800: 10.403: [CMS-concurrent-sweep: 0.001/0.001 secs] [Times: user=0.00 sys=0.00, real=0.00 secs] 
2024-07-27T17:22:36.367+0800: 10.403: [CMS-concurrent-reset-start]
2024-07-27T17:22:36.368+0800: 10.404: [CMS-concurrent-reset: 0.001/0.001 secs] [Times: user=0.00 sys=0.00, real=0.00 secs] 
2024-07-27T17:22:36.474+0800: 10.510: Application time: 0.1087198 seconds
2024-07-27T17:22:36.474+0800: 10.510: [GC (Allocation Failure) 2024-07-27T17:22:36.474+0800: 10.510: [ParNew: 77168K->8192K(78656K), 0.0066845 secs] 408577K->369297K(631008K), 0.0067444 secs] [Times: user=0.00 sys=0.00, real=0.01 secs] 
2024-07-27T17:22:36.480+0800: 10.517: Total time for which application threads were stopped: 0.0068540 seconds, Stopping threads took: 0.0000187 seconds
2024-07-27T17:22:36.481+0800: 10.517: Application time: 0.0001677 seconds
2024-07-27T17:22:36.481+0800: 10.517: [GC (CMS Initial Mark) [1 CMS-initial-mark: 361105K(552352K)] 372737K(631008K), 0.0008105 secs] [Times: user=0.00 sys=0.00, real=0.00 secs] 
2024-07-27T17:22:36.482+0800: 10.518: Total time for which application threads were stopped: 0.0009886 seconds, Stopping threads took: 0.0001364 seconds
2024-07-27T17:22:36.482+0800: 10.518: [CMS-concurrent-mark-start]
2024-07-27T17:22:36.486+0800: 10.523: [CMS-concurrent-mark: 0.005/0.005 secs] [Times: user=0.00 sys=0.00, real=0.00 secs] 
2024-07-27T17:22:36.486+0800: 10.523: [CMS-concurrent-preclean-start]
2024-07-27T17:22:36.487+0800: 10.523: [CMS-concurrent-preclean: 0.001/0.001 secs] [Times: user=0.00 sys=0.00, real=0.00 secs] 
2024-07-27T17:22:36.487+0800: 10.523: [CMS-concurrent-abortable-preclean-start]
2024-07-27T17:22:36.597+0800: 10.633: Application time: 0.1150792 seconds
2024-07-27T17:22:36.597+0800: 10.633: [GC (Allocation Failure) 2024-07-27T17:22:36.597+0800: 10.633: [ParNew: 77168K->8192K(78656K), 0.0123949 secs] 438274K->437906K(631008K), 0.0124549 secs] [Times: user=0.13 sys=0.00, real=0.01 secs] 
2024-07-27T17:22:36.609+0800: 10.645: Total time for which application threads were stopped: 0.0125683 seconds, Stopping threads took: 0.0000217 seconds
2024-07-27T17:22:36.614+0800: 10.651: Application time: 0.0051139 seconds
2024-07-27T17:22:36.614+0800: 10.651: [GC (Allocation Failure) 2024-07-27T17:22:36.614+0800: 10.651: [ParNew: 77168K->8192K(78656K), 0.0135320 secs] 506883K->506515K(631008K), 0.0135801 secs] [Times: user=0.00 sys=0.00, real=0.01 secs] 
2024-07-27T17:22:36.629+0800: 10.664: Total time for which application threads were stopped: 0.0136837 seconds, Stopping threads took: 0.0000182 seconds
2024-07-27T17:22:36.742+0800: 10.777: Application time: 0.1127230 seconds
2024-07-27T17:22:36.742+0800: 10.777: [GC (Allocation Failure) 2024-07-27T17:22:36.742+0800: 10.777: [ParNew: 77168K->8192K(78656K), 0.0182654 secs] 575492K->537236K(631008K), 0.0183271 secs] [Times: user=0.02 sys=0.01, real=0.02 secs] 
2024-07-27T17:22:36.760+0800: 10.795: Total time for which application threads were stopped: 0.0184384 seconds, Stopping threads took: 0.0000188 seconds
2024-07-27T17:22:36.760+0800: 10.796: [CMS-concurrent-abortable-preclean: 0.007/0.272 secs] [Times: user=0.19 sys=0.01, real=0.27 secs] 
2024-07-27T17:22:36.760+0800: 10.796: Application time: 0.0003104 seconds
2024-07-27T17:22:36.761+0800: 10.796: [GC (CMS Final Remark) [YG occupancy: 13679 K (78656 K)]2024-07-27T17:22:36.761+0800: 10.796: [Rescan (parallel) , 0.0008481 secs]2024-07-27T17:22:36.761+0800: 10.797: [weak refs processing, 0.0000128 secs]2024-07-27T17:22:36.761+0800: 10.797: [class unloading, 0.0002078 secs]2024-07-27T17:22:36.762+0800: 10.797: [scrub symbol table, 0.0003367 secs]2024-07-27T17:22:36.762+0800: 10.797: [scrub string table, 0.0001010 secs][1 CMS-remark: 529044K(552352K)] 542723K(631008K), 0.0015701 secs] [Times: user=0.00 sys=0.00, real=0.00 secs] 
2024-07-27T17:22:36.762+0800: 10.798: Total time for which application threads were stopped: 0.0017525 seconds, Stopping threads took: 0.0001458 seconds
2024-07-27T17:22:36.762+0800: 10.798: [CMS-concurrent-sweep-start]
2024-07-27T17:22:36.764+0800: 10.800: [CMS-concurrent-sweep: 0.002/0.002 secs] [Times: user=0.00 sys=0.00, real=0.00 secs] 
2024-07-27T17:22:36.764+0800: 10.800: [CMS-concurrent-reset-start]
2024-07-27T17:22:36.767+0800: 10.802: [CMS-concurrent-reset: 0.002/0.002 secs] [Times: user=0.00 sys=0.00, real=0.00 secs] 
2024-07-27T17:22:36.881+0800: 10.917: Application time: 0.1189863 seconds
2024-07-27T17:22:36.881+0800: 10.917: [GC (Allocation Failure) 2024-07-27T17:22:36.881+0800: 10.917: [ParNew: 77168K->8192K(78656K), 0.0121271 secs] 275455K->275088K(631008K), 0.0121885 secs] [Times: user=0.00 sys=0.00, real=0.01 secs] 
2024-07-27T17:22:36.893+0800: 10.929: Total time for which application threads were stopped: 0.0123206 seconds, Stopping threads took: 0.0000351 seconds
2024-07-27T17:22:36.893+0800: 10.929: Application time: 0.0002362 seconds
2024-07-27T17:22:36.893+0800: 10.929: [GC (CMS Initial Mark) [1 CMS-initial-mark: 266896K(552352K)] 278527K(631008K), 0.0007671 secs] [Times: user=0.00 sys=0.00, real=0.00 secs] 
2024-07-27T17:22:36.894+0800: 10.930: Total time for which application threads were stopped: 0.0008872 seconds, Stopping threads took: 0.0000794 seconds
2024-07-27T17:22:36.894+0800: 10.930: [CMS-concurrent-mark-start]
2024-07-27T17:22:36.897+0800: 10.933: [CMS-concurrent-mark: 0.003/0.003 secs] [Times: user=0.05 sys=0.00, real=0.00 secs] 
2024-07-27T17:22:36.897+0800: 10.933: [CMS-concurrent-preclean-start]
2024-07-27T17:22:36.899+0800: 10.935: [CMS-concurrent-preclean: 0.002/0.002 secs] [Times: user=0.00 sys=0.00, real=0.00 secs] 
2024-07-27T17:22:36.899+0800: 10.935: Application time: 0.0051829 seconds
2024-07-27T17:22:36.899+0800: 10.935: [GC (Allocation Failure) 2024-07-27T17:22:36.899+0800: 10.935: [ParNew: 77168K->8192K(78656K), 0.0200593 secs] 344064K->343697K(631008K), 0.0201075 secs] [Times: user=0.01 sys=0.02, real=0.02 secs] 
2024-07-27T17:22:36.919+0800: 10.955: Total time for which application threads were stopped: 0.0202014 seconds, Stopping threads took: 0.0000137 seconds
2024-07-27T17:22:36.920+0800: 10.956: Application time: 0.0003227 seconds
2024-07-27T17:22:36.920+0800: 10.956: [GC (CMS Final Remark) [YG occupancy: 12655 K (78656 K)]2024-07-27T17:22:36.920+0800: 10.956: [Rescan (parallel) , 0.0011032 secs]2024-07-27T17:22:36.921+0800: 10.957: [weak refs processing, 0.0000126 secs]2024-07-27T17:22:36.921+0800: 10.957: [class unloading, 0.0001819 secs]2024-07-27T17:22:36.921+0800: 10.957: [scrub symbol table, 0.0003430 secs]2024-07-27T17:22:36.921+0800: 10.958: [scrub string table, 0.0001001 secs][1 CMS-remark: 335505K(552352K)] 348160K(631008K), 0.0018087 secs] [Times: user=0.00 sys=0.00, real=0.00 secs] 
2024-07-27T17:22:36.921+0800: 10.958: Total time for which application threads were stopped: 0.0019667 seconds, Stopping threads took: 0.0001221 seconds
2024-07-27T17:22:36.922+0800: 10.958: [CMS-concurrent-sweep-start]
2024-07-27T17:22:36.923+0800: 10.959: [CMS-concurrent-sweep: 0.002/0.002 secs] [Times: user=0.00 sys=0.00, real=0.00 secs] 
2024-07-27T17:22:36.923+0800: 10.959: [CMS-concurrent-reset-start]
2024-07-27T17:22:36.924+0800: 10.961: [CMS-concurrent-reset: 0.001/0.001 secs] [Times: user=0.00 sys=0.00, real=0.00 secs] 
2024-07-27T17:22:37.040+0800: 11.075: Application time: 0.1177208 seconds
2024-07-27T17:22:37.040+0800: 11.075: [GC (Allocation Failure) 2024-07-27T17:22:37.040+0800: 11.075: [ParNew: 77168K->8192K(78656K), 0.0070455 secs] 245759K->208527K(631008K), 0.0071185 secs] [Times: user=0.00 sys=0.00, real=0.01 secs] 
2024-07-27T17:22:37.047+0800: 11.083: Total time for which application threads were stopped: 0.0072358 seconds, Stopping threads took: 0.0000184 seconds
2024-07-27T17:22:37.165+0800: 11.200: Application time: 0.1178708 seconds
2024-07-27T17:22:37.165+0800: 11.201: [GC (Allocation Failure) 2024-07-27T17:22:37.165+0800: 11.201: [ParNew: 77168K->8192K(78656K), 0.0119796 secs] 277503K->277136K(631008K), 0.0120416 secs] [Times: user=0.03 sys=0.00, real=0.01 secs] 
2024-07-27T17:22:37.177+0800: 11.213: Total time for which application threads were stopped: 0.0121566 seconds, Stopping threads took: 0.0000237 seconds
2024-07-27T17:22:37.181+0800: 11.217: Application time: 0.0046905 seconds
2024-07-27T17:22:37.181+0800: 11.217: [GC (Allocation Failure) 2024-07-27T17:22:37.181+0800: 11.217: [ParNew: 77168K->8192K(78656K), 0.0120442 secs] 346112K->345745K(631008K), 0.0120974 secs] [Times: user=0.03 sys=0.00, real=0.01 secs] 
2024-07-27T17:22:37.194+0800: 11.230: Total time for which application threads were stopped: 0.0121966 seconds, Stopping threads took: 0.0000158 seconds
2024-07-27T17:22:37.194+0800: 11.230: Application time: 0.0002021 seconds
2024-07-27T17:22:37.194+0800: 11.230: [GC (CMS Initial Mark) [1 CMS-initial-mark: 337553K(552352K)] 349184K(631008K), 0.0008231 secs] [Times: user=0.00 sys=0.00, real=0.00 secs] 
2024-07-27T17:22:37.195+0800: 11.231: Total time for which application threads were stopped: 0.0010001 seconds, Stopping threads took: 0.0001357 seconds
2024-07-27T17:22:37.195+0800: 11.231: [CMS-concurrent-mark-start]
2024-07-27T17:22:37.197+0800: 11.233: [CMS-concurrent-mark: 0.002/0.002 secs] [Times: user=0.00 sys=0.00, real=0.00 secs] 
2024-07-27T17:22:37.197+0800: 11.233: [CMS-concurrent-preclean-start]
2024-07-27T17:22:37.198+0800: 11.234: [CMS-concurrent-preclean: 0.001/0.001 secs] [Times: user=0.00 sys=0.00, real=0.00 secs] 
2024-07-27T17:22:37.198+0800: 11.234: [CMS-concurrent-abortable-preclean-start]
2024-07-27T17:22:37.310+0800: 11.346: Application time: 0.1150982 seconds
2024-07-27T17:22:37.310+0800: 11.346: [GC (Allocation Failure) 2024-07-27T17:22:37.310+0800: 11.346: [ParNew: 77168K->8192K(78656K), 0.0069410 secs] 414721K->378513K(631008K), 0.0070003 secs] [Times: user=0.02 sys=0.00, real=0.01 secs] 
2024-07-27T17:22:37.317+0800: 11.353: Total time for which application threads were stopped: 0.0071078 seconds, Stopping threads took: 0.0000190 seconds
2024-07-27T17:22:37.435+0800: 11.471: Application time: 0.1185046 seconds
2024-07-27T17:22:37.436+0800: 11.472: [GC (Allocation Failure) 2024-07-27T17:22:37.436+0800: 11.472: [ParNew: 77168K->8192K(78656K), 0.0128069 secs] 447490K->447122K(631008K), 0.0128957 secs] [Times: user=0.03 sys=0.00, real=0.01 secs] 
2024-07-27T17:22:37.449+0800: 11.484: Total time for which application threads were stopped: 0.0130344 seconds, Stopping threads took: 0.0000425 seconds
2024-07-27T17:22:37.449+0800: 11.485: [CMS-concurrent-abortable-preclean: 0.005/0.251 secs] [Times: user=0.05 sys=0.00, real=0.25 secs] 
2024-07-27T17:22:37.449+0800: 11.485: Application time: 0.0003087 seconds
2024-07-27T17:22:37.449+0800: 11.485: [GC (CMS Final Remark) [YG occupancy: 12655 K (78656 K)]2024-07-27T17:22:37.449+0800: 11.485: [Rescan (parallel) , 0.0007658 secs]2024-07-27T17:22:37.450+0800: 11.486: [weak refs processing, 0.0000169 secs]2024-07-27T17:22:37.450+0800: 11.486: [class unloading, 0.0001999 secs]2024-07-27T17:22:37.450+0800: 11.486: [scrub symbol table, 0.0003429 secs]2024-07-27T17:22:37.450+0800: 11.486: [scrub string table, 0.0001003 secs][1 CMS-remark: 438930K(552352K)] 451586K(631008K), 0.0014907 secs] [Times: user=0.00 sys=0.00, real=0.00 secs] 
2024-07-27T17:22:37.450+0800: 11.486: Total time for which application threads were stopped: 0.0015974 seconds, Stopping threads took: 0.0000712 seconds
2024-07-27T17:22:37.451+0800: 11.487: [CMS-concurrent-sweep-start]
2024-07-27T17:22:37.452+0800: 11.488: [CMS-concurrent-sweep: 0.001/0.001 secs] [Times: user=0.00 sys=0.00, real=0.00 secs] 
2024-07-27T17:22:37.452+0800: 11.488: [CMS-concurrent-reset-start]
2024-07-27T17:22:37.454+0800: 11.490: [CMS-concurrent-reset: 0.002/0.002 secs] [Times: user=0.00 sys=0.00, real=0.00 secs] 
2024-07-27T17:22:37.456+0800: 11.492: Application time: 0.0054150 seconds
2024-07-27T17:22:37.456+0800: 11.492: [GC (Allocation Failure) 2024-07-27T17:22:37.456+0800: 11.492: [ParNew: 77168K->8192K(78656K), 0.0117319 secs] 348160K->347793K(631008K), 0.0117873 secs] [Times: user=0.03 sys=0.00, real=0.01 secs] 
2024-07-27T17:22:37.468+0800: 11.504: Total time for which application threads were stopped: 0.0118813 seconds, Stopping threads took: 0.0000134 seconds
2024-07-27T17:22:37.468+0800: 11.504: Application time: 0.0002078 seconds
2024-07-27T17:22:37.468+0800: 11.504: [GC (CMS Initial Mark) [1 CMS-initial-mark: 339601K(552352K)] 351232K(631008K), 0.0006476 secs] [Times: user=0.00 sys=0.00, real=0.00 secs] 
2024-07-27T17:22:37.469+0800: 11.505: Total time for which application threads were stopped: 0.0007772 seconds, Stopping threads took: 0.0000886 seconds
2024-07-27T17:22:37.469+0800: 11.505: [CMS-concurrent-mark-start]
2024-07-27T17:22:37.471+0800: 11.507: [CMS-concurrent-mark: 0.002/0.002 secs] [Times: user=0.00 sys=0.00, real=0.00 secs] 
2024-07-27T17:22:37.471+0800: 11.507: [CMS-concurrent-preclean-start]
2024-07-27T17:22:37.472+0800: 11.508: [CMS-concurrent-preclean: 0.001/0.001 secs] [Times: user=0.00 sys=0.00, real=0.00 secs] 
2024-07-27T17:22:37.472+0800: 11.508: [CMS-concurrent-abortable-preclean-start]
2024-07-27T17:22:37.579+0800: 11.615: Application time: 0.1100958 seconds
2024-07-27T17:22:37.579+0800: 11.615: [GC (Allocation Failure) 2024-07-27T17:22:37.579+0800: 11.615: [ParNew: 77168K->8192K(78656K), 0.0072580 secs] 416769K->381585K(631008K), 0.0073296 secs] [Times: user=0.03 sys=0.00, real=0.01 secs] 
2024-07-27T17:22:37.586+0800: 11.622: Total time for which application threads were stopped: 0.0074379 seconds, Stopping threads took: 0.0000195 seconds
2024-07-27T17:22:37.703+0800: 11.738: Application time: 0.1161964 seconds
2024-07-27T17:22:37.703+0800: 11.739: [GC (Allocation Failure) 2024-07-27T17:22:37.703+0800: 11.739: [ParNew: 77168K->8192K(78656K), 0.0117828 secs] 450562K->450194K(631008K), 0.0118413 secs] [Times: user=0.03 sys=0.00, real=0.01 secs] 
2024-07-27T17:22:37.715+0800: 11.750: Total time for which application threads were stopped: 0.0119678 seconds, Stopping threads took: 0.0000332 seconds
2024-07-27T17:22:37.719+0800: 11.755: Application time: 0.0044687 seconds
2024-07-27T17:22:37.719+0800: 11.755: [GC (Allocation Failure) 2024-07-27T17:22:37.719+0800: 11.755: [ParNew: 77168K->8192K(78656K), 0.0126530 secs] 519171K->518803K(631008K), 0.0127020 secs] [Times: user=0.03 sys=0.00, real=0.01 secs] 
2024-07-27T17:22:37.732+0800: 11.768: Total time for which application threads were stopped: 0.0128181 seconds, Stopping threads took: 0.0000160 seconds
2024-07-27T17:22:37.732+0800: 11.768: [CMS-concurrent-abortable-preclean: 0.006/0.260 secs] [Times: user=0.11 sys=0.00, real=0.26 secs] 
2024-07-27T17:22:37.732+0800: 11.768: Application time: 0.0003050 seconds
2024-07-27T17:22:37.732+0800: 11.768: [GC (CMS Final Remark) [YG occupancy: 12655 K (78656 K)]2024-07-27T17:22:37.733+0800: 11.768: [Rescan (parallel) , 0.0009735 secs]2024-07-27T17:22:37.734+0800: 11.769: [weak refs processing, 0.0000222 secs]2024-07-27T17:22:37.734+0800: 11.769: [class unloading, 0.0002322 secs]2024-07-27T17:22:37.734+0800: 11.769: [scrub symbol table, 0.0002984 secs]2024-07-27T17:22:37.734+0800: 11.770: [scrub string table, 0.0001109 secs][1 CMS-remark: 510611K(552352K)] 523267K(631008K), 0.0017201 secs] [Times: user=0.00 sys=0.00, real=0.00 secs] 
2024-07-27T17:22:37.734+0800: 11.770: Total time for which application threads were stopped: 0.0019249 seconds, Stopping threads took: 0.0001665 seconds
2024-07-27T17:22:37.734+0800: 11.770: [CMS-concurrent-sweep-start]
2024-07-27T17:22:37.736+0800: 11.771: [CMS-concurrent-sweep: 0.001/0.001 secs] [Times: user=0.00 sys=0.00, real=0.00 secs] 
2024-07-27T17:22:37.736+0800: 11.772: [CMS-concurrent-reset-start]
2024-07-27T17:22:37.737+0800: 11.773: [CMS-concurrent-reset: 0.001/0.001 secs] [Times: user=0.00 sys=0.00, real=0.00 secs] 
2024-07-27T17:22:37.847+0800: 11.883: Application time: 0.1133032 seconds
2024-07-27T17:22:37.848+0800: 11.883: [GC (Allocation Failure) 2024-07-27T17:22:37.848+0800: 11.883: [ParNew: 77168K->8192K(78656K), 0.0086756 secs] 418817K->384657K(648072K), 0.0087296 secs] [Times: user=0.03 sys=0.00, real=0.01 secs] 
2024-07-27T17:22:37.856+0800: 11.892: Total time for which application threads were stopped: 0.0088629 seconds, Stopping threads took: 0.0000277 seconds
2024-07-27T17:22:37.856+0800: 11.892: Application time: 0.0002464 seconds
2024-07-27T17:22:37.856+0800: 11.893: [GC (CMS Initial Mark) [1 CMS-initial-mark: 376465K(569416K)] 388097K(648072K), 0.0008041 secs] [Times: user=0.00 sys=0.00, real=0.00 secs] 
2024-07-27T17:22:37.857+0800: 11.893: Total time for which application threads were stopped: 0.0010145 seconds, Stopping threads took: 0.0001685 seconds
2024-07-27T17:22:37.857+0800: 11.893: [CMS-concurrent-mark-start]
2024-07-27T17:22:37.862+0800: 11.898: [CMS-concurrent-mark: 0.004/0.004 secs] [Times: user=0.00 sys=0.00, real=0.00 secs] 
2024-07-27T17:22:37.862+0800: 11.898: [CMS-concurrent-preclean-start]
2024-07-27T17:22:37.863+0800: 11.899: [CMS-concurrent-preclean: 0.001/0.001 secs] [Times: user=0.00 sys=0.00, real=0.00 secs] 
2024-07-27T17:22:37.863+0800: 11.899: [CMS-concurrent-abortable-preclean-start]
2024-07-27T17:22:37.971+0800: 12.007: Application time: 0.1134456 seconds
2024-07-27T17:22:37.971+0800: 12.007: [GC (Allocation Failure) 2024-07-27T17:22:37.971+0800: 12.007: [ParNew: 77168K->8192K(78656K), 0.0173821 secs] 453634K->453266K(648072K), 0.0174416 secs] [Times: user=0.05 sys=0.00, real=0.02 secs] 
2024-07-27T17:22:37.989+0800: 12.024: Total time for which application threads were stopped: 0.0175630 seconds, Stopping threads took: 0.0000193 seconds
2024-07-27T17:22:37.993+0800: 12.029: Application time: 0.0045203 seconds
2024-07-27T17:22:37.993+0800: 12.029: [GC (Allocation Failure) 2024-07-27T17:22:37.993+0800: 12.029: [ParNew: 77168K->8192K(78656K), 0.0123518 secs] 522243K->521875K(648072K), 0.0124014 secs] [Times: user=0.03 sys=0.00, real=0.01 secs] 
2024-07-27T17:22:38.006+0800: 12.041: Total time for which application threads were stopped: 0.0125141 seconds, Stopping threads took: 0.0000156 seconds
2024-07-27T17:22:38.114+0800: 12.149: Application time: 0.1079867 seconds
2024-07-27T17:22:38.114+0800: 12.149: [GC (Allocation Failure) 2024-07-27T17:22:38.114+0800: 12.150: [ParNew: 77168K->8192K(78656K), 0.0076647 secs] 590852K->557716K(648072K), 0.0077241 secs] [Times: user=0.00 sys=0.00, real=0.01 secs] 
2024-07-27T17:22:38.122+0800: 12.157: Total time for which application threads were stopped: 0.0078297 seconds, Stopping threads took: 0.0000198 seconds
2024-07-27T17:22:38.122+0800: 12.157: [CMS-concurrent-abortable-preclean: 0.008/0.259 secs] [Times: user=0.11 sys=0.00, real=0.26 secs] 
2024-07-27T17:22:38.122+0800: 12.158: Application time: 0.0002912 seconds
2024-07-27T17:22:38.122+0800: 12.158: [GC (CMS Final Remark) [YG occupancy: 12655 K (78656 K)]2024-07-27T17:22:38.122+0800: 12.158: [Rescan (parallel) , 0.0009026 secs]2024-07-27T17:22:38.123+0800: 12.159: [weak refs processing, 0.0000130 secs]2024-07-27T17:22:38.123+0800: 12.159: [class unloading, 0.0001856 secs]2024-07-27T17:22:38.123+0800: 12.159: [scrub symbol table, 0.0003454 secs]2024-07-27T17:22:38.124+0800: 12.159: [scrub string table, 0.0001121 secs][1 CMS-remark: 549524K(569416K)] 562180K(648072K), 0.0016256 secs] [Times: user=0.00 sys=0.00, real=0.00 secs] 
2024-07-27T17:22:38.124+0800: 12.159: Total time for which application threads were stopped: 0.0017413 seconds, Stopping threads took: 0.0000806 seconds
2024-07-27T17:22:38.124+0800: 12.160: [CMS-concurrent-sweep-start]
2024-07-27T17:22:38.126+0800: 12.161: [CMS-concurrent-sweep: 0.002/0.002 secs] [Times: user=0.00 sys=0.00, real=0.00 secs] 
2024-07-27T17:22:38.126+0800: 12.161: [CMS-concurrent-reset-start]
2024-07-27T17:22:38.128+0800: 12.164: [CMS-concurrent-reset: 0.002/0.002 secs] [Times: user=0.00 sys=0.00, real=0.00 secs] 
2024-07-27T17:22:38.238+0800: 12.273: Application time: 0.1140622 seconds
2024-07-27T17:22:38.238+0800: 12.273: [GC (Allocation Failure) 2024-07-27T17:22:38.238+0800: 12.273: [ParNew: 77168K->8192K(78656K), 0.0120100 secs] 285695K->285328K(648072K), 0.0120707 secs] [Times: user=0.05 sys=0.01, real=0.01 secs] 
2024-07-27T17:22:38.250+0800: 12.286: Total time for which application threads were stopped: 0.0121818 seconds, Stopping threads took: 0.0000194 seconds
2024-07-27T17:22:38.250+0800: 12.286: Application time: 0.0001697 seconds
2024-07-27T17:22:38.250+0800: 12.286: [GC (CMS Initial Mark) [1 CMS-initial-mark: 277136K(569416K)] 288767K(648072K), 0.0007394 secs] [Times: user=0.00 sys=0.00, real=0.00 secs] 
2024-07-27T17:22:38.251+0800: 12.287: Total time for which application threads were stopped: 0.0008845 seconds, Stopping threads took: 0.0001033 seconds
2024-07-27T17:22:38.251+0800: 12.287: [CMS-concurrent-mark-start]
2024-07-27T17:22:38.255+0800: 12.291: [CMS-concurrent-mark: 0.004/0.004 secs] [Times: user=0.05 sys=0.00, real=0.00 secs] 
2024-07-27T17:22:38.255+0800: 12.291: [CMS-concurrent-preclean-start]
2024-07-27T17:22:38.257+0800: 12.292: [CMS-concurrent-preclean: 0.001/0.001 secs] [Times: user=0.00 sys=0.00, real=0.00 secs] 
2024-07-27T17:22:38.257+0800: 12.292: Application time: 0.0056165 seconds
2024-07-27T17:22:38.257+0800: 12.292: [GC (Allocation Failure) 2024-07-27T17:22:38.257+0800: 12.292: [ParNew: 77168K->8192K(78656K), 0.0119894 secs] 354304K->353937K(648072K), 0.0120380 secs] [Times: user=0.00 sys=0.00, real=0.01 secs] 
2024-07-27T17:22:38.269+0800: 12.304: Total time for which application threads were stopped: 0.0121310 seconds, Stopping threads took: 0.0000137 seconds
2024-07-27T17:22:38.269+0800: 12.305: Application time: 0.0003045 seconds
2024-07-27T17:22:38.269+0800: 12.305: [GC (CMS Final Remark) [YG occupancy: 12655 K (78656 K)]2024-07-27T17:22:38.269+0800: 12.305: [Rescan (parallel) , 0.0005830 secs]2024-07-27T17:22:38.270+0800: 12.305: [weak refs processing, 0.0000130 secs]2024-07-27T17:22:38.270+0800: 12.305: [class unloading, 0.0001965 secs]2024-07-27T17:22:38.270+0800: 12.306: [scrub symbol table, 0.0003515 secs]2024-07-27T17:22:38.270+0800: 12.306: [scrub string table, 0.0001000 secs][1 CMS-remark: 345745K(569416K)] 358400K(648072K), 0.0013120 secs] [Times: user=0.01 sys=0.00, real=0.00 secs] 
2024-07-27T17:22:38.271+0800: 12.306: Total time for which application threads were stopped: 0.0014958 seconds, Stopping threads took: 0.0001466 seconds
2024-07-27T17:22:38.271+0800: 12.306: [CMS-concurrent-sweep-start]
2024-07-27T17:22:38.272+0800: 12.308: [CMS-concurrent-sweep: 0.001/0.001 secs] [Times: user=0.00 sys=0.00, real=0.00 secs] 
2024-07-27T17:22:38.272+0800: 12.308: [CMS-concurrent-reset-start]
2024-07-27T17:22:38.273+0800: 12.309: [CMS-concurrent-reset: 0.001/0.001 secs] [Times: user=0.00 sys=0.00, real=0.00 secs] 
2024-07-27T17:22:38.381+0800: 12.417: Application time: 0.1107203 seconds
2024-07-27T17:22:38.381+0800: 12.417: [GC (Allocation Failure) 2024-07-27T17:22:38.381+0800: 12.417: [ParNew: 77168K->8192K(78656K), 0.0078585 secs] 250879K->218767K(648072K), 0.0079170 secs] [Times: user=0.00 sys=0.00, real=0.01 secs] 
2024-07-27T17:22:38.389+0800: 12.425: Total time for which application threads were stopped: 0.0080465 seconds, Stopping threads took: 0.0000194 seconds
2024-07-27T17:22:38.505+0800: 12.541: Application time: 0.1158465 seconds
2024-07-27T17:22:38.505+0800: 12.541: [GC (Allocation Failure) 2024-07-27T17:22:38.505+0800: 12.541: [ParNew: 77168K->8192K(78656K), 0.0129850 secs] 287743K->287376K(648072K), 0.0130471 secs] [Times: user=0.00 sys=0.00, real=0.01 secs] 
2024-07-27T17:22:38.518+0800: 12.554: Total time for which application threads were stopped: 0.0131899 seconds, Stopping threads took: 0.0000202 seconds
2024-07-27T17:22:38.523+0800: 12.559: Application time: 0.0046097 seconds
2024-07-27T17:22:38.523+0800: 12.559: [GC (Allocation Failure) 2024-07-27T17:22:38.523+0800: 12.559: [ParNew: 77168K->8192K(78656K), 0.0124359 secs] 356352K->355985K(648072K), 0.0124864 secs] [Times: user=0.00 sys=0.00, real=0.01 secs] 
2024-07-27T17:22:38.535+0800: 12.571: Total time for which application threads were stopped: 0.0125836 seconds, Stopping threads took: 0.0000153 seconds
2024-07-27T17:22:38.535+0800: 12.571: Application time: 0.0001967 seconds
2024-07-27T17:22:38.536+0800: 12.572: [GC (CMS Initial Mark) [1 CMS-initial-mark: 347793K(569416K)] 359424K(648072K), 0.0005553 secs] [Times: user=0.00 sys=0.00, real=0.00 secs] 
2024-07-27T17:22:38.536+0800: 12.572: Total time for which application threads were stopped: 0.0007441 seconds, Stopping threads took: 0.0001435 seconds
2024-07-27T17:22:38.536+0800: 12.572: [CMS-concurrent-mark-start]
2024-07-27T17:22:38.538+0800: 12.574: [CMS-concurrent-mark: 0.002/0.002 secs] [Times: user=0.00 sys=0.00, real=0.00 secs] 
2024-07-27T17:22:38.538+0800: 12.574: [CMS-concurrent-preclean-start]
2024-07-27T17:22:38.539+0800: 12.575: [CMS-concurrent-preclean: 0.001/0.001 secs] [Times: user=0.00 sys=0.00, real=0.00 secs] 
2024-07-27T17:22:38.539+0800: 12.575: [CMS-concurrent-abortable-preclean-start]
2024-07-27T17:22:38.648+0800: 12.684: Application time: 0.1120068 seconds
2024-07-27T17:22:38.648+0800: 12.684: [GC (Allocation Failure) 2024-07-27T17:22:38.648+0800: 12.684: [ParNew: 77168K->8192K(78656K), 0.0075218 secs] 424961K->393873K(648072K), 0.0075950 secs] [Times: user=0.00 sys=0.00, real=0.01 secs] 
2024-07-27T17:22:38.656+0800: 12.692: Total time for which application threads were stopped: 0.0077024 seconds, Stopping threads took: 0.0000195 seconds
2024-07-27T17:22:38.771+0800: 12.807: Application time: 0.1156485 seconds
2024-07-27T17:22:38.771+0800: 12.808: [GC (Allocation Failure) 2024-07-27T17:22:38.771+0800: 12.808: [ParNew: 77168K->8192K(78656K), 0.0120714 secs] 462850K->462482K(648072K), 0.0121326 secs] [Times: user=0.00 sys=0.00, real=0.01 secs] 
2024-07-27T17:22:38.784+0800: 12.820: Total time for which application threads were stopped: 0.0122418 seconds, Stopping threads took: 0.0000197 seconds
2024-07-27T17:22:38.784+0800: 12.820: [CMS-concurrent-abortable-preclean: 0.006/0.245 secs] [Times: user=0.00 sys=0.00, real=0.24 secs] 
2024-07-27T17:22:38.784+0800: 12.820: Application time: 0.0003742 seconds
2024-07-27T17:22:38.784+0800: 12.820: [GC (CMS Final Remark) [YG occupancy: 14703 K (78656 K)]2024-07-27T17:22:38.784+0800: 12.820: [Rescan (parallel) , 0.0010637 secs]2024-07-27T17:22:38.785+0800: 12.821: [weak refs processing, 0.0000129 secs]2024-07-27T17:22:38.785+0800: 12.821: [class unloading, 0.0002743 secs]2024-07-27T17:22:38.786+0800: 12.822: [scrub symbol table, 0.0003683 secs]2024-07-27T17:22:38.786+0800: 12.822: [scrub string table, 0.0000918 secs][1 CMS-remark: 454290K(569416K)] 468994K(648072K), 0.0018798 secs] [Times: user=0.02 sys=0.00, real=0.00 secs] 
2024-07-27T17:22:38.786+0800: 12.822: Total time for which application threads were stopped: 0.0020183 seconds, Stopping threads took: 0.0000979 seconds
2024-07-27T17:22:38.786+0800: 12.822: [CMS-concurrent-sweep-start]
2024-07-27T17:22:38.788+0800: 12.824: [CMS-concurrent-sweep: 0.001/0.001 secs] [Times: user=0.00 sys=0.00, real=0.00 secs] 
2024-07-27T17:22:38.788+0800: 12.824: [CMS-concurrent-reset-start]
2024-07-27T17:22:38.790+0800: 12.826: [CMS-concurrent-reset: 0.002/0.002 secs] [Times: user=0.00 sys=0.00, real=0.00 secs] 
2024-07-27T17:22:38.791+0800: 12.827: Application time: 0.0051806 seconds
2024-07-27T17:22:38.791+0800: 12.827: [GC (Allocation Failure) 2024-07-27T17:22:38.791+0800: 12.827: [ParNew: 77168K->8192K(78656K), 0.0122303 secs] 358400K->358033K(648072K), 0.0122809 secs] [Times: user=0.03 sys=0.00, real=0.01 secs] 
2024-07-27T17:22:38.804+0800: 12.840: Total time for which application threads were stopped: 0.0123777 seconds, Stopping threads took: 0.0000145 seconds
2024-07-27T17:22:38.804+0800: 12.840: Application time: 0.0002486 seconds
2024-07-27T17:22:38.804+0800: 12.840: [GC (CMS Initial Mark) [1 CMS-initial-mark: 349841K(569416K)] 361473K(648072K), 0.0007629 secs] [Times: user=0.00 sys=0.00, real=0.00 secs] 
2024-07-27T17:22:38.805+0800: 12.841: Total time for which application threads were stopped: 0.0008857 seconds, Stopping threads took: 0.0000807 seconds
2024-07-27T17:22:38.805+0800: 12.841: [CMS-concurrent-mark-start]
2024-07-27T17:22:38.807+0800: 12.843: [CMS-concurrent-mark: 0.002/0.002 secs] [Times: user=0.00 sys=0.00, real=0.00 secs] 
2024-07-27T17:22:38.807+0800: 12.843: [CMS-concurrent-preclean-start]
2024-07-27T17:22:38.808+0800: 12.844: [CMS-concurrent-preclean: 0.001/0.001 secs] [Times: user=0.00 sys=0.00, real=0.00 secs] 
2024-07-27T17:22:38.808+0800: 12.844: [CMS-concurrent-abortable-preclean-start]
2024-07-27T17:22:38.913+0800: 12.949: Application time: 0.1083981 seconds
2024-07-27T17:22:38.913+0800: 12.949: [GC (Allocation Failure) 2024-07-27T17:22:38.913+0800: 12.949: [ParNew: 77168K->8192K(78656K), 0.0077677 secs] 427010K->396945K(648072K), 0.0078271 secs] [Times: user=0.00 sys=0.00, real=0.01 secs] 
2024-07-27T17:22:38.921+0800: 12.957: Total time for which application threads were stopped: 0.0079469 seconds, Stopping threads took: 0.0000192 seconds
2024-07-27T17:22:39.036+0800: 13.072: Application time: 0.1148824 seconds
2024-07-27T17:22:39.036+0800: 13.072: [GC (Allocation Failure) 2024-07-27T17:22:39.036+0800: 13.072: [ParNew: 77868K->8196K(78656K), 0.0120285 secs] 466622K->465559K(648072K), 0.0120887 secs] [Times: user=0.00 sys=0.00, real=0.01 secs] 
2024-07-27T17:22:39.049+0800: 13.084: Total time for which application threads were stopped: 0.0122076 seconds, Stopping threads took: 0.0000189 seconds
2024-07-27T17:22:39.049+0800: 13.084: [CMS-concurrent-abortable-preclean: 0.006/0.241 secs] [Times: user=0.03 sys=0.00, real=0.24 secs] 
2024-07-27T17:22:39.049+0800: 13.085: Application time: 0.0003753 seconds
2024-07-27T17:22:39.049+0800: 13.085: [GC (CMS Final Remark) [YG occupancy: 13678 K (78656 K)]2024-07-27T17:22:39.049+0800: 13.085: [Rescan (parallel) , 0.0006917 secs]2024-07-27T17:22:39.050+0800: 13.085: [weak refs processing, 0.0000128 secs]2024-07-27T17:22:39.050+0800: 13.085: [class unloading, 0.0001870 secs]2024-07-27T17:22:39.050+0800: 13.086: [scrub symbol table, 0.0003500 secs]2024-07-27T17:22:39.050+0800: 13.086: [scrub string table, 0.0001129 secs][1 CMS-remark: 457362K(569416K)] 471041K(648072K), 0.0014177 secs] [Times: user=0.00 sys=0.00, real=0.00 secs] 
2024-07-27T17:22:39.050+0800: 13.086: Total time for which application threads were stopped: 0.0015008 seconds, Stopping threads took: 0.0000483 seconds
2024-07-27T17:22:39.051+0800: 13.086: [CMS-concurrent-sweep-start]
2024-07-27T17:22:39.052+0800: 13.088: [CMS-concurrent-sweep: 0.001/0.001 secs] [Times: user=0.03 sys=0.00, real=0.00 secs] 
2024-07-27T17:22:39.052+0800: 13.088: [CMS-concurrent-reset-start]
2024-07-27T17:22:39.054+0800: 13.090: [CMS-concurrent-reset: 0.002/0.002 secs] [Times: user=0.00 sys=0.00, real=0.00 secs] 
2024-07-27T17:22:39.056+0800: 13.092: Application time: 0.0053663 seconds
2024-07-27T17:22:39.056+0800: 13.092: [GC (Allocation Failure) 2024-07-27T17:22:39.056+0800: 13.092: [ParNew: 77167K->8192K(78656K), 0.0123305 secs] 185341K->184974K(648072K), 0.0123775 secs] [Times: user=0.03 sys=0.00, real=0.01 secs] 
2024-07-27T17:22:39.068+0800: 13.104: Total time for which application threads were stopped: 0.0124698 seconds, Stopping threads took: 0.0000142 seconds
2024-07-27T17:22:39.068+0800: 13.104: Application time: 0.0002168 seconds
2024-07-27T17:22:39.069+0800: 13.104: [GC (CMS Initial Mark) [1 CMS-initial-mark: 176782K(569416K)] 188411K(648072K), 0.0008344 secs] [Times: user=0.00 sys=0.00, real=0.00 secs] 
2024-07-27T17:22:39.069+0800: 13.105: Total time for which application threads were stopped: 0.0010240 seconds, Stopping threads took: 0.0001457 seconds
2024-07-27T17:22:39.070+0800: 13.105: [CMS-concurrent-mark-start]
2024-07-27T17:22:39.071+0800: 13.107: [CMS-concurrent-mark: 0.002/0.002 secs] [Times: user=0.00 sys=0.00, real=0.00 secs] 
2024-07-27T17:22:39.071+0800: 13.107: [CMS-concurrent-preclean-start]
2024-07-27T17:22:39.072+0800: 13.108: [CMS-concurrent-preclean: 0.001/0.001 secs] [Times: user=0.00 sys=0.00, real=0.00 secs] 
2024-07-27T17:22:39.072+0800: 13.108: [CMS-concurrent-abortable-preclean-start]
2024-07-27T17:22:39.177+0800: 13.214: Application time: 0.1082821 seconds
2024-07-27T17:22:39.177+0800: 13.214: [GC (Allocation Failure) 2024-07-27T17:22:39.177+0800: 13.214: [ParNew: 77165K->8192K(78656K), 0.0081546 secs] 253948K->224911K(648072K), 0.0082141 secs] [Times: user=0.00 sys=0.00, real=0.01 secs] 
2024-07-27T17:22:39.186+0800: 13.222: Total time for which application threads were stopped: 0.0083368 seconds, Stopping threads took: 0.0000347 seconds
2024-07-27T17:22:39.300+0800: 13.335: Application time: 0.1135763 seconds
2024-07-27T17:22:39.300+0800: 13.335: [GC (Allocation Failure) 2024-07-27T17:22:39.300+0800: 13.336: [ParNew: 77166K->8192K(78656K), 0.0120292 secs] 293886K->293520K(648072K), 0.0120868 secs] [Times: user=0.03 sys=0.00, real=0.01 secs] 
2024-07-27T17:22:39.312+0800: 13.348: Total time for which application threads were stopped: 0.0121931 seconds, Stopping threads took: 0.0000193 seconds
2024-07-27T17:22:39.312+0800: 13.348: [CMS-concurrent-abortable-preclean: 0.006/0.240 secs] [Times: user=0.06 sys=0.00, real=0.24 secs] 
2024-07-27T17:22:39.312+0800: 13.348: Application time: 0.0003069 seconds
2024-07-27T17:22:39.313+0800: 13.348: [GC (CMS Final Remark) [YG occupancy: 12654 K (78656 K)]2024-07-27T17:22:39.313+0800: 13.348: [Rescan (parallel) , 0.0009273 secs]2024-07-27T17:22:39.314+0800: 13.349: [weak refs processing, 0.0000259 secs]2024-07-27T17:22:39.314+0800: 13.349: [class unloading, 0.0002320 secs]2024-07-27T17:22:39.314+0800: 13.349: [scrub symbol table, 0.0003169 secs]2024-07-27T17:22:39.314+0800: 13.350: [scrub string table, 0.0000918 secs][1 CMS-remark: 285328K(569416K)] 297982K(648072K), 0.0016690 secs] [Times: user=0.00 sys=0.00, real=0.00 secs] 
2024-07-27T17:22:39.314+0800: 13.350: Total time for which application threads were stopped: 0.0018021 seconds, Stopping threads took: 0.0000971 seconds
2024-07-27T17:22:39.314+0800: 13.350: [CMS-concurrent-sweep-start]
2024-07-27T17:22:39.315+0800: 13.351: [CMS-concurrent-sweep: 0.001/0.001 secs] [Times: user=0.00 sys=0.00, real=0.00 secs] 
2024-07-27T17:22:39.315+0800: 13.351: [CMS-concurrent-reset-start]
2024-07-27T17:22:39.317+0800: 13.353: [CMS-concurrent-reset: 0.002/0.002 secs] [Times: user=0.03 sys=0.00, real=0.00 secs] 
2024-07-27T17:22:39.319+0800: 13.355: Application time: 0.0051892 seconds
2024-07-27T17:22:39.319+0800: 13.355: [GC (Allocation Failure) 2024-07-27T17:22:39.319+0800: 13.355: [ParNew: 77167K->8192K(78656K), 0.0123837 secs] 362495K->362129K(648072K), 0.0124309 secs] [Times: user=0.00 sys=0.00, real=0.01 secs] 
2024-07-27T17:22:39.332+0800: 13.367: Total time for which application threads were stopped: 0.0125218 seconds, Stopping threads took: 0.0000130 seconds
2024-07-27T17:22:39.332+0800: 13.368: Application time: 0.0002220 seconds
2024-07-27T17:22:39.332+0800: 13.368: [GC (CMS Initial Mark) [1 CMS-initial-mark: 353937K(569416K)] 365568K(648072K), 0.0007349 secs] [Times: user=0.03 sys=0.00, real=0.00 secs] 
2024-07-27T17:22:39.333+0800: 13.369: Total time for which application threads were stopped: 0.0008539 seconds, Stopping threads took: 0.0000780 seconds
2024-07-27T17:22:39.333+0800: 13.369: [CMS-concurrent-mark-start]
2024-07-27T17:22:39.335+0800: 13.371: [CMS-concurrent-mark: 0.002/0.002 secs] [Times: user=0.00 sys=0.00, real=0.00 secs] 
2024-07-27T17:22:39.335+0800: 13.371: [CMS-concurrent-preclean-start]
2024-07-27T17:22:39.336+0800: 13.371: [CMS-concurrent-preclean: 0.001/0.001 secs] [Times: user=0.00 sys=0.00, real=0.00 secs] 
2024-07-27T17:22:39.336+0800: 13.371: [CMS-concurrent-abortable-preclean-start]
Heap
 par new generation   total 78656K, used 29414K [0x00000000a0000000, 0x00000000a5550000, 0x00000000c0000000)
  eden space 69952K,  30% used [0x00000000a0000000, 0x00000000a14b99c8, 0x00000000a4450000)
  from space 8704K,  94% used [0x00000000a4cd0000, 0x00000000a54d0080, 0x00000000a5550000)
  to   space 8704K,   0% used [0x00000000a4450000, 0x00000000a4450000, 0x00000000a4cd0000)
 concurrent mark-sweep generation total 569416K, used 353937K [0x00000000c0000000, 0x00000000e2c12000, 0x0000000100000000)
 Metaspace       used 2942K, capacity 4486K, committed 4864K, reserved 1056768K
  class space    used 305K, capacity 386K, committed 512K, reserved 1048576K
2024-07-27T17:22:39.440+0800: 13.475: Application time: 0.1068485 seconds
