OpenJDK 64-Bit Server VM (25.412-b1) for windows-amd64 JRE (1.8.0_412-b1), built on Apr 23 2024 12:00:37 by "Administrator" with MS VC++ 10.0 (VS2010)
Memory: 4k page, physical 16672068k(6564600k free), swap 19162436k(5503712k free)
CommandLine flags: -XX:GCDrainStackTargetSize=64 -XX:InitialHeapSize=266753088 -XX:MaxHeapSize=1744830464 -XX:MaxNewSize=581611520 -XX:MaxTenuringThreshold=6 -XX:OldPLABSize=16 -XX:+PrintGC -XX:+PrintGCApplicationConcurrentTime -XX:+PrintGCApplicationStoppedTime -XX:+PrintGCDateStamps -XX:+PrintGCDetails -XX:+PrintGCTimeStamps -XX:+UseCompressedClassPointers -XX:+UseCompressedOops -XX:+UseConcMarkSweepGC -XX:-UseLargePagesIndividualAllocation -XX:+UseParNewGC 
2024-07-27T17:22:39.617+0800: 0.106: Application time: 0.0361368 seconds
2024-07-27T17:22:39.618+0800: 0.106: [GC (Allocation Failure) 2024-07-27T17:22:39.618+0800: 0.107: [ParNew: 68984K->7951K(78656K), 0.0357204 secs] 68984K->68370K(253440K), 0.0358836 secs] [Times: user=0.03 sys=0.03, real=0.04 secs] 
2024-07-27T17:22:39.653+0800: 0.142: Total time for which application threads were stopped: 0.0360270 seconds, Stopping threads took: 0.0000352 seconds
2024-07-27T17:22:39.769+0800: 0.258: Application time: 0.1157827 seconds
2024-07-27T17:22:39.769+0800: 0.258: [GC (Allocation Failure) 2024-07-27T17:22:39.769+0800: 0.258: [ParNew: 76921K->8533K(78656K), 0.0271322 secs] 137340K->137184K(253440K), 0.0271920 secs] [Times: user=0.06 sys=0.01, real=0.03 secs] 
2024-07-27T17:22:39.796+0800: 0.285: Total time for which application threads were stopped: 0.0273023 seconds, Stopping threads took: 0.0000200 seconds
2024-07-27T17:22:39.797+0800: 0.286: Application time: 0.0002774 seconds
2024-07-27T17:22:39.797+0800: 0.286: [GC (CMS Initial Mark) [1 CMS-initial-mark: 128651K(174784K)] 140611K(253440K), 0.0008042 secs] [Times: user=0.00 sys=0.00, real=0.00 secs] 
2024-07-27T17:22:39.797+0800: 0.287: Total time for which application threads were stopped: 0.0008828 seconds, Stopping threads took: 0.0000399 seconds
2024-07-27T17:22:39.798+0800: 0.287: [CMS-concurrent-mark-start]
2024-07-27T17:22:39.801+0800: 0.290: [CMS-concurrent-mark: 0.004/0.004 secs] [Times: user=0.00 sys=0.00, real=0.00 secs] 
2024-07-27T17:22:39.801+0800: 0.290: [CMS-concurrent-preclean-start]
2024-07-27T17:22:39.802+0800: 0.291: [CMS-concurrent-preclean: 0.001/0.001 secs] [Times: user=0.03 sys=0.00, real=0.00 secs] 
2024-07-27T17:22:39.802+0800: 0.291: [CMS-concurrent-abortable-preclean-start]
2024-07-27T17:22:39.906+0800: 0.395: Application time: 0.1085467 seconds
2024-07-27T17:22:39.906+0800: 0.395: [GC (Allocation Failure) 2024-07-27T17:22:39.906+0800: 0.395: [ParNew: 77496K->28K(78656K), 0.0010353 secs] 206148K->128681K(253440K), 0.0010929 secs] [Times: user=0.00 sys=0.00, real=0.00 secs] 
2024-07-27T17:22:39.907+0800: 0.396: Total time for which application threads were stopped: 0.0012165 seconds, Stopping threads took: 0.0000357 seconds
2024-07-27T17:22:39.912+0800: 0.401: Application time: 0.0044666 seconds
2024-07-27T17:22:39.912+0800: 0.401: [GC (Allocation Failure) 2024-07-27T17:22:39.912+0800: 0.401: [ParNew: 68996K->8196K(78656K), 0.0298821 secs] 197650K->197266K(268860K), 0.0299432 secs] [Times: user=0.03 sys=0.00, real=0.03 secs] 
2024-07-27T17:22:39.942+0800: 0.431: Total time for which application threads were stopped: 0.0300383 seconds, Stopping threads took: 0.0000138 seconds
2024-07-27T17:22:40.049+0800: 0.538: Application time: 0.1074284 seconds
2024-07-27T17:22:40.049+0800: 0.538: [GC (Allocation Failure) 2024-07-27T17:22:40.049+0800: 0.538: [ParNew: 77168K->8192K(78656K), 0.0244347 secs] 266238K->265872K(337736K), 0.0245073 secs] [Times: user=0.05 sys=0.03, real=0.02 secs] 
2024-07-27T17:22:40.074+0800: 0.563: Total time for which application threads were stopped: 0.0246157 seconds, Stopping threads took: 0.0000199 seconds
2024-07-27T17:22:40.074+0800: 0.563: [CMS-concurrent-abortable-preclean: 0.004/0.272 secs] [Times: user=0.09 sys=0.03, real=0.27 secs] 
2024-07-27T17:22:40.074+0800: 0.563: Application time: 0.0003135 seconds
2024-07-27T17:22:40.074+0800: 0.563: [GC (CMS Final Remark) [YG occupancy: 12652 K (78656 K)]2024-07-27T17:22:40.074+0800: 0.563: [Rescan (parallel) , 0.0009620 secs]2024-07-27T17:22:40.075+0800: 0.564: [weak refs processing, 0.0000126 secs]2024-07-27T17:22:40.075+0800: 0.564: [class unloading, 0.0002120 secs]2024-07-27T17:22:40.076+0800: 0.565: [scrub symbol table, 0.0003364 secs]2024-07-27T17:22:40.076+0800: 0.565: [scrub string table, 0.0001100 secs][1 CMS-remark: 257680K(259080K)] 270332K(337736K), 0.0017499 secs] [Times: user=0.00 sys=0.00, real=0.00 secs] 
2024-07-27T17:22:40.076+0800: 0.565: Total time for which application threads were stopped: 0.0019260 seconds, Stopping threads took: 0.0001403 seconds
2024-07-27T17:22:40.076+0800: 0.565: [CMS-concurrent-sweep-start]
2024-07-27T17:22:40.078+0800: 0.567: [CMS-concurrent-sweep: 0.002/0.002 secs] [Times: user=0.00 sys=0.00, real=0.00 secs] 
2024-07-27T17:22:40.080+0800: 0.569: [CMS-concurrent-reset-start]
2024-07-27T17:22:40.088+0800: 0.577: [CMS-concurrent-reset: 0.008/0.008 secs] [Times: user=0.00 sys=0.02, real=0.01 secs] 
2024-07-27T17:22:40.188+0800: 0.677: Application time: 0.1119997 seconds
2024-07-27T17:22:40.188+0800: 0.677: [GC (Allocation Failure) 2024-07-27T17:22:40.188+0800: 0.677: [ParNew: 77165K->1024K(78656K), 0.0012473 secs] 334844K->258703K(508124K), 0.0013087 secs] [Times: user=0.00 sys=0.00, real=0.00 secs] 
2024-07-27T17:22:40.190+0800: 0.679: Total time for which application threads were stopped: 0.0014430 seconds, Stopping threads took: 0.0000294 seconds
2024-07-27T17:22:40.190+0800: 0.679: Application time: 0.0001780 seconds
2024-07-27T17:22:40.190+0800: 0.679: [GC (CMS Initial Mark) [1 CMS-initial-mark: 257679K(429468K)] 262140K(508124K), 0.0008206 secs] [Times: user=0.00 sys=0.00, real=0.00 secs] 
2024-07-27T17:22:40.191+0800: 0.680: Total time for which application threads were stopped: 0.0009538 seconds, Stopping threads took: 0.0000928 seconds
2024-07-27T17:22:40.191+0800: 0.680: [CMS-concurrent-mark-start]
2024-07-27T17:22:40.195+0800: 0.684: [CMS-concurrent-mark: 0.004/0.004 secs] [Times: user=0.05 sys=0.00, real=0.00 secs] 
2024-07-27T17:22:40.195+0800: 0.684: [CMS-concurrent-preclean-start]
2024-07-27T17:22:40.196+0800: 0.685: [CMS-concurrent-preclean: 0.001/0.001 secs] [Times: user=0.00 sys=0.00, real=0.00 secs] 
2024-07-27T17:22:40.196+0800: 0.685: Application time: 0.0049602 seconds
2024-07-27T17:22:40.196+0800: 0.685: [GC (Allocation Failure) 2024-07-27T17:22:40.196+0800: 0.685: [ParNew: 69998K->8192K(78656K), 0.0374715 secs] 327677K->327312K(508124K), 0.0375171 secs] [Times: user=0.05 sys=0.02, real=0.04 secs] 
2024-07-27T17:22:40.233+0800: 0.722: Total time for which application threads were stopped: 0.0376093 seconds, Stopping threads took: 0.0000123 seconds
2024-07-27T17:22:40.234+0800: 0.723: Application time: 0.0002902 seconds
2024-07-27T17:22:40.234+0800: 0.723: [GC (CMS Final Remark) [YG occupancy: 12654 K (78656 K)]2024-07-27T17:22:40.234+0800: 0.723: [Rescan (parallel) , 0.0006438 secs]2024-07-27T17:22:40.234+0800: 0.723: [weak refs processing, 0.0000127 secs]2024-07-27T17:22:40.234+0800: 0.723: [class unloading, 0.0002542 secs]2024-07-27T17:22:40.235+0800: 0.724: [scrub symbol table, 0.0003107 secs]2024-07-27T17:22:40.235+0800: 0.724: [scrub string table, 0.0000903 secs][1 CMS-remark: 319120K(429468K)] 331774K(508124K), 0.0013795 secs] [Times: user=0.00 sys=0.00, real=0.00 secs] 
2024-07-27T17:22:40.235+0800: 0.724: Total time for which application threads were stopped: 0.0014986 seconds, Stopping threads took: 0.0000841 seconds
2024-07-27T17:22:40.235+0800: 0.724: [CMS-concurrent-sweep-start]
2024-07-27T17:22:40.237+0800: 0.726: [CMS-concurrent-sweep: 0.002/0.002 secs] [Times: user=0.00 sys=0.00, real=0.00 secs] 
2024-07-27T17:22:40.237+0800: 0.726: [CMS-concurrent-reset-start]
2024-07-27T17:22:40.238+0800: 0.727: [CMS-concurrent-reset: 0.001/0.001 secs] [Times: user=0.00 sys=0.00, real=0.00 secs] 
2024-07-27T17:22:40.346+0800: 0.835: Application time: 0.1111750 seconds
2024-07-27T17:22:40.346+0800: 0.835: [GC (Allocation Failure) 2024-07-27T17:22:40.346+0800: 0.835: [ParNew: 77167K->8192K(78656K), 0.0117372 secs] 139259K->138893K(508124K), 0.0118001 secs] [Times: user=0.03 sys=0.00, real=0.01 secs] 
2024-07-27T17:22:40.358+0800: 0.847: Total time for which application threads were stopped: 0.0119198 seconds, Stopping threads took: 0.0000203 seconds
2024-07-27T17:22:40.470+0800: 0.959: Application time: 0.1116945 seconds
2024-07-27T17:22:40.470+0800: 0.959: [GC (Allocation Failure) 2024-07-27T17:22:40.470+0800: 0.959: [ParNew: 77167K->2048K(78656K), 0.0017690 secs] 207869K->132749K(508124K), 0.0018213 secs] [Times: user=0.00 sys=0.00, real=0.00 secs] 
2024-07-27T17:22:40.472+0800: 0.961: Total time for which application threads were stopped: 0.0019434 seconds, Stopping threads took: 0.0000241 seconds
2024-07-27T17:22:40.477+0800: 0.966: Application time: 0.0049731 seconds
2024-07-27T17:22:40.477+0800: 0.966: [GC (Allocation Failure) 2024-07-27T17:22:40.477+0800: 0.966: [ParNew: 71024K->8192K(78656K), 0.0147897 secs] 201725K->201358K(508124K), 0.0148408 secs] [Times: user=0.03 sys=0.00, real=0.02 secs] 
2024-07-27T17:22:40.492+0800: 0.981: Total time for which application threads were stopped: 0.0149394 seconds, Stopping threads took: 0.0000143 seconds
2024-07-27T17:22:40.492+0800: 0.981: Application time: 0.0001557 seconds
2024-07-27T17:22:40.492+0800: 0.981: [GC (CMS Initial Mark) [1 CMS-initial-mark: 193166K(429468K)] 204797K(508124K), 0.0008559 secs] [Times: user=0.00 sys=0.00, real=0.00 secs] 
2024-07-27T17:22:40.493+0800: 0.982: Total time for which application threads were stopped: 0.0010426 seconds, Stopping threads took: 0.0001430 seconds
2024-07-27T17:22:40.493+0800: 0.982: [CMS-concurrent-mark-start]
2024-07-27T17:22:40.496+0800: 0.985: [CMS-concurrent-mark: 0.003/0.003 secs] [Times: user=0.00 sys=0.00, real=0.00 secs] 
2024-07-27T17:22:40.496+0800: 0.985: [CMS-concurrent-preclean-start]
2024-07-27T17:22:40.496+0800: 0.985: [CMS-concurrent-preclean: 0.001/0.001 secs] [Times: user=0.00 sys=0.00, real=0.00 secs] 
2024-07-27T17:22:40.496+0800: 0.985: [CMS-concurrent-abortable-preclean-start]
2024-07-27T17:22:40.598+0800: 1.087: Application time: 0.1052546 seconds
2024-07-27T17:22:40.599+0800: 1.087: [GC (Allocation Failure) 2024-07-27T17:22:40.599+0800: 1.087: [ParNew2024-07-27T17:22:40.612+0800: 1.100: [CMS-concurrent-abortable-preclean: 0.001/0.115 secs] [Times: user=0.02 sys=0.00, real=0.12 secs] 
: 77168K->8192K(78656K), 0.0371063 secs] 270334K->269967K(508124K), 0.0371698 secs] [Times: user=0.08 sys=0.00, real=0.04 secs] 
2024-07-27T17:22:40.636+0800: 1.125: Total time for which application threads were stopped: 0.0372799 seconds, Stopping threads took: 0.0000202 seconds
2024-07-27T17:22:40.636+0800: 1.125: Application time: 0.0003176 seconds
2024-07-27T17:22:40.636+0800: 1.125: [GC (CMS Final Remark) [YG occupancy: 12655 K (78656 K)]2024-07-27T17:22:40.636+0800: 1.125: [Rescan (parallel) , 0.0009556 secs]2024-07-27T17:22:40.637+0800: 1.126: [weak refs processing, 0.0000128 secs]2024-07-27T17:22:40.637+0800: 1.126: [class unloading, 0.0001903 secs]2024-07-27T17:22:40.637+0800: 1.126: [scrub symbol table, 0.0003422 secs]2024-07-27T17:22:40.638+0800: 1.127: [scrub string table, 0.0001003 secs][1 CMS-remark: 261775K(429468K)] 274430K(508124K), 0.0016656 secs] [Times: user=0.00 sys=0.00, real=0.00 secs] 
2024-07-27T17:22:40.638+0800: 1.127: Total time for which application threads were stopped: 0.0018597 seconds, Stopping threads took: 0.0001583 seconds
2024-07-27T17:22:40.638+0800: 1.127: [CMS-concurrent-sweep-start]
2024-07-27T17:22:40.640+0800: 1.128: [CMS-concurrent-sweep: 0.001/0.001 secs] [Times: user=0.00 sys=0.00, real=0.00 secs] 
2024-07-27T17:22:40.640+0800: 1.128: [CMS-concurrent-reset-start]
2024-07-27T17:22:40.642+0800: 1.131: [CMS-concurrent-reset: 0.002/0.002 secs] [Times: user=0.00 sys=0.00, real=0.00 secs] 
2024-07-27T17:22:40.754+0800: 1.243: Application time: 0.1165484 seconds
2024-07-27T17:22:40.754+0800: 1.243: [GC (Allocation Failure) 2024-07-27T17:22:40.754+0800: 1.243: [ParNew: 77168K->3072K(78656K), 0.0016050 secs] 208893K->134797K(508124K), 0.0016692 secs] [Times: user=0.00 sys=0.00, real=0.00 secs] 
2024-07-27T17:22:40.756+0800: 1.245: Total time for which application threads were stopped: 0.0017819 seconds, Stopping threads took: 0.0000208 seconds
2024-07-27T17:22:40.760+0800: 1.249: Application time: 0.0043330 seconds
2024-07-27T17:22:40.760+0800: 1.249: [GC (Allocation Failure) 2024-07-27T17:22:40.760+0800: 1.249: [ParNew: 72048K->8192K(78656K), 0.0269377 secs] 203773K->203406K(508124K), 0.0269858 secs] [Times: user=0.05 sys=0.02, real=0.03 secs] 
2024-07-27T17:22:40.787+0800: 1.276: Total time for which application threads were stopped: 0.0270826 seconds, Stopping threads took: 0.0000147 seconds
2024-07-27T17:22:40.788+0800: 1.277: Application time: 0.0002589 seconds
2024-07-27T17:22:40.788+0800: 1.277: [GC (CMS Initial Mark) [1 CMS-initial-mark: 195214K(429468K)] 206846K(508124K), 0.0008093 secs] [Times: user=0.00 sys=0.00, real=0.00 secs] 
2024-07-27T17:22:40.789+0800: 1.278: Total time for which application threads were stopped: 0.0009715 seconds, Stopping threads took: 0.0001210 seconds
2024-07-27T17:22:40.789+0800: 1.278: [CMS-concurrent-mark-start]
2024-07-27T17:22:40.791+0800: 1.280: [CMS-concurrent-mark: 0.002/0.002 secs] [Times: user=0.00 sys=0.00, real=0.00 secs] 
2024-07-27T17:22:40.791+0800: 1.280: [CMS-concurrent-preclean-start]
2024-07-27T17:22:40.792+0800: 1.281: [CMS-concurrent-preclean: 0.001/0.001 secs] [Times: user=0.00 sys=0.00, real=0.00 secs] 
2024-07-27T17:22:40.792+0800: 1.281: [CMS-concurrent-abortable-preclean-start]
2024-07-27T17:22:40.900+0800: 1.389: Application time: 0.1113402 seconds
2024-07-27T17:22:40.900+0800: 1.389: [GC (Allocation Failure) 2024-07-27T17:22:40.900+0800: 1.389: [ParNew: 77168K->8192K(78656K), 0.0120646 secs] 272383K->272015K(508124K), 0.0121230 secs] [Times: user=0.03 sys=0.00, real=0.01 secs] 
2024-07-27T17:22:40.912+0800: 1.401: Total time for which application threads were stopped: 0.0122354 seconds, Stopping threads took: 0.0000196 seconds
2024-07-27T17:22:41.024+0800: 1.513: Application time: 0.1114713 seconds
2024-07-27T17:22:41.024+0800: 1.513: [GC (Allocation Failure) 2024-07-27T17:22:41.024+0800: 1.513: [ParNew: 77168K->4096K(78656K), 0.0015586 secs] 340992K->267919K(508124K), 0.0016065 secs] [Times: user=0.00 sys=0.00, real=0.00 secs] 
2024-07-27T17:22:41.025+0800: 1.514: Total time for which application threads were stopped: 0.0017199 seconds, Stopping threads took: 0.0000249 seconds
2024-07-27T17:22:41.030+0800: 1.519: Application time: 0.0043987 seconds
2024-07-27T17:22:41.030+0800: 1.519: [GC (Allocation Failure) 2024-07-27T17:22:41.030+0800: 1.519: [ParNew: 73072K->8192K(78656K), 0.0118004 secs] 336896K->336528K(508124K), 0.0118472 secs] [Times: user=0.03 sys=0.00, real=0.01 secs] 
2024-07-27T17:22:41.042+0800: 1.531: Total time for which application threads were stopped: 0.0119432 seconds, Stopping threads took: 0.0000145 seconds
2024-07-27T17:22:41.042+0800: 1.531: [CMS-concurrent-abortable-preclean: 0.005/0.250 secs] [Times: user=0.06 sys=0.00, real=0.25 secs] 
2024-07-27T17:22:41.042+0800: 1.531: Application time: 0.0003023 seconds
2024-07-27T17:22:41.042+0800: 1.531: [GC (CMS Final Remark) [YG occupancy: 12655 K (78656 K)]2024-07-27T17:22:41.042+0800: 1.531: [Rescan (parallel) , 0.0008136 secs]2024-07-27T17:22:41.043+0800: 1.532: [weak refs processing, 0.0000125 secs]2024-07-27T17:22:41.043+0800: 1.532: [class unloading, 0.0001912 secs]2024-07-27T17:22:41.043+0800: 1.532: [scrub symbol table, 0.0003437 secs]2024-07-27T17:22:41.044+0800: 1.533: [scrub string table, 0.0000999 secs][1 CMS-remark: 328336K(429468K)] 340992K(508124K), 0.0015233 secs] [Times: user=0.00 sys=0.00, real=0.00 secs] 
2024-07-27T17:22:41.044+0800: 1.533: Total time for which application threads were stopped: 0.0016527 seconds, Stopping threads took: 0.0000937 seconds
2024-07-27T17:22:41.044+0800: 1.533: [CMS-concurrent-sweep-start]
2024-07-27T17:22:41.045+0800: 1.534: [CMS-concurrent-sweep: 0.001/0.001 secs] [Times: user=0.00 sys=0.00, real=0.00 secs] 
2024-07-27T17:22:41.045+0800: 1.535: [CMS-concurrent-reset-start]
2024-07-27T17:22:41.047+0800: 1.536: [CMS-concurrent-reset: 0.001/0.001 secs] [Times: user=0.00 sys=0.00, real=0.00 secs] 
2024-07-27T17:22:41.151+0800: 1.640: Application time: 0.1068759 seconds
2024-07-27T17:22:41.151+0800: 1.640: [GC (Allocation Failure) 2024-07-27T17:22:41.151+0800: 1.640: [ParNew: 77168K->8192K(78656K), 0.0119260 secs] 274431K->274063K(508124K), 0.0119847 secs] [Times: user=0.03 sys=0.00, real=0.01 secs] 
2024-07-27T17:22:41.163+0800: 1.652: Total time for which application threads were stopped: 0.0120937 seconds, Stopping threads took: 0.0000199 seconds
2024-07-27T17:22:41.163+0800: 1.652: Application time: 0.0002285 seconds
2024-07-27T17:22:41.163+0800: 1.652: [GC (CMS Initial Mark) [1 CMS-initial-mark: 265871K(429468K)] 277503K(508124K), 0.0004978 secs] [Times: user=0.00 sys=0.00, real=0.00 secs] 
2024-07-27T17:22:41.164+0800: 1.653: Total time for which application threads were stopped: 0.0007100 seconds, Stopping threads took: 0.0001584 seconds
2024-07-27T17:22:41.164+0800: 1.653: [CMS-concurrent-mark-start]
2024-07-27T17:22:41.168+0800: 1.657: [CMS-concurrent-mark: 0.004/0.004 secs] [Times: user=0.00 sys=0.00, real=0.00 secs] 
2024-07-27T17:22:41.168+0800: 1.657: [CMS-concurrent-preclean-start]
2024-07-27T17:22:41.169+0800: 1.658: [CMS-concurrent-preclean: 0.001/0.001 secs] [Times: user=0.00 sys=0.00, real=0.00 secs] 
2024-07-27T17:22:41.169+0800: 1.658: [CMS-concurrent-abortable-preclean-start]
2024-07-27T17:22:41.274+0800: 1.763: Application time: 0.1098792 seconds
2024-07-27T17:22:41.274+0800: 1.763: [GC (Allocation Failure) 2024-07-27T17:22:41.274+0800: 1.763: [ParNew: 77168K->5120K(78656K), 0.0019547 secs] 343040K->270991K(508124K), 0.0020056 secs] [Times: user=0.00 sys=0.00, real=0.00 secs] 
2024-07-27T17:22:41.276+0800: 1.765: Total time for which application threads were stopped: 0.0021279 seconds, Stopping threads took: 0.0000211 seconds
2024-07-27T17:22:41.280+0800: 1.769: Application time: 0.0043141 seconds
2024-07-27T17:22:41.280+0800: 1.769: [GC (Allocation Failure) 2024-07-27T17:22:41.280+0800: 1.769: [ParNew: 74096K->8192K(78656K), 0.0116830 secs] 339968K->339600K(508124K), 0.0117303 secs] [Times: user=0.03 sys=0.00, real=0.01 secs] 
2024-07-27T17:22:41.292+0800: 1.781: Total time for which application threads were stopped: 0.0118251 seconds, Stopping threads took: 0.0000142 seconds
2024-07-27T17:22:41.402+0800: 1.892: Application time: 0.1109645 seconds
2024-07-27T17:22:41.402+0800: 1.892: [GC (Allocation Failure) 2024-07-27T17:22:41.403+0800: 1.892: [ParNew: 77168K->8192K(78656K), 0.0117853 secs] 408577K->408209K(508124K), 0.0118478 secs] [Times: user=0.03 sys=0.00, real=0.01 secs] 
2024-07-27T17:22:41.414+0800: 1.904: Total time for which application threads were stopped: 0.0119576 seconds, Stopping threads took: 0.0000198 seconds
2024-07-27T17:22:41.414+0800: 1.904: [CMS-concurrent-abortable-preclean: 0.005/0.246 secs] [Times: user=0.06 sys=0.00, real=0.25 secs] 
2024-07-27T17:22:41.415+0800: 1.904: Application time: 0.0003258 seconds
2024-07-27T17:22:41.415+0800: 1.904: [GC (CMS Final Remark) [YG occupancy: 13679 K (78656 K)]2024-07-27T17:22:41.415+0800: 1.904: [Rescan (parallel) , 0.0007079 secs]2024-07-27T17:22:41.416+0800: 1.905: [weak refs processing, 0.0000194 secs]2024-07-27T17:22:41.416+0800: 1.905: [class unloading, 0.0001675 secs]2024-07-27T17:22:41.416+0800: 1.905: [scrub symbol table, 0.0003118 secs]2024-07-27T17:22:41.416+0800: 1.906: [scrub string table, 0.0000917 secs][1 CMS-remark: 400017K(429468K)] 413697K(508124K), 0.0013669 secs] [Times: user=0.00 sys=0.00, real=0.00 secs] 
2024-07-27T17:22:41.416+0800: 1.906: Total time for which application threads were stopped: 0.0015442 seconds, Stopping threads took: 0.0001408 seconds
2024-07-27T17:22:41.417+0800: 1.906: [CMS-concurrent-sweep-start]
2024-07-27T17:22:41.418+0800: 1.907: [CMS-concurrent-sweep: 0.001/0.001 secs] [Times: user=0.00 sys=0.00, real=0.00 secs] 
2024-07-27T17:22:41.418+0800: 1.907: [CMS-concurrent-reset-start]
2024-07-27T17:22:41.420+0800: 1.910: [CMS-concurrent-reset: 0.002/0.002 secs] [Times: user=0.00 sys=0.00, real=0.00 secs] 
2024-07-27T17:22:41.526+0800: 2.016: Application time: 0.1098489 seconds
2024-07-27T17:22:41.526+0800: 2.016: [GC (Allocation Failure) 2024-07-27T17:22:41.526+0800: 2.016: [ParNew: 77168K->6144K(78656K), 0.0022808 secs] 345088K->274063K(525192K), 0.0023406 secs] [Times: user=0.00 sys=0.00, real=0.00 secs] 
2024-07-27T17:22:41.529+0800: 2.018: Total time for which application threads were stopped: 0.0024560 seconds, Stopping threads took: 0.0000218 seconds
2024-07-27T17:22:41.533+0800: 2.022: Application time: 0.0043322 seconds
2024-07-27T17:22:41.533+0800: 2.022: [GC (Allocation Failure) 2024-07-27T17:22:41.533+0800: 2.022: [ParNew: 75120K->8192K(78656K), 0.0176174 secs] 343040K->342672K(525192K), 0.0176642 secs] [Times: user=0.03 sys=0.00, real=0.02 secs] 
2024-07-27T17:22:41.551+0800: 2.040: Total time for which application threads were stopped: 0.0177590 seconds, Stopping threads took: 0.0000145 seconds
2024-07-27T17:22:41.551+0800: 2.040: Application time: 0.0002453 seconds
2024-07-27T17:22:41.551+0800: 2.040: [GC (CMS Initial Mark) [1 CMS-initial-mark: 334480K(446536K)] 346112K(525192K), 0.0008445 secs] [Times: user=0.00 sys=0.00, real=0.00 secs] 
2024-07-27T17:22:41.552+0800: 2.041: Total time for which application threads were stopped: 0.0010407 seconds, Stopping threads took: 0.0001548 seconds
2024-07-27T17:22:41.552+0800: 2.041: [CMS-concurrent-mark-start]
2024-07-27T17:22:41.554+0800: 2.044: [CMS-concurrent-mark: 0.002/0.002 secs] [Times: user=0.00 sys=0.00, real=0.00 secs] 
2024-07-27T17:22:41.554+0800: 2.044: [CMS-concurrent-preclean-start]
2024-07-27T17:22:41.555+0800: 2.044: [CMS-concurrent-preclean: 0.001/0.001 secs] [Times: user=0.00 sys=0.00, real=0.00 secs] 
2024-07-27T17:22:41.555+0800: 2.044: [CMS-concurrent-abortable-preclean-start]
2024-07-27T17:22:41.671+0800: 2.160: Application time: 0.1187552 seconds
2024-07-27T17:22:41.671+0800: 2.160: [GC (Allocation Failure) 2024-07-27T17:22:41.671+0800: 2.160: [ParNew: 77168K->8192K(78656K), 0.0121092 secs] 411649K->411281K(525192K), 0.0121678 secs] [Times: user=0.03 sys=0.00, real=0.01 secs] 
2024-07-27T17:22:41.683+0800: 2.172: Total time for which application threads were stopped: 0.0122892 seconds, Stopping threads took: 0.0000203 seconds
2024-07-27T17:22:41.796+0800: 2.285: Application time: 0.1126568 seconds
2024-07-27T17:22:41.796+0800: 2.285: [GC (Allocation Failure) 2024-07-27T17:22:41.796+0800: 2.285: [ParNew: 77168K->7168K(78656K), 0.0021813 secs] 480258K->410257K(525192K), 0.0022322 secs] [Times: user=0.00 sys=0.00, real=0.00 secs] 
2024-07-27T17:22:41.798+0800: 2.287: Total time for which application threads were stopped: 0.0023379 seconds, Stopping threads took: 0.0000206 seconds
2024-07-27T17:22:41.802+0800: 2.292: Application time: 0.0042650 seconds
2024-07-27T17:22:41.802+0800: 2.292: [GC (Allocation Failure) 2024-07-27T17:22:41.802+0800: 2.292: [ParNew: 76144K->8192K(78656K), 0.0216966 secs] 479234K->478866K(550892K), 0.0217432 secs] [Times: user=0.03 sys=0.00, real=0.02 secs] 
2024-07-27T17:22:41.824+0800: 2.314: Total time for which application threads were stopped: 0.0218370 seconds, Stopping threads took: 0.0000126 seconds
2024-07-27T17:22:41.824+0800: 2.314: [CMS-concurrent-abortable-preclean: 0.005/0.269 secs] [Times: user=0.08 sys=0.00, real=0.27 secs] 
2024-07-27T17:22:41.824+0800: 2.314: Application time: 0.0003198 seconds
2024-07-27T17:22:41.825+0800: 2.314: [GC (CMS Final Remark) [YG occupancy: 12655 K (78656 K)]2024-07-27T17:22:41.825+0800: 2.314: [Rescan (parallel) , 0.0008957 secs]2024-07-27T17:22:41.826+0800: 2.315: [weak refs processing, 0.0000131 secs]2024-07-27T17:22:41.826+0800: 2.315: [class unloading, 0.0001924 secs]2024-07-27T17:22:41.826+0800: 2.315: [scrub symbol table, 0.0003552 secs]2024-07-27T17:22:41.826+0800: 2.315: [scrub string table, 0.0001004 secs][1 CMS-remark: 470674K(472236K)] 483330K(550892K), 0.0016196 secs] [Times: user=0.00 sys=0.00, real=0.00 secs] 
2024-07-27T17:22:41.826+0800: 2.316: Total time for which application threads were stopped: 0.0018659 seconds, Stopping threads took: 0.0001472 seconds
2024-07-27T17:22:41.827+0800: 2.316: [CMS-concurrent-sweep-start]
2024-07-27T17:22:41.828+0800: 2.317: [CMS-concurrent-sweep: 0.001/0.001 secs] [Times: user=0.00 sys=0.00, real=0.00 secs] 
2024-07-27T17:22:41.828+0800: 2.317: [CMS-concurrent-reset-start]
2024-07-27T17:22:41.829+0800: 2.319: [CMS-concurrent-reset: 0.001/0.001 secs] [Times: user=0.00 sys=0.00, real=0.00 secs] 
2024-07-27T17:22:41.939+0800: 2.428: Application time: 0.1121440 seconds
2024-07-27T17:22:41.939+0800: 2.428: [GC (Allocation Failure) 2024-07-27T17:22:41.939+0800: 2.428: [ParNew: 77168K->8192K(78656K), 0.0118940 secs] 280575K->280207K(550892K), 0.0119521 secs] [Times: user=0.02 sys=0.02, real=0.01 secs] 
2024-07-27T17:22:41.951+0800: 2.440: Total time for which application threads were stopped: 0.0120627 seconds, Stopping threads took: 0.0000198 seconds
2024-07-27T17:22:41.951+0800: 2.440: Application time: 0.0002386 seconds
2024-07-27T17:22:41.951+0800: 2.440: [GC (CMS Initial Mark) [1 CMS-initial-mark: 272015K(472236K)] 283647K(550892K), 0.0006756 secs] [Times: user=0.00 sys=0.00, real=0.00 secs] 
2024-07-27T17:22:41.952+0800: 2.441: Total time for which application threads were stopped: 0.0007930 seconds, Stopping threads took: 0.0000759 seconds
2024-07-27T17:22:41.952+0800: 2.441: [CMS-concurrent-mark-start]
2024-07-27T17:22:41.956+0800: 2.445: [CMS-concurrent-mark: 0.004/0.004 secs] [Times: user=0.00 sys=0.00, real=0.00 secs] 
2024-07-27T17:22:41.956+0800: 2.445: [CMS-concurrent-preclean-start]
2024-07-27T17:22:41.957+0800: 2.446: [CMS-concurrent-preclean: 0.001/0.001 secs] [Times: user=0.00 sys=0.00, real=0.00 secs] 
2024-07-27T17:22:41.957+0800: 2.446: [CMS-concurrent-abortable-preclean-start]
2024-07-27T17:22:42.063+0800: 2.552: Application time: 0.1112161 seconds
2024-07-27T17:22:42.063+0800: 2.552: [GC (Allocation Failure) 2024-07-27T17:22:42.063+0800: 2.552: [ParNew: 77168K->8192K(78656K), 0.0021594 secs] 349184K->280207K(550892K), 0.0022112 secs] [Times: user=0.00 sys=0.00, real=0.00 secs] 
2024-07-27T17:22:42.065+0800: 2.554: Total time for which application threads were stopped: 0.0023285 seconds, Stopping threads took: 0.0000329 seconds
2024-07-27T17:22:42.070+0800: 2.559: Application time: 0.0043414 seconds
2024-07-27T17:22:42.070+0800: 2.559: [GC (Allocation Failure) 2024-07-27T17:22:42.070+0800: 2.559: [ParNew: 77168K->8192K(78656K), 0.0120222 secs] 349184K->348816K(550892K), 0.0120709 secs] [Times: user=0.00 sys=0.00, real=0.01 secs] 
2024-07-27T17:22:42.082+0800: 2.571: Total time for which application threads were stopped: 0.0121658 seconds, Stopping threads took: 0.0000141 seconds
2024-07-27T17:22:42.191+0800: 2.680: Application time: 0.1091080 seconds
2024-07-27T17:22:42.191+0800: 2.680: [GC (Allocation Failure) 2024-07-27T17:22:42.191+0800: 2.680: [ParNew: 77168K->8192K(78656K), 0.0121401 secs] 417793K->417425K(550892K), 0.0121982 secs] [Times: user=0.13 sys=0.00, real=0.01 secs] 
2024-07-27T17:22:42.203+0800: 2.692: Total time for which application threads were stopped: 0.0123068 seconds, Stopping threads took: 0.0000193 seconds
2024-07-27T17:22:42.315+0800: 2.804: Application time: 0.1117067 seconds
2024-07-27T17:22:42.315+0800: 2.804: [GC (Allocation Failure) 2024-07-27T17:22:42.315+0800: 2.804: [ParNew: 77168K->8192K(78656K), 0.0023509 secs] 486402K->418449K(550892K), 0.0024287 secs] [Times: user=0.03 sys=0.00, real=0.00 secs] 
2024-07-27T17:22:42.318+0800: 2.807: Total time for which application threads were stopped: 0.0025415 seconds, Stopping threads took: 0.0000195 seconds
2024-07-27T17:22:42.318+0800: 2.807: [CMS-concurrent-abortable-preclean: 0.010/0.361 secs] [Times: user=0.22 sys=0.00, real=0.36 secs] 
2024-07-27T17:22:42.318+0800: 2.807: Application time: 0.0002916 seconds
2024-07-27T17:22:42.318+0800: 2.807: [GC (CMS Final Remark) [YG occupancy: 13679 K (78656 K)]2024-07-27T17:22:42.318+0800: 2.807: [Rescan (parallel) , 0.0009753 secs]2024-07-27T17:22:42.319+0800: 2.808: [weak refs processing, 0.0000131 secs]2024-07-27T17:22:42.319+0800: 2.808: [class unloading, 0.0001872 secs]2024-07-27T17:22:42.319+0800: 2.808: [scrub symbol table, 0.0003420 secs]2024-07-27T17:22:42.320+0800: 2.809: [scrub string table, 0.0000989 secs][1 CMS-remark: 410257K(472236K)] 423937K(550892K), 0.0016816 secs] [Times: user=0.00 sys=0.00, real=0.00 secs] 
2024-07-27T17:22:42.320+0800: 2.809: Total time for which application threads were stopped: 0.0018555 seconds, Stopping threads took: 0.0001392 seconds
2024-07-27T17:22:42.320+0800: 2.809: [CMS-concurrent-sweep-start]
2024-07-27T17:22:42.322+0800: 2.811: [CMS-concurrent-sweep: 0.002/0.002 secs] [Times: user=0.00 sys=0.00, real=0.00 secs] 
2024-07-27T17:22:42.322+0800: 2.811: [CMS-concurrent-reset-start]
2024-07-27T17:22:42.324+0800: 2.813: [CMS-concurrent-reset: 0.002/0.002 secs] [Times: user=0.00 sys=0.00, real=0.00 secs] 
2024-07-27T17:22:42.325+0800: 2.814: Application time: 0.0051790 seconds
2024-07-27T17:22:42.325+0800: 2.814: [GC (Allocation Failure) 2024-07-27T17:22:42.325+0800: 2.814: [ParNew: 77168K->8192K(78656K), 0.0120485 secs] 352256K->351888K(550892K), 0.0120965 secs] [Times: user=0.03 sys=0.00, real=0.01 secs] 
2024-07-27T17:22:42.337+0800: 2.826: Total time for which application threads were stopped: 0.0121990 seconds, Stopping threads took: 0.0000226 seconds
2024-07-27T17:22:42.337+0800: 2.826: Application time: 0.0002495 seconds
2024-07-27T17:22:42.338+0800: 2.827: [GC (CMS Initial Mark) [1 CMS-initial-mark: 343696K(472236K)] 355328K(550892K), 0.0007736 secs] [Times: user=0.00 sys=0.00, real=0.00 secs] 
2024-07-27T17:22:42.338+0800: 2.827: Total time for which application threads were stopped: 0.0009548 seconds, Stopping threads took: 0.0001398 seconds
2024-07-27T17:22:42.338+0800: 2.828: [CMS-concurrent-mark-start]
2024-07-27T17:22:42.341+0800: 2.830: [CMS-concurrent-mark: 0.002/0.002 secs] [Times: user=0.00 sys=0.00, real=0.00 secs] 
2024-07-27T17:22:42.341+0800: 2.830: [CMS-concurrent-preclean-start]
2024-07-27T17:22:42.341+0800: 2.830: [CMS-concurrent-preclean: 0.001/0.001 secs] [Times: user=0.00 sys=0.00, real=0.00 secs] 
2024-07-27T17:22:42.341+0800: 2.830: [CMS-concurrent-abortable-preclean-start]
2024-07-27T17:22:42.458+0800: 2.947: Application time: 0.1194952 seconds
2024-07-27T17:22:42.458+0800: 2.947: [GC (Allocation Failure) 2024-07-27T17:22:42.458+0800: 2.947: [ParNew: 77168K->8192K(78656K), 0.0118769 secs] 420865K->420497K(550892K), 0.0119348 secs] [Times: user=0.00 sys=0.00, real=0.01 secs] 
2024-07-27T17:22:42.470+0800: 2.959: Total time for which application threads were stopped: 0.0120565 seconds, Stopping threads took: 0.0000195 seconds
2024-07-27T17:22:42.583+0800: 3.072: Application time: 0.1128283 seconds
2024-07-27T17:22:42.583+0800: 3.072: [GC (Allocation Failure) 2024-07-27T17:22:42.583+0800: 3.072: [ParNew: 77168K->8192K(78656K), 0.0025211 secs] 489474K->422545K(550892K), 0.0025694 secs] [Times: user=0.00 sys=0.00, real=0.00 secs] 
2024-07-27T17:22:42.585+0800: 3.074: Total time for which application threads were stopped: 0.0026752 seconds, Stopping threads took: 0.0000185 seconds
2024-07-27T17:22:42.586+0800: 3.075: [CMS-concurrent-abortable-preclean: 0.005/0.244 secs] [Times: user=0.05 sys=0.00, real=0.24 secs] 
2024-07-27T17:22:42.586+0800: 3.075: Application time: 0.0004392 seconds
2024-07-27T17:22:42.586+0800: 3.075: [GC (CMS Final Remark) [YG occupancy: 15727 K (78656 K)]2024-07-27T17:22:42.586+0800: 3.075: [Rescan (parallel) , 0.0008466 secs]2024-07-27T17:22:42.587+0800: 3.076: [weak refs processing, 0.0000127 secs]2024-07-27T17:22:42.587+0800: 3.076: [class unloading, 0.0001751 secs]2024-07-27T17:22:42.587+0800: 3.076: [scrub symbol table, 0.0003432 secs]2024-07-27T17:22:42.587+0800: 3.077: [scrub string table, 0.0001025 secs][1 CMS-remark: 414353K(472236K)] 430081K(550892K), 0.0015455 secs] [Times: user=0.00 sys=0.00, real=0.00 secs] 
2024-07-27T17:22:42.588+0800: 3.077: Total time for which application threads were stopped: 0.0017322 seconds, Stopping threads took: 0.0001515 seconds
2024-07-27T17:22:42.588+0800: 3.077: [CMS-concurrent-sweep-start]
2024-07-27T17:22:42.589+0800: 3.078: [CMS-concurrent-sweep: 0.002/0.002 secs] [Times: user=0.00 sys=0.00, real=0.00 secs] 
2024-07-27T17:22:42.589+0800: 3.079: [CMS-concurrent-reset-start]
2024-07-27T17:22:42.592+0800: 3.081: [CMS-concurrent-reset: 0.002/0.002 secs] [Times: user=0.00 sys=0.00, real=0.00 secs] 
2024-07-27T17:22:42.593+0800: 3.082: Application time: 0.0052400 seconds
2024-07-27T17:22:42.593+0800: 3.082: [GC (Allocation Failure) 2024-07-27T17:22:42.593+0800: 3.082: [ParNew: 77168K->8192K(78656K), 0.0129426 secs] 218110K->217742K(550892K), 0.0129889 secs] [Times: user=0.03 sys=0.00, real=0.01 secs] 
2024-07-27T17:22:42.606+0800: 3.095: Total time for which application threads were stopped: 0.0130830 seconds, Stopping threads took: 0.0000128 seconds
2024-07-27T17:22:42.606+0800: 3.095: Application time: 0.0002542 seconds
2024-07-27T17:22:42.606+0800: 3.095: [GC (CMS Initial Mark) [1 CMS-initial-mark: 209550K(472236K)] 221182K(550892K), 0.0009229 secs] [Times: user=0.00 sys=0.00, real=0.00 secs] 
2024-07-27T17:22:42.607+0800: 3.096: Total time for which application threads were stopped: 0.0010412 seconds, Stopping threads took: 0.0000774 seconds
2024-07-27T17:22:42.607+0800: 3.096: [CMS-concurrent-mark-start]
2024-07-27T17:22:42.609+0800: 3.098: [CMS-concurrent-mark: 0.002/0.002 secs] [Times: user=0.00 sys=0.00, real=0.00 secs] 
2024-07-27T17:22:42.609+0800: 3.098: [CMS-concurrent-preclean-start]
2024-07-27T17:22:42.610+0800: 3.099: [CMS-concurrent-preclean: 0.001/0.001 secs] [Times: user=0.00 sys=0.00, real=0.00 secs] 
2024-07-27T17:22:42.610+0800: 3.099: [CMS-concurrent-abortable-preclean-start]
2024-07-27T17:22:42.725+0800: 3.215: Application time: 0.1184599 seconds
2024-07-27T17:22:42.725+0800: 3.215: [GC (Allocation Failure) 2024-07-27T17:22:42.725+0800: 3.215: [ParNew: 77168K->8192K(78656K), 0.0123487 secs] 286719K->286351K(550892K), 0.0124097 secs] [Times: user=0.00 sys=0.00, real=0.01 secs] 
2024-07-27T17:22:42.738+0800: 3.227: Total time for which application threads were stopped: 0.0125340 seconds, Stopping threads took: 0.0000337 seconds
2024-07-27T17:22:42.848+0800: 3.338: Application time: 0.1105891 seconds
2024-07-27T17:22:42.848+0800: 3.338: [GC (Allocation Failure) 2024-07-27T17:22:42.848+0800: 3.338: [ParNew: 77168K->8192K(78656K), 0.0026027 secs] 355328K->289423K(550892K), 0.0026689 secs] [Times: user=0.00 sys=0.00, real=0.00 secs] 
2024-07-27T17:22:42.851+0800: 3.341: Total time for which application threads were stopped: 0.0027745 seconds, Stopping threads took: 0.0000205 seconds
2024-07-27T17:22:42.855+0800: 3.345: Application time: 0.0043481 seconds
2024-07-27T17:22:42.855+0800: 3.345: [GC (Allocation Failure) 2024-07-27T17:22:42.855+0800: 3.345: [ParNew: 77168K->8192K(78656K), 0.0123335 secs] 358400K->358032K(550892K), 0.0123810 secs] [Times: user=0.03 sys=0.00, real=0.01 secs] 
2024-07-27T17:22:42.869+0800: 3.357: Total time for which application threads were stopped: 0.0124815 seconds, Stopping threads took: 0.0000144 seconds
2024-07-27T17:22:42.869+0800: 3.358: [CMS-concurrent-abortable-preclean: 0.006/0.259 secs] [Times: user=0.11 sys=0.00, real=0.26 secs] 
2024-07-27T17:22:42.869+0800: 3.358: Application time: 0.0003064 seconds
2024-07-27T17:22:42.869+0800: 3.358: [GC (CMS Final Remark) [YG occupancy: 12655 K (78656 K)]2024-07-27T17:22:42.869+0800: 3.358: [Rescan (parallel) , 0.0009858 secs]2024-07-27T17:22:42.870+0800: 3.359: [weak refs processing, 0.0000133 secs]2024-07-27T17:22:42.870+0800: 3.359: [class unloading, 0.0001652 secs]2024-07-27T17:22:42.870+0800: 3.359: [scrub symbol table, 0.0003125 secs]2024-07-27T17:22:42.870+0800: 3.359: [scrub string table, 0.0000967 secs][1 CMS-remark: 349840K(472236K)] 362496K(550892K), 0.0016353 secs] [Times: user=0.00 sys=0.00, real=0.00 secs] 
2024-07-27T17:22:42.871+0800: 3.360: Total time for which application threads were stopped: 0.0017441 seconds, Stopping threads took: 0.0000740 seconds
2024-07-27T17:22:42.871+0800: 3.360: [CMS-concurrent-sweep-start]
2024-07-27T17:22:42.872+0800: 3.361: [CMS-concurrent-sweep: 0.001/0.001 secs] [Times: user=0.00 sys=0.00, real=0.00 secs] 
2024-07-27T17:22:42.872+0800: 3.361: [CMS-concurrent-reset-start]
2024-07-27T17:22:42.873+0800: 3.362: [CMS-concurrent-reset: 0.001/0.001 secs] [Times: user=0.00 sys=0.00, real=0.00 secs] 
2024-07-27T17:22:42.977+0800: 3.466: Application time: 0.1063518 seconds
2024-07-27T17:22:42.977+0800: 3.466: [GC (Allocation Failure) 2024-07-27T17:22:42.977+0800: 3.466: [ParNew: 77168K->8192K(78656K), 0.0118710 secs] 288767K->288399K(550892K), 0.0119570 secs] [Times: user=0.03 sys=0.00, real=0.01 secs] 
2024-07-27T17:22:42.989+0800: 3.478: Total time for which application threads were stopped: 0.0121294 seconds, Stopping threads took: 0.0000197 seconds
2024-07-27T17:22:42.989+0800: 3.478: Application time: 0.0001026 seconds
2024-07-27T17:22:42.989+0800: 3.478: [GC (CMS Initial Mark) [1 CMS-initial-mark: 280207K(472236K)] 289423K(550892K), 0.0002845 secs] [Times: user=0.00 sys=0.00, real=0.00 secs] 
2024-07-27T17:22:42.990+0800: 3.479: Total time for which application threads were stopped: 0.0004310 seconds, Stopping threads took: 0.0000763 seconds
2024-07-27T17:22:42.990+0800: 3.479: [CMS-concurrent-mark-start]
2024-07-27T17:22:42.993+0800: 3.482: [CMS-concurrent-mark: 0.004/0.004 secs] [Times: user=0.00 sys=0.00, real=0.00 secs] 
2024-07-27T17:22:42.994+0800: 3.483: [CMS-concurrent-preclean-start]
2024-07-27T17:22:42.994+0800: 3.483: [CMS-concurrent-preclean: 0.001/0.001 secs] [Times: user=0.00 sys=0.00, real=0.00 secs] 
2024-07-27T17:22:42.994+0800: 3.483: [CMS-concurrent-abortable-preclean-start]
2024-07-27T17:22:43.101+0800: 3.590: Application time: 0.1117521 seconds
2024-07-27T17:22:43.101+0800: 3.590: [GC (Allocation Failure) 2024-07-27T17:22:43.101+0800: 3.590: [ParNew: 77168K->8192K(78656K), 0.0029691 secs] 357376K->292495K(550892K), 0.0030246 secs] [Times: user=0.00 sys=0.00, real=0.00 secs] 
2024-07-27T17:22:43.104+0800: 3.593: Total time for which application threads were stopped: 0.0031302 seconds, Stopping threads took: 0.0000199 seconds
2024-07-27T17:22:43.109+0800: 3.598: Application time: 0.0048293 seconds
2024-07-27T17:22:43.109+0800: 3.598: [GC (Allocation Failure) 2024-07-27T17:22:43.109+0800: 3.598: [ParNew: 77168K->8192K(78656K), 0.0121434 secs] 361472K->361104K(550892K), 0.0121947 secs] [Times: user=0.03 sys=0.00, real=0.01 secs] 
2024-07-27T17:22:43.121+0800: 3.611: Total time for which application threads were stopped: 0.0123062 seconds, Stopping threads took: 0.0000153 seconds
2024-07-27T17:22:43.228+0800: 3.717: Application time: 0.1068690 seconds
2024-07-27T17:22:43.228+0800: 3.718: [GC (Allocation Failure) 2024-07-27T17:22:43.228+0800: 3.718: [ParNew: 77168K->8192K(78656K), 0.0118026 secs] 430081K->429713K(550892K), 0.0118609 secs] [Times: user=0.03 sys=0.00, real=0.01 secs] 
2024-07-27T17:22:43.240+0800: 3.729: Total time for which application threads were stopped: 0.0119697 seconds, Stopping threads took: 0.0000198 seconds
2024-07-27T17:22:43.352+0800: 3.841: Application time: 0.1114050 seconds
2024-07-27T17:22:43.352+0800: 3.841: [GC (Allocation Failure) 2024-07-27T17:22:43.352+0800: 3.841: [ParNew: 77168K->8192K(78656K), 0.0030364 secs] 498690K->434834K(550892K), 0.0030902 secs] [Times: user=0.00 sys=0.00, real=0.00 secs] 
2024-07-27T17:22:43.354+0800: 3.844: Total time for which application threads were stopped: 0.0031962 seconds, Stopping threads took: 0.0000198 seconds
2024-07-27T17:22:43.355+0800: 3.844: [CMS-concurrent-abortable-preclean: 0.010/0.361 secs] [Times: user=0.06 sys=0.00, real=0.36 secs] 
2024-07-27T17:22:43.355+0800: 3.844: Application time: 0.0003041 seconds
2024-07-27T17:22:43.355+0800: 3.845: [GC (CMS Final Remark) [YG occupancy: 12655 K (78656 K)]2024-07-27T17:22:43.355+0800: 3.845: [Rescan (parallel) , 0.0009304 secs]2024-07-27T17:22:43.356+0800: 3.845: [weak refs processing, 0.0000126 secs]2024-07-27T17:22:43.356+0800: 3.845: [class unloading, 0.0001926 secs]2024-07-27T17:22:43.356+0800: 3.846: [scrub symbol table, 0.0003360 secs]2024-07-27T17:22:43.356+0800: 3.846: [scrub string table, 0.0001032 secs][1 CMS-remark: 426641K(472236K)] 439297K(550892K), 0.0016406 secs] [Times: user=0.00 sys=0.00, real=0.00 secs] 
2024-07-27T17:22:43.357+0800: 3.846: Total time for which application threads were stopped: 0.0018163 seconds, Stopping threads took: 0.0001411 seconds
2024-07-27T17:22:43.357+0800: 3.846: [CMS-concurrent-sweep-start]
2024-07-27T17:22:43.358+0800: 3.848: [CMS-concurrent-sweep: 0.001/0.001 secs] [Times: user=0.00 sys=0.00, real=0.00 secs] 
2024-07-27T17:22:43.358+0800: 3.848: [CMS-concurrent-reset-start]
2024-07-27T17:22:43.361+0800: 3.850: [CMS-concurrent-reset: 0.002/0.002 secs] [Times: user=0.00 sys=0.00, real=0.00 secs] 
2024-07-27T17:22:43.362+0800: 3.851: Application time: 0.0052480 seconds
2024-07-27T17:22:43.362+0800: 3.851: [GC (Allocation Failure) 2024-07-27T17:22:43.362+0800: 3.851: [ParNew: 77168K->8192K(78656K), 0.0145881 secs] 364544K->364176K(557616K), 0.0146389 secs] [Times: user=0.03 sys=0.00, real=0.02 secs] 
2024-07-27T17:22:43.377+0800: 3.866: Total time for which application threads were stopped: 0.0147378 seconds, Stopping threads took: 0.0000119 seconds
2024-07-27T17:22:43.377+0800: 3.866: Application time: 0.0002416 seconds
2024-07-27T17:22:43.377+0800: 3.867: [GC (CMS Initial Mark) [1 CMS-initial-mark: 355984K(478960K)] 367616K(557616K), 0.0007832 secs] [Times: user=0.00 sys=0.00, real=0.00 secs] 
2024-07-27T17:22:43.378+0800: 3.867: Total time for which application threads were stopped: 0.0009832 seconds, Stopping threads took: 0.0001581 seconds
2024-07-27T17:22:43.378+0800: 3.867: [CMS-concurrent-mark-start]
2024-07-27T17:22:43.380+0800: 3.870: [CMS-concurrent-mark: 0.002/0.002 secs] [Times: user=0.05 sys=0.00, real=0.00 secs] 
2024-07-27T17:22:43.380+0800: 3.870: [CMS-concurrent-preclean-start]
2024-07-27T17:22:43.381+0800: 3.870: [CMS-concurrent-preclean: 0.001/0.001 secs] [Times: user=0.00 sys=0.00, real=0.00 secs] 
2024-07-27T17:22:43.381+0800: 3.870: [CMS-concurrent-abortable-preclean-start]
2024-07-27T17:22:43.496+0800: 3.985: Application time: 0.1174703 seconds
2024-07-27T17:22:43.496+0800: 3.985: [GC (Allocation Failure) 2024-07-27T17:22:43.496+0800: 3.985: [ParNew: 77168K->8192K(78656K), 0.0118278 secs] 433153K->432785K(557616K), 0.0118892 secs] [Times: user=0.03 sys=0.00, real=0.01 secs] 
2024-07-27T17:22:43.507+0800: 3.997: Total time for which application threads were stopped: 0.0119969 seconds, Stopping threads took: 0.0000206 seconds
2024-07-27T17:22:43.620+0800: 4.109: Application time: 0.1117370 seconds
2024-07-27T17:22:43.620+0800: 4.109: Total time for which application threads were stopped: 0.0002409 seconds, Stopping threads took: 0.0001948 seconds
2024-07-27T17:22:43.620+0800: 4.110: Application time: 0.0013102 seconds
2024-07-27T17:22:43.620+0800: 4.110: [GC (Allocation Failure) 2024-07-27T17:22:43.621+0800: 4.110: [ParNew: 77168K->8192K(78656K), 0.0033199 secs] 501762K->438930K(557616K), 0.0033800 secs] [Times: user=0.00 sys=0.00, real=0.00 secs] 
2024-07-27T17:22:43.624+0800: 4.114: Total time for which application threads were stopped: 0.0034817 seconds, Stopping threads took: 0.0000157 seconds
2024-07-27T17:22:43.624+0800: 4.114: [CMS-concurrent-abortable-preclean: 0.006/0.243 secs] [Times: user=0.03 sys=0.00, real=0.24 secs] 
2024-07-27T17:22:43.624+0800: 4.114: Application time: 0.0002957 seconds
2024-07-27T17:22:43.624+0800: 4.114: [GC (CMS Final Remark) [YG occupancy: 12655 K (78656 K)]2024-07-27T17:22:43.624+0800: 4.114: [Rescan (parallel) , 0.0008480 secs]2024-07-27T17:22:43.625+0800: 4.115: [weak refs processing, 0.0000129 secs]2024-07-27T17:22:43.625+0800: 4.115: [class unloading, 0.0001918 secs]2024-07-27T17:22:43.625+0800: 4.115: [scrub symbol table, 0.0003432 secs]2024-07-27T17:22:43.626+0800: 4.115: [scrub string table, 0.0000988 secs][1 CMS-remark: 430737K(478960K)] 443393K(557616K), 0.0015572 secs] [Times: user=0.00 sys=0.00, real=0.00 secs] 
2024-07-27T17:22:43.626+0800: 4.116: Total time for which application threads were stopped: 0.0016700 seconds, Stopping threads took: 0.0000740 seconds
2024-07-27T17:22:43.626+0800: 4.116: [CMS-concurrent-sweep-start]
2024-07-27T17:22:43.628+0800: 4.118: [CMS-concurrent-sweep: 0.002/0.002 secs] [Times: user=0.00 sys=0.00, real=0.00 secs] 
2024-07-27T17:22:43.628+0800: 4.118: [CMS-concurrent-reset-start]
2024-07-27T17:22:43.631+0800: 4.120: [CMS-concurrent-reset: 0.003/0.003 secs] [Times: user=0.03 sys=0.00, real=0.00 secs] 
2024-07-27T17:22:43.631+0800: 4.121: Application time: 0.0055497 seconds
2024-07-27T17:22:43.631+0800: 4.121: [GC (Allocation Failure) 2024-07-27T17:22:43.632+0800: 4.121: [ParNew: 77168K->8192K(78656K), 0.0130556 secs] 226302K->225934K(557616K), 0.0131057 secs] [Times: user=0.00 sys=0.00, real=0.01 secs] 
2024-07-27T17:22:43.645+0800: 4.134: Total time for which application threads were stopped: 0.0132001 seconds, Stopping threads took: 0.0000135 seconds
2024-07-27T17:22:43.645+0800: 4.135: Application time: 0.0002533 seconds
2024-07-27T17:22:43.645+0800: 4.135: [GC (CMS Initial Mark) [1 CMS-initial-mark: 217742K(478960K)] 229374K(557616K), 0.0007765 secs] [Times: user=0.00 sys=0.00, real=0.00 secs] 
2024-07-27T17:22:43.646+0800: 4.136: Total time for which application threads were stopped: 0.0009638 seconds, Stopping threads took: 0.0001463 seconds
2024-07-27T17:22:43.646+0800: 4.136: [CMS-concurrent-mark-start]
2024-07-27T17:22:43.648+0800: 4.138: [CMS-concurrent-mark: 0.002/0.002 secs] [Times: user=0.00 sys=0.00, real=0.00 secs] 
2024-07-27T17:22:43.648+0800: 4.138: [CMS-concurrent-preclean-start]
2024-07-27T17:22:43.649+0800: 4.138: [CMS-concurrent-preclean: 0.001/0.001 secs] [Times: user=0.00 sys=0.00, real=0.00 secs] 
2024-07-27T17:22:43.649+0800: 4.138: [CMS-concurrent-abortable-preclean-start]
2024-07-27T17:22:43.764+0800: 4.254: Application time: 0.1182120 seconds
2024-07-27T17:22:43.764+0800: 4.254: [GC (Allocation Failure) 2024-07-27T17:22:43.764+0800: 4.254: [ParNew: 77168K->8192K(78656K), 0.0120874 secs] 294911K->294543K(557616K), 0.0121759 secs] [Times: user=0.03 sys=0.00, real=0.01 secs] 
2024-07-27T17:22:43.777+0800: 4.266: Total time for which application threads were stopped: 0.0123105 seconds, Stopping threads took: 0.0000185 seconds
2024-07-27T17:22:43.887+0800: 4.376: Application time: 0.1102058 seconds
2024-07-27T17:22:43.887+0800: 4.376: [GC (Allocation Failure) 2024-07-27T17:22:43.887+0800: 4.376: [ParNew: 77168K->8192K(78656K), 0.0034023 secs] 363520K->301711K(557616K), 0.0034572 secs] [Times: user=0.00 sys=0.00, real=0.00 secs] 
2024-07-27T17:22:43.891+0800: 4.380: Total time for which application threads were stopped: 0.0035637 seconds, Stopping threads took: 0.0000200 seconds
2024-07-27T17:22:43.891+0800: 4.380: [CMS-concurrent-abortable-preclean: 0.006/0.242 secs] [Times: user=0.03 sys=0.00, real=0.24 secs] 
2024-07-27T17:22:43.891+0800: 4.380: Application time: 0.0003139 seconds
2024-07-27T17:22:43.891+0800: 4.380: [GC (CMS Final Remark) [YG occupancy: 12655 K (78656 K)]2024-07-27T17:22:43.891+0800: 4.380: [Rescan (parallel) , 0.0007147 secs]2024-07-27T17:22:43.892+0800: 4.381: [weak refs processing, 0.0000129 secs]2024-07-27T17:22:43.892+0800: 4.381: [class unloading, 0.0001898 secs]2024-07-27T17:22:43.892+0800: 4.381: [scrub symbol table, 0.0003367 secs]2024-07-27T17:22:43.892+0800: 4.382: [scrub string table, 0.0001033 secs][1 CMS-remark: 293519K(478960K)] 306175K(557616K), 0.0014187 secs] [Times: user=0.00 sys=0.00, real=0.00 secs] 
2024-07-27T17:22:43.893+0800: 4.382: Total time for which application threads were stopped: 0.0015200 seconds, Stopping threads took: 0.0000675 seconds
2024-07-27T17:22:43.893+0800: 4.382: [CMS-concurrent-sweep-start]
2024-07-27T17:22:43.894+0800: 4.384: [CMS-concurrent-sweep: 0.002/0.002 secs] [Times: user=0.00 sys=0.00, real=0.00 secs] 
2024-07-27T17:22:43.894+0800: 4.384: [CMS-concurrent-reset-start]
2024-07-27T17:22:43.897+0800: 4.386: [CMS-concurrent-reset: 0.002/0.002 secs] [Times: user=0.03 sys=0.00, real=0.00 secs] 
2024-07-27T17:22:43.898+0800: 4.387: Application time: 0.0052835 seconds
2024-07-27T17:22:43.898+0800: 4.387: [GC (Allocation Failure) 2024-07-27T17:22:43.898+0800: 4.387: [ParNew: 77168K->8192K(78656K), 0.0117352 secs] 228350K->227982K(557616K), 0.0117856 secs] [Times: user=0.00 sys=0.00, real=0.01 secs] 
2024-07-27T17:22:43.910+0800: 4.399: Total time for which application threads were stopped: 0.0118788 seconds, Stopping threads took: 0.0000120 seconds
2024-07-27T17:22:43.910+0800: 4.399: Application time: 0.0002240 seconds
2024-07-27T17:22:43.910+0800: 4.399: [GC (CMS Initial Mark) [1 CMS-initial-mark: 219790K(478960K)] 231422K(557616K), 0.0007599 secs] [Times: user=0.00 sys=0.00, real=0.00 secs] 
2024-07-27T17:22:43.911+0800: 4.400: Total time for which application threads were stopped: 0.0008765 seconds, Stopping threads took: 0.0000757 seconds
2024-07-27T17:22:43.911+0800: 4.400: [CMS-concurrent-mark-start]
2024-07-27T17:22:43.913+0800: 4.402: [CMS-concurrent-mark: 0.002/0.002 secs] [Times: user=0.00 sys=0.00, real=0.00 secs] 
2024-07-27T17:22:43.913+0800: 4.402: [CMS-concurrent-preclean-start]
2024-07-27T17:22:43.913+0800: 4.403: [CMS-concurrent-preclean: 0.001/0.001 secs] [Times: user=0.00 sys=0.00, real=0.00 secs] 
2024-07-27T17:22:43.913+0800: 4.403: [CMS-concurrent-abortable-preclean-start]
2024-07-27T17:22:44.016+0800: 4.505: Application time: 0.1053433 seconds
2024-07-27T17:22:44.016+0800: 4.505: [GC (Allocation Failure) 2024-07-27T17:22:44.016+0800: 4.505: [ParNew: 77168K->8192K(78656K), 0.0120959 secs] 296959K->296591K(557616K), 0.0121554 secs] [Times: user=0.03 sys=0.00, real=0.01 secs] 
2024-07-27T17:22:44.029+0800: 4.518: Total time for which application threads were stopped: 0.0122847 seconds, Stopping threads took: 0.0000341 seconds
2024-07-27T17:22:44.140+0800: 4.629: Application time: 0.1114603 seconds
2024-07-27T17:22:44.140+0800: 4.629: [GC (Allocation Failure) 2024-07-27T17:22:44.140+0800: 4.629: [ParNew: 77168K->8192K(78656K), 0.0032935 secs] 365568K->304784K(557616K), 0.0033637 secs] [Times: user=0.00 sys=0.00, real=0.00 secs] 
2024-07-27T17:22:44.143+0800: 4.633: Total time for which application threads were stopped: 0.0034702 seconds, Stopping threads took: 0.0000194 seconds
2024-07-27T17:22:44.144+0800: 4.633: [CMS-concurrent-abortable-preclean: 0.004/0.230 secs] [Times: user=0.03 sys=0.00, real=0.23 secs] 
2024-07-27T17:22:44.144+0800: 4.633: Application time: 0.0002180 seconds
2024-07-27T17:22:44.144+0800: 4.633: [GC (CMS Final Remark) [YG occupancy: 11631 K (78656 K)]2024-07-27T17:22:44.144+0800: 4.633: [Rescan (parallel) , 0.0007098 secs]2024-07-27T17:22:44.144+0800: 4.634: [weak refs processing, 0.0000127 secs]2024-07-27T17:22:44.144+0800: 4.634: [class unloading, 0.0001874 secs]2024-07-27T17:22:44.145+0800: 4.634: [scrub symbol table, 0.0003148 secs]2024-07-27T17:22:44.145+0800: 4.634: [scrub string table, 0.0000912 secs][1 CMS-remark: 296591K(478960K)] 308223K(557616K), 0.0013811 secs] [Times: user=0.00 sys=0.00, real=0.00 secs] 
2024-07-27T17:22:44.145+0800: 4.634: Total time for which application threads were stopped: 0.0014662 seconds, Stopping threads took: 0.0000433 seconds
2024-07-27T17:22:44.145+0800: 4.635: [CMS-concurrent-sweep-start]
2024-07-27T17:22:44.147+0800: 4.636: [CMS-concurrent-sweep: 0.001/0.001 secs] [Times: user=0.03 sys=0.00, real=0.00 secs] 
2024-07-27T17:22:44.147+0800: 4.636: [CMS-concurrent-reset-start]
2024-07-27T17:22:44.149+0800: 4.638: [CMS-concurrent-reset: 0.002/0.002 secs] [Times: user=0.00 sys=0.00, real=0.00 secs] 
2024-07-27T17:22:44.150+0800: 4.640: Application time: 0.0053272 seconds
2024-07-27T17:22:44.151+0800: 4.640: [GC (Allocation Failure) 2024-07-27T17:22:44.151+0800: 4.640: [ParNew: 77168K->8192K(78656K), 0.0118618 secs] 230398K->230030K(557616K), 0.0119092 secs] [Times: user=0.03 sys=0.00, real=0.01 secs] 
2024-07-27T17:22:44.162+0800: 4.652: Total time for which application threads were stopped: 0.0120150 seconds, Stopping threads took: 0.0000126 seconds
2024-07-27T17:22:44.163+0800: 4.652: Application time: 0.0001993 seconds
2024-07-27T17:22:44.163+0800: 4.652: [GC (CMS Initial Mark) [1 CMS-initial-mark: 221838K(478960K)] 233470K(557616K), 0.0008712 secs] [Times: user=0.00 sys=0.00, real=0.00 secs] 
2024-07-27T17:22:44.164+0800: 4.653: Total time for which application threads were stopped: 0.0010896 seconds, Stopping threads took: 0.0001747 seconds
2024-07-27T17:22:44.164+0800: 4.653: [CMS-concurrent-mark-start]
2024-07-27T17:22:44.166+0800: 4.655: [CMS-concurrent-mark: 0.002/0.002 secs] [Times: user=0.00 sys=0.00, real=0.00 secs] 
2024-07-27T17:22:44.166+0800: 4.655: [CMS-concurrent-preclean-start]
2024-07-27T17:22:44.166+0800: 4.655: [CMS-concurrent-preclean: 0.001/0.001 secs] [Times: user=0.00 sys=0.00, real=0.00 secs] 
2024-07-27T17:22:44.166+0800: 4.655: [CMS-concurrent-abortable-preclean-start]
2024-07-27T17:22:44.268+0800: 4.757: Application time: 0.1044947 seconds
2024-07-27T17:22:44.268+0800: 4.757: [GC (Allocation Failure) 2024-07-27T17:22:44.268+0800: 4.757: [ParNew2024-07-27T17:22:44.281+0800: 4.770: [CMS-concurrent-abortable-preclean: 0.001/0.114 secs] [Times: user=0.03 sys=0.00, real=0.12 secs] 
: 77168K->8192K(78656K), 0.0122931 secs] 299007K->298639K(557616K), 0.0123424 secs] [Times: user=0.03 sys=0.00, real=0.01 secs] 
2024-07-27T17:22:44.281+0800: 4.770: Total time for which application threads were stopped: 0.0124515 seconds, Stopping threads took: 0.0000198 seconds
2024-07-27T17:22:44.281+0800: 4.770: Application time: 0.0003079 seconds
2024-07-27T17:22:44.281+0800: 4.770: [GC (CMS Final Remark) [YG occupancy: 13679 K (78656 K)]2024-07-27T17:22:44.281+0800: 4.770: [Rescan (parallel) , 0.0010194 secs]2024-07-27T17:22:44.282+0800: 4.771: [weak refs processing, 0.0000129 secs]2024-07-27T17:22:44.282+0800: 4.771: [class unloading, 0.0001771 secs]2024-07-27T17:22:44.282+0800: 4.772: [scrub symbol table, 0.0003559 secs]2024-07-27T17:22:44.283+0800: 4.772: [scrub string table, 0.0001123 secs][1 CMS-remark: 290447K(478960K)] 304127K(557616K), 0.0017410 secs] [Times: user=0.00 sys=0.00, real=0.00 secs] 
2024-07-27T17:22:44.283+0800: 4.772: Total time for which application threads were stopped: 0.0019395 seconds, Stopping threads took: 0.0001562 seconds
2024-07-27T17:22:44.283+0800: 4.772: [CMS-concurrent-sweep-start]
2024-07-27T17:22:44.285+0800: 4.774: [CMS-concurrent-sweep: 0.002/0.002 secs] [Times: user=0.00 sys=0.00, real=0.00 secs] 
2024-07-27T17:22:44.285+0800: 4.774: [CMS-concurrent-reset-start]
2024-07-27T17:22:44.287+0800: 4.776: [CMS-concurrent-reset: 0.002/0.002 secs] [Times: user=0.03 sys=0.00, real=0.00 secs] 
2024-07-27T17:22:44.392+0800: 4.881: Application time: 0.1092310 seconds
2024-07-27T17:22:44.392+0800: 4.881: [GC (Allocation Failure) 2024-07-27T17:22:44.392+0800: 4.881: [ParNew: 77168K->8192K(78656K), 0.0034338 secs] 223230K->163469K(557616K), 0.0034887 secs] [Times: user=0.03 sys=0.00, real=0.00 secs] 
2024-07-27T17:22:44.396+0800: 4.885: Total time for which application threads were stopped: 0.0035978 seconds, Stopping threads took: 0.0000197 seconds
2024-07-27T17:22:44.400+0800: 4.889: Application time: 0.0043161 seconds
2024-07-27T17:22:44.400+0800: 4.889: [GC (Allocation Failure) 2024-07-27T17:22:44.400+0800: 4.889: [ParNew: 77168K->8192K(78656K), 0.0120775 secs] 232446K->232078K(557616K), 0.0121252 secs] [Times: user=0.03 sys=0.00, real=0.01 secs] 
2024-07-27T17:22:44.412+0800: 4.901: Total time for which application threads were stopped: 0.0122219 seconds, Stopping threads took: 0.0000148 seconds
2024-07-27T17:22:44.413+0800: 4.902: Application time: 0.0001583 seconds
2024-07-27T17:22:44.413+0800: 4.902: [GC (CMS Initial Mark) [1 CMS-initial-mark: 223886K(478960K)] 235518K(557616K), 0.0008535 secs] [Times: user=0.00 sys=0.00, real=0.00 secs] 
2024-07-27T17:22:44.414+0800: 4.903: Total time for which application threads were stopped: 0.0010361 seconds, Stopping threads took: 0.0001411 seconds
2024-07-27T17:22:44.414+0800: 4.903: [CMS-concurrent-mark-start]
2024-07-27T17:22:44.415+0800: 4.905: [CMS-concurrent-mark: 0.002/0.002 secs] [Times: user=0.00 sys=0.00, real=0.00 secs] 
2024-07-27T17:22:44.415+0800: 4.905: [CMS-concurrent-preclean-start]
2024-07-27T17:22:44.416+0800: 4.905: [CMS-concurrent-preclean: 0.001/0.001 secs] [Times: user=0.00 sys=0.00, real=0.00 secs] 
2024-07-27T17:22:44.416+0800: 4.905: [CMS-concurrent-abortable-preclean-start]
2024-07-27T17:22:44.520+0800: 5.010: Application time: 0.1074913 seconds
2024-07-27T17:22:44.521+0800: 5.010: [GC (Allocation Failure) 2024-07-27T17:22:44.521+0800: 5.010: [ParNew: 77168K->8192K(78656K), 0.0118018 secs] 301055K->300687K(557616K), 0.0118606 secs] [Times: user=0.00 sys=0.00, real=0.01 secs] 
2024-07-27T17:22:44.533+0800: 5.022: Total time for which application threads were stopped: 0.0120000 seconds, Stopping threads took: 0.0000200 seconds
2024-07-27T17:22:44.645+0800: 5.134: Application time: 0.1121519 seconds
2024-07-27T17:22:44.645+0800: 5.134: [GC (Allocation Failure) 2024-07-27T17:22:44.645+0800: 5.134: [ParNew: 77168K->8192K(78656K), 0.0040384 secs] 369664K->310928K(557616K), 0.0040960 secs] [Times: user=0.00 sys=0.00, real=0.00 secs] 
2024-07-27T17:22:44.649+0800: 5.139: Total time for which application threads were stopped: 0.0042044 seconds, Stopping threads took: 0.0000187 seconds
2024-07-27T17:22:44.649+0800: 5.139: [CMS-concurrent-abortable-preclean: 0.006/0.233 secs] [Times: user=0.06 sys=0.00, real=0.23 secs] 
2024-07-27T17:22:44.649+0800: 5.139: Application time: 0.0003281 seconds
2024-07-27T17:22:44.649+0800: 5.139: [GC (CMS Final Remark) [YG occupancy: 13679 K (78656 K)]2024-07-27T17:22:44.649+0800: 5.139: [Rescan (parallel) , 0.0007748 secs]2024-07-27T17:22:44.650+0800: 5.140: [weak refs processing, 0.0000129 secs]2024-07-27T17:22:44.650+0800: 5.140: [class unloading, 0.0001931 secs]2024-07-27T17:22:44.650+0800: 5.140: [scrub symbol table, 0.0003502 secs]2024-07-27T17:22:44.651+0800: 5.140: [scrub string table, 0.0001056 secs][1 CMS-remark: 302735K(478960K)] 316415K(557616K), 0.0015012 secs] [Times: user=0.00 sys=0.00, real=0.00 secs] 
2024-07-27T17:22:44.651+0800: 5.141: Total time for which application threads were stopped: 0.0016460 seconds, Stopping threads took: 0.0001061 seconds
2024-07-27T17:22:44.651+0800: 5.141: [CMS-concurrent-sweep-start]
2024-07-27T17:22:44.652+0800: 5.142: [CMS-concurrent-sweep: 0.001/0.001 secs] [Times: user=0.00 sys=0.00, real=0.00 secs] 
2024-07-27T17:22:44.652+0800: 5.142: [CMS-concurrent-reset-start]
2024-07-27T17:22:44.655+0800: 5.145: [CMS-concurrent-reset: 0.003/0.003 secs] [Times: user=0.00 sys=0.00, real=0.00 secs] 
2024-07-27T17:22:44.656+0800: 5.146: Application time: 0.0055581 seconds
2024-07-27T17:22:44.657+0800: 5.146: [GC (Allocation Failure) 2024-07-27T17:22:44.657+0800: 5.146: [ParNew: 77168K->8192K(78656K), 0.0123435 secs] 234494K->234126K(557616K), 0.0123929 secs] [Times: user=0.03 sys=0.00, real=0.01 secs] 
2024-07-27T17:22:44.669+0800: 5.159: Total time for which application threads were stopped: 0.0125179 seconds, Stopping threads took: 0.0000183 seconds
2024-07-27T17:22:44.669+0800: 5.159: Application time: 0.0001739 seconds
2024-07-27T17:22:44.669+0800: 5.159: [GC (CMS Initial Mark) [1 CMS-initial-mark: 225934K(478960K)] 237566K(557616K), 0.0008435 secs] [Times: user=0.00 sys=0.00, real=0.00 secs] 
2024-07-27T17:22:44.670+0800: 5.160: Total time for which application threads were stopped: 0.0010142 seconds, Stopping threads took: 0.0001288 seconds
2024-07-27T17:22:44.670+0800: 5.160: [CMS-concurrent-mark-start]
2024-07-27T17:22:44.672+0800: 5.162: [CMS-concurrent-mark: 0.002/0.002 secs] [Times: user=0.00 sys=0.00, real=0.00 secs] 
2024-07-27T17:22:44.672+0800: 5.162: [CMS-concurrent-preclean-start]
2024-07-27T17:22:44.673+0800: 5.162: [CMS-concurrent-preclean: 0.001/0.001 secs] [Times: user=0.00 sys=0.00, real=0.00 secs] 
2024-07-27T17:22:44.673+0800: 5.162: [CMS-concurrent-abortable-preclean-start]
2024-07-27T17:22:44.787+0800: 5.276: Application time: 0.1162883 seconds
2024-07-27T17:22:44.787+0800: 5.276: [GC (Allocation Failure) 2024-07-27T17:22:44.787+0800: 5.276: [ParNew: 77168K->8192K(78656K), 0.0120217 secs] 303103K->302735K(557616K), 0.0120959 secs] [Times: user=0.00 sys=0.00, real=0.01 secs] 
2024-07-27T17:22:44.799+0800: 5.288: Total time for which application threads were stopped: 0.0122097 seconds, Stopping threads took: 0.0000201 seconds
2024-07-27T17:22:44.912+0800: 5.401: Application time: 0.1130678 seconds
2024-07-27T17:22:44.913+0800: 5.401: [GC (Allocation Failure) 2024-07-27T17:22:44.913+0800: 5.401: [ParNew: 77168K->8192K(78656K), 0.0038075 secs] 371712K->314000K(557616K), 0.0038638 secs] [Times: user=0.00 sys=0.00, real=0.00 secs] 
2024-07-27T17:22:44.916+0800: 5.405: Total time for which application threads were stopped: 0.0039873 seconds, Stopping threads took: 0.0000201 seconds
2024-07-27T17:22:44.916+0800: 5.405: [CMS-concurrent-abortable-preclean: 0.006/0.243 secs] [Times: user=0.03 sys=0.00, real=0.24 secs] 
2024-07-27T17:22:44.917+0800: 5.406: Application time: 0.0002299 seconds
2024-07-27T17:22:44.917+0800: 5.406: [GC (CMS Final Remark) [YG occupancy: 12655 K (78656 K)]2024-07-27T17:22:44.917+0800: 5.406: [Rescan (parallel) , 0.0008272 secs]2024-07-27T17:22:44.918+0800: 5.407: [weak refs processing, 0.0000124 secs]2024-07-27T17:22:44.918+0800: 5.407: [class unloading, 0.0001926 secs]2024-07-27T17:22:44.918+0800: 5.407: [scrub symbol table, 0.0003447 secs]2024-07-27T17:22:44.918+0800: 5.407: [scrub string table, 0.0000986 secs][1 CMS-remark: 305808K(478960K)] 318463K(557616K), 0.0015390 secs] [Times: user=0.00 sys=0.00, real=0.00 secs] 
2024-07-27T17:22:44.918+0800: 5.407: Total time for which application threads were stopped: 0.0017479 seconds, Stopping threads took: 0.0001742 seconds
2024-07-27T17:22:44.919+0800: 5.408: [CMS-concurrent-sweep-start]
2024-07-27T17:22:44.920+0800: 5.409: [CMS-concurrent-sweep: 0.001/0.001 secs] [Times: user=0.00 sys=0.00, real=0.00 secs] 
2024-07-27T17:22:44.920+0800: 5.409: [CMS-concurrent-reset-start]
2024-07-27T17:22:44.922+0800: 5.411: [CMS-concurrent-reset: 0.002/0.002 secs] [Times: user=0.00 sys=0.00, real=0.00 secs] 
2024-07-27T17:22:44.924+0800: 5.413: Application time: 0.0051813 seconds
2024-07-27T17:22:44.924+0800: 5.413: [GC (Allocation Failure) 2024-07-27T17:22:44.924+0800: 5.413: [ParNew: 77168K->8192K(78656K), 0.0123437 secs] 236542K->236174K(557616K), 0.0123922 secs] [Times: user=0.03 sys=0.00, real=0.01 secs] 
2024-07-27T17:22:44.936+0800: 5.425: Total time for which application threads were stopped: 0.0124854 seconds, Stopping threads took: 0.0000123 seconds
2024-07-27T17:22:44.936+0800: 5.425: Application time: 0.0002383 seconds
2024-07-27T17:22:44.937+0800: 5.425: [GC (CMS Initial Mark) [1 CMS-initial-mark: 227982K(478960K)] 239614K(557616K), 0.0008768 secs] [Times: user=0.00 sys=0.00, real=0.00 secs] 
2024-07-27T17:22:44.937+0800: 5.426: Total time for which application threads were stopped: 0.0010694 seconds, Stopping threads took: 0.0001517 seconds
2024-07-27T17:22:44.938+0800: 5.426: [CMS-concurrent-mark-start]
2024-07-27T17:22:44.939+0800: 5.428: [CMS-concurrent-mark: 0.002/0.002 secs] [Times: user=0.00 sys=0.00, real=0.00 secs] 
2024-07-27T17:22:44.939+0800: 5.428: [CMS-concurrent-preclean-start]
2024-07-27T17:22:44.940+0800: 5.429: [CMS-concurrent-preclean: 0.001/0.001 secs] [Times: user=0.00 sys=0.00, real=0.00 secs] 
2024-07-27T17:22:44.940+0800: 5.429: [CMS-concurrent-abortable-preclean-start]
2024-07-27T17:22:45.057+0800: 5.546: Application time: 0.1193657 seconds
2024-07-27T17:22:45.057+0800: 5.546: [GC (Allocation Failure) 2024-07-27T17:22:45.057+0800: 5.546: [ParNew: 77168K->8192K(78656K), 0.0118348 secs] 305151K->304784K(557616K), 0.0118922 secs] [Times: user=0.03 sys=0.00, real=0.01 secs] 
2024-07-27T17:22:45.069+0800: 5.558: Total time for which application threads were stopped: 0.0119992 seconds, Stopping threads took: 0.0000188 seconds
2024-07-27T17:22:45.180+0800: 5.669: Application time: 0.1111685 seconds
2024-07-27T17:22:45.180+0800: 5.669: [GC (Allocation Failure) 2024-07-27T17:22:45.180+0800: 5.669: [ParNew: 77168K->8192K(78656K), 0.0038914 secs] 373760K->317072K(557616K), 0.0039489 secs] [Times: user=0.00 sys=0.00, real=0.00 secs] 
2024-07-27T17:22:45.184+0800: 5.673: Total time for which application threads were stopped: 0.0040731 seconds, Stopping threads took: 0.0000199 seconds
2024-07-27T17:22:45.184+0800: 5.673: [CMS-concurrent-abortable-preclean: 0.006/0.244 secs] [Times: user=0.03 sys=0.00, real=0.24 secs] 
2024-07-27T17:22:45.184+0800: 5.673: Application time: 0.0003046 seconds
2024-07-27T17:22:45.184+0800: 5.673: [GC (CMS Final Remark) [YG occupancy: 12655 K (78656 K)]2024-07-27T17:22:45.184+0800: 5.673: [Rescan (parallel) , 0.0008153 secs]2024-07-27T17:22:45.185+0800: 5.674: [weak refs processing, 0.0000131 secs]2024-07-27T17:22:45.185+0800: 5.674: [class unloading, 0.0001910 secs]2024-07-27T17:22:45.185+0800: 5.674: [scrub symbol table, 0.0003420 secs]2024-07-27T17:22:45.185+0800: 5.675: [scrub string table, 0.0001223 secs][1 CMS-remark: 308880K(478960K)] 321535K(557616K), 0.0015463 secs] [Times: user=0.00 sys=0.00, real=0.00 secs] 
2024-07-27T17:22:45.186+0800: 5.675: Total time for which application threads were stopped: 0.0017209 seconds, Stopping threads took: 0.0001404 seconds
2024-07-27T17:22:45.186+0800: 5.675: [CMS-concurrent-sweep-start]
2024-07-27T17:22:45.187+0800: 5.677: [CMS-concurrent-sweep: 0.002/0.002 secs] [Times: user=0.00 sys=0.00, real=0.00 secs] 
2024-07-27T17:22:45.188+0800: 5.677: [CMS-concurrent-reset-start]
2024-07-27T17:22:45.190+0800: 5.679: [CMS-concurrent-reset: 0.002/0.002 secs] [Times: user=0.00 sys=0.00, real=0.00 secs] 
2024-07-27T17:22:45.191+0800: 5.680: Application time: 0.0052651 seconds
2024-07-27T17:22:45.191+0800: 5.680: [GC (Allocation Failure) 2024-07-27T17:22:45.191+0800: 5.680: [ParNew: 77168K->8192K(78656K), 0.0117780 secs] 238590K->238223K(557616K), 0.0118394 secs] [Times: user=0.13 sys=0.00, real=0.01 secs] 
2024-07-27T17:22:45.203+0800: 5.692: Total time for which application threads were stopped: 0.0119319 seconds, Stopping threads took: 0.0000126 seconds
2024-07-27T17:22:45.203+0800: 5.692: Application time: 0.0001337 seconds
2024-07-27T17:22:45.203+0800: 5.692: [GC (CMS Initial Mark) [1 CMS-initial-mark: 230030K(478960K)] 241662K(557616K), 0.0007881 secs] [Times: user=0.00 sys=0.00, real=0.00 secs] 
2024-07-27T17:22:45.204+0800: 5.693: Total time for which application threads were stopped: 0.0009928 seconds, Stopping threads took: 0.0001636 seconds
2024-07-27T17:22:45.204+0800: 5.693: [CMS-concurrent-mark-start]
2024-07-27T17:22:45.206+0800: 5.695: [CMS-concurrent-mark: 0.002/0.002 secs] [Times: user=0.00 sys=0.00, real=0.00 secs] 
2024-07-27T17:22:45.206+0800: 5.695: [CMS-concurrent-preclean-start]
2024-07-27T17:22:45.206+0800: 5.696: [CMS-concurrent-preclean: 0.001/0.001 secs] [Times: user=0.00 sys=0.00, real=0.00 secs] 
2024-07-27T17:22:45.206+0800: 5.696: [CMS-concurrent-abortable-preclean-start]
2024-07-27T17:22:45.322+0800: 5.811: Application time: 0.1175663 seconds
2024-07-27T17:22:45.322+0800: 5.811: [GC (Allocation Failure) 2024-07-27T17:22:45.322+0800: 5.811: [ParNew: 77168K->8192K(78656K), 0.0117821 secs] 307199K->306832K(557616K), 0.0118409 secs] [Times: user=0.03 sys=0.00, real=0.01 secs] 
2024-07-27T17:22:45.334+0800: 5.823: Total time for which application threads were stopped: 0.0120446 seconds, Stopping threads took: 0.0000192 seconds
2024-07-27T17:22:45.445+0800: 5.935: Application time: 0.1120884 seconds
2024-07-27T17:22:45.445+0800: 5.935: [GC (Allocation Failure) 2024-07-27T17:22:45.445+0800: 5.935: [ParNew: 77168K->8192K(78656K), 0.0045057 secs] 375808K->320144K(557616K), 0.0045625 secs] [Times: user=0.00 sys=0.00, real=0.01 secs] 
2024-07-27T17:22:45.450+0800: 5.940: Total time for which application threads were stopped: 0.0046674 seconds, Stopping threads took: 0.0000168 seconds
2024-07-27T17:22:45.450+0800: 5.940: [CMS-concurrent-abortable-preclean: 0.006/0.244 secs] [Times: user=0.03 sys=0.00, real=0.24 secs] 
2024-07-27T17:22:45.450+0800: 5.940: Application time: 0.0002929 seconds
2024-07-27T17:22:45.450+0800: 5.940: [GC (CMS Final Remark) [YG occupancy: 12655 K (78656 K)]2024-07-27T17:22:45.450+0800: 5.940: [Rescan (parallel) , 0.0008721 secs]2024-07-27T17:22:45.451+0800: 5.941: [weak refs processing, 0.0000130 secs]2024-07-27T17:22:45.451+0800: 5.941: [class unloading, 0.0001914 secs]2024-07-27T17:22:45.451+0800: 5.941: [scrub symbol table, 0.0003471 secs]2024-07-27T17:22:45.452+0800: 5.942: [scrub string table, 0.0000995 secs][1 CMS-remark: 311952K(478960K)] 324607K(557616K), 0.0015947 secs] [Times: user=0.00 sys=0.00, real=0.00 secs] 
2024-07-27T17:22:45.452+0800: 5.942: Total time for which application threads were stopped: 0.0017126 seconds, Stopping threads took: 0.0000832 seconds
2024-07-27T17:22:45.452+0800: 5.942: [CMS-concurrent-sweep-start]
2024-07-27T17:22:45.454+0800: 5.943: [CMS-concurrent-sweep: 0.001/0.001 secs] [Times: user=0.00 sys=0.00, real=0.00 secs] 
2024-07-27T17:22:45.454+0800: 5.943: [CMS-concurrent-reset-start]
2024-07-27T17:22:45.456+0800: 5.946: [CMS-concurrent-reset: 0.002/0.002 secs] [Times: user=0.00 sys=0.00, real=0.00 secs] 
2024-07-27T17:22:45.457+0800: 5.947: Application time: 0.0053559 seconds
2024-07-27T17:22:45.457+0800: 5.947: [GC (Allocation Failure) 2024-07-27T17:22:45.457+0800: 5.947: [ParNew: 77168K->8192K(78656K), 0.0118409 secs] 240638K->240271K(557616K), 0.0118895 secs] [Times: user=0.00 sys=0.00, real=0.01 secs] 
2024-07-27T17:22:45.469+0800: 5.959: Total time for which application threads were stopped: 0.0119973 seconds, Stopping threads took: 0.0000126 seconds
2024-07-27T17:22:45.470+0800: 5.959: Application time: 0.0001855 seconds
2024-07-27T17:22:45.470+0800: 5.959: [GC (CMS Initial Mark) [1 CMS-initial-mark: 232078K(478960K)] 243710K(557616K), 0.0007735 secs] [Times: user=0.00 sys=0.00, real=0.00 secs] 
2024-07-27T17:22:45.470+0800: 5.960: Total time for which application threads were stopped: 0.0009780 seconds, Stopping threads took: 0.0001587 seconds
2024-07-27T17:22:45.471+0800: 5.960: [CMS-concurrent-mark-start]
2024-07-27T17:22:45.472+0800: 5.962: [CMS-concurrent-mark: 0.001/0.001 secs] [Times: user=0.00 sys=0.00, real=0.00 secs] 
2024-07-27T17:22:45.472+0800: 5.962: [CMS-concurrent-preclean-start]
2024-07-27T17:22:45.473+0800: 5.962: [CMS-concurrent-preclean: 0.001/0.001 secs] [Times: user=0.02 sys=0.00, real=0.00 secs] 
2024-07-27T17:22:45.473+0800: 5.962: [CMS-concurrent-abortable-preclean-start]
2024-07-27T17:22:45.591+0800: 6.079: Application time: 0.1192798 seconds
2024-07-27T17:22:45.591+0800: 6.080: [GC (Allocation Failure) 2024-07-27T17:22:45.591+0800: 6.080: [ParNew: 77168K->8192K(78656K), 0.0117175 secs] 309247K->308880K(557616K), 0.0117756 secs] [Times: user=0.03 sys=0.00, real=0.01 secs] 
2024-07-27T17:22:45.602+0800: 6.091: Total time for which application threads were stopped: 0.0118848 seconds, Stopping threads took: 0.0000198 seconds
2024-07-27T17:22:45.715+0800: 6.204: Application time: 0.1124868 seconds
2024-07-27T17:22:45.715+0800: 6.204: [GC (Allocation Failure) 2024-07-27T17:22:45.715+0800: 6.204: [ParNew: 77168K->8192K(78656K), 0.0041927 secs] 377856K->323216K(557616K), 0.0042494 secs] [Times: user=0.00 sys=0.00, real=0.00 secs] 
2024-07-27T17:22:45.719+0800: 6.208: Total time for which application threads were stopped: 0.0043573 seconds, Stopping threads took: 0.0000202 seconds
2024-07-27T17:22:45.719+0800: 6.208: [CMS-concurrent-abortable-preclean: 0.006/0.246 secs] [Times: user=0.03 sys=0.00, real=0.25 secs] 
2024-07-27T17:22:45.719+0800: 6.209: Application time: 0.0004063 seconds
2024-07-27T17:22:45.720+0800: 6.209: [GC (CMS Final Remark) [YG occupancy: 14703 K (78656 K)]2024-07-27T17:22:45.720+0800: 6.209: [Rescan (parallel) , 0.0009396 secs]2024-07-27T17:22:45.721+0800: 6.210: [weak refs processing, 0.0000130 secs]2024-07-27T17:22:45.721+0800: 6.210: [class unloading, 0.0001680 secs]2024-07-27T17:22:45.721+0800: 6.210: [scrub symbol table, 0.0003252 secs]2024-07-27T17:22:45.721+0800: 6.210: [scrub string table, 0.0000931 secs][1 CMS-remark: 315024K(478960K)] 329727K(557616K), 0.0016020 secs] [Times: user=0.00 sys=0.00, real=0.00 secs] 
2024-07-27T17:22:45.721+0800: 6.210: Total time for which application threads were stopped: 0.0017753 seconds, Stopping threads took: 0.0001382 seconds
2024-07-27T17:22:45.721+0800: 6.211: [CMS-concurrent-sweep-start]
2024-07-27T17:22:45.723+0800: 6.212: [CMS-concurrent-sweep: 0.001/0.001 secs] [Times: user=0.00 sys=0.00, real=0.00 secs] 
2024-07-27T17:22:45.723+0800: 6.212: [CMS-concurrent-reset-start]
2024-07-27T17:22:45.725+0800: 6.214: [CMS-concurrent-reset: 0.002/0.002 secs] [Times: user=0.03 sys=0.00, real=0.00 secs] 
2024-07-27T17:22:45.726+0800: 6.216: Application time: 0.0051355 seconds
2024-07-27T17:22:45.726+0800: 6.216: [GC (Allocation Failure) 2024-07-27T17:22:45.726+0800: 6.216: [ParNew: 77168K->8192K(78656K), 0.0116949 secs] 242686K->242319K(557616K), 0.0117422 secs] [Times: user=0.00 sys=0.00, real=0.01 secs] 
2024-07-27T17:22:45.738+0800: 6.227: Total time for which application threads were stopped: 0.0118350 seconds, Stopping threads took: 0.0000122 seconds
2024-07-27T17:22:45.738+0800: 6.228: Application time: 0.0001397 seconds
2024-07-27T17:22:45.738+0800: 6.228: [GC (CMS Initial Mark) [1 CMS-initial-mark: 234126K(478960K)] 245758K(557616K), 0.0007712 secs] [Times: user=0.02 sys=0.00, real=0.00 secs] 
2024-07-27T17:22:45.739+0800: 6.228: Total time for which application threads were stopped: 0.0008871 seconds, Stopping threads took: 0.0000715 seconds
2024-07-27T17:22:45.739+0800: 6.229: [CMS-concurrent-mark-start]
2024-07-27T17:22:45.741+0800: 6.230: [CMS-concurrent-mark: 0.001/0.001 secs] [Times: user=0.00 sys=0.00, real=0.00 secs] 
2024-07-27T17:22:45.741+0800: 6.230: [CMS-concurrent-preclean-start]
2024-07-27T17:22:45.741+0800: 6.231: [CMS-concurrent-preclean: 0.001/0.001 secs] [Times: user=0.00 sys=0.00, real=0.00 secs] 
2024-07-27T17:22:45.741+0800: 6.231: [CMS-concurrent-abortable-preclean-start]
2024-07-27T17:22:45.858+0800: 6.348: Application time: 0.1191868 seconds
2024-07-27T17:22:45.858+0800: 6.348: [GC (Allocation Failure) 2024-07-27T17:22:45.859+0800: 6.348: [ParNew: 77168K->8192K(78656K), 0.0119527 secs] 311295K->310928K(557616K), 0.0120226 secs] [Times: user=0.03 sys=0.00, real=0.01 secs] 
2024-07-27T17:22:45.871+0800: 6.360: Total time for which application threads were stopped: 0.0121827 seconds, Stopping threads took: 0.0000201 seconds
2024-07-27T17:22:45.984+0800: 6.472: Application time: 0.1126305 seconds
2024-07-27T17:22:45.984+0800: 6.473: [GC (Allocation Failure) 2024-07-27T17:22:45.984+0800: 6.473: [ParNew: 77168K->8192K(78656K), 0.0042548 secs] 379904K->326288K(557616K), 0.0043121 secs] [Times: user=0.00 sys=0.00, real=0.00 secs] 
2024-07-27T17:22:45.987+0800: 6.477: Total time for which application threads were stopped: 0.0044197 seconds, Stopping threads took: 0.0000205 seconds
2024-07-27T17:22:45.987+0800: 6.477: [CMS-concurrent-abortable-preclean: 0.006/0.246 secs] [Times: user=0.03 sys=0.00, real=0.25 secs] 
2024-07-27T17:22:45.987+0800: 6.477: Application time: 0.0003090 seconds
2024-07-27T17:22:45.988+0800: 6.477: [GC (CMS Final Remark) [YG occupancy: 12655 K (78656 K)]2024-07-27T17:22:45.988+0800: 6.477: [Rescan (parallel) , 0.0008706 secs]2024-07-27T17:22:45.988+0800: 6.478: [weak refs processing, 0.0000177 secs]2024-07-27T17:22:45.989+0800: 6.478: [class unloading, 0.0001785 secs]2024-07-27T17:22:45.989+0800: 6.478: [scrub symbol table, 0.0003121 secs]2024-07-27T17:22:45.989+0800: 6.479: [scrub string table, 0.0000917 secs][1 CMS-remark: 318096K(478960K)] 330751K(557616K), 0.0015340 secs] [Times: user=0.02 sys=0.00, real=0.00 secs] 
2024-07-27T17:22:45.989+0800: 6.479: Total time for which application threads were stopped: 0.0017412 seconds, Stopping threads took: 0.0001720 seconds
2024-07-27T17:22:45.989+0800: 6.479: [CMS-concurrent-sweep-start]
2024-07-27T17:22:45.991+0800: 6.480: [CMS-concurrent-sweep: 0.001/0.001 secs] [Times: user=0.00 sys=0.00, real=0.00 secs] 
2024-07-27T17:22:45.991+0800: 6.480: [CMS-concurrent-reset-start]
2024-07-27T17:22:45.994+0800: 6.483: [CMS-concurrent-reset: 0.002/0.002 secs] [Times: user=0.00 sys=0.00, real=0.00 secs] 
2024-07-27T17:22:45.995+0800: 6.484: Application time: 0.0053809 seconds
2024-07-27T17:22:45.996+0800: 6.484: [GC (Allocation Failure) 2024-07-27T17:22:45.996+0800: 6.484: [ParNew: 77168K->8192K(78656K), 0.0118871 secs] 244734K->244367K(557616K), 0.0119367 secs] [Times: user=0.03 sys=0.00, real=0.01 secs] 
2024-07-27T17:22:46.007+0800: 6.496: Total time for which application threads were stopped: 0.0120505 seconds, Stopping threads took: 0.0000126 seconds
2024-07-27T17:22:46.008+0800: 6.497: Application time: 0.0001697 seconds
2024-07-27T17:22:46.008+0800: 6.497: [GC (CMS Initial Mark) [1 CMS-initial-mark: 236174K(478960K)] 247806K(557616K), 0.0007891 secs] [Times: user=0.00 sys=0.00, real=0.00 secs] 
2024-07-27T17:22:46.009+0800: 6.498: Total time for which application threads were stopped: 0.0009936 seconds, Stopping threads took: 0.0001582 seconds
2024-07-27T17:22:46.009+0800: 6.498: [CMS-concurrent-mark-start]
2024-07-27T17:22:46.010+0800: 6.499: [CMS-concurrent-mark: 0.001/0.001 secs] [Times: user=0.00 sys=0.00, real=0.00 secs] 
2024-07-27T17:22:46.010+0800: 6.499: [CMS-concurrent-preclean-start]
2024-07-27T17:22:46.011+0800: 6.500: [CMS-concurrent-preclean: 0.001/0.001 secs] [Times: user=0.00 sys=0.00, real=0.00 secs] 
2024-07-27T17:22:46.011+0800: 6.500: [CMS-concurrent-abortable-preclean-start]
2024-07-27T17:22:46.127+0800: 6.616: Application time: 0.1185560 seconds
2024-07-27T17:22:46.127+0800: 6.616: [GC (Allocation Failure) 2024-07-27T17:22:46.127+0800: 6.616: [ParNew: 77168K->8192K(78656K), 0.0116461 secs] 313343K->312976K(557616K), 0.0117069 secs] [Times: user=0.03 sys=0.00, real=0.01 secs] 
2024-07-27T17:22:46.139+0800: 6.628: Total time for which application threads were stopped: 0.0118185 seconds, Stopping threads took: 0.0000204 seconds
2024-07-27T17:22:46.252+0800: 6.741: Application time: 0.1132454 seconds
2024-07-27T17:22:46.252+0800: 6.741: [GC (Allocation Failure) 2024-07-27T17:22:46.252+0800: 6.741: [ParNew: 77168K->8192K(78656K), 0.0046513 secs] 381952K->329360K(557616K), 0.0047209 secs] [Times: user=0.03 sys=0.00, real=0.00 secs] 
2024-07-27T17:22:46.257+0800: 6.746: Total time for which application threads were stopped: 0.0048377 seconds, Stopping threads took: 0.0000201 seconds
2024-07-27T17:22:46.257+0800: 6.746: [CMS-concurrent-abortable-preclean: 0.006/0.246 secs] [Times: user=0.06 sys=0.00, real=0.25 secs] 
2024-07-27T17:22:46.257+0800: 6.746: Application time: 0.0003403 seconds
2024-07-27T17:22:46.258+0800: 6.746: [GC (CMS Final Remark) [YG occupancy: 13679 K (78656 K)]2024-07-27T17:22:46.258+0800: 6.746: [Rescan (parallel) , 0.0009397 secs]2024-07-27T17:22:46.259+0800: 6.747: [weak refs processing, 0.0000134 secs]2024-07-27T17:22:46.259+0800: 6.747: [class unloading, 0.0001681 secs]2024-07-27T17:22:46.259+0800: 6.748: [scrub symbol table, 0.0003124 secs]2024-07-27T17:22:46.259+0800: 6.748: [scrub string table, 0.0000936 secs][1 CMS-remark: 321168K(478960K)] 334848K(557616K), 0.0015924 secs] [Times: user=0.00 sys=0.00, real=0.00 secs] 
2024-07-27T17:22:46.259+0800: 6.748: Total time for which application threads were stopped: 0.0017069 seconds, Stopping threads took: 0.0000785 seconds
2024-07-27T17:22:46.259+0800: 6.748: [CMS-concurrent-sweep-start]
2024-07-27T17:22:46.261+0800: 6.750: [CMS-concurrent-sweep: 0.001/0.001 secs] [Times: user=0.00 sys=0.00, real=0.00 secs] 
2024-07-27T17:22:46.261+0800: 6.750: [CMS-concurrent-reset-start]
2024-07-27T17:22:46.263+0800: 6.752: [CMS-concurrent-reset: 0.002/0.002 secs] [Times: user=0.00 sys=0.00, real=0.00 secs] 
2024-07-27T17:22:46.264+0800: 6.753: Application time: 0.0051929 seconds
2024-07-27T17:22:46.264+0800: 6.753: [GC (Allocation Failure) 2024-07-27T17:22:46.264+0800: 6.753: [ParNew: 77168K->8192K(78656K), 0.0119232 secs] 246782K->246415K(557616K), 0.0119713 secs] [Times: user=0.03 sys=0.00, real=0.01 secs] 
2024-07-27T17:22:46.276+0800: 6.765: Total time for which application threads were stopped: 0.0120637 seconds, Stopping threads took: 0.0000132 seconds
2024-07-27T17:22:46.277+0800: 6.766: Application time: 0.0002354 seconds
2024-07-27T17:22:46.277+0800: 6.766: [GC (CMS Initial Mark) [1 CMS-initial-mark: 238223K(478960K)] 249854K(557616K), 0.0008834 secs] [Times: user=0.00 sys=0.00, real=0.00 secs] 
2024-07-27T17:22:46.278+0800: 6.767: Total time for which application threads were stopped: 0.0010447 seconds, Stopping threads took: 0.0001176 seconds
2024-07-27T17:22:46.278+0800: 6.767: [CMS-concurrent-mark-start]
2024-07-27T17:22:46.279+0800: 6.768: [CMS-concurrent-mark: 0.001/0.001 secs] [Times: user=0.00 sys=0.00, real=0.00 secs] 
2024-07-27T17:22:46.279+0800: 6.768: [CMS-concurrent-preclean-start]
2024-07-27T17:22:46.280+0800: 6.769: [CMS-concurrent-preclean: 0.001/0.001 secs] [Times: user=0.00 sys=0.00, real=0.00 secs] 
2024-07-27T17:22:46.280+0800: 6.769: [CMS-concurrent-abortable-preclean-start]
2024-07-27T17:22:46.394+0800: 6.883: Application time: 0.1161800 seconds
2024-07-27T17:22:46.394+0800: 6.883: [GC (Allocation Failure) 2024-07-27T17:22:46.394+0800: 6.883: [ParNew: 77168K->8192K(78656K), 0.0118648 secs] 315391K->315024K(557616K), 0.0119364 secs] [Times: user=0.03 sys=0.00, real=0.01 secs] 
2024-07-27T17:22:46.406+0800: 6.895: Total time for which application threads were stopped: 0.0120445 seconds, Stopping threads took: 0.0000202 seconds
2024-07-27T17:22:46.519+0800: 7.008: Application time: 0.1129745 seconds
2024-07-27T17:22:46.519+0800: 7.008: [GC (Allocation Failure) 2024-07-27T17:22:46.519+0800: 7.008: [ParNew: 77168K->8192K(78656K), 0.0046133 secs] 384000K->332432K(557616K), 0.0046858 secs] [Times: user=0.03 sys=0.00, real=0.00 secs] 
2024-07-27T17:22:46.524+0800: 7.013: Total time for which application threads were stopped: 0.0047930 seconds, Stopping threads took: 0.0000198 seconds
2024-07-27T17:22:46.524+0800: 7.013: [CMS-concurrent-abortable-preclean: 0.006/0.244 secs] [Times: user=0.06 sys=0.00, real=0.24 secs] 
2024-07-27T17:22:46.524+0800: 7.013: Application time: 0.0003903 seconds
2024-07-27T17:22:46.524+0800: 7.013: [GC (CMS Final Remark) [YG occupancy: 14703 K (78656 K)]2024-07-27T17:22:46.524+0800: 7.013: [Rescan (parallel) , 0.0009541 secs]2024-07-27T17:22:46.525+0800: 7.014: [weak refs processing, 0.0000130 secs]2024-07-27T17:22:46.525+0800: 7.014: [class unloading, 0.0001906 secs]2024-07-27T17:22:46.525+0800: 7.014: [scrub symbol table, 0.0003466 secs]2024-07-27T17:22:46.526+0800: 7.015: [scrub string table, 0.0000993 secs][1 CMS-remark: 324240K(478960K)] 338944K(557616K), 0.0016673 secs] [Times: user=0.00 sys=0.00, real=0.00 secs] 
2024-07-27T17:22:46.526+0800: 7.015: Total time for which application threads were stopped: 0.0018717 seconds, Stopping threads took: 0.0001682 seconds
2024-07-27T17:22:46.526+0800: 7.015: [CMS-concurrent-sweep-start]
2024-07-27T17:22:46.528+0800: 7.017: [CMS-concurrent-sweep: 0.001/0.001 secs] [Times: user=0.00 sys=0.00, real=0.00 secs] 
2024-07-27T17:22:46.528+0800: 7.017: [CMS-concurrent-reset-start]
2024-07-27T17:22:46.530+0800: 7.019: [CMS-concurrent-reset: 0.002/0.002 secs] [Times: user=0.00 sys=0.00, real=0.00 secs] 
2024-07-27T17:22:46.531+0800: 7.020: Application time: 0.0052145 seconds
2024-07-27T17:22:46.531+0800: 7.020: [GC (Allocation Failure) 2024-07-27T17:22:46.531+0800: 7.020: [ParNew: 77168K->8192K(78656K), 0.0118837 secs] 248830K->248463K(557616K), 0.0119299 secs] [Times: user=0.03 sys=0.00, real=0.01 secs] 
2024-07-27T17:22:46.543+0800: 7.032: Total time for which application threads were stopped: 0.0120346 seconds, Stopping threads took: 0.0000131 seconds
2024-07-27T17:22:46.543+0800: 7.032: Application time: 0.0002633 seconds
2024-07-27T17:22:46.544+0800: 7.033: [GC (CMS Initial Mark) [1 CMS-initial-mark: 240271K(478960K)] 251902K(557616K), 0.0007640 secs] [Times: user=0.00 sys=0.00, real=0.00 secs] 
2024-07-27T17:22:46.544+0800: 7.033: Total time for which application threads were stopped: 0.0009304 seconds, Stopping threads took: 0.0001256 seconds
2024-07-27T17:22:46.544+0800: 7.033: [CMS-concurrent-mark-start]
2024-07-27T17:22:46.546+0800: 7.035: [CMS-concurrent-mark: 0.001/0.001 secs] [Times: user=0.00 sys=0.00, real=0.00 secs] 
2024-07-27T17:22:46.546+0800: 7.035: [CMS-concurrent-preclean-start]
2024-07-27T17:22:46.546+0800: 7.035: [CMS-concurrent-preclean: 0.001/0.001 secs] [Times: user=0.00 sys=0.00, real=0.00 secs] 
2024-07-27T17:22:46.546+0800: 7.035: [CMS-concurrent-abortable-preclean-start]
2024-07-27T17:22:46.663+0800: 7.153: Application time: 0.1194586 seconds
2024-07-27T17:22:46.663+0800: 7.153: [GC (Allocation Failure) 2024-07-27T17:22:46.663+0800: 7.153: [ParNew: 77168K->8202K(78656K), 0.0117995 secs] 317439K->317082K(557616K), 0.0118609 secs] [Times: user=0.00 sys=0.00, real=0.01 secs] 
2024-07-27T17:22:46.675+0800: 7.165: Total time for which application threads were stopped: 0.0119795 seconds, Stopping threads took: 0.0000244 seconds
2024-07-27T17:22:46.787+0800: 7.277: Application time: 0.1120109 seconds
2024-07-27T17:22:46.787+0800: 7.277: [GC (Allocation Failure) 2024-07-27T17:22:46.787+0800: 7.277: [ParNew: 77178K->8192K(78656K), 0.0049935 secs] 386058K->335504K(557616K), 0.0050515 secs] [Times: user=0.00 sys=0.00, real=0.01 secs] 
2024-07-27T17:22:46.792+0800: 7.282: Total time for which application threads were stopped: 0.0051731 seconds, Stopping threads took: 0.0000197 seconds
2024-07-27T17:22:46.792+0800: 7.282: [CMS-concurrent-abortable-preclean: 0.006/0.247 secs] [Times: user=0.08 sys=0.00, real=0.25 secs] 
2024-07-27T17:22:46.793+0800: 7.282: Application time: 0.0003094 seconds
2024-07-27T17:22:46.793+0800: 7.282: [GC (CMS Final Remark) [YG occupancy: 12655 K (78656 K)]2024-07-27T17:22:46.793+0800: 7.282: [Rescan (parallel) , 0.0008736 secs]2024-07-27T17:22:46.794+0800: 7.283: [weak refs processing, 0.0000129 secs]2024-07-27T17:22:46.794+0800: 7.283: [class unloading, 0.0001955 secs]2024-07-27T17:22:46.794+0800: 7.283: [scrub symbol table, 0.0003557 secs]2024-07-27T17:22:46.794+0800: 7.284: [scrub string table, 0.0001010 secs][1 CMS-remark: 327312K(478960K)] 339968K(557616K), 0.0016005 secs] [Times: user=0.00 sys=0.00, real=0.00 secs] 
2024-07-27T17:22:46.794+0800: 7.284: Total time for which application threads were stopped: 0.0017356 seconds, Stopping threads took: 0.0001010 seconds
2024-07-27T17:22:46.795+0800: 7.284: [CMS-concurrent-sweep-start]
2024-07-27T17:22:46.796+0800: 7.286: [CMS-concurrent-sweep: 0.001/0.001 secs] [Times: user=0.00 sys=0.00, real=0.00 secs] 
2024-07-27T17:22:46.796+0800: 7.286: [CMS-concurrent-reset-start]
2024-07-27T17:22:46.798+0800: 7.288: [CMS-concurrent-reset: 0.002/0.002 secs] [Times: user=0.00 sys=0.00, real=0.00 secs] 
2024-07-27T17:22:46.800+0800: 7.289: Application time: 0.0052526 seconds
2024-07-27T17:22:46.800+0800: 7.289: [GC (Allocation Failure) 2024-07-27T17:22:46.800+0800: 7.289: [ParNew: 77168K->8192K(78656K), 0.0117334 secs] 250879K->250511K(557616K), 0.0117815 secs] [Times: user=0.03 sys=0.00, real=0.01 secs] 
2024-07-27T17:22:46.811+0800: 7.301: Total time for which application threads were stopped: 0.0118774 seconds, Stopping threads took: 0.0000129 seconds
2024-07-27T17:22:46.812+0800: 7.301: Application time: 0.0001887 seconds
2024-07-27T17:22:46.812+0800: 7.301: [GC (CMS Initial Mark) [1 CMS-initial-mark: 242319K(478960K)] 253951K(557616K), 0.0007725 secs] [Times: user=0.00 sys=0.00, real=0.00 secs] 
2024-07-27T17:22:46.813+0800: 7.302: Total time for which application threads were stopped: 0.0009409 seconds, Stopping threads took: 0.0001274 seconds
2024-07-27T17:22:46.813+0800: 7.302: [CMS-concurrent-mark-start]
2024-07-27T17:22:46.814+0800: 7.304: [CMS-concurrent-mark: 0.001/0.001 secs] [Times: user=0.00 sys=0.00, real=0.00 secs] 
2024-07-27T17:22:46.814+0800: 7.304: [CMS-concurrent-preclean-start]
2024-07-27T17:22:46.815+0800: 7.304: [CMS-concurrent-preclean: 0.001/0.001 secs] [Times: user=0.00 sys=0.00, real=0.00 secs] 
2024-07-27T17:22:46.815+0800: 7.304: [CMS-concurrent-abortable-preclean-start]
2024-07-27T17:22:46.931+0800: 7.420: Application time: 0.1177481 seconds
2024-07-27T17:22:46.931+0800: 7.420: [GC (Allocation Failure) 2024-07-27T17:22:46.931+0800: 7.420: [ParNew: 77168K->8192K(78656K), 0.0115802 secs] 319488K->319120K(557616K), 0.0116396 secs] [Times: user=0.03 sys=0.00, real=0.01 secs] 
2024-07-27T17:22:46.943+0800: 7.432: Total time for which application threads were stopped: 0.0117603 seconds, Stopping threads took: 0.0000210 seconds
2024-07-27T17:22:47.055+0800: 7.544: Application time: 0.1120366 seconds
2024-07-27T17:22:47.055+0800: 7.544: [GC (Allocation Failure) 2024-07-27T17:22:47.055+0800: 7.544: [ParNew: 77168K->8192K(78656K), 0.0052436 secs] 388097K->338577K(557616K), 0.0053008 secs] [Times: user=0.00 sys=0.00, real=0.00 secs] 
2024-07-27T17:22:47.060+0800: 7.549: Total time for which application threads were stopped: 0.0054096 seconds, Stopping threads took: 0.0000203 seconds
2024-07-27T17:22:47.060+0800: 7.549: [CMS-concurrent-abortable-preclean: 0.006/0.245 secs] [Times: user=0.03 sys=0.00, real=0.24 secs] 
2024-07-27T17:22:47.061+0800: 7.550: Application time: 0.0003027 seconds
2024-07-27T17:22:47.061+0800: 7.550: [GC (CMS Final Remark) [YG occupancy: 12655 K (78656 K)]2024-07-27T17:22:47.061+0800: 7.550: [Rescan (parallel) , 0.0005547 secs]2024-07-27T17:22:47.061+0800: 7.550: [weak refs processing, 0.0000152 secs]2024-07-27T17:22:47.061+0800: 7.550: [class unloading, 0.0001856 secs]2024-07-27T17:22:47.062+0800: 7.551: [scrub symbol table, 0.0003409 secs]2024-07-27T17:22:47.062+0800: 7.551: [scrub string table, 0.0001003 secs][1 CMS-remark: 330384K(478960K)] 343040K(557616K), 0.0012616 secs] [Times: user=0.00 sys=0.00, real=0.00 secs] 
2024-07-27T17:22:47.062+0800: 7.551: Total time for which application threads were stopped: 0.0014740 seconds, Stopping threads took: 0.0001772 seconds
2024-07-27T17:22:47.062+0800: 7.551: [CMS-concurrent-sweep-start]
2024-07-27T17:22:47.064+0800: 7.553: [CMS-concurrent-sweep: 0.001/0.001 secs] [Times: user=0.00 sys=0.00, real=0.00 secs] 
2024-07-27T17:22:47.064+0800: 7.553: [CMS-concurrent-reset-start]
2024-07-27T17:22:47.066+0800: 7.555: [CMS-concurrent-reset: 0.002/0.002 secs] [Times: user=0.00 sys=0.00, real=0.00 secs] 
2024-07-27T17:22:47.067+0800: 7.556: Application time: 0.0052118 seconds
2024-07-27T17:22:47.067+0800: 7.556: [GC (Allocation Failure) 2024-07-27T17:22:47.067+0800: 7.556: [ParNew: 77168K->8192K(78656K), 0.0118565 secs] 252927K->252559K(557616K), 0.0119034 secs] [Times: user=0.02 sys=0.00, real=0.01 secs] 
2024-07-27T17:22:47.079+0800: 7.568: Total time for which application threads were stopped: 0.0119957 seconds, Stopping threads took: 0.0000120 seconds
2024-07-27T17:22:47.080+0800: 7.568: Application time: 0.0001685 seconds
2024-07-27T17:22:47.080+0800: 7.569: [GC (CMS Initial Mark) [1 CMS-initial-mark: 244367K(478960K)] 255999K(557616K), 0.0008140 secs] [Times: user=0.00 sys=0.00, real=0.00 secs] 
2024-07-27T17:22:47.080+0800: 7.569: Total time for which application threads were stopped: 0.0009538 seconds, Stopping threads took: 0.0000990 seconds
2024-07-27T17:22:47.081+0800: 7.569: [CMS-concurrent-mark-start]
2024-07-27T17:22:47.082+0800: 7.570: [CMS-concurrent-mark: 0.001/0.001 secs] [Times: user=0.00 sys=0.00, real=0.00 secs] 
2024-07-27T17:22:47.082+0800: 7.571: [CMS-concurrent-preclean-start]
2024-07-27T17:22:47.082+0800: 7.571: [CMS-concurrent-preclean: 0.001/0.001 secs] [Times: user=0.00 sys=0.00, real=0.00 secs] 
2024-07-27T17:22:47.082+0800: 7.571: [CMS-concurrent-abortable-preclean-start]
2024-07-27T17:22:47.199+0800: 7.688: Application time: 0.1191224 seconds
2024-07-27T17:22:47.199+0800: 7.689: [GC (Allocation Failure) 2024-07-27T17:22:47.199+0800: 7.689: [ParNew: 77168K->8192K(78656K), 0.0115523 secs] 321536K->321168K(557616K), 0.0116128 secs] [Times: user=0.03 sys=0.00, real=0.01 secs] 
2024-07-27T17:22:47.211+0800: 7.700: Total time for which application threads were stopped: 0.0117212 seconds, Stopping threads took: 0.0000203 seconds
2024-07-27T17:22:47.321+0800: 7.810: Application time: 0.1102014 seconds
2024-07-27T17:22:47.321+0800: 7.810: [GC (Allocation Failure) 2024-07-27T17:22:47.321+0800: 7.810: [ParNew: 77168K->8192K(78656K), 0.0051522 secs] 390145K->341649K(557616K), 0.0052104 secs] [Times: user=0.00 sys=0.00, real=0.00 secs] 
2024-07-27T17:22:47.326+0800: 7.816: Total time for which application threads were stopped: 0.0053231 seconds, Stopping threads took: 0.0000198 seconds
2024-07-27T17:22:47.326+0800: 7.816: [CMS-concurrent-abortable-preclean: 0.006/0.245 secs] [Times: user=0.05 sys=0.00, real=0.24 secs] 
2024-07-27T17:22:47.327+0800: 7.816: Application time: 0.0003197 seconds
2024-07-27T17:22:47.327+0800: 7.816: [GC (CMS Final Remark) [YG occupancy: 12655 K (78656 K)]2024-07-27T17:22:47.327+0800: 7.816: [Rescan (parallel) , 0.0010479 secs]2024-07-27T17:22:47.328+0800: 7.817: [weak refs processing, 0.0000128 secs]2024-07-27T17:22:47.328+0800: 7.817: [class unloading, 0.0001784 secs]2024-07-27T17:22:47.328+0800: 7.818: [scrub symbol table, 0.0003398 secs]2024-07-27T17:22:47.328+0800: 7.818: [scrub string table, 0.0001009 secs][1 CMS-remark: 333456K(478960K)] 346112K(557616K), 0.0017509 secs] [Times: user=0.00 sys=0.00, real=0.00 secs] 
2024-07-27T17:22:47.329+0800: 7.818: Total time for which application threads were stopped: 0.0019528 seconds, Stopping threads took: 0.0001569 seconds
2024-07-27T17:22:47.329+0800: 7.818: [CMS-concurrent-sweep-start]
2024-07-27T17:22:47.330+0800: 7.820: [CMS-concurrent-sweep: 0.001/0.001 secs] [Times: user=0.00 sys=0.00, real=0.00 secs] 
2024-07-27T17:22:47.330+0800: 7.820: [CMS-concurrent-reset-start]
2024-07-27T17:22:47.332+0800: 7.822: [CMS-concurrent-reset: 0.002/0.002 secs] [Times: user=0.00 sys=0.00, real=0.00 secs] 
2024-07-27T17:22:47.334+0800: 7.823: Application time: 0.0052378 seconds
2024-07-27T17:22:47.334+0800: 7.823: [GC (Allocation Failure) 2024-07-27T17:22:47.334+0800: 7.823: [ParNew: 77168K->8192K(78656K), 0.0119090 secs] 254975K->254607K(557616K), 0.0119637 secs] [Times: user=0.00 sys=0.00, real=0.01 secs] 
2024-07-27T17:22:47.346+0800: 7.835: Total time for which application threads were stopped: 0.0120562 seconds, Stopping threads took: 0.0000122 seconds
2024-07-27T17:22:47.346+0800: 7.836: Application time: 0.0002250 seconds
2024-07-27T17:22:47.346+0800: 7.836: [GC (CMS Initial Mark) [1 CMS-initial-mark: 246415K(478960K)] 258047K(557616K), 0.0008140 secs] [Times: user=0.00 sys=0.00, real=0.00 secs] 
2024-07-27T17:22:47.347+0800: 7.837: Total time for which application threads were stopped: 0.0010111 seconds, Stopping threads took: 0.0001551 seconds
2024-07-27T17:22:47.347+0800: 7.837: [CMS-concurrent-mark-start]
2024-07-27T17:22:47.348+0800: 7.838: [CMS-concurrent-mark: 0.001/0.001 secs] [Times: user=0.03 sys=0.00, real=0.00 secs] 
2024-07-27T17:22:47.348+0800: 7.838: [CMS-concurrent-preclean-start]
2024-07-27T17:22:47.349+0800: 7.838: [CMS-concurrent-preclean: 0.001/0.001 secs] [Times: user=0.00 sys=0.00, real=0.00 secs] 
2024-07-27T17:22:47.349+0800: 7.838: [CMS-concurrent-abortable-preclean-start]
2024-07-27T17:22:47.464+0800: 7.953: Application time: 0.1165399 seconds
2024-07-27T17:22:47.464+0800: 7.953: [GC (Allocation Failure) 2024-07-27T17:22:47.464+0800: 7.953: [ParNew: 77168K->8192K(78656K), 0.0123507 secs] 323584K->323216K(557616K), 0.0124042 secs] [Times: user=0.03 sys=0.00, real=0.01 secs] 
2024-07-27T17:22:47.476+0800: 7.966: Total time for which application threads were stopped: 0.0125140 seconds, Stopping threads took: 0.0000200 seconds
2024-07-27T17:22:47.587+0800: 8.077: Application time: 0.1109534 seconds
2024-07-27T17:22:47.587+0800: 8.077: [GC (Allocation Failure) 2024-07-27T17:22:47.587+0800: 8.077: [ParNew: 77168K->8192K(78656K), 0.0052617 secs] 392193K->344721K(557616K), 0.0053252 secs] [Times: user=0.00 sys=0.00, real=0.01 secs] 
2024-07-27T17:22:47.593+0800: 8.082: Total time for which application threads were stopped: 0.0054345 seconds, Stopping threads took: 0.0000207 seconds
2024-07-27T17:22:47.593+0800: 8.082: [CMS-concurrent-abortable-preclean: 0.006/0.244 secs] [Times: user=0.03 sys=0.00, real=0.24 secs] 
2024-07-27T17:22:47.593+0800: 8.082: Application time: 0.0003656 seconds
2024-07-27T17:22:47.593+0800: 8.082: [GC (CMS Final Remark) [YG occupancy: 14703 K (78656 K)]2024-07-27T17:22:47.593+0800: 8.083: [Rescan (parallel) , 0.0009979 secs]2024-07-27T17:22:47.594+0800: 8.084: [weak refs processing, 0.0000128 secs]2024-07-27T17:22:47.594+0800: 8.084: [class unloading, 0.0001771 secs]2024-07-27T17:22:47.594+0800: 8.084: [scrub symbol table, 0.0003445 secs]2024-07-27T17:22:47.595+0800: 8.084: [scrub string table, 0.0001201 secs][1 CMS-remark: 336528K(478960K)] 351232K(557616K), 0.0017183 secs] [Times: user=0.00 sys=0.00, real=0.00 secs] 
2024-07-27T17:22:47.595+0800: 8.084: Total time for which application threads were stopped: 0.0018738 seconds, Stopping threads took: 0.0001195 seconds
2024-07-27T17:22:47.595+0800: 8.084: [CMS-concurrent-sweep-start]
2024-07-27T17:22:47.597+0800: 8.086: [CMS-concurrent-sweep: 0.002/0.002 secs] [Times: user=0.00 sys=0.00, real=0.00 secs] 
2024-07-27T17:22:47.597+0800: 8.086: [CMS-concurrent-reset-start]
2024-07-27T17:22:47.599+0800: 8.089: [CMS-concurrent-reset: 0.003/0.003 secs] [Times: user=0.03 sys=0.00, real=0.00 secs] 
2024-07-27T17:22:47.600+0800: 8.090: Application time: 0.0052734 seconds
2024-07-27T17:22:47.600+0800: 8.090: [GC (Allocation Failure) 2024-07-27T17:22:47.600+0800: 8.090: [ParNew: 77168K->8192K(78656K), 0.0125227 secs] 257023K->256655K(557616K), 0.0125707 secs] [Times: user=0.00 sys=0.00, real=0.01 secs] 
2024-07-27T17:22:47.613+0800: 8.102: Total time for which application threads were stopped: 0.0126743 seconds, Stopping threads took: 0.0000177 seconds
2024-07-27T17:22:47.613+0800: 8.102: Application time: 0.0002423 seconds
2024-07-27T17:22:47.613+0800: 8.103: [GC (CMS Initial Mark) [1 CMS-initial-mark: 248463K(478960K)] 260095K(557616K), 0.0007953 secs] [Times: user=0.00 sys=0.00, real=0.00 secs] 
2024-07-27T17:22:47.614+0800: 8.103: Total time for which application threads were stopped: 0.0009126 seconds, Stopping threads took: 0.0000766 seconds
2024-07-27T17:22:47.614+0800: 8.103: [CMS-concurrent-mark-start]
2024-07-27T17:22:47.615+0800: 8.104: [CMS-concurrent-mark: 0.001/0.001 secs] [Times: user=0.00 sys=0.00, real=0.00 secs] 
2024-07-27T17:22:47.615+0800: 8.104: [CMS-concurrent-preclean-start]
2024-07-27T17:22:47.616+0800: 8.105: [CMS-concurrent-preclean: 0.001/0.001 secs] [Times: user=0.00 sys=0.00, real=0.00 secs] 
2024-07-27T17:22:47.616+0800: 8.105: [CMS-concurrent-abortable-preclean-start]
2024-07-27T17:22:47.732+0800: 8.221: Application time: 0.1177609 seconds
2024-07-27T17:22:47.732+0800: 8.221: [GC (Allocation Failure) 2024-07-27T17:22:47.732+0800: 8.221: [ParNew: 77168K->8192K(78656K), 0.0121503 secs] 325632K->325264K(557616K), 0.0122220 secs] [Times: user=0.03 sys=0.00, real=0.01 secs] 
2024-07-27T17:22:47.745+0800: 8.233: Total time for which application threads were stopped: 0.0123312 seconds, Stopping threads took: 0.0000202 seconds
2024-07-27T17:22:47.854+0800: 8.344: Application time: 0.1104508 seconds
2024-07-27T17:22:47.854+0800: 8.344: [GC (Allocation Failure) 2024-07-27T17:22:47.854+0800: 8.344: [ParNew: 77168K->8192K(78656K), 0.0052934 secs] 394241K->347793K(557616K), 0.0053654 secs] [Times: user=0.00 sys=0.00, real=0.01 secs] 
2024-07-27T17:22:47.860+0800: 8.349: Total time for which application threads were stopped: 0.0054845 seconds, Stopping threads took: 0.0000199 seconds
2024-07-27T17:22:47.860+0800: 8.349: [CMS-concurrent-abortable-preclean: 0.006/0.244 secs] [Times: user=0.03 sys=0.00, real=0.24 secs] 
2024-07-27T17:22:47.860+0800: 8.350: Application time: 0.0003283 seconds
2024-07-27T17:22:47.860+0800: 8.350: [GC (CMS Final Remark) [YG occupancy: 12655 K (78656 K)]2024-07-27T17:22:47.860+0800: 8.350: [Rescan (parallel) , 0.0009625 secs]2024-07-27T17:22:47.861+0800: 8.351: [weak refs processing, 0.0000128 secs]2024-07-27T17:22:47.861+0800: 8.351: [class unloading, 0.0001783 secs]2024-07-27T17:22:47.861+0800: 8.351: [scrub symbol table, 0.0003478 secs]2024-07-27T17:22:47.862+0800: 8.351: [scrub string table, 0.0001128 secs][1 CMS-remark: 339601K(478960K)] 352256K(557616K), 0.0016764 secs] [Times: user=0.00 sys=0.00, real=0.00 secs] 
2024-07-27T17:22:47.862+0800: 8.352: Total time for which application threads were stopped: 0.0018694 seconds, Stopping threads took: 0.0001579 seconds
2024-07-27T17:22:47.862+0800: 8.352: [CMS-concurrent-sweep-start]
2024-07-27T17:22:47.865+0800: 8.353: [CMS-concurrent-sweep: 0.001/0.001 secs] [Times: user=0.03 sys=0.00, real=0.00 secs] 
2024-07-27T17:22:47.865+0800: 8.353: [CMS-concurrent-reset-start]
2024-07-27T17:22:47.867+0800: 8.356: [CMS-concurrent-reset: 0.002/0.002 secs] [Times: user=0.00 sys=0.00, real=0.00 secs] 
2024-07-27T17:22:47.868+0800: 8.357: Application time: 0.0052405 seconds
2024-07-27T17:22:47.868+0800: 8.357: [GC (Allocation Failure) 2024-07-27T17:22:47.868+0800: 8.357: [ParNew: 77168K->8192K(78656K), 0.0127128 secs] 259071K->258703K(557616K), 0.0127601 secs] [Times: user=0.03 sys=0.00, real=0.01 secs] 
2024-07-27T17:22:47.881+0800: 8.370: Total time for which application threads were stopped: 0.0128527 seconds, Stopping threads took: 0.0000118 seconds
2024-07-27T17:22:47.881+0800: 8.370: Application time: 0.0002224 seconds
2024-07-27T17:22:47.881+0800: 8.370: [GC (CMS Initial Mark) [1 CMS-initial-mark: 250511K(478960K)] 262143K(557616K), 0.0007552 secs] [Times: user=0.00 sys=0.00, real=0.00 secs] 
2024-07-27T17:22:47.882+0800: 8.371: Total time for which application threads were stopped: 0.0008866 seconds, Stopping threads took: 0.0000913 seconds
2024-07-27T17:22:47.882+0800: 8.371: [CMS-concurrent-mark-start]
2024-07-27T17:22:47.883+0800: 8.372: [CMS-concurrent-mark: 0.001/0.001 secs] [Times: user=0.00 sys=0.00, real=0.00 secs] 
2024-07-27T17:22:47.883+0800: 8.372: [CMS-concurrent-preclean-start]
2024-07-27T17:22:47.883+0800: 8.373: [CMS-concurrent-preclean: 0.001/0.001 secs] [Times: user=0.00 sys=0.00, real=0.00 secs] 
2024-07-27T17:22:47.883+0800: 8.373: [CMS-concurrent-abortable-preclean-start]
2024-07-27T17:22:47.995+0800: 8.485: Application time: 0.1140182 seconds
2024-07-27T17:22:47.995+0800: 8.485: [GC (Allocation Failure) 2024-07-27T17:22:47.995+0800: 8.485: [ParNew: 77168K->8192K(78656K), 0.0121063 secs] 327680K->327312K(557616K), 0.0121642 secs] [Times: user=0.03 sys=0.00, real=0.01 secs] 
2024-07-27T17:22:48.008+0800: 8.497: Total time for which application threads were stopped: 0.0122870 seconds, Stopping threads took: 0.0000198 seconds
2024-07-27T17:22:48.119+0800: 8.609: Application time: 0.1118212 seconds
2024-07-27T17:22:48.119+0800: 8.609: [GC (Allocation Failure) 2024-07-27T17:22:48.119+0800: 8.609: [ParNew: 77543K->8196K(78656K), 0.0055801 secs] 396664K->349845K(557616K), 0.0056372 secs] [Times: user=0.00 sys=0.00, real=0.01 secs] 
2024-07-27T17:22:48.125+0800: 8.615: Total time for which application threads were stopped: 0.0057450 seconds, Stopping threads took: 0.0000187 seconds
2024-07-27T17:22:48.125+0800: 8.615: [CMS-concurrent-abortable-preclean: 0.005/0.242 secs] [Times: user=0.03 sys=0.00, real=0.24 secs] 
2024-07-27T17:22:48.125+0800: 8.615: Application time: 0.0002879 seconds
2024-07-27T17:22:48.125+0800: 8.615: [GC (CMS Final Remark) [YG occupancy: 12649 K (78656 K)]2024-07-27T17:22:48.125+0800: 8.615: [Rescan (parallel) , 0.0009765 secs]2024-07-27T17:22:48.127+0800: 8.616: [weak refs processing, 0.0000125 secs]2024-07-27T17:22:48.127+0800: 8.616: [class unloading, 0.0001997 secs]2024-07-27T17:22:48.127+0800: 8.616: [scrub symbol table, 0.0003510 secs]2024-07-27T17:22:48.127+0800: 8.617: [scrub string table, 0.0000998 secs][1 CMS-remark: 341649K(478960K)] 354299K(557616K), 0.0017028 secs] [Times: user=0.00 sys=0.00, real=0.00 secs] 
2024-07-27T17:22:48.127+0800: 8.617: Total time for which application threads were stopped: 0.0018194 seconds, Stopping threads took: 0.0000823 seconds
2024-07-27T17:22:48.127+0800: 8.617: [CMS-concurrent-sweep-start]
2024-07-27T17:22:48.129+0800: 8.619: [CMS-concurrent-sweep: 0.002/0.002 secs] [Times: user=0.03 sys=0.00, real=0.00 secs] 
2024-07-27T17:22:48.129+0800: 8.619: [CMS-concurrent-reset-start]
2024-07-27T17:22:48.131+0800: 8.621: [CMS-concurrent-reset: 0.002/0.002 secs] [Times: user=0.00 sys=0.00, real=0.00 secs] 
2024-07-27T17:22:48.133+0800: 8.622: Application time: 0.0053224 seconds
2024-07-27T17:22:48.133+0800: 8.622: [GC (Allocation Failure) 2024-07-27T17:22:48.133+0800: 8.622: [ParNew: 77162K->8192K(78656K), 0.0119154 secs] 260089K->259727K(557616K), 0.0119692 secs] [Times: user=0.00 sys=0.02, real=0.01 secs] 
2024-07-27T17:22:48.145+0800: 8.634: Total time for which application threads were stopped: 0.0120664 seconds, Stopping threads took: 0.0000166 seconds
2024-07-27T17:22:48.145+0800: 8.634: Application time: 0.0002422 seconds
2024-07-27T17:22:48.145+0800: 8.635: [GC (CMS Initial Mark) [1 CMS-initial-mark: 251535K(478960K)] 263161K(557616K), 0.0005872 secs] [Times: user=0.00 sys=0.00, real=0.00 secs] 
2024-07-27T17:22:48.146+0800: 8.635: Total time for which application threads were stopped: 0.0007544 seconds, Stopping threads took: 0.0001249 seconds
2024-07-27T17:22:48.146+0800: 8.635: [CMS-concurrent-mark-start]
2024-07-27T17:22:48.147+0800: 8.636: [CMS-concurrent-mark: 0.001/0.001 secs] [Times: user=0.00 sys=0.00, real=0.00 secs] 
2024-07-27T17:22:48.147+0800: 8.636: [CMS-concurrent-preclean-start]
2024-07-27T17:22:48.147+0800: 8.637: [CMS-concurrent-preclean: 0.001/0.001 secs] [Times: user=0.00 sys=0.00, real=0.00 secs] 
2024-07-27T17:22:48.147+0800: 8.637: [CMS-concurrent-abortable-preclean-start]
2024-07-27T17:22:48.263+0800: 8.752: Application time: 0.1169374 seconds
2024-07-27T17:22:48.263+0800: 8.752: [GC (Allocation Failure) 2024-07-27T17:22:48.263+0800: 8.752: [ParNew: 77162K->8192K(78656K), 0.0119437 secs] 328698K->328336K(557616K), 0.0120017 secs] [Times: user=0.03 sys=0.00, real=0.01 secs] 
2024-07-27T17:22:48.275+0800: 8.764: Total time for which application threads were stopped: 0.0121096 seconds, Stopping threads took: 0.0000201 seconds
2024-07-27T17:22:48.384+0800: 8.874: Application time: 0.1092797 seconds
2024-07-27T17:22:48.384+0800: 8.874: [GC (Allocation Failure) 2024-07-27T17:22:48.384+0800: 8.874: [ParNew: 77164K->8192K(78656K), 0.0055131 secs] 397309K->351889K(557616K), 0.0055732 secs] [Times: user=0.00 sys=0.00, real=0.01 secs] 
2024-07-27T17:22:48.390+0800: 8.879: Total time for which application threads were stopped: 0.0056801 seconds, Stopping threads took: 0.0000185 seconds
2024-07-27T17:22:48.390+0800: 8.879: [CMS-concurrent-abortable-preclean: 0.006/0.242 secs] [Times: user=0.03 sys=0.00, real=0.24 secs] 
2024-07-27T17:22:48.390+0800: 8.880: Application time: 0.0003292 seconds
2024-07-27T17:22:48.390+0800: 8.880: [GC (CMS Final Remark) [YG occupancy: 12653 K (78656 K)]2024-07-27T17:22:48.390+0800: 8.880: [Rescan (parallel) , 0.0008755 secs]2024-07-27T17:22:48.391+0800: 8.881: [weak refs processing, 0.0000127 secs]2024-07-27T17:22:48.391+0800: 8.881: [class unloading, 0.0002031 secs]2024-07-27T17:22:48.392+0800: 8.881: [scrub symbol table, 0.0003457 secs]2024-07-27T17:22:48.392+0800: 8.881: [scrub string table, 0.0001004 secs][1 CMS-remark: 343697K(478960K)] 356350K(557616K), 0.0016001 secs] [Times: user=0.00 sys=0.00, real=0.00 secs] 
2024-07-27T17:22:48.392+0800: 8.881: Total time for which application threads were stopped: 0.0017108 seconds, Stopping threads took: 0.0000759 seconds
2024-07-27T17:22:48.392+0800: 8.881: [CMS-concurrent-sweep-start]
2024-07-27T17:22:48.394+0800: 8.883: [CMS-concurrent-sweep: 0.002/0.002 secs] [Times: user=0.00 sys=0.00, real=0.00 secs] 
2024-07-27T17:22:48.394+0800: 8.883: [CMS-concurrent-reset-start]
2024-07-27T17:22:48.396+0800: 8.885: [CMS-concurrent-reset: 0.002/0.002 secs] [Times: user=0.03 sys=0.00, real=0.00 secs] 
2024-07-27T17:22:48.397+0800: 8.887: Application time: 0.0052641 seconds
2024-07-27T17:22:48.397+0800: 8.887: [GC (Allocation Failure) 2024-07-27T17:22:48.397+0800: 8.887: [ParNew: 77166K->8192K(78656K), 0.0123980 secs] 261116K->260751K(557616K), 0.0124459 secs] [Times: user=0.00 sys=0.00, real=0.01 secs] 
2024-07-27T17:22:48.409+0800: 8.899: Total time for which application threads were stopped: 0.0125373 seconds, Stopping threads took: 0.0000118 seconds
2024-07-27T17:22:48.410+0800: 8.899: Application time: 0.0001766 seconds
2024-07-27T17:22:48.410+0800: 8.899: [GC (CMS Initial Mark) [1 CMS-initial-mark: 252559K(478960K)] 264189K(557616K), 0.0008026 secs] [Times: user=0.00 sys=0.00, real=0.00 secs] 
2024-07-27T17:22:48.411+0800: 8.900: Total time for which application threads were stopped: 0.0009937 seconds, Stopping threads took: 0.0001476 seconds
2024-07-27T17:22:48.411+0800: 8.900: [CMS-concurrent-mark-start]
2024-07-27T17:22:48.412+0800: 8.901: [CMS-concurrent-mark: 0.001/0.001 secs] [Times: user=0.00 sys=0.00, real=0.00 secs] 
2024-07-27T17:22:48.412+0800: 8.901: [CMS-concurrent-preclean-start]
2024-07-27T17:22:48.412+0800: 8.902: [CMS-concurrent-preclean: 0.001/0.001 secs] [Times: user=0.00 sys=0.00, real=0.00 secs] 
2024-07-27T17:22:48.412+0800: 8.902: [CMS-concurrent-abortable-preclean-start]
2024-07-27T17:22:48.528+0800: 9.018: Application time: 0.1173398 seconds
2024-07-27T17:22:48.529+0800: 9.018: [GC (Allocation Failure) 2024-07-27T17:22:48.529+0800: 9.018: [ParNew: 77167K->8192K(78656K), 0.0124065 secs] 329726K->329360K(557616K), 0.0124648 secs] [Times: user=0.03 sys=0.00, real=0.01 secs] 
2024-07-27T17:22:48.541+0800: 9.030: Total time for which application threads were stopped: 0.0125886 seconds, Stopping threads took: 0.0000231 seconds
2024-07-27T17:22:48.652+0800: 9.141: Application time: 0.1113305 seconds
2024-07-27T17:22:48.652+0800: 9.142: [GC (Allocation Failure) 2024-07-27T17:22:48.652+0800: 9.142: [ParNew: 77167K->8192K(78656K), 0.0059605 secs] 398336K->353937K(557616K), 0.0060250 secs] [Times: user=0.00 sys=0.00, real=0.01 secs] 
2024-07-27T17:22:48.658+0800: 9.148: Total time for which application threads were stopped: 0.0061523 seconds, Stopping threads took: 0.0000242 seconds
2024-07-27T17:22:48.658+0800: 9.148: [CMS-concurrent-abortable-preclean: 0.006/0.246 secs] [Times: user=0.03 sys=0.00, real=0.25 secs] 
2024-07-27T17:22:48.659+0800: 9.148: Application time: 0.0002865 seconds
2024-07-27T17:22:48.659+0800: 9.148: [GC (CMS Final Remark) [YG occupancy: 12655 K (78656 K)]2024-07-27T17:22:48.659+0800: 9.148: [Rescan (parallel) , 0.0007332 secs]2024-07-27T17:22:48.659+0800: 9.149: [weak refs processing, 0.0000130 secs]2024-07-27T17:22:48.659+0800: 9.149: [class unloading, 0.0001894 secs]2024-07-27T17:22:48.660+0800: 9.149: [scrub symbol table, 0.0003418 secs]2024-07-27T17:22:48.660+0800: 9.149: [scrub string table, 0.0001212 secs][1 CMS-remark: 345745K(478960K)] 358400K(557616K), 0.0014603 secs] [Times: user=0.00 sys=0.00, real=0.00 secs] 
2024-07-27T17:22:48.660+0800: 9.150: Total time for which application threads were stopped: 0.0015791 seconds, Stopping threads took: 0.0000836 seconds
2024-07-27T17:22:48.660+0800: 9.150: [CMS-concurrent-sweep-start]
2024-07-27T17:22:48.662+0800: 9.151: [CMS-concurrent-sweep: 0.001/0.002 secs] [Times: user=0.03 sys=0.00, real=0.00 secs] 
2024-07-27T17:22:48.662+0800: 9.151: [CMS-concurrent-reset-start]
2024-07-27T17:22:48.664+0800: 9.154: [CMS-concurrent-reset: 0.002/0.002 secs] [Times: user=0.00 sys=0.00, real=0.00 secs] 
2024-07-27T17:22:48.665+0800: 9.155: Application time: 0.0053954 seconds
2024-07-27T17:22:48.666+0800: 9.155: [GC (Allocation Failure) 2024-07-27T17:22:48.666+0800: 9.155: [ParNew: 77168K->8192K(78656K), 0.0121084 secs] 263166K->262799K(557616K), 0.0121567 secs] [Times: user=0.03 sys=0.00, real=0.01 secs] 
2024-07-27T17:22:48.678+0800: 9.167: Total time for which application threads were stopped: 0.0122684 seconds, Stopping threads took: 0.0000167 seconds
2024-07-27T17:22:48.678+0800: 9.167: Application time: 0.0002020 seconds
2024-07-27T17:22:48.678+0800: 9.167: [GC (CMS Initial Mark) [1 CMS-initial-mark: 254607K(478960K)] 265215K(557616K), 0.0006387 secs] [Times: user=0.00 sys=0.00, real=0.00 secs] 
2024-07-27T17:22:48.679+0800: 9.168: Total time for which application threads were stopped: 0.0006983 seconds, Stopping threads took: 0.0000212 seconds
2024-07-27T17:22:48.679+0800: 9.168: [CMS-concurrent-mark-start]
2024-07-27T17:22:48.680+0800: 9.169: [CMS-concurrent-mark: 0.001/0.001 secs] [Times: user=0.00 sys=0.00, real=0.00 secs] 
2024-07-27T17:22:48.680+0800: 9.169: [CMS-concurrent-preclean-start]
2024-07-27T17:22:48.680+0800: 9.170: [CMS-concurrent-preclean: 0.001/0.001 secs] [Times: user=0.00 sys=0.00, real=0.00 secs] 
2024-07-27T17:22:48.680+0800: 9.170: [CMS-concurrent-abortable-preclean-start]
2024-07-27T17:22:48.795+0800: 9.285: Application time: 0.1165849 seconds
2024-07-27T17:22:48.795+0800: 9.285: [GC (Allocation Failure) 2024-07-27T17:22:48.795+0800: 9.285: [ParNew: 77168K->8192K(78656K), 0.0118061 secs] 331776K->331408K(557616K), 0.0118681 secs] [Times: user=0.03 sys=0.00, real=0.01 secs] 
2024-07-27T17:22:48.807+0800: 9.297: Total time for which application threads were stopped: 0.0119765 seconds, Stopping threads took: 0.0000204 seconds
2024-07-27T17:22:48.919+0800: 9.409: Application time: 0.1120512 seconds
2024-07-27T17:22:48.919+0800: 9.409: [GC (Allocation Failure) 2024-07-27T17:22:48.919+0800: 9.409: [ParNew: 77171K->8192K(78656K), 0.0057654 secs] 400387K->357009K(557616K), 0.0058375 secs] [Times: user=0.00 sys=0.00, real=0.01 secs] 
2024-07-27T17:22:48.925+0800: 9.415: Total time for which application threads were stopped: 0.0059453 seconds, Stopping threads took: 0.0000196 seconds
2024-07-27T17:22:48.925+0800: 9.415: [CMS-concurrent-abortable-preclean: 0.006/0.245 secs] [Times: user=0.03 sys=0.00, real=0.24 secs] 
2024-07-27T17:22:48.926+0800: 9.415: Application time: 0.0003085 seconds
2024-07-27T17:22:48.926+0800: 9.415: [GC (CMS Final Remark) [YG occupancy: 12649 K (78656 K)]2024-07-27T17:22:48.926+0800: 9.415: [Rescan (parallel) , 0.0009445 secs]2024-07-27T17:22:48.927+0800: 9.416: [weak refs processing, 0.0000132 secs]2024-07-27T17:22:48.927+0800: 9.416: [class unloading, 0.0001761 secs]2024-07-27T17:22:48.927+0800: 9.416: [scrub symbol table, 0.0003141 secs]2024-07-27T17:22:48.927+0800: 9.417: [scrub string table, 0.0001044 secs][1 CMS-remark: 348817K(478960K)] 361467K(557616K), 0.0016158 secs] [Times: user=0.00 sys=0.00, real=0.00 secs] 
2024-07-27T17:22:48.927+0800: 9.417: Total time for which application threads were stopped: 0.0018027 seconds, Stopping threads took: 0.0001518 seconds
2024-07-27T17:22:48.928+0800: 9.417: [CMS-concurrent-sweep-start]
2024-07-27T17:22:48.929+0800: 9.418: [CMS-concurrent-sweep: 0.001/0.001 secs] [Times: user=0.00 sys=0.00, real=0.00 secs] 
2024-07-27T17:22:48.929+0800: 9.418: [CMS-concurrent-reset-start]
2024-07-27T17:22:48.931+0800: 9.420: [CMS-concurrent-reset: 0.002/0.002 secs] [Times: user=0.00 sys=0.00, real=0.00 secs] 
2024-07-27T17:22:49.043+0800: 9.532: Application time: 0.1150793 seconds
2024-07-27T17:22:49.043+0800: 9.532: [GC (Allocation Failure) 2024-07-27T17:22:49.043+0800: 9.532: [ParNew: 77162K->8192K(78656K), 0.0121681 secs] 265209K->264847K(557616K), 0.0122398 secs] [Times: user=0.03 sys=0.00, real=0.01 secs] 
2024-07-27T17:22:49.055+0800: 9.544: Total time for which application threads were stopped: 0.0123806 seconds, Stopping threads took: 0.0000314 seconds
2024-07-27T17:22:49.056+0800: 9.544: Application time: 0.0001928 seconds
2024-07-27T17:22:49.056+0800: 9.545: [GC (CMS Initial Mark) [1 CMS-initial-mark: 256655K(478960K)] 268283K(557616K), 0.0008965 secs] [Times: user=0.00 sys=0.00, real=0.00 secs] 
2024-07-27T17:22:49.057+0800: 9.545: Total time for which application threads were stopped: 0.0010616 seconds, Stopping threads took: 0.0001246 seconds
2024-07-27T17:22:49.057+0800: 9.546: [CMS-concurrent-mark-start]
2024-07-27T17:22:49.061+0800: 9.550: [CMS-concurrent-mark: 0.004/0.004 secs] [Times: user=0.00 sys=0.00, real=0.00 secs] 
2024-07-27T17:22:49.061+0800: 9.550: [CMS-concurrent-preclean-start]
2024-07-27T17:22:49.062+0800: 9.551: [CMS-concurrent-preclean: 0.001/0.001 secs] [Times: user=0.00 sys=0.00, real=0.00 secs] 
2024-07-27T17:22:49.062+0800: 9.551: Application time: 0.0052539 seconds
2024-07-27T17:22:49.062+0800: 9.551: [GC (Allocation Failure) 2024-07-27T17:22:49.062+0800: 9.551: [ParNew: 77165K->8192K(78656K), 0.0119245 secs] 333820K->333457K(557616K), 0.0119716 secs] [Times: user=0.03 sys=0.00, real=0.01 secs] 
2024-07-27T17:22:49.074+0800: 9.563: Total time for which application threads were stopped: 0.0120631 seconds, Stopping threads took: 0.0000118 seconds
2024-07-27T17:22:49.074+0800: 9.563: Application time: 0.0002803 seconds
2024-07-27T17:22:49.074+0800: 9.563: [GC (CMS Final Remark) [YG occupancy: 12653 K (78656 K)]2024-07-27T17:22:49.074+0800: 9.563: [Rescan (parallel) , 0.0009143 secs]2024-07-27T17:22:49.075+0800: 9.564: [weak refs processing, 0.0000125 secs]2024-07-27T17:22:49.075+0800: 9.564: [class unloading, 0.0001968 secs]2024-07-27T17:22:49.076+0800: 9.564: [scrub symbol table, 0.0003236 secs]2024-07-27T17:22:49.076+0800: 9.565: [scrub string table, 0.0001142 secs][1 CMS-remark: 325264K(478960K)] 337918K(557616K), 0.0016278 secs] [Times: user=0.00 sys=0.00, real=0.00 secs] 
2024-07-27T17:22:49.076+0800: 9.565: Total time for which application threads were stopped: 0.0017494 seconds, Stopping threads took: 0.0000862 seconds
2024-07-27T17:22:49.076+0800: 9.565: [CMS-concurrent-sweep-start]
2024-07-27T17:22:49.078+0800: 9.567: [CMS-concurrent-sweep: 0.002/0.002 secs] [Times: user=0.00 sys=0.00, real=0.00 secs] 
2024-07-27T17:22:49.078+0800: 9.567: [CMS-concurrent-reset-start]
2024-07-27T17:22:49.079+0800: 9.568: [CMS-concurrent-reset: 0.001/0.001 secs] [Times: user=0.00 sys=0.00, real=0.00 secs] 
2024-07-27T17:22:49.185+0800: 9.674: Application time: 0.1093043 seconds
2024-07-27T17:22:49.185+0800: 9.674: [GC (Allocation Failure) 2024-07-27T17:22:49.185+0800: 9.674: [ParNew: 77166K->8192K(78656K), 0.0058873 secs] 240636K->198286K(557616K), 0.0059646 secs] [Times: user=0.00 sys=0.00, real=0.01 secs] 
2024-07-27T17:22:49.191+0800: 9.680: Total time for which application threads were stopped: 0.0060751 seconds, Stopping threads took: 0.0000202 seconds
2024-07-27T17:22:49.310+0800: 9.799: Application time: 0.1186372 seconds
2024-07-27T17:22:49.310+0800: 9.799: [GC (Allocation Failure) 2024-07-27T17:22:49.310+0800: 9.799: [ParNew: 77167K->8192K(78656K), 0.0118526 secs] 267262K->266896K(557616K), 0.0119338 secs] [Times: user=0.03 sys=0.00, real=0.01 secs] 
2024-07-27T17:22:49.321+0800: 9.811: Total time for which application threads were stopped: 0.0120834 seconds, Stopping threads took: 0.0000244 seconds
2024-07-27T17:22:49.321+0800: 9.811: Application time: 0.0001227 seconds
2024-07-27T17:22:49.322+0800: 9.811: [GC (CMS Initial Mark) [1 CMS-initial-mark: 258703K(478960K)] 270334K(557616K), 0.0008174 secs] [Times: user=0.00 sys=0.00, real=0.00 secs] 
2024-07-27T17:22:49.322+0800: 9.812: Total time for which application threads were stopped: 0.0010222 seconds, Stopping threads took: 0.0001643 seconds
2024-07-27T17:22:49.322+0800: 9.812: [CMS-concurrent-mark-start]
2024-07-27T17:22:49.326+0800: 9.816: [CMS-concurrent-mark: 0.004/0.004 secs] [Times: user=0.00 sys=0.00, real=0.00 secs] 
2024-07-27T17:22:49.326+0800: 9.816: [CMS-concurrent-preclean-start]
2024-07-27T17:22:49.328+0800: 9.817: [CMS-concurrent-preclean: 0.001/0.001 secs] [Times: user=0.00 sys=0.00, real=0.00 secs] 
2024-07-27T17:22:49.328+0800: 9.817: Application time: 0.0053611 seconds
2024-07-27T17:22:49.328+0800: 9.818: [GC (Allocation Failure) 2024-07-27T17:22:49.328+0800: 9.818: [ParNew: 77167K->8192K(78656K), 0.0118340 secs] 335871K->335505K(557616K), 0.0118814 secs] [Times: user=0.03 sys=0.00, real=0.01 secs] 
2024-07-27T17:22:49.340+0800: 9.829: Total time for which application threads were stopped: 0.0119780 seconds, Stopping threads took: 0.0000141 seconds
2024-07-27T17:22:49.340+0800: 9.830: Application time: 0.0002573 seconds
2024-07-27T17:22:49.340+0800: 9.830: [GC (CMS Final Remark) [YG occupancy: 11631 K (78656 K)]2024-07-27T17:22:49.340+0800: 9.830: [Rescan (parallel) , 0.0007400 secs]2024-07-27T17:22:49.342+0800: 9.831: [weak refs processing, 0.0000131 secs]2024-07-27T17:22:49.342+0800: 9.831: [class unloading, 0.0001851 secs]2024-07-27T17:22:49.342+0800: 9.831: [scrub symbol table, 0.0003324 secs]2024-07-27T17:22:49.342+0800: 9.831: [scrub string table, 0.0001004 secs][1 CMS-remark: 327312K(478960K)] 338944K(557616K), 0.0014420 secs] [Times: user=0.00 sys=0.00, real=0.00 secs] 
2024-07-27T17:22:49.342+0800: 9.831: Total time for which application threads were stopped: 0.0015500 seconds, Stopping threads took: 0.0000725 seconds
2024-07-27T17:22:49.342+0800: 9.831: [CMS-concurrent-sweep-start]
2024-07-27T17:22:49.344+0800: 9.833: [CMS-concurrent-sweep: 0.002/0.002 secs] [Times: user=0.00 sys=0.00, real=0.00 secs] 
2024-07-27T17:22:49.344+0800: 9.833: [CMS-concurrent-reset-start]
2024-07-27T17:22:49.345+0800: 9.835: [CMS-concurrent-reset: 0.001/0.001 secs] [Times: user=0.00 sys=0.00, real=0.00 secs] 
2024-07-27T17:22:49.454+0800: 9.944: Application time: 0.1122416 seconds
2024-07-27T17:22:49.454+0800: 9.944: [GC (Allocation Failure) 2024-07-27T17:22:49.454+0800: 9.944: [ParNew: 77168K->8192K(78656K), 0.0062885 secs] 241662K->200334K(557616K), 0.0063461 secs] [Times: user=0.03 sys=0.00, real=0.01 secs] 
2024-07-27T17:22:49.461+0800: 9.950: Total time for which application threads were stopped: 0.0064572 seconds, Stopping threads took: 0.0000202 seconds
2024-07-27T17:22:49.580+0800: 10.069: Application time: 0.1189666 seconds
2024-07-27T17:22:49.580+0800: 10.069: [GC (Allocation Failure) 2024-07-27T17:22:49.580+0800: 10.069: [ParNew: 77168K->8192K(78656K), 0.0119399 secs] 269311K->268944K(557616K), 0.0120022 secs] [Times: user=0.03 sys=0.00, real=0.01 secs] 
2024-07-27T17:22:49.591+0800: 10.081: Total time for which application threads were stopped: 0.0121125 seconds, Stopping threads took: 0.0000198 seconds
2024-07-27T17:22:49.596+0800: 10.085: Application time: 0.0044208 seconds
2024-07-27T17:22:49.596+0800: 10.086: [GC (Allocation Failure) 2024-07-27T17:22:49.596+0800: 10.086: [ParNew: 77168K->8192K(78656K), 0.0117486 secs] 337920K->337553K(557616K), 0.0117997 secs] [Times: user=0.03 sys=0.00, real=0.01 secs] 
2024-07-27T17:22:49.608+0800: 10.097: Total time for which application threads were stopped: 0.0118984 seconds, Stopping threads took: 0.0000149 seconds
2024-07-27T17:22:49.608+0800: 10.098: Application time: 0.0002350 seconds
2024-07-27T17:22:49.608+0800: 10.098: [GC (CMS Initial Mark) [1 CMS-initial-mark: 329360K(478960K)] 340992K(557616K), 0.0007812 secs] [Times: user=0.00 sys=0.00, real=0.00 secs] 
2024-07-27T17:22:49.609+0800: 10.099: Total time for which application threads were stopped: 0.0009453 seconds, Stopping threads took: 0.0001225 seconds
2024-07-27T17:22:49.609+0800: 10.099: [CMS-concurrent-mark-start]
2024-07-27T17:22:49.612+0800: 10.101: [CMS-concurrent-mark: 0.003/0.003 secs] [Times: user=0.00 sys=0.00, real=0.00 secs] 
2024-07-27T17:22:49.612+0800: 10.101: [CMS-concurrent-preclean-start]
2024-07-27T17:22:49.612+0800: 10.102: [CMS-concurrent-preclean: 0.001/0.001 secs] [Times: user=0.00 sys=0.00, real=0.00 secs] 
2024-07-27T17:22:49.612+0800: 10.102: [CMS-concurrent-abortable-preclean-start]
2024-07-27T17:22:49.722+0800: 10.212: Application time: 0.1129673 seconds
2024-07-27T17:22:49.723+0800: 10.212: [GC (Allocation Failure) 2024-07-27T17:22:49.723+0800: 10.212: [ParNew: 77168K->8192K(78656K), 0.0063096 secs] 406529K->366225K(557616K), 0.0063698 secs] [Times: user=0.03 sys=0.00, real=0.01 secs] 
2024-07-27T17:22:49.729+0800: 10.218: Total time for which application threads were stopped: 0.0064927 seconds, Stopping threads took: 0.0000225 seconds
2024-07-27T17:22:49.846+0800: 10.335: Application time: 0.1170401 seconds
2024-07-27T17:22:49.846+0800: 10.335: [GC (Allocation Failure) 2024-07-27T17:22:49.846+0800: 10.335: [ParNew: 77168K->8192K(78656K), 0.0120458 secs] 435202K->434834K(557616K), 0.0121129 secs] [Times: user=0.03 sys=0.00, real=0.01 secs] 
2024-07-27T17:22:49.858+0800: 10.347: Total time for which application threads were stopped: 0.0122316 seconds, Stopping threads took: 0.0000235 seconds
2024-07-27T17:22:49.862+0800: 10.352: Application time: 0.0049129 seconds
2024-07-27T17:22:49.863+0800: 10.352: [GC (Allocation Failure) 2024-07-27T17:22:49.863+0800: 10.352: [ParNew: 77168K->8192K(78656K), 0.0191879 secs] 503811K->503443K(575092K), 0.0192347 secs] [Times: user=0.05 sys=0.01, real=0.02 secs] 
2024-07-27T17:22:49.882+0800: 10.372: Total time for which application threads were stopped: 0.0193399 seconds, Stopping threads took: 0.0000166 seconds
2024-07-27T17:22:49.882+0800: 10.372: [CMS-concurrent-abortable-preclean: 0.006/0.270 secs] [Times: user=0.11 sys=0.01, real=0.27 secs] 
2024-07-27T17:22:49.882+0800: 10.372: Application time: 0.0003116 seconds
2024-07-27T17:22:49.882+0800: 10.372: [GC (CMS Final Remark) [YG occupancy: 12655 K (78656 K)]2024-07-27T17:22:49.882+0800: 10.372: [Rescan (parallel) , 0.0007797 secs]2024-07-27T17:22:49.883+0800: 10.373: [weak refs processing, 0.0000129 secs]2024-07-27T17:22:49.883+0800: 10.373: [class unloading, 0.0002064 secs]2024-07-27T17:22:49.883+0800: 10.373: [scrub symbol table, 0.0003438 secs]2024-07-27T17:22:49.884+0800: 10.373: [scrub string table, 0.0001003 secs][1 CMS-remark: 495251K(496436K)] 507907K(575092K), 0.0015084 secs] [Times: user=0.00 sys=0.00, real=0.00 secs] 
2024-07-27T17:22:49.884+0800: 10.374: Total time for which application threads were stopped: 0.0017041 seconds, Stopping threads took: 0.0001599 seconds
2024-07-27T17:22:49.884+0800: 10.374: [CMS-concurrent-sweep-start]
2024-07-27T17:22:49.887+0800: 10.375: [CMS-concurrent-sweep: 0.001/0.001 secs] [Times: user=0.00 sys=0.00, real=0.00 secs] 
2024-07-27T17:22:49.887+0800: 10.376: [CMS-concurrent-reset-start]
2024-07-27T17:22:49.887+0800: 10.377: [CMS-concurrent-reset: 0.001/0.001 secs] [Times: user=0.00 sys=0.00, real=0.00 secs] 
2024-07-27T17:22:50.004+0800: 10.493: Application time: 0.1195329 seconds
2024-07-27T17:22:50.004+0800: 10.493: [GC (Allocation Failure) 2024-07-27T17:22:50.004+0800: 10.493: [ParNew: 77168K->8192K(78656K), 0.0068714 secs] 408577K->369297K(631008K), 0.0069305 secs] [Times: user=0.02 sys=0.00, real=0.01 secs] 
2024-07-27T17:22:50.010+0800: 10.500: Total time for which application threads were stopped: 0.0070435 seconds, Stopping threads took: 0.0000201 seconds
2024-07-27T17:22:50.011+0800: 10.500: Application time: 0.0002684 seconds
2024-07-27T17:22:50.011+0800: 10.501: [GC (CMS Initial Mark) [1 CMS-initial-mark: 361105K(552352K)] 372737K(631008K), 0.0008104 secs] [Times: user=0.00 sys=0.00, real=0.00 secs] 
2024-07-27T17:22:50.012+0800: 10.501: Total time for which application threads were stopped: 0.0009243 seconds, Stopping threads took: 0.0000724 seconds
2024-07-27T17:22:50.012+0800: 10.501: [CMS-concurrent-mark-start]
2024-07-27T17:22:50.016+0800: 10.506: [CMS-concurrent-mark: 0.005/0.005 secs] [Times: user=0.00 sys=0.00, real=0.00 secs] 
2024-07-27T17:22:50.016+0800: 10.506: [CMS-concurrent-preclean-start]
2024-07-27T17:22:50.017+0800: 10.507: [CMS-concurrent-preclean: 0.001/0.001 secs] [Times: user=0.00 sys=0.00, real=0.00 secs] 
2024-07-27T17:22:50.017+0800: 10.507: [CMS-concurrent-abortable-preclean-start]
2024-07-27T17:22:50.128+0800: 10.617: Application time: 0.1160608 seconds
2024-07-27T17:22:50.128+0800: 10.617: [GC (Allocation Failure) 2024-07-27T17:22:50.128+0800: 10.618: [ParNew: 77168K->8192K(78656K), 0.0121565 secs] 438274K->437906K(631008K), 0.0122163 secs] [Times: user=0.03 sys=0.00, real=0.01 secs] 
2024-07-27T17:22:50.140+0800: 10.630: Total time for which application threads were stopped: 0.0123300 seconds, Stopping threads took: 0.0000206 seconds
2024-07-27T17:22:50.144+0800: 10.634: Application time: 0.0044680 seconds
2024-07-27T17:22:50.145+0800: 10.634: [GC (Allocation Failure) 2024-07-27T17:22:50.145+0800: 10.634: [ParNew: 77168K->8192K(78656K), 0.0132164 secs] 506883K->506515K(631008K), 0.0132654 secs] [Times: user=0.00 sys=0.00, real=0.01 secs] 
2024-07-27T17:22:50.158+0800: 10.648: Total time for which application threads were stopped: 0.0133731 seconds, Stopping threads took: 0.0000246 seconds
2024-07-27T17:22:50.273+0800: 10.763: Application time: 0.1149698 seconds
2024-07-27T17:22:50.273+0800: 10.763: [GC (Allocation Failure) 2024-07-27T17:22:50.273+0800: 10.763: [ParNew: 77168K->8192K(78656K), 0.0190257 secs] 575492K->537236K(631008K), 0.0190842 secs] [Times: user=0.03 sys=0.00, real=0.02 secs] 
2024-07-27T17:22:50.292+0800: 10.782: Total time for which application threads were stopped: 0.0191915 seconds, Stopping threads took: 0.0000196 seconds
2024-07-27T17:22:50.292+0800: 10.782: [CMS-concurrent-abortable-preclean: 0.007/0.275 secs] [Times: user=0.08 sys=0.02, real=0.28 secs] 
2024-07-27T17:22:50.293+0800: 10.782: Application time: 0.0005338 seconds
2024-07-27T17:22:50.293+0800: 10.782: [GC (CMS Final Remark) [YG occupancy: 15727 K (78656 K)]2024-07-27T17:22:50.293+0800: 10.782: [Rescan (parallel) , 0.0006798 secs]2024-07-27T17:22:50.293+0800: 10.783: [weak refs processing, 0.0000129 secs]2024-07-27T17:22:50.293+0800: 10.783: [class unloading, 0.0002168 secs]2024-07-27T17:22:50.294+0800: 10.783: [scrub symbol table, 0.0003500 secs]2024-07-27T17:22:50.294+0800: 10.784: [scrub string table, 0.0001002 secs][1 CMS-remark: 529044K(552352K)] 544771K(631008K), 0.0014274 secs] [Times: user=0.00 sys=0.00, real=0.00 secs] 
2024-07-27T17:22:50.294+0800: 10.784: Total time for which application threads were stopped: 0.0016015 seconds, Stopping threads took: 0.0001369 seconds
2024-07-27T17:22:50.294+0800: 10.784: [CMS-concurrent-sweep-start]
2024-07-27T17:22:50.296+0800: 10.786: [CMS-concurrent-sweep: 0.002/0.002 secs] [Times: user=0.00 sys=0.00, real=0.00 secs] 
2024-07-27T17:22:50.296+0800: 10.786: [CMS-concurrent-reset-start]
2024-07-27T17:22:50.300+0800: 10.788: [CMS-concurrent-reset: 0.002/0.002 secs] [Times: user=0.00 sys=0.00, real=0.00 secs] 
2024-07-27T17:22:50.414+0800: 10.903: Application time: 0.1192365 seconds
2024-07-27T17:22:50.414+0800: 10.903: [GC (Allocation Failure) 2024-07-27T17:22:50.414+0800: 10.903: [ParNew: 77168K->8192K(78656K), 0.0118570 secs] 275455K->275088K(631008K), 0.0119424 secs] [Times: user=0.00 sys=0.00, real=0.01 secs] 
2024-07-27T17:22:50.425+0800: 10.915: Total time for which application threads were stopped: 0.0120574 seconds, Stopping threads took: 0.0000218 seconds
2024-07-27T17:22:50.430+0800: 10.920: Application time: 0.0044753 seconds
2024-07-27T17:22:50.430+0800: 10.920: [GC (Allocation Failure) 2024-07-27T17:22:50.430+0800: 10.920: [ParNew: 77168K->8192K(78656K), 0.0175018 secs] 344064K->343697K(631008K), 0.0175504 secs] [Times: user=0.02 sys=0.01, real=0.02 secs] 
2024-07-27T17:22:50.448+0800: 10.937: Total time for which application threads were stopped: 0.0176478 seconds, Stopping threads took: 0.0000149 seconds
2024-07-27T17:22:50.448+0800: 10.938: Application time: 0.0002186 seconds
2024-07-27T17:22:50.448+0800: 10.938: [GC (CMS Initial Mark) [1 CMS-initial-mark: 335505K(552352K)] 347136K(631008K), 0.0007743 secs] [Times: user=0.00 sys=0.00, real=0.00 secs] 
2024-07-27T17:22:50.449+0800: 10.938: Total time for which application threads were stopped: 0.0008780 seconds, Stopping threads took: 0.0000632 seconds
2024-07-27T17:22:50.449+0800: 10.939: [CMS-concurrent-mark-start]
2024-07-27T17:22:50.451+0800: 10.941: [CMS-concurrent-mark: 0.002/0.002 secs] [Times: user=0.00 sys=0.00, real=0.00 secs] 
2024-07-27T17:22:50.451+0800: 10.941: [CMS-concurrent-preclean-start]
2024-07-27T17:22:50.452+0800: 10.942: [CMS-concurrent-preclean: 0.001/0.001 secs] [Times: user=0.00 sys=0.00, real=0.00 secs] 
2024-07-27T17:22:50.452+0800: 10.942: [CMS-concurrent-abortable-preclean-start]
2024-07-27T17:22:50.557+0800: 11.047: Application time: 0.1085174 seconds
2024-07-27T17:22:50.557+0800: 11.047: [GC (Allocation Failure) 2024-07-27T17:22:50.557+0800: 11.047: [ParNew: 77168K->8192K(78656K), 0.0100677 secs] 412673K->375441K(631008K), 0.0101303 secs] [Times: user=0.03 sys=0.00, real=0.01 secs] 
2024-07-27T17:22:50.568+0800: 11.057: Total time for which application threads were stopped: 0.0102406 seconds, Stopping threads took: 0.0000208 seconds
2024-07-27T17:22:50.682+0800: 11.171: Application time: 0.1133549 seconds
2024-07-27T17:22:50.682+0800: 11.171: [GC (Allocation Failure) 2024-07-27T17:22:50.682+0800: 11.171: [ParNew: 77168K->8192K(78656K), 0.0120269 secs] 444418K->444050K(631008K), 0.0120989 secs] [Times: user=0.03 sys=0.00, real=0.01 secs] 
2024-07-27T17:22:50.694+0800: 11.183: Total time for which application threads were stopped: 0.0122107 seconds, Stopping threads took: 0.0000205 seconds
2024-07-27T17:22:50.698+0800: 11.187: Application time: 0.0045233 seconds
2024-07-27T17:22:50.698+0800: 11.187: [GC (Allocation Failure) 2024-07-27T17:22:50.698+0800: 11.187: [ParNew: 77168K->8192K(78656K), 0.0122173 secs] 513027K->512659K(631008K), 0.0122711 secs] [Times: user=0.03 sys=0.00, real=0.01 secs] 
2024-07-27T17:22:50.711+0800: 11.200: Total time for which application threads were stopped: 0.0123696 seconds, Stopping threads took: 0.0000154 seconds
2024-07-27T17:22:50.711+0800: 11.200: [CMS-concurrent-abortable-preclean: 0.006/0.258 secs] [Times: user=0.09 sys=0.00, real=0.26 secs] 
2024-07-27T17:22:50.711+0800: 11.200: Application time: 0.0003012 seconds
2024-07-27T17:22:50.711+0800: 11.200: [GC (CMS Final Remark) [YG occupancy: 12655 K (78656 K)]2024-07-27T17:22:50.711+0800: 11.200: [Rescan (parallel) , 0.0010842 secs]2024-07-27T17:22:50.712+0800: 11.201: [weak refs processing, 0.0000127 secs]2024-07-27T17:22:50.712+0800: 11.201: [class unloading, 0.0002601 secs]2024-07-27T17:22:50.713+0800: 11.202: [scrub symbol table, 0.0003096 secs]2024-07-27T17:22:50.713+0800: 11.202: [scrub string table, 0.0000914 secs][1 CMS-remark: 504467K(552352K)] 517123K(631008K), 0.0018258 secs] [Times: user=0.00 sys=0.00, real=0.00 secs] 
2024-07-27T17:22:50.713+0800: 11.202: Total time for which application threads were stopped: 0.0020218 seconds, Stopping threads took: 0.0001605 seconds
2024-07-27T17:22:50.713+0800: 11.202: [CMS-concurrent-sweep-start]
2024-07-27T17:22:50.715+0800: 11.204: [CMS-concurrent-sweep: 0.001/0.001 secs] [Times: user=0.00 sys=0.00, real=0.00 secs] 
2024-07-27T17:22:50.715+0800: 11.204: [CMS-concurrent-reset-start]
2024-07-27T17:22:50.716+0800: 11.205: [CMS-concurrent-reset: 0.001/0.001 secs] [Times: user=0.00 sys=0.00, real=0.00 secs] 
2024-07-27T17:22:50.826+0800: 11.315: Application time: 0.1125329 seconds
2024-07-27T17:22:50.826+0800: 11.315: [GC (Allocation Failure) 2024-07-27T17:22:50.826+0800: 11.315: [ParNew: 77168K->8192K(78656K), 0.0107156 secs] 414721K->378513K(641248K), 0.0107868 secs] [Times: user=0.02 sys=0.02, real=0.01 secs] 
2024-07-27T17:22:50.837+0800: 11.325: Total time for which application threads were stopped: 0.0109014 seconds, Stopping threads took: 0.0000202 seconds
2024-07-27T17:22:50.837+0800: 11.326: Application time: 0.0002196 seconds
2024-07-27T17:22:50.837+0800: 11.326: [GC (CMS Initial Mark) [1 CMS-initial-mark: 370321K(562592K)] 381953K(641248K), 0.0007561 secs] [Times: user=0.00 sys=0.00, real=0.00 secs] 
2024-07-27T17:22:50.838+0800: 11.327: Total time for which application threads were stopped: 0.0009469 seconds, Stopping threads took: 0.0001493 seconds
2024-07-27T17:22:50.838+0800: 11.327: [CMS-concurrent-mark-start]
2024-07-27T17:22:50.842+0800: 11.331: [CMS-concurrent-mark: 0.004/0.004 secs] [Times: user=0.00 sys=0.00, real=0.00 secs] 
2024-07-27T17:22:50.842+0800: 11.331: [CMS-concurrent-preclean-start]
2024-07-27T17:22:50.843+0800: 11.332: [CMS-concurrent-preclean: 0.001/0.001 secs] [Times: user=0.00 sys=0.00, real=0.00 secs] 
2024-07-27T17:22:50.843+0800: 11.332: [CMS-concurrent-abortable-preclean-start]
2024-07-27T17:22:50.951+0800: 11.439: Application time: 0.1128295 seconds
2024-07-27T17:22:50.951+0800: 11.440: [GC (Allocation Failure) 2024-07-27T17:22:50.951+0800: 11.440: [ParNew: 77168K->8192K(78656K), 0.0120376 secs] 447490K->447122K(641248K), 0.0120985 secs] [Times: user=0.03 sys=0.00, real=0.01 secs] 
2024-07-27T17:22:50.962+0800: 11.452: Total time for which application threads were stopped: 0.0122207 seconds, Stopping threads took: 0.0000201 seconds
2024-07-27T17:22:50.967+0800: 11.456: Application time: 0.0045162 seconds
2024-07-27T17:22:50.967+0800: 11.456: [GC (Allocation Failure) 2024-07-27T17:22:50.967+0800: 11.456: [ParNew: 77168K->8192K(78656K), 0.0121714 secs] 516099K->515731K(641248K), 0.0122220 secs] [Times: user=0.03 sys=0.00, real=0.01 secs] 
2024-07-27T17:22:50.979+0800: 11.469: Total time for which application threads were stopped: 0.0123216 seconds, Stopping threads took: 0.0000154 seconds
2024-07-27T17:22:51.091+0800: 11.581: Application time: 0.1121089 seconds
2024-07-27T17:22:51.091+0800: 11.581: [GC (Allocation Failure) 2024-07-27T17:22:51.091+0800: 11.581: [ParNew: 77168K->8192K(78656K), 0.0074282 secs] 584708K->549524K(641248K), 0.0074913 secs] [Times: user=0.03 sys=0.00, real=0.01 secs] 
2024-07-27T17:22:51.099+0800: 11.588: Total time for which application threads were stopped: 0.0076051 seconds, Stopping threads took: 0.0000201 seconds
2024-07-27T17:22:51.099+0800: 11.588: [CMS-concurrent-abortable-preclean: 0.007/0.256 secs] [Times: user=0.09 sys=0.00, real=0.26 secs] 
2024-07-27T17:22:51.099+0800: 11.589: Application time: 0.0003255 seconds
2024-07-27T17:22:51.099+0800: 11.589: [GC (CMS Final Remark) [YG occupancy: 12655 K (78656 K)]2024-07-27T17:22:51.099+0800: 11.589: [Rescan (parallel) , 0.0010439 secs]2024-07-27T17:22:51.100+0800: 11.590: [weak refs processing, 0.0000133 secs]2024-07-27T17:22:51.100+0800: 11.590: [class unloading, 0.0001771 secs]2024-07-27T17:22:51.100+0800: 11.590: [scrub symbol table, 0.0003182 secs]2024-07-27T17:22:51.101+0800: 11.590: [scrub string table, 0.0000932 secs][1 CMS-remark: 541332K(562592K)] 553987K(641248K), 0.0017187 secs] [Times: user=0.00 sys=0.00, real=0.00 secs] 
2024-07-27T17:22:51.101+0800: 11.590: Total time for which application threads were stopped: 0.0019164 seconds, Stopping threads took: 0.0001619 seconds
2024-07-27T17:22:51.101+0800: 11.591: [CMS-concurrent-sweep-start]
2024-07-27T17:22:51.103+0800: 11.593: [CMS-concurrent-sweep: 0.002/0.002 secs] [Times: user=0.00 sys=0.00, real=0.00 secs] 
2024-07-27T17:22:51.103+0800: 11.593: [CMS-concurrent-reset-start]
2024-07-27T17:22:51.106+0800: 11.595: [CMS-concurrent-reset: 0.002/0.002 secs] [Times: user=0.00 sys=0.00, real=0.00 secs] 
2024-07-27T17:22:51.214+0800: 11.702: Application time: 0.1119984 seconds
2024-07-27T17:22:51.214+0800: 11.703: [GC (Allocation Failure) 2024-07-27T17:22:51.214+0800: 11.703: [ParNew: 77168K->8192K(78656K), 0.0121227 secs] 281599K->281232K(641248K), 0.0121842 secs] [Times: user=0.03 sys=0.00, real=0.01 secs] 
2024-07-27T17:22:51.226+0800: 11.715: Total time for which application threads were stopped: 0.0123022 seconds, Stopping threads took: 0.0000208 seconds
2024-07-27T17:22:51.226+0800: 11.715: Application time: 0.0002403 seconds
2024-07-27T17:22:51.226+0800: 11.715: [GC (CMS Initial Mark) [1 CMS-initial-mark: 273040K(562592K)] 284671K(641248K), 0.0008371 secs] [Times: user=0.00 sys=0.00, real=0.00 secs] 
2024-07-27T17:22:51.227+0800: 11.716: Total time for which application threads were stopped: 0.0010234 seconds, Stopping threads took: 0.0001449 seconds
2024-07-27T17:22:51.227+0800: 11.716: [CMS-concurrent-mark-start]
2024-07-27T17:22:51.231+0800: 11.720: [CMS-concurrent-mark: 0.004/0.004 secs] [Times: user=0.00 sys=0.00, real=0.00 secs] 
2024-07-27T17:22:51.231+0800: 11.720: [CMS-concurrent-preclean-start]
2024-07-27T17:22:51.232+0800: 11.721: [CMS-concurrent-preclean: 0.001/0.001 secs] [Times: user=0.00 sys=0.00, real=0.00 secs] 
2024-07-27T17:22:51.232+0800: 11.721: Application time: 0.0052507 seconds
2024-07-27T17:22:51.233+0800: 11.721: [GC (Allocation Failure) 2024-07-27T17:22:51.233+0800: 11.721: [ParNew: 77168K->8192K(78656K), 0.0119853 secs] 350208K->349841K(641248K), 0.0120503 secs] [Times: user=0.03 sys=0.00, real=0.01 secs] 
2024-07-27T17:22:51.245+0800: 11.733: Total time for which application threads were stopped: 0.0121614 seconds, Stopping threads took: 0.0000127 seconds
2024-07-27T17:22:51.245+0800: 11.734: Application time: 0.0002783 seconds
2024-07-27T17:22:51.245+0800: 11.734: [GC (CMS Final Remark) [YG occupancy: 12655 K (78656 K)]2024-07-27T17:22:51.245+0800: 11.734: [Rescan (parallel) , 0.0010258 secs]2024-07-27T17:22:51.246+0800: 11.735: [weak refs processing, 0.0000127 secs]2024-07-27T17:22:51.246+0800: 11.735: [class unloading, 0.0002035 secs]2024-07-27T17:22:51.246+0800: 11.735: [scrub symbol table, 0.0003455 secs]2024-07-27T17:22:51.247+0800: 11.735: [scrub string table, 0.0001040 secs][1 CMS-remark: 341649K(562592K)] 354304K(641248K), 0.0017632 secs] [Times: user=0.00 sys=0.00, real=0.00 secs] 
2024-07-27T17:22:51.247+0800: 11.736: Total time for which application threads were stopped: 0.0018807 seconds, Stopping threads took: 0.0000819 seconds
2024-07-27T17:22:51.247+0800: 11.736: [CMS-concurrent-sweep-start]
2024-07-27T17:22:51.248+0800: 11.737: [CMS-concurrent-sweep: 0.001/0.001 secs] [Times: user=0.00 sys=0.00, real=0.00 secs] 
2024-07-27T17:22:51.248+0800: 11.737: [CMS-concurrent-reset-start]
2024-07-27T17:22:51.250+0800: 11.738: [CMS-concurrent-reset: 0.001/0.001 secs] [Times: user=0.00 sys=0.00, real=0.00 secs] 
2024-07-27T17:22:51.359+0800: 11.848: Application time: 0.1119161 seconds
2024-07-27T17:22:51.359+0800: 11.848: [GC (Allocation Failure) 2024-07-27T17:22:51.359+0800: 11.848: [ParNew: 77168K->8192K(78656K), 0.0074482 secs] 248831K->214671K(641248K), 0.0075052 secs] [Times: user=0.03 sys=0.00, real=0.01 secs] 
2024-07-27T17:22:51.366+0800: 11.855: Total time for which application threads were stopped: 0.0076259 seconds, Stopping threads took: 0.0000199 seconds
2024-07-27T17:22:51.485+0800: 11.974: Application time: 0.1184585 seconds
2024-07-27T17:22:51.485+0800: 11.974: [GC (Allocation Failure) 2024-07-27T17:22:51.485+0800: 11.974: [ParNew: 77168K->8192K(78656K), 0.0122587 secs] 283647K->283280K(641248K), 0.0123173 secs] [Times: user=0.03 sys=0.00, real=0.01 secs] 
2024-07-27T17:22:51.497+0800: 11.986: Total time for which application threads were stopped: 0.0124287 seconds, Stopping threads took: 0.0000208 seconds
2024-07-27T17:22:51.502+0800: 11.990: Application time: 0.0043829 seconds
2024-07-27T17:22:51.502+0800: 11.991: [GC (Allocation Failure) 2024-07-27T17:22:51.502+0800: 11.991: [ParNew: 77168K->8192K(78656K), 0.0124500 secs] 352256K->351889K(641248K), 0.0125137 secs] [Times: user=0.03 sys=0.00, real=0.01 secs] 
2024-07-27T17:22:51.514+0800: 12.003: Total time for which application threads were stopped: 0.0126102 seconds, Stopping threads took: 0.0000149 seconds
2024-07-27T17:22:51.514+0800: 12.003: Application time: 0.0002484 seconds
2024-07-27T17:22:51.515+0800: 12.003: [GC (CMS Initial Mark) [1 CMS-initial-mark: 343697K(562592K)] 355328K(641248K), 0.0008255 secs] [Times: user=0.00 sys=0.00, real=0.00 secs] 
2024-07-27T17:22:51.515+0800: 12.004: Total time for which application threads were stopped: 0.0009638 seconds, Stopping threads took: 0.0000978 seconds
2024-07-27T17:22:51.516+0800: 12.004: [CMS-concurrent-mark-start]
2024-07-27T17:22:51.518+0800: 12.007: [CMS-concurrent-mark: 0.002/0.002 secs] [Times: user=0.00 sys=0.00, real=0.00 secs] 
2024-07-27T17:22:51.518+0800: 12.007: [CMS-concurrent-preclean-start]
2024-07-27T17:22:51.519+0800: 12.007: [CMS-concurrent-preclean: 0.001/0.001 secs] [Times: user=0.00 sys=0.00, real=0.00 secs] 
2024-07-27T17:22:51.519+0800: 12.007: [CMS-concurrent-abortable-preclean-start]
2024-07-27T17:22:51.631+0800: 12.119: Application time: 0.1151565 seconds
2024-07-27T17:22:51.631+0800: 12.120: [GC (Allocation Failure) 2024-07-27T17:22:51.632+0800: 12.121: [ParNew: 77168K->8192K(78656K), 0.0082837 secs] 420865K->387729K(641248K), 0.0094569 secs] [Times: user=0.00 sys=0.00, real=0.01 secs] 
2024-07-27T17:22:51.640+0800: 12.129: Total time for which application threads were stopped: 0.0095654 seconds, Stopping threads took: 0.0000197 seconds
2024-07-27T17:22:51.756+0800: 12.246: Application time: 0.1168761 seconds
2024-07-27T17:22:51.756+0800: 12.246: [GC (Allocation Failure) 2024-07-27T17:22:51.756+0800: 12.246: [ParNew: 77168K->8192K(78656K), 0.0118138 secs] 456706K->456338K(641248K), 0.0118731 secs] [Times: user=0.00 sys=0.00, real=0.01 secs] 
2024-07-27T17:22:51.768+0800: 12.258: Total time for which application threads were stopped: 0.0119918 seconds, Stopping threads took: 0.0000202 seconds
2024-07-27T17:22:51.768+0800: 12.258: [CMS-concurrent-abortable-preclean: 0.006/0.251 secs] [Times: user=0.02 sys=0.00, real=0.25 secs] 
2024-07-27T17:22:51.768+0800: 12.258: Application time: 0.0003012 seconds
2024-07-27T17:22:51.769+0800: 12.258: [GC (CMS Final Remark) [YG occupancy: 12655 K (78656 K)]2024-07-27T17:22:51.769+0800: 12.258: [Rescan (parallel) , 0.0008879 secs]2024-07-27T17:22:51.770+0800: 12.259: [weak refs processing, 0.0000128 secs]2024-07-27T17:22:51.770+0800: 12.259: [class unloading, 0.0001874 secs]2024-07-27T17:22:51.770+0800: 12.260: [scrub symbol table, 0.0003521 secs]2024-07-27T17:22:51.770+0800: 12.260: [scrub string table, 0.0001000 secs][1 CMS-remark: 448146K(562592K)] 460802K(641248K), 0.0016096 secs] [Times: user=0.00 sys=0.00, real=0.00 secs] 
2024-07-27T17:22:51.770+0800: 12.260: Total time for which application threads were stopped: 0.0018124 seconds, Stopping threads took: 0.0001574 seconds
2024-07-27T17:22:51.771+0800: 12.260: [CMS-concurrent-sweep-start]
2024-07-27T17:22:51.772+0800: 12.262: [CMS-concurrent-sweep: 0.001/0.001 secs] [Times: user=0.00 sys=0.00, real=0.00 secs] 
2024-07-27T17:22:51.772+0800: 12.262: [CMS-concurrent-reset-start]
2024-07-27T17:22:51.774+0800: 12.264: [CMS-concurrent-reset: 0.003/0.003 secs] [Times: user=0.00 sys=0.00, real=0.00 secs] 
2024-07-27T17:22:51.776+0800: 12.265: Application time: 0.0054110 seconds
2024-07-27T17:22:51.776+0800: 12.265: [GC (Allocation Failure) 2024-07-27T17:22:51.776+0800: 12.265: [ParNew: 77168K->8192K(78656K), 0.0119658 secs] 354304K->353937K(641248K), 0.0120118 secs] [Times: user=0.03 sys=0.00, real=0.01 secs] 
2024-07-27T17:22:51.788+0800: 12.278: Total time for which application threads were stopped: 0.0121060 seconds, Stopping threads took: 0.0000144 seconds
2024-07-27T17:22:51.788+0800: 12.278: Application time: 0.0001736 seconds
2024-07-27T17:22:51.788+0800: 12.278: [GC (CMS Initial Mark) [1 CMS-initial-mark: 345745K(562592K)] 357376K(641248K), 0.0005036 secs] [Times: user=0.00 sys=0.00, real=0.00 secs] 
2024-07-27T17:22:51.789+0800: 12.278: Total time for which application threads were stopped: 0.0006377 seconds, Stopping threads took: 0.0000927 seconds
2024-07-27T17:22:51.789+0800: 12.278: [CMS-concurrent-mark-start]
2024-07-27T17:22:51.791+0800: 12.280: [CMS-concurrent-mark: 0.002/0.002 secs] [Times: user=0.00 sys=0.00, real=0.00 secs] 
2024-07-27T17:22:51.791+0800: 12.280: [CMS-concurrent-preclean-start]
2024-07-27T17:22:51.791+0800: 12.281: [CMS-concurrent-preclean: 0.001/0.001 secs] [Times: user=0.00 sys=0.00, real=0.00 secs] 
2024-07-27T17:22:51.792+0800: 12.281: [CMS-concurrent-abortable-preclean-start]
2024-07-27T17:22:51.902+0800: 12.392: Application time: 0.1134553 seconds
2024-07-27T17:22:51.902+0800: 12.392: [GC (Allocation Failure) 2024-07-27T17:22:51.902+0800: 12.392: [ParNew: 77168K->8192K(78656K), 0.0080647 secs] 422913K->390801K(641248K), 0.0081254 secs] [Times: user=0.00 sys=0.00, real=0.01 secs] 
2024-07-27T17:22:51.910+0800: 12.400: Total time for which application threads were stopped: 0.0082496 seconds, Stopping threads took: 0.0000211 seconds
2024-07-27T17:22:52.026+0800: 12.516: Application time: 0.1154654 seconds
2024-07-27T17:22:52.026+0800: 12.516: [GC (Allocation Failure) 2024-07-27T17:22:52.026+0800: 12.516: [ParNew: 77168K->8192K(78656K), 0.0121698 secs] 459778K->459410K(641248K), 0.0122372 secs] [Times: user=0.03 sys=0.00, real=0.01 secs] 
2024-07-27T17:22:52.039+0800: 12.528: Total time for which application threads were stopped: 0.0123462 seconds, Stopping threads took: 0.0000203 seconds
2024-07-27T17:22:52.039+0800: 12.528: [CMS-concurrent-abortable-preclean: 0.006/0.247 secs] [Times: user=0.03 sys=0.00, real=0.25 secs] 
2024-07-27T17:22:52.039+0800: 12.528: Application time: 0.0003209 seconds
2024-07-27T17:22:52.039+0800: 12.528: [GC (CMS Final Remark) [YG occupancy: 12655 K (78656 K)]2024-07-27T17:22:52.039+0800: 12.528: [Rescan (parallel) , 0.0008937 secs]2024-07-27T17:22:52.040+0800: 12.529: [weak refs processing, 0.0000130 secs]2024-07-27T17:22:52.040+0800: 12.529: [class unloading, 0.0002007 secs]2024-07-27T17:22:52.040+0800: 12.530: [scrub symbol table, 0.0003856 secs]2024-07-27T17:22:52.041+0800: 12.530: [scrub string table, 0.0000933 secs][1 CMS-remark: 451218K(562592K)] 463874K(641248K), 0.0016579 secs] [Times: user=0.00 sys=0.00, real=0.00 secs] 
2024-07-27T17:22:52.041+0800: 12.530: Total time for which application threads were stopped: 0.0018386 seconds, Stopping threads took: 0.0001380 seconds
2024-07-27T17:22:52.041+0800: 12.530: [CMS-concurrent-sweep-start]
2024-07-27T17:22:52.043+0800: 12.532: [CMS-concurrent-sweep: 0.002/0.002 secs] [Times: user=0.00 sys=0.00, real=0.00 secs] 
2024-07-27T17:22:52.043+0800: 12.532: [CMS-concurrent-reset-start]
2024-07-27T17:22:52.045+0800: 12.534: [CMS-concurrent-reset: 0.002/0.002 secs] [Times: user=0.00 sys=0.00, real=0.00 secs] 
2024-07-27T17:22:52.046+0800: 12.535: Application time: 0.0052592 seconds
2024-07-27T17:22:52.046+0800: 12.535: [GC (Allocation Failure) 2024-07-27T17:22:52.046+0800: 12.535: [ParNew: 77168K->8192K(78656K), 0.0126084 secs] 356352K->355985K(641248K), 0.0126556 secs] [Times: user=0.03 sys=0.00, real=0.01 secs] 
2024-07-27T17:22:52.059+0800: 12.548: Total time for which application threads were stopped: 0.0127497 seconds, Stopping threads took: 0.0000128 seconds
2024-07-27T17:22:52.059+0800: 12.548: Application time: 0.0002484 seconds
2024-07-27T17:22:52.059+0800: 12.548: [GC (CMS Initial Mark) [1 CMS-initial-mark: 347793K(562592K)] 359424K(641248K), 0.0007861 secs] [Times: user=0.00 sys=0.00, real=0.00 secs] 
2024-07-27T17:22:52.060+0800: 12.549: Total time for which application threads were stopped: 0.0009129 seconds, Stopping threads took: 0.0000865 seconds
2024-07-27T17:22:52.060+0800: 12.549: [CMS-concurrent-mark-start]
2024-07-27T17:22:52.062+0800: 12.551: [CMS-concurrent-mark: 0.002/0.002 secs] [Times: user=0.00 sys=0.00, real=0.00 secs] 
2024-07-27T17:22:52.062+0800: 12.551: [CMS-concurrent-preclean-start]
2024-07-27T17:22:52.063+0800: 12.552: [CMS-concurrent-preclean: 0.001/0.001 secs] [Times: user=0.00 sys=0.00, real=0.00 secs] 
2024-07-27T17:22:52.063+0800: 12.552: [CMS-concurrent-abortable-preclean-start]
2024-07-27T17:22:52.170+0800: 12.660: Application time: 0.1105599 seconds
2024-07-27T17:22:52.170+0800: 12.660: [GC (Allocation Failure) 2024-07-27T17:22:52.170+0800: 12.660: [ParNew: 77168K->8192K(78656K), 0.0075315 secs] 424961K->393873K(641248K), 0.0075908 secs] [Times: user=0.03 sys=0.00, real=0.01 secs] 
2024-07-27T17:22:52.178+0800: 12.667: Total time for which application threads were stopped: 0.0077175 seconds, Stopping threads took: 0.0000337 seconds
2024-07-27T17:22:52.292+0800: 12.782: Application time: 0.1145020 seconds
2024-07-27T17:22:52.292+0800: 12.782: [GC (Allocation Failure) 2024-07-27T17:22:52.292+0800: 12.782: [ParNew: 77168K->8192K(78656K), 0.0118038 secs] 462850K->462482K(641248K), 0.0118634 secs] [Times: user=0.03 sys=0.00, real=0.01 secs] 
2024-07-27T17:22:52.304+0800: 12.794: Total time for which application threads were stopped: 0.0119716 seconds, Stopping threads took: 0.0000201 seconds
2024-07-27T17:22:52.304+0800: 12.794: [CMS-concurrent-abortable-preclean: 0.006/0.242 secs] [Times: user=0.06 sys=0.00, real=0.24 secs] 
2024-07-27T17:22:52.305+0800: 12.794: Application time: 0.0003737 seconds
2024-07-27T17:22:52.305+0800: 12.794: [GC (CMS Final Remark) [YG occupancy: 14703 K (78656 K)]2024-07-27T17:22:52.305+0800: 12.794: [Rescan (parallel) , 0.0011778 secs]2024-07-27T17:22:52.306+0800: 12.796: [weak refs processing, 0.0000126 secs]2024-07-27T17:22:52.306+0800: 12.796: [class unloading, 0.0001865 secs]2024-07-27T17:22:52.306+0800: 12.796: [scrub symbol table, 0.0003807 secs]2024-07-27T17:22:52.307+0800: 12.796: [scrub string table, 0.0001548 secs][1 CMS-remark: 454290K(562592K)] 468994K(641248K), 0.0019886 secs] [Times: user=0.00 sys=0.00, real=0.00 secs] 
2024-07-27T17:22:52.307+0800: 12.796: Total time for which application threads were stopped: 0.0021068 seconds, Stopping threads took: 0.0000806 seconds
2024-07-27T17:22:52.307+0800: 12.797: [CMS-concurrent-sweep-start]
2024-07-27T17:22:52.309+0800: 12.799: [CMS-concurrent-sweep: 0.002/0.002 secs] [Times: user=0.00 sys=0.00, real=0.00 secs] 
2024-07-27T17:22:52.309+0800: 12.799: [CMS-concurrent-reset-start]
2024-07-27T17:22:52.311+0800: 12.801: [CMS-concurrent-reset: 0.002/0.002 secs] [Times: user=0.00 sys=0.00, real=0.00 secs] 
2024-07-27T17:22:52.312+0800: 12.802: Application time: 0.0053302 seconds
2024-07-27T17:22:52.312+0800: 12.802: [GC (Allocation Failure) 2024-07-27T17:22:52.312+0800: 12.802: [ParNew: 77168K->8192K(78656K), 0.0122843 secs] 184318K->183950K(641248K), 0.0123358 secs] [Times: user=0.03 sys=0.00, real=0.01 secs] 
2024-07-27T17:22:52.325+0800: 12.814: Total time for which application threads were stopped: 0.0124323 seconds, Stopping threads took: 0.0000136 seconds
2024-07-27T17:22:52.325+0800: 12.814: Application time: 0.0001904 seconds
2024-07-27T17:22:52.325+0800: 12.815: [GC (CMS Initial Mark) [1 CMS-initial-mark: 175758K(562592K)] 187390K(641248K), 0.0007525 secs] [Times: user=0.00 sys=0.00, real=0.00 secs] 
2024-07-27T17:22:52.326+0800: 12.815: Total time for which application threads were stopped: 0.0009443 seconds, Stopping threads took: 0.0001505 seconds
2024-07-27T17:22:52.326+0800: 12.815: [CMS-concurrent-mark-start]
2024-07-27T17:22:52.327+0800: 12.817: [CMS-concurrent-mark: 0.002/0.002 secs] [Times: user=0.00 sys=0.00, real=0.00 secs] 
2024-07-27T17:22:52.328+0800: 12.817: [CMS-concurrent-preclean-start]
2024-07-27T17:22:52.328+0800: 12.818: [CMS-concurrent-preclean: 0.001/0.001 secs] [Times: user=0.00 sys=0.00, real=0.00 secs] 
2024-07-27T17:22:52.328+0800: 12.818: [CMS-concurrent-abortable-preclean-start]
2024-07-27T17:22:52.435+0800: 12.924: Application time: 0.1087780 seconds
2024-07-27T17:22:52.435+0800: 12.924: [GC (Allocation Failure) 2024-07-27T17:22:52.435+0800: 12.924: [ParNew: 77168K->8192K(78656K), 0.0079978 secs] 252927K->222863K(641248K), 0.0080571 secs] [Times: user=0.03 sys=0.00, real=0.01 secs] 
2024-07-27T17:22:52.444+0800: 12.932: Total time for which application threads were stopped: 0.0081855 seconds, Stopping threads took: 0.0000203 seconds
2024-07-27T17:22:52.559+0800: 13.048: Application time: 0.1158856 seconds
2024-07-27T17:22:52.559+0800: 13.048: [GC (Allocation Failure) 2024-07-27T17:22:52.560+0800: 13.048: [ParNew: 77868K->8196K(78656K), 0.0118761 secs] 292539K->291476K(641248K), 0.0119402 secs] [Times: user=0.03 sys=0.00, real=0.01 secs] 
2024-07-27T17:22:52.571+0800: 13.060: Total time for which application threads were stopped: 0.0120469 seconds, Stopping threads took: 0.0000189 seconds
2024-07-27T17:22:52.572+0800: 13.060: [CMS-concurrent-abortable-preclean: 0.006/0.242 secs] [Times: user=0.06 sys=0.00, real=0.24 secs] 
2024-07-27T17:22:52.572+0800: 13.061: Application time: 0.0002898 seconds
2024-07-27T17:22:52.572+0800: 13.061: [GC (CMS Final Remark) [YG occupancy: 12654 K (78656 K)]2024-07-27T17:22:52.572+0800: 13.061: [Rescan (parallel) , 0.0006490 secs]2024-07-27T17:22:52.573+0800: 13.061: [weak refs processing, 0.0000129 secs]2024-07-27T17:22:52.573+0800: 13.061: [class unloading, 0.0002068 secs]2024-07-27T17:22:52.573+0800: 13.062: [scrub symbol table, 0.0003724 secs]2024-07-27T17:22:52.573+0800: 13.062: [scrub string table, 0.0001002 secs][1 CMS-remark: 283280K(562592K)] 295935K(641248K), 0.0014066 secs] [Times: user=0.00 sys=0.00, real=0.00 secs] 
2024-07-27T17:22:52.573+0800: 13.062: Total time for which application threads were stopped: 0.0015781 seconds, Stopping threads took: 0.0001356 seconds
2024-07-27T17:22:52.574+0800: 13.062: [CMS-concurrent-sweep-start]
2024-07-27T17:22:52.574+0800: 13.063: [CMS-concurrent-sweep: 0.001/0.001 secs] [Times: user=0.00 sys=0.00, real=0.00 secs] 
2024-07-27T17:22:52.575+0800: 13.063: [CMS-concurrent-reset-start]
2024-07-27T17:22:52.577+0800: 13.066: [CMS-concurrent-reset: 0.002/0.002 secs] [Times: user=0.00 sys=0.00, real=0.00 secs] 
2024-07-27T17:22:52.579+0800: 13.067: Application time: 0.0052886 seconds
2024-07-27T17:22:52.579+0800: 13.067: [GC (Allocation Failure) 2024-07-27T17:22:52.579+0800: 13.067: [ParNew: 77167K->8192K(78656K), 0.0118459 secs] 360448K->360081K(641248K), 0.0118926 secs] [Times: user=0.03 sys=0.00, real=0.01 secs] 
2024-07-27T17:22:52.591+0800: 13.079: Total time for which application threads were stopped: 0.0119839 seconds, Stopping threads took: 0.0000127 seconds
2024-07-27T17:22:52.591+0800: 13.080: Application time: 0.0001310 seconds
2024-07-27T17:22:52.591+0800: 13.080: [GC (CMS Initial Mark) [1 CMS-initial-mark: 351889K(562592K)] 363517K(641248K), 0.0007769 secs] [Times: user=0.00 sys=0.00, real=0.00 secs] 
2024-07-27T17:22:52.592+0800: 13.080: Total time for which application threads were stopped: 0.0009161 seconds, Stopping threads took: 0.0000964 seconds
2024-07-27T17:22:52.592+0800: 13.081: [CMS-concurrent-mark-start]
2024-07-27T17:22:52.594+0800: 13.083: [CMS-concurrent-mark: 0.002/0.002 secs] [Times: user=0.00 sys=0.00, real=0.00 secs] 
2024-07-27T17:22:52.594+0800: 13.083: [CMS-concurrent-preclean-start]
2024-07-27T17:22:52.595+0800: 13.083: [CMS-concurrent-preclean: 0.001/0.001 secs] [Times: user=0.00 sys=0.00, real=0.00 secs] 
2024-07-27T17:22:52.595+0800: 13.083: [CMS-concurrent-abortable-preclean-start]
2024-07-27T17:22:52.704+0800: 13.194: Application time: 0.1133742 seconds
2024-07-27T17:22:52.704+0800: 13.194: [GC (Allocation Failure) 2024-07-27T17:22:52.704+0800: 13.194: [ParNew: 77165K->8192K(78656K), 0.0079309 secs] 429054K->400018K(641248K), 0.0079884 secs] [Times: user=0.03 sys=0.00, real=0.01 secs] 
2024-07-27T17:22:52.712+0800: 13.202: Total time for which application threads were stopped: 0.0080949 seconds, Stopping threads took: 0.0000195 seconds
2024-07-27T17:22:52.829+0800: 13.319: Application time: 0.1171234 seconds
2024-07-27T17:22:52.829+0800: 13.319: [GC (Allocation Failure) 2024-07-27T17:22:52.830+0800: 13.319: [ParNew: 77166K->8192K(78656K), 0.0120947 secs] 468992K->468627K(641248K), 0.0121707 secs] [Times: user=0.02 sys=0.02, real=0.01 secs] 
2024-07-27T17:22:52.842+0800: 13.331: Total time for which application threads were stopped: 0.0122794 seconds, Stopping threads took: 0.0000202 seconds
2024-07-27T17:22:52.842+0800: 13.331: [CMS-concurrent-abortable-preclean: 0.006/0.248 secs] [Times: user=0.05 sys=0.02, real=0.25 secs] 
2024-07-27T17:22:52.842+0800: 13.332: Application time: 0.0003382 seconds
2024-07-27T17:22:52.842+0800: 13.332: [GC (CMS Final Remark) [YG occupancy: 13678 K (78656 K)]2024-07-27T17:22:52.842+0800: 13.332: [Rescan (parallel) , 0.0010642 secs]2024-07-27T17:22:52.843+0800: 13.333: [weak refs processing, 0.0000129 secs]2024-07-27T17:22:52.843+0800: 13.333: [class unloading, 0.0002018 secs]2024-07-27T17:22:52.843+0800: 13.333: [scrub symbol table, 0.0003995 secs]2024-07-27T17:22:52.844+0800: 13.334: [scrub string table, 0.0000938 secs][1 CMS-remark: 460435K(562592K)] 474113K(641248K), 0.0018408 secs] [Times: user=0.00 sys=0.00, real=0.00 secs] 
2024-07-27T17:22:52.844+0800: 13.334: Total time for which application threads were stopped: 0.0019547 seconds, Stopping threads took: 0.0000790 seconds
2024-07-27T17:22:52.845+0800: 13.334: [CMS-concurrent-sweep-start]
2024-07-27T17:22:52.846+0800: 13.336: [CMS-concurrent-sweep: 0.002/0.002 secs] [Times: user=0.00 sys=0.00, real=0.00 secs] 
2024-07-27T17:22:52.846+0800: 13.336: [CMS-concurrent-reset-start]
2024-07-27T17:22:52.848+0800: 13.338: [CMS-concurrent-reset: 0.002/0.002 secs] [Times: user=0.03 sys=0.00, real=0.00 secs] 
2024-07-27T17:22:52.849+0800: 13.339: Application time: 0.0051937 seconds
2024-07-27T17:22:52.849+0800: 13.339: [GC (Allocation Failure) 2024-07-27T17:22:52.849+0800: 13.339: [ParNew: 77167K->8192K(78656K), 0.0119786 secs] 362495K->362129K(641248K), 0.0120252 secs] [Times: user=0.00 sys=0.00, real=0.01 secs] 
2024-07-27T17:22:52.862+0800: 13.351: Total time for which application threads were stopped: 0.0121169 seconds, Stopping threads took: 0.0000132 seconds
2024-07-27T17:22:52.862+0800: 13.351: Application time: 0.0002292 seconds
2024-07-27T17:22:52.862+0800: 13.351: [GC (CMS Initial Mark) [1 CMS-initial-mark: 353937K(562592K)] 365568K(641248K), 0.0007866 secs] [Times: user=0.00 sys=0.00, real=0.00 secs] 
2024-07-27T17:22:52.863+0800: 13.352: Total time for which application threads were stopped: 0.0009519 seconds, Stopping threads took: 0.0001236 seconds
2024-07-27T17:22:52.863+0800: 13.352: [CMS-concurrent-mark-start]
2024-07-27T17:22:52.865+0800: 13.354: [CMS-concurrent-mark: 0.002/0.002 secs] [Times: user=0.05 sys=0.00, real=0.00 secs] 
2024-07-27T17:22:52.865+0800: 13.354: [CMS-concurrent-preclean-start]
2024-07-27T17:22:52.866+0800: 13.355: [CMS-concurrent-preclean: 0.001/0.001 secs] [Times: user=0.00 sys=0.00, real=0.00 secs] 
2024-07-27T17:22:52.866+0800: 13.355: [CMS-concurrent-abortable-preclean-start]
Heap
 par new generation   total 78656K, used 29414K [0x0000000098000000, 0x000000009d550000, 0x00000000baaa0000)
  eden space 69952K,  30% used [0x0000000098000000, 0x00000000994b99c8, 0x000000009c450000)
  from space 8704K,  94% used [0x000000009ccd0000, 0x000000009d4d0080, 0x000000009d550000)
  to   space 8704K,   0% used [0x000000009c450000, 0x000000009c450000, 0x000000009ccd0000)
 concurrent mark-sweep generation total 562592K, used 353937K [0x00000000baaa0000, 0x00000000dd008000, 0x0000000100000000)
 Metaspace       used 2942K, capacity 4486K, committed 4864K, reserved 1056768K
  class space    used 305K, capacity 386K, committed 512K, reserved 1048576K
2024-07-27T17:22:52.972+0800: 13.461: Application time: 0.1086745 seconds
