OpenJDK 64-Bit Server VM (25.412-b1) for windows-amd64 JRE (1.8.0_412-b1), built on Apr 23 2024 12:00:37 by "Administrator" with MS VC++ 10.0 (VS2010)
Memory: 4k page, physical 16672068k(6554756k free), swap 19162436k(5488252k free)
CommandLine flags: -XX:GCDrainStackTargetSize=64 -XX:InitialHeapSize=266753088 -XX:MaxHeapSize=1879048192 -XX:MaxNewSize=626352128 -XX:MaxTenuringThreshold=6 -XX:OldPLABSize=16 -XX:+PrintGC -XX:+PrintGCApplicationConcurrentTime -XX:+PrintGCApplicationStoppedTime -XX:+PrintGCDateStamps -XX:+PrintGCDetails -XX:+PrintGCTimeStamps -XX:+UseCompressedClassPointers -XX:+UseCompressedOops -XX:+UseConcMarkSweepGC -XX:-UseLargePagesIndividualAllocation -XX:+UseParNewGC 
2024-07-27T17:22:53.149+0800: 0.106: Application time: 0.0360984 seconds
2024-07-27T17:22:53.149+0800: 0.106: [GC (Allocation Failure) 2024-07-27T17:22:53.149+0800: 0.106: [ParNew: 68984K->7841K(78656K), 0.0363593 secs] 68984K->68260K(253440K), 0.0365244 secs] [Times: user=0.05 sys=0.02, real=0.04 secs] 
2024-07-27T17:22:53.186+0800: 0.143: Total time for which application threads were stopped: 0.0366520 seconds, Stopping threads took: 0.0000198 seconds
2024-07-27T17:22:53.306+0800: 0.263: Application time: 0.1203711 seconds
2024-07-27T17:22:53.306+0800: 0.263: [GC (Allocation Failure) 2024-07-27T17:22:53.306+0800: 0.263: [ParNew: 76811K->8588K(78656K), 0.0282662 secs] 137230K->137239K(253440K), 0.0283281 secs] [Times: user=0.06 sys=0.03, real=0.03 secs] 
2024-07-27T17:22:53.335+0800: 0.292: Total time for which application threads were stopped: 0.0284517 seconds, Stopping threads took: 0.0000351 seconds
2024-07-27T17:22:53.335+0800: 0.292: Application time: 0.0002444 seconds
2024-07-27T17:22:53.335+0800: 0.292: [GC (CMS Initial Mark) [1 CMS-initial-mark: 128651K(174784K)] 140666K(253440K), 0.0007816 secs] [Times: user=0.00 sys=0.00, real=0.00 secs] 
2024-07-27T17:22:53.336+0800: 0.293: Total time for which application threads were stopped: 0.0008766 seconds, Stopping threads took: 0.0000525 seconds
2024-07-27T17:22:53.336+0800: 0.293: [CMS-concurrent-mark-start]
2024-07-27T17:22:53.340+0800: 0.297: [CMS-concurrent-mark: 0.004/0.004 secs] [Times: user=0.00 sys=0.00, real=0.00 secs] 
2024-07-27T17:22:53.340+0800: 0.297: [CMS-concurrent-preclean-start]
2024-07-27T17:22:53.341+0800: 0.298: [CMS-concurrent-preclean: 0.001/0.001 secs] [Times: user=0.00 sys=0.00, real=0.00 secs] 
2024-07-27T17:22:53.341+0800: 0.298: [CMS-concurrent-abortable-preclean-start]
2024-07-27T17:22:53.448+0800: 0.404: Application time: 0.1116274 seconds
2024-07-27T17:22:53.448+0800: 0.405: [GC (Allocation Failure) 2024-07-27T17:22:53.448+0800: 0.405: [ParNew: 77552K->14K(78656K), 0.0008616 secs] 206203K->128667K(253440K), 0.0009420 secs] [Times: user=0.00 sys=0.00, real=0.00 secs] 
2024-07-27T17:22:53.448+0800: 0.406: Total time for which application threads were stopped: 0.0011356 seconds, Stopping threads took: 0.0000432 seconds
2024-07-27T17:22:53.453+0800: 0.410: Application time: 0.0044831 seconds
2024-07-27T17:22:53.453+0800: 0.410: [GC (Allocation Failure) 2024-07-27T17:22:53.453+0800: 0.410: [ParNew: 68982K->8196K(78656K), 0.0334893 secs] 197635K->197266K(268860K), 0.0335510 secs] [Times: user=0.03 sys=0.05, real=0.03 secs] 
2024-07-27T17:22:53.486+0800: 0.444: Total time for which application threads were stopped: 0.0336542 seconds, Stopping threads took: 0.0000131 seconds
2024-07-27T17:22:53.606+0800: 0.563: Application time: 0.1194185 seconds
2024-07-27T17:22:53.606+0800: 0.563: [GC (Allocation Failure) 2024-07-27T17:22:53.606+0800: 0.563: [ParNew: 77168K->8192K(78656K), 0.0238036 secs] 266238K->265872K(337736K), 0.0238763 secs] [Times: user=0.06 sys=0.02, real=0.02 secs] 
2024-07-27T17:22:53.630+0800: 0.587: Total time for which application threads were stopped: 0.0239852 seconds, Stopping threads took: 0.0000195 seconds
2024-07-27T17:22:53.748+0800: 0.705: Application time: 0.1176213 seconds
2024-07-27T17:22:53.748+0800: 0.705: [GC (Allocation Failure) 2024-07-27T17:22:53.748+0800: 0.705: [ParNew: 77165K->1024K(78656K), 0.0010723 secs] 334845K->258704K(337736K), 0.0011732 secs] [Times: user=0.00 sys=0.00, real=0.00 secs] 
2024-07-27T17:22:53.749+0800: 0.706: Total time for which application threads were stopped: 0.0012843 seconds, Stopping threads took: 0.0000204 seconds
2024-07-27T17:22:53.753+0800: 0.710: Application time: 0.0043462 seconds
2024-07-27T17:22:53.753+0800: 0.710: [GC (Allocation Failure) 2024-07-27T17:22:53.753+0800: 0.711: [ParNew: 69998K->8192K(78656K), 0.0333490 secs] 327678K->327313K(398388K), 0.0333965 secs] [Times: user=0.11 sys=0.03, real=0.03 secs] 
2024-07-27T17:22:53.787+0800: 0.744: Total time for which application threads were stopped: 0.0334937 seconds, Stopping threads took: 0.0000133 seconds
2024-07-27T17:22:53.787+0800: 0.744: [CMS-concurrent-abortable-preclean: 0.005/0.446 secs] [Times: user=0.22 sys=0.09, real=0.45 secs] 
2024-07-27T17:22:53.787+0800: 0.744: Application time: 0.0003367 seconds
2024-07-27T17:22:53.787+0800: 0.744: [GC (CMS Final Remark) [YG occupancy: 13678 K (78656 K)]2024-07-27T17:22:53.787+0800: 0.744: [Rescan (parallel) , 0.0004482 secs]2024-07-27T17:22:53.787+0800: 0.745: [weak refs processing, 0.0000164 secs]2024-07-27T17:22:53.788+0800: 0.745: [class unloading, 0.0001977 secs]2024-07-27T17:22:53.788+0800: 0.745: [scrub symbol table, 0.0003360 secs]2024-07-27T17:22:53.788+0800: 0.745: [scrub string table, 0.0001016 secs][1 CMS-remark: 319121K(319732K)] 332799K(398388K), 0.0011690 secs] [Times: user=0.00 sys=0.00, real=0.00 secs] 
2024-07-27T17:22:53.788+0800: 0.746: Total time for which application threads were stopped: 0.0013242 seconds, Stopping threads took: 0.0001193 seconds
2024-07-27T17:22:53.788+0800: 0.746: [CMS-concurrent-sweep-start]
2024-07-27T17:22:53.790+0800: 0.747: [CMS-concurrent-sweep: 0.002/0.002 secs] [Times: user=0.00 sys=0.00, real=0.00 secs] 
2024-07-27T17:22:53.791+0800: 0.748: [CMS-concurrent-reset-start]
2024-07-27T17:22:53.798+0800: 0.755: [CMS-concurrent-reset: 0.007/0.007 secs] [Times: user=0.00 sys=0.00, real=0.01 secs] 
2024-07-27T17:22:53.906+0800: 0.863: Application time: 0.1178796 seconds
2024-07-27T17:22:53.906+0800: 0.864: [GC (Allocation Failure) 2024-07-27T17:22:53.906+0800: 0.864: [ParNew: 77167K->8192K(78656K), 0.0377758 secs] 396287K->395921K(610524K), 0.0378343 secs] [Times: user=0.05 sys=0.05, real=0.04 secs] 
2024-07-27T17:22:53.944+0800: 0.901: Total time for which application threads were stopped: 0.0379434 seconds, Stopping threads took: 0.0000191 seconds
2024-07-27T17:22:53.944+0800: 0.902: Application time: 0.0001894 seconds
2024-07-27T17:22:53.945+0800: 0.902: [GC (CMS Initial Mark) [1 CMS-initial-mark: 387729K(531868K)] 399360K(610524K), 0.0008669 secs] [Times: user=0.00 sys=0.00, real=0.00 secs] 
2024-07-27T17:22:53.946+0800: 0.903: Total time for which application threads were stopped: 0.0010684 seconds, Stopping threads took: 0.0001599 seconds
2024-07-27T17:22:53.946+0800: 0.903: [CMS-concurrent-mark-start]
2024-07-27T17:22:53.950+0800: 0.908: [CMS-concurrent-mark: 0.005/0.005 secs] [Times: user=0.00 sys=0.00, real=0.00 secs] 
2024-07-27T17:22:53.950+0800: 0.908: [CMS-concurrent-preclean-start]
2024-07-27T17:22:53.951+0800: 0.908: [CMS-concurrent-preclean: 0.001/0.001 secs] [Times: user=0.00 sys=0.00, real=0.00 secs] 
2024-07-27T17:22:53.951+0800: 0.908: [CMS-concurrent-abortable-preclean-start]
2024-07-27T17:22:54.062+0800: 1.019: Application time: 0.1159933 seconds
2024-07-27T17:22:54.062+0800: 1.019: [GC (Allocation Failure) 2024-07-27T17:22:54.062+0800: 1.019: [ParNew: 77167K->2048K(78656K), 0.0015245 secs] 464897K->389777K(610524K), 0.0015862 secs] [Times: user=0.00 sys=0.00, real=0.00 secs] 
2024-07-27T17:22:54.063+0800: 1.020: Total time for which application threads were stopped: 0.0017037 seconds, Stopping threads took: 0.0000226 seconds
2024-07-27T17:22:54.068+0800: 1.025: Application time: 0.0045733 seconds
2024-07-27T17:22:54.068+0800: 1.025: [GC (Allocation Failure) 2024-07-27T17:22:54.068+0800: 1.025: [ParNew: 71024K->8192K(78656K), 0.0344084 secs] 458753K->458386K(610524K), 0.0344571 secs] [Times: user=0.03 sys=0.03, real=0.03 secs] 
2024-07-27T17:22:54.102+0800: 1.060: Total time for which application threads were stopped: 0.0345574 seconds, Stopping threads took: 0.0000142 seconds
2024-07-27T17:22:54.222+0800: 1.179: Application time: 0.1198797 seconds
2024-07-27T17:22:54.222+0800: 1.179: [GC (Allocation Failure) 2024-07-27T17:22:54.222+0800: 1.180: [ParNew: 77168K->8192K(78656K), 0.0379196 secs] 527362K->526995K(610524K), 0.0379823 secs] [Times: user=0.11 sys=0.02, real=0.04 secs] 
2024-07-27T17:22:54.260+0800: 1.218: Total time for which application threads were stopped: 0.0380886 seconds, Stopping threads took: 0.0000192 seconds
2024-07-27T17:22:54.260+0800: 1.218: [CMS-concurrent-abortable-preclean: 0.006/0.309 secs] [Times: user=0.16 sys=0.05, real=0.31 secs] 
2024-07-27T17:22:54.261+0800: 1.218: Application time: 0.0003241 seconds
2024-07-27T17:22:54.261+0800: 1.218: [GC (CMS Final Remark) [YG occupancy: 12655 K (78656 K)]2024-07-27T17:22:54.261+0800: 1.218: [Rescan (parallel) , 0.0011826 secs]2024-07-27T17:22:54.262+0800: 1.219: [weak refs processing, 0.0000126 secs]2024-07-27T17:22:54.262+0800: 1.219: [class unloading, 0.0001754 secs]2024-07-27T17:22:54.262+0800: 1.219: [scrub symbol table, 0.0003397 secs]2024-07-27T17:22:54.262+0800: 1.220: [scrub string table, 0.0001317 secs][1 CMS-remark: 518803K(531868K)] 531458K(610524K), 0.0019052 secs] [Times: user=0.00 sys=0.00, real=0.00 secs] 
2024-07-27T17:22:54.263+0800: 1.220: Total time for which application threads were stopped: 0.0019877 seconds, Stopping threads took: 0.0000472 seconds
2024-07-27T17:22:54.263+0800: 1.220: [CMS-concurrent-sweep-start]
2024-07-27T17:22:54.265+0800: 1.222: [CMS-concurrent-sweep: 0.002/0.002 secs] [Times: user=0.00 sys=0.00, real=0.00 secs] 
2024-07-27T17:22:54.265+0800: 1.222: [CMS-concurrent-reset-start]
2024-07-27T17:22:54.267+0800: 1.224: [CMS-concurrent-reset: 0.002/0.002 secs] [Times: user=0.00 sys=0.00, real=0.00 secs] 
2024-07-27T17:22:54.379+0800: 1.336: Application time: 0.1160166 seconds
2024-07-27T17:22:54.379+0800: 1.336: [GC (Allocation Failure) 2024-07-27T17:22:54.379+0800: 1.336: [ParNew: 77168K->3072K(78656K), 0.0012572 secs] 338943K->264847K(610524K), 0.0013183 secs] [Times: user=0.03 sys=0.00, real=0.00 secs] 
2024-07-27T17:22:54.380+0800: 1.337: Total time for which application threads were stopped: 0.0014444 seconds, Stopping threads took: 0.0000203 seconds
2024-07-27T17:22:54.385+0800: 1.342: Application time: 0.0043926 seconds
2024-07-27T17:22:54.385+0800: 1.342: [GC (Allocation Failure) 2024-07-27T17:22:54.385+0800: 1.342: [ParNew: 72048K->8192K(78656K), 0.0158670 secs] 333823K->333456K(610524K), 0.0159178 secs] [Times: user=0.03 sys=0.00, real=0.02 secs] 
2024-07-27T17:22:54.400+0800: 1.358: Total time for which application threads were stopped: 0.0160146 seconds, Stopping threads took: 0.0000148 seconds
2024-07-27T17:22:54.400+0800: 1.358: Application time: 0.0001582 seconds
2024-07-27T17:22:54.400+0800: 1.358: [GC (CMS Initial Mark) [1 CMS-initial-mark: 325264K(531868K)] 336895K(610524K), 0.0008242 secs] [Times: user=0.00 sys=0.00, real=0.00 secs] 
2024-07-27T17:22:54.401+0800: 1.359: Total time for which application threads were stopped: 0.0010142 seconds, Stopping threads took: 0.0001487 seconds
2024-07-27T17:22:54.401+0800: 1.359: [CMS-concurrent-mark-start]
2024-07-27T17:22:54.404+0800: 1.361: [CMS-concurrent-mark: 0.002/0.002 secs] [Times: user=0.00 sys=0.00, real=0.00 secs] 
2024-07-27T17:22:54.404+0800: 1.361: [CMS-concurrent-preclean-start]
2024-07-27T17:22:54.405+0800: 1.362: [CMS-concurrent-preclean: 0.001/0.001 secs] [Times: user=0.00 sys=0.00, real=0.00 secs] 
2024-07-27T17:22:54.405+0800: 1.362: [CMS-concurrent-abortable-preclean-start]
2024-07-27T17:22:54.508+0800: 1.465: Application time: 0.1062878 seconds
2024-07-27T17:22:54.508+0800: 1.465: [GC (Allocation Failure) 2024-07-27T17:22:54.508+0800: 1.465: [ParNew: 77168K->8192K(78656K), 0.0120175 secs] 402432K->402065K(610524K), 0.0120786 secs] [Times: user=0.00 sys=0.00, real=0.01 secs] 
2024-07-27T17:22:54.520+0800: 1.477: Total time for which application threads were stopped: 0.0121864 seconds, Stopping threads took: 0.0000199 seconds
2024-07-27T17:22:54.633+0800: 1.590: Application time: 0.1122041 seconds
2024-07-27T17:22:54.633+0800: 1.590: [GC (Allocation Failure) 2024-07-27T17:22:54.633+0800: 1.590: [ParNew: 77168K->4096K(78656K), 0.0018657 secs] 471042K->397969K(610524K), 0.0019272 secs] [Times: user=0.00 sys=0.00, real=0.00 secs] 
2024-07-27T17:22:54.634+0800: 1.592: Total time for which application threads were stopped: 0.0020578 seconds, Stopping threads took: 0.0000203 seconds
2024-07-27T17:22:54.639+0800: 1.596: Application time: 0.0048552 seconds
2024-07-27T17:22:54.639+0800: 1.597: [GC (Allocation Failure) 2024-07-27T17:22:54.639+0800: 1.597: [ParNew: 73072K->8192K(78656K), 0.0118947 secs] 466946K->466578K(610524K), 0.0119470 secs] [Times: user=0.03 sys=0.00, real=0.01 secs] 
2024-07-27T17:22:54.651+0800: 1.609: Total time for which application threads were stopped: 0.0120471 seconds, Stopping threads took: 0.0000168 seconds
2024-07-27T17:22:54.651+0800: 1.609: [CMS-concurrent-abortable-preclean: 0.006/0.246 secs] [Times: user=0.03 sys=0.00, real=0.25 secs] 
2024-07-27T17:22:54.651+0800: 1.609: Application time: 0.0003650 seconds
2024-07-27T17:22:54.652+0800: 1.609: [GC (CMS Final Remark) [YG occupancy: 13679 K (78656 K)]2024-07-27T17:22:54.652+0800: 1.609: [Rescan (parallel) , 0.0010208 secs]2024-07-27T17:22:54.653+0800: 1.610: [weak refs processing, 0.0000132 secs]2024-07-27T17:22:54.653+0800: 1.610: [class unloading, 0.0001744 secs]2024-07-27T17:22:54.653+0800: 1.610: [scrub symbol table, 0.0003218 secs]2024-07-27T17:22:54.653+0800: 1.611: [scrub string table, 0.0000923 secs][1 CMS-remark: 458386K(531868K)] 472066K(610524K), 0.0016866 secs] [Times: user=0.00 sys=0.00, real=0.00 secs] 
2024-07-27T17:22:54.653+0800: 1.611: Total time for which application threads were stopped: 0.0018982 seconds, Stopping threads took: 0.0001607 seconds
2024-07-27T17:22:54.653+0800: 1.611: [CMS-concurrent-sweep-start]
2024-07-27T17:22:54.655+0800: 1.613: [CMS-concurrent-sweep: 0.001/0.001 secs] [Times: user=0.00 sys=0.00, real=0.00 secs] 
2024-07-27T17:22:54.655+0800: 1.613: [CMS-concurrent-reset-start]
2024-07-27T17:22:54.656+0800: 1.614: [CMS-concurrent-reset: 0.001/0.001 secs] [Times: user=0.00 sys=0.00, real=0.00 secs] 
2024-07-27T17:22:54.760+0800: 1.717: Application time: 0.1061983 seconds
2024-07-27T17:22:54.760+0800: 1.717: [GC (Allocation Failure) 2024-07-27T17:22:54.760+0800: 1.717: [ParNew: 77168K->8192K(78656K), 0.0120916 secs] 274431K->274063K(610524K), 0.0121574 secs] [Times: user=0.03 sys=0.00, real=0.01 secs] 
2024-07-27T17:22:54.772+0800: 1.729: Total time for which application threads were stopped: 0.0122684 seconds, Stopping threads took: 0.0000222 seconds
2024-07-27T17:22:54.772+0800: 1.730: Application time: 0.0002651 seconds
2024-07-27T17:22:54.772+0800: 1.730: [GC (CMS Initial Mark) [1 CMS-initial-mark: 265871K(531868K)] 277503K(610524K), 0.0005806 secs] [Times: user=0.00 sys=0.00, real=0.00 secs] 
2024-07-27T17:22:54.774+0800: 1.730: Total time for which application threads were stopped: 0.0006978 seconds, Stopping threads took: 0.0000741 seconds
2024-07-27T17:22:54.774+0800: 1.730: [CMS-concurrent-mark-start]
2024-07-27T17:22:54.776+0800: 1.734: [CMS-concurrent-mark: 0.003/0.003 secs] [Times: user=0.00 sys=0.00, real=0.00 secs] 
2024-07-27T17:22:54.776+0800: 1.734: [CMS-concurrent-preclean-start]
2024-07-27T17:22:54.778+0800: 1.735: [CMS-concurrent-preclean: 0.001/0.001 secs] [Times: user=0.00 sys=0.00, real=0.00 secs] 
2024-07-27T17:22:54.778+0800: 1.735: [CMS-concurrent-abortable-preclean-start]
2024-07-27T17:22:54.882+0800: 1.839: Application time: 0.1088629 seconds
2024-07-27T17:22:54.882+0800: 1.839: [GC (Allocation Failure) 2024-07-27T17:22:54.882+0800: 1.839: [ParNew: 77168K->5120K(78656K), 0.0019300 secs] 343040K->270991K(610524K), 0.0019783 secs] [Times: user=0.00 sys=0.00, real=0.00 secs] 
2024-07-27T17:22:54.884+0800: 1.841: Total time for which application threads were stopped: 0.0020869 seconds, Stopping threads took: 0.0000200 seconds
2024-07-27T17:22:54.888+0800: 1.846: Application time: 0.0044580 seconds
2024-07-27T17:22:54.888+0800: 1.846: [GC (Allocation Failure) 2024-07-27T17:22:54.888+0800: 1.846: [ParNew: 74096K->8192K(78656K), 0.0120090 secs] 339968K->339600K(610524K), 0.0121213 secs] [Times: user=0.03 sys=0.00, real=0.01 secs] 
2024-07-27T17:22:54.901+0800: 1.858: Total time for which application threads were stopped: 0.0122257 seconds, Stopping threads took: 0.0000140 seconds
2024-07-27T17:22:55.010+0800: 1.967: Application time: 0.1091982 seconds
2024-07-27T17:22:55.010+0800: 1.967: [GC (Allocation Failure) 2024-07-27T17:22:55.010+0800: 1.967: [ParNew: 77168K->8192K(78656K), 0.0118440 secs] 408577K->408209K(610524K), 0.0119040 secs] [Times: user=0.03 sys=0.00, real=0.01 secs] 
2024-07-27T17:22:55.022+0800: 1.979: Total time for which application threads were stopped: 0.0120131 seconds, Stopping threads took: 0.0000194 seconds
2024-07-27T17:22:55.022+0800: 1.979: [CMS-concurrent-abortable-preclean: 0.006/0.244 secs] [Times: user=0.06 sys=0.00, real=0.24 secs] 
2024-07-27T17:22:55.022+0800: 1.979: Application time: 0.0003781 seconds
2024-07-27T17:22:55.022+0800: 1.980: [GC (CMS Final Remark) [YG occupancy: 14703 K (78656 K)]2024-07-27T17:22:55.022+0800: 1.980: [Rescan (parallel) , 0.0005624 secs]2024-07-27T17:22:55.024+0800: 1.980: [weak refs processing, 0.0000129 secs]2024-07-27T17:22:55.024+0800: 1.980: [class unloading, 0.0001870 secs]2024-07-27T17:22:55.024+0800: 1.980: [scrub symbol table, 0.0003212 secs]2024-07-27T17:22:55.024+0800: 1.981: [scrub string table, 0.0000967 secs][1 CMS-remark: 400017K(531868K)] 414721K(610524K), 0.0012457 secs] [Times: user=0.00 sys=0.00, real=0.00 secs] 
2024-07-27T17:22:55.024+0800: 1.981: Total time for which application threads were stopped: 0.0014642 seconds, Stopping threads took: 0.0001686 seconds
2024-07-27T17:22:55.024+0800: 1.981: [CMS-concurrent-sweep-start]
2024-07-27T17:22:55.025+0800: 1.983: [CMS-concurrent-sweep: 0.002/0.002 secs] [Times: user=0.00 sys=0.00, real=0.00 secs] 
2024-07-27T17:22:55.026+0800: 1.983: [CMS-concurrent-reset-start]
2024-07-27T17:22:55.028+0800: 1.985: [CMS-concurrent-reset: 0.002/0.002 secs] [Times: user=0.00 sys=0.00, real=0.00 secs] 
2024-07-27T17:22:55.133+0800: 2.090: Application time: 0.1088516 seconds
2024-07-27T17:22:55.133+0800: 2.090: [GC (Allocation Failure) 2024-07-27T17:22:55.133+0800: 2.090: [ParNew: 77168K->6144K(78656K), 0.0022033 secs] 345088K->274063K(610524K), 0.0022778 secs] [Times: user=0.00 sys=0.00, real=0.00 secs] 
2024-07-27T17:22:55.135+0800: 2.092: Total time for which application threads were stopped: 0.0023901 seconds, Stopping threads took: 0.0000199 seconds
2024-07-27T17:22:55.139+0800: 2.097: Application time: 0.0043614 seconds
2024-07-27T17:22:55.139+0800: 2.097: [GC (Allocation Failure) 2024-07-27T17:22:55.139+0800: 2.097: [ParNew: 75120K->8192K(78656K), 0.0115552 secs] 343040K->342672K(610524K), 0.0116048 secs] [Times: user=0.03 sys=0.00, real=0.01 secs] 
2024-07-27T17:22:55.151+0800: 2.108: Total time for which application threads were stopped: 0.0117004 seconds, Stopping threads took: 0.0000142 seconds
2024-07-27T17:22:55.151+0800: 2.108: Application time: 0.0001343 seconds
2024-07-27T17:22:55.151+0800: 2.109: [GC (CMS Initial Mark) [1 CMS-initial-mark: 334480K(531868K)] 346112K(610524K), 0.0008018 secs] [Times: user=0.00 sys=0.00, real=0.00 secs] 
2024-07-27T17:22:55.152+0800: 2.109: Total time for which application threads were stopped: 0.0009541 seconds, Stopping threads took: 0.0001077 seconds
2024-07-27T17:22:55.152+0800: 2.110: [CMS-concurrent-mark-start]
2024-07-27T17:22:55.154+0800: 2.112: [CMS-concurrent-mark: 0.002/0.002 secs] [Times: user=0.00 sys=0.00, real=0.00 secs] 
2024-07-27T17:22:55.154+0800: 2.112: [CMS-concurrent-preclean-start]
2024-07-27T17:22:55.155+0800: 2.112: [CMS-concurrent-preclean: 0.001/0.001 secs] [Times: user=0.00 sys=0.00, real=0.00 secs] 
2024-07-27T17:22:55.155+0800: 2.112: [CMS-concurrent-abortable-preclean-start]
2024-07-27T17:22:55.261+0800: 2.218: Application time: 0.1089397 seconds
2024-07-27T17:22:55.261+0800: 2.218: [GC (Allocation Failure) 2024-07-27T17:22:55.261+0800: 2.218: [ParNew: 77168K->8192K(78656K), 0.0117391 secs] 411649K->411281K(610524K), 0.0118033 secs] [Times: user=0.03 sys=0.00, real=0.01 secs] 
2024-07-27T17:22:55.273+0800: 2.230: Total time for which application threads were stopped: 0.0119238 seconds, Stopping threads took: 0.0000193 seconds
2024-07-27T17:22:55.386+0800: 2.343: Application time: 0.1131544 seconds
2024-07-27T17:22:55.386+0800: 2.343: [GC (Allocation Failure) 2024-07-27T17:22:55.386+0800: 2.343: [ParNew: 77168K->7168K(78656K), 0.0022796 secs] 480258K->410257K(610524K), 0.0023320 secs] [Times: user=0.00 sys=0.00, real=0.00 secs] 
2024-07-27T17:22:55.388+0800: 2.346: Total time for which application threads were stopped: 0.0024353 seconds, Stopping threads took: 0.0000178 seconds
2024-07-27T17:22:55.393+0800: 2.350: Application time: 0.0043506 seconds
2024-07-27T17:22:55.393+0800: 2.350: [GC (Allocation Failure) 2024-07-27T17:22:55.393+0800: 2.350: [ParNew: 76144K->8192K(78656K), 0.0118161 secs] 479234K->478866K(610524K), 0.0118698 secs] [Times: user=0.03 sys=0.00, real=0.01 secs] 
2024-07-27T17:22:55.405+0800: 2.362: Total time for which application threads were stopped: 0.0119653 seconds, Stopping threads took: 0.0000133 seconds
2024-07-27T17:22:55.405+0800: 2.362: [CMS-concurrent-abortable-preclean: 0.006/0.250 secs] [Times: user=0.06 sys=0.00, real=0.25 secs] 
2024-07-27T17:22:55.405+0800: 2.362: Application time: 0.0003095 seconds
2024-07-27T17:22:55.405+0800: 2.363: [GC (CMS Final Remark) [YG occupancy: 12655 K (78656 K)]2024-07-27T17:22:55.405+0800: 2.363: [Rescan (parallel) , 0.0008700 secs]2024-07-27T17:22:55.406+0800: 2.363: [weak refs processing, 0.0000127 secs]2024-07-27T17:22:55.406+0800: 2.363: [class unloading, 0.0001764 secs]2024-07-27T17:22:55.406+0800: 2.364: [scrub symbol table, 0.0003475 secs]2024-07-27T17:22:55.406+0800: 2.364: [scrub string table, 0.0001012 secs][1 CMS-remark: 470674K(531868K)] 483330K(610524K), 0.0015706 secs] [Times: user=0.00 sys=0.00, real=0.00 secs] 
2024-07-27T17:22:55.407+0800: 2.364: Total time for which application threads were stopped: 0.0016613 seconds, Stopping threads took: 0.0000479 seconds
2024-07-27T17:22:55.407+0800: 2.364: [CMS-concurrent-sweep-start]
2024-07-27T17:22:55.408+0800: 2.366: [CMS-concurrent-sweep: 0.001/0.001 secs] [Times: user=0.00 sys=0.00, real=0.00 secs] 
2024-07-27T17:22:55.409+0800: 2.366: [CMS-concurrent-reset-start]
2024-07-27T17:22:55.410+0800: 2.368: [CMS-concurrent-reset: 0.002/0.002 secs] [Times: user=0.00 sys=0.00, real=0.00 secs] 
2024-07-27T17:22:55.515+0800: 2.472: Application time: 0.1074122 seconds
2024-07-27T17:22:55.515+0800: 2.472: [GC (Allocation Failure) 2024-07-27T17:22:55.515+0800: 2.472: [ParNew: 77168K->8192K(78656K), 0.0122779 secs] 280575K->280207K(610524K), 0.0123365 secs] [Times: user=0.03 sys=0.00, real=0.01 secs] 
2024-07-27T17:22:55.527+0800: 2.484: Total time for which application threads were stopped: 0.0124451 seconds, Stopping threads took: 0.0000192 seconds
2024-07-27T17:22:55.528+0800: 2.484: Application time: 0.0002228 seconds
2024-07-27T17:22:55.528+0800: 2.484: [GC (CMS Initial Mark) [1 CMS-initial-mark: 272015K(531868K)] 283647K(610524K), 0.0005337 secs] [Times: user=0.00 sys=0.00, real=0.00 secs] 
2024-07-27T17:22:55.528+0800: 2.485: Total time for which application threads were stopped: 0.0006672 seconds, Stopping threads took: 0.0000819 seconds
2024-07-27T17:22:55.528+0800: 2.485: [CMS-concurrent-mark-start]
2024-07-27T17:22:55.532+0800: 2.489: [CMS-concurrent-mark: 0.004/0.004 secs] [Times: user=0.00 sys=0.00, real=0.00 secs] 
2024-07-27T17:22:55.532+0800: 2.489: [CMS-concurrent-preclean-start]
2024-07-27T17:22:55.533+0800: 2.490: [CMS-concurrent-preclean: 0.001/0.001 secs] [Times: user=0.00 sys=0.00, real=0.00 secs] 
2024-07-27T17:22:55.533+0800: 2.490: [CMS-concurrent-abortable-preclean-start]
2024-07-27T17:22:55.638+0800: 2.595: Application time: 0.1104525 seconds
2024-07-27T17:22:55.638+0800: 2.595: [GC (Allocation Failure) 2024-07-27T17:22:55.638+0800: 2.595: [ParNew: 77168K->8192K(78656K), 0.0024531 secs] 349184K->280207K(610524K), 0.0025179 secs] [Times: user=0.00 sys=0.00, real=0.00 secs] 
2024-07-27T17:22:55.641+0800: 2.598: Total time for which application threads were stopped: 0.0026246 seconds, Stopping threads took: 0.0000185 seconds
2024-07-27T17:22:55.646+0800: 2.603: Application time: 0.0046672 seconds
2024-07-27T17:22:55.646+0800: 2.603: [GC (Allocation Failure) 2024-07-27T17:22:55.646+0800: 2.603: [ParNew: 77168K->8192K(78656K), 0.0126294 secs] 349184K->348816K(610524K), 0.0126788 secs] [Times: user=0.00 sys=0.00, real=0.01 secs] 
2024-07-27T17:22:55.658+0800: 2.615: Total time for which application threads were stopped: 0.0128069 seconds, Stopping threads took: 0.0000298 seconds
2024-07-27T17:22:55.778+0800: 2.735: Application time: 0.1199515 seconds
2024-07-27T17:22:55.778+0800: 2.735: [GC (Allocation Failure) 2024-07-27T17:22:55.778+0800: 2.735: [ParNew: 77168K->8192K(78656K), 0.0123362 secs] 417793K->417425K(610524K), 0.0124018 secs] [Times: user=0.03 sys=0.00, real=0.01 secs] 
2024-07-27T17:22:55.790+0800: 2.748: Total time for which application threads were stopped: 0.0125273 seconds, Stopping threads took: 0.0000340 seconds
2024-07-27T17:22:55.900+0800: 2.857: Application time: 0.1093601 seconds
2024-07-27T17:22:55.900+0800: 2.857: [GC (Allocation Failure) 2024-07-27T17:22:55.900+0800: 2.857: [ParNew: 77168K->8192K(78656K), 0.0025788 secs] 486402K->418449K(610524K), 0.0026484 secs] [Times: user=0.00 sys=0.00, real=0.00 secs] 
2024-07-27T17:22:55.903+0800: 2.860: Total time for which application threads were stopped: 0.0027584 seconds, Stopping threads took: 0.0000190 seconds
2024-07-27T17:22:55.903+0800: 2.860: [CMS-concurrent-abortable-preclean: 0.010/0.370 secs] [Times: user=0.05 sys=0.00, real=0.37 secs] 
2024-07-27T17:22:55.903+0800: 2.860: Application time: 0.0002997 seconds
2024-07-27T17:22:55.903+0800: 2.860: [GC (CMS Final Remark) [YG occupancy: 12655 K (78656 K)]2024-07-27T17:22:55.903+0800: 2.860: [Rescan (parallel) , 0.0008448 secs]2024-07-27T17:22:55.904+0800: 2.861: [weak refs processing, 0.0000129 secs]2024-07-27T17:22:55.904+0800: 2.861: [class unloading, 0.0001902 secs]2024-07-27T17:22:55.904+0800: 2.862: [scrub symbol table, 0.0003417 secs]2024-07-27T17:22:55.904+0800: 2.862: [scrub string table, 0.0001012 secs][1 CMS-remark: 410257K(531868K)] 422913K(610524K), 0.0015539 secs] [Times: user=0.00 sys=0.00, real=0.00 secs] 
2024-07-27T17:22:55.904+0800: 2.862: Total time for which application threads were stopped: 0.0016627 seconds, Stopping threads took: 0.0000744 seconds
2024-07-27T17:22:55.905+0800: 2.862: [CMS-concurrent-sweep-start]
2024-07-27T17:22:55.906+0800: 2.864: [CMS-concurrent-sweep: 0.002/0.002 secs] [Times: user=0.00 sys=0.00, real=0.00 secs] 
2024-07-27T17:22:55.906+0800: 2.864: [CMS-concurrent-reset-start]
2024-07-27T17:22:55.909+0800: 2.867: [CMS-concurrent-reset: 0.003/0.003 secs] [Times: user=0.00 sys=0.00, real=0.00 secs] 
2024-07-27T17:22:55.910+0800: 2.867: Application time: 0.0054376 seconds
2024-07-27T17:22:55.910+0800: 2.868: [GC (Allocation Failure) 2024-07-27T17:22:55.910+0800: 2.868: [ParNew: 77168K->8192K(78656K), 0.0120023 secs] 352256K->351888K(610524K), 0.0120510 secs] [Times: user=0.00 sys=0.00, real=0.01 secs] 
2024-07-27T17:22:55.922+0800: 2.880: Total time for which application threads were stopped: 0.0121453 seconds, Stopping threads took: 0.0000141 seconds
2024-07-27T17:22:55.922+0800: 2.880: Application time: 0.0002401 seconds
2024-07-27T17:22:55.922+0800: 2.880: [GC (CMS Initial Mark) [1 CMS-initial-mark: 343696K(531868K)] 355328K(610524K), 0.0009045 secs] [Times: user=0.00 sys=0.00, real=0.00 secs] 
2024-07-27T17:22:55.923+0800: 2.881: Total time for which application threads were stopped: 0.0011102 seconds, Stopping threads took: 0.0001633 seconds
2024-07-27T17:22:55.923+0800: 2.881: [CMS-concurrent-mark-start]
2024-07-27T17:22:55.926+0800: 2.883: [CMS-concurrent-mark: 0.002/0.002 secs] [Times: user=0.03 sys=0.00, real=0.00 secs] 
2024-07-27T17:22:55.926+0800: 2.883: [CMS-concurrent-preclean-start]
2024-07-27T17:22:55.926+0800: 2.884: [CMS-concurrent-preclean: 0.001/0.001 secs] [Times: user=0.00 sys=0.00, real=0.00 secs] 
2024-07-27T17:22:55.926+0800: 2.884: [CMS-concurrent-abortable-preclean-start]
2024-07-27T17:22:56.042+0800: 3.000: Application time: 0.1186253 seconds
2024-07-27T17:22:56.042+0800: 3.000: [GC (Allocation Failure) 2024-07-27T17:22:56.042+0800: 3.000: [ParNew: 77168K->8192K(78656K), 0.0121655 secs] 420865K->420497K(610524K), 0.0122402 secs] [Times: user=0.03 sys=0.00, real=0.01 secs] 
2024-07-27T17:22:56.054+0800: 3.012: Total time for which application threads were stopped: 0.0123583 seconds, Stopping threads took: 0.0000195 seconds
2024-07-27T17:22:56.166+0800: 3.123: Application time: 0.1114184 seconds
2024-07-27T17:22:56.166+0800: 3.123: [GC (Allocation Failure) 2024-07-27T17:22:56.166+0800: 3.123: [ParNew: 77168K->8192K(78656K), 0.0027072 secs] 489474K->422545K(610524K), 0.0027606 secs] [Times: user=0.00 sys=0.00, real=0.00 secs] 
2024-07-27T17:22:56.169+0800: 3.126: Total time for which application threads were stopped: 0.0028784 seconds, Stopping threads took: 0.0000199 seconds
2024-07-27T17:22:56.169+0800: 3.126: [CMS-concurrent-abortable-preclean: 0.006/0.242 secs] [Times: user=0.03 sys=0.00, real=0.24 secs] 
2024-07-27T17:22:56.169+0800: 3.127: Application time: 0.0003142 seconds
2024-07-27T17:22:56.170+0800: 3.127: [GC (CMS Final Remark) [YG occupancy: 12655 K (78656 K)]2024-07-27T17:22:56.170+0800: 3.127: [Rescan (parallel) , 0.0009669 secs]2024-07-27T17:22:56.171+0800: 3.128: [weak refs processing, 0.0000126 secs]2024-07-27T17:22:56.171+0800: 3.128: [class unloading, 0.0001750 secs]2024-07-27T17:22:56.171+0800: 3.128: [scrub symbol table, 0.0003439 secs]2024-07-27T17:22:56.171+0800: 3.128: [scrub string table, 0.0001056 secs][1 CMS-remark: 414353K(531868K)] 427009K(610524K), 0.0016695 secs] [Times: user=0.00 sys=0.00, real=0.00 secs] 
2024-07-27T17:22:56.171+0800: 3.128: Total time for which application threads were stopped: 0.0018063 seconds, Stopping threads took: 0.0001019 seconds
2024-07-27T17:22:56.172+0800: 3.129: [CMS-concurrent-sweep-start]
2024-07-27T17:22:56.173+0800: 3.130: [CMS-concurrent-sweep: 0.002/0.002 secs] [Times: user=0.00 sys=0.00, real=0.00 secs] 
2024-07-27T17:22:56.173+0800: 3.130: [CMS-concurrent-reset-start]
2024-07-27T17:22:56.176+0800: 3.133: [CMS-concurrent-reset: 0.003/0.003 secs] [Times: user=0.00 sys=0.00, real=0.00 secs] 
2024-07-27T17:22:56.177+0800: 3.134: Application time: 0.0055704 seconds
2024-07-27T17:22:56.177+0800: 3.134: [GC (Allocation Failure) 2024-07-27T17:22:56.177+0800: 3.134: [ParNew: 77168K->8192K(78656K), 0.0126137 secs] 218110K->217742K(610524K), 0.0126619 secs] [Times: user=0.00 sys=0.00, real=0.01 secs] 
2024-07-27T17:22:56.190+0800: 3.147: Total time for which application threads were stopped: 0.0127555 seconds, Stopping threads took: 0.0000132 seconds
2024-07-27T17:22:56.190+0800: 3.147: Application time: 0.0002511 seconds
2024-07-27T17:22:56.190+0800: 3.147: [GC (CMS Initial Mark) [1 CMS-initial-mark: 209550K(531868K)] 221182K(610524K), 0.0007681 secs] [Times: user=0.00 sys=0.00, real=0.00 secs] 
2024-07-27T17:22:56.191+0800: 3.148: Total time for which application threads were stopped: 0.0008858 seconds, Stopping threads took: 0.0000771 seconds
2024-07-27T17:22:56.191+0800: 3.148: [CMS-concurrent-mark-start]
2024-07-27T17:22:56.193+0800: 3.150: [CMS-concurrent-mark: 0.002/0.002 secs] [Times: user=0.05 sys=0.00, real=0.00 secs] 
2024-07-27T17:22:56.193+0800: 3.150: [CMS-concurrent-preclean-start]
2024-07-27T17:22:56.194+0800: 3.151: [CMS-concurrent-preclean: 0.001/0.001 secs] [Times: user=0.00 sys=0.00, real=0.00 secs] 
2024-07-27T17:22:56.194+0800: 3.151: [CMS-concurrent-abortable-preclean-start]
2024-07-27T17:22:56.310+0800: 3.267: Application time: 0.1189212 seconds
2024-07-27T17:22:56.310+0800: 3.267: [GC (Allocation Failure) 2024-07-27T17:22:56.310+0800: 3.267: [ParNew: 77168K->8192K(78656K), 0.0120985 secs] 286719K->286351K(610524K), 0.0121620 secs] [Times: user=0.03 sys=0.00, real=0.01 secs] 
2024-07-27T17:22:56.322+0800: 3.279: Total time for which application threads were stopped: 0.0122690 seconds, Stopping threads took: 0.0000193 seconds
2024-07-27T17:22:56.432+0800: 3.389: Application time: 0.1099195 seconds
2024-07-27T17:22:56.432+0800: 3.389: [GC (Allocation Failure) 2024-07-27T17:22:56.432+0800: 3.389: [ParNew: 77168K->8192K(78656K), 0.0026001 secs] 355328K->289423K(610524K), 0.0026531 secs] [Times: user=0.00 sys=0.00, real=0.00 secs] 
2024-07-27T17:22:56.435+0800: 3.392: Total time for which application threads were stopped: 0.0027643 seconds, Stopping threads took: 0.0000192 seconds
2024-07-27T17:22:56.435+0800: 3.392: [CMS-concurrent-abortable-preclean: 0.006/0.241 secs] [Times: user=0.03 sys=0.00, real=0.24 secs] 
2024-07-27T17:22:56.435+0800: 3.392: Application time: 0.0003047 seconds
2024-07-27T17:22:56.435+0800: 3.392: [GC (CMS Final Remark) [YG occupancy: 12655 K (78656 K)]2024-07-27T17:22:56.435+0800: 3.392: [Rescan (parallel) , 0.0010971 secs]2024-07-27T17:22:56.437+0800: 3.393: [weak refs processing, 0.0000129 secs]2024-07-27T17:22:56.437+0800: 3.393: [class unloading, 0.0001809 secs]2024-07-27T17:22:56.437+0800: 3.394: [scrub symbol table, 0.0003015 secs]2024-07-27T17:22:56.437+0800: 3.394: [scrub string table, 0.0000982 secs][1 CMS-remark: 281231K(531868K)] 293887K(610524K), 0.0017538 secs] [Times: user=0.00 sys=0.00, real=0.00 secs] 
2024-07-27T17:22:56.437+0800: 3.394: Total time for which application threads were stopped: 0.0019315 seconds, Stopping threads took: 0.0001428 seconds
2024-07-27T17:22:56.437+0800: 3.394: [CMS-concurrent-sweep-start]
2024-07-27T17:22:56.439+0800: 3.396: [CMS-concurrent-sweep: 0.001/0.001 secs] [Times: user=0.00 sys=0.00, real=0.00 secs] 
2024-07-27T17:22:56.439+0800: 3.396: [CMS-concurrent-reset-start]
2024-07-27T17:22:56.441+0800: 3.398: [CMS-concurrent-reset: 0.002/0.002 secs] [Times: user=0.00 sys=0.00, real=0.00 secs] 
2024-07-27T17:22:56.442+0800: 3.399: Application time: 0.0053119 seconds
2024-07-27T17:22:56.443+0800: 3.399: [GC (Allocation Failure) 2024-07-27T17:22:56.443+0800: 3.399: [ParNew: 77168K->8192K(78656K), 0.0117121 secs] 220158K->219790K(610524K), 0.0117599 secs] [Times: user=0.00 sys=0.00, real=0.01 secs] 
2024-07-27T17:22:56.454+0800: 3.411: Total time for which application threads were stopped: 0.0118559 seconds, Stopping threads took: 0.0000126 seconds
2024-07-27T17:22:56.455+0800: 3.411: Application time: 0.0001574 seconds
2024-07-27T17:22:56.455+0800: 3.411: [GC (CMS Initial Mark) [1 CMS-initial-mark: 211598K(531868K)] 223230K(610524K), 0.0007599 secs] [Times: user=0.00 sys=0.00, real=0.00 secs] 
2024-07-27T17:22:56.456+0800: 3.412: Total time for which application threads were stopped: 0.0009500 seconds, Stopping threads took: 0.0001455 seconds
2024-07-27T17:22:56.456+0800: 3.412: [CMS-concurrent-mark-start]
2024-07-27T17:22:56.457+0800: 3.414: [CMS-concurrent-mark: 0.002/0.002 secs] [Times: user=0.00 sys=0.00, real=0.00 secs] 
2024-07-27T17:22:56.457+0800: 3.414: [CMS-concurrent-preclean-start]
2024-07-27T17:22:56.458+0800: 3.415: [CMS-concurrent-preclean: 0.001/0.001 secs] [Times: user=0.02 sys=0.00, real=0.00 secs] 
2024-07-27T17:22:56.458+0800: 3.415: [CMS-concurrent-abortable-preclean-start]
2024-07-27T17:22:56.574+0800: 3.531: Application time: 0.1191087 seconds
2024-07-27T17:22:56.574+0800: 3.531: [GC (Allocation Failure) 2024-07-27T17:22:56.574+0800: 3.531: [ParNew: 77168K->8192K(78656K), 0.0117596 secs] 288767K->288399K(610524K), 0.0118189 secs] [Times: user=0.03 sys=0.00, real=0.01 secs] 
2024-07-27T17:22:56.586+0800: 3.543: Total time for which application threads were stopped: 0.0119356 seconds, Stopping threads took: 0.0000185 seconds
2024-07-27T17:22:56.696+0800: 3.654: Application time: 0.1104717 seconds
2024-07-27T17:22:56.696+0800: 3.654: [GC (Allocation Failure) 2024-07-27T17:22:56.696+0800: 3.654: [ParNew: 77168K->8192K(78656K), 0.0027327 secs] 357376K->292495K(610524K), 0.0027932 secs] [Times: user=0.00 sys=0.00, real=0.00 secs] 
2024-07-27T17:22:56.699+0800: 3.657: Total time for which application threads were stopped: 0.0029035 seconds, Stopping threads took: 0.0000194 seconds
2024-07-27T17:22:56.699+0800: 3.657: [CMS-concurrent-abortable-preclean: 0.006/0.242 secs] [Times: user=0.03 sys=0.00, real=0.24 secs] 
2024-07-27T17:22:56.700+0800: 3.657: Application time: 0.0003508 seconds
2024-07-27T17:22:56.700+0800: 3.657: [GC (CMS Final Remark) [YG occupancy: 13679 K (78656 K)]2024-07-27T17:22:56.700+0800: 3.657: [Rescan (parallel) , 0.0010705 secs]2024-07-27T17:22:56.701+0800: 3.658: [weak refs processing, 0.0000128 secs]2024-07-27T17:22:56.701+0800: 3.658: [class unloading, 0.0001902 secs]2024-07-27T17:22:56.701+0800: 3.658: [scrub symbol table, 0.0003537 secs]2024-07-27T17:22:56.701+0800: 3.659: [scrub string table, 0.0001014 secs][1 CMS-remark: 284303K(531868K)] 297983K(610524K), 0.0017913 secs] [Times: user=0.00 sys=0.00, real=0.00 secs] 
2024-07-27T17:22:56.701+0800: 3.659: Total time for which application threads were stopped: 0.0018973 seconds, Stopping threads took: 0.0000715 seconds
2024-07-27T17:22:56.702+0800: 3.659: [CMS-concurrent-sweep-start]
2024-07-27T17:22:56.703+0800: 3.661: [CMS-concurrent-sweep: 0.002/0.002 secs] [Times: user=0.00 sys=0.00, real=0.00 secs] 
2024-07-27T17:22:56.703+0800: 3.661: [CMS-concurrent-reset-start]
2024-07-27T17:22:56.706+0800: 3.663: [CMS-concurrent-reset: 0.003/0.003 secs] [Times: user=0.00 sys=0.00, real=0.00 secs] 
2024-07-27T17:22:56.707+0800: 3.664: Application time: 0.0053283 seconds
2024-07-27T17:22:56.707+0800: 3.664: [GC (Allocation Failure) 2024-07-27T17:22:56.707+0800: 3.664: [ParNew: 77168K->8192K(78656K), 0.0120274 secs] 222206K->221838K(610524K), 0.0120804 secs] [Times: user=0.00 sys=0.00, real=0.01 secs] 
2024-07-27T17:22:56.719+0800: 3.676: Total time for which application threads were stopped: 0.0121779 seconds, Stopping threads took: 0.0000123 seconds
2024-07-27T17:22:56.719+0800: 3.677: Application time: 0.0002513 seconds
2024-07-27T17:22:56.720+0800: 3.677: [GC (CMS Initial Mark) [1 CMS-initial-mark: 213646K(531868K)] 225278K(610524K), 0.0007523 secs] [Times: user=0.00 sys=0.00, real=0.00 secs] 
2024-07-27T17:22:56.720+0800: 3.678: Total time for which application threads were stopped: 0.0008931 seconds, Stopping threads took: 0.0001004 seconds
2024-07-27T17:22:56.720+0800: 3.678: [CMS-concurrent-mark-start]
2024-07-27T17:22:56.722+0800: 3.680: [CMS-concurrent-mark: 0.002/0.002 secs] [Times: user=0.00 sys=0.00, real=0.00 secs] 
2024-07-27T17:22:56.722+0800: 3.680: [CMS-concurrent-preclean-start]
2024-07-27T17:22:56.723+0800: 3.680: [CMS-concurrent-preclean: 0.001/0.001 secs] [Times: user=0.02 sys=0.00, real=0.00 secs] 
2024-07-27T17:22:56.723+0800: 3.680: [CMS-concurrent-abortable-preclean-start]
2024-07-27T17:22:56.839+0800: 3.797: Application time: 0.1190755 seconds
2024-07-27T17:22:56.840+0800: 3.797: [GC (Allocation Failure) 2024-07-27T17:22:56.840+0800: 3.797: [ParNew: 77168K->8192K(78656K), 0.0117932 secs] 290815K->290447K(610524K), 0.0118517 secs] [Times: user=0.03 sys=0.00, real=0.01 secs] 
2024-07-27T17:22:56.852+0800: 3.809: Total time for which application threads were stopped: 0.0119750 seconds, Stopping threads took: 0.0000229 seconds
2024-07-27T17:22:56.964+0800: 3.921: Application time: 0.1119794 seconds
2024-07-27T17:22:56.964+0800: 3.921: [GC (Allocation Failure) 2024-07-27T17:22:56.964+0800: 3.921: [ParNew: 77168K->8192K(78656K), 0.0031688 secs] 359424K->295567K(610524K), 0.0032236 secs] [Times: user=0.00 sys=0.00, real=0.00 secs] 
2024-07-27T17:22:56.967+0800: 3.924: Total time for which application threads were stopped: 0.0033394 seconds, Stopping threads took: 0.0000188 seconds
2024-07-27T17:22:56.967+0800: 3.924: [CMS-concurrent-abortable-preclean: 0.006/0.244 secs] [Times: user=0.03 sys=0.00, real=0.24 secs] 
2024-07-27T17:22:56.967+0800: 3.924: Application time: 0.0002750 seconds
2024-07-27T17:22:56.968+0800: 3.924: [GC (CMS Final Remark) [YG occupancy: 11631 K (78656 K)]2024-07-27T17:22:56.968+0800: 3.924: [Rescan (parallel) , 0.0009152 secs]2024-07-27T17:22:56.968+0800: 3.925: [weak refs processing, 0.0000131 secs]2024-07-27T17:22:56.968+0800: 3.925: [class unloading, 0.0001832 secs]2024-07-27T17:22:56.969+0800: 3.926: [scrub symbol table, 0.0003469 secs]2024-07-27T17:22:56.969+0800: 3.926: [scrub string table, 0.0001117 secs][1 CMS-remark: 287375K(531868K)] 299007K(610524K), 0.0016379 secs] [Times: user=0.00 sys=0.00, real=0.00 secs] 
2024-07-27T17:22:56.969+0800: 3.926: Total time for which application threads were stopped: 0.0017978 seconds, Stopping threads took: 0.0001210 seconds
2024-07-27T17:22:56.969+0800: 3.926: [CMS-concurrent-sweep-start]
2024-07-27T17:22:56.971+0800: 3.928: [CMS-concurrent-sweep: 0.001/0.001 secs] [Times: user=0.00 sys=0.00, real=0.00 secs] 
2024-07-27T17:22:56.971+0800: 3.928: [CMS-concurrent-reset-start]
2024-07-27T17:22:56.973+0800: 3.930: [CMS-concurrent-reset: 0.002/0.002 secs] [Times: user=0.00 sys=0.00, real=0.00 secs] 
2024-07-27T17:22:56.975+0800: 3.932: Application time: 0.0054703 seconds
2024-07-27T17:22:56.975+0800: 3.932: [GC (Allocation Failure) 2024-07-27T17:22:56.975+0800: 3.932: [ParNew: 77168K->8192K(78656K), 0.0119797 secs] 224254K->223886K(610524K), 0.0120292 secs] [Times: user=0.00 sys=0.00, real=0.01 secs] 
2024-07-27T17:22:56.987+0800: 3.944: Total time for which application threads were stopped: 0.0121263 seconds, Stopping threads took: 0.0000127 seconds
2024-07-27T17:22:56.987+0800: 3.944: Application time: 0.0002333 seconds
2024-07-27T17:22:56.987+0800: 3.944: [GC (CMS Initial Mark) [1 CMS-initial-mark: 215694K(531868K)] 227326K(610524K), 0.0008393 secs] [Times: user=0.00 sys=0.00, real=0.00 secs] 
2024-07-27T17:22:56.988+0800: 3.945: Total time for which application threads were stopped: 0.0010267 seconds, Stopping threads took: 0.0001442 seconds
2024-07-27T17:22:56.988+0800: 3.945: [CMS-concurrent-mark-start]
2024-07-27T17:22:56.990+0800: 3.947: [CMS-concurrent-mark: 0.002/0.002 secs] [Times: user=0.05 sys=0.00, real=0.00 secs] 
2024-07-27T17:22:56.990+0800: 3.947: [CMS-concurrent-preclean-start]
2024-07-27T17:22:56.990+0800: 3.948: [CMS-concurrent-preclean: 0.001/0.001 secs] [Times: user=0.00 sys=0.00, real=0.00 secs] 
2024-07-27T17:22:56.990+0800: 3.948: [CMS-concurrent-abortable-preclean-start]
2024-07-27T17:22:57.104+0800: 4.061: Application time: 0.1165722 seconds
2024-07-27T17:22:57.104+0800: 4.062: [GC (Allocation Failure) 2024-07-27T17:22:57.104+0800: 4.062: [ParNew: 77168K->8192K(78656K), 0.0115807 secs] 292863K->292495K(610524K), 0.0116545 secs] [Times: user=0.03 sys=0.00, real=0.01 secs] 
2024-07-27T17:22:57.116+0800: 4.073: Total time for which application threads were stopped: 0.0117689 seconds, Stopping threads took: 0.0000198 seconds
2024-07-27T17:22:57.148+0800: 4.105: Application time: 0.0317192 seconds
2024-07-27T17:22:57.148+0800: 4.105: Total time for which application threads were stopped: 0.0000889 seconds, Stopping threads took: 0.0000297 seconds
2024-07-27T17:22:57.228+0800: 4.185: Application time: 0.0796598 seconds
2024-07-27T17:22:57.228+0800: 4.185: [GC (Allocation Failure) 2024-07-27T17:22:57.228+0800: 4.185: [ParNew: 77168K->8192K(78656K), 0.0030833 secs] 361472K->298639K(610524K), 0.0031396 secs] [Times: user=0.00 sys=0.00, real=0.00 secs] 
2024-07-27T17:22:57.231+0800: 4.188: Total time for which application threads were stopped: 0.0032450 seconds, Stopping threads took: 0.0000189 seconds
2024-07-27T17:22:57.231+0800: 4.188: [CMS-concurrent-abortable-preclean: 0.005/0.240 secs] [Times: user=0.03 sys=0.00, real=0.24 secs] 
2024-07-27T17:22:57.232+0800: 4.188: Application time: 0.0003051 seconds
2024-07-27T17:22:57.232+0800: 4.188: [GC (CMS Final Remark) [YG occupancy: 12655 K (78656 K)]2024-07-27T17:22:57.232+0800: 4.188: [Rescan (parallel) , 0.0009667 secs]2024-07-27T17:22:57.233+0800: 4.189: [weak refs processing, 0.0000129 secs]2024-07-27T17:22:57.233+0800: 4.189: [class unloading, 0.0001819 secs]2024-07-27T17:22:57.233+0800: 4.190: [scrub symbol table, 0.0003350 secs]2024-07-27T17:22:57.233+0800: 4.190: [scrub string table, 0.0001008 secs][1 CMS-remark: 290447K(531868K)] 303103K(610524K), 0.0016627 secs] [Times: user=0.00 sys=0.00, real=0.00 secs] 
2024-07-27T17:22:57.233+0800: 4.190: Total time for which application threads were stopped: 0.0018128 seconds, Stopping threads took: 0.0001153 seconds
2024-07-27T17:22:57.234+0800: 4.190: [CMS-concurrent-sweep-start]
2024-07-27T17:22:57.235+0800: 4.191: [CMS-concurrent-sweep: 0.001/0.001 secs] [Times: user=0.00 sys=0.00, real=0.00 secs] 
2024-07-27T17:22:57.235+0800: 4.191: [CMS-concurrent-reset-start]
2024-07-27T17:22:57.237+0800: 4.194: [CMS-concurrent-reset: 0.002/0.002 secs] [Times: user=0.00 sys=0.00, real=0.00 secs] 
2024-07-27T17:22:57.239+0800: 4.195: Application time: 0.0053380 seconds
2024-07-27T17:22:57.239+0800: 4.195: [GC (Allocation Failure) 2024-07-27T17:22:57.239+0800: 4.196: [ParNew: 77168K->8192K(78656K), 0.0120403 secs] 226302K->225934K(610524K), 0.0120948 secs] [Times: user=0.00 sys=0.00, real=0.01 secs] 
2024-07-27T17:22:57.251+0800: 4.208: Total time for which application threads were stopped: 0.0121865 seconds, Stopping threads took: 0.0000120 seconds
2024-07-27T17:22:57.251+0800: 4.208: Application time: 0.0001356 seconds
2024-07-27T17:22:57.251+0800: 4.208: [GC (CMS Initial Mark) [1 CMS-initial-mark: 217742K(531868K)] 229374K(610524K), 0.0007409 secs] [Times: user=0.00 sys=0.00, real=0.00 secs] 
2024-07-27T17:22:57.252+0800: 4.209: Total time for which application threads were stopped: 0.0009152 seconds, Stopping threads took: 0.0001330 seconds
2024-07-27T17:22:57.252+0800: 4.209: [CMS-concurrent-mark-start]
2024-07-27T17:22:57.254+0800: 4.211: [CMS-concurrent-mark: 0.002/0.002 secs] [Times: user=0.00 sys=0.00, real=0.00 secs] 
2024-07-27T17:22:57.254+0800: 4.211: [CMS-concurrent-preclean-start]
2024-07-27T17:22:57.254+0800: 4.211: [CMS-concurrent-preclean: 0.001/0.001 secs] [Times: user=0.00 sys=0.00, real=0.00 secs] 
2024-07-27T17:22:57.254+0800: 4.211: [CMS-concurrent-abortable-preclean-start]
2024-07-27T17:22:57.370+0800: 4.328: Application time: 0.1188251 seconds
2024-07-27T17:22:57.370+0800: 4.328: [GC (Allocation Failure) 2024-07-27T17:22:57.370+0800: 4.328: [ParNew: 77168K->8192K(78656K), 0.0117132 secs] 294911K->294543K(610524K), 0.0117733 secs] [Times: user=0.03 sys=0.00, real=0.01 secs] 
2024-07-27T17:22:57.382+0800: 4.339: Total time for which application threads were stopped: 0.0118815 seconds, Stopping threads took: 0.0000194 seconds
2024-07-27T17:22:57.493+0800: 4.450: Application time: 0.1105769 seconds
2024-07-27T17:22:57.493+0800: 4.450: [GC (Allocation Failure) 2024-07-27T17:22:57.493+0800: 4.450: [ParNew: 77168K->8192K(78656K), 0.0032589 secs] 363520K->301711K(610524K), 0.0033162 secs] [Times: user=0.00 sys=0.00, real=0.00 secs] 
2024-07-27T17:22:57.496+0800: 4.453: Total time for which application threads were stopped: 0.0034317 seconds, Stopping threads took: 0.0000198 seconds
2024-07-27T17:22:57.496+0800: 4.453: [CMS-concurrent-abortable-preclean: 0.006/0.242 secs] [Times: user=0.05 sys=0.00, real=0.24 secs] 
2024-07-27T17:22:57.496+0800: 4.454: Application time: 0.0003094 seconds
2024-07-27T17:22:57.496+0800: 4.454: [GC (CMS Final Remark) [YG occupancy: 11631 K (78656 K)]2024-07-27T17:22:57.497+0800: 4.454: [Rescan (parallel) , 0.0009343 secs]2024-07-27T17:22:57.497+0800: 4.455: [weak refs processing, 0.0000129 secs]2024-07-27T17:22:57.497+0800: 4.455: [class unloading, 0.0001972 secs]2024-07-27T17:22:57.498+0800: 4.455: [scrub symbol table, 0.0003364 secs]2024-07-27T17:22:57.498+0800: 4.455: [scrub string table, 0.0001012 secs][1 CMS-remark: 293519K(531868K)] 305151K(610524K), 0.0016472 secs] [Times: user=0.00 sys=0.00, real=0.00 secs] 
2024-07-27T17:22:57.498+0800: 4.456: Total time for which application threads were stopped: 0.0018025 seconds, Stopping threads took: 0.0001200 seconds
2024-07-27T17:22:57.498+0800: 4.456: [CMS-concurrent-sweep-start]
2024-07-27T17:22:57.500+0800: 4.457: [CMS-concurrent-sweep: 0.002/0.002 secs] [Times: user=0.00 sys=0.00, real=0.00 secs] 
2024-07-27T17:22:57.500+0800: 4.457: [CMS-concurrent-reset-start]
2024-07-27T17:22:57.503+0800: 4.460: [CMS-concurrent-reset: 0.003/0.003 secs] [Times: user=0.00 sys=0.00, real=0.00 secs] 
2024-07-27T17:22:57.503+0800: 4.461: Application time: 0.0053774 seconds
2024-07-27T17:22:57.504+0800: 4.461: [GC (Allocation Failure) 2024-07-27T17:22:57.504+0800: 4.461: [ParNew: 77168K->8192K(78656K), 0.0121559 secs] 228350K->227982K(610524K), 0.0122039 secs] [Times: user=0.00 sys=0.00, real=0.01 secs] 
2024-07-27T17:22:57.516+0800: 4.473: Total time for which application threads were stopped: 0.0122987 seconds, Stopping threads took: 0.0000155 seconds
2024-07-27T17:22:57.516+0800: 4.473: Application time: 0.0002231 seconds
2024-07-27T17:22:57.516+0800: 4.474: [GC (CMS Initial Mark) [1 CMS-initial-mark: 219790K(531868K)] 231422K(610524K), 0.0007773 secs] [Times: user=0.00 sys=0.00, real=0.00 secs] 
2024-07-27T17:22:57.517+0800: 4.474: Total time for which application threads were stopped: 0.0008940 seconds, Stopping threads took: 0.0000760 seconds
2024-07-27T17:22:57.517+0800: 4.474: [CMS-concurrent-mark-start]
2024-07-27T17:22:57.519+0800: 4.476: [CMS-concurrent-mark: 0.002/0.002 secs] [Times: user=0.00 sys=0.00, real=0.00 secs] 
2024-07-27T17:22:57.519+0800: 4.476: [CMS-concurrent-preclean-start]
2024-07-27T17:22:57.519+0800: 4.477: [CMS-concurrent-preclean: 0.001/0.001 secs] [Times: user=0.00 sys=0.00, real=0.00 secs] 
2024-07-27T17:22:57.519+0800: 4.477: [CMS-concurrent-abortable-preclean-start]
2024-07-27T17:22:57.622+0800: 4.579: Application time: 0.1050954 seconds
2024-07-27T17:22:57.622+0800: 4.580: [GC (Allocation Failure) 2024-07-27T17:22:57.622+0800: 4.580: [ParNew: 77168K->8192K(78656K), 0.0118518 secs] 296959K->296591K(610524K), 0.0119116 secs] [Times: user=0.03 sys=0.00, real=0.01 secs] 
2024-07-27T17:22:57.634+0800: 4.591: Total time for which application threads were stopped: 0.0120209 seconds, Stopping threads took: 0.0000200 seconds
2024-07-27T17:22:57.746+0800: 4.703: Application time: 0.1117062 seconds
2024-07-27T17:22:57.746+0800: 4.703: [GC (Allocation Failure) 2024-07-27T17:22:57.746+0800: 4.703: [ParNew: 77168K->8192K(78656K), 0.0038004 secs] 365568K->304784K(610524K), 0.0038791 secs] [Times: user=0.00 sys=0.00, real=0.00 secs] 
2024-07-27T17:22:57.750+0800: 4.707: Total time for which application threads were stopped: 0.0039951 seconds, Stopping threads took: 0.0000228 seconds
2024-07-27T17:22:57.750+0800: 4.707: [CMS-concurrent-abortable-preclean: 0.004/0.230 secs] [Times: user=0.05 sys=0.00, real=0.23 secs] 
2024-07-27T17:22:57.750+0800: 4.707: Application time: 0.0003215 seconds
2024-07-27T17:22:57.750+0800: 4.708: [GC (CMS Final Remark) [YG occupancy: 12655 K (78656 K)]2024-07-27T17:22:57.750+0800: 4.708: [Rescan (parallel) , 0.0010177 secs]2024-07-27T17:22:57.751+0800: 4.709: [weak refs processing, 0.0000129 secs]2024-07-27T17:22:57.751+0800: 4.709: [class unloading, 0.0001791 secs]2024-07-27T17:22:57.751+0800: 4.709: [scrub symbol table, 0.0003514 secs]2024-07-27T17:22:57.752+0800: 4.709: [scrub string table, 0.0001127 secs][1 CMS-remark: 296591K(531868K)] 309247K(610524K), 0.0017361 secs] [Times: user=0.00 sys=0.00, real=0.00 secs] 
2024-07-27T17:22:57.752+0800: 4.709: Total time for which application threads were stopped: 0.0019038 seconds, Stopping threads took: 0.0001320 seconds
2024-07-27T17:22:57.752+0800: 4.710: [CMS-concurrent-sweep-start]
2024-07-27T17:22:57.753+0800: 4.711: [CMS-concurrent-sweep: 0.001/0.001 secs] [Times: user=0.00 sys=0.00, real=0.00 secs] 
2024-07-27T17:22:57.754+0800: 4.711: [CMS-concurrent-reset-start]
2024-07-27T17:22:57.756+0800: 4.714: [CMS-concurrent-reset: 0.002/0.002 secs] [Times: user=0.00 sys=0.00, real=0.00 secs] 
2024-07-27T17:22:57.757+0800: 4.715: Application time: 0.0054695 seconds
2024-07-27T17:22:57.757+0800: 4.715: [GC (Allocation Failure) 2024-07-27T17:22:57.757+0800: 4.715: [ParNew: 77168K->8192K(78656K), 0.0118025 secs] 230398K->230030K(610524K), 0.0118542 secs] [Times: user=0.00 sys=0.00, real=0.01 secs] 
2024-07-27T17:22:57.769+0800: 4.727: Total time for which application threads were stopped: 0.0119518 seconds, Stopping threads took: 0.0000125 seconds
2024-07-27T17:22:57.769+0800: 4.727: Application time: 0.0001263 seconds
2024-07-27T17:22:57.770+0800: 4.727: [GC (CMS Initial Mark) [1 CMS-initial-mark: 221838K(531868K)] 233470K(610524K), 0.0007793 secs] [Times: user=0.00 sys=0.00, real=0.00 secs] 
2024-07-27T17:22:57.770+0800: 4.728: Total time for which application threads were stopped: 0.0009962 seconds, Stopping threads took: 0.0001739 seconds
2024-07-27T17:22:57.770+0800: 4.728: [CMS-concurrent-mark-start]
2024-07-27T17:22:57.772+0800: 4.730: [CMS-concurrent-mark: 0.002/0.002 secs] [Times: user=0.00 sys=0.00, real=0.00 secs] 
2024-07-27T17:22:57.772+0800: 4.730: [CMS-concurrent-preclean-start]
2024-07-27T17:22:57.773+0800: 4.730: [CMS-concurrent-preclean: 0.001/0.001 secs] [Times: user=0.00 sys=0.00, real=0.00 secs] 
2024-07-27T17:22:57.773+0800: 4.730: [CMS-concurrent-abortable-preclean-start]
2024-07-27T17:22:57.890+0800: 4.847: Application time: 0.1195026 seconds
2024-07-27T17:22:57.890+0800: 4.848: [GC (Allocation Failure) 2024-07-27T17:22:57.890+0800: 4.848: [ParNew: 77168K->8192K(78656K), 0.0117328 secs] 299007K->298639K(610524K), 0.0117921 secs] [Times: user=0.03 sys=0.00, real=0.01 secs] 
2024-07-27T17:22:57.902+0800: 4.859: Total time for which application threads were stopped: 0.0118995 seconds, Stopping threads took: 0.0000194 seconds
2024-07-27T17:22:58.015+0800: 4.973: Application time: 0.1131949 seconds
2024-07-27T17:22:58.016+0800: 4.973: [GC (Allocation Failure) 2024-07-27T17:22:58.016+0800: 4.973: [ParNew: 77168K->8192K(78656K), 0.0035827 secs] 367616K->307856K(610524K), 0.0036553 secs] [Times: user=0.00 sys=0.00, real=0.00 secs] 
2024-07-27T17:22:58.019+0800: 4.976: Total time for which application threads were stopped: 0.0037776 seconds, Stopping threads took: 0.0000364 seconds
2024-07-27T17:22:58.024+0800: 4.981: Application time: 0.0044110 seconds
2024-07-27T17:22:58.024+0800: 4.981: [GC (Allocation Failure) 2024-07-27T17:22:58.024+0800: 4.981: [ParNew: 77168K->8192K(78656K), 0.0122763 secs] 376832K->376465K(610524K), 0.0123254 secs] [Times: user=0.00 sys=0.02, real=0.01 secs] 
2024-07-27T17:22:58.036+0800: 4.993: Total time for which application threads were stopped: 0.0124226 seconds, Stopping threads took: 0.0000144 seconds
2024-07-27T17:22:58.036+0800: 4.993: [CMS-concurrent-abortable-preclean: 0.007/0.263 secs] [Times: user=0.06 sys=0.02, real=0.26 secs] 
2024-07-27T17:22:58.036+0800: 4.994: Application time: 0.0003332 seconds
2024-07-27T17:22:58.037+0800: 4.994: [GC (CMS Final Remark) [YG occupancy: 12655 K (78656 K)]2024-07-27T17:22:58.037+0800: 4.994: [Rescan (parallel) , 0.0010149 secs]2024-07-27T17:22:58.038+0800: 4.995: [weak refs processing, 0.0000142 secs]2024-07-27T17:22:58.038+0800: 4.995: [class unloading, 0.0001765 secs]2024-07-27T17:22:58.038+0800: 4.995: [scrub symbol table, 0.0003411 secs]2024-07-27T17:22:58.038+0800: 4.995: [scrub string table, 0.0001005 secs][1 CMS-remark: 368272K(531868K)] 380928K(610524K), 0.0017115 secs] [Times: user=0.00 sys=0.00, real=0.00 secs] 
2024-07-27T17:22:58.038+0800: 4.995: Total time for which application threads were stopped: 0.0019001 seconds, Stopping threads took: 0.0001407 seconds
2024-07-27T17:22:58.039+0800: 4.996: [CMS-concurrent-sweep-start]
2024-07-27T17:22:58.039+0800: 4.996: [CMS-concurrent-sweep: 0.001/0.001 secs] [Times: user=0.00 sys=0.00, real=0.00 secs] 
2024-07-27T17:22:58.039+0800: 4.996: [CMS-concurrent-reset-start]
2024-07-27T17:22:58.041+0800: 4.998: [CMS-concurrent-reset: 0.001/0.001 secs] [Times: user=0.00 sys=0.00, real=0.00 secs] 
2024-07-27T17:22:58.145+0800: 5.102: Application time: 0.1067719 seconds
2024-07-27T17:22:58.145+0800: 5.102: [GC (Allocation Failure) 2024-07-27T17:22:58.146+0800: 5.102: [ParNew: 77168K->8192K(78656K), 0.0120987 secs] 301055K->300687K(610524K), 0.0121673 secs] [Times: user=0.02 sys=0.00, real=0.01 secs] 
2024-07-27T17:22:58.158+0800: 5.114: Total time for which application threads were stopped: 0.0122885 seconds, Stopping threads took: 0.0000191 seconds
2024-07-27T17:22:58.158+0800: 5.115: Application time: 0.0001715 seconds
2024-07-27T17:22:58.158+0800: 5.115: [GC (CMS Initial Mark) [1 CMS-initial-mark: 292495K(531868K)] 304127K(610524K), 0.0007262 secs] [Times: user=0.00 sys=0.00, real=0.00 secs] 
2024-07-27T17:22:58.159+0800: 5.116: Total time for which application threads were stopped: 0.0009172 seconds, Stopping threads took: 0.0001459 seconds
2024-07-27T17:22:58.159+0800: 5.116: [CMS-concurrent-mark-start]
2024-07-27T17:22:58.162+0800: 5.119: [CMS-concurrent-mark: 0.003/0.003 secs] [Times: user=0.05 sys=0.00, real=0.00 secs] 
2024-07-27T17:22:58.162+0800: 5.119: [CMS-concurrent-preclean-start]
2024-07-27T17:22:58.163+0800: 5.120: [CMS-concurrent-preclean: 0.001/0.001 secs] [Times: user=0.00 sys=0.00, real=0.00 secs] 
2024-07-27T17:22:58.163+0800: 5.120: [CMS-concurrent-abortable-preclean-start]
2024-07-27T17:22:58.270+0800: 5.227: Application time: 0.1116613 seconds
2024-07-27T17:22:58.271+0800: 5.227: [GC (Allocation Failure) 2024-07-27T17:22:58.271+0800: 5.227: [ParNew: 77168K->8192K(78656K), 0.0037438 secs] 369664K->310928K(610524K), 0.0038016 secs] [Times: user=0.00 sys=0.00, real=0.00 secs] 
2024-07-27T17:22:58.274+0800: 5.231: Total time for which application threads were stopped: 0.0039243 seconds, Stopping threads took: 0.0000201 seconds
2024-07-27T17:22:58.279+0800: 5.236: Application time: 0.0044614 seconds
2024-07-27T17:22:58.279+0800: 5.236: [GC (Allocation Failure) 2024-07-27T17:22:58.279+0800: 5.236: [ParNew: 77168K->8192K(78656K), 0.0117383 secs] 379904K->379537K(610524K), 0.0117876 secs] [Times: user=0.03 sys=0.00, real=0.01 secs] 
2024-07-27T17:22:58.291+0800: 5.248: Total time for which application threads were stopped: 0.0118960 seconds, Stopping threads took: 0.0000141 seconds
2024-07-27T17:22:58.398+0800: 5.355: Application time: 0.1071144 seconds
2024-07-27T17:22:58.398+0800: 5.355: [GC (Allocation Failure) 2024-07-27T17:22:58.398+0800: 5.355: [ParNew: 77168K->8192K(78656K), 0.0121294 secs] 448513K->448146K(610524K), 0.0122017 secs] [Times: user=0.00 sys=0.00, real=0.01 secs] 
2024-07-27T17:22:58.410+0800: 5.367: Total time for which application threads were stopped: 0.0123283 seconds, Stopping threads took: 0.0000190 seconds
2024-07-27T17:22:58.521+0800: 5.478: Application time: 0.1109882 seconds
2024-07-27T17:22:58.521+0800: 5.478: [GC (Allocation Failure) 2024-07-27T17:22:58.521+0800: 5.478: [ParNew: 77168K->8192K(78656K), 0.0042769 secs] 517122K->459410K(610524K), 0.0043366 secs] [Times: user=0.00 sys=0.00, real=0.00 secs] 
2024-07-27T17:22:58.525+0800: 5.482: Total time for which application threads were stopped: 0.0044560 seconds, Stopping threads took: 0.0000198 seconds
2024-07-27T17:22:58.525+0800: 5.482: [CMS-concurrent-abortable-preclean: 0.011/0.363 secs] [Times: user=0.14 sys=0.00, real=0.36 secs] 
2024-07-27T17:22:58.525+0800: 5.483: Application time: 0.0003359 seconds
2024-07-27T17:22:58.526+0800: 5.483: [GC (CMS Final Remark) [YG occupancy: 12655 K (78656 K)]2024-07-27T17:22:58.526+0800: 5.483: [Rescan (parallel) , 0.0010709 secs]2024-07-27T17:22:58.527+0800: 5.484: [weak refs processing, 0.0000126 secs]2024-07-27T17:22:58.527+0800: 5.484: [class unloading, 0.0001924 secs]2024-07-27T17:22:58.527+0800: 5.484: [scrub symbol table, 0.0003546 secs]2024-07-27T17:22:58.527+0800: 5.485: [scrub string table, 0.0001054 secs][1 CMS-remark: 451218K(531868K)] 463874K(610524K), 0.0017982 secs] [Times: user=0.00 sys=0.00, real=0.00 secs] 
2024-07-27T17:22:58.527+0800: 5.485: Total time for which application threads were stopped: 0.0019009 seconds, Stopping threads took: 0.0000679 seconds
2024-07-27T17:22:58.528+0800: 5.485: [CMS-concurrent-sweep-start]
2024-07-27T17:22:58.529+0800: 5.486: [CMS-concurrent-sweep: 0.001/0.001 secs] [Times: user=0.00 sys=0.00, real=0.00 secs] 
2024-07-27T17:22:58.529+0800: 5.486: [CMS-concurrent-reset-start]
2024-07-27T17:22:58.532+0800: 5.489: [CMS-concurrent-reset: 0.003/0.003 secs] [Times: user=0.00 sys=0.00, real=0.00 secs] 
2024-07-27T17:22:58.533+0800: 5.490: Application time: 0.0056375 seconds
2024-07-27T17:22:58.533+0800: 5.490: [GC (Allocation Failure) 2024-07-27T17:22:58.533+0800: 5.490: [ParNew: 77168K->8192K(78656K), 0.0123922 secs] 382976K->382609K(610524K), 0.0124430 secs] [Times: user=0.03 sys=0.00, real=0.01 secs] 
2024-07-27T17:22:58.546+0800: 5.503: Total time for which application threads were stopped: 0.0125354 seconds, Stopping threads took: 0.0000129 seconds
2024-07-27T17:22:58.546+0800: 5.503: Application time: 0.0002922 seconds
2024-07-27T17:22:58.546+0800: 5.503: [GC (CMS Initial Mark) [1 CMS-initial-mark: 374417K(531868K)] 387072K(610524K), 0.0008326 secs] [Times: user=0.00 sys=0.00, real=0.00 secs] 
2024-07-27T17:22:58.547+0800: 5.504: Total time for which application threads were stopped: 0.0010580 seconds, Stopping threads took: 0.0001834 seconds
2024-07-27T17:22:58.547+0800: 5.504: [CMS-concurrent-mark-start]
2024-07-27T17:22:58.549+0800: 5.506: [CMS-concurrent-mark: 0.002/0.002 secs] [Times: user=0.00 sys=0.00, real=0.00 secs] 
2024-07-27T17:22:58.549+0800: 5.506: [CMS-concurrent-preclean-start]
2024-07-27T17:22:58.549+0800: 5.507: [CMS-concurrent-preclean: 0.001/0.001 secs] [Times: user=0.00 sys=0.00, real=0.00 secs] 
2024-07-27T17:22:58.549+0800: 5.507: [CMS-concurrent-abortable-preclean-start]
2024-07-27T17:22:58.665+0800: 5.622: Application time: 0.1173449 seconds
2024-07-27T17:22:58.665+0800: 5.622: [GC (Allocation Failure) 2024-07-27T17:22:58.665+0800: 5.622: [ParNew: 77168K->8192K(78656K), 0.0119515 secs] 451585K->451218K(610524K), 0.0120177 secs] [Times: user=0.00 sys=0.00, real=0.01 secs] 
2024-07-27T17:22:58.677+0800: 5.634: Total time for which application threads were stopped: 0.0121527 seconds, Stopping threads took: 0.0000333 seconds
2024-07-27T17:22:58.788+0800: 5.745: Application time: 0.1116972 seconds
2024-07-27T17:22:58.789+0800: 5.745: [GC (Allocation Failure) 2024-07-27T17:22:58.789+0800: 5.746: [ParNew: 77168K->8192K(78656K), 0.0039342 secs] 520194K->463506K(610524K), 0.0039927 secs] [Times: user=0.00 sys=0.00, real=0.00 secs] 
2024-07-27T17:22:58.793+0800: 5.750: Total time for which application threads were stopped: 0.0041182 seconds, Stopping threads took: 0.0000369 seconds
2024-07-27T17:22:58.793+0800: 5.750: [CMS-concurrent-abortable-preclean: 0.006/0.243 secs] [Times: user=0.00 sys=0.00, real=0.24 secs] 
2024-07-27T17:22:58.793+0800: 5.750: Application time: 0.0003099 seconds
2024-07-27T17:22:58.793+0800: 5.750: [GC (CMS Final Remark) [YG occupancy: 12655 K (78656 K)]2024-07-27T17:22:58.793+0800: 5.750: [Rescan (parallel) , 0.0007813 secs]2024-07-27T17:22:58.794+0800: 5.751: [weak refs processing, 0.0000128 secs]2024-07-27T17:22:58.794+0800: 5.751: [class unloading, 0.0001781 secs]2024-07-27T17:22:58.794+0800: 5.751: [scrub symbol table, 0.0003495 secs]2024-07-27T17:22:58.794+0800: 5.751: [scrub string table, 0.0001187 secs][1 CMS-remark: 455314K(531868K)] 467970K(610524K), 0.0015033 secs] [Times: user=0.00 sys=0.00, real=0.00 secs] 
2024-07-27T17:22:58.795+0800: 5.752: Total time for which application threads were stopped: 0.0016844 seconds, Stopping threads took: 0.0001459 seconds
2024-07-27T17:22:58.795+0800: 5.752: [CMS-concurrent-sweep-start]
2024-07-27T17:22:58.796+0800: 5.753: [CMS-concurrent-sweep: 0.001/0.001 secs] [Times: user=0.00 sys=0.00, real=0.00 secs] 
2024-07-27T17:22:58.796+0800: 5.753: [CMS-concurrent-reset-start]
2024-07-27T17:22:58.799+0800: 5.756: [CMS-concurrent-reset: 0.002/0.002 secs] [Times: user=0.00 sys=0.00, real=0.00 secs] 
2024-07-27T17:22:58.800+0800: 5.757: Application time: 0.0055416 seconds
2024-07-27T17:22:58.800+0800: 5.757: [GC (Allocation Failure) 2024-07-27T17:22:58.800+0800: 5.757: [ParNew: 77168K->8192K(78656K), 0.0122568 secs] 238590K->238223K(610524K), 0.0123092 secs] [Times: user=0.03 sys=0.00, real=0.01 secs] 
2024-07-27T17:22:58.813+0800: 5.769: Total time for which application threads were stopped: 0.0124026 seconds, Stopping threads took: 0.0000130 seconds
2024-07-27T17:22:58.813+0800: 5.770: Application time: 0.0001923 seconds
2024-07-27T17:22:58.813+0800: 5.770: [GC (CMS Initial Mark) [1 CMS-initial-mark: 230030K(531868K)] 241662K(610524K), 0.0008445 secs] [Times: user=0.00 sys=0.00, real=0.00 secs] 
2024-07-27T17:22:58.814+0800: 5.771: Total time for which application threads were stopped: 0.0010193 seconds, Stopping threads took: 0.0001307 seconds
2024-07-27T17:22:58.814+0800: 5.771: [CMS-concurrent-mark-start]
2024-07-27T17:22:58.815+0800: 5.772: [CMS-concurrent-mark: 0.001/0.001 secs] [Times: user=0.00 sys=0.00, real=0.00 secs] 
2024-07-27T17:22:58.815+0800: 5.772: [CMS-concurrent-preclean-start]
2024-07-27T17:22:58.816+0800: 5.773: [CMS-concurrent-preclean: 0.001/0.001 secs] [Times: user=0.00 sys=0.00, real=0.00 secs] 
2024-07-27T17:22:58.816+0800: 5.773: [CMS-concurrent-abortable-preclean-start]
2024-07-27T17:22:58.932+0800: 5.889: Application time: 0.1183531 seconds
2024-07-27T17:22:58.932+0800: 5.889: [GC (Allocation Failure) 2024-07-27T17:22:58.932+0800: 5.889: [ParNew: 77168K->8192K(78656K), 0.0118154 secs] 307199K->306832K(610524K), 0.0118985 secs] [Times: user=0.03 sys=0.00, real=0.01 secs] 
2024-07-27T17:22:58.944+0800: 5.901: Total time for which application threads were stopped: 0.0120039 seconds, Stopping threads took: 0.0000195 seconds
2024-07-27T17:22:59.057+0800: 6.014: Application time: 0.1129214 seconds
2024-07-27T17:22:59.057+0800: 6.014: [GC (Allocation Failure) 2024-07-27T17:22:59.057+0800: 6.014: [ParNew: 77168K->8192K(78656K), 0.0039661 secs] 375808K->320144K(610524K), 0.0040233 secs] [Times: user=0.00 sys=0.00, real=0.00 secs] 
2024-07-27T17:22:59.061+0800: 6.018: Total time for which application threads were stopped: 0.0041302 seconds, Stopping threads took: 0.0000199 seconds
2024-07-27T17:22:59.061+0800: 6.018: [CMS-concurrent-abortable-preclean: 0.006/0.245 secs] [Times: user=0.05 sys=0.00, real=0.25 secs] 
2024-07-27T17:22:59.061+0800: 6.019: Application time: 0.0004066 seconds
2024-07-27T17:22:59.061+0800: 6.019: [GC (CMS Final Remark) [YG occupancy: 14703 K (78656 K)]2024-07-27T17:22:59.061+0800: 6.019: [Rescan (parallel) , 0.0007485 secs]2024-07-27T17:22:59.062+0800: 6.019: [weak refs processing, 0.0000128 secs]2024-07-27T17:22:59.062+0800: 6.019: [class unloading, 0.0001936 secs]2024-07-27T17:22:59.062+0800: 6.020: [scrub symbol table, 0.0003482 secs]2024-07-27T17:22:59.063+0800: 6.020: [scrub string table, 0.0001007 secs][1 CMS-remark: 311952K(531868K)] 326655K(610524K), 0.0014671 secs] [Times: user=0.00 sys=0.00, real=0.00 secs] 
2024-07-27T17:22:59.063+0800: 6.020: Total time for which application threads were stopped: 0.0016591 seconds, Stopping threads took: 0.0001566 seconds
2024-07-27T17:22:59.063+0800: 6.020: [CMS-concurrent-sweep-start]
2024-07-27T17:22:59.065+0800: 6.022: [CMS-concurrent-sweep: 0.002/0.002 secs] [Times: user=0.00 sys=0.00, real=0.00 secs] 
2024-07-27T17:22:59.065+0800: 6.022: [CMS-concurrent-reset-start]
2024-07-27T17:22:59.067+0800: 6.025: [CMS-concurrent-reset: 0.003/0.003 secs] [Times: user=0.03 sys=0.00, real=0.00 secs] 
2024-07-27T17:22:59.068+0800: 6.025: Application time: 0.0052595 seconds
2024-07-27T17:22:59.068+0800: 6.025: [GC (Allocation Failure) 2024-07-27T17:22:59.068+0800: 6.025: [ParNew: 77168K->8192K(78656K), 0.0119334 secs] 240638K->240271K(610524K), 0.0119823 secs] [Times: user=0.00 sys=0.00, real=0.01 secs] 
2024-07-27T17:22:59.080+0800: 6.038: Total time for which application threads were stopped: 0.0120728 seconds, Stopping threads took: 0.0000120 seconds
2024-07-27T17:22:59.080+0800: 6.038: Application time: 0.0002558 seconds
2024-07-27T17:22:59.081+0800: 6.038: [GC (CMS Initial Mark) [1 CMS-initial-mark: 232078K(531868K)] 243710K(610524K), 0.0007996 secs] [Times: user=0.00 sys=0.00, real=0.00 secs] 
2024-07-27T17:22:59.081+0800: 6.039: Total time for which application threads were stopped: 0.0009785 seconds, Stopping threads took: 0.0001381 seconds
2024-07-27T17:22:59.082+0800: 6.039: [CMS-concurrent-mark-start]
2024-07-27T17:22:59.083+0800: 6.040: [CMS-concurrent-mark: 0.001/0.001 secs] [Times: user=0.05 sys=0.00, real=0.00 secs] 
2024-07-27T17:22:59.083+0800: 6.040: [CMS-concurrent-preclean-start]
2024-07-27T17:22:59.084+0800: 6.041: [CMS-concurrent-preclean: 0.001/0.001 secs] [Times: user=0.00 sys=0.00, real=0.00 secs] 
2024-07-27T17:22:59.084+0800: 6.041: [CMS-concurrent-abortable-preclean-start]
2024-07-27T17:22:59.201+0800: 6.158: Application time: 0.1190637 seconds
2024-07-27T17:22:59.201+0800: 6.158: [GC (Allocation Failure) 2024-07-27T17:22:59.201+0800: 6.158: [ParNew: 77168K->8192K(78656K), 0.0119098 secs] 309247K->308880K(610524K), 0.0119774 secs] [Times: user=0.03 sys=0.00, real=0.01 secs] 
2024-07-27T17:22:59.213+0800: 6.170: Total time for which application threads were stopped: 0.0120891 seconds, Stopping threads took: 0.0000194 seconds
2024-07-27T17:22:59.324+0800: 6.281: Application time: 0.1113312 seconds
2024-07-27T17:22:59.324+0800: 6.281: [GC (Allocation Failure) 2024-07-27T17:22:59.324+0800: 6.281: [ParNew: 77168K->8192K(78656K), 0.0043040 secs] 377856K->323216K(610524K), 0.0043641 secs] [Times: user=0.00 sys=0.00, real=0.01 secs] 
2024-07-27T17:22:59.329+0800: 6.286: Total time for which application threads were stopped: 0.0044715 seconds, Stopping threads took: 0.0000204 seconds
2024-07-27T17:22:59.329+0800: 6.286: [CMS-concurrent-abortable-preclean: 0.006/0.245 secs] [Times: user=0.03 sys=0.00, real=0.24 secs] 
2024-07-27T17:22:59.329+0800: 6.286: Application time: 0.0003435 seconds
2024-07-27T17:22:59.330+0800: 6.286: [GC (CMS Final Remark) [YG occupancy: 13679 K (78656 K)]2024-07-27T17:22:59.330+0800: 6.286: [Rescan (parallel) , 0.0008131 secs]2024-07-27T17:22:59.330+0800: 6.287: [weak refs processing, 0.0000125 secs]2024-07-27T17:22:59.330+0800: 6.287: [class unloading, 0.0001946 secs]2024-07-27T17:22:59.331+0800: 6.287: [scrub symbol table, 0.0003424 secs]2024-07-27T17:22:59.331+0800: 6.288: [scrub string table, 0.0001025 secs][1 CMS-remark: 315024K(531868K)] 328703K(610524K), 0.0015282 secs] [Times: user=0.00 sys=0.00, real=0.00 secs] 
2024-07-27T17:22:59.331+0800: 6.288: Total time for which application threads were stopped: 0.0016890 seconds, Stopping threads took: 0.0001252 seconds
2024-07-27T17:22:59.331+0800: 6.288: [CMS-concurrent-sweep-start]
2024-07-27T17:22:59.333+0800: 6.289: [CMS-concurrent-sweep: 0.001/0.001 secs] [Times: user=0.03 sys=0.00, real=0.00 secs] 
2024-07-27T17:22:59.333+0800: 6.289: [CMS-concurrent-reset-start]
2024-07-27T17:22:59.335+0800: 6.292: [CMS-concurrent-reset: 0.002/0.002 secs] [Times: user=0.00 sys=0.00, real=0.00 secs] 
2024-07-27T17:22:59.336+0800: 6.293: Application time: 0.0052497 seconds
2024-07-27T17:22:59.336+0800: 6.293: [GC (Allocation Failure) 2024-07-27T17:22:59.336+0800: 6.293: [ParNew: 77168K->8192K(78656K), 0.0122575 secs] 242686K->242319K(610524K), 0.0123056 secs] [Times: user=0.00 sys=0.00, real=0.01 secs] 
2024-07-27T17:22:59.349+0800: 6.305: Total time for which application threads were stopped: 0.0123966 seconds, Stopping threads took: 0.0000120 seconds
2024-07-27T17:22:59.349+0800: 6.306: Application time: 0.0002567 seconds
2024-07-27T17:22:59.349+0800: 6.306: [GC (CMS Initial Mark) [1 CMS-initial-mark: 234126K(531868K)] 245758K(610524K), 0.0007576 secs] [Times: user=0.00 sys=0.00, real=0.00 secs] 
2024-07-27T17:22:59.350+0800: 6.307: Total time for which application threads were stopped: 0.0009134 seconds, Stopping threads took: 0.0001144 seconds
2024-07-27T17:22:59.350+0800: 6.307: [CMS-concurrent-mark-start]
2024-07-27T17:22:59.351+0800: 6.308: [CMS-concurrent-mark: 0.001/0.001 secs] [Times: user=0.00 sys=0.00, real=0.00 secs] 
2024-07-27T17:22:59.351+0800: 6.308: [CMS-concurrent-preclean-start]
2024-07-27T17:22:59.352+0800: 6.309: [CMS-concurrent-preclean: 0.001/0.001 secs] [Times: user=0.00 sys=0.00, real=0.00 secs] 
2024-07-27T17:22:59.352+0800: 6.309: [CMS-concurrent-abortable-preclean-start]
2024-07-27T17:22:59.468+0800: 6.425: Application time: 0.1181935 seconds
2024-07-27T17:22:59.468+0800: 6.425: [GC (Allocation Failure) 2024-07-27T17:22:59.468+0800: 6.425: [ParNew: 77168K->8192K(78656K), 0.0116578 secs] 311295K->310928K(610524K), 0.0117229 secs] [Times: user=0.03 sys=0.00, real=0.01 secs] 
2024-07-27T17:22:59.480+0800: 6.437: Total time for which application threads were stopped: 0.0118338 seconds, Stopping threads took: 0.0000204 seconds
2024-07-27T17:22:59.592+0800: 6.549: Application time: 0.1121054 seconds
2024-07-27T17:22:59.592+0800: 6.549: [GC (Allocation Failure) 2024-07-27T17:22:59.592+0800: 6.549: [ParNew: 77168K->8192K(78656K), 0.0045300 secs] 379904K->326288K(610524K), 0.0045923 secs] [Times: user=0.00 sys=0.00, real=0.00 secs] 
2024-07-27T17:22:59.597+0800: 6.553: Total time for which application threads were stopped: 0.0047175 seconds, Stopping threads took: 0.0000182 seconds
2024-07-27T17:22:59.597+0800: 6.554: [CMS-concurrent-abortable-preclean: 0.006/0.245 secs] [Times: user=0.03 sys=0.00, real=0.24 secs] 
2024-07-27T17:22:59.597+0800: 6.554: Application time: 0.0002890 seconds
2024-07-27T17:22:59.597+0800: 6.554: [GC (CMS Final Remark) [YG occupancy: 12655 K (78656 K)]2024-07-27T17:22:59.597+0800: 6.554: [Rescan (parallel) , 0.0010637 secs]2024-07-27T17:22:59.598+0800: 6.555: [weak refs processing, 0.0000126 secs]2024-07-27T17:22:59.598+0800: 6.555: [class unloading, 0.0001922 secs]2024-07-27T17:22:59.598+0800: 6.555: [scrub symbol table, 0.0003472 secs]2024-07-27T17:22:59.599+0800: 6.556: [scrub string table, 0.0001002 secs][1 CMS-remark: 318096K(531868K)] 330751K(610524K), 0.0017793 secs] [Times: user=0.01 sys=0.00, real=0.00 secs] 
2024-07-27T17:22:59.599+0800: 6.556: Total time for which application threads were stopped: 0.0019861 seconds, Stopping threads took: 0.0001707 seconds
2024-07-27T17:22:59.599+0800: 6.556: [CMS-concurrent-sweep-start]
2024-07-27T17:22:59.601+0800: 6.557: [CMS-concurrent-sweep: 0.001/0.001 secs] [Times: user=0.00 sys=0.00, real=0.00 secs] 
2024-07-27T17:22:59.601+0800: 6.558: [CMS-concurrent-reset-start]
2024-07-27T17:22:59.603+0800: 6.560: [CMS-concurrent-reset: 0.003/0.003 secs] [Times: user=0.00 sys=0.00, real=0.00 secs] 
2024-07-27T17:22:59.604+0800: 6.561: Application time: 0.0053059 seconds
2024-07-27T17:22:59.604+0800: 6.561: [GC (Allocation Failure) 2024-07-27T17:22:59.604+0800: 6.561: [ParNew: 77168K->8192K(78656K), 0.0121667 secs] 244734K->244367K(610524K), 0.0122274 secs] [Times: user=0.03 sys=0.00, real=0.01 secs] 
2024-07-27T17:22:59.616+0800: 6.573: Total time for which application threads were stopped: 0.0123171 seconds, Stopping threads took: 0.0000119 seconds
2024-07-27T17:22:59.617+0800: 6.574: Application time: 0.0002445 seconds
2024-07-27T17:22:59.617+0800: 6.574: [GC (CMS Initial Mark) [1 CMS-initial-mark: 236174K(531868K)] 247806K(610524K), 0.0005889 secs] [Times: user=0.00 sys=0.00, real=0.00 secs] 
2024-07-27T17:22:59.618+0800: 6.574: Total time for which application threads were stopped: 0.0007943 seconds, Stopping threads took: 0.0001544 seconds
2024-07-27T17:22:59.618+0800: 6.574: [CMS-concurrent-mark-start]
2024-07-27T17:22:59.619+0800: 6.576: [CMS-concurrent-mark: 0.001/0.001 secs] [Times: user=0.00 sys=0.00, real=0.00 secs] 
2024-07-27T17:22:59.619+0800: 6.576: [CMS-concurrent-preclean-start]
2024-07-27T17:22:59.620+0800: 6.577: [CMS-concurrent-preclean: 0.001/0.001 secs] [Times: user=0.00 sys=0.00, real=0.00 secs] 
2024-07-27T17:22:59.620+0800: 6.577: [CMS-concurrent-abortable-preclean-start]
2024-07-27T17:22:59.736+0800: 6.693: Application time: 0.1184835 seconds
2024-07-27T17:22:59.736+0800: 6.693: [GC (Allocation Failure) 2024-07-27T17:22:59.736+0800: 6.693: [ParNew: 77168K->8192K(78656K), 0.0116392 secs] 313343K->312976K(610524K), 0.0129992 secs] [Times: user=0.03 sys=0.00, real=0.01 secs] 
2024-07-27T17:22:59.749+0800: 6.706: Total time for which application threads were stopped: 0.0131447 seconds, Stopping threads took: 0.0000197 seconds
2024-07-27T17:22:59.859+0800: 6.816: Application time: 0.1098321 seconds
2024-07-27T17:22:59.859+0800: 6.816: [GC (Allocation Failure) 2024-07-27T17:22:59.859+0800: 6.816: [ParNew: 77168K->8192K(78656K), 0.0044652 secs] 381952K->329360K(610524K), 0.0045426 secs] [Times: user=0.00 sys=0.00, real=0.00 secs] 
2024-07-27T17:22:59.863+0800: 6.821: Total time for which application threads were stopped: 0.0046513 seconds, Stopping threads took: 0.0000195 seconds
2024-07-27T17:22:59.863+0800: 6.821: [CMS-concurrent-abortable-preclean: 0.007/0.244 secs] [Times: user=0.03 sys=0.00, real=0.24 secs] 
2024-07-27T17:22:59.864+0800: 6.821: Application time: 0.0003014 seconds
2024-07-27T17:22:59.864+0800: 6.821: [GC (CMS Final Remark) [YG occupancy: 12655 K (78656 K)]2024-07-27T17:22:59.864+0800: 6.821: [Rescan (parallel) , 0.0010186 secs]2024-07-27T17:22:59.865+0800: 6.822: [weak refs processing, 0.0000142 secs]2024-07-27T17:22:59.865+0800: 6.822: [class unloading, 0.0001786 secs]2024-07-27T17:22:59.865+0800: 6.822: [scrub symbol table, 0.0003452 secs]2024-07-27T17:22:59.865+0800: 6.823: [scrub string table, 0.0001003 secs][1 CMS-remark: 321168K(531868K)] 333824K(610524K), 0.0017199 secs] [Times: user=0.00 sys=0.00, real=0.00 secs] 
2024-07-27T17:22:59.866+0800: 6.823: Total time for which application threads were stopped: 0.0018708 seconds, Stopping threads took: 0.0001050 seconds
2024-07-27T17:22:59.866+0800: 6.823: [CMS-concurrent-sweep-start]
2024-07-27T17:22:59.867+0800: 6.824: [CMS-concurrent-sweep: 0.001/0.001 secs] [Times: user=0.00 sys=0.00, real=0.00 secs] 
2024-07-27T17:22:59.867+0800: 6.824: [CMS-concurrent-reset-start]
2024-07-27T17:22:59.869+0800: 6.826: [CMS-concurrent-reset: 0.002/0.002 secs] [Times: user=0.00 sys=0.00, real=0.00 secs] 
2024-07-27T17:22:59.871+0800: 6.828: Application time: 0.0054087 seconds
2024-07-27T17:22:59.871+0800: 6.828: [GC (Allocation Failure) 2024-07-27T17:22:59.871+0800: 6.828: [ParNew: 77168K->8192K(78656K), 0.0126238 secs] 246782K->246415K(610524K), 0.0126725 secs] [Times: user=0.03 sys=0.00, real=0.01 secs] 
2024-07-27T17:22:59.884+0800: 6.841: Total time for which application threads were stopped: 0.0127779 seconds, Stopping threads took: 0.0000268 seconds
2024-07-27T17:22:59.884+0800: 6.841: Application time: 0.0002385 seconds
2024-07-27T17:22:59.884+0800: 6.841: [GC (CMS Initial Mark) [1 CMS-initial-mark: 238223K(531868K)] 249854K(610524K), 0.0008426 secs] [Times: user=0.00 sys=0.00, real=0.00 secs] 
2024-07-27T17:22:59.885+0800: 6.842: Total time for which application threads were stopped: 0.0009593 seconds, Stopping threads took: 0.0000757 seconds
2024-07-27T17:22:59.885+0800: 6.842: [CMS-concurrent-mark-start]
2024-07-27T17:22:59.886+0800: 6.843: [CMS-concurrent-mark: 0.001/0.001 secs] [Times: user=0.00 sys=0.00, real=0.00 secs] 
2024-07-27T17:22:59.887+0800: 6.843: [CMS-concurrent-preclean-start]
2024-07-27T17:22:59.887+0800: 6.844: [CMS-concurrent-preclean: 0.001/0.001 secs] [Times: user=0.00 sys=0.00, real=0.00 secs] 
2024-07-27T17:22:59.887+0800: 6.844: [CMS-concurrent-abortable-preclean-start]
2024-07-27T17:23:00.001+0800: 6.958: Application time: 0.1162235 seconds
2024-07-27T17:23:00.001+0800: 6.958: [GC (Allocation Failure) 2024-07-27T17:23:00.001+0800: 6.958: [ParNew: 77168K->8192K(78656K), 0.0116568 secs] 315391K->315024K(610524K), 0.0117420 secs] [Times: user=0.03 sys=0.00, real=0.01 secs] 
2024-07-27T17:23:00.013+0800: 6.970: Total time for which application threads were stopped: 0.0118728 seconds, Stopping threads took: 0.0000192 seconds
2024-07-27T17:23:00.125+0800: 7.082: Application time: 0.1120114 seconds
2024-07-27T17:23:00.125+0800: 7.082: [GC (Allocation Failure) 2024-07-27T17:23:00.125+0800: 7.082: [ParNew: 77168K->8192K(78656K), 0.0049250 secs] 384000K->332432K(610524K), 0.0049848 secs] [Times: user=0.00 sys=0.03, real=0.01 secs] 
2024-07-27T17:23:00.130+0800: 7.087: Total time for which application threads were stopped: 0.0050950 seconds, Stopping threads took: 0.0000221 seconds
2024-07-27T17:23:00.130+0800: 7.087: [CMS-concurrent-abortable-preclean: 0.006/0.243 secs] [Times: user=0.03 sys=0.03, real=0.24 secs] 
2024-07-27T17:23:00.130+0800: 7.088: Application time: 0.0003221 seconds
2024-07-27T17:23:00.130+0800: 7.088: [GC (CMS Final Remark) [YG occupancy: 12655 K (78656 K)]2024-07-27T17:23:00.130+0800: 7.088: [Rescan (parallel) , 0.0007628 secs]2024-07-27T17:23:00.131+0800: 7.089: [weak refs processing, 0.0000131 secs]2024-07-27T17:23:00.131+0800: 7.089: [class unloading, 0.0001936 secs]2024-07-27T17:23:00.131+0800: 7.089: [scrub symbol table, 0.0003475 secs]2024-07-27T17:23:00.132+0800: 7.089: [scrub string table, 0.0001011 secs][1 CMS-remark: 324240K(531868K)] 336896K(610524K), 0.0014848 secs] [Times: user=0.00 sys=0.00, real=0.00 secs] 
2024-07-27T17:23:00.132+0800: 7.089: Total time for which application threads were stopped: 0.0015850 seconds, Stopping threads took: 0.0000648 seconds
2024-07-27T17:23:00.132+0800: 7.089: [CMS-concurrent-sweep-start]
2024-07-27T17:23:00.134+0800: 7.091: [CMS-concurrent-sweep: 0.002/0.002 secs] [Times: user=0.00 sys=0.00, real=0.00 secs] 
2024-07-27T17:23:00.134+0800: 7.091: [CMS-concurrent-reset-start]
2024-07-27T17:23:00.136+0800: 7.093: [CMS-concurrent-reset: 0.002/0.002 secs] [Times: user=0.00 sys=0.00, real=0.00 secs] 
2024-07-27T17:23:00.137+0800: 7.095: Application time: 0.0054035 seconds
2024-07-27T17:23:00.137+0800: 7.095: [GC (Allocation Failure) 2024-07-27T17:23:00.137+0800: 7.095: [ParNew: 77168K->8192K(78656K), 0.0118161 secs] 248830K->248463K(610524K), 0.0118643 secs] [Times: user=0.03 sys=0.00, real=0.01 secs] 
2024-07-27T17:23:00.149+0800: 7.107: Total time for which application threads were stopped: 0.0119562 seconds, Stopping threads took: 0.0000132 seconds
2024-07-27T17:23:00.150+0800: 7.107: Application time: 0.0002409 seconds
2024-07-27T17:23:00.150+0800: 7.107: [GC (CMS Initial Mark) [1 CMS-initial-mark: 240271K(531868K)] 251902K(610524K), 0.0007266 secs] [Times: user=0.00 sys=0.00, real=0.00 secs] 
2024-07-27T17:23:00.150+0800: 7.108: Total time for which application threads were stopped: 0.0008520 seconds, Stopping threads took: 0.0000850 seconds
2024-07-27T17:23:00.150+0800: 7.108: [CMS-concurrent-mark-start]
2024-07-27T17:23:00.152+0800: 7.109: [CMS-concurrent-mark: 0.001/0.001 secs] [Times: user=0.00 sys=0.00, real=0.00 secs] 
2024-07-27T17:23:00.152+0800: 7.109: [CMS-concurrent-preclean-start]
2024-07-27T17:23:00.152+0800: 7.110: [CMS-concurrent-preclean: 0.001/0.001 secs] [Times: user=0.00 sys=0.00, real=0.00 secs] 
2024-07-27T17:23:00.152+0800: 7.110: [CMS-concurrent-abortable-preclean-start]
2024-07-27T17:23:00.268+0800: 7.225: Application time: 0.1173334 seconds
2024-07-27T17:23:00.268+0800: 7.225: [GC (Allocation Failure) 2024-07-27T17:23:00.268+0800: 7.225: [ParNew: 77168K->8202K(78656K), 0.0120198 secs] 317439K->317082K(610524K), 0.0120823 secs] [Times: user=0.02 sys=0.02, real=0.01 secs] 
2024-07-27T17:23:00.281+0800: 7.237: Total time for which application threads were stopped: 0.0122134 seconds, Stopping threads took: 0.0000233 seconds
2024-07-27T17:23:00.390+0800: 7.347: Application time: 0.1093630 seconds
2024-07-27T17:23:00.390+0800: 7.347: [GC (Allocation Failure) 2024-07-27T17:23:00.390+0800: 7.347: [ParNew: 77178K->8192K(78656K), 0.0049189 secs] 386058K->335504K(610524K), 0.0049812 secs] [Times: user=0.00 sys=0.00, real=0.00 secs] 
2024-07-27T17:23:00.395+0800: 7.352: Total time for which application threads were stopped: 0.0051054 seconds, Stopping threads took: 0.0000212 seconds
2024-07-27T17:23:00.395+0800: 7.352: [CMS-concurrent-abortable-preclean: 0.007/0.242 secs] [Times: user=0.02 sys=0.02, real=0.24 secs] 
2024-07-27T17:23:00.395+0800: 7.352: Application time: 0.0003136 seconds
2024-07-27T17:23:00.395+0800: 7.352: [GC (CMS Final Remark) [YG occupancy: 12655 K (78656 K)]2024-07-27T17:23:00.395+0800: 7.352: [Rescan (parallel) , 0.0008271 secs]2024-07-27T17:23:00.396+0800: 7.353: [weak refs processing, 0.0000128 secs]2024-07-27T17:23:00.396+0800: 7.353: [class unloading, 0.0001824 secs]2024-07-27T17:23:00.397+0800: 7.353: [scrub symbol table, 0.0003471 secs]2024-07-27T17:23:00.397+0800: 7.354: [scrub string table, 0.0001131 secs][1 CMS-remark: 327312K(531868K)] 339968K(610524K), 0.0015446 secs] [Times: user=0.02 sys=0.00, real=0.00 secs] 
2024-07-27T17:23:00.397+0800: 7.354: Total time for which application threads were stopped: 0.0017187 seconds, Stopping threads took: 0.0001340 seconds
2024-07-27T17:23:00.397+0800: 7.354: [CMS-concurrent-sweep-start]
2024-07-27T17:23:00.399+0800: 7.356: [CMS-concurrent-sweep: 0.002/0.002 secs] [Times: user=0.00 sys=0.00, real=0.00 secs] 
2024-07-27T17:23:00.399+0800: 7.356: [CMS-concurrent-reset-start]
2024-07-27T17:23:00.401+0800: 7.358: [CMS-concurrent-reset: 0.002/0.002 secs] [Times: user=0.00 sys=0.00, real=0.00 secs] 
2024-07-27T17:23:00.402+0800: 7.359: Application time: 0.0053217 seconds
2024-07-27T17:23:00.402+0800: 7.359: [GC (Allocation Failure) 2024-07-27T17:23:00.402+0800: 7.359: [ParNew: 77168K->8192K(78656K), 0.0117870 secs] 250879K->250511K(610524K), 0.0118356 secs] [Times: user=0.03 sys=0.00, real=0.01 secs] 
2024-07-27T17:23:00.414+0800: 7.371: Total time for which application threads were stopped: 0.0119271 seconds, Stopping threads took: 0.0000121 seconds
2024-07-27T17:23:00.415+0800: 7.371: Application time: 0.0002415 seconds
2024-07-27T17:23:00.415+0800: 7.371: [GC (CMS Initial Mark) [1 CMS-initial-mark: 242319K(531868K)] 253951K(610524K), 0.0007873 secs] [Times: user=0.00 sys=0.00, real=0.00 secs] 
2024-07-27T17:23:00.416+0800: 7.372: Total time for which application threads were stopped: 0.0009903 seconds, Stopping threads took: 0.0001577 seconds
2024-07-27T17:23:00.416+0800: 7.372: [CMS-concurrent-mark-start]
2024-07-27T17:23:00.417+0800: 7.373: [CMS-concurrent-mark: 0.001/0.001 secs] [Times: user=0.00 sys=0.00, real=0.00 secs] 
2024-07-27T17:23:00.417+0800: 7.373: [CMS-concurrent-preclean-start]
2024-07-27T17:23:00.417+0800: 7.374: [CMS-concurrent-preclean: 0.001/0.001 secs] [Times: user=0.00 sys=0.00, real=0.00 secs] 
2024-07-27T17:23:00.417+0800: 7.374: [CMS-concurrent-abortable-preclean-start]
2024-07-27T17:23:00.534+0800: 7.491: Application time: 0.1185811 seconds
2024-07-27T17:23:00.534+0800: 7.491: [GC (Allocation Failure) 2024-07-27T17:23:00.534+0800: 7.491: [ParNew: 77168K->8192K(78656K), 0.0115219 secs] 319488K->319120K(610524K), 0.0115812 secs] [Times: user=0.03 sys=0.00, real=0.01 secs] 
2024-07-27T17:23:00.546+0800: 7.503: Total time for which application threads were stopped: 0.0116877 seconds, Stopping threads took: 0.0000194 seconds
2024-07-27T17:23:00.657+0800: 7.614: Application time: 0.1113351 seconds
2024-07-27T17:23:00.657+0800: 7.614: [GC (Allocation Failure) 2024-07-27T17:23:00.657+0800: 7.614: [ParNew: 77168K->8192K(78656K), 0.0052795 secs] 388097K->338577K(610524K), 0.0053429 secs] [Times: user=0.03 sys=0.00, real=0.01 secs] 
2024-07-27T17:23:00.663+0800: 7.619: Total time for which application threads were stopped: 0.0054670 seconds, Stopping threads took: 0.0000194 seconds
2024-07-27T17:23:00.663+0800: 7.619: [CMS-concurrent-abortable-preclean: 0.006/0.245 secs] [Times: user=0.06 sys=0.00, real=0.25 secs] 
2024-07-27T17:23:00.663+0800: 7.620: Application time: 0.0003914 seconds
2024-07-27T17:23:00.663+0800: 7.620: [GC (CMS Final Remark) [YG occupancy: 14703 K (78656 K)]2024-07-27T17:23:00.663+0800: 7.620: [Rescan (parallel) , 0.0010081 secs]2024-07-27T17:23:00.664+0800: 7.621: [weak refs processing, 0.0000128 secs]2024-07-27T17:23:00.664+0800: 7.621: [class unloading, 0.0001804 secs]2024-07-27T17:23:00.664+0800: 7.621: [scrub symbol table, 0.0003512 secs]2024-07-27T17:23:00.665+0800: 7.621: [scrub string table, 0.0001191 secs][1 CMS-remark: 330384K(531868K)] 345088K(610524K), 0.0017348 secs] [Times: user=0.00 sys=0.00, real=0.00 secs] 
2024-07-27T17:23:00.665+0800: 7.622: Total time for which application threads were stopped: 0.0018520 seconds, Stopping threads took: 0.0000814 seconds
2024-07-27T17:23:00.665+0800: 7.622: [CMS-concurrent-sweep-start]
2024-07-27T17:23:00.667+0800: 7.623: [CMS-concurrent-sweep: 0.001/0.001 secs] [Times: user=0.00 sys=0.00, real=0.00 secs] 
2024-07-27T17:23:00.667+0800: 7.623: [CMS-concurrent-reset-start]
2024-07-27T17:23:00.669+0800: 7.626: [CMS-concurrent-reset: 0.003/0.003 secs] [Times: user=0.00 sys=0.00, real=0.00 secs] 
2024-07-27T17:23:00.670+0800: 7.627: Application time: 0.0051960 seconds
2024-07-27T17:23:00.670+0800: 7.627: [GC (Allocation Failure) 2024-07-27T17:23:00.670+0800: 7.627: [ParNew: 77168K->8192K(78656K), 0.0125104 secs] 252927K->252559K(610524K), 0.0125621 secs] [Times: user=0.03 sys=0.00, real=0.01 secs] 
2024-07-27T17:23:00.683+0800: 7.639: Total time for which application threads were stopped: 0.0126551 seconds, Stopping threads took: 0.0000128 seconds
2024-07-27T17:23:00.683+0800: 7.640: Application time: 0.0002335 seconds
2024-07-27T17:23:00.683+0800: 7.640: [GC (CMS Initial Mark) [1 CMS-initial-mark: 244367K(531868K)] 255999K(610524K), 0.0008228 secs] [Times: user=0.00 sys=0.00, real=0.00 secs] 
2024-07-27T17:23:00.684+0800: 7.641: Total time for which application threads were stopped: 0.0009896 seconds, Stopping threads took: 0.0001259 seconds
2024-07-27T17:23:00.684+0800: 7.641: [CMS-concurrent-mark-start]
2024-07-27T17:23:00.685+0800: 7.642: [CMS-concurrent-mark: 0.001/0.001 secs] [Times: user=0.00 sys=0.00, real=0.00 secs] 
2024-07-27T17:23:00.685+0800: 7.642: [CMS-concurrent-preclean-start]
2024-07-27T17:23:00.686+0800: 7.643: [CMS-concurrent-preclean: 0.001/0.001 secs] [Times: user=0.00 sys=0.00, real=0.00 secs] 
2024-07-27T17:23:00.686+0800: 7.643: [CMS-concurrent-abortable-preclean-start]
2024-07-27T17:23:00.801+0800: 7.758: Application time: 0.1178012 seconds
2024-07-27T17:23:00.802+0800: 7.759: [GC (Allocation Failure) 2024-07-27T17:23:00.802+0800: 7.759: [ParNew: 77168K->8192K(78656K), 0.0120067 secs] 321536K->321168K(610524K), 0.0120735 secs] [Times: user=0.00 sys=0.00, real=0.01 secs] 
2024-07-27T17:23:00.814+0800: 7.771: Total time for which application threads were stopped: 0.0121801 seconds, Stopping threads took: 0.0000174 seconds
2024-07-27T17:23:00.924+0800: 7.882: Application time: 0.1109363 seconds
2024-07-27T17:23:00.924+0800: 7.882: [GC (Allocation Failure) 2024-07-27T17:23:00.924+0800: 7.882: [ParNew: 77168K->8192K(78656K), 0.0050979 secs] 390145K->341649K(610524K), 0.0051546 secs] [Times: user=0.03 sys=0.00, real=0.00 secs] 
2024-07-27T17:23:00.929+0800: 7.887: Total time for which application threads were stopped: 0.0052629 seconds, Stopping threads took: 0.0000191 seconds
2024-07-27T17:23:00.929+0800: 7.887: [CMS-concurrent-abortable-preclean: 0.006/0.244 secs] [Times: user=0.05 sys=0.00, real=0.24 secs] 
2024-07-27T17:23:00.930+0800: 7.887: Application time: 0.0002518 seconds
2024-07-27T17:23:00.930+0800: 7.887: [GC (CMS Final Remark) [YG occupancy: 11631 K (78656 K)]2024-07-27T17:23:00.930+0800: 7.887: [Rescan (parallel) , 0.0008084 secs]2024-07-27T17:23:00.931+0800: 7.888: [weak refs processing, 0.0000130 secs]2024-07-27T17:23:00.931+0800: 7.888: [class unloading, 0.0001691 secs]2024-07-27T17:23:00.931+0800: 7.888: [scrub symbol table, 0.0003137 secs]2024-07-27T17:23:00.931+0800: 7.889: [scrub string table, 0.0000928 secs][1 CMS-remark: 333456K(531868K)] 345088K(610524K), 0.0014581 secs] [Times: user=0.00 sys=0.00, real=0.00 secs] 
2024-07-27T17:23:00.931+0800: 7.889: Total time for which application threads were stopped: 0.0015591 seconds, Stopping threads took: 0.0000649 seconds
2024-07-27T17:23:00.931+0800: 7.889: [CMS-concurrent-sweep-start]
2024-07-27T17:23:00.933+0800: 7.890: [CMS-concurrent-sweep: 0.002/0.002 secs] [Times: user=0.00 sys=0.00, real=0.00 secs] 
2024-07-27T17:23:00.933+0800: 7.891: [CMS-concurrent-reset-start]
2024-07-27T17:23:00.935+0800: 7.893: [CMS-concurrent-reset: 0.002/0.002 secs] [Times: user=0.00 sys=0.00, real=0.00 secs] 
2024-07-27T17:23:00.937+0800: 7.894: Application time: 0.0053752 seconds
2024-07-27T17:23:00.937+0800: 7.894: [GC (Allocation Failure) 2024-07-27T17:23:00.937+0800: 7.894: [ParNew: 77168K->8192K(78656K), 0.0122003 secs] 254975K->254607K(610524K), 0.0122501 secs] [Times: user=0.03 sys=0.00, real=0.01 secs] 
2024-07-27T17:23:00.949+0800: 7.906: Total time for which application threads were stopped: 0.0123445 seconds, Stopping threads took: 0.0000131 seconds
2024-07-27T17:23:00.949+0800: 7.907: Application time: 0.0002466 seconds
2024-07-27T17:23:00.949+0800: 7.907: [GC (CMS Initial Mark) [1 CMS-initial-mark: 246415K(531868K)] 258047K(610524K), 0.0007979 secs] [Times: user=0.00 sys=0.00, real=0.00 secs] 
2024-07-27T17:23:00.950+0800: 7.908: Total time for which application threads were stopped: 0.0009834 seconds, Stopping threads took: 0.0001396 seconds
2024-07-27T17:23:00.950+0800: 7.908: [CMS-concurrent-mark-start]
2024-07-27T17:23:00.951+0800: 7.909: [CMS-concurrent-mark: 0.001/0.001 secs] [Times: user=0.00 sys=0.00, real=0.00 secs] 
2024-07-27T17:23:00.951+0800: 7.909: [CMS-concurrent-preclean-start]
2024-07-27T17:23:00.952+0800: 7.909: [CMS-concurrent-preclean: 0.001/0.001 secs] [Times: user=0.00 sys=0.00, real=0.00 secs] 
2024-07-27T17:23:00.952+0800: 7.909: [CMS-concurrent-abortable-preclean-start]
2024-07-27T17:23:01.068+0800: 8.025: Application time: 0.1176678 seconds
2024-07-27T17:23:01.068+0800: 8.025: [GC (Allocation Failure) 2024-07-27T17:23:01.068+0800: 8.025: [ParNew: 77168K->8192K(78656K), 0.0117151 secs] 323584K->323216K(610524K), 0.0117751 secs] [Times: user=0.00 sys=0.00, real=0.01 secs] 
2024-07-27T17:23:01.080+0800: 8.037: Total time for which application threads were stopped: 0.0119062 seconds, Stopping threads took: 0.0000194 seconds
2024-07-27T17:23:01.192+0800: 8.149: Application time: 0.1122348 seconds
2024-07-27T17:23:01.192+0800: 8.150: [GC (Allocation Failure) 2024-07-27T17:23:01.193+0800: 8.150: [ParNew: 77168K->8192K(78656K), 0.0067205 secs] 392193K->344721K(610524K), 0.0068117 secs] [Times: user=0.00 sys=0.00, real=0.01 secs] 
2024-07-27T17:23:01.200+0800: 8.156: Total time for which application threads were stopped: 0.0069601 seconds, Stopping threads took: 0.0000251 seconds
2024-07-27T17:23:01.200+0800: 8.156: [CMS-concurrent-abortable-preclean: 0.006/0.247 secs] [Times: user=0.05 sys=0.00, real=0.25 secs] 
2024-07-27T17:23:01.200+0800: 8.157: Application time: 0.0001984 seconds
2024-07-27T17:23:01.200+0800: 8.157: [GC (CMS Final Remark) [YG occupancy: 11631 K (78656 K)]2024-07-27T17:23:01.200+0800: 8.157: [Rescan (parallel) , 0.0005989 secs]2024-07-27T17:23:01.200+0800: 8.157: [weak refs processing, 0.0000160 secs]2024-07-27T17:23:01.200+0800: 8.157: [class unloading, 0.0002963 secs]2024-07-27T17:23:01.201+0800: 8.158: [scrub symbol table, 0.0004899 secs]2024-07-27T17:23:01.201+0800: 8.158: [scrub string table, 0.0001662 secs][1 CMS-remark: 336528K(531868K)] 348160K(610524K), 0.0016498 secs] [Times: user=0.00 sys=0.00, real=0.00 secs] 
2024-07-27T17:23:01.201+0800: 8.158: Total time for which application threads were stopped: 0.0017756 seconds, Stopping threads took: 0.0000744 seconds
2024-07-27T17:23:01.201+0800: 8.159: [CMS-concurrent-sweep-start]
2024-07-27T17:23:01.203+0800: 8.160: [CMS-concurrent-sweep: 0.002/0.002 secs] [Times: user=0.00 sys=0.00, real=0.00 secs] 
2024-07-27T17:23:01.203+0800: 8.160: [CMS-concurrent-reset-start]
2024-07-27T17:23:01.206+0800: 8.163: [CMS-concurrent-reset: 0.003/0.003 secs] [Times: user=0.00 sys=0.00, real=0.00 secs] 
2024-07-27T17:23:01.209+0800: 8.166: Application time: 0.0081183 seconds
2024-07-27T17:23:01.209+0800: 8.167: [GC (Allocation Failure) 2024-07-27T17:23:01.209+0800: 8.167: [ParNew: 77168K->8192K(78656K), 0.0121840 secs] 257023K->256655K(610524K), 0.0122443 secs] [Times: user=0.00 sys=0.00, real=0.01 secs] 
2024-07-27T17:23:01.222+0800: 8.179: Total time for which application threads were stopped: 0.0123683 seconds, Stopping threads took: 0.0000232 seconds
2024-07-27T17:23:01.222+0800: 8.179: Application time: 0.0001229 seconds
2024-07-27T17:23:01.222+0800: 8.179: [GC (CMS Initial Mark) [1 CMS-initial-mark: 248463K(531868K)] 260095K(610524K), 0.0022938 secs] [Times: user=0.00 sys=0.00, real=0.00 secs] 
2024-07-27T17:23:01.224+0800: 8.181: Total time for which application threads were stopped: 0.0024644 seconds, Stopping threads took: 0.0001152 seconds
2024-07-27T17:23:01.224+0800: 8.182: [CMS-concurrent-mark-start]
2024-07-27T17:23:01.225+0800: 8.183: [CMS-concurrent-mark: 0.001/0.001 secs] [Times: user=0.00 sys=0.00, real=0.00 secs] 
2024-07-27T17:23:01.225+0800: 8.183: [CMS-concurrent-preclean-start]
2024-07-27T17:23:01.226+0800: 8.183: [CMS-concurrent-preclean: 0.001/0.001 secs] [Times: user=0.00 sys=0.00, real=0.00 secs] 
2024-07-27T17:23:01.226+0800: 8.183: [CMS-concurrent-abortable-preclean-start]
2024-07-27T17:23:01.335+0800: 8.292: Application time: 0.1105920 seconds
2024-07-27T17:23:01.335+0800: 8.292: [GC (Allocation Failure) 2024-07-27T17:23:01.335+0800: 8.292: [ParNew: 77168K->8192K(78656K), 0.0224751 secs] 325632K->325264K(610524K), 0.0225431 secs] [Times: user=0.00 sys=0.00, real=0.02 secs] 
2024-07-27T17:23:01.358+0800: 8.315: Total time for which application threads were stopped: 0.0226517 seconds, Stopping threads took: 0.0000193 seconds
2024-07-27T17:23:01.475+0800: 8.432: Application time: 0.1177109 seconds
2024-07-27T17:23:01.475+0800: 8.432: [GC (Allocation Failure) 2024-07-27T17:23:01.475+0800: 8.433: [ParNew: 77168K->8192K(78656K), 0.0065324 secs] 394241K->347793K(610524K), 0.0065965 secs] [Times: user=0.00 sys=0.00, real=0.01 secs] 
2024-07-27T17:23:01.482+0800: 8.439: Total time for which application threads were stopped: 0.0067046 seconds, Stopping threads took: 0.0000196 seconds
2024-07-27T17:23:01.482+0800: 8.439: [CMS-concurrent-abortable-preclean: 0.006/0.256 secs] [Times: user=0.02 sys=0.00, real=0.26 secs] 
2024-07-27T17:23:01.482+0800: 8.439: Application time: 0.0003076 seconds
2024-07-27T17:23:01.482+0800: 8.440: [GC (CMS Final Remark) [YG occupancy: 12655 K (78656 K)]2024-07-27T17:23:01.482+0800: 8.440: [Rescan (parallel) , 0.0009350 secs]2024-07-27T17:23:01.483+0800: 8.440: [weak refs processing, 0.0000130 secs]2024-07-27T17:23:01.483+0800: 8.441: [class unloading, 0.0001913 secs]2024-07-27T17:23:01.483+0800: 8.441: [scrub symbol table, 0.0003711 secs]2024-07-27T17:23:01.484+0800: 8.441: [scrub string table, 0.0001162 secs][1 CMS-remark: 339601K(531868K)] 352256K(610524K), 0.0016909 secs] [Times: user=0.00 sys=0.00, real=0.00 secs] 
2024-07-27T17:23:01.484+0800: 8.441: Total time for which application threads were stopped: 0.0018000 seconds, Stopping threads took: 0.0000716 seconds
2024-07-27T17:23:01.484+0800: 8.441: [CMS-concurrent-sweep-start]
2024-07-27T17:23:01.485+0800: 8.443: [CMS-concurrent-sweep: 0.001/0.001 secs] [Times: user=0.00 sys=0.00, real=0.00 secs] 
2024-07-27T17:23:01.485+0800: 8.443: [CMS-concurrent-reset-start]
2024-07-27T17:23:01.489+0800: 8.446: [CMS-concurrent-reset: 0.003/0.003 secs] [Times: user=0.03 sys=0.00, real=0.00 secs] 
2024-07-27T17:23:01.490+0800: 8.447: Application time: 0.0059550 seconds
2024-07-27T17:23:01.490+0800: 8.447: [GC (Allocation Failure) 2024-07-27T17:23:01.490+0800: 8.447: [ParNew: 77168K->8192K(78656K), 0.0137238 secs] 259071K->258703K(610524K), 0.0137760 secs] [Times: user=0.00 sys=0.00, real=0.01 secs] 
2024-07-27T17:23:01.504+0800: 8.461: Total time for which application threads were stopped: 0.0138774 seconds, Stopping threads took: 0.0000171 seconds
2024-07-27T17:23:01.504+0800: 8.461: Application time: 0.0001233 seconds
2024-07-27T17:23:01.504+0800: 8.461: [GC (CMS Initial Mark) [1 CMS-initial-mark: 250511K(531868K)] 262143K(610524K), 0.0005390 secs] [Times: user=0.00 sys=0.00, real=0.00 secs] 
2024-07-27T17:23:01.505+0800: 8.462: Total time for which application threads were stopped: 0.0007095 seconds, Stopping threads took: 0.0001159 seconds
2024-07-27T17:23:01.505+0800: 8.462: [CMS-concurrent-mark-start]
2024-07-27T17:23:01.506+0800: 8.463: [CMS-concurrent-mark: 0.001/0.001 secs] [Times: user=0.00 sys=0.00, real=0.00 secs] 
2024-07-27T17:23:01.506+0800: 8.463: [CMS-concurrent-preclean-start]
2024-07-27T17:23:01.507+0800: 8.464: [CMS-concurrent-preclean: 0.001/0.001 secs] [Times: user=0.00 sys=0.00, real=0.00 secs] 
2024-07-27T17:23:01.507+0800: 8.464: [CMS-concurrent-abortable-preclean-start]
2024-07-27T17:23:01.621+0800: 8.578: Application time: 0.1163329 seconds
2024-07-27T17:23:01.621+0800: 8.578: [GC (Allocation Failure) 2024-07-27T17:23:01.621+0800: 8.578: [ParNew: 77168K->8192K(78656K), 0.0161360 secs] 327680K->327312K(610524K), 0.0162415 secs] [Times: user=0.03 sys=0.00, real=0.02 secs] 
2024-07-27T17:23:01.637+0800: 8.595: Total time for which application threads were stopped: 0.0164266 seconds, Stopping threads took: 0.0000208 seconds
2024-07-27T17:23:01.747+0800: 8.704: Application time: 0.1093893 seconds
2024-07-27T17:23:01.747+0800: 8.704: [GC (Allocation Failure) 2024-07-27T17:23:01.747+0800: 8.704: [ParNew: 77543K->8194K(78656K), 0.0073873 secs] 396664K->349843K(610524K), 0.0074621 secs] [Times: user=0.00 sys=0.00, real=0.01 secs] 
2024-07-27T17:23:01.754+0800: 8.712: Total time for which application threads were stopped: 0.0076006 seconds, Stopping threads took: 0.0000244 seconds
2024-07-27T17:23:01.754+0800: 8.712: [CMS-concurrent-abortable-preclean: 0.006/0.248 secs] [Times: user=0.03 sys=0.00, real=0.25 secs] 
2024-07-27T17:23:01.755+0800: 8.712: Application time: 0.0001504 seconds
2024-07-27T17:23:01.755+0800: 8.712: [GC (CMS Final Remark) [YG occupancy: 11623 K (78656 K)]2024-07-27T17:23:01.755+0800: 8.712: [Rescan (parallel) , 0.0004111 secs]2024-07-27T17:23:01.755+0800: 8.712: [weak refs processing, 0.0000134 secs]2024-07-27T17:23:01.755+0800: 8.712: [class unloading, 0.0002475 secs]2024-07-27T17:23:01.755+0800: 8.713: [scrub symbol table, 0.0003869 secs]2024-07-27T17:23:01.756+0800: 8.713: [scrub string table, 0.0001007 secs][1 CMS-remark: 341649K(531868K)] 353272K(610524K), 0.0012324 secs] [Times: user=0.00 sys=0.00, real=0.00 secs] 
2024-07-27T17:23:01.756+0800: 8.713: Total time for which application threads were stopped: 0.0013901 seconds, Stopping threads took: 0.0001161 seconds
2024-07-27T17:23:01.756+0800: 8.713: [CMS-concurrent-sweep-start]
2024-07-27T17:23:01.757+0800: 8.715: [CMS-concurrent-sweep: 0.001/0.001 secs] [Times: user=0.00 sys=0.00, real=0.00 secs] 
2024-07-27T17:23:01.757+0800: 8.715: [CMS-concurrent-reset-start]
2024-07-27T17:23:01.761+0800: 8.718: [CMS-concurrent-reset: 0.003/0.003 secs] [Times: user=0.00 sys=0.00, real=0.00 secs] 
2024-07-27T17:23:01.764+0800: 8.721: Application time: 0.0075322 seconds
2024-07-27T17:23:01.764+0800: 8.721: [GC (Allocation Failure) 2024-07-27T17:23:01.764+0800: 8.721: [ParNew: 77160K->8192K(78656K), 0.0154821 secs] 260087K->259727K(610524K), 0.0155378 secs] [Times: user=0.03 sys=0.00, real=0.02 secs] 
2024-07-27T17:23:01.779+0800: 8.736: Total time for which application threads were stopped: 0.0156570 seconds, Stopping threads took: 0.0000227 seconds
2024-07-27T17:23:01.779+0800: 8.737: Application time: 0.0001038 seconds
2024-07-27T17:23:01.779+0800: 8.737: [GC (CMS Initial Mark) [1 CMS-initial-mark: 251535K(531868K)] 260751K(610524K), 0.0001963 secs] [Times: user=0.00 sys=0.00, real=0.00 secs] 
2024-07-27T17:23:01.780+0800: 8.737: Total time for which application threads were stopped: 0.0002917 seconds, Stopping threads took: 0.0000408 seconds
2024-07-27T17:23:01.780+0800: 8.737: [CMS-concurrent-mark-start]
2024-07-27T17:23:01.781+0800: 8.738: [CMS-concurrent-mark: 0.001/0.001 secs] [Times: user=0.00 sys=0.00, real=0.00 secs] 
2024-07-27T17:23:01.781+0800: 8.738: [CMS-concurrent-preclean-start]
2024-07-27T17:23:01.781+0800: 8.739: [CMS-concurrent-preclean: 0.001/0.001 secs] [Times: user=0.00 sys=0.00, real=0.00 secs] 
2024-07-27T17:23:01.781+0800: 8.739: [CMS-concurrent-abortable-preclean-start]
2024-07-27T17:23:01.890+0800: 8.848: Application time: 0.1107935 seconds
2024-07-27T17:23:01.890+0800: 8.848: [GC (Allocation Failure) 2024-07-27T17:23:01.890+0800: 8.848: [ParNew: 77162K->8192K(78656K), 0.0119548 secs] 328698K->328336K(610524K), 0.0120108 secs] [Times: user=0.03 sys=0.00, real=0.01 secs] 
2024-07-27T17:23:01.902+0800: 8.860: Total time for which application threads were stopped: 0.0121177 seconds, Stopping threads took: 0.0000181 seconds
2024-07-27T17:23:02.013+0800: 8.970: Application time: 0.1103567 seconds
2024-07-27T17:23:02.013+0800: 8.970: [GC (Allocation Failure) 2024-07-27T17:23:02.013+0800: 8.970: [ParNew: 77164K->8192K(78656K), 0.0056749 secs] 397309K->351889K(610524K), 0.0057344 secs] [Times: user=0.00 sys=0.00, real=0.01 secs] 
2024-07-27T17:23:02.019+0800: 8.976: Total time for which application threads were stopped: 0.0058490 seconds, Stopping threads took: 0.0000185 seconds
2024-07-27T17:23:02.019+0800: 8.976: [CMS-concurrent-abortable-preclean: 0.007/0.237 secs] [Times: user=0.03 sys=0.00, real=0.24 secs] 
2024-07-27T17:23:02.019+0800: 8.976: Application time: 0.0003069 seconds
2024-07-27T17:23:02.019+0800: 8.976: [GC (CMS Final Remark) [YG occupancy: 12653 K (78656 K)]2024-07-27T17:23:02.019+0800: 8.976: [Rescan (parallel) , 0.0010135 secs]2024-07-27T17:23:02.020+0800: 8.977: [weak refs processing, 0.0000131 secs]2024-07-27T17:23:02.020+0800: 8.977: [class unloading, 0.0002033 secs]2024-07-27T17:23:02.020+0800: 8.978: [scrub symbol table, 0.0003499 secs]2024-07-27T17:23:02.021+0800: 8.978: [scrub string table, 0.0001007 secs][1 CMS-remark: 343697K(531868K)] 356350K(610524K), 0.0017544 secs] [Times: user=0.11 sys=0.00, real=0.00 secs] 
2024-07-27T17:23:02.021+0800: 8.978: Total time for which application threads were stopped: 0.0019059 seconds, Stopping threads took: 0.0001137 seconds
2024-07-27T17:23:02.021+0800: 8.978: [CMS-concurrent-sweep-start]
2024-07-27T17:23:02.022+0800: 8.980: [CMS-concurrent-sweep: 0.001/0.001 secs] [Times: user=0.00 sys=0.00, real=0.00 secs] 
2024-07-27T17:23:02.023+0800: 8.980: [CMS-concurrent-reset-start]
2024-07-27T17:23:02.025+0800: 8.982: [CMS-concurrent-reset: 0.002/0.002 secs] [Times: user=0.00 sys=0.00, real=0.00 secs] 
2024-07-27T17:23:02.026+0800: 8.984: Application time: 0.0054148 seconds
2024-07-27T17:23:02.026+0800: 8.984: [GC (Allocation Failure) 2024-07-27T17:23:02.026+0800: 8.984: [ParNew: 77166K->8192K(78656K), 0.0123686 secs] 261116K->260751K(610524K), 0.0124187 secs] [Times: user=0.03 sys=0.00, real=0.01 secs] 
2024-07-27T17:23:02.039+0800: 8.996: Total time for which application threads were stopped: 0.0125142 seconds, Stopping threads took: 0.0000136 seconds
2024-07-27T17:23:02.039+0800: 8.996: Application time: 0.0002335 seconds
2024-07-27T17:23:02.039+0800: 8.996: [GC (CMS Initial Mark) [1 CMS-initial-mark: 252559K(531868K)] 264189K(610524K), 0.0008653 secs] [Times: user=0.00 sys=0.00, real=0.00 secs] 
2024-07-27T17:23:02.040+0800: 8.997: Total time for which application threads were stopped: 0.0010273 seconds, Stopping threads took: 0.0001208 seconds
2024-07-27T17:23:02.040+0800: 8.997: [CMS-concurrent-mark-start]
2024-07-27T17:23:02.041+0800: 8.998: [CMS-concurrent-mark: 0.001/0.001 secs] [Times: user=0.00 sys=0.00, real=0.00 secs] 
2024-07-27T17:23:02.041+0800: 8.998: [CMS-concurrent-preclean-start]
2024-07-27T17:23:02.042+0800: 8.999: [CMS-concurrent-preclean: 0.001/0.001 secs] [Times: user=0.00 sys=0.00, real=0.00 secs] 
2024-07-27T17:23:02.042+0800: 8.999: [CMS-concurrent-abortable-preclean-start]
2024-07-27T17:23:02.156+0800: 9.113: Application time: 0.1156269 seconds
2024-07-27T17:23:02.156+0800: 9.113: [GC (Allocation Failure) 2024-07-27T17:23:02.156+0800: 9.113: [ParNew: 77167K->8192K(78656K), 0.0119980 secs] 329726K->329360K(610524K), 0.0120566 secs] [Times: user=0.03 sys=0.00, real=0.01 secs] 
2024-07-27T17:23:02.168+0800: 9.125: Total time for which application threads were stopped: 0.0121808 seconds, Stopping threads took: 0.0000188 seconds
2024-07-27T17:23:02.280+0800: 9.238: Application time: 0.1123362 seconds
2024-07-27T17:23:02.280+0800: 9.238: [GC (Allocation Failure) 2024-07-27T17:23:02.280+0800: 9.238: [ParNew: 77167K->8192K(78656K), 0.0060668 secs] 398336K->353937K(610524K), 0.0061373 secs] [Times: user=0.03 sys=0.00, real=0.01 secs] 
2024-07-27T17:23:02.287+0800: 9.244: Total time for which application threads were stopped: 0.0062439 seconds, Stopping threads took: 0.0000198 seconds
2024-07-27T17:23:02.287+0800: 9.244: [CMS-concurrent-abortable-preclean: 0.007/0.245 secs] [Times: user=0.06 sys=0.00, real=0.24 secs] 
2024-07-27T17:23:02.287+0800: 9.244: Application time: 0.0003310 seconds
2024-07-27T17:23:02.287+0800: 9.244: [GC (CMS Final Remark) [YG occupancy: 12655 K (78656 K)]2024-07-27T17:23:02.287+0800: 9.244: [Rescan (parallel) , 0.0009081 secs]2024-07-27T17:23:02.288+0800: 9.245: [weak refs processing, 0.0000131 secs]2024-07-27T17:23:02.288+0800: 9.245: [class unloading, 0.0001863 secs]2024-07-27T17:23:02.288+0800: 9.245: [scrub symbol table, 0.0003513 secs]2024-07-27T17:23:02.289+0800: 9.246: [scrub string table, 0.0001132 secs][1 CMS-remark: 345745K(531868K)] 358400K(610524K), 0.0016377 secs] [Times: user=0.00 sys=0.00, real=0.00 secs] 
2024-07-27T17:23:02.289+0800: 9.246: Total time for which application threads were stopped: 0.0017413 seconds, Stopping threads took: 0.0000681 seconds
2024-07-27T17:23:02.289+0800: 9.246: [CMS-concurrent-sweep-start]
2024-07-27T17:23:02.290+0800: 9.248: [CMS-concurrent-sweep: 0.002/0.002 secs] [Times: user=0.00 sys=0.00, real=0.00 secs] 
2024-07-27T17:23:02.290+0800: 9.248: [CMS-concurrent-reset-start]
2024-07-27T17:23:02.293+0800: 9.250: [CMS-concurrent-reset: 0.002/0.002 secs] [Times: user=0.00 sys=0.00, real=0.00 secs] 
2024-07-27T17:23:02.294+0800: 9.251: Application time: 0.0054719 seconds
2024-07-27T17:23:02.294+0800: 9.251: [GC (Allocation Failure) 2024-07-27T17:23:02.294+0800: 9.251: [ParNew: 77168K->8192K(78656K), 0.0121235 secs] 263166K->262799K(610524K), 0.0121743 secs] [Times: user=0.03 sys=0.00, real=0.01 secs] 
2024-07-27T17:23:02.306+0800: 9.264: Total time for which application threads were stopped: 0.0122779 seconds, Stopping threads took: 0.0000135 seconds
2024-07-27T17:23:02.307+0800: 9.264: Application time: 0.0002145 seconds
2024-07-27T17:23:02.307+0800: 9.264: [GC (CMS Initial Mark) [1 CMS-initial-mark: 254607K(531868K)] 265215K(610524K), 0.0008385 secs] [Times: user=0.00 sys=0.00, real=0.00 secs] 
2024-07-27T17:23:02.308+0800: 9.265: Total time for which application threads were stopped: 0.0008932 seconds, Stopping threads took: 0.0000157 seconds
2024-07-27T17:23:02.308+0800: 9.265: [CMS-concurrent-mark-start]
2024-07-27T17:23:02.308+0800: 9.266: [CMS-concurrent-mark: 0.001/0.001 secs] [Times: user=0.00 sys=0.00, real=0.00 secs] 
2024-07-27T17:23:02.309+0800: 9.266: [CMS-concurrent-preclean-start]
2024-07-27T17:23:02.309+0800: 9.266: [CMS-concurrent-preclean: 0.001/0.001 secs] [Times: user=0.00 sys=0.00, real=0.00 secs] 
2024-07-27T17:23:02.309+0800: 9.266: [CMS-concurrent-abortable-preclean-start]
2024-07-27T17:23:02.424+0800: 9.382: Application time: 0.1173383 seconds
2024-07-27T17:23:02.425+0800: 9.382: [GC (Allocation Failure) 2024-07-27T17:23:02.425+0800: 9.382: [ParNew: 77168K->8192K(78656K), 0.0122714 secs] 331776K->331408K(610524K), 0.0123316 secs] [Times: user=0.03 sys=0.00, real=0.01 secs] 
2024-07-27T17:23:02.437+0800: 9.395: Total time for which application threads were stopped: 0.0124586 seconds, Stopping threads took: 0.0000230 seconds
2024-07-27T17:23:02.547+0800: 9.505: Application time: 0.1105063 seconds
2024-07-27T17:23:02.548+0800: 9.505: [GC (Allocation Failure) 2024-07-27T17:23:02.548+0800: 9.505: [ParNew: 77171K->8192K(78656K), 0.0058120 secs] 400387K->357009K(610524K), 0.0058729 secs] [Times: user=0.03 sys=0.00, real=0.00 secs] 
2024-07-27T17:23:02.553+0800: 9.511: Total time for which application threads were stopped: 0.0059886 seconds, Stopping threads took: 0.0000194 seconds
2024-07-27T17:23:02.554+0800: 9.511: [CMS-concurrent-abortable-preclean: 0.006/0.245 secs] [Times: user=0.06 sys=0.00, real=0.24 secs] 
2024-07-27T17:23:02.554+0800: 9.511: Application time: 0.0003112 seconds
2024-07-27T17:23:02.554+0800: 9.511: [GC (CMS Final Remark) [YG occupancy: 13674 K (78656 K)]2024-07-27T17:23:02.554+0800: 9.511: [Rescan (parallel) , 0.0006958 secs]2024-07-27T17:23:02.555+0800: 9.512: [weak refs processing, 0.0000130 secs]2024-07-27T17:23:02.555+0800: 9.512: [class unloading, 0.0002061 secs]2024-07-27T17:23:02.555+0800: 9.512: [scrub symbol table, 0.0003063 secs]2024-07-27T17:23:02.555+0800: 9.513: [scrub string table, 0.0000916 secs][1 CMS-remark: 348817K(531868K)] 362491K(610524K), 0.0013764 secs] [Times: user=0.00 sys=0.00, real=0.00 secs] 
2024-07-27T17:23:02.555+0800: 9.513: Total time for which application threads were stopped: 0.0015532 seconds, Stopping threads took: 0.0001402 seconds
2024-07-27T17:23:02.556+0800: 9.513: [CMS-concurrent-sweep-start]
2024-07-27T17:23:02.557+0800: 9.515: [CMS-concurrent-sweep: 0.002/0.002 secs] [Times: user=0.00 sys=0.00, real=0.00 secs] 
2024-07-27T17:23:02.557+0800: 9.515: [CMS-concurrent-reset-start]
2024-07-27T17:23:02.561+0800: 9.517: [CMS-concurrent-reset: 0.003/0.003 secs] [Times: user=0.00 sys=0.00, real=0.00 secs] 
2024-07-27T17:23:02.671+0800: 9.627: Application time: 0.1143923 seconds
2024-07-27T17:23:02.671+0800: 9.627: [GC (Allocation Failure) 2024-07-27T17:23:02.671+0800: 9.627: [ParNew: 77162K->8192K(78656K), 0.0143718 secs] 265209K->264847K(610524K), 0.0144352 secs] [Times: user=0.03 sys=0.00, real=0.01 secs] 
2024-07-27T17:23:02.685+0800: 9.642: Total time for which application threads were stopped: 0.0145509 seconds, Stopping threads took: 0.0000198 seconds
2024-07-27T17:23:02.685+0800: 9.642: Application time: 0.0001555 seconds
2024-07-27T17:23:02.685+0800: 9.642: [GC (CMS Initial Mark) [1 CMS-initial-mark: 256655K(531868K)] 268283K(610524K), 0.0007441 secs] [Times: user=0.00 sys=0.00, real=0.00 secs] 
2024-07-27T17:23:02.686+0800: 9.643: Total time for which application threads were stopped: 0.0008796 seconds, Stopping threads took: 0.0000860 seconds
2024-07-27T17:23:02.686+0800: 9.643: [CMS-concurrent-mark-start]
2024-07-27T17:23:02.689+0800: 9.646: [CMS-concurrent-mark: 0.004/0.004 secs] [Times: user=0.00 sys=0.00, real=0.00 secs] 
2024-07-27T17:23:02.689+0800: 9.647: [CMS-concurrent-preclean-start]
2024-07-27T17:23:02.691+0800: 9.648: [CMS-concurrent-preclean: 0.002/0.002 secs] [Times: user=0.00 sys=0.00, real=0.00 secs] 
2024-07-27T17:23:02.691+0800: 9.648: Application time: 0.0052318 seconds
2024-07-27T17:23:02.691+0800: 9.648: [GC (Allocation Failure) 2024-07-27T17:23:02.691+0800: 9.648: [ParNew: 77165K->8192K(78656K), 0.0125949 secs] 333820K->333457K(610524K), 0.0126613 secs] [Times: user=0.13 sys=0.00, real=0.01 secs] 
2024-07-27T17:23:02.704+0800: 9.661: Total time for which application threads were stopped: 0.0127571 seconds, Stopping threads took: 0.0000131 seconds
2024-07-27T17:23:02.704+0800: 9.661: Application time: 0.0002957 seconds
2024-07-27T17:23:02.704+0800: 9.661: [GC (CMS Final Remark) [YG occupancy: 12653 K (78656 K)]2024-07-27T17:23:02.704+0800: 9.661: [Rescan (parallel) , 0.0007685 secs]2024-07-27T17:23:02.705+0800: 9.662: [weak refs processing, 0.0000134 secs]2024-07-27T17:23:02.705+0800: 9.662: [class unloading, 0.0001783 secs]2024-07-27T17:23:02.705+0800: 9.662: [scrub symbol table, 0.0003092 secs]2024-07-27T17:23:02.705+0800: 9.663: [scrub string table, 0.0000935 secs][1 CMS-remark: 325264K(531868K)] 337918K(610524K), 0.0014259 secs] [Times: user=0.00 sys=0.00, real=0.00 secs] 
2024-07-27T17:23:02.705+0800: 9.663: Total time for which application threads were stopped: 0.0015307 seconds, Stopping threads took: 0.0000686 seconds
2024-07-27T17:23:02.706+0800: 9.663: [CMS-concurrent-sweep-start]
2024-07-27T17:23:02.707+0800: 9.665: [CMS-concurrent-sweep: 0.002/0.002 secs] [Times: user=0.00 sys=0.00, real=0.00 secs] 
2024-07-27T17:23:02.707+0800: 9.665: [CMS-concurrent-reset-start]
2024-07-27T17:23:02.709+0800: 9.666: [CMS-concurrent-reset: 0.001/0.001 secs] [Times: user=0.03 sys=0.00, real=0.00 secs] 
2024-07-27T17:23:02.814+0800: 9.771: Application time: 0.1087704 seconds
2024-07-27T17:23:02.814+0800: 9.772: [GC (Allocation Failure) 2024-07-27T17:23:02.814+0800: 9.772: [ParNew: 77166K->8192K(78656K), 0.0059046 secs] 240636K->198286K(610524K), 0.0059648 secs] [Times: user=0.03 sys=0.00, real=0.01 secs] 
2024-07-27T17:23:02.820+0800: 9.778: Total time for which application threads were stopped: 0.0060901 seconds, Stopping threads took: 0.0000188 seconds
2024-07-27T17:23:02.940+0800: 9.897: Application time: 0.1194417 seconds
2024-07-27T17:23:02.940+0800: 9.897: [GC (Allocation Failure) 2024-07-27T17:23:02.940+0800: 9.897: [ParNew: 77167K->8192K(78656K), 0.0121535 secs] 267262K->266896K(610524K), 0.0122226 secs] [Times: user=0.03 sys=0.00, real=0.01 secs] 
2024-07-27T17:23:02.952+0800: 9.909: Total time for which application threads were stopped: 0.0123425 seconds, Stopping threads took: 0.0000199 seconds
2024-07-27T17:23:02.957+0800: 9.914: Application time: 0.0044939 seconds
2024-07-27T17:23:02.957+0800: 9.914: [GC (Allocation Failure) 2024-07-27T17:23:02.957+0800: 9.914: [ParNew: 77167K->8192K(78656K), 0.0118702 secs] 335871K->335505K(610524K), 0.0119210 secs] [Times: user=0.13 sys=0.00, real=0.01 secs] 
2024-07-27T17:23:02.969+0800: 9.926: Total time for which application threads were stopped: 0.0120171 seconds, Stopping threads took: 0.0000143 seconds
2024-07-27T17:23:02.969+0800: 9.926: Application time: 0.0002467 seconds
2024-07-27T17:23:02.969+0800: 9.926: [GC (CMS Initial Mark) [1 CMS-initial-mark: 327312K(531868K)] 338944K(610524K), 0.0008380 secs] [Times: user=0.00 sys=0.00, real=0.00 secs] 
2024-07-27T17:23:02.970+0800: 9.927: Total time for which application threads were stopped: 0.0009524 seconds, Stopping threads took: 0.0000738 seconds
2024-07-27T17:23:02.970+0800: 9.927: [CMS-concurrent-mark-start]
2024-07-27T17:23:02.973+0800: 9.930: [CMS-concurrent-mark: 0.003/0.003 secs] [Times: user=0.00 sys=0.00, real=0.00 secs] 
2024-07-27T17:23:02.973+0800: 9.930: [CMS-concurrent-preclean-start]
2024-07-27T17:23:02.974+0800: 9.931: [CMS-concurrent-preclean: 0.001/0.001 secs] [Times: user=0.02 sys=0.00, real=0.00 secs] 
2024-07-27T17:23:02.974+0800: 9.931: [CMS-concurrent-abortable-preclean-start]
2024-07-27T17:23:03.086+0800: 10.042: Application time: 0.1154227 seconds
2024-07-27T17:23:03.086+0800: 10.043: [GC (Allocation Failure) 2024-07-27T17:23:03.086+0800: 10.043: [ParNew: 77168K->8192K(78656K), 0.0060605 secs] 404481K->363153K(610524K), 0.0061214 secs] [Times: user=0.00 sys=0.00, real=0.01 secs] 
2024-07-27T17:23:03.092+0800: 10.049: Total time for which application threads were stopped: 0.0062439 seconds, Stopping threads took: 0.0000196 seconds
2024-07-27T17:23:03.210+0800: 10.167: Application time: 0.1184924 seconds
2024-07-27T17:23:03.211+0800: 10.167: [GC (Allocation Failure) 2024-07-27T17:23:03.211+0800: 10.167: [ParNew: 77168K->8192K(78656K), 0.0123785 secs] 432129K->431762K(610524K), 0.0124501 secs] [Times: user=0.00 sys=0.00, real=0.01 secs] 
2024-07-27T17:23:03.222+0800: 10.180: Total time for which application threads were stopped: 0.0125976 seconds, Stopping threads took: 0.0000301 seconds
2024-07-27T17:23:03.223+0800: 10.180: [CMS-concurrent-abortable-preclean: 0.005/0.249 secs] [Times: user=0.00 sys=0.00, real=0.25 secs] 
2024-07-27T17:23:03.223+0800: 10.180: Application time: 0.0003199 seconds
2024-07-27T17:23:03.223+0800: 10.180: [GC (CMS Final Remark) [YG occupancy: 12655 K (78656 K)]2024-07-27T17:23:03.223+0800: 10.180: [Rescan (parallel) , 0.0008303 secs]2024-07-27T17:23:03.224+0800: 10.181: [weak refs processing, 0.0000135 secs]2024-07-27T17:23:03.224+0800: 10.181: [class unloading, 0.0001934 secs]2024-07-27T17:23:03.224+0800: 10.181: [scrub symbol table, 0.0003440 secs]2024-07-27T17:23:03.224+0800: 10.182: [scrub string table, 0.0001116 secs][1 CMS-remark: 423570K(531868K)] 436225K(610524K), 0.0015557 secs] [Times: user=0.00 sys=0.00, real=0.00 secs] 
2024-07-27T17:23:03.224+0800: 10.182: Total time for which application threads were stopped: 0.0017186 seconds, Stopping threads took: 0.0001277 seconds
2024-07-27T17:23:03.225+0800: 10.182: [CMS-concurrent-sweep-start]
2024-07-27T17:23:03.226+0800: 10.184: [CMS-concurrent-sweep: 0.001/0.001 secs] [Times: user=0.00 sys=0.00, real=0.00 secs] 
2024-07-27T17:23:03.226+0800: 10.184: [CMS-concurrent-reset-start]
2024-07-27T17:23:03.229+0800: 10.186: [CMS-concurrent-reset: 0.002/0.002 secs] [Times: user=0.00 sys=0.00, real=0.00 secs] 
2024-07-27T17:23:03.230+0800: 10.187: Application time: 0.0055506 seconds
2024-07-27T17:23:03.230+0800: 10.187: [GC (Allocation Failure) 2024-07-27T17:23:03.230+0800: 10.187: [ParNew: 77168K->8192K(78656K), 0.0122807 secs] 337920K->337553K(610524K), 0.0123294 secs] [Times: user=0.03 sys=0.00, real=0.01 secs] 
2024-07-27T17:23:03.242+0800: 10.200: Total time for which application threads were stopped: 0.0124274 seconds, Stopping threads took: 0.0000129 seconds
2024-07-27T17:23:03.244+0800: 10.201: Application time: 0.0014052 seconds
2024-07-27T17:23:03.244+0800: 10.201: [GC (CMS Initial Mark) [1 CMS-initial-mark: 329360K(531868K)] 360448K(610524K), 0.0007906 secs] [Times: user=0.00 sys=0.00, real=0.00 secs] 
2024-07-27T17:23:03.245+0800: 10.202: Total time for which application threads were stopped: 0.0009029 seconds, Stopping threads took: 0.0000717 seconds
2024-07-27T17:23:03.245+0800: 10.202: [CMS-concurrent-mark-start]
2024-07-27T17:23:03.246+0800: 10.204: [CMS-concurrent-mark: 0.002/0.002 secs] [Times: user=0.00 sys=0.00, real=0.00 secs] 
2024-07-27T17:23:03.246+0800: 10.204: [CMS-concurrent-preclean-start]
2024-07-27T17:23:03.247+0800: 10.205: [CMS-concurrent-preclean: 0.001/0.001 secs] [Times: user=0.00 sys=0.00, real=0.00 secs] 
2024-07-27T17:23:03.247+0800: 10.205: [CMS-concurrent-abortable-preclean-start]
2024-07-27T17:23:03.355+0800: 10.312: Application time: 0.1094236 seconds
2024-07-27T17:23:03.355+0800: 10.312: [GC (Allocation Failure) 2024-07-27T17:23:03.355+0800: 10.312: [ParNew: 77168K->8192K(78656K), 0.0062666 secs] 406529K->366225K(610524K), 0.0063260 secs] [Times: user=0.00 sys=0.00, real=0.01 secs] 
2024-07-27T17:23:03.361+0800: 10.318: Total time for which application threads were stopped: 0.0064342 seconds, Stopping threads took: 0.0000199 seconds
2024-07-27T17:23:03.479+0800: 10.436: Application time: 0.1184563 seconds
2024-07-27T17:23:03.479+0800: 10.437: [GC (Allocation Failure) 2024-07-27T17:23:03.480+0800: 10.437: [ParNew: 77168K->8192K(78656K), 0.0120155 secs] 435202K->434834K(610524K), 0.0121192 secs] [Times: user=0.03 sys=0.00, real=0.01 secs] 
2024-07-27T17:23:03.492+0800: 10.449: Total time for which application threads were stopped: 0.0122415 seconds, Stopping threads took: 0.0000241 seconds
2024-07-27T17:23:03.492+0800: 10.449: [CMS-concurrent-abortable-preclean: 0.005/0.244 secs] [Times: user=0.05 sys=0.00, real=0.25 secs] 
2024-07-27T17:23:03.492+0800: 10.449: Application time: 0.0003113 seconds
2024-07-27T17:23:03.492+0800: 10.449: [GC (CMS Final Remark) [YG occupancy: 12655 K (78656 K)]2024-07-27T17:23:03.492+0800: 10.449: [Rescan (parallel) , 0.0007835 secs]2024-07-27T17:23:03.493+0800: 10.450: [weak refs processing, 0.0000131 secs]2024-07-27T17:23:03.493+0800: 10.450: [class unloading, 0.0001987 secs]2024-07-27T17:23:03.493+0800: 10.450: [scrub symbol table, 0.0003439 secs]2024-07-27T17:23:03.493+0800: 10.451: [scrub string table, 0.0001017 secs][1 CMS-remark: 426642K(531868K)] 439298K(610524K), 0.0015038 secs] [Times: user=0.00 sys=0.00, real=0.00 secs] 
2024-07-27T17:23:03.493+0800: 10.451: Total time for which application threads were stopped: 0.0016898 seconds, Stopping threads took: 0.0001503 seconds
2024-07-27T17:23:03.494+0800: 10.451: [CMS-concurrent-sweep-start]
2024-07-27T17:23:03.495+0800: 10.453: [CMS-concurrent-sweep: 0.002/0.002 secs] [Times: user=0.00 sys=0.00, real=0.00 secs] 
2024-07-27T17:23:03.495+0800: 10.453: [CMS-concurrent-reset-start]
2024-07-27T17:23:03.498+0800: 10.455: [CMS-concurrent-reset: 0.003/0.003 secs] [Times: user=0.00 sys=0.00, real=0.00 secs] 
2024-07-27T17:23:03.499+0800: 10.456: Application time: 0.0056220 seconds
2024-07-27T17:23:03.499+0800: 10.456: [GC (Allocation Failure) 2024-07-27T17:23:03.499+0800: 10.456: [ParNew: 77168K->8192K(78656K), 0.0127278 secs] 175102K->174734K(610524K), 0.0127854 secs] [Times: user=0.03 sys=0.00, real=0.01 secs] 
2024-07-27T17:23:03.512+0800: 10.469: Total time for which application threads were stopped: 0.0128829 seconds, Stopping threads took: 0.0000156 seconds
2024-07-27T17:23:03.512+0800: 10.469: Application time: 0.0002440 seconds
2024-07-27T17:23:03.512+0800: 10.470: [GC (CMS Initial Mark) [1 CMS-initial-mark: 166542K(531868K)] 178174K(610524K), 0.0007272 secs] [Times: user=0.00 sys=0.00, real=0.00 secs] 
2024-07-27T17:23:03.513+0800: 10.470: Total time for which application threads were stopped: 0.0008449 seconds, Stopping threads took: 0.0000759 seconds
2024-07-27T17:23:03.513+0800: 10.470: [CMS-concurrent-mark-start]
2024-07-27T17:23:03.515+0800: 10.473: [CMS-concurrent-mark: 0.002/0.002 secs] [Times: user=0.00 sys=0.00, real=0.00 secs] 
2024-07-27T17:23:03.515+0800: 10.473: [CMS-concurrent-preclean-start]
2024-07-27T17:23:03.516+0800: 10.473: [CMS-concurrent-preclean: 0.001/0.001 secs] [Times: user=0.00 sys=0.00, real=0.00 secs] 
2024-07-27T17:23:03.516+0800: 10.473: [CMS-concurrent-abortable-preclean-start]
2024-07-27T17:23:03.624+0800: 10.581: Application time: 0.1103517 seconds
2024-07-27T17:23:03.624+0800: 10.581: [GC (Allocation Failure) 2024-07-27T17:23:03.624+0800: 10.581: [ParNew: 77168K->8192K(78656K), 0.0063530 secs] 243711K->204431K(610524K), 0.0064125 secs] [Times: user=0.03 sys=0.00, real=0.01 secs] 
2024-07-27T17:23:03.630+0800: 10.587: Total time for which application threads were stopped: 0.0065303 seconds, Stopping threads took: 0.0000189 seconds
2024-07-27T17:23:03.748+0800: 10.704: Application time: 0.1172431 seconds
2024-07-27T17:23:03.748+0800: 10.705: [GC (Allocation Failure) 2024-07-27T17:23:03.748+0800: 10.705: [ParNew: 77168K->8192K(78656K), 0.0121292 secs] 273407K->273040K(610524K), 0.0121900 secs] [Times: user=0.03 sys=0.00, real=0.01 secs] 
2024-07-27T17:23:03.760+0800: 10.717: Total time for which application threads were stopped: 0.0123064 seconds, Stopping threads took: 0.0000208 seconds
2024-07-27T17:23:03.765+0800: 10.722: Application time: 0.0049686 seconds
2024-07-27T17:23:03.765+0800: 10.722: [GC (Allocation Failure) 2024-07-27T17:23:03.765+0800: 10.722: [ParNew: 77168K->8192K(78656K), 0.0122774 secs] 342016K->341649K(610524K), 0.0123293 secs] [Times: user=0.03 sys=0.00, real=0.01 secs] 
2024-07-27T17:23:03.777+0800: 10.734: Total time for which application threads were stopped: 0.0124348 seconds, Stopping threads took: 0.0000155 seconds
2024-07-27T17:23:03.777+0800: 10.734: [CMS-concurrent-abortable-preclean: 0.006/0.261 secs] [Times: user=0.09 sys=0.00, real=0.26 secs] 
2024-07-27T17:23:03.778+0800: 10.735: Application time: 0.0003045 seconds
2024-07-27T17:23:03.778+0800: 10.735: [GC (CMS Final Remark) [YG occupancy: 12655 K (78656 K)]2024-07-27T17:23:03.778+0800: 10.735: [Rescan (parallel) , 0.0008394 secs]2024-07-27T17:23:03.779+0800: 10.736: [weak refs processing, 0.0000243 secs]2024-07-27T17:23:03.779+0800: 10.736: [class unloading, 0.0001835 secs]2024-07-27T17:23:03.779+0800: 10.736: [scrub symbol table, 0.0003204 secs]2024-07-27T17:23:03.779+0800: 10.736: [scrub string table, 0.0000912 secs][1 CMS-remark: 333457K(531868K)] 346112K(610524K), 0.0015246 secs] [Times: user=0.00 sys=0.00, real=0.00 secs] 
2024-07-27T17:23:03.779+0800: 10.736: Total time for which application threads were stopped: 0.0017103 seconds, Stopping threads took: 0.0001500 seconds
2024-07-27T17:23:03.780+0800: 10.736: [CMS-concurrent-sweep-start]
2024-07-27T17:23:03.781+0800: 10.738: [CMS-concurrent-sweep: 0.001/0.001 secs] [Times: user=0.00 sys=0.00, real=0.00 secs] 
2024-07-27T17:23:03.781+0800: 10.738: [CMS-concurrent-reset-start]
2024-07-27T17:23:03.783+0800: 10.739: [CMS-concurrent-reset: 0.001/0.001 secs] [Times: user=0.00 sys=0.00, real=0.00 secs] 
2024-07-27T17:23:03.892+0800: 10.849: Application time: 0.1128107 seconds
2024-07-27T17:23:03.892+0800: 10.849: [GC (Allocation Failure) 2024-07-27T17:23:03.892+0800: 10.849: [ParNew: 77168K->8192K(78656K), 0.0159272 secs] 410625K->372369K(634420K), 0.0159871 secs] [Times: user=0.03 sys=0.00, real=0.02 secs] 
2024-07-27T17:23:03.908+0800: 10.865: Total time for which application threads were stopped: 0.0160972 seconds, Stopping threads took: 0.0000195 seconds
2024-07-27T17:23:03.909+0800: 10.865: Application time: 0.0002704 seconds
2024-07-27T17:23:03.909+0800: 10.866: [GC (CMS Initial Mark) [1 CMS-initial-mark: 364177K(555764K)] 375809K(634420K), 0.0007558 secs] [Times: user=0.00 sys=0.00, real=0.00 secs] 
2024-07-27T17:23:03.910+0800: 10.866: Total time for which application threads were stopped: 0.0008872 seconds, Stopping threads took: 0.0000757 seconds
2024-07-27T17:23:03.910+0800: 10.866: [CMS-concurrent-mark-start]
2024-07-27T17:23:03.914+0800: 10.871: [CMS-concurrent-mark: 0.004/0.004 secs] [Times: user=0.05 sys=0.00, real=0.00 secs] 
2024-07-27T17:23:03.914+0800: 10.871: [CMS-concurrent-preclean-start]
2024-07-27T17:23:03.915+0800: 10.872: [CMS-concurrent-preclean: 0.001/0.001 secs] [Times: user=0.00 sys=0.00, real=0.00 secs] 
2024-07-27T17:23:03.915+0800: 10.872: [CMS-concurrent-abortable-preclean-start]
2024-07-27T17:23:04.015+0800: 10.972: Application time: 0.1052790 seconds
2024-07-27T17:23:04.015+0800: 10.972: [GC (Allocation Failure) 2024-07-27T17:23:04.015+0800: 10.972: [ParNew: 77168K->8192K(78656K), 0.0121205 secs] 441346K->440978K(634420K), 0.0121827 secs] [Times: user=0.03 sys=0.00, real=0.01 secs] 
2024-07-27T17:23:04.027+0800: 10.984: Total time for which application threads were stopped: 0.0122959 seconds, Stopping threads took: 0.0000213 seconds
2024-07-27T17:23:04.031+0800: 10.988: Application time: 0.0045508 seconds
2024-07-27T17:23:04.031+0800: 10.988: [GC (Allocation Failure) 2024-07-27T17:23:04.031+0800: 10.988: [ParNew: 77168K->8192K(78656K), 0.0118773 secs] 509955K->509587K(634420K), 0.0119419 secs] [Times: user=0.03 sys=0.00, real=0.01 secs] 
2024-07-27T17:23:04.043+0800: 11.000: Total time for which application threads were stopped: 0.0120400 seconds, Stopping threads took: 0.0000153 seconds
2024-07-27T17:23:04.160+0800: 11.117: Application time: 0.1163448 seconds
2024-07-27T17:23:04.160+0800: 11.117: [GC (Allocation Failure) 2024-07-27T17:23:04.160+0800: 11.117: [ParNew: 77168K->8192K(78656K), 0.0070752 secs] 578564K->541332K(634420K), 0.0071361 secs] [Times: user=0.05 sys=0.00, real=0.01 secs] 
2024-07-27T17:23:04.167+0800: 11.124: Total time for which application threads were stopped: 0.0072435 seconds, Stopping threads took: 0.0000197 seconds
2024-07-27T17:23:04.167+0800: 11.124: [CMS-concurrent-abortable-preclean: 0.006/0.252 secs] [Times: user=0.11 sys=0.00, real=0.25 secs] 
2024-07-27T17:23:04.167+0800: 11.124: Application time: 0.0003352 seconds
2024-07-27T17:23:04.167+0800: 11.124: [GC (CMS Final Remark) [YG occupancy: 13679 K (78656 K)]2024-07-27T17:23:04.167+0800: 11.125: [Rescan (parallel) , 0.0009980 secs]2024-07-27T17:23:04.168+0800: 11.126: [weak refs processing, 0.0000129 secs]2024-07-27T17:23:04.168+0800: 11.126: [class unloading, 0.0002068 secs]2024-07-27T17:23:04.169+0800: 11.126: [scrub symbol table, 0.0003423 secs]2024-07-27T17:23:04.169+0800: 11.126: [scrub string table, 0.0001010 secs][1 CMS-remark: 533140K(555764K)] 546819K(634420K), 0.0017242 secs] [Times: user=0.00 sys=0.00, real=0.00 secs] 
2024-07-27T17:23:04.169+0800: 11.126: Total time for which application threads were stopped: 0.0018396 seconds, Stopping threads took: 0.0000800 seconds
2024-07-27T17:23:04.169+0800: 11.126: [CMS-concurrent-sweep-start]
2024-07-27T17:23:04.171+0800: 11.128: [CMS-concurrent-sweep: 0.002/0.002 secs] [Times: user=0.00 sys=0.00, real=0.00 secs] 
2024-07-27T17:23:04.171+0800: 11.128: [CMS-concurrent-reset-start]
2024-07-27T17:23:04.174+0800: 11.131: [CMS-concurrent-reset: 0.002/0.002 secs] [Times: user=0.00 sys=0.00, real=0.00 secs] 
2024-07-27T17:23:04.284+0800: 11.241: Application time: 0.1148935 seconds
2024-07-27T17:23:04.285+0800: 11.241: [GC (Allocation Failure) 2024-07-27T17:23:04.285+0800: 11.241: [ParNew: 77168K->8192K(78656K), 0.0117469 secs] 277503K->277136K(634420K), 0.0118091 secs] [Times: user=0.03 sys=0.00, real=0.01 secs] 
2024-07-27T17:23:04.296+0800: 11.253: Total time for which application threads were stopped: 0.0119241 seconds, Stopping threads took: 0.0000249 seconds
2024-07-27T17:23:04.297+0800: 11.253: Application time: 0.0001256 seconds
2024-07-27T17:23:04.297+0800: 11.253: [GC (CMS Initial Mark) [1 CMS-initial-mark: 268944K(555764K)] 280575K(634420K), 0.0007860 secs] [Times: user=0.00 sys=0.00, real=0.00 secs] 
2024-07-27T17:23:04.297+0800: 11.254: Total time for which application threads were stopped: 0.0009145 seconds, Stopping threads took: 0.0000881 seconds
2024-07-27T17:23:04.298+0800: 11.254: [CMS-concurrent-mark-start]
2024-07-27T17:23:04.301+0800: 11.258: [CMS-concurrent-mark: 0.004/0.004 secs] [Times: user=0.00 sys=0.00, real=0.00 secs] 
2024-07-27T17:23:04.301+0800: 11.258: [CMS-concurrent-preclean-start]
2024-07-27T17:23:04.303+0800: 11.260: [CMS-concurrent-preclean: 0.001/0.001 secs] [Times: user=0.00 sys=0.00, real=0.00 secs] 
2024-07-27T17:23:04.303+0800: 11.260: Application time: 0.0054567 seconds
2024-07-27T17:23:04.303+0800: 11.260: [GC (Allocation Failure) 2024-07-27T17:23:04.303+0800: 11.260: [ParNew: 77168K->8192K(78656K), 0.0117422 secs] 346112K->345745K(634420K), 0.0118122 secs] [Times: user=0.00 sys=0.00, real=0.01 secs] 
2024-07-27T17:23:04.315+0800: 11.271: Total time for which application threads were stopped: 0.0119266 seconds, Stopping threads took: 0.0000145 seconds
2024-07-27T17:23:04.315+0800: 11.272: Application time: 0.0001986 seconds
2024-07-27T17:23:04.315+0800: 11.272: [GC (CMS Final Remark) [YG occupancy: 11631 K (78656 K)]2024-07-27T17:23:04.315+0800: 11.272: [Rescan (parallel) , 0.0010099 secs]2024-07-27T17:23:04.316+0800: 11.273: [weak refs processing, 0.0000130 secs]2024-07-27T17:23:04.316+0800: 11.273: [class unloading, 0.0002012 secs]2024-07-27T17:23:04.316+0800: 11.273: [scrub symbol table, 0.0003472 secs]2024-07-27T17:23:04.317+0800: 11.273: [scrub string table, 0.0001015 secs][1 CMS-remark: 337553K(555764K)] 349184K(634420K), 0.0017369 secs] [Times: user=0.02 sys=0.00, real=0.00 secs] 
2024-07-27T17:23:04.317+0800: 11.274: Total time for which application threads were stopped: 0.0018882 seconds, Stopping threads took: 0.0001144 seconds
2024-07-27T17:23:04.317+0800: 11.274: [CMS-concurrent-sweep-start]
2024-07-27T17:23:04.319+0800: 11.275: [CMS-concurrent-sweep: 0.002/0.002 secs] [Times: user=0.00 sys=0.00, real=0.00 secs] 
2024-07-27T17:23:04.319+0800: 11.275: [CMS-concurrent-reset-start]
2024-07-27T17:23:04.320+0800: 11.277: [CMS-concurrent-reset: 0.001/0.001 secs] [Times: user=0.00 sys=0.00, real=0.00 secs] 
2024-07-27T17:23:04.425+0800: 11.382: Application time: 0.1084652 seconds
2024-07-27T17:23:04.425+0800: 11.382: [GC (Allocation Failure) 2024-07-27T17:23:04.425+0800: 11.382: [ParNew: 77168K->8192K(78656K), 0.0069781 secs] 246783K->210575K(634420K), 0.0070379 secs] [Times: user=0.03 sys=0.00, real=0.01 secs] 
2024-07-27T17:23:04.432+0800: 11.389: Total time for which application threads were stopped: 0.0071464 seconds, Stopping threads took: 0.0000192 seconds
2024-07-27T17:23:04.550+0800: 11.506: Application time: 0.1171938 seconds
2024-07-27T17:23:04.550+0800: 11.506: [GC (Allocation Failure) 2024-07-27T17:23:04.550+0800: 11.506: [ParNew: 77168K->8192K(78656K), 0.0122215 secs] 279551K->279184K(634420K), 0.0122836 secs] [Times: user=0.03 sys=0.00, real=0.01 secs] 
2024-07-27T17:23:04.562+0800: 11.519: Total time for which application threads were stopped: 0.0123963 seconds, Stopping threads took: 0.0000208 seconds
2024-07-27T17:23:04.566+0800: 11.523: Application time: 0.0044294 seconds
2024-07-27T17:23:04.566+0800: 11.523: [GC (Allocation Failure) 2024-07-27T17:23:04.566+0800: 11.523: [ParNew: 77168K->8192K(78656K), 0.0122833 secs] 348160K->347793K(634420K), 0.0123320 secs] [Times: user=0.02 sys=0.00, real=0.01 secs] 
2024-07-27T17:23:04.579+0800: 11.536: Total time for which application threads were stopped: 0.0124573 seconds, Stopping threads took: 0.0000147 seconds
2024-07-27T17:23:04.579+0800: 11.536: Application time: 0.0002187 seconds
2024-07-27T17:23:04.579+0800: 11.536: [GC (CMS Initial Mark) [1 CMS-initial-mark: 339601K(555764K)] 351232K(634420K), 0.0007497 secs] [Times: user=0.00 sys=0.00, real=0.00 secs] 
2024-07-27T17:23:04.580+0800: 11.537: Total time for which application threads were stopped: 0.0009465 seconds, Stopping threads took: 0.0001549 seconds
2024-07-27T17:23:04.580+0800: 11.537: [CMS-concurrent-mark-start]
2024-07-27T17:23:04.583+0800: 11.540: [CMS-concurrent-mark: 0.003/0.003 secs] [Times: user=0.03 sys=0.00, real=0.00 secs] 
2024-07-27T17:23:04.583+0800: 11.540: [CMS-concurrent-preclean-start]
2024-07-27T17:23:04.584+0800: 11.541: [CMS-concurrent-preclean: 0.001/0.001 secs] [Times: user=0.00 sys=0.00, real=0.00 secs] 
2024-07-27T17:23:04.584+0800: 11.541: [CMS-concurrent-abortable-preclean-start]
2024-07-27T17:23:04.694+0800: 11.651: Application time: 0.1138438 seconds
2024-07-27T17:23:04.694+0800: 11.651: [GC (Allocation Failure) 2024-07-27T17:23:04.694+0800: 11.651: [ParNew: 77168K->8192K(78656K), 0.0074018 secs] 416769K->381585K(634420K), 0.0074614 secs] [Times: user=0.00 sys=0.00, real=0.01 secs] 
2024-07-27T17:23:04.701+0800: 11.658: Total time for which application threads were stopped: 0.0075693 seconds, Stopping threads took: 0.0000195 seconds
2024-07-27T17:23:04.820+0800: 11.776: Application time: 0.1182063 seconds
2024-07-27T17:23:04.820+0800: 11.777: [GC (Allocation Failure) 2024-07-27T17:23:04.820+0800: 11.777: [ParNew: 77168K->8192K(78656K), 0.0126643 secs] 450562K->450194K(634420K), 0.0127316 secs] [Times: user=0.00 sys=0.00, real=0.01 secs] 
2024-07-27T17:23:04.832+0800: 11.789: Total time for which application threads were stopped: 0.0128631 seconds, Stopping threads took: 0.0000242 seconds
2024-07-27T17:23:04.833+0800: 11.789: [CMS-concurrent-abortable-preclean: 0.005/0.249 secs] [Times: user=0.05 sys=0.00, real=0.25 secs] 
2024-07-27T17:23:04.833+0800: 11.790: Application time: 0.0003893 seconds
2024-07-27T17:23:04.833+0800: 11.790: [GC (CMS Final Remark) [YG occupancy: 14703 K (78656 K)]2024-07-27T17:23:04.833+0800: 11.790: [Rescan (parallel) , 0.0006233 secs]2024-07-27T17:23:04.834+0800: 11.791: [weak refs processing, 0.0000129 secs]2024-07-27T17:23:04.834+0800: 11.791: [class unloading, 0.0001993 secs]2024-07-27T17:23:04.834+0800: 11.791: [scrub symbol table, 0.0003253 secs]2024-07-27T17:23:04.834+0800: 11.791: [scrub string table, 0.0000922 secs][1 CMS-remark: 442002K(555764K)] 456706K(634420K), 0.0013219 secs] [Times: user=0.00 sys=0.00, real=0.00 secs] 
2024-07-27T17:23:04.834+0800: 11.791: Total time for which application threads were stopped: 0.0015242 seconds, Stopping threads took: 0.0001522 seconds
2024-07-27T17:23:04.835+0800: 11.792: [CMS-concurrent-sweep-start]
2024-07-27T17:23:04.836+0800: 11.793: [CMS-concurrent-sweep: 0.001/0.001 secs] [Times: user=0.00 sys=0.00, real=0.00 secs] 
2024-07-27T17:23:04.836+0800: 11.793: [CMS-concurrent-reset-start]
2024-07-27T17:23:04.838+0800: 11.795: [CMS-concurrent-reset: 0.003/0.003 secs] [Times: user=0.00 sys=0.00, real=0.00 secs] 
2024-07-27T17:23:04.840+0800: 11.797: Application time: 0.0054256 seconds
2024-07-27T17:23:04.840+0800: 11.797: [GC (Allocation Failure) 2024-07-27T17:23:04.840+0800: 11.797: [ParNew: 77168K->8192K(78656K), 0.0121400 secs] 350208K->349841K(634420K), 0.0121873 secs] [Times: user=0.03 sys=0.00, real=0.01 secs] 
2024-07-27T17:23:04.852+0800: 11.809: Total time for which application threads were stopped: 0.0122837 seconds, Stopping threads took: 0.0000144 seconds
2024-07-27T17:23:04.852+0800: 11.809: Application time: 0.0002248 seconds
2024-07-27T17:23:04.852+0800: 11.809: [GC (CMS Initial Mark) [1 CMS-initial-mark: 341649K(555764K)] 353280K(634420K), 0.0007576 secs] [Times: user=0.00 sys=0.00, real=0.00 secs] 
2024-07-27T17:23:04.853+0800: 11.810: Total time for which application threads were stopped: 0.0008743 seconds, Stopping threads took: 0.0000750 seconds
2024-07-27T17:23:04.853+0800: 11.810: [CMS-concurrent-mark-start]
2024-07-27T17:23:04.855+0800: 11.812: [CMS-concurrent-mark: 0.002/0.002 secs] [Times: user=0.00 sys=0.00, real=0.00 secs] 
2024-07-27T17:23:04.855+0800: 11.812: [CMS-concurrent-preclean-start]
2024-07-27T17:23:04.856+0800: 11.813: [CMS-concurrent-preclean: 0.001/0.001 secs] [Times: user=0.00 sys=0.00, real=0.00 secs] 
2024-07-27T17:23:04.856+0800: 11.813: [CMS-concurrent-abortable-preclean-start]
2024-07-27T17:23:04.964+0800: 11.921: Application time: 0.1110196 seconds
2024-07-27T17:23:04.964+0800: 11.921: [GC (Allocation Failure) 2024-07-27T17:23:04.964+0800: 11.921: [ParNew: 77168K->8192K(78656K), 0.0071935 secs] 418817K->384657K(634420K), 0.0072571 secs] [Times: user=0.00 sys=0.00, real=0.01 secs] 
2024-07-27T17:23:04.971+0800: 11.928: Total time for which application threads were stopped: 0.0073660 seconds, Stopping threads took: 0.0000201 seconds
2024-07-27T17:23:05.089+0800: 12.046: Application time: 0.1174728 seconds
2024-07-27T17:23:05.089+0800: 12.046: [GC (Allocation Failure) 2024-07-27T17:23:05.089+0800: 12.046: [ParNew: 77168K->8192K(78656K), 0.0119145 secs] 453634K->453266K(634420K), 0.0119739 secs] [Times: user=0.03 sys=0.00, real=0.01 secs] 
2024-07-27T17:23:05.101+0800: 12.058: Total time for which application threads were stopped: 0.0120813 seconds, Stopping threads took: 0.0000198 seconds
2024-07-27T17:23:05.101+0800: 12.058: [CMS-concurrent-abortable-preclean: 0.006/0.245 secs] [Times: user=0.06 sys=0.00, real=0.25 secs] 
2024-07-27T17:23:05.101+0800: 12.058: Application time: 0.0003543 seconds
2024-07-27T17:23:05.101+0800: 12.059: [GC (CMS Final Remark) [YG occupancy: 13679 K (78656 K)]2024-07-27T17:23:05.102+0800: 12.059: [Rescan (parallel) , 0.0010679 secs]2024-07-27T17:23:05.103+0800: 12.060: [weak refs processing, 0.0000131 secs]2024-07-27T17:23:05.103+0800: 12.060: [class unloading, 0.0001983 secs]2024-07-27T17:23:05.103+0800: 12.060: [scrub symbol table, 0.0003460 secs]2024-07-27T17:23:05.103+0800: 12.060: [scrub string table, 0.0001126 secs][1 CMS-remark: 445074K(555764K)] 458754K(634420K), 0.0018041 secs] [Times: user=0.00 sys=0.00, real=0.00 secs] 
2024-07-27T17:23:05.103+0800: 12.060: Total time for which application threads were stopped: 0.0019961 seconds, Stopping threads took: 0.0001546 seconds
2024-07-27T17:23:05.104+0800: 12.061: [CMS-concurrent-sweep-start]
2024-07-27T17:23:05.105+0800: 12.062: [CMS-concurrent-sweep: 0.001/0.001 secs] [Times: user=0.00 sys=0.00, real=0.00 secs] 
2024-07-27T17:23:05.105+0800: 12.062: [CMS-concurrent-reset-start]
2024-07-27T17:23:05.107+0800: 12.064: [CMS-concurrent-reset: 0.002/0.002 secs] [Times: user=0.00 sys=0.00, real=0.00 secs] 
2024-07-27T17:23:05.109+0800: 12.066: Application time: 0.0053555 seconds
2024-07-27T17:23:05.109+0800: 12.066: [GC (Allocation Failure) 2024-07-27T17:23:05.109+0800: 12.066: [ParNew: 77168K->8192K(78656K), 0.0118563 secs] 352256K->351889K(634420K), 0.0119042 secs] [Times: user=0.03 sys=0.00, real=0.01 secs] 
2024-07-27T17:23:05.121+0800: 12.078: Total time for which application threads were stopped: 0.0120025 seconds, Stopping threads took: 0.0000127 seconds
2024-07-27T17:23:05.121+0800: 12.078: Application time: 0.0002202 seconds
2024-07-27T17:23:05.121+0800: 12.078: [GC (CMS Initial Mark) [1 CMS-initial-mark: 343697K(555764K)] 355328K(634420K), 0.0007671 secs] [Times: user=0.00 sys=0.00, real=0.00 secs] 
2024-07-27T17:23:05.122+0800: 12.079: Total time for which application threads were stopped: 0.0009630 seconds, Stopping threads took: 0.0001549 seconds
2024-07-27T17:23:05.122+0800: 12.079: [CMS-concurrent-mark-start]
2024-07-27T17:23:05.124+0800: 12.081: [CMS-concurrent-mark: 0.002/0.002 secs] [Times: user=0.00 sys=0.00, real=0.00 secs] 
2024-07-27T17:23:05.124+0800: 12.081: [CMS-concurrent-preclean-start]
2024-07-27T17:23:05.125+0800: 12.082: [CMS-concurrent-preclean: 0.001/0.001 secs] [Times: user=0.00 sys=0.00, real=0.00 secs] 
2024-07-27T17:23:05.125+0800: 12.082: [CMS-concurrent-abortable-preclean-start]
2024-07-27T17:23:05.232+0800: 12.189: Application time: 0.1099078 seconds
2024-07-27T17:23:05.232+0800: 12.189: [GC (Allocation Failure) 2024-07-27T17:23:05.232+0800: 12.189: [ParNew: 77168K->8192K(78656K), 0.0076442 secs] 420865K->387729K(634420K), 0.0077051 secs] [Times: user=0.00 sys=0.00, real=0.01 secs] 
2024-07-27T17:23:05.240+0800: 12.197: Total time for which application threads were stopped: 0.0078128 seconds, Stopping threads took: 0.0000199 seconds
2024-07-27T17:23:05.357+0800: 12.314: Application time: 0.1172620 seconds
2024-07-27T17:23:05.357+0800: 12.314: [GC (Allocation Failure) 2024-07-27T17:23:05.357+0800: 12.314: [ParNew: 77168K->8192K(78656K), 0.0117991 secs] 456706K->456338K(634420K), 0.0118794 secs] [Times: user=0.03 sys=0.00, real=0.01 secs] 
2024-07-27T17:23:05.369+0800: 12.326: Total time for which application threads were stopped: 0.0119920 seconds, Stopping threads took: 0.0000198 seconds
2024-07-27T17:23:05.369+0800: 12.326: [CMS-concurrent-abortable-preclean: 0.006/0.244 secs] [Times: user=0.03 sys=0.00, real=0.24 secs] 
2024-07-27T17:23:05.370+0800: 12.326: Application time: 0.0003781 seconds
2024-07-27T17:23:05.370+0800: 12.326: [GC (CMS Final Remark) [YG occupancy: 13679 K (78656 K)]2024-07-27T17:23:05.370+0800: 12.326: [Rescan (parallel) , 0.0010249 secs]2024-07-27T17:23:05.371+0800: 12.328: [weak refs processing, 0.0000128 secs]2024-07-27T17:23:05.371+0800: 12.328: [class unloading, 0.0002016 secs]2024-07-27T17:23:05.371+0800: 12.328: [scrub symbol table, 0.0003458 secs]2024-07-27T17:23:05.371+0800: 12.328: [scrub string table, 0.0001018 secs][1 CMS-remark: 448146K(555764K)] 461826K(634420K), 0.0017501 secs] [Times: user=0.00 sys=0.00, real=0.00 secs] 
2024-07-27T17:23:05.371+0800: 12.328: Total time for which application threads were stopped: 0.0019022 seconds, Stopping threads took: 0.0001163 seconds
2024-07-27T17:23:05.372+0800: 12.328: [CMS-concurrent-sweep-start]
2024-07-27T17:23:05.373+0800: 12.329: [CMS-concurrent-sweep: 0.001/0.001 secs] [Times: user=0.00 sys=0.00, real=0.00 secs] 
2024-07-27T17:23:05.373+0800: 12.330: [CMS-concurrent-reset-start]
2024-07-27T17:23:05.375+0800: 12.332: [CMS-concurrent-reset: 0.002/0.002 secs] [Times: user=0.00 sys=0.00, real=0.00 secs] 
2024-07-27T17:23:05.377+0800: 12.334: Application time: 0.0053751 seconds
2024-07-27T17:23:05.377+0800: 12.334: [GC (Allocation Failure) 2024-07-27T17:23:05.377+0800: 12.334: [ParNew: 77168K->8192K(78656K), 0.0118937 secs] 354304K->353937K(634420K), 0.0119410 secs] [Times: user=0.03 sys=0.00, real=0.01 secs] 
2024-07-27T17:23:05.389+0800: 12.346: Total time for which application threads were stopped: 0.0120342 seconds, Stopping threads took: 0.0000125 seconds
2024-07-27T17:23:05.389+0800: 12.346: Application time: 0.0002354 seconds
2024-07-27T17:23:05.389+0800: 12.346: [GC (CMS Initial Mark) [1 CMS-initial-mark: 345745K(555764K)] 357376K(634420K), 0.0005357 secs] [Times: user=0.00 sys=0.00, real=0.00 secs] 
2024-07-27T17:23:05.390+0800: 12.347: Total time for which application threads were stopped: 0.0007210 seconds, Stopping threads took: 0.0001427 seconds
2024-07-27T17:23:05.390+0800: 12.347: [CMS-concurrent-mark-start]
2024-07-27T17:23:05.392+0800: 12.349: [CMS-concurrent-mark: 0.002/0.002 secs] [Times: user=0.00 sys=0.00, real=0.00 secs] 
2024-07-27T17:23:05.392+0800: 12.349: [CMS-concurrent-preclean-start]
2024-07-27T17:23:05.393+0800: 12.350: [CMS-concurrent-preclean: 0.001/0.001 secs] [Times: user=0.00 sys=0.00, real=0.00 secs] 
2024-07-27T17:23:05.393+0800: 12.350: [CMS-concurrent-abortable-preclean-start]
2024-07-27T17:23:05.501+0800: 12.458: Application time: 0.1111423 seconds
2024-07-27T17:23:05.501+0800: 12.458: [GC (Allocation Failure) 2024-07-27T17:23:05.501+0800: 12.458: [ParNew: 77168K->8192K(78656K), 0.0073018 secs] 422913K->390801K(634420K), 0.0073614 secs] [Times: user=0.03 sys=0.00, real=0.01 secs] 
2024-07-27T17:23:05.509+0800: 12.465: Total time for which application threads were stopped: 0.0074747 seconds, Stopping threads took: 0.0000203 seconds
2024-07-27T17:23:05.627+0800: 12.584: Application time: 0.1189072 seconds
2024-07-27T17:23:05.627+0800: 12.584: [GC (Allocation Failure) 2024-07-27T17:23:05.628+0800: 12.584: [ParNew: 77168K->8192K(78656K), 0.0122460 secs] 459778K->459410K(634420K), 0.0123102 secs] [Times: user=0.03 sys=0.00, real=0.01 secs] 
2024-07-27T17:23:05.640+0800: 12.597: Total time for which application threads were stopped: 0.0124193 seconds, Stopping threads took: 0.0000192 seconds
2024-07-27T17:23:05.640+0800: 12.597: [CMS-concurrent-abortable-preclean: 0.006/0.247 secs] [Times: user=0.06 sys=0.00, real=0.25 secs] 
2024-07-27T17:23:05.640+0800: 12.597: Application time: 0.0003094 seconds
2024-07-27T17:23:05.640+0800: 12.597: [GC (CMS Final Remark) [YG occupancy: 12655 K (78656 K)]2024-07-27T17:23:05.640+0800: 12.597: [Rescan (parallel) , 0.0011289 secs]2024-07-27T17:23:05.641+0800: 12.598: [weak refs processing, 0.0000128 secs]2024-07-27T17:23:05.641+0800: 12.598: [class unloading, 0.0003044 secs]2024-07-27T17:23:05.642+0800: 12.598: [scrub symbol table, 0.0005073 secs]2024-07-27T17:23:05.642+0800: 12.599: [scrub string table, 0.0001813 secs][1 CMS-remark: 451218K(555764K)] 463874K(634420K), 0.0022314 secs] [Times: user=0.00 sys=0.00, real=0.00 secs] 
2024-07-27T17:23:05.642+0800: 12.599: Total time for which application threads were stopped: 0.0023626 seconds, Stopping threads took: 0.0000745 seconds
2024-07-27T17:23:05.642+0800: 12.599: [CMS-concurrent-sweep-start]
2024-07-27T17:23:05.644+0800: 12.601: [CMS-concurrent-sweep: 0.002/0.002 secs] [Times: user=0.00 sys=0.00, real=0.00 secs] 
2024-07-27T17:23:05.644+0800: 12.601: [CMS-concurrent-reset-start]
2024-07-27T17:23:05.647+0800: 12.604: [CMS-concurrent-reset: 0.003/0.003 secs] [Times: user=0.03 sys=0.00, real=0.00 secs] 
2024-07-27T17:23:05.648+0800: 12.605: Application time: 0.0061841 seconds
2024-07-27T17:23:05.648+0800: 12.605: [GC (Allocation Failure) 2024-07-27T17:23:05.648+0800: 12.605: [ParNew: 77168K->8192K(78656K), 0.0132713 secs] 356352K->355985K(634420K), 0.0133219 secs] [Times: user=0.03 sys=0.00, real=0.01 secs] 
2024-07-27T17:23:05.662+0800: 12.619: Total time for which application threads were stopped: 0.0134264 seconds, Stopping threads took: 0.0000184 seconds
2024-07-27T17:23:05.662+0800: 12.619: Application time: 0.0002363 seconds
2024-07-27T17:23:05.662+0800: 12.619: [GC (CMS Initial Mark) [1 CMS-initial-mark: 347793K(555764K)] 359424K(634420K), 0.0007300 secs] [Times: user=0.00 sys=0.00, real=0.00 secs] 
2024-07-27T17:23:05.663+0800: 12.620: Total time for which application threads were stopped: 0.0008330 seconds, Stopping threads took: 0.0000624 seconds
2024-07-27T17:23:05.663+0800: 12.620: [CMS-concurrent-mark-start]
2024-07-27T17:23:05.665+0800: 12.622: [CMS-concurrent-mark: 0.002/0.002 secs] [Times: user=0.00 sys=0.00, real=0.00 secs] 
2024-07-27T17:23:05.665+0800: 12.622: [CMS-concurrent-preclean-start]
2024-07-27T17:23:05.666+0800: 12.623: [CMS-concurrent-preclean: 0.001/0.001 secs] [Times: user=0.00 sys=0.00, real=0.00 secs] 
2024-07-27T17:23:05.666+0800: 12.623: [CMS-concurrent-abortable-preclean-start]
2024-07-27T17:23:05.768+0800: 12.726: Application time: 0.1058340 seconds
2024-07-27T17:23:05.768+0800: 12.726: [GC (Allocation Failure) 2024-07-27T17:23:05.768+0800: 12.726: [ParNew: 77168K->8192K(78656K), 0.0080612 secs] 424961K->393873K(634420K), 0.0081200 secs] [Times: user=0.03 sys=0.00, real=0.01 secs] 
2024-07-27T17:23:05.777+0800: 12.734: Total time for which application threads were stopped: 0.0082291 seconds, Stopping threads took: 0.0000200 seconds
2024-07-27T17:23:05.892+0800: 12.850: Application time: 0.1155246 seconds
2024-07-27T17:23:05.892+0800: 12.850: [GC (Allocation Failure) 2024-07-27T17:23:05.892+0800: 12.850: [ParNew: 77168K->8192K(78656K), 0.0123996 secs] 462850K->462482K(634420K), 0.0124648 secs] [Times: user=0.03 sys=0.00, real=0.01 secs] 
2024-07-27T17:23:05.905+0800: 12.862: Total time for which application threads were stopped: 0.0125736 seconds, Stopping threads took: 0.0000196 seconds
2024-07-27T17:23:05.905+0800: 12.862: [CMS-concurrent-abortable-preclean: 0.004/0.239 secs] [Times: user=0.06 sys=0.00, real=0.24 secs] 
2024-07-27T17:23:05.905+0800: 12.862: Application time: 0.0003116 seconds
2024-07-27T17:23:05.905+0800: 12.862: [GC (CMS Final Remark) [YG occupancy: 12655 K (78656 K)]2024-07-27T17:23:05.905+0800: 12.863: [Rescan (parallel) , 0.0008543 secs]2024-07-27T17:23:05.906+0800: 12.863: [weak refs processing, 0.0000128 secs]2024-07-27T17:23:05.906+0800: 12.863: [class unloading, 0.0001926 secs]2024-07-27T17:23:05.906+0800: 12.864: [scrub symbol table, 0.0003910 secs]2024-07-27T17:23:05.907+0800: 12.864: [scrub string table, 0.0000924 secs][1 CMS-remark: 454290K(555764K)] 466946K(634420K), 0.0016116 secs] [Times: user=0.00 sys=0.00, real=0.00 secs] 
2024-07-27T17:23:05.907+0800: 12.864: Total time for which application threads were stopped: 0.0017321 seconds, Stopping threads took: 0.0000789 seconds
2024-07-27T17:23:05.907+0800: 12.864: [CMS-concurrent-sweep-start]
2024-07-27T17:23:05.909+0800: 12.866: [CMS-concurrent-sweep: 0.002/0.002 secs] [Times: user=0.00 sys=0.00, real=0.00 secs] 
2024-07-27T17:23:05.909+0800: 12.866: [CMS-concurrent-reset-start]
2024-07-27T17:23:05.911+0800: 12.869: [CMS-concurrent-reset: 0.002/0.002 secs] [Times: user=0.03 sys=0.00, real=0.00 secs] 
2024-07-27T17:23:05.912+0800: 12.870: Application time: 0.0054481 seconds
2024-07-27T17:23:05.912+0800: 12.870: [GC (Allocation Failure) 2024-07-27T17:23:05.913+0800: 12.870: [ParNew: 77168K->8192K(78656K), 0.0118798 secs] 184318K->183950K(634420K), 0.0119334 secs] [Times: user=0.00 sys=0.00, real=0.01 secs] 
2024-07-27T17:23:05.924+0800: 12.882: Total time for which application threads were stopped: 0.0120266 seconds, Stopping threads took: 0.0000127 seconds
2024-07-27T17:23:05.925+0800: 12.882: Application time: 0.0001728 seconds
2024-07-27T17:23:05.925+0800: 12.882: [GC (CMS Initial Mark) [1 CMS-initial-mark: 175758K(555764K)] 187390K(634420K), 0.0005976 secs] [Times: user=0.00 sys=0.00, real=0.00 secs] 
2024-07-27T17:23:05.925+0800: 12.883: Total time for which application threads were stopped: 0.0007884 seconds, Stopping threads took: 0.0001498 seconds
2024-07-27T17:23:05.926+0800: 12.883: [CMS-concurrent-mark-start]
2024-07-27T17:23:05.927+0800: 12.884: [CMS-concurrent-mark: 0.002/0.002 secs] [Times: user=0.05 sys=0.00, real=0.00 secs] 
2024-07-27T17:23:05.927+0800: 12.884: [CMS-concurrent-preclean-start]
2024-07-27T17:23:05.928+0800: 12.885: [CMS-concurrent-preclean: 0.001/0.001 secs] [Times: user=0.00 sys=0.00, real=0.00 secs] 
2024-07-27T17:23:05.928+0800: 12.885: [CMS-concurrent-abortable-preclean-start]
2024-07-27T17:23:06.035+0800: 12.992: Application time: 0.1097264 seconds
2024-07-27T17:23:06.035+0800: 12.992: [GC (Allocation Failure) 2024-07-27T17:23:06.035+0800: 12.992: [ParNew: 77168K->8192K(78656K), 0.0076182 secs] 252927K->222863K(634420K), 0.0076788 secs] [Times: user=0.13 sys=0.00, real=0.01 secs] 
2024-07-27T17:23:06.043+0800: 13.000: Total time for which application threads were stopped: 0.0077848 seconds, Stopping threads took: 0.0000199 seconds
2024-07-27T17:23:06.161+0800: 13.118: Application time: 0.1183472 seconds
2024-07-27T17:23:06.161+0800: 13.119: [GC (Allocation Failure) 2024-07-27T17:23:06.161+0800: 13.119: [ParNew: 77868K->8196K(78656K), 0.0117140 secs] 292539K->291476K(634420K), 0.0117738 secs] [Times: user=0.00 sys=0.00, real=0.01 secs] 
2024-07-27T17:23:06.173+0800: 13.130: Total time for which application threads were stopped: 0.0118922 seconds, Stopping threads took: 0.0000183 seconds
2024-07-27T17:23:06.173+0800: 13.130: [CMS-concurrent-abortable-preclean: 0.006/0.245 secs] [Times: user=0.16 sys=0.00, real=0.25 secs] 
2024-07-27T17:23:06.174+0800: 13.131: Application time: 0.0003458 seconds
2024-07-27T17:23:06.174+0800: 13.131: [GC (CMS Final Remark) [YG occupancy: 13678 K (78656 K)]2024-07-27T17:23:06.174+0800: 13.131: [Rescan (parallel) , 0.0009987 secs]2024-07-27T17:23:06.175+0800: 13.132: [weak refs processing, 0.0000129 secs]2024-07-27T17:23:06.175+0800: 13.132: [class unloading, 0.0001903 secs]2024-07-27T17:23:06.175+0800: 13.132: [scrub symbol table, 0.0003324 secs]2024-07-27T17:23:06.175+0800: 13.132: [scrub string table, 0.0001013 secs][1 CMS-remark: 283280K(555764K)] 296959K(634420K), 0.0016998 secs] [Times: user=0.00 sys=0.00, real=0.00 secs] 
2024-07-27T17:23:06.175+0800: 13.133: Total time for which application threads were stopped: 0.0018512 seconds, Stopping threads took: 0.0001151 seconds
2024-07-27T17:23:06.176+0800: 13.133: [CMS-concurrent-sweep-start]
2024-07-27T17:23:06.177+0800: 13.134: [CMS-concurrent-sweep: 0.001/0.001 secs] [Times: user=0.03 sys=0.00, real=0.00 secs] 
2024-07-27T17:23:06.177+0800: 13.134: [CMS-concurrent-reset-start]
2024-07-27T17:23:06.179+0800: 13.136: [CMS-concurrent-reset: 0.002/0.002 secs] [Times: user=0.00 sys=0.00, real=0.00 secs] 
2024-07-27T17:23:06.181+0800: 13.138: Application time: 0.0053853 seconds
2024-07-27T17:23:06.181+0800: 13.138: [GC (Allocation Failure) 2024-07-27T17:23:06.181+0800: 13.138: [ParNew: 77167K->8192K(78656K), 0.0121706 secs] 360448K->360081K(634420K), 0.0122306 secs] [Times: user=0.03 sys=0.00, real=0.01 secs] 
2024-07-27T17:23:06.193+0800: 13.150: Total time for which application threads were stopped: 0.0123208 seconds, Stopping threads took: 0.0000123 seconds
2024-07-27T17:23:06.193+0800: 13.150: Application time: 0.0001896 seconds
2024-07-27T17:23:06.193+0800: 13.151: [GC (CMS Initial Mark) [1 CMS-initial-mark: 351889K(555764K)] 363517K(634420K), 0.0008424 secs] [Times: user=0.00 sys=0.00, real=0.00 secs] 
2024-07-27T17:23:06.194+0800: 13.151: Total time for which application threads were stopped: 0.0010291 seconds, Stopping threads took: 0.0001442 seconds
2024-07-27T17:23:06.194+0800: 13.151: [CMS-concurrent-mark-start]
2024-07-27T17:23:06.197+0800: 13.154: [CMS-concurrent-mark: 0.002/0.002 secs] [Times: user=0.00 sys=0.00, real=0.00 secs] 
2024-07-27T17:23:06.197+0800: 13.154: [CMS-concurrent-preclean-start]
2024-07-27T17:23:06.197+0800: 13.154: [CMS-concurrent-preclean: 0.001/0.001 secs] [Times: user=0.00 sys=0.00, real=0.00 secs] 
2024-07-27T17:23:06.197+0800: 13.154: [CMS-concurrent-abortable-preclean-start]
2024-07-27T17:23:06.305+0800: 13.262: Application time: 0.1107264 seconds
2024-07-27T17:23:06.305+0800: 13.262: [GC (Allocation Failure) 2024-07-27T17:23:06.305+0800: 13.262: [ParNew: 77165K->8192K(78656K), 0.0082328 secs] 429054K->400018K(634420K), 0.0082921 secs] [Times: user=0.00 sys=0.00, real=0.01 secs] 
2024-07-27T17:23:06.314+0800: 13.271: Total time for which application threads were stopped: 0.0084089 seconds, Stopping threads took: 0.0000199 seconds
2024-07-27T17:23:06.429+0800: 13.386: Application time: 0.1152621 seconds
2024-07-27T17:23:06.429+0800: 13.386: [GC (Allocation Failure) 2024-07-27T17:23:06.429+0800: 13.386: [ParNew: 77166K->8192K(78656K), 0.0120303 secs] 468992K->468627K(634420K), 0.0120908 secs] [Times: user=0.00 sys=0.00, real=0.01 secs] 
2024-07-27T17:23:06.441+0800: 13.398: Total time for which application threads were stopped: 0.0121959 seconds, Stopping threads took: 0.0000196 seconds
2024-07-27T17:23:06.441+0800: 13.398: [CMS-concurrent-abortable-preclean: 0.006/0.244 secs] [Times: user=0.02 sys=0.00, real=0.24 secs] 
2024-07-27T17:23:06.441+0800: 13.398: Application time: 0.0003167 seconds
2024-07-27T17:23:06.442+0800: 13.399: [GC (CMS Final Remark) [YG occupancy: 12654 K (78656 K)]2024-07-27T17:23:06.442+0800: 13.399: [Rescan (parallel) , 0.0007653 secs]2024-07-27T17:23:06.442+0800: 13.399: [weak refs processing, 0.0000128 secs]2024-07-27T17:23:06.442+0800: 13.399: [class unloading, 0.0001929 secs]2024-07-27T17:23:06.443+0800: 13.400: [scrub symbol table, 0.0003378 secs]2024-07-27T17:23:06.443+0800: 13.400: [scrub string table, 0.0001159 secs][1 CMS-remark: 460435K(555764K)] 473089K(634420K), 0.0014874 secs] [Times: user=0.00 sys=0.00, real=0.00 secs] 
2024-07-27T17:23:06.443+0800: 13.400: Total time for which application threads were stopped: 0.0016698 seconds, Stopping threads took: 0.0001461 seconds
2024-07-27T17:23:06.443+0800: 13.400: [CMS-concurrent-sweep-start]
2024-07-27T17:23:06.445+0800: 13.402: [CMS-concurrent-sweep: 0.001/0.001 secs] [Times: user=0.00 sys=0.00, real=0.00 secs] 
2024-07-27T17:23:06.445+0800: 13.402: [CMS-concurrent-reset-start]
2024-07-27T17:23:06.447+0800: 13.404: [CMS-concurrent-reset: 0.002/0.002 secs] [Times: user=0.00 sys=0.00, real=0.00 secs] 
2024-07-27T17:23:06.448+0800: 13.405: Application time: 0.0054013 seconds
2024-07-27T17:23:06.449+0800: 13.406: [GC (Allocation Failure) 2024-07-27T17:23:06.449+0800: 13.406: [ParNew: 77167K->8192K(78656K), 0.0133554 secs] 362495K->362129K(634420K), 0.0134097 secs] [Times: user=0.03 sys=0.00, real=0.01 secs] 
2024-07-27T17:23:06.462+0800: 13.419: Total time for which application threads were stopped: 0.0135097 seconds, Stopping threads took: 0.0000173 seconds
2024-07-27T17:23:06.462+0800: 13.419: Application time: 0.0001225 seconds
2024-07-27T17:23:06.462+0800: 13.419: [GC (CMS Initial Mark) [1 CMS-initial-mark: 353937K(555764K)] 365568K(634420K), 0.0008392 secs] [Times: user=0.00 sys=0.00, real=0.00 secs] 
2024-07-27T17:23:06.463+0800: 13.420: Total time for which application threads were stopped: 0.0010297 seconds, Stopping threads took: 0.0001439 seconds
2024-07-27T17:23:06.463+0800: 13.420: [CMS-concurrent-mark-start]
2024-07-27T17:23:06.466+0800: 13.423: [CMS-concurrent-mark: 0.002/0.002 secs] [Times: user=0.00 sys=0.00, real=0.00 secs] 
2024-07-27T17:23:06.466+0800: 13.423: [CMS-concurrent-preclean-start]
2024-07-27T17:23:06.466+0800: 13.423: [CMS-concurrent-preclean: 0.001/0.001 secs] [Times: user=0.00 sys=0.00, real=0.00 secs] 
2024-07-27T17:23:06.466+0800: 13.423: [CMS-concurrent-abortable-preclean-start]
Heap
 par new generation   total 78656K, used 29414K [0x0000000090000000, 0x0000000095550000, 0x00000000b5550000)
  eden space 69952K,  30% used [0x0000000090000000, 0x00000000914b99c8, 0x0000000094450000)
  from space 8704K,  94% used [0x0000000094cd0000, 0x00000000954d0080, 0x0000000095550000)
  to   space 8704K,   0% used [0x0000000094450000, 0x0000000094450000, 0x0000000094cd0000)
 concurrent mark-sweep generation total 555764K, used 353937K [0x00000000b5550000, 0x00000000d740d000, 0x0000000100000000)
 Metaspace       used 2943K, capacity 4486K, committed 4864K, reserved 1056768K
  class space    used 305K, capacity 386K, committed 512K, reserved 1048576K
2024-07-27T17:23:06.572+0800: 13.529: Application time: 0.1085266 seconds
