OpenJDK 64-Bit Server VM (25.412-b1) for windows-amd64 JRE (1.8.0_412-b1), built on Apr 23 2024 12:00:37 by "Administrator" with MS VC++ 10.0 (VS2010)
Memory: 4k page, physical 16672068k(6570152k free), swap 19162436k(5527820k free)
CommandLine flags: -XX:GCDrainStackTargetSize=64 -XX:InitialHeapSize=266753088 -XX:MaxHeapSize=2013265920 -XX:MaxNewSize=671088640 -XX:MaxTenuringThreshold=6 -XX:OldPLABSize=16 -XX:+PrintGC -XX:+PrintGCApplicationConcurrentTime -XX:+PrintGCApplicationStoppedTime -XX:+PrintGCDateStamps -XX:+PrintGCDetails -XX:+PrintGCTimeStamps -XX:+UseCompressedClassPointers -XX:+UseCompressedOops -XX:+UseConcMarkSweepGC -XX:-UseLargePagesIndividualAllocation -XX:+UseParNewGC 
2024-07-27T17:23:06.748+0800: 0.106: Application time: 0.0361603 seconds
2024-07-27T17:23:06.748+0800: 0.106: [GC (Allocation Failure) 2024-07-27T17:23:06.748+0800: 0.106: [ParNew: 68984K->7890K(78656K), 0.0377970 secs] 68984K->68309K(253440K), 0.0379629 secs] [Times: user=0.06 sys=0.03, real=0.04 secs] 
2024-07-27T17:23:06.786+0800: 0.144: Total time for which application threads were stopped: 0.0380881 seconds, Stopping threads took: 0.0000194 seconds
2024-07-27T17:23:06.907+0800: 0.264: Application time: 0.1199234 seconds
2024-07-27T17:23:06.907+0800: 0.264: [GC (Allocation Failure) 2024-07-27T17:23:06.907+0800: 0.264: [ParNew: 76860K->8474K(78656K), 0.0262113 secs] 137279K->137125K(253440K), 0.0262709 secs] [Times: user=0.06 sys=0.05, real=0.03 secs] 
2024-07-27T17:23:06.933+0800: 0.290: Total time for which application threads were stopped: 0.0263791 seconds, Stopping threads took: 0.0000191 seconds
2024-07-27T17:23:06.933+0800: 0.291: Application time: 0.0002560 seconds
2024-07-27T17:23:06.933+0800: 0.291: [GC (CMS Initial Mark) [1 CMS-initial-mark: 128651K(174784K)] 140552K(253440K), 0.0005695 secs] [Times: user=0.00 sys=0.00, real=0.00 secs] 
2024-07-27T17:23:06.934+0800: 0.291: Total time for which application threads were stopped: 0.0006493 seconds, Stopping threads took: 0.0000406 seconds
2024-07-27T17:23:06.934+0800: 0.291: [CMS-concurrent-mark-start]
2024-07-27T17:23:06.937+0800: 0.295: [CMS-concurrent-mark: 0.003/0.003 secs] [Times: user=0.00 sys=0.00, real=0.00 secs] 
2024-07-27T17:23:06.938+0800: 0.295: [CMS-concurrent-preclean-start]
2024-07-27T17:23:06.939+0800: 0.296: [CMS-concurrent-preclean: 0.001/0.001 secs] [Times: user=0.00 sys=0.00, real=0.00 secs] 
2024-07-27T17:23:06.939+0800: 0.296: [CMS-concurrent-abortable-preclean-start]
2024-07-27T17:23:07.046+0800: 0.403: Application time: 0.1119775 seconds
2024-07-27T17:23:07.046+0800: 0.403: [GC (Allocation Failure) 2024-07-27T17:23:07.046+0800: 0.403: [ParNew: 77438K->14K(78656K), 0.0009739 secs] 206089K->128667K(253440K), 0.0010327 secs] [Times: user=0.00 sys=0.00, real=0.00 secs] 
2024-07-27T17:23:07.046+0800: 0.404: Total time for which application threads were stopped: 0.0011511 seconds, Stopping threads took: 0.0000237 seconds
2024-07-27T17:23:07.051+0800: 0.409: Application time: 0.0044885 seconds
2024-07-27T17:23:07.051+0800: 0.409: [GC (Allocation Failure) 2024-07-27T17:23:07.051+0800: 0.409: [ParNew: 68982K->8196K(78656K), 0.0306215 secs] 197635K->197266K(268860K), 0.0306724 secs] [Times: user=0.03 sys=0.00, real=0.03 secs] 
2024-07-27T17:23:07.082+0800: 0.440: Total time for which application threads were stopped: 0.0307661 seconds, Stopping threads took: 0.0000140 seconds
2024-07-27T17:23:07.189+0800: 0.547: Application time: 0.1070504 seconds
2024-07-27T17:23:07.189+0800: 0.547: [GC (Allocation Failure) 2024-07-27T17:23:07.189+0800: 0.547: [ParNew: 77168K->8192K(78656K), 0.0270655 secs] 266238K->265872K(337736K), 0.0271239 secs] [Times: user=0.08 sys=0.03, real=0.03 secs] 
2024-07-27T17:23:07.216+0800: 0.574: Total time for which application threads were stopped: 0.0272303 seconds, Stopping threads took: 0.0000193 seconds
2024-07-27T17:23:07.216+0800: 0.574: [CMS-concurrent-abortable-preclean: 0.005/0.278 secs] [Times: user=0.16 sys=0.03, real=0.28 secs] 
2024-07-27T17:23:07.216+0800: 0.574: Application time: 0.0003057 seconds
2024-07-27T17:23:07.216+0800: 0.574: [GC (CMS Final Remark) [YG occupancy: 12652 K (78656 K)]2024-07-27T17:23:07.216+0800: 0.574: [Rescan (parallel) , 0.0005605 secs]2024-07-27T17:23:07.217+0800: 0.575: [weak refs processing, 0.0000124 secs]2024-07-27T17:23:07.217+0800: 0.575: [class unloading, 0.0002061 secs]2024-07-27T17:23:07.217+0800: 0.575: [scrub symbol table, 0.0003419 secs]2024-07-27T17:23:07.217+0800: 0.576: [scrub string table, 0.0001210 secs][1 CMS-remark: 257680K(259080K)] 270332K(337736K), 0.0013781 secs] [Times: user=0.00 sys=0.00, real=0.00 secs] 
2024-07-27T17:23:07.218+0800: 0.576: Total time for which application threads were stopped: 0.0015009 seconds, Stopping threads took: 0.0000737 seconds
2024-07-27T17:23:07.218+0800: 0.576: [CMS-concurrent-sweep-start]
2024-07-27T17:23:07.219+0800: 0.577: [CMS-concurrent-sweep: 0.001/0.001 secs] [Times: user=0.00 sys=0.00, real=0.00 secs] 
2024-07-27T17:23:07.221+0800: 0.579: [CMS-concurrent-reset-start]
2024-07-27T17:23:07.230+0800: 0.588: [CMS-concurrent-reset: 0.010/0.010 secs] [Times: user=0.03 sys=0.00, real=0.01 secs] 
2024-07-27T17:23:07.328+0800: 0.686: Application time: 0.1099202 seconds
2024-07-27T17:23:07.328+0800: 0.686: [GC (Allocation Failure) 2024-07-27T17:23:07.328+0800: 0.686: [ParNew: 77165K->1024K(78656K), 0.0015890 secs] 334844K->258703K(508124K), 0.0016423 secs] [Times: user=0.00 sys=0.00, real=0.00 secs] 
2024-07-27T17:23:07.330+0800: 0.687: Total time for which application threads were stopped: 0.0017635 seconds, Stopping threads took: 0.0000214 seconds
2024-07-27T17:23:07.330+0800: 0.688: Application time: 0.0002172 seconds
2024-07-27T17:23:07.330+0800: 0.688: [GC (CMS Initial Mark) [1 CMS-initial-mark: 257679K(429468K)] 262140K(508124K), 0.0007054 secs] [Times: user=0.00 sys=0.00, real=0.00 secs] 
2024-07-27T17:23:07.331+0800: 0.688: Total time for which application threads were stopped: 0.0008366 seconds, Stopping threads took: 0.0000792 seconds
2024-07-27T17:23:07.331+0800: 0.689: [CMS-concurrent-mark-start]
2024-07-27T17:23:07.334+0800: 0.692: [CMS-concurrent-mark: 0.003/0.003 secs] [Times: user=0.05 sys=0.00, real=0.00 secs] 
2024-07-27T17:23:07.334+0800: 0.692: [CMS-concurrent-preclean-start]
2024-07-27T17:23:07.336+0800: 0.693: [CMS-concurrent-preclean: 0.001/0.001 secs] [Times: user=0.00 sys=0.00, real=0.00 secs] 
2024-07-27T17:23:07.336+0800: 0.693: Application time: 0.0049814 seconds
2024-07-27T17:23:07.336+0800: 0.693: [GC (Allocation Failure) 2024-07-27T17:23:07.336+0800: 0.694: [ParNew: 69998K->8192K(78656K), 0.0379960 secs] 327677K->327312K(508124K), 0.0380433 secs] [Times: user=0.03 sys=0.03, real=0.04 secs] 
2024-07-27T17:23:07.374+0800: 0.732: Total time for which application threads were stopped: 0.0381361 seconds, Stopping threads took: 0.0000134 seconds
2024-07-27T17:23:07.374+0800: 0.732: Application time: 0.0002855 seconds
2024-07-27T17:23:07.374+0800: 0.732: [GC (CMS Final Remark) [YG occupancy: 12654 K (78656 K)]2024-07-27T17:23:07.374+0800: 0.732: [Rescan (parallel) , 0.0008821 secs]2024-07-27T17:23:07.375+0800: 0.733: [weak refs processing, 0.0000124 secs]2024-07-27T17:23:07.375+0800: 0.733: [class unloading, 0.0001866 secs]2024-07-27T17:23:07.375+0800: 0.733: [scrub symbol table, 0.0003953 secs]2024-07-27T17:23:07.376+0800: 0.734: [scrub string table, 0.0000936 secs][1 CMS-remark: 319120K(429468K)] 331774K(508124K), 0.0016389 secs] [Times: user=0.00 sys=0.00, real=0.00 secs] 
2024-07-27T17:23:07.376+0800: 0.734: Total time for which application threads were stopped: 0.0018312 seconds, Stopping threads took: 0.0001569 seconds
2024-07-27T17:23:07.376+0800: 0.734: [CMS-concurrent-sweep-start]
2024-07-27T17:23:07.378+0800: 0.736: [CMS-concurrent-sweep: 0.002/0.002 secs] [Times: user=0.00 sys=0.00, real=0.00 secs] 
2024-07-27T17:23:07.378+0800: 0.736: [CMS-concurrent-reset-start]
2024-07-27T17:23:07.379+0800: 0.737: [CMS-concurrent-reset: 0.001/0.001 secs] [Times: user=0.00 sys=0.00, real=0.00 secs] 
2024-07-27T17:23:07.488+0800: 0.846: Application time: 0.1125187 seconds
2024-07-27T17:23:07.489+0800: 0.846: [GC (Allocation Failure) 2024-07-27T17:23:07.489+0800: 0.846: [ParNew: 77167K->8192K(78656K), 0.0158626 secs] 139259K->138893K(508124K), 0.0159372 secs] [Times: user=0.01 sys=0.00, real=0.01 secs] 
2024-07-27T17:23:07.504+0800: 0.862: Total time for which application threads were stopped: 0.0160840 seconds, Stopping threads took: 0.0000234 seconds
2024-07-27T17:23:07.613+0800: 0.970: Application time: 0.1081915 seconds
2024-07-27T17:23:07.613+0800: 0.971: [GC (Allocation Failure) 2024-07-27T17:23:07.613+0800: 0.971: [ParNew: 77167K->2048K(78656K), 0.0012228 secs] 207869K->132749K(508124K), 0.0012837 secs] [Times: user=0.02 sys=0.00, real=0.00 secs] 
2024-07-27T17:23:07.615+0800: 0.972: Total time for which application threads were stopped: 0.0013984 seconds, Stopping threads took: 0.0000220 seconds
2024-07-27T17:23:07.619+0800: 0.976: Application time: 0.0043235 seconds
2024-07-27T17:23:07.619+0800: 0.976: [GC (Allocation Failure) 2024-07-27T17:23:07.619+0800: 0.976: [ParNew: 71024K->8192K(78656K), 0.0109278 secs] 201725K->201358K(508124K), 0.0109755 secs] [Times: user=0.00 sys=0.00, real=0.01 secs] 
2024-07-27T17:23:07.630+0800: 0.987: Total time for which application threads were stopped: 0.0110705 seconds, Stopping threads took: 0.0000146 seconds
2024-07-27T17:23:07.630+0800: 0.987: Application time: 0.0001920 seconds
2024-07-27T17:23:07.630+0800: 0.988: [GC (CMS Initial Mark) [1 CMS-initial-mark: 193166K(429468K)] 204797K(508124K), 0.0008511 secs] [Times: user=0.00 sys=0.00, real=0.00 secs] 
2024-07-27T17:23:07.631+0800: 0.989: Total time for which application threads were stopped: 0.0010309 seconds, Stopping threads took: 0.0001389 seconds
2024-07-27T17:23:07.631+0800: 0.989: [CMS-concurrent-mark-start]
2024-07-27T17:23:07.634+0800: 0.991: [CMS-concurrent-mark: 0.002/0.002 secs] [Times: user=0.00 sys=0.00, real=0.00 secs] 
2024-07-27T17:23:07.634+0800: 0.991: [CMS-concurrent-preclean-start]
2024-07-27T17:23:07.634+0800: 0.991: [CMS-concurrent-preclean: 0.001/0.001 secs] [Times: user=0.00 sys=0.00, real=0.00 secs] 
2024-07-27T17:23:07.634+0800: 0.991: [CMS-concurrent-abortable-preclean-start]
2024-07-27T17:23:07.741+0800: 1.098: Application time: 0.1095525 seconds
2024-07-27T17:23:07.741+0800: 1.098: [GC (Allocation Failure) 2024-07-27T17:23:07.741+0800: 1.098: [ParNew: 77168K->8192K(78656K), 0.0401109 secs] 270334K->269967K(508124K), 0.0401690 secs] [Times: user=0.06 sys=0.00, real=0.04 secs] 
2024-07-27T17:23:07.781+0800: 1.138: Total time for which application threads were stopped: 0.0402767 seconds, Stopping threads took: 0.0000195 seconds
2024-07-27T17:23:07.896+0800: 1.254: Application time: 0.1151978 seconds
2024-07-27T17:23:07.896+0800: 1.254: [GC (Allocation Failure) 2024-07-27T17:23:07.896+0800: 1.254: [ParNew: 77168K->3072K(78656K), 0.0014821 secs] 338943K->264847K(508124K), 0.0015359 secs] [Times: user=0.00 sys=0.00, real=0.00 secs] 
2024-07-27T17:23:07.897+0800: 1.255: Total time for which application threads were stopped: 0.0016430 seconds, Stopping threads took: 0.0000202 seconds
2024-07-27T17:23:07.902+0800: 1.260: Application time: 0.0043948 seconds
2024-07-27T17:23:07.902+0800: 1.260: [GC (Allocation Failure) 2024-07-27T17:23:07.902+0800: 1.260: [ParNew: 72048K->8192K(78656K), 0.0262278 secs] 333823K->333456K(508124K), 0.0262772 secs] [Times: user=0.06 sys=0.00, real=0.03 secs] 
2024-07-27T17:23:07.928+0800: 1.286: Total time for which application threads were stopped: 0.0263735 seconds, Stopping threads took: 0.0000146 seconds
2024-07-27T17:23:07.928+0800: 1.286: [CMS-concurrent-abortable-preclean: 0.005/0.295 secs] [Times: user=0.16 sys=0.00, real=0.29 secs] 
2024-07-27T17:23:07.928+0800: 1.286: Application time: 0.0003018 seconds
2024-07-27T17:23:07.928+0800: 1.286: [GC (CMS Final Remark) [YG occupancy: 12655 K (78656 K)]2024-07-27T17:23:07.928+0800: 1.286: [Rescan (parallel) , 0.0007712 secs]2024-07-27T17:23:07.929+0800: 1.287: [weak refs processing, 0.0000128 secs]2024-07-27T17:23:07.929+0800: 1.287: [class unloading, 0.0001741 secs]2024-07-27T17:23:07.929+0800: 1.287: [scrub symbol table, 0.0003700 secs]2024-07-27T17:23:07.930+0800: 1.288: [scrub string table, 0.0001130 secs][1 CMS-remark: 325264K(429468K)] 337920K(508124K), 0.0015061 secs] [Times: user=0.00 sys=0.00, real=0.00 secs] 
2024-07-27T17:23:07.930+0800: 1.288: Total time for which application threads were stopped: 0.0016831 seconds, Stopping threads took: 0.0001419 seconds
2024-07-27T17:23:07.930+0800: 1.288: [CMS-concurrent-sweep-start]
2024-07-27T17:23:07.932+0800: 1.290: [CMS-concurrent-sweep: 0.002/0.002 secs] [Times: user=0.00 sys=0.00, real=0.00 secs] 
2024-07-27T17:23:07.932+0800: 1.290: [CMS-concurrent-reset-start]
2024-07-27T17:23:07.933+0800: 1.291: [CMS-concurrent-reset: 0.001/0.001 secs] [Times: user=0.00 sys=0.00, real=0.00 secs] 
2024-07-27T17:23:08.038+0800: 1.396: Application time: 0.1079396 seconds
2024-07-27T17:23:08.039+0800: 1.396: [GC (Allocation Failure) 2024-07-27T17:23:08.039+0800: 1.396: [ParNew: 77168K->8192K(78656K), 0.0120528 secs] 272383K->272015K(508124K), 0.0121120 secs] [Times: user=0.00 sys=0.00, real=0.01 secs] 
2024-07-27T17:23:08.051+0800: 1.408: Total time for which application threads were stopped: 0.0122216 seconds, Stopping threads took: 0.0000194 seconds
2024-07-27T17:23:08.051+0800: 1.408: Application time: 0.0001597 seconds
2024-07-27T17:23:08.051+0800: 1.408: [GC (CMS Initial Mark) [1 CMS-initial-mark: 263823K(429468K)] 275455K(508124K), 0.0004891 secs] [Times: user=0.00 sys=0.00, real=0.00 secs] 
2024-07-27T17:23:08.052+0800: 1.409: Total time for which application threads were stopped: 0.0007020 seconds, Stopping threads took: 0.0001735 seconds
2024-07-27T17:23:08.052+0800: 1.409: [CMS-concurrent-mark-start]
2024-07-27T17:23:08.055+0800: 1.413: [CMS-concurrent-mark: 0.003/0.003 secs] [Times: user=0.00 sys=0.00, real=0.00 secs] 
2024-07-27T17:23:08.055+0800: 1.413: [CMS-concurrent-preclean-start]
2024-07-27T17:23:08.056+0800: 1.414: [CMS-concurrent-preclean: 0.001/0.001 secs] [Times: user=0.00 sys=0.00, real=0.00 secs] 
2024-07-27T17:23:08.056+0800: 1.414: [CMS-concurrent-abortable-preclean-start]
2024-07-27T17:23:08.162+0800: 1.519: Application time: 0.1104372 seconds
2024-07-27T17:23:08.162+0800: 1.520: [GC (Allocation Failure) 2024-07-27T17:23:08.162+0800: 1.520: [ParNew: 77168K->4096K(78656K), 0.0018310 secs] 340992K->267919K(508124K), 0.0018826 secs] [Times: user=0.00 sys=0.00, real=0.00 secs] 
2024-07-27T17:23:08.164+0800: 1.521: Total time for which application threads were stopped: 0.0020004 seconds, Stopping threads took: 0.0000205 seconds
2024-07-27T17:23:08.168+0800: 1.526: Application time: 0.0043762 seconds
2024-07-27T17:23:08.168+0800: 1.526: [GC (Allocation Failure) 2024-07-27T17:23:08.168+0800: 1.526: [ParNew: 73072K->8192K(78656K), 0.0114154 secs] 336896K->336528K(508124K), 0.0114630 secs] [Times: user=0.03 sys=0.00, real=0.01 secs] 
2024-07-27T17:23:08.180+0800: 1.537: Total time for which application threads were stopped: 0.0115695 seconds, Stopping threads took: 0.0000139 seconds
2024-07-27T17:23:08.288+0800: 1.646: Application time: 0.1081543 seconds
2024-07-27T17:23:08.288+0800: 1.646: [GC (Allocation Failure) 2024-07-27T17:23:08.288+0800: 1.646: [ParNew: 77168K->8192K(78656K), 0.0118450 secs] 405505K->405137K(508124K), 0.0119047 secs] [Times: user=0.00 sys=0.00, real=0.01 secs] 
2024-07-27T17:23:08.300+0800: 1.658: Total time for which application threads were stopped: 0.0120238 seconds, Stopping threads took: 0.0000195 seconds
2024-07-27T17:23:08.300+0800: 1.658: [CMS-concurrent-abortable-preclean: 0.005/0.244 secs] [Times: user=0.06 sys=0.00, real=0.24 secs] 
2024-07-27T17:23:08.300+0800: 1.658: Application time: 0.0003394 seconds
2024-07-27T17:23:08.300+0800: 1.658: [GC (CMS Final Remark) [YG occupancy: 12655 K (78656 K)]2024-07-27T17:23:08.300+0800: 1.658: [Rescan (parallel) , 0.0010819 secs]2024-07-27T17:23:08.301+0800: 1.659: [weak refs processing, 0.0000129 secs]2024-07-27T17:23:08.301+0800: 1.659: [class unloading, 0.0001791 secs]2024-07-27T17:23:08.302+0800: 1.659: [scrub symbol table, 0.0003413 secs]2024-07-27T17:23:08.302+0800: 1.660: [scrub string table, 0.0001534 secs][1 CMS-remark: 396945K(429468K)] 409601K(508124K), 0.0018343 secs] [Times: user=0.01 sys=0.00, real=0.00 secs] 
2024-07-27T17:23:08.302+0800: 1.660: Total time for which application threads were stopped: 0.0020249 seconds, Stopping threads took: 0.0001451 seconds
2024-07-27T17:23:08.302+0800: 1.660: [CMS-concurrent-sweep-start]
2024-07-27T17:23:08.304+0800: 1.662: [CMS-concurrent-sweep: 0.002/0.002 secs] [Times: user=0.00 sys=0.00, real=0.00 secs] 
2024-07-27T17:23:08.304+0800: 1.662: [CMS-concurrent-reset-start]
2024-07-27T17:23:08.307+0800: 1.665: [CMS-concurrent-reset: 0.003/0.003 secs] [Times: user=0.00 sys=0.00, real=0.00 secs] 
2024-07-27T17:23:08.409+0800: 1.766: Application time: 0.1063761 seconds
2024-07-27T17:23:08.409+0800: 1.766: [GC (Allocation Failure) 2024-07-27T17:23:08.409+0800: 1.766: [ParNew: 77168K->5120K(78656K), 0.0018196 secs] 343040K->270991K(521776K), 0.0018778 secs] [Times: user=0.00 sys=0.00, real=0.00 secs] 
2024-07-27T17:23:08.410+0800: 1.768: Total time for which application threads were stopped: 0.0020039 seconds, Stopping threads took: 0.0000205 seconds
2024-07-27T17:23:08.415+0800: 1.773: Application time: 0.0043398 seconds
2024-07-27T17:23:08.415+0800: 1.773: [GC (Allocation Failure) 2024-07-27T17:23:08.415+0800: 1.773: [ParNew: 74096K->8192K(78656K), 0.0165951 secs] 339968K->339600K(521776K), 0.0166466 secs] [Times: user=0.03 sys=0.00, real=0.02 secs] 
2024-07-27T17:23:08.431+0800: 1.789: Total time for which application threads were stopped: 0.0167502 seconds, Stopping threads took: 0.0000142 seconds
2024-07-27T17:23:08.432+0800: 1.790: Application time: 0.0001680 seconds
2024-07-27T17:23:08.432+0800: 1.790: [GC (CMS Initial Mark) [1 CMS-initial-mark: 331408K(443120K)] 343040K(521776K), 0.0008759 secs] [Times: user=0.00 sys=0.00, real=0.00 secs] 
2024-07-27T17:23:08.433+0800: 1.791: Total time for which application threads were stopped: 0.0010283 seconds, Stopping threads took: 0.0001102 seconds
2024-07-27T17:23:08.433+0800: 1.791: [CMS-concurrent-mark-start]
2024-07-27T17:23:08.435+0800: 1.793: [CMS-concurrent-mark: 0.002/0.002 secs] [Times: user=0.00 sys=0.00, real=0.00 secs] 
2024-07-27T17:23:08.435+0800: 1.793: [CMS-concurrent-preclean-start]
2024-07-27T17:23:08.436+0800: 1.794: [CMS-concurrent-preclean: 0.001/0.001 secs] [Times: user=0.00 sys=0.00, real=0.00 secs] 
2024-07-27T17:23:08.436+0800: 1.794: [CMS-concurrent-abortable-preclean-start]
2024-07-27T17:23:08.552+0800: 1.910: Application time: 0.1193486 seconds
2024-07-27T17:23:08.553+0800: 1.910: [GC (Allocation Failure) 2024-07-27T17:23:08.553+0800: 1.910: [ParNew: 77168K->8192K(78656K), 0.0119926 secs] 408577K->408209K(521776K), 0.0120524 secs] [Times: user=0.00 sys=0.00, real=0.01 secs] 
2024-07-27T17:23:08.565+0800: 1.922: Total time for which application threads were stopped: 0.0121618 seconds, Stopping threads took: 0.0000195 seconds
2024-07-27T17:23:08.675+0800: 2.033: Application time: 0.1107436 seconds
2024-07-27T17:23:08.675+0800: 2.033: [GC (Allocation Failure) 2024-07-27T17:23:08.675+0800: 2.033: [ParNew: 77168K->6144K(78656K), 0.0021016 secs] 477186K->406161K(521776K), 0.0021540 secs] [Times: user=0.05 sys=0.00, real=0.00 secs] 
2024-07-27T17:23:08.677+0800: 2.035: Total time for which application threads were stopped: 0.0022642 seconds, Stopping threads took: 0.0000184 seconds
2024-07-27T17:23:08.681+0800: 2.040: Application time: 0.0043461 seconds
2024-07-27T17:23:08.682+0800: 2.040: [GC (Allocation Failure) 2024-07-27T17:23:08.682+0800: 2.040: [ParNew: 75120K->8192K(78656K), 0.0215257 secs] 475138K->474770K(546448K), 0.0215747 secs] [Times: user=0.03 sys=0.00, real=0.02 secs] 
2024-07-27T17:23:08.703+0800: 2.061: Total time for which application threads were stopped: 0.0216737 seconds, Stopping threads took: 0.0000140 seconds
2024-07-27T17:23:08.703+0800: 2.061: [CMS-concurrent-abortable-preclean: 0.006/0.268 secs] [Times: user=0.13 sys=0.00, real=0.27 secs] 
2024-07-27T17:23:08.703+0800: 2.061: Application time: 0.0002962 seconds
2024-07-27T17:23:08.704+0800: 2.062: [GC (CMS Final Remark) [YG occupancy: 12655 K (78656 K)]2024-07-27T17:23:08.704+0800: 2.062: [Rescan (parallel) , 0.0008374 secs]2024-07-27T17:23:08.704+0800: 2.062: [weak refs processing, 0.0000129 secs]2024-07-27T17:23:08.704+0800: 2.063: [class unloading, 0.0001986 secs]2024-07-27T17:23:08.705+0800: 2.063: [scrub symbol table, 0.0003500 secs]2024-07-27T17:23:08.705+0800: 2.063: [scrub string table, 0.0001143 secs][1 CMS-remark: 466578K(467792K)] 479234K(546448K), 0.0015802 secs] [Times: user=0.00 sys=0.00, real=0.00 secs] 
2024-07-27T17:23:08.705+0800: 2.063: Total time for which application threads were stopped: 0.0017386 seconds, Stopping threads took: 0.0001226 seconds
2024-07-27T17:23:08.705+0800: 2.063: [CMS-concurrent-sweep-start]
2024-07-27T17:23:08.707+0800: 2.065: [CMS-concurrent-sweep: 0.002/0.002 secs] [Times: user=0.03 sys=0.00, real=0.00 secs] 
2024-07-27T17:23:08.707+0800: 2.065: [CMS-concurrent-reset-start]
2024-07-27T17:23:08.708+0800: 2.067: [CMS-concurrent-reset: 0.001/0.001 secs] [Times: user=0.00 sys=0.00, real=0.00 secs] 
2024-07-27T17:23:08.819+0800: 2.176: Application time: 0.1128604 seconds
2024-07-27T17:23:08.819+0800: 2.176: [GC (Allocation Failure) 2024-07-27T17:23:08.819+0800: 2.176: [ParNew: 77168K->8192K(78656K), 0.0121176 secs] 278527K->278159K(546448K), 0.0121769 secs] [Times: user=0.00 sys=0.00, real=0.01 secs] 
2024-07-27T17:23:08.831+0800: 2.188: Total time for which application threads were stopped: 0.0123071 seconds, Stopping threads took: 0.0000197 seconds
2024-07-27T17:23:08.831+0800: 2.189: Application time: 0.0002418 seconds
2024-07-27T17:23:08.831+0800: 2.189: [GC (CMS Initial Mark) [1 CMS-initial-mark: 269967K(467792K)] 281599K(546448K), 0.0004685 secs] [Times: user=0.00 sys=0.00, real=0.00 secs] 
2024-07-27T17:23:08.832+0800: 2.189: Total time for which application threads were stopped: 0.0005955 seconds, Stopping threads took: 0.0000786 seconds
2024-07-27T17:23:08.832+0800: 2.189: [CMS-concurrent-mark-start]
2024-07-27T17:23:08.836+0800: 2.194: [CMS-concurrent-mark: 0.004/0.004 secs] [Times: user=0.05 sys=0.00, real=0.00 secs] 
2024-07-27T17:23:08.836+0800: 2.194: [CMS-concurrent-preclean-start]
2024-07-27T17:23:08.837+0800: 2.194: [CMS-concurrent-preclean: 0.001/0.001 secs] [Times: user=0.00 sys=0.00, real=0.00 secs] 
2024-07-27T17:23:08.837+0800: 2.194: [CMS-concurrent-abortable-preclean-start]
2024-07-27T17:23:08.942+0800: 2.299: Application time: 0.1102518 seconds
2024-07-27T17:23:08.942+0800: 2.300: [GC (Allocation Failure) 2024-07-27T17:23:08.942+0800: 2.300: [ParNew: 77168K->7168K(78656K), 0.0023283 secs] 347136K->277135K(546448K), 0.0023789 secs] [Times: user=0.00 sys=0.00, real=0.00 secs] 
2024-07-27T17:23:08.944+0800: 2.302: Total time for which application threads were stopped: 0.0024984 seconds, Stopping threads took: 0.0000345 seconds
2024-07-27T17:23:08.948+0800: 2.306: Application time: 0.0043646 seconds
2024-07-27T17:23:08.949+0800: 2.306: [GC (Allocation Failure) 2024-07-27T17:23:08.949+0800: 2.306: [ParNew: 76144K->8192K(78656K), 0.0119538 secs] 346112K->345744K(546448K), 0.0120022 secs] [Times: user=0.03 sys=0.00, real=0.01 secs] 
2024-07-27T17:23:08.961+0800: 2.318: Total time for which application threads were stopped: 0.0121009 seconds, Stopping threads took: 0.0000175 seconds
2024-07-27T17:23:09.069+0800: 2.427: Application time: 0.1088364 seconds
2024-07-27T17:23:09.069+0800: 2.427: [GC (Allocation Failure) 2024-07-27T17:23:09.069+0800: 2.427: [ParNew: 77168K->8192K(78656K), 0.0119753 secs] 414721K->414353K(546448K), 0.0120354 secs] [Times: user=0.00 sys=0.00, real=0.01 secs] 
2024-07-27T17:23:09.081+0800: 2.439: Total time for which application threads were stopped: 0.0121506 seconds, Stopping threads took: 0.0000205 seconds
2024-07-27T17:23:09.081+0800: 2.440: [CMS-concurrent-abortable-preclean: 0.005/0.245 secs] [Times: user=0.05 sys=0.00, real=0.24 secs] 
2024-07-27T17:23:09.082+0800: 2.440: Application time: 0.0003484 seconds
2024-07-27T17:23:09.082+0800: 2.440: [GC (CMS Final Remark) [YG occupancy: 12655 K (78656 K)]2024-07-27T17:23:09.082+0800: 2.440: [Rescan (parallel) , 0.0009017 secs]2024-07-27T17:23:09.083+0800: 2.441: [weak refs processing, 0.0000126 secs]2024-07-27T17:23:09.083+0800: 2.441: [class unloading, 0.0001763 secs]2024-07-27T17:23:09.083+0800: 2.441: [scrub symbol table, 0.0003448 secs]2024-07-27T17:23:09.083+0800: 2.441: [scrub string table, 0.0001148 secs][1 CMS-remark: 406161K(467792K)] 418817K(546448K), 0.0016167 secs] [Times: user=0.00 sys=0.00, real=0.00 secs] 
2024-07-27T17:23:09.083+0800: 2.442: Total time for which application threads were stopped: 0.0017464 seconds, Stopping threads took: 0.0000935 seconds
2024-07-27T17:23:09.084+0800: 2.442: [CMS-concurrent-sweep-start]
2024-07-27T17:23:09.086+0800: 2.443: [CMS-concurrent-sweep: 0.002/0.002 secs] [Times: user=0.00 sys=0.00, real=0.00 secs] 
2024-07-27T17:23:09.086+0800: 2.444: [CMS-concurrent-reset-start]
2024-07-27T17:23:09.089+0800: 2.446: [CMS-concurrent-reset: 0.003/0.003 secs] [Times: user=0.00 sys=0.00, real=0.00 secs] 
2024-07-27T17:23:09.195+0800: 2.552: Application time: 0.1107853 seconds
2024-07-27T17:23:09.195+0800: 2.552: [GC (Allocation Failure) 2024-07-27T17:23:09.195+0800: 2.552: [ParNew: 77168K->8192K(78656K), 0.0024086 secs] 349184K->280207K(546448K), 0.0024665 secs] [Times: user=0.00 sys=0.00, real=0.00 secs] 
2024-07-27T17:23:09.197+0800: 2.555: Total time for which application threads were stopped: 0.0025799 seconds, Stopping threads took: 0.0000219 seconds
2024-07-27T17:23:09.202+0800: 2.559: Application time: 0.0043450 seconds
2024-07-27T17:23:09.202+0800: 2.559: [GC (Allocation Failure) 2024-07-27T17:23:09.202+0800: 2.559: [ParNew: 77168K->8192K(78656K), 0.0118705 secs] 349184K->348816K(546448K), 0.0119240 secs] [Times: user=0.03 sys=0.00, real=0.01 secs] 
2024-07-27T17:23:09.214+0800: 2.571: Total time for which application threads were stopped: 0.0120194 seconds, Stopping threads took: 0.0000147 seconds
2024-07-27T17:23:09.214+0800: 2.572: Application time: 0.0002328 seconds
2024-07-27T17:23:09.214+0800: 2.572: [GC (CMS Initial Mark) [1 CMS-initial-mark: 340624K(467792K)] 352256K(546448K), 0.0007431 secs] [Times: user=0.00 sys=0.00, real=0.00 secs] 
2024-07-27T17:23:09.215+0800: 2.572: Total time for which application threads were stopped: 0.0009345 seconds, Stopping threads took: 0.0001484 seconds
2024-07-27T17:23:09.215+0800: 2.573: [CMS-concurrent-mark-start]
2024-07-27T17:23:09.217+0800: 2.575: [CMS-concurrent-mark: 0.002/0.002 secs] [Times: user=0.00 sys=0.00, real=0.00 secs] 
2024-07-27T17:23:09.217+0800: 2.575: [CMS-concurrent-preclean-start]
2024-07-27T17:23:09.218+0800: 2.575: [CMS-concurrent-preclean: 0.001/0.001 secs] [Times: user=0.00 sys=0.00, real=0.00 secs] 
2024-07-27T17:23:09.218+0800: 2.575: [CMS-concurrent-abortable-preclean-start]
2024-07-27T17:23:09.324+0800: 2.682: Application time: 0.1093278 seconds
2024-07-27T17:23:09.324+0800: 2.682: [GC (Allocation Failure) 2024-07-27T17:23:09.324+0800: 2.682: [ParNew: 77168K->8192K(78656K), 0.0117266 secs] 417793K->417425K(546448K), 0.0117849 secs] [Times: user=0.03 sys=0.00, real=0.01 secs] 
2024-07-27T17:23:09.336+0800: 2.694: Total time for which application threads were stopped: 0.0118925 seconds, Stopping threads took: 0.0000193 seconds
2024-07-27T17:23:09.449+0800: 2.806: Application time: 0.1126898 seconds
2024-07-27T17:23:09.449+0800: 2.806: [GC (Allocation Failure) 2024-07-27T17:23:09.449+0800: 2.806: [ParNew: 77168K->8192K(78656K), 0.0025877 secs] 486402K->418449K(546448K), 0.0026402 secs] [Times: user=0.00 sys=0.00, real=0.00 secs] 
2024-07-27T17:23:09.452+0800: 2.809: Total time for which application threads were stopped: 0.0027456 seconds, Stopping threads took: 0.0000200 seconds
2024-07-27T17:23:09.456+0800: 2.814: Application time: 0.0043859 seconds
2024-07-27T17:23:09.456+0800: 2.814: [GC (Allocation Failure) 2024-07-27T17:23:09.456+0800: 2.814: [ParNew: 77168K->8192K(78656K), 0.0167763 secs] 487426K->487058K(558784K), 0.0168247 secs] [Times: user=0.03 sys=0.00, real=0.02 secs] 
2024-07-27T17:23:09.473+0800: 2.830: Total time for which application threads were stopped: 0.0169302 seconds, Stopping threads took: 0.0000174 seconds
2024-07-27T17:23:09.473+0800: 2.831: [CMS-concurrent-abortable-preclean: 0.006/0.255 secs] [Times: user=0.06 sys=0.00, real=0.26 secs] 
2024-07-27T17:23:09.473+0800: 2.831: Application time: 0.0002461 seconds
2024-07-27T17:23:09.473+0800: 2.831: [GC (CMS Final Remark) [YG occupancy: 12655 K (78656 K)]2024-07-27T17:23:09.473+0800: 2.831: [Rescan (parallel) , 0.0004601 secs]2024-07-27T17:23:09.474+0800: 2.831: [weak refs processing, 0.0000129 secs]2024-07-27T17:23:09.474+0800: 2.831: [class unloading, 0.0001762 secs]2024-07-27T17:23:09.474+0800: 2.831: [scrub symbol table, 0.0003475 secs]2024-07-27T17:23:09.474+0800: 2.832: [scrub string table, 0.0001011 secs][1 CMS-remark: 478866K(480128K)] 491522K(558784K), 0.0011612 secs] [Times: user=0.13 sys=0.00, real=0.00 secs] 
2024-07-27T17:23:09.474+0800: 2.832: Total time for which application threads were stopped: 0.0012744 seconds, Stopping threads took: 0.0000754 seconds
2024-07-27T17:23:09.475+0800: 2.832: [CMS-concurrent-sweep-start]
2024-07-27T17:23:09.476+0800: 2.833: [CMS-concurrent-sweep: 0.001/0.001 secs] [Times: user=0.00 sys=0.00, real=0.00 secs] 
2024-07-27T17:23:09.476+0800: 2.833: [CMS-concurrent-reset-start]
2024-07-27T17:23:09.477+0800: 2.835: [CMS-concurrent-reset: 0.001/0.001 secs] [Times: user=0.00 sys=0.00, real=0.00 secs] 
2024-07-27T17:23:09.591+0800: 2.948: Application time: 0.1163952 seconds
2024-07-27T17:23:09.591+0800: 2.948: [GC (Allocation Failure) 2024-07-27T17:23:09.591+0800: 2.948: [ParNew: 77168K->8192K(78656K), 0.0123503 secs] 284671K->284303K(558784K), 0.0124107 secs] [Times: user=0.03 sys=0.00, real=0.01 secs] 
2024-07-27T17:23:09.603+0800: 2.961: Total time for which application threads were stopped: 0.0125201 seconds, Stopping threads took: 0.0000195 seconds
2024-07-27T17:23:09.604+0800: 2.961: Application time: 0.0002001 seconds
2024-07-27T17:23:09.604+0800: 2.961: [GC (CMS Initial Mark) [1 CMS-initial-mark: 276111K(480128K)] 287743K(558784K), 0.0008602 secs] [Times: user=0.00 sys=0.00, real=0.00 secs] 
2024-07-27T17:23:09.605+0800: 2.962: Total time for which application threads were stopped: 0.0010357 seconds, Stopping threads took: 0.0001299 seconds
2024-07-27T17:23:09.605+0800: 2.962: [CMS-concurrent-mark-start]
2024-07-27T17:23:09.608+0800: 2.966: [CMS-concurrent-mark: 0.003/0.003 secs] [Times: user=0.00 sys=0.00, real=0.00 secs] 
2024-07-27T17:23:09.608+0800: 2.966: [CMS-concurrent-preclean-start]
2024-07-27T17:23:09.609+0800: 2.967: [CMS-concurrent-preclean: 0.001/0.001 secs] [Times: user=0.00 sys=0.00, real=0.00 secs] 
2024-07-27T17:23:09.609+0800: 2.967: [CMS-concurrent-abortable-preclean-start]
2024-07-27T17:23:09.713+0800: 3.071: Application time: 0.1091943 seconds
2024-07-27T17:23:09.713+0800: 3.071: [GC (Allocation Failure) 2024-07-27T17:23:09.713+0800: 3.071: [ParNew: 77168K->8192K(78656K), 0.0025694 secs] 353280K->286351K(558784K), 0.0026337 secs] [Times: user=0.00 sys=0.00, real=0.00 secs] 
2024-07-27T17:23:09.716+0800: 3.074: Total time for which application threads were stopped: 0.0027384 seconds, Stopping threads took: 0.0000193 seconds
2024-07-27T17:23:09.720+0800: 3.079: Application time: 0.0045290 seconds
2024-07-27T17:23:09.721+0800: 3.079: [GC (Allocation Failure) 2024-07-27T17:23:09.721+0800: 3.079: [ParNew: 77168K->8192K(78656K), 0.0120954 secs] 355328K->354960K(558784K), 0.0121444 secs] [Times: user=0.03 sys=0.00, real=0.01 secs] 
2024-07-27T17:23:09.733+0800: 3.091: Total time for which application threads were stopped: 0.0122460 seconds, Stopping threads took: 0.0000186 seconds
2024-07-27T17:23:09.842+0800: 3.200: Application time: 0.1091743 seconds
2024-07-27T17:23:09.842+0800: 3.200: [GC (Allocation Failure) 2024-07-27T17:23:09.842+0800: 3.200: [ParNew: 77168K->8192K(78656K), 0.0119153 secs] 423937K->423569K(558784K), 0.0119755 secs] [Times: user=0.03 sys=0.00, real=0.01 secs] 
2024-07-27T17:23:09.854+0800: 3.212: Total time for which application threads were stopped: 0.0120978 seconds, Stopping threads took: 0.0000191 seconds
2024-07-27T17:23:09.854+0800: 3.212: [CMS-concurrent-abortable-preclean: 0.007/0.245 secs] [Times: user=0.06 sys=0.00, real=0.25 secs] 
2024-07-27T17:23:09.855+0800: 3.213: Application time: 0.0004872 seconds
2024-07-27T17:23:09.855+0800: 3.213: [GC (CMS Final Remark) [YG occupancy: 14703 K (78656 K)]2024-07-27T17:23:09.855+0800: 3.213: [Rescan (parallel) , 0.0007380 secs]2024-07-27T17:23:09.856+0800: 3.214: [weak refs processing, 0.0000136 secs]2024-07-27T17:23:09.856+0800: 3.214: [class unloading, 0.0002363 secs]2024-07-27T17:23:09.856+0800: 3.214: [scrub symbol table, 0.0003748 secs]2024-07-27T17:23:09.856+0800: 3.214: [scrub string table, 0.0001206 secs][1 CMS-remark: 415377K(480128K)] 430081K(558784K), 0.0015556 secs] [Times: user=0.00 sys=0.00, real=0.00 secs] 
2024-07-27T17:23:09.856+0800: 3.214: Total time for which application threads were stopped: 0.0016829 seconds, Stopping threads took: 0.0000848 seconds
2024-07-27T17:23:09.857+0800: 3.215: [CMS-concurrent-sweep-start]
2024-07-27T17:23:09.858+0800: 3.216: [CMS-concurrent-sweep: 0.001/0.001 secs] [Times: user=0.00 sys=0.00, real=0.00 secs] 
2024-07-27T17:23:09.858+0800: 3.216: [CMS-concurrent-reset-start]
2024-07-27T17:23:09.861+0800: 3.219: [CMS-concurrent-reset: 0.003/0.003 secs] [Times: user=0.00 sys=0.00, real=0.00 secs] 
2024-07-27T17:23:09.967+0800: 3.324: Application time: 0.1100999 seconds
2024-07-27T17:23:09.967+0800: 3.324: [GC (Allocation Failure) 2024-07-27T17:23:09.967+0800: 3.325: [ParNew: 77168K->8192K(78656K), 0.0026197 secs] 355328K->289423K(558784K), 0.0026732 secs] [Times: user=0.00 sys=0.00, real=0.00 secs] 
2024-07-27T17:23:09.970+0800: 3.327: Total time for which application threads were stopped: 0.0027966 seconds, Stopping threads took: 0.0000192 seconds
2024-07-27T17:23:09.974+0800: 3.332: Application time: 0.0044744 seconds
2024-07-27T17:23:09.974+0800: 3.332: [GC (Allocation Failure) 2024-07-27T17:23:09.974+0800: 3.332: [ParNew: 77168K->8192K(78656K), 0.0119163 secs] 358400K->358032K(558784K), 0.0119644 secs] [Times: user=0.00 sys=0.00, real=0.01 secs] 
2024-07-27T17:23:09.986+0800: 3.344: Total time for which application threads were stopped: 0.0120595 seconds, Stopping threads took: 0.0000148 seconds
2024-07-27T17:23:09.986+0800: 3.344: Application time: 0.0001548 seconds
2024-07-27T17:23:09.986+0800: 3.344: [GC (CMS Initial Mark) [1 CMS-initial-mark: 349840K(480128K)] 361472K(558784K), 0.0007814 secs] [Times: user=0.00 sys=0.00, real=0.00 secs] 
2024-07-27T17:23:09.987+0800: 3.345: Total time for which application threads were stopped: 0.0009782 seconds, Stopping threads took: 0.0001532 seconds
2024-07-27T17:23:09.987+0800: 3.345: [CMS-concurrent-mark-start]
2024-07-27T17:23:09.989+0800: 3.347: [CMS-concurrent-mark: 0.002/0.002 secs] [Times: user=0.05 sys=0.00, real=0.00 secs] 
2024-07-27T17:23:09.990+0800: 3.347: [CMS-concurrent-preclean-start]
2024-07-27T17:23:09.990+0800: 3.348: [CMS-concurrent-preclean: 0.001/0.001 secs] [Times: user=0.00 sys=0.00, real=0.00 secs] 
2024-07-27T17:23:09.990+0800: 3.348: [CMS-concurrent-abortable-preclean-start]
2024-07-27T17:23:10.095+0800: 3.453: Application time: 0.1081541 seconds
2024-07-27T17:23:10.095+0800: 3.453: [GC (Allocation Failure) 2024-07-27T17:23:10.095+0800: 3.453: [ParNew: 77168K->8192K(78656K), 0.0120120 secs] 427009K->426641K(558784K), 0.0120713 secs] [Times: user=0.03 sys=0.00, real=0.01 secs] 
2024-07-27T17:23:10.107+0800: 3.465: Total time for which application threads were stopped: 0.0121888 seconds, Stopping threads took: 0.0000186 seconds
2024-07-27T17:23:10.220+0800: 3.578: Application time: 0.1129756 seconds
2024-07-27T17:23:10.220+0800: 3.578: [GC (Allocation Failure) 2024-07-27T17:23:10.220+0800: 3.578: [ParNew: 77168K->8192K(78656K), 0.0027851 secs] 495618K->430737K(558784K), 0.0028376 secs] [Times: user=0.03 sys=0.00, real=0.00 secs] 
2024-07-27T17:23:10.223+0800: 3.581: Total time for which application threads were stopped: 0.0029427 seconds, Stopping threads took: 0.0000194 seconds
2024-07-27T17:23:10.223+0800: 3.581: [CMS-concurrent-abortable-preclean: 0.005/0.233 secs] [Times: user=0.06 sys=0.00, real=0.23 secs] 
2024-07-27T17:23:10.223+0800: 3.581: Application time: 0.0002950 seconds
2024-07-27T17:23:10.224+0800: 3.582: [GC (CMS Final Remark) [YG occupancy: 12655 K (78656 K)]2024-07-27T17:23:10.224+0800: 3.582: [Rescan (parallel) , 0.0010599 secs]2024-07-27T17:23:10.225+0800: 3.583: [weak refs processing, 0.0000128 secs]2024-07-27T17:23:10.225+0800: 3.583: [class unloading, 0.0001891 secs]2024-07-27T17:23:10.225+0800: 3.583: [scrub symbol table, 0.0003464 secs]2024-07-27T17:23:10.225+0800: 3.583: [scrub string table, 0.0000985 secs][1 CMS-remark: 422545K(480128K)] 435201K(558784K), 0.0017712 secs] [Times: user=0.00 sys=0.00, real=0.00 secs] 
2024-07-27T17:23:10.225+0800: 3.583: Total time for which application threads were stopped: 0.0019676 seconds, Stopping threads took: 0.0001614 seconds
2024-07-27T17:23:10.226+0800: 3.584: [CMS-concurrent-sweep-start]
2024-07-27T17:23:10.227+0800: 3.585: [CMS-concurrent-sweep: 0.001/0.001 secs] [Times: user=0.00 sys=0.00, real=0.00 secs] 
2024-07-27T17:23:10.227+0800: 3.585: [CMS-concurrent-reset-start]
2024-07-27T17:23:10.230+0800: 3.588: [CMS-concurrent-reset: 0.003/0.003 secs] [Times: user=0.00 sys=0.00, real=0.00 secs] 
2024-07-27T17:23:10.232+0800: 3.589: Application time: 0.0059038 seconds
2024-07-27T17:23:10.232+0800: 3.589: [GC (Allocation Failure) 2024-07-27T17:23:10.232+0800: 3.589: [ParNew: 77168K->8192K(78656K), 0.0122896 secs] 222206K->221838K(558784K), 0.0123434 secs] [Times: user=0.03 sys=0.00, real=0.01 secs] 
2024-07-27T17:23:10.244+0800: 3.602: Total time for which application threads were stopped: 0.0124480 seconds, Stopping threads took: 0.0000197 seconds
2024-07-27T17:23:10.244+0800: 3.602: Application time: 0.0002413 seconds
2024-07-27T17:23:10.244+0800: 3.602: [GC (CMS Initial Mark) [1 CMS-initial-mark: 213646K(480128K)] 225278K(558784K), 0.0006907 secs] [Times: user=0.00 sys=0.00, real=0.00 secs] 
2024-07-27T17:23:10.245+0800: 3.603: Total time for which application threads were stopped: 0.0008142 seconds, Stopping threads took: 0.0000827 seconds
2024-07-27T17:23:10.245+0800: 3.603: [CMS-concurrent-mark-start]
2024-07-27T17:23:10.247+0800: 3.605: [CMS-concurrent-mark: 0.002/0.002 secs] [Times: user=0.00 sys=0.00, real=0.00 secs] 
2024-07-27T17:23:10.247+0800: 3.605: [CMS-concurrent-preclean-start]
2024-07-27T17:23:10.247+0800: 3.605: [CMS-concurrent-preclean: 0.001/0.001 secs] [Times: user=0.00 sys=0.00, real=0.00 secs] 
2024-07-27T17:23:10.247+0800: 3.605: [CMS-concurrent-abortable-preclean-start]
2024-07-27T17:23:10.365+0800: 3.723: Application time: 0.1200905 seconds
2024-07-27T17:23:10.365+0800: 3.723: [GC (Allocation Failure) 2024-07-27T17:23:10.365+0800: 3.723: [ParNew: 77168K->8192K(78656K), 0.0122534 secs] 290815K->290447K(558784K), 0.0123211 secs] [Times: user=0.00 sys=0.00, real=0.01 secs] 
2024-07-27T17:23:10.378+0800: 3.735: Total time for which application threads were stopped: 0.0124367 seconds, Stopping threads took: 0.0000179 seconds
2024-07-27T17:23:10.490+0800: 3.848: Application time: 0.1122685 seconds
2024-07-27T17:23:10.490+0800: 3.848: [GC (Allocation Failure) 2024-07-27T17:23:10.490+0800: 3.848: [ParNew: 77168K->8192K(78656K), 0.0027190 secs] 359424K->295567K(558784K), 0.0027746 secs] [Times: user=0.00 sys=0.00, real=0.00 secs] 
2024-07-27T17:23:10.493+0800: 3.851: Total time for which application threads were stopped: 0.0028789 seconds, Stopping threads took: 0.0000195 seconds
2024-07-27T17:23:10.493+0800: 3.851: [CMS-concurrent-abortable-preclean: 0.006/0.245 secs] [Times: user=0.06 sys=0.00, real=0.25 secs] 
2024-07-27T17:23:10.493+0800: 3.851: Application time: 0.0001161 seconds
2024-07-27T17:23:10.493+0800: 3.851: [GC (CMS Final Remark) [YG occupancy: 11631 K (78656 K)]2024-07-27T17:23:10.493+0800: 3.851: [Rescan (parallel) , 0.0005223 secs]2024-07-27T17:23:10.494+0800: 3.851: [weak refs processing, 0.0000123 secs]2024-07-27T17:23:10.494+0800: 3.851: [class unloading, 0.0001734 secs]2024-07-27T17:23:10.494+0800: 3.851: [scrub symbol table, 0.0003105 secs]2024-07-27T17:23:10.494+0800: 3.852: [scrub string table, 0.0001021 secs][1 CMS-remark: 287375K(480128K)] 299007K(558784K), 0.0011875 secs] [Times: user=0.00 sys=0.00, real=0.00 secs] 
2024-07-27T17:23:10.494+0800: 3.852: Total time for which application threads were stopped: 0.0012869 seconds, Stopping threads took: 0.0000650 seconds
2024-07-27T17:23:10.494+0800: 3.852: [CMS-concurrent-sweep-start]
2024-07-27T17:23:10.496+0800: 3.853: [CMS-concurrent-sweep: 0.001/0.001 secs] [Times: user=0.00 sys=0.00, real=0.00 secs] 
2024-07-27T17:23:10.496+0800: 3.853: [CMS-concurrent-reset-start]
2024-07-27T17:23:10.498+0800: 3.856: [CMS-concurrent-reset: 0.003/0.003 secs] [Times: user=0.00 sys=0.00, real=0.00 secs] 
2024-07-27T17:23:10.500+0800: 3.858: Application time: 0.0056124 seconds
2024-07-27T17:23:10.500+0800: 3.858: [GC (Allocation Failure) 2024-07-27T17:23:10.500+0800: 3.858: [ParNew: 77168K->8192K(78656K), 0.0120914 secs] 224254K->223886K(558784K), 0.0121450 secs] [Times: user=0.03 sys=0.00, real=0.01 secs] 
2024-07-27T17:23:10.512+0800: 3.870: Total time for which application threads were stopped: 0.0122644 seconds, Stopping threads took: 0.0000135 seconds
2024-07-27T17:23:10.512+0800: 3.870: Application time: 0.0002403 seconds
2024-07-27T17:23:10.513+0800: 3.870: [GC (CMS Initial Mark) [1 CMS-initial-mark: 215694K(480128K)] 227326K(558784K), 0.0008476 secs] [Times: user=0.00 sys=0.00, real=0.00 secs] 
2024-07-27T17:23:10.513+0800: 3.871: Total time for which application threads were stopped: 0.0010263 seconds, Stopping threads took: 0.0001379 seconds
2024-07-27T17:23:10.514+0800: 3.871: [CMS-concurrent-mark-start]
2024-07-27T17:23:10.515+0800: 3.873: [CMS-concurrent-mark: 0.002/0.002 secs] [Times: user=0.00 sys=0.00, real=0.00 secs] 
2024-07-27T17:23:10.515+0800: 3.873: [CMS-concurrent-preclean-start]
2024-07-27T17:23:10.516+0800: 3.874: [CMS-concurrent-preclean: 0.001/0.001 secs] [Times: user=0.00 sys=0.00, real=0.00 secs] 
2024-07-27T17:23:10.516+0800: 3.874: [CMS-concurrent-abortable-preclean-start]
2024-07-27T17:23:10.632+0800: 3.990: Application time: 0.1193896 seconds
2024-07-27T17:23:10.632+0800: 3.991: [GC (Allocation Failure) 2024-07-27T17:23:10.633+0800: 3.991: [ParNew: 77168K->8192K(78656K), 0.0130257 secs] 292863K->292495K(558784K), 0.0130828 secs] [Times: user=0.03 sys=0.00, real=0.01 secs] 
2024-07-27T17:23:10.646+0800: 4.004: Total time for which application threads were stopped: 0.0132037 seconds, Stopping threads took: 0.0000195 seconds
2024-07-27T17:23:10.754+0800: 4.111: Application time: 0.1075725 seconds
2024-07-27T17:23:10.754+0800: 4.111: Total time for which application threads were stopped: 0.0001920 seconds, Stopping threads took: 0.0001391 seconds
2024-07-27T17:23:10.755+0800: 4.113: Application time: 0.0013354 seconds
2024-07-27T17:23:10.755+0800: 4.113: [GC (Allocation Failure) 2024-07-27T17:23:10.755+0800: 4.113: [ParNew: 77168K->8192K(78656K), 0.0033018 secs] 361472K->298639K(558784K), 0.0033575 secs] [Times: user=0.00 sys=0.00, real=0.00 secs] 
2024-07-27T17:23:10.758+0800: 4.116: Total time for which application threads were stopped: 0.0034693 seconds, Stopping threads took: 0.0000146 seconds
2024-07-27T17:23:10.758+0800: 4.116: [CMS-concurrent-abortable-preclean: 0.006/0.243 secs] [Times: user=0.06 sys=0.00, real=0.24 secs] 
2024-07-27T17:23:10.758+0800: 4.117: Application time: 0.0003189 seconds
2024-07-27T17:23:10.759+0800: 4.117: [GC (CMS Final Remark) [YG occupancy: 12655 K (78656 K)]2024-07-27T17:23:10.759+0800: 4.117: [Rescan (parallel) , 0.0006102 secs]2024-07-27T17:23:10.759+0800: 4.117: [weak refs processing, 0.0000128 secs]2024-07-27T17:23:10.759+0800: 4.117: [class unloading, 0.0001942 secs]2024-07-27T17:23:10.760+0800: 4.118: [scrub symbol table, 0.0003426 secs]2024-07-27T17:23:10.760+0800: 4.118: [scrub string table, 0.0000998 secs][1 CMS-remark: 290447K(480128K)] 303103K(558784K), 0.0013221 secs] [Times: user=0.00 sys=0.00, real=0.00 secs] 
2024-07-27T17:23:10.760+0800: 4.118: Total time for which application threads were stopped: 0.0015287 seconds, Stopping threads took: 0.0001562 seconds
2024-07-27T17:23:10.760+0800: 4.118: [CMS-concurrent-sweep-start]
2024-07-27T17:23:10.762+0800: 4.120: [CMS-concurrent-sweep: 0.002/0.002 secs] [Times: user=0.00 sys=0.00, real=0.00 secs] 
2024-07-27T17:23:10.762+0800: 4.120: [CMS-concurrent-reset-start]
2024-07-27T17:23:10.764+0800: 4.122: [CMS-concurrent-reset: 0.002/0.002 secs] [Times: user=0.00 sys=0.00, real=0.00 secs] 
2024-07-27T17:23:10.765+0800: 4.124: Application time: 0.0054137 seconds
2024-07-27T17:23:10.766+0800: 4.124: [GC (Allocation Failure) 2024-07-27T17:23:10.766+0800: 4.124: [ParNew: 77168K->8192K(78656K), 0.0119234 secs] 226302K->225934K(558784K), 0.0119719 secs] [Times: user=0.03 sys=0.00, real=0.01 secs] 
2024-07-27T17:23:10.778+0800: 4.136: Total time for which application threads were stopped: 0.0120860 seconds, Stopping threads took: 0.0000127 seconds
2024-07-27T17:23:10.778+0800: 4.136: Application time: 0.0001771 seconds
2024-07-27T17:23:10.778+0800: 4.136: [GC (CMS Initial Mark) [1 CMS-initial-mark: 217742K(480128K)] 229374K(558784K), 0.0008663 secs] [Times: user=0.00 sys=0.00, real=0.00 secs] 
2024-07-27T17:23:10.779+0800: 4.137: Total time for which application threads were stopped: 0.0009891 seconds, Stopping threads took: 0.0000830 seconds
2024-07-27T17:23:10.779+0800: 4.137: [CMS-concurrent-mark-start]
2024-07-27T17:23:10.780+0800: 4.139: [CMS-concurrent-mark: 0.002/0.002 secs] [Times: user=0.00 sys=0.00, real=0.00 secs] 
2024-07-27T17:23:10.781+0800: 4.139: [CMS-concurrent-preclean-start]
2024-07-27T17:23:10.781+0800: 4.139: [CMS-concurrent-preclean: 0.001/0.001 secs] [Times: user=0.00 sys=0.00, real=0.00 secs] 
2024-07-27T17:23:10.781+0800: 4.139: [CMS-concurrent-abortable-preclean-start]
2024-07-27T17:23:10.898+0800: 4.256: Application time: 0.1193058 seconds
2024-07-27T17:23:10.898+0800: 4.256: [GC (Allocation Failure) 2024-07-27T17:23:10.898+0800: 4.256: [ParNew: 77168K->8192K(78656K), 0.0119080 secs] 294911K->294543K(558784K), 0.0119676 secs] [Times: user=0.00 sys=0.00, real=0.01 secs] 
2024-07-27T17:23:10.910+0800: 4.268: Total time for which application threads were stopped: 0.0120817 seconds, Stopping threads took: 0.0000190 seconds
2024-07-27T17:23:11.021+0800: 4.379: Application time: 0.1103668 seconds
2024-07-27T17:23:11.021+0800: 4.379: [GC (Allocation Failure) 2024-07-27T17:23:11.021+0800: 4.379: [ParNew: 77168K->8192K(78656K), 0.0031633 secs] 363520K->301711K(558784K), 0.0032193 secs] [Times: user=0.00 sys=0.00, real=0.00 secs] 
2024-07-27T17:23:11.024+0800: 4.382: Total time for which application threads were stopped: 0.0033245 seconds, Stopping threads took: 0.0000198 seconds
2024-07-27T17:23:11.024+0800: 4.382: [CMS-concurrent-abortable-preclean: 0.005/0.243 secs] [Times: user=0.03 sys=0.00, real=0.24 secs] 
2024-07-27T17:23:11.024+0800: 4.382: Application time: 0.0003003 seconds
2024-07-27T17:23:11.024+0800: 4.382: [GC (CMS Final Remark) [YG occupancy: 12655 K (78656 K)]2024-07-27T17:23:11.024+0800: 4.382: [Rescan (parallel) , 0.0010089 secs]2024-07-27T17:23:11.025+0800: 4.383: [weak refs processing, 0.0000169 secs]2024-07-27T17:23:11.025+0800: 4.383: [class unloading, 0.0001743 secs]2024-07-27T17:23:11.025+0800: 4.384: [scrub symbol table, 0.0003477 secs]2024-07-27T17:23:11.027+0800: 4.384: [scrub string table, 0.0000988 secs][1 CMS-remark: 293519K(480128K)] 306175K(558784K), 0.0017087 secs] [Times: user=0.00 sys=0.00, real=0.00 secs] 
2024-07-27T17:23:11.027+0800: 4.384: Total time for which application threads were stopped: 0.0018830 seconds, Stopping threads took: 0.0001380 seconds
2024-07-27T17:23:11.027+0800: 4.384: [CMS-concurrent-sweep-start]
2024-07-27T17:23:11.029+0800: 4.386: [CMS-concurrent-sweep: 0.002/0.002 secs] [Times: user=0.00 sys=0.00, real=0.00 secs] 
2024-07-27T17:23:11.029+0800: 4.386: [CMS-concurrent-reset-start]
2024-07-27T17:23:11.032+0800: 4.389: [CMS-concurrent-reset: 0.003/0.003 secs] [Times: user=0.00 sys=0.00, real=0.00 secs] 
2024-07-27T17:23:11.032+0800: 4.390: Application time: 0.0055788 seconds
2024-07-27T17:23:11.032+0800: 4.390: [GC (Allocation Failure) 2024-07-27T17:23:11.032+0800: 4.390: [ParNew: 77168K->8192K(78656K), 0.0121855 secs] 228350K->227982K(558784K), 0.0122405 secs] [Times: user=0.03 sys=0.00, real=0.01 secs] 
2024-07-27T17:23:11.044+0800: 4.402: Total time for which application threads were stopped: 0.0123402 seconds, Stopping threads took: 0.0000132 seconds
2024-07-27T17:23:11.044+0800: 4.402: Application time: 0.0002276 seconds
2024-07-27T17:23:11.044+0800: 4.402: [GC (CMS Initial Mark) [1 CMS-initial-mark: 219790K(480128K)] 231422K(558784K), 0.0007658 secs] [Times: user=0.00 sys=0.00, real=0.00 secs] 
2024-07-27T17:23:11.045+0800: 4.403: Total time for which application threads were stopped: 0.0008777 seconds, Stopping threads took: 0.0000713 seconds
2024-07-27T17:23:11.045+0800: 4.403: [CMS-concurrent-mark-start]
2024-07-27T17:23:11.047+0800: 4.405: [CMS-concurrent-mark: 0.002/0.002 secs] [Times: user=0.00 sys=0.00, real=0.00 secs] 
2024-07-27T17:23:11.047+0800: 4.405: [CMS-concurrent-preclean-start]
2024-07-27T17:23:11.047+0800: 4.406: [CMS-concurrent-preclean: 0.001/0.001 secs] [Times: user=0.00 sys=0.00, real=0.00 secs] 
2024-07-27T17:23:11.047+0800: 4.406: [CMS-concurrent-abortable-preclean-start]
2024-07-27T17:23:11.164+0800: 4.522: Application time: 0.1190699 seconds
2024-07-27T17:23:11.165+0800: 4.522: [GC (Allocation Failure) 2024-07-27T17:23:11.165+0800: 4.522: [ParNew: 77168K->8192K(78656K), 0.0119240 secs] 296959K->296591K(558784K), 0.0120269 secs] [Times: user=0.02 sys=0.00, real=0.01 secs] 
2024-07-27T17:23:11.177+0800: 4.534: Total time for which application threads were stopped: 0.0121464 seconds, Stopping threads took: 0.0000228 seconds
2024-07-27T17:23:11.287+0800: 4.645: Application time: 0.1108088 seconds
2024-07-27T17:23:11.288+0800: 4.645: [GC (Allocation Failure) 2024-07-27T17:23:11.288+0800: 4.645: [ParNew: 77168K->8192K(78656K), 0.0035041 secs] 365568K->304784K(558784K), 0.0035611 secs] [Times: user=0.00 sys=0.00, real=0.00 secs] 
2024-07-27T17:23:11.291+0800: 4.649: Total time for which application threads were stopped: 0.0036887 seconds, Stopping threads took: 0.0000350 seconds
2024-07-27T17:23:11.291+0800: 4.649: [CMS-concurrent-abortable-preclean: 0.006/0.243 secs] [Times: user=0.02 sys=0.00, real=0.24 secs] 
2024-07-27T17:23:11.292+0800: 4.649: Application time: 0.0003559 seconds
2024-07-27T17:23:11.292+0800: 4.649: [GC (CMS Final Remark) [YG occupancy: 12655 K (78656 K)]2024-07-27T17:23:11.292+0800: 4.649: [Rescan (parallel) , 0.0008006 secs]2024-07-27T17:23:11.292+0800: 4.650: [weak refs processing, 0.0000168 secs]2024-07-27T17:23:11.293+0800: 4.650: [class unloading, 0.0001753 secs]2024-07-27T17:23:11.293+0800: 4.650: [scrub symbol table, 0.0003428 secs]2024-07-27T17:23:11.293+0800: 4.651: [scrub string table, 0.0001009 secs][1 CMS-remark: 296591K(480128K)] 309247K(558784K), 0.0014989 secs] [Times: user=0.00 sys=0.00, real=0.00 secs] 
2024-07-27T17:23:11.293+0800: 4.651: Total time for which application threads were stopped: 0.0016763 seconds, Stopping threads took: 0.0001346 seconds
2024-07-27T17:23:11.293+0800: 4.651: [CMS-concurrent-sweep-start]
2024-07-27T17:23:11.295+0800: 4.653: [CMS-concurrent-sweep: 0.002/0.002 secs] [Times: user=0.00 sys=0.00, real=0.00 secs] 
2024-07-27T17:23:11.295+0800: 4.653: [CMS-concurrent-reset-start]
2024-07-27T17:23:11.298+0800: 4.655: [CMS-concurrent-reset: 0.002/0.002 secs] [Times: user=0.00 sys=0.00, real=0.00 secs] 
2024-07-27T17:23:11.299+0800: 4.656: Application time: 0.0053869 seconds
2024-07-27T17:23:11.299+0800: 4.656: [GC (Allocation Failure) 2024-07-27T17:23:11.299+0800: 4.656: [ParNew: 77168K->8192K(78656K), 0.0138683 secs] 230398K->230030K(558784K), 0.0139185 secs] [Times: user=0.03 sys=0.00, real=0.01 secs] 
2024-07-27T17:23:11.313+0800: 4.670: Total time for which application threads were stopped: 0.0140109 seconds, Stopping threads took: 0.0000122 seconds
2024-07-27T17:23:11.313+0800: 4.671: Application time: 0.0002410 seconds
2024-07-27T17:23:11.313+0800: 4.671: [GC (CMS Initial Mark) [1 CMS-initial-mark: 221838K(480128K)] 233470K(558784K), 0.0007830 secs] [Times: user=0.00 sys=0.00, real=0.00 secs] 
2024-07-27T17:23:11.314+0800: 4.672: Total time for which application threads were stopped: 0.0010006 seconds, Stopping threads took: 0.0001729 seconds
2024-07-27T17:23:11.314+0800: 4.672: [CMS-concurrent-mark-start]
2024-07-27T17:23:11.316+0800: 4.673: [CMS-concurrent-mark: 0.002/0.002 secs] [Times: user=0.00 sys=0.00, real=0.00 secs] 
2024-07-27T17:23:11.316+0800: 4.673: [CMS-concurrent-preclean-start]
2024-07-27T17:23:11.316+0800: 4.674: [CMS-concurrent-preclean: 0.001/0.001 secs] [Times: user=0.00 sys=0.00, real=0.00 secs] 
2024-07-27T17:23:11.316+0800: 4.674: [CMS-concurrent-abortable-preclean-start]
2024-07-27T17:23:11.432+0800: 4.790: Application time: 0.1183600 seconds
2024-07-27T17:23:11.432+0800: 4.790: [GC (Allocation Failure) 2024-07-27T17:23:11.432+0800: 4.790: [ParNew: 77168K->8192K(78656K), 0.0119304 secs] 299007K->298639K(558784K), 0.0119898 secs] [Times: user=0.03 sys=0.00, real=0.01 secs] 
2024-07-27T17:23:11.444+0800: 4.802: Total time for which application threads were stopped: 0.0121047 seconds, Stopping threads took: 0.0000185 seconds
2024-07-27T17:23:11.555+0800: 4.913: Application time: 0.1111948 seconds
2024-07-27T17:23:11.556+0800: 4.913: [GC (Allocation Failure) 2024-07-27T17:23:11.556+0800: 4.913: [ParNew: 77168K->8192K(78656K), 0.0034839 secs] 367616K->307856K(558784K), 0.0035404 secs] [Times: user=0.00 sys=0.00, real=0.00 secs] 
2024-07-27T17:23:11.559+0800: 4.917: Total time for which application threads were stopped: 0.0036674 seconds, Stopping threads took: 0.0000394 seconds
2024-07-27T17:23:11.559+0800: 4.917: [CMS-concurrent-abortable-preclean: 0.005/0.243 secs] [Times: user=0.05 sys=0.00, real=0.24 secs] 
2024-07-27T17:23:11.559+0800: 4.917: Application time: 0.0003088 seconds
2024-07-27T17:23:11.560+0800: 4.917: [GC (CMS Final Remark) [YG occupancy: 13679 K (78656 K)]2024-07-27T17:23:11.560+0800: 4.917: [Rescan (parallel) , 0.0009800 secs]2024-07-27T17:23:11.561+0800: 4.918: [weak refs processing, 0.0000128 secs]2024-07-27T17:23:11.561+0800: 4.918: [class unloading, 0.0001750 secs]2024-07-27T17:23:11.561+0800: 4.918: [scrub symbol table, 0.0003476 secs]2024-07-27T17:23:11.561+0800: 4.919: [scrub string table, 0.0001127 secs][1 CMS-remark: 299663K(480128K)] 313343K(558784K), 0.0016901 secs] [Times: user=0.00 sys=0.00, real=0.00 secs] 
2024-07-27T17:23:11.561+0800: 4.919: Total time for which application threads were stopped: 0.0018056 seconds, Stopping threads took: 0.0000812 seconds
2024-07-27T17:23:11.562+0800: 4.919: [CMS-concurrent-sweep-start]
2024-07-27T17:23:11.563+0800: 4.921: [CMS-concurrent-sweep: 0.002/0.002 secs] [Times: user=0.00 sys=0.00, real=0.00 secs] 
2024-07-27T17:23:11.563+0800: 4.921: [CMS-concurrent-reset-start]
2024-07-27T17:23:11.566+0800: 4.924: [CMS-concurrent-reset: 0.003/0.003 secs] [Times: user=0.00 sys=0.00, real=0.00 secs] 
2024-07-27T17:23:11.567+0800: 4.924: Application time: 0.0053741 seconds
2024-07-27T17:23:11.567+0800: 4.924: [GC (Allocation Failure) 2024-07-27T17:23:11.567+0800: 4.924: [ParNew: 77168K->8192K(78656K), 0.0121942 secs] 232446K->232078K(558784K), 0.0122426 secs] [Times: user=0.00 sys=0.00, real=0.01 secs] 
2024-07-27T17:23:11.579+0800: 4.937: Total time for which application threads were stopped: 0.0123362 seconds, Stopping threads took: 0.0000129 seconds
2024-07-27T17:23:11.579+0800: 4.937: Application time: 0.0002413 seconds
2024-07-27T17:23:11.579+0800: 4.937: [GC (CMS Initial Mark) [1 CMS-initial-mark: 223886K(480128K)] 235518K(558784K), 0.0007893 secs] [Times: user=0.00 sys=0.00, real=0.00 secs] 
2024-07-27T17:23:11.580+0800: 4.938: Total time for which application threads were stopped: 0.0009914 seconds, Stopping threads took: 0.0001601 seconds
2024-07-27T17:23:11.580+0800: 4.938: [CMS-concurrent-mark-start]
2024-07-27T17:23:11.582+0800: 4.940: [CMS-concurrent-mark: 0.002/0.002 secs] [Times: user=0.00 sys=0.00, real=0.00 secs] 
2024-07-27T17:23:11.582+0800: 4.940: [CMS-concurrent-preclean-start]
2024-07-27T17:23:11.583+0800: 4.940: [CMS-concurrent-preclean: 0.001/0.001 secs] [Times: user=0.02 sys=0.00, real=0.00 secs] 
2024-07-27T17:23:11.583+0800: 4.940: [CMS-concurrent-abortable-preclean-start]
2024-07-27T17:23:11.700+0800: 5.057: Application time: 0.1191324 seconds
2024-07-27T17:23:11.700+0800: 5.057: [GC (Allocation Failure) 2024-07-27T17:23:11.700+0800: 5.057: [ParNew: 77168K->8192K(78656K), 0.0122541 secs] 301055K->300687K(558784K), 0.0123112 secs] [Times: user=0.03 sys=0.00, real=0.01 secs] 
2024-07-27T17:23:11.712+0800: 5.069: Total time for which application threads were stopped: 0.0124182 seconds, Stopping threads took: 0.0000177 seconds
2024-07-27T17:23:11.823+0800: 5.180: Application time: 0.1104713 seconds
2024-07-27T17:23:11.823+0800: 5.180: [GC (Allocation Failure) 2024-07-27T17:23:11.823+0800: 5.180: [ParNew: 77168K->8192K(78656K), 0.0038905 secs] 369664K->310928K(558784K), 0.0039499 secs] [Times: user=0.00 sys=0.00, real=0.00 secs] 
2024-07-27T17:23:11.827+0800: 5.184: Total time for which application threads were stopped: 0.0040582 seconds, Stopping threads took: 0.0000206 seconds
2024-07-27T17:23:11.827+0800: 5.184: [CMS-concurrent-abortable-preclean: 0.006/0.244 secs] [Times: user=0.03 sys=0.00, real=0.24 secs] 
2024-07-27T17:23:11.827+0800: 5.184: Application time: 0.0002207 seconds
2024-07-27T17:23:11.827+0800: 5.184: [GC (CMS Final Remark) [YG occupancy: 11631 K (78656 K)]2024-07-27T17:23:11.827+0800: 5.184: [Rescan (parallel) , 0.0008657 secs]2024-07-27T17:23:11.828+0800: 5.185: [weak refs processing, 0.0000135 secs]2024-07-27T17:23:11.828+0800: 5.185: [class unloading, 0.0001745 secs]2024-07-27T17:23:11.828+0800: 5.185: [scrub symbol table, 0.0003424 secs]2024-07-27T17:23:11.828+0800: 5.186: [scrub string table, 0.0001231 secs][1 CMS-remark: 302735K(480128K)] 314367K(558784K), 0.0015956 secs] [Times: user=0.00 sys=0.00, real=0.00 secs] 
2024-07-27T17:23:11.829+0800: 5.186: Total time for which application threads were stopped: 0.0017711 seconds, Stopping threads took: 0.0001379 seconds
2024-07-27T17:23:11.829+0800: 5.186: [CMS-concurrent-sweep-start]
2024-07-27T17:23:11.830+0800: 5.188: [CMS-concurrent-sweep: 0.002/0.002 secs] [Times: user=0.00 sys=0.00, real=0.00 secs] 
2024-07-27T17:23:11.831+0800: 5.188: [CMS-concurrent-reset-start]
2024-07-27T17:23:11.833+0800: 5.190: [CMS-concurrent-reset: 0.002/0.002 secs] [Times: user=0.03 sys=0.00, real=0.00 secs] 
2024-07-27T17:23:11.834+0800: 5.192: Application time: 0.0055493 seconds
2024-07-27T17:23:11.834+0800: 5.192: [GC (Allocation Failure) 2024-07-27T17:23:11.834+0800: 5.192: [ParNew: 77168K->8192K(78656K), 0.0117995 secs] 234494K->234126K(558784K), 0.0118482 secs] [Times: user=0.00 sys=0.00, real=0.01 secs] 
2024-07-27T17:23:11.846+0800: 5.204: Total time for which application threads were stopped: 0.0119454 seconds, Stopping threads took: 0.0000133 seconds
2024-07-27T17:23:11.846+0800: 5.204: Application time: 0.0002394 seconds
2024-07-27T17:23:11.846+0800: 5.204: [GC (CMS Initial Mark) [1 CMS-initial-mark: 225934K(480128K)] 237566K(558784K), 0.0007303 secs] [Times: user=0.00 sys=0.00, real=0.00 secs] 
2024-07-27T17:23:11.847+0800: 5.205: Total time for which application threads were stopped: 0.0008657 seconds, Stopping threads took: 0.0000856 seconds
2024-07-27T17:23:11.847+0800: 5.205: [CMS-concurrent-mark-start]
2024-07-27T17:23:11.849+0800: 5.206: [CMS-concurrent-mark: 0.002/0.002 secs] [Times: user=0.03 sys=0.00, real=0.00 secs] 
2024-07-27T17:23:11.849+0800: 5.206: [CMS-concurrent-preclean-start]
2024-07-27T17:23:11.850+0800: 5.207: [CMS-concurrent-preclean: 0.001/0.001 secs] [Times: user=0.00 sys=0.00, real=0.00 secs] 
2024-07-27T17:23:11.850+0800: 5.207: [CMS-concurrent-abortable-preclean-start]
2024-07-27T17:23:11.965+0800: 5.324: Application time: 0.1189560 seconds
2024-07-27T17:23:11.966+0800: 5.324: [GC (Allocation Failure) 2024-07-27T17:23:11.966+0800: 5.324: [ParNew: 77168K->8192K(78656K), 0.0120613 secs] 303103K->302735K(558784K), 0.0121260 secs] [Times: user=0.03 sys=0.00, real=0.01 secs] 
2024-07-27T17:23:11.978+0800: 5.336: Total time for which application threads were stopped: 0.0122492 seconds, Stopping threads took: 0.0000194 seconds
2024-07-27T17:23:12.090+0800: 5.448: Application time: 0.1119088 seconds
2024-07-27T17:23:12.090+0800: 5.448: [GC (Allocation Failure) 2024-07-27T17:23:12.090+0800: 5.448: [ParNew: 77168K->8192K(78656K), 0.0037417 secs] 371712K->314000K(558784K), 0.0037999 secs] [Times: user=0.00 sys=0.00, real=0.00 secs] 
2024-07-27T17:23:12.094+0800: 5.452: Total time for which application threads were stopped: 0.0039057 seconds, Stopping threads took: 0.0000193 seconds
2024-07-27T17:23:12.094+0800: 5.452: [CMS-concurrent-abortable-preclean: 0.006/0.245 secs] [Times: user=0.03 sys=0.00, real=0.24 secs] 
2024-07-27T17:23:12.095+0800: 5.452: Application time: 0.0002799 seconds
2024-07-27T17:23:12.095+0800: 5.452: [GC (CMS Final Remark) [YG occupancy: 11631 K (78656 K)]2024-07-27T17:23:12.095+0800: 5.452: [Rescan (parallel) , 0.0010535 secs]2024-07-27T17:23:12.096+0800: 5.453: [weak refs processing, 0.0000128 secs]2024-07-27T17:23:12.096+0800: 5.453: [class unloading, 0.0001905 secs]2024-07-27T17:23:12.096+0800: 5.453: [scrub symbol table, 0.0003463 secs]2024-07-27T17:23:12.096+0800: 5.454: [scrub string table, 0.0001003 secs][1 CMS-remark: 305808K(480128K)] 317439K(558784K), 0.0017658 secs] [Times: user=0.00 sys=0.00, real=0.00 secs] 
2024-07-27T17:23:12.096+0800: 5.454: Total time for which application threads were stopped: 0.0018581 seconds, Stopping threads took: 0.0000576 seconds
2024-07-27T17:23:12.097+0800: 5.454: [CMS-concurrent-sweep-start]
2024-07-27T17:23:12.098+0800: 5.456: [CMS-concurrent-sweep: 0.002/0.002 secs] [Times: user=0.00 sys=0.00, real=0.00 secs] 
2024-07-27T17:23:12.098+0800: 5.456: [CMS-concurrent-reset-start]
2024-07-27T17:23:12.101+0800: 5.458: [CMS-concurrent-reset: 0.003/0.003 secs] [Times: user=0.03 sys=0.00, real=0.00 secs] 
2024-07-27T17:23:12.102+0800: 5.459: Application time: 0.0055790 seconds
2024-07-27T17:23:12.102+0800: 5.459: [GC (Allocation Failure) 2024-07-27T17:23:12.102+0800: 5.459: [ParNew: 77168K->8192K(78656K), 0.0124449 secs] 236542K->236174K(558784K), 0.0124942 secs] [Times: user=0.03 sys=0.00, real=0.01 secs] 
2024-07-27T17:23:12.115+0800: 5.472: Total time for which application threads were stopped: 0.0125994 seconds, Stopping threads took: 0.0000250 seconds
2024-07-27T17:23:12.115+0800: 5.472: Application time: 0.0001834 seconds
2024-07-27T17:23:12.115+0800: 5.472: [GC (CMS Initial Mark) [1 CMS-initial-mark: 227982K(480128K)] 239614K(558784K), 0.0008003 secs] [Times: user=0.00 sys=0.00, real=0.00 secs] 
2024-07-27T17:23:12.116+0800: 5.473: Total time for which application threads were stopped: 0.0009764 seconds, Stopping threads took: 0.0001352 seconds
2024-07-27T17:23:12.116+0800: 5.473: [CMS-concurrent-mark-start]
2024-07-27T17:23:12.117+0800: 5.475: [CMS-concurrent-mark: 0.002/0.002 secs] [Times: user=0.00 sys=0.00, real=0.00 secs] 
2024-07-27T17:23:12.117+0800: 5.475: [CMS-concurrent-preclean-start]
2024-07-27T17:23:12.118+0800: 5.475: [CMS-concurrent-preclean: 0.001/0.001 secs] [Times: user=0.00 sys=0.00, real=0.00 secs] 
2024-07-27T17:23:12.118+0800: 5.475: [CMS-concurrent-abortable-preclean-start]
2024-07-27T17:23:12.235+0800: 5.593: Application time: 0.1194636 seconds
2024-07-27T17:23:12.235+0800: 5.593: [GC (Allocation Failure) 2024-07-27T17:23:12.235+0800: 5.593: [ParNew: 77168K->8192K(78656K), 0.0117435 secs] 305151K->304784K(558784K), 0.0118145 secs] [Times: user=0.03 sys=0.00, real=0.01 secs] 
2024-07-27T17:23:12.247+0800: 5.605: Total time for which application threads were stopped: 0.0119274 seconds, Stopping threads took: 0.0000185 seconds
2024-07-27T17:23:12.359+0800: 5.717: Application time: 0.1122955 seconds
2024-07-27T17:23:12.359+0800: 5.717: [GC (Allocation Failure) 2024-07-27T17:23:12.359+0800: 5.717: [ParNew: 77168K->8192K(78656K), 0.0040040 secs] 373760K->317072K(558784K), 0.0040619 secs] [Times: user=0.00 sys=0.00, real=0.00 secs] 
2024-07-27T17:23:12.363+0800: 5.721: Total time for which application threads were stopped: 0.0042161 seconds, Stopping threads took: 0.0000197 seconds
2024-07-27T17:23:12.363+0800: 5.721: [CMS-concurrent-abortable-preclean: 0.006/0.246 secs] [Times: user=0.03 sys=0.00, real=0.24 secs] 
2024-07-27T17:23:12.363+0800: 5.721: Application time: 0.0002882 seconds
2024-07-27T17:23:12.363+0800: 5.721: [GC (CMS Final Remark) [YG occupancy: 12655 K (78656 K)]2024-07-27T17:23:12.363+0800: 5.721: [Rescan (parallel) , 0.0010907 secs]2024-07-27T17:23:12.364+0800: 5.723: [weak refs processing, 0.0000128 secs]2024-07-27T17:23:12.364+0800: 5.723: [class unloading, 0.0002105 secs]2024-07-27T17:23:12.365+0800: 5.723: [scrub symbol table, 0.0003427 secs]2024-07-27T17:23:12.365+0800: 5.723: [scrub string table, 0.0001006 secs][1 CMS-remark: 308880K(480128K)] 321535K(558784K), 0.0018210 secs] [Times: user=0.11 sys=0.00, real=0.00 secs] 
2024-07-27T17:23:12.365+0800: 5.723: Total time for which application threads were stopped: 0.0019340 seconds, Stopping threads took: 0.0000788 seconds
2024-07-27T17:23:12.365+0800: 5.724: [CMS-concurrent-sweep-start]
2024-07-27T17:23:12.368+0800: 5.725: [CMS-concurrent-sweep: 0.002/0.002 secs] [Times: user=0.00 sys=0.00, real=0.00 secs] 
2024-07-27T17:23:12.368+0800: 5.725: [CMS-concurrent-reset-start]
2024-07-27T17:23:12.370+0800: 5.728: [CMS-concurrent-reset: 0.002/0.002 secs] [Times: user=0.00 sys=0.00, real=0.00 secs] 
2024-07-27T17:23:12.371+0800: 5.729: Application time: 0.0053962 seconds
2024-07-27T17:23:12.371+0800: 5.729: [GC (Allocation Failure) 2024-07-27T17:23:12.371+0800: 5.729: [ParNew: 77168K->8192K(78656K), 0.0118556 secs] 238590K->238223K(558784K), 0.0119074 secs] [Times: user=0.03 sys=0.00, real=0.01 secs] 
2024-07-27T17:23:12.383+0800: 5.741: Total time for which application threads were stopped: 0.0120008 seconds, Stopping threads took: 0.0000126 seconds
2024-07-27T17:23:12.383+0800: 5.741: Application time: 0.0001458 seconds
2024-07-27T17:23:12.383+0800: 5.741: [GC (CMS Initial Mark) [1 CMS-initial-mark: 230030K(480128K)] 241662K(558784K), 0.0008651 secs] [Times: user=0.00 sys=0.00, real=0.00 secs] 
2024-07-27T17:23:12.384+0800: 5.742: Total time for which application threads were stopped: 0.0010168 seconds, Stopping threads took: 0.0001096 seconds
2024-07-27T17:23:12.384+0800: 5.742: [CMS-concurrent-mark-start]
2024-07-27T17:23:12.385+0800: 5.744: [CMS-concurrent-mark: 0.002/0.002 secs] [Times: user=0.00 sys=0.00, real=0.00 secs] 
2024-07-27T17:23:12.385+0800: 5.744: [CMS-concurrent-preclean-start]
2024-07-27T17:23:12.387+0800: 5.744: [CMS-concurrent-preclean: 0.001/0.001 secs] [Times: user=0.00 sys=0.00, real=0.00 secs] 
2024-07-27T17:23:12.387+0800: 5.744: [CMS-concurrent-abortable-preclean-start]
2024-07-27T17:23:12.504+0800: 5.861: Application time: 0.1190999 seconds
2024-07-27T17:23:12.504+0800: 5.861: [GC (Allocation Failure) 2024-07-27T17:23:12.504+0800: 5.861: [ParNew: 77168K->8192K(78656K), 0.0119287 secs] 307199K->306832K(558784K), 0.0119967 secs] [Times: user=0.03 sys=0.00, real=0.01 secs] 
2024-07-27T17:23:12.516+0800: 5.873: Total time for which application threads were stopped: 0.0121049 seconds, Stopping threads took: 0.0000191 seconds
2024-07-27T17:23:12.628+0800: 5.985: Application time: 0.1119046 seconds
2024-07-27T17:23:12.628+0800: 5.985: [GC (Allocation Failure) 2024-07-27T17:23:12.628+0800: 5.985: [ParNew: 77168K->8192K(78656K), 0.0043531 secs] 375808K->320144K(558784K), 0.0044108 secs] [Times: user=0.03 sys=0.00, real=0.00 secs] 
2024-07-27T17:23:12.632+0800: 5.989: Total time for which application threads were stopped: 0.0045178 seconds, Stopping threads took: 0.0000203 seconds
2024-07-27T17:23:12.632+0800: 5.990: [CMS-concurrent-abortable-preclean: 0.006/0.245 secs] [Times: user=0.06 sys=0.00, real=0.24 secs] 
2024-07-27T17:23:12.632+0800: 5.990: Application time: 0.0003118 seconds
2024-07-27T17:23:12.633+0800: 5.990: [GC (CMS Final Remark) [YG occupancy: 12655 K (78656 K)]2024-07-27T17:23:12.633+0800: 5.990: [Rescan (parallel) , 0.0007294 secs]2024-07-27T17:23:12.633+0800: 5.991: [weak refs processing, 0.0000130 secs]2024-07-27T17:23:12.633+0800: 5.991: [class unloading, 0.0001929 secs]2024-07-27T17:23:12.634+0800: 5.991: [scrub symbol table, 0.0003417 secs]2024-07-27T17:23:12.634+0800: 5.991: [scrub string table, 0.0001003 secs][1 CMS-remark: 311952K(480128K)] 324607K(558784K), 0.0014419 secs] [Times: user=0.00 sys=0.00, real=0.00 secs] 
2024-07-27T17:23:12.634+0800: 5.991: Total time for which application threads were stopped: 0.0015570 seconds, Stopping threads took: 0.0000808 seconds
2024-07-27T17:23:12.634+0800: 5.992: [CMS-concurrent-sweep-start]
2024-07-27T17:23:12.636+0800: 5.993: [CMS-concurrent-sweep: 0.002/0.002 secs] [Times: user=0.00 sys=0.00, real=0.00 secs] 
2024-07-27T17:23:12.636+0800: 5.993: [CMS-concurrent-reset-start]
2024-07-27T17:23:12.639+0800: 5.996: [CMS-concurrent-reset: 0.003/0.003 secs] [Times: user=0.00 sys=0.00, real=0.00 secs] 
2024-07-27T17:23:12.639+0800: 5.997: Application time: 0.0054329 seconds
2024-07-27T17:23:12.640+0800: 5.997: [GC (Allocation Failure) 2024-07-27T17:23:12.640+0800: 5.997: [ParNew: 77168K->8192K(78656K), 0.0130363 secs] 240638K->240271K(558784K), 0.0130991 secs] [Times: user=0.03 sys=0.00, real=0.01 secs] 
2024-07-27T17:23:12.652+0800: 6.010: Total time for which application threads were stopped: 0.0132068 seconds, Stopping threads took: 0.0000203 seconds
2024-07-27T17:23:12.652+0800: 6.010: Application time: 0.0001739 seconds
2024-07-27T17:23:12.652+0800: 6.010: [GC (CMS Initial Mark) [1 CMS-initial-mark: 232078K(480128K)] 243710K(558784K), 0.0007981 secs] [Times: user=0.00 sys=0.00, real=0.00 secs] 
2024-07-27T17:23:12.653+0800: 6.011: Total time for which application threads were stopped: 0.0009966 seconds, Stopping threads took: 0.0001567 seconds
2024-07-27T17:23:12.653+0800: 6.011: [CMS-concurrent-mark-start]
2024-07-27T17:23:12.655+0800: 6.013: [CMS-concurrent-mark: 0.001/0.001 secs] [Times: user=0.00 sys=0.00, real=0.00 secs] 
2024-07-27T17:23:12.655+0800: 6.013: [CMS-concurrent-preclean-start]
2024-07-27T17:23:12.655+0800: 6.013: [CMS-concurrent-preclean: 0.001/0.001 secs] [Times: user=0.00 sys=0.00, real=0.00 secs] 
2024-07-27T17:23:12.655+0800: 6.013: [CMS-concurrent-abortable-preclean-start]
2024-07-27T17:23:12.773+0800: 6.130: Application time: 0.1191371 seconds
2024-07-27T17:23:12.773+0800: 6.130: [GC (Allocation Failure) 2024-07-27T17:23:12.773+0800: 6.130: [ParNew: 77168K->8192K(78656K), 0.0117307 secs] 309247K->308880K(558784K), 0.0118103 secs] [Times: user=0.00 sys=0.00, real=0.01 secs] 
2024-07-27T17:23:12.785+0800: 6.142: Total time for which application threads were stopped: 0.0119241 seconds, Stopping threads took: 0.0000200 seconds
2024-07-27T17:23:12.897+0800: 6.255: Application time: 0.1124385 seconds
2024-07-27T17:23:12.897+0800: 6.255: [GC (Allocation Failure) 2024-07-27T17:23:12.897+0800: 6.255: [ParNew: 77168K->8192K(78656K), 0.0045528 secs] 377856K->323216K(558784K), 0.0046111 secs] [Times: user=0.00 sys=0.00, real=0.00 secs] 
2024-07-27T17:23:12.901+0800: 6.259: Total time for which application threads were stopped: 0.0047197 seconds, Stopping threads took: 0.0000203 seconds
2024-07-27T17:23:12.901+0800: 6.259: [CMS-concurrent-abortable-preclean: 0.006/0.246 secs] [Times: user=0.06 sys=0.00, real=0.25 secs] 
2024-07-27T17:23:12.902+0800: 6.260: Application time: 0.0002874 seconds
2024-07-27T17:23:12.902+0800: 6.260: [GC (CMS Final Remark) [YG occupancy: 11631 K (78656 K)]2024-07-27T17:23:12.902+0800: 6.260: [Rescan (parallel) , 0.0007966 secs]2024-07-27T17:23:12.903+0800: 6.261: [weak refs processing, 0.0000134 secs]2024-07-27T17:23:12.903+0800: 6.261: [class unloading, 0.0001755 secs]2024-07-27T17:23:12.903+0800: 6.261: [scrub symbol table, 0.0003475 secs]2024-07-27T17:23:12.903+0800: 6.261: [scrub string table, 0.0001147 secs][1 CMS-remark: 315024K(480128K)] 326655K(558784K), 0.0015108 secs] [Times: user=0.00 sys=0.00, real=0.00 secs] 
2024-07-27T17:23:12.903+0800: 6.261: Total time for which application threads were stopped: 0.0016872 seconds, Stopping threads took: 0.0001323 seconds
2024-07-27T17:23:12.904+0800: 6.262: [CMS-concurrent-sweep-start]
2024-07-27T17:23:12.905+0800: 6.263: [CMS-concurrent-sweep: 0.001/0.001 secs] [Times: user=0.00 sys=0.00, real=0.00 secs] 
2024-07-27T17:23:12.905+0800: 6.263: [CMS-concurrent-reset-start]
2024-07-27T17:23:12.907+0800: 6.265: [CMS-concurrent-reset: 0.002/0.002 secs] [Times: user=0.00 sys=0.00, real=0.00 secs] 
2024-07-27T17:23:12.909+0800: 6.267: Application time: 0.0055061 seconds
2024-07-27T17:23:12.909+0800: 6.267: [GC (Allocation Failure) 2024-07-27T17:23:12.909+0800: 6.267: [ParNew: 77168K->8192K(78656K), 0.0117633 secs] 242686K->242319K(558784K), 0.0118160 secs] [Times: user=0.03 sys=0.00, real=0.01 secs] 
2024-07-27T17:23:12.921+0800: 6.279: Total time for which application threads were stopped: 0.0119097 seconds, Stopping threads took: 0.0000129 seconds
2024-07-27T17:23:12.921+0800: 6.279: Application time: 0.0002516 seconds
2024-07-27T17:23:12.921+0800: 6.279: [GC (CMS Initial Mark) [1 CMS-initial-mark: 234126K(480128K)] 245758K(558784K), 0.0007856 secs] [Times: user=0.00 sys=0.00, real=0.00 secs] 
2024-07-27T17:23:12.922+0800: 6.280: Total time for which application threads were stopped: 0.0009884 seconds, Stopping threads took: 0.0001619 seconds
2024-07-27T17:23:12.922+0800: 6.280: [CMS-concurrent-mark-start]
2024-07-27T17:23:12.924+0800: 6.282: [CMS-concurrent-mark: 0.001/0.001 secs] [Times: user=0.00 sys=0.00, real=0.00 secs] 
2024-07-27T17:23:12.924+0800: 6.282: [CMS-concurrent-preclean-start]
2024-07-27T17:23:12.924+0800: 6.282: [CMS-concurrent-preclean: 0.001/0.001 secs] [Times: user=0.00 sys=0.00, real=0.00 secs] 
2024-07-27T17:23:12.924+0800: 6.282: [CMS-concurrent-abortable-preclean-start]
2024-07-27T17:23:13.041+0800: 6.399: Application time: 0.1188604 seconds
2024-07-27T17:23:13.041+0800: 6.399: [GC (Allocation Failure) 2024-07-27T17:23:13.041+0800: 6.399: [ParNew: 77168K->8192K(78656K), 0.0118947 secs] 311295K->310928K(558784K), 0.0119546 secs] [Times: user=0.03 sys=0.00, real=0.01 secs] 
2024-07-27T17:23:13.054+0800: 6.411: Total time for which application threads were stopped: 0.0120683 seconds, Stopping threads took: 0.0000198 seconds
2024-07-27T17:23:13.166+0800: 6.524: Application time: 0.1126913 seconds
2024-07-27T17:23:13.166+0800: 6.524: [GC (Allocation Failure) 2024-07-27T17:23:13.166+0800: 6.524: [ParNew: 77168K->8192K(78656K), 0.0043158 secs] 379904K->326288K(558784K), 0.0043744 secs] [Times: user=0.00 sys=0.00, real=0.00 secs] 
2024-07-27T17:23:13.170+0800: 6.528: Total time for which application threads were stopped: 0.0044800 seconds, Stopping threads took: 0.0000201 seconds
2024-07-27T17:23:13.170+0800: 6.528: [CMS-concurrent-abortable-preclean: 0.006/0.246 secs] [Times: user=0.03 sys=0.00, real=0.25 secs] 
2024-07-27T17:23:13.170+0800: 6.528: Application time: 0.0003020 seconds
2024-07-27T17:23:13.171+0800: 6.529: [GC (CMS Final Remark) [YG occupancy: 12655 K (78656 K)]2024-07-27T17:23:13.171+0800: 6.529: [Rescan (parallel) , 0.0007178 secs]2024-07-27T17:23:13.171+0800: 6.529: [weak refs processing, 0.0000131 secs]2024-07-27T17:23:13.171+0800: 6.529: [class unloading, 0.0001847 secs]2024-07-27T17:23:13.172+0800: 6.530: [scrub symbol table, 0.0003451 secs]2024-07-27T17:23:13.172+0800: 6.530: [scrub string table, 0.0001142 secs][1 CMS-remark: 318096K(480128K)] 330751K(558784K), 0.0014373 secs] [Times: user=0.00 sys=0.00, real=0.00 secs] 
2024-07-27T17:23:13.172+0800: 6.530: Total time for which application threads were stopped: 0.0015539 seconds, Stopping threads took: 0.0000712 seconds
2024-07-27T17:23:13.172+0800: 6.530: [CMS-concurrent-sweep-start]
2024-07-27T17:23:13.174+0800: 6.532: [CMS-concurrent-sweep: 0.002/0.002 secs] [Times: user=0.00 sys=0.00, real=0.00 secs] 
2024-07-27T17:23:13.174+0800: 6.532: [CMS-concurrent-reset-start]
2024-07-27T17:23:13.176+0800: 6.534: [CMS-concurrent-reset: 0.003/0.003 secs] [Times: user=0.03 sys=0.00, real=0.00 secs] 
2024-07-27T17:23:13.177+0800: 6.536: Application time: 0.0055297 seconds
2024-07-27T17:23:13.178+0800: 6.536: [GC (Allocation Failure) 2024-07-27T17:23:13.178+0800: 6.536: [ParNew: 77168K->8192K(78656K), 0.0121142 secs] 244734K->244367K(558784K), 0.0121662 secs] [Times: user=0.00 sys=0.00, real=0.01 secs] 
2024-07-27T17:23:13.190+0800: 6.548: Total time for which application threads were stopped: 0.0122613 seconds, Stopping threads took: 0.0000163 seconds
2024-07-27T17:23:13.190+0800: 6.548: Application time: 0.0002417 seconds
2024-07-27T17:23:13.190+0800: 6.548: [GC (CMS Initial Mark) [1 CMS-initial-mark: 236174K(480128K)] 247806K(558784K), 0.0007679 secs] [Times: user=0.00 sys=0.00, real=0.00 secs] 
2024-07-27T17:23:13.191+0800: 6.549: Total time for which application threads were stopped: 0.0009025 seconds, Stopping threads took: 0.0000941 seconds
2024-07-27T17:23:13.191+0800: 6.549: [CMS-concurrent-mark-start]
2024-07-27T17:23:13.192+0800: 6.550: [CMS-concurrent-mark: 0.001/0.001 secs] [Times: user=0.05 sys=0.00, real=0.00 secs] 
2024-07-27T17:23:13.192+0800: 6.550: [CMS-concurrent-preclean-start]
2024-07-27T17:23:13.193+0800: 6.551: [CMS-concurrent-preclean: 0.001/0.001 secs] [Times: user=0.00 sys=0.00, real=0.00 secs] 
2024-07-27T17:23:13.193+0800: 6.551: [CMS-concurrent-abortable-preclean-start]
2024-07-27T17:23:13.308+0800: 6.666: Application time: 0.1170070 seconds
2024-07-27T17:23:13.308+0800: 6.666: [GC (Allocation Failure) 2024-07-27T17:23:13.308+0800: 6.666: [ParNew: 77168K->8192K(78656K), 0.0117259 secs] 313343K->312976K(558784K), 0.0117878 secs] [Times: user=0.03 sys=0.00, real=0.01 secs] 
2024-07-27T17:23:13.321+0800: 6.678: Total time for which application threads were stopped: 0.0119090 seconds, Stopping threads took: 0.0000304 seconds
2024-07-27T17:23:13.432+0800: 6.790: Application time: 0.1120837 seconds
2024-07-27T17:23:13.432+0800: 6.790: [GC (Allocation Failure) 2024-07-27T17:23:13.432+0800: 6.790: [ParNew: 77168K->8192K(78656K), 0.0044857 secs] 381952K->329360K(558784K), 0.0045454 secs] [Times: user=0.00 sys=0.00, real=0.00 secs] 
2024-07-27T17:23:13.436+0800: 6.795: Total time for which application threads were stopped: 0.0046512 seconds, Stopping threads took: 0.0000188 seconds
2024-07-27T17:23:13.437+0800: 6.795: [CMS-concurrent-abortable-preclean: 0.006/0.244 secs] [Times: user=0.03 sys=0.00, real=0.24 secs] 
2024-07-27T17:23:13.437+0800: 6.795: Application time: 0.0003221 seconds
2024-07-27T17:23:13.437+0800: 6.795: [GC (CMS Final Remark) [YG occupancy: 13679 K (78656 K)]2024-07-27T17:23:13.437+0800: 6.795: [Rescan (parallel) , 0.0008179 secs]2024-07-27T17:23:13.438+0800: 6.796: [weak refs processing, 0.0000129 secs]2024-07-27T17:23:13.438+0800: 6.796: [class unloading, 0.0001765 secs]2024-07-27T17:23:13.438+0800: 6.796: [scrub symbol table, 0.0003320 secs]2024-07-27T17:23:13.438+0800: 6.797: [scrub string table, 0.0001139 secs][1 CMS-remark: 321168K(480128K)] 334848K(558784K), 0.0015152 secs] [Times: user=0.00 sys=0.00, real=0.00 secs] 
2024-07-27T17:23:13.438+0800: 6.797: Total time for which application threads were stopped: 0.0017198 seconds, Stopping threads took: 0.0001564 seconds
2024-07-27T17:23:13.439+0800: 6.797: [CMS-concurrent-sweep-start]
2024-07-27T17:23:13.440+0800: 6.798: [CMS-concurrent-sweep: 0.002/0.002 secs] [Times: user=0.00 sys=0.00, real=0.00 secs] 
2024-07-27T17:23:13.440+0800: 6.798: [CMS-concurrent-reset-start]
2024-07-27T17:23:13.443+0800: 6.801: [CMS-concurrent-reset: 0.002/0.002 secs] [Times: user=0.03 sys=0.00, real=0.00 secs] 
2024-07-27T17:23:13.444+0800: 6.802: Application time: 0.0053740 seconds
2024-07-27T17:23:13.444+0800: 6.802: [GC (Allocation Failure) 2024-07-27T17:23:13.444+0800: 6.802: [ParNew: 77168K->8192K(78656K), 0.0126423 secs] 246782K->246415K(558784K), 0.0126913 secs] [Times: user=0.00 sys=0.00, real=0.01 secs] 
2024-07-27T17:23:13.457+0800: 6.815: Total time for which application threads were stopped: 0.0128189 seconds, Stopping threads took: 0.0000122 seconds
2024-07-27T17:23:13.457+0800: 6.815: Application time: 0.0001939 seconds
2024-07-27T17:23:13.457+0800: 6.815: [GC (CMS Initial Mark) [1 CMS-initial-mark: 238223K(480128K)] 249854K(558784K), 0.0008387 secs] [Times: user=0.00 sys=0.00, real=0.00 secs] 
2024-07-27T17:23:13.458+0800: 6.816: Total time for which application threads were stopped: 0.0010220 seconds, Stopping threads took: 0.0001352 seconds
2024-07-27T17:23:13.458+0800: 6.816: [CMS-concurrent-mark-start]
2024-07-27T17:23:13.459+0800: 6.818: [CMS-concurrent-mark: 0.001/0.001 secs] [Times: user=0.00 sys=0.00, real=0.00 secs] 
2024-07-27T17:23:13.459+0800: 6.818: [CMS-concurrent-preclean-start]
2024-07-27T17:23:13.460+0800: 6.818: [CMS-concurrent-preclean: 0.001/0.001 secs] [Times: user=0.00 sys=0.00, real=0.00 secs] 
2024-07-27T17:23:13.460+0800: 6.818: [CMS-concurrent-abortable-preclean-start]
2024-07-27T17:23:13.575+0800: 6.932: Application time: 0.1163945 seconds
2024-07-27T17:23:13.575+0800: 6.933: [GC (Allocation Failure) 2024-07-27T17:23:13.575+0800: 6.933: [ParNew: 77168K->8192K(78656K), 0.0116413 secs] 315391K->315024K(558784K), 0.0117069 secs] [Times: user=0.03 sys=0.00, real=0.01 secs] 
2024-07-27T17:23:13.587+0800: 6.944: Total time for which application threads were stopped: 0.0118311 seconds, Stopping threads took: 0.0000353 seconds
2024-07-27T17:23:13.699+0800: 7.057: Application time: 0.1125722 seconds
2024-07-27T17:23:13.699+0800: 7.057: [GC (Allocation Failure) 2024-07-27T17:23:13.699+0800: 7.057: [ParNew: 77168K->8192K(78656K), 0.0048052 secs] 384000K->332432K(558784K), 0.0048640 secs] [Times: user=0.00 sys=0.00, real=0.01 secs] 
2024-07-27T17:23:13.704+0800: 7.062: Total time for which application threads were stopped: 0.0049765 seconds, Stopping threads took: 0.0000194 seconds
2024-07-27T17:23:13.704+0800: 7.062: [CMS-concurrent-abortable-preclean: 0.006/0.244 secs] [Times: user=0.03 sys=0.00, real=0.24 secs] 
2024-07-27T17:23:13.704+0800: 7.062: Application time: 0.0004056 seconds
2024-07-27T17:23:13.704+0800: 7.062: [GC (CMS Final Remark) [YG occupancy: 14703 K (78656 K)]2024-07-27T17:23:13.704+0800: 7.062: [Rescan (parallel) , 0.0011403 secs]2024-07-27T17:23:13.706+0800: 7.064: [weak refs processing, 0.0000126 secs]2024-07-27T17:23:13.706+0800: 7.064: [class unloading, 0.0001763 secs]2024-07-27T17:23:13.706+0800: 7.064: [scrub symbol table, 0.0003429 secs]2024-07-27T17:23:13.706+0800: 7.064: [scrub string table, 0.0001137 secs][1 CMS-remark: 324240K(480128K)] 338944K(558784K), 0.0018481 secs] [Times: user=0.00 sys=0.00, real=0.00 secs] 
2024-07-27T17:23:13.706+0800: 7.064: Total time for which application threads were stopped: 0.0019615 seconds, Stopping threads took: 0.0000788 seconds
2024-07-27T17:23:13.707+0800: 7.065: [CMS-concurrent-sweep-start]
2024-07-27T17:23:13.708+0800: 7.066: [CMS-concurrent-sweep: 0.001/0.001 secs] [Times: user=0.03 sys=0.00, real=0.00 secs] 
2024-07-27T17:23:13.708+0800: 7.066: [CMS-concurrent-reset-start]
2024-07-27T17:23:13.711+0800: 7.069: [CMS-concurrent-reset: 0.003/0.003 secs] [Times: user=0.00 sys=0.00, real=0.00 secs] 
2024-07-27T17:23:13.712+0800: 7.070: Application time: 0.0054639 seconds
2024-07-27T17:23:13.712+0800: 7.070: [GC (Allocation Failure) 2024-07-27T17:23:13.712+0800: 7.070: [ParNew: 77168K->8192K(78656K), 0.0118340 secs] 248830K->248463K(558784K), 0.0118819 secs] [Times: user=0.03 sys=0.00, real=0.01 secs] 
2024-07-27T17:23:13.724+0800: 7.082: Total time for which application threads were stopped: 0.0119734 seconds, Stopping threads took: 0.0000134 seconds
2024-07-27T17:23:13.724+0800: 7.082: Application time: 0.0002351 seconds
2024-07-27T17:23:13.724+0800: 7.082: [GC (CMS Initial Mark) [1 CMS-initial-mark: 240271K(480128K)] 251902K(558784K), 0.0007468 secs] [Times: user=0.00 sys=0.00, real=0.00 secs] 
2024-07-27T17:23:13.725+0800: 7.083: Total time for which application threads were stopped: 0.0009591 seconds, Stopping threads took: 0.0001709 seconds
2024-07-27T17:23:13.725+0800: 7.083: [CMS-concurrent-mark-start]
2024-07-27T17:23:13.726+0800: 7.084: [CMS-concurrent-mark: 0.001/0.001 secs] [Times: user=0.00 sys=0.00, real=0.00 secs] 
2024-07-27T17:23:13.726+0800: 7.084: [CMS-concurrent-preclean-start]
2024-07-27T17:23:13.727+0800: 7.085: [CMS-concurrent-preclean: 0.001/0.001 secs] [Times: user=0.00 sys=0.00, real=0.00 secs] 
2024-07-27T17:23:13.727+0800: 7.085: [CMS-concurrent-abortable-preclean-start]
2024-07-27T17:23:13.843+0800: 7.201: Application time: 0.1184584 seconds
2024-07-27T17:23:13.844+0800: 7.201: [GC (Allocation Failure) 2024-07-27T17:23:13.844+0800: 7.201: [ParNew: 77168K->8202K(78656K), 0.0122288 secs] 317439K->317082K(558784K), 0.0122795 secs] [Times: user=0.03 sys=0.00, real=0.01 secs] 
2024-07-27T17:23:13.856+0800: 7.214: Total time for which application threads were stopped: 0.0123902 seconds, Stopping threads took: 0.0000209 seconds
2024-07-27T17:23:13.968+0800: 7.326: Application time: 0.1119444 seconds
2024-07-27T17:23:13.968+0800: 7.326: [GC (Allocation Failure) 2024-07-27T17:23:13.968+0800: 7.326: [ParNew: 77178K->8192K(78656K), 0.0048042 secs] 386058K->335504K(558784K), 0.0048640 secs] [Times: user=0.00 sys=0.00, real=0.01 secs] 
2024-07-27T17:23:13.973+0800: 7.331: Total time for which application threads were stopped: 0.0049721 seconds, Stopping threads took: 0.0000200 seconds
2024-07-27T17:23:13.973+0800: 7.331: [CMS-concurrent-abortable-preclean: 0.007/0.246 secs] [Times: user=0.03 sys=0.00, real=0.25 secs] 
2024-07-27T17:23:13.973+0800: 7.331: Application time: 0.0002965 seconds
2024-07-27T17:23:13.973+0800: 7.331: [GC (CMS Final Remark) [YG occupancy: 12655 K (78656 K)]2024-07-27T17:23:13.973+0800: 7.331: [Rescan (parallel) , 0.0007713 secs]2024-07-27T17:23:13.974+0800: 7.332: [weak refs processing, 0.0000131 secs]2024-07-27T17:23:13.974+0800: 7.332: [class unloading, 0.0001737 secs]2024-07-27T17:23:13.974+0800: 7.332: [scrub symbol table, 0.0003496 secs]2024-07-27T17:23:13.975+0800: 7.332: [scrub string table, 0.0001120 secs][1 CMS-remark: 327312K(480128K)] 339968K(558784K), 0.0014824 secs] [Times: user=0.00 sys=0.00, real=0.00 secs] 
2024-07-27T17:23:13.975+0800: 7.333: Total time for which application threads were stopped: 0.0016740 seconds, Stopping threads took: 0.0001441 seconds
2024-07-27T17:23:13.975+0800: 7.333: [CMS-concurrent-sweep-start]
2024-07-27T17:23:13.977+0800: 7.334: [CMS-concurrent-sweep: 0.002/0.002 secs] [Times: user=0.00 sys=0.00, real=0.00 secs] 
2024-07-27T17:23:13.977+0800: 7.335: [CMS-concurrent-reset-start]
2024-07-27T17:23:13.979+0800: 7.337: [CMS-concurrent-reset: 0.003/0.003 secs] [Times: user=0.00 sys=0.00, real=0.00 secs] 
2024-07-27T17:23:13.980+0800: 7.338: Application time: 0.0054132 seconds
2024-07-27T17:23:13.980+0800: 7.338: [GC (Allocation Failure) 2024-07-27T17:23:13.980+0800: 7.338: [ParNew: 77168K->8192K(78656K), 0.0117778 secs] 250879K->250511K(558784K), 0.0118252 secs] [Times: user=0.03 sys=0.00, real=0.01 secs] 
2024-07-27T17:23:13.992+0800: 7.350: Total time for which application threads were stopped: 0.0119250 seconds, Stopping threads took: 0.0000125 seconds
2024-07-27T17:23:13.992+0800: 7.350: Application time: 0.0002295 seconds
2024-07-27T17:23:13.993+0800: 7.350: [GC (CMS Initial Mark) [1 CMS-initial-mark: 242319K(480128K)] 253951K(558784K), 0.0007368 secs] [Times: user=0.00 sys=0.00, real=0.00 secs] 
2024-07-27T17:23:13.993+0800: 7.351: Total time for which application threads were stopped: 0.0008604 seconds, Stopping threads took: 0.0000697 seconds
2024-07-27T17:23:13.993+0800: 7.351: [CMS-concurrent-mark-start]
2024-07-27T17:23:13.995+0800: 7.352: [CMS-concurrent-mark: 0.001/0.001 secs] [Times: user=0.00 sys=0.00, real=0.00 secs] 
2024-07-27T17:23:13.995+0800: 7.352: [CMS-concurrent-preclean-start]
2024-07-27T17:23:13.995+0800: 7.353: [CMS-concurrent-preclean: 0.001/0.001 secs] [Times: user=0.00 sys=0.00, real=0.00 secs] 
2024-07-27T17:23:13.995+0800: 7.353: [CMS-concurrent-abortable-preclean-start]
2024-07-27T17:23:14.112+0800: 7.470: Application time: 0.1186631 seconds
2024-07-27T17:23:14.112+0800: 7.470: [GC (Allocation Failure) 2024-07-27T17:23:14.112+0800: 7.470: [ParNew: 77168K->8192K(78656K), 0.0119911 secs] 319488K->319120K(558784K), 0.0120498 secs] [Times: user=0.03 sys=0.00, real=0.01 secs] 
2024-07-27T17:23:14.124+0800: 7.482: Total time for which application threads were stopped: 0.0121670 seconds, Stopping threads took: 0.0000196 seconds
2024-07-27T17:23:14.234+0800: 7.592: Application time: 0.1097942 seconds
2024-07-27T17:23:14.234+0800: 7.592: [GC (Allocation Failure) 2024-07-27T17:23:14.234+0800: 7.592: [ParNew: 77168K->8192K(78656K), 0.0049350 secs] 388097K->338577K(558784K), 0.0049951 secs] [Times: user=0.03 sys=0.00, real=0.01 secs] 
2024-07-27T17:23:14.239+0800: 7.597: Total time for which application threads were stopped: 0.0050993 seconds, Stopping threads took: 0.0000165 seconds
2024-07-27T17:23:14.239+0800: 7.597: [CMS-concurrent-abortable-preclean: 0.006/0.244 secs] [Times: user=0.06 sys=0.00, real=0.24 secs] 
2024-07-27T17:23:14.240+0800: 7.597: Application time: 0.0003464 seconds
2024-07-27T17:23:14.240+0800: 7.597: [GC (CMS Final Remark) [YG occupancy: 13679 K (78656 K)]2024-07-27T17:23:14.240+0800: 7.597: [Rescan (parallel) , 0.0010159 secs]2024-07-27T17:23:14.241+0800: 7.598: [weak refs processing, 0.0000129 secs]2024-07-27T17:23:14.241+0800: 7.598: [class unloading, 0.0001899 secs]2024-07-27T17:23:14.241+0800: 7.599: [scrub symbol table, 0.0003439 secs]2024-07-27T17:23:14.241+0800: 7.599: [scrub string table, 0.0001003 secs][1 CMS-remark: 330384K(480128K)] 344064K(558784K), 0.0017260 secs] [Times: user=0.00 sys=0.00, real=0.00 secs] 
2024-07-27T17:23:14.241+0800: 7.599: Total time for which application threads were stopped: 0.0018872 seconds, Stopping threads took: 0.0001260 seconds
2024-07-27T17:23:14.242+0800: 7.599: [CMS-concurrent-sweep-start]
2024-07-27T17:23:14.243+0800: 7.601: [CMS-concurrent-sweep: 0.002/0.002 secs] [Times: user=0.00 sys=0.00, real=0.00 secs] 
2024-07-27T17:23:14.243+0800: 7.601: [CMS-concurrent-reset-start]
2024-07-27T17:23:14.246+0800: 7.603: [CMS-concurrent-reset: 0.003/0.003 secs] [Times: user=0.00 sys=0.00, real=0.00 secs] 
2024-07-27T17:23:14.247+0800: 7.605: Application time: 0.0054807 seconds
2024-07-27T17:23:14.247+0800: 7.605: [GC (Allocation Failure) 2024-07-27T17:23:14.247+0800: 7.605: [ParNew: 77168K->8192K(78656K), 0.0117926 secs] 252927K->252559K(558784K), 0.0118411 secs] [Times: user=0.03 sys=0.00, real=0.01 secs] 
2024-07-27T17:23:14.259+0800: 7.616: Total time for which application threads were stopped: 0.0119342 seconds, Stopping threads took: 0.0000126 seconds
2024-07-27T17:23:14.259+0800: 7.617: Application time: 0.0002065 seconds
2024-07-27T17:23:14.259+0800: 7.617: [GC (CMS Initial Mark) [1 CMS-initial-mark: 244367K(480128K)] 255999K(558784K), 0.0007982 secs] [Times: user=0.00 sys=0.00, real=0.00 secs] 
2024-07-27T17:23:14.260+0800: 7.618: Total time for which application threads were stopped: 0.0009216 seconds, Stopping threads took: 0.0000823 seconds
2024-07-27T17:23:14.260+0800: 7.618: [CMS-concurrent-mark-start]
2024-07-27T17:23:14.261+0800: 7.619: [CMS-concurrent-mark: 0.001/0.001 secs] [Times: user=0.00 sys=0.00, real=0.00 secs] 
2024-07-27T17:23:14.261+0800: 7.619: [CMS-concurrent-preclean-start]
2024-07-27T17:23:14.262+0800: 7.619: [CMS-concurrent-preclean: 0.001/0.001 secs] [Times: user=0.00 sys=0.00, real=0.00 secs] 
2024-07-27T17:23:14.262+0800: 7.620: [CMS-concurrent-abortable-preclean-start]
2024-07-27T17:23:14.377+0800: 7.735: Application time: 0.1173237 seconds
2024-07-27T17:23:14.377+0800: 7.735: [GC (Allocation Failure) 2024-07-27T17:23:14.377+0800: 7.735: [ParNew: 77168K->8192K(78656K), 0.0121797 secs] 321536K->321168K(558784K), 0.0122381 secs] [Times: user=0.01 sys=0.01, real=0.01 secs] 
2024-07-27T17:23:14.390+0800: 7.747: Total time for which application threads were stopped: 0.0123466 seconds, Stopping threads took: 0.0000200 seconds
2024-07-27T17:23:14.501+0800: 7.859: Application time: 0.1120431 seconds
2024-07-27T17:23:14.501+0800: 7.859: [GC (Allocation Failure) 2024-07-27T17:23:14.501+0800: 7.859: [ParNew: 77168K->8192K(78656K), 0.0054223 secs] 390145K->341649K(558784K), 0.0054821 secs] [Times: user=0.03 sys=0.00, real=0.01 secs] 
2024-07-27T17:23:14.507+0800: 7.865: Total time for which application threads were stopped: 0.0055941 seconds, Stopping threads took: 0.0000190 seconds
2024-07-27T17:23:14.507+0800: 7.865: [CMS-concurrent-abortable-preclean: 0.006/0.245 secs] [Times: user=0.05 sys=0.01, real=0.24 secs] 
2024-07-27T17:23:14.507+0800: 7.865: Application time: 0.0002907 seconds
2024-07-27T17:23:14.507+0800: 7.865: [GC (CMS Final Remark) [YG occupancy: 12655 K (78656 K)]2024-07-27T17:23:14.507+0800: 7.865: [Rescan (parallel) , 0.0008934 secs]2024-07-27T17:23:14.508+0800: 7.866: [weak refs processing, 0.0000126 secs]2024-07-27T17:23:14.508+0800: 7.866: [class unloading, 0.0001918 secs]2024-07-27T17:23:14.508+0800: 7.866: [scrub symbol table, 0.0003456 secs]2024-07-27T17:23:14.509+0800: 7.867: [scrub string table, 0.0001015 secs][1 CMS-remark: 333456K(480128K)] 346112K(558784K), 0.0016075 secs] [Times: user=0.00 sys=0.00, real=0.00 secs] 
2024-07-27T17:23:14.509+0800: 7.867: Total time for which application threads were stopped: 0.0017201 seconds, Stopping threads took: 0.0000774 seconds
2024-07-27T17:23:14.509+0800: 7.867: [CMS-concurrent-sweep-start]
2024-07-27T17:23:14.511+0800: 7.869: [CMS-concurrent-sweep: 0.002/0.002 secs] [Times: user=0.00 sys=0.00, real=0.00 secs] 
2024-07-27T17:23:14.511+0800: 7.869: [CMS-concurrent-reset-start]
2024-07-27T17:23:14.513+0800: 7.872: [CMS-concurrent-reset: 0.003/0.003 secs] [Times: user=0.00 sys=0.00, real=0.00 secs] 
2024-07-27T17:23:14.514+0800: 7.872: Application time: 0.0054015 seconds
2024-07-27T17:23:14.514+0800: 7.872: [GC (Allocation Failure) 2024-07-27T17:23:14.514+0800: 7.872: [ParNew: 77168K->8192K(78656K), 0.0121080 secs] 254975K->254607K(558784K), 0.0121698 secs] [Times: user=0.03 sys=0.00, real=0.01 secs] 
2024-07-27T17:23:14.527+0800: 7.885: Total time for which application threads were stopped: 0.0122666 seconds, Stopping threads took: 0.0000118 seconds
2024-07-27T17:23:14.527+0800: 7.885: Application time: 0.0002114 seconds
2024-07-27T17:23:14.527+0800: 7.885: [GC (CMS Initial Mark) [1 CMS-initial-mark: 246415K(480128K)] 258047K(558784K), 0.0008767 secs] [Times: user=0.00 sys=0.00, real=0.00 secs] 
2024-07-27T17:23:14.528+0800: 7.886: Total time for which application threads were stopped: 0.0010214 seconds, Stopping threads took: 0.0001037 seconds
2024-07-27T17:23:14.528+0800: 7.886: [CMS-concurrent-mark-start]
2024-07-27T17:23:14.529+0800: 7.887: [CMS-concurrent-mark: 0.001/0.001 secs] [Times: user=0.00 sys=0.00, real=0.00 secs] 
2024-07-27T17:23:14.529+0800: 7.887: [CMS-concurrent-preclean-start]
2024-07-27T17:23:14.530+0800: 7.888: [CMS-concurrent-preclean: 0.001/0.001 secs] [Times: user=0.00 sys=0.00, real=0.00 secs] 
2024-07-27T17:23:14.530+0800: 7.888: [CMS-concurrent-abortable-preclean-start]
2024-07-27T17:23:14.646+0800: 8.004: Application time: 0.1178981 seconds
2024-07-27T17:23:14.646+0800: 8.004: [GC (Allocation Failure) 2024-07-27T17:23:14.646+0800: 8.004: [ParNew: 77168K->8192K(78656K), 0.0125629 secs] 323584K->323216K(558784K), 0.0126223 secs] [Times: user=0.00 sys=0.00, real=0.01 secs] 
2024-07-27T17:23:14.658+0800: 8.016: Total time for which application threads were stopped: 0.0127463 seconds, Stopping threads took: 0.0000205 seconds
2024-07-27T17:23:14.769+0800: 8.127: Application time: 0.1102775 seconds
2024-07-27T17:23:14.769+0800: 8.127: [GC (Allocation Failure) 2024-07-27T17:23:14.769+0800: 8.127: [ParNew: 77168K->8192K(78656K), 0.0050427 secs] 392193K->344721K(558784K), 0.0051173 secs] [Times: user=0.03 sys=0.00, real=0.00 secs] 
2024-07-27T17:23:14.774+0800: 8.132: Total time for which application threads were stopped: 0.0052231 seconds, Stopping threads took: 0.0000191 seconds
2024-07-27T17:23:14.774+0800: 8.132: [CMS-concurrent-abortable-preclean: 0.006/0.244 secs] [Times: user=0.08 sys=0.00, real=0.24 secs] 
2024-07-27T17:23:14.774+0800: 8.132: Application time: 0.0003237 seconds
2024-07-27T17:23:14.774+0800: 8.132: [GC (CMS Final Remark) [YG occupancy: 13679 K (78656 K)]2024-07-27T17:23:14.774+0800: 8.132: [Rescan (parallel) , 0.0010238 secs]2024-07-27T17:23:14.775+0800: 8.134: [weak refs processing, 0.0000129 secs]2024-07-27T17:23:14.775+0800: 8.134: [class unloading, 0.0001971 secs]2024-07-27T17:23:14.776+0800: 8.134: [scrub symbol table, 0.0003444 secs]2024-07-27T17:23:14.776+0800: 8.134: [scrub string table, 0.0001005 secs][1 CMS-remark: 336528K(480128K)] 350208K(558784K), 0.0017441 secs] [Times: user=0.00 sys=0.00, real=0.00 secs] 
2024-07-27T17:23:14.776+0800: 8.134: Total time for which application threads were stopped: 0.0019037 seconds, Stopping threads took: 0.0001238 seconds
2024-07-27T17:23:14.776+0800: 8.134: [CMS-concurrent-sweep-start]
2024-07-27T17:23:14.778+0800: 8.136: [CMS-concurrent-sweep: 0.002/0.002 secs] [Times: user=0.00 sys=0.00, real=0.00 secs] 
2024-07-27T17:23:14.778+0800: 8.136: [CMS-concurrent-reset-start]
2024-07-27T17:23:14.780+0800: 8.139: [CMS-concurrent-reset: 0.002/0.002 secs] [Times: user=0.00 sys=0.00, real=0.00 secs] 
2024-07-27T17:23:14.781+0800: 8.140: Application time: 0.0053953 seconds
2024-07-27T17:23:14.782+0800: 8.140: [GC (Allocation Failure) 2024-07-27T17:23:14.782+0800: 8.140: [ParNew: 77168K->8192K(78656K), 0.0118316 secs] 257023K->256655K(558784K), 0.0118801 secs] [Times: user=0.03 sys=0.00, real=0.01 secs] 
2024-07-27T17:23:14.794+0800: 8.152: Total time for which application threads were stopped: 0.0119814 seconds, Stopping threads took: 0.0000157 seconds
2024-07-27T17:23:14.794+0800: 8.152: Application time: 0.0002378 seconds
2024-07-27T17:23:14.794+0800: 8.152: [GC (CMS Initial Mark) [1 CMS-initial-mark: 248463K(480128K)] 260095K(558784K), 0.0007818 secs] [Times: user=0.00 sys=0.00, real=0.00 secs] 
2024-07-27T17:23:14.795+0800: 8.153: Total time for which application threads were stopped: 0.0009683 seconds, Stopping threads took: 0.0001448 seconds
2024-07-27T17:23:14.795+0800: 8.153: [CMS-concurrent-mark-start]
2024-07-27T17:23:14.796+0800: 8.154: [CMS-concurrent-mark: 0.001/0.001 secs] [Times: user=0.00 sys=0.00, real=0.00 secs] 
2024-07-27T17:23:14.796+0800: 8.154: [CMS-concurrent-preclean-start]
2024-07-27T17:23:14.796+0800: 8.155: [CMS-concurrent-preclean: 0.001/0.001 secs] [Times: user=0.00 sys=0.00, real=0.00 secs] 
2024-07-27T17:23:14.797+0800: 8.155: [CMS-concurrent-abortable-preclean-start]
2024-07-27T17:23:14.911+0800: 8.269: Application time: 0.1165123 seconds
2024-07-27T17:23:14.911+0800: 8.269: [GC (Allocation Failure) 2024-07-27T17:23:14.911+0800: 8.269: [ParNew: 77168K->8192K(78656K), 0.0123982 secs] 325632K->325264K(558784K), 0.0124532 secs] [Times: user=0.00 sys=0.00, real=0.01 secs] 
2024-07-27T17:23:14.924+0800: 8.282: Total time for which application threads were stopped: 0.0125600 seconds, Stopping threads took: 0.0000185 seconds
2024-07-27T17:23:15.036+0800: 8.394: Application time: 0.1123580 seconds
2024-07-27T17:23:15.036+0800: 8.394: [GC (Allocation Failure) 2024-07-27T17:23:15.036+0800: 8.394: [ParNew: 77168K->8192K(78656K), 0.0053024 secs] 394241K->347793K(558784K), 0.0053621 secs] [Times: user=0.00 sys=0.00, real=0.01 secs] 
2024-07-27T17:23:15.042+0800: 8.400: Total time for which application threads were stopped: 0.0054820 seconds, Stopping threads took: 0.0000188 seconds
2024-07-27T17:23:15.042+0800: 8.400: [CMS-concurrent-abortable-preclean: 0.006/0.245 secs] [Times: user=0.06 sys=0.00, real=0.25 secs] 
2024-07-27T17:23:15.042+0800: 8.400: Application time: 0.0003611 seconds
2024-07-27T17:23:15.042+0800: 8.400: [GC (CMS Final Remark) [YG occupancy: 13679 K (78656 K)]2024-07-27T17:23:15.042+0800: 8.400: [Rescan (parallel) , 0.0010574 secs]2024-07-27T17:23:15.043+0800: 8.401: [weak refs processing, 0.0000128 secs]2024-07-27T17:23:15.043+0800: 8.401: [class unloading, 0.0001863 secs]2024-07-27T17:23:15.044+0800: 8.402: [scrub symbol table, 0.0003466 secs]2024-07-27T17:23:15.044+0800: 8.402: [scrub string table, 0.0001012 secs][1 CMS-remark: 339601K(480128K)] 353280K(558784K), 0.0017745 secs] [Times: user=0.00 sys=0.00, real=0.00 secs] 
2024-07-27T17:23:15.044+0800: 8.402: Total time for which application threads were stopped: 0.0019786 seconds, Stopping threads took: 0.0001556 seconds
2024-07-27T17:23:15.044+0800: 8.402: [CMS-concurrent-sweep-start]
2024-07-27T17:23:15.046+0800: 8.404: [CMS-concurrent-sweep: 0.002/0.002 secs] [Times: user=0.00 sys=0.00, real=0.00 secs] 
2024-07-27T17:23:15.046+0800: 8.404: [CMS-concurrent-reset-start]
2024-07-27T17:23:15.049+0800: 8.407: [CMS-concurrent-reset: 0.003/0.003 secs] [Times: user=0.00 sys=0.00, real=0.00 secs] 
2024-07-27T17:23:15.049+0800: 8.408: Application time: 0.0054585 seconds
2024-07-27T17:23:15.050+0800: 8.408: [GC (Allocation Failure) 2024-07-27T17:23:15.050+0800: 8.408: [ParNew: 77168K->8192K(78656K), 0.0119701 secs] 259071K->258703K(558784K), 0.0120200 secs] [Times: user=0.03 sys=0.00, real=0.01 secs] 
2024-07-27T17:23:15.062+0800: 8.420: Total time for which application threads were stopped: 0.0121341 seconds, Stopping threads took: 0.0000136 seconds
2024-07-27T17:23:15.062+0800: 8.420: Application time: 0.0002625 seconds
2024-07-27T17:23:15.062+0800: 8.420: [GC (CMS Initial Mark) [1 CMS-initial-mark: 250511K(480128K)] 262143K(558784K), 0.0006778 secs] [Times: user=0.00 sys=0.00, real=0.00 secs] 
2024-07-27T17:23:15.063+0800: 8.421: Total time for which application threads were stopped: 0.0007967 seconds, Stopping threads took: 0.0000786 seconds
2024-07-27T17:23:15.063+0800: 8.421: [CMS-concurrent-mark-start]
2024-07-27T17:23:15.064+0800: 8.422: [CMS-concurrent-mark: 0.001/0.001 secs] [Times: user=0.00 sys=0.00, real=0.00 secs] 
2024-07-27T17:23:15.064+0800: 8.422: [CMS-concurrent-preclean-start]
2024-07-27T17:23:15.065+0800: 8.423: [CMS-concurrent-preclean: 0.001/0.001 secs] [Times: user=0.00 sys=0.00, real=0.00 secs] 
2024-07-27T17:23:15.065+0800: 8.423: [CMS-concurrent-abortable-preclean-start]
2024-07-27T17:23:15.180+0800: 8.538: Application time: 0.1168677 seconds
2024-07-27T17:23:15.180+0800: 8.538: [GC (Allocation Failure) 2024-07-27T17:23:15.180+0800: 8.538: [ParNew: 77168K->8192K(78656K), 0.0115217 secs] 327680K->327312K(558784K), 0.0115798 secs] [Times: user=0.02 sys=0.00, real=0.01 secs] 
2024-07-27T17:23:15.192+0800: 8.549: Total time for which application threads were stopped: 0.0116881 seconds, Stopping threads took: 0.0000192 seconds
2024-07-27T17:23:15.304+0800: 8.662: Application time: 0.1122213 seconds
2024-07-27T17:23:15.304+0800: 8.662: [GC (Allocation Failure) 2024-07-27T17:23:15.304+0800: 8.662: [ParNew: 77543K->8194K(78656K), 0.0054546 secs] 396664K->349843K(558784K), 0.0055233 secs] [Times: user=0.00 sys=0.00, real=0.01 secs] 
2024-07-27T17:23:15.310+0800: 8.667: Total time for which application threads were stopped: 0.0056299 seconds, Stopping threads took: 0.0000195 seconds
2024-07-27T17:23:15.310+0800: 8.667: [CMS-concurrent-abortable-preclean: 0.006/0.245 secs] [Times: user=0.05 sys=0.00, real=0.24 secs] 
2024-07-27T17:23:15.310+0800: 8.667: Application time: 0.0002984 seconds
2024-07-27T17:23:15.310+0800: 8.668: [GC (CMS Final Remark) [YG occupancy: 12647 K (78656 K)]2024-07-27T17:23:15.310+0800: 8.668: [Rescan (parallel) , 0.0010993 secs]2024-07-27T17:23:15.311+0800: 8.669: [weak refs processing, 0.0000130 secs]2024-07-27T17:23:15.311+0800: 8.669: [class unloading, 0.0001922 secs]2024-07-27T17:23:15.311+0800: 8.669: [scrub symbol table, 0.0003572 secs]2024-07-27T17:23:15.312+0800: 8.669: [scrub string table, 0.0001055 secs][1 CMS-remark: 341649K(480128K)] 354296K(558784K), 0.0018335 secs] [Times: user=0.00 sys=0.00, real=0.00 secs] 
2024-07-27T17:23:15.312+0800: 8.669: Total time for which application threads were stopped: 0.0020130 seconds, Stopping threads took: 0.0001384 seconds
2024-07-27T17:23:15.312+0800: 8.670: [CMS-concurrent-sweep-start]
2024-07-27T17:23:15.314+0800: 8.671: [CMS-concurrent-sweep: 0.002/0.002 secs] [Times: user=0.00 sys=0.00, real=0.00 secs] 
2024-07-27T17:23:15.314+0800: 8.671: [CMS-concurrent-reset-start]
2024-07-27T17:23:15.317+0800: 8.674: [CMS-concurrent-reset: 0.003/0.003 secs] [Times: user=0.03 sys=0.00, real=0.00 secs] 
2024-07-27T17:23:15.318+0800: 8.675: Application time: 0.0056688 seconds
2024-07-27T17:23:15.318+0800: 8.675: [GC (Allocation Failure) 2024-07-27T17:23:15.318+0800: 8.675: [ParNew: 77160K->8192K(78656K), 0.0121924 secs] 260087K->259727K(558784K), 0.0122554 secs] [Times: user=0.00 sys=0.00, real=0.01 secs] 
2024-07-27T17:23:15.330+0800: 8.688: Total time for which application threads were stopped: 0.0123625 seconds, Stopping threads took: 0.0000181 seconds
2024-07-27T17:23:15.330+0800: 8.688: Application time: 0.0001739 seconds
2024-07-27T17:23:15.330+0800: 8.688: [GC (CMS Initial Mark) [1 CMS-initial-mark: 251535K(480128K)] 263161K(558784K), 0.0007991 secs] [Times: user=0.00 sys=0.00, real=0.00 secs] 
2024-07-27T17:23:15.331+0800: 8.689: Total time for which application threads were stopped: 0.0010046 seconds, Stopping threads took: 0.0001631 seconds
2024-07-27T17:23:15.331+0800: 8.689: [CMS-concurrent-mark-start]
2024-07-27T17:23:15.332+0800: 8.690: [CMS-concurrent-mark: 0.001/0.001 secs] [Times: user=0.00 sys=0.00, real=0.00 secs] 
2024-07-27T17:23:15.332+0800: 8.690: [CMS-concurrent-preclean-start]
2024-07-27T17:23:15.333+0800: 8.691: [CMS-concurrent-preclean: 0.001/0.001 secs] [Times: user=0.02 sys=0.00, real=0.00 secs] 
2024-07-27T17:23:15.333+0800: 8.691: [CMS-concurrent-abortable-preclean-start]
2024-07-27T17:23:15.447+0800: 8.805: Application time: 0.1164785 seconds
2024-07-27T17:23:15.448+0800: 8.805: [GC (Allocation Failure) 2024-07-27T17:23:15.448+0800: 8.805: [ParNew: 77162K->8192K(78656K), 0.0123621 secs] 328698K->328336K(558784K), 0.0124261 secs] [Times: user=0.03 sys=0.00, real=0.01 secs] 
2024-07-27T17:23:15.460+0800: 8.818: Total time for which application threads were stopped: 0.0125513 seconds, Stopping threads took: 0.0000222 seconds
2024-07-27T17:23:15.571+0800: 8.929: Application time: 0.1112468 seconds
2024-07-27T17:23:15.571+0800: 8.929: [GC (Allocation Failure) 2024-07-27T17:23:15.571+0800: 8.929: [ParNew: 77164K->8192K(78656K), 0.0056171 secs] 397309K->351889K(558784K), 0.0056764 secs] [Times: user=0.00 sys=0.00, real=0.01 secs] 
2024-07-27T17:23:15.577+0800: 8.935: Total time for which application threads were stopped: 0.0057844 seconds, Stopping threads took: 0.0000194 seconds
2024-07-27T17:23:15.577+0800: 8.935: [CMS-concurrent-abortable-preclean: 0.006/0.244 secs] [Times: user=0.03 sys=0.00, real=0.24 secs] 
2024-07-27T17:23:15.577+0800: 8.935: Application time: 0.0002807 seconds
2024-07-27T17:23:15.577+0800: 8.935: [GC (CMS Final Remark) [YG occupancy: 12653 K (78656 K)]2024-07-27T17:23:15.577+0800: 8.935: [Rescan (parallel) , 0.0003886 secs]2024-07-27T17:23:15.578+0800: 8.936: [weak refs processing, 0.0000131 secs]2024-07-27T17:23:15.578+0800: 8.936: [class unloading, 0.0001892 secs]2024-07-27T17:23:15.578+0800: 8.936: [scrub symbol table, 0.0003474 secs]2024-07-27T17:23:15.578+0800: 8.936: [scrub string table, 0.0001074 secs][1 CMS-remark: 343697K(480128K)] 356350K(558784K), 0.0011093 secs] [Times: user=0.00 sys=0.00, real=0.00 secs] 
2024-07-27T17:23:15.579+0800: 8.936: Total time for which application threads were stopped: 0.0011976 seconds, Stopping threads took: 0.0000527 seconds
2024-07-27T17:23:15.579+0800: 8.936: [CMS-concurrent-sweep-start]
2024-07-27T17:23:15.580+0800: 8.938: [CMS-concurrent-sweep: 0.001/0.001 secs] [Times: user=0.00 sys=0.00, real=0.00 secs] 
2024-07-27T17:23:15.580+0800: 8.938: [CMS-concurrent-reset-start]
2024-07-27T17:23:15.583+0800: 8.941: [CMS-concurrent-reset: 0.003/0.003 secs] [Times: user=0.03 sys=0.00, real=0.00 secs] 
2024-07-27T17:23:15.584+0800: 8.942: Application time: 0.0054600 seconds
2024-07-27T17:23:15.584+0800: 8.942: [GC (Allocation Failure) 2024-07-27T17:23:15.584+0800: 8.942: [ParNew: 77166K->8192K(78656K), 0.0121266 secs] 261116K->260751K(558784K), 0.0121758 secs] [Times: user=0.00 sys=0.00, real=0.01 secs] 
2024-07-27T17:23:15.596+0800: 8.954: Total time for which application threads were stopped: 0.0122700 seconds, Stopping threads took: 0.0000134 seconds
2024-07-27T17:23:15.597+0800: 8.954: Application time: 0.0002473 seconds
2024-07-27T17:23:15.597+0800: 8.954: [GC (CMS Initial Mark) [1 CMS-initial-mark: 252559K(480128K)] 264189K(558784K), 0.0007866 secs] [Times: user=0.00 sys=0.00, real=0.00 secs] 
2024-07-27T17:23:15.598+0800: 8.955: Total time for which application threads were stopped: 0.0009484 seconds, Stopping threads took: 0.0001180 seconds
2024-07-27T17:23:15.598+0800: 8.955: [CMS-concurrent-mark-start]
2024-07-27T17:23:15.599+0800: 8.956: [CMS-concurrent-mark: 0.001/0.001 secs] [Times: user=0.03 sys=0.00, real=0.00 secs] 
2024-07-27T17:23:15.599+0800: 8.956: [CMS-concurrent-preclean-start]
2024-07-27T17:23:15.599+0800: 8.957: [CMS-concurrent-preclean: 0.001/0.001 secs] [Times: user=0.00 sys=0.00, real=0.00 secs] 
2024-07-27T17:23:15.599+0800: 8.957: [CMS-concurrent-abortable-preclean-start]
2024-07-27T17:23:15.716+0800: 9.074: Application time: 0.1190934 seconds
2024-07-27T17:23:15.716+0800: 9.074: [GC (Allocation Failure) 2024-07-27T17:23:15.717+0800: 9.074: [ParNew: 77167K->8192K(78656K), 0.0118800 secs] 329726K->329360K(558784K), 0.0119431 secs] [Times: user=0.03 sys=0.00, real=0.01 secs] 
2024-07-27T17:23:15.729+0800: 9.086: Total time for which application threads were stopped: 0.0120513 seconds, Stopping threads took: 0.0000195 seconds
2024-07-27T17:23:15.840+0800: 9.198: Application time: 0.1118547 seconds
2024-07-27T17:23:15.840+0800: 9.198: [GC (Allocation Failure) 2024-07-27T17:23:15.840+0800: 9.198: [ParNew: 77167K->8192K(78656K), 0.0056977 secs] 398336K->353937K(558784K), 0.0057562 secs] [Times: user=0.00 sys=0.00, real=0.01 secs] 
2024-07-27T17:23:15.846+0800: 9.204: Total time for which application threads were stopped: 0.0058632 seconds, Stopping threads took: 0.0000190 seconds
2024-07-27T17:23:15.846+0800: 9.204: [CMS-concurrent-abortable-preclean: 0.006/0.247 secs] [Times: user=0.03 sys=0.00, real=0.25 secs] 
2024-07-27T17:23:15.846+0800: 9.204: Application time: 0.0002978 seconds
2024-07-27T17:23:15.847+0800: 9.205: [GC (CMS Final Remark) [YG occupancy: 12655 K (78656 K)]2024-07-27T17:23:15.847+0800: 9.205: [Rescan (parallel) , 0.0010893 secs]2024-07-27T17:23:15.848+0800: 9.206: [weak refs processing, 0.0000126 secs]2024-07-27T17:23:15.848+0800: 9.206: [class unloading, 0.0001836 secs]2024-07-27T17:23:15.848+0800: 9.206: [scrub symbol table, 0.0003436 secs]2024-07-27T17:23:15.848+0800: 9.206: [scrub string table, 0.0001129 secs][1 CMS-remark: 345745K(480128K)] 358400K(558784K), 0.0018041 secs] [Times: user=0.01 sys=0.00, real=0.00 secs] 
2024-07-27T17:23:15.848+0800: 9.206: Total time for which application threads were stopped: 0.0020193 seconds, Stopping threads took: 0.0001793 seconds
2024-07-27T17:23:15.849+0800: 9.207: [CMS-concurrent-sweep-start]
2024-07-27T17:23:15.850+0800: 9.208: [CMS-concurrent-sweep: 0.002/0.002 secs] [Times: user=0.00 sys=0.00, real=0.00 secs] 
2024-07-27T17:23:15.850+0800: 9.208: [CMS-concurrent-reset-start]
2024-07-27T17:23:15.853+0800: 9.211: [CMS-concurrent-reset: 0.003/0.003 secs] [Times: user=0.00 sys=0.00, real=0.00 secs] 
2024-07-27T17:23:15.854+0800: 9.212: Application time: 0.0055237 seconds
2024-07-27T17:23:15.854+0800: 9.212: [GC (Allocation Failure) 2024-07-27T17:23:15.854+0800: 9.212: [ParNew: 77168K->8192K(78656K), 0.0117738 secs] 263166K->262799K(558784K), 0.0118217 secs] [Times: user=0.03 sys=0.00, real=0.01 secs] 
2024-07-27T17:23:15.866+0800: 9.224: Total time for which application threads were stopped: 0.0119203 seconds, Stopping threads took: 0.0000132 seconds
2024-07-27T17:23:15.866+0800: 9.224: Application time: 0.0002074 seconds
2024-07-27T17:23:15.866+0800: 9.224: [GC (CMS Initial Mark) [1 CMS-initial-mark: 254607K(480128K)] 265215K(558784K), 0.0005214 secs] [Times: user=0.00 sys=0.00, real=0.00 secs] 
2024-07-27T17:23:15.867+0800: 9.225: Total time for which application threads were stopped: 0.0005819 seconds, Stopping threads took: 0.0000208 seconds
2024-07-27T17:23:15.867+0800: 9.225: [CMS-concurrent-mark-start]
2024-07-27T17:23:15.868+0800: 9.226: [CMS-concurrent-mark: 0.001/0.001 secs] [Times: user=0.00 sys=0.00, real=0.00 secs] 
2024-07-27T17:23:15.868+0800: 9.226: [CMS-concurrent-preclean-start]
2024-07-27T17:23:15.868+0800: 9.226: [CMS-concurrent-preclean: 0.001/0.001 secs] [Times: user=0.00 sys=0.00, real=0.00 secs] 
2024-07-27T17:23:15.868+0800: 9.226: [CMS-concurrent-abortable-preclean-start]
2024-07-27T17:23:15.985+0800: 9.343: Application time: 0.1179402 seconds
2024-07-27T17:23:15.985+0800: 9.343: [GC (Allocation Failure) 2024-07-27T17:23:15.985+0800: 9.343: [ParNew: 77168K->8192K(78656K), 0.0115248 secs] 331776K->331408K(558784K), 0.0115862 secs] [Times: user=0.03 sys=0.00, real=0.01 secs] 
2024-07-27T17:23:15.997+0800: 9.354: Total time for which application threads were stopped: 0.0116932 seconds, Stopping threads took: 0.0000189 seconds
2024-07-27T17:23:16.109+0800: 9.467: Application time: 0.1126675 seconds
2024-07-27T17:23:16.110+0800: 9.467: [GC (Allocation Failure) 2024-07-27T17:23:16.110+0800: 9.467: [ParNew: 77171K->8192K(78656K), 0.0059531 secs] 400387K->357009K(558784K), 0.0060128 secs] [Times: user=0.03 sys=0.00, real=0.01 secs] 
2024-07-27T17:23:16.116+0800: 9.473: Total time for which application threads were stopped: 0.0061438 seconds, Stopping threads took: 0.0000224 seconds
2024-07-27T17:23:16.116+0800: 9.473: [CMS-concurrent-abortable-preclean: 0.005/0.247 secs] [Times: user=0.06 sys=0.00, real=0.25 secs] 
2024-07-27T17:23:16.116+0800: 9.473: Application time: 0.0003787 seconds
2024-07-27T17:23:16.116+0800: 9.474: [GC (CMS Final Remark) [YG occupancy: 14698 K (78656 K)]2024-07-27T17:23:16.116+0800: 9.474: [Rescan (parallel) , 0.0010451 secs]2024-07-27T17:23:16.117+0800: 9.475: [weak refs processing, 0.0000126 secs]2024-07-27T17:23:16.117+0800: 9.475: [class unloading, 0.0002072 secs]2024-07-27T17:23:16.117+0800: 9.475: [scrub symbol table, 0.0003493 secs]2024-07-27T17:23:16.118+0800: 9.475: [scrub string table, 0.0001001 secs][1 CMS-remark: 348817K(480128K)] 363515K(558784K), 0.0017782 secs] [Times: user=0.00 sys=0.00, real=0.00 secs] 
2024-07-27T17:23:16.118+0800: 9.475: Total time for which application threads were stopped: 0.0019907 seconds, Stopping threads took: 0.0001772 seconds
2024-07-27T17:23:16.118+0800: 9.476: [CMS-concurrent-sweep-start]
2024-07-27T17:23:16.120+0800: 9.477: [CMS-concurrent-sweep: 0.001/0.001 secs] [Times: user=0.00 sys=0.00, real=0.00 secs] 
2024-07-27T17:23:16.120+0800: 9.477: [CMS-concurrent-reset-start]
2024-07-27T17:23:16.122+0800: 9.480: [CMS-concurrent-reset: 0.003/0.003 secs] [Times: user=0.00 sys=0.00, real=0.00 secs] 
2024-07-27T17:23:16.235+0800: 9.592: Application time: 0.1165670 seconds
2024-07-27T17:23:16.235+0800: 9.592: [GC (Allocation Failure) 2024-07-27T17:23:16.235+0800: 9.592: [ParNew: 77162K->8192K(78656K), 0.0120065 secs] 265209K->264847K(558784K), 0.0120673 secs] [Times: user=0.03 sys=0.00, real=0.01 secs] 
2024-07-27T17:23:16.246+0800: 9.604: Total time for which application threads were stopped: 0.0121865 seconds, Stopping threads took: 0.0000260 seconds
2024-07-27T17:23:16.246+0800: 9.604: Application time: 0.0001782 seconds
2024-07-27T17:23:16.247+0800: 9.605: [GC (CMS Initial Mark) [1 CMS-initial-mark: 256655K(480128K)] 268283K(558784K), 0.0008190 secs] [Times: user=0.00 sys=0.00, real=0.00 secs] 
2024-07-27T17:23:16.247+0800: 9.605: Total time for which application threads were stopped: 0.0010198 seconds, Stopping threads took: 0.0001587 seconds
2024-07-27T17:23:16.247+0800: 9.606: [CMS-concurrent-mark-start]
2024-07-27T17:23:16.251+0800: 9.609: [CMS-concurrent-mark: 0.004/0.004 secs] [Times: user=0.00 sys=0.00, real=0.00 secs] 
2024-07-27T17:23:16.251+0800: 9.609: [CMS-concurrent-preclean-start]
2024-07-27T17:23:16.252+0800: 9.610: Application time: 0.0049697 seconds
2024-07-27T17:23:16.252+0800: 9.610: [GC (Allocation Failure) 2024-07-27T17:23:16.252+0800: 9.610: [ParNew: 77165K->8192K(78656K), 0.0121235 secs] 333820K->333457K(558784K), 0.0121753 secs] [Times: user=0.03 sys=0.00, real=0.01 secs] 
2024-07-27T17:23:16.265+0800: 9.623: Total time for which application threads were stopped: 0.0122747 seconds, Stopping threads took: 0.0000161 seconds
2024-07-27T17:23:16.265+0800: 9.623: [CMS-concurrent-preclean: 0.002/0.014 secs] [Times: user=0.03 sys=0.00, real=0.01 secs] 
2024-07-27T17:23:16.266+0800: 9.624: [CMS-concurrent-abortable-preclean-start]
2024-07-27T17:23:16.379+0800: 9.737: Application time: 0.1147450 seconds
2024-07-27T17:23:16.379+0800: 9.737: [GC (Allocation Failure) 2024-07-27T17:23:16.379+0800: 9.738: [ParNew: 77166K->8192K(78656K), 0.0059732 secs] 402431K->360081K(558784K), 0.0060351 secs] [Times: user=0.00 sys=0.00, real=0.01 secs] 
2024-07-27T17:23:16.386+0800: 9.744: Total time for which application threads were stopped: 0.0061500 seconds, Stopping threads took: 0.0000200 seconds
2024-07-27T17:23:16.386+0800: 9.744: [CMS-concurrent-abortable-preclean: 0.003/0.120 secs] [Times: user=0.03 sys=0.00, real=0.12 secs] 
2024-07-27T17:23:16.386+0800: 9.744: Application time: 0.0003499 seconds
2024-07-27T17:23:16.386+0800: 9.744: [GC (CMS Final Remark) [YG occupancy: 13678 K (78656 K)]2024-07-27T17:23:16.386+0800: 9.744: [Rescan (parallel) , 0.0008043 secs]2024-07-27T17:23:16.387+0800: 9.745: [weak refs processing, 0.0000131 secs]2024-07-27T17:23:16.387+0800: 9.745: [class unloading, 0.0001851 secs]2024-07-27T17:23:16.387+0800: 9.745: [scrub symbol table, 0.0003406 secs]2024-07-27T17:23:16.387+0800: 9.745: [scrub string table, 0.0001013 secs][1 CMS-remark: 351889K(480128K)] 365567K(558784K), 0.0015191 secs] [Times: user=0.00 sys=0.00, real=0.00 secs] 
2024-07-27T17:23:16.388+0800: 9.746: Total time for which application threads were stopped: 0.0016917 seconds, Stopping threads took: 0.0001329 seconds
2024-07-27T17:23:16.388+0800: 9.746: [CMS-concurrent-sweep-start]
2024-07-27T17:23:16.389+0800: 9.747: [CMS-concurrent-sweep: 0.002/0.002 secs] [Times: user=0.00 sys=0.00, real=0.00 secs] 
2024-07-27T17:23:16.389+0800: 9.747: [CMS-concurrent-reset-start]
2024-07-27T17:23:16.392+0800: 9.750: [CMS-concurrent-reset: 0.003/0.003 secs] [Times: user=0.00 sys=0.00, real=0.00 secs] 
2024-07-27T17:23:16.504+0800: 9.861: Application time: 0.1155485 seconds
2024-07-27T17:23:16.504+0800: 9.861: [GC (Allocation Failure) 2024-07-27T17:23:16.504+0800: 9.861: [ParNew: 77167K->8192K(78656K), 0.0118697 secs] 267262K->266896K(558784K), 0.0119319 secs] [Times: user=0.13 sys=0.00, real=0.01 secs] 
2024-07-27T17:23:16.515+0800: 9.873: Total time for which application threads were stopped: 0.0120452 seconds, Stopping threads took: 0.0000208 seconds
2024-07-27T17:23:16.515+0800: 9.873: Application time: 0.0002317 seconds
2024-07-27T17:23:16.516+0800: 9.874: [GC (CMS Initial Mark) [1 CMS-initial-mark: 258703K(480128K)] 270334K(558784K), 0.0007996 secs] [Times: user=0.00 sys=0.00, real=0.00 secs] 
2024-07-27T17:23:16.516+0800: 9.874: Total time for which application threads were stopped: 0.0010013 seconds, Stopping threads took: 0.0001611 seconds
2024-07-27T17:23:16.516+0800: 9.875: [CMS-concurrent-mark-start]
2024-07-27T17:23:16.520+0800: 9.878: [CMS-concurrent-mark: 0.004/0.004 secs] [Times: user=0.03 sys=0.00, real=0.00 secs] 
2024-07-27T17:23:16.520+0800: 9.878: [CMS-concurrent-preclean-start]
2024-07-27T17:23:16.522+0800: 9.880: [CMS-concurrent-preclean: 0.002/0.002 secs] [Times: user=0.00 sys=0.00, real=0.00 secs] 
2024-07-27T17:23:16.522+0800: 9.880: Application time: 0.0052897 seconds
2024-07-27T17:23:16.522+0800: 9.880: [GC (Allocation Failure) 2024-07-27T17:23:16.522+0800: 9.880: [ParNew: 77167K->8192K(78656K), 0.0116992 secs] 335871K->335505K(558784K), 0.0117477 secs] [Times: user=0.00 sys=0.00, real=0.01 secs] 
2024-07-27T17:23:16.534+0800: 9.892: Total time for which application threads were stopped: 0.0118592 seconds, Stopping threads took: 0.0000251 seconds
2024-07-27T17:23:16.534+0800: 9.892: Application time: 0.0002604 seconds
2024-07-27T17:23:16.534+0800: 9.892: [GC (CMS Final Remark) [YG occupancy: 11631 K (78656 K)]2024-07-27T17:23:16.534+0800: 9.892: [Rescan (parallel) , 0.0008416 secs]2024-07-27T17:23:16.535+0800: 9.893: [weak refs processing, 0.0000129 secs]2024-07-27T17:23:16.535+0800: 9.893: [class unloading, 0.0001849 secs]2024-07-27T17:23:16.535+0800: 9.893: [scrub symbol table, 0.0003364 secs]2024-07-27T17:23:16.535+0800: 9.893: [scrub string table, 0.0001014 secs][1 CMS-remark: 327312K(480128K)] 338944K(558784K), 0.0015439 secs] [Times: user=0.00 sys=0.00, real=0.00 secs] 
2024-07-27T17:23:16.535+0800: 9.894: Total time for which application threads were stopped: 0.0016931 seconds, Stopping threads took: 0.0001120 seconds
2024-07-27T17:23:16.536+0800: 9.894: [CMS-concurrent-sweep-start]
2024-07-27T17:23:16.537+0800: 9.895: [CMS-concurrent-sweep: 0.002/0.002 secs] [Times: user=0.00 sys=0.00, real=0.00 secs] 
2024-07-27T17:23:16.537+0800: 9.895: [CMS-concurrent-reset-start]
2024-07-27T17:23:16.539+0800: 9.897: [CMS-concurrent-reset: 0.002/0.002 secs] [Times: user=0.00 sys=0.00, real=0.00 secs] 
2024-07-27T17:23:16.647+0800: 10.005: Application time: 0.1114957 seconds
2024-07-27T17:23:16.647+0800: 10.005: [GC (Allocation Failure) 2024-07-27T17:23:16.647+0800: 10.005: [ParNew: 77168K->8192K(78656K), 0.0085877 secs] 241662K->200334K(558784K), 0.0086472 secs] [Times: user=0.00 sys=0.00, real=0.01 secs] 
2024-07-27T17:23:16.656+0800: 10.014: Total time for which application threads were stopped: 0.0087694 seconds, Stopping threads took: 0.0000320 seconds
2024-07-27T17:23:16.772+0800: 10.129: Application time: 0.1156259 seconds
2024-07-27T17:23:16.772+0800: 10.130: [GC (Allocation Failure) 2024-07-27T17:23:16.772+0800: 10.130: [ParNew: 77168K->8192K(78656K), 0.0119750 secs] 269311K->268944K(558784K), 0.0120485 secs] [Times: user=0.00 sys=0.00, real=0.01 secs] 
2024-07-27T17:23:16.783+0800: 10.142: Total time for which application threads were stopped: 0.0121738 seconds, Stopping threads took: 0.0000344 seconds
2024-07-27T17:23:16.788+0800: 10.146: Application time: 0.0043099 seconds
2024-07-27T17:23:16.788+0800: 10.146: [GC (Allocation Failure) 2024-07-27T17:23:16.788+0800: 10.146: [ParNew: 77168K->8192K(78656K), 0.0119205 secs] 337920K->337553K(558784K), 0.0119703 secs] [Times: user=0.00 sys=0.00, real=0.01 secs] 
2024-07-27T17:23:16.800+0800: 10.158: Total time for which application threads were stopped: 0.0120841 seconds, Stopping threads took: 0.0000197 seconds
2024-07-27T17:23:16.800+0800: 10.158: Application time: 0.0002039 seconds
2024-07-27T17:23:16.800+0800: 10.158: [GC (CMS Initial Mark) [1 CMS-initial-mark: 329360K(480128K)] 340992K(558784K), 0.0007689 secs] [Times: user=0.00 sys=0.02, real=0.00 secs] 
2024-07-27T17:23:16.801+0800: 10.159: Total time for which application threads were stopped: 0.0009288 seconds, Stopping threads took: 0.0001181 seconds
2024-07-27T17:23:16.801+0800: 10.159: [CMS-concurrent-mark-start]
2024-07-27T17:23:16.804+0800: 10.162: [CMS-concurrent-mark: 0.003/0.003 secs] [Times: user=0.00 sys=0.00, real=0.00 secs] 
2024-07-27T17:23:16.804+0800: 10.162: [CMS-concurrent-preclean-start]
2024-07-27T17:23:16.804+0800: 10.163: [CMS-concurrent-preclean: 0.001/0.001 secs] [Times: user=0.00 sys=0.00, real=0.00 secs] 
2024-07-27T17:23:16.804+0800: 10.163: [CMS-concurrent-abortable-preclean-start]
2024-07-27T17:23:16.917+0800: 10.275: Application time: 0.1154728 seconds
2024-07-27T17:23:16.917+0800: 10.275: [GC (Allocation Failure) 2024-07-27T17:23:16.917+0800: 10.275: [ParNew: 77168K->8192K(78656K), 0.0069107 secs] 406529K->366225K(558784K), 0.0069761 secs] [Times: user=0.00 sys=0.00, real=0.01 secs] 
2024-07-27T17:23:16.924+0800: 10.282: Total time for which application threads were stopped: 0.0070916 seconds, Stopping threads took: 0.0000231 seconds
2024-07-27T17:23:17.041+0800: 10.399: Application time: 0.1172821 seconds
2024-07-27T17:23:17.041+0800: 10.399: [GC (Allocation Failure) 2024-07-27T17:23:17.041+0800: 10.399: [ParNew: 77168K->8192K(78656K), 0.0121102 secs] 435202K->434834K(558784K), 0.0121735 secs] [Times: user=0.03 sys=0.00, real=0.01 secs] 
2024-07-27T17:23:17.053+0800: 10.411: Total time for which application threads were stopped: 0.0122855 seconds, Stopping threads took: 0.0000210 seconds
2024-07-27T17:23:17.058+0800: 10.416: Application time: 0.0046257 seconds
2024-07-27T17:23:17.058+0800: 10.416: [GC (Allocation Failure) 2024-07-27T17:23:17.058+0800: 10.416: [ParNew: 77168K->8192K(78656K), 0.0182754 secs] 503811K->503443K(575232K), 0.0183283 secs] [Times: user=0.03 sys=0.00, real=0.02 secs] 
2024-07-27T17:23:17.076+0800: 10.434: Total time for which application threads were stopped: 0.0184253 seconds, Stopping threads took: 0.0000152 seconds
2024-07-27T17:23:17.076+0800: 10.434: [CMS-concurrent-abortable-preclean: 0.006/0.272 secs] [Times: user=0.08 sys=0.00, real=0.27 secs] 
2024-07-27T17:23:17.076+0800: 10.435: Application time: 0.0003145 seconds
2024-07-27T17:23:17.077+0800: 10.435: [GC (CMS Final Remark) [YG occupancy: 12655 K (78656 K)]2024-07-27T17:23:17.077+0800: 10.435: [Rescan (parallel) , 0.0007384 secs]2024-07-27T17:23:17.077+0800: 10.436: [weak refs processing, 0.0000132 secs]2024-07-27T17:23:17.077+0800: 10.436: [class unloading, 0.0002072 secs]2024-07-27T17:23:17.078+0800: 10.436: [scrub symbol table, 0.0003456 secs]2024-07-27T17:23:17.078+0800: 10.436: [scrub string table, 0.0001003 secs][1 CMS-remark: 495251K(496576K)] 507907K(575232K), 0.0014686 secs] [Times: user=0.00 sys=0.00, real=0.00 secs] 
2024-07-27T17:23:17.078+0800: 10.436: Total time for which application threads were stopped: 0.0016084 seconds, Stopping threads took: 0.0001045 seconds
2024-07-27T17:23:17.078+0800: 10.436: [CMS-concurrent-sweep-start]
2024-07-27T17:23:17.080+0800: 10.438: [CMS-concurrent-sweep: 0.001/0.001 secs] [Times: user=0.00 sys=0.00, real=0.00 secs] 
2024-07-27T17:23:17.080+0800: 10.438: [CMS-concurrent-reset-start]
2024-07-27T17:23:17.082+0800: 10.440: [CMS-concurrent-reset: 0.001/0.001 secs] [Times: user=0.01 sys=0.00, real=0.00 secs] 
2024-07-27T17:23:17.184+0800: 10.543: Application time: 0.1062888 seconds
2024-07-27T17:23:17.184+0800: 10.543: [GC (Allocation Failure) 2024-07-27T17:23:17.185+0800: 10.543: [ParNew: 77168K->8192K(78656K), 0.0067774 secs] 408577K->369297K(631008K), 0.0068410 secs] [Times: user=0.00 sys=0.00, real=0.01 secs] 
2024-07-27T17:23:17.191+0800: 10.550: Total time for which application threads were stopped: 0.0069526 seconds, Stopping threads took: 0.0000197 seconds
2024-07-27T17:23:17.192+0800: 10.550: Application time: 0.0002328 seconds
2024-07-27T17:23:17.192+0800: 10.550: [GC (CMS Initial Mark) [1 CMS-initial-mark: 361105K(552352K)] 372737K(631008K), 0.0007609 secs] [Times: user=0.00 sys=0.00, real=0.00 secs] 
2024-07-27T17:23:17.193+0800: 10.551: Total time for which application threads were stopped: 0.0008854 seconds, Stopping threads took: 0.0000789 seconds
2024-07-27T17:23:17.193+0800: 10.551: [CMS-concurrent-mark-start]
2024-07-27T17:23:17.197+0800: 10.555: [CMS-concurrent-mark: 0.004/0.004 secs] [Times: user=0.00 sys=0.00, real=0.00 secs] 
2024-07-27T17:23:17.197+0800: 10.555: [CMS-concurrent-preclean-start]
2024-07-27T17:23:17.199+0800: 10.556: [CMS-concurrent-preclean: 0.001/0.001 secs] [Times: user=0.00 sys=0.00, real=0.00 secs] 
2024-07-27T17:23:17.199+0800: 10.556: [CMS-concurrent-abortable-preclean-start]
2024-07-27T17:23:17.311+0800: 10.669: Application time: 0.1180913 seconds
2024-07-27T17:23:17.311+0800: 10.669: [GC (Allocation Failure) 2024-07-27T17:23:17.311+0800: 10.669: [ParNew: 77168K->8192K(78656K), 0.0118445 secs] 438274K->437906K(631008K), 0.0119200 secs] [Times: user=0.03 sys=0.00, real=0.01 secs] 
2024-07-27T17:23:17.323+0800: 10.681: Total time for which application threads were stopped: 0.0120298 seconds, Stopping threads took: 0.0000205 seconds
2024-07-27T17:23:17.329+0800: 10.686: Application time: 0.0050934 seconds
2024-07-27T17:23:17.329+0800: 10.686: [GC (Allocation Failure) 2024-07-27T17:23:17.329+0800: 10.686: [ParNew: 77168K->8192K(78656K), 0.0130931 secs] 506883K->506515K(631008K), 0.0131462 secs] [Times: user=0.03 sys=0.00, real=0.01 secs] 
2024-07-27T17:23:17.342+0800: 10.699: Total time for which application threads were stopped: 0.0132561 seconds, Stopping threads took: 0.0000238 seconds
2024-07-27T17:23:17.453+0800: 10.811: Application time: 0.1120088 seconds
2024-07-27T17:23:17.453+0800: 10.811: [GC (Allocation Failure) 2024-07-27T17:23:17.453+0800: 10.811: [ParNew: 77168K->8192K(78656K), 0.0193436 secs] 575492K->537236K(631008K), 0.0201430 secs] [Times: user=0.02 sys=0.02, real=0.02 secs] 
2024-07-27T17:23:17.473+0800: 10.831: Total time for which application threads were stopped: 0.0203211 seconds, Stopping threads took: 0.0000337 seconds
2024-07-27T17:23:17.473+0800: 10.832: [CMS-concurrent-abortable-preclean: 0.007/0.275 secs] [Times: user=0.08 sys=0.02, real=0.27 secs] 
2024-07-27T17:23:17.474+0800: 10.832: Application time: 0.0003442 seconds
2024-07-27T17:23:17.474+0800: 10.832: [GC (CMS Final Remark) [YG occupancy: 12655 K (78656 K)]2024-07-27T17:23:17.474+0800: 10.832: [Rescan (parallel) , 0.0008917 secs]2024-07-27T17:23:17.475+0800: 10.833: [weak refs processing, 0.0000141 secs]2024-07-27T17:23:17.475+0800: 10.833: [class unloading, 0.0001798 secs]2024-07-27T17:23:17.475+0800: 10.833: [scrub symbol table, 0.0003557 secs]2024-07-27T17:23:17.475+0800: 10.833: [scrub string table, 0.0001136 secs][1 CMS-remark: 529044K(552352K)] 541699K(631008K), 0.0016242 secs] [Times: user=0.00 sys=0.00, real=0.00 secs] 
2024-07-27T17:23:17.475+0800: 10.834: Total time for which application threads were stopped: 0.0017912 seconds, Stopping threads took: 0.0001263 seconds
2024-07-27T17:23:17.476+0800: 10.834: [CMS-concurrent-sweep-start]
2024-07-27T17:23:17.478+0800: 10.836: [CMS-concurrent-sweep: 0.002/0.002 secs] [Times: user=0.00 sys=0.00, real=0.00 secs] 
2024-07-27T17:23:17.478+0800: 10.836: [CMS-concurrent-reset-start]
2024-07-27T17:23:17.480+0800: 10.839: [CMS-concurrent-reset: 0.003/0.003 secs] [Times: user=0.00 sys=0.00, real=0.00 secs] 
2024-07-27T17:23:17.595+0800: 10.953: Application time: 0.1189343 seconds
2024-07-27T17:23:17.595+0800: 10.953: [GC (Allocation Failure) 2024-07-27T17:23:17.595+0800: 10.953: [ParNew: 77168K->8192K(78656K), 0.0120723 secs] 275455K->275088K(631008K), 0.0121340 secs] [Times: user=0.03 sys=0.00, real=0.01 secs] 
2024-07-27T17:23:17.607+0800: 10.965: Total time for which application threads were stopped: 0.0122476 seconds, Stopping threads took: 0.0000201 seconds
2024-07-27T17:23:17.611+0800: 10.969: Application time: 0.0043952 seconds
2024-07-27T17:23:17.611+0800: 10.969: [GC (Allocation Failure) 2024-07-27T17:23:17.611+0800: 10.969: [ParNew: 77168K->8192K(78656K), 0.0201668 secs] 344064K->343697K(631008K), 0.0202167 secs] [Times: user=0.06 sys=0.00, real=0.02 secs] 
2024-07-27T17:23:17.631+0800: 10.990: Total time for which application threads were stopped: 0.0203144 seconds, Stopping threads took: 0.0000160 seconds
2024-07-27T17:23:17.632+0800: 10.990: Application time: 0.0001870 seconds
2024-07-27T17:23:17.632+0800: 10.990: [GC (CMS Initial Mark) [1 CMS-initial-mark: 335505K(552352K)] 347136K(631008K), 0.0007423 secs] [Times: user=0.00 sys=0.00, real=0.00 secs] 
2024-07-27T17:23:17.632+0800: 10.991: Total time for which application threads were stopped: 0.0009449 seconds, Stopping threads took: 0.0001613 seconds
2024-07-27T17:23:17.633+0800: 10.991: [CMS-concurrent-mark-start]
2024-07-27T17:23:17.635+0800: 10.993: [CMS-concurrent-mark: 0.002/0.002 secs] [Times: user=0.00 sys=0.00, real=0.00 secs] 
2024-07-27T17:23:17.635+0800: 10.993: [CMS-concurrent-preclean-start]
2024-07-27T17:23:17.636+0800: 10.994: [CMS-concurrent-preclean: 0.001/0.001 secs] [Times: user=0.00 sys=0.00, real=0.00 secs] 
2024-07-27T17:23:17.636+0800: 10.994: [CMS-concurrent-abortable-preclean-start]
2024-07-27T17:23:17.740+0800: 11.097: Application time: 0.1065357 seconds
2024-07-27T17:23:17.740+0800: 11.097: [GC (Allocation Failure) 2024-07-27T17:23:17.740+0800: 11.097: [ParNew: 77168K->8192K(78656K), 0.0069885 secs] 412673K->375441K(631008K), 0.0070622 secs] [Times: user=0.00 sys=0.00, real=0.01 secs] 
2024-07-27T17:23:17.747+0800: 11.104: Total time for which application threads were stopped: 0.0071812 seconds, Stopping threads took: 0.0000198 seconds
2024-07-27T17:23:17.864+0800: 11.222: Application time: 0.1172471 seconds
2024-07-27T17:23:17.864+0800: 11.222: [GC (Allocation Failure) 2024-07-27T17:23:17.864+0800: 11.222: [ParNew: 77168K->8192K(78656K), 0.0120900 secs] 444418K->444050K(631008K), 0.0121548 secs] [Times: user=0.00 sys=0.00, real=0.01 secs] 
2024-07-27T17:23:17.876+0800: 11.234: Total time for which application threads were stopped: 0.0122650 seconds, Stopping threads took: 0.0000198 seconds
2024-07-27T17:23:17.881+0800: 11.239: Application time: 0.0048019 seconds
2024-07-27T17:23:17.881+0800: 11.239: [GC (Allocation Failure) 2024-07-27T17:23:17.881+0800: 11.239: [ParNew: 77168K->8192K(78656K), 0.0125553 secs] 513027K->512659K(631008K), 0.0126201 secs] [Times: user=0.00 sys=0.00, real=0.01 secs] 
2024-07-27T17:23:17.894+0800: 11.251: Total time for which application threads were stopped: 0.0127393 seconds, Stopping threads took: 0.0000184 seconds
2024-07-27T17:23:17.894+0800: 11.252: [CMS-concurrent-abortable-preclean: 0.007/0.258 secs] [Times: user=0.08 sys=0.00, real=0.26 secs] 
2024-07-27T17:23:17.894+0800: 11.252: Application time: 0.0003739 seconds
2024-07-27T17:23:17.894+0800: 11.252: [GC (CMS Final Remark) [YG occupancy: 14703 K (78656 K)]2024-07-27T17:23:17.894+0800: 11.252: [Rescan (parallel) , 0.0005457 secs]2024-07-27T17:23:17.895+0800: 11.253: [weak refs processing, 0.0000131 secs]2024-07-27T17:23:17.895+0800: 11.253: [class unloading, 0.0001765 secs]2024-07-27T17:23:17.895+0800: 11.253: [scrub symbol table, 0.0003151 secs]2024-07-27T17:23:17.895+0800: 11.253: [scrub string table, 0.0001037 secs][1 CMS-remark: 504467K(552352K)] 519171K(631008K), 0.0012179 secs] [Times: user=0.00 sys=0.00, real=0.00 secs] 
2024-07-27T17:23:17.895+0800: 11.253: Total time for which application threads were stopped: 0.0013660 seconds, Stopping threads took: 0.0001115 seconds
2024-07-27T17:23:17.895+0800: 11.253: [CMS-concurrent-sweep-start]
2024-07-27T17:23:17.897+0800: 11.255: [CMS-concurrent-sweep: 0.001/0.001 secs] [Times: user=0.00 sys=0.00, real=0.00 secs] 
2024-07-27T17:23:17.897+0800: 11.255: [CMS-concurrent-reset-start]
2024-07-27T17:23:17.898+0800: 11.256: [CMS-concurrent-reset: 0.001/0.001 secs] [Times: user=0.00 sys=0.00, real=0.00 secs] 
2024-07-27T17:23:18.008+0800: 11.365: Application time: 0.1121521 seconds
2024-07-27T17:23:18.008+0800: 11.365: [GC (Allocation Failure) 2024-07-27T17:23:18.008+0800: 11.365: [ParNew: 77168K->8192K(78656K), 0.0087306 secs] 414721K->378513K(641248K), 0.0087934 secs] [Times: user=0.00 sys=0.00, real=0.01 secs] 
2024-07-27T17:23:18.017+0800: 11.374: Total time for which application threads were stopped: 0.0089062 seconds, Stopping threads took: 0.0000215 seconds
2024-07-27T17:23:18.017+0800: 11.374: Application time: 0.0002414 seconds
2024-07-27T17:23:18.017+0800: 11.375: [GC (CMS Initial Mark) [1 CMS-initial-mark: 370321K(562592K)] 381953K(641248K), 0.0007131 secs] [Times: user=0.00 sys=0.00, real=0.00 secs] 
2024-07-27T17:23:18.018+0800: 11.375: Total time for which application threads were stopped: 0.0008179 seconds, Stopping threads took: 0.0000639 seconds
2024-07-27T17:23:18.018+0800: 11.375: [CMS-concurrent-mark-start]
2024-07-27T17:23:18.022+0800: 11.380: [CMS-concurrent-mark: 0.004/0.004 secs] [Times: user=0.05 sys=0.00, real=0.00 secs] 
2024-07-27T17:23:18.022+0800: 11.380: [CMS-concurrent-preclean-start]
2024-07-27T17:23:18.023+0800: 11.381: [CMS-concurrent-preclean: 0.001/0.001 secs] [Times: user=0.00 sys=0.00, real=0.00 secs] 
2024-07-27T17:23:18.023+0800: 11.381: [CMS-concurrent-abortable-preclean-start]
2024-07-27T17:23:18.133+0800: 11.490: Application time: 0.1146042 seconds
2024-07-27T17:23:18.133+0800: 11.490: [GC (Allocation Failure) 2024-07-27T17:23:18.133+0800: 11.490: [ParNew: 77168K->8192K(78656K), 0.0147307 secs] 447490K->447122K(641248K), 0.0148105 secs] [Times: user=0.03 sys=0.00, real=0.02 secs] 
2024-07-27T17:23:18.148+0800: 11.505: Total time for which application threads were stopped: 0.0149331 seconds, Stopping threads took: 0.0000200 seconds
2024-07-27T17:23:18.151+0800: 11.509: Application time: 0.0043546 seconds
2024-07-27T17:23:18.151+0800: 11.509: [GC (Allocation Failure) 2024-07-27T17:23:18.151+0800: 11.509: [ParNew: 77168K->8192K(78656K), 0.0122457 secs] 516099K->515731K(641248K), 0.0123007 secs] [Times: user=0.03 sys=0.00, real=0.01 secs] 
2024-07-27T17:23:18.164+0800: 11.522: Total time for which application threads were stopped: 0.0124030 seconds, Stopping threads took: 0.0000153 seconds
2024-07-27T17:23:18.276+0800: 11.634: Application time: 0.1123806 seconds
2024-07-27T17:23:18.276+0800: 11.634: [GC (Allocation Failure) 2024-07-27T17:23:18.276+0800: 11.634: [ParNew: 77168K->8192K(78656K), 0.0073610 secs] 584708K->549524K(641248K), 0.0074356 secs] [Times: user=0.00 sys=0.00, real=0.01 secs] 
2024-07-27T17:23:18.283+0800: 11.642: Total time for which application threads were stopped: 0.0075430 seconds, Stopping threads took: 0.0000198 seconds
2024-07-27T17:23:18.283+0800: 11.642: [CMS-concurrent-abortable-preclean: 0.007/0.261 secs] [Times: user=0.06 sys=0.00, real=0.26 secs] 
2024-07-27T17:23:18.284+0800: 11.642: Application time: 0.0002580 seconds
2024-07-27T17:23:18.284+0800: 11.642: [GC (CMS Final Remark) [YG occupancy: 11631 K (78656 K)]2024-07-27T17:23:18.284+0800: 11.642: [Rescan (parallel) , 0.0009746 secs]2024-07-27T17:23:18.285+0800: 11.643: [weak refs processing, 0.0000130 secs]2024-07-27T17:23:18.285+0800: 11.643: [class unloading, 0.0002030 secs]2024-07-27T17:23:18.285+0800: 11.643: [scrub symbol table, 0.0003474 secs]2024-07-27T17:23:18.285+0800: 11.644: [scrub string table, 0.0001106 secs][1 CMS-remark: 541332K(562592K)] 552963K(641248K), 0.0017114 secs] [Times: user=0.00 sys=0.00, real=0.00 secs] 
2024-07-27T17:23:18.285+0800: 11.644: Total time for which application threads were stopped: 0.0018350 seconds, Stopping threads took: 0.0000876 seconds
2024-07-27T17:23:18.286+0800: 11.644: [CMS-concurrent-sweep-start]
2024-07-27T17:23:18.288+0800: 11.646: [CMS-concurrent-sweep: 0.002/0.002 secs] [Times: user=0.00 sys=0.00, real=0.00 secs] 
2024-07-27T17:23:18.288+0800: 11.646: [CMS-concurrent-reset-start]
2024-07-27T17:23:18.291+0800: 11.648: [CMS-concurrent-reset: 0.003/0.003 secs] [Times: user=0.00 sys=0.00, real=0.00 secs] 
2024-07-27T17:23:18.400+0800: 11.758: Application time: 0.1140396 seconds
2024-07-27T17:23:18.400+0800: 11.758: [GC (Allocation Failure) 2024-07-27T17:23:18.400+0800: 11.758: [ParNew: 77168K->8192K(78656K), 0.0120782 secs] 281599K->281232K(641248K), 0.0121471 secs] [Times: user=0.03 sys=0.00, real=0.01 secs] 
2024-07-27T17:23:18.412+0800: 11.770: Total time for which application threads were stopped: 0.0122855 seconds, Stopping threads took: 0.0000218 seconds
2024-07-27T17:23:18.412+0800: 11.770: Application time: 0.0001755 seconds
2024-07-27T17:23:18.412+0800: 11.770: [GC (CMS Initial Mark) [1 CMS-initial-mark: 273040K(562592K)] 284671K(641248K), 0.0007197 secs] [Times: user=0.00 sys=0.00, real=0.00 secs] 
2024-07-27T17:23:18.413+0800: 11.771: Total time for which application threads were stopped: 0.0008881 seconds, Stopping threads took: 0.0001226 seconds
2024-07-27T17:23:18.413+0800: 11.771: [CMS-concurrent-mark-start]
2024-07-27T17:23:18.417+0800: 11.775: [CMS-concurrent-mark: 0.004/0.004 secs] [Times: user=0.00 sys=0.00, real=0.00 secs] 
2024-07-27T17:23:18.417+0800: 11.775: [CMS-concurrent-preclean-start]
2024-07-27T17:23:18.418+0800: 11.776: [CMS-concurrent-preclean: 0.001/0.001 secs] [Times: user=0.00 sys=0.00, real=0.00 secs] 
2024-07-27T17:23:18.418+0800: 11.776: Application time: 0.0052602 seconds
2024-07-27T17:23:18.418+0800: 11.776: [GC (Allocation Failure) 2024-07-27T17:23:18.418+0800: 11.776: [ParNew: 77168K->8192K(78656K), 0.0123790 secs] 350208K->349841K(641248K), 0.0124714 secs] [Times: user=0.03 sys=0.00, real=0.01 secs] 
2024-07-27T17:23:18.432+0800: 11.789: Total time for which application threads were stopped: 0.0125922 seconds, Stopping threads took: 0.0000137 seconds
2024-07-27T17:23:18.432+0800: 11.789: Application time: 0.0003219 seconds
2024-07-27T17:23:18.432+0800: 11.789: [GC (CMS Final Remark) [YG occupancy: 12655 K (78656 K)]2024-07-27T17:23:18.432+0800: 11.789: [Rescan (parallel) , 0.0010974 secs]2024-07-27T17:23:18.432+0800: 11.790: [weak refs processing, 0.0000189 secs]2024-07-27T17:23:18.432+0800: 11.790: [class unloading, 0.0002559 secs]2024-07-27T17:23:18.433+0800: 11.791: [scrub symbol table, 0.0004185 secs]2024-07-27T17:23:18.433+0800: 11.791: [scrub string table, 0.0001270 secs][1 CMS-remark: 341649K(562592K)] 354304K(641248K), 0.0019901 secs] [Times: user=0.00 sys=0.00, real=0.00 secs] 
2024-07-27T17:23:18.433+0800: 11.791: Total time for which application threads were stopped: 0.0021161 seconds, Stopping threads took: 0.0000813 seconds
2024-07-27T17:23:18.433+0800: 11.792: [CMS-concurrent-sweep-start]
2024-07-27T17:23:18.435+0800: 11.793: [CMS-concurrent-sweep: 0.002/0.002 secs] [Times: user=0.00 sys=0.00, real=0.00 secs] 
2024-07-27T17:23:18.435+0800: 11.793: [CMS-concurrent-reset-start]
2024-07-27T17:23:18.437+0800: 11.795: [CMS-concurrent-reset: 0.002/0.002 secs] [Times: user=0.00 sys=0.00, real=0.00 secs] 
2024-07-27T17:23:18.547+0800: 11.904: Application time: 0.1127818 seconds
2024-07-27T17:23:18.547+0800: 11.904: [GC (Allocation Failure) 2024-07-27T17:23:18.547+0800: 11.904: [ParNew: 77168K->8192K(78656K), 0.0073028 secs] 248831K->214671K(641248K), 0.0073621 secs] [Times: user=0.03 sys=0.00, real=0.01 secs] 
2024-07-27T17:23:18.554+0800: 11.912: Total time for which application threads were stopped: 0.0074842 seconds, Stopping threads took: 0.0000191 seconds
2024-07-27T17:23:18.673+0800: 12.030: Application time: 0.1183163 seconds
2024-07-27T17:23:18.673+0800: 12.030: [GC (Allocation Failure) 2024-07-27T17:23:18.673+0800: 12.030: [ParNew: 77168K->8192K(78656K), 0.0125928 secs] 283647K->283280K(641248K), 0.0126644 secs] [Times: user=0.03 sys=0.00, real=0.01 secs] 
2024-07-27T17:23:18.685+0800: 12.043: Total time for which application threads were stopped: 0.0127755 seconds, Stopping threads took: 0.0000201 seconds
2024-07-27T17:23:18.689+0800: 12.047: Application time: 0.0044216 seconds
2024-07-27T17:23:18.689+0800: 12.047: [GC (Allocation Failure) 2024-07-27T17:23:18.689+0800: 12.047: [ParNew: 77168K->8192K(78656K), 0.0122251 secs] 352256K->351889K(641248K), 0.0122753 secs] [Times: user=0.03 sys=0.00, real=0.01 secs] 
2024-07-27T17:23:18.701+0800: 12.060: Total time for which application threads were stopped: 0.0123878 seconds, Stopping threads took: 0.0000154 seconds
2024-07-27T17:23:18.702+0800: 12.060: Application time: 0.0001838 seconds
2024-07-27T17:23:18.702+0800: 12.060: [GC (CMS Initial Mark) [1 CMS-initial-mark: 343697K(562592K)] 355328K(641248K), 0.0007331 secs] [Times: user=0.00 sys=0.00, real=0.00 secs] 
2024-07-27T17:23:18.703+0800: 12.061: Total time for which application threads were stopped: 0.0009452 seconds, Stopping threads took: 0.0001624 seconds
2024-07-27T17:23:18.703+0800: 12.061: [CMS-concurrent-mark-start]
2024-07-27T17:23:18.705+0800: 12.063: [CMS-concurrent-mark: 0.002/0.002 secs] [Times: user=0.00 sys=0.00, real=0.00 secs] 
2024-07-27T17:23:18.705+0800: 12.063: [CMS-concurrent-preclean-start]
2024-07-27T17:23:18.706+0800: 12.064: [CMS-concurrent-preclean: 0.001/0.001 secs] [Times: user=0.00 sys=0.00, real=0.00 secs] 
2024-07-27T17:23:18.706+0800: 12.064: [CMS-concurrent-abortable-preclean-start]
2024-07-27T17:23:18.816+0800: 12.174: Application time: 0.1134503 seconds
2024-07-27T17:23:18.816+0800: 12.174: [GC (Allocation Failure) 2024-07-27T17:23:18.816+0800: 12.174: [ParNew: 77168K->8192K(78656K), 0.0077982 secs] 420865K->387729K(641248K), 0.0078656 secs] [Times: user=0.13 sys=0.00, real=0.01 secs] 
2024-07-27T17:23:18.824+0800: 12.182: Total time for which application threads were stopped: 0.0079877 seconds, Stopping threads took: 0.0000201 seconds
2024-07-27T17:23:18.940+0800: 12.298: Application time: 0.1156363 seconds
2024-07-27T17:23:18.940+0800: 12.298: [GC (Allocation Failure) 2024-07-27T17:23:18.940+0800: 12.298: [ParNew: 77168K->8192K(78656K), 0.0126397 secs] 456706K->456338K(641248K), 0.0127065 secs] [Times: user=0.03 sys=0.00, real=0.01 secs] 
2024-07-27T17:23:18.953+0800: 12.311: Total time for which application threads were stopped: 0.0128525 seconds, Stopping threads took: 0.0000358 seconds
2024-07-27T17:23:18.953+0800: 12.311: [CMS-concurrent-abortable-preclean: 0.006/0.247 secs] [Times: user=0.16 sys=0.00, real=0.25 secs] 
2024-07-27T17:23:18.953+0800: 12.311: Application time: 0.0002891 seconds
2024-07-27T17:23:18.954+0800: 12.311: [GC (CMS Final Remark) [YG occupancy: 12655 K (78656 K)]2024-07-27T17:23:18.954+0800: 12.311: [Rescan (parallel) , 0.0008946 secs]2024-07-27T17:23:18.955+0800: 12.312: [weak refs processing, 0.0000179 secs]2024-07-27T17:23:18.955+0800: 12.312: [class unloading, 0.0002744 secs]2024-07-27T17:23:18.955+0800: 12.312: [scrub symbol table, 0.0003027 secs]2024-07-27T17:23:18.955+0800: 12.313: [scrub string table, 0.0000914 secs][1 CMS-remark: 448146K(562592K)] 460802K(641248K), 0.0016556 secs] [Times: user=0.00 sys=0.00, real=0.00 secs] 
2024-07-27T17:23:18.955+0800: 12.313: Total time for which application threads were stopped: 0.0017940 seconds, Stopping threads took: 0.0000871 seconds
2024-07-27T17:23:18.955+0800: 12.313: [CMS-concurrent-sweep-start]
2024-07-27T17:23:18.957+0800: 12.314: [CMS-concurrent-sweep: 0.001/0.001 secs] [Times: user=0.00 sys=0.00, real=0.00 secs] 
2024-07-27T17:23:18.957+0800: 12.314: [CMS-concurrent-reset-start]
2024-07-27T17:23:18.960+0800: 12.317: [CMS-concurrent-reset: 0.003/0.003 secs] [Times: user=0.03 sys=0.00, real=0.00 secs] 
2024-07-27T17:23:18.961+0800: 12.318: Application time: 0.0056202 seconds
2024-07-27T17:23:18.961+0800: 12.318: [GC (Allocation Failure) 2024-07-27T17:23:18.961+0800: 12.318: [ParNew: 77168K->8192K(78656K), 0.0127239 secs] 354304K->353937K(641248K), 0.0127922 secs] [Times: user=0.02 sys=0.00, real=0.01 secs] 
2024-07-27T17:23:18.974+0800: 12.331: Total time for which application threads were stopped: 0.0128882 seconds, Stopping threads took: 0.0000141 seconds
2024-07-27T17:23:18.974+0800: 12.331: Application time: 0.0002228 seconds
2024-07-27T17:23:18.974+0800: 12.332: [GC (CMS Initial Mark) [1 CMS-initial-mark: 345745K(562592K)] 357376K(641248K), 0.0007879 secs] [Times: user=0.00 sys=0.00, real=0.00 secs] 
2024-07-27T17:23:18.975+0800: 12.332: Total time for which application threads were stopped: 0.0009045 seconds, Stopping threads took: 0.0000750 seconds
2024-07-27T17:23:18.975+0800: 12.332: [CMS-concurrent-mark-start]
2024-07-27T17:23:18.977+0800: 12.335: [CMS-concurrent-mark: 0.002/0.002 secs] [Times: user=0.00 sys=0.00, real=0.00 secs] 
2024-07-27T17:23:18.977+0800: 12.335: [CMS-concurrent-preclean-start]
2024-07-27T17:23:18.978+0800: 12.335: [CMS-concurrent-preclean: 0.001/0.001 secs] [Times: user=0.00 sys=0.00, real=0.00 secs] 
2024-07-27T17:23:18.978+0800: 12.335: [CMS-concurrent-abortable-preclean-start]
2024-07-27T17:23:19.083+0800: 12.441: Application time: 0.1086269 seconds
2024-07-27T17:23:19.083+0800: 12.441: [GC (Allocation Failure) 2024-07-27T17:23:19.083+0800: 12.441: [ParNew: 77168K->8192K(78656K), 0.0073741 secs] 422913K->390801K(641248K), 0.0074343 secs] [Times: user=0.00 sys=0.00, real=0.01 secs] 
2024-07-27T17:23:19.091+0800: 12.449: Total time for which application threads were stopped: 0.0075443 seconds, Stopping threads took: 0.0000220 seconds
2024-07-27T17:23:19.209+0800: 12.567: Application time: 0.1179885 seconds
2024-07-27T17:23:19.209+0800: 12.567: [GC (Allocation Failure) 2024-07-27T17:23:19.209+0800: 12.567: [ParNew: 77168K->8192K(78656K), 0.0121384 secs] 459778K->459410K(641248K), 0.0121978 secs] [Times: user=0.00 sys=0.00, real=0.01 secs] 
2024-07-27T17:23:19.221+0800: 12.579: Total time for which application threads were stopped: 0.0123060 seconds, Stopping threads took: 0.0000200 seconds
2024-07-27T17:23:19.221+0800: 12.579: [CMS-concurrent-abortable-preclean: 0.006/0.244 secs] [Times: user=0.01 sys=0.00, real=0.24 secs] 
2024-07-27T17:23:19.221+0800: 12.579: Application time: 0.0002928 seconds
2024-07-27T17:23:19.221+0800: 12.579: [GC (CMS Final Remark) [YG occupancy: 12655 K (78656 K)]2024-07-27T17:23:19.221+0800: 12.579: [Rescan (parallel) , 0.0010190 secs]2024-07-27T17:23:19.222+0800: 12.580: [weak refs processing, 0.0000127 secs]2024-07-27T17:23:19.223+0800: 12.580: [class unloading, 0.0002087 secs]2024-07-27T17:23:19.223+0800: 12.581: [scrub symbol table, 0.0003572 secs]2024-07-27T17:23:19.223+0800: 12.581: [scrub string table, 0.0001124 secs][1 CMS-remark: 451218K(562592K)] 463874K(641248K), 0.0017882 secs] [Times: user=0.00 sys=0.02, real=0.00 secs] 
2024-07-27T17:23:19.223+0800: 12.581: Total time for which application threads were stopped: 0.0019714 seconds, Stopping threads took: 0.0001455 seconds
2024-07-27T17:23:19.223+0800: 12.581: [CMS-concurrent-sweep-start]
2024-07-27T17:23:19.225+0800: 12.583: [CMS-concurrent-sweep: 0.002/0.002 secs] [Times: user=0.00 sys=0.00, real=0.00 secs] 
2024-07-27T17:23:19.225+0800: 12.583: [CMS-concurrent-reset-start]
2024-07-27T17:23:19.228+0800: 12.586: [CMS-concurrent-reset: 0.002/0.002 secs] [Times: user=0.00 sys=0.00, real=0.00 secs] 
2024-07-27T17:23:19.229+0800: 12.587: Application time: 0.0054416 seconds
2024-07-27T17:23:19.229+0800: 12.587: [GC (Allocation Failure) 2024-07-27T17:23:19.229+0800: 12.587: [ParNew: 77168K->8192K(78656K), 0.0122793 secs] 356352K->355985K(641248K), 0.0123279 secs] [Times: user=0.03 sys=0.00, real=0.01 secs] 
2024-07-27T17:23:19.241+0800: 12.599: Total time for which application threads were stopped: 0.0124225 seconds, Stopping threads took: 0.0000133 seconds
2024-07-27T17:23:19.241+0800: 12.599: Application time: 0.0002646 seconds
2024-07-27T17:23:19.241+0800: 12.599: [GC (CMS Initial Mark) [1 CMS-initial-mark: 347793K(562592K)] 359424K(641248K), 0.0007773 secs] [Times: user=0.00 sys=0.00, real=0.00 secs] 
2024-07-27T17:23:19.242+0800: 12.600: Total time for which application threads were stopped: 0.0008975 seconds, Stopping threads took: 0.0000789 seconds
2024-07-27T17:23:19.242+0800: 12.600: [CMS-concurrent-mark-start]
2024-07-27T17:23:19.245+0800: 12.602: [CMS-concurrent-mark: 0.002/0.002 secs] [Times: user=0.00 sys=0.00, real=0.00 secs] 
2024-07-27T17:23:19.245+0800: 12.602: [CMS-concurrent-preclean-start]
2024-07-27T17:23:19.245+0800: 12.603: [CMS-concurrent-preclean: 0.001/0.001 secs] [Times: user=0.00 sys=0.00, real=0.00 secs] 
2024-07-27T17:23:19.245+0800: 12.603: [CMS-concurrent-abortable-preclean-start]
2024-07-27T17:23:19.351+0800: 12.709: Application time: 0.1083845 seconds
2024-07-27T17:23:19.351+0800: 12.709: [GC (Allocation Failure) 2024-07-27T17:23:19.351+0800: 12.709: [ParNew: 77168K->8192K(78656K), 0.0076441 secs] 424961K->393873K(641248K), 0.0077036 secs] [Times: user=0.00 sys=0.00, real=0.01 secs] 
2024-07-27T17:23:19.359+0800: 12.716: Total time for which application threads were stopped: 0.0078244 seconds, Stopping threads took: 0.0000194 seconds
2024-07-27T17:23:19.475+0800: 12.832: Application time: 0.1155902 seconds
2024-07-27T17:23:19.475+0800: 12.832: [GC (Allocation Failure) 2024-07-27T17:23:19.475+0800: 12.832: [ParNew: 77168K->8192K(78656K), 0.0119498 secs] 462850K->462482K(641248K), 0.0120104 secs] [Times: user=0.00 sys=0.00, real=0.01 secs] 
2024-07-27T17:23:19.487+0800: 12.844: Total time for which application threads were stopped: 0.0121378 seconds, Stopping threads took: 0.0000316 seconds
2024-07-27T17:23:19.487+0800: 12.844: [CMS-concurrent-abortable-preclean: 0.006/0.241 secs] [Times: user=0.03 sys=0.00, real=0.24 secs] 
2024-07-27T17:23:19.487+0800: 12.844: Application time: 0.0003661 seconds
2024-07-27T17:23:19.487+0800: 12.845: [GC (CMS Final Remark) [YG occupancy: 13679 K (78656 K)]2024-07-27T17:23:19.487+0800: 12.845: [Rescan (parallel) , 0.0011136 secs]2024-07-27T17:23:19.488+0800: 12.846: [weak refs processing, 0.0000130 secs]2024-07-27T17:23:19.488+0800: 12.846: [class unloading, 0.0002021 secs]2024-07-27T17:23:19.489+0800: 12.846: [scrub symbol table, 0.0003353 secs]2024-07-27T17:23:19.489+0800: 12.846: [scrub string table, 0.0000922 secs][1 CMS-remark: 454290K(562592K)] 467970K(641248K), 0.0018288 secs] [Times: user=0.02 sys=0.00, real=0.00 secs] 
2024-07-27T17:23:19.489+0800: 12.846: Total time for which application threads were stopped: 0.0020076 seconds, Stopping threads took: 0.0001433 seconds
2024-07-27T17:23:19.489+0800: 12.847: [CMS-concurrent-sweep-start]
2024-07-27T17:23:19.491+0800: 12.849: [CMS-concurrent-sweep: 0.002/0.002 secs] [Times: user=0.00 sys=0.00, real=0.00 secs] 
2024-07-27T17:23:19.491+0800: 12.849: [CMS-concurrent-reset-start]
2024-07-27T17:23:19.494+0800: 12.852: [CMS-concurrent-reset: 0.003/0.003 secs] [Times: user=0.00 sys=0.00, real=0.00 secs] 
2024-07-27T17:23:19.494+0800: 12.852: Application time: 0.0054596 seconds
2024-07-27T17:23:19.495+0800: 12.852: [GC (Allocation Failure) 2024-07-27T17:23:19.495+0800: 12.852: [ParNew: 77168K->8192K(78656K), 0.0119241 secs] 184318K->183950K(641248K), 0.0119966 secs] [Times: user=0.03 sys=0.00, real=0.01 secs] 
2024-07-27T17:23:19.507+0800: 12.864: Total time for which application threads were stopped: 0.0120953 seconds, Stopping threads took: 0.0000171 seconds
2024-07-27T17:23:19.507+0800: 12.864: Application time: 0.0001475 seconds
2024-07-27T17:23:19.507+0800: 12.864: [GC (CMS Initial Mark) [1 CMS-initial-mark: 175758K(562592K)] 187390K(641248K), 0.0007739 secs] [Times: user=0.00 sys=0.00, real=0.00 secs] 
2024-07-27T17:23:19.508+0800: 12.865: Total time for which application threads were stopped: 0.0009320 seconds, Stopping threads took: 0.0001160 seconds
2024-07-27T17:23:19.508+0800: 12.865: [CMS-concurrent-mark-start]
2024-07-27T17:23:19.510+0800: 12.867: [CMS-concurrent-mark: 0.002/0.002 secs] [Times: user=0.00 sys=0.00, real=0.00 secs] 
2024-07-27T17:23:19.510+0800: 12.867: [CMS-concurrent-preclean-start]
2024-07-27T17:23:19.510+0800: 12.868: [CMS-concurrent-preclean: 0.001/0.001 secs] [Times: user=0.00 sys=0.00, real=0.00 secs] 
2024-07-27T17:23:19.510+0800: 12.868: [CMS-concurrent-abortable-preclean-start]
2024-07-27T17:23:19.618+0800: 12.976: Application time: 0.1109164 seconds
2024-07-27T17:23:19.618+0800: 12.976: [GC (Allocation Failure) 2024-07-27T17:23:19.618+0800: 12.976: [ParNew: 77168K->8192K(78656K), 0.0078092 secs] 252927K->222863K(641248K), 0.0079138 secs] [Times: user=0.00 sys=0.00, real=0.01 secs] 
2024-07-27T17:23:19.626+0800: 12.984: Total time for which application threads were stopped: 0.0080365 seconds, Stopping threads took: 0.0000199 seconds
2024-07-27T17:23:19.740+0800: 13.098: Application time: 0.1144347 seconds
2024-07-27T17:23:19.740+0800: 13.099: [GC (Allocation Failure) 2024-07-27T17:23:19.740+0800: 13.099: [ParNew: 77868K->8194K(78656K), 0.0120068 secs] 292539K->291474K(641248K), 0.0120794 secs] [Times: user=0.00 sys=0.00, real=0.01 secs] 
2024-07-27T17:23:19.753+0800: 13.111: Total time for which application threads were stopped: 0.0122026 seconds, Stopping threads took: 0.0000185 seconds
2024-07-27T17:23:19.753+0800: 13.111: [CMS-concurrent-abortable-preclean: 0.006/0.243 secs] [Times: user=0.01 sys=0.00, real=0.24 secs] 
2024-07-27T17:23:19.753+0800: 13.111: Application time: 0.0003276 seconds
2024-07-27T17:23:19.753+0800: 13.111: [GC (CMS Final Remark) [YG occupancy: 13676 K (78656 K)]2024-07-27T17:23:19.753+0800: 13.111: [Rescan (parallel) , 0.0007687 secs]2024-07-27T17:23:19.754+0800: 13.112: [weak refs processing, 0.0000130 secs]2024-07-27T17:23:19.754+0800: 13.112: [class unloading, 0.0001940 secs]2024-07-27T17:23:19.754+0800: 13.112: [scrub symbol table, 0.0003502 secs]2024-07-27T17:23:19.754+0800: 13.113: [scrub string table, 0.0001000 secs][1 CMS-remark: 283280K(562592K)] 296957K(641248K), 0.0014938 secs] [Times: user=0.00 sys=0.00, real=0.00 secs] 
2024-07-27T17:23:19.755+0800: 13.113: Total time for which application threads were stopped: 0.0016916 seconds, Stopping threads took: 0.0001446 seconds
2024-07-27T17:23:19.756+0800: 13.113: [CMS-concurrent-sweep-start]
2024-07-27T17:23:19.756+0800: 13.114: [CMS-concurrent-sweep: 0.001/0.001 secs] [Times: user=0.00 sys=0.00, real=0.00 secs] 
2024-07-27T17:23:19.756+0800: 13.114: [CMS-concurrent-reset-start]
2024-07-27T17:23:19.758+0800: 13.116: [CMS-concurrent-reset: 0.002/0.002 secs] [Times: user=0.00 sys=0.00, real=0.00 secs] 
2024-07-27T17:23:19.760+0800: 13.118: Application time: 0.0053630 seconds
2024-07-27T17:23:19.760+0800: 13.118: [GC (Allocation Failure) 2024-07-27T17:23:19.760+0800: 13.118: [ParNew: 77165K->8192K(78656K), 0.0118899 secs] 360446K->360081K(641248K), 0.0119421 secs] [Times: user=0.03 sys=0.00, real=0.01 secs] 
2024-07-27T17:23:19.772+0800: 13.130: Total time for which application threads were stopped: 0.0120445 seconds, Stopping threads took: 0.0000132 seconds
2024-07-27T17:23:19.772+0800: 13.130: Application time: 0.0001748 seconds
2024-07-27T17:23:19.772+0800: 13.130: [GC (CMS Initial Mark) [1 CMS-initial-mark: 351889K(562592K)] 363517K(641248K), 0.0008019 secs] [Times: user=0.00 sys=0.00, real=0.00 secs] 
2024-07-27T17:23:19.773+0800: 13.131: Total time for which application threads were stopped: 0.0009742 seconds, Stopping threads took: 0.0001305 seconds
2024-07-27T17:23:19.773+0800: 13.131: [CMS-concurrent-mark-start]
2024-07-27T17:23:19.775+0800: 13.133: [CMS-concurrent-mark: 0.002/0.002 secs] [Times: user=0.00 sys=0.00, real=0.00 secs] 
2024-07-27T17:23:19.775+0800: 13.134: [CMS-concurrent-preclean-start]
2024-07-27T17:23:19.776+0800: 13.134: [CMS-concurrent-preclean: 0.001/0.001 secs] [Times: user=0.00 sys=0.00, real=0.00 secs] 
2024-07-27T17:23:19.776+0800: 13.134: [CMS-concurrent-abortable-preclean-start]
2024-07-27T17:23:19.887+0800: 13.244: Application time: 0.1125687 seconds
2024-07-27T17:23:19.887+0800: 13.244: [GC (Allocation Failure) 2024-07-27T17:23:19.887+0800: 13.244: [ParNew: 77165K->8192K(78656K), 0.0083468 secs] 429054K->400018K(641248K), 0.0084053 secs] [Times: user=0.00 sys=0.00, real=0.01 secs] 
2024-07-27T17:23:19.895+0800: 13.252: Total time for which application threads were stopped: 0.0085401 seconds, Stopping threads took: 0.0000236 seconds
2024-07-27T17:23:20.011+0800: 13.369: Application time: 0.1163072 seconds
2024-07-27T17:23:20.012+0800: 13.369: [GC (Allocation Failure) 2024-07-27T17:23:20.012+0800: 13.369: [ParNew: 77166K->8192K(78656K), 0.0119839 secs] 468992K->468627K(641248K), 0.0120459 secs] [Times: user=0.03 sys=0.00, real=0.01 secs] 
2024-07-27T17:23:20.024+0800: 13.381: Total time for which application threads were stopped: 0.0121727 seconds, Stopping threads took: 0.0000203 seconds
2024-07-27T17:23:20.024+0800: 13.381: [CMS-concurrent-abortable-preclean: 0.006/0.247 secs] [Times: user=0.06 sys=0.00, real=0.25 secs] 
2024-07-27T17:23:20.024+0800: 13.381: Application time: 0.0003591 seconds
2024-07-27T17:23:20.024+0800: 13.381: [GC (CMS Final Remark) [YG occupancy: 13678 K (78656 K)]2024-07-27T17:23:20.024+0800: 13.381: [Rescan (parallel) , 0.0009075 secs]2024-07-27T17:23:20.025+0800: 13.382: [weak refs processing, 0.0000128 secs]2024-07-27T17:23:20.025+0800: 13.382: [class unloading, 0.0002039 secs]2024-07-27T17:23:20.025+0800: 13.383: [scrub symbol table, 0.0004085 secs]2024-07-27T17:23:20.026+0800: 13.383: [scrub string table, 0.0001467 secs][1 CMS-remark: 460435K(562592K)] 474113K(641248K), 0.0017562 secs] [Times: user=0.00 sys=0.00, real=0.00 secs] 
2024-07-27T17:23:20.026+0800: 13.383: Total time for which application threads were stopped: 0.0019603 seconds, Stopping threads took: 0.0001527 seconds
2024-07-27T17:23:20.026+0800: 13.383: [CMS-concurrent-sweep-start]
2024-07-27T17:23:20.028+0800: 13.385: [CMS-concurrent-sweep: 0.002/0.002 secs] [Times: user=0.00 sys=0.00, real=0.00 secs] 
2024-07-27T17:23:20.028+0800: 13.385: [CMS-concurrent-reset-start]
2024-07-27T17:23:20.030+0800: 13.388: [CMS-concurrent-reset: 0.003/0.003 secs] [Times: user=0.00 sys=0.00, real=0.00 secs] 
2024-07-27T17:23:20.032+0800: 13.389: Application time: 0.0055972 seconds
2024-07-27T17:23:20.032+0800: 13.389: [GC (Allocation Failure) 2024-07-27T17:23:20.032+0800: 13.389: [ParNew: 77167K->8192K(78656K), 0.0124795 secs] 362495K->362129K(641248K), 0.0125418 secs] [Times: user=0.03 sys=0.00, real=0.01 secs] 
2024-07-27T17:23:20.044+0800: 13.401: Total time for which application threads were stopped: 0.0126380 seconds, Stopping threads took: 0.0000154 seconds
2024-07-27T17:23:20.044+0800: 13.402: Application time: 0.0002106 seconds
2024-07-27T17:23:20.044+0800: 13.402: [GC (CMS Initial Mark) [1 CMS-initial-mark: 353937K(562592K)] 365568K(641248K), 0.0007883 secs] [Times: user=0.00 sys=0.00, real=0.00 secs] 
2024-07-27T17:23:20.045+0800: 13.403: Total time for which application threads were stopped: 0.0009346 seconds, Stopping threads took: 0.0001026 seconds
2024-07-27T17:23:20.045+0800: 13.403: [CMS-concurrent-mark-start]
2024-07-27T17:23:20.047+0800: 13.405: [CMS-concurrent-mark: 0.002/0.002 secs] [Times: user=0.00 sys=0.00, real=0.00 secs] 
2024-07-27T17:23:20.047+0800: 13.405: [CMS-concurrent-preclean-start]
2024-07-27T17:23:20.048+0800: 13.405: [CMS-concurrent-preclean: 0.001/0.001 secs] [Times: user=0.00 sys=0.00, real=0.00 secs] 
2024-07-27T17:23:20.048+0800: 13.405: [CMS-concurrent-abortable-preclean-start]
Heap
 par new generation   total 78656K, used 29414K [0x0000000088000000, 0x000000008d550000, 0x00000000b0000000)
  eden space 69952K,  30% used [0x0000000088000000, 0x00000000894b99c8, 0x000000008c450000)
  from space 8704K,  94% used [0x000000008ccd0000, 0x000000008d4d0080, 0x000000008d550000)
  to   space 8704K,   0% used [0x000000008c450000, 0x000000008c450000, 0x000000008ccd0000)
 concurrent mark-sweep generation total 562592K, used 353937K [0x00000000b0000000, 0x00000000d2568000, 0x0000000100000000)
 Metaspace       used 2943K, capacity 4486K, committed 4864K, reserved 1056768K
  class space    used 305K, capacity 386K, committed 512K, reserved 1048576K
2024-07-27T17:23:20.152+0800: 13.509: Application time: 0.1066144 seconds
