OpenJDK 64-Bit Server VM (25.412-b1) for windows-amd64 JRE (1.8.0_412-b1), built on Apr 23 2024 12:00:37 by "Administrator" with MS VC++ 10.0 (VS2010)
Memory: 4k page, physical 16672068k(6561804k free), swap 19162436k(5514976k free)
CommandLine flags: -XX:GCDrainStackTargetSize=64 -XX:InitialHeapSize=266753088 -XX:MaxHeapSize=2147483648 -XX:MaxNewSize=697933824 -XX:MaxTenuringThreshold=6 -XX:OldPLABSize=16 -XX:+PrintGC -XX:+PrintGCApplicationConcurrentTime -XX:+PrintGCApplicationStoppedTime -XX:+PrintGCDateStamps -XX:+PrintGCDetails -XX:+PrintGCTimeStamps -XX:+UseCompressedClassPointers -XX:+UseCompressedOops -XX:+UseConcMarkSweepGC -XX:-UseLargePagesIndividualAllocation -XX:+UseParNewGC 
2024-07-27T17:23:20.332+0800: 0.108: Application time: 0.0364420 seconds
2024-07-27T17:23:20.332+0800: 0.108: [GC (Allocation Failure) 2024-07-27T17:23:20.333+0800: 0.108: [ParNew: 68984K->7896K(78656K), 0.0357009 secs] 68984K->68315K(253440K), 0.0358642 secs] [Times: user=0.05 sys=0.03, real=0.04 secs] 
2024-07-27T17:23:20.368+0800: 0.144: Total time for which application threads were stopped: 0.0360040 seconds, Stopping threads took: 0.0000190 seconds
2024-07-27T17:23:20.485+0800: 0.261: Application time: 0.1169182 seconds
2024-07-27T17:23:20.485+0800: 0.261: [GC (Allocation Failure) 2024-07-27T17:23:20.485+0800: 0.261: [ParNew: 76866K->8419K(78656K), 0.0295348 secs] 137285K->137070K(253440K), 0.0296063 secs] [Times: user=0.06 sys=0.05, real=0.03 secs] 
2024-07-27T17:23:20.515+0800: 0.291: Total time for which application threads were stopped: 0.0297230 seconds, Stopping threads took: 0.0000214 seconds
2024-07-27T17:23:20.515+0800: 0.291: Application time: 0.0002484 seconds
2024-07-27T17:23:20.515+0800: 0.291: [GC (CMS Initial Mark) [1 CMS-initial-mark: 128651K(174784K)] 140497K(253440K), 0.0006514 secs] [Times: user=0.00 sys=0.00, real=0.00 secs] 
2024-07-27T17:23:20.516+0800: 0.292: Total time for which application threads were stopped: 0.0008277 seconds, Stopping threads took: 0.0001332 seconds
2024-07-27T17:23:20.516+0800: 0.292: [CMS-concurrent-mark-start]
2024-07-27T17:23:20.520+0800: 0.296: [CMS-concurrent-mark: 0.004/0.004 secs] [Times: user=0.00 sys=0.00, real=0.00 secs] 
2024-07-27T17:23:20.520+0800: 0.296: [CMS-concurrent-preclean-start]
2024-07-27T17:23:20.521+0800: 0.297: [CMS-concurrent-preclean: 0.001/0.001 secs] [Times: user=0.03 sys=0.00, real=0.00 secs] 
2024-07-27T17:23:20.521+0800: 0.297: [CMS-concurrent-abortable-preclean-start]
2024-07-27T17:23:20.626+0800: 0.402: Application time: 0.1100279 seconds
2024-07-27T17:23:20.626+0800: 0.402: [GC (Allocation Failure) 2024-07-27T17:23:20.626+0800: 0.402: [ParNew: 77382K->28K(78656K), 0.0011486 secs] 206034K->128681K(253440K), 0.0012060 secs] [Times: user=0.00 sys=0.00, real=0.00 secs] 
2024-07-27T17:23:20.627+0800: 0.403: Total time for which application threads were stopped: 0.0013142 seconds, Stopping threads took: 0.0000215 seconds
2024-07-27T17:23:20.632+0800: 0.408: Application time: 0.0044764 seconds
2024-07-27T17:23:20.632+0800: 0.408: [GC (Allocation Failure) 2024-07-27T17:23:20.632+0800: 0.408: [ParNew: 68996K->8196K(78656K), 0.0305512 secs] 197650K->197266K(268860K), 0.0305984 secs] [Times: user=0.06 sys=0.00, real=0.03 secs] 
2024-07-27T17:23:20.662+0800: 0.438: Total time for which application threads were stopped: 0.0306930 seconds, Stopping threads took: 0.0000141 seconds
2024-07-27T17:23:20.769+0800: 0.546: Application time: 0.1072552 seconds
2024-07-27T17:23:20.770+0800: 0.546: [GC (Allocation Failure) 2024-07-27T17:23:20.770+0800: 0.546: [ParNew: 77168K->8192K(78656K), 0.0233339 secs] 266238K->265872K(337736K), 0.0233921 secs] [Times: user=0.03 sys=0.02, real=0.02 secs] 
2024-07-27T17:23:20.793+0800: 0.569: Total time for which application threads were stopped: 0.0235223 seconds, Stopping threads took: 0.0000349 seconds
2024-07-27T17:23:20.793+0800: 0.569: [CMS-concurrent-abortable-preclean: 0.005/0.272 secs] [Times: user=0.14 sys=0.02, real=0.27 secs] 
2024-07-27T17:23:20.793+0800: 0.569: Application time: 0.0003106 seconds
2024-07-27T17:23:20.793+0800: 0.570: [GC (CMS Final Remark) [YG occupancy: 12652 K (78656 K)]2024-07-27T17:23:20.793+0800: 0.570: [Rescan (parallel) , 0.0009751 secs]2024-07-27T17:23:20.794+0800: 0.571: [weak refs processing, 0.0000124 secs]2024-07-27T17:23:20.795+0800: 0.571: [class unloading, 0.0001898 secs]2024-07-27T17:23:20.795+0800: 0.571: [scrub symbol table, 0.0003438 secs]2024-07-27T17:23:20.795+0800: 0.571: [scrub string table, 0.0001011 secs][1 CMS-remark: 257680K(259080K)] 270332K(337736K), 0.0017535 secs] [Times: user=0.00 sys=0.00, real=0.00 secs] 
2024-07-27T17:23:20.795+0800: 0.571: Total time for which application threads were stopped: 0.0019325 seconds, Stopping threads took: 0.0001426 seconds
2024-07-27T17:23:20.795+0800: 0.572: [CMS-concurrent-sweep-start]
2024-07-27T17:23:20.796+0800: 0.573: [CMS-concurrent-sweep: 0.001/0.001 secs] [Times: user=0.00 sys=0.00, real=0.00 secs] 
2024-07-27T17:23:20.798+0800: 0.574: [CMS-concurrent-reset-start]
2024-07-27T17:23:20.807+0800: 0.583: [CMS-concurrent-reset: 0.009/0.009 secs] [Times: user=0.02 sys=0.00, real=0.01 secs] 
2024-07-27T17:23:20.910+0800: 0.686: Application time: 0.1147292 seconds
2024-07-27T17:23:20.910+0800: 0.686: [GC (Allocation Failure) 2024-07-27T17:23:20.910+0800: 0.686: [ParNew: 77165K->1024K(78656K), 0.0012723 secs] 334844K->258703K(508124K), 0.0013294 secs] [Times: user=0.08 sys=0.00, real=0.00 secs] 
2024-07-27T17:23:20.912+0800: 0.688: Total time for which application threads were stopped: 0.0014392 seconds, Stopping threads took: 0.0000208 seconds
2024-07-27T17:23:20.912+0800: 0.688: Application time: 0.0002450 seconds
2024-07-27T17:23:20.912+0800: 0.688: [GC (CMS Initial Mark) [1 CMS-initial-mark: 257679K(429468K)] 262140K(508124K), 0.0006879 secs] [Times: user=0.00 sys=0.00, real=0.00 secs] 
2024-07-27T17:23:20.913+0800: 0.689: Total time for which application threads were stopped: 0.0008716 seconds, Stopping threads took: 0.0001427 seconds
2024-07-27T17:23:20.913+0800: 0.689: [CMS-concurrent-mark-start]
2024-07-27T17:23:20.917+0800: 0.693: [CMS-concurrent-mark: 0.004/0.004 secs] [Times: user=0.00 sys=0.00, real=0.00 secs] 
2024-07-27T17:23:20.917+0800: 0.693: [CMS-concurrent-preclean-start]
2024-07-27T17:23:20.918+0800: 0.694: Application time: 0.0048500 seconds
2024-07-27T17:23:20.918+0800: 0.694: [GC (Allocation Failure) 2024-07-27T17:23:20.918+0800: 0.694: [ParNew: 69998K->8192K(78656K), 0.0338031 secs] 327677K->327312K(508124K), 0.0338506 secs] [Times: user=0.03 sys=0.02, real=0.03 secs] 
2024-07-27T17:23:20.952+0800: 0.728: Total time for which application threads were stopped: 0.0339494 seconds, Stopping threads took: 0.0000126 seconds
2024-07-27T17:23:20.952+0800: 0.728: [CMS-concurrent-preclean: 0.001/0.035 secs] [Times: user=0.03 sys=0.02, real=0.03 secs] 
2024-07-27T17:23:20.952+0800: 0.728: [CMS-concurrent-abortable-preclean-start]
2024-07-27T17:23:21.070+0800: 0.846: Application time: 0.1188863 seconds
2024-07-27T17:23:21.070+0800: 0.846: [GC (Allocation Failure) 2024-07-27T17:23:21.071+0800: 0.847: [ParNew: 77167K->8192K(78656K), 0.0363392 secs] 396287K->395921K(508124K), 0.0364016 secs] [Times: user=0.06 sys=0.00, real=0.04 secs] 
2024-07-27T17:23:21.107+0800: 0.883: Total time for which application threads were stopped: 0.0365098 seconds, Stopping threads took: 0.0000202 seconds
2024-07-27T17:23:21.107+0800: 0.883: [CMS-concurrent-abortable-preclean: 0.003/0.155 secs] [Times: user=0.06 sys=0.00, real=0.16 secs] 
2024-07-27T17:23:21.107+0800: 0.883: Application time: 0.0002944 seconds
2024-07-27T17:23:21.107+0800: 0.883: [GC (CMS Final Remark) [YG occupancy: 12654 K (78656 K)]2024-07-27T17:23:21.107+0800: 0.883: [Rescan (parallel) , 0.0010015 secs]2024-07-27T17:23:21.108+0800: 0.884: [weak refs processing, 0.0000126 secs]2024-07-27T17:23:21.108+0800: 0.884: [class unloading, 0.0001899 secs]2024-07-27T17:23:21.108+0800: 0.885: [scrub symbol table, 0.0003469 secs]2024-07-27T17:23:21.109+0800: 0.885: [scrub string table, 0.0001016 secs][1 CMS-remark: 387729K(429468K)] 400384K(508124K), 0.0017153 secs] [Times: user=0.00 sys=0.00, real=0.00 secs] 
2024-07-27T17:23:21.109+0800: 0.885: Total time for which application threads were stopped: 0.0018521 seconds, Stopping threads took: 0.0000932 seconds
2024-07-27T17:23:21.109+0800: 0.885: [CMS-concurrent-sweep-start]
2024-07-27T17:23:21.111+0800: 0.887: [CMS-concurrent-sweep: 0.002/0.002 secs] [Times: user=0.00 sys=0.00, real=0.00 secs] 
2024-07-27T17:23:21.111+0800: 0.887: [CMS-concurrent-reset-start]
2024-07-27T17:23:21.114+0800: 0.890: [CMS-concurrent-reset: 0.003/0.003 secs] [Times: user=0.03 sys=0.00, real=0.00 secs] 
2024-07-27T17:23:21.227+0800: 1.003: Application time: 0.1181476 seconds
2024-07-27T17:23:21.227+0800: 1.003: [GC (Allocation Failure) 2024-07-27T17:23:21.227+0800: 1.003: [ParNew: 77167K->2048K(78656K), 0.0012905 secs] 207869K->132749K(508124K), 0.0013486 secs] [Times: user=0.00 sys=0.00, real=0.00 secs] 
2024-07-27T17:23:21.229+0800: 1.005: Total time for which application threads were stopped: 0.0014649 seconds, Stopping threads took: 0.0000233 seconds
2024-07-27T17:23:21.233+0800: 1.009: Application time: 0.0044665 seconds
2024-07-27T17:23:21.233+0800: 1.009: [GC (Allocation Failure) 2024-07-27T17:23:21.233+0800: 1.009: [ParNew: 71024K->8192K(78656K), 0.0286388 secs] 201725K->201358K(508124K), 0.0286865 secs] [Times: user=0.06 sys=0.00, real=0.03 secs] 
2024-07-27T17:23:21.262+0800: 1.038: Total time for which application threads were stopped: 0.0287839 seconds, Stopping threads took: 0.0000150 seconds
2024-07-27T17:23:21.262+0800: 1.038: Application time: 0.0002765 seconds
2024-07-27T17:23:21.262+0800: 1.038: [GC (CMS Initial Mark) [1 CMS-initial-mark: 193166K(429468K)] 204797K(508124K), 0.0007230 secs] [Times: user=0.00 sys=0.00, real=0.00 secs] 
2024-07-27T17:23:21.263+0800: 1.039: Total time for which application threads were stopped: 0.0009277 seconds, Stopping threads took: 0.0001615 seconds
2024-07-27T17:23:21.263+0800: 1.039: [CMS-concurrent-mark-start]
2024-07-27T17:23:21.266+0800: 1.042: [CMS-concurrent-mark: 0.002/0.002 secs] [Times: user=0.00 sys=0.00, real=0.00 secs] 
2024-07-27T17:23:21.266+0800: 1.042: [CMS-concurrent-preclean-start]
2024-07-27T17:23:21.266+0800: 1.042: [CMS-concurrent-preclean: 0.001/0.001 secs] [Times: user=0.00 sys=0.00, real=0.00 secs] 
2024-07-27T17:23:21.266+0800: 1.042: [CMS-concurrent-abortable-preclean-start]
2024-07-27T17:23:21.371+0800: 1.147: Application time: 0.1076629 seconds
2024-07-27T17:23:21.371+0800: 1.147: [GC (Allocation Failure) 2024-07-27T17:23:21.371+0800: 1.147: [ParNew: 77168K->8192K(78656K), 0.0117420 secs] 270334K->269967K(508124K), 0.0118018 secs] [Times: user=0.03 sys=0.00, real=0.01 secs] 
2024-07-27T17:23:21.383+0800: 1.159: Total time for which application threads were stopped: 0.0119124 seconds, Stopping threads took: 0.0000198 seconds
2024-07-27T17:23:21.494+0800: 1.270: Application time: 0.1113354 seconds
2024-07-27T17:23:21.494+0800: 1.270: [GC (Allocation Failure) 2024-07-27T17:23:21.494+0800: 1.270: [ParNew: 77168K->3072K(78656K), 0.0013298 secs] 338943K->264847K(508124K), 0.0013851 secs] [Times: user=0.00 sys=0.00, real=0.00 secs] 
2024-07-27T17:23:21.495+0800: 1.272: Total time for which application threads were stopped: 0.0014947 seconds, Stopping threads took: 0.0000217 seconds
2024-07-27T17:23:21.499+0800: 1.276: Application time: 0.0043309 seconds
2024-07-27T17:23:21.499+0800: 1.276: [GC (Allocation Failure) 2024-07-27T17:23:21.499+0800: 1.276: [ParNew: 72048K->8192K(78656K), 0.0111459 secs] 333823K->333456K(508124K), 0.0111942 secs] [Times: user=0.03 sys=0.00, real=0.01 secs] 
2024-07-27T17:23:21.511+0800: 1.287: Total time for which application threads were stopped: 0.0112891 seconds, Stopping threads took: 0.0000138 seconds
2024-07-27T17:23:21.511+0800: 1.287: [CMS-concurrent-abortable-preclean: 0.005/0.245 secs] [Times: user=0.06 sys=0.00, real=0.24 secs] 
2024-07-27T17:23:21.511+0800: 1.287: Application time: 0.0002856 seconds
2024-07-27T17:23:21.511+0800: 1.288: [GC (CMS Final Remark) [YG occupancy: 12655 K (78656 K)]2024-07-27T17:23:21.511+0800: 1.288: [Rescan (parallel) , 0.0009648 secs]2024-07-27T17:23:21.512+0800: 1.289: [weak refs processing, 0.0000125 secs]2024-07-27T17:23:21.512+0800: 1.289: [class unloading, 0.0001874 secs]2024-07-27T17:23:21.512+0800: 1.289: [scrub symbol table, 0.0003458 secs]2024-07-27T17:23:21.513+0800: 1.289: [scrub string table, 0.0001038 secs][1 CMS-remark: 325264K(429468K)] 337920K(508124K), 0.0016802 secs] [Times: user=0.00 sys=0.00, real=0.00 secs] 
2024-07-27T17:23:21.513+0800: 1.289: Total time for which application threads were stopped: 0.0018017 seconds, Stopping threads took: 0.0000851 seconds
2024-07-27T17:23:21.513+0800: 1.290: [CMS-concurrent-sweep-start]
2024-07-27T17:23:21.515+0800: 1.291: [CMS-concurrent-sweep: 0.002/0.002 secs] [Times: user=0.00 sys=0.00, real=0.00 secs] 
2024-07-27T17:23:21.515+0800: 1.291: [CMS-concurrent-reset-start]
2024-07-27T17:23:21.516+0800: 1.293: [CMS-concurrent-reset: 0.002/0.002 secs] [Times: user=0.00 sys=0.00, real=0.00 secs] 
2024-07-27T17:23:21.622+0800: 1.399: Application time: 0.1097697 seconds
2024-07-27T17:23:21.623+0800: 1.399: [GC (Allocation Failure) 2024-07-27T17:23:21.623+0800: 1.399: [ParNew: 77168K->8192K(78656K), 0.0117915 secs] 272383K->272015K(508124K), 0.0118523 secs] [Times: user=0.03 sys=0.00, real=0.01 secs] 
2024-07-27T17:23:21.635+0800: 1.411: Total time for which application threads were stopped: 0.0119843 seconds, Stopping threads took: 0.0000198 seconds
2024-07-27T17:23:21.635+0800: 1.411: Application time: 0.0001613 seconds
2024-07-27T17:23:21.635+0800: 1.411: [GC (CMS Initial Mark) [1 CMS-initial-mark: 263823K(429468K)] 275455K(508124K), 0.0007568 secs] [Times: user=0.00 sys=0.00, real=0.00 secs] 
2024-07-27T17:23:21.636+0800: 1.412: Total time for which application threads were stopped: 0.0009186 seconds, Stopping threads took: 0.0001003 seconds
2024-07-27T17:23:21.636+0800: 1.412: [CMS-concurrent-mark-start]
2024-07-27T17:23:21.640+0800: 1.416: [CMS-concurrent-mark: 0.004/0.004 secs] [Times: user=0.00 sys=0.00, real=0.00 secs] 
2024-07-27T17:23:21.640+0800: 1.416: [CMS-concurrent-preclean-start]
2024-07-27T17:23:21.641+0800: 1.418: [CMS-concurrent-preclean: 0.001/0.001 secs] [Times: user=0.00 sys=0.00, real=0.00 secs] 
2024-07-27T17:23:21.641+0800: 1.418: [CMS-concurrent-abortable-preclean-start]
2024-07-27T17:23:21.747+0800: 1.523: Application time: 0.1106389 seconds
2024-07-27T17:23:21.747+0800: 1.523: [GC (Allocation Failure) 2024-07-27T17:23:21.747+0800: 1.523: [ParNew: 77168K->4096K(78656K), 0.0015287 secs] 340992K->267919K(508124K), 0.0015851 secs] [Times: user=0.00 sys=0.00, real=0.00 secs] 
2024-07-27T17:23:21.748+0800: 1.524: Total time for which application threads were stopped: 0.0016930 seconds, Stopping threads took: 0.0000203 seconds
2024-07-27T17:23:21.753+0800: 1.529: Application time: 0.0043093 seconds
2024-07-27T17:23:21.753+0800: 1.529: [GC (Allocation Failure) 2024-07-27T17:23:21.753+0800: 1.529: [ParNew: 73072K->8192K(78656K), 0.0112920 secs] 336896K->336528K(508124K), 0.0113401 secs] [Times: user=0.03 sys=0.00, real=0.01 secs] 
2024-07-27T17:23:21.764+0800: 1.540: Total time for which application threads were stopped: 0.0114355 seconds, Stopping threads took: 0.0000144 seconds
2024-07-27T17:23:21.874+0800: 1.650: Application time: 0.1102500 seconds
2024-07-27T17:23:21.874+0800: 1.651: [GC (Allocation Failure) 2024-07-27T17:23:21.874+0800: 1.651: [ParNew: 77168K->8192K(78656K), 0.0124251 secs] 405505K->405137K(508124K), 0.0125021 secs] [Times: user=0.03 sys=0.00, real=0.01 secs] 
2024-07-27T17:23:21.887+0800: 1.663: Total time for which application threads were stopped: 0.0126124 seconds, Stopping threads took: 0.0000204 seconds
2024-07-27T17:23:21.887+0800: 1.663: [CMS-concurrent-abortable-preclean: 0.005/0.245 secs] [Times: user=0.06 sys=0.00, real=0.25 secs] 
2024-07-27T17:23:21.887+0800: 1.663: Application time: 0.0003182 seconds
2024-07-27T17:23:21.887+0800: 1.664: [GC (CMS Final Remark) [YG occupancy: 12655 K (78656 K)]2024-07-27T17:23:21.887+0800: 1.664: [Rescan (parallel) , 0.0008288 secs]2024-07-27T17:23:21.888+0800: 1.664: [weak refs processing, 0.0000506 secs]2024-07-27T17:23:21.888+0800: 1.664: [class unloading, 0.0001751 secs]2024-07-27T17:23:21.888+0800: 1.665: [scrub symbol table, 0.0003522 secs]2024-07-27T17:23:21.889+0800: 1.665: [scrub string table, 0.0001136 secs][1 CMS-remark: 396945K(429468K)] 409601K(508124K), 0.0015864 secs] [Times: user=0.00 sys=0.00, real=0.00 secs] 
2024-07-27T17:23:21.889+0800: 1.665: Total time for which application threads were stopped: 0.0017593 seconds, Stopping threads took: 0.0001360 seconds
2024-07-27T17:23:21.889+0800: 1.665: [CMS-concurrent-sweep-start]
2024-07-27T17:23:21.891+0800: 1.667: [CMS-concurrent-sweep: 0.002/0.002 secs] [Times: user=0.00 sys=0.00, real=0.00 secs] 
2024-07-27T17:23:21.891+0800: 1.668: [CMS-concurrent-reset-start]
2024-07-27T17:23:21.894+0800: 1.670: [CMS-concurrent-reset: 0.003/0.003 secs] [Times: user=0.00 sys=0.00, real=0.00 secs] 
2024-07-27T17:23:21.999+0800: 1.774: Application time: 0.1091820 seconds
2024-07-27T17:23:21.999+0800: 1.774: [GC (Allocation Failure) 2024-07-27T17:23:21.999+0800: 1.774: [ParNew: 77168K->5120K(78656K), 0.0022688 secs] 343040K->270991K(521776K), 0.0023281 secs] [Times: user=0.00 sys=0.00, real=0.00 secs] 
2024-07-27T17:23:22.001+0800: 1.777: Total time for which application threads were stopped: 0.0024511 seconds, Stopping threads took: 0.0000251 seconds
2024-07-27T17:23:22.001+0800: 1.777: Application time: 0.0002438 seconds
2024-07-27T17:23:22.001+0800: 1.777: [GC (CMS Initial Mark) [1 CMS-initial-mark: 265871K(443120K)] 274431K(521776K), 0.0007148 secs] [Times: user=0.00 sys=0.00, real=0.00 secs] 
2024-07-27T17:23:22.002+0800: 1.778: Total time for which application threads were stopped: 0.0008343 seconds, Stopping threads took: 0.0000778 seconds
2024-07-27T17:23:22.002+0800: 1.778: [CMS-concurrent-mark-start]
2024-07-27T17:23:22.006+0800: 1.782: [CMS-concurrent-mark: 0.004/0.004 secs] [Times: user=0.05 sys=0.00, real=0.00 secs] 
2024-07-27T17:23:22.006+0800: 1.782: [CMS-concurrent-preclean-start]
2024-07-27T17:23:22.007+0800: 1.783: Application time: 0.0047648 seconds
2024-07-27T17:23:22.007+0800: 1.783: [GC (Allocation Failure) 2024-07-27T17:23:22.007+0800: 1.783: [ParNew: 74096K->8192K(78656K), 0.0112438 secs] 339968K->339600K(521776K), 0.0112930 secs] [Times: user=0.00 sys=0.00, real=0.01 secs] 
2024-07-27T17:23:22.018+0800: 1.794: Total time for which application threads were stopped: 0.0113874 seconds, Stopping threads took: 0.0000128 seconds
2024-07-27T17:23:22.019+0800: 1.795: [CMS-concurrent-preclean: 0.001/0.013 secs] [Times: user=0.00 sys=0.00, real=0.01 secs] 
2024-07-27T17:23:22.019+0800: 1.795: [CMS-concurrent-abortable-preclean-start]
2024-07-27T17:23:22.125+0800: 1.901: Application time: 0.1066363 seconds
2024-07-27T17:23:22.125+0800: 1.901: [GC (Allocation Failure) 2024-07-27T17:23:22.125+0800: 1.901: [ParNew: 77168K->8192K(78656K), 0.0117788 secs] 408577K->408209K(521776K), 0.0118388 secs] [Times: user=0.03 sys=0.00, real=0.01 secs] 
2024-07-27T17:23:22.137+0800: 1.913: Total time for which application threads were stopped: 0.0119450 seconds, Stopping threads took: 0.0000193 seconds
2024-07-27T17:23:22.137+0800: 1.913: [CMS-concurrent-abortable-preclean: 0.003/0.118 secs] [Times: user=0.03 sys=0.00, real=0.12 secs] 
2024-07-27T17:23:22.137+0800: 1.913: Application time: 0.0003291 seconds
2024-07-27T17:23:22.137+0800: 1.913: [GC (CMS Final Remark) [YG occupancy: 12655 K (78656 K)]2024-07-27T17:23:22.137+0800: 1.913: [Rescan (parallel) , 0.0004778 secs]2024-07-27T17:23:22.138+0800: 1.914: [weak refs processing, 0.0000135 secs]2024-07-27T17:23:22.138+0800: 1.914: [class unloading, 0.0002070 secs]2024-07-27T17:23:22.138+0800: 1.914: [scrub symbol table, 0.0003275 secs]2024-07-27T17:23:22.138+0800: 1.914: [scrub string table, 0.0001025 secs][1 CMS-remark: 400017K(443120K)] 412673K(521776K), 0.0012021 secs] [Times: user=0.00 sys=0.00, real=0.00 secs] 
2024-07-27T17:23:22.138+0800: 1.914: Total time for which application threads were stopped: 0.0013801 seconds, Stopping threads took: 0.0001396 seconds
2024-07-27T17:23:22.139+0800: 1.915: [CMS-concurrent-sweep-start]
2024-07-27T17:23:22.140+0800: 1.916: [CMS-concurrent-sweep: 0.002/0.002 secs] [Times: user=0.00 sys=0.00, real=0.00 secs] 
2024-07-27T17:23:22.140+0800: 1.916: [CMS-concurrent-reset-start]
2024-07-27T17:23:22.143+0800: 1.919: [CMS-concurrent-reset: 0.003/0.003 secs] [Times: user=0.00 sys=0.00, real=0.00 secs] 
2024-07-27T17:23:22.250+0800: 2.026: Application time: 0.1120689 seconds
2024-07-27T17:23:22.251+0800: 2.027: [GC (Allocation Failure) 2024-07-27T17:23:22.251+0800: 2.027: [ParNew: 77168K->6144K(78656K), 0.0021528 secs] 211966K->140941K(521776K), 0.0022144 secs] [Times: user=0.00 sys=0.00, real=0.00 secs] 
2024-07-27T17:23:22.252+0800: 2.029: Total time for which application threads were stopped: 0.0023416 seconds, Stopping threads took: 0.0000342 seconds
2024-07-27T17:23:22.257+0800: 2.033: Application time: 0.0044698 seconds
2024-07-27T17:23:22.257+0800: 2.033: [GC (Allocation Failure) 2024-07-27T17:23:22.257+0800: 2.033: [ParNew: 75120K->8192K(78656K), 0.0162942 secs] 209918K->209550K(521776K), 0.0163429 secs] [Times: user=0.03 sys=0.00, real=0.02 secs] 
2024-07-27T17:23:22.273+0800: 2.050: Total time for which application threads were stopped: 0.0164386 seconds, Stopping threads took: 0.0000150 seconds
2024-07-27T17:23:22.273+0800: 2.050: Application time: 0.0002216 seconds
2024-07-27T17:23:22.274+0800: 2.050: [GC (CMS Initial Mark) [1 CMS-initial-mark: 201358K(443120K)] 212990K(521776K), 0.0007897 secs] [Times: user=0.00 sys=0.00, real=0.00 secs] 
2024-07-27T17:23:22.274+0800: 2.051: Total time for which application threads were stopped: 0.0009454 seconds, Stopping threads took: 0.0001144 seconds
2024-07-27T17:23:22.275+0800: 2.051: [CMS-concurrent-mark-start]
2024-07-27T17:23:22.277+0800: 2.053: [CMS-concurrent-mark: 0.002/0.002 secs] [Times: user=0.00 sys=0.00, real=0.00 secs] 
2024-07-27T17:23:22.277+0800: 2.053: [CMS-concurrent-preclean-start]
2024-07-27T17:23:22.277+0800: 2.054: [CMS-concurrent-preclean: 0.001/0.001 secs] [Times: user=0.00 sys=0.00, real=0.00 secs] 
2024-07-27T17:23:22.277+0800: 2.054: [CMS-concurrent-abortable-preclean-start]
2024-07-27T17:23:22.380+0800: 2.156: Application time: 0.1051639 seconds
2024-07-27T17:23:22.380+0800: 2.156: [GC (Allocation Failure) 2024-07-27T17:23:22.380+0800: 2.156: [ParNew: 77168K->8192K(78656K), 0.0124023 secs] 278527K->278159K(521776K), 0.0124619 secs] [Times: user=0.00 sys=0.00, real=0.01 secs] 
2024-07-27T17:23:22.392+0800: 2.169: Total time for which application threads were stopped: 0.0125708 seconds, Stopping threads took: 0.0000192 seconds
2024-07-27T17:23:22.503+0800: 2.279: Application time: 0.1104796 seconds
2024-07-27T17:23:22.503+0800: 2.279: [GC (Allocation Failure) 2024-07-27T17:23:22.503+0800: 2.279: [ParNew: 77168K->7168K(78656K), 0.0019800 secs] 347136K->277135K(521776K), 0.0020438 secs] [Times: user=0.03 sys=0.00, real=0.00 secs] 
2024-07-27T17:23:22.505+0800: 2.281: Total time for which application threads were stopped: 0.0021481 seconds, Stopping threads took: 0.0000198 seconds
2024-07-27T17:23:22.509+0800: 2.286: Application time: 0.0044813 seconds
2024-07-27T17:23:22.510+0800: 2.286: [GC (Allocation Failure) 2024-07-27T17:23:22.510+0800: 2.286: [ParNew: 76144K->8192K(78656K), 0.0116939 secs] 346112K->345744K(521776K), 0.0117414 secs] [Times: user=0.03 sys=0.00, real=0.01 secs] 
2024-07-27T17:23:22.521+0800: 2.298: Total time for which application threads were stopped: 0.0118416 seconds, Stopping threads took: 0.0000173 seconds
2024-07-27T17:23:22.521+0800: 2.298: [CMS-concurrent-abortable-preclean: 0.004/0.244 secs] [Times: user=0.09 sys=0.00, real=0.24 secs] 
2024-07-27T17:23:22.522+0800: 2.298: Application time: 0.0002929 seconds
2024-07-27T17:23:22.522+0800: 2.298: [GC (CMS Final Remark) [YG occupancy: 12655 K (78656 K)]2024-07-27T17:23:22.522+0800: 2.298: [Rescan (parallel) , 0.0006976 secs]2024-07-27T17:23:22.523+0800: 2.299: [weak refs processing, 0.0000123 secs]2024-07-27T17:23:22.523+0800: 2.299: [class unloading, 0.0001918 secs]2024-07-27T17:23:22.523+0800: 2.299: [scrub symbol table, 0.0003465 secs]2024-07-27T17:23:22.523+0800: 2.299: [scrub string table, 0.0001140 secs][1 CMS-remark: 337552K(443120K)] 350208K(521776K), 0.0014280 secs] [Times: user=0.00 sys=0.00, real=0.00 secs] 
2024-07-27T17:23:22.523+0800: 2.299: Total time for which application threads were stopped: 0.0016400 seconds, Stopping threads took: 0.0001756 seconds
2024-07-27T17:23:22.524+0800: 2.300: [CMS-concurrent-sweep-start]
2024-07-27T17:23:22.525+0800: 2.301: [CMS-concurrent-sweep: 0.001/0.001 secs] [Times: user=0.00 sys=0.00, real=0.00 secs] 
2024-07-27T17:23:22.525+0800: 2.301: [CMS-concurrent-reset-start]
2024-07-27T17:23:22.526+0800: 2.303: [CMS-concurrent-reset: 0.002/0.002 secs] [Times: user=0.00 sys=0.00, real=0.00 secs] 
2024-07-27T17:23:22.632+0800: 2.409: Application time: 0.1092544 seconds
2024-07-27T17:23:22.632+0800: 2.409: [GC (Allocation Failure) 2024-07-27T17:23:22.632+0800: 2.409: [ParNew: 77168K->8192K(78656K), 0.0128851 secs] 280575K->280207K(521776K), 0.0129476 secs] [Times: user=0.00 sys=0.00, real=0.01 secs] 
2024-07-27T17:23:22.645+0800: 2.422: Total time for which application threads were stopped: 0.0130600 seconds, Stopping threads took: 0.0000214 seconds
2024-07-27T17:23:22.645+0800: 2.422: Application time: 0.0002264 seconds
2024-07-27T17:23:22.645+0800: 2.422: [GC (CMS Initial Mark) [1 CMS-initial-mark: 272015K(443120K)] 283647K(521776K), 0.0008249 secs] [Times: user=0.00 sys=0.00, real=0.00 secs] 
2024-07-27T17:23:22.646+0800: 2.423: Total time for which application threads were stopped: 0.0009405 seconds, Stopping threads took: 0.0000744 seconds
2024-07-27T17:23:22.646+0800: 2.423: [CMS-concurrent-mark-start]
2024-07-27T17:23:22.650+0800: 2.427: [CMS-concurrent-mark: 0.004/0.004 secs] [Times: user=0.00 sys=0.00, real=0.00 secs] 
2024-07-27T17:23:22.650+0800: 2.427: [CMS-concurrent-preclean-start]
2024-07-27T17:23:22.651+0800: 2.428: [CMS-concurrent-preclean: 0.001/0.001 secs] [Times: user=0.00 sys=0.00, real=0.00 secs] 
2024-07-27T17:23:22.651+0800: 2.428: [CMS-concurrent-abortable-preclean-start]
2024-07-27T17:23:22.757+0800: 2.534: Application time: 0.1105949 seconds
2024-07-27T17:23:22.757+0800: 2.534: [GC (Allocation Failure) 2024-07-27T17:23:22.757+0800: 2.534: [ParNew: 77168K->8192K(78656K), 0.0021035 secs] 349184K->280207K(521776K), 0.0021569 secs] [Times: user=0.00 sys=0.00, real=0.00 secs] 
2024-07-27T17:23:22.759+0800: 2.536: Total time for which application threads were stopped: 0.0022625 seconds, Stopping threads took: 0.0000196 seconds
2024-07-27T17:23:22.764+0800: 2.540: Application time: 0.0043895 seconds
2024-07-27T17:23:22.764+0800: 2.540: [GC (Allocation Failure) 2024-07-27T17:23:22.764+0800: 2.540: [ParNew: 77168K->8192K(78656K), 0.0117306 secs] 349184K->348816K(521776K), 0.0117784 secs] [Times: user=0.03 sys=0.00, real=0.01 secs] 
2024-07-27T17:23:22.775+0800: 2.552: Total time for which application threads were stopped: 0.0118770 seconds, Stopping threads took: 0.0000137 seconds
2024-07-27T17:23:22.886+0800: 2.662: Application time: 0.1100624 seconds
2024-07-27T17:23:22.886+0800: 2.662: [GC (Allocation Failure) 2024-07-27T17:23:22.886+0800: 2.662: [ParNew: 77168K->8192K(78656K), 0.0118735 secs] 417793K->417425K(521776K), 0.0119339 secs] [Times: user=0.03 sys=0.00, real=0.01 secs] 
2024-07-27T17:23:22.898+0800: 2.674: Total time for which application threads were stopped: 0.0120533 seconds, Stopping threads took: 0.0000198 seconds
2024-07-27T17:23:22.898+0800: 2.674: [CMS-concurrent-abortable-preclean: 0.005/0.246 secs] [Times: user=0.06 sys=0.00, real=0.25 secs] 
2024-07-27T17:23:22.898+0800: 2.675: Application time: 0.0003125 seconds
2024-07-27T17:23:22.898+0800: 2.675: [GC (CMS Final Remark) [YG occupancy: 12655 K (78656 K)]2024-07-27T17:23:22.898+0800: 2.675: [Rescan (parallel) , 0.0008140 secs]2024-07-27T17:23:22.899+0800: 2.676: [weak refs processing, 0.0000127 secs]2024-07-27T17:23:22.899+0800: 2.676: [class unloading, 0.0001922 secs]2024-07-27T17:23:22.899+0800: 2.676: [scrub symbol table, 0.0003664 secs]2024-07-27T17:23:22.900+0800: 2.676: [scrub string table, 0.0001017 secs][1 CMS-remark: 409233K(443120K)] 421889K(521776K), 0.0015548 secs] [Times: user=0.00 sys=0.00, real=0.00 secs] 
2024-07-27T17:23:22.900+0800: 2.676: Total time for which application threads were stopped: 0.0017285 seconds, Stopping threads took: 0.0001353 seconds
2024-07-27T17:23:22.900+0800: 2.677: [CMS-concurrent-sweep-start]
2024-07-27T17:23:22.902+0800: 2.678: [CMS-concurrent-sweep: 0.002/0.002 secs] [Times: user=0.00 sys=0.00, real=0.00 secs] 
2024-07-27T17:23:22.902+0800: 2.678: [CMS-concurrent-reset-start]
2024-07-27T17:23:22.905+0800: 2.681: [CMS-concurrent-reset: 0.003/0.003 secs] [Times: user=0.00 sys=0.00, real=0.00 secs] 
2024-07-27T17:23:23.009+0800: 2.785: Application time: 0.1084709 seconds
2024-07-27T17:23:23.009+0800: 2.785: [GC (Allocation Failure) 2024-07-27T17:23:23.009+0800: 2.785: [ParNew: 77168K->8192K(78656K), 0.0028471 secs] 351232K->283279K(535432K), 0.0028994 secs] [Times: user=0.00 sys=0.00, real=0.00 secs] 
2024-07-27T17:23:23.011+0800: 2.788: Total time for which application threads were stopped: 0.0030063 seconds, Stopping threads took: 0.0000202 seconds
2024-07-27T17:23:23.011+0800: 2.788: Application time: 0.0001246 seconds
2024-07-27T17:23:23.012+0800: 2.788: [GC (CMS Initial Mark) [1 CMS-initial-mark: 275087K(456776K)] 286719K(535432K), 0.0008131 secs] [Times: user=0.00 sys=0.00, real=0.00 secs] 
2024-07-27T17:23:23.012+0800: 2.789: Total time for which application threads were stopped: 0.0009814 seconds, Stopping threads took: 0.0001241 seconds
2024-07-27T17:23:23.013+0800: 2.789: [CMS-concurrent-mark-start]
2024-07-27T17:23:23.017+0800: 2.793: [CMS-concurrent-mark: 0.004/0.004 secs] [Times: user=0.00 sys=0.00, real=0.00 secs] 
2024-07-27T17:23:23.017+0800: 2.793: [CMS-concurrent-preclean-start]
2024-07-27T17:23:23.017+0800: 2.794: Application time: 0.0049863 seconds
2024-07-27T17:23:23.017+0800: 2.794: [GC (Allocation Failure) 2024-07-27T17:23:23.018+0800: 2.794: [ParNew: 77168K->8192K(78656K), 0.0165149 secs] 352256K->351888K(535432K), 0.0165732 secs] [Times: user=0.02 sys=0.02, real=0.02 secs] 
2024-07-27T17:23:23.034+0800: 2.811: Total time for which application threads were stopped: 0.0166814 seconds, Stopping threads took: 0.0000129 seconds
2024-07-27T17:23:23.035+0800: 2.811: [CMS-concurrent-preclean: 0.001/0.018 secs] [Times: user=0.02 sys=0.02, real=0.02 secs] 
2024-07-27T17:23:23.035+0800: 2.811: [CMS-concurrent-abortable-preclean-start]
2024-07-27T17:23:23.153+0800: 2.929: Application time: 0.1188263 seconds
2024-07-27T17:23:23.153+0800: 2.929: [GC (Allocation Failure) 2024-07-27T17:23:23.153+0800: 2.929: [ParNew: 77168K->8192K(78656K), 0.0120919 secs] 420865K->420497K(535432K), 0.0121516 secs] [Times: user=0.03 sys=0.00, real=0.01 secs] 
2024-07-27T17:23:23.165+0800: 2.942: Total time for which application threads were stopped: 0.0122600 seconds, Stopping threads took: 0.0000202 seconds
2024-07-27T17:23:23.165+0800: 2.942: [CMS-concurrent-abortable-preclean: 0.003/0.130 secs] [Times: user=0.06 sys=0.00, real=0.13 secs] 
2024-07-27T17:23:23.165+0800: 2.942: Application time: 0.0002814 seconds
2024-07-27T17:23:23.166+0800: 2.942: [GC (CMS Final Remark) [YG occupancy: 11631 K (78656 K)]2024-07-27T17:23:23.166+0800: 2.942: [Rescan (parallel) , 0.0008607 secs]2024-07-27T17:23:23.167+0800: 2.943: [weak refs processing, 0.0000130 secs]2024-07-27T17:23:23.167+0800: 2.943: [class unloading, 0.0001764 secs]2024-07-27T17:23:23.167+0800: 2.943: [scrub symbol table, 0.0003427 secs]2024-07-27T17:23:23.167+0800: 2.944: [scrub string table, 0.0001119 secs][1 CMS-remark: 412305K(456776K)] 423937K(535432K), 0.0015831 secs] [Times: user=0.00 sys=0.00, real=0.00 secs] 
2024-07-27T17:23:23.167+0800: 2.944: Total time for which application threads were stopped: 0.0017674 seconds, Stopping threads took: 0.0001430 seconds
2024-07-27T17:23:23.167+0800: 2.944: [CMS-concurrent-sweep-start]
2024-07-27T17:23:23.169+0800: 2.946: [CMS-concurrent-sweep: 0.002/0.002 secs] [Times: user=0.00 sys=0.00, real=0.00 secs] 
2024-07-27T17:23:23.169+0800: 2.946: [CMS-concurrent-reset-start]
2024-07-27T17:23:23.172+0800: 2.949: [CMS-concurrent-reset: 0.003/0.003 secs] [Times: user=0.00 sys=0.00, real=0.00 secs] 
2024-07-27T17:23:23.277+0800: 3.053: Application time: 0.1095562 seconds
2024-07-27T17:23:23.277+0800: 3.053: [GC (Allocation Failure) 2024-07-27T17:23:23.277+0800: 3.053: [ParNew: 77168K->8192K(78656K), 0.0026265 secs] 216062K->149133K(535432K), 0.0026784 secs] [Times: user=0.00 sys=0.00, real=0.00 secs] 
2024-07-27T17:23:23.280+0800: 3.056: Total time for which application threads were stopped: 0.0028035 seconds, Stopping threads took: 0.0000199 seconds
2024-07-27T17:23:23.284+0800: 3.061: Application time: 0.0045078 seconds
2024-07-27T17:23:23.284+0800: 3.061: [GC (Allocation Failure) 2024-07-27T17:23:23.284+0800: 3.061: [ParNew: 77168K->8192K(78656K), 0.0120267 secs] 218110K->217742K(535432K), 0.0120755 secs] [Times: user=0.03 sys=0.00, real=0.01 secs] 
2024-07-27T17:23:23.296+0800: 3.073: Total time for which application threads were stopped: 0.0121703 seconds, Stopping threads took: 0.0000138 seconds
2024-07-27T17:23:23.296+0800: 3.073: Application time: 0.0002195 seconds
2024-07-27T17:23:23.297+0800: 3.073: [GC (CMS Initial Mark) [1 CMS-initial-mark: 209550K(456776K)] 221182K(535432K), 0.0007171 secs] [Times: user=0.00 sys=0.00, real=0.00 secs] 
2024-07-27T17:23:23.297+0800: 3.074: Total time for which application threads were stopped: 0.0008396 seconds, Stopping threads took: 0.0000730 seconds
2024-07-27T17:23:23.297+0800: 3.074: [CMS-concurrent-mark-start]
2024-07-27T17:23:23.299+0800: 3.076: [CMS-concurrent-mark: 0.002/0.002 secs] [Times: user=0.00 sys=0.00, real=0.00 secs] 
2024-07-27T17:23:23.299+0800: 3.076: [CMS-concurrent-preclean-start]
2024-07-27T17:23:23.300+0800: 3.076: [CMS-concurrent-preclean: 0.001/0.001 secs] [Times: user=0.00 sys=0.00, real=0.00 secs] 
2024-07-27T17:23:23.300+0800: 3.076: [CMS-concurrent-abortable-preclean-start]
2024-07-27T17:23:23.405+0800: 3.182: Application time: 0.1077044 seconds
2024-07-27T17:23:23.405+0800: 3.182: [GC (Allocation Failure) 2024-07-27T17:23:23.405+0800: 3.182: [ParNew: 77168K->8192K(78656K), 0.0118610 secs] 286719K->286351K(535432K), 0.0119214 secs] [Times: user=0.03 sys=0.00, real=0.01 secs] 
2024-07-27T17:23:23.417+0800: 3.194: Total time for which application threads were stopped: 0.0120445 seconds, Stopping threads took: 0.0000194 seconds
2024-07-27T17:23:23.529+0800: 3.306: Application time: 0.1123444 seconds
2024-07-27T17:23:23.529+0800: 3.306: [GC (Allocation Failure) 2024-07-27T17:23:23.529+0800: 3.306: [ParNew: 77168K->8192K(78656K), 0.0025946 secs] 355328K->289423K(535432K), 0.0026573 secs] [Times: user=0.00 sys=0.00, real=0.00 secs] 
2024-07-27T17:23:23.532+0800: 3.309: Total time for which application threads were stopped: 0.0027874 seconds, Stopping threads took: 0.0000461 seconds
2024-07-27T17:23:23.532+0800: 3.309: [CMS-concurrent-abortable-preclean: 0.005/0.232 secs] [Times: user=0.03 sys=0.00, real=0.23 secs] 
2024-07-27T17:23:23.532+0800: 3.309: Application time: 0.0003349 seconds
2024-07-27T17:23:23.532+0800: 3.309: [GC (CMS Final Remark) [YG occupancy: 12655 K (78656 K)]2024-07-27T17:23:23.532+0800: 3.309: [Rescan (parallel) , 0.0006195 secs]2024-07-27T17:23:23.533+0800: 3.310: [weak refs processing, 0.0000127 secs]2024-07-27T17:23:23.533+0800: 3.310: [class unloading, 0.0001745 secs]2024-07-27T17:23:23.533+0800: 3.310: [scrub symbol table, 0.0003242 secs]2024-07-27T17:23:23.534+0800: 3.310: [scrub string table, 0.0001004 secs][1 CMS-remark: 281231K(456776K)] 293887K(535432K), 0.0012946 secs] [Times: user=0.00 sys=0.00, real=0.00 secs] 
2024-07-27T17:23:23.534+0800: 3.310: Total time for which application threads were stopped: 0.0014449 seconds, Stopping threads took: 0.0001156 seconds
2024-07-27T17:23:23.534+0800: 3.311: [CMS-concurrent-sweep-start]
2024-07-27T17:23:23.535+0800: 3.312: [CMS-concurrent-sweep: 0.001/0.001 secs] [Times: user=0.03 sys=0.00, real=0.00 secs] 
2024-07-27T17:23:23.535+0800: 3.312: [CMS-concurrent-reset-start]
2024-07-27T17:23:23.539+0800: 3.315: [CMS-concurrent-reset: 0.003/0.003 secs] [Times: user=0.00 sys=0.00, real=0.00 secs] 
2024-07-27T17:23:23.540+0800: 3.316: Application time: 0.0058043 seconds
2024-07-27T17:23:23.540+0800: 3.316: [GC (Allocation Failure) 2024-07-27T17:23:23.540+0800: 3.316: [ParNew: 77168K->8192K(78656K), 0.0119851 secs] 220158K->219790K(535432K), 0.0120337 secs] [Times: user=0.03 sys=0.00, real=0.01 secs] 
2024-07-27T17:23:23.552+0800: 3.328: Total time for which application threads were stopped: 0.0121280 seconds, Stopping threads took: 0.0000122 seconds
2024-07-27T17:23:23.552+0800: 3.329: Application time: 0.0002304 seconds
2024-07-27T17:23:23.552+0800: 3.329: [GC (CMS Initial Mark) [1 CMS-initial-mark: 211598K(456776K)] 223230K(535432K), 0.0008026 secs] [Times: user=0.00 sys=0.00, real=0.00 secs] 
2024-07-27T17:23:23.553+0800: 3.330: Total time for which application threads were stopped: 0.0009202 seconds, Stopping threads took: 0.0000760 seconds
2024-07-27T17:23:23.553+0800: 3.330: [CMS-concurrent-mark-start]
2024-07-27T17:23:23.555+0800: 3.332: [CMS-concurrent-mark: 0.002/0.002 secs] [Times: user=0.00 sys=0.00, real=0.00 secs] 
2024-07-27T17:23:23.555+0800: 3.332: [CMS-concurrent-preclean-start]
2024-07-27T17:23:23.556+0800: 3.332: [CMS-concurrent-preclean: 0.001/0.001 secs] [Times: user=0.00 sys=0.00, real=0.00 secs] 
2024-07-27T17:23:23.556+0800: 3.332: [CMS-concurrent-abortable-preclean-start]
2024-07-27T17:23:23.673+0800: 3.450: Application time: 0.1201717 seconds
2024-07-27T17:23:23.673+0800: 3.450: [GC (Allocation Failure) 2024-07-27T17:23:23.673+0800: 3.450: [ParNew: 77168K->8192K(78656K), 0.0114744 secs] 288767K->288399K(535432K), 0.0115437 secs] [Times: user=0.03 sys=0.00, real=0.01 secs] 
2024-07-27T17:23:23.685+0800: 3.461: Total time for which application threads were stopped: 0.0116756 seconds, Stopping threads took: 0.0000191 seconds
2024-07-27T17:23:23.794+0800: 3.571: Application time: 0.1093885 seconds
2024-07-27T17:23:23.794+0800: 3.571: [GC (Allocation Failure) 2024-07-27T17:23:23.794+0800: 3.571: [ParNew: 77168K->8192K(78656K), 0.0027041 secs] 357376K->292495K(535432K), 0.0027608 secs] [Times: user=0.00 sys=0.00, real=0.00 secs] 
2024-07-27T17:23:23.797+0800: 3.574: Total time for which application threads were stopped: 0.0028931 seconds, Stopping threads took: 0.0000220 seconds
2024-07-27T17:23:23.797+0800: 3.574: [CMS-concurrent-abortable-preclean: 0.005/0.241 secs] [Times: user=0.03 sys=0.00, real=0.24 secs] 
2024-07-27T17:23:23.798+0800: 3.574: Application time: 0.0003468 seconds
2024-07-27T17:23:23.798+0800: 3.574: [GC (CMS Final Remark) [YG occupancy: 13679 K (78656 K)]2024-07-27T17:23:23.798+0800: 3.574: [Rescan (parallel) , 0.0007173 secs]2024-07-27T17:23:23.798+0800: 3.575: [weak refs processing, 0.0000128 secs]2024-07-27T17:23:23.798+0800: 3.575: [class unloading, 0.0001969 secs]2024-07-27T17:23:23.799+0800: 3.575: [scrub symbol table, 0.0003393 secs]2024-07-27T17:23:23.799+0800: 3.576: [scrub string table, 0.0000990 secs][1 CMS-remark: 284303K(456776K)] 297983K(535432K), 0.0014289 secs] [Times: user=0.00 sys=0.00, real=0.00 secs] 
2024-07-27T17:23:23.799+0800: 3.576: Total time for which application threads were stopped: 0.0015961 seconds, Stopping threads took: 0.0001319 seconds
2024-07-27T17:23:23.799+0800: 3.576: [CMS-concurrent-sweep-start]
2024-07-27T17:23:23.801+0800: 3.577: [CMS-concurrent-sweep: 0.001/0.001 secs] [Times: user=0.03 sys=0.00, real=0.00 secs] 
2024-07-27T17:23:23.801+0800: 3.577: [CMS-concurrent-reset-start]
2024-07-27T17:23:23.804+0800: 3.580: [CMS-concurrent-reset: 0.003/0.003 secs] [Times: user=0.00 sys=0.00, real=0.00 secs] 
2024-07-27T17:23:23.805+0800: 3.581: Application time: 0.0054491 seconds
2024-07-27T17:23:23.805+0800: 3.581: [GC (Allocation Failure) 2024-07-27T17:23:23.805+0800: 3.581: [ParNew: 77168K->8192K(78656K), 0.0117562 secs] 222206K->221838K(535432K), 0.0118083 secs] [Times: user=0.00 sys=0.00, real=0.01 secs] 
2024-07-27T17:23:23.816+0800: 3.593: Total time for which application threads were stopped: 0.0119011 seconds, Stopping threads took: 0.0000124 seconds
2024-07-27T17:23:23.817+0800: 3.593: Application time: 0.0001898 seconds
2024-07-27T17:23:23.817+0800: 3.593: [GC (CMS Initial Mark) [1 CMS-initial-mark: 213646K(456776K)] 225278K(535432K), 0.0008048 secs] [Times: user=0.00 sys=0.00, real=0.00 secs] 
2024-07-27T17:23:23.818+0800: 3.594: Total time for which application threads were stopped: 0.0009160 seconds, Stopping threads took: 0.0000671 seconds
2024-07-27T17:23:23.818+0800: 3.594: [CMS-concurrent-mark-start]
2024-07-27T17:23:23.820+0800: 3.596: [CMS-concurrent-mark: 0.002/0.002 secs] [Times: user=0.00 sys=0.00, real=0.00 secs] 
2024-07-27T17:23:23.820+0800: 3.596: [CMS-concurrent-preclean-start]
2024-07-27T17:23:23.820+0800: 3.597: [CMS-concurrent-preclean: 0.001/0.001 secs] [Times: user=0.00 sys=0.00, real=0.00 secs] 
2024-07-27T17:23:23.820+0800: 3.597: [CMS-concurrent-abortable-preclean-start]
2024-07-27T17:23:23.922+0800: 3.699: Application time: 0.1047727 seconds
2024-07-27T17:23:23.922+0800: 3.699: [GC (Allocation Failure) 2024-07-27T17:23:23.922+0800: 3.699: [ParNew2024-07-27T17:23:23.935+0800: 3.711: [CMS-concurrent-abortable-preclean: 0.001/0.114 secs] [Times: user=0.03 sys=0.00, real=0.12 secs] 
: 77168K->8192K(78656K), 0.0122565 secs] 290815K->290447K(535432K), 0.0123186 secs] [Times: user=0.03 sys=0.00, real=0.01 secs] 
2024-07-27T17:23:23.935+0800: 3.711: Total time for which application threads were stopped: 0.0124273 seconds, Stopping threads took: 0.0000198 seconds
2024-07-27T17:23:23.935+0800: 3.712: Application time: 0.0002692 seconds
2024-07-27T17:23:23.935+0800: 3.712: [GC (CMS Final Remark) [YG occupancy: 11631 K (78656 K)]2024-07-27T17:23:23.935+0800: 3.712: [Rescan (parallel) , 0.0011817 secs]2024-07-27T17:23:23.936+0800: 3.713: [weak refs processing, 0.0000126 secs]2024-07-27T17:23:23.936+0800: 3.713: [class unloading, 0.0001807 secs]2024-07-27T17:23:23.937+0800: 3.713: [scrub symbol table, 0.0003446 secs]2024-07-27T17:23:23.937+0800: 3.714: [scrub string table, 0.0001129 secs][1 CMS-remark: 282255K(456776K)] 293887K(535432K), 0.0018955 secs] [Times: user=0.00 sys=0.00, real=0.00 secs] 
2024-07-27T17:23:23.937+0800: 3.714: Total time for which application threads were stopped: 0.0020639 seconds, Stopping threads took: 0.0001320 seconds
2024-07-27T17:23:23.937+0800: 3.714: [CMS-concurrent-sweep-start]
2024-07-27T17:23:23.939+0800: 3.715: [CMS-concurrent-sweep: 0.001/0.001 secs] [Times: user=0.00 sys=0.00, real=0.00 secs] 
2024-07-27T17:23:23.939+0800: 3.715: [CMS-concurrent-reset-start]
2024-07-27T17:23:23.942+0800: 3.718: [CMS-concurrent-reset: 0.003/0.003 secs] [Times: user=0.03 sys=0.00, real=0.00 secs] 
2024-07-27T17:23:24.047+0800: 3.823: Application time: 0.1093614 seconds
2024-07-27T17:23:24.047+0800: 3.823: [GC (Allocation Failure) 2024-07-27T17:23:24.047+0800: 3.823: [ParNew: 77168K->8192K(78656K), 0.0031543 secs] 219134K->155277K(535432K), 0.0032098 secs] [Times: user=0.00 sys=0.00, real=0.00 secs] 
2024-07-27T17:23:24.050+0800: 3.826: Total time for which application threads were stopped: 0.0033177 seconds, Stopping threads took: 0.0000198 seconds
2024-07-27T17:23:24.055+0800: 3.831: Application time: 0.0043328 seconds
2024-07-27T17:23:24.055+0800: 3.831: [GC (Allocation Failure) 2024-07-27T17:23:24.055+0800: 3.831: [ParNew: 77168K->8192K(78656K), 0.0122466 secs] 224254K->223886K(535432K), 0.0122941 secs] [Times: user=0.00 sys=0.01, real=0.01 secs] 
2024-07-27T17:23:24.067+0800: 3.843: Total time for which application threads were stopped: 0.0123914 seconds, Stopping threads took: 0.0000144 seconds
2024-07-27T17:23:24.067+0800: 3.843: Application time: 0.0002160 seconds
2024-07-27T17:23:24.067+0800: 3.843: [GC (CMS Initial Mark) [1 CMS-initial-mark: 215694K(456776K)] 227326K(535432K), 0.0007969 secs] [Times: user=0.00 sys=0.00, real=0.00 secs] 
2024-07-27T17:23:24.068+0800: 3.844: Total time for which application threads were stopped: 0.0009199 seconds, Stopping threads took: 0.0000823 seconds
2024-07-27T17:23:24.068+0800: 3.844: [CMS-concurrent-mark-start]
2024-07-27T17:23:24.070+0800: 3.846: [CMS-concurrent-mark: 0.002/0.002 secs] [Times: user=0.00 sys=0.00, real=0.00 secs] 
2024-07-27T17:23:24.070+0800: 3.846: [CMS-concurrent-preclean-start]
2024-07-27T17:23:24.071+0800: 3.847: [CMS-concurrent-preclean: 0.001/0.001 secs] [Times: user=0.00 sys=0.00, real=0.00 secs] 
2024-07-27T17:23:24.071+0800: 3.847: [CMS-concurrent-abortable-preclean-start]
2024-07-27T17:23:24.173+0800: 3.949: Application time: 0.1051621 seconds
2024-07-27T17:23:24.173+0800: 3.949: [GC (Allocation Failure) 2024-07-27T17:23:24.173+0800: 3.949: [ParNew: 77168K->8192K(78656K), 0.0117215 secs] 292863K->292495K(535432K), 0.0117812 secs] [Times: user=0.03 sys=0.00, real=0.01 secs] 
2024-07-27T17:23:24.185+0800: 3.961: Total time for which application threads were stopped: 0.0119016 seconds, Stopping threads took: 0.0000197 seconds
2024-07-27T17:23:24.298+0800: 4.074: Application time: 0.1128000 seconds
2024-07-27T17:23:24.298+0800: 4.074: [GC (Allocation Failure) 2024-07-27T17:23:24.298+0800: 4.074: [ParNew: 77168K->8192K(78656K), 0.0032412 secs] 361472K->298639K(535432K), 0.0032979 secs] [Times: user=0.00 sys=0.00, real=0.00 secs] 
2024-07-27T17:23:24.301+0800: 4.077: Total time for which application threads were stopped: 0.0034040 seconds, Stopping threads took: 0.0000199 seconds
2024-07-27T17:23:24.301+0800: 4.078: [CMS-concurrent-abortable-preclean: 0.003/0.231 secs] [Times: user=0.03 sys=0.00, real=0.23 secs] 
2024-07-27T17:23:24.302+0800: 4.078: Application time: 0.0003065 seconds
2024-07-27T17:23:24.302+0800: 4.078: [GC (CMS Final Remark) [YG occupancy: 12655 K (78656 K)]2024-07-27T17:23:24.302+0800: 4.078: [Rescan (parallel) , 0.0008075 secs]2024-07-27T17:23:24.303+0800: 4.079: [weak refs processing, 0.0000131 secs]2024-07-27T17:23:24.303+0800: 4.079: [class unloading, 0.0002167 secs]2024-07-27T17:23:24.303+0800: 4.079: [scrub symbol table, 0.0003126 secs]2024-07-27T17:23:24.303+0800: 4.079: [scrub string table, 0.0000905 secs][1 CMS-remark: 290447K(456776K)] 303103K(535432K), 0.0015055 secs] [Times: user=0.00 sys=0.00, real=0.00 secs] 
2024-07-27T17:23:24.303+0800: 4.079: Total time for which application threads were stopped: 0.0016032 seconds, Stopping threads took: 0.0000630 seconds
2024-07-27T17:23:24.304+0800: 4.080: [CMS-concurrent-sweep-start]
2024-07-27T17:23:24.305+0800: 4.081: [CMS-concurrent-sweep: 0.001/0.001 secs] [Times: user=0.00 sys=0.00, real=0.00 secs] 
2024-07-27T17:23:24.305+0800: 4.081: [CMS-concurrent-reset-start]
2024-07-27T17:23:24.308+0800: 4.084: [CMS-concurrent-reset: 0.003/0.003 secs] [Times: user=0.00 sys=0.00, real=0.00 secs] 
2024-07-27T17:23:24.309+0800: 4.085: Application time: 0.0055838 seconds
2024-07-27T17:23:24.309+0800: 4.085: [GC (Allocation Failure) 2024-07-27T17:23:24.309+0800: 4.085: [ParNew: 77168K->8192K(78656K), 0.0123922 secs] 226302K->225934K(535432K), 0.0124415 secs] [Times: user=0.03 sys=0.00, real=0.01 secs] 
2024-07-27T17:23:24.321+0800: 4.098: Total time for which application threads were stopped: 0.0125358 seconds, Stopping threads took: 0.0000136 seconds
2024-07-27T17:23:24.322+0800: 4.098: Application time: 0.0002426 seconds
2024-07-27T17:23:24.322+0800: 4.098: [GC (CMS Initial Mark) [1 CMS-initial-mark: 217742K(456776K)] 229374K(535432K), 0.0007457 secs] [Times: user=0.00 sys=0.00, real=0.00 secs] 
2024-07-27T17:23:24.323+0800: 4.099: Total time for which application threads were stopped: 0.0009496 seconds, Stopping threads took: 0.0001610 seconds
2024-07-27T17:23:24.323+0800: 4.099: [CMS-concurrent-mark-start]
2024-07-27T17:23:24.325+0800: 4.101: [CMS-concurrent-mark: 0.002/0.002 secs] [Times: user=0.00 sys=0.00, real=0.00 secs] 
2024-07-27T17:23:24.325+0800: 4.101: [CMS-concurrent-preclean-start]
2024-07-27T17:23:24.325+0800: 4.101: [CMS-concurrent-preclean: 0.001/0.001 secs] [Times: user=0.00 sys=0.00, real=0.00 secs] 
2024-07-27T17:23:24.325+0800: 4.101: [CMS-concurrent-abortable-preclean-start]
2024-07-27T17:23:24.328+0800: 4.104: Application time: 0.0052920 seconds
2024-07-27T17:23:24.328+0800: 4.104: Total time for which application threads were stopped: 0.0000921 seconds, Stopping threads took: 0.0000449 seconds
2024-07-27T17:23:24.441+0800: 4.217: Application time: 0.1131302 seconds
2024-07-27T17:23:24.441+0800: 4.217: [GC (Allocation Failure) 2024-07-27T17:23:24.441+0800: 4.217: [ParNew: 77168K->8192K(78656K), 0.0121165 secs] 294911K->294543K(535432K), 0.0121792 secs] [Times: user=0.13 sys=0.00, real=0.01 secs] 
2024-07-27T17:23:24.453+0800: 4.230: Total time for which application threads were stopped: 0.0122867 seconds, Stopping threads took: 0.0000188 seconds
2024-07-27T17:23:24.563+0800: 4.340: Application time: 0.1103688 seconds
2024-07-27T17:23:24.563+0800: 4.340: [GC (Allocation Failure) 2024-07-27T17:23:24.563+0800: 4.340: [ParNew: 77168K->8192K(78656K), 0.0030624 secs] 363520K->301711K(535432K), 0.0031182 secs] [Times: user=0.02 sys=0.00, real=0.00 secs] 
2024-07-27T17:23:24.567+0800: 4.343: Total time for which application threads were stopped: 0.0032257 seconds, Stopping threads took: 0.0000214 seconds
2024-07-27T17:23:24.567+0800: 4.343: [CMS-concurrent-abortable-preclean: 0.005/0.242 secs] [Times: user=0.14 sys=0.00, real=0.24 secs] 
2024-07-27T17:23:24.567+0800: 4.343: Application time: 0.0003109 seconds
2024-07-27T17:23:24.567+0800: 4.344: [GC (CMS Final Remark) [YG occupancy: 12655 K (78656 K)]2024-07-27T17:23:24.567+0800: 4.344: [Rescan (parallel) , 0.0006073 secs]2024-07-27T17:23:24.568+0800: 4.344: [weak refs processing, 0.0000124 secs]2024-07-27T17:23:24.568+0800: 4.344: [class unloading, 0.0001890 secs]2024-07-27T17:23:24.568+0800: 4.344: [scrub symbol table, 0.0003409 secs]2024-07-27T17:23:24.568+0800: 4.345: [scrub string table, 0.0000988 secs][1 CMS-remark: 293519K(456776K)] 306175K(535432K), 0.0013107 secs] [Times: user=0.00 sys=0.00, real=0.00 secs] 
2024-07-27T17:23:24.568+0800: 4.345: Total time for which application threads were stopped: 0.0014596 seconds, Stopping threads took: 0.0001138 seconds
2024-07-27T17:23:24.569+0800: 4.345: [CMS-concurrent-sweep-start]
2024-07-27T17:23:24.570+0800: 4.346: [CMS-concurrent-sweep: 0.001/0.001 secs] [Times: user=0.00 sys=0.00, real=0.00 secs] 
2024-07-27T17:23:24.570+0800: 4.346: [CMS-concurrent-reset-start]
2024-07-27T17:23:24.573+0800: 4.350: [CMS-concurrent-reset: 0.003/0.003 secs] [Times: user=0.00 sys=0.00, real=0.00 secs] 
2024-07-27T17:23:24.574+0800: 4.351: Application time: 0.0055974 seconds
2024-07-27T17:23:24.574+0800: 4.351: [GC (Allocation Failure) 2024-07-27T17:23:24.574+0800: 4.351: [ParNew: 77168K->8192K(78656K), 0.0120041 secs] 228350K->227982K(535432K), 0.0120529 secs] [Times: user=0.03 sys=0.00, real=0.01 secs] 
2024-07-27T17:23:24.586+0800: 4.363: Total time for which application threads were stopped: 0.0121465 seconds, Stopping threads took: 0.0000124 seconds
2024-07-27T17:23:24.586+0800: 4.363: Application time: 0.0002234 seconds
2024-07-27T17:23:24.586+0800: 4.363: [GC (CMS Initial Mark) [1 CMS-initial-mark: 219790K(456776K)] 231422K(535432K), 0.0007675 secs] [Times: user=0.00 sys=0.00, real=0.00 secs] 
2024-07-27T17:23:24.587+0800: 4.364: Total time for which application threads were stopped: 0.0009484 seconds, Stopping threads took: 0.0001397 seconds
2024-07-27T17:23:24.587+0800: 4.364: [CMS-concurrent-mark-start]
2024-07-27T17:23:24.589+0800: 4.366: [CMS-concurrent-mark: 0.002/0.002 secs] [Times: user=0.00 sys=0.00, real=0.00 secs] 
2024-07-27T17:23:24.589+0800: 4.366: [CMS-concurrent-preclean-start]
2024-07-27T17:23:24.590+0800: 4.366: [CMS-concurrent-preclean: 0.001/0.001 secs] [Times: user=0.00 sys=0.00, real=0.00 secs] 
2024-07-27T17:23:24.590+0800: 4.366: [CMS-concurrent-abortable-preclean-start]
2024-07-27T17:23:24.703+0800: 4.480: Application time: 0.1159025 seconds
2024-07-27T17:23:24.704+0800: 4.480: [GC (Allocation Failure) 2024-07-27T17:23:24.704+0800: 4.480: [ParNew: 77168K->8192K(78656K), 0.0115597 secs] 296959K->296591K(535432K), 0.0116202 secs] [Times: user=0.03 sys=0.00, real=0.01 secs] 
2024-07-27T17:23:24.715+0800: 4.491: Total time for which application threads were stopped: 0.0117327 seconds, Stopping threads took: 0.0000186 seconds
2024-07-27T17:23:24.828+0800: 4.605: Application time: 0.1131682 seconds
2024-07-27T17:23:24.828+0800: 4.605: [GC (Allocation Failure) 2024-07-27T17:23:24.828+0800: 4.605: [ParNew: 77168K->8192K(78656K), 0.0036802 secs] 365568K->304784K(535432K), 0.0037415 secs] [Times: user=0.00 sys=0.00, real=0.00 secs] 
2024-07-27T17:23:24.832+0800: 4.609: Total time for which application threads were stopped: 0.0038481 seconds, Stopping threads took: 0.0000190 seconds
2024-07-27T17:23:24.832+0800: 4.609: [CMS-concurrent-abortable-preclean: 0.005/0.242 secs] [Times: user=0.03 sys=0.00, real=0.24 secs] 
2024-07-27T17:23:24.832+0800: 4.609: Application time: 0.0002969 seconds
2024-07-27T17:23:24.833+0800: 4.609: [GC (CMS Final Remark) [YG occupancy: 11631 K (78656 K)]2024-07-27T17:23:24.833+0800: 4.609: [Rescan (parallel) , 0.0007575 secs]2024-07-27T17:23:24.833+0800: 4.610: [weak refs processing, 0.0000128 secs]2024-07-27T17:23:24.833+0800: 4.610: [class unloading, 0.0001966 secs]2024-07-27T17:23:24.834+0800: 4.610: [scrub symbol table, 0.0003515 secs]2024-07-27T17:23:24.834+0800: 4.610: [scrub string table, 0.0001009 secs][1 CMS-remark: 296591K(456776K)] 308223K(535432K), 0.0014822 secs] [Times: user=0.00 sys=0.00, real=0.00 secs] 
2024-07-27T17:23:24.834+0800: 4.610: Total time for which application threads were stopped: 0.0016438 seconds, Stopping threads took: 0.0001258 seconds
2024-07-27T17:23:24.834+0800: 4.611: [CMS-concurrent-sweep-start]
2024-07-27T17:23:24.836+0800: 4.612: [CMS-concurrent-sweep: 0.001/0.001 secs] [Times: user=0.00 sys=0.00, real=0.00 secs] 
2024-07-27T17:23:24.836+0800: 4.612: [CMS-concurrent-reset-start]
2024-07-27T17:23:24.839+0800: 4.615: [CMS-concurrent-reset: 0.003/0.003 secs] [Times: user=0.00 sys=0.00, real=0.00 secs] 
2024-07-27T17:23:24.840+0800: 4.616: Application time: 0.0055772 seconds
2024-07-27T17:23:24.840+0800: 4.616: [GC (Allocation Failure) 2024-07-27T17:23:24.840+0800: 4.616: [ParNew: 77168K->8192K(78656K), 0.0120488 secs] 230398K->230030K(535432K), 0.0120958 secs] [Times: user=0.03 sys=0.00, real=0.01 secs] 
2024-07-27T17:23:24.852+0800: 4.628: Total time for which application threads were stopped: 0.0121892 seconds, Stopping threads took: 0.0000129 seconds
2024-07-27T17:23:24.852+0800: 4.628: Application time: 0.0002429 seconds
2024-07-27T17:23:24.852+0800: 4.629: [GC (CMS Initial Mark) [1 CMS-initial-mark: 221838K(456776K)] 233470K(535432K), 0.0007103 secs] [Times: user=0.00 sys=0.00, real=0.00 secs] 
2024-07-27T17:23:24.853+0800: 4.629: Total time for which application threads were stopped: 0.0008252 seconds, Stopping threads took: 0.0000742 seconds
2024-07-27T17:23:24.853+0800: 4.629: [CMS-concurrent-mark-start]
2024-07-27T17:23:24.855+0800: 4.631: [CMS-concurrent-mark: 0.002/0.002 secs] [Times: user=0.00 sys=0.00, real=0.00 secs] 
2024-07-27T17:23:24.855+0800: 4.631: [CMS-concurrent-preclean-start]
2024-07-27T17:23:24.855+0800: 4.632: [CMS-concurrent-preclean: 0.001/0.001 secs] [Times: user=0.00 sys=0.00, real=0.00 secs] 
2024-07-27T17:23:24.855+0800: 4.632: [CMS-concurrent-abortable-preclean-start]
2024-07-27T17:23:24.971+0800: 4.747: Application time: 0.1181407 seconds
2024-07-27T17:23:24.971+0800: 4.747: [GC (Allocation Failure) 2024-07-27T17:23:24.971+0800: 4.748: [ParNew: 77168K->8192K(78656K), 0.0120341 secs] 299007K->298639K(535432K), 0.0120947 secs] [Times: user=0.03 sys=0.00, real=0.01 secs] 
2024-07-27T17:23:24.984+0800: 4.760: Total time for which application threads were stopped: 0.0122264 seconds, Stopping threads took: 0.0000200 seconds
2024-07-27T17:23:25.094+0800: 4.870: Application time: 0.1108098 seconds
2024-07-27T17:23:25.095+0800: 4.871: [GC (Allocation Failure) 2024-07-27T17:23:25.095+0800: 4.871: [ParNew: 77168K->8192K(78656K), 0.0036346 secs] 367616K->307856K(535432K), 0.0036923 secs] [Times: user=0.00 sys=0.00, real=0.00 secs] 
2024-07-27T17:23:25.098+0800: 4.874: Total time for which application threads were stopped: 0.0038180 seconds, Stopping threads took: 0.0000195 seconds
2024-07-27T17:23:25.098+0800: 4.874: [CMS-concurrent-abortable-preclean: 0.006/0.243 secs] [Times: user=0.03 sys=0.00, real=0.24 secs] 
2024-07-27T17:23:25.099+0800: 4.875: Application time: 0.0003191 seconds
2024-07-27T17:23:25.099+0800: 4.875: [GC (CMS Final Remark) [YG occupancy: 12655 K (78656 K)]2024-07-27T17:23:25.099+0800: 4.875: [Rescan (parallel) , 0.0010062 secs]2024-07-27T17:23:25.100+0800: 4.876: [weak refs processing, 0.0000128 secs]2024-07-27T17:23:25.100+0800: 4.876: [class unloading, 0.0001725 secs]2024-07-27T17:23:25.100+0800: 4.876: [scrub symbol table, 0.0003423 secs]2024-07-27T17:23:25.100+0800: 4.876: [scrub string table, 0.0001121 secs][1 CMS-remark: 299663K(456776K)] 312319K(535432K), 0.0017105 secs] [Times: user=0.00 sys=0.00, real=0.00 secs] 
2024-07-27T17:23:25.100+0800: 4.876: Total time for which application threads were stopped: 0.0018398 seconds, Stopping threads took: 0.0000942 seconds
2024-07-27T17:23:25.101+0800: 4.877: [CMS-concurrent-sweep-start]
2024-07-27T17:23:25.102+0800: 4.878: [CMS-concurrent-sweep: 0.001/0.001 secs] [Times: user=0.00 sys=0.00, real=0.00 secs] 
2024-07-27T17:23:25.102+0800: 4.878: [CMS-concurrent-reset-start]
2024-07-27T17:23:25.105+0800: 4.881: [CMS-concurrent-reset: 0.003/0.003 secs] [Times: user=0.00 sys=0.00, real=0.00 secs] 
2024-07-27T17:23:25.106+0800: 4.882: Application time: 0.0056758 seconds
2024-07-27T17:23:25.106+0800: 4.882: [GC (Allocation Failure) 2024-07-27T17:23:25.106+0800: 4.882: [ParNew: 77168K->8192K(78656K), 0.0121763 secs] 232446K->232078K(535432K), 0.0122241 secs] [Times: user=0.03 sys=0.00, real=0.01 secs] 
2024-07-27T17:23:25.118+0800: 4.894: Total time for which application threads were stopped: 0.0123183 seconds, Stopping threads took: 0.0000128 seconds
2024-07-27T17:23:25.119+0800: 4.895: Application time: 0.0002257 seconds
2024-07-27T17:23:25.119+0800: 4.895: [GC (CMS Initial Mark) [1 CMS-initial-mark: 223886K(456776K)] 235518K(535432K), 0.0007998 secs] [Times: user=0.00 sys=0.00, real=0.00 secs] 
2024-07-27T17:23:25.120+0800: 4.896: Total time for which application threads were stopped: 0.0009683 seconds, Stopping threads took: 0.0001274 seconds
2024-07-27T17:23:25.120+0800: 4.896: [CMS-concurrent-mark-start]
2024-07-27T17:23:25.121+0800: 4.897: [CMS-concurrent-mark: 0.002/0.002 secs] [Times: user=0.00 sys=0.00, real=0.00 secs] 
2024-07-27T17:23:25.121+0800: 4.897: [CMS-concurrent-preclean-start]
2024-07-27T17:23:25.122+0800: 4.898: [CMS-concurrent-preclean: 0.001/0.001 secs] [Times: user=0.00 sys=0.00, real=0.00 secs] 
2024-07-27T17:23:25.122+0800: 4.898: [CMS-concurrent-abortable-preclean-start]
2024-07-27T17:23:25.237+0800: 5.014: Application time: 0.1183894 seconds
2024-07-27T17:23:25.238+0800: 5.014: [GC (Allocation Failure) 2024-07-27T17:23:25.238+0800: 5.014: [ParNew: 77168K->8192K(78656K), 0.0115398 secs] 301055K->300687K(535432K), 0.0115997 secs] [Times: user=0.03 sys=0.00, real=0.01 secs] 
2024-07-27T17:23:25.249+0800: 5.026: Total time for which application threads were stopped: 0.0117115 seconds, Stopping threads took: 0.0000226 seconds
2024-07-27T17:23:25.362+0800: 5.138: Application time: 0.1120873 seconds
2024-07-27T17:23:25.362+0800: 5.138: [GC (Allocation Failure) 2024-07-27T17:23:25.362+0800: 5.138: [ParNew: 77168K->8192K(78656K), 0.0035915 secs] 369664K->310928K(535432K), 0.0036619 secs] [Times: user=0.03 sys=0.00, real=0.00 secs] 
2024-07-27T17:23:25.365+0800: 5.142: Total time for which application threads were stopped: 0.0037684 seconds, Stopping threads took: 0.0000190 seconds
2024-07-27T17:23:25.365+0800: 5.142: [CMS-concurrent-abortable-preclean: 0.005/0.244 secs] [Times: user=0.06 sys=0.00, real=0.24 secs] 
2024-07-27T17:23:25.365+0800: 5.142: Application time: 0.0002964 seconds
2024-07-27T17:23:25.366+0800: 5.142: [GC (CMS Final Remark) [YG occupancy: 12655 K (78656 K)]2024-07-27T17:23:25.366+0800: 5.142: [Rescan (parallel) , 0.0007179 secs]2024-07-27T17:23:25.366+0800: 5.143: [weak refs processing, 0.0000170 secs]2024-07-27T17:23:25.366+0800: 5.143: [class unloading, 0.0001876 secs]2024-07-27T17:23:25.367+0800: 5.143: [scrub symbol table, 0.0003168 secs]2024-07-27T17:23:25.367+0800: 5.143: [scrub string table, 0.0001031 secs][1 CMS-remark: 302735K(456776K)] 315391K(535432K), 0.0014083 secs] [Times: user=0.00 sys=0.00, real=0.00 secs] 
2024-07-27T17:23:25.367+0800: 5.143: Total time for which application threads were stopped: 0.0015071 seconds, Stopping threads took: 0.0000632 seconds
2024-07-27T17:23:25.367+0800: 5.144: [CMS-concurrent-sweep-start]
2024-07-27T17:23:25.368+0800: 5.145: [CMS-concurrent-sweep: 0.001/0.001 secs] [Times: user=0.00 sys=0.00, real=0.00 secs] 
2024-07-27T17:23:25.368+0800: 5.145: [CMS-concurrent-reset-start]
2024-07-27T17:23:25.371+0800: 5.148: [CMS-concurrent-reset: 0.003/0.003 secs] [Times: user=0.00 sys=0.00, real=0.00 secs] 
2024-07-27T17:23:25.372+0800: 5.149: Application time: 0.0055483 seconds
2024-07-27T17:23:25.373+0800: 5.149: [GC (Allocation Failure) 2024-07-27T17:23:25.373+0800: 5.149: [ParNew: 77168K->8192K(78656K), 0.0118659 secs] 234494K->234126K(535432K), 0.0119398 secs] [Times: user=0.03 sys=0.00, real=0.01 secs] 
2024-07-27T17:23:25.385+0800: 5.161: Total time for which application threads were stopped: 0.0120386 seconds, Stopping threads took: 0.0000164 seconds
2024-07-27T17:23:25.385+0800: 5.161: Application time: 0.0002447 seconds
2024-07-27T17:23:25.385+0800: 5.161: [GC (CMS Initial Mark) [1 CMS-initial-mark: 225934K(456776K)] 237566K(535432K), 0.0008029 secs] [Times: user=0.00 sys=0.00, real=0.00 secs] 
2024-07-27T17:23:25.386+0800: 5.162: Total time for which application threads were stopped: 0.0009200 seconds, Stopping threads took: 0.0000766 seconds
2024-07-27T17:23:25.386+0800: 5.162: [CMS-concurrent-mark-start]
2024-07-27T17:23:25.388+0800: 5.164: [CMS-concurrent-mark: 0.002/0.002 secs] [Times: user=0.00 sys=0.00, real=0.00 secs] 
2024-07-27T17:23:25.388+0800: 5.164: [CMS-concurrent-preclean-start]
2024-07-27T17:23:25.388+0800: 5.165: [CMS-concurrent-preclean: 0.001/0.001 secs] [Times: user=0.00 sys=0.00, real=0.00 secs] 
2024-07-27T17:23:25.388+0800: 5.165: [CMS-concurrent-abortable-preclean-start]
2024-07-27T17:23:25.505+0800: 5.282: Application time: 0.1194613 seconds
2024-07-27T17:23:25.505+0800: 5.282: [GC (Allocation Failure) 2024-07-27T17:23:25.506+0800: 5.282: [ParNew: 77168K->8192K(78656K), 0.0117670 secs] 303103K->302735K(535432K), 0.0118473 secs] [Times: user=0.00 sys=0.00, real=0.01 secs] 
2024-07-27T17:23:25.517+0800: 5.294: Total time for which application threads were stopped: 0.0119554 seconds, Stopping threads took: 0.0000205 seconds
2024-07-27T17:23:25.630+0800: 5.407: Application time: 0.1131388 seconds
2024-07-27T17:23:25.631+0800: 5.407: [GC (Allocation Failure) 2024-07-27T17:23:25.631+0800: 5.407: [ParNew: 77168K->8192K(78656K), 0.0037194 secs] 371712K->314000K(535432K), 0.0037759 secs] [Times: user=0.00 sys=0.00, real=0.00 secs] 
2024-07-27T17:23:25.634+0800: 5.411: Total time for which application threads were stopped: 0.0039008 seconds, Stopping threads took: 0.0000377 seconds
2024-07-27T17:23:25.635+0800: 5.411: [CMS-concurrent-abortable-preclean: 0.006/0.246 secs] [Times: user=0.03 sys=0.00, real=0.25 secs] 
2024-07-27T17:23:25.635+0800: 5.411: Application time: 0.0003079 seconds
2024-07-27T17:23:25.635+0800: 5.411: [GC (CMS Final Remark) [YG occupancy: 13679 K (78656 K)]2024-07-27T17:23:25.635+0800: 5.411: [Rescan (parallel) , 0.0005705 secs]2024-07-27T17:23:25.635+0800: 5.412: [weak refs processing, 0.0000128 secs]2024-07-27T17:23:25.635+0800: 5.412: [class unloading, 0.0001946 secs]2024-07-27T17:23:25.636+0800: 5.412: [scrub symbol table, 0.0003435 secs]2024-07-27T17:23:25.636+0800: 5.412: [scrub string table, 0.0000985 secs][1 CMS-remark: 305808K(456776K)] 319487K(535432K), 0.0012822 secs] [Times: user=0.00 sys=0.00, real=0.00 secs] 
2024-07-27T17:23:25.636+0800: 5.412: Total time for which application threads were stopped: 0.0014061 seconds, Stopping threads took: 0.0000896 seconds
2024-07-27T17:23:25.636+0800: 5.413: [CMS-concurrent-sweep-start]
2024-07-27T17:23:25.638+0800: 5.414: [CMS-concurrent-sweep: 0.001/0.001 secs] [Times: user=0.00 sys=0.00, real=0.00 secs] 
2024-07-27T17:23:25.638+0800: 5.414: [CMS-concurrent-reset-start]
2024-07-27T17:23:25.641+0800: 5.417: [CMS-concurrent-reset: 0.003/0.003 secs] [Times: user=0.00 sys=0.00, real=0.00 secs] 
2024-07-27T17:23:25.642+0800: 5.418: Application time: 0.0055015 seconds
2024-07-27T17:23:25.642+0800: 5.418: [GC (Allocation Failure) 2024-07-27T17:23:25.642+0800: 5.418: [ParNew: 77168K->8192K(78656K), 0.0131926 secs] 236542K->236174K(535432K), 0.0132415 secs] [Times: user=0.03 sys=0.00, real=0.01 secs] 
2024-07-27T17:23:25.655+0800: 5.431: Total time for which application threads were stopped: 0.0133350 seconds, Stopping threads took: 0.0000125 seconds
2024-07-27T17:23:25.655+0800: 5.431: Application time: 0.0002251 seconds
2024-07-27T17:23:25.656+0800: 5.432: [GC (CMS Initial Mark) [1 CMS-initial-mark: 227982K(456776K)] 239614K(535432K), 0.0007340 secs] [Times: user=0.00 sys=0.00, real=0.00 secs] 
2024-07-27T17:23:25.656+0800: 5.432: Total time for which application threads were stopped: 0.0009118 seconds, Stopping threads took: 0.0001241 seconds
2024-07-27T17:23:25.656+0800: 5.432: [CMS-concurrent-mark-start]
2024-07-27T17:23:25.658+0800: 5.434: [CMS-concurrent-mark: 0.002/0.002 secs] [Times: user=0.00 sys=0.00, real=0.00 secs] 
2024-07-27T17:23:25.658+0800: 5.434: [CMS-concurrent-preclean-start]
2024-07-27T17:23:25.659+0800: 5.435: [CMS-concurrent-preclean: 0.001/0.001 secs] [Times: user=0.00 sys=0.00, real=0.00 secs] 
2024-07-27T17:23:25.659+0800: 5.435: [CMS-concurrent-abortable-preclean-start]
2024-07-27T17:23:25.775+0800: 5.551: Application time: 0.1183754 seconds
2024-07-27T17:23:25.775+0800: 5.551: [GC (Allocation Failure) 2024-07-27T17:23:25.775+0800: 5.551: [ParNew: 77168K->8192K(78656K), 0.0118547 secs] 305151K->304784K(535432K), 0.0119142 secs] [Times: user=0.03 sys=0.00, real=0.01 secs] 
2024-07-27T17:23:25.787+0800: 5.563: Total time for which application threads were stopped: 0.0120205 seconds, Stopping threads took: 0.0000192 seconds
2024-07-27T17:23:25.899+0800: 5.675: Application time: 0.1120187 seconds
2024-07-27T17:23:25.899+0800: 5.675: [GC (Allocation Failure) 2024-07-27T17:23:25.899+0800: 5.675: [ParNew: 77168K->8192K(78656K), 0.0045321 secs] 373760K->317072K(535432K), 0.0045896 secs] [Times: user=0.00 sys=0.00, real=0.00 secs] 
2024-07-27T17:23:25.904+0800: 5.680: Total time for which application threads were stopped: 0.0047410 seconds, Stopping threads took: 0.0000278 seconds
2024-07-27T17:23:25.904+0800: 5.680: [CMS-concurrent-abortable-preclean: 0.006/0.245 secs] [Times: user=0.03 sys=0.00, real=0.25 secs] 
2024-07-27T17:23:25.904+0800: 5.680: Application time: 0.0002850 seconds
2024-07-27T17:23:25.904+0800: 5.680: [GC (CMS Final Remark) [YG occupancy: 12655 K (78656 K)]2024-07-27T17:23:25.904+0800: 5.680: [Rescan (parallel) , 0.0009507 secs]2024-07-27T17:23:25.905+0800: 5.681: [weak refs processing, 0.0000126 secs]2024-07-27T17:23:25.905+0800: 5.681: [class unloading, 0.0001768 secs]2024-07-27T17:23:25.905+0800: 5.681: [scrub symbol table, 0.0003526 secs]2024-07-27T17:23:25.905+0800: 5.681: [scrub string table, 0.0001192 secs][1 CMS-remark: 308880K(456776K)] 321535K(535432K), 0.0016739 secs] [Times: user=0.00 sys=0.00, real=0.00 secs] 
2024-07-27T17:23:25.906+0800: 5.682: Total time for which application threads were stopped: 0.0017873 seconds, Stopping threads took: 0.0000776 seconds
2024-07-27T17:23:25.906+0800: 5.682: [CMS-concurrent-sweep-start]
2024-07-27T17:23:25.907+0800: 5.683: [CMS-concurrent-sweep: 0.001/0.001 secs] [Times: user=0.00 sys=0.00, real=0.00 secs] 
2024-07-27T17:23:25.907+0800: 5.683: [CMS-concurrent-reset-start]
2024-07-27T17:23:25.910+0800: 5.686: [CMS-concurrent-reset: 0.003/0.003 secs] [Times: user=0.00 sys=0.00, real=0.00 secs] 
2024-07-27T17:23:25.911+0800: 5.687: Application time: 0.0055068 seconds
2024-07-27T17:23:25.911+0800: 5.687: [GC (Allocation Failure) 2024-07-27T17:23:25.911+0800: 5.687: [ParNew: 77168K->8192K(78656K), 0.0117357 secs] 238590K->238223K(535432K), 0.0117876 secs] [Times: user=0.00 sys=0.00, real=0.01 secs] 
2024-07-27T17:23:25.923+0800: 5.699: Total time for which application threads were stopped: 0.0118834 seconds, Stopping threads took: 0.0000136 seconds
2024-07-27T17:23:25.923+0800: 5.699: Application time: 0.0002424 seconds
2024-07-27T17:23:25.923+0800: 5.699: [GC (CMS Initial Mark) [1 CMS-initial-mark: 230030K(456776K)] 241662K(535432K), 0.0006832 secs] [Times: user=0.00 sys=0.00, real=0.00 secs] 
2024-07-27T17:23:25.924+0800: 5.700: Total time for which application threads were stopped: 0.0008757 seconds, Stopping threads took: 0.0001511 seconds
2024-07-27T17:23:25.924+0800: 5.700: [CMS-concurrent-mark-start]
2024-07-27T17:23:25.926+0800: 5.702: [CMS-concurrent-mark: 0.001/0.001 secs] [Times: user=0.00 sys=0.00, real=0.00 secs] 
2024-07-27T17:23:25.926+0800: 5.702: [CMS-concurrent-preclean-start]
2024-07-27T17:23:25.926+0800: 5.702: [CMS-concurrent-preclean: 0.001/0.001 secs] [Times: user=0.00 sys=0.00, real=0.00 secs] 
2024-07-27T17:23:25.926+0800: 5.702: [CMS-concurrent-abortable-preclean-start]
2024-07-27T17:23:26.044+0800: 5.820: Application time: 0.1196383 seconds
2024-07-27T17:23:26.044+0800: 5.820: [GC (Allocation Failure) 2024-07-27T17:23:26.044+0800: 5.820: [ParNew: 77168K->8192K(78656K), 0.0116925 secs] 307199K->306832K(535432K), 0.0117702 secs] [Times: user=0.03 sys=0.00, real=0.01 secs] 
2024-07-27T17:23:26.056+0800: 5.832: Total time for which application threads were stopped: 0.0119003 seconds, Stopping threads took: 0.0000198 seconds
2024-07-27T17:23:26.169+0800: 5.944: Application time: 0.1127377 seconds
2024-07-27T17:23:26.169+0800: 5.944: [GC (Allocation Failure) 2024-07-27T17:23:26.169+0800: 5.945: [ParNew: 77168K->8192K(78656K), 0.0038305 secs] 375808K->320144K(535432K), 0.0039008 secs] [Times: user=0.00 sys=0.00, real=0.00 secs] 
2024-07-27T17:23:26.173+0800: 5.948: Total time for which application threads were stopped: 0.0040206 seconds, Stopping threads took: 0.0000177 seconds
2024-07-27T17:23:26.173+0800: 5.948: [CMS-concurrent-abortable-preclean: 0.006/0.246 secs] [Times: user=0.05 sys=0.00, real=0.25 secs] 
2024-07-27T17:23:26.173+0800: 5.949: Application time: 0.0002914 seconds
2024-07-27T17:23:26.173+0800: 5.949: [GC (CMS Final Remark) [YG occupancy: 12655 K (78656 K)]2024-07-27T17:23:26.173+0800: 5.949: [Rescan (parallel) , 0.0008733 secs]2024-07-27T17:23:26.174+0800: 5.950: [weak refs processing, 0.0000125 secs]2024-07-27T17:23:26.174+0800: 5.950: [class unloading, 0.0001891 secs]2024-07-27T17:23:26.174+0800: 5.950: [scrub symbol table, 0.0003404 secs]2024-07-27T17:23:26.174+0800: 5.950: [scrub string table, 0.0001061 secs][1 CMS-remark: 311952K(456776K)] 324607K(535432K), 0.0015836 secs] [Times: user=0.00 sys=0.00, real=0.00 secs] 
2024-07-27T17:23:26.175+0800: 5.950: Total time for which application threads were stopped: 0.0016807 seconds, Stopping threads took: 0.0000624 seconds
2024-07-27T17:23:26.175+0800: 5.951: [CMS-concurrent-sweep-start]
2024-07-27T17:23:26.176+0800: 5.952: [CMS-concurrent-sweep: 0.001/0.001 secs] [Times: user=0.00 sys=0.00, real=0.00 secs] 
2024-07-27T17:23:26.176+0800: 5.952: [CMS-concurrent-reset-start]
2024-07-27T17:23:26.179+0800: 5.955: [CMS-concurrent-reset: 0.003/0.003 secs] [Times: user=0.03 sys=0.00, real=0.00 secs] 
2024-07-27T17:23:26.180+0800: 5.956: Application time: 0.0055096 seconds
2024-07-27T17:23:26.180+0800: 5.956: [GC (Allocation Failure) 2024-07-27T17:23:26.180+0800: 5.956: [ParNew: 77168K->8192K(78656K), 0.0120329 secs] 240638K->240271K(535432K), 0.0120812 secs] [Times: user=0.00 sys=0.00, real=0.01 secs] 
2024-07-27T17:23:26.192+0800: 5.968: Total time for which application threads were stopped: 0.0121739 seconds, Stopping threads took: 0.0000124 seconds
2024-07-27T17:23:26.192+0800: 5.968: Application time: 0.0002105 seconds
2024-07-27T17:23:26.193+0800: 5.968: [GC (CMS Initial Mark) [1 CMS-initial-mark: 232078K(456776K)] 243710K(535432K), 0.0008157 secs] [Times: user=0.00 sys=0.00, real=0.00 secs] 
2024-07-27T17:23:26.194+0800: 5.969: Total time for which application threads were stopped: 0.0010130 seconds, Stopping threads took: 0.0001494 seconds
2024-07-27T17:23:26.194+0800: 5.969: [CMS-concurrent-mark-start]
2024-07-27T17:23:26.195+0800: 5.971: [CMS-concurrent-mark: 0.002/0.002 secs] [Times: user=0.00 sys=0.00, real=0.00 secs] 
2024-07-27T17:23:26.195+0800: 5.971: [CMS-concurrent-preclean-start]
2024-07-27T17:23:26.196+0800: 5.972: [CMS-concurrent-preclean: 0.001/0.001 secs] [Times: user=0.00 sys=0.00, real=0.00 secs] 
2024-07-27T17:23:26.196+0800: 5.972: [CMS-concurrent-abortable-preclean-start]
2024-07-27T17:23:26.311+0800: 6.087: Application time: 0.1173752 seconds
2024-07-27T17:23:26.311+0800: 6.087: [GC (Allocation Failure) 2024-07-27T17:23:26.311+0800: 6.087: [ParNew: 77168K->8192K(78656K), 0.0117535 secs] 309247K->308880K(535432K), 0.0118361 secs] [Times: user=0.03 sys=0.00, real=0.01 secs] 
2024-07-27T17:23:26.323+0800: 6.099: Total time for which application threads were stopped: 0.0119477 seconds, Stopping threads took: 0.0000198 seconds
2024-07-27T17:23:26.435+0800: 6.211: Application time: 0.1121002 seconds
2024-07-27T17:23:26.435+0800: 6.211: [GC (Allocation Failure) 2024-07-27T17:23:26.435+0800: 6.211: [ParNew: 77168K->8192K(78656K), 0.0042580 secs] 377856K->323216K(535432K), 0.0043171 secs] [Times: user=0.00 sys=0.00, real=0.00 secs] 
2024-07-27T17:23:26.439+0800: 6.215: Total time for which application threads were stopped: 0.0044281 seconds, Stopping threads took: 0.0000216 seconds
2024-07-27T17:23:26.439+0800: 6.215: [CMS-concurrent-abortable-preclean: 0.005/0.244 secs] [Times: user=0.03 sys=0.00, real=0.24 secs] 
2024-07-27T17:23:26.439+0800: 6.216: Application time: 0.0003896 seconds
2024-07-27T17:23:26.440+0800: 6.216: [GC (CMS Final Remark) [YG occupancy: 14703 K (78656 K)]2024-07-27T17:23:26.440+0800: 6.216: [Rescan (parallel) , 0.0009208 secs]2024-07-27T17:23:26.441+0800: 6.217: [weak refs processing, 0.0000128 secs]2024-07-27T17:23:26.441+0800: 6.217: [class unloading, 0.0001884 secs]2024-07-27T17:23:26.441+0800: 6.217: [scrub symbol table, 0.0003421 secs]2024-07-27T17:23:26.441+0800: 6.217: [scrub string table, 0.0001007 secs][1 CMS-remark: 315024K(456776K)] 329727K(535432K), 0.0016276 secs] [Times: user=0.00 sys=0.00, real=0.00 secs] 
2024-07-27T17:23:26.441+0800: 6.217: Total time for which application threads were stopped: 0.0017918 seconds, Stopping threads took: 0.0001286 seconds
2024-07-27T17:23:26.442+0800: 6.218: [CMS-concurrent-sweep-start]
2024-07-27T17:23:26.443+0800: 6.219: [CMS-concurrent-sweep: 0.002/0.002 secs] [Times: user=0.00 sys=0.00, real=0.00 secs] 
2024-07-27T17:23:26.443+0800: 6.219: [CMS-concurrent-reset-start]
2024-07-27T17:23:26.446+0800: 6.222: [CMS-concurrent-reset: 0.003/0.003 secs] [Times: user=0.00 sys=0.00, real=0.00 secs] 
2024-07-27T17:23:26.447+0800: 6.223: Application time: 0.0053896 seconds
2024-07-27T17:23:26.447+0800: 6.223: [GC (Allocation Failure) 2024-07-27T17:23:26.447+0800: 6.223: [ParNew: 77168K->8192K(78656K), 0.0120754 secs] 242686K->242319K(535432K), 0.0121226 secs] [Times: user=0.03 sys=0.00, real=0.01 secs] 
2024-07-27T17:23:26.459+0800: 6.235: Total time for which application threads were stopped: 0.0122266 seconds, Stopping threads took: 0.0000226 seconds
2024-07-27T17:23:26.459+0800: 6.235: Application time: 0.0001623 seconds
2024-07-27T17:23:26.459+0800: 6.235: [GC (CMS Initial Mark) [1 CMS-initial-mark: 234126K(456776K)] 245758K(535432K), 0.0008538 secs] [Times: user=0.00 sys=0.00, real=0.00 secs] 
2024-07-27T17:23:26.460+0800: 6.236: Total time for which application threads were stopped: 0.0010493 seconds, Stopping threads took: 0.0001524 seconds
2024-07-27T17:23:26.460+0800: 6.236: [CMS-concurrent-mark-start]
2024-07-27T17:23:26.462+0800: 6.238: [CMS-concurrent-mark: 0.002/0.002 secs] [Times: user=0.00 sys=0.00, real=0.00 secs] 
2024-07-27T17:23:26.462+0800: 6.238: [CMS-concurrent-preclean-start]
2024-07-27T17:23:26.462+0800: 6.238: [CMS-concurrent-preclean: 0.001/0.001 secs] [Times: user=0.00 sys=0.00, real=0.00 secs] 
2024-07-27T17:23:26.462+0800: 6.239: [CMS-concurrent-abortable-preclean-start]
2024-07-27T17:23:26.579+0800: 6.355: Application time: 0.1185603 seconds
2024-07-27T17:23:26.579+0800: 6.355: [GC (Allocation Failure) 2024-07-27T17:23:26.579+0800: 6.355: [ParNew: 77168K->8192K(78656K), 0.0116757 secs] 311295K->310928K(535432K), 0.0117705 secs] [Times: user=0.03 sys=0.00, real=0.01 secs] 
2024-07-27T17:23:26.591+0800: 6.367: Total time for which application threads were stopped: 0.0118969 seconds, Stopping threads took: 0.0000192 seconds
2024-07-27T17:23:26.705+0800: 6.481: Application time: 0.1139482 seconds
2024-07-27T17:23:26.705+0800: 6.481: [GC (Allocation Failure) 2024-07-27T17:23:26.705+0800: 6.481: [ParNew: 77168K->8192K(78656K), 0.0044893 secs] 379904K->326288K(535432K), 0.0045469 secs] [Times: user=0.03 sys=0.00, real=0.00 secs] 
2024-07-27T17:23:26.709+0800: 6.485: Total time for which application threads were stopped: 0.0046526 seconds, Stopping threads took: 0.0000197 seconds
2024-07-27T17:23:26.709+0800: 6.485: [CMS-concurrent-abortable-preclean: 0.006/0.247 secs] [Times: user=0.06 sys=0.00, real=0.25 secs] 
2024-07-27T17:23:26.710+0800: 6.486: Application time: 0.0003866 seconds
2024-07-27T17:23:26.710+0800: 6.486: [GC (CMS Final Remark) [YG occupancy: 14703 K (78656 K)]2024-07-27T17:23:26.710+0800: 6.486: [Rescan (parallel) , 0.0006877 secs]2024-07-27T17:23:26.711+0800: 6.487: [weak refs processing, 0.0000125 secs]2024-07-27T17:23:26.711+0800: 6.487: [class unloading, 0.0001783 secs]2024-07-27T17:23:26.711+0800: 6.487: [scrub symbol table, 0.0003449 secs]2024-07-27T17:23:26.711+0800: 6.487: [scrub string table, 0.0001123 secs][1 CMS-remark: 318096K(456776K)] 332800K(535432K), 0.0013989 secs] [Times: user=0.00 sys=0.00, real=0.00 secs] 
2024-07-27T17:23:26.711+0800: 6.487: Total time for which application threads were stopped: 0.0015910 seconds, Stopping threads took: 0.0001567 seconds
2024-07-27T17:23:26.712+0800: 6.488: [CMS-concurrent-sweep-start]
2024-07-27T17:23:26.713+0800: 6.489: [CMS-concurrent-sweep: 0.002/0.002 secs] [Times: user=0.00 sys=0.00, real=0.00 secs] 
2024-07-27T17:23:26.713+0800: 6.489: [CMS-concurrent-reset-start]
2024-07-27T17:23:26.716+0800: 6.492: [CMS-concurrent-reset: 0.003/0.003 secs] [Times: user=0.00 sys=0.00, real=0.00 secs] 
2024-07-27T17:23:26.717+0800: 6.493: Application time: 0.0054089 seconds
2024-07-27T17:23:26.717+0800: 6.493: [GC (Allocation Failure) 2024-07-27T17:23:26.717+0800: 6.493: [ParNew: 77168K->8192K(78656K), 0.0122606 secs] 244734K->244367K(535432K), 0.0123075 secs] [Times: user=0.03 sys=0.00, real=0.01 secs] 
2024-07-27T17:23:26.729+0800: 6.505: Total time for which application threads were stopped: 0.0124000 seconds, Stopping threads took: 0.0000133 seconds
2024-07-27T17:23:26.729+0800: 6.505: Application time: 0.0002434 seconds
2024-07-27T17:23:26.729+0800: 6.505: [GC (CMS Initial Mark) [1 CMS-initial-mark: 236174K(456776K)] 247806K(535432K), 0.0007316 secs] [Times: user=0.00 sys=0.00, real=0.00 secs] 
2024-07-27T17:23:26.730+0800: 6.506: Total time for which application threads were stopped: 0.0008492 seconds, Stopping threads took: 0.0000762 seconds
2024-07-27T17:23:26.730+0800: 6.506: [CMS-concurrent-mark-start]
2024-07-27T17:23:26.732+0800: 6.508: [CMS-concurrent-mark: 0.001/0.001 secs] [Times: user=0.00 sys=0.00, real=0.00 secs] 
2024-07-27T17:23:26.732+0800: 6.508: [CMS-concurrent-preclean-start]
2024-07-27T17:23:26.732+0800: 6.508: [CMS-concurrent-preclean: 0.001/0.001 secs] [Times: user=0.00 sys=0.00, real=0.00 secs] 
2024-07-27T17:23:26.732+0800: 6.508: [CMS-concurrent-abortable-preclean-start]
2024-07-27T17:23:26.848+0800: 6.624: Application time: 0.1178625 seconds
2024-07-27T17:23:26.848+0800: 6.624: [GC (Allocation Failure) 2024-07-27T17:23:26.848+0800: 6.624: [ParNew: 77168K->8192K(78656K), 0.0117567 secs] 313343K->312976K(535432K), 0.0118155 secs] [Times: user=0.13 sys=0.00, real=0.01 secs] 
2024-07-27T17:23:26.860+0800: 6.636: Total time for which application threads were stopped: 0.0119215 seconds, Stopping threads took: 0.0000191 seconds
2024-07-27T17:23:26.972+0800: 6.748: Application time: 0.1119989 seconds
2024-07-27T17:23:26.972+0800: 6.748: [GC (Allocation Failure) 2024-07-27T17:23:26.972+0800: 6.748: [ParNew: 77168K->8192K(78656K), 0.0051240 secs] 381952K->329360K(535432K), 0.0051881 secs] [Times: user=0.03 sys=0.00, real=0.01 secs] 
2024-07-27T17:23:26.977+0800: 6.753: Total time for which application threads were stopped: 0.0052953 seconds, Stopping threads took: 0.0000180 seconds
2024-07-27T17:23:26.977+0800: 6.753: [CMS-concurrent-abortable-preclean: 0.006/0.245 secs] [Times: user=0.16 sys=0.00, real=0.24 secs] 
2024-07-27T17:23:26.978+0800: 6.754: Application time: 0.0002536 seconds
2024-07-27T17:23:26.978+0800: 6.754: [GC (CMS Final Remark) [YG occupancy: 11631 K (78656 K)]2024-07-27T17:23:26.978+0800: 6.754: [Rescan (parallel) , 0.0007921 secs]2024-07-27T17:23:26.979+0800: 6.754: [weak refs processing, 0.0000132 secs]2024-07-27T17:23:26.979+0800: 6.754: [class unloading, 0.0001861 secs]2024-07-27T17:23:26.979+0800: 6.755: [scrub symbol table, 0.0003328 secs]2024-07-27T17:23:26.979+0800: 6.755: [scrub string table, 0.0000936 secs][1 CMS-remark: 321168K(456776K)] 332800K(535432K), 0.0014852 secs] [Times: user=0.00 sys=0.00, real=0.00 secs] 
2024-07-27T17:23:26.979+0800: 6.755: Total time for which application threads were stopped: 0.0016195 seconds, Stopping threads took: 0.0000956 seconds
2024-07-27T17:23:26.979+0800: 6.755: [CMS-concurrent-sweep-start]
2024-07-27T17:23:26.981+0800: 6.757: [CMS-concurrent-sweep: 0.001/0.001 secs] [Times: user=0.00 sys=0.00, real=0.00 secs] 
2024-07-27T17:23:26.981+0800: 6.757: [CMS-concurrent-reset-start]
2024-07-27T17:23:26.984+0800: 6.760: [CMS-concurrent-reset: 0.003/0.003 secs] [Times: user=0.00 sys=0.00, real=0.00 secs] 
2024-07-27T17:23:26.985+0800: 6.761: Application time: 0.0060669 seconds
2024-07-27T17:23:26.985+0800: 6.761: [GC (Allocation Failure) 2024-07-27T17:23:26.985+0800: 6.761: [ParNew: 77168K->8192K(78656K), 0.0126212 secs] 246782K->246415K(535432K), 0.0126779 secs] [Times: user=0.03 sys=0.00, real=0.01 secs] 
2024-07-27T17:23:26.998+0800: 6.774: Total time for which application threads were stopped: 0.0127739 seconds, Stopping threads took: 0.0000144 seconds
2024-07-27T17:23:26.998+0800: 6.774: Application time: 0.0002651 seconds
2024-07-27T17:23:26.998+0800: 6.774: [GC (CMS Initial Mark) [1 CMS-initial-mark: 238223K(456776K)] 249854K(535432K), 0.0007803 secs] [Times: user=0.00 sys=0.00, real=0.00 secs] 
2024-07-27T17:23:26.999+0800: 6.775: Total time for which application threads were stopped: 0.0009038 seconds, Stopping threads took: 0.0000812 seconds
2024-07-27T17:23:26.999+0800: 6.775: [CMS-concurrent-mark-start]
2024-07-27T17:23:27.000+0800: 6.777: [CMS-concurrent-mark: 0.001/0.001 secs] [Times: user=0.00 sys=0.00, real=0.00 secs] 
2024-07-27T17:23:27.000+0800: 6.777: [CMS-concurrent-preclean-start]
2024-07-27T17:23:27.001+0800: 6.777: [CMS-concurrent-preclean: 0.001/0.001 secs] [Times: user=0.00 sys=0.00, real=0.00 secs] 
2024-07-27T17:23:27.001+0800: 6.777: [CMS-concurrent-abortable-preclean-start]
2024-07-27T17:23:27.116+0800: 6.892: Application time: 0.1172338 seconds
2024-07-27T17:23:27.116+0800: 6.892: [GC (Allocation Failure) 2024-07-27T17:23:27.116+0800: 6.892: [ParNew: 77168K->8192K(78656K), 0.0127562 secs] 315391K->315024K(535432K), 0.0128171 secs] [Times: user=0.00 sys=0.00, real=0.01 secs] 
2024-07-27T17:23:27.129+0800: 6.905: Total time for which application threads were stopped: 0.0129225 seconds, Stopping threads took: 0.0000185 seconds
2024-07-27T17:23:27.241+0800: 7.017: Application time: 0.1113588 seconds
2024-07-27T17:23:27.241+0800: 7.017: [GC (Allocation Failure) 2024-07-27T17:23:27.241+0800: 7.017: [ParNew: 77168K->8192K(78656K), 0.0049285 secs] 384000K->332432K(535432K), 0.0049882 secs] [Times: user=0.00 sys=0.00, real=0.01 secs] 
2024-07-27T17:23:27.246+0800: 7.022: Total time for which application threads were stopped: 0.0050947 seconds, Stopping threads took: 0.0000177 seconds
2024-07-27T17:23:27.246+0800: 7.022: [CMS-concurrent-abortable-preclean: 0.005/0.245 secs] [Times: user=0.01 sys=0.00, real=0.25 secs] 
2024-07-27T17:23:27.246+0800: 7.022: Application time: 0.0003460 seconds
2024-07-27T17:23:27.246+0800: 7.022: [GC (CMS Final Remark) [YG occupancy: 13679 K (78656 K)]2024-07-27T17:23:27.246+0800: 7.022: [Rescan (parallel) , 0.0007180 secs]2024-07-27T17:23:27.247+0800: 7.023: [weak refs processing, 0.0000131 secs]2024-07-27T17:23:27.247+0800: 7.023: [class unloading, 0.0002006 secs]2024-07-27T17:23:27.247+0800: 7.023: [scrub symbol table, 0.0003562 secs]2024-07-27T17:23:27.248+0800: 7.024: [scrub string table, 0.0001031 secs][1 CMS-remark: 324240K(456776K)] 337920K(535432K), 0.0014591 secs] [Times: user=0.00 sys=0.00, real=0.00 secs] 
2024-07-27T17:23:27.248+0800: 7.024: Total time for which application threads were stopped: 0.0016479 seconds, Stopping threads took: 0.0001517 seconds
2024-07-27T17:23:27.248+0800: 7.024: [CMS-concurrent-sweep-start]
2024-07-27T17:23:27.249+0800: 7.026: [CMS-concurrent-sweep: 0.001/0.001 secs] [Times: user=0.00 sys=0.00, real=0.00 secs] 
2024-07-27T17:23:27.250+0800: 7.026: [CMS-concurrent-reset-start]
2024-07-27T17:23:27.252+0800: 7.029: [CMS-concurrent-reset: 0.003/0.003 secs] [Times: user=0.00 sys=0.00, real=0.00 secs] 
2024-07-27T17:23:27.254+0800: 7.030: Application time: 0.0057808 seconds
2024-07-27T17:23:27.254+0800: 7.030: [GC (Allocation Failure) 2024-07-27T17:23:27.254+0800: 7.030: [ParNew: 77168K->8192K(78656K), 0.0130774 secs] 248830K->248463K(535432K), 0.0131272 secs] [Times: user=0.05 sys=0.00, real=0.01 secs] 
2024-07-27T17:23:27.267+0800: 7.043: Total time for which application threads were stopped: 0.0132266 seconds, Stopping threads took: 0.0000132 seconds
2024-07-27T17:23:27.267+0800: 7.043: Application time: 0.0002447 seconds
2024-07-27T17:23:27.267+0800: 7.043: [GC (CMS Initial Mark) [1 CMS-initial-mark: 240271K(456776K)] 251902K(535432K), 0.0008942 secs] [Times: user=0.00 sys=0.00, real=0.00 secs] 
2024-07-27T17:23:27.268+0800: 7.044: Total time for which application threads were stopped: 0.0010408 seconds, Stopping threads took: 0.0001033 seconds
2024-07-27T17:23:27.268+0800: 7.044: [CMS-concurrent-mark-start]
2024-07-27T17:23:27.269+0800: 7.045: [CMS-concurrent-mark: 0.001/0.001 secs] [Times: user=0.00 sys=0.00, real=0.00 secs] 
2024-07-27T17:23:27.269+0800: 7.045: [CMS-concurrent-preclean-start]
2024-07-27T17:23:27.270+0800: 7.046: [CMS-concurrent-preclean: 0.001/0.001 secs] [Times: user=0.02 sys=0.00, real=0.00 secs] 
2024-07-27T17:23:27.270+0800: 7.046: [CMS-concurrent-abortable-preclean-start]
2024-07-27T17:23:27.385+0800: 7.161: Application time: 0.1171280 seconds
2024-07-27T17:23:27.385+0800: 7.161: [GC (Allocation Failure) 2024-07-27T17:23:27.385+0800: 7.161: [ParNew: 77168K->8200K(78656K), 0.0116592 secs] 317439K->317080K(535432K), 0.0117188 secs] [Times: user=0.03 sys=0.00, real=0.01 secs] 
2024-07-27T17:23:27.397+0800: 7.173: Total time for which application threads were stopped: 0.0118335 seconds, Stopping threads took: 0.0000235 seconds
2024-07-27T17:23:27.509+0800: 7.285: Application time: 0.1120017 seconds
2024-07-27T17:23:27.509+0800: 7.285: [GC (Allocation Failure) 2024-07-27T17:23:27.509+0800: 7.285: [ParNew: 77176K->8192K(78656K), 0.0047321 secs] 386056K->335504K(535432K), 0.0047911 secs] [Times: user=0.00 sys=0.00, real=0.00 secs] 
2024-07-27T17:23:27.514+0800: 7.290: Total time for which application threads were stopped: 0.0049240 seconds, Stopping threads took: 0.0000196 seconds
2024-07-27T17:23:27.514+0800: 7.290: [CMS-concurrent-abortable-preclean: 0.006/0.244 secs] [Times: user=0.03 sys=0.00, real=0.24 secs] 
2024-07-27T17:23:27.514+0800: 7.290: Application time: 0.0003869 seconds
2024-07-27T17:23:27.515+0800: 7.291: [GC (CMS Final Remark) [YG occupancy: 14703 K (78656 K)]2024-07-27T17:23:27.515+0800: 7.291: [Rescan (parallel) , 0.0010226 secs]2024-07-27T17:23:27.516+0800: 7.292: [weak refs processing, 0.0000131 secs]2024-07-27T17:23:27.516+0800: 7.292: [class unloading, 0.0001683 secs]2024-07-27T17:23:27.516+0800: 7.292: [scrub symbol table, 0.0003158 secs]2024-07-27T17:23:27.516+0800: 7.292: [scrub string table, 0.0000911 secs][1 CMS-remark: 327312K(456776K)] 342016K(535432K), 0.0016766 secs] [Times: user=0.00 sys=0.00, real=0.00 secs] 
2024-07-27T17:23:27.516+0800: 7.292: Total time for which application threads were stopped: 0.0018720 seconds, Stopping threads took: 0.0001599 seconds
2024-07-27T17:23:27.516+0800: 7.292: [CMS-concurrent-sweep-start]
2024-07-27T17:23:27.518+0800: 7.294: [CMS-concurrent-sweep: 0.001/0.001 secs] [Times: user=0.00 sys=0.00, real=0.00 secs] 
2024-07-27T17:23:27.518+0800: 7.294: [CMS-concurrent-reset-start]
2024-07-27T17:23:27.521+0800: 7.297: [CMS-concurrent-reset: 0.003/0.003 secs] [Times: user=0.03 sys=0.00, real=0.00 secs] 
2024-07-27T17:23:27.522+0800: 7.298: Application time: 0.0054160 seconds
2024-07-27T17:23:27.522+0800: 7.298: [GC (Allocation Failure) 2024-07-27T17:23:27.522+0800: 7.298: [ParNew: 77168K->8192K(78656K), 0.0117333 secs] 250879K->250511K(535432K), 0.0117806 secs] [Times: user=0.00 sys=0.00, real=0.01 secs] 
2024-07-27T17:23:27.534+0800: 7.310: Total time for which application threads were stopped: 0.0118783 seconds, Stopping threads took: 0.0000125 seconds
2024-07-27T17:23:27.534+0800: 7.310: Application time: 0.0000868 seconds
2024-07-27T17:23:27.534+0800: 7.310: [GC (CMS Initial Mark) [1 CMS-initial-mark: 242319K(456776K)] 253951K(535432K), 0.0007507 secs] [Times: user=0.00 sys=0.00, real=0.00 secs] 
2024-07-27T17:23:27.535+0800: 7.311: Total time for which application threads were stopped: 0.0009420 seconds, Stopping threads took: 0.0001496 seconds
2024-07-27T17:23:27.535+0800: 7.311: [CMS-concurrent-mark-start]
2024-07-27T17:23:27.536+0800: 7.312: [CMS-concurrent-mark: 0.001/0.001 secs] [Times: user=0.03 sys=0.00, real=0.00 secs] 
2024-07-27T17:23:27.536+0800: 7.312: [CMS-concurrent-preclean-start]
2024-07-27T17:23:27.537+0800: 7.313: [CMS-concurrent-preclean: 0.001/0.001 secs] [Times: user=0.00 sys=0.00, real=0.00 secs] 
2024-07-27T17:23:27.537+0800: 7.313: [CMS-concurrent-abortable-preclean-start]
2024-07-27T17:23:27.654+0800: 7.430: Application time: 0.1193336 seconds
2024-07-27T17:23:27.654+0800: 7.430: [GC (Allocation Failure) 2024-07-27T17:23:27.654+0800: 7.430: [ParNew: 77168K->8192K(78656K), 0.0119689 secs] 319488K->319120K(535432K), 0.0120263 secs] [Times: user=0.03 sys=0.00, real=0.01 secs] 
2024-07-27T17:23:27.666+0800: 7.442: Total time for which application threads were stopped: 0.0121337 seconds, Stopping threads took: 0.0000190 seconds
2024-07-27T17:23:27.777+0800: 7.553: Application time: 0.1107721 seconds
2024-07-27T17:23:27.777+0800: 7.553: [GC (Allocation Failure) 2024-07-27T17:23:27.777+0800: 7.553: [ParNew: 77168K->8192K(78656K), 0.0049380 secs] 388097K->338577K(535432K), 0.0049968 secs] [Times: user=0.00 sys=0.00, real=0.01 secs] 
2024-07-27T17:23:27.782+0800: 7.558: Total time for which application threads were stopped: 0.0051100 seconds, Stopping threads took: 0.0000171 seconds
2024-07-27T17:23:27.782+0800: 7.558: [CMS-concurrent-abortable-preclean: 0.006/0.245 secs] [Times: user=0.03 sys=0.00, real=0.25 secs] 
2024-07-27T17:23:27.782+0800: 7.558: Application time: 0.0003842 seconds
2024-07-27T17:23:27.782+0800: 7.559: [GC (CMS Final Remark) [YG occupancy: 14703 K (78656 K)]2024-07-27T17:23:27.782+0800: 7.559: [Rescan (parallel) , 0.0007685 secs]2024-07-27T17:23:27.783+0800: 7.559: [weak refs processing, 0.0000126 secs]2024-07-27T17:23:27.783+0800: 7.559: [class unloading, 0.0001780 secs]2024-07-27T17:23:27.783+0800: 7.560: [scrub symbol table, 0.0003446 secs]2024-07-27T17:23:27.784+0800: 7.560: [scrub string table, 0.0001135 secs][1 CMS-remark: 330384K(456776K)] 345088K(535432K), 0.0014800 secs] [Times: user=0.00 sys=0.00, real=0.00 secs] 
2024-07-27T17:23:27.784+0800: 7.560: Total time for which application threads were stopped: 0.0016904 seconds, Stopping threads took: 0.0001741 seconds
2024-07-27T17:23:27.784+0800: 7.560: [CMS-concurrent-sweep-start]
2024-07-27T17:23:27.786+0800: 7.562: [CMS-concurrent-sweep: 0.002/0.002 secs] [Times: user=0.03 sys=0.00, real=0.00 secs] 
2024-07-27T17:23:27.786+0800: 7.562: [CMS-concurrent-reset-start]
2024-07-27T17:23:27.789+0800: 7.565: [CMS-concurrent-reset: 0.003/0.003 secs] [Times: user=0.00 sys=0.00, real=0.00 secs] 
2024-07-27T17:23:27.789+0800: 7.565: Application time: 0.0054365 seconds
2024-07-27T17:23:27.789+0800: 7.565: [GC (Allocation Failure) 2024-07-27T17:23:27.789+0800: 7.566: [ParNew: 77168K->8192K(78656K), 0.0125618 secs] 252927K->252559K(535432K), 0.0126098 secs] [Times: user=0.00 sys=0.00, real=0.01 secs] 
2024-07-27T17:23:27.802+0800: 7.578: Total time for which application threads were stopped: 0.0127024 seconds, Stopping threads took: 0.0000127 seconds
2024-07-27T17:23:27.802+0800: 7.578: Application time: 0.0002268 seconds
2024-07-27T17:23:27.802+0800: 7.578: [GC (CMS Initial Mark) [1 CMS-initial-mark: 244367K(456776K)] 255999K(535432K), 0.0006953 secs] [Times: user=0.00 sys=0.00, real=0.00 secs] 
2024-07-27T17:23:27.803+0800: 7.579: Total time for which application threads were stopped: 0.0008292 seconds, Stopping threads took: 0.0000932 seconds
2024-07-27T17:23:27.803+0800: 7.579: [CMS-concurrent-mark-start]
2024-07-27T17:23:27.804+0800: 7.580: [CMS-concurrent-mark: 0.001/0.001 secs] [Times: user=0.00 sys=0.00, real=0.00 secs] 
2024-07-27T17:23:27.804+0800: 7.580: [CMS-concurrent-preclean-start]
2024-07-27T17:23:27.805+0800: 7.581: [CMS-concurrent-preclean: 0.001/0.001 secs] [Times: user=0.00 sys=0.00, real=0.00 secs] 
2024-07-27T17:23:27.805+0800: 7.581: [CMS-concurrent-abortable-preclean-start]
2024-07-27T17:23:27.921+0800: 7.698: Application time: 0.1184387 seconds
2024-07-27T17:23:27.921+0800: 7.698: [GC (Allocation Failure) 2024-07-27T17:23:27.921+0800: 7.698: [ParNew: 77168K->8192K(78656K), 0.0117889 secs] 321536K->321168K(535432K), 0.0118482 secs] [Times: user=0.03 sys=0.00, real=0.01 secs] 
2024-07-27T17:23:27.933+0800: 7.710: Total time for which application threads were stopped: 0.0119581 seconds, Stopping threads took: 0.0000201 seconds
2024-07-27T17:23:28.046+0800: 7.822: Application time: 0.1127759 seconds
2024-07-27T17:23:28.046+0800: 7.822: [GC (Allocation Failure) 2024-07-27T17:23:28.046+0800: 7.822: [ParNew: 77168K->8192K(78656K), 0.0050804 secs] 390145K->341649K(535432K), 0.0051553 secs] [Times: user=0.00 sys=0.00, real=0.01 secs] 
2024-07-27T17:23:28.051+0800: 7.828: Total time for which application threads were stopped: 0.0052631 seconds, Stopping threads took: 0.0000203 seconds
2024-07-27T17:23:28.051+0800: 7.828: [CMS-concurrent-abortable-preclean: 0.005/0.247 secs] [Times: user=0.03 sys=0.00, real=0.25 secs] 
2024-07-27T17:23:28.052+0800: 7.828: Application time: 0.0002485 seconds
2024-07-27T17:23:28.052+0800: 7.828: [GC (CMS Final Remark) [YG occupancy: 11631 K (78656 K)]2024-07-27T17:23:28.052+0800: 7.828: [Rescan (parallel) , 0.0006583 secs]2024-07-27T17:23:28.052+0800: 7.829: [weak refs processing, 0.0000129 secs]2024-07-27T17:23:28.052+0800: 7.829: [class unloading, 0.0001856 secs]2024-07-27T17:23:28.053+0800: 7.829: [scrub symbol table, 0.0003439 secs]2024-07-27T17:23:28.053+0800: 7.829: [scrub string table, 0.0001143 secs][1 CMS-remark: 333456K(456776K)] 345088K(535432K), 0.0013790 secs] [Times: user=0.00 sys=0.00, real=0.00 secs] 
2024-07-27T17:23:28.053+0800: 7.829: Total time for which application threads were stopped: 0.0015565 seconds, Stopping threads took: 0.0001400 seconds
2024-07-27T17:23:28.053+0800: 7.830: [CMS-concurrent-sweep-start]
2024-07-27T17:23:28.055+0800: 7.831: [CMS-concurrent-sweep: 0.002/0.002 secs] [Times: user=0.00 sys=0.00, real=0.00 secs] 
2024-07-27T17:23:28.055+0800: 7.831: [CMS-concurrent-reset-start]
2024-07-27T17:23:28.058+0800: 7.834: [CMS-concurrent-reset: 0.003/0.003 secs] [Times: user=0.00 sys=0.00, real=0.00 secs] 
2024-07-27T17:23:28.059+0800: 7.835: Application time: 0.0055879 seconds
2024-07-27T17:23:28.059+0800: 7.835: [GC (Allocation Failure) 2024-07-27T17:23:28.059+0800: 7.835: [ParNew: 77168K->8192K(78656K), 0.0117422 secs] 254975K->254607K(535432K), 0.0117968 secs] [Times: user=0.03 sys=0.00, real=0.01 secs] 
2024-07-27T17:23:28.071+0800: 7.847: Total time for which application threads were stopped: 0.0118974 seconds, Stopping threads took: 0.0000151 seconds
2024-07-27T17:23:28.071+0800: 7.847: Application time: 0.0001875 seconds
2024-07-27T17:23:28.071+0800: 7.847: [GC (CMS Initial Mark) [1 CMS-initial-mark: 246415K(456776K)] 258047K(535432K), 0.0007811 secs] [Times: user=0.00 sys=0.00, real=0.00 secs] 
2024-07-27T17:23:28.072+0800: 7.848: Total time for which application threads were stopped: 0.0009909 seconds, Stopping threads took: 0.0001685 seconds
2024-07-27T17:23:28.072+0800: 7.848: [CMS-concurrent-mark-start]
2024-07-27T17:23:28.073+0800: 7.849: [CMS-concurrent-mark: 0.001/0.001 secs] [Times: user=0.00 sys=0.00, real=0.00 secs] 
2024-07-27T17:23:28.073+0800: 7.849: [CMS-concurrent-preclean-start]
2024-07-27T17:23:28.074+0800: 7.850: [CMS-concurrent-preclean: 0.001/0.001 secs] [Times: user=0.00 sys=0.00, real=0.00 secs] 
2024-07-27T17:23:28.074+0800: 7.850: [CMS-concurrent-abortable-preclean-start]
2024-07-27T17:23:28.191+0800: 7.967: Application time: 0.1188310 seconds
2024-07-27T17:23:28.191+0800: 7.967: [GC (Allocation Failure) 2024-07-27T17:23:28.191+0800: 7.967: [ParNew: 77168K->8192K(78656K), 0.0122957 secs] 323584K->323216K(535432K), 0.0123584 secs] [Times: user=0.03 sys=0.00, real=0.01 secs] 
2024-07-27T17:23:28.204+0800: 7.979: Total time for which application threads were stopped: 0.0124664 seconds, Stopping threads took: 0.0000197 seconds
2024-07-27T17:23:28.315+0800: 8.091: Application time: 0.1116246 seconds
2024-07-27T17:23:28.315+0800: 8.091: [GC (Allocation Failure) 2024-07-27T17:23:28.315+0800: 8.091: [ParNew: 77168K->8192K(78656K), 0.0052087 secs] 392193K->344721K(535432K), 0.0052709 secs] [Times: user=0.03 sys=0.00, real=0.01 secs] 
2024-07-27T17:23:28.321+0800: 8.096: Total time for which application threads were stopped: 0.0053800 seconds, Stopping threads took: 0.0000197 seconds
2024-07-27T17:23:28.321+0800: 8.097: [CMS-concurrent-abortable-preclean: 0.006/0.246 secs] [Times: user=0.06 sys=0.00, real=0.25 secs] 
2024-07-27T17:23:28.321+0800: 8.097: Application time: 0.0003274 seconds
2024-07-27T17:23:28.321+0800: 8.097: [GC (CMS Final Remark) [YG occupancy: 12655 K (78656 K)]2024-07-27T17:23:28.321+0800: 8.097: [Rescan (parallel) , 0.0008282 secs]2024-07-27T17:23:28.322+0800: 8.098: [weak refs processing, 0.0000126 secs]2024-07-27T17:23:28.322+0800: 8.098: [class unloading, 0.0001766 secs]2024-07-27T17:23:28.322+0800: 8.098: [scrub symbol table, 0.0003440 secs]2024-07-27T17:23:28.322+0800: 8.098: [scrub string table, 0.0001190 secs][1 CMS-remark: 336528K(456776K)] 349184K(535432K), 0.0015432 secs] [Times: user=0.00 sys=0.00, real=0.00 secs] 
2024-07-27T17:23:28.323+0800: 8.099: Total time for which application threads were stopped: 0.0017235 seconds, Stopping threads took: 0.0001442 seconds
2024-07-27T17:23:28.323+0800: 8.099: [CMS-concurrent-sweep-start]
2024-07-27T17:23:28.324+0800: 8.100: [CMS-concurrent-sweep: 0.002/0.002 secs] [Times: user=0.00 sys=0.00, real=0.00 secs] 
2024-07-27T17:23:28.324+0800: 8.100: [CMS-concurrent-reset-start]
2024-07-27T17:23:28.327+0800: 8.103: [CMS-concurrent-reset: 0.003/0.003 secs] [Times: user=0.00 sys=0.00, real=0.00 secs] 
2024-07-27T17:23:28.328+0800: 8.104: Application time: 0.0055217 seconds
2024-07-27T17:23:28.328+0800: 8.104: [GC (Allocation Failure) 2024-07-27T17:23:28.328+0800: 8.104: [ParNew: 77168K->8192K(78656K), 0.0120235 secs] 257023K->256655K(535432K), 0.0120719 secs] [Times: user=0.03 sys=0.00, real=0.01 secs] 
2024-07-27T17:23:28.340+0800: 8.116: Total time for which application threads were stopped: 0.0121720 seconds, Stopping threads took: 0.0000127 seconds
2024-07-27T17:23:28.341+0800: 8.116: Application time: 0.0002268 seconds
2024-07-27T17:23:28.341+0800: 8.117: [GC (CMS Initial Mark) [1 CMS-initial-mark: 248463K(456776K)] 260095K(535432K), 0.0008401 secs] [Times: user=0.00 sys=0.00, real=0.00 secs] 
2024-07-27T17:23:28.342+0800: 8.117: Total time for which application threads were stopped: 0.0009665 seconds, Stopping threads took: 0.0000842 seconds
2024-07-27T17:23:28.342+0800: 8.117: [CMS-concurrent-mark-start]
2024-07-27T17:23:28.343+0800: 8.119: [CMS-concurrent-mark: 0.001/0.001 secs] [Times: user=0.00 sys=0.00, real=0.00 secs] 
2024-07-27T17:23:28.343+0800: 8.119: [CMS-concurrent-preclean-start]
2024-07-27T17:23:28.343+0800: 8.119: [CMS-concurrent-preclean: 0.001/0.001 secs] [Times: user=0.00 sys=0.00, real=0.00 secs] 
2024-07-27T17:23:28.343+0800: 8.119: [CMS-concurrent-abortable-preclean-start]
2024-07-27T17:23:28.459+0800: 8.235: Application time: 0.1171204 seconds
2024-07-27T17:23:28.459+0800: 8.235: [GC (Allocation Failure) 2024-07-27T17:23:28.459+0800: 8.235: [ParNew: 77168K->8192K(78656K), 0.0129223 secs] 325632K->325264K(535432K), 0.0129910 secs] [Times: user=0.00 sys=0.00, real=0.01 secs] 
2024-07-27T17:23:28.472+0800: 8.248: Total time for which application threads were stopped: 0.0131038 seconds, Stopping threads took: 0.0000209 seconds
2024-07-27T17:23:28.581+0800: 8.357: Application time: 0.1097582 seconds
2024-07-27T17:23:28.581+0800: 8.357: [GC (Allocation Failure) 2024-07-27T17:23:28.581+0800: 8.357: [ParNew: 77168K->8192K(78656K), 0.0053439 secs] 394241K->347793K(535432K), 0.0054041 secs] [Times: user=0.03 sys=0.00, real=0.01 secs] 
2024-07-27T17:23:28.587+0800: 8.363: Total time for which application threads were stopped: 0.0055205 seconds, Stopping threads took: 0.0000198 seconds
2024-07-27T17:23:28.587+0800: 8.363: [CMS-concurrent-abortable-preclean: 0.006/0.244 secs] [Times: user=0.08 sys=0.00, real=0.24 secs] 
2024-07-27T17:23:28.587+0800: 8.363: Application time: 0.0002731 seconds
2024-07-27T17:23:28.587+0800: 8.363: [GC (CMS Final Remark) [YG occupancy: 12655 K (78656 K)]2024-07-27T17:23:28.587+0800: 8.363: [Rescan (parallel) , 0.0010879 secs]2024-07-27T17:23:28.588+0800: 8.364: [weak refs processing, 0.0000128 secs]2024-07-27T17:23:28.588+0800: 8.364: [class unloading, 0.0002003 secs]2024-07-27T17:23:28.589+0800: 8.365: [scrub symbol table, 0.0003396 secs]2024-07-27T17:23:28.589+0800: 8.365: [scrub string table, 0.0001011 secs][1 CMS-remark: 339601K(456776K)] 352256K(535432K), 0.0018059 secs] [Times: user=0.00 sys=0.00, real=0.00 secs] 
2024-07-27T17:23:28.589+0800: 8.365: Total time for which application threads were stopped: 0.0019646 seconds, Stopping threads took: 0.0001231 seconds
2024-07-27T17:23:28.589+0800: 8.365: [CMS-concurrent-sweep-start]
2024-07-27T17:23:28.591+0800: 8.367: [CMS-concurrent-sweep: 0.002/0.002 secs] [Times: user=0.00 sys=0.00, real=0.00 secs] 
2024-07-27T17:23:28.591+0800: 8.367: [CMS-concurrent-reset-start]
2024-07-27T17:23:28.594+0800: 8.370: [CMS-concurrent-reset: 0.003/0.003 secs] [Times: user=0.00 sys=0.00, real=0.00 secs] 
2024-07-27T17:23:28.595+0800: 8.371: Application time: 0.0055353 seconds
2024-07-27T17:23:28.595+0800: 8.371: [GC (Allocation Failure) 2024-07-27T17:23:28.595+0800: 8.371: [ParNew: 77168K->8192K(78656K), 0.0119791 secs] 259071K->258703K(535432K), 0.0120325 secs] [Times: user=0.03 sys=0.00, real=0.01 secs] 
2024-07-27T17:23:28.607+0800: 8.383: Total time for which application threads were stopped: 0.0121495 seconds, Stopping threads took: 0.0000243 seconds
2024-07-27T17:23:28.607+0800: 8.383: Application time: 0.0002396 seconds
2024-07-27T17:23:28.607+0800: 8.383: [GC (CMS Initial Mark) [1 CMS-initial-mark: 250511K(456776K)] 262143K(535432K), 0.0006419 secs] [Times: user=0.00 sys=0.00, real=0.00 secs] 
2024-07-27T17:23:28.608+0800: 8.384: Total time for which application threads were stopped: 0.0007793 seconds, Stopping threads took: 0.0000967 seconds
2024-07-27T17:23:28.608+0800: 8.384: [CMS-concurrent-mark-start]
2024-07-27T17:23:28.609+0800: 8.385: [CMS-concurrent-mark: 0.001/0.001 secs] [Times: user=0.00 sys=0.00, real=0.00 secs] 
2024-07-27T17:23:28.609+0800: 8.385: [CMS-concurrent-preclean-start]
2024-07-27T17:23:28.610+0800: 8.386: [CMS-concurrent-preclean: 0.001/0.001 secs] [Times: user=0.00 sys=0.00, real=0.00 secs] 
2024-07-27T17:23:28.610+0800: 8.386: [CMS-concurrent-abortable-preclean-start]
2024-07-27T17:23:28.726+0800: 8.503: Application time: 0.1187871 seconds
2024-07-27T17:23:28.727+0800: 8.503: [GC (Allocation Failure) 2024-07-27T17:23:28.727+0800: 8.503: [ParNew: 77168K->8192K(78656K), 0.0124499 secs] 327680K->327312K(535432K), 0.0125075 secs] [Times: user=0.02 sys=0.00, real=0.01 secs] 
2024-07-27T17:23:28.739+0800: 8.515: Total time for which application threads were stopped: 0.0126176 seconds, Stopping threads took: 0.0000201 seconds
2024-07-27T17:23:28.849+0800: 8.625: Application time: 0.1099996 seconds
2024-07-27T17:23:28.849+0800: 8.625: [GC (Allocation Failure) 2024-07-27T17:23:28.849+0800: 8.625: [ParNew: 77543K->8194K(78656K), 0.0053161 secs] 396664K->349843K(535432K), 0.0053708 secs] [Times: user=0.00 sys=0.00, real=0.01 secs] 
2024-07-27T17:23:28.854+0800: 8.631: Total time for which application threads were stopped: 0.0054766 seconds, Stopping threads took: 0.0000168 seconds
2024-07-27T17:23:28.854+0800: 8.631: [CMS-concurrent-abortable-preclean: 0.006/0.245 secs] [Times: user=0.06 sys=0.00, real=0.24 secs] 
2024-07-27T17:23:28.854+0800: 8.631: Application time: 0.0003259 seconds
2024-07-27T17:23:28.855+0800: 8.631: [GC (CMS Final Remark) [YG occupancy: 12647 K (78656 K)]2024-07-27T17:23:28.855+0800: 8.631: [Rescan (parallel) , 0.0009679 secs]2024-07-27T17:23:28.856+0800: 8.632: [weak refs processing, 0.0000128 secs]2024-07-27T17:23:28.856+0800: 8.632: [class unloading, 0.0001918 secs]2024-07-27T17:23:28.856+0800: 8.632: [scrub symbol table, 0.0003444 secs]2024-07-27T17:23:28.856+0800: 8.633: [scrub string table, 0.0001013 secs][1 CMS-remark: 341649K(456776K)] 354296K(535432K), 0.0016814 secs] [Times: user=0.00 sys=0.00, real=0.00 secs] 
2024-07-27T17:23:28.856+0800: 8.633: Total time for which application threads were stopped: 0.0018714 seconds, Stopping threads took: 0.0001532 seconds
2024-07-27T17:23:28.857+0800: 8.633: [CMS-concurrent-sweep-start]
2024-07-27T17:23:28.858+0800: 8.635: [CMS-concurrent-sweep: 0.002/0.002 secs] [Times: user=0.00 sys=0.00, real=0.00 secs] 
2024-07-27T17:23:28.858+0800: 8.635: [CMS-concurrent-reset-start]
2024-07-27T17:23:28.861+0800: 8.638: [CMS-concurrent-reset: 0.003/0.003 secs] [Times: user=0.00 sys=0.00, real=0.00 secs] 
2024-07-27T17:23:28.863+0800: 8.639: Application time: 0.0057407 seconds
2024-07-27T17:23:28.863+0800: 8.639: [GC (Allocation Failure) 2024-07-27T17:23:28.863+0800: 8.639: [ParNew: 77160K->8192K(78656K), 0.0119952 secs] 260087K->259727K(535432K), 0.0120448 secs] [Times: user=0.03 sys=0.00, real=0.01 secs] 
2024-07-27T17:23:28.874+0800: 8.651: Total time for which application threads were stopped: 0.0121426 seconds, Stopping threads took: 0.0000156 seconds
2024-07-27T17:23:28.875+0800: 8.651: Application time: 0.0002134 seconds
2024-07-27T17:23:28.875+0800: 8.651: [GC (CMS Initial Mark) [1 CMS-initial-mark: 251535K(456776K)] 263161K(535432K), 0.0007255 secs] [Times: user=0.00 sys=0.00, real=0.00 secs] 
2024-07-27T17:23:28.875+0800: 8.652: Total time for which application threads were stopped: 0.0009520 seconds, Stopping threads took: 0.0001848 seconds
2024-07-27T17:23:28.876+0800: 8.652: [CMS-concurrent-mark-start]
2024-07-27T17:23:28.876+0800: 8.653: [CMS-concurrent-mark: 0.001/0.001 secs] [Times: user=0.00 sys=0.00, real=0.00 secs] 
2024-07-27T17:23:28.876+0800: 8.653: [CMS-concurrent-preclean-start]
2024-07-27T17:23:28.877+0800: 8.654: [CMS-concurrent-preclean: 0.001/0.001 secs] [Times: user=0.00 sys=0.00, real=0.00 secs] 
2024-07-27T17:23:28.877+0800: 8.654: [CMS-concurrent-abortable-preclean-start]
2024-07-27T17:23:28.992+0800: 8.769: Application time: 0.1167667 seconds
2024-07-27T17:23:28.992+0800: 8.769: [GC (Allocation Failure) 2024-07-27T17:23:28.992+0800: 8.769: [ParNew: 77162K->8192K(78656K), 0.0119307 secs] 328698K->328336K(535432K), 0.0119879 secs] [Times: user=0.03 sys=0.00, real=0.01 secs] 
2024-07-27T17:23:29.005+0800: 8.781: Total time for which application threads were stopped: 0.0120962 seconds, Stopping threads took: 0.0000199 seconds
2024-07-27T17:23:29.117+0800: 8.893: Application time: 0.1120272 seconds
2024-07-27T17:23:29.117+0800: 8.893: [GC (Allocation Failure) 2024-07-27T17:23:29.117+0800: 8.893: [ParNew: 77164K->8192K(78656K), 0.0059365 secs] 397309K->351889K(535432K), 0.0059994 secs] [Times: user=0.00 sys=0.00, real=0.01 secs] 
2024-07-27T17:23:29.123+0800: 8.899: Total time for which application threads were stopped: 0.0061069 seconds, Stopping threads took: 0.0000180 seconds
2024-07-27T17:23:29.123+0800: 8.899: [CMS-concurrent-abortable-preclean: 0.006/0.245 secs] [Times: user=0.06 sys=0.00, real=0.25 secs] 
2024-07-27T17:23:29.123+0800: 8.899: Application time: 0.0002990 seconds
2024-07-27T17:23:29.124+0800: 8.900: [GC (CMS Final Remark) [YG occupancy: 12653 K (78656 K)]2024-07-27T17:23:29.124+0800: 8.900: [Rescan (parallel) , 0.0009733 secs]2024-07-27T17:23:29.125+0800: 8.901: [weak refs processing, 0.0000132 secs]2024-07-27T17:23:29.125+0800: 8.901: [class unloading, 0.0001931 secs]2024-07-27T17:23:29.125+0800: 8.901: [scrub symbol table, 0.0003135 secs]2024-07-27T17:23:29.125+0800: 8.901: [scrub string table, 0.0000931 secs][1 CMS-remark: 343697K(456776K)] 356350K(535432K), 0.0016514 secs] [Times: user=0.00 sys=0.00, real=0.00 secs] 
2024-07-27T17:23:29.125+0800: 8.901: Total time for which application threads were stopped: 0.0018602 seconds, Stopping threads took: 0.0001711 seconds
2024-07-27T17:23:29.125+0800: 8.901: [CMS-concurrent-sweep-start]
2024-07-27T17:23:29.127+0800: 8.903: [CMS-concurrent-sweep: 0.001/0.001 secs] [Times: user=0.00 sys=0.00, real=0.00 secs] 
2024-07-27T17:23:29.127+0800: 8.903: [CMS-concurrent-reset-start]
2024-07-27T17:23:29.130+0800: 8.906: [CMS-concurrent-reset: 0.003/0.003 secs] [Times: user=0.03 sys=0.00, real=0.00 secs] 
2024-07-27T17:23:29.131+0800: 8.907: Application time: 0.0061254 seconds
2024-07-27T17:23:29.131+0800: 8.907: [GC (Allocation Failure) 2024-07-27T17:23:29.131+0800: 8.907: [ParNew: 77166K->8192K(78656K), 0.0121755 secs] 261116K->260751K(535432K), 0.0122273 secs] [Times: user=0.00 sys=0.00, real=0.01 secs] 
2024-07-27T17:23:29.144+0800: 8.920: Total time for which application threads were stopped: 0.0123359 seconds, Stopping threads took: 0.0000191 seconds
2024-07-27T17:23:29.144+0800: 8.920: Application time: 0.0002323 seconds
2024-07-27T17:23:29.144+0800: 8.920: [GC (CMS Initial Mark) [1 CMS-initial-mark: 252559K(456776K)] 264189K(535432K), 0.0007383 secs] [Times: user=0.00 sys=0.00, real=0.00 secs] 
2024-07-27T17:23:29.145+0800: 8.921: Total time for which application threads were stopped: 0.0008926 seconds, Stopping threads took: 0.0001131 seconds
2024-07-27T17:23:29.145+0800: 8.921: [CMS-concurrent-mark-start]
2024-07-27T17:23:29.146+0800: 8.922: [CMS-concurrent-mark: 0.001/0.001 secs] [Times: user=0.03 sys=0.00, real=0.00 secs] 
2024-07-27T17:23:29.146+0800: 8.922: [CMS-concurrent-preclean-start]
2024-07-27T17:23:29.147+0800: 8.923: [CMS-concurrent-preclean: 0.001/0.001 secs] [Times: user=0.00 sys=0.00, real=0.00 secs] 
2024-07-27T17:23:29.147+0800: 8.923: [CMS-concurrent-abortable-preclean-start]
2024-07-27T17:23:29.259+0800: 9.036: Application time: 0.1147094 seconds
2024-07-27T17:23:29.259+0800: 9.036: [GC (Allocation Failure) 2024-07-27T17:23:29.260+0800: 9.036: [ParNew: 77167K->8192K(78656K), 0.0119315 secs] 329726K->329360K(535432K), 0.0119951 secs] [Times: user=0.03 sys=0.00, real=0.01 secs] 
2024-07-27T17:23:29.272+0800: 9.048: Total time for which application threads were stopped: 0.0121165 seconds, Stopping threads took: 0.0000187 seconds
2024-07-27T17:23:29.383+0800: 9.159: Application time: 0.1117562 seconds
2024-07-27T17:23:29.383+0800: 9.159: [GC (Allocation Failure) 2024-07-27T17:23:29.383+0800: 9.159: [ParNew: 77167K->8192K(78656K), 0.0058336 secs] 398336K->353937K(535432K), 0.0058925 secs] [Times: user=0.00 sys=0.00, real=0.01 secs] 
2024-07-27T17:23:29.389+0800: 9.165: Total time for which application threads were stopped: 0.0060129 seconds, Stopping threads took: 0.0000321 seconds
2024-07-27T17:23:29.389+0800: 9.165: [CMS-concurrent-abortable-preclean: 0.006/0.243 secs] [Times: user=0.03 sys=0.00, real=0.24 secs] 
2024-07-27T17:23:29.390+0800: 9.166: Application time: 0.0004362 seconds
2024-07-27T17:23:29.390+0800: 9.166: [GC (CMS Final Remark) [YG occupancy: 14703 K (78656 K)]2024-07-27T17:23:29.390+0800: 9.166: [Rescan (parallel) , 0.0006971 secs]2024-07-27T17:23:29.391+0800: 9.167: [weak refs processing, 0.0000128 secs]2024-07-27T17:23:29.391+0800: 9.167: [class unloading, 0.0002004 secs]2024-07-27T17:23:29.391+0800: 9.167: [scrub symbol table, 0.0003395 secs]2024-07-27T17:23:29.391+0800: 9.167: [scrub string table, 0.0001014 secs][1 CMS-remark: 345745K(456776K)] 360448K(535432K), 0.0014163 secs] [Times: user=0.00 sys=0.00, real=0.00 secs] 
2024-07-27T17:23:29.391+0800: 9.167: Total time for which application threads were stopped: 0.0015834 seconds, Stopping threads took: 0.0001316 seconds
2024-07-27T17:23:29.392+0800: 9.168: [CMS-concurrent-sweep-start]
2024-07-27T17:23:29.393+0800: 9.169: [CMS-concurrent-sweep: 0.001/0.001 secs] [Times: user=0.00 sys=0.00, real=0.00 secs] 
2024-07-27T17:23:29.393+0800: 9.169: [CMS-concurrent-reset-start]
2024-07-27T17:23:29.396+0800: 9.172: [CMS-concurrent-reset: 0.003/0.003 secs] [Times: user=0.03 sys=0.00, real=0.00 secs] 
2024-07-27T17:23:29.397+0800: 9.173: Application time: 0.0056105 seconds
2024-07-27T17:23:29.397+0800: 9.173: [GC (Allocation Failure) 2024-07-27T17:23:29.397+0800: 9.173: [ParNew: 77168K->8192K(78656K), 0.0117087 secs] 263166K->262799K(535432K), 0.0117569 secs] [Times: user=0.00 sys=0.00, real=0.01 secs] 
2024-07-27T17:23:29.409+0800: 9.185: Total time for which application threads were stopped: 0.0118518 seconds, Stopping threads took: 0.0000134 seconds
2024-07-27T17:23:29.409+0800: 9.185: Application time: 0.0002189 seconds
2024-07-27T17:23:29.409+0800: 9.185: [GC (CMS Initial Mark) [1 CMS-initial-mark: 254607K(456776K)] 265215K(535432K), 0.0006941 secs] [Times: user=0.00 sys=0.00, real=0.00 secs] 
2024-07-27T17:23:29.410+0800: 9.186: Total time for which application threads were stopped: 0.0007556 seconds, Stopping threads took: 0.0000212 seconds
2024-07-27T17:23:29.410+0800: 9.186: [CMS-concurrent-mark-start]
2024-07-27T17:23:29.411+0800: 9.187: [CMS-concurrent-mark: 0.001/0.001 secs] [Times: user=0.03 sys=0.00, real=0.00 secs] 
2024-07-27T17:23:29.411+0800: 9.187: [CMS-concurrent-preclean-start]
2024-07-27T17:23:29.412+0800: 9.188: [CMS-concurrent-preclean: 0.001/0.001 secs] [Times: user=0.00 sys=0.00, real=0.00 secs] 
2024-07-27T17:23:29.412+0800: 9.188: [CMS-concurrent-abortable-preclean-start]
2024-07-27T17:23:29.528+0800: 9.304: Application time: 0.1186016 seconds
2024-07-27T17:23:29.529+0800: 9.305: [GC (Allocation Failure) 2024-07-27T17:23:29.529+0800: 9.305: [ParNew: 77168K->8192K(78656K), 0.0119313 secs] 331776K->331408K(535432K), 0.0119938 secs] [Times: user=0.03 sys=0.00, real=0.01 secs] 
2024-07-27T17:23:29.541+0800: 9.317: Total time for which application threads were stopped: 0.0121050 seconds, Stopping threads took: 0.0000197 seconds
2024-07-27T17:23:29.651+0800: 9.428: Application time: 0.1113969 seconds
2024-07-27T17:23:29.651+0800: 9.428: [GC (Allocation Failure) 2024-07-27T17:23:29.651+0800: 9.428: [ParNew: 77171K->8192K(78656K), 0.0059248 secs] 400387K->357009K(535432K), 0.0059836 secs] [Times: user=0.00 sys=0.00, real=0.01 secs] 
2024-07-27T17:23:29.657+0800: 9.434: Total time for which application threads were stopped: 0.0060924 seconds, Stopping threads took: 0.0000201 seconds
2024-07-27T17:23:29.658+0800: 9.434: [CMS-concurrent-abortable-preclean: 0.006/0.247 secs] [Times: user=0.03 sys=0.00, real=0.25 secs] 
2024-07-27T17:23:29.658+0800: 9.434: Application time: 0.0003849 seconds
2024-07-27T17:23:29.658+0800: 9.435: [GC (CMS Final Remark) [YG occupancy: 14698 K (78656 K)]2024-07-27T17:23:29.658+0800: 9.435: [Rescan (parallel) , 0.0009138 secs]2024-07-27T17:23:29.659+0800: 9.436: [weak refs processing, 0.0000124 secs]2024-07-27T17:23:29.659+0800: 9.436: [class unloading, 0.0001948 secs]2024-07-27T17:23:29.659+0800: 9.436: [scrub symbol table, 0.0003517 secs]2024-07-27T17:23:29.660+0800: 9.436: [scrub string table, 0.0001003 secs][1 CMS-remark: 348817K(456776K)] 363515K(535432K), 0.0016397 secs] [Times: user=0.00 sys=0.00, real=0.00 secs] 
2024-07-27T17:23:29.660+0800: 9.436: Total time for which application threads were stopped: 0.0018123 seconds, Stopping threads took: 0.0001373 seconds
2024-07-27T17:23:29.660+0800: 9.437: [CMS-concurrent-sweep-start]
2024-07-27T17:23:29.661+0800: 9.438: [CMS-concurrent-sweep: 0.002/0.002 secs] [Times: user=0.03 sys=0.00, real=0.00 secs] 
2024-07-27T17:23:29.662+0800: 9.438: [CMS-concurrent-reset-start]
2024-07-27T17:23:29.665+0800: 9.441: [CMS-concurrent-reset: 0.003/0.003 secs] [Times: user=0.00 sys=0.00, real=0.00 secs] 
2024-07-27T17:23:29.777+0800: 9.553: Application time: 0.1163628 seconds
2024-07-27T17:23:29.777+0800: 9.553: [GC (Allocation Failure) 2024-07-27T17:23:29.777+0800: 9.553: [ParNew: 77162K->8192K(78656K), 0.0119759 secs] 265209K->264847K(535432K), 0.0120410 secs] [Times: user=0.03 sys=0.00, real=0.01 secs] 
2024-07-27T17:23:29.788+0800: 9.565: Total time for which application threads were stopped: 0.0121835 seconds, Stopping threads took: 0.0000401 seconds
2024-07-27T17:23:29.788+0800: 9.565: Application time: 0.0002210 seconds
2024-07-27T17:23:29.789+0800: 9.565: [GC (CMS Initial Mark) [1 CMS-initial-mark: 256655K(456776K)] 268283K(535432K), 0.0007947 secs] [Times: user=0.00 sys=0.00, real=0.00 secs] 
2024-07-27T17:23:29.789+0800: 9.566: Total time for which application threads were stopped: 0.0008951 seconds, Stopping threads took: 0.0000609 seconds
2024-07-27T17:23:29.789+0800: 9.566: [CMS-concurrent-mark-start]
2024-07-27T17:23:29.793+0800: 9.569: [CMS-concurrent-mark: 0.003/0.003 secs] [Times: user=0.00 sys=0.00, real=0.00 secs] 
2024-07-27T17:23:29.793+0800: 9.570: [CMS-concurrent-preclean-start]
2024-07-27T17:23:29.794+0800: 9.571: [CMS-concurrent-preclean: 0.002/0.002 secs] [Times: user=0.00 sys=0.00, real=0.00 secs] 
2024-07-27T17:23:29.795+0800: 9.571: Application time: 0.0052230 seconds
2024-07-27T17:23:29.795+0800: 9.571: [GC (Allocation Failure) 2024-07-27T17:23:29.795+0800: 9.571: [ParNew: 77165K->8192K(78656K), 0.0117420 secs] 333820K->333457K(535432K), 0.0117913 secs] [Times: user=0.03 sys=0.00, real=0.01 secs] 
2024-07-27T17:23:29.806+0800: 9.583: Total time for which application threads were stopped: 0.0119004 seconds, Stopping threads took: 0.0000263 seconds
2024-07-27T17:23:29.807+0800: 9.583: Application time: 0.0001881 seconds
2024-07-27T17:23:29.807+0800: 9.583: [GC (CMS Final Remark) [YG occupancy: 11629 K (78656 K)]2024-07-27T17:23:29.807+0800: 9.583: [Rescan (parallel) , 0.0005363 secs]2024-07-27T17:23:29.807+0800: 9.584: [weak refs processing, 0.0000128 secs]2024-07-27T17:23:29.807+0800: 9.584: [class unloading, 0.0001929 secs]2024-07-27T17:23:29.808+0800: 9.584: [scrub symbol table, 0.0003256 secs]2024-07-27T17:23:29.808+0800: 9.584: [scrub string table, 0.0001022 secs][1 CMS-remark: 325264K(456776K)] 336894K(535432K), 0.0012354 secs] [Times: user=0.00 sys=0.00, real=0.00 secs] 
2024-07-27T17:23:29.808+0800: 9.585: Total time for which application threads were stopped: 0.0013332 seconds, Stopping threads took: 0.0000615 seconds
2024-07-27T17:23:29.808+0800: 9.585: [CMS-concurrent-sweep-start]
2024-07-27T17:23:29.809+0800: 9.586: [CMS-concurrent-sweep: 0.001/0.001 secs] [Times: user=0.00 sys=0.00, real=0.00 secs] 
2024-07-27T17:23:29.809+0800: 9.586: [CMS-concurrent-reset-start]
2024-07-27T17:23:29.812+0800: 9.588: [CMS-concurrent-reset: 0.002/0.002 secs] [Times: user=0.00 sys=0.00, real=0.00 secs] 
2024-07-27T17:23:29.917+0800: 9.694: Application time: 0.1095008 seconds
2024-07-27T17:23:29.918+0800: 9.694: [GC (Allocation Failure) 2024-07-27T17:23:29.918+0800: 9.694: [ParNew: 77166K->8192K(78656K), 0.0069958 secs] 240636K->198286K(535432K), 0.0070576 secs] [Times: user=0.00 sys=0.00, real=0.01 secs] 
2024-07-27T17:23:29.925+0800: 9.701: Total time for which application threads were stopped: 0.0071999 seconds, Stopping threads took: 0.0000284 seconds
2024-07-27T17:23:30.044+0800: 9.820: Application time: 0.1182475 seconds
2024-07-27T17:23:30.044+0800: 9.820: [GC (Allocation Failure) 2024-07-27T17:23:30.044+0800: 9.820: [ParNew: 77167K->8192K(78656K), 0.0140025 secs] 267262K->266896K(535432K), 0.0140901 secs] [Times: user=0.03 sys=0.00, real=0.01 secs] 
2024-07-27T17:23:30.057+0800: 9.834: Total time for which application threads were stopped: 0.0142076 seconds, Stopping threads took: 0.0000235 seconds
2024-07-27T17:23:30.057+0800: 9.834: Application time: 0.0002357 seconds
2024-07-27T17:23:30.057+0800: 9.834: [GC (CMS Initial Mark) [1 CMS-initial-mark: 258703K(456776K)] 270334K(535432K), 0.0008099 secs] [Times: user=0.00 sys=0.00, real=0.00 secs] 
2024-07-27T17:23:30.058+0800: 9.835: Total time for which application threads were stopped: 0.0009463 seconds, Stopping threads took: 0.0000894 seconds
2024-07-27T17:23:30.058+0800: 9.835: [CMS-concurrent-mark-start]
2024-07-27T17:23:30.063+0800: 9.839: [CMS-concurrent-mark: 0.004/0.004 secs] [Times: user=0.00 sys=0.00, real=0.00 secs] 
2024-07-27T17:23:30.063+0800: 9.839: [CMS-concurrent-preclean-start]
2024-07-27T17:23:30.064+0800: 9.841: [CMS-concurrent-preclean: 0.001/0.001 secs] [Times: user=0.00 sys=0.00, real=0.00 secs] 
2024-07-27T17:23:30.064+0800: 9.841: Application time: 0.0058401 seconds
2024-07-27T17:23:30.064+0800: 9.841: [GC (Allocation Failure) 2024-07-27T17:23:30.064+0800: 9.841: [ParNew: 77167K->8192K(78656K), 0.0149540 secs] 335871K->335505K(535432K), 0.0150061 secs] [Times: user=0.03 sys=0.00, real=0.02 secs] 
2024-07-27T17:23:30.079+0800: 9.856: Total time for which application threads were stopped: 0.0151201 seconds, Stopping threads took: 0.0000181 seconds
2024-07-27T17:23:30.079+0800: 9.856: Application time: 0.0001904 seconds
2024-07-27T17:23:30.080+0800: 9.856: [GC (CMS Final Remark) [YG occupancy: 11631 K (78656 K)]2024-07-27T17:23:30.080+0800: 9.856: [Rescan (parallel) , 0.0007516 secs]2024-07-27T17:23:30.080+0800: 9.857: [weak refs processing, 0.0000134 secs]2024-07-27T17:23:30.080+0800: 9.857: [class unloading, 0.0002338 secs]2024-07-27T17:23:30.081+0800: 9.857: [scrub symbol table, 0.0003487 secs]2024-07-27T17:23:30.081+0800: 9.858: [scrub string table, 0.0001034 secs][1 CMS-remark: 327312K(456776K)] 338944K(535432K), 0.0015168 secs] [Times: user=0.00 sys=0.00, real=0.00 secs] 
2024-07-27T17:23:30.081+0800: 9.858: Total time for which application threads were stopped: 0.0017139 seconds, Stopping threads took: 0.0001575 seconds
2024-07-27T17:23:30.081+0800: 9.858: [CMS-concurrent-sweep-start]
2024-07-27T17:23:30.083+0800: 9.859: [CMS-concurrent-sweep: 0.001/0.001 secs] [Times: user=0.03 sys=0.00, real=0.00 secs] 
2024-07-27T17:23:30.083+0800: 9.859: [CMS-concurrent-reset-start]
2024-07-27T17:23:30.085+0800: 9.862: [CMS-concurrent-reset: 0.002/0.002 secs] [Times: user=0.00 sys=0.00, real=0.00 secs] 
2024-07-27T17:23:30.188+0800: 9.965: Application time: 0.1071572 seconds
2024-07-27T17:23:30.188+0800: 9.965: [GC (Allocation Failure) 2024-07-27T17:23:30.188+0800: 9.965: [ParNew: 77168K->8192K(78656K), 0.0063016 secs] 241662K->200334K(535432K), 0.0063760 secs] [Times: user=0.03 sys=0.00, real=0.01 secs] 
2024-07-27T17:23:30.195+0800: 9.971: Total time for which application threads were stopped: 0.0064992 seconds, Stopping threads took: 0.0000198 seconds
2024-07-27T17:23:30.311+0800: 10.087: Application time: 0.1158720 seconds
2024-07-27T17:23:30.311+0800: 10.087: [GC (Allocation Failure) 2024-07-27T17:23:30.311+0800: 10.087: [ParNew: 77168K->8192K(78656K), 0.0120443 secs] 269311K->268944K(535432K), 0.0121185 secs] [Times: user=0.03 sys=0.00, real=0.01 secs] 
2024-07-27T17:23:30.323+0800: 10.100: Total time for which application threads were stopped: 0.0122303 seconds, Stopping threads took: 0.0000204 seconds
2024-07-27T17:23:30.328+0800: 10.104: Application time: 0.0044292 seconds
2024-07-27T17:23:30.328+0800: 10.104: [GC (Allocation Failure) 2024-07-27T17:23:30.328+0800: 10.104: [ParNew: 77168K->8192K(78656K), 0.0119870 secs] 337920K->337553K(535432K), 0.0120360 secs] [Times: user=0.03 sys=0.00, real=0.01 secs] 
2024-07-27T17:23:30.340+0800: 10.116: Total time for which application threads were stopped: 0.0121439 seconds, Stopping threads took: 0.0000154 seconds
2024-07-27T17:23:30.340+0800: 10.116: Application time: 0.0001742 seconds
2024-07-27T17:23:30.340+0800: 10.117: [GC (CMS Initial Mark) [1 CMS-initial-mark: 329360K(456776K)] 340992K(535432K), 0.0007612 secs] [Times: user=0.00 sys=0.00, real=0.00 secs] 
2024-07-27T17:23:30.341+0800: 10.117: Total time for which application threads were stopped: 0.0009590 seconds, Stopping threads took: 0.0001559 seconds
2024-07-27T17:23:30.341+0800: 10.117: [CMS-concurrent-mark-start]
2024-07-27T17:23:30.344+0800: 10.120: [CMS-concurrent-mark: 0.003/0.003 secs] [Times: user=0.00 sys=0.00, real=0.00 secs] 
2024-07-27T17:23:30.344+0800: 10.120: [CMS-concurrent-preclean-start]
2024-07-27T17:23:30.345+0800: 10.121: [CMS-concurrent-preclean: 0.001/0.001 secs] [Times: user=0.00 sys=0.00, real=0.00 secs] 
2024-07-27T17:23:30.345+0800: 10.121: [CMS-concurrent-abortable-preclean-start]
2024-07-27T17:23:30.455+0800: 10.232: Application time: 0.1143978 seconds
2024-07-27T17:23:30.456+0800: 10.232: [GC (Allocation Failure) 2024-07-27T17:23:30.456+0800: 10.232: [ParNew: 77168K->8192K(78656K), 0.0068057 secs] 406529K->366225K(535432K), 0.0068699 secs] [Times: user=0.03 sys=0.00, real=0.01 secs] 
2024-07-27T17:23:30.463+0800: 10.239: Total time for which application threads were stopped: 0.0069977 seconds, Stopping threads took: 0.0000360 seconds
2024-07-27T17:23:30.580+0800: 10.356: Application time: 0.1176716 seconds
2024-07-27T17:23:30.580+0800: 10.356: [GC (Allocation Failure) 2024-07-27T17:23:30.580+0800: 10.356: [ParNew: 77168K->8192K(78656K), 0.0122095 secs] 435202K->434834K(535432K), 0.0122752 secs] [Times: user=0.03 sys=0.00, real=0.01 secs] 
2024-07-27T17:23:30.593+0800: 10.369: Total time for which application threads were stopped: 0.0123969 seconds, Stopping threads took: 0.0000248 seconds
2024-07-27T17:23:30.593+0800: 10.369: [CMS-concurrent-abortable-preclean: 0.005/0.248 secs] [Times: user=0.06 sys=0.00, real=0.25 secs] 
2024-07-27T17:23:30.593+0800: 10.369: Application time: 0.0003794 seconds
2024-07-27T17:23:30.593+0800: 10.369: [GC (CMS Final Remark) [YG occupancy: 13679 K (78656 K)]2024-07-27T17:23:30.593+0800: 10.369: [Rescan (parallel) , 0.0009532 secs]2024-07-27T17:23:30.594+0800: 10.370: [weak refs processing, 0.0000133 secs]2024-07-27T17:23:30.594+0800: 10.370: [class unloading, 0.0001929 secs]2024-07-27T17:23:30.594+0800: 10.371: [scrub symbol table, 0.0003778 secs]2024-07-27T17:23:30.595+0800: 10.371: [scrub string table, 0.0001068 secs][1 CMS-remark: 426642K(456776K)] 440322K(535432K), 0.0017126 secs] [Times: user=0.00 sys=0.00, real=0.00 secs] 
2024-07-27T17:23:30.595+0800: 10.371: Total time for which application threads were stopped: 0.0018675 seconds, Stopping threads took: 0.0001182 seconds
2024-07-27T17:23:30.595+0800: 10.371: [CMS-concurrent-sweep-start]
2024-07-27T17:23:30.597+0800: 10.373: [CMS-concurrent-sweep: 0.002/0.002 secs] [Times: user=0.00 sys=0.00, real=0.00 secs] 
2024-07-27T17:23:30.597+0800: 10.373: [CMS-concurrent-reset-start]
2024-07-27T17:23:30.600+0800: 10.376: [CMS-concurrent-reset: 0.003/0.003 secs] [Times: user=0.03 sys=0.00, real=0.00 secs] 
2024-07-27T17:23:30.600+0800: 10.377: Application time: 0.0055349 seconds
2024-07-27T17:23:30.601+0800: 10.377: [GC (Allocation Failure) 2024-07-27T17:23:30.601+0800: 10.377: [ParNew: 77168K->8192K(78656K), 0.0119409 secs] 339968K->339601K(535432K), 0.0119927 secs] [Times: user=0.00 sys=0.00, real=0.01 secs] 
2024-07-27T17:23:30.613+0800: 10.389: Total time for which application threads were stopped: 0.0121039 seconds, Stopping threads took: 0.0000171 seconds
2024-07-27T17:23:30.613+0800: 10.389: Application time: 0.0002001 seconds
2024-07-27T17:23:30.613+0800: 10.389: [GC (CMS Initial Mark) [1 CMS-initial-mark: 331408K(456776K)] 343040K(535432K), 0.0007135 secs] [Times: user=0.00 sys=0.00, real=0.00 secs] 
2024-07-27T17:23:30.614+0800: 10.390: Total time for which application threads were stopped: 0.0009446 seconds, Stopping threads took: 0.0001475 seconds
2024-07-27T17:23:30.614+0800: 10.390: [CMS-concurrent-mark-start]
2024-07-27T17:23:30.616+0800: 10.392: [CMS-concurrent-mark: 0.002/0.002 secs] [Times: user=0.00 sys=0.00, real=0.00 secs] 
2024-07-27T17:23:30.616+0800: 10.392: [CMS-concurrent-preclean-start]
2024-07-27T17:23:30.617+0800: 10.393: [CMS-concurrent-preclean: 0.001/0.001 secs] [Times: user=0.00 sys=0.00, real=0.00 secs] 
2024-07-27T17:23:30.617+0800: 10.393: [CMS-concurrent-abortable-preclean-start]
2024-07-27T17:23:30.723+0800: 10.499: Application time: 0.1086707 seconds
2024-07-27T17:23:30.723+0800: 10.499: [GC (Allocation Failure) 2024-07-27T17:23:30.723+0800: 10.499: [ParNew: 77168K->8192K(78656K), 0.0063864 secs] 408577K->369297K(535432K), 0.0064454 secs] [Times: user=0.05 sys=0.00, real=0.01 secs] 
2024-07-27T17:23:30.729+0800: 10.505: Total time for which application threads were stopped: 0.0065532 seconds, Stopping threads took: 0.0000187 seconds
2024-07-27T17:23:30.846+0800: 10.622: Application time: 0.1172691 seconds
2024-07-27T17:23:30.846+0800: 10.622: [GC (Allocation Failure) 2024-07-27T17:23:30.846+0800: 10.622: [ParNew: 77168K->8192K(78656K), 0.0122690 secs] 438274K->437906K(535432K), 0.0123297 secs] [Times: user=0.03 sys=0.00, real=0.01 secs] 
2024-07-27T17:23:30.858+0800: 10.635: Total time for which application threads were stopped: 0.0124410 seconds, Stopping threads took: 0.0000211 seconds
2024-07-27T17:23:30.863+0800: 10.640: Application time: 0.0047758 seconds
2024-07-27T17:23:30.863+0800: 10.640: [GC (Allocation Failure) 2024-07-27T17:23:30.863+0800: 10.640: [ParNew: 77168K->8192K(78656K), 0.0281523 secs] 506883K->506515K(577580K), 0.0282010 secs] [Times: user=0.16 sys=0.00, real=0.03 secs] 
2024-07-27T17:23:30.891+0800: 10.668: Total time for which application threads were stopped: 0.0282991 seconds, Stopping threads took: 0.0000149 seconds
2024-07-27T17:23:30.891+0800: 10.668: [CMS-concurrent-abortable-preclean: 0.005/0.275 secs] [Times: user=0.23 sys=0.00, real=0.27 secs] 
2024-07-27T17:23:30.892+0800: 10.668: Application time: 0.0003540 seconds
2024-07-27T17:23:30.892+0800: 10.668: [GC (CMS Final Remark) [YG occupancy: 13679 K (78656 K)]2024-07-27T17:23:30.892+0800: 10.668: [Rescan (parallel) , 0.0006442 secs]2024-07-27T17:23:30.892+0800: 10.669: [weak refs processing, 0.0000128 secs]2024-07-27T17:23:30.892+0800: 10.669: [class unloading, 0.0002953 secs]2024-07-27T17:23:30.893+0800: 10.669: [scrub symbol table, 0.0003567 secs]2024-07-27T17:23:30.894+0800: 10.670: [scrub string table, 0.0000926 secs][1 CMS-remark: 498323K(498924K)] 512003K(577580K), 0.0014749 secs] [Times: user=0.00 sys=0.00, real=0.00 secs] 
2024-07-27T17:23:30.894+0800: 10.670: Total time for which application threads were stopped: 0.0015987 seconds, Stopping threads took: 0.0000737 seconds
2024-07-27T17:23:30.894+0800: 10.670: [CMS-concurrent-sweep-start]
2024-07-27T17:23:30.895+0800: 10.671: [CMS-concurrent-sweep: 0.001/0.001 secs] [Times: user=0.03 sys=0.00, real=0.00 secs] 
2024-07-27T17:23:30.895+0800: 10.672: [CMS-concurrent-reset-start]
2024-07-27T17:23:30.897+0800: 10.673: [CMS-concurrent-reset: 0.002/0.002 secs] [Times: user=0.00 sys=0.00, real=0.00 secs] 
2024-07-27T17:23:31.005+0800: 10.782: Application time: 0.1122741 seconds
2024-07-27T17:23:31.006+0800: 10.782: [GC (Allocation Failure) 2024-07-27T17:23:31.006+0800: 10.782: [ParNew: 77168K->8192K(78656K), 0.0067974 secs] 410625K->372369K(634420K), 0.0068588 secs] [Times: user=0.00 sys=0.00, real=0.01 secs] 
2024-07-27T17:23:31.013+0800: 10.789: Total time for which application threads were stopped: 0.0069751 seconds, Stopping threads took: 0.0000200 seconds
2024-07-27T17:23:31.013+0800: 10.789: Application time: 0.0002241 seconds
2024-07-27T17:23:31.013+0800: 10.789: [GC (CMS Initial Mark) [1 CMS-initial-mark: 364177K(555764K)] 375809K(634420K), 0.0007258 secs] [Times: user=0.00 sys=0.00, real=0.00 secs] 
2024-07-27T17:23:31.014+0800: 10.790: Total time for which application threads were stopped: 0.0009170 seconds, Stopping threads took: 0.0001493 seconds
2024-07-27T17:23:31.014+0800: 10.790: [CMS-concurrent-mark-start]
2024-07-27T17:23:31.018+0800: 10.795: [CMS-concurrent-mark: 0.004/0.004 secs] [Times: user=0.00 sys=0.00, real=0.00 secs] 
2024-07-27T17:23:31.018+0800: 10.795: [CMS-concurrent-preclean-start]
2024-07-27T17:23:31.019+0800: 10.796: [CMS-concurrent-preclean: 0.001/0.001 secs] [Times: user=0.00 sys=0.00, real=0.00 secs] 
2024-07-27T17:23:31.019+0800: 10.796: [CMS-concurrent-abortable-preclean-start]
2024-07-27T17:23:31.131+0800: 10.907: Application time: 0.1164447 seconds
2024-07-27T17:23:31.131+0800: 10.907: [GC (Allocation Failure) 2024-07-27T17:23:31.131+0800: 10.907: [ParNew: 77168K->8192K(78656K), 0.0117848 secs] 441346K->440978K(634420K), 0.0118471 secs] [Times: user=0.00 sys=0.00, real=0.01 secs] 
2024-07-27T17:23:31.143+0800: 10.919: Total time for which application threads were stopped: 0.0119686 seconds, Stopping threads took: 0.0000200 seconds
2024-07-27T17:23:31.148+0800: 10.924: Application time: 0.0055237 seconds
2024-07-27T17:23:31.148+0800: 10.924: [GC (Allocation Failure) 2024-07-27T17:23:31.148+0800: 10.924: [ParNew: 77168K->8192K(78656K), 0.0133712 secs] 509955K->509587K(634420K), 0.0134290 secs] [Times: user=0.02 sys=0.01, real=0.01 secs] 
2024-07-27T17:23:31.162+0800: 10.938: Total time for which application threads were stopped: 0.0135378 seconds, Stopping threads took: 0.0000195 seconds
2024-07-27T17:23:31.274+0800: 11.050: Application time: 0.1122068 seconds
2024-07-27T17:23:31.274+0800: 11.050: [GC (Allocation Failure) 2024-07-27T17:23:31.274+0800: 11.050: [ParNew: 77168K->8192K(78656K), 0.0188382 secs] 578564K->541332K(634420K), 0.0188971 secs] [Times: user=0.03 sys=0.00, real=0.02 secs] 
2024-07-27T17:23:31.293+0800: 11.069: Total time for which application threads were stopped: 0.0190054 seconds, Stopping threads took: 0.0000196 seconds
2024-07-27T17:23:31.293+0800: 11.069: [CMS-concurrent-abortable-preclean: 0.007/0.273 secs] [Times: user=0.06 sys=0.01, real=0.27 secs] 
2024-07-27T17:23:31.293+0800: 11.069: Application time: 0.0002987 seconds
2024-07-27T17:23:31.293+0800: 11.069: [GC (CMS Final Remark) [YG occupancy: 12655 K (78656 K)]2024-07-27T17:23:31.293+0800: 11.069: [Rescan (parallel) , 0.0007796 secs]2024-07-27T17:23:31.294+0800: 11.070: [weak refs processing, 0.0000133 secs]2024-07-27T17:23:31.294+0800: 11.070: [class unloading, 0.0001921 secs]2024-07-27T17:23:31.294+0800: 11.070: [scrub symbol table, 0.0003492 secs]2024-07-27T17:23:31.295+0800: 11.071: [scrub string table, 0.0001017 secs][1 CMS-remark: 533140K(555764K)] 545795K(634420K), 0.0015007 secs] [Times: user=0.00 sys=0.00, real=0.00 secs] 
2024-07-27T17:23:31.295+0800: 11.071: Total time for which application threads were stopped: 0.0016674 seconds, Stopping threads took: 0.0001296 seconds
2024-07-27T17:23:31.295+0800: 11.071: [CMS-concurrent-sweep-start]
2024-07-27T17:23:31.297+0800: 11.073: [CMS-concurrent-sweep: 0.002/0.002 secs] [Times: user=0.00 sys=0.00, real=0.00 secs] 
2024-07-27T17:23:31.297+0800: 11.073: [CMS-concurrent-reset-start]
2024-07-27T17:23:31.300+0800: 11.076: [CMS-concurrent-reset: 0.003/0.003 secs] [Times: user=0.00 sys=0.00, real=0.00 secs] 
2024-07-27T17:23:31.413+0800: 11.190: Application time: 0.1188459 seconds
2024-07-27T17:23:31.414+0800: 11.190: [GC (Allocation Failure) 2024-07-27T17:23:31.414+0800: 11.190: [ParNew: 77168K->8192K(78656K), 0.0120703 secs] 277503K->277136K(634420K), 0.0121310 secs] [Times: user=0.00 sys=0.00, real=0.01 secs] 
2024-07-27T17:23:31.426+0800: 11.202: Total time for which application threads were stopped: 0.0122479 seconds, Stopping threads took: 0.0000209 seconds
2024-07-27T17:23:31.430+0800: 11.207: Application time: 0.0045845 seconds
2024-07-27T17:23:31.430+0800: 11.207: [GC (Allocation Failure) 2024-07-27T17:23:31.430+0800: 11.207: [ParNew: 77168K->8192K(78656K), 0.0200449 secs] 346112K->345745K(634420K), 0.0200947 secs] [Times: user=0.03 sys=0.00, real=0.02 secs] 
2024-07-27T17:23:31.450+0800: 11.227: Total time for which application threads were stopped: 0.0201979 seconds, Stopping threads took: 0.0000144 seconds
2024-07-27T17:23:31.451+0800: 11.227: Application time: 0.0002136 seconds
2024-07-27T17:23:31.451+0800: 11.227: [GC (CMS Initial Mark) [1 CMS-initial-mark: 337553K(555764K)] 349184K(634420K), 0.0008206 secs] [Times: user=0.00 sys=0.00, real=0.00 secs] 
2024-07-27T17:23:31.452+0800: 11.228: Total time for which application threads were stopped: 0.0010405 seconds, Stopping threads took: 0.0001783 seconds
2024-07-27T17:23:31.452+0800: 11.228: [CMS-concurrent-mark-start]
2024-07-27T17:23:31.454+0800: 11.230: [CMS-concurrent-mark: 0.002/0.002 secs] [Times: user=0.00 sys=0.00, real=0.00 secs] 
2024-07-27T17:23:31.454+0800: 11.230: [CMS-concurrent-preclean-start]
2024-07-27T17:23:31.455+0800: 11.231: [CMS-concurrent-preclean: 0.001/0.001 secs] [Times: user=0.00 sys=0.00, real=0.00 secs] 
2024-07-27T17:23:31.455+0800: 11.231: [CMS-concurrent-abortable-preclean-start]
2024-07-27T17:23:31.558+0800: 11.335: Application time: 0.1064796 seconds
2024-07-27T17:23:31.558+0800: 11.335: [GC (Allocation Failure) 2024-07-27T17:23:31.558+0800: 11.335: [ParNew: 77168K->8192K(78656K), 0.0069904 secs] 414721K->378513K(634420K), 0.0070497 secs] [Times: user=0.00 sys=0.00, real=0.01 secs] 
2024-07-27T17:23:31.565+0800: 11.342: Total time for which application threads were stopped: 0.0071598 seconds, Stopping threads took: 0.0000205 seconds
2024-07-27T17:23:31.682+0800: 11.458: Application time: 0.1159905 seconds
2024-07-27T17:23:31.682+0800: 11.458: [GC (Allocation Failure) 2024-07-27T17:23:31.682+0800: 11.458: [ParNew: 77168K->8192K(78656K), 0.0118325 secs] 447490K->447122K(634420K), 0.0118968 secs] [Times: user=0.03 sys=0.00, real=0.01 secs] 
2024-07-27T17:23:31.694+0800: 11.470: Total time for which application threads were stopped: 0.0120063 seconds, Stopping threads took: 0.0000192 seconds
2024-07-27T17:23:31.698+0800: 11.474: Application time: 0.0046319 seconds
2024-07-27T17:23:31.699+0800: 11.474: [GC (Allocation Failure) 2024-07-27T17:23:31.699+0800: 11.474: [ParNew: 77168K->8192K(78656K), 0.0120873 secs] 516099K->515731K(634420K), 0.0121379 secs] [Times: user=0.03 sys=0.00, real=0.01 secs] 
2024-07-27T17:23:31.711+0800: 11.487: Total time for which application threads were stopped: 0.0122425 seconds, Stopping threads took: 0.0000159 seconds
2024-07-27T17:23:31.711+0800: 11.487: [CMS-concurrent-abortable-preclean: 0.005/0.255 secs] [Times: user=0.09 sys=0.00, real=0.26 secs] 
2024-07-27T17:23:31.711+0800: 11.487: Application time: 0.0002943 seconds
2024-07-27T17:23:31.711+0800: 11.487: [GC (CMS Final Remark) [YG occupancy: 12655 K (78656 K)]2024-07-27T17:23:31.711+0800: 11.487: [Rescan (parallel) , 0.0012882 secs]2024-07-27T17:23:31.712+0800: 11.488: [weak refs processing, 0.0000130 secs]2024-07-27T17:23:31.712+0800: 11.488: [class unloading, 0.0002568 secs]2024-07-27T17:23:31.713+0800: 11.489: [scrub symbol table, 0.0003433 secs]2024-07-27T17:23:31.713+0800: 11.489: [scrub string table, 0.0000907 secs][1 CMS-remark: 507539K(555764K)] 520195K(634420K), 0.0020702 secs] [Times: user=0.00 sys=0.00, real=0.00 secs] 
2024-07-27T17:23:31.713+0800: 11.489: Total time for which application threads were stopped: 0.0022457 seconds, Stopping threads took: 0.0001383 seconds
2024-07-27T17:23:31.713+0800: 11.489: [CMS-concurrent-sweep-start]
2024-07-27T17:23:31.715+0800: 11.491: [CMS-concurrent-sweep: 0.001/0.001 secs] [Times: user=0.00 sys=0.00, real=0.00 secs] 
2024-07-27T17:23:31.715+0800: 11.491: [CMS-concurrent-reset-start]
2024-07-27T17:23:31.717+0800: 11.493: [CMS-concurrent-reset: 0.002/0.002 secs] [Times: user=0.00 sys=0.00, real=0.00 secs] 
2024-07-27T17:23:31.826+0800: 11.602: Application time: 0.1128885 seconds
2024-07-27T17:23:31.826+0800: 11.602: [GC (Allocation Failure) 2024-07-27T17:23:31.826+0800: 11.602: [ParNew: 77168K->8192K(78656K), 0.0097179 secs] 416769K->381585K(644660K), 0.0098063 secs] [Times: user=0.03 sys=0.00, real=0.01 secs] 
2024-07-27T17:23:31.836+0800: 11.612: Total time for which application threads were stopped: 0.0099232 seconds, Stopping threads took: 0.0000201 seconds
2024-07-27T17:23:31.836+0800: 11.612: Application time: 0.0001633 seconds
2024-07-27T17:23:31.836+0800: 11.612: [GC (CMS Initial Mark) [1 CMS-initial-mark: 373393K(566004K)] 382609K(644660K), 0.0004544 secs] [Times: user=0.00 sys=0.00, real=0.00 secs] 
2024-07-27T17:23:31.836+0800: 11.613: Total time for which application threads were stopped: 0.0005390 seconds, Stopping threads took: 0.0000431 seconds
2024-07-27T17:23:31.836+0800: 11.613: [CMS-concurrent-mark-start]
2024-07-27T17:23:31.841+0800: 11.617: [CMS-concurrent-mark: 0.005/0.005 secs] [Times: user=0.00 sys=0.00, real=0.01 secs] 
2024-07-27T17:23:31.841+0800: 11.617: [CMS-concurrent-preclean-start]
2024-07-27T17:23:31.842+0800: 11.618: [CMS-concurrent-preclean: 0.001/0.001 secs] [Times: user=0.00 sys=0.00, real=0.00 secs] 
2024-07-27T17:23:31.842+0800: 11.618: [CMS-concurrent-abortable-preclean-start]
2024-07-27T17:23:31.949+0800: 11.725: Application time: 0.1128128 seconds
2024-07-27T17:23:31.949+0800: 11.726: [GC (Allocation Failure) 2024-07-27T17:23:31.949+0800: 11.726: [ParNew: 77168K->8192K(78656K), 0.0129801 secs] 450562K->450194K(644660K), 0.0130493 secs] [Times: user=0.03 sys=0.00, real=0.01 secs] 
2024-07-27T17:23:31.962+0800: 11.739: Total time for which application threads were stopped: 0.0131829 seconds, Stopping threads took: 0.0000204 seconds
2024-07-27T17:23:31.966+0800: 11.743: Application time: 0.0045400 seconds
2024-07-27T17:23:31.967+0800: 11.743: [GC (Allocation Failure) 2024-07-27T17:23:31.967+0800: 11.743: [ParNew: 77168K->8192K(78656K), 0.0121371 secs] 519171K->518803K(644660K), 0.0121865 secs] [Times: user=0.03 sys=0.00, real=0.01 secs] 
2024-07-27T17:23:31.979+0800: 11.755: Total time for which application threads were stopped: 0.0122896 seconds, Stopping threads took: 0.0000188 seconds
2024-07-27T17:23:32.092+0800: 11.869: Application time: 0.1133413 seconds
2024-07-27T17:23:32.092+0800: 11.869: [GC (Allocation Failure) 2024-07-27T17:23:32.092+0800: 11.869: [ParNew: 77168K->8192K(78656K), 0.0073190 secs] 587780K->553620K(644660K), 0.0073796 secs] [Times: user=0.03 sys=0.00, real=0.01 secs] 
2024-07-27T17:23:32.100+0800: 11.876: Total time for which application threads were stopped: 0.0074922 seconds, Stopping threads took: 0.0000202 seconds
2024-07-27T17:23:32.217+0800: 11.993: Application time: 0.1170804 seconds
2024-07-27T17:23:32.217+0800: 11.993: [GC (Allocation Failure) 2024-07-27T17:23:32.218+0800: 11.993: [ParNew: 77168K->8192K(78656K), 0.0316605 secs] 622596K->622229K(694004K), 0.0317262 secs] [Times: user=0.06 sys=0.00, real=0.03 secs] 
2024-07-27T17:23:32.249+0800: 12.025: Total time for which application threads were stopped: 0.0318345 seconds, Stopping threads took: 0.0000190 seconds
2024-07-27T17:23:32.249+0800: 12.025: [CMS-concurrent-abortable-preclean: 0.010/0.407 secs] [Times: user=0.16 sys=0.00, real=0.41 secs] 
2024-07-27T17:23:32.249+0800: 12.025: Application time: 0.0001780 seconds
2024-07-27T17:23:32.250+0800: 12.026: [GC (CMS Final Remark) [YG occupancy: 11631 K (78656 K)]2024-07-27T17:23:32.250+0800: 12.026: [Rescan (parallel) , 0.0010376 secs]2024-07-27T17:23:32.251+0800: 12.027: [weak refs processing, 0.0000129 secs]2024-07-27T17:23:32.251+0800: 12.027: [class unloading, 0.0001879 secs]2024-07-27T17:23:32.251+0800: 12.027: [scrub symbol table, 0.0003490 secs]2024-07-27T17:23:32.251+0800: 12.027: [scrub string table, 0.0001007 secs][1 CMS-remark: 614037K(615348K)] 625669K(694004K), 0.0017522 secs] [Times: user=0.00 sys=0.00, real=0.00 secs] 
2024-07-27T17:23:32.251+0800: 12.027: Total time for which application threads were stopped: 0.0019482 seconds, Stopping threads took: 0.0001592 seconds
2024-07-27T17:23:32.252+0800: 12.028: [CMS-concurrent-sweep-start]
2024-07-27T17:23:32.253+0800: 12.030: [CMS-concurrent-sweep: 0.002/0.002 secs] [Times: user=0.00 sys=0.00, real=0.00 secs] 
2024-07-27T17:23:32.254+0800: 12.030: [CMS-concurrent-reset-start]
2024-07-27T17:23:32.256+0800: 12.032: [CMS-concurrent-reset: 0.003/0.003 secs] [Times: user=0.03 sys=0.00, real=0.00 secs] 
2024-07-27T17:23:32.257+0800: 12.033: Application time: 0.0057959 seconds
2024-07-27T17:23:32.257+0800: 12.033: [GC (Allocation Failure) 2024-07-27T17:23:32.257+0800: 12.033: [ParNew: 77168K->8192K(78656K), 0.0120081 secs] 352256K->351889K(694004K), 0.0120772 secs] [Times: user=0.00 sys=0.00, real=0.01 secs] 
2024-07-27T17:23:32.269+0800: 12.045: Total time for which application threads were stopped: 0.0121725 seconds, Stopping threads took: 0.0000131 seconds
2024-07-27T17:23:32.269+0800: 12.045: Application time: 0.0001473 seconds
2024-07-27T17:23:32.270+0800: 12.046: [GC (CMS Initial Mark) [1 CMS-initial-mark: 343697K(615348K)] 355328K(694004K), 0.0008833 secs] [Times: user=0.00 sys=0.02, real=0.00 secs] 
2024-07-27T17:23:32.271+0800: 12.047: Total time for which application threads were stopped: 0.0010571 seconds, Stopping threads took: 0.0001267 seconds
2024-07-27T17:23:32.271+0800: 12.047: [CMS-concurrent-mark-start]
2024-07-27T17:23:32.273+0800: 12.049: [CMS-concurrent-mark: 0.002/0.002 secs] [Times: user=0.00 sys=0.00, real=0.00 secs] 
2024-07-27T17:23:32.273+0800: 12.049: [CMS-concurrent-preclean-start]
2024-07-27T17:23:32.274+0800: 12.050: [CMS-concurrent-preclean: 0.001/0.001 secs] [Times: user=0.00 sys=0.00, real=0.00 secs] 
2024-07-27T17:23:32.274+0800: 12.050: [CMS-concurrent-abortable-preclean-start]
2024-07-27T17:23:32.376+0800: 12.152: Application time: 0.1057370 seconds
2024-07-27T17:23:32.376+0800: 12.152: [GC (Allocation Failure) 2024-07-27T17:23:32.376+0800: 12.152: [ParNew: 77168K->8192K(78656K), 0.0074525 secs] 420865K->387729K(694004K), 0.0075124 secs] [Times: user=0.03 sys=0.00, real=0.01 secs] 
2024-07-27T17:23:32.384+0800: 12.160: Total time for which application threads were stopped: 0.0076210 seconds, Stopping threads took: 0.0000183 seconds
2024-07-27T17:23:32.501+0800: 12.278: Application time: 0.1176104 seconds
2024-07-27T17:23:32.501+0800: 12.278: [GC (Allocation Failure) 2024-07-27T17:23:32.501+0800: 12.278: [ParNew: 77168K->8192K(78656K), 0.0148733 secs] 456706K->456338K(694004K), 0.0149289 secs] [Times: user=0.02 sys=0.02, real=0.02 secs] 
2024-07-27T17:23:32.516+0800: 12.293: Total time for which application threads were stopped: 0.0150399 seconds, Stopping threads took: 0.0000191 seconds
2024-07-27T17:23:32.516+0800: 12.293: [CMS-concurrent-abortable-preclean: 0.005/0.243 secs] [Times: user=0.05 sys=0.02, real=0.24 secs] 
2024-07-27T17:23:32.517+0800: 12.293: Application time: 0.0002436 seconds
2024-07-27T17:23:32.517+0800: 12.293: [GC (CMS Final Remark) [YG occupancy: 11631 K (78656 K)]2024-07-27T17:23:32.517+0800: 12.293: [Rescan (parallel) , 0.0007674 secs]2024-07-27T17:23:32.518+0800: 12.294: [weak refs processing, 0.0000134 secs]2024-07-27T17:23:32.518+0800: 12.294: [class unloading, 0.0002367 secs]2024-07-27T17:23:32.518+0800: 12.294: [scrub symbol table, 0.0003687 secs]2024-07-27T17:23:32.518+0800: 12.294: [scrub string table, 0.0001030 secs][1 CMS-remark: 448146K(615348K)] 459778K(694004K), 0.0015616 secs] [Times: user=0.00 sys=0.00, real=0.00 secs] 
2024-07-27T17:23:32.518+0800: 12.294: Total time for which application threads were stopped: 0.0016629 seconds, Stopping threads took: 0.0000581 seconds
2024-07-27T17:23:32.519+0800: 12.295: [CMS-concurrent-sweep-start]
2024-07-27T17:23:32.520+0800: 12.296: [CMS-concurrent-sweep: 0.002/0.002 secs] [Times: user=0.00 sys=0.00, real=0.00 secs] 
2024-07-27T17:23:32.520+0800: 12.297: [CMS-concurrent-reset-start]
2024-07-27T17:23:32.524+0800: 12.300: [CMS-concurrent-reset: 0.004/0.004 secs] [Times: user=0.03 sys=0.00, real=0.00 secs] 
2024-07-27T17:23:32.525+0800: 12.301: Application time: 0.0061816 seconds
2024-07-27T17:23:32.525+0800: 12.301: [GC (Allocation Failure) 2024-07-27T17:23:32.525+0800: 12.301: [ParNew: 77168K->8192K(78656K), 0.0138735 secs] 354304K->353937K(694004K), 0.0139182 secs] [Times: user=0.03 sys=0.00, real=0.01 secs] 
2024-07-27T17:23:32.539+0800: 12.315: Total time for which application threads were stopped: 0.0140247 seconds, Stopping threads took: 0.0000169 seconds
2024-07-27T17:23:32.539+0800: 12.315: Application time: 0.0001986 seconds
2024-07-27T17:23:32.539+0800: 12.315: [GC (CMS Initial Mark) [1 CMS-initial-mark: 345745K(615348K)] 357376K(694004K), 0.0007112 secs] [Times: user=0.00 sys=0.00, real=0.00 secs] 
2024-07-27T17:23:32.540+0800: 12.316: Total time for which application threads were stopped: 0.0008584 seconds, Stopping threads took: 0.0001027 seconds
2024-07-27T17:23:32.540+0800: 12.316: [CMS-concurrent-mark-start]
2024-07-27T17:23:32.542+0800: 12.318: [CMS-concurrent-mark: 0.002/0.002 secs] [Times: user=0.00 sys=0.00, real=0.00 secs] 
2024-07-27T17:23:32.542+0800: 12.318: [CMS-concurrent-preclean-start]
2024-07-27T17:23:32.543+0800: 12.319: [CMS-concurrent-preclean: 0.001/0.001 secs] [Times: user=0.00 sys=0.00, real=0.00 secs] 
2024-07-27T17:23:32.543+0800: 12.319: [CMS-concurrent-abortable-preclean-start]
2024-07-27T17:23:32.658+0800: 12.435: Application time: 0.1191269 seconds
2024-07-27T17:23:32.659+0800: 12.435: [GC (Allocation Failure) 2024-07-27T17:23:32.659+0800: 12.435: [ParNew: 77168K->8192K(78656K), 0.0101888 secs] 422913K->390801K(694004K), 0.0102519 secs] [Times: user=0.03 sys=0.00, real=0.01 secs] 
2024-07-27T17:23:32.669+0800: 12.445: Total time for which application threads were stopped: 0.0103802 seconds, Stopping threads took: 0.0000210 seconds
2024-07-27T17:23:32.783+0800: 12.559: Application time: 0.1137385 seconds
2024-07-27T17:23:32.783+0800: 12.559: [GC (Allocation Failure) 2024-07-27T17:23:32.783+0800: 12.559: [ParNew: 77168K->8192K(78656K), 0.0153701 secs] 459778K->459410K(694004K), 0.0154297 secs] [Times: user=0.03 sys=0.00, real=0.02 secs] 
2024-07-27T17:23:32.798+0800: 12.575: Total time for which application threads were stopped: 0.0155450 seconds, Stopping threads took: 0.0000212 seconds
2024-07-27T17:23:32.798+0800: 12.575: [CMS-concurrent-abortable-preclean: 0.006/0.256 secs] [Times: user=0.06 sys=0.00, real=0.26 secs] 
2024-07-27T17:23:32.798+0800: 12.575: Application time: 0.0003122 seconds
2024-07-27T17:23:32.798+0800: 12.575: [GC (CMS Final Remark) [YG occupancy: 12655 K (78656 K)]2024-07-27T17:23:32.798+0800: 12.575: [Rescan (parallel) , 0.0004993 secs]2024-07-27T17:23:32.799+0800: 12.575: [weak refs processing, 0.0000132 secs]2024-07-27T17:23:32.799+0800: 12.576: [class unloading, 0.0002346 secs]2024-07-27T17:23:32.799+0800: 12.576: [scrub symbol table, 0.0003613 secs]2024-07-27T17:23:32.800+0800: 12.576: [scrub string table, 0.0000979 secs][1 CMS-remark: 451218K(615348K)] 463874K(694004K), 0.0012784 secs] [Times: user=0.00 sys=0.00, real=0.00 secs] 
2024-07-27T17:23:32.800+0800: 12.576: Total time for which application threads were stopped: 0.0014079 seconds, Stopping threads took: 0.0000812 seconds
2024-07-27T17:23:32.800+0800: 12.576: [CMS-concurrent-sweep-start]
2024-07-27T17:23:32.801+0800: 12.578: [CMS-concurrent-sweep: 0.002/0.002 secs] [Times: user=0.03 sys=0.00, real=0.00 secs] 
2024-07-27T17:23:32.801+0800: 12.578: [CMS-concurrent-reset-start]
2024-07-27T17:23:32.805+0800: 12.581: [CMS-concurrent-reset: 0.003/0.003 secs] [Times: user=0.00 sys=0.00, real=0.00 secs] 
2024-07-27T17:23:32.807+0800: 12.583: Application time: 0.0068637 seconds
2024-07-27T17:23:32.807+0800: 12.583: [GC (Allocation Failure) 2024-07-27T17:23:32.807+0800: 12.583: [ParNew: 77168K->8192K(78656K), 0.0160045 secs] 356352K->355985K(694004K), 0.0160730 secs] [Times: user=0.03 sys=0.00, real=0.02 secs] 
2024-07-27T17:23:32.823+0800: 12.599: Total time for which application threads were stopped: 0.0162297 seconds, Stopping threads took: 0.0000361 seconds
2024-07-27T17:23:32.824+0800: 12.599: Application time: 0.0001350 seconds
2024-07-27T17:23:32.824+0800: 12.600: [GC (CMS Initial Mark) [1 CMS-initial-mark: 347793K(615348K)] 359424K(694004K), 0.0004274 secs] [Times: user=0.00 sys=0.00, real=0.00 secs] 
2024-07-27T17:23:32.824+0800: 12.600: Total time for which application threads were stopped: 0.0006558 seconds, Stopping threads took: 0.0001801 seconds
2024-07-27T17:23:32.824+0800: 12.600: [CMS-concurrent-mark-start]
2024-07-27T17:23:32.826+0800: 12.603: [CMS-concurrent-mark: 0.002/0.002 secs] [Times: user=0.00 sys=0.00, real=0.00 secs] 
2024-07-27T17:23:32.826+0800: 12.603: [CMS-concurrent-preclean-start]
2024-07-27T17:23:32.827+0800: 12.604: [CMS-concurrent-preclean: 0.001/0.001 secs] [Times: user=0.00 sys=0.00, real=0.00 secs] 
2024-07-27T17:23:32.827+0800: 12.604: [CMS-concurrent-abortable-preclean-start]
2024-07-27T17:23:32.943+0800: 12.719: Application time: 0.1185649 seconds
2024-07-27T17:23:32.943+0800: 12.719: [GC (Allocation Failure) 2024-07-27T17:23:32.943+0800: 12.719: [ParNew: 77168K->8192K(78656K), 0.0080052 secs] 424961K->393873K(694004K), 0.0080829 secs] [Times: user=0.00 sys=0.00, real=0.01 secs] 
2024-07-27T17:23:32.951+0800: 12.727: Total time for which application threads were stopped: 0.0081912 seconds, Stopping threads took: 0.0000191 seconds
2024-07-27T17:23:33.069+0800: 12.845: Application time: 0.1180225 seconds
2024-07-27T17:23:33.069+0800: 12.845: [GC (Allocation Failure) 2024-07-27T17:23:33.069+0800: 12.845: [ParNew: 77168K->8192K(78656K), 0.0136354 secs] 462850K->462482K(694004K), 0.0137001 secs] [Times: user=0.00 sys=0.02, real=0.01 secs] 
2024-07-27T17:23:33.083+0800: 12.859: Total time for which application threads were stopped: 0.0138121 seconds, Stopping threads took: 0.0000190 seconds
2024-07-27T17:23:33.083+0800: 12.859: [CMS-concurrent-abortable-preclean: 0.006/0.255 secs] [Times: user=0.02 sys=0.02, real=0.26 secs] 
2024-07-27T17:23:33.083+0800: 12.859: Application time: 0.0003039 seconds
2024-07-27T17:23:33.083+0800: 12.859: [GC (CMS Final Remark) [YG occupancy: 12655 K (78656 K)]2024-07-27T17:23:33.083+0800: 12.859: [Rescan (parallel) , 0.0010727 secs]2024-07-27T17:23:33.084+0800: 12.860: [weak refs processing, 0.0000136 secs]2024-07-27T17:23:33.084+0800: 12.860: [class unloading, 0.0002143 secs]2024-07-27T17:23:33.085+0800: 12.861: [scrub symbol table, 0.0003508 secs]2024-07-27T17:23:33.085+0800: 12.861: [scrub string table, 0.0001017 secs][1 CMS-remark: 454290K(615348K)] 466946K(694004K), 0.0018228 secs] [Times: user=0.00 sys=0.00, real=0.00 secs] 
2024-07-27T17:23:33.085+0800: 12.861: Total time for which application threads were stopped: 0.0019524 seconds, Stopping threads took: 0.0000884 seconds
2024-07-27T17:23:33.085+0800: 12.861: [CMS-concurrent-sweep-start]
2024-07-27T17:23:33.087+0800: 12.863: [CMS-concurrent-sweep: 0.001/0.001 secs] [Times: user=0.00 sys=0.00, real=0.00 secs] 
2024-07-27T17:23:33.087+0800: 12.863: [CMS-concurrent-reset-start]
2024-07-27T17:23:33.090+0800: 12.866: [CMS-concurrent-reset: 0.003/0.003 secs] [Times: user=0.00 sys=0.00, real=0.00 secs] 
2024-07-27T17:23:33.091+0800: 12.867: Application time: 0.0061551 seconds
2024-07-27T17:23:33.091+0800: 12.867: [GC (Allocation Failure) 2024-07-27T17:23:33.091+0800: 12.867: [ParNew: 77168K->8192K(78656K), 0.0134139 secs] 358400K->358033K(694004K), 0.0134643 secs] [Times: user=0.03 sys=0.00, real=0.01 secs] 
2024-07-27T17:23:33.104+0800: 12.881: Total time for which application threads were stopped: 0.0135655 seconds, Stopping threads took: 0.0000174 seconds
2024-07-27T17:23:33.104+0800: 12.881: Application time: 0.0001927 seconds
2024-07-27T17:23:33.105+0800: 12.881: [GC (CMS Initial Mark) [1 CMS-initial-mark: 349841K(615348K)] 361473K(694004K), 0.0005085 secs] [Times: user=0.00 sys=0.00, real=0.00 secs] 
2024-07-27T17:23:33.105+0800: 12.882: Total time for which application threads were stopped: 0.0006437 seconds, Stopping threads took: 0.0000841 seconds
2024-07-27T17:23:33.105+0800: 12.882: [CMS-concurrent-mark-start]
2024-07-27T17:23:33.107+0800: 12.884: [CMS-concurrent-mark: 0.002/0.002 secs] [Times: user=0.00 sys=0.00, real=0.00 secs] 
2024-07-27T17:23:33.107+0800: 12.884: [CMS-concurrent-preclean-start]
2024-07-27T17:23:33.108+0800: 12.885: [CMS-concurrent-preclean: 0.001/0.001 secs] [Times: user=0.00 sys=0.00, real=0.00 secs] 
2024-07-27T17:23:33.108+0800: 12.885: [CMS-concurrent-abortable-preclean-start]
2024-07-27T17:23:33.212+0800: 12.988: Application time: 0.1067705 seconds
2024-07-27T17:23:33.212+0800: 12.988: [GC (Allocation Failure) 2024-07-27T17:23:33.212+0800: 12.988: [ParNew: 77168K->8192K(78656K), 0.0084729 secs] 427010K->396945K(694004K), 0.0085518 secs] [Times: user=0.00 sys=0.00, real=0.01 secs] 
2024-07-27T17:23:33.221+0800: 12.997: Total time for which application threads were stopped: 0.0086670 seconds, Stopping threads took: 0.0000199 seconds
2024-07-27T17:23:33.336+0800: 13.113: Application time: 0.1155928 seconds
2024-07-27T17:23:33.336+0800: 13.113: [GC (Allocation Failure) 2024-07-27T17:23:33.336+0800: 13.113: [ParNew: 77868K->8196K(78656K), 0.0142362 secs] 466622K->465559K(694004K), 0.0143014 secs] [Times: user=0.03 sys=0.00, real=0.02 secs] 
2024-07-27T17:23:33.351+0800: 13.127: Total time for which application threads were stopped: 0.0144267 seconds, Stopping threads took: 0.0000345 seconds
2024-07-27T17:23:33.351+0800: 13.127: [CMS-concurrent-abortable-preclean: 0.007/0.242 secs] [Times: user=0.06 sys=0.00, real=0.24 secs] 
2024-07-27T17:23:33.351+0800: 13.127: Application time: 0.0001316 seconds
2024-07-27T17:23:33.351+0800: 13.127: [GC (CMS Final Remark) [YG occupancy: 11630 K (78656 K)]2024-07-27T17:23:33.351+0800: 13.127: [Rescan (parallel) , 0.0007238 secs]2024-07-27T17:23:33.352+0800: 13.128: [weak refs processing, 0.0000137 secs]2024-07-27T17:23:33.352+0800: 13.128: [class unloading, 0.0002002 secs]2024-07-27T17:23:33.352+0800: 13.128: [scrub symbol table, 0.0003104 secs]2024-07-27T17:23:33.352+0800: 13.129: [scrub string table, 0.0000927 secs][1 CMS-remark: 457362K(615348K)] 468993K(694004K), 0.0014144 secs] [Times: user=0.00 sys=0.00, real=0.00 secs] 
2024-07-27T17:23:33.352+0800: 13.129: Total time for which application threads were stopped: 0.0015830 seconds, Stopping threads took: 0.0001279 seconds
2024-07-27T17:23:33.353+0800: 13.129: [CMS-concurrent-sweep-start]
2024-07-27T17:23:33.355+0800: 13.131: [CMS-concurrent-sweep: 0.002/0.002 secs] [Times: user=0.00 sys=0.00, real=0.00 secs] 
2024-07-27T17:23:33.355+0800: 13.131: [CMS-concurrent-reset-start]
2024-07-27T17:23:33.358+0800: 13.134: [CMS-concurrent-reset: 0.003/0.003 secs] [Times: user=0.00 sys=0.00, real=0.00 secs] 
2024-07-27T17:23:33.359+0800: 13.135: Application time: 0.0063732 seconds
2024-07-27T17:23:33.359+0800: 13.135: [GC (Allocation Failure) 2024-07-27T17:23:33.359+0800: 13.135: [ParNew: 77167K->8192K(78656K), 0.0140353 secs] 185341K->184974K(694004K), 0.0140876 secs] [Times: user=0.03 sys=0.00, real=0.01 secs] 
2024-07-27T17:23:33.373+0800: 13.149: Total time for which application threads were stopped: 0.0142076 seconds, Stopping threads took: 0.0000346 seconds
2024-07-27T17:23:33.480+0800: 13.257: Application time: 0.1072093 seconds
2024-07-27T17:23:33.480+0800: 13.257: [GC (Allocation Failure) 2024-07-27T17:23:33.480+0800: 13.257: [ParNew: 77165K->8192K(78656K), 0.0082078 secs] 253948K->224911K(694004K), 0.0082670 secs] [Times: user=0.00 sys=0.00, real=0.01 secs] 
2024-07-27T17:23:33.488+0800: 13.265: Total time for which application threads were stopped: 0.0083864 seconds, Stopping threads took: 0.0000198 seconds
2024-07-27T17:23:33.605+0800: 13.382: Application time: 0.1168106 seconds
2024-07-27T17:23:33.605+0800: 13.382: [GC (Allocation Failure) 2024-07-27T17:23:33.605+0800: 13.382: [ParNew: 77166K->8192K(78656K), 0.0120642 secs] 293886K->293520K(694004K), 0.0121246 secs] [Times: user=0.03 sys=0.00, real=0.01 secs] 
2024-07-27T17:23:33.617+0800: 13.394: Total time for which application threads were stopped: 0.0122432 seconds, Stopping threads took: 0.0000194 seconds
2024-07-27T17:23:33.623+0800: 13.399: Application time: 0.0046002 seconds
2024-07-27T17:23:33.623+0800: 13.399: [GC (Allocation Failure) 2024-07-27T17:23:33.623+0800: 13.399: [ParNew: 77167K->8192K(78656K), 0.0119152 secs] 362495K->362129K(694004K), 0.0119781 secs] [Times: user=0.03 sys=0.00, real=0.01 secs] 
2024-07-27T17:23:33.634+0800: 13.411: Total time for which application threads were stopped: 0.0120758 seconds, Stopping threads took: 0.0000147 seconds
2024-07-27T17:23:33.634+0800: 13.411: Application time: 0.0002327 seconds
2024-07-27T17:23:33.634+0800: 13.411: [GC (CMS Initial Mark) [1 CMS-initial-mark: 353937K(615348K)] 365568K(694004K), 0.0007310 secs] [Times: user=0.00 sys=0.00, real=0.00 secs] 
2024-07-27T17:23:33.635+0800: 13.412: Total time for which application threads were stopped: 0.0009386 seconds, Stopping threads took: 0.0001630 seconds
2024-07-27T17:23:33.635+0800: 13.412: [CMS-concurrent-mark-start]
2024-07-27T17:23:33.637+0800: 13.414: [CMS-concurrent-mark: 0.002/0.002 secs] [Times: user=0.00 sys=0.00, real=0.00 secs] 
2024-07-27T17:23:33.637+0800: 13.414: [CMS-concurrent-preclean-start]
2024-07-27T17:23:33.638+0800: 13.415: [CMS-concurrent-preclean: 0.001/0.001 secs] [Times: user=0.00 sys=0.00, real=0.00 secs] 
2024-07-27T17:23:33.638+0800: 13.415: [CMS-concurrent-abortable-preclean-start]
Heap
 par new generation   total 78656K, used 29414K [0x0000000080000000, 0x0000000085550000, 0x00000000a9990000)
  eden space 69952K,  30% used [0x0000000080000000, 0x00000000814b99c8, 0x0000000084450000)
  from space 8704K,  94% used [0x0000000084cd0000, 0x00000000854d0080, 0x0000000085550000)
  to   space 8704K,   0% used [0x0000000084450000, 0x0000000084450000, 0x0000000084cd0000)
 concurrent mark-sweep generation total 615348K, used 353937K [0x00000000a9990000, 0x00000000cf27d000, 0x0000000100000000)
 Metaspace       used 2943K, capacity 4486K, committed 4864K, reserved 1056768K
  class space    used 305K, capacity 386K, committed 512K, reserved 1048576K
2024-07-27T17:23:33.747+0800: 13.523: Application time: 0.1113045 seconds
