OpenJDK 64-Bit Server VM (25.412-b1) for windows-amd64 JRE (1.8.0_412-b1), built on Apr 23 2024 12:00:37 by "Administrator" with MS VC++ 10.0 (VS2010)
Memory: 4k page, physical 16672068k(4808868k free), swap 19912000k(3990720k free)
CommandLine flags: -XX:+CMSParallelInitialMarkEnabled -XX:ConcGCThreads=3 -XX:GCDrainStackTargetSize=64 -XX:InitialHeapSize=829633328 -XX:MaxHeapSize=939524096 -XX:MaxNewSize=824180736 -XX:MaxTenuringThreshold=6 -XX:NewSize=824180736 -XX:OldPLABSize=16 -XX:+PrintGC -XX:+PrintGCApplicationConcurrentTime -XX:+PrintGCApplicationStoppedTime -XX:+PrintGCDateStamps -XX:+PrintGCDetails -XX:+PrintGCTimeStamps -XX:+UseCompressedClassPointers -XX:+UseCompressedOops -XX:+UseConcMarkSweepGC -XX:-UseLargePagesIndividualAllocation -XX:+UseParNewGC 
2024-07-28T14:15:43.828+0800: 0.995: Application time: 0.9227135 seconds
2024-07-28T14:15:43.828+0800: 0.995: [GC (Allocation Failure) 2024-07-28T14:15:43.829+0800: 0.995: [ParNew: 643673K->28365K(724416K), 0.0159085 secs] 643673K->28365K(730560K), 0.0160810 secs] [Times: user=0.02 sys=0.01, real=0.02 secs] 
2024-07-28T14:15:43.845+0800: 1.011: Total time for which application threads were stopped: 0.0162310 seconds, Stopping threads took: 0.0000206 seconds
2024-07-28T14:15:44.514+0800: 1.680: Application time: 0.6689071 seconds
2024-07-28T14:15:44.514+0800: 1.680: [GC (Allocation Failure) 2024-07-28T14:15:44.514+0800: 1.680: [ParNew: 671909K->57310K(724416K), 0.0287844 secs] 671909K->57310K(730560K), 0.0288560 secs] [Times: user=0.06 sys=0.00, real=0.03 secs] 
2024-07-28T14:15:44.543+0800: 1.709: Total time for which application threads were stopped: 0.0289819 seconds, Stopping threads took: 0.0000201 seconds
2024-07-28T14:15:45.207+0800: 2.373: Application time: 0.6645697 seconds
2024-07-28T14:15:45.207+0800: 2.374: [GC (Allocation Failure) 2024-07-28T14:15:45.207+0800: 2.374: [ParNew: 700887K->79873K(724416K), 0.0258758 secs] 700887K->85645K(731588K), 0.0259516 secs] [Times: user=0.01 sys=0.03, real=0.03 secs] 
2024-07-28T14:15:45.233+0800: 2.400: Total time for which application threads were stopped: 0.0261039 seconds, Stopping threads took: 0.0000194 seconds
2024-07-28T14:15:45.233+0800: 2.400: Application time: 0.0001688 seconds
2024-07-28T14:15:45.233+0800: 2.400: [GC (CMS Initial Mark) [1 CMS-initial-mark: 5772K(7172K)] 100507K(731588K), 0.0006527 secs] [Times: user=0.00 sys=0.00, real=0.00 secs] 
2024-07-28T14:15:45.234+0800: 2.401: Total time for which application threads were stopped: 0.0008728 seconds, Stopping threads took: 0.0001766 seconds
2024-07-28T14:15:45.234+0800: 2.401: [CMS-concurrent-mark-start]
2024-07-28T14:15:45.235+0800: 2.402: [CMS-concurrent-mark: 0.001/0.001 secs] [Times: user=0.00 sys=0.00, real=0.00 secs] 
2024-07-28T14:15:45.235+0800: 2.402: [CMS-concurrent-preclean-start]
2024-07-28T14:15:45.235+0800: 2.402: [CMS-concurrent-preclean: 0.000/0.000 secs] [Times: user=0.00 sys=0.00, real=0.00 secs] 
2024-07-28T14:15:45.235+0800: 2.402: [CMS-concurrent-abortable-preclean-start]
2024-07-28T14:15:45.786+0800: 2.952: [CMS-concurrent-abortable-preclean: 0.001/0.550 secs] [Times: user=0.05 sys=0.00, real=0.55 secs] 
2024-07-28T14:15:45.786+0800: 2.953: Application time: 0.5520310 seconds
2024-07-28T14:15:45.787+0800: 2.953: [GC (CMS Final Remark) [YG occupancy: 512533 K (724416 K)]2024-07-28T14:15:45.787+0800: 2.953: [Rescan (parallel) , 0.0010892 secs]2024-07-28T14:15:45.788+0800: 2.954: [weak refs processing, 0.0000142 secs]2024-07-28T14:15:45.788+0800: 2.954: [class unloading, 0.0001912 secs]2024-07-28T14:15:45.788+0800: 2.954: [scrub symbol table, 0.0003511 secs]2024-07-28T14:15:45.788+0800: 2.955: [scrub string table, 0.0000998 secs][1 CMS-remark: 5772K(7172K)] 518306K(731588K), 0.0018361 secs] [Times: user=0.00 sys=0.00, real=0.00 secs] 
2024-07-28T14:15:45.788+0800: 2.955: Total time for which application threads were stopped: 0.0020387 seconds, Stopping threads took: 0.0001549 seconds
2024-07-28T14:15:45.789+0800: 2.955: [CMS-concurrent-sweep-start]
2024-07-28T14:15:45.790+0800: 2.956: [CMS-concurrent-sweep: 0.001/0.001 secs] [Times: user=0.00 sys=0.00, real=0.00 secs] 
2024-07-28T14:15:45.790+0800: 2.957: [CMS-concurrent-reset-start]
2024-07-28T14:15:45.792+0800: 2.958: [CMS-concurrent-reset: 0.001/0.001 secs] [Times: user=0.00 sys=0.00, real=0.00 secs] 
2024-07-28T14:15:46.006+0800: 3.172: Application time: 0.2173828 seconds
2024-07-28T14:15:46.006+0800: 3.172: [GC (Allocation Failure) 2024-07-28T14:15:46.006+0800: 3.172: [ParNew: 723480K->79873K(724416K), 0.0404762 secs] 729252K->119437K(764876K), 0.0405375 secs] [Times: user=0.03 sys=0.03, real=0.04 secs] 
2024-07-28T14:15:46.046+0800: 3.213: Total time for which application threads were stopped: 0.0406568 seconds, Stopping threads took: 0.0000256 seconds
2024-07-28T14:15:46.046+0800: 3.213: Application time: 0.0002371 seconds
2024-07-28T14:15:46.047+0800: 3.213: [GC (CMS Initial Mark) [1 CMS-initial-mark: 39563K(40460K)] 134318K(764876K), 0.0008680 secs] [Times: user=0.00 sys=0.00, real=0.00 secs] 
2024-07-28T14:15:46.047+0800: 3.214: Total time for which application threads were stopped: 0.0009756 seconds, Stopping threads took: 0.0000656 seconds
2024-07-28T14:15:46.047+0800: 3.214: [CMS-concurrent-mark-start]
2024-07-28T14:15:46.049+0800: 3.215: [CMS-concurrent-mark: 0.001/0.001 secs] [Times: user=0.00 sys=0.00, real=0.00 secs] 
2024-07-28T14:15:46.049+0800: 3.215: [CMS-concurrent-preclean-start]
2024-07-28T14:15:46.049+0800: 3.216: [CMS-concurrent-preclean: 0.000/0.000 secs] [Times: user=0.00 sys=0.00, real=0.00 secs] 
2024-07-28T14:15:46.049+0800: 3.216: [CMS-concurrent-abortable-preclean-start]
2024-07-28T14:15:46.604+0800: 3.770: [CMS-concurrent-abortable-preclean: 0.002/0.554 secs] [Times: user=0.02 sys=0.00, real=0.56 secs] 
2024-07-28T14:15:46.604+0800: 3.770: Application time: 0.5564686 seconds
2024-07-28T14:15:46.604+0800: 3.771: [GC (CMS Final Remark) [YG occupancy: 588329 K (724416 K)]2024-07-28T14:15:46.604+0800: 3.771: [Rescan (parallel) , 0.0011982 secs]2024-07-28T14:15:46.605+0800: 3.772: [weak refs processing, 0.0000139 secs]2024-07-28T14:15:46.605+0800: 3.772: [class unloading, 0.0001829 secs]2024-07-28T14:15:46.605+0800: 3.772: [scrub symbol table, 0.0003770 secs]2024-07-28T14:15:46.605+0800: 3.773: [scrub string table, 0.0001196 secs][1 CMS-remark: 39563K(40460K)] 627893K(764876K), 0.0019653 secs] [Times: user=0.00 sys=0.00, real=0.00 secs] 
2024-07-28T14:15:46.607+0800: 3.773: Total time for which application threads were stopped: 0.0022605 seconds, Stopping threads took: 0.0002516 seconds
2024-07-28T14:15:46.607+0800: 3.773: [CMS-concurrent-sweep-start]
2024-07-28T14:15:46.607+0800: 3.774: [CMS-concurrent-sweep: 0.001/0.001 secs] [Times: user=0.00 sys=0.00, real=0.00 secs] 
2024-07-28T14:15:46.607+0800: 3.775: [CMS-concurrent-reset-start]
2024-07-28T14:15:46.608+0800: 3.775: [CMS-concurrent-reset: 0.000/0.000 secs] [Times: user=0.00 sys=0.00, real=0.00 secs] 
2024-07-28T14:15:46.719+0800: 3.885: Application time: 0.1120546 seconds
2024-07-28T14:15:46.719+0800: 3.885: [GC (Allocation Failure) 2024-07-28T14:15:46.719+0800: 3.885: [ParNew: 723500K->79873K(724416K), 0.0431327 secs] 757943K->176782K(822944K), 0.0431927 secs] [Times: user=0.09 sys=0.00, real=0.04 secs] 
2024-07-28T14:15:46.762+0800: 3.928: Total time for which application threads were stopped: 0.0433087 seconds, Stopping threads took: 0.0000214 seconds
2024-07-28T14:15:46.762+0800: 3.928: Application time: 0.0002337 seconds
2024-07-28T14:15:46.762+0800: 3.928: [GC (CMS Initial Mark) [1 CMS-initial-mark: 96908K(98528K)] 191675K(822944K), 0.0004611 secs] [Times: user=0.00 sys=0.00, real=0.00 secs] 
2024-07-28T14:15:46.763+0800: 3.929: Total time for which application threads were stopped: 0.0006548 seconds, Stopping threads took: 0.0001504 seconds
2024-07-28T14:15:46.763+0800: 3.929: [CMS-concurrent-mark-start]
2024-07-28T14:15:46.765+0800: 3.931: [CMS-concurrent-mark: 0.002/0.002 secs] [Times: user=0.00 sys=0.00, real=0.00 secs] 
2024-07-28T14:15:46.765+0800: 3.931: [CMS-concurrent-preclean-start]
2024-07-28T14:15:46.765+0800: 3.931: [CMS-concurrent-preclean: 0.000/0.000 secs] [Times: user=0.00 sys=0.00, real=0.00 secs] 
2024-07-28T14:15:46.765+0800: 3.931: [CMS-concurrent-abortable-preclean-start]
2024-07-28T14:15:46.765+0800: 3.931: [CMS-concurrent-abortable-preclean: 0.000/0.000 secs] [Times: user=0.00 sys=0.00, real=0.00 secs] 
2024-07-28T14:15:46.766+0800: 3.932: Application time: 0.0026162 seconds
2024-07-28T14:15:46.766+0800: 3.932: [GC (CMS Final Remark) [YG occupancy: 121391 K (724416 K)]2024-07-28T14:15:46.766+0800: 3.932: [Rescan (parallel) , 0.0010048 secs]2024-07-28T14:15:46.767+0800: 3.933: [weak refs processing, 0.0000129 secs]2024-07-28T14:15:46.767+0800: 3.933: [class unloading, 0.0001732 secs]2024-07-28T14:15:46.767+0800: 3.933: [scrub symbol table, 0.0003435 secs]2024-07-28T14:15:46.767+0800: 3.933: [scrub string table, 0.0000996 secs][1 CMS-remark: 96908K(98528K)] 218300K(822944K), 0.0016954 secs] [Times: user=0.00 sys=0.00, real=0.00 secs] 
2024-07-28T14:15:46.767+0800: 3.933: Total time for which application threads were stopped: 0.0018405 seconds, Stopping threads took: 0.0000990 seconds
2024-07-28T14:15:46.768+0800: 3.934: [CMS-concurrent-sweep-start]
2024-07-28T14:15:46.768+0800: 3.934: [CMS-concurrent-sweep: 0.001/0.001 secs] [Times: user=0.00 sys=0.00, real=0.00 secs] 
2024-07-28T14:15:46.769+0800: 3.935: [CMS-concurrent-reset-start]
2024-07-28T14:15:46.769+0800: 3.935: [CMS-concurrent-reset: 0.000/0.000 secs] [Times: user=0.00 sys=0.00, real=0.00 secs] 
2024-07-28T14:15:46.951+0800: 4.118: Application time: 0.1842241 seconds
2024-07-28T14:15:46.951+0800: 4.118: Total time for which application threads were stopped: 0.0000721 seconds, Stopping threads took: 0.0000297 seconds
2024-07-28T14:15:47.430+0800: 4.596: Application time: 0.4786550 seconds
2024-07-28T14:15:47.430+0800: 4.596: [GC (Allocation Failure) 2024-07-28T14:15:47.430+0800: 4.597: [ParNew: 723512K->723512K(724416K), 0.0000184 secs]2024-07-28T14:15:47.430+0800: 4.597: [CMS: 63116K->105084K(105196K), 0.0293257 secs] 786628K->171645K(837056K), [Metaspace: 2924K->2924K(1056768K)], 0.0294840 secs] [Times: user=0.03 sys=0.00, real=0.03 secs] 
2024-07-28T14:15:47.460+0800: 4.626: Total time for which application threads were stopped: 0.0296113 seconds, Stopping threads took: 0.0000203 seconds
2024-07-28T14:15:47.460+0800: 4.626: Application time: 0.0002653 seconds
2024-07-28T14:15:47.460+0800: 4.626: [GC (CMS Initial Mark) [1 CMS-initial-mark: 105084K(112640K)] 186547K(837056K), 0.0008773 secs] [Times: user=0.00 sys=0.00, real=0.00 secs] 
2024-07-28T14:15:47.461+0800: 4.627: Total time for which application threads were stopped: 0.0010642 seconds, Stopping threads took: 0.0001451 seconds
2024-07-28T14:15:47.461+0800: 4.627: [CMS-concurrent-mark-start]
2024-07-28T14:15:47.463+0800: 4.629: [CMS-concurrent-mark: 0.002/0.002 secs] [Times: user=0.00 sys=0.00, real=0.00 secs] 
2024-07-28T14:15:47.463+0800: 4.629: [CMS-concurrent-preclean-start]
2024-07-28T14:15:47.463+0800: 4.630: [CMS-concurrent-preclean: 0.001/0.001 secs] [Times: user=0.00 sys=0.00, real=0.00 secs] 
2024-07-28T14:15:47.463+0800: 4.630: [CMS-concurrent-abortable-preclean-start]
2024-07-28T14:15:47.463+0800: 4.630: [CMS-concurrent-abortable-preclean: 0.000/0.000 secs] [Times: user=0.00 sys=0.00, real=0.00 secs] 
2024-07-28T14:15:47.464+0800: 4.630: Application time: 0.0025319 seconds
2024-07-28T14:15:47.464+0800: 4.630: [GC (CMS Final Remark) [YG occupancy: 100918 K (724416 K)]2024-07-28T14:15:47.464+0800: 4.630: [Rescan (parallel) , 0.0008416 secs]2024-07-28T14:15:47.464+0800: 4.631: [weak refs processing, 0.0000133 secs]2024-07-28T14:15:47.464+0800: 4.631: [class unloading, 0.0001950 secs]2024-07-28T14:15:47.465+0800: 4.631: [scrub symbol table, 0.0003120 secs]2024-07-28T14:15:47.465+0800: 4.631: [scrub string table, 0.0000898 secs][1 CMS-remark: 105084K(112640K)] 206003K(837056K), 0.0015151 secs] [Times: user=0.00 sys=0.00, real=0.00 secs] 
2024-07-28T14:15:47.465+0800: 4.631: Total time for which application threads were stopped: 0.0015615 seconds, Stopping threads took: 0.0000130 seconds
2024-07-28T14:15:47.465+0800: 4.632: [CMS-concurrent-sweep-start]
2024-07-28T14:15:47.465+0800: 4.632: [CMS-concurrent-sweep: 0.000/0.000 secs] [Times: user=0.00 sys=0.00, real=0.00 secs] 
2024-07-28T14:15:47.465+0800: 4.632: [CMS-concurrent-reset-start]
2024-07-28T14:15:47.466+0800: 4.632: [CMS-concurrent-reset: 0.000/0.000 secs] [Times: user=0.00 sys=0.00, real=0.00 secs] 
2024-07-28T14:15:48.226+0800: 5.392: Application time: 0.7608905 seconds
2024-07-28T14:15:48.226+0800: 5.392: [GC (Allocation Failure) 2024-07-28T14:15:48.226+0800: 5.392: [ParNew: 723520K->723520K(724416K), 0.0000230 secs]2024-07-28T14:15:48.226+0800: 5.392: [CMS: 105084K->8827K(112640K), 0.0029823 secs] 828604K->8827K(837056K), [Metaspace: 2924K->2924K(1056768K)], 0.0030728 secs] [Times: user=0.00 sys=0.00, real=0.00 secs] 
2024-07-28T14:15:48.229+0800: 5.396: Total time for which application threads were stopped: 0.0031906 seconds, Stopping threads took: 0.0000220 seconds
2024-07-28T14:15:48.897+0800: 6.063: Application time: 0.6672264 seconds
2024-07-28T14:15:48.897+0800: 6.063: [GC (Allocation Failure) 2024-07-28T14:15:48.897+0800: 6.063: [ParNew: 643656K->36864K(724416K), 0.0063444 secs] 652483K->45691K(837056K), 0.0063985 secs] [Times: user=0.00 sys=0.00, real=0.00 secs] 
2024-07-28T14:15:48.902+0800: 6.069: Total time for which application threads were stopped: 0.0065230 seconds, Stopping threads took: 0.0000341 seconds
2024-07-28T14:15:49.580+0800: 6.747: Application time: 0.6779692 seconds
2024-07-28T14:15:49.580+0800: 6.747: [GC (Allocation Failure) 2024-07-28T14:15:49.580+0800: 6.747: [ParNew: 680522K->65549K(724416K), 0.0102560 secs] 689349K->74376K(837056K), 0.0103205 secs] [Times: user=0.03 sys=0.00, real=0.01 secs] 
2024-07-28T14:15:49.591+0800: 6.758: Total time for which application threads were stopped: 0.0104433 seconds, Stopping threads took: 0.0000216 seconds
2024-07-28T14:15:50.262+0800: 7.428: Application time: 0.6702100 seconds
2024-07-28T14:15:50.262+0800: 7.428: [GC (Allocation Failure) 2024-07-28T14:15:50.262+0800: 7.428: [ParNew: 709208K->79873K(724416K), 0.0143568 secs] 718035K->103049K(837056K), 0.0144167 secs] [Times: user=0.03 sys=0.00, real=0.01 secs] 
2024-07-28T14:15:50.276+0800: 7.442: Total time for which application threads were stopped: 0.0145291 seconds, Stopping threads took: 0.0000207 seconds
2024-07-28T14:15:51.047+0800: 8.213: Application time: 0.7710267 seconds
2024-07-28T14:15:51.047+0800: 8.214: [GC (Allocation Failure) 2024-07-28T14:15:51.047+0800: 8.214: [ParNew: 723100K->79877K(724416K), 0.0166106 secs] 746276K->132749K(837056K), 0.0166835 secs] [Times: user=0.03 sys=0.00, real=0.02 secs] 
2024-07-28T14:15:51.063+0800: 8.230: Total time for which application threads were stopped: 0.0168157 seconds, Stopping threads took: 0.0000206 seconds
2024-07-28T14:15:51.064+0800: 8.231: Application time: 0.0002439 seconds
2024-07-28T14:15:51.064+0800: 8.231: [GC (CMS Initial Mark) [1 CMS-initial-mark: 52872K(112640K)] 147574K(837056K), 0.0007237 secs] [Times: user=0.00 sys=0.00, real=0.00 secs] 
2024-07-28T14:15:51.064+0800: 8.231: Total time for which application threads were stopped: 0.0008621 seconds, Stopping threads took: 0.0000999 seconds
2024-07-28T14:15:51.064+0800: 8.231: [CMS-concurrent-mark-start]
2024-07-28T14:15:51.066+0800: 8.232: [CMS-concurrent-mark: 0.001/0.001 secs] [Times: user=0.00 sys=0.00, real=0.00 secs] 
2024-07-28T14:15:51.066+0800: 8.232: [CMS-concurrent-preclean-start]
2024-07-28T14:15:51.066+0800: 8.233: [CMS-concurrent-preclean: 0.000/0.000 secs] [Times: user=0.00 sys=0.00, real=0.00 secs] 
2024-07-28T14:15:51.066+0800: 8.233: [CMS-concurrent-abortable-preclean-start]
2024-07-28T14:15:51.616+0800: 8.782: [CMS-concurrent-abortable-preclean: 0.002/0.549 secs] [Times: user=0.06 sys=0.00, real=0.55 secs] 
2024-07-28T14:15:51.616+0800: 8.783: Application time: 0.5511537 seconds
2024-07-28T14:15:51.616+0800: 8.783: [GC (CMS Final Remark) [YG occupancy: 587253 K (724416 K)]2024-07-28T14:15:51.616+0800: 8.783: [Rescan (parallel) , 0.0010901 secs]2024-07-28T14:15:51.618+0800: 8.784: [weak refs processing, 0.0000731 secs]2024-07-28T14:15:51.618+0800: 8.784: [class unloading, 0.0002012 secs]2024-07-28T14:15:51.618+0800: 8.784: [scrub symbol table, 0.0003399 secs]2024-07-28T14:15:51.618+0800: 8.784: [scrub string table, 0.0000980 secs][1 CMS-remark: 52872K(112640K)] 640126K(837056K), 0.0018914 secs] [Times: user=0.00 sys=0.00, real=0.00 secs] 
2024-07-28T14:15:51.618+0800: 8.785: Total time for which application threads were stopped: 0.0020854 seconds, Stopping threads took: 0.0001492 seconds
2024-07-28T14:15:51.619+0800: 8.785: [CMS-concurrent-sweep-start]
2024-07-28T14:15:51.619+0800: 8.786: [CMS-concurrent-sweep: 0.001/0.001 secs] [Times: user=0.00 sys=0.00, real=0.00 secs] 
2024-07-28T14:15:51.619+0800: 8.786: [CMS-concurrent-reset-start]
2024-07-28T14:15:51.620+0800: 8.786: [CMS-concurrent-reset: 0.000/0.000 secs] [Times: user=0.00 sys=0.00, real=0.00 secs] 
2024-07-28T14:15:51.729+0800: 8.895: Application time: 0.1103575 seconds
2024-07-28T14:15:51.729+0800: 8.895: [GC (Allocation Failure) 2024-07-28T14:15:51.729+0800: 8.895: [ParNew: 723447K->79873K(724416K), 0.0207288 secs] 753791K->168586K(837056K), 0.0208074 secs] [Times: user=0.03 sys=0.00, real=0.02 secs] 
2024-07-28T14:15:51.750+0800: 8.916: Total time for which application threads were stopped: 0.0209239 seconds, Stopping threads took: 0.0000174 seconds
2024-07-28T14:15:51.750+0800: 8.916: Application time: 0.0002281 seconds
2024-07-28T14:15:51.750+0800: 8.916: [GC (CMS Initial Mark) [1 CMS-initial-mark: 88713K(112640K)] 183443K(837056K), 0.0008174 secs] [Times: user=0.00 sys=0.00, real=0.00 secs] 
2024-07-28T14:15:51.751+0800: 8.917: Total time for which application threads were stopped: 0.0009186 seconds, Stopping threads took: 0.0000610 seconds
2024-07-28T14:15:51.751+0800: 8.917: [CMS-concurrent-mark-start]
2024-07-28T14:15:51.753+0800: 8.919: [CMS-concurrent-mark: 0.002/0.002 secs] [Times: user=0.00 sys=0.00, real=0.00 secs] 
2024-07-28T14:15:51.753+0800: 8.919: [CMS-concurrent-preclean-start]
2024-07-28T14:15:51.753+0800: 8.920: [CMS-concurrent-preclean: 0.001/0.001 secs] [Times: user=0.00 sys=0.00, real=0.00 secs] 
2024-07-28T14:15:51.753+0800: 8.920: [CMS-concurrent-abortable-preclean-start]
2024-07-28T14:15:51.753+0800: 8.920: [CMS-concurrent-abortable-preclean: 0.000/0.000 secs] [Times: user=0.00 sys=0.00, real=0.00 secs] 
2024-07-28T14:15:51.753+0800: 8.920: Application time: 0.0027976 seconds
2024-07-28T14:15:51.754+0800: 8.920: [GC (CMS Final Remark) [YG occupancy: 124426 K (724416 K)]2024-07-28T14:15:51.754+0800: 8.920: [Rescan (parallel) , 0.0011664 secs]2024-07-28T14:15:51.755+0800: 8.921: [weak refs processing, 0.0000126 secs]2024-07-28T14:15:51.755+0800: 8.921: [class unloading, 0.0001806 secs]2024-07-28T14:15:51.755+0800: 8.921: [scrub symbol table, 0.0003438 secs]2024-07-28T14:15:51.755+0800: 8.922: [scrub string table, 0.0001108 secs][1 CMS-remark: 88713K(112640K)] 213140K(837056K), 0.0018775 secs] [Times: user=0.00 sys=0.02, real=0.00 secs] 
2024-07-28T14:15:51.755+0800: 8.922: Total time for which application threads were stopped: 0.0019538 seconds, Stopping threads took: 0.0000416 seconds
2024-07-28T14:15:51.756+0800: 8.922: [CMS-concurrent-sweep-start]
2024-07-28T14:15:51.756+0800: 8.923: [CMS-concurrent-sweep: 0.001/0.001 secs] [Times: user=0.00 sys=0.00, real=0.00 secs] 
2024-07-28T14:15:51.756+0800: 8.923: [CMS-concurrent-reset-start]
2024-07-28T14:15:51.757+0800: 8.923: [CMS-concurrent-reset: 0.000/0.000 secs] [Times: user=0.00 sys=0.00, real=0.00 secs] 
2024-07-28T14:15:52.421+0800: 9.588: Application time: 0.6658840 seconds
2024-07-28T14:15:52.421+0800: 9.588: [GC (Allocation Failure) 2024-07-28T14:15:52.422+0800: 9.588: [ParNew: 723476K->723476K(724416K), 0.0000194 secs]2024-07-28T14:15:52.422+0800: 9.588: [CMS: 59016K->112253K(112640K), 0.0281154 secs] 782492K->167550K(837056K), [Metaspace: 2931K->2931K(1056768K)], 0.0282129 secs] [Times: user=0.03 sys=0.00, real=0.03 secs] 
2024-07-28T14:15:52.450+0800: 9.616: Total time for which application threads were stopped: 0.0283327 seconds, Stopping threads took: 0.0000197 seconds
2024-07-28T14:15:52.450+0800: 9.616: Application time: 0.0001754 seconds
2024-07-28T14:15:52.450+0800: 9.616: [GC (CMS Initial Mark) [1 CMS-initial-mark: 112253K(112640K)] 182428K(837056K), 0.0007918 secs] [Times: user=0.00 sys=0.00, real=0.00 secs] 
2024-07-28T14:15:52.451+0800: 9.617: Total time for which application threads were stopped: 0.0009498 seconds, Stopping threads took: 0.0001128 seconds
2024-07-28T14:15:52.451+0800: 9.617: [CMS-concurrent-mark-start]
2024-07-28T14:15:52.453+0800: 9.619: [CMS-concurrent-mark: 0.002/0.002 secs] [Times: user=0.00 sys=0.00, real=0.00 secs] 
2024-07-28T14:15:52.453+0800: 9.619: [CMS-concurrent-preclean-start]
2024-07-28T14:15:52.454+0800: 9.620: [CMS-concurrent-preclean: 0.001/0.001 secs] [Times: user=0.00 sys=0.00, real=0.00 secs] 
2024-07-28T14:15:52.454+0800: 9.620: [CMS-concurrent-abortable-preclean-start]
2024-07-28T14:15:52.454+0800: 9.620: [CMS-concurrent-abortable-preclean: 0.000/0.000 secs] [Times: user=0.00 sys=0.00, real=0.00 secs] 
2024-07-28T14:15:52.454+0800: 9.620: Application time: 0.0030252 seconds
2024-07-28T14:15:52.454+0800: 9.620: [GC (CMS Final Remark) [YG occupancy: 93727 K (724416 K)]2024-07-28T14:15:52.454+0800: 9.620: [Rescan (parallel) , 0.0009939 secs]2024-07-28T14:15:52.455+0800: 9.621: [weak refs processing, 0.0000131 secs]2024-07-28T14:15:52.455+0800: 9.621: [class unloading, 0.0001966 secs]2024-07-28T14:15:52.455+0800: 9.621: [scrub symbol table, 0.0003444 secs]2024-07-28T14:15:52.455+0800: 9.622: [scrub string table, 0.0001065 secs][1 CMS-remark: 112253K(112640K)] 205980K(837056K), 0.0017175 secs] [Times: user=0.00 sys=0.00, real=0.00 secs] 
2024-07-28T14:15:52.456+0800: 9.622: Total time for which application threads were stopped: 0.0017668 seconds, Stopping threads took: 0.0000147 seconds
2024-07-28T14:15:52.456+0800: 9.622: [CMS-concurrent-sweep-start]
2024-07-28T14:15:52.456+0800: 9.622: [CMS-concurrent-sweep: 0.000/0.000 secs] [Times: user=0.00 sys=0.00, real=0.00 secs] 
2024-07-28T14:15:52.456+0800: 9.622: [CMS-concurrent-reset-start]
2024-07-28T14:15:52.456+0800: 9.622: [CMS-concurrent-reset: 0.000/0.000 secs] [Times: user=0.00 sys=0.00, real=0.00 secs] 
2024-07-28T14:15:53.223+0800: 10.390: Application time: 0.7676820 seconds
2024-07-28T14:15:53.223+0800: 10.390: [GC (Allocation Failure) 2024-07-28T14:15:53.223+0800: 10.390: [ParNew: 723496K->723496K(724416K), 0.0000188 secs]2024-07-28T14:15:53.223+0800: 10.390: [CMS: 112253K->15995K(112640K), 0.0040306 secs] 835750K->15995K(837056K), [Metaspace: 2932K->2932K(1056768K)], 0.0041188 secs] [Times: user=0.02 sys=0.00, real=0.00 secs] 
2024-07-28T14:15:53.228+0800: 10.394: Total time for which application threads were stopped: 0.0042420 seconds, Stopping threads took: 0.0000203 seconds
2024-07-28T14:15:53.900+0800: 11.067: Application time: 0.6729436 seconds
2024-07-28T14:15:53.900+0800: 11.067: [GC (Allocation Failure) 2024-07-28T14:15:53.900+0800: 11.067: [ParNew: 643640K->44032K(724416K), 0.0071850 secs] 659636K->60028K(837056K), 0.0072457 secs] [Times: user=0.00 sys=0.00, real=0.01 secs] 
2024-07-28T14:15:53.907+0800: 11.074: Total time for which application threads were stopped: 0.0073578 seconds, Stopping threads took: 0.0000189 seconds
Heap
 par new generation   total 724416K, used 634295K [0x00000000c8000000, 0x00000000f9200000, 0x00000000f9200000)
  eden space 643968K,  91% used [0x00000000c8000000, 0x00000000ec06da78, 0x00000000ef4e0000)
  from space 80448K,  54% used [0x00000000f4370000, 0x00000000f6e702b0, 0x00000000f9200000)
  to   space 80448K,   0% used [0x00000000ef4e0000, 0x00000000ef4e0000, 0x00000000f4370000)
 concurrent mark-sweep generation total 112640K, used 15995K [0x00000000f9200000, 0x0000000100000000, 0x0000000100000000)
 Metaspace       used 2942K, capacity 4486K, committed 4864K, reserved 1056768K
  class space    used 305K, capacity 386K, committed 512K, reserved 1048576K
2024-07-28T14:15:54.581+0800: 11.747: Application time: 0.6727883 seconds
