OpenJDK 64-Bit Server VM (25.412-b1) for windows-amd64 JRE (1.8.0_412-b1), built on Apr 23 2024 12:00:37 by "Administrator" with MS VC++ 10.0 (VS2010)
Memory: 4k page, physical 16672068k(4794324k free), swap 19912000k(3985808k free)
CommandLine flags: -XX:+CMSParallelInitialMarkEnabled -XX:ConcGCThreads=7 -XX:GCDrainStackTargetSize=64 -XX:InitialHeapSize=829633328 -XX:MaxHeapSize=939524096 -XX:MaxNewSize=824180736 -XX:MaxTenuringThreshold=6 -XX:NewSize=824180736 -XX:OldPLABSize=16 -XX:+PrintGC -XX:+PrintGCApplicationConcurrentTime -XX:+PrintGCApplicationStoppedTime -XX:+PrintGCDateStamps -XX:+PrintGCDetails -XX:+PrintGCTimeStamps -XX:+UseCompressedClassPointers -XX:+UseCompressedOops -XX:+UseConcMarkSweepGC -XX:-UseLargePagesIndividualAllocation -XX:+UseParNewGC 
2024-07-28T14:16:31.334+0800: 1.022: Application time: 0.9495424 seconds
2024-07-28T14:16:31.334+0800: 1.022: [GC (Allocation Failure) 2024-07-28T14:16:31.334+0800: 1.022: [ParNew: 643673K->28315K(724416K), 0.0154709 secs] 643673K->28315K(730560K), 0.0156315 secs] [Times: user=0.03 sys=0.00, real=0.02 secs] 
2024-07-28T14:16:31.350+0800: 1.038: Total time for which application threads were stopped: 0.0157751 seconds, Stopping threads took: 0.0000317 seconds
2024-07-28T14:16:32.019+0800: 1.707: Application time: 0.6692980 seconds
2024-07-28T14:16:32.019+0800: 1.707: [GC (Allocation Failure) 2024-07-28T14:16:32.019+0800: 1.707: [ParNew: 671859K->57297K(724416K), 0.0336338 secs] 671859K->57297K(730560K), 0.0336937 secs] [Times: user=0.09 sys=0.02, real=0.03 secs] 
2024-07-28T14:16:32.052+0800: 1.741: Total time for which application threads were stopped: 0.0338084 seconds, Stopping threads took: 0.0000189 seconds
2024-07-28T14:16:32.717+0800: 2.405: Application time: 0.6643943 seconds
2024-07-28T14:16:32.718+0800: 2.405: [GC (Allocation Failure) 2024-07-28T14:16:32.718+0800: 2.405: [ParNew: 700875K->79873K(724416K), 0.0271891 secs] 700875K->85645K(731588K), 0.0272633 secs] [Times: user=0.05 sys=0.03, real=0.03 secs] 
2024-07-28T14:16:32.745+0800: 2.433: Total time for which application threads were stopped: 0.0273834 seconds, Stopping threads took: 0.0000182 seconds
2024-07-28T14:16:32.745+0800: 2.433: Application time: 0.0002279 seconds
2024-07-28T14:16:32.745+0800: 2.433: [GC (CMS Initial Mark) [1 CMS-initial-mark: 5772K(7172K)] 100507K(731588K), 0.0007979 secs] [Times: user=0.00 sys=0.00, real=0.00 secs] 
2024-07-28T14:16:32.746+0800: 2.434: Total time for which application threads were stopped: 0.0009930 seconds, Stopping threads took: 0.0001521 seconds
2024-07-28T14:16:32.746+0800: 2.434: [CMS-concurrent-mark-start]
2024-07-28T14:16:32.747+0800: 2.435: [CMS-concurrent-mark: 0.001/0.001 secs] [Times: user=0.00 sys=0.00, real=0.00 secs] 
2024-07-28T14:16:32.747+0800: 2.435: [CMS-concurrent-preclean-start]
2024-07-28T14:16:32.747+0800: 2.435: [CMS-concurrent-preclean: 0.000/0.000 secs] [Times: user=0.00 sys=0.00, real=0.00 secs] 
2024-07-28T14:16:32.747+0800: 2.435: [CMS-concurrent-abortable-preclean-start]
2024-07-28T14:16:33.297+0800: 2.985: [CMS-concurrent-abortable-preclean: 0.001/0.550 secs] [Times: user=0.03 sys=0.00, real=0.55 secs] 
2024-07-28T14:16:33.297+0800: 2.986: Application time: 0.5516697 seconds
2024-07-28T14:16:33.298+0800: 2.986: [GC (CMS Final Remark) [YG occupancy: 513557 K (724416 K)]2024-07-28T14:16:33.298+0800: 2.986: [Rescan (parallel) , 0.0012184 secs]2024-07-28T14:16:33.299+0800: 2.987: [weak refs processing, 0.0000135 secs]2024-07-28T14:16:33.299+0800: 2.987: [class unloading, 0.0001964 secs]2024-07-28T14:16:33.299+0800: 2.987: [scrub symbol table, 0.0003708 secs]2024-07-28T14:16:33.299+0800: 2.988: [scrub string table, 0.0001404 secs][1 CMS-remark: 5772K(7172K)] 519330K(731588K), 0.0020219 secs] [Times: user=0.00 sys=0.00, real=0.00 secs] 
2024-07-28T14:16:33.300+0800: 2.988: Total time for which application threads were stopped: 0.0022031 seconds, Stopping threads took: 0.0001368 seconds
2024-07-28T14:16:33.300+0800: 2.988: [CMS-concurrent-sweep-start]
2024-07-28T14:16:33.301+0800: 2.990: [CMS-concurrent-sweep: 0.001/0.001 secs] [Times: user=0.03 sys=0.00, real=0.00 secs] 
2024-07-28T14:16:33.302+0800: 2.990: [CMS-concurrent-reset-start]
2024-07-28T14:16:33.303+0800: 2.991: [CMS-concurrent-reset: 0.001/0.001 secs] [Times: user=0.00 sys=0.00, real=0.00 secs] 
2024-07-28T14:16:33.519+0800: 3.208: Application time: 0.2198669 seconds
2024-07-28T14:16:33.520+0800: 3.208: [GC (Allocation Failure) 2024-07-28T14:16:33.520+0800: 3.208: [ParNew: 723480K->79873K(724416K), 0.0372718 secs] 729252K->119437K(764876K), 0.0373305 secs] [Times: user=0.05 sys=0.02, real=0.04 secs] 
2024-07-28T14:16:33.557+0800: 3.245: Total time for which application threads were stopped: 0.0374591 seconds, Stopping threads took: 0.0000361 seconds
2024-07-28T14:16:33.557+0800: 3.245: Application time: 0.0002397 seconds
2024-07-28T14:16:33.557+0800: 3.246: [GC (CMS Initial Mark) [1 CMS-initial-mark: 39563K(40460K)] 134318K(764876K), 0.0008796 secs] [Times: user=0.00 sys=0.00, real=0.00 secs] 
2024-07-28T14:16:33.558+0800: 3.246: Total time for which application threads were stopped: 0.0010738 seconds, Stopping threads took: 0.0001517 seconds
2024-07-28T14:16:33.558+0800: 3.247: [CMS-concurrent-mark-start]
2024-07-28T14:16:33.560+0800: 3.248: [CMS-concurrent-mark: 0.002/0.002 secs] [Times: user=0.00 sys=0.00, real=0.00 secs] 
2024-07-28T14:16:33.560+0800: 3.248: [CMS-concurrent-preclean-start]
2024-07-28T14:16:33.561+0800: 3.249: [CMS-concurrent-preclean: 0.000/0.000 secs] [Times: user=0.00 sys=0.00, real=0.00 secs] 
2024-07-28T14:16:33.561+0800: 3.249: [CMS-concurrent-abortable-preclean-start]
2024-07-28T14:16:34.104+0800: 3.792: [CMS-concurrent-abortable-preclean: 0.001/0.543 secs] [Times: user=0.00 sys=0.00, real=0.54 secs] 
2024-07-28T14:16:34.104+0800: 3.792: Application time: 0.5453460 seconds
2024-07-28T14:16:34.104+0800: 3.792: [GC (CMS Final Remark) [YG occupancy: 581161 K (724416 K)]2024-07-28T14:16:34.104+0800: 3.792: [Rescan (parallel) , 0.0004045 secs]2024-07-28T14:16:34.105+0800: 3.792: [weak refs processing, 0.0000271 secs]2024-07-28T14:16:34.105+0800: 3.792: [class unloading, 0.0002460 secs]2024-07-28T14:16:34.105+0800: 3.793: [scrub symbol table, 0.0003770 secs]2024-07-28T14:16:34.105+0800: 3.793: [scrub string table, 0.0001129 secs][1 CMS-remark: 39563K(40460K)] 620725K(764876K), 0.0012619 secs] [Times: user=0.00 sys=0.00, real=0.00 secs] 
2024-07-28T14:16:34.105+0800: 3.793: Total time for which application threads were stopped: 0.0013364 seconds, Stopping threads took: 0.0000273 seconds
2024-07-28T14:16:34.106+0800: 3.793: [CMS-concurrent-sweep-start]
2024-07-28T14:16:34.106+0800: 3.794: [CMS-concurrent-sweep: 0.000/0.000 secs] [Times: user=0.00 sys=0.00, real=0.00 secs] 
2024-07-28T14:16:34.106+0800: 3.794: [CMS-concurrent-reset-start]
2024-07-28T14:16:34.106+0800: 3.794: [CMS-concurrent-reset: 0.000/0.000 secs] [Times: user=0.00 sys=0.00, real=0.00 secs] 
2024-07-28T14:16:34.233+0800: 3.920: Application time: 0.1273130 seconds
2024-07-28T14:16:34.233+0800: 3.921: [GC (Allocation Failure) 2024-07-28T14:16:34.233+0800: 3.921: [ParNew: 723500K->79873K(724416K), 0.0448718 secs] 757943K->176782K(822944K), 0.0449342 secs] [Times: user=0.09 sys=0.00, real=0.05 secs] 
2024-07-28T14:16:34.278+0800: 3.965: Total time for which application threads were stopped: 0.0450524 seconds, Stopping threads took: 0.0000198 seconds
2024-07-28T14:16:34.278+0800: 3.966: Application time: 0.0001455 seconds
2024-07-28T14:16:34.278+0800: 3.966: [GC (CMS Initial Mark) [1 CMS-initial-mark: 96908K(98528K)] 191675K(822944K), 0.0008375 secs] [Times: user=0.00 sys=0.00, real=0.00 secs] 
2024-07-28T14:16:34.279+0800: 3.967: Total time for which application threads were stopped: 0.0009877 seconds, Stopping threads took: 0.0001037 seconds
2024-07-28T14:16:34.279+0800: 3.967: [CMS-concurrent-mark-start]
2024-07-28T14:16:34.281+0800: 3.969: [CMS-concurrent-mark: 0.002/0.002 secs] [Times: user=0.00 sys=0.00, real=0.00 secs] 
2024-07-28T14:16:34.281+0800: 3.969: [CMS-concurrent-preclean-start]
2024-07-28T14:16:34.281+0800: 3.969: [CMS-concurrent-preclean: 0.001/0.001 secs] [Times: user=0.00 sys=0.00, real=0.00 secs] 
2024-07-28T14:16:34.282+0800: 3.969: [CMS-concurrent-abortable-preclean-start]
2024-07-28T14:16:34.282+0800: 3.969: [CMS-concurrent-abortable-preclean: 0.000/0.000 secs] [Times: user=0.00 sys=0.00, real=0.00 secs] 
2024-07-28T14:16:34.282+0800: 3.970: Application time: 0.0030030 seconds
2024-07-28T14:16:34.282+0800: 3.970: [GC (CMS Final Remark) [YG occupancy: 125487 K (724416 K)]2024-07-28T14:16:34.282+0800: 3.970: [Rescan (parallel) , 0.0008995 secs]2024-07-28T14:16:34.283+0800: 3.971: [weak refs processing, 0.0000131 secs]2024-07-28T14:16:34.283+0800: 3.971: [class unloading, 0.0001727 secs]2024-07-28T14:16:34.283+0800: 3.971: [scrub symbol table, 0.0003173 secs]2024-07-28T14:16:34.284+0800: 3.971: [scrub string table, 0.0001065 secs][1 CMS-remark: 96908K(98528K)] 222396K(822944K), 0.0015765 secs] [Times: user=0.00 sys=0.00, real=0.00 secs] 
2024-07-28T14:16:34.284+0800: 3.971: Total time for which application threads were stopped: 0.0017112 seconds, Stopping threads took: 0.0000916 seconds
2024-07-28T14:16:34.284+0800: 3.971: [CMS-concurrent-sweep-start]
2024-07-28T14:16:34.285+0800: 3.972: [CMS-concurrent-sweep: 0.001/0.001 secs] [Times: user=0.00 sys=0.00, real=0.00 secs] 
2024-07-28T14:16:34.285+0800: 3.972: [CMS-concurrent-reset-start]
2024-07-28T14:16:34.285+0800: 3.973: [CMS-concurrent-reset: 0.000/0.000 secs] [Times: user=0.00 sys=0.00, real=0.00 secs] 
2024-07-28T14:16:34.421+0800: 4.109: Application time: 0.1373080 seconds
2024-07-28T14:16:34.421+0800: 4.109: Total time for which application threads were stopped: 0.0000983 seconds, Stopping threads took: 0.0000496 seconds
2024-07-28T14:16:34.948+0800: 4.637: Application time: 0.5277693 seconds
2024-07-28T14:16:34.948+0800: 4.637: [GC (Allocation Failure) 2024-07-28T14:16:34.948+0800: 4.637: [ParNew: 723512K->723512K(724416K), 0.0000192 secs]2024-07-28T14:16:34.948+0800: 4.637: [CMS: 63116K->105084K(105196K), 0.0309234 secs] 786628K->171645K(837056K), [Metaspace: 2924K->2924K(1056768K)], 0.0310539 secs] [Times: user=0.03 sys=0.00, real=0.03 secs] 
2024-07-28T14:16:34.979+0800: 4.668: Total time for which application threads were stopped: 0.0311758 seconds, Stopping threads took: 0.0000193 seconds
2024-07-28T14:16:34.980+0800: 4.668: Application time: 0.0002058 seconds
2024-07-28T14:16:34.980+0800: 4.668: [GC (CMS Initial Mark) [1 CMS-initial-mark: 105084K(112640K)] 186547K(837056K), 0.0007402 secs] [Times: user=0.00 sys=0.00, real=0.00 secs] 
2024-07-28T14:16:34.981+0800: 4.669: Total time for which application threads were stopped: 0.0008847 seconds, Stopping threads took: 0.0000874 seconds
2024-07-28T14:16:34.981+0800: 4.669: [CMS-concurrent-mark-start]
2024-07-28T14:16:34.982+0800: 4.671: [CMS-concurrent-mark: 0.002/0.002 secs] [Times: user=0.00 sys=0.00, real=0.00 secs] 
2024-07-28T14:16:34.983+0800: 4.671: [CMS-concurrent-preclean-start]
2024-07-28T14:16:34.983+0800: 4.671: [CMS-concurrent-preclean: 0.001/0.001 secs] [Times: user=0.00 sys=0.00, real=0.00 secs] 
2024-07-28T14:16:34.983+0800: 4.671: [CMS-concurrent-abortable-preclean-start]
2024-07-28T14:16:34.983+0800: 4.672: [CMS-concurrent-abortable-preclean: 0.000/0.000 secs] [Times: user=0.00 sys=0.00, real=0.00 secs] 
2024-07-28T14:16:34.983+0800: 4.672: Application time: 0.0027626 seconds
2024-07-28T14:16:34.983+0800: 4.672: [GC (CMS Final Remark) [YG occupancy: 100918 K (724416 K)]2024-07-28T14:16:34.983+0800: 4.672: [Rescan (parallel) , 0.0008075 secs]2024-07-28T14:16:34.984+0800: 4.672: [weak refs processing, 0.0000133 secs]2024-07-28T14:16:34.984+0800: 4.672: [class unloading, 0.0002588 secs]2024-07-28T14:16:34.985+0800: 4.673: [scrub symbol table, 0.0005210 secs]2024-07-28T14:16:34.985+0800: 4.673: [scrub string table, 0.0001858 secs][1 CMS-remark: 105084K(112640K)] 206003K(837056K), 0.0018843 secs] [Times: user=0.00 sys=0.00, real=0.00 secs] 
2024-07-28T14:16:34.985+0800: 4.674: Total time for which application threads were stopped: 0.0019743 seconds, Stopping threads took: 0.0000314 seconds
2024-07-28T14:16:34.986+0800: 4.674: [CMS-concurrent-sweep-start]
2024-07-28T14:16:34.986+0800: 4.674: [CMS-concurrent-sweep: 0.000/0.000 secs] [Times: user=0.00 sys=0.00, real=0.00 secs] 
2024-07-28T14:16:34.986+0800: 4.674: [CMS-concurrent-reset-start]
2024-07-28T14:16:34.986+0800: 4.674: [CMS-concurrent-reset: 0.000/0.000 secs] [Times: user=0.00 sys=0.00, real=0.00 secs] 
2024-07-28T14:16:35.748+0800: 5.436: Application time: 0.7623484 seconds
2024-07-28T14:16:35.748+0800: 5.436: [GC (Allocation Failure) 2024-07-28T14:16:35.748+0800: 5.436: [ParNew: 723520K->723520K(724416K), 0.0000193 secs]2024-07-28T14:16:35.748+0800: 5.436: [CMS: 105084K->8827K(112640K), 0.0030419 secs] 828604K->8827K(837056K), [Metaspace: 2924K->2924K(1056768K)], 0.0031294 secs] [Times: user=0.00 sys=0.00, real=0.00 secs] 
2024-07-28T14:16:35.751+0800: 5.439: Total time for which application threads were stopped: 0.0032394 seconds, Stopping threads took: 0.0000187 seconds
2024-07-28T14:16:36.414+0800: 6.103: Application time: 0.6634590 seconds
2024-07-28T14:16:36.414+0800: 6.103: [GC (Allocation Failure) 2024-07-28T14:16:36.415+0800: 6.103: [ParNew: 643656K->36864K(724416K), 0.0061028 secs] 652483K->45691K(837056K), 0.0061699 secs] [Times: user=0.00 sys=0.00, real=0.01 secs] 
2024-07-28T14:16:36.421+0800: 6.109: Total time for which application threads were stopped: 0.0062878 seconds, Stopping threads took: 0.0000207 seconds
2024-07-28T14:16:37.095+0800: 6.783: Application time: 0.6743003 seconds
2024-07-28T14:16:37.095+0800: 6.783: [GC (Allocation Failure) 2024-07-28T14:16:37.095+0800: 6.783: [ParNew: 680522K->65545K(724416K), 0.0102946 secs] 689349K->74372K(837056K), 0.0103574 secs] [Times: user=0.03 sys=0.00, real=0.01 secs] 
2024-07-28T14:16:37.106+0800: 6.794: Total time for which application threads were stopped: 0.0104875 seconds, Stopping threads took: 0.0000217 seconds
2024-07-28T14:16:37.776+0800: 7.465: Application time: 0.6708696 seconds
2024-07-28T14:16:37.776+0800: 7.465: [GC (Allocation Failure) 2024-07-28T14:16:37.776+0800: 7.465: [ParNew: 709204K->79873K(724416K), 0.0142179 secs] 718031K->103053K(837056K), 0.0142791 secs] [Times: user=0.03 sys=0.00, real=0.01 secs] 
2024-07-28T14:16:37.790+0800: 7.479: Total time for which application threads were stopped: 0.0143905 seconds, Stopping threads took: 0.0000179 seconds
2024-07-28T14:16:38.559+0800: 8.247: Application time: 0.7680971 seconds
2024-07-28T14:16:38.559+0800: 8.247: [GC (Allocation Failure) 2024-07-28T14:16:38.559+0800: 8.247: [ParNew: 723100K->79877K(724416K), 0.0164950 secs] 746280K->132753K(837056K), 0.0165598 secs] [Times: user=0.03 sys=0.00, real=0.02 secs] 
2024-07-28T14:16:38.575+0800: 8.264: Total time for which application threads were stopped: 0.0166949 seconds, Stopping threads took: 0.0000205 seconds
2024-07-28T14:16:38.575+0800: 8.264: Application time: 0.0001569 seconds
2024-07-28T14:16:38.576+0800: 8.264: [GC (CMS Initial Mark) [1 CMS-initial-mark: 52876K(112640K)] 147578K(837056K), 0.0008049 secs] [Times: user=0.00 sys=0.00, real=0.00 secs] 
2024-07-28T14:16:38.576+0800: 8.265: Total time for which application threads were stopped: 0.0010147 seconds, Stopping threads took: 0.0001679 seconds
2024-07-28T14:16:38.577+0800: 8.265: [CMS-concurrent-mark-start]
2024-07-28T14:16:38.578+0800: 8.267: [CMS-concurrent-mark: 0.002/0.002 secs] [Times: user=0.00 sys=0.00, real=0.00 secs] 
2024-07-28T14:16:38.578+0800: 8.267: [CMS-concurrent-preclean-start]
2024-07-28T14:16:38.579+0800: 8.267: [CMS-concurrent-preclean: 0.000/0.000 secs] [Times: user=0.00 sys=0.00, real=0.00 secs] 
2024-07-28T14:16:38.579+0800: 8.267: [CMS-concurrent-abortable-preclean-start]
2024-07-28T14:16:39.124+0800: 8.812: [CMS-concurrent-abortable-preclean: 0.003/0.545 secs] [Times: user=0.06 sys=0.00, real=0.55 secs] 
2024-07-28T14:16:39.124+0800: 8.812: Application time: 0.5471292 seconds
2024-07-28T14:16:39.124+0800: 8.812: [GC (CMS Final Remark) [YG occupancy: 588277 K (724416 K)]2024-07-28T14:16:39.124+0800: 8.812: [Rescan (parallel) , 0.0006432 secs]2024-07-28T14:16:39.125+0800: 8.813: [weak refs processing, 0.0000240 secs]2024-07-28T14:16:39.125+0800: 8.813: [class unloading, 0.0002027 secs]2024-07-28T14:16:39.125+0800: 8.813: [scrub symbol table, 0.0004626 secs]2024-07-28T14:16:39.126+0800: 8.814: [scrub string table, 0.0001384 secs][1 CMS-remark: 52876K(112640K)] 641154K(837056K), 0.0015867 secs] [Times: user=0.00 sys=0.00, real=0.00 secs] 
2024-07-28T14:16:39.126+0800: 8.814: Total time for which application threads were stopped: 0.0017347 seconds, Stopping threads took: 0.0000851 seconds
2024-07-28T14:16:39.126+0800: 8.814: [CMS-concurrent-sweep-start]
2024-07-28T14:16:39.127+0800: 8.815: [CMS-concurrent-sweep: 0.001/0.001 secs] [Times: user=0.00 sys=0.00, real=0.00 secs] 
2024-07-28T14:16:39.127+0800: 8.815: [CMS-concurrent-reset-start]
2024-07-28T14:16:39.127+0800: 8.815: [CMS-concurrent-reset: 0.000/0.000 secs] [Times: user=0.00 sys=0.00, real=0.00 secs] 
2024-07-28T14:16:39.236+0800: 8.924: Application time: 0.1103137 seconds
2024-07-28T14:16:39.236+0800: 8.924: [GC (Allocation Failure) 2024-07-28T14:16:39.236+0800: 8.924: [ParNew: 723447K->79873K(724416K), 0.0207826 secs] 753795K->168590K(837056K), 0.0208532 secs] [Times: user=0.06 sys=0.00, real=0.02 secs] 
2024-07-28T14:16:39.257+0800: 8.945: Total time for which application threads were stopped: 0.0209757 seconds, Stopping threads took: 0.0000197 seconds
2024-07-28T14:16:39.257+0800: 8.945: Application time: 0.0001770 seconds
2024-07-28T14:16:39.257+0800: 8.945: [GC (CMS Initial Mark) [1 CMS-initial-mark: 88717K(112640K)] 183447K(837056K), 0.0007489 secs] [Times: user=0.00 sys=0.00, real=0.00 secs] 
2024-07-28T14:16:39.258+0800: 8.946: Total time for which application threads were stopped: 0.0009564 seconds, Stopping threads took: 0.0001642 seconds
2024-07-28T14:16:39.258+0800: 8.946: [CMS-concurrent-mark-start]
2024-07-28T14:16:39.260+0800: 8.948: [CMS-concurrent-mark: 0.002/0.002 secs] [Times: user=0.00 sys=0.00, real=0.00 secs] 
2024-07-28T14:16:39.260+0800: 8.948: [CMS-concurrent-preclean-start]
2024-07-28T14:16:39.260+0800: 8.948: [CMS-concurrent-preclean: 0.000/0.000 secs] [Times: user=0.00 sys=0.00, real=0.00 secs] 
2024-07-28T14:16:39.260+0800: 8.948: [CMS-concurrent-abortable-preclean-start]
2024-07-28T14:16:39.260+0800: 8.948: [CMS-concurrent-abortable-preclean: 0.000/0.000 secs] [Times: user=0.00 sys=0.00, real=0.00 secs] 
2024-07-28T14:16:39.260+0800: 8.949: Application time: 0.0023942 seconds
2024-07-28T14:16:39.261+0800: 8.949: [GC (CMS Final Remark) [YG occupancy: 119306 K (724416 K)]2024-07-28T14:16:39.261+0800: 8.949: [Rescan (parallel) , 0.0007764 secs]2024-07-28T14:16:39.261+0800: 8.950: [weak refs processing, 0.0000114 secs]2024-07-28T14:16:39.261+0800: 8.950: [class unloading, 0.0001886 secs]2024-07-28T14:16:39.262+0800: 8.950: [scrub symbol table, 0.0003272 secs]2024-07-28T14:16:39.262+0800: 8.950: [scrub string table, 0.0000924 secs][1 CMS-remark: 88717K(112640K)] 208024K(837056K), 0.0014541 secs] [Times: user=0.00 sys=0.00, real=0.00 secs] 
2024-07-28T14:16:39.262+0800: 8.950: Total time for which application threads were stopped: 0.0015800 seconds, Stopping threads took: 0.0000928 seconds
2024-07-28T14:16:39.262+0800: 8.950: [CMS-concurrent-sweep-start]
2024-07-28T14:16:39.263+0800: 8.951: [CMS-concurrent-sweep: 0.000/0.000 secs] [Times: user=0.00 sys=0.00, real=0.00 secs] 
2024-07-28T14:16:39.263+0800: 8.951: [CMS-concurrent-reset-start]
2024-07-28T14:16:39.263+0800: 8.951: [CMS-concurrent-reset: 0.000/0.000 secs] [Times: user=0.00 sys=0.00, real=0.00 secs] 
2024-07-28T14:16:39.930+0800: 9.618: Application time: 0.6678156 seconds
2024-07-28T14:16:39.930+0800: 9.618: [GC (Allocation Failure) 2024-07-28T14:16:39.930+0800: 9.618: [ParNew: 723476K->723476K(724416K), 0.0000189 secs]2024-07-28T14:16:39.930+0800: 9.618: [CMS: 59020K->112253K(112640K), 0.0279069 secs] 782496K->167550K(837056K), [Metaspace: 2931K->2931K(1056768K)], 0.0280078 secs] [Times: user=0.03 sys=0.00, real=0.03 secs] 
2024-07-28T14:16:39.958+0800: 9.646: Total time for which application threads were stopped: 0.0281261 seconds, Stopping threads took: 0.0000192 seconds
2024-07-28T14:16:39.958+0800: 9.646: Application time: 0.0001920 seconds
2024-07-28T14:16:39.959+0800: 9.647: [GC (CMS Initial Mark) [1 CMS-initial-mark: 112253K(112640K)] 182428K(837056K), 0.0007725 secs] [Times: user=0.00 sys=0.00, real=0.00 secs] 
2024-07-28T14:16:39.959+0800: 9.647: Total time for which application threads were stopped: 0.0009412 seconds, Stopping threads took: 0.0001244 seconds
2024-07-28T14:16:39.959+0800: 9.647: [CMS-concurrent-mark-start]
2024-07-28T14:16:39.961+0800: 9.649: [CMS-concurrent-mark: 0.002/0.002 secs] [Times: user=0.00 sys=0.00, real=0.00 secs] 
2024-07-28T14:16:39.961+0800: 9.649: [CMS-concurrent-preclean-start]
2024-07-28T14:16:39.962+0800: 9.650: [CMS-concurrent-preclean: 0.001/0.001 secs] [Times: user=0.00 sys=0.00, real=0.00 secs] 
2024-07-28T14:16:39.962+0800: 9.650: [CMS-concurrent-abortable-preclean-start]
2024-07-28T14:16:39.962+0800: 9.650: [CMS-concurrent-abortable-preclean: 0.000/0.000 secs] [Times: user=0.00 sys=0.00, real=0.00 secs] 
2024-07-28T14:16:39.962+0800: 9.650: Application time: 0.0027561 seconds
2024-07-28T14:16:39.962+0800: 9.650: [GC (CMS Final Remark) [YG occupancy: 93727 K (724416 K)]2024-07-28T14:16:39.962+0800: 9.650: [Rescan (parallel) , 0.0006779 secs]2024-07-28T14:16:39.963+0800: 9.651: [weak refs processing, 0.0000165 secs]2024-07-28T14:16:39.963+0800: 9.651: [class unloading, 0.0003320 secs]2024-07-28T14:16:39.963+0800: 9.651: [scrub symbol table, 0.0003898 secs]2024-07-28T14:16:39.964+0800: 9.652: [scrub string table, 0.0000926 secs][1 CMS-remark: 112253K(112640K)] 205980K(837056K), 0.0015804 secs] [Times: user=0.00 sys=0.00, real=0.00 secs] 
2024-07-28T14:16:39.964+0800: 9.652: Total time for which application threads were stopped: 0.0016339 seconds, Stopping threads took: 0.0000136 seconds
2024-07-28T14:16:39.964+0800: 9.652: [CMS-concurrent-sweep-start]
2024-07-28T14:16:39.964+0800: 9.652: [CMS-concurrent-sweep: 0.000/0.000 secs] [Times: user=0.00 sys=0.00, real=0.00 secs] 
2024-07-28T14:16:39.964+0800: 9.652: [CMS-concurrent-reset-start]
2024-07-28T14:16:39.964+0800: 9.652: [CMS-concurrent-reset: 0.000/0.000 secs] [Times: user=0.00 sys=0.00, real=0.00 secs] 
2024-07-28T14:16:40.732+0800: 10.420: Application time: 0.7684077 seconds
2024-07-28T14:16:40.732+0800: 10.420: [GC (Allocation Failure) 2024-07-28T14:16:40.732+0800: 10.420: [ParNew: 723496K->723496K(724416K), 0.0000284 secs]2024-07-28T14:16:40.732+0800: 10.420: [CMS: 112253K->15995K(112640K), 0.0040437 secs] 835750K->15995K(837056K), [Metaspace: 2932K->2932K(1056768K)], 0.0041436 secs] [Times: user=0.00 sys=0.00, real=0.00 secs] 
2024-07-28T14:16:40.736+0800: 10.424: Total time for which application threads were stopped: 0.0042605 seconds, Stopping threads took: 0.0000182 seconds
2024-07-28T14:16:41.400+0800: 11.088: Application time: 0.6638820 seconds
2024-07-28T14:16:41.401+0800: 11.088: [GC (Allocation Failure) 2024-07-28T14:16:41.401+0800: 11.088: [ParNew: 643640K->44032K(724416K), 0.0070615 secs] 659636K->60028K(837056K), 0.0071225 secs] [Times: user=0.00 sys=0.00, real=0.01 secs] 
2024-07-28T14:16:41.408+0800: 11.095: Total time for which application threads were stopped: 0.0072355 seconds, Stopping threads took: 0.0000196 seconds
Heap
 par new generation   total 724416K, used 634295K [0x00000000c8000000, 0x00000000f9200000, 0x00000000f9200000)
  eden space 643968K,  91% used [0x00000000c8000000, 0x00000000ec06da78, 0x00000000ef4e0000)
  from space 80448K,  54% used [0x00000000f4370000, 0x00000000f6e702b0, 0x00000000f9200000)
  to   space 80448K,   0% used [0x00000000ef4e0000, 0x00000000ef4e0000, 0x00000000f4370000)
 concurrent mark-sweep generation total 112640K, used 15995K [0x00000000f9200000, 0x0000000100000000, 0x0000000100000000)
 Metaspace       used 2943K, capacity 4486K, committed 4864K, reserved 1056768K
  class space    used 305K, capacity 386K, committed 512K, reserved 1048576K
2024-07-28T14:16:42.076+0800: 11.764: Application time: 0.6684784 seconds
