OpenJDK 64-Bit Server VM (25.412-b1) for windows-amd64 JRE (1.8.0_412-b1), built on Apr 23 2024 12:00:37 by "Administrator" with MS VC++ 10.0 (VS2010)
Memory: 4k page, physical 16672068k(4777132k free), swap 19912000k(3974376k free)
CommandLine flags: -XX:+CMSParallelInitialMarkEnabled -XX:ConcGCThreads=8 -XX:GCDrainStackTargetSize=64 -XX:InitialHeapSize=829633328 -XX:MaxHeapSize=939524096 -XX:MaxNewSize=824180736 -XX:MaxTenuringThreshold=6 -XX:NewSize=824180736 -XX:OldPLABSize=16 -XX:+PrintGC -XX:+PrintGCApplicationConcurrentTime -XX:+PrintGCApplicationStoppedTime -XX:+PrintGCDateStamps -XX:+PrintGCDetails -XX:+PrintGCTimeStamps -XX:+UseCompressedClassPointers -XX:+UseCompressedOops -XX:+UseConcMarkSweepGC -XX:-UseLargePagesIndividualAllocation -XX:+UseParNewGC 
2024-07-28T14:16:43.198+0800: 1.026: Application time: 0.9537469 seconds
2024-07-28T14:16:43.198+0800: 1.026: [GC (Allocation Failure) 2024-07-28T14:16:43.198+0800: 1.027: [ParNew: 643673K->28374K(724416K), 0.0152300 secs] 643673K->28374K(730560K), 0.0154419 secs] [Times: user=0.02 sys=0.02, real=0.02 secs] 
2024-07-28T14:16:43.213+0800: 1.042: Total time for which application threads were stopped: 0.0155763 seconds, Stopping threads took: 0.0000210 seconds
2024-07-28T14:16:43.882+0800: 1.712: Application time: 0.6698994 seconds
2024-07-28T14:16:43.882+0800: 1.712: [GC (Allocation Failure) 2024-07-28T14:16:43.882+0800: 1.712: [ParNew: 671918K->57323K(724416K), 0.0271721 secs] 671918K->57323K(730560K), 0.0272394 secs] [Times: user=0.03 sys=0.01, real=0.03 secs] 
2024-07-28T14:16:43.911+0800: 1.739: Total time for which application threads were stopped: 0.0273629 seconds, Stopping threads took: 0.0000191 seconds
2024-07-28T14:16:44.576+0800: 2.405: Application time: 0.6658469 seconds
2024-07-28T14:16:44.576+0800: 2.405: [GC (Allocation Failure) 2024-07-28T14:16:44.576+0800: 2.405: [ParNew: 700900K->79873K(724416K), 0.0273806 secs] 700900K->85645K(731588K), 0.0274417 secs] [Times: user=0.05 sys=0.03, real=0.03 secs] 
2024-07-28T14:16:44.604+0800: 2.433: Total time for which application threads were stopped: 0.0275504 seconds, Stopping threads took: 0.0000195 seconds
2024-07-28T14:16:44.604+0800: 2.433: Application time: 0.0002746 seconds
2024-07-28T14:16:44.604+0800: 2.433: [GC (CMS Initial Mark) [1 CMS-initial-mark: 5772K(7172K)] 100507K(731588K), 0.0006176 secs] [Times: user=0.00 sys=0.00, real=0.00 secs] 
2024-07-28T14:16:44.605+0800: 2.434: Total time for which application threads were stopped: 0.0007379 seconds, Stopping threads took: 0.0000806 seconds
2024-07-28T14:16:44.605+0800: 2.434: [CMS-concurrent-mark-start]
2024-07-28T14:16:44.606+0800: 2.435: [CMS-concurrent-mark: 0.001/0.001 secs] [Times: user=0.00 sys=0.00, real=0.00 secs] 
2024-07-28T14:16:44.606+0800: 2.435: [CMS-concurrent-preclean-start]
2024-07-28T14:16:44.606+0800: 2.435: [CMS-concurrent-preclean: 0.000/0.000 secs] [Times: user=0.00 sys=0.00, real=0.00 secs] 
2024-07-28T14:16:44.606+0800: 2.435: [CMS-concurrent-abortable-preclean-start]
2024-07-28T14:16:45.157+0800: 2.986: [CMS-concurrent-abortable-preclean: 0.001/0.551 secs] [Times: user=0.03 sys=0.00, real=0.55 secs] 
2024-07-28T14:16:45.157+0800: 2.986: Application time: 0.5527507 seconds
2024-07-28T14:16:45.157+0800: 2.986: [GC (CMS Final Remark) [YG occupancy: 514581 K (724416 K)]2024-07-28T14:16:45.158+0800: 2.986: [Rescan (parallel) , 0.0011809 secs]2024-07-28T14:16:45.159+0800: 2.988: [weak refs processing, 0.0000143 secs]2024-07-28T14:16:45.159+0800: 2.988: [class unloading, 0.0001926 secs]2024-07-28T14:16:45.159+0800: 2.988: [scrub symbol table, 0.0003602 secs]2024-07-28T14:16:45.159+0800: 2.988: [scrub string table, 0.0001344 secs][1 CMS-remark: 5772K(7172K)] 520354K(731588K), 0.0019743 secs] [Times: user=0.00 sys=0.00, real=0.00 secs] 
2024-07-28T14:16:45.159+0800: 2.988: Total time for which application threads were stopped: 0.0021203 seconds, Stopping threads took: 0.0001023 seconds
2024-07-28T14:16:45.160+0800: 2.989: [CMS-concurrent-sweep-start]
2024-07-28T14:16:45.161+0800: 2.990: [CMS-concurrent-sweep: 0.001/0.001 secs] [Times: user=0.03 sys=0.00, real=0.00 secs] 
2024-07-28T14:16:45.161+0800: 2.990: [CMS-concurrent-reset-start]
2024-07-28T14:16:45.163+0800: 2.992: [CMS-concurrent-reset: 0.001/0.001 secs] [Times: user=0.00 sys=0.00, real=0.00 secs] 
2024-07-28T14:16:45.392+0800: 3.221: Application time: 0.2327983 seconds
2024-07-28T14:16:45.392+0800: 3.221: [GC (Allocation Failure) 2024-07-28T14:16:45.392+0800: 3.221: [ParNew: 723480K->79873K(724416K), 0.0377605 secs] 729252K->119437K(764876K), 0.0378196 secs] [Times: user=0.09 sys=0.00, real=0.04 secs] 
2024-07-28T14:16:45.430+0800: 3.259: Total time for which application threads were stopped: 0.0379362 seconds, Stopping threads took: 0.0000198 seconds
2024-07-28T14:16:45.430+0800: 3.259: Application time: 0.0002209 seconds
2024-07-28T14:16:45.430+0800: 3.259: [GC (CMS Initial Mark) [1 CMS-initial-mark: 39563K(40460K)] 134318K(764876K), 0.0008365 secs] [Times: user=0.00 sys=0.00, real=0.00 secs] 
2024-07-28T14:16:45.431+0800: 3.260: Total time for which application threads were stopped: 0.0009517 seconds, Stopping threads took: 0.0000720 seconds
2024-07-28T14:16:45.431+0800: 3.260: [CMS-concurrent-mark-start]
2024-07-28T14:16:45.433+0800: 3.262: [CMS-concurrent-mark: 0.002/0.002 secs] [Times: user=0.00 sys=0.00, real=0.00 secs] 
2024-07-28T14:16:45.433+0800: 3.262: [CMS-concurrent-preclean-start]
2024-07-28T14:16:45.434+0800: 3.263: [CMS-concurrent-preclean: 0.000/0.000 secs] [Times: user=0.00 sys=0.00, real=0.00 secs] 
2024-07-28T14:16:45.434+0800: 3.263: [CMS-concurrent-abortable-preclean-start]
2024-07-28T14:16:45.991+0800: 3.820: [CMS-concurrent-abortable-preclean: 0.002/0.557 secs] [Times: user=0.03 sys=0.00, real=0.56 secs] 
2024-07-28T14:16:45.991+0800: 3.820: Application time: 0.5597493 seconds
2024-07-28T14:16:45.991+0800: 3.820: [GC (CMS Final Remark) [YG occupancy: 584233 K (724416 K)]2024-07-28T14:16:45.991+0800: 3.820: [Rescan (parallel) , 0.0005681 secs]2024-07-28T14:16:45.992+0800: 3.821: [weak refs processing, 0.0000153 secs]2024-07-28T14:16:45.992+0800: 3.821: [class unloading, 0.0002778 secs]2024-07-28T14:16:45.992+0800: 3.821: [scrub symbol table, 0.0003316 secs]2024-07-28T14:16:45.993+0800: 3.822: [scrub string table, 0.0000904 secs][1 CMS-remark: 39563K(40460K)] 623797K(764876K), 0.0013839 secs] [Times: user=0.00 sys=0.00, real=0.00 secs] 
2024-07-28T14:16:45.993+0800: 3.822: Total time for which application threads were stopped: 0.0016053 seconds, Stopping threads took: 0.0001741 seconds
2024-07-28T14:16:45.993+0800: 3.822: [CMS-concurrent-sweep-start]
2024-07-28T14:16:45.994+0800: 3.823: [CMS-concurrent-sweep: 0.001/0.001 secs] [Times: user=0.00 sys=0.00, real=0.00 secs] 
2024-07-28T14:16:45.995+0800: 3.824: [CMS-concurrent-reset-start]
2024-07-28T14:16:45.995+0800: 3.824: [CMS-concurrent-reset: 0.000/0.000 secs] [Times: user=0.00 sys=0.00, real=0.00 secs] 
2024-07-28T14:16:46.106+0800: 3.935: Application time: 0.1128815 seconds
2024-07-28T14:16:46.106+0800: 3.935: [GC (Allocation Failure) 2024-07-28T14:16:46.106+0800: 3.935: [ParNew: 723500K->79873K(724416K), 0.0431461 secs] 757943K->176782K(822944K), 0.0432068 secs] [Times: user=0.08 sys=0.02, real=0.04 secs] 
2024-07-28T14:16:46.149+0800: 3.978: Total time for which application threads were stopped: 0.0433400 seconds, Stopping threads took: 0.0000210 seconds
2024-07-28T14:16:46.149+0800: 3.978: Application time: 0.0002636 seconds
2024-07-28T14:16:46.149+0800: 3.978: [GC (CMS Initial Mark) [1 CMS-initial-mark: 96908K(98528K)] 191675K(822944K), 0.0008003 secs] [Times: user=0.00 sys=0.00, real=0.00 secs] 
2024-07-28T14:16:46.150+0800: 3.979: Total time for which application threads were stopped: 0.0009467 seconds, Stopping threads took: 0.0001042 seconds
2024-07-28T14:16:46.150+0800: 3.979: [CMS-concurrent-mark-start]
2024-07-28T14:16:46.152+0800: 3.981: [CMS-concurrent-mark: 0.002/0.002 secs] [Times: user=0.00 sys=0.00, real=0.00 secs] 
2024-07-28T14:16:46.152+0800: 3.981: [CMS-concurrent-preclean-start]
2024-07-28T14:16:46.153+0800: 3.982: [CMS-concurrent-preclean: 0.000/0.000 secs] [Times: user=0.00 sys=0.00, real=0.00 secs] 
2024-07-28T14:16:46.153+0800: 3.982: [CMS-concurrent-abortable-preclean-start]
2024-07-28T14:16:46.153+0800: 3.982: [CMS-concurrent-abortable-preclean: 0.000/0.000 secs] [Times: user=0.00 sys=0.00, real=0.00 secs] 
2024-07-28T14:16:46.153+0800: 3.982: Application time: 0.0029734 seconds
2024-07-28T14:16:46.153+0800: 3.982: [GC (CMS Final Remark) [YG occupancy: 125487 K (724416 K)]2024-07-28T14:16:46.153+0800: 3.982: [Rescan (parallel) , 0.0010244 secs]2024-07-28T14:16:46.154+0800: 3.983: [weak refs processing, 0.0000128 secs]2024-07-28T14:16:46.154+0800: 3.983: [class unloading, 0.0001830 secs]2024-07-28T14:16:46.155+0800: 3.983: [scrub symbol table, 0.0003202 secs]2024-07-28T14:16:46.155+0800: 3.984: [scrub string table, 0.0000898 secs][1 CMS-remark: 96908K(98528K)] 222396K(822944K), 0.0016960 secs] [Times: user=0.00 sys=0.00, real=0.00 secs] 
2024-07-28T14:16:46.155+0800: 3.984: Total time for which application threads were stopped: 0.0017868 seconds, Stopping threads took: 0.0000505 seconds
2024-07-28T14:16:46.155+0800: 3.984: [CMS-concurrent-sweep-start]
2024-07-28T14:16:46.156+0800: 3.985: [CMS-concurrent-sweep: 0.001/0.001 secs] [Times: user=0.00 sys=0.00, real=0.00 secs] 
2024-07-28T14:16:46.156+0800: 3.985: [CMS-concurrent-reset-start]
2024-07-28T14:16:46.156+0800: 3.985: [CMS-concurrent-reset: 0.000/0.000 secs] [Times: user=0.00 sys=0.00, real=0.00 secs] 
2024-07-28T14:16:46.293+0800: 4.122: Application time: 0.1381443 seconds
2024-07-28T14:16:46.293+0800: 4.122: Total time for which application threads were stopped: 0.0002156 seconds, Stopping threads took: 0.0001671 seconds
2024-07-28T14:16:46.820+0800: 4.650: Application time: 0.5275801 seconds
2024-07-28T14:16:46.821+0800: 4.650: [GC (Allocation Failure) 2024-07-28T14:16:46.821+0800: 4.650: [ParNew: 723512K->723512K(724416K), 0.0000188 secs]2024-07-28T14:16:46.821+0800: 4.650: [CMS: 63116K->105084K(105196K), 0.0292626 secs] 786628K->171645K(837056K), [Metaspace: 2924K->2924K(1056768K)], 0.0294067 secs] [Times: user=0.03 sys=0.00, real=0.03 secs] 
2024-07-28T14:16:46.850+0800: 4.679: Total time for which application threads were stopped: 0.0295247 seconds, Stopping threads took: 0.0000229 seconds
2024-07-28T14:16:46.850+0800: 4.680: Application time: 0.0001854 seconds
2024-07-28T14:16:46.850+0800: 4.680: [GC (CMS Initial Mark) [1 CMS-initial-mark: 105084K(112640K)] 186547K(837056K), 0.0008143 secs] [Times: user=0.00 sys=0.00, real=0.00 secs] 
2024-07-28T14:16:46.851+0800: 4.680: Total time for which application threads were stopped: 0.0009318 seconds, Stopping threads took: 0.0000748 seconds
2024-07-28T14:16:46.851+0800: 4.681: [CMS-concurrent-mark-start]
2024-07-28T14:16:46.853+0800: 4.682: [CMS-concurrent-mark: 0.002/0.002 secs] [Times: user=0.00 sys=0.00, real=0.00 secs] 
2024-07-28T14:16:46.853+0800: 4.683: [CMS-concurrent-preclean-start]
2024-07-28T14:16:46.854+0800: 4.683: [CMS-concurrent-preclean: 0.001/0.001 secs] [Times: user=0.00 sys=0.00, real=0.00 secs] 
2024-07-28T14:16:46.854+0800: 4.683: [CMS-concurrent-abortable-preclean-start]
2024-07-28T14:16:46.854+0800: 4.683: [CMS-concurrent-abortable-preclean: 0.000/0.000 secs] [Times: user=0.00 sys=0.00, real=0.00 secs] 
2024-07-28T14:16:46.854+0800: 4.683: Application time: 0.0027964 seconds
2024-07-28T14:16:46.854+0800: 4.683: [GC (CMS Final Remark) [YG occupancy: 100918 K (724416 K)]2024-07-28T14:16:46.854+0800: 4.683: [Rescan (parallel) , 0.0008966 secs]2024-07-28T14:16:46.855+0800: 4.684: [weak refs processing, 0.0000122 secs]2024-07-28T14:16:46.855+0800: 4.684: [class unloading, 0.0001832 secs]2024-07-28T14:16:46.855+0800: 4.684: [scrub symbol table, 0.0003114 secs]2024-07-28T14:16:46.855+0800: 4.685: [scrub string table, 0.0000992 secs][1 CMS-remark: 105084K(112640K)] 206003K(837056K), 0.0015653 secs] [Times: user=0.00 sys=0.00, real=0.00 secs] 
2024-07-28T14:16:46.856+0800: 4.685: Total time for which application threads were stopped: 0.0016096 seconds, Stopping threads took: 0.0000122 seconds
2024-07-28T14:16:46.856+0800: 4.685: [CMS-concurrent-sweep-start]
2024-07-28T14:16:46.856+0800: 4.685: [CMS-concurrent-sweep: 0.000/0.000 secs] [Times: user=0.00 sys=0.00, real=0.00 secs] 
2024-07-28T14:16:46.856+0800: 4.685: [CMS-concurrent-reset-start]
2024-07-28T14:16:46.856+0800: 4.685: [CMS-concurrent-reset: 0.000/0.000 secs] [Times: user=0.00 sys=0.00, real=0.00 secs] 
2024-07-28T14:16:47.619+0800: 5.447: Application time: 0.7625917 seconds
2024-07-28T14:16:47.619+0800: 5.448: [GC (Allocation Failure) 2024-07-28T14:16:47.619+0800: 5.448: [ParNew: 723520K->723520K(724416K), 0.0000187 secs]2024-07-28T14:16:47.619+0800: 5.448: [CMS: 105084K->8827K(112640K), 0.0028488 secs] 828604K->8827K(837056K), [Metaspace: 2924K->2924K(1056768K)], 0.0029418 secs] [Times: user=0.00 sys=0.00, real=0.00 secs] 
2024-07-28T14:16:47.622+0800: 5.451: Total time for which application threads were stopped: 0.0030574 seconds, Stopping threads took: 0.0000210 seconds
2024-07-28T14:16:48.298+0800: 6.127: Application time: 0.6767871 seconds
2024-07-28T14:16:48.299+0800: 6.127: [GC (Allocation Failure) 2024-07-28T14:16:48.785+0800: 6.614: [ParNew: 643656K->36864K(724416K), 0.0064559 secs] 652483K->45691K(837056K), 0.4929409 secs] [Times: user=0.09 sys=0.02, real=0.49 secs] 
2024-07-28T14:16:48.792+0800: 6.620: Total time for which application threads were stopped: 0.4930785 seconds, Stopping threads took: 0.0000192 seconds
2024-07-28T14:16:49.468+0800: 7.297: Application time: 0.6766905 seconds
2024-07-28T14:16:49.468+0800: 7.297: [GC (Allocation Failure) 2024-07-28T14:16:49.468+0800: 7.297: [ParNew: 680522K->65549K(724416K), 0.0103915 secs] 689349K->74376K(837056K), 0.0104527 secs] [Times: user=0.03 sys=0.00, real=0.01 secs] 
2024-07-28T14:16:49.479+0800: 7.308: Total time for which application threads were stopped: 0.0105660 seconds, Stopping threads took: 0.0000208 seconds
2024-07-28T14:16:50.148+0800: 7.977: Application time: 0.6693659 seconds
2024-07-28T14:16:50.148+0800: 7.977: [GC (Allocation Failure) 2024-07-28T14:16:50.148+0800: 7.977: [ParNew: 709208K->79873K(724416K), 0.0145031 secs] 718035K->103051K(837056K), 0.0145624 secs] [Times: user=0.03 sys=0.00, real=0.02 secs] 
2024-07-28T14:16:50.163+0800: 7.992: Total time for which application threads were stopped: 0.0146871 seconds, Stopping threads took: 0.0000330 seconds
2024-07-28T14:16:50.931+0800: 8.760: Application time: 0.7680721 seconds
2024-07-28T14:16:50.931+0800: 8.760: [GC (Allocation Failure) 2024-07-28T14:16:50.931+0800: 8.760: [ParNew: 723100K->79877K(724416K), 0.0166755 secs] 746278K->132751K(837056K), 0.0167375 secs] [Times: user=0.03 sys=0.00, real=0.02 secs] 
2024-07-28T14:16:50.947+0800: 8.777: Total time for which application threads were stopped: 0.0168771 seconds, Stopping threads took: 0.0000197 seconds
2024-07-28T14:16:50.948+0800: 8.777: Application time: 0.0001709 seconds
2024-07-28T14:16:50.948+0800: 8.777: [GC (CMS Initial Mark) [1 CMS-initial-mark: 52874K(112640K)] 147576K(837056K), 0.0004821 secs] [Times: user=0.00 sys=0.00, real=0.00 secs] 
2024-07-28T14:16:50.948+0800: 8.777: Total time for which application threads were stopped: 0.0005983 seconds, Stopping threads took: 0.0000741 seconds
2024-07-28T14:16:50.948+0800: 8.778: [CMS-concurrent-mark-start]
2024-07-28T14:16:50.950+0800: 8.779: [CMS-concurrent-mark: 0.002/0.002 secs] [Times: user=0.00 sys=0.00, real=0.00 secs] 
2024-07-28T14:16:50.950+0800: 8.779: [CMS-concurrent-preclean-start]
2024-07-28T14:16:50.950+0800: 8.780: [CMS-concurrent-preclean: 0.000/0.000 secs] [Times: user=0.00 sys=0.00, real=0.00 secs] 
2024-07-28T14:16:50.950+0800: 8.780: [CMS-concurrent-abortable-preclean-start]
2024-07-28T14:16:51.500+0800: 9.328: [CMS-concurrent-abortable-preclean: 0.003/0.548 secs] [Times: user=0.03 sys=0.00, real=0.55 secs] 
2024-07-28T14:16:51.500+0800: 9.328: Application time: 0.5509239 seconds
2024-07-28T14:16:51.500+0800: 9.329: [GC (CMS Final Remark) [YG occupancy: 588277 K (724416 K)]2024-07-28T14:16:51.500+0800: 9.329: [Rescan (parallel) , 0.0005339 secs]2024-07-28T14:16:51.500+0800: 9.329: [weak refs processing, 0.0000275 secs]2024-07-28T14:16:51.500+0800: 9.329: [class unloading, 0.0001748 secs]2024-07-28T14:16:51.500+0800: 9.329: [scrub symbol table, 0.0003171 secs]2024-07-28T14:16:51.501+0800: 9.330: [scrub string table, 0.0000917 secs][1 CMS-remark: 52874K(112640K)] 641152K(837056K), 0.0012393 secs] [Times: user=0.00 sys=0.00, real=0.00 secs] 
2024-07-28T14:16:51.501+0800: 9.330: Total time for which application threads were stopped: 0.0014419 seconds, Stopping threads took: 0.0001546 seconds
2024-07-28T14:16:51.501+0800: 9.330: [CMS-concurrent-sweep-start]
2024-07-28T14:16:51.502+0800: 9.331: [CMS-concurrent-sweep: 0.001/0.001 secs] [Times: user=0.00 sys=0.00, real=0.00 secs] 
2024-07-28T14:16:51.502+0800: 9.331: [CMS-concurrent-reset-start]
2024-07-28T14:16:51.502+0800: 9.331: [CMS-concurrent-reset: 0.000/0.000 secs] [Times: user=0.00 sys=0.00, real=0.00 secs] 
2024-07-28T14:16:51.612+0800: 9.442: Application time: 0.1118146 seconds
2024-07-28T14:16:51.613+0800: 9.442: [GC (Allocation Failure) 2024-07-28T14:16:51.613+0800: 9.442: [ParNew: 723447K->79873K(724416K), 0.0213764 secs] 753793K->168588K(837056K), 0.0214355 secs] [Times: user=0.06 sys=0.00, real=0.02 secs] 
2024-07-28T14:16:51.634+0800: 9.463: Total time for which application threads were stopped: 0.0215579 seconds, Stopping threads took: 0.0000249 seconds
2024-07-28T14:16:51.634+0800: 9.463: Application time: 0.0002483 seconds
2024-07-28T14:16:51.634+0800: 9.464: [GC (CMS Initial Mark) [1 CMS-initial-mark: 88715K(112640K)] 183445K(837056K), 0.0006738 secs] [Times: user=0.00 sys=0.00, real=0.00 secs] 
2024-07-28T14:16:51.635+0800: 9.464: Total time for which application threads were stopped: 0.0007957 seconds, Stopping threads took: 0.0000669 seconds
2024-07-28T14:16:51.635+0800: 9.464: [CMS-concurrent-mark-start]
2024-07-28T14:16:51.637+0800: 9.466: [CMS-concurrent-mark: 0.001/0.001 secs] [Times: user=0.00 sys=0.00, real=0.00 secs] 
2024-07-28T14:16:51.637+0800: 9.466: [CMS-concurrent-preclean-start]
2024-07-28T14:16:51.637+0800: 9.466: [CMS-concurrent-preclean: 0.000/0.000 secs] [Times: user=0.00 sys=0.00, real=0.00 secs] 
2024-07-28T14:16:51.637+0800: 9.466: [CMS-concurrent-abortable-preclean-start]
2024-07-28T14:16:51.637+0800: 9.466: [CMS-concurrent-abortable-preclean: 0.000/0.000 secs] [Times: user=0.00 sys=0.00, real=0.00 secs] 
2024-07-28T14:16:51.637+0800: 9.467: Application time: 0.0023573 seconds
2024-07-28T14:16:51.638+0800: 9.467: [GC (CMS Final Remark) [YG occupancy: 118282 K (724416 K)]2024-07-28T14:16:51.638+0800: 9.467: [Rescan (parallel) , 0.0007619 secs]2024-07-28T14:16:51.638+0800: 9.468: [weak refs processing, 0.0000131 secs]2024-07-28T14:16:51.638+0800: 9.468: [class unloading, 0.0001729 secs]2024-07-28T14:16:51.639+0800: 9.468: [scrub symbol table, 0.0002971 secs]2024-07-28T14:16:51.639+0800: 9.468: [scrub string table, 0.0001030 secs][1 CMS-remark: 88715K(112640K)] 206998K(837056K), 0.0014141 secs] [Times: user=0.00 sys=0.00, real=0.00 secs] 
2024-07-28T14:16:51.639+0800: 9.468: Total time for which application threads were stopped: 0.0015848 seconds, Stopping threads took: 0.0001356 seconds
2024-07-28T14:16:51.639+0800: 9.468: [CMS-concurrent-sweep-start]
2024-07-28T14:16:51.640+0800: 9.469: [CMS-concurrent-sweep: 0.001/0.001 secs] [Times: user=0.00 sys=0.00, real=0.00 secs] 
2024-07-28T14:16:51.640+0800: 9.469: [CMS-concurrent-reset-start]
2024-07-28T14:16:51.640+0800: 9.469: [CMS-concurrent-reset: 0.000/0.000 secs] [Times: user=0.00 sys=0.00, real=0.00 secs] 
2024-07-28T14:16:52.309+0800: 10.139: Application time: 0.6706174 seconds
2024-07-28T14:16:52.309+0800: 10.139: [GC (Allocation Failure) 2024-07-28T14:16:52.310+0800: 10.139: [ParNew: 723476K->723476K(724416K), 0.0000201 secs]2024-07-28T14:16:52.310+0800: 10.139: [CMS: 59018K->112253K(112640K), 0.0280192 secs] 782494K->167550K(837056K), [Metaspace: 2931K->2931K(1056768K)], 0.0281208 secs] [Times: user=0.03 sys=0.00, real=0.03 secs] 
2024-07-28T14:16:52.338+0800: 10.167: Total time for which application threads were stopped: 0.0282357 seconds, Stopping threads took: 0.0000199 seconds
2024-07-28T14:16:52.338+0800: 10.167: Application time: 0.0002608 seconds
2024-07-28T14:16:52.338+0800: 10.167: [GC (CMS Initial Mark) [1 CMS-initial-mark: 112253K(112640K)] 182428K(837056K), 0.0008539 secs] [Times: user=0.00 sys=0.00, real=0.00 secs] 
2024-07-28T14:16:52.339+0800: 10.168: Total time for which application threads were stopped: 0.0009700 seconds, Stopping threads took: 0.0000706 seconds
2024-07-28T14:16:52.339+0800: 10.168: [CMS-concurrent-mark-start]
2024-07-28T14:16:52.341+0800: 10.170: [CMS-concurrent-mark: 0.002/0.002 secs] [Times: user=0.00 sys=0.00, real=0.00 secs] 
2024-07-28T14:16:52.341+0800: 10.170: [CMS-concurrent-preclean-start]
2024-07-28T14:16:52.341+0800: 10.171: [CMS-concurrent-preclean: 0.001/0.001 secs] [Times: user=0.00 sys=0.00, real=0.00 secs] 
2024-07-28T14:16:52.341+0800: 10.171: [CMS-concurrent-abortable-preclean-start]
2024-07-28T14:16:52.341+0800: 10.171: [CMS-concurrent-abortable-preclean: 0.000/0.000 secs] [Times: user=0.00 sys=0.00, real=0.00 secs] 
2024-07-28T14:16:52.342+0800: 10.171: Application time: 0.0027275 seconds
2024-07-28T14:16:52.342+0800: 10.171: [GC (CMS Final Remark) [YG occupancy: 93727 K (724416 K)]2024-07-28T14:16:52.342+0800: 10.171: [Rescan (parallel) , 0.0009227 secs]2024-07-28T14:16:52.343+0800: 10.172: [weak refs processing, 0.0000146 secs]2024-07-28T14:16:52.343+0800: 10.172: [class unloading, 0.0001795 secs]2024-07-28T14:16:52.343+0800: 10.172: [scrub symbol table, 0.0003115 secs]2024-07-28T14:16:52.343+0800: 10.173: [scrub string table, 0.0000907 secs][1 CMS-remark: 112253K(112640K)] 205980K(837056K), 0.0015881 secs] [Times: user=0.00 sys=0.00, real=0.00 secs] 
2024-07-28T14:16:52.343+0800: 10.173: Total time for which application threads were stopped: 0.0016404 seconds, Stopping threads took: 0.0000166 seconds
2024-07-28T14:16:52.343+0800: 10.173: [CMS-concurrent-sweep-start]
2024-07-28T14:16:52.344+0800: 10.173: [CMS-concurrent-sweep: 0.000/0.000 secs] [Times: user=0.00 sys=0.00, real=0.00 secs] 
2024-07-28T14:16:52.344+0800: 10.173: [CMS-concurrent-reset-start]
2024-07-28T14:16:52.344+0800: 10.173: [CMS-concurrent-reset: 0.000/0.000 secs] [Times: user=0.00 sys=0.00, real=0.00 secs] 
2024-07-28T14:16:53.113+0800: 10.942: Application time: 0.7692701 seconds
2024-07-28T14:16:53.113+0800: 10.942: [GC (Allocation Failure) 2024-07-28T14:16:53.113+0800: 10.942: [ParNew: 723496K->723496K(724416K), 0.0000194 secs]2024-07-28T14:16:53.113+0800: 10.942: [CMS: 112253K->15995K(112640K), 0.0039992 secs] 835750K->15995K(837056K), [Metaspace: 2932K->2932K(1056768K)], 0.0040885 secs] [Times: user=0.02 sys=0.00, real=0.00 secs] 
2024-07-28T14:16:53.117+0800: 10.946: Total time for which application threads were stopped: 0.0042122 seconds, Stopping threads took: 0.0000191 seconds
2024-07-28T14:16:53.782+0800: 11.611: Application time: 0.6652387 seconds
2024-07-28T14:16:53.782+0800: 11.611: [GC (Allocation Failure) 2024-07-28T14:16:53.782+0800: 11.612: [ParNew: 643640K->44032K(724416K), 0.0074625 secs] 659636K->60028K(837056K), 0.0075240 secs] [Times: user=0.03 sys=0.00, real=0.01 secs] 
2024-07-28T14:16:53.790+0800: 11.619: Total time for which application threads were stopped: 0.0076509 seconds, Stopping threads took: 0.0000337 seconds
Heap
 par new generation   total 724416K, used 634295K [0x00000000c8000000, 0x00000000f9200000, 0x00000000f9200000)
  eden space 643968K,  91% used [0x00000000c8000000, 0x00000000ec06da78, 0x00000000ef4e0000)
  from space 80448K,  54% used [0x00000000f4370000, 0x00000000f6e702b0, 0x00000000f9200000)
  to   space 80448K,   0% used [0x00000000ef4e0000, 0x00000000ef4e0000, 0x00000000f4370000)
 concurrent mark-sweep generation total 112640K, used 15995K [0x00000000f9200000, 0x0000000100000000, 0x0000000100000000)
 Metaspace       used 2942K, capacity 4486K, committed 4864K, reserved 1056768K
  class space    used 305K, capacity 386K, committed 512K, reserved 1048576K
2024-07-28T14:16:54.461+0800: 12.290: Application time: 0.6710414 seconds
