OpenJDK 64-Bit Server VM (25.412-b1) for windows-amd64 JRE (1.8.0_412-b1), built on Apr 23 2024 12:00:37 by "Administrator" with MS VC++ 10.0 (VS2010)
Memory: 4k page, physical 16672068k(4552104k free), swap 19811428k(4613876k free)
CommandLine flags: -XX:+CMSParallelRemarkEnabled -XX:GCDrainStackTargetSize=64 -XX:InitialHeapSize=810758960 -XX:InitialTenuringThreshold=4 -XX:MaxHeapSize=939524096 -XX:MaxNewSize=805306368 -XX:MaxTenuringThreshold=4 -XX:NewSize=805306368 -XX:OldPLABSize=16 -XX:+PrintGC -XX:+PrintGCApplicationConcurrentTime -XX:+PrintGCApplicationStoppedTime -XX:+PrintGCDateStamps -XX:+PrintGCDetails -XX:+PrintGCTimeStamps -XX:+UseCompressedClassPointers -XX:+UseCompressedOops -XX:+UseConcMarkSweepGC -XX:-UseLargePagesIndividualAllocation -XX:+UseParNewGC 
2024-07-29T19:12:27.691+0800: 1.035: Application time: 0.9533424 seconds
2024-07-29T19:12:27.691+0800: 1.036: Total time for which application threads were stopped: 0.0006805 seconds, Stopping threads took: 0.0005633 seconds
2024-07-29T19:12:27.697+0800: 1.042: Application time: 0.0058019 seconds
2024-07-29T19:12:27.697+0800: 1.042: [GC (Allocation Failure) 2024-07-29T19:12:27.697+0800: 1.042: [ParNew: 629042K->13977K(707840K), 0.0086187 secs] 629042K->13977K(713984K), 0.0088068 secs] [Times: user=0.00 sys=0.00, real=0.01 secs] 
2024-07-29T19:12:27.706+0800: 1.051: Total time for which application threads were stopped: 0.0089395 seconds, Stopping threads took: 0.0000346 seconds
2024-07-29T19:12:28.369+0800: 1.714: Application time: 0.6630485 seconds
2024-07-29T19:12:28.369+0800: 1.714: [GC (Allocation Failure) 2024-07-29T19:12:28.369+0800: 1.714: [ParNew: 643225K->8254K(707840K), 0.0047795 secs] 643225K->8254K(713984K), 0.0048402 secs] [Times: user=0.00 sys=0.00, real=0.00 secs] 
2024-07-29T19:12:28.373+0800: 1.719: Total time for which application threads were stopped: 0.0049613 seconds, Stopping threads took: 0.0000237 seconds
2024-07-29T19:12:29.077+0800: 2.422: Application time: 0.7031093 seconds
2024-07-29T19:12:29.077+0800: 2.422: [GC (Allocation Failure) 2024-07-29T19:12:29.077+0800: 2.422: [ParNew: 637502K->12202K(707840K), 0.0023752 secs] 637502K->12202K(713984K), 0.0024276 secs] [Times: user=0.00 sys=0.00, real=0.00 secs] 
2024-07-29T19:12:29.079+0800: 2.425: Total time for which application threads were stopped: 0.0025703 seconds, Stopping threads took: 0.0000175 seconds
2024-07-29T19:12:29.755+0800: 3.100: Application time: 0.6753958 seconds
2024-07-29T19:12:29.755+0800: 3.100: [GC (Allocation Failure) 2024-07-29T19:12:29.755+0800: 3.100: [ParNew: 641450K->19275K(707840K), 0.0093996 secs] 641450K->19275K(713984K), 0.0094943 secs] [Times: user=0.00 sys=0.00, real=0.01 secs] 
2024-07-29T19:12:29.765+0800: 3.110: Total time for which application threads were stopped: 0.0096879 seconds, Stopping threads took: 0.0000453 seconds
2024-07-29T19:12:30.440+0800: 3.786: Application time: 0.6758279 seconds
2024-07-29T19:12:30.440+0800: 3.786: [GC (Allocation Failure) 2024-07-29T19:12:30.440+0800: 3.786: [ParNew: 648523K->28862K(707840K), 0.0121249 secs] 648523K->29519K(713984K), 0.0121812 secs] [Times: user=0.03 sys=0.01, real=0.01 secs] 
2024-07-29T19:12:30.452+0800: 3.798: Total time for which application threads were stopped: 0.0122940 seconds, Stopping threads took: 0.0000190 seconds
2024-07-29T19:12:30.785+0800: 4.129: Application time: 0.3316189 seconds
2024-07-29T19:12:30.785+0800: 4.130: Total time for which application threads were stopped: 0.0001486 seconds, Stopping threads took: 0.0000958 seconds
2024-07-29T19:12:31.118+0800: 4.463: Application time: 0.3335949 seconds
2024-07-29T19:12:31.119+0800: 4.463: [GC (Allocation Failure) 2024-07-29T19:12:31.119+0800: 4.463: [ParNew: 658110K->37967K(707840K), 0.0130782 secs] 658767K->38624K(713984K), 0.0131375 secs] [Times: user=0.02 sys=0.02, real=0.01 secs] 
2024-07-29T19:12:31.132+0800: 4.476: Total time for which application threads were stopped: 0.0132543 seconds, Stopping threads took: 0.0000191 seconds
2024-07-29T19:12:31.819+0800: 5.164: Application time: 0.6877612 seconds
2024-07-29T19:12:31.819+0800: 5.164: [GC (Allocation Failure) 2024-07-29T19:12:31.819+0800: 5.164: [ParNew: 667215K->42004K(707840K), 0.0123951 secs] 667872K->42661K(713984K), 0.0125306 secs] [Times: user=0.00 sys=0.00, real=0.01 secs] 
2024-07-29T19:12:31.832+0800: 5.177: Total time for which application threads were stopped: 0.0126733 seconds, Stopping threads took: 0.0000184 seconds
2024-07-29T19:12:32.500+0800: 5.846: Application time: 0.6686497 seconds
2024-07-29T19:12:32.500+0800: 5.846: [GC (Allocation Failure) 2024-07-29T19:12:32.500+0800: 5.846: [ParNew: 671252K->47104K(707840K), 0.0111749 secs] 671909K->47762K(713984K), 0.0112360 secs] [Times: user=0.03 sys=0.00, real=0.01 secs] 
2024-07-29T19:12:32.511+0800: 5.857: Total time for which application threads were stopped: 0.0113516 seconds, Stopping threads took: 0.0000204 seconds
2024-07-29T19:12:33.176+0800: 6.521: Application time: 0.6643177 seconds
2024-07-29T19:12:33.177+0800: 6.521: [GC (Allocation Failure) 2024-07-29T19:12:33.177+0800: 6.521: [ParNew: 676352K->56328K(707840K), 0.0159900 secs] 677010K->56987K(713984K), 0.0160659 secs] [Times: user=0.03 sys=0.00, real=0.02 secs] 
2024-07-29T19:12:33.193+0800: 6.537: Total time for which application threads were stopped: 0.0162267 seconds, Stopping threads took: 0.0000384 seconds
2024-07-29T19:12:33.853+0800: 7.198: Application time: 0.6608019 seconds
2024-07-29T19:12:33.853+0800: 7.198: [GC (Allocation Failure) 2024-07-29T19:12:33.853+0800: 7.198: [ParNew: 685576K->62464K(707840K), 0.0154641 secs] 686235K->63123K(713984K), 0.0155229 secs] [Times: user=0.02 sys=0.02, real=0.02 secs] 
2024-07-29T19:12:33.869+0800: 7.214: Total time for which application threads were stopped: 0.0156311 seconds, Stopping threads took: 0.0000186 seconds
2024-07-29T19:12:34.533+0800: 7.878: Application time: 0.6639101 seconds
2024-07-29T19:12:34.533+0800: 7.878: [GC (Allocation Failure) 2024-07-29T19:12:34.533+0800: 7.878: [ParNew: 691712K->71681K(707840K), 0.0173459 secs] 692371K->72339K(713984K), 0.0174163 secs] [Times: user=0.03 sys=0.00, real=0.02 secs] 
2024-07-29T19:12:34.550+0800: 7.895: Total time for which application threads were stopped: 0.0175341 seconds, Stopping threads took: 0.0000188 seconds
2024-07-29T19:12:35.227+0800: 8.572: Application time: 0.6768336 seconds
2024-07-29T19:12:35.227+0800: 8.572: [GC (Allocation Failure) 2024-07-29T19:12:35.227+0800: 8.572: [ParNew: 700929K->77825K(707840K), 0.0195404 secs] 701587K->81555K(713984K), 0.0195990 secs] [Times: user=0.02 sys=0.02, real=0.02 secs] 
2024-07-29T19:12:35.247+0800: 8.592: Total time for which application threads were stopped: 0.0197102 seconds, Stopping threads took: 0.0000188 seconds
2024-07-29T19:12:35.247+0800: 8.592: Application time: 0.0002970 seconds
2024-07-29T19:12:35.247+0800: 8.592: [GC (CMS Initial Mark) [1 CMS-initial-mark: 3730K(6144K)] 96031K(713984K), 0.0008237 secs] [Times: user=0.00 sys=0.00, real=0.00 secs] 
2024-07-29T19:12:35.248+0800: 8.593: Total time for which application threads were stopped: 0.0009869 seconds, Stopping threads took: 0.0001200 seconds
2024-07-29T19:12:35.248+0800: 8.593: [CMS-concurrent-mark-start]
2024-07-29T19:12:35.250+0800: 8.595: [CMS-concurrent-mark: 0.001/0.001 secs] [Times: user=0.00 sys=0.00, real=0.00 secs] 
2024-07-29T19:12:35.250+0800: 8.595: [CMS-concurrent-preclean-start]
2024-07-29T19:12:35.250+0800: 8.595: [CMS-concurrent-preclean: 0.000/0.000 secs] [Times: user=0.00 sys=0.00, real=0.00 secs] 
2024-07-29T19:12:35.250+0800: 8.595: [CMS-concurrent-abortable-preclean-start]
2024-07-29T19:12:35.806+0800: 9.150: [CMS-concurrent-abortable-preclean: 0.001/0.555 secs] [Times: user=0.02 sys=0.00, real=0.56 secs] 
2024-07-29T19:12:35.806+0800: 9.150: Application time: 0.5571934 seconds
2024-07-29T19:12:35.806+0800: 9.151: [GC (CMS Final Remark) [YG occupancy: 522752 K (707840 K)]2024-07-29T19:12:35.806+0800: 9.151: [Rescan (parallel) , 0.0008404 secs]2024-07-29T19:12:35.806+0800: 9.151: [weak refs processing, 0.0000150 secs]2024-07-29T19:12:35.806+0800: 9.151: [class unloading, 0.0002424 secs]2024-07-29T19:12:35.806+0800: 9.152: [scrub symbol table, 0.0003484 secs]2024-07-29T19:12:35.807+0800: 9.152: [scrub string table, 0.0001024 secs][1 CMS-remark: 3730K(6144K)] 526483K(713984K), 0.0016673 secs] [Times: user=0.00 sys=0.00, real=0.00 secs] 
2024-07-29T19:12:35.807+0800: 9.152: Total time for which application threads were stopped: 0.0018385 seconds, Stopping threads took: 0.0001227 seconds
2024-07-29T19:12:35.807+0800: 9.153: [CMS-concurrent-sweep-start]
2024-07-29T19:12:35.808+0800: 9.154: [CMS-concurrent-sweep: 0.001/0.001 secs] [Times: user=0.00 sys=0.00, real=0.00 secs] 
2024-07-29T19:12:35.809+0800: 9.154: [CMS-concurrent-reset-start]
2024-07-29T19:12:35.810+0800: 9.156: [CMS-concurrent-reset: 0.002/0.002 secs] [Times: user=0.00 sys=0.00, real=0.00 secs] 
2024-07-29T19:12:35.936+0800: 9.282: Application time: 0.1293115 seconds
2024-07-29T19:12:35.937+0800: 9.282: [GC (Allocation Failure) 2024-07-29T19:12:35.937+0800: 9.282: [ParNew: 707073K->77825K(707840K), 0.0202598 secs] 710802K->92819K(723428K), 0.0203190 secs] [Times: user=0.03 sys=0.00, real=0.02 secs] 
2024-07-29T19:12:35.957+0800: 9.302: Total time for which application threads were stopped: 0.0204357 seconds, Stopping threads took: 0.0000250 seconds
2024-07-29T19:12:35.957+0800: 9.302: Application time: 0.0002512 seconds
2024-07-29T19:12:35.957+0800: 9.302: [GC (CMS Initial Mark) [1 CMS-initial-mark: 14993K(15588K)] 107310K(723428K), 0.0008025 secs] [Times: user=0.00 sys=0.00, real=0.00 secs] 
2024-07-29T19:12:35.958+0800: 9.303: Total time for which application threads were stopped: 0.0009695 seconds, Stopping threads took: 0.0001244 seconds
2024-07-29T19:12:35.958+0800: 9.303: [CMS-concurrent-mark-start]
2024-07-29T19:12:35.959+0800: 9.304: [CMS-concurrent-mark: 0.001/0.001 secs] [Times: user=0.00 sys=0.00, real=0.00 secs] 
2024-07-29T19:12:35.959+0800: 9.304: [CMS-concurrent-preclean-start]
2024-07-29T19:12:35.959+0800: 9.304: [CMS-concurrent-preclean: 0.000/0.000 secs] [Times: user=0.00 sys=0.00, real=0.00 secs] 
2024-07-29T19:12:35.959+0800: 9.304: [CMS-concurrent-abortable-preclean-start]
2024-07-29T19:12:36.515+0800: 9.859: [CMS-concurrent-abortable-preclean: 0.001/0.555 secs] [Times: user=0.00 sys=0.00, real=0.56 secs] 
2024-07-29T19:12:36.515+0800: 9.860: Application time: 0.5564323 seconds
2024-07-29T19:12:36.515+0800: 9.860: [GC (CMS Final Remark) [YG occupancy: 523276 K (707840 K)]2024-07-29T19:12:36.515+0800: 9.860: [Rescan (parallel) , 0.0011224 secs]2024-07-29T19:12:36.516+0800: 9.861: [weak refs processing, 0.0000147 secs]2024-07-29T19:12:36.516+0800: 9.861: [class unloading, 0.0002313 secs]2024-07-29T19:12:36.516+0800: 9.861: [scrub symbol table, 0.0003396 secs]2024-07-29T19:12:36.516+0800: 9.862: [scrub string table, 0.0001007 secs][1 CMS-remark: 14993K(15588K)] 538270K(723428K), 0.0018878 secs] [Times: user=0.00 sys=0.00, real=0.00 secs] 
2024-07-29T19:12:36.516+0800: 9.862: Total time for which application threads were stopped: 0.0020781 seconds, Stopping threads took: 0.0001451 seconds
2024-07-29T19:12:36.517+0800: 9.862: [CMS-concurrent-sweep-start]
2024-07-29T19:12:36.518+0800: 9.863: [CMS-concurrent-sweep: 0.001/0.001 secs] [Times: user=0.00 sys=0.00, real=0.00 secs] 
2024-07-29T19:12:36.518+0800: 9.863: [CMS-concurrent-reset-start]
2024-07-29T19:12:36.518+0800: 9.864: [CMS-concurrent-reset: 0.000/0.000 secs] [Times: user=0.00 sys=0.00, real=0.00 secs] 
2024-07-29T19:12:36.646+0800: 9.991: Application time: 0.1294678 seconds
2024-07-29T19:12:36.646+0800: 9.991: [GC (Allocation Failure) 2024-07-29T19:12:36.646+0800: 9.991: [ParNew: 707073K->77825K(707840K), 0.0203944 secs] 718994K->108179K(739020K), 0.0204542 secs] [Times: user=0.03 sys=0.00, real=0.02 secs] 
2024-07-29T19:12:36.667+0800: 10.012: Total time for which application threads were stopped: 0.0205629 seconds, Stopping threads took: 0.0000189 seconds
2024-07-29T19:12:36.667+0800: 10.012: Application time: 0.0002329 seconds
2024-07-29T19:12:36.667+0800: 10.012: [GC (CMS Initial Mark) [1 CMS-initial-mark: 30354K(31180K)] 122673K(739020K), 0.0007265 secs] [Times: user=0.00 sys=0.00, real=0.00 secs] 
2024-07-29T19:12:36.668+0800: 10.013: Total time for which application threads were stopped: 0.0009280 seconds, Stopping threads took: 0.0001517 seconds
2024-07-29T19:12:36.668+0800: 10.013: [CMS-concurrent-mark-start]
2024-07-29T19:12:36.669+0800: 10.014: [CMS-concurrent-mark: 0.001/0.001 secs] [Times: user=0.00 sys=0.00, real=0.00 secs] 
2024-07-29T19:12:36.669+0800: 10.014: [CMS-concurrent-preclean-start]
2024-07-29T19:12:36.669+0800: 10.014: [CMS-concurrent-preclean: 0.000/0.000 secs] [Times: user=0.00 sys=0.00, real=0.00 secs] 
2024-07-29T19:12:36.669+0800: 10.014: [CMS-concurrent-abortable-preclean-start]
2024-07-29T19:12:37.224+0800: 10.569: [CMS-concurrent-abortable-preclean: 0.002/0.555 secs] [Times: user=0.06 sys=0.00, real=0.56 secs] 
2024-07-29T19:12:37.224+0800: 10.569: Application time: 0.5562334 seconds
2024-07-29T19:12:37.225+0800: 10.569: [GC (CMS Final Remark) [YG occupancy: 509909 K (707840 K)]2024-07-29T19:12:37.225+0800: 10.569: [Rescan (parallel) , 0.0012113 secs]2024-07-29T19:12:37.226+0800: 10.571: [weak refs processing, 0.0000140 secs]2024-07-29T19:12:37.226+0800: 10.571: [class unloading, 0.0002141 secs]2024-07-29T19:12:37.226+0800: 10.571: [scrub symbol table, 0.0003146 secs]2024-07-29T19:12:37.226+0800: 10.571: [scrub string table, 0.0001160 secs][1 CMS-remark: 30354K(31180K)] 540263K(739020K), 0.0019467 secs] [Times: user=0.00 sys=0.00, real=0.00 secs] 
2024-07-29T19:12:37.227+0800: 10.571: Total time for which application threads were stopped: 0.0021272 seconds, Stopping threads took: 0.0001374 seconds
2024-07-29T19:12:37.227+0800: 10.572: [CMS-concurrent-sweep-start]
2024-07-29T19:12:37.228+0800: 10.573: [CMS-concurrent-sweep: 0.001/0.001 secs] [Times: user=0.00 sys=0.00, real=0.00 secs] 
2024-07-29T19:12:37.228+0800: 10.573: [CMS-concurrent-reset-start]
2024-07-29T19:12:37.228+0800: 10.573: [CMS-concurrent-reset: 0.000/0.000 secs] [Times: user=0.00 sys=0.00, real=0.00 secs] 
2024-07-29T19:12:37.461+0800: 10.806: Application time: 0.2343036 seconds
2024-07-29T19:12:37.461+0800: 10.806: [GC (Allocation Failure) 2024-07-29T19:12:37.461+0800: 10.806: [ParNew: 707073K->77825K(707840K), 0.0225816 secs] 726163K->122515K(754052K), 0.0226388 secs] [Times: user=0.03 sys=0.00, real=0.02 secs] 
2024-07-29T19:12:37.483+0800: 10.828: Total time for which application threads were stopped: 0.0227493 seconds, Stopping threads took: 0.0000190 seconds
2024-07-29T19:12:37.484+0800: 10.829: Application time: 0.0002472 seconds
2024-07-29T19:12:37.484+0800: 10.829: [GC (CMS Initial Mark) [1 CMS-initial-mark: 44690K(46212K)] 137004K(754052K), 0.0008185 secs] [Times: user=0.00 sys=0.00, real=0.00 secs] 
2024-07-29T19:12:37.484+0800: 10.830: Total time for which application threads were stopped: 0.0009372 seconds, Stopping threads took: 0.0000758 seconds
2024-07-29T19:12:37.485+0800: 10.830: [CMS-concurrent-mark-start]
2024-07-29T19:12:37.486+0800: 10.831: [CMS-concurrent-mark: 0.002/0.002 secs] [Times: user=0.00 sys=0.00, real=0.00 secs] 
2024-07-29T19:12:37.486+0800: 10.831: [CMS-concurrent-preclean-start]
2024-07-29T19:12:37.487+0800: 10.832: [CMS-concurrent-preclean: 0.000/0.000 secs] [Times: user=0.00 sys=0.00, real=0.00 secs] 
2024-07-29T19:12:37.487+0800: 10.832: [CMS-concurrent-abortable-preclean-start]
2024-07-29T19:12:38.027+0800: 11.372: [CMS-concurrent-abortable-preclean: 0.001/0.540 secs] [Times: user=0.02 sys=0.00, real=0.54 secs] 
2024-07-29T19:12:38.027+0800: 11.372: Application time: 0.5426040 seconds
2024-07-29T19:12:38.027+0800: 11.372: [GC (CMS Final Remark) [YG occupancy: 604003 K (707840 K)]2024-07-29T19:12:38.027+0800: 11.372: [Rescan (parallel) , 0.0007280 secs]2024-07-29T19:12:38.028+0800: 11.373: [weak refs processing, 0.0000154 secs]2024-07-29T19:12:38.028+0800: 11.373: [class unloading, 0.0002282 secs]2024-07-29T19:12:38.028+0800: 11.373: [scrub symbol table, 0.0003149 secs]2024-07-29T19:12:38.029+0800: 11.374: [scrub string table, 0.0000913 secs][1 CMS-remark: 44690K(46212K)] 648693K(754052K), 0.0014637 secs] [Times: user=0.00 sys=0.00, real=0.00 secs] 
2024-07-29T19:12:38.029+0800: 11.374: Total time for which application threads were stopped: 0.0015918 seconds, Stopping threads took: 0.0000200 seconds
2024-07-29T19:12:38.029+0800: 11.374: [CMS-concurrent-sweep-start]
2024-07-29T19:12:38.029+0800: 11.374: [CMS-concurrent-sweep: 0.000/0.000 secs] [Times: user=0.00 sys=0.00, real=0.00 secs] 
2024-07-29T19:12:38.029+0800: 11.374: [CMS-concurrent-reset-start]
2024-07-29T19:12:38.029+0800: 11.374: [CMS-concurrent-reset: 0.000/0.000 secs] [Times: user=0.00 sys=0.00, real=0.00 secs] 
2024-07-29T19:12:38.155+0800: 11.500: Application time: 0.1261906 seconds
2024-07-29T19:12:38.155+0800: 11.500: [GC (Allocation Failure) 2024-07-29T19:12:38.155+0800: 11.500: [ParNew: 707073K->77825K(707840K), 0.0229865 secs] 733331K->136851K(768444K), 0.0230432 secs] [Times: user=0.05 sys=0.02, real=0.02 secs] 
2024-07-29T19:12:38.178+0800: 11.523: Total time for which application threads were stopped: 0.0231609 seconds, Stopping threads took: 0.0000208 seconds
2024-07-29T19:12:38.178+0800: 11.523: Application time: 0.0002573 seconds
2024-07-29T19:12:38.178+0800: 11.524: [GC (CMS Initial Mark) [1 CMS-initial-mark: 59026K(60604K)] 151337K(768444K), 0.0007862 secs] [Times: user=0.00 sys=0.00, real=0.00 secs] 
2024-07-29T19:12:38.179+0800: 11.524: Total time for which application threads were stopped: 0.0009543 seconds, Stopping threads took: 0.0001255 seconds
2024-07-29T19:12:38.179+0800: 11.524: [CMS-concurrent-mark-start]
2024-07-29T19:12:38.181+0800: 11.526: [CMS-concurrent-mark: 0.002/0.002 secs] [Times: user=0.00 sys=0.00, real=0.00 secs] 
2024-07-29T19:12:38.181+0800: 11.526: [CMS-concurrent-preclean-start]
2024-07-29T19:12:38.181+0800: 11.527: [CMS-concurrent-preclean: 0.000/0.000 secs] [Times: user=0.00 sys=0.00, real=0.00 secs] 
2024-07-29T19:12:38.181+0800: 11.527: [CMS-concurrent-abortable-preclean-start]
Heap
 par new generation   total 707840K, used 401065K [0x00000000c8000000, 0x00000000f8000000, 0x00000000f8000000)
  eden space 629248K,  51% used [0x00000000c8000000, 0x00000000dbba9f50, 0x00000000ee680000)
  from space 78592K,  99% used [0x00000000ee680000, 0x00000000f32804c0, 0x00000000f3340000)
  to   space 78592K,   0% used [0x00000000f3340000, 0x00000000f3340000, 0x00000000f8000000)
 concurrent mark-sweep generation total 60604K, used 59026K [0x00000000f8000000, 0x00000000fbb2f000, 0x0000000100000000)
 Metaspace       used 3005K, capacity 4486K, committed 4864K, reserved 1056768K
  class space    used 310K, capacity 386K, committed 512K, reserved 1048576K
2024-07-29T19:12:38.519+0800: 11.864: Application time: 0.3395429 seconds
