OpenJDK 64-Bit Server VM (25.412-b1) for windows-amd64 JRE (1.8.0_412-b1), built on Apr 23 2024 12:00:37 by "Administrator" with MS VC++ 10.0 (VS2010)
Memory: 4k page, physical 16672068k(3812100k free), swap 19811428k(4026824k free)
CommandLine flags: -XX:-CMSParallelRemarkEnabled -XX:GCDrainStackTargetSize=64 -XX:InitialHeapSize=810758960 -XX:InitialTenuringThreshold=4 -XX:MaxHeapSize=939524096 -XX:MaxNewSize=805306368 -XX:MaxTenuringThreshold=4 -XX:NewSize=805306368 -XX:OldPLABSize=16 -XX:+PrintGC -XX:+PrintGCApplicationConcurrentTime -XX:+PrintGCApplicationStoppedTime -XX:+PrintGCDateStamps -XX:+PrintGCDetails -XX:+PrintGCTimeStamps -XX:+UseCompressedClassPointers -XX:+UseCompressedOops -XX:+UseConcMarkSweepGC -XX:-UseLargePagesIndividualAllocation -XX:+UseParNewGC 
2024-07-29T19:19:11.987+0800: 1.031: Application time: 0.9552627 seconds
2024-07-29T19:19:11.987+0800: 1.031: Total time for which application threads were stopped: 0.0001028 seconds, Stopping threads took: 0.0000531 seconds
2024-07-29T19:19:12.008+0800: 1.053: Application time: 0.0213103 seconds
2024-07-29T19:19:12.008+0800: 1.053: [GC (Allocation Failure) 2024-07-29T19:19:12.008+0800: 1.053: [ParNew: 629042K->14046K(707840K), 0.0079281 secs] 629042K->14046K(713984K), 0.0081182 secs] [Times: user=0.00 sys=0.00, real=0.01 secs] 
2024-07-29T19:19:12.016+0800: 1.061: Total time for which application threads were stopped: 0.0082469 seconds, Stopping threads took: 0.0000329 seconds
2024-07-29T19:19:12.722+0800: 1.766: Application time: 0.7050754 seconds
2024-07-29T19:19:12.722+0800: 1.766: [GC (Allocation Failure) 2024-07-29T19:19:12.722+0800: 1.766: [ParNew: 643294K->8086K(707840K), 0.0050116 secs] 643294K->8086K(713984K), 0.0050705 secs] [Times: user=0.02 sys=0.02, real=0.01 secs] 
2024-07-29T19:19:12.727+0800: 1.771: Total time for which application threads were stopped: 0.0051833 seconds, Stopping threads took: 0.0000197 seconds
2024-07-29T19:19:13.401+0800: 2.445: Application time: 0.6743768 seconds
2024-07-29T19:19:13.401+0800: 2.446: [GC (Allocation Failure) 2024-07-29T19:19:13.401+0800: 2.446: [ParNew: 637334K->12219K(707840K), 0.0032910 secs] 637334K->12219K(713984K), 0.0033387 secs] [Times: user=0.00 sys=0.00, real=0.00 secs] 
2024-07-29T19:19:13.404+0800: 2.449: Total time for which application threads were stopped: 0.0034890 seconds, Stopping threads took: 0.0000274 seconds
2024-07-29T19:19:14.077+0800: 3.122: Application time: 0.6729971 seconds
2024-07-29T19:19:14.077+0800: 3.122: [GC (Allocation Failure) 2024-07-29T19:19:14.077+0800: 3.122: [ParNew: 641467K->19483K(707840K), 0.0077496 secs] 641467K->19483K(713984K), 0.0078066 secs] [Times: user=0.02 sys=0.02, real=0.01 secs] 
2024-07-29T19:19:14.085+0800: 3.130: Total time for which application threads were stopped: 0.0079343 seconds, Stopping threads took: 0.0000336 seconds
2024-07-29T19:19:14.755+0800: 3.800: Application time: 0.6702127 seconds
2024-07-29T19:19:14.755+0800: 3.800: [GC (Allocation Failure) 2024-07-29T19:19:14.755+0800: 3.800: [ParNew: 648731K->28998K(707840K), 0.0119595 secs] 648731K->29655K(713984K), 0.0120208 secs] [Times: user=0.00 sys=0.00, real=0.01 secs] 
2024-07-29T19:19:14.767+0800: 3.812: Total time for which application threads were stopped: 0.0121407 seconds, Stopping threads took: 0.0000247 seconds
2024-07-29T19:19:15.067+0800: 4.111: Application time: 0.2986510 seconds
2024-07-29T19:19:15.067+0800: 4.111: Total time for which application threads were stopped: 0.0001244 seconds, Stopping threads took: 0.0000584 seconds
2024-07-29T19:19:15.434+0800: 4.479: Application time: 0.3676518 seconds
2024-07-29T19:19:15.434+0800: 4.479: [GC (Allocation Failure) 2024-07-29T19:19:15.434+0800: 4.479: [ParNew: 658246K->37953K(707840K), 0.0138836 secs] 658903K->38610K(713984K), 0.0139414 secs] [Times: user=0.02 sys=0.01, real=0.01 secs] 
2024-07-29T19:19:15.448+0800: 4.493: Total time for which application threads were stopped: 0.0140562 seconds, Stopping threads took: 0.0000226 seconds
2024-07-29T19:19:16.124+0800: 5.170: Application time: 0.6767675 seconds
2024-07-29T19:19:16.124+0800: 5.170: [GC (Allocation Failure) 2024-07-29T19:19:16.125+0800: 5.170: [ParNew: 667201K->42017K(707840K), 0.0116723 secs] 667858K->42674K(713984K), 0.0117866 secs] [Times: user=0.03 sys=0.00, real=0.01 secs] 
2024-07-29T19:19:16.137+0800: 5.181: Total time for which application threads were stopped: 0.0119122 seconds, Stopping threads took: 0.0000182 seconds
2024-07-29T19:19:16.805+0800: 5.849: Application time: 0.6676964 seconds
2024-07-29T19:19:16.805+0800: 5.849: [GC (Allocation Failure) 2024-07-29T19:19:16.805+0800: 5.849: [ParNew: 671265K->45060K(707840K), 0.0102357 secs] 671922K->45718K(713984K), 0.0102967 secs] [Times: user=0.00 sys=0.00, real=0.01 secs] 
2024-07-29T19:19:16.815+0800: 5.860: Total time for which application threads were stopped: 0.0104376 seconds, Stopping threads took: 0.0000368 seconds
2024-07-29T19:19:17.495+0800: 6.539: Application time: 0.6798701 seconds
2024-07-29T19:19:17.495+0800: 6.540: [GC (Allocation Failure) 2024-07-29T19:19:17.495+0800: 6.540: [ParNew: 674308K->54282K(707840K), 0.0131985 secs] 674966K->54941K(713984K), 0.0132568 secs] [Times: user=0.02 sys=0.02, real=0.01 secs] 
2024-07-29T19:19:17.508+0800: 6.553: Total time for which application threads were stopped: 0.0133679 seconds, Stopping threads took: 0.0000192 seconds
2024-07-29T19:19:18.173+0800: 7.217: Application time: 0.6643202 seconds
2024-07-29T19:19:18.173+0800: 7.217: [GC (Allocation Failure) 2024-07-29T19:19:18.173+0800: 7.217: [ParNew: 683530K->60416K(707840K), 0.0150171 secs] 684189K->61075K(713984K), 0.0150732 secs] [Times: user=0.03 sys=0.00, real=0.01 secs] 
2024-07-29T19:19:18.188+0800: 7.232: Total time for which application threads were stopped: 0.0151968 seconds, Stopping threads took: 0.0000181 seconds
2024-07-29T19:19:18.853+0800: 7.897: Application time: 0.6649011 seconds
2024-07-29T19:19:18.853+0800: 7.897: [GC (Allocation Failure) 2024-07-29T19:19:18.853+0800: 7.897: [ParNew: 689664K->69633K(707840K), 0.0168364 secs] 690323K->70291K(713984K), 0.0168915 secs] [Times: user=0.02 sys=0.01, real=0.02 secs] 
2024-07-29T19:19:18.869+0800: 7.914: Total time for which application threads were stopped: 0.0170166 seconds, Stopping threads took: 0.0000206 seconds
2024-07-29T19:19:19.556+0800: 8.600: Application time: 0.6861990 seconds
2024-07-29T19:19:19.556+0800: 8.601: [GC (Allocation Failure) 2024-07-29T19:19:19.556+0800: 8.601: [ParNew: 698881K->77825K(707840K), 0.0191535 secs] 699539K->79507K(713984K), 0.0192077 secs] [Times: user=0.02 sys=0.02, real=0.02 secs] 
2024-07-29T19:19:19.575+0800: 8.620: Total time for which application threads were stopped: 0.0193333 seconds, Stopping threads took: 0.0000329 seconds
2024-07-29T19:19:20.249+0800: 9.294: Application time: 0.6746607 seconds
2024-07-29T19:19:20.250+0800: 9.295: [GC (Allocation Failure) 2024-07-29T19:19:20.250+0800: 9.295: [ParNew: 707073K->77825K(707840K), 0.0195211 secs] 708755K->88723K(720152K), 0.0195824 secs] [Times: user=0.03 sys=0.00, real=0.02 secs] 
2024-07-29T19:19:20.269+0800: 9.314: Total time for which application threads were stopped: 0.0196949 seconds, Stopping threads took: 0.0000198 seconds
2024-07-29T19:19:20.269+0800: 9.314: Application time: 0.0001833 seconds
2024-07-29T19:19:20.269+0800: 9.314: [GC (CMS Initial Mark) [1 CMS-initial-mark: 10898K(12312K)] 89747K(720152K), 0.0007485 secs] [Times: user=0.02 sys=0.00, real=0.00 secs] 
2024-07-29T19:19:20.270+0800: 9.315: Total time for which application threads were stopped: 0.0008723 seconds, Stopping threads took: 0.0000790 seconds
2024-07-29T19:19:20.270+0800: 9.315: [CMS-concurrent-mark-start]
2024-07-29T19:19:20.271+0800: 9.316: [CMS-concurrent-mark: 0.001/0.001 secs] [Times: user=0.00 sys=0.00, real=0.00 secs] 
2024-07-29T19:19:20.272+0800: 9.317: [CMS-concurrent-preclean-start]
2024-07-29T19:19:20.272+0800: 9.317: [CMS-concurrent-preclean: 0.000/0.000 secs] [Times: user=0.00 sys=0.00, real=0.00 secs] 
2024-07-29T19:19:20.272+0800: 9.317: [CMS-concurrent-abortable-preclean-start]
2024-07-29T19:19:20.829+0800: 9.873: [CMS-concurrent-abortable-preclean: 0.001/0.556 secs] [Times: user=0.03 sys=0.00, real=0.56 secs] 
2024-07-29T19:19:20.829+0800: 9.873: Application time: 0.5580364 seconds
2024-07-29T19:19:20.829+0800: 9.873: [GC (CMS Final Remark) [YG occupancy: 523214 K (707840 K)]2024-07-29T19:19:20.829+0800: 9.873: [Rescan (non-parallel) 2024-07-29T19:19:20.829+0800: 9.873: [grey object rescan, 0.0000360 secs]2024-07-29T19:19:20.829+0800: 9.874: [root rescan, 0.0001362 secs]2024-07-29T19:19:20.829+0800: 9.874: [visit unhandled CLDs, 0.0000082 secs]2024-07-29T19:19:20.829+0800: 9.874: [dirty klass scan, 0.0000331 secs], 0.0002531 secs]2024-07-29T19:19:20.829+0800: 9.874: [weak refs processing, 0.0000155 secs]2024-07-29T19:19:20.829+0800: 9.874: [class unloading, 0.0003539 secs]2024-07-29T19:19:20.829+0800: 9.874: [scrub symbol table, 0.0003499 secs]2024-07-29T19:19:20.829+0800: 9.874: [scrub string table, 0.0001149 secs][1 CMS-remark: 10898K(12312K)] 534112K(720152K), 0.0011787 secs] [Times: user=0.00 sys=0.00, real=0.00 secs] 
2024-07-29T19:19:20.830+0800: 9.875: Total time for which application threads were stopped: 0.0013222 seconds, Stopping threads took: 0.0000978 seconds
2024-07-29T19:19:20.830+0800: 9.875: [CMS-concurrent-sweep-start]
2024-07-29T19:19:20.831+0800: 9.876: [CMS-concurrent-sweep: 0.001/0.001 secs] [Times: user=0.00 sys=0.00, real=0.00 secs] 
2024-07-29T19:19:20.831+0800: 9.876: [CMS-concurrent-reset-start]
2024-07-29T19:19:20.833+0800: 9.878: [CMS-concurrent-reset: 0.001/0.001 secs] [Times: user=0.02 sys=0.02, real=0.00 secs] 
2024-07-29T19:19:20.946+0800: 9.991: Application time: 0.1162554 seconds
2024-07-29T19:19:20.946+0800: 9.991: [GC (Allocation Failure) 2024-07-29T19:19:20.946+0800: 9.991: [ParNew: 707073K->77825K(707840K), 0.0206706 secs] 716946K->104083K(735608K), 0.0207298 secs] [Times: user=0.03 sys=0.00, real=0.02 secs] 
2024-07-29T19:19:20.967+0800: 10.012: Total time for which application threads were stopped: 0.0208379 seconds, Stopping threads took: 0.0000190 seconds
2024-07-29T19:19:20.967+0800: 10.012: Application time: 0.0002393 seconds
2024-07-29T19:19:20.967+0800: 10.012: [GC (CMS Initial Mark) [1 CMS-initial-mark: 26258K(27768K)] 118576K(735608K), 0.0008688 secs] [Times: user=0.00 sys=0.00, real=0.00 secs] 
2024-07-29T19:19:20.968+0800: 10.013: Total time for which application threads were stopped: 0.0009973 seconds, Stopping threads took: 0.0000867 seconds
2024-07-29T19:19:20.968+0800: 10.013: [CMS-concurrent-mark-start]
2024-07-29T19:19:20.969+0800: 10.014: [CMS-concurrent-mark: 0.001/0.001 secs] [Times: user=0.00 sys=0.00, real=0.00 secs] 
2024-07-29T19:19:20.969+0800: 10.014: [CMS-concurrent-preclean-start]
2024-07-29T19:19:20.969+0800: 10.014: [CMS-concurrent-preclean: 0.000/0.000 secs] [Times: user=0.00 sys=0.00, real=0.00 secs] 
2024-07-29T19:19:20.969+0800: 10.014: [CMS-concurrent-abortable-preclean-start]
2024-07-29T19:19:21.522+0800: 10.567: [CMS-concurrent-abortable-preclean: 0.002/0.553 secs] [Times: user=0.00 sys=0.00, real=0.55 secs] 
2024-07-29T19:19:21.522+0800: 10.567: Application time: 0.5541405 seconds
2024-07-29T19:19:21.523+0800: 10.567: [GC (CMS Final Remark) [YG occupancy: 509870 K (707840 K)]2024-07-29T19:19:21.523+0800: 10.567: [Rescan (non-parallel) 2024-07-29T19:19:21.523+0800: 10.567: [grey object rescan, 0.0000552 secs]2024-07-29T19:19:21.523+0800: 10.567: [root rescan, 0.0001473 secs]2024-07-29T19:19:21.523+0800: 10.568: [visit unhandled CLDs, 0.0000078 secs]2024-07-29T19:19:21.523+0800: 10.568: [dirty klass scan, 0.0000395 secs], 0.0002830 secs]2024-07-29T19:19:21.523+0800: 10.568: [weak refs processing, 0.0000109 secs]2024-07-29T19:19:21.523+0800: 10.568: [class unloading, 0.0002788 secs]2024-07-29T19:19:21.523+0800: 10.568: [scrub symbol table, 0.0003466 secs]2024-07-29T19:19:21.524+0800: 10.568: [scrub string table, 0.0001030 secs][1 CMS-remark: 26258K(27768K)] 536128K(735608K), 0.0011255 secs] [Times: user=0.00 sys=0.00, real=0.00 secs] 
2024-07-29T19:19:21.524+0800: 10.568: Total time for which application threads were stopped: 0.0013575 seconds, Stopping threads took: 0.0001480 seconds
2024-07-29T19:19:21.524+0800: 10.569: [CMS-concurrent-sweep-start]
2024-07-29T19:19:21.525+0800: 10.570: [CMS-concurrent-sweep: 0.001/0.001 secs] [Times: user=0.00 sys=0.00, real=0.00 secs] 
2024-07-29T19:19:21.525+0800: 10.570: [CMS-concurrent-reset-start]
2024-07-29T19:19:21.526+0800: 10.570: [CMS-concurrent-reset: 0.000/0.000 secs] [Times: user=0.00 sys=0.00, real=0.00 secs] 
2024-07-29T19:19:21.640+0800: 10.684: Application time: 0.1153704 seconds
2024-07-29T19:19:21.640+0800: 10.684: [GC (Allocation Failure) 2024-07-29T19:19:21.640+0800: 10.684: [ParNew: 707073K->77825K(707840K), 0.0210388 secs] 724115K->118419K(750636K), 0.0210991 secs] [Times: user=0.05 sys=0.00, real=0.02 secs] 
2024-07-29T19:19:21.661+0800: 10.705: Total time for which application threads were stopped: 0.0212091 seconds, Stopping threads took: 0.0000199 seconds
2024-07-29T19:19:21.661+0800: 10.705: Application time: 0.0002125 seconds
2024-07-29T19:19:21.661+0800: 10.705: [GC (CMS Initial Mark) [1 CMS-initial-mark: 40594K(42796K)] 131884K(750636K), 0.0007130 secs] [Times: user=0.00 sys=0.00, real=0.00 secs] 
2024-07-29T19:19:21.662+0800: 10.706: Total time for which application threads were stopped: 0.0007720 seconds, Stopping threads took: 0.0000151 seconds
2024-07-29T19:19:21.662+0800: 10.706: [CMS-concurrent-mark-start]
2024-07-29T19:19:21.662+0800: 10.707: [CMS-concurrent-mark: 0.001/0.001 secs] [Times: user=0.00 sys=0.00, real=0.00 secs] 
2024-07-29T19:19:21.662+0800: 10.707: [CMS-concurrent-preclean-start]
2024-07-29T19:19:21.663+0800: 10.707: [CMS-concurrent-preclean: 0.000/0.000 secs] [Times: user=0.00 sys=0.00, real=0.00 secs] 
2024-07-29T19:19:21.663+0800: 10.707: [CMS-concurrent-abortable-preclean-start]
2024-07-29T19:19:22.210+0800: 11.255: [CMS-concurrent-abortable-preclean: 0.001/0.548 secs] [Times: user=0.00 sys=0.00, real=0.55 secs] 
2024-07-29T19:19:22.210+0800: 11.255: Application time: 0.5489342 seconds
2024-07-29T19:19:22.210+0800: 11.255: [GC (CMS Final Remark) [YG occupancy: 495231 K (707840 K)]2024-07-29T19:19:22.210+0800: 11.255: [Rescan (non-parallel) 2024-07-29T19:19:22.210+0800: 11.255: [grey object rescan, 0.0000658 secs]2024-07-29T19:19:22.210+0800: 11.255: [root rescan, 0.0002083 secs]2024-07-29T19:19:22.211+0800: 11.255: [visit unhandled CLDs, 0.0000078 secs]2024-07-29T19:19:22.211+0800: 11.255: [dirty klass scan, 0.0000348 secs], 0.0003556 secs]2024-07-29T19:19:22.211+0800: 11.255: [weak refs processing, 0.0000106 secs]2024-07-29T19:19:22.211+0800: 11.255: [class unloading, 0.0002283 secs]2024-07-29T19:19:22.211+0800: 11.256: [scrub symbol table, 0.0003371 secs]2024-07-29T19:19:22.211+0800: 11.256: [scrub string table, 0.0001056 secs][1 CMS-remark: 40594K(42796K)] 535825K(750636K), 0.0011125 secs] [Times: user=0.00 sys=0.00, real=0.00 secs] 
2024-07-29T19:19:22.211+0800: 11.256: Total time for which application threads were stopped: 0.0011860 seconds, Stopping threads took: 0.0000263 seconds
2024-07-29T19:19:22.212+0800: 11.256: [CMS-concurrent-sweep-start]
2024-07-29T19:19:22.212+0800: 11.257: [CMS-concurrent-sweep: 0.000/0.000 secs] [Times: user=0.00 sys=0.00, real=0.00 secs] 
2024-07-29T19:19:22.212+0800: 11.257: [CMS-concurrent-reset-start]
2024-07-29T19:19:22.212+0800: 11.257: [CMS-concurrent-reset: 0.000/0.000 secs] [Times: user=0.00 sys=0.00, real=0.00 secs] 
2024-07-29T19:19:22.463+0800: 11.507: Application time: 0.2513147 seconds
2024-07-29T19:19:22.463+0800: 11.508: [GC (Allocation Failure) 2024-07-29T19:19:22.463+0800: 11.508: [ParNew: 707073K->77825K(707840K), 0.0223477 secs] 731283K->132755K(764000K), 0.0224250 secs] [Times: user=0.03 sys=0.00, real=0.02 secs] 
2024-07-29T19:19:22.485+0800: 11.530: Total time for which application threads were stopped: 0.0225416 seconds, Stopping threads took: 0.0000205 seconds
2024-07-29T19:19:22.485+0800: 11.530: Application time: 0.0002229 seconds
2024-07-29T19:19:22.485+0800: 11.530: [GC (CMS Initial Mark) [1 CMS-initial-mark: 54930K(56160K)] 147234K(764000K), 0.0008293 secs] [Times: user=0.00 sys=0.00, real=0.00 secs] 
2024-07-29T19:19:22.486+0800: 11.531: Total time for which application threads were stopped: 0.0011111 seconds, Stopping threads took: 0.0001684 seconds
2024-07-29T19:19:22.486+0800: 11.531: [CMS-concurrent-mark-start]
2024-07-29T19:19:22.488+0800: 11.533: [CMS-concurrent-mark: 0.002/0.002 secs] [Times: user=0.00 sys=0.00, real=0.00 secs] 
2024-07-29T19:19:22.488+0800: 11.533: [CMS-concurrent-preclean-start]
2024-07-29T19:19:22.489+0800: 11.534: [CMS-concurrent-preclean: 0.000/0.000 secs] [Times: user=0.03 sys=0.00, real=0.00 secs] 
2024-07-29T19:19:22.489+0800: 11.534: [CMS-concurrent-abortable-preclean-start]
Heap
 par new generation   total 707840K, used 400887K [0x00000000c8000000, 0x00000000f8000000, 0x00000000f8000000)
  eden space 629248K,  51% used [0x00000000c8000000, 0x00000000dbb7d9e8, 0x00000000ee680000)
  from space 78592K,  99% used [0x00000000ee680000, 0x00000000f32804c0, 0x00000000f3340000)
  to   space 78592K,   0% used [0x00000000f3340000, 0x00000000f3340000, 0x00000000f8000000)
 concurrent mark-sweep generation total 56160K, used 54930K [0x00000000f8000000, 0x00000000fb6d8000, 0x0000000100000000)
 Metaspace       used 3005K, capacity 4486K, committed 4864K, reserved 1056768K
  class space    used 310K, capacity 386K, committed 512K, reserved 1048576K
2024-07-29T19:19:22.826+0800: 11.870: Application time: 0.3387518 seconds
