OpenJDK 64-Bit Server VM (25.412-b1) for windows-amd64 JRE (1.8.0_412-b1), built on Apr 23 2024 12:00:37 by "Administrator" with MS VC++ 10.0 (VS2010)
Memory: 4k page, physical 16672068k(4552760k free), swap 19811428k(4582200k free)
CommandLine flags: -XX:+CMSParallelRemarkEnabled -XX:GCDrainStackTargetSize=64 -XX:InitialHeapSize=810758960 -XX:InitialTenuringThreshold=4 -XX:MaxHeapSize=939524096 -XX:MaxNewSize=805306368 -XX:MaxTenuringThreshold=4 -XX:NewSize=805306368 -XX:OldPLABSize=16 -XX:+PrintGC -XX:+PrintGCApplicationConcurrentTime -XX:+PrintGCApplicationStoppedTime -XX:+PrintGCDateStamps -XX:+PrintGCDetails -XX:+PrintGCTimeStamps -XX:+UseCompressedClassPointers -XX:+UseCompressedOops -XX:+UseConcMarkSweepGC -XX:-UseLargePagesIndividualAllocation -XX:+UseParNewGC 
2024-07-29T19:12:39.645+0800: 1.025: Application time: 0.9483709 seconds
2024-07-29T19:12:39.646+0800: 1.025: [GC (Allocation Failure) 2024-07-29T19:12:39.646+0800: 1.025: [ParNew: 629042K->14105K(707840K), 0.0078020 secs] 629042K->14105K(713984K), 0.0079843 secs] [Times: user=0.00 sys=0.00, real=0.01 secs] 
2024-07-29T19:12:39.654+0800: 1.033: Total time for which application threads were stopped: 0.0081170 seconds, Stopping threads took: 0.0000200 seconds
2024-07-29T19:12:40.320+0800: 1.699: Application time: 0.6662424 seconds
2024-07-29T19:12:40.320+0800: 1.699: [GC (Allocation Failure) 2024-07-29T19:12:40.320+0800: 1.699: [ParNew: 643353K->8254K(707840K), 0.0046554 secs] 643353K->8254K(713984K), 0.0047076 secs] [Times: user=0.00 sys=0.00, real=0.01 secs] 
2024-07-29T19:12:40.325+0800: 1.704: Total time for which application threads were stopped: 0.0048124 seconds, Stopping threads took: 0.0000191 seconds
2024-07-29T19:12:41.001+0800: 2.381: Application time: 0.6769491 seconds
2024-07-29T19:12:41.001+0800: 2.381: [GC (Allocation Failure) 2024-07-29T19:12:41.001+0800: 2.381: [ParNew: 637502K->12314K(707840K), 0.0024014 secs] 637502K->12314K(713984K), 0.0024566 secs] [Times: user=0.00 sys=0.02, real=0.00 secs] 
2024-07-29T19:12:41.004+0800: 2.384: Total time for which application threads were stopped: 0.0025861 seconds, Stopping threads took: 0.0000290 seconds
2024-07-29T19:12:41.691+0800: 3.071: Application time: 0.6874537 seconds
2024-07-29T19:12:41.691+0800: 3.071: [GC (Allocation Failure) 2024-07-29T19:12:41.691+0800: 3.071: [ParNew: 641562K->19325K(707840K), 0.0080377 secs] 641562K->19325K(713984K), 0.0080980 secs] [Times: user=0.05 sys=0.00, real=0.01 secs] 
2024-07-29T19:12:41.699+0800: 3.079: Total time for which application threads were stopped: 0.0082285 seconds, Stopping threads took: 0.0000261 seconds
2024-07-29T19:12:42.367+0800: 3.747: Application time: 0.6678082 seconds
2024-07-29T19:12:42.368+0800: 3.747: [GC (Allocation Failure) 2024-07-29T19:12:42.368+0800: 3.747: [ParNew: 648573K->28868K(707840K), 0.0120011 secs] 648573K->29525K(713984K), 0.0120593 secs] [Times: user=0.03 sys=0.00, real=0.01 secs] 
2024-07-29T19:12:42.380+0800: 3.759: Total time for which application threads were stopped: 0.0121779 seconds, Stopping threads took: 0.0000179 seconds
2024-07-29T19:12:42.747+0800: 4.126: Application time: 0.3665372 seconds
2024-07-29T19:12:42.747+0800: 4.126: Total time for which application threads were stopped: 0.0000797 seconds, Stopping threads took: 0.0000383 seconds
2024-07-29T19:12:43.053+0800: 4.432: Application time: 0.3063877 seconds
2024-07-29T19:12:43.053+0800: 4.433: [GC (Allocation Failure) 2024-07-29T19:12:43.053+0800: 4.433: [ParNew: 658116K->37921K(707840K), 0.0130209 secs] 658773K->38578K(713984K), 0.0130972 secs] [Times: user=0.00 sys=0.00, real=0.01 secs] 
2024-07-29T19:12:43.066+0800: 4.446: Total time for which application threads were stopped: 0.0132375 seconds, Stopping threads took: 0.0000198 seconds
2024-07-29T19:12:43.732+0800: 5.112: Application time: 0.6659418 seconds
2024-07-29T19:12:43.732+0800: 5.112: [GC (Allocation Failure) 2024-07-29T19:12:43.732+0800: 5.112: [ParNew: 667169K->42013K(707840K), 0.0116064 secs] 667826K->42670K(713984K), 0.0116644 secs] [Times: user=0.03 sys=0.00, real=0.01 secs] 
2024-07-29T19:12:43.744+0800: 5.124: Total time for which application threads were stopped: 0.0118700 seconds, Stopping threads took: 0.0000201 seconds
2024-07-29T19:12:44.418+0800: 5.798: Application time: 0.6746325 seconds
2024-07-29T19:12:44.418+0800: 5.798: [GC (Allocation Failure) 2024-07-29T19:12:44.418+0800: 5.798: [ParNew: 671261K->47104K(707840K), 0.0113569 secs] 671918K->47762K(713984K), 0.0114192 secs] [Times: user=0.02 sys=0.02, real=0.01 secs] 
2024-07-29T19:12:44.429+0800: 5.810: Total time for which application threads were stopped: 0.0115327 seconds, Stopping threads took: 0.0000198 seconds
2024-07-29T19:12:45.110+0800: 6.490: Application time: 0.6800995 seconds
2024-07-29T19:12:45.110+0800: 6.490: [GC (Allocation Failure) 2024-07-29T19:12:45.111+0800: 6.490: [ParNew: 676352K->56332K(707840K), 0.0146337 secs] 677010K->56991K(713984K), 0.0147194 secs] [Times: user=0.03 sys=0.00, real=0.02 secs] 
2024-07-29T19:12:45.125+0800: 6.505: Total time for which application threads were stopped: 0.0148328 seconds, Stopping threads took: 0.0000197 seconds
2024-07-29T19:12:45.786+0800: 7.166: Application time: 0.6609507 seconds
2024-07-29T19:12:45.786+0800: 7.166: [GC (Allocation Failure) 2024-07-29T19:12:45.786+0800: 7.166: [ParNew: 685580K->62464K(707840K), 0.0154920 secs] 686239K->63123K(713984K), 0.0155612 secs] [Times: user=0.02 sys=0.00, real=0.02 secs] 
2024-07-29T19:12:45.801+0800: 7.181: Total time for which application threads were stopped: 0.0156723 seconds, Stopping threads took: 0.0000197 seconds
2024-07-29T19:12:46.469+0800: 7.849: Application time: 0.6672699 seconds
2024-07-29T19:12:46.469+0800: 7.849: [GC (Allocation Failure) 2024-07-29T19:12:46.469+0800: 7.849: [ParNew: 691712K->71681K(707840K), 0.0167246 secs] 692371K->72339K(713984K), 0.0167958 secs] [Times: user=0.03 sys=0.00, real=0.02 secs] 
2024-07-29T19:12:46.485+0800: 7.865: Total time for which application threads were stopped: 0.0169130 seconds, Stopping threads took: 0.0000206 seconds
2024-07-29T19:12:47.160+0800: 8.539: Application time: 0.6738505 seconds
2024-07-29T19:12:47.160+0800: 8.539: [GC (Allocation Failure) 2024-07-29T19:12:47.160+0800: 8.539: [ParNew: 700929K->77825K(707840K), 0.0190520 secs] 701587K->81555K(713984K), 0.0191111 secs] [Times: user=0.05 sys=0.02, real=0.02 secs] 
2024-07-29T19:12:47.179+0800: 8.559: Total time for which application threads were stopped: 0.0192245 seconds, Stopping threads took: 0.0000204 seconds
2024-07-29T19:12:47.179+0800: 8.559: Application time: 0.0001812 seconds
2024-07-29T19:12:47.179+0800: 8.559: [GC (CMS Initial Mark) [1 CMS-initial-mark: 3730K(6144K)] 96031K(713984K), 0.0007987 secs] [Times: user=0.00 sys=0.00, real=0.00 secs] 
2024-07-29T19:12:47.180+0800: 8.560: Total time for which application threads were stopped: 0.0009920 seconds, Stopping threads took: 0.0001495 seconds
2024-07-29T19:12:47.180+0800: 8.560: [CMS-concurrent-mark-start]
2024-07-29T19:12:47.181+0800: 8.561: [CMS-concurrent-mark: 0.001/0.001 secs] [Times: user=0.00 sys=0.00, real=0.00 secs] 
2024-07-29T19:12:47.182+0800: 8.561: [CMS-concurrent-preclean-start]
2024-07-29T19:12:47.182+0800: 8.561: [CMS-concurrent-preclean: 0.000/0.000 secs] [Times: user=0.00 sys=0.00, real=0.00 secs] 
2024-07-29T19:12:47.182+0800: 8.561: [CMS-concurrent-abortable-preclean-start]
2024-07-29T19:12:47.738+0800: 9.118: [CMS-concurrent-abortable-preclean: 0.001/0.557 secs] [Times: user=0.06 sys=0.00, real=0.56 secs] 
2024-07-29T19:12:47.739+0800: 9.118: Application time: 0.5586388 seconds
2024-07-29T19:12:47.739+0800: 9.118: [GC (CMS Final Remark) [YG occupancy: 522752 K (707840 K)]2024-07-29T19:12:47.739+0800: 9.118: [Rescan (parallel) , 0.0006143 secs]2024-07-29T19:12:47.739+0800: 9.119: [weak refs processing, 0.0000144 secs]2024-07-29T19:12:47.739+0800: 9.119: [class unloading, 0.0002229 secs]2024-07-29T19:12:47.739+0800: 9.119: [scrub symbol table, 0.0003522 secs]2024-07-29T19:12:47.740+0800: 9.120: [scrub string table, 0.0001133 secs][1 CMS-remark: 3730K(6144K)] 526483K(713984K), 0.0014068 secs] [Times: user=0.00 sys=0.00, real=0.00 secs] 
2024-07-29T19:12:47.740+0800: 9.120: Total time for which application threads were stopped: 0.0015577 seconds, Stopping threads took: 0.0001015 seconds
2024-07-29T19:12:47.740+0800: 9.120: [CMS-concurrent-sweep-start]
2024-07-29T19:12:47.742+0800: 9.122: [CMS-concurrent-sweep: 0.001/0.001 secs] [Times: user=0.00 sys=0.00, real=0.00 secs] 
2024-07-29T19:12:47.742+0800: 9.122: [CMS-concurrent-reset-start]
2024-07-29T19:12:47.744+0800: 9.124: [CMS-concurrent-reset: 0.002/0.002 secs] [Times: user=0.00 sys=0.00, real=0.00 secs] 
2024-07-29T19:12:47.870+0800: 9.249: Application time: 0.1290828 seconds
2024-07-29T19:12:47.870+0800: 9.249: [GC (Allocation Failure) 2024-07-29T19:12:47.870+0800: 9.249: [ParNew: 707073K->77825K(707840K), 0.0200192 secs] 710802K->92819K(723428K), 0.0200747 secs] [Times: user=0.03 sys=0.00, real=0.02 secs] 
2024-07-29T19:12:47.890+0800: 9.269: Total time for which application threads were stopped: 0.0201951 seconds, Stopping threads took: 0.0000200 seconds
2024-07-29T19:12:47.890+0800: 9.269: Application time: 0.0001590 seconds
2024-07-29T19:12:47.890+0800: 9.269: [GC (CMS Initial Mark) [1 CMS-initial-mark: 14993K(15588K)] 107310K(723428K), 0.0008376 secs] [Times: user=0.00 sys=0.00, real=0.00 secs] 
2024-07-29T19:12:47.891+0800: 9.270: Total time for which application threads were stopped: 0.0009855 seconds, Stopping threads took: 0.0001061 seconds
2024-07-29T19:12:47.891+0800: 9.270: [CMS-concurrent-mark-start]
2024-07-29T19:12:47.892+0800: 9.272: [CMS-concurrent-mark: 0.001/0.001 secs] [Times: user=0.00 sys=0.00, real=0.00 secs] 
2024-07-29T19:12:47.892+0800: 9.272: [CMS-concurrent-preclean-start]
2024-07-29T19:12:47.892+0800: 9.272: [CMS-concurrent-preclean: 0.000/0.000 secs] [Times: user=0.00 sys=0.00, real=0.00 secs] 
2024-07-29T19:12:47.892+0800: 9.272: [CMS-concurrent-abortable-preclean-start]
2024-07-29T19:12:48.443+0800: 9.823: [CMS-concurrent-abortable-preclean: 0.001/0.551 secs] [Times: user=0.00 sys=0.00, real=0.55 secs] 
2024-07-29T19:12:48.444+0800: 9.823: Application time: 0.5527253 seconds
2024-07-29T19:12:48.444+0800: 9.823: [GC (CMS Final Remark) [YG occupancy: 509808 K (707840 K)]2024-07-29T19:12:48.444+0800: 9.823: [Rescan (parallel) , 0.0009579 secs]2024-07-29T19:12:48.444+0800: 9.824: [weak refs processing, 0.0000123 secs]2024-07-29T19:12:48.444+0800: 9.824: [class unloading, 0.0002043 secs]2024-07-29T19:12:48.444+0800: 9.824: [scrub symbol table, 0.0003159 secs]2024-07-29T19:12:48.444+0800: 9.825: [scrub string table, 0.0001009 secs][1 CMS-remark: 14993K(15588K)] 524802K(723428K), 0.0016579 secs] [Times: user=0.00 sys=0.00, real=0.00 secs] 
2024-07-29T19:12:48.445+0800: 9.825: Total time for which application threads were stopped: 0.0017293 seconds, Stopping threads took: 0.0000186 seconds
2024-07-29T19:12:48.445+0800: 9.825: [CMS-concurrent-sweep-start]
2024-07-29T19:12:48.445+0800: 9.825: [CMS-concurrent-sweep: 0.000/0.000 secs] [Times: user=0.00 sys=0.00, real=0.00 secs] 
2024-07-29T19:12:48.445+0800: 9.825: [CMS-concurrent-reset-start]
2024-07-29T19:12:48.445+0800: 9.825: [CMS-concurrent-reset: 0.000/0.000 secs] [Times: user=0.00 sys=0.00, real=0.00 secs] 
2024-07-29T19:12:48.574+0800: 9.954: Application time: 0.1294835 seconds
2024-07-29T19:12:48.574+0800: 9.954: [GC (Allocation Failure) 2024-07-29T19:12:48.574+0800: 9.954: [ParNew: 707073K->77825K(707840K), 0.0209113 secs] 718994K->108179K(739020K), 0.0209770 secs] [Times: user=0.03 sys=0.00, real=0.02 secs] 
2024-07-29T19:12:48.595+0800: 9.975: Total time for which application threads were stopped: 0.0210835 seconds, Stopping threads took: 0.0000174 seconds
2024-07-29T19:12:48.595+0800: 9.976: Application time: 0.0002951 seconds
2024-07-29T19:12:48.596+0800: 9.976: [GC (CMS Initial Mark) [1 CMS-initial-mark: 30354K(31180K)] 122673K(739020K), 0.0008203 secs] [Times: user=0.00 sys=0.00, real=0.00 secs] 
2024-07-29T19:12:48.596+0800: 9.977: Total time for which application threads were stopped: 0.0009512 seconds, Stopping threads took: 0.0000890 seconds
2024-07-29T19:12:48.596+0800: 9.977: [CMS-concurrent-mark-start]
2024-07-29T19:12:48.597+0800: 9.977: [CMS-concurrent-mark: 0.001/0.001 secs] [Times: user=0.00 sys=0.00, real=0.00 secs] 
2024-07-29T19:12:48.597+0800: 9.977: [CMS-concurrent-preclean-start]
2024-07-29T19:12:48.597+0800: 9.978: [CMS-concurrent-preclean: 0.000/0.000 secs] [Times: user=0.00 sys=0.00, real=0.00 secs] 
2024-07-29T19:12:48.597+0800: 9.978: [CMS-concurrent-abortable-preclean-start]
2024-07-29T19:12:49.145+0800: 10.524: [CMS-concurrent-abortable-preclean: 0.001/0.546 secs] [Times: user=0.06 sys=0.00, real=0.55 secs] 
2024-07-29T19:12:49.145+0800: 10.524: Application time: 0.5476363 seconds
2024-07-29T19:12:49.145+0800: 10.524: [GC (CMS Final Remark) [YG occupancy: 509909 K (707840 K)]2024-07-29T19:12:49.145+0800: 10.524: [Rescan (parallel) , 0.0011017 secs]2024-07-29T19:12:49.145+0800: 10.525: [weak refs processing, 0.0000272 secs]2024-07-29T19:12:49.145+0800: 10.525: [class unloading, 0.0002257 secs]2024-07-29T19:12:49.146+0800: 10.526: [scrub symbol table, 0.0003203 secs]2024-07-29T19:12:49.146+0800: 10.526: [scrub string table, 0.0000930 secs][1 CMS-remark: 30354K(31180K)] 540263K(739020K), 0.0018693 secs] [Times: user=0.00 sys=0.00, real=0.00 secs] 
2024-07-29T19:12:49.146+0800: 10.526: Total time for which application threads were stopped: 0.0019506 seconds, Stopping threads took: 0.0000213 seconds
2024-07-29T19:12:49.146+0800: 10.526: [CMS-concurrent-sweep-start]
2024-07-29T19:12:49.146+0800: 10.527: [CMS-concurrent-sweep: 0.000/0.000 secs] [Times: user=0.00 sys=0.00, real=0.00 secs] 
2024-07-29T19:12:49.146+0800: 10.527: [CMS-concurrent-reset-start]
2024-07-29T19:12:49.147+0800: 10.527: [CMS-concurrent-reset: 0.000/0.000 secs] [Times: user=0.00 sys=0.00, real=0.00 secs] 
2024-07-29T19:12:49.397+0800: 10.776: Application time: 0.2500608 seconds
2024-07-29T19:12:49.397+0800: 10.776: [GC (Allocation Failure) 2024-07-29T19:12:49.397+0800: 10.776: [ParNew: 707073K->77825K(707840K), 0.0221598 secs] 726163K->122515K(754052K), 0.0222342 secs] [Times: user=0.03 sys=0.00, real=0.02 secs] 
2024-07-29T19:12:49.419+0800: 10.799: Total time for which application threads were stopped: 0.0223970 seconds, Stopping threads took: 0.0000320 seconds
2024-07-29T19:12:49.419+0800: 10.799: Application time: 0.0001574 seconds
2024-07-29T19:12:49.419+0800: 10.799: [GC (CMS Initial Mark) [1 CMS-initial-mark: 44690K(46212K)] 137004K(754052K), 0.0007309 secs] [Times: user=0.00 sys=0.00, real=0.00 secs] 
2024-07-29T19:12:49.420+0800: 10.800: Total time for which application threads were stopped: 0.0009196 seconds, Stopping threads took: 0.0001459 seconds
2024-07-29T19:12:49.420+0800: 10.800: [CMS-concurrent-mark-start]
2024-07-29T19:12:49.421+0800: 10.801: [CMS-concurrent-mark: 0.001/0.001 secs] [Times: user=0.00 sys=0.00, real=0.00 secs] 
2024-07-29T19:12:49.421+0800: 10.801: [CMS-concurrent-preclean-start]
2024-07-29T19:12:49.421+0800: 10.802: [CMS-concurrent-preclean: 0.000/0.000 secs] [Times: user=0.00 sys=0.00, real=0.00 secs] 
2024-07-29T19:12:49.421+0800: 10.802: [CMS-concurrent-abortable-preclean-start]
2024-07-29T19:12:49.965+0800: 11.344: [CMS-concurrent-abortable-preclean: 0.001/0.543 secs] [Times: user=0.02 sys=0.00, real=0.54 secs] 
2024-07-29T19:12:49.965+0800: 11.345: Application time: 0.5448371 seconds
2024-07-29T19:12:49.965+0800: 11.345: [GC (CMS Final Remark) [YG occupancy: 604003 K (707840 K)]2024-07-29T19:12:49.965+0800: 11.345: [Rescan (parallel) , 0.0005679 secs]2024-07-29T19:12:49.966+0800: 11.345: [weak refs processing, 0.0000144 secs]2024-07-29T19:12:49.966+0800: 11.345: [class unloading, 0.0002958 secs]2024-07-29T19:12:49.966+0800: 11.346: [scrub symbol table, 0.0005009 secs]2024-07-29T19:12:49.967+0800: 11.346: [scrub string table, 0.0001647 secs][1 CMS-remark: 44690K(46212K)] 648693K(754052K), 0.0016404 secs] [Times: user=0.00 sys=0.00, real=0.00 secs] 
2024-07-29T19:12:49.967+0800: 11.346: Total time for which application threads were stopped: 0.0017230 seconds, Stopping threads took: 0.0000228 seconds
2024-07-29T19:12:49.967+0800: 11.346: [CMS-concurrent-sweep-start]
2024-07-29T19:12:49.967+0800: 11.347: [CMS-concurrent-sweep: 0.000/0.000 secs] [Times: user=0.00 sys=0.00, real=0.00 secs] 
2024-07-29T19:12:49.967+0800: 11.347: [CMS-concurrent-reset-start]
2024-07-29T19:12:49.968+0800: 11.347: [CMS-concurrent-reset: 0.000/0.000 secs] [Times: user=0.00 sys=0.00, real=0.00 secs] 
2024-07-29T19:12:50.090+0800: 11.470: Application time: 0.1235928 seconds
2024-07-29T19:12:50.090+0800: 11.470: [GC (Allocation Failure) 2024-07-29T19:12:50.090+0800: 11.470: [ParNew: 707073K->77825K(707840K), 0.0233193 secs] 733331K->136851K(768444K), 0.0233921 secs] [Times: user=0.03 sys=0.00, real=0.02 secs] 
2024-07-29T19:12:50.113+0800: 11.493: Total time for which application threads were stopped: 0.0235024 seconds, Stopping threads took: 0.0000204 seconds
2024-07-29T19:12:50.113+0800: 11.494: Application time: 0.0001641 seconds
2024-07-29T19:12:50.114+0800: 11.494: [GC (CMS Initial Mark) [1 CMS-initial-mark: 59026K(60604K)] 151337K(768444K), 0.0007355 secs] [Times: user=0.00 sys=0.00, real=0.00 secs] 
2024-07-29T19:12:50.114+0800: 11.495: Total time for which application threads were stopped: 0.0009333 seconds, Stopping threads took: 0.0001561 seconds
2024-07-29T19:12:50.114+0800: 11.495: [CMS-concurrent-mark-start]
2024-07-29T19:12:50.116+0800: 11.496: [CMS-concurrent-mark: 0.002/0.002 secs] [Times: user=0.00 sys=0.00, real=0.00 secs] 
2024-07-29T19:12:50.116+0800: 11.496: [CMS-concurrent-preclean-start]
2024-07-29T19:12:50.116+0800: 11.497: [CMS-concurrent-preclean: 0.000/0.000 secs] [Times: user=0.00 sys=0.00, real=0.00 secs] 
2024-07-29T19:12:50.116+0800: 11.497: [CMS-concurrent-abortable-preclean-start]
Heap
 par new generation   total 707840K, used 401065K [0x00000000c8000000, 0x00000000f8000000, 0x00000000f8000000)
  eden space 629248K,  51% used [0x00000000c8000000, 0x00000000dbba9f50, 0x00000000ee680000)
  from space 78592K,  99% used [0x00000000ee680000, 0x00000000f32804c0, 0x00000000f3340000)
  to   space 78592K,   0% used [0x00000000f3340000, 0x00000000f3340000, 0x00000000f8000000)
 concurrent mark-sweep generation total 60604K, used 59026K [0x00000000f8000000, 0x00000000fbb2f000, 0x0000000100000000)
 Metaspace       used 3005K, capacity 4486K, committed 4864K, reserved 1056768K
  class space    used 310K, capacity 386K, committed 512K, reserved 1048576K
2024-07-29T19:12:50.455+0800: 11.834: Application time: 0.3395636 seconds
