OpenJDK 64-Bit Server VM (25.412-b1) for windows-amd64 JRE (1.8.0_412-b1), built on Apr 23 2024 12:00:37 by "Administrator" with MS VC++ 10.0 (VS2010)
Memory: 4k page, physical 16672068k(3849960k free), swap 19811428k(4063612k free)
CommandLine flags: -XX:-CMSParallelRemarkEnabled -XX:GCDrainStackTargetSize=64 -XX:InitialHeapSize=810758960 -XX:InitialTenuringThreshold=4 -XX:MaxHeapSize=939524096 -XX:MaxNewSize=805306368 -XX:MaxTenuringThreshold=4 -XX:NewSize=805306368 -XX:OldPLABSize=16 -XX:+PrintGC -XX:+PrintGCApplicationConcurrentTime -XX:+PrintGCApplicationStoppedTime -XX:+PrintGCDateStamps -XX:+PrintGCDetails -XX:+PrintGCTimeStamps -XX:+UseCompressedClassPointers -XX:+UseCompressedOops -XX:+UseConcMarkSweepGC -XX:-UseLargePagesIndividualAllocation -XX:+UseParNewGC 
2024-07-29T19:19:23.944+0800: 1.027: Application time: 0.9527400 seconds
2024-07-29T19:19:23.945+0800: 1.028: Total time for which application threads were stopped: 0.0009090 seconds, Stopping threads took: 0.0008540 seconds
2024-07-29T19:19:23.950+0800: 1.033: Application time: 0.0050495 seconds
2024-07-29T19:19:23.950+0800: 1.033: [GC (Allocation Failure) 2024-07-29T19:19:23.950+0800: 1.033: [ParNew: 629042K->14033K(707840K), 0.0083529 secs] 629042K->14033K(713984K), 0.0085369 secs] [Times: user=0.03 sys=0.00, real=0.01 secs] 
2024-07-29T19:19:23.959+0800: 1.041: Total time for which application threads were stopped: 0.0086611 seconds, Stopping threads took: 0.0000142 seconds
2024-07-29T19:19:24.635+0800: 1.718: Application time: 0.6767486 seconds
2024-07-29T19:19:24.636+0800: 1.718: [GC (Allocation Failure) 2024-07-29T19:19:24.636+0800: 1.718: [ParNew: 643281K->8106K(707840K), 0.0065553 secs] 643281K->8106K(713984K), 0.0066337 secs] [Times: user=0.00 sys=0.00, real=0.01 secs] 
2024-07-29T19:19:24.642+0800: 1.725: Total time for which application threads were stopped: 0.0068247 seconds, Stopping threads took: 0.0000448 seconds
2024-07-29T19:19:25.352+0800: 2.434: Application time: 0.7094292 seconds
2024-07-29T19:19:25.352+0800: 2.435: [GC (Allocation Failure) 2024-07-29T19:19:25.352+0800: 2.435: [ParNew: 637354K->12272K(707840K), 0.0024775 secs] 637354K->12272K(713984K), 0.0025453 secs] [Times: user=0.00 sys=0.00, real=0.00 secs] 
2024-07-29T19:19:25.355+0800: 2.437: Total time for which application threads were stopped: 0.0027136 seconds, Stopping threads took: 0.0000238 seconds
2024-07-29T19:19:26.027+0800: 3.110: Application time: 0.6730569 seconds
2024-07-29T19:19:26.027+0800: 3.110: [GC (Allocation Failure) 2024-07-29T19:19:26.027+0800: 3.110: [ParNew: 641520K->19323K(707840K), 0.0077874 secs] 641520K->19323K(713984K), 0.0078436 secs] [Times: user=0.00 sys=0.00, real=0.01 secs] 
2024-07-29T19:19:26.035+0800: 3.118: Total time for which application threads were stopped: 0.0079693 seconds, Stopping threads took: 0.0000197 seconds
2024-07-29T19:19:26.721+0800: 3.803: Application time: 0.6851426 seconds
2024-07-29T19:19:26.721+0800: 3.803: [GC (Allocation Failure) 2024-07-29T19:19:26.721+0800: 3.803: [ParNew: 648571K->24844K(707840K), 0.0097840 secs] 648571K->25501K(713984K), 0.0098437 secs] [Times: user=0.05 sys=0.00, real=0.01 secs] 
2024-07-29T19:19:26.731+0800: 3.813: Total time for which application threads were stopped: 0.0099594 seconds, Stopping threads took: 0.0000203 seconds
2024-07-29T19:19:27.035+0800: 4.117: Application time: 0.3041476 seconds
2024-07-29T19:19:27.035+0800: 4.117: Total time for which application threads were stopped: 0.0000620 seconds, Stopping threads took: 0.0000300 seconds
2024-07-29T19:19:27.399+0800: 4.482: Application time: 0.3647219 seconds
2024-07-29T19:19:27.400+0800: 4.482: [GC (Allocation Failure) 2024-07-29T19:19:27.400+0800: 4.482: [ParNew: 654092K->33859K(707840K), 0.0112726 secs] 654749K->34516K(713984K), 0.0113438 secs] [Times: user=0.00 sys=0.02, real=0.01 secs] 
2024-07-29T19:19:27.411+0800: 4.494: Total time for which application threads were stopped: 0.0114657 seconds, Stopping threads took: 0.0000250 seconds
2024-07-29T19:19:28.101+0800: 5.183: Application time: 0.6896726 seconds
2024-07-29T19:19:28.101+0800: 5.183: [GC (Allocation Failure) 2024-07-29T19:19:28.101+0800: 5.184: [ParNew: 663107K->39953K(707840K), 0.0121165 secs] 663764K->40610K(713984K), 0.0122414 secs] [Times: user=0.00 sys=0.00, real=0.01 secs] 
2024-07-29T19:19:28.113+0800: 5.196: Total time for which application threads were stopped: 0.0123582 seconds, Stopping threads took: 0.0000225 seconds
2024-07-29T19:19:28.788+0800: 5.871: Application time: 0.6751225 seconds
2024-07-29T19:19:28.788+0800: 5.871: [GC (Allocation Failure) 2024-07-29T19:19:28.788+0800: 5.871: [ParNew: 669201K->48128K(707840K), 0.0127421 secs] 669858K->48786K(713984K), 0.0127997 secs] [Times: user=0.00 sys=0.00, real=0.01 secs] 
2024-07-29T19:19:28.801+0800: 5.884: Total time for which application threads were stopped: 0.0129301 seconds, Stopping threads took: 0.0000207 seconds
2024-07-29T19:19:29.468+0800: 6.551: Application time: 0.6669247 seconds
2024-07-29T19:19:29.468+0800: 6.551: [GC (Allocation Failure) 2024-07-29T19:19:29.468+0800: 6.551: [ParNew: 677376K->56330K(707840K), 0.0152433 secs] 678034K->56989K(713984K), 0.0153022 secs] [Times: user=0.03 sys=0.00, real=0.02 secs] 
2024-07-29T19:19:29.483+0800: 6.566: Total time for which application threads were stopped: 0.0154133 seconds, Stopping threads took: 0.0000198 seconds
2024-07-29T19:19:30.144+0800: 7.227: Application time: 0.6607239 seconds
2024-07-29T19:19:30.144+0800: 7.227: [GC (Allocation Failure) 2024-07-29T19:19:30.144+0800: 7.227: [ParNew: 685578K->64512K(707840K), 0.0169171 secs] 686237K->65171K(713984K), 0.0169800 secs] [Times: user=0.05 sys=0.02, real=0.02 secs] 
2024-07-29T19:19:30.161+0800: 7.244: Total time for which application threads were stopped: 0.0171226 seconds, Stopping threads took: 0.0000181 seconds
2024-07-29T19:19:30.834+0800: 7.917: Application time: 0.6731373 seconds
2024-07-29T19:19:30.834+0800: 7.917: [GC (Allocation Failure) 2024-07-29T19:19:30.834+0800: 7.917: [ParNew: 693383K->76801K(707840K), 0.0197350 secs] 694041K->77459K(713984K), 0.0197953 secs] [Times: user=0.02 sys=0.02, real=0.02 secs] 
2024-07-29T19:19:30.854+0800: 7.937: Total time for which application threads were stopped: 0.0199080 seconds, Stopping threads took: 0.0000208 seconds
2024-07-29T19:19:31.526+0800: 8.609: Application time: 0.6718928 seconds
2024-07-29T19:19:31.527+0800: 8.609: [GC (Allocation Failure) 2024-07-29T19:19:31.527+0800: 8.609: [ParNew: 706049K->77825K(707840K), 0.0200527 secs] 706707K->85651K(717068K), 0.0201106 secs] [Times: user=0.03 sys=0.00, real=0.02 secs] 
2024-07-29T19:19:31.547+0800: 8.629: Total time for which application threads were stopped: 0.0202308 seconds, Stopping threads took: 0.0000200 seconds
2024-07-29T19:19:31.547+0800: 8.629: Application time: 0.0002044 seconds
2024-07-29T19:19:31.547+0800: 8.629: [GC (CMS Initial Mark) [1 CMS-initial-mark: 7826K(9228K)] 100154K(717068K), 0.0008113 secs] [Times: user=0.00 sys=0.00, real=0.00 secs] 
2024-07-29T19:19:31.548+0800: 8.630: Total time for which application threads were stopped: 0.0009664 seconds, Stopping threads took: 0.0001100 seconds
2024-07-29T19:19:31.548+0800: 8.630: [CMS-concurrent-mark-start]
2024-07-29T19:19:31.549+0800: 8.632: [CMS-concurrent-mark: 0.001/0.001 secs] [Times: user=0.00 sys=0.00, real=0.00 secs] 
2024-07-29T19:19:31.549+0800: 8.632: [CMS-concurrent-preclean-start]
2024-07-29T19:19:31.549+0800: 8.632: [CMS-concurrent-preclean: 0.000/0.000 secs] [Times: user=0.00 sys=0.00, real=0.00 secs] 
2024-07-29T19:19:31.549+0800: 8.632: [CMS-concurrent-abortable-preclean-start]
2024-07-29T19:19:32.104+0800: 9.186: [CMS-concurrent-abortable-preclean: 0.002/0.554 secs] [Times: user=0.00 sys=0.00, real=0.56 secs] 
2024-07-29T19:19:32.104+0800: 9.186: Application time: 0.5560351 seconds
2024-07-29T19:19:32.104+0800: 9.187: [GC (CMS Final Remark) [YG occupancy: 523654 K (707840 K)]2024-07-29T19:19:32.104+0800: 9.187: [Rescan (non-parallel) 2024-07-29T19:19:32.104+0800: 9.187: [grey object rescan, 0.0000248 secs]2024-07-29T19:19:32.104+0800: 9.187: [root rescan, 0.0001576 secs]2024-07-29T19:19:32.104+0800: 9.187: [visit unhandled CLDs, 0.0000140 secs]2024-07-29T19:19:32.104+0800: 9.187: [dirty klass scan, 0.0000356 secs], 0.0002727 secs]2024-07-29T19:19:32.104+0800: 9.187: [weak refs processing, 0.0000163 secs]2024-07-29T19:19:32.104+0800: 9.187: [class unloading, 0.0003677 secs]2024-07-29T19:19:32.104+0800: 9.187: [scrub symbol table, 0.0003836 secs]2024-07-29T19:19:32.104+0800: 9.188: [scrub string table, 0.0001214 secs][1 CMS-remark: 7826K(9228K)] 531480K(717068K), 0.0012438 secs] [Times: user=0.00 sys=0.00, real=0.00 secs] 
2024-07-29T19:19:32.105+0800: 9.188: Total time for which application threads were stopped: 0.0014322 seconds, Stopping threads took: 0.0001387 seconds
2024-07-29T19:19:32.105+0800: 9.188: [CMS-concurrent-sweep-start]
2024-07-29T19:19:32.106+0800: 9.189: [CMS-concurrent-sweep: 0.001/0.001 secs] [Times: user=0.00 sys=0.00, real=0.00 secs] 
2024-07-29T19:19:32.106+0800: 9.190: [CMS-concurrent-reset-start]
2024-07-29T19:19:32.108+0800: 9.192: [CMS-concurrent-reset: 0.002/0.002 secs] [Times: user=0.00 sys=0.00, real=0.00 secs] 
2024-07-29T19:19:32.219+0800: 9.302: Application time: 0.1143223 seconds
2024-07-29T19:19:32.219+0800: 9.302: [GC (Allocation Failure) 2024-07-29T19:19:32.219+0800: 9.302: [ParNew: 707073K->77825K(707840K), 0.0197735 secs] 714898K->99987K(731164K), 0.0198325 secs] [Times: user=0.05 sys=0.02, real=0.02 secs] 
2024-07-29T19:19:32.239+0800: 9.322: Total time for which application threads were stopped: 0.0199471 seconds, Stopping threads took: 0.0000194 seconds
2024-07-29T19:19:32.239+0800: 9.322: Application time: 0.0001562 seconds
2024-07-29T19:19:32.240+0800: 9.322: [GC (CMS Initial Mark) [1 CMS-initial-mark: 22161K(23324K)] 114535K(731164K), 0.0003924 secs] [Times: user=0.00 sys=0.00, real=0.00 secs] 
2024-07-29T19:19:32.240+0800: 9.323: Total time for which application threads were stopped: 0.0006030 seconds, Stopping threads took: 0.0001536 seconds
2024-07-29T19:19:32.240+0800: 9.323: [CMS-concurrent-mark-start]
2024-07-29T19:19:32.241+0800: 9.324: [CMS-concurrent-mark: 0.001/0.001 secs] [Times: user=0.00 sys=0.00, real=0.00 secs] 
2024-07-29T19:19:32.241+0800: 9.324: [CMS-concurrent-preclean-start]
2024-07-29T19:19:32.241+0800: 9.324: [CMS-concurrent-preclean: 0.000/0.000 secs] [Times: user=0.00 sys=0.00, real=0.00 secs] 
2024-07-29T19:19:32.241+0800: 9.324: [CMS-concurrent-abortable-preclean-start]
2024-07-29T19:19:32.794+0800: 9.877: [CMS-concurrent-abortable-preclean: 0.001/0.552 secs] [Times: user=0.00 sys=0.00, real=0.55 secs] 
2024-07-29T19:19:32.794+0800: 9.877: Application time: 0.5539891 seconds
2024-07-29T19:19:32.794+0800: 9.877: [GC (CMS Final Remark) [YG occupancy: 500144 K (707840 K)]2024-07-29T19:19:32.794+0800: 9.877: [Rescan (non-parallel) 2024-07-29T19:19:32.794+0800: 9.877: [grey object rescan, 0.0000408 secs]2024-07-29T19:19:32.794+0800: 9.877: [root rescan, 0.0001408 secs]2024-07-29T19:19:32.795+0800: 9.877: [visit unhandled CLDs, 0.0000085 secs]2024-07-29T19:19:32.795+0800: 9.877: [dirty klass scan, 0.0000339 secs], 0.0002639 secs]2024-07-29T19:19:32.795+0800: 9.877: [weak refs processing, 0.0000169 secs]2024-07-29T19:19:32.795+0800: 9.877: [class unloading, 0.0002078 secs]2024-07-29T19:19:32.795+0800: 9.878: [scrub symbol table, 0.0003122 secs]2024-07-29T19:19:32.795+0800: 9.878: [scrub string table, 0.0000907 secs][1 CMS-remark: 22161K(23324K)] 522306K(731164K), 0.0009665 secs] [Times: user=0.00 sys=0.00, real=0.00 secs] 
2024-07-29T19:19:32.795+0800: 9.878: Total time for which application threads were stopped: 0.0011745 seconds, Stopping threads took: 0.0001601 seconds
2024-07-29T19:19:32.796+0800: 9.878: [CMS-concurrent-sweep-start]
2024-07-29T19:19:32.797+0800: 9.880: [CMS-concurrent-sweep: 0.001/0.001 secs] [Times: user=0.00 sys=0.00, real=0.00 secs] 
2024-07-29T19:19:32.797+0800: 9.880: [CMS-concurrent-reset-start]
2024-07-29T19:19:32.797+0800: 9.880: [CMS-concurrent-reset: 0.000/0.000 secs] [Times: user=0.00 sys=0.00, real=0.00 secs] 
2024-07-29T19:19:33.028+0800: 10.111: Application time: 0.2328268 seconds
2024-07-29T19:19:33.028+0800: 10.111: [GC (Allocation Failure) 2024-07-29T19:19:33.028+0800: 10.111: [ParNew: 706183K->77825K(707840K), 0.0240542 secs] 721177K->120467K(752364K), 0.0241178 secs] [Times: user=0.06 sys=0.00, real=0.02 secs] 
2024-07-29T19:19:33.053+0800: 10.135: Total time for which application threads were stopped: 0.0242483 seconds, Stopping threads took: 0.0000215 seconds
2024-07-29T19:19:33.053+0800: 10.135: Application time: 0.0002400 seconds
2024-07-29T19:19:33.053+0800: 10.135: [GC (CMS Initial Mark) [1 CMS-initial-mark: 42642K(44524K)] 134947K(752364K), 0.0008043 secs] [Times: user=0.00 sys=0.00, real=0.00 secs] 
2024-07-29T19:19:33.054+0800: 10.136: Total time for which application threads were stopped: 0.0009459 seconds, Stopping threads took: 0.0000917 seconds
2024-07-29T19:19:33.054+0800: 10.136: [CMS-concurrent-mark-start]
2024-07-29T19:19:33.055+0800: 10.138: [CMS-concurrent-mark: 0.001/0.001 secs] [Times: user=0.00 sys=0.00, real=0.00 secs] 
2024-07-29T19:19:33.055+0800: 10.138: [CMS-concurrent-preclean-start]
2024-07-29T19:19:33.055+0800: 10.138: [CMS-concurrent-preclean: 0.000/0.000 secs] [Times: user=0.00 sys=0.00, real=0.00 secs] 
2024-07-29T19:19:33.055+0800: 10.138: [CMS-concurrent-abortable-preclean-start]
2024-07-29T19:19:33.610+0800: 10.692: [CMS-concurrent-abortable-preclean: 0.002/0.554 secs] [Times: user=0.03 sys=0.02, real=0.55 secs] 
2024-07-29T19:19:33.610+0800: 10.692: Application time: 0.5557963 seconds
2024-07-29T19:19:33.610+0800: 10.692: [GC (CMS Final Remark) [YG occupancy: 603648 K (707840 K)]2024-07-29T19:19:33.610+0800: 10.692: [Rescan (non-parallel) 2024-07-29T19:19:33.610+0800: 10.692: [grey object rescan, 0.0000674 secs]2024-07-29T19:19:33.610+0800: 10.692: [root rescan, 0.0002390 secs]2024-07-29T19:19:33.610+0800: 10.692: [visit unhandled CLDs, 0.0000089 secs]2024-07-29T19:19:33.610+0800: 10.693: [dirty klass scan, 0.0000350 secs], 0.0003919 secs]2024-07-29T19:19:33.610+0800: 10.693: [weak refs processing, 0.0000115 secs]2024-07-29T19:19:33.610+0800: 10.693: [class unloading, 0.0002461 secs]2024-07-29T19:19:33.610+0800: 10.693: [scrub symbol table, 0.0003439 secs]2024-07-29T19:19:33.610+0800: 10.693: [scrub string table, 0.0001006 secs][1 CMS-remark: 42642K(44524K)] 646290K(752364K), 0.0011637 secs] [Times: user=0.00 sys=0.00, real=0.00 secs] 
2024-07-29T19:19:33.610+0800: 10.693: Total time for which application threads were stopped: 0.0012317 seconds, Stopping threads took: 0.0000233 seconds
2024-07-29T19:19:33.611+0800: 10.693: [CMS-concurrent-sweep-start]
2024-07-29T19:19:33.611+0800: 10.694: [CMS-concurrent-sweep: 0.000/0.000 secs] [Times: user=0.00 sys=0.00, real=0.00 secs] 
2024-07-29T19:19:33.611+0800: 10.694: [CMS-concurrent-reset-start]
2024-07-29T19:19:33.611+0800: 10.694: [CMS-concurrent-reset: 0.000/0.000 secs] [Times: user=0.00 sys=0.00, real=0.00 secs] 
2024-07-29T19:19:33.737+0800: 10.820: Application time: 0.1267920 seconds
2024-07-29T19:19:33.737+0800: 10.820: [GC (Allocation Failure) 2024-07-29T19:19:33.737+0800: 10.820: [ParNew: 707073K->77825K(707840K), 0.0273007 secs] 735379K->141971K(774552K), 0.0273599 secs] [Times: user=0.06 sys=0.00, real=0.03 secs] 
2024-07-29T19:19:33.764+0800: 10.848: Total time for which application threads were stopped: 0.0274705 seconds, Stopping threads took: 0.0000198 seconds
2024-07-29T19:19:33.765+0800: 10.848: Application time: 0.0001562 seconds
2024-07-29T19:19:33.765+0800: 10.848: [GC (CMS Initial Mark) [1 CMS-initial-mark: 64146K(66712K)] 156505K(774552K), 0.0007803 secs] [Times: user=0.00 sys=0.00, real=0.00 secs] 
2024-07-29T19:19:33.765+0800: 10.849: Total time for which application threads were stopped: 0.0009484 seconds, Stopping threads took: 0.0001252 seconds
2024-07-29T19:19:33.766+0800: 10.849: [CMS-concurrent-mark-start]
2024-07-29T19:19:33.768+0800: 10.850: [CMS-concurrent-mark: 0.001/0.001 secs] [Times: user=0.00 sys=0.00, real=0.00 secs] 
2024-07-29T19:19:33.768+0800: 10.850: [CMS-concurrent-preclean-start]
2024-07-29T19:19:33.768+0800: 10.850: [CMS-concurrent-preclean: 0.000/0.000 secs] [Times: user=0.00 sys=0.00, real=0.00 secs] 
2024-07-29T19:19:33.768+0800: 10.851: [CMS-concurrent-abortable-preclean-start]
2024-07-29T19:19:34.319+0800: 11.401: [CMS-concurrent-abortable-preclean: 0.002/0.551 secs] [Times: user=0.03 sys=0.00, real=0.55 secs] 
2024-07-29T19:19:34.319+0800: 11.402: Application time: 0.5528149 seconds
2024-07-29T19:19:34.319+0800: 11.402: [GC (CMS Final Remark) [YG occupancy: 586293 K (707840 K)]2024-07-29T19:19:34.319+0800: 11.402: [Rescan (non-parallel) 2024-07-29T19:19:34.319+0800: 11.402: [grey object rescan, 0.0000972 secs]2024-07-29T19:19:34.319+0800: 11.402: [root rescan, 0.0001636 secs]2024-07-29T19:19:34.319+0800: 11.402: [visit unhandled CLDs, 0.0000080 secs]2024-07-29T19:19:34.319+0800: 11.402: [dirty klass scan, 0.0000433 secs], 0.0003625 secs]2024-07-29T19:19:34.320+0800: 11.402: [weak refs processing, 0.0000230 secs]2024-07-29T19:19:34.320+0800: 11.402: [class unloading, 0.0002611 secs]2024-07-29T19:19:34.320+0800: 11.402: [scrub symbol table, 0.0003218 secs]2024-07-29T19:19:34.320+0800: 11.403: [scrub string table, 0.0000908 secs][1 CMS-remark: 64146K(66712K)] 650440K(774552K), 0.0011642 secs] [Times: user=0.00 sys=0.00, real=0.00 secs] 
2024-07-29T19:19:34.320+0800: 11.403: Total time for which application threads were stopped: 0.0012494 seconds, Stopping threads took: 0.0000252 seconds
2024-07-29T19:19:34.320+0800: 11.403: [CMS-concurrent-sweep-start]
2024-07-29T19:19:34.321+0800: 11.403: [CMS-concurrent-sweep: 0.000/0.000 secs] [Times: user=0.00 sys=0.00, real=0.00 secs] 
2024-07-29T19:19:34.321+0800: 11.403: [CMS-concurrent-reset-start]
2024-07-29T19:19:34.321+0800: 11.403: [CMS-concurrent-reset: 0.000/0.000 secs] [Times: user=0.00 sys=0.00, real=0.00 secs] 
2024-07-29T19:19:34.448+0800: 11.530: Application time: 0.1274605 seconds
2024-07-29T19:19:34.448+0800: 11.530: [GC (Allocation Failure) 2024-07-29T19:19:34.448+0800: 11.530: [ParNew: 707073K->77825K(707840K), 0.0272244 secs] 743571K->162452K(794084K), 0.0272850 secs] [Times: user=0.05 sys=0.01, real=0.03 secs] 
2024-07-29T19:19:34.475+0800: 11.558: Total time for which application threads were stopped: 0.0274047 seconds, Stopping threads took: 0.0000301 seconds
2024-07-29T19:19:34.475+0800: 11.558: Application time: 0.0002474 seconds
2024-07-29T19:19:34.476+0800: 11.558: [GC (CMS Initial Mark) [1 CMS-initial-mark: 84626K(86244K)] 176924K(794084K), 0.0008608 secs] [Times: user=0.00 sys=0.00, real=0.00 secs] 
2024-07-29T19:19:34.476+0800: 11.559: Total time for which application threads were stopped: 0.0009729 seconds, Stopping threads took: 0.0000653 seconds
2024-07-29T19:19:34.477+0800: 11.559: [CMS-concurrent-mark-start]
2024-07-29T19:19:34.478+0800: 11.561: [CMS-concurrent-mark: 0.002/0.002 secs] [Times: user=0.00 sys=0.00, real=0.00 secs] 
2024-07-29T19:19:34.478+0800: 11.561: [CMS-concurrent-preclean-start]
2024-07-29T19:19:34.479+0800: 11.561: [CMS-concurrent-preclean: 0.000/0.000 secs] [Times: user=0.00 sys=0.00, real=0.00 secs] 
2024-07-29T19:19:34.479+0800: 11.561: [CMS-concurrent-abortable-preclean-start]
2024-07-29T19:19:34.479+0800: 11.561: [CMS-concurrent-abortable-preclean: 0.000/0.000 secs] [Times: user=0.00 sys=0.00, real=0.00 secs] 
2024-07-29T19:19:34.479+0800: 11.562: Application time: 0.0026452 seconds
2024-07-29T19:19:34.479+0800: 11.562: [GC (CMS Final Remark) [YG occupancy: 119193 K (707840 K)]2024-07-29T19:19:34.479+0800: 11.562: [Rescan (non-parallel) 2024-07-29T19:19:34.479+0800: 11.562: [grey object rescan, 0.0001161 secs]2024-07-29T19:19:34.479+0800: 11.562: [root rescan, 0.0000395 secs]2024-07-29T19:19:34.479+0800: 11.562: [visit unhandled CLDs, 0.0000076 secs]2024-07-29T19:19:34.479+0800: 11.562: [dirty klass scan, 0.0000151 secs], 0.0002085 secs]2024-07-29T19:19:34.479+0800: 11.562: [weak refs processing, 0.0000098 secs]2024-07-29T19:19:34.479+0800: 11.562: [class unloading, 0.0002356 secs]2024-07-29T19:19:34.480+0800: 11.562: [scrub symbol table, 0.0003676 secs]2024-07-29T19:19:34.480+0800: 11.563: [scrub string table, 0.0001041 secs][1 CMS-remark: 84626K(86244K)] 203819K(794084K), 0.0009855 secs] [Times: user=0.00 sys=0.00, real=0.00 secs] 
2024-07-29T19:19:34.480+0800: 11.563: Total time for which application threads were stopped: 0.0011496 seconds, Stopping threads took: 0.0001271 seconds
2024-07-29T19:19:34.480+0800: 11.563: [CMS-concurrent-sweep-start]
2024-07-29T19:19:34.481+0800: 11.564: [CMS-concurrent-sweep: 0.001/0.001 secs] [Times: user=0.00 sys=0.00, real=0.00 secs] 
2024-07-29T19:19:34.482+0800: 11.564: [CMS-concurrent-reset-start]
2024-07-29T19:19:34.482+0800: 11.564: [CMS-concurrent-reset: 0.000/0.000 secs] [Times: user=0.00 sys=0.00, real=0.00 secs] 
Heap
 par new generation   total 707840K, used 387289K [0x00000000c8000000, 0x00000000f8000000, 0x00000000f8000000)
  eden space 629248K,  49% used [0x00000000c8000000, 0x00000000dae36138, 0x00000000ee680000)
  from space 78592K,  99% used [0x00000000ee680000, 0x00000000f32804c0, 0x00000000f3340000)
  to   space 78592K,   0% used [0x00000000f3340000, 0x00000000f3340000, 0x00000000f8000000)
 concurrent mark-sweep generation total 86244K, used 48786K [0x00000000f8000000, 0x00000000fd439000, 0x0000000100000000)
 Metaspace       used 3005K, capacity 4486K, committed 4864K, reserved 1056768K
  class space    used 310K, capacity 386K, committed 512K, reserved 1048576K
2024-07-29T19:19:34.808+0800: 11.890: Application time: 0.3275236 seconds
