OpenJDK 64-Bit Server VM (25.412-b1) for windows-amd64 JRE (1.8.0_412-b1), built on Apr 23 2024 12:00:37 by "Administrator" with MS VC++ 10.0 (VS2010)
Memory: 4k page, physical 16672068k(4616408k free), swap 19811428k(4648412k free)
CommandLine flags: -XX:+CMSParallelRemarkEnabled -XX:GCDrainStackTargetSize=64 -XX:InitialHeapSize=810758960 -XX:InitialTenuringThreshold=4 -XX:MaxHeapSize=939524096 -XX:MaxNewSize=805306368 -XX:MaxTenuringThreshold=4 -XX:NewSize=805306368 -XX:OldPLABSize=16 -XX:+PrintGC -XX:+PrintGCApplicationConcurrentTime -XX:+PrintGCApplicationStoppedTime -XX:+PrintGCDateStamps -XX:+PrintGCDetails -XX:+PrintGCTimeStamps -XX:+UseCompressedClassPointers -XX:+UseCompressedOops -XX:+UseConcMarkSweepGC -XX:-UseLargePagesIndividualAllocation -XX:+UseParNewGC 
2024-07-29T19:12:51.577+0800: 1.031: Application time: 0.9558404 seconds
2024-07-29T19:12:51.577+0800: 1.032: Total time for which application threads were stopped: 0.0005974 seconds, Stopping threads took: 0.0005461 seconds
2024-07-29T19:12:51.582+0800: 1.037: Application time: 0.0054041 seconds
2024-07-29T19:12:51.582+0800: 1.037: [GC (Allocation Failure) 2024-07-29T19:12:51.582+0800: 1.037: [ParNew: 629042K->13993K(707840K), 0.0094356 secs] 629042K->13993K(713984K), 0.0096704 secs] [Times: user=0.11 sys=0.00, real=0.01 secs] 
2024-07-29T19:12:51.592+0800: 1.047: Total time for which application threads were stopped: 0.0097834 seconds, Stopping threads took: 0.0000160 seconds
2024-07-29T19:12:52.260+0800: 1.715: Application time: 0.6680022 seconds
2024-07-29T19:12:52.260+0800: 1.715: [GC (Allocation Failure) 2024-07-29T19:12:52.260+0800: 1.715: [ParNew: 643241K->8210K(707840K), 0.0046091 secs] 643241K->8210K(713984K), 0.0046582 secs] [Times: user=0.00 sys=0.00, real=0.00 secs] 
2024-07-29T19:12:52.264+0800: 1.720: Total time for which application threads were stopped: 0.0047639 seconds, Stopping threads took: 0.0000176 seconds
2024-07-29T19:12:52.939+0800: 2.394: Application time: 0.6745507 seconds
2024-07-29T19:12:52.939+0800: 2.394: [GC (Allocation Failure) 2024-07-29T19:12:52.939+0800: 2.394: [ParNew: 637458K->12253K(707840K), 0.0027743 secs] 637458K->12253K(713984K), 0.0028453 secs] [Times: user=0.01 sys=0.00, real=0.00 secs] 
2024-07-29T19:12:52.942+0800: 2.397: Total time for which application threads were stopped: 0.0029762 seconds, Stopping threads took: 0.0000186 seconds
2024-07-29T19:12:53.603+0800: 3.058: Application time: 0.6610212 seconds
2024-07-29T19:12:53.603+0800: 3.058: [GC (Allocation Failure) 2024-07-29T19:12:53.603+0800: 3.058: [ParNew: 641501K->15342K(707840K), 0.0057168 secs] 641501K->15342K(713984K), 0.0057689 secs] [Times: user=0.00 sys=0.00, real=0.01 secs] 
2024-07-29T19:12:53.609+0800: 3.064: Total time for which application threads were stopped: 0.0058786 seconds, Stopping threads took: 0.0000185 seconds
2024-07-29T19:12:54.281+0800: 3.735: Application time: 0.6713393 seconds
2024-07-29T19:12:54.281+0800: 3.735: [GC (Allocation Failure) 2024-07-29T19:12:54.281+0800: 3.735: [ParNew: 644590K->24772K(707840K), 0.0105971 secs] 644590K->25429K(713984K), 0.0106580 secs] [Times: user=0.03 sys=0.00, real=0.01 secs] 
2024-07-29T19:12:54.291+0800: 3.746: Total time for which application threads were stopped: 0.0107724 seconds, Stopping threads took: 0.0000206 seconds
2024-07-29T19:12:54.660+0800: 4.115: Application time: 0.3685393 seconds
2024-07-29T19:12:54.660+0800: 4.115: Total time for which application threads were stopped: 0.0000632 seconds, Stopping threads took: 0.0000326 seconds
2024-07-29T19:12:54.964+0800: 4.419: Application time: 0.3046714 seconds
2024-07-29T19:12:54.964+0800: 4.419: [GC (Allocation Failure) 2024-07-29T19:12:54.964+0800: 4.420: [ParNew: 654020K->34914K(707840K), 0.0144044 secs] 654677K->35571K(713984K), 0.0144593 secs] [Times: user=0.01 sys=0.02, real=0.02 secs] 
2024-07-29T19:12:54.979+0800: 4.434: Total time for which application threads were stopped: 0.0145690 seconds, Stopping threads took: 0.0000176 seconds
2024-07-29T19:12:55.643+0800: 5.098: Application time: 0.6636564 seconds
2024-07-29T19:12:55.643+0800: 5.098: [GC (Allocation Failure) 2024-07-29T19:12:55.643+0800: 5.098: [ParNew: 664162K->40977K(707840K), 0.0124707 secs] 664819K->41634K(713984K), 0.0125877 secs] [Times: user=0.03 sys=0.00, real=0.01 secs] 
2024-07-29T19:12:55.655+0800: 5.110: Total time for which application threads were stopped: 0.0127182 seconds, Stopping threads took: 0.0000198 seconds
2024-07-29T19:12:56.335+0800: 5.790: Application time: 0.6797444 seconds
2024-07-29T19:12:56.335+0800: 5.790: [GC (Allocation Failure) 2024-07-29T19:12:56.335+0800: 5.790: [ParNew: 670225K->48128K(707840K), 0.0126121 secs] 670882K->48786K(713984K), 0.0126663 secs] [Times: user=0.02 sys=0.01, real=0.01 secs] 
2024-07-29T19:12:56.348+0800: 5.803: Total time for which application threads were stopped: 0.0127782 seconds, Stopping threads took: 0.0000179 seconds
2024-07-29T19:12:57.028+0800: 6.483: Application time: 0.6796750 seconds
2024-07-29T19:12:57.028+0800: 6.483: [GC (Allocation Failure) 2024-07-29T19:12:57.028+0800: 6.483: [ParNew: 677376K->56332K(707840K), 0.0146837 secs] 678034K->56991K(713984K), 0.0147601 secs] [Times: user=0.02 sys=0.02, real=0.01 secs] 
2024-07-29T19:12:57.043+0800: 6.497: Total time for which application threads were stopped: 0.0148684 seconds, Stopping threads took: 0.0000194 seconds
2024-07-29T19:12:57.710+0800: 7.165: Application time: 0.6675326 seconds
2024-07-29T19:12:57.710+0800: 7.165: [GC (Allocation Failure) 2024-07-29T19:12:57.710+0800: 7.165: [ParNew: 684557K->67585K(707840K), 0.0178525 secs] 685215K->68243K(713984K), 0.0179102 secs] [Times: user=0.02 sys=0.02, real=0.02 secs] 
2024-07-29T19:12:57.728+0800: 7.183: Total time for which application threads were stopped: 0.0180342 seconds, Stopping threads took: 0.0000187 seconds
2024-07-29T19:12:58.401+0800: 7.856: Application time: 0.6732698 seconds
2024-07-29T19:12:58.401+0800: 7.856: [GC (Allocation Failure) 2024-07-29T19:12:58.401+0800: 7.856: [ParNew: 696833K->76801K(707840K), 0.0193155 secs] 697491K->77459K(713984K), 0.0193758 secs] [Times: user=0.02 sys=0.02, real=0.02 secs] 
2024-07-29T19:12:58.420+0800: 7.876: Total time for which application threads were stopped: 0.0194835 seconds, Stopping threads took: 0.0000190 seconds
2024-07-29T19:12:59.099+0800: 8.554: Application time: 0.6783725 seconds
2024-07-29T19:12:59.099+0800: 8.554: [GC (Allocation Failure) 2024-07-29T19:12:59.099+0800: 8.554: [ParNew: 706049K->77825K(707840K), 0.0195631 secs] 706707K->83603K(715012K), 0.0196316 secs] [Times: user=0.01 sys=0.02, real=0.02 secs] 
2024-07-29T19:12:59.119+0800: 8.574: Total time for which application threads were stopped: 0.0197464 seconds, Stopping threads took: 0.0000170 seconds
2024-07-29T19:12:59.119+0800: 8.574: Application time: 0.0001169 seconds
2024-07-29T19:12:59.119+0800: 8.574: [GC (CMS Initial Mark) [1 CMS-initial-mark: 5778K(7172K)] 98051K(715012K), 0.0008437 secs] [Times: user=0.00 sys=0.00, real=0.00 secs] 
2024-07-29T19:12:59.120+0800: 8.575: Total time for which application threads were stopped: 0.0010201 seconds, Stopping threads took: 0.0001283 seconds
2024-07-29T19:12:59.120+0800: 8.575: [CMS-concurrent-mark-start]
2024-07-29T19:12:59.121+0800: 8.576: [CMS-concurrent-mark: 0.001/0.001 secs] [Times: user=0.00 sys=0.00, real=0.00 secs] 
2024-07-29T19:12:59.121+0800: 8.577: [CMS-concurrent-preclean-start]
2024-07-29T19:12:59.122+0800: 8.577: [CMS-concurrent-preclean: 0.000/0.000 secs] [Times: user=0.00 sys=0.00, real=0.00 secs] 
2024-07-29T19:12:59.122+0800: 8.577: [CMS-concurrent-abortable-preclean-start]
2024-07-29T19:12:59.682+0800: 9.137: [CMS-concurrent-abortable-preclean: 0.001/0.560 secs] [Times: user=0.03 sys=0.00, real=0.56 secs] 
2024-07-29T19:12:59.682+0800: 9.137: Application time: 0.5619579 seconds
2024-07-29T19:12:59.682+0800: 9.137: [GC (CMS Final Remark) [YG occupancy: 521826 K (707840 K)]2024-07-29T19:12:59.682+0800: 9.137: [Rescan (parallel) , 0.0005834 secs]2024-07-29T19:12:59.683+0800: 9.138: [weak refs processing, 0.0000277 secs]2024-07-29T19:12:59.683+0800: 9.138: [class unloading, 0.0003493 secs]2024-07-29T19:12:59.683+0800: 9.138: [scrub symbol table, 0.0004568 secs]2024-07-29T19:12:59.684+0800: 9.139: [scrub string table, 0.0001621 secs][1 CMS-remark: 5778K(7172K)] 527604K(715012K), 0.0016913 secs] [Times: user=0.00 sys=0.00, real=0.00 secs] 
2024-07-29T19:12:59.684+0800: 9.139: Total time for which application threads were stopped: 0.0019054 seconds, Stopping threads took: 0.0001437 seconds
2024-07-29T19:12:59.684+0800: 9.139: [CMS-concurrent-sweep-start]
2024-07-29T19:12:59.686+0800: 9.141: [CMS-concurrent-sweep: 0.001/0.001 secs] [Times: user=0.00 sys=0.00, real=0.00 secs] 
2024-07-29T19:12:59.686+0800: 9.141: [CMS-concurrent-reset-start]
2024-07-29T19:12:59.687+0800: 9.142: [CMS-concurrent-reset: 0.002/0.002 secs] [Times: user=0.00 sys=0.00, real=0.00 secs] 
2024-07-29T19:12:59.798+0800: 9.253: Application time: 0.1144309 seconds
2024-07-29T19:12:59.798+0800: 9.253: [GC (Allocation Failure) 2024-07-29T19:12:59.798+0800: 9.253: [ParNew: 707073K->77825K(707840K), 0.0215059 secs] 712850K->97939K(728780K), 0.0215623 secs] [Times: user=0.05 sys=0.02, real=0.02 secs] 
2024-07-29T19:12:59.820+0800: 9.275: Total time for which application threads were stopped: 0.0216705 seconds, Stopping threads took: 0.0000167 seconds
2024-07-29T19:12:59.820+0800: 9.275: Application time: 0.0002272 seconds
2024-07-29T19:12:59.820+0800: 9.275: [GC (CMS Initial Mark) [1 CMS-initial-mark: 20113K(20940K)] 112390K(728780K), 0.0008809 secs] [Times: user=0.00 sys=0.00, real=0.00 secs] 
2024-07-29T19:12:59.821+0800: 9.276: Total time for which application threads were stopped: 0.0009882 seconds, Stopping threads took: 0.0000648 seconds
2024-07-29T19:12:59.821+0800: 9.276: [CMS-concurrent-mark-start]
2024-07-29T19:12:59.822+0800: 9.277: [CMS-concurrent-mark: 0.001/0.001 secs] [Times: user=0.00 sys=0.00, real=0.00 secs] 
2024-07-29T19:12:59.822+0800: 9.277: [CMS-concurrent-preclean-start]
2024-07-29T19:12:59.822+0800: 9.277: [CMS-concurrent-preclean: 0.000/0.000 secs] [Times: user=0.00 sys=0.00, real=0.00 secs] 
2024-07-29T19:12:59.822+0800: 9.277: [CMS-concurrent-abortable-preclean-start]
2024-07-29T19:13:00.381+0800: 9.836: [CMS-concurrent-abortable-preclean: 0.001/0.559 secs] [Times: user=0.06 sys=0.00, real=0.56 secs] 
2024-07-29T19:13:00.382+0800: 9.836: Application time: 0.5600544 seconds
2024-07-29T19:13:00.382+0800: 9.836: [GC (CMS Final Remark) [YG occupancy: 508536 K (707840 K)]2024-07-29T19:13:00.382+0800: 9.836: [Rescan (parallel) , 0.0004417 secs]2024-07-29T19:13:00.382+0800: 9.837: [weak refs processing, 0.0000145 secs]2024-07-29T19:13:00.382+0800: 9.837: [class unloading, 0.0002498 secs]2024-07-29T19:13:00.382+0800: 9.837: [scrub symbol table, 0.0003335 secs]2024-07-29T19:13:00.382+0800: 9.838: [scrub string table, 0.0000932 secs][1 CMS-remark: 20113K(20940K)] 528650K(728780K), 0.0012042 secs] [Times: user=0.00 sys=0.00, real=0.00 secs] 
2024-07-29T19:13:00.382+0800: 9.838: Total time for which application threads were stopped: 0.0013653 seconds, Stopping threads took: 0.0001185 seconds
2024-07-29T19:13:00.383+0800: 9.838: [CMS-concurrent-sweep-start]
2024-07-29T19:13:00.383+0800: 9.839: [CMS-concurrent-sweep: 0.001/0.001 secs] [Times: user=0.00 sys=0.00, real=0.00 secs] 
2024-07-29T19:13:00.384+0800: 9.839: [CMS-concurrent-reset-start]
2024-07-29T19:13:00.384+0800: 9.839: [CMS-concurrent-reset: 0.000/0.000 secs] [Times: user=0.00 sys=0.00, real=0.00 secs] 
2024-07-29T19:13:00.498+0800: 9.954: Application time: 0.1159939 seconds
2024-07-29T19:13:00.498+0800: 9.954: [GC (Allocation Failure) 2024-07-29T19:13:00.498+0800: 9.954: [ParNew: 707073K->77825K(707840K), 0.0225765 secs] 722067K->116371K(747224K), 0.0226517 secs] [Times: user=0.06 sys=0.00, real=0.02 secs] 
2024-07-29T19:13:00.521+0800: 9.976: Total time for which application threads were stopped: 0.0227615 seconds, Stopping threads took: 0.0000188 seconds
2024-07-29T19:13:00.521+0800: 9.977: Application time: 0.0001562 seconds
2024-07-29T19:13:00.521+0800: 9.977: [GC (CMS Initial Mark) [1 CMS-initial-mark: 38546K(39384K)] 129823K(747224K), 0.0007651 secs] [Times: user=0.00 sys=0.00, real=0.00 secs] 
2024-07-29T19:13:00.522+0800: 9.977: Total time for which application threads were stopped: 0.0008350 seconds, Stopping threads took: 0.0000197 seconds
2024-07-29T19:13:00.522+0800: 9.978: [CMS-concurrent-mark-start]
2024-07-29T19:13:00.523+0800: 9.978: [CMS-concurrent-mark: 0.001/0.001 secs] [Times: user=0.00 sys=0.00, real=0.00 secs] 
2024-07-29T19:13:00.523+0800: 9.978: [CMS-concurrent-preclean-start]
2024-07-29T19:13:00.523+0800: 9.978: [CMS-concurrent-preclean: 0.000/0.000 secs] [Times: user=0.00 sys=0.00, real=0.00 secs] 
2024-07-29T19:13:00.523+0800: 9.978: [CMS-concurrent-abortable-preclean-start]
2024-07-29T19:13:01.078+0800: 10.532: [CMS-concurrent-abortable-preclean: 0.002/0.554 secs] [Times: user=0.01 sys=0.01, real=0.56 secs] 
2024-07-29T19:13:01.078+0800: 10.533: Application time: 0.5552894 seconds
2024-07-29T19:13:01.078+0800: 10.533: [GC (CMS Final Remark) [YG occupancy: 494835 K (707840 K)]2024-07-29T19:13:01.078+0800: 10.533: [Rescan (parallel) , 0.0011578 secs]2024-07-29T19:13:01.079+0800: 10.534: [weak refs processing, 0.0000155 secs]2024-07-29T19:13:01.079+0800: 10.534: [class unloading, 0.0002219 secs]2024-07-29T19:13:01.080+0800: 10.534: [scrub symbol table, 0.0003124 secs]2024-07-29T19:13:01.080+0800: 10.535: [scrub string table, 0.0000916 secs][1 CMS-remark: 38546K(39384K)] 533381K(747224K), 0.0018955 secs] [Times: user=0.00 sys=0.00, real=0.00 secs] 
2024-07-29T19:13:01.080+0800: 10.535: Total time for which application threads were stopped: 0.0019613 seconds, Stopping threads took: 0.0000204 seconds
2024-07-29T19:13:01.080+0800: 10.535: [CMS-concurrent-sweep-start]
2024-07-29T19:13:01.081+0800: 10.535: [CMS-concurrent-sweep: 0.000/0.000 secs] [Times: user=0.00 sys=0.00, real=0.00 secs] 
2024-07-29T19:13:01.081+0800: 10.535: [CMS-concurrent-reset-start]
2024-07-29T19:13:01.081+0800: 10.535: [CMS-concurrent-reset: 0.000/0.000 secs] [Times: user=0.00 sys=0.00, real=0.00 secs] 
2024-07-29T19:13:01.316+0800: 10.770: Application time: 0.2358066 seconds
2024-07-29T19:13:01.316+0800: 10.771: [GC (Allocation Failure) 2024-07-29T19:13:01.316+0800: 10.771: [ParNew: 707073K->77825K(707840K), 0.0231531 secs] 731283K->133779K(764640K), 0.0232303 secs] [Times: user=0.06 sys=0.00, real=0.02 secs] 
2024-07-29T19:13:01.339+0800: 10.794: Total time for which application threads were stopped: 0.0233426 seconds, Stopping threads took: 0.0000203 seconds
2024-07-29T19:13:01.339+0800: 10.794: Application time: 0.0001675 seconds
2024-07-29T19:13:01.339+0800: 10.794: [GC (CMS Initial Mark) [1 CMS-initial-mark: 55954K(56800K)] 148264K(764640K), 0.0008340 secs] [Times: user=0.00 sys=0.00, real=0.00 secs] 
2024-07-29T19:13:01.340+0800: 10.795: Total time for which application threads were stopped: 0.0010226 seconds, Stopping threads took: 0.0001454 seconds
2024-07-29T19:13:01.340+0800: 10.795: [CMS-concurrent-mark-start]
2024-07-29T19:13:01.342+0800: 10.797: [CMS-concurrent-mark: 0.002/0.002 secs] [Times: user=0.00 sys=0.00, real=0.00 secs] 
2024-07-29T19:13:01.342+0800: 10.797: [CMS-concurrent-preclean-start]
2024-07-29T19:13:01.342+0800: 10.797: [CMS-concurrent-preclean: 0.000/0.000 secs] [Times: user=0.00 sys=0.00, real=0.00 secs] 
2024-07-29T19:13:01.342+0800: 10.797: [CMS-concurrent-abortable-preclean-start]
2024-07-29T19:13:01.896+0800: 11.351: [CMS-concurrent-abortable-preclean: 0.002/0.554 secs] [Times: user=0.00 sys=0.00, real=0.56 secs] 
2024-07-29T19:13:01.897+0800: 11.351: Application time: 0.5563819 seconds
2024-07-29T19:13:01.897+0800: 11.352: [GC (CMS Final Remark) [YG occupancy: 603809 K (707840 K)]2024-07-29T19:13:01.897+0800: 11.352: [Rescan (parallel) , 0.0011516 secs]2024-07-29T19:13:01.898+0800: 11.353: [weak refs processing, 0.0000156 secs]2024-07-29T19:13:01.898+0800: 11.353: [class unloading, 0.0002345 secs]2024-07-29T19:13:01.898+0800: 11.353: [scrub symbol table, 0.0003513 secs]2024-07-29T19:13:01.898+0800: 11.353: [scrub string table, 0.0001148 secs][1 CMS-remark: 55954K(56800K)] 659764K(764640K), 0.0019506 secs] [Times: user=0.00 sys=0.00, real=0.00 secs] 
2024-07-29T19:13:01.898+0800: 11.354: Total time for which application threads were stopped: 0.0021463 seconds, Stopping threads took: 0.0000829 seconds
2024-07-29T19:13:01.899+0800: 11.354: [CMS-concurrent-sweep-start]
2024-07-29T19:13:01.900+0800: 11.355: [CMS-concurrent-sweep: 0.001/0.001 secs] [Times: user=0.00 sys=0.00, real=0.00 secs] 
2024-07-29T19:13:01.900+0800: 11.355: [CMS-concurrent-reset-start]
2024-07-29T19:13:01.900+0800: 11.355: [CMS-concurrent-reset: 0.000/0.000 secs] [Times: user=0.00 sys=0.00, real=0.00 secs] 
2024-07-29T19:13:02.021+0800: 11.477: Application time: 0.1231338 seconds
2024-07-29T19:13:02.021+0800: 11.477: [GC (Allocation Failure) 2024-07-29T19:13:02.021+0800: 11.477: [ParNew: 707073K->77825K(707840K), 0.0240436 secs] 739475K->149139K(780060K), 0.0241024 secs] [Times: user=0.03 sys=0.00, real=0.03 secs] 
2024-07-29T19:13:02.046+0800: 11.501: Total time for which application threads were stopped: 0.0242107 seconds, Stopping threads took: 0.0000188 seconds
2024-07-29T19:13:02.046+0800: 11.501: Application time: 0.0002789 seconds
2024-07-29T19:13:02.046+0800: 11.501: [GC (CMS Initial Mark) [1 CMS-initial-mark: 71314K(72220K)] 163637K(780060K), 0.0008227 secs] [Times: user=0.00 sys=0.00, real=0.00 secs] 
2024-07-29T19:13:02.047+0800: 11.502: Total time for which application threads were stopped: 0.0010189 seconds, Stopping threads took: 0.0001471 seconds
2024-07-29T19:13:02.047+0800: 11.502: [CMS-concurrent-mark-start]
2024-07-29T19:13:02.049+0800: 11.504: [CMS-concurrent-mark: 0.002/0.002 secs] [Times: user=0.00 sys=0.00, real=0.00 secs] 
2024-07-29T19:13:02.049+0800: 11.504: [CMS-concurrent-preclean-start]
2024-07-29T19:13:02.049+0800: 11.505: [CMS-concurrent-preclean: 0.000/0.000 secs] [Times: user=0.00 sys=0.00, real=0.00 secs] 
2024-07-29T19:13:02.050+0800: 11.505: [CMS-concurrent-abortable-preclean-start]
Heap
 par new generation   total 707840K, used 387847K [0x00000000c8000000, 0x00000000f8000000, 0x00000000f8000000)
  eden space 629248K,  49% used [0x00000000c8000000, 0x00000000daec1828, 0x00000000ee680000)
  from space 78592K,  99% used [0x00000000ee680000, 0x00000000f32804c0, 0x00000000f3340000)
  to   space 78592K,   0% used [0x00000000f3340000, 0x00000000f3340000, 0x00000000f8000000)
 concurrent mark-sweep generation total 72220K, used 71314K [0x00000000f8000000, 0x00000000fc687000, 0x0000000100000000)
 Metaspace       used 3005K, capacity 4486K, committed 4864K, reserved 1056768K
  class space    used 310K, capacity 386K, committed 512K, reserved 1048576K
2024-07-29T19:13:02.382+0800: 11.837: Application time: 0.3346455 seconds
