OpenJDK 64-Bit Server VM (25.412-b1) for windows-amd64 JRE (1.8.0_412-b1), built on Apr 23 2024 12:00:37 by "Administrator" with MS VC++ 10.0 (VS2010)
Memory: 4k page, physical 16672068k(4591076k free), swap 19811428k(4629560k free)
CommandLine flags: -XX:+CMSParallelRemarkEnabled -XX:GCDrainStackTargetSize=64 -XX:InitialHeapSize=810758960 -XX:InitialTenuringThreshold=4 -XX:MaxHeapSize=939524096 -XX:MaxNewSize=805306368 -XX:MaxTenuringThreshold=4 -XX:NewSize=805306368 -XX:OldPLABSize=16 -XX:+PrintGC -XX:+PrintGCApplicationConcurrentTime -XX:+PrintGCApplicationStoppedTime -XX:+PrintGCDateStamps -XX:+PrintGCDetails -XX:+PrintGCTimeStamps -XX:+UseCompressedClassPointers -XX:+UseCompressedOops -XX:+UseConcMarkSweepGC -XX:-UseLargePagesIndividualAllocation -XX:+UseParNewGC 
2024-07-29T19:13:03.502+0800: 1.033: Application time: 0.9589622 seconds
2024-07-29T19:13:03.503+0800: 1.033: Total time for which application threads were stopped: 0.0005338 seconds, Stopping threads took: 0.0004763 seconds
2024-07-29T19:13:03.508+0800: 1.038: Application time: 0.0052519 seconds
2024-07-29T19:13:03.508+0800: 1.039: [GC (Allocation Failure) 2024-07-29T19:13:03.508+0800: 1.039: [ParNew: 629042K->14044K(707840K), 0.0078078 secs] 629042K->14044K(713984K), 0.0080072 secs] [Times: user=0.00 sys=0.00, real=0.01 secs] 
2024-07-29T19:13:03.516+0800: 1.047: Total time for which application threads were stopped: 0.0081163 seconds, Stopping threads took: 0.0000151 seconds
2024-07-29T19:13:04.183+0800: 1.714: Application time: 0.6674579 seconds
2024-07-29T19:13:04.183+0800: 1.714: [GC (Allocation Failure) 2024-07-29T19:13:04.183+0800: 1.714: [ParNew: 643292K->8089K(707840K), 0.0047842 secs] 643292K->8089K(713984K), 0.0048424 secs] [Times: user=0.00 sys=0.00, real=0.00 secs] 
2024-07-29T19:13:04.188+0800: 1.719: Total time for which application threads were stopped: 0.0049480 seconds, Stopping threads took: 0.0000185 seconds
2024-07-29T19:13:04.877+0800: 2.408: Application time: 0.6891540 seconds
2024-07-29T19:13:04.877+0800: 2.408: [GC (Allocation Failure) 2024-07-29T19:13:04.877+0800: 2.408: [ParNew: 637337K->12196K(707840K), 0.0026458 secs] 637337K->12196K(713984K), 0.0027196 secs] [Times: user=0.03 sys=0.00, real=0.00 secs] 
2024-07-29T19:13:04.880+0800: 2.411: Total time for which application threads were stopped: 0.0028791 seconds, Stopping threads took: 0.0000256 seconds
2024-07-29T19:13:05.553+0800: 3.084: Application time: 0.6730838 seconds
2024-07-29T19:13:05.553+0800: 3.084: [GC (Allocation Failure) 2024-07-29T19:13:05.553+0800: 3.084: [ParNew: 641444K->15220K(707840K), 0.0060520 secs] 641444K->15220K(713984K), 0.0061118 secs] [Times: user=0.00 sys=0.00, real=0.01 secs] 
2024-07-29T19:13:05.559+0800: 3.090: Total time for which application threads were stopped: 0.0062390 seconds, Stopping threads took: 0.0000325 seconds
2024-07-29T19:13:06.247+0800: 3.778: Application time: 0.6876002 seconds
2024-07-29T19:13:06.247+0800: 3.778: [GC (Allocation Failure) 2024-07-29T19:13:06.247+0800: 3.778: [ParNew: 644468K->24838K(707840K), 0.0105808 secs] 644468K->25495K(713984K), 0.0106546 secs] [Times: user=0.02 sys=0.02, real=0.01 secs] 
2024-07-29T19:13:06.258+0800: 3.789: Total time for which application threads were stopped: 0.0107669 seconds, Stopping threads took: 0.0000181 seconds
2024-07-29T19:13:06.576+0800: 4.107: Application time: 0.3179698 seconds
2024-07-29T19:13:06.576+0800: 4.107: Total time for which application threads were stopped: 0.0001133 seconds, Stopping threads took: 0.0000528 seconds
2024-07-29T19:13:06.977+0800: 4.509: Application time: 0.4020484 seconds
2024-07-29T19:13:06.978+0800: 4.509: [GC (Allocation Failure) 2024-07-29T19:13:06.978+0800: 4.509: [ParNew: 654086K->34882K(707840K), 0.0195456 secs] 654743K->35539K(713984K), 0.0196778 secs] [Times: user=0.00 sys=0.02, real=0.02 secs] 
2024-07-29T19:13:06.997+0800: 4.529: Total time for which application threads were stopped: 0.0198628 seconds, Stopping threads took: 0.0000259 seconds
2024-07-29T19:13:07.739+0800: 5.270: Application time: 0.7414814 seconds
2024-07-29T19:13:07.739+0800: 5.270: [GC (Allocation Failure) 2024-07-29T19:13:07.739+0800: 5.270: [ParNew: 664130K->40972K(707840K), 0.0308542 secs] 664787K->41630K(713984K), 0.0310154 secs] [Times: user=0.05 sys=0.01, real=0.03 secs] 
2024-07-29T19:13:07.770+0800: 5.301: Total time for which application threads were stopped: 0.0312048 seconds, Stopping threads took: 0.0000309 seconds
2024-07-29T19:13:08.479+0800: 6.010: Application time: 0.7086430 seconds
2024-07-29T19:13:08.479+0800: 6.010: [GC (Allocation Failure) 2024-07-29T19:13:08.479+0800: 6.010: [ParNew: 670220K->48128K(707840K), 0.0132650 secs] 670878K->48786K(713984K), 0.0133255 secs] [Times: user=0.02 sys=0.02, real=0.01 secs] 
2024-07-29T19:13:08.493+0800: 6.024: Total time for which application threads were stopped: 0.0134705 seconds, Stopping threads took: 0.0000191 seconds
2024-07-29T19:13:09.169+0800: 6.700: Application time: 0.6767280 seconds
2024-07-29T19:13:09.169+0800: 6.700: [GC (Allocation Failure) 2024-07-29T19:13:09.169+0800: 6.700: [ParNew: 677376K->56332K(707840K), 0.0154530 secs] 678034K->56991K(713984K), 0.0155136 secs] [Times: user=0.03 sys=0.00, real=0.02 secs] 
2024-07-29T19:13:09.185+0800: 6.716: Total time for which application threads were stopped: 0.0156263 seconds, Stopping threads took: 0.0000188 seconds
2024-07-29T19:13:09.852+0800: 7.382: Application time: 0.6665858 seconds
2024-07-29T19:13:09.852+0800: 7.383: [GC (Allocation Failure) 2024-07-29T19:13:09.852+0800: 7.383: [ParNew: 684557K->67585K(707840K), 0.0189642 secs] 685215K->68243K(713984K), 0.0190257 secs] [Times: user=0.02 sys=0.01, real=0.02 secs] 
2024-07-29T19:13:09.871+0800: 7.402: Total time for which application threads were stopped: 0.0191381 seconds, Stopping threads took: 0.0000197 seconds
2024-07-29T19:13:10.594+0800: 8.125: Application time: 0.7233826 seconds
2024-07-29T19:13:10.594+0800: 8.125: [GC (Allocation Failure) 2024-07-29T19:13:10.594+0800: 8.125: [ParNew: 696833K->76801K(707840K), 0.0325702 secs] 697491K->77459K(713984K), 0.0326273 secs] [Times: user=0.05 sys=0.02, real=0.03 secs] 
2024-07-29T19:13:10.627+0800: 8.158: Total time for which application threads were stopped: 0.0327803 seconds, Stopping threads took: 0.0000220 seconds
2024-07-29T19:13:11.345+0800: 8.877: Application time: 0.7187076 seconds
2024-07-29T19:13:11.345+0800: 8.877: [GC (Allocation Failure) 2024-07-29T19:13:11.345+0800: 8.877: [ParNew: 706049K->77825K(707840K), 0.0206145 secs] 706707K->83603K(715012K), 0.0206684 secs] [Times: user=0.05 sys=0.02, real=0.02 secs] 
2024-07-29T19:13:11.367+0800: 8.897: Total time for which application threads were stopped: 0.0207919 seconds, Stopping threads took: 0.0000184 seconds
2024-07-29T19:13:11.367+0800: 8.898: Application time: 0.0002207 seconds
2024-07-29T19:13:11.367+0800: 8.898: [GC (CMS Initial Mark) [1 CMS-initial-mark: 5778K(7172K)] 98051K(715012K), 0.0004152 secs] [Times: user=0.00 sys=0.00, real=0.00 secs] 
2024-07-29T19:13:11.368+0800: 8.898: Total time for which application threads were stopped: 0.0005324 seconds, Stopping threads took: 0.0000736 seconds
2024-07-29T19:13:11.368+0800: 8.898: [CMS-concurrent-mark-start]
2024-07-29T19:13:11.369+0800: 8.900: [CMS-concurrent-mark: 0.001/0.001 secs] [Times: user=0.00 sys=0.00, real=0.00 secs] 
2024-07-29T19:13:11.369+0800: 8.900: [CMS-concurrent-preclean-start]
2024-07-29T19:13:11.369+0800: 8.900: [CMS-concurrent-preclean: 0.000/0.000 secs] [Times: user=0.00 sys=0.00, real=0.00 secs] 
2024-07-29T19:13:11.369+0800: 8.900: [CMS-concurrent-abortable-preclean-start]
2024-07-29T19:13:11.921+0800: 9.452: [CMS-concurrent-abortable-preclean: 0.001/0.552 secs] [Times: user=0.05 sys=0.00, real=0.55 secs] 
2024-07-29T19:13:11.921+0800: 9.452: Application time: 0.5540120 seconds
2024-07-29T19:13:11.921+0800: 9.452: [GC (CMS Final Remark) [YG occupancy: 521826 K (707840 K)]2024-07-29T19:13:11.921+0800: 9.452: [Rescan (parallel) , 0.0006674 secs]2024-07-29T19:13:11.922+0800: 9.453: [weak refs processing, 0.0000139 secs]2024-07-29T19:13:11.922+0800: 9.453: [class unloading, 0.0002442 secs]2024-07-29T19:13:11.922+0800: 9.453: [scrub symbol table, 0.0003499 secs]2024-07-29T19:13:11.922+0800: 9.453: [scrub string table, 0.0001097 secs][1 CMS-remark: 5778K(7172K)] 527604K(715012K), 0.0014648 secs] [Times: user=0.00 sys=0.00, real=0.00 secs] 
2024-07-29T19:13:11.923+0800: 9.454: Total time for which application threads were stopped: 0.0015238 seconds, Stopping threads took: 0.0000195 seconds
2024-07-29T19:13:11.923+0800: 9.454: [CMS-concurrent-sweep-start]
2024-07-29T19:13:11.923+0800: 9.454: [CMS-concurrent-sweep: 0.000/0.000 secs] [Times: user=0.00 sys=0.00, real=0.00 secs] 
2024-07-29T19:13:11.923+0800: 9.454: [CMS-concurrent-reset-start]
2024-07-29T19:13:11.924+0800: 9.455: [CMS-concurrent-reset: 0.001/0.001 secs] [Times: user=0.00 sys=0.00, real=0.00 secs] 
2024-07-29T19:13:12.053+0800: 9.584: Application time: 0.1301657 seconds
2024-07-29T19:13:12.053+0800: 9.584: [GC (Allocation Failure) 2024-07-29T19:13:12.053+0800: 9.584: [ParNew: 707073K->77825K(707840K), 0.0203495 secs] 712850K->97939K(728780K), 0.0204184 secs] [Times: user=0.02 sys=0.02, real=0.02 secs] 
2024-07-29T19:13:12.073+0800: 9.604: Total time for which application threads were stopped: 0.0205257 seconds, Stopping threads took: 0.0000188 seconds
2024-07-29T19:13:12.074+0800: 9.604: Application time: 0.0001782 seconds
2024-07-29T19:13:12.074+0800: 9.605: [GC (CMS Initial Mark) [1 CMS-initial-mark: 20113K(20940K)] 112390K(728780K), 0.0008117 secs] [Times: user=0.00 sys=0.00, real=0.00 secs] 
2024-07-29T19:13:12.075+0800: 9.605: Total time for which application threads were stopped: 0.0009923 seconds, Stopping threads took: 0.0001381 seconds
2024-07-29T19:13:12.075+0800: 9.606: [CMS-concurrent-mark-start]
2024-07-29T19:13:12.076+0800: 9.607: [CMS-concurrent-mark: 0.001/0.001 secs] [Times: user=0.00 sys=0.00, real=0.00 secs] 
2024-07-29T19:13:12.076+0800: 9.607: [CMS-concurrent-preclean-start]
2024-07-29T19:13:12.076+0800: 9.607: [CMS-concurrent-preclean: 0.000/0.000 secs] [Times: user=0.00 sys=0.00, real=0.00 secs] 
2024-07-29T19:13:12.076+0800: 9.607: [CMS-concurrent-abortable-preclean-start]
2024-07-29T19:13:12.631+0800: 10.162: [CMS-concurrent-abortable-preclean: 0.002/0.555 secs] [Times: user=0.02 sys=0.00, real=0.56 secs] 
2024-07-29T19:13:12.631+0800: 10.162: Application time: 0.5563589 seconds
2024-07-29T19:13:12.631+0800: 10.162: [GC (CMS Final Remark) [YG occupancy: 508536 K (707840 K)]2024-07-29T19:13:12.631+0800: 10.162: [Rescan (parallel) , 0.0006512 secs]2024-07-29T19:13:12.631+0800: 10.163: [weak refs processing, 0.0000189 secs]2024-07-29T19:13:12.632+0800: 10.163: [class unloading, 0.0002641 secs]2024-07-29T19:13:12.632+0800: 10.163: [scrub symbol table, 0.0003147 secs]2024-07-29T19:13:12.632+0800: 10.163: [scrub string table, 0.0000920 secs][1 CMS-remark: 20113K(20940K)] 528650K(728780K), 0.0014139 secs] [Times: user=0.00 sys=0.00, real=0.00 secs] 
2024-07-29T19:13:12.632+0800: 10.163: Total time for which application threads were stopped: 0.0014724 seconds, Stopping threads took: 0.0000193 seconds
2024-07-29T19:13:12.632+0800: 10.164: [CMS-concurrent-sweep-start]
2024-07-29T19:13:12.633+0800: 10.164: [CMS-concurrent-sweep: 0.000/0.000 secs] [Times: user=0.00 sys=0.00, real=0.00 secs] 
2024-07-29T19:13:12.633+0800: 10.164: [CMS-concurrent-reset-start]
2024-07-29T19:13:12.633+0800: 10.164: [CMS-concurrent-reset: 0.000/0.000 secs] [Times: user=0.00 sys=0.00, real=0.00 secs] 
2024-07-29T19:13:12.764+0800: 10.295: Application time: 0.1314103 seconds
2024-07-29T19:13:12.764+0800: 10.295: [GC (Allocation Failure) 2024-07-29T19:13:12.764+0800: 10.295: [ParNew: 707073K->77825K(707840K), 0.0244656 secs] 722067K->116371K(747224K), 0.0245350 secs] [Times: user=0.06 sys=0.00, real=0.03 secs] 
2024-07-29T19:13:12.789+0800: 10.319: Total time for which application threads were stopped: 0.0246666 seconds, Stopping threads took: 0.0000225 seconds
2024-07-29T19:13:12.789+0800: 10.320: Application time: 0.0001752 seconds
2024-07-29T19:13:12.789+0800: 10.320: [GC (CMS Initial Mark) [1 CMS-initial-mark: 38546K(39384K)] 129823K(747224K), 0.0004835 secs] [Times: user=0.00 sys=0.00, real=0.00 secs] 
2024-07-29T19:13:12.789+0800: 10.320: Total time for which application threads were stopped: 0.0005547 seconds, Stopping threads took: 0.0000157 seconds
2024-07-29T19:13:12.790+0800: 10.320: [CMS-concurrent-mark-start]
2024-07-29T19:13:12.790+0800: 10.321: [CMS-concurrent-mark: 0.001/0.001 secs] [Times: user=0.00 sys=0.00, real=0.00 secs] 
2024-07-29T19:13:12.790+0800: 10.321: [CMS-concurrent-preclean-start]
2024-07-29T19:13:12.791+0800: 10.321: [CMS-concurrent-preclean: 0.000/0.000 secs] [Times: user=0.00 sys=0.00, real=0.00 secs] 
2024-07-29T19:13:12.791+0800: 10.321: [CMS-concurrent-abortable-preclean-start]
2024-07-29T19:13:13.341+0800: 10.872: [CMS-concurrent-abortable-preclean: 0.002/0.551 secs] [Times: user=0.00 sys=0.00, real=0.55 secs] 
2024-07-29T19:13:13.341+0800: 10.872: Application time: 0.5521207 seconds
2024-07-29T19:13:13.342+0800: 10.872: [GC (CMS Final Remark) [YG occupancy: 508287 K (707840 K)]2024-07-29T19:13:13.342+0800: 10.872: [Rescan (parallel) , 0.0011246 secs]2024-07-29T19:13:13.343+0800: 10.874: [weak refs processing, 0.0000140 secs]2024-07-29T19:13:13.343+0800: 10.874: [class unloading, 0.0002358 secs]2024-07-29T19:13:13.343+0800: 10.874: [scrub symbol table, 0.0003547 secs]2024-07-29T19:13:13.343+0800: 10.874: [scrub string table, 0.0001005 secs][1 CMS-remark: 38546K(39384K)] 546833K(747224K), 0.0019144 secs] [Times: user=0.00 sys=0.00, real=0.00 secs] 
2024-07-29T19:13:13.343+0800: 10.874: Total time for which application threads were stopped: 0.0021122 seconds, Stopping threads took: 0.0001399 seconds
2024-07-29T19:13:13.344+0800: 10.875: [CMS-concurrent-sweep-start]
2024-07-29T19:13:13.345+0800: 10.875: [CMS-concurrent-sweep: 0.001/0.001 secs] [Times: user=0.00 sys=0.00, real=0.00 secs] 
2024-07-29T19:13:13.345+0800: 10.876: [CMS-concurrent-reset-start]
2024-07-29T19:13:13.345+0800: 10.876: [CMS-concurrent-reset: 0.000/0.000 secs] [Times: user=0.00 sys=0.00, real=0.00 secs] 
2024-07-29T19:13:13.577+0800: 11.108: Application time: 0.2333026 seconds
2024-07-29T19:13:13.577+0800: 11.108: [GC (Allocation Failure) 2024-07-29T19:13:13.577+0800: 11.108: [ParNew: 707073K->77825K(707840K), 0.0263317 secs] 731283K->133779K(764640K), 0.0263990 secs] [Times: user=0.05 sys=0.02, real=0.03 secs] 
2024-07-29T19:13:13.603+0800: 11.134: Total time for which application threads were stopped: 0.0265095 seconds, Stopping threads took: 0.0000196 seconds
2024-07-29T19:13:13.603+0800: 11.134: Application time: 0.0002365 seconds
2024-07-29T19:13:13.603+0800: 11.135: [GC (CMS Initial Mark) [1 CMS-initial-mark: 55954K(56800K)] 148264K(764640K), 0.0007911 secs] [Times: user=0.00 sys=0.00, real=0.00 secs] 
2024-07-29T19:13:13.604+0800: 11.135: Total time for which application threads were stopped: 0.0009577 seconds, Stopping threads took: 0.0001231 seconds
2024-07-29T19:13:13.604+0800: 11.136: [CMS-concurrent-mark-start]
2024-07-29T19:13:13.606+0800: 11.137: [CMS-concurrent-mark: 0.002/0.002 secs] [Times: user=0.00 sys=0.00, real=0.00 secs] 
2024-07-29T19:13:13.606+0800: 11.137: [CMS-concurrent-preclean-start]
2024-07-29T19:13:13.606+0800: 11.138: [CMS-concurrent-preclean: 0.000/0.000 secs] [Times: user=0.00 sys=0.00, real=0.00 secs] 
2024-07-29T19:13:13.607+0800: 11.138: [CMS-concurrent-abortable-preclean-start]
2024-07-29T19:13:14.157+0800: 11.688: [CMS-concurrent-abortable-preclean: 0.002/0.550 secs] [Times: user=0.06 sys=0.00, real=0.55 secs] 
2024-07-29T19:13:14.157+0800: 11.688: Application time: 0.5523886 seconds
2024-07-29T19:13:14.157+0800: 11.688: [GC (CMS Final Remark) [YG occupancy: 603809 K (707840 K)]2024-07-29T19:13:14.157+0800: 11.688: [Rescan (parallel) , 0.0005581 secs]2024-07-29T19:13:14.158+0800: 11.689: [weak refs processing, 0.0000136 secs]2024-07-29T19:13:14.158+0800: 11.689: [class unloading, 0.0002303 secs]2024-07-29T19:13:14.158+0800: 11.689: [scrub symbol table, 0.0003260 secs]2024-07-29T19:13:14.158+0800: 11.689: [scrub string table, 0.0000931 secs][1 CMS-remark: 55954K(56800K)] 659764K(764640K), 0.0013065 secs] [Times: user=0.00 sys=0.00, real=0.00 secs] 
2024-07-29T19:13:14.159+0800: 11.689: Total time for which application threads were stopped: 0.0015916 seconds, Stopping threads took: 0.0001669 seconds
2024-07-29T19:13:14.159+0800: 11.690: [CMS-concurrent-sweep-start]
2024-07-29T19:13:14.160+0800: 11.690: [CMS-concurrent-sweep: 0.001/0.001 secs] [Times: user=0.00 sys=0.00, real=0.00 secs] 
2024-07-29T19:13:14.160+0800: 11.691: [CMS-concurrent-reset-start]
2024-07-29T19:13:14.160+0800: 11.691: [CMS-concurrent-reset: 0.000/0.000 secs] [Times: user=0.00 sys=0.00, real=0.00 secs] 
2024-07-29T19:13:14.283+0800: 11.814: Application time: 0.1245137 seconds
2024-07-29T19:13:14.283+0800: 11.814: [GC (Allocation Failure) 2024-07-29T19:13:14.283+0800: 11.814: [ParNew: 707073K->77825K(707840K), 0.0253209 secs] 739475K->149139K(780060K), 0.0253840 secs] [Times: user=0.06 sys=0.00, real=0.03 secs] 
2024-07-29T19:13:14.309+0800: 11.839: Total time for which application threads were stopped: 0.0254989 seconds, Stopping threads took: 0.0000201 seconds
2024-07-29T19:13:14.309+0800: 11.840: Application time: 0.0001776 seconds
2024-07-29T19:13:14.309+0800: 11.840: [GC (CMS Initial Mark) [1 CMS-initial-mark: 71314K(72220K)] 163637K(780060K), 0.0006589 secs] [Times: user=0.00 sys=0.00, real=0.00 secs] 
2024-07-29T19:13:14.310+0800: 11.840: Total time for which application threads were stopped: 0.0008213 seconds, Stopping threads took: 0.0001191 seconds
2024-07-29T19:13:14.310+0800: 11.840: [CMS-concurrent-mark-start]
2024-07-29T19:13:14.311+0800: 11.842: [CMS-concurrent-mark: 0.001/0.001 secs] [Times: user=0.00 sys=0.00, real=0.00 secs] 
2024-07-29T19:13:14.311+0800: 11.842: [CMS-concurrent-preclean-start]
2024-07-29T19:13:14.312+0800: 11.842: [CMS-concurrent-preclean: 0.000/0.000 secs] [Times: user=0.00 sys=0.00, real=0.00 secs] 
2024-07-29T19:13:14.312+0800: 11.842: [CMS-concurrent-abortable-preclean-start]
Heap
 par new generation   total 707840K, used 387847K [0x00000000c8000000, 0x00000000f8000000, 0x00000000f8000000)
  eden space 629248K,  49% used [0x00000000c8000000, 0x00000000daec1828, 0x00000000ee680000)
  from space 78592K,  99% used [0x00000000ee680000, 0x00000000f32804c0, 0x00000000f3340000)
  to   space 78592K,   0% used [0x00000000f3340000, 0x00000000f3340000, 0x00000000f8000000)
 concurrent mark-sweep generation total 72220K, used 71314K [0x00000000f8000000, 0x00000000fc687000, 0x0000000100000000)
 Metaspace       used 3005K, capacity 4486K, committed 4864K, reserved 1056768K
  class space    used 310K, capacity 386K, committed 512K, reserved 1048576K
2024-07-29T19:13:14.643+0800: 12.174: Application time: 0.3334963 seconds
