OpenJDK 64-Bit Server VM (25.412-b1) for windows-amd64 JRE (1.8.0_412-b1), built on Apr 23 2024 12:00:37 by "Administrator" with MS VC++ 10.0 (VS2010)
Memory: 4k page, physical 16672068k(3903716k free), swap 19811428k(4122800k free)
CommandLine flags: -XX:-CMSParallelRemarkEnabled -XX:GCDrainStackTargetSize=64 -XX:InitialHeapSize=810758960 -XX:InitialTenuringThreshold=4 -XX:MaxHeapSize=939524096 -XX:MaxNewSize=805306368 -XX:MaxTenuringThreshold=4 -XX:NewSize=805306368 -XX:OldPLABSize=16 -XX:+PrintGC -XX:+PrintGCApplicationConcurrentTime -XX:+PrintGCApplicationStoppedTime -XX:+PrintGCDateStamps -XX:+PrintGCDetails -XX:+PrintGCTimeStamps -XX:+UseCompressedClassPointers -XX:+UseCompressedOops -XX:+UseConcMarkSweepGC -XX:-UseLargePagesIndividualAllocation -XX:+UseParNewGC 
2024-07-29T19:19:47.857+0800: 1.032: Application time: 0.9567869 seconds
2024-07-29T19:19:47.858+0800: 1.032: Total time for which application threads were stopped: 0.0005710 seconds, Stopping threads took: 0.0005143 seconds
2024-07-29T19:19:47.863+0800: 1.038: Application time: 0.0053881 seconds
2024-07-29T19:19:47.863+0800: 1.038: [GC (Allocation Failure) 2024-07-29T19:19:47.863+0800: 1.038: [ParNew: 629042K->13980K(707840K), 0.0080804 secs] 629042K->13980K(713984K), 0.0082457 secs] [Times: user=0.11 sys=0.02, real=0.01 secs] 
2024-07-29T19:19:47.871+0800: 1.046: Total time for which application threads were stopped: 0.0083640 seconds, Stopping threads took: 0.0000153 seconds
2024-07-29T19:19:48.533+0800: 1.708: Application time: 0.6622680 seconds
2024-07-29T19:19:48.533+0800: 1.708: [GC (Allocation Failure) 2024-07-29T19:19:48.533+0800: 1.708: [ParNew: 643228K->8121K(707840K), 0.0049291 secs] 643228K->8121K(713984K), 0.0049884 secs] [Times: user=0.01 sys=0.01, real=0.01 secs] 
2024-07-29T19:19:48.538+0800: 1.713: Total time for which application threads were stopped: 0.0051023 seconds, Stopping threads took: 0.0000257 seconds
2024-07-29T19:19:49.213+0800: 2.388: Application time: 0.6744322 seconds
2024-07-29T19:19:49.213+0800: 2.388: [GC (Allocation Failure) 2024-07-29T19:19:49.213+0800: 2.388: [ParNew: 637369K->12286K(707840K), 0.0023722 secs] 637369K->12286K(713984K), 0.0024256 secs] [Times: user=0.00 sys=0.00, real=0.00 secs] 
2024-07-29T19:19:49.215+0800: 2.390: Total time for which application threads were stopped: 0.0025704 seconds, Stopping threads took: 0.0000191 seconds
2024-07-29T19:19:49.892+0800: 3.067: Application time: 0.6764252 seconds
2024-07-29T19:19:49.892+0800: 3.067: [GC (Allocation Failure) 2024-07-29T19:19:49.892+0800: 3.067: [ParNew: 641534K->15256K(707840K), 0.0054924 secs] 641534K->15256K(713984K), 0.0055512 secs] [Times: user=0.03 sys=0.00, real=0.01 secs] 
2024-07-29T19:19:49.897+0800: 3.072: Total time for which application threads were stopped: 0.0056657 seconds, Stopping threads took: 0.0000194 seconds
2024-07-29T19:19:50.570+0800: 3.744: Application time: 0.6720455 seconds
2024-07-29T19:19:50.570+0800: 3.745: [GC (Allocation Failure) 2024-07-29T19:19:50.570+0800: 3.745: [ParNew: 644504K->24776K(707840K), 0.0101418 secs] 644504K->25433K(713984K), 0.0102159 secs] [Times: user=0.00 sys=0.00, real=0.01 secs] 
2024-07-29T19:19:50.580+0800: 3.755: Total time for which application threads were stopped: 0.0103313 seconds, Stopping threads took: 0.0000195 seconds
2024-07-29T19:19:50.947+0800: 4.121: Application time: 0.3666187 seconds
2024-07-29T19:19:50.947+0800: 4.121: Total time for which application threads were stopped: 0.0000753 seconds, Stopping threads took: 0.0000265 seconds
2024-07-29T19:19:51.246+0800: 4.422: Application time: 0.3002539 seconds
2024-07-29T19:19:51.246+0800: 4.422: [GC (Allocation Failure) 2024-07-29T19:19:51.246+0800: 4.422: [ParNew: 654024K->34916K(707840K), 0.0133000 secs] 654681K->35573K(713984K), 0.0133774 secs] [Times: user=0.03 sys=0.00, real=0.01 secs] 
2024-07-29T19:19:51.260+0800: 4.435: Total time for which application threads were stopped: 0.0135171 seconds, Stopping threads took: 0.0000198 seconds
2024-07-29T19:19:51.923+0800: 5.098: Application time: 0.6629118 seconds
2024-07-29T19:19:51.923+0800: 5.098: [GC (Allocation Failure) 2024-07-29T19:19:51.923+0800: 5.098: [ParNew: 664164K->40981K(707840K), 0.0122613 secs] 664821K->41638K(713984K), 0.0123764 secs] [Times: user=0.03 sys=0.00, real=0.01 secs] 
2024-07-29T19:19:51.935+0800: 5.111: Total time for which application threads were stopped: 0.0124904 seconds, Stopping threads took: 0.0000200 seconds
2024-07-29T19:19:52.602+0800: 5.777: Application time: 0.6662915 seconds
2024-07-29T19:19:52.602+0800: 5.777: [GC (Allocation Failure) 2024-07-29T19:19:52.602+0800: 5.777: [ParNew: 670229K->48128K(707840K), 0.0124784 secs] 670886K->48786K(713984K), 0.0125384 secs] [Times: user=0.03 sys=0.00, real=0.01 secs] 
2024-07-29T19:19:52.615+0800: 5.790: Total time for which application threads were stopped: 0.0126686 seconds, Stopping threads took: 0.0000348 seconds
2024-07-29T19:19:53.279+0800: 6.454: Application time: 0.6641544 seconds
2024-07-29T19:19:53.279+0800: 6.454: [GC (Allocation Failure) 2024-07-29T19:19:53.279+0800: 6.454: [ParNew: 677376K->56328K(707840K), 0.0146337 secs] 678034K->56987K(713984K), 0.0146928 secs] [Times: user=0.03 sys=0.00, real=0.01 secs] 
2024-07-29T19:19:53.293+0800: 6.469: Total time for which application threads were stopped: 0.0148048 seconds, Stopping threads took: 0.0000200 seconds
2024-07-29T19:19:53.958+0800: 7.133: Application time: 0.6639189 seconds
2024-07-29T19:19:53.958+0800: 7.133: [GC (Allocation Failure) 2024-07-29T19:19:53.958+0800: 7.133: [ParNew: 684553K->67585K(707840K), 0.0188231 secs] 685211K->68243K(713984K), 0.0188853 secs] [Times: user=0.03 sys=0.00, real=0.02 secs] 
2024-07-29T19:19:53.977+0800: 7.152: Total time for which application threads were stopped: 0.0189984 seconds, Stopping threads took: 0.0000200 seconds
2024-07-29T19:19:54.650+0800: 7.825: Application time: 0.6735833 seconds
2024-07-29T19:19:54.650+0800: 7.825: [GC (Allocation Failure) 2024-07-29T19:19:54.650+0800: 7.825: [ParNew: 696833K->76801K(707840K), 0.0197587 secs] 697491K->77459K(713984K), 0.0198192 secs] [Times: user=0.01 sys=0.02, real=0.02 secs] 
2024-07-29T19:19:54.670+0800: 7.845: Total time for which application threads were stopped: 0.0199351 seconds, Stopping threads took: 0.0000197 seconds
2024-07-29T19:19:55.341+0800: 8.517: Application time: 0.6715448 seconds
2024-07-29T19:19:55.341+0800: 8.517: [GC (Allocation Failure) 2024-07-29T19:19:55.341+0800: 8.517: [ParNew: 706049K->77825K(707840K), 0.0194121 secs] 706707K->83603K(715012K), 0.0194834 secs] [Times: user=0.02 sys=0.02, real=0.02 secs] 
2024-07-29T19:19:55.361+0800: 8.536: Total time for which application threads were stopped: 0.0196169 seconds, Stopping threads took: 0.0000367 seconds
2024-07-29T19:19:55.361+0800: 8.536: Application time: 0.0001008 seconds
2024-07-29T19:19:55.361+0800: 8.536: [GC (CMS Initial Mark) [1 CMS-initial-mark: 5778K(7172K)] 84627K(715012K), 0.0008359 secs] [Times: user=0.00 sys=0.00, real=0.00 secs] 
2024-07-29T19:19:55.362+0800: 8.537: Total time for which application threads were stopped: 0.0009922 seconds, Stopping threads took: 0.0001135 seconds
2024-07-29T19:19:55.362+0800: 8.537: [CMS-concurrent-mark-start]
2024-07-29T19:19:55.364+0800: 8.539: [CMS-concurrent-mark: 0.001/0.001 secs] [Times: user=0.02 sys=0.00, real=0.00 secs] 
2024-07-29T19:19:55.364+0800: 8.539: [CMS-concurrent-preclean-start]
2024-07-29T19:19:55.364+0800: 8.539: [CMS-concurrent-preclean: 0.000/0.000 secs] [Times: user=0.00 sys=0.00, real=0.00 secs] 
2024-07-29T19:19:55.364+0800: 8.539: [CMS-concurrent-abortable-preclean-start]
2024-07-29T19:19:55.919+0800: 9.094: [CMS-concurrent-abortable-preclean: 0.001/0.555 secs] [Times: user=0.02 sys=0.00, real=0.55 secs] 
2024-07-29T19:19:55.919+0800: 9.094: Application time: 0.5569497 seconds
2024-07-29T19:19:55.919+0800: 9.094: [GC (CMS Final Remark) [YG occupancy: 521826 K (707840 K)]2024-07-29T19:19:55.919+0800: 9.094: [Rescan (non-parallel) 2024-07-29T19:19:55.919+0800: 9.094: [grey object rescan, 0.0000347 secs]2024-07-29T19:19:55.919+0800: 9.095: [root rescan, 0.0001465 secs]2024-07-29T19:19:55.920+0800: 9.095: [visit unhandled CLDs, 0.0000159 secs]2024-07-29T19:19:55.920+0800: 9.095: [dirty klass scan, 0.0000387 secs], 0.0002831 secs]2024-07-29T19:19:55.920+0800: 9.095: [weak refs processing, 0.0000165 secs]2024-07-29T19:19:55.920+0800: 9.095: [class unloading, 0.0004175 secs]2024-07-29T19:19:55.920+0800: 9.095: [scrub symbol table, 0.0003738 secs]2024-07-29T19:19:55.920+0800: 9.096: [scrub string table, 0.0001079 secs][1 CMS-remark: 5778K(7172K)] 527604K(715012K), 0.0012794 secs] [Times: user=0.00 sys=0.00, real=0.00 secs] 
2024-07-29T19:19:55.921+0800: 9.096: Total time for which application threads were stopped: 0.0014850 seconds, Stopping threads took: 0.0001563 seconds
2024-07-29T19:19:55.921+0800: 9.096: [CMS-concurrent-sweep-start]
2024-07-29T19:19:55.922+0800: 9.097: [CMS-concurrent-sweep: 0.001/0.001 secs] [Times: user=0.00 sys=0.00, real=0.00 secs] 
2024-07-29T19:19:55.922+0800: 9.097: [CMS-concurrent-reset-start]
2024-07-29T19:19:55.924+0800: 9.099: [CMS-concurrent-reset: 0.001/0.001 secs] [Times: user=0.00 sys=0.00, real=0.00 secs] 
2024-07-29T19:19:56.050+0800: 9.224: Application time: 0.1286897 seconds
2024-07-29T19:19:56.050+0800: 9.225: [GC (Allocation Failure) 2024-07-29T19:19:56.050+0800: 9.225: [ParNew: 707073K->77825K(707840K), 0.0199558 secs] 712850K->97939K(728780K), 0.0200136 secs] [Times: user=0.06 sys=0.00, real=0.02 secs] 
2024-07-29T19:19:56.070+0800: 9.245: Total time for which application threads were stopped: 0.0201295 seconds, Stopping threads took: 0.0000202 seconds
2024-07-29T19:19:56.070+0800: 9.245: Application time: 0.0002121 seconds
2024-07-29T19:19:56.070+0800: 9.245: [GC (CMS Initial Mark) [1 CMS-initial-mark: 20113K(20940K)] 112390K(728780K), 0.0006936 secs] [Times: user=0.00 sys=0.00, real=0.00 secs] 
2024-07-29T19:19:56.071+0800: 9.246: Total time for which application threads were stopped: 0.0008644 seconds, Stopping threads took: 0.0001274 seconds
2024-07-29T19:19:56.071+0800: 9.246: [CMS-concurrent-mark-start]
2024-07-29T19:19:56.072+0800: 9.247: [CMS-concurrent-mark: 0.001/0.001 secs] [Times: user=0.00 sys=0.00, real=0.00 secs] 
2024-07-29T19:19:56.072+0800: 9.247: [CMS-concurrent-preclean-start]
2024-07-29T19:19:56.072+0800: 9.247: [CMS-concurrent-preclean: 0.000/0.000 secs] [Times: user=0.00 sys=0.00, real=0.00 secs] 
2024-07-29T19:19:56.072+0800: 9.247: [CMS-concurrent-abortable-preclean-start]
2024-07-29T19:19:56.625+0800: 9.800: [CMS-concurrent-abortable-preclean: 0.001/0.553 secs] [Times: user=0.06 sys=0.00, real=0.55 secs] 
2024-07-29T19:19:56.625+0800: 9.800: Application time: 0.5545155 seconds
2024-07-29T19:19:56.625+0800: 9.800: [GC (CMS Final Remark) [YG occupancy: 508536 K (707840 K)]2024-07-29T19:19:56.625+0800: 9.800: [Rescan (non-parallel) 2024-07-29T19:19:56.625+0800: 9.800: [grey object rescan, 0.0000382 secs]2024-07-29T19:19:56.625+0800: 9.800: [root rescan, 0.0002000 secs]2024-07-29T19:19:56.625+0800: 9.800: [visit unhandled CLDs, 0.0000079 secs]2024-07-29T19:19:56.626+0800: 9.801: [dirty klass scan, 0.0000427 secs], 0.0003307 secs]2024-07-29T19:19:56.626+0800: 9.801: [weak refs processing, 0.0000121 secs]2024-07-29T19:19:56.626+0800: 9.801: [class unloading, 0.0002570 secs]2024-07-29T19:19:56.626+0800: 9.801: [scrub symbol table, 0.0003374 secs]2024-07-29T19:19:56.626+0800: 9.801: [scrub string table, 0.0000990 secs][1 CMS-remark: 20113K(20940K)] 528650K(728780K), 0.0011063 secs] [Times: user=0.00 sys=0.00, real=0.00 secs] 
2024-07-29T19:19:56.626+0800: 9.801: Total time for which application threads were stopped: 0.0011701 seconds, Stopping threads took: 0.0000209 seconds
2024-07-29T19:19:56.627+0800: 9.801: [CMS-concurrent-sweep-start]
2024-07-29T19:19:56.627+0800: 9.802: [CMS-concurrent-sweep: 0.000/0.000 secs] [Times: user=0.00 sys=0.00, real=0.00 secs] 
2024-07-29T19:19:56.627+0800: 9.802: [CMS-concurrent-reset-start]
2024-07-29T19:19:56.627+0800: 9.802: [CMS-concurrent-reset: 0.000/0.000 secs] [Times: user=0.00 sys=0.00, real=0.00 secs] 
2024-07-29T19:19:56.759+0800: 9.934: Application time: 0.1321922 seconds
2024-07-29T19:19:56.759+0800: 9.934: [GC (Allocation Failure) 2024-07-29T19:19:56.759+0800: 9.934: [ParNew: 707073K->77825K(707840K), 0.0228293 secs] 722067K->116371K(747224K), 0.0229073 secs] [Times: user=0.03 sys=0.00, real=0.02 secs] 
2024-07-29T19:19:56.782+0800: 9.957: Total time for which application threads were stopped: 0.0230154 seconds, Stopping threads took: 0.0000193 seconds
2024-07-29T19:19:56.782+0800: 9.957: Application time: 0.0001646 seconds
2024-07-29T19:19:56.782+0800: 9.957: [GC (CMS Initial Mark) [1 CMS-initial-mark: 38546K(39384K)] 129823K(747224K), 0.0007085 secs] [Times: user=0.00 sys=0.00, real=0.00 secs] 
2024-07-29T19:19:56.783+0800: 9.958: Total time for which application threads were stopped: 0.0008751 seconds, Stopping threads took: 0.0001169 seconds
2024-07-29T19:19:56.783+0800: 9.958: [CMS-concurrent-mark-start]
2024-07-29T19:19:56.783+0800: 9.958: [CMS-concurrent-mark: 0.001/0.001 secs] [Times: user=0.00 sys=0.00, real=0.00 secs] 
2024-07-29T19:19:56.783+0800: 9.958: [CMS-concurrent-preclean-start]
2024-07-29T19:19:56.784+0800: 9.958: [CMS-concurrent-preclean: 0.000/0.000 secs] [Times: user=0.00 sys=0.00, real=0.00 secs] 
2024-07-29T19:19:56.784+0800: 9.958: [CMS-concurrent-abortable-preclean-start]
2024-07-29T19:19:57.337+0800: 10.512: [CMS-concurrent-abortable-preclean: 0.002/0.553 secs] [Times: user=0.02 sys=0.00, real=0.55 secs] 
2024-07-29T19:19:57.337+0800: 10.512: Application time: 0.5542759 seconds
2024-07-29T19:19:57.337+0800: 10.512: [GC (CMS Final Remark) [YG occupancy: 508287 K (707840 K)]2024-07-29T19:19:57.337+0800: 10.512: [Rescan (non-parallel) 2024-07-29T19:19:57.337+0800: 10.512: [grey object rescan, 0.0000588 secs]2024-07-29T19:19:57.337+0800: 10.512: [root rescan, 0.0001377 secs]2024-07-29T19:19:57.337+0800: 10.512: [visit unhandled CLDs, 0.0000075 secs]2024-07-29T19:19:57.337+0800: 10.512: [dirty klass scan, 0.0000311 secs], 0.0002650 secs]2024-07-29T19:19:57.337+0800: 10.512: [weak refs processing, 0.0000103 secs]2024-07-29T19:19:57.337+0800: 10.512: [class unloading, 0.0002172 secs]2024-07-29T19:19:57.338+0800: 10.513: [scrub symbol table, 0.0003041 secs]2024-07-29T19:19:57.338+0800: 10.513: [scrub string table, 0.0000907 secs][1 CMS-remark: 38546K(39384K)] 546833K(747224K), 0.0009725 secs] [Times: user=0.00 sys=0.00, real=0.00 secs] 
2024-07-29T19:19:57.338+0800: 10.513: Total time for which application threads were stopped: 0.0011460 seconds, Stopping threads took: 0.0001298 seconds
2024-07-29T19:19:57.338+0800: 10.513: [CMS-concurrent-sweep-start]
2024-07-29T19:19:57.340+0800: 10.514: [CMS-concurrent-sweep: 0.001/0.001 secs] [Times: user=0.00 sys=0.00, real=0.00 secs] 
2024-07-29T19:19:57.340+0800: 10.515: [CMS-concurrent-reset-start]
2024-07-29T19:19:57.340+0800: 10.515: [CMS-concurrent-reset: 0.000/0.000 secs] [Times: user=0.00 sys=0.00, real=0.00 secs] 
2024-07-29T19:19:57.560+0800: 10.734: Application time: 0.2211316 seconds
2024-07-29T19:19:57.560+0800: 10.734: [GC (Allocation Failure) 2024-07-29T19:19:57.560+0800: 10.734: [ParNew: 707073K->77825K(707840K), 0.0234434 secs] 731283K->133779K(764640K), 0.0235224 secs] [Times: user=0.03 sys=0.00, real=0.02 secs] 
2024-07-29T19:19:57.583+0800: 10.758: Total time for which application threads were stopped: 0.0236422 seconds, Stopping threads took: 0.0000252 seconds
2024-07-29T19:19:57.583+0800: 10.758: Application time: 0.0002402 seconds
2024-07-29T19:19:57.583+0800: 10.758: [GC (CMS Initial Mark) [1 CMS-initial-mark: 55954K(56800K)] 148264K(764640K), 0.0006655 secs] [Times: user=0.00 sys=0.00, real=0.00 secs] 
2024-07-29T19:19:57.584+0800: 10.759: Total time for which application threads were stopped: 0.0007798 seconds, Stopping threads took: 0.0000713 seconds
2024-07-29T19:19:57.584+0800: 10.759: [CMS-concurrent-mark-start]
2024-07-29T19:19:57.586+0800: 10.760: [CMS-concurrent-mark: 0.001/0.001 secs] [Times: user=0.00 sys=0.00, real=0.00 secs] 
2024-07-29T19:19:57.586+0800: 10.760: [CMS-concurrent-preclean-start]
2024-07-29T19:19:57.586+0800: 10.761: [CMS-concurrent-preclean: 0.000/0.000 secs] [Times: user=0.00 sys=0.00, real=0.00 secs] 
2024-07-29T19:19:57.586+0800: 10.761: [CMS-concurrent-abortable-preclean-start]
2024-07-29T19:19:58.129+0800: 11.303: [CMS-concurrent-abortable-preclean: 0.001/0.542 secs] [Times: user=0.06 sys=0.00, real=0.54 secs] 
2024-07-29T19:19:58.129+0800: 11.303: Application time: 0.5446457 seconds
2024-07-29T19:19:58.129+0800: 11.304: [GC (CMS Final Remark) [YG occupancy: 590349 K (707840 K)]2024-07-29T19:19:58.129+0800: 11.304: [Rescan (non-parallel) 2024-07-29T19:19:58.129+0800: 11.304: [grey object rescan, 0.0000800 secs]2024-07-29T19:19:58.129+0800: 11.304: [root rescan, 0.0001688 secs]2024-07-29T19:19:58.129+0800: 11.304: [visit unhandled CLDs, 0.0000079 secs]2024-07-29T19:19:58.129+0800: 11.304: [dirty klass scan, 0.0000321 secs], 0.0003207 secs]2024-07-29T19:19:58.129+0800: 11.304: [weak refs processing, 0.0000103 secs]2024-07-29T19:19:58.129+0800: 11.304: [class unloading, 0.0002105 secs]2024-07-29T19:19:58.129+0800: 11.304: [scrub symbol table, 0.0003209 secs]2024-07-29T19:19:58.129+0800: 11.304: [scrub string table, 0.0001036 secs][1 CMS-remark: 55954K(56800K)] 646303K(764640K), 0.0010289 secs] [Times: user=0.02 sys=0.00, real=0.00 secs] 
2024-07-29T19:19:58.129+0800: 11.305: Total time for which application threads were stopped: 0.0010898 seconds, Stopping threads took: 0.0000199 seconds
2024-07-29T19:19:58.129+0800: 11.305: [CMS-concurrent-sweep-start]
2024-07-29T19:19:58.130+0800: 11.305: [CMS-concurrent-sweep: 0.000/0.000 secs] [Times: user=0.00 sys=0.00, real=0.00 secs] 
2024-07-29T19:19:58.130+0800: 11.305: [CMS-concurrent-reset-start]
2024-07-29T19:19:58.130+0800: 11.305: [CMS-concurrent-reset: 0.000/0.000 secs] [Times: user=0.00 sys=0.00, real=0.00 secs] 
2024-07-29T19:19:58.270+0800: 11.445: Application time: 0.1402091 seconds
2024-07-29T19:19:58.270+0800: 11.445: [GC (Allocation Failure) 2024-07-29T19:19:58.270+0800: 11.445: [ParNew: 707073K->77825K(707840K), 0.0243969 secs] 739475K->149139K(780060K), 0.0244590 secs] [Times: user=0.02 sys=0.02, real=0.02 secs] 
2024-07-29T19:19:58.294+0800: 11.469: Total time for which application threads were stopped: 0.0245761 seconds, Stopping threads took: 0.0000231 seconds
2024-07-29T19:19:58.295+0800: 11.470: Application time: 0.0002477 seconds
2024-07-29T19:19:58.295+0800: 11.470: [GC (CMS Initial Mark) [1 CMS-initial-mark: 71314K(72220K)] 163637K(780060K), 0.0008621 secs] [Times: user=0.00 sys=0.00, real=0.00 secs] 
2024-07-29T19:19:58.296+0800: 11.471: Total time for which application threads were stopped: 0.0010570 seconds, Stopping threads took: 0.0001517 seconds
2024-07-29T19:19:58.296+0800: 11.471: [CMS-concurrent-mark-start]
2024-07-29T19:19:58.297+0800: 11.472: [CMS-concurrent-mark: 0.001/0.001 secs] [Times: user=0.00 sys=0.00, real=0.00 secs] 
2024-07-29T19:19:58.297+0800: 11.472: [CMS-concurrent-preclean-start]
2024-07-29T19:19:58.298+0800: 11.472: [CMS-concurrent-preclean: 0.000/0.000 secs] [Times: user=0.00 sys=0.00, real=0.00 secs] 
2024-07-29T19:19:58.298+0800: 11.473: [CMS-concurrent-abortable-preclean-start]
Heap
 par new generation   total 707840K, used 387847K [0x00000000c8000000, 0x00000000f8000000, 0x00000000f8000000)
  eden space 629248K,  49% used [0x00000000c8000000, 0x00000000daec1828, 0x00000000ee680000)
  from space 78592K,  99% used [0x00000000ee680000, 0x00000000f32804c0, 0x00000000f3340000)
  to   space 78592K,   0% used [0x00000000f3340000, 0x00000000f3340000, 0x00000000f8000000)
 concurrent mark-sweep generation total 72220K, used 71314K [0x00000000f8000000, 0x00000000fc687000, 0x0000000100000000)
 Metaspace       used 3005K, capacity 4486K, committed 4864K, reserved 1056768K
  class space    used 310K, capacity 386K, committed 512K, reserved 1048576K
2024-07-29T19:19:58.633+0800: 11.808: Application time: 0.3368605 seconds
