OpenJDK 64-Bit Server VM (25.412-b1) for windows-amd64 JRE (1.8.0_412-b1), built on Apr 23 2024 12:00:37 by "Administrator" with MS VC++ 10.0 (VS2010)
Memory: 4k page, physical 16672068k(3892416k free), swap 19811428k(4110076k free)
CommandLine flags: -XX:-CMSParallelRemarkEnabled -XX:GCDrainStackTargetSize=64 -XX:InitialHeapSize=810758960 -XX:InitialTenuringThreshold=4 -XX:MaxHeapSize=939524096 -XX:MaxNewSize=805306368 -XX:MaxTenuringThreshold=4 -XX:NewSize=805306368 -XX:OldPLABSize=16 -XX:+PrintGC -XX:+PrintGCApplicationConcurrentTime -XX:+PrintGCApplicationStoppedTime -XX:+PrintGCDateStamps -XX:+PrintGCDetails -XX:+PrintGCTimeStamps -XX:+UseCompressedClassPointers -XX:+UseCompressedOops -XX:+UseConcMarkSweepGC -XX:-UseLargePagesIndividualAllocation -XX:+UseParNewGC 
2024-07-29T19:19:59.742+0800: 1.023: Application time: 0.9475824 seconds
2024-07-29T19:19:59.742+0800: 1.023: [GC (Allocation Failure) 2024-07-29T19:19:59.742+0800: 1.023: [ParNew: 629042K->14104K(707840K), 0.0086099 secs] 629042K->14104K(713984K), 0.0088144 secs] [Times: user=0.00 sys=0.00, real=0.01 secs] 
2024-07-29T19:19:59.751+0800: 1.032: Total time for which application threads were stopped: 0.0089413 seconds, Stopping threads took: 0.0000200 seconds
2024-07-29T19:20:00.417+0800: 1.697: Application time: 0.6654586 seconds
2024-07-29T19:20:00.417+0800: 1.697: [GC (Allocation Failure) 2024-07-29T19:20:00.417+0800: 1.697: [ParNew: 643352K->8209K(707840K), 0.0047575 secs] 643352K->8209K(713984K), 0.0048141 secs] [Times: user=0.00 sys=0.00, real=0.00 secs] 
2024-07-29T19:20:00.422+0800: 1.702: Total time for which application threads were stopped: 0.0049273 seconds, Stopping threads took: 0.0000200 seconds
2024-07-29T19:20:01.096+0800: 2.376: Application time: 0.6740040 seconds
2024-07-29T19:20:01.096+0800: 2.376: [GC (Allocation Failure) 2024-07-29T19:20:01.096+0800: 2.376: [ParNew: 637457K->12326K(707840K), 0.0025934 secs] 637457K->12326K(713984K), 0.0026461 secs] [Times: user=0.02 sys=0.00, real=0.00 secs] 
2024-07-29T19:20:01.099+0800: 2.379: Total time for which application threads were stopped: 0.0027716 seconds, Stopping threads took: 0.0000191 seconds
2024-07-29T19:20:01.774+0800: 3.055: Application time: 0.6761567 seconds
2024-07-29T19:20:01.774+0800: 3.055: [GC (Allocation Failure) 2024-07-29T19:20:01.774+0800: 3.055: [ParNew: 641574K->19225K(707840K), 0.0076189 secs] 641574K->19225K(713984K), 0.0076731 secs] [Times: user=0.00 sys=0.00, real=0.01 secs] 
2024-07-29T19:20:01.782+0800: 3.063: Total time for which application threads were stopped: 0.0077879 seconds, Stopping threads took: 0.0000193 seconds
2024-07-29T19:20:02.453+0800: 3.733: Application time: 0.6701857 seconds
2024-07-29T19:20:02.453+0800: 3.733: [GC (Allocation Failure) 2024-07-29T19:20:02.453+0800: 3.733: [ParNew: 648473K->28897K(707840K), 0.0122594 secs] 648473K->29554K(713984K), 0.0123214 secs] [Times: user=0.03 sys=0.00, real=0.01 secs] 
2024-07-29T19:20:02.465+0800: 3.745: Total time for which application threads were stopped: 0.0124394 seconds, Stopping threads took: 0.0000194 seconds
2024-07-29T19:20:02.842+0800: 4.122: Application time: 0.3771245 seconds
2024-07-29T19:20:02.843+0800: 4.123: Total time for which application threads were stopped: 0.0001203 seconds, Stopping threads took: 0.0000582 seconds
2024-07-29T19:20:03.131+0800: 4.412: Application time: 0.2891897 seconds
2024-07-29T19:20:03.131+0800: 4.412: [GC (Allocation Failure) 2024-07-29T19:20:03.131+0800: 4.412: [ParNew: 658145K->37959K(707840K), 0.0136725 secs] 658802K->38616K(713984K), 0.0137301 secs] [Times: user=0.03 sys=0.00, real=0.01 secs] 
2024-07-29T19:20:03.145+0800: 4.426: Total time for which application threads were stopped: 0.0138542 seconds, Stopping threads took: 0.0000207 seconds
2024-07-29T19:20:03.812+0800: 5.092: Application time: 0.6659454 seconds
2024-07-29T19:20:03.812+0800: 5.092: [GC (Allocation Failure) 2024-07-29T19:20:03.812+0800: 5.092: [ParNew: 667207K->42005K(707840K), 0.0123465 secs] 667864K->42663K(713984K), 0.0124071 secs] [Times: user=0.02 sys=0.02, real=0.01 secs] 
2024-07-29T19:20:03.824+0800: 5.104: Total time for which application threads were stopped: 0.0126233 seconds, Stopping threads took: 0.0000359 seconds
2024-07-29T19:20:04.488+0800: 5.768: Application time: 0.6641248 seconds
2024-07-29T19:20:04.488+0800: 5.768: [GC (Allocation Failure) 2024-07-29T19:20:04.488+0800: 5.768: [ParNew: 671253K->45060K(707840K), 0.0102831 secs] 671911K->45718K(713984K), 0.0103769 secs] [Times: user=0.03 sys=0.01, real=0.01 secs] 
2024-07-29T19:20:04.499+0800: 5.779: Total time for which application threads were stopped: 0.0104966 seconds, Stopping threads took: 0.0000193 seconds
2024-07-29T19:20:05.163+0800: 6.444: Application time: 0.6649828 seconds
2024-07-29T19:20:05.164+0800: 6.444: [GC (Allocation Failure) 2024-07-29T19:20:05.164+0800: 6.444: [ParNew: 674308K->54284K(707840K), 0.0128738 secs] 674966K->54943K(713984K), 0.0129340 secs] [Times: user=0.00 sys=0.00, real=0.01 secs] 
2024-07-29T19:20:05.177+0800: 6.457: Total time for which application threads were stopped: 0.0130787 seconds, Stopping threads took: 0.0000202 seconds
2024-07-29T19:20:05.844+0800: 7.125: Application time: 0.6676336 seconds
2024-07-29T19:20:05.844+0800: 7.125: [GC (Allocation Failure) 2024-07-29T19:20:05.844+0800: 7.125: [ParNew: 683532K->60416K(707840K), 0.0158736 secs] 684191K->61075K(713984K), 0.0159351 secs] [Times: user=0.03 sys=0.00, real=0.02 secs] 
2024-07-29T19:20:05.860+0800: 7.141: Total time for which application threads were stopped: 0.0160508 seconds, Stopping threads took: 0.0000205 seconds
2024-07-29T19:20:06.523+0800: 7.804: Application time: 0.6632236 seconds
2024-07-29T19:20:06.523+0800: 7.804: [GC (Allocation Failure) 2024-07-29T19:20:06.524+0800: 7.804: [ParNew: 689664K->69633K(707840K), 0.0168181 secs] 690323K->70291K(713984K), 0.0168825 secs] [Times: user=0.03 sys=0.00, real=0.02 secs] 
2024-07-29T19:20:06.540+0800: 7.821: Total time for which application threads were stopped: 0.0169930 seconds, Stopping threads took: 0.0000197 seconds
2024-07-29T19:20:07.202+0800: 8.482: Application time: 0.6616543 seconds
2024-07-29T19:20:07.202+0800: 8.483: [GC (Allocation Failure) 2024-07-29T19:20:07.202+0800: 8.483: [ParNew: 698881K->77825K(707840K), 0.0191377 secs] 699539K->79507K(713984K), 0.0192035 secs] [Times: user=0.03 sys=0.00, real=0.02 secs] 
2024-07-29T19:20:07.222+0800: 8.502: Total time for which application threads were stopped: 0.0193313 seconds, Stopping threads took: 0.0000211 seconds
2024-07-29T19:20:07.894+0800: 9.175: Application time: 0.6734939 seconds
2024-07-29T19:20:07.894+0800: 9.175: [GC (Allocation Failure) 2024-07-29T19:20:07.894+0800: 9.175: [ParNew: 707073K->77825K(707840K), 0.0200559 secs] 708755K->88723K(720152K), 0.0201189 secs] [Times: user=0.03 sys=0.00, real=0.02 secs] 
2024-07-29T19:20:07.915+0800: 9.196: Total time for which application threads were stopped: 0.0202300 seconds, Stopping threads took: 0.0000201 seconds
2024-07-29T19:20:07.915+0800: 9.196: Application time: 0.0001993 seconds
2024-07-29T19:20:07.915+0800: 9.196: [GC (CMS Initial Mark) [1 CMS-initial-mark: 10898K(12312K)] 103213K(720152K), 0.0007463 secs] [Times: user=0.00 sys=0.00, real=0.00 secs] 
2024-07-29T19:20:07.916+0800: 9.197: Total time for which application threads were stopped: 0.0009213 seconds, Stopping threads took: 0.0001327 seconds
2024-07-29T19:20:07.916+0800: 9.197: [CMS-concurrent-mark-start]
2024-07-29T19:20:07.918+0800: 9.198: [CMS-concurrent-mark: 0.001/0.001 secs] [Times: user=0.00 sys=0.00, real=0.00 secs] 
2024-07-29T19:20:07.918+0800: 9.198: [CMS-concurrent-preclean-start]
2024-07-29T19:20:07.918+0800: 9.198: [CMS-concurrent-preclean: 0.000/0.000 secs] [Times: user=0.00 sys=0.00, real=0.00 secs] 
2024-07-29T19:20:07.918+0800: 9.198: [CMS-concurrent-abortable-preclean-start]
2024-07-29T19:20:08.470+0800: 9.751: [CMS-concurrent-abortable-preclean: 0.001/0.552 secs] [Times: user=0.05 sys=0.00, real=0.55 secs] 
2024-07-29T19:20:08.470+0800: 9.751: Application time: 0.5543633 seconds
2024-07-29T19:20:08.471+0800: 9.751: [GC (CMS Final Remark) [YG occupancy: 523214 K (707840 K)]2024-07-29T19:20:08.471+0800: 9.751: [Rescan (non-parallel) 2024-07-29T19:20:08.471+0800: 9.751: [grey object rescan, 0.0000392 secs]2024-07-29T19:20:08.471+0800: 9.751: [root rescan, 0.0001464 secs]2024-07-29T19:20:08.471+0800: 9.751: [visit unhandled CLDs, 0.0000079 secs]2024-07-29T19:20:08.471+0800: 9.751: [dirty klass scan, 0.0000346 secs], 0.0002660 secs]2024-07-29T19:20:08.471+0800: 9.752: [weak refs processing, 0.0000152 secs]2024-07-29T19:20:08.471+0800: 9.752: [class unloading, 0.0003765 secs]2024-07-29T19:20:08.471+0800: 9.752: [scrub symbol table, 0.0003970 secs]2024-07-29T19:20:08.472+0800: 9.752: [scrub string table, 0.0001004 secs][1 CMS-remark: 10898K(12312K)] 534112K(720152K), 0.0012371 secs] [Times: user=0.00 sys=0.00, real=0.00 secs] 
2024-07-29T19:20:08.472+0800: 9.752: Total time for which application threads were stopped: 0.0014725 seconds, Stopping threads took: 0.0001866 seconds
2024-07-29T19:20:08.472+0800: 9.753: [CMS-concurrent-sweep-start]
2024-07-29T19:20:08.473+0800: 9.754: [CMS-concurrent-sweep: 0.001/0.001 secs] [Times: user=0.03 sys=0.00, real=0.00 secs] 
2024-07-29T19:20:08.474+0800: 9.754: [CMS-concurrent-reset-start]
2024-07-29T19:20:08.475+0800: 9.756: [CMS-concurrent-reset: 0.002/0.002 secs] [Times: user=0.00 sys=0.00, real=0.00 secs] 
2024-07-29T19:20:08.600+0800: 9.881: Application time: 0.1284004 seconds
2024-07-29T19:20:08.600+0800: 9.881: [GC (Allocation Failure) 2024-07-29T19:20:08.600+0800: 9.881: [ParNew: 707073K->77825K(707840K), 0.0205147 secs] 716946K->104083K(735608K), 0.0205747 secs] [Times: user=0.03 sys=0.00, real=0.02 secs] 
2024-07-29T19:20:08.621+0800: 9.902: Total time for which application threads were stopped: 0.0206832 seconds, Stopping threads took: 0.0000194 seconds
2024-07-29T19:20:08.621+0800: 9.902: Application time: 0.0002370 seconds
2024-07-29T19:20:08.621+0800: 9.902: [GC (CMS Initial Mark) [1 CMS-initial-mark: 26258K(27768K)] 118576K(735608K), 0.0008150 secs] [Times: user=0.00 sys=0.00, real=0.00 secs] 
2024-07-29T19:20:08.622+0800: 9.903: Total time for which application threads were stopped: 0.0009198 seconds, Stopping threads took: 0.0000633 seconds
2024-07-29T19:20:08.622+0800: 9.903: [CMS-concurrent-mark-start]
2024-07-29T19:20:08.623+0800: 9.904: [CMS-concurrent-mark: 0.001/0.001 secs] [Times: user=0.00 sys=0.00, real=0.00 secs] 
2024-07-29T19:20:08.623+0800: 9.904: [CMS-concurrent-preclean-start]
2024-07-29T19:20:08.623+0800: 9.904: [CMS-concurrent-preclean: 0.000/0.000 secs] [Times: user=0.00 sys=0.00, real=0.00 secs] 
2024-07-29T19:20:08.623+0800: 9.904: [CMS-concurrent-abortable-preclean-start]
2024-07-29T19:20:09.181+0800: 10.462: [CMS-concurrent-abortable-preclean: 0.001/0.558 secs] [Times: user=0.03 sys=0.00, real=0.56 secs] 
2024-07-29T19:20:09.182+0800: 10.462: Application time: 0.5592117 seconds
2024-07-29T19:20:09.182+0800: 10.462: [GC (CMS Final Remark) [YG occupancy: 509870 K (707840 K)]2024-07-29T19:20:09.182+0800: 10.462: [Rescan (non-parallel) 2024-07-29T19:20:09.182+0800: 10.462: [grey object rescan, 0.0000464 secs]2024-07-29T19:20:09.182+0800: 10.462: [root rescan, 0.0001419 secs]2024-07-29T19:20:09.182+0800: 10.462: [visit unhandled CLDs, 0.0000079 secs]2024-07-29T19:20:09.182+0800: 10.462: [dirty klass scan, 0.0000336 secs], 0.0002603 secs]2024-07-29T19:20:09.182+0800: 10.462: [weak refs processing, 0.0000114 secs]2024-07-29T19:20:09.182+0800: 10.462: [class unloading, 0.0002307 secs]2024-07-29T19:20:09.182+0800: 10.463: [scrub symbol table, 0.0003018 secs]2024-07-29T19:20:09.182+0800: 10.463: [scrub string table, 0.0001055 secs][1 CMS-remark: 26258K(27768K)] 536128K(735608K), 0.0009702 secs] [Times: user=0.00 sys=0.00, real=0.00 secs] 
2024-07-29T19:20:09.182+0800: 10.463: Total time for which application threads were stopped: 0.0010917 seconds, Stopping threads took: 0.0000849 seconds
2024-07-29T19:20:09.182+0800: 10.463: [CMS-concurrent-sweep-start]
2024-07-29T19:20:09.184+0800: 10.465: [CMS-concurrent-sweep: 0.001/0.001 secs] [Times: user=0.00 sys=0.00, real=0.00 secs] 
2024-07-29T19:20:09.184+0800: 10.465: [CMS-concurrent-reset-start]
2024-07-29T19:20:09.184+0800: 10.465: [CMS-concurrent-reset: 0.000/0.000 secs] [Times: user=0.00 sys=0.00, real=0.00 secs] 
2024-07-29T19:20:09.296+0800: 10.577: Application time: 0.1142250 seconds
2024-07-29T19:20:09.296+0800: 10.577: [GC (Allocation Failure) 2024-07-29T19:20:09.296+0800: 10.577: [ParNew: 707073K->77825K(707840K), 0.0209940 secs] 724115K->118419K(750636K), 0.0210534 secs] [Times: user=0.05 sys=0.02, real=0.02 secs] 
2024-07-29T19:20:09.318+0800: 10.598: Total time for which application threads were stopped: 0.0211806 seconds, Stopping threads took: 0.0000197 seconds
2024-07-29T19:20:09.318+0800: 10.599: Application time: 0.0001487 seconds
2024-07-29T19:20:09.318+0800: 10.599: [GC (CMS Initial Mark) [1 CMS-initial-mark: 40594K(42796K)] 131884K(750636K), 0.0007454 secs] [Times: user=0.00 sys=0.00, real=0.00 secs] 
2024-07-29T19:20:09.318+0800: 10.599: Total time for which application threads were stopped: 0.0008050 seconds, Stopping threads took: 0.0000150 seconds
2024-07-29T19:20:09.319+0800: 10.599: [CMS-concurrent-mark-start]
2024-07-29T19:20:09.319+0800: 10.600: [CMS-concurrent-mark: 0.001/0.001 secs] [Times: user=0.00 sys=0.00, real=0.00 secs] 
2024-07-29T19:20:09.319+0800: 10.600: [CMS-concurrent-preclean-start]
2024-07-29T19:20:09.319+0800: 10.600: [CMS-concurrent-preclean: 0.000/0.000 secs] [Times: user=0.00 sys=0.00, real=0.00 secs] 
2024-07-29T19:20:09.319+0800: 10.600: [CMS-concurrent-abortable-preclean-start]
2024-07-29T19:20:09.874+0800: 11.154: [CMS-concurrent-abortable-preclean: 0.002/0.553 secs] [Times: user=0.02 sys=0.00, real=0.56 secs] 
2024-07-29T19:20:09.874+0800: 11.154: Application time: 0.5544748 seconds
2024-07-29T19:20:09.874+0800: 11.154: [GC (CMS Final Remark) [YG occupancy: 495231 K (707840 K)]2024-07-29T19:20:09.874+0800: 11.154: [Rescan (non-parallel) 2024-07-29T19:20:09.874+0800: 11.154: [grey object rescan, 0.0000707 secs]2024-07-29T19:20:09.874+0800: 11.154: [root rescan, 0.0001302 secs]2024-07-29T19:20:09.874+0800: 11.154: [visit unhandled CLDs, 0.0000079 secs]2024-07-29T19:20:09.874+0800: 11.154: [dirty klass scan, 0.0000437 secs], 0.0002855 secs]2024-07-29T19:20:09.874+0800: 11.154: [weak refs processing, 0.0000115 secs]2024-07-29T19:20:09.874+0800: 11.154: [class unloading, 0.0002378 secs]2024-07-29T19:20:09.874+0800: 11.155: [scrub symbol table, 0.0003385 secs]2024-07-29T19:20:09.874+0800: 11.155: [scrub string table, 0.0001001 secs][1 CMS-remark: 40594K(42796K)] 535825K(750636K), 0.0010445 secs] [Times: user=0.00 sys=0.00, real=0.00 secs] 
2024-07-29T19:20:09.874+0800: 11.155: Total time for which application threads were stopped: 0.0012323 seconds, Stopping threads took: 0.0001433 seconds
2024-07-29T19:20:09.875+0800: 11.155: [CMS-concurrent-sweep-start]
2024-07-29T19:20:09.876+0800: 11.157: [CMS-concurrent-sweep: 0.001/0.001 secs] [Times: user=0.00 sys=0.00, real=0.00 secs] 
2024-07-29T19:20:09.876+0800: 11.157: [CMS-concurrent-reset-start]
2024-07-29T19:20:09.876+0800: 11.157: [CMS-concurrent-reset: 0.000/0.000 secs] [Times: user=0.00 sys=0.00, real=0.00 secs] 
2024-07-29T19:20:10.096+0800: 11.376: Application time: 0.2204575 seconds
2024-07-29T19:20:10.096+0800: 11.376: [GC (Allocation Failure) 2024-07-29T19:20:10.096+0800: 11.376: [ParNew: 707073K->77825K(707840K), 0.0225253 secs] 731283K->132755K(764000K), 0.0225835 secs] [Times: user=0.06 sys=0.00, real=0.02 secs] 
2024-07-29T19:20:10.118+0800: 11.398: Total time for which application threads were stopped: 0.0226925 seconds, Stopping threads took: 0.0000195 seconds
2024-07-29T19:20:10.118+0800: 11.398: Application time: 0.0001981 seconds
2024-07-29T19:20:10.119+0800: 11.399: [GC (CMS Initial Mark) [1 CMS-initial-mark: 54930K(56160K)] 147234K(764000K), 0.0007910 secs] [Times: user=0.00 sys=0.00, real=0.00 secs] 
2024-07-29T19:20:10.119+0800: 11.399: Total time for which application threads were stopped: 0.0009736 seconds, Stopping threads took: 0.0001405 seconds
2024-07-29T19:20:10.119+0800: 11.400: [CMS-concurrent-mark-start]
2024-07-29T19:20:10.121+0800: 11.401: [CMS-concurrent-mark: 0.001/0.001 secs] [Times: user=0.00 sys=0.00, real=0.00 secs] 
2024-07-29T19:20:10.121+0800: 11.401: [CMS-concurrent-preclean-start]
2024-07-29T19:20:10.121+0800: 11.401: [CMS-concurrent-preclean: 0.000/0.000 secs] [Times: user=0.00 sys=0.00, real=0.00 secs] 
2024-07-29T19:20:10.121+0800: 11.401: [CMS-concurrent-abortable-preclean-start]
Heap
 par new generation   total 707840K, used 400887K [0x00000000c8000000, 0x00000000f8000000, 0x00000000f8000000)
  eden space 629248K,  51% used [0x00000000c8000000, 0x00000000dbb7d9e8, 0x00000000ee680000)
  from space 78592K,  99% used [0x00000000ee680000, 0x00000000f32804c0, 0x00000000f3340000)
  to   space 78592K,   0% used [0x00000000f3340000, 0x00000000f3340000, 0x00000000f8000000)
 concurrent mark-sweep generation total 56160K, used 54930K [0x00000000f8000000, 0x00000000fb6d8000, 0x0000000100000000)
 Metaspace       used 3005K, capacity 4486K, committed 4864K, reserved 1056768K
  class space    used 310K, capacity 386K, committed 512K, reserved 1048576K
2024-07-29T19:20:10.458+0800: 11.738: Application time: 0.3385619 seconds
