OpenJDK 64-Bit Server VM (25.412-b1) for windows-amd64 JRE (1.8.0_412-b1), built on Apr 23 2024 12:00:37 by "Administrator" with MS VC++ 10.0 (VS2010)
Memory: 4k page, physical 16672068k(3875688k free), swap 19811428k(4096132k free)
CommandLine flags: -XX:-CMSParallelRemarkEnabled -XX:GCDrainStackTargetSize=64 -XX:InitialHeapSize=810758960 -XX:InitialTenuringThreshold=4 -XX:MaxHeapSize=939524096 -XX:MaxNewSize=805306368 -XX:MaxTenuringThreshold=4 -XX:NewSize=805306368 -XX:OldPLABSize=16 -XX:+PrintGC -XX:+PrintGCApplicationConcurrentTime -XX:+PrintGCApplicationStoppedTime -XX:+PrintGCDateStamps -XX:+PrintGCDetails -XX:+PrintGCTimeStamps -XX:+UseCompressedClassPointers -XX:+UseCompressedOops -XX:+UseConcMarkSweepGC -XX:-UseLargePagesIndividualAllocation -XX:+UseParNewGC 
2024-07-29T19:20:11.583+0800: 1.036: Application time: 0.9630794 seconds
2024-07-29T19:20:11.583+0800: 1.037: Total time for which application threads were stopped: 0.0005071 seconds, Stopping threads took: 0.0004504 seconds
2024-07-29T19:20:11.588+0800: 1.042: Application time: 0.0053374 seconds
2024-07-29T19:20:11.588+0800: 1.042: [GC (Allocation Failure) 2024-07-29T19:20:11.588+0800: 1.042: [ParNew: 629042K->14043K(707840K), 0.0081541 secs] 629042K->14043K(713984K), 0.0083415 secs] [Times: user=0.00 sys=0.00, real=0.01 secs] 
2024-07-29T19:20:11.596+0800: 1.051: Total time for which application threads were stopped: 0.0084587 seconds, Stopping threads took: 0.0000240 seconds
2024-07-29T19:20:12.261+0800: 1.715: Application time: 0.6638145 seconds
2024-07-29T19:20:12.261+0800: 1.715: [GC (Allocation Failure) 2024-07-29T19:20:12.261+0800: 1.715: [ParNew: 643291K->8207K(707840K), 0.0045226 secs] 643291K->8207K(713984K), 0.0045832 secs] [Times: user=0.00 sys=0.00, real=0.00 secs] 
2024-07-29T19:20:12.265+0800: 1.719: Total time for which application threads were stopped: 0.0047006 seconds, Stopping threads took: 0.0000223 seconds
2024-07-29T19:20:12.953+0800: 2.407: Application time: 0.6880101 seconds
2024-07-29T19:20:12.953+0800: 2.407: [GC (Allocation Failure) 2024-07-29T19:20:12.953+0800: 2.407: [ParNew: 637455K->12276K(707840K), 0.0027279 secs] 637455K->12276K(713984K), 0.0027815 secs] [Times: user=0.00 sys=0.00, real=0.00 secs] 
2024-07-29T19:20:12.956+0800: 2.410: Total time for which application threads were stopped: 0.0029110 seconds, Stopping threads took: 0.0000218 seconds
2024-07-29T19:20:13.631+0800: 3.085: Application time: 0.6745844 seconds
2024-07-29T19:20:13.631+0800: 3.085: [GC (Allocation Failure) 2024-07-29T19:20:13.631+0800: 3.085: [ParNew: 641524K->15324K(707840K), 0.0056451 secs] 641524K->15324K(713984K), 0.0057018 secs] [Times: user=0.00 sys=0.00, real=0.00 secs] 
2024-07-29T19:20:13.636+0800: 3.091: Total time for which application threads were stopped: 0.0058310 seconds, Stopping threads took: 0.0000212 seconds
2024-07-29T19:20:14.309+0800: 3.762: Application time: 0.6718710 seconds
2024-07-29T19:20:14.309+0800: 3.763: [GC (Allocation Failure) 2024-07-29T19:20:14.309+0800: 3.763: [ParNew: 644572K->24771K(707840K), 0.0097777 secs] 644572K->25428K(713984K), 0.0098418 secs] [Times: user=0.03 sys=0.00, real=0.01 secs] 
2024-07-29T19:20:14.319+0800: 3.772: Total time for which application threads were stopped: 0.0099580 seconds, Stopping threads took: 0.0000213 seconds
2024-07-29T19:20:14.655+0800: 4.109: Application time: 0.3365218 seconds
2024-07-29T19:20:14.655+0800: 4.109: Total time for which application threads were stopped: 0.0000959 seconds, Stopping threads took: 0.0000372 seconds
2024-07-29T19:20:14.988+0800: 4.442: Application time: 0.3332181 seconds
2024-07-29T19:20:14.988+0800: 4.442: [GC (Allocation Failure) 2024-07-29T19:20:14.988+0800: 4.442: [ParNew: 654019K->34897K(707840K), 0.0135077 secs] 654676K->35555K(713984K), 0.0135779 secs] [Times: user=0.03 sys=0.00, real=0.01 secs] 
2024-07-29T19:20:15.002+0800: 4.456: Total time for which application threads were stopped: 0.0136981 seconds, Stopping threads took: 0.0000184 seconds
2024-07-29T19:20:15.664+0800: 5.119: Application time: 0.6629926 seconds
2024-07-29T19:20:15.665+0800: 5.119: [GC (Allocation Failure) 2024-07-29T19:20:15.665+0800: 5.119: [ParNew: 664145K->40981K(707840K), 0.0125336 secs] 664803K->41638K(713984K), 0.0126385 secs] [Times: user=0.03 sys=0.00, real=0.01 secs] 
2024-07-29T19:20:15.677+0800: 5.132: Total time for which application threads were stopped: 0.0127557 seconds, Stopping threads took: 0.0000221 seconds
2024-07-29T19:20:16.343+0800: 5.798: Application time: 0.6658827 seconds
2024-07-29T19:20:16.343+0800: 5.798: [GC (Allocation Failure) 2024-07-29T19:20:16.343+0800: 5.798: [ParNew: 670229K->48128K(707840K), 0.0131788 secs] 670886K->48786K(713984K), 0.0132502 secs] [Times: user=0.03 sys=0.00, real=0.01 secs] 
2024-07-29T19:20:16.357+0800: 5.811: Total time for which application threads were stopped: 0.0133647 seconds, Stopping threads took: 0.0000201 seconds
2024-07-29T19:20:17.024+0800: 6.478: Application time: 0.6670543 seconds
2024-07-29T19:20:17.024+0800: 6.478: [GC (Allocation Failure) 2024-07-29T19:20:17.024+0800: 6.478: [ParNew: 677376K->56330K(707840K), 0.0147550 secs] 678034K->56989K(713984K), 0.0148158 secs] [Times: user=0.01 sys=0.02, real=0.02 secs] 
2024-07-29T19:20:17.039+0800: 6.493: Total time for which application threads were stopped: 0.0149264 seconds, Stopping threads took: 0.0000187 seconds
2024-07-29T19:20:17.702+0800: 7.155: Application time: 0.6625063 seconds
2024-07-29T19:20:17.702+0800: 7.156: [GC (Allocation Failure) 2024-07-29T19:20:17.702+0800: 7.156: [ParNew: 684555K->67585K(707840K), 0.0189981 secs] 685213K->68243K(713984K), 0.0190824 secs] [Times: user=0.03 sys=0.00, real=0.02 secs] 
2024-07-29T19:20:17.720+0800: 7.175: Total time for which application threads were stopped: 0.0192040 seconds, Stopping threads took: 0.0000193 seconds
2024-07-29T19:20:18.397+0800: 7.852: Application time: 0.6771263 seconds
2024-07-29T19:20:18.397+0800: 7.852: [GC (Allocation Failure) 2024-07-29T19:20:18.397+0800: 7.852: [ParNew: 696833K->76801K(707840K), 0.0193765 secs] 697491K->77459K(713984K), 0.0194368 secs] [Times: user=0.03 sys=0.00, real=0.02 secs] 
2024-07-29T19:20:18.417+0800: 7.871: Total time for which application threads were stopped: 0.0195661 seconds, Stopping threads took: 0.0000213 seconds
2024-07-29T19:20:19.092+0800: 8.546: Application time: 0.6748044 seconds
2024-07-29T19:20:19.092+0800: 8.546: [GC (Allocation Failure) 2024-07-29T19:20:19.092+0800: 8.546: [ParNew: 706049K->77825K(707840K), 0.0196503 secs] 706707K->83603K(715012K), 0.0197055 secs] [Times: user=0.03 sys=0.00, real=0.02 secs] 
2024-07-29T19:20:19.112+0800: 8.566: Total time for which application threads were stopped: 0.0198296 seconds, Stopping threads took: 0.0000179 seconds
2024-07-29T19:20:19.112+0800: 8.566: Application time: 0.0002176 seconds
2024-07-29T19:20:19.112+0800: 8.566: [GC (CMS Initial Mark) [1 CMS-initial-mark: 5778K(7172K)] 98051K(715012K), 0.0007679 secs] [Times: user=0.00 sys=0.00, real=0.00 secs] 
2024-07-29T19:20:19.113+0800: 8.567: Total time for which application threads were stopped: 0.0009240 seconds, Stopping threads took: 0.0001135 seconds
2024-07-29T19:20:19.113+0800: 8.567: [CMS-concurrent-mark-start]
2024-07-29T19:20:19.115+0800: 8.569: [CMS-concurrent-mark: 0.001/0.001 secs] [Times: user=0.03 sys=0.02, real=0.00 secs] 
2024-07-29T19:20:19.115+0800: 8.569: [CMS-concurrent-preclean-start]
2024-07-29T19:20:19.115+0800: 8.569: [CMS-concurrent-preclean: 0.000/0.000 secs] [Times: user=0.00 sys=0.00, real=0.00 secs] 
2024-07-29T19:20:19.115+0800: 8.569: [CMS-concurrent-abortable-preclean-start]
2024-07-29T19:20:19.673+0800: 9.127: [CMS-concurrent-abortable-preclean: 0.001/0.559 secs] [Times: user=0.02 sys=0.00, real=0.56 secs] 
2024-07-29T19:20:19.673+0800: 9.128: Application time: 0.5605667 seconds
2024-07-29T19:20:19.673+0800: 9.128: [GC (CMS Final Remark) [YG occupancy: 521826 K (707840 K)]2024-07-29T19:20:19.674+0800: 9.128: [Rescan (non-parallel) 2024-07-29T19:20:19.674+0800: 9.128: [grey object rescan, 0.0000223 secs]2024-07-29T19:20:19.674+0800: 9.128: [root rescan, 0.0001569 secs]2024-07-29T19:20:19.674+0800: 9.128: [visit unhandled CLDs, 0.0000127 secs]2024-07-29T19:20:19.674+0800: 9.128: [dirty klass scan, 0.0000341 secs], 0.0002718 secs]2024-07-29T19:20:19.674+0800: 9.128: [weak refs processing, 0.0000162 secs]2024-07-29T19:20:19.674+0800: 9.128: [class unloading, 0.0003548 secs]2024-07-29T19:20:19.674+0800: 9.129: [scrub symbol table, 0.0003840 secs]2024-07-29T19:20:19.675+0800: 9.129: [scrub string table, 0.0001122 secs][1 CMS-remark: 5778K(7172K)] 527604K(715012K), 0.0012169 secs] [Times: user=0.00 sys=0.00, real=0.00 secs] 
2024-07-29T19:20:19.675+0800: 9.129: Total time for which application threads were stopped: 0.0014008 seconds, Stopping threads took: 0.0001349 seconds
2024-07-29T19:20:19.675+0800: 9.129: [CMS-concurrent-sweep-start]
2024-07-29T19:20:19.676+0800: 9.131: [CMS-concurrent-sweep: 0.001/0.001 secs] [Times: user=0.03 sys=0.00, real=0.00 secs] 
2024-07-29T19:20:19.677+0800: 9.131: [CMS-concurrent-reset-start]
2024-07-29T19:20:19.678+0800: 9.132: [CMS-concurrent-reset: 0.002/0.002 secs] [Times: user=0.00 sys=0.00, real=0.00 secs] 
2024-07-29T19:20:19.805+0800: 9.259: Application time: 0.1300367 seconds
2024-07-29T19:20:19.805+0800: 9.259: [GC (Allocation Failure) 2024-07-29T19:20:19.805+0800: 9.259: [ParNew: 707073K->77825K(707840K), 0.0202013 secs] 712850K->97939K(728780K), 0.0202614 secs] [Times: user=0.03 sys=0.00, real=0.02 secs] 
2024-07-29T19:20:19.825+0800: 9.280: Total time for which application threads were stopped: 0.0203810 seconds, Stopping threads took: 0.0000173 seconds
2024-07-29T19:20:19.826+0800: 9.280: Application time: 0.0002023 seconds
2024-07-29T19:20:19.826+0800: 9.280: [GC (CMS Initial Mark) [1 CMS-initial-mark: 20113K(20940K)] 112390K(728780K), 0.0007857 secs] [Times: user=0.00 sys=0.00, real=0.00 secs] 
2024-07-29T19:20:19.827+0800: 9.281: Total time for which application threads were stopped: 0.0009083 seconds, Stopping threads took: 0.0000797 seconds
2024-07-29T19:20:19.827+0800: 9.281: [CMS-concurrent-mark-start]
2024-07-29T19:20:19.828+0800: 9.282: [CMS-concurrent-mark: 0.001/0.001 secs] [Times: user=0.00 sys=0.00, real=0.00 secs] 
2024-07-29T19:20:19.828+0800: 9.282: [CMS-concurrent-preclean-start]
2024-07-29T19:20:19.828+0800: 9.282: [CMS-concurrent-preclean: 0.000/0.000 secs] [Times: user=0.00 sys=0.00, real=0.00 secs] 
2024-07-29T19:20:19.828+0800: 9.282: [CMS-concurrent-abortable-preclean-start]
2024-07-29T19:20:20.379+0800: 9.833: [CMS-concurrent-abortable-preclean: 0.002/0.552 secs] [Times: user=0.02 sys=0.00, real=0.55 secs] 
2024-07-29T19:20:20.379+0800: 9.834: Application time: 0.5530365 seconds
2024-07-29T19:20:20.379+0800: 9.834: [GC (CMS Final Remark) [YG occupancy: 508536 K (707840 K)]2024-07-29T19:20:20.380+0800: 9.834: [Rescan (non-parallel) 2024-07-29T19:20:20.380+0800: 9.834: [grey object rescan, 0.0000387 secs]2024-07-29T19:20:20.380+0800: 9.834: [root rescan, 0.0001504 secs]2024-07-29T19:20:20.380+0800: 9.834: [visit unhandled CLDs, 0.0000084 secs]2024-07-29T19:20:20.380+0800: 9.834: [dirty klass scan, 0.0000341 secs], 0.0002742 secs]2024-07-29T19:20:20.380+0800: 9.834: [weak refs processing, 0.0000110 secs]2024-07-29T19:20:20.380+0800: 9.834: [class unloading, 0.0002176 secs]2024-07-29T19:20:20.380+0800: 9.834: [scrub symbol table, 0.0002959 secs]2024-07-29T19:20:20.380+0800: 9.835: [scrub string table, 0.0000966 secs][1 CMS-remark: 20113K(20940K)] 528650K(728780K), 0.0009755 secs] [Times: user=0.00 sys=0.00, real=0.00 secs] 
2024-07-29T19:20:20.380+0800: 9.835: Total time for which application threads were stopped: 0.0011261 seconds, Stopping threads took: 0.0001026 seconds
2024-07-29T19:20:20.381+0800: 9.835: [CMS-concurrent-sweep-start]
2024-07-29T19:20:20.382+0800: 9.836: [CMS-concurrent-sweep: 0.001/0.001 secs] [Times: user=0.00 sys=0.00, real=0.00 secs] 
2024-07-29T19:20:20.382+0800: 9.836: [CMS-concurrent-reset-start]
2024-07-29T19:20:20.382+0800: 9.836: [CMS-concurrent-reset: 0.000/0.000 secs] [Times: user=0.00 sys=0.00, real=0.00 secs] 
2024-07-29T19:20:20.498+0800: 9.952: Application time: 0.1172261 seconds
2024-07-29T19:20:20.498+0800: 9.952: [GC (Allocation Failure) 2024-07-29T19:20:20.498+0800: 9.952: [ParNew: 707073K->77825K(707840K), 0.0247049 secs] 722067K->116371K(747224K), 0.0247885 secs] [Times: user=0.06 sys=0.00, real=0.03 secs] 
2024-07-29T19:20:20.523+0800: 9.977: Total time for which application threads were stopped: 0.0249017 seconds, Stopping threads took: 0.0000214 seconds
2024-07-29T19:20:20.523+0800: 9.977: Application time: 0.0002203 seconds
2024-07-29T19:20:20.523+0800: 9.977: [GC (CMS Initial Mark) [1 CMS-initial-mark: 38546K(39384K)] 129823K(747224K), 0.0006055 secs] [Times: user=0.00 sys=0.00, real=0.00 secs] 
2024-07-29T19:20:20.523+0800: 9.978: Total time for which application threads were stopped: 0.0006659 seconds, Stopping threads took: 0.0000158 seconds
2024-07-29T19:20:20.524+0800: 9.978: [CMS-concurrent-mark-start]
2024-07-29T19:20:20.524+0800: 9.979: [CMS-concurrent-mark: 0.001/0.001 secs] [Times: user=0.00 sys=0.00, real=0.00 secs] 
2024-07-29T19:20:20.524+0800: 9.979: [CMS-concurrent-preclean-start]
2024-07-29T19:20:20.524+0800: 9.979: [CMS-concurrent-preclean: 0.000/0.000 secs] [Times: user=0.00 sys=0.00, real=0.00 secs] 
2024-07-29T19:20:20.524+0800: 9.979: [CMS-concurrent-abortable-preclean-start]
2024-07-29T19:20:21.075+0800: 10.529: [CMS-concurrent-abortable-preclean: 0.001/0.550 secs] [Times: user=0.01 sys=0.00, real=0.55 secs] 
2024-07-29T19:20:21.075+0800: 10.529: Application time: 0.5509951 seconds
2024-07-29T19:20:21.075+0800: 10.529: [GC (CMS Final Remark) [YG occupancy: 494835 K (707840 K)]2024-07-29T19:20:21.075+0800: 10.529: [Rescan (non-parallel) 2024-07-29T19:20:21.075+0800: 10.529: [grey object rescan, 0.0000618 secs]2024-07-29T19:20:21.075+0800: 10.529: [root rescan, 0.0001995 secs]2024-07-29T19:20:21.075+0800: 10.529: [visit unhandled CLDs, 0.0000082 secs]2024-07-29T19:20:21.075+0800: 10.529: [dirty klass scan, 0.0000370 secs], 0.0003387 secs]2024-07-29T19:20:21.075+0800: 10.529: [weak refs processing, 0.0000112 secs]2024-07-29T19:20:21.075+0800: 10.529: [class unloading, 0.0003337 secs]2024-07-29T19:20:21.076+0800: 10.530: [scrub symbol table, 0.0004042 secs]2024-07-29T19:20:21.076+0800: 10.530: [scrub string table, 0.0001180 secs][1 CMS-remark: 38546K(39384K)] 533381K(747224K), 0.0012766 secs] [Times: user=0.00 sys=0.00, real=0.00 secs] 
2024-07-29T19:20:21.076+0800: 10.530: Total time for which application threads were stopped: 0.0013379 seconds, Stopping threads took: 0.0000175 seconds
2024-07-29T19:20:21.076+0800: 10.530: [CMS-concurrent-sweep-start]
2024-07-29T19:20:21.076+0800: 10.530: [CMS-concurrent-sweep: 0.000/0.000 secs] [Times: user=0.00 sys=0.00, real=0.00 secs] 
2024-07-29T19:20:21.076+0800: 10.531: [CMS-concurrent-reset-start]
2024-07-29T19:20:21.077+0800: 10.531: [CMS-concurrent-reset: 0.000/0.000 secs] [Times: user=0.00 sys=0.00, real=0.00 secs] 
2024-07-29T19:20:21.311+0800: 10.765: Application time: 0.2351669 seconds
2024-07-29T19:20:21.311+0800: 10.765: [GC (Allocation Failure) 2024-07-29T19:20:21.311+0800: 10.765: [ParNew: 707073K->77825K(707840K), 0.0241814 secs] 731283K->133779K(764640K), 0.0242606 secs] [Times: user=0.03 sys=0.02, real=0.02 secs] 
2024-07-29T19:20:21.336+0800: 10.790: Total time for which application threads were stopped: 0.0243759 seconds, Stopping threads took: 0.0000216 seconds
2024-07-29T19:20:21.336+0800: 10.790: Application time: 0.0002181 seconds
2024-07-29T19:20:21.336+0800: 10.790: [GC (CMS Initial Mark) [1 CMS-initial-mark: 55954K(56800K)] 148264K(764640K), 0.0007036 secs] [Times: user=0.00 sys=0.00, real=0.00 secs] 
2024-07-29T19:20:21.337+0800: 10.791: Total time for which application threads were stopped: 0.0008079 seconds, Stopping threads took: 0.0000638 seconds
2024-07-29T19:20:21.337+0800: 10.791: [CMS-concurrent-mark-start]
2024-07-29T19:20:21.338+0800: 10.792: [CMS-concurrent-mark: 0.001/0.001 secs] [Times: user=0.00 sys=0.00, real=0.00 secs] 
2024-07-29T19:20:21.338+0800: 10.792: [CMS-concurrent-preclean-start]
2024-07-29T19:20:21.338+0800: 10.792: [CMS-concurrent-preclean: 0.000/0.000 secs] [Times: user=0.00 sys=0.00, real=0.00 secs] 
2024-07-29T19:20:21.338+0800: 10.793: [CMS-concurrent-abortable-preclean-start]
2024-07-29T19:20:21.897+0800: 11.351: [CMS-concurrent-abortable-preclean: 0.002/0.558 secs] [Times: user=0.05 sys=0.00, real=0.56 secs] 
2024-07-29T19:20:21.897+0800: 11.351: Application time: 0.5601514 seconds
2024-07-29T19:20:21.897+0800: 11.351: [GC (CMS Final Remark) [YG occupancy: 603809 K (707840 K)]2024-07-29T19:20:21.897+0800: 11.351: [Rescan (non-parallel) 2024-07-29T19:20:21.897+0800: 11.351: [grey object rescan, 0.0000986 secs]2024-07-29T19:20:21.897+0800: 11.351: [root rescan, 0.0001509 secs]2024-07-29T19:20:21.897+0800: 11.351: [visit unhandled CLDs, 0.0000080 secs]2024-07-29T19:20:21.897+0800: 11.351: [dirty klass scan, 0.0000336 secs], 0.0003297 secs]2024-07-29T19:20:21.897+0800: 11.351: [weak refs processing, 0.0000110 secs]2024-07-29T19:20:21.897+0800: 11.351: [class unloading, 0.0002283 secs]2024-07-29T19:20:21.897+0800: 11.352: [scrub symbol table, 0.0003398 secs]2024-07-29T19:20:21.897+0800: 11.352: [scrub string table, 0.0000993 secs][1 CMS-remark: 55954K(56800K)] 659764K(764640K), 0.0010755 secs] [Times: user=0.00 sys=0.00, real=0.00 secs] 
2024-07-29T19:20:21.897+0800: 11.352: Total time for which application threads were stopped: 0.0011872 seconds, Stopping threads took: 0.0000672 seconds
2024-07-29T19:20:21.898+0800: 11.352: [CMS-concurrent-sweep-start]
2024-07-29T19:20:21.899+0800: 11.354: [CMS-concurrent-sweep: 0.001/0.001 secs] [Times: user=0.00 sys=0.00, real=0.00 secs] 
2024-07-29T19:20:21.899+0800: 11.354: [CMS-concurrent-reset-start]
2024-07-29T19:20:21.899+0800: 11.354: [CMS-concurrent-reset: 0.000/0.000 secs] [Times: user=0.00 sys=0.00, real=0.00 secs] 
2024-07-29T19:20:22.023+0800: 11.477: Application time: 0.1247323 seconds
2024-07-29T19:20:22.023+0800: 11.477: [GC (Allocation Failure) 2024-07-29T19:20:22.023+0800: 11.477: [ParNew: 707073K->77825K(707840K), 0.0238829 secs] 739475K->149139K(780060K), 0.0239429 secs] [Times: user=0.01 sys=0.02, real=0.02 secs] 
2024-07-29T19:20:22.047+0800: 11.501: Total time for which application threads were stopped: 0.0240538 seconds, Stopping threads took: 0.0000188 seconds
2024-07-29T19:20:22.047+0800: 11.501: Application time: 0.0002224 seconds
2024-07-29T19:20:22.047+0800: 11.501: [GC (CMS Initial Mark) [1 CMS-initial-mark: 71314K(72220K)] 163637K(780060K), 0.0007762 secs] [Times: user=0.00 sys=0.00, real=0.00 secs] 
2024-07-29T19:20:22.048+0800: 11.502: Total time for which application threads were stopped: 0.0008962 seconds, Stopping threads took: 0.0000772 seconds
2024-07-29T19:20:22.048+0800: 11.502: [CMS-concurrent-mark-start]
2024-07-29T19:20:22.049+0800: 11.503: [CMS-concurrent-mark: 0.001/0.001 secs] [Times: user=0.00 sys=0.00, real=0.00 secs] 
2024-07-29T19:20:22.049+0800: 11.503: [CMS-concurrent-preclean-start]
2024-07-29T19:20:22.050+0800: 11.504: [CMS-concurrent-preclean: 0.000/0.000 secs] [Times: user=0.00 sys=0.00, real=0.00 secs] 
2024-07-29T19:20:22.050+0800: 11.504: [CMS-concurrent-abortable-preclean-start]
Heap
 par new generation   total 707840K, used 387847K [0x00000000c8000000, 0x00000000f8000000, 0x00000000f8000000)
  eden space 629248K,  49% used [0x00000000c8000000, 0x00000000daec1828, 0x00000000ee680000)
  from space 78592K,  99% used [0x00000000ee680000, 0x00000000f32804c0, 0x00000000f3340000)
  to   space 78592K,   0% used [0x00000000f3340000, 0x00000000f3340000, 0x00000000f8000000)
 concurrent mark-sweep generation total 72220K, used 71314K [0x00000000f8000000, 0x00000000fc687000, 0x0000000100000000)
 Metaspace       used 3005K, capacity 4486K, committed 4864K, reserved 1056768K
  class space    used 310K, capacity 386K, committed 512K, reserved 1048576K
2024-07-29T19:20:22.385+0800: 11.839: Application time: 0.3372318 seconds
