OpenJDK 64-Bit Server VM (25.412-b1) for windows-amd64 JRE (1.8.0_412-b1), built on Apr 23 2024 12:00:37 by "Administrator" with MS VC++ 10.0 (VS2010)
Memory: 4k page, physical 16672068k(4543584k free), swap 19811428k(4600716k free)
CommandLine flags: -XX:+CMSParallelRemarkEnabled -XX:GCDrainStackTargetSize=64 -XX:InitialHeapSize=810758960 -XX:InitialTenuringThreshold=4 -XX:MaxHeapSize=939524096 -XX:MaxNewSize=805306368 -XX:MaxTenuringThreshold=4 -XX:NewSize=805306368 -XX:OldPLABSize=16 -XX:+PrintGC -XX:+PrintGCApplicationConcurrentTime -XX:+PrintGCApplicationStoppedTime -XX:+PrintGCDateStamps -XX:+PrintGCDetails -XX:+PrintGCTimeStamps -XX:+UseCompressedClassPointers -XX:+UseCompressedOops -XX:+UseConcMarkSweepGC -XX:-UseLargePagesIndividualAllocation -XX:+UseParNewGC 
2024-07-29T19:13:39.679+0800: 1.031: Application time: 0.9468163 seconds
2024-07-29T19:13:39.679+0800: 1.031: Total time for which application threads were stopped: 0.0000499 seconds, Stopping threads took: 0.0000195 seconds
2024-07-29T19:13:39.700+0800: 1.052: Application time: 0.0212871 seconds
2024-07-29T19:13:39.700+0800: 1.052: [GC (Allocation Failure) 2024-07-29T19:13:39.700+0800: 1.052: [ParNew: 629042K->14042K(707840K), 0.0080309 secs] 629042K->14042K(713984K), 0.0082115 secs] [Times: user=0.03 sys=0.00, real=0.01 secs] 
2024-07-29T19:13:39.709+0800: 1.061: Total time for which application threads were stopped: 0.0083306 seconds, Stopping threads took: 0.0000234 seconds
2024-07-29T19:13:40.387+0800: 1.739: Application time: 0.6780301 seconds
2024-07-29T19:13:40.387+0800: 1.739: [GC (Allocation Failure) 2024-07-29T19:13:40.387+0800: 1.739: [ParNew: 643290K->8150K(707840K), 0.0049231 secs] 643290K->8150K(713984K), 0.0049858 secs] [Times: user=0.00 sys=0.00, real=0.00 secs] 
2024-07-29T19:13:40.392+0800: 1.744: Total time for which application threads were stopped: 0.0050998 seconds, Stopping threads took: 0.0000205 seconds
2024-07-29T19:13:41.065+0800: 2.416: Application time: 0.6727379 seconds
2024-07-29T19:13:41.065+0800: 2.416: [GC (Allocation Failure) 2024-07-29T19:13:41.065+0800: 2.416: [ParNew: 637398K->12141K(707840K), 0.0027312 secs] 637398K->12141K(713984K), 0.0027830 secs] [Times: user=0.03 sys=0.00, real=0.00 secs] 
2024-07-29T19:13:41.068+0800: 2.419: Total time for which application threads were stopped: 0.0029039 seconds, Stopping threads took: 0.0000188 seconds
2024-07-29T19:13:41.744+0800: 3.096: Application time: 0.6770596 seconds
2024-07-29T19:13:41.744+0800: 3.096: [GC (Allocation Failure) 2024-07-29T19:13:41.744+0800: 3.096: [ParNew: 641389K->19333K(707840K), 0.0078977 secs] 641389K->19333K(713984K), 0.0079572 secs] [Times: user=0.00 sys=0.00, real=0.01 secs] 
2024-07-29T19:13:41.752+0800: 3.104: Total time for which application threads were stopped: 0.0080807 seconds, Stopping threads took: 0.0000204 seconds
2024-07-29T19:13:42.427+0800: 3.778: Application time: 0.6738458 seconds
2024-07-29T19:13:42.427+0800: 3.778: [GC (Allocation Failure) 2024-07-29T19:13:42.427+0800: 3.778: [ParNew: 648581K->28864K(707840K), 0.0118830 secs] 648581K->29521K(713984K), 0.0119438 secs] [Times: user=0.00 sys=0.00, real=0.01 secs] 
2024-07-29T19:13:42.439+0800: 3.790: Total time for which application threads were stopped: 0.0120523 seconds, Stopping threads took: 0.0000200 seconds
2024-07-29T19:13:42.770+0800: 4.122: Application time: 0.3316256 seconds
2024-07-29T19:13:42.770+0800: 4.122: Total time for which application threads were stopped: 0.0001158 seconds, Stopping threads took: 0.0000794 seconds
2024-07-29T19:13:43.104+0800: 4.456: Application time: 0.3339838 seconds
2024-07-29T19:13:43.104+0800: 4.456: [GC (Allocation Failure) 2024-07-29T19:13:43.104+0800: 4.456: [ParNew: 658112K->37968K(707840K), 0.0131243 secs] 658769K->38625K(713984K), 0.0131887 secs] [Times: user=0.03 sys=0.00, real=0.01 secs] 
2024-07-29T19:13:43.118+0800: 4.469: Total time for which application threads were stopped: 0.0133073 seconds, Stopping threads took: 0.0000189 seconds
2024-07-29T19:13:43.781+0800: 5.132: Application time: 0.6630819 seconds
2024-07-29T19:13:43.781+0800: 5.133: [GC (Allocation Failure) 2024-07-29T19:13:43.781+0800: 5.133: [ParNew: 667216K->42000K(707840K), 0.0115828 secs] 667873K->42658K(713984K), 0.0117094 secs] [Times: user=0.03 sys=0.00, real=0.01 secs] 
2024-07-29T19:13:43.793+0800: 5.144: Total time for which application threads were stopped: 0.0118297 seconds, Stopping threads took: 0.0000187 seconds
2024-07-29T19:13:44.459+0800: 5.810: Application time: 0.6660934 seconds
2024-07-29T19:13:44.459+0800: 5.810: [GC (Allocation Failure) 2024-07-29T19:13:44.459+0800: 5.810: [ParNew: 671248K->45058K(707840K), 0.0108326 secs] 671906K->45716K(713984K), 0.0108945 secs] [Times: user=0.00 sys=0.00, real=0.01 secs] 
2024-07-29T19:13:44.470+0800: 5.821: Total time for which application threads were stopped: 0.0110096 seconds, Stopping threads took: 0.0000199 seconds
2024-07-29T19:13:45.137+0800: 6.489: Application time: 0.6676026 seconds
2024-07-29T19:13:45.137+0800: 6.489: [GC (Allocation Failure) 2024-07-29T19:13:45.137+0800: 6.489: [ParNew: 674306K->54280K(707840K), 0.0144584 secs] 674964K->54939K(713984K), 0.0145193 secs] [Times: user=0.03 sys=0.00, real=0.01 secs] 
2024-07-29T19:13:45.152+0800: 6.504: Total time for which application threads were stopped: 0.0146315 seconds, Stopping threads took: 0.0000194 seconds
2024-07-29T19:13:45.847+0800: 7.199: Application time: 0.6954734 seconds
2024-07-29T19:13:45.847+0800: 7.199: [GC (Allocation Failure) 2024-07-29T19:13:45.847+0800: 7.199: [ParNew: 683528K->60416K(707840K), 0.0175162 secs] 684187K->61075K(713984K), 0.0175784 secs] [Times: user=0.05 sys=0.01, real=0.02 secs] 
2024-07-29T19:13:45.865+0800: 7.217: Total time for which application threads were stopped: 0.0176903 seconds, Stopping threads took: 0.0000214 seconds
2024-07-29T19:13:46.546+0800: 7.897: Application time: 0.6806311 seconds
2024-07-29T19:13:46.546+0800: 7.898: [GC (Allocation Failure) 2024-07-29T19:13:46.546+0800: 7.898: [ParNew: 689664K->69633K(707840K), 0.0195547 secs] 690323K->70291K(713984K), 0.0196307 secs] [Times: user=0.03 sys=0.00, real=0.02 secs] 
2024-07-29T19:13:46.566+0800: 7.917: Total time for which application threads were stopped: 0.0197780 seconds, Stopping threads took: 0.0000217 seconds
2024-07-29T19:13:47.271+0800: 8.623: Application time: 0.7061983 seconds
2024-07-29T19:13:47.271+0800: 8.623: [GC (Allocation Failure) 2024-07-29T19:13:47.271+0800: 8.624: [ParNew: 698881K->77825K(707840K), 0.0187965 secs] 699539K->79507K(713984K), 0.0188593 secs] [Times: user=0.01 sys=0.02, real=0.02 secs] 
2024-07-29T19:13:47.290+0800: 8.642: Total time for which application threads were stopped: 0.0189742 seconds, Stopping threads took: 0.0000197 seconds
2024-07-29T19:13:47.972+0800: 9.324: Application time: 0.6817735 seconds
2024-07-29T19:13:47.972+0800: 9.324: [GC (Allocation Failure) 2024-07-29T19:13:47.972+0800: 9.324: [ParNew: 707073K->77825K(707840K), 0.0206493 secs] 708755K->88723K(720152K), 0.0207132 secs] [Times: user=0.08 sys=0.00, real=0.02 secs] 
2024-07-29T19:13:47.993+0800: 9.345: Total time for which application threads were stopped: 0.0208333 seconds, Stopping threads took: 0.0000214 seconds
2024-07-29T19:13:47.993+0800: 9.345: Application time: 0.0002083 seconds
2024-07-29T19:13:47.993+0800: 9.345: [GC (CMS Initial Mark) [1 CMS-initial-mark: 10898K(12312K)] 103213K(720152K), 0.0006688 secs] [Times: user=0.00 sys=0.00, real=0.00 secs] 
2024-07-29T19:13:47.994+0800: 9.346: Total time for which application threads were stopped: 0.0008218 seconds, Stopping threads took: 0.0001102 seconds
2024-07-29T19:13:47.994+0800: 9.346: [CMS-concurrent-mark-start]
2024-07-29T19:13:47.995+0800: 9.347: [CMS-concurrent-mark: 0.001/0.001 secs] [Times: user=0.00 sys=0.00, real=0.00 secs] 
2024-07-29T19:13:47.995+0800: 9.347: [CMS-concurrent-preclean-start]
2024-07-29T19:13:47.995+0800: 9.347: [CMS-concurrent-preclean: 0.000/0.000 secs] [Times: user=0.00 sys=0.00, real=0.00 secs] 
2024-07-29T19:13:47.995+0800: 9.347: [CMS-concurrent-abortable-preclean-start]
2024-07-29T19:13:48.550+0800: 9.901: [CMS-concurrent-abortable-preclean: 0.002/0.554 secs] [Times: user=0.05 sys=0.00, real=0.56 secs] 
2024-07-29T19:13:48.550+0800: 9.901: Application time: 0.5553361 seconds
2024-07-29T19:13:48.550+0800: 9.901: [GC (CMS Final Remark) [YG occupancy: 509748 K (707840 K)]2024-07-29T19:13:48.550+0800: 9.902: [Rescan (parallel) , 0.0008979 secs]2024-07-29T19:13:48.551+0800: 9.902: [weak refs processing, 0.0000141 secs]2024-07-29T19:13:48.551+0800: 9.902: [class unloading, 0.0002362 secs]2024-07-29T19:13:48.551+0800: 9.903: [scrub symbol table, 0.0003512 secs]2024-07-29T19:13:48.551+0800: 9.903: [scrub string table, 0.0001200 secs][1 CMS-remark: 10898K(12312K)] 520647K(720152K), 0.0016998 secs] [Times: user=0.02 sys=0.00, real=0.00 secs] 
2024-07-29T19:13:48.552+0800: 9.903: Total time for which application threads were stopped: 0.0018207 seconds, Stopping threads took: 0.0000734 seconds
2024-07-29T19:13:48.552+0800: 9.903: [CMS-concurrent-sweep-start]
2024-07-29T19:13:48.553+0800: 9.905: [CMS-concurrent-sweep: 0.002/0.002 secs] [Times: user=0.00 sys=0.00, real=0.00 secs] 
2024-07-29T19:13:48.554+0800: 9.905: [CMS-concurrent-reset-start]
2024-07-29T19:13:48.555+0800: 9.907: [CMS-concurrent-reset: 0.002/0.002 secs] [Times: user=0.00 sys=0.00, real=0.00 secs] 
2024-07-29T19:13:48.668+0800: 10.020: Application time: 0.1165387 seconds
2024-07-29T19:13:48.668+0800: 10.020: [GC (Allocation Failure) 2024-07-29T19:13:48.668+0800: 10.020: [ParNew: 707073K->77825K(707840K), 0.0212847 secs] 716946K->104083K(735608K), 0.0213516 secs] [Times: user=0.03 sys=0.00, real=0.02 secs] 
2024-07-29T19:13:48.690+0800: 10.041: Total time for which application threads were stopped: 0.0214586 seconds, Stopping threads took: 0.0000162 seconds
2024-07-29T19:13:48.690+0800: 10.041: Application time: 0.0001975 seconds
2024-07-29T19:13:48.690+0800: 10.042: [GC (CMS Initial Mark) [1 CMS-initial-mark: 26258K(27768K)] 118576K(735608K), 0.0004628 secs] [Times: user=0.00 sys=0.00, real=0.00 secs] 
2024-07-29T19:13:48.690+0800: 10.042: Total time for which application threads were stopped: 0.0006099 seconds, Stopping threads took: 0.0001031 seconds
2024-07-29T19:13:48.690+0800: 10.042: [CMS-concurrent-mark-start]
2024-07-29T19:13:48.691+0800: 10.043: [CMS-concurrent-mark: 0.001/0.001 secs] [Times: user=0.00 sys=0.00, real=0.00 secs] 
2024-07-29T19:13:48.691+0800: 10.043: [CMS-concurrent-preclean-start]
2024-07-29T19:13:48.692+0800: 10.043: [CMS-concurrent-preclean: 0.000/0.000 secs] [Times: user=0.02 sys=0.00, real=0.00 secs] 
2024-07-29T19:13:48.692+0800: 10.043: [CMS-concurrent-abortable-preclean-start]
2024-07-29T19:13:49.245+0800: 10.596: [CMS-concurrent-abortable-preclean: 0.001/0.553 secs] [Times: user=0.00 sys=0.00, real=0.55 secs] 
2024-07-29T19:13:49.245+0800: 10.597: Application time: 0.5547151 seconds
2024-07-29T19:13:49.245+0800: 10.597: [GC (CMS Final Remark) [YG occupancy: 509870 K (707840 K)]2024-07-29T19:13:49.245+0800: 10.597: [Rescan (parallel) , 0.0005643 secs]2024-07-29T19:13:49.246+0800: 10.597: [weak refs processing, 0.0000158 secs]2024-07-29T19:13:49.246+0800: 10.597: [class unloading, 0.0002429 secs]2024-07-29T19:13:49.246+0800: 10.598: [scrub symbol table, 0.0003453 secs]2024-07-29T19:13:49.247+0800: 10.598: [scrub string table, 0.0000929 secs][1 CMS-remark: 26258K(27768K)] 536128K(735608K), 0.0013654 secs] [Times: user=0.00 sys=0.00, real=0.00 secs] 
2024-07-29T19:13:49.247+0800: 10.598: Total time for which application threads were stopped: 0.0014517 seconds, Stopping threads took: 0.0000322 seconds
2024-07-29T19:13:49.247+0800: 10.598: [CMS-concurrent-sweep-start]
2024-07-29T19:13:49.247+0800: 10.599: [CMS-concurrent-sweep: 0.000/0.000 secs] [Times: user=0.00 sys=0.00, real=0.00 secs] 
2024-07-29T19:13:49.247+0800: 10.599: [CMS-concurrent-reset-start]
2024-07-29T19:13:49.247+0800: 10.599: [CMS-concurrent-reset: 0.000/0.000 secs] [Times: user=0.00 sys=0.00, real=0.00 secs] 
2024-07-29T19:13:49.379+0800: 10.730: Application time: 0.1320734 seconds
2024-07-29T19:13:49.379+0800: 10.730: [GC (Allocation Failure) 2024-07-29T19:13:49.379+0800: 10.730: [ParNew: 707073K->77825K(707840K), 0.0212179 secs] 724115K->118419K(750636K), 0.0212806 secs] [Times: user=0.06 sys=0.01, real=0.02 secs] 
2024-07-29T19:13:49.400+0800: 10.752: Total time for which application threads were stopped: 0.0213924 seconds, Stopping threads took: 0.0000202 seconds
2024-07-29T19:13:49.400+0800: 10.752: Application time: 0.0002158 seconds
2024-07-29T19:13:49.400+0800: 10.752: [GC (CMS Initial Mark) [1 CMS-initial-mark: 40594K(42796K)] 131884K(750636K), 0.0006460 secs] [Times: user=0.00 sys=0.00, real=0.00 secs] 
2024-07-29T19:13:49.401+0800: 10.753: Total time for which application threads were stopped: 0.0007088 seconds, Stopping threads took: 0.0000149 seconds
2024-07-29T19:13:49.401+0800: 10.753: [CMS-concurrent-mark-start]
2024-07-29T19:13:49.402+0800: 10.753: [CMS-concurrent-mark: 0.001/0.001 secs] [Times: user=0.00 sys=0.00, real=0.00 secs] 
2024-07-29T19:13:49.402+0800: 10.753: [CMS-concurrent-preclean-start]
2024-07-29T19:13:49.402+0800: 10.753: [CMS-concurrent-preclean: 0.000/0.000 secs] [Times: user=0.00 sys=0.00, real=0.00 secs] 
2024-07-29T19:13:49.402+0800: 10.753: [CMS-concurrent-abortable-preclean-start]
2024-07-29T19:13:49.955+0800: 11.306: [CMS-concurrent-abortable-preclean: 0.002/0.553 secs] [Times: user=0.06 sys=0.00, real=0.55 secs] 
2024-07-29T19:13:49.955+0800: 11.307: Application time: 0.5541968 seconds
2024-07-29T19:13:49.955+0800: 11.307: [GC (CMS Final Remark) [YG occupancy: 508695 K (707840 K)]2024-07-29T19:13:49.955+0800: 11.307: [Rescan (parallel) , 0.0003240 secs]2024-07-29T19:13:49.956+0800: 11.307: [weak refs processing, 0.0000218 secs]2024-07-29T19:13:49.956+0800: 11.307: [class unloading, 0.0002235 secs]2024-07-29T19:13:49.956+0800: 11.308: [scrub symbol table, 0.0003000 secs]2024-07-29T19:13:49.956+0800: 11.308: [scrub string table, 0.0001041 secs][1 CMS-remark: 40594K(42796K)] 549290K(750636K), 0.0010733 secs] [Times: user=0.00 sys=0.00, real=0.00 secs] 
2024-07-29T19:13:49.956+0800: 11.308: Total time for which application threads were stopped: 0.0012906 seconds, Stopping threads took: 0.0001701 seconds
2024-07-29T19:13:49.957+0800: 11.308: [CMS-concurrent-sweep-start]
2024-07-29T19:13:49.958+0800: 11.310: [CMS-concurrent-sweep: 0.001/0.001 secs] [Times: user=0.03 sys=0.00, real=0.00 secs] 
2024-07-29T19:13:49.958+0800: 11.310: [CMS-concurrent-reset-start]
2024-07-29T19:13:49.958+0800: 11.310: [CMS-concurrent-reset: 0.000/0.000 secs] [Times: user=0.00 sys=0.00, real=0.00 secs] 
2024-07-29T19:13:50.177+0800: 11.529: Application time: 0.2208416 seconds
2024-07-29T19:13:50.177+0800: 11.529: [GC (Allocation Failure) 2024-07-29T19:13:50.177+0800: 11.529: [ParNew: 707073K->77825K(707840K), 0.0218951 secs] 731283K->132755K(764000K), 0.0219565 secs] [Times: user=0.01 sys=0.02, real=0.02 secs] 
2024-07-29T19:13:50.199+0800: 11.551: Total time for which application threads were stopped: 0.0220719 seconds, Stopping threads took: 0.0000217 seconds
2024-07-29T19:13:50.199+0800: 11.551: Application time: 0.0002419 seconds
2024-07-29T19:13:50.199+0800: 11.551: [GC (CMS Initial Mark) [1 CMS-initial-mark: 54930K(56160K)] 147234K(764000K), 0.0008522 secs] [Times: user=0.00 sys=0.00, real=0.00 secs] 
2024-07-29T19:13:50.200+0800: 11.552: Total time for which application threads were stopped: 0.0009743 seconds, Stopping threads took: 0.0000764 seconds
2024-07-29T19:13:50.200+0800: 11.552: [CMS-concurrent-mark-start]
2024-07-29T19:13:50.202+0800: 11.554: [CMS-concurrent-mark: 0.002/0.002 secs] [Times: user=0.00 sys=0.00, real=0.00 secs] 
2024-07-29T19:13:50.202+0800: 11.554: [CMS-concurrent-preclean-start]
2024-07-29T19:13:50.202+0800: 11.554: [CMS-concurrent-preclean: 0.000/0.000 secs] [Times: user=0.00 sys=0.00, real=0.00 secs] 
2024-07-29T19:13:50.202+0800: 11.554: [CMS-concurrent-abortable-preclean-start]
Heap
 par new generation   total 707840K, used 400887K [0x00000000c8000000, 0x00000000f8000000, 0x00000000f8000000)
  eden space 629248K,  51% used [0x00000000c8000000, 0x00000000dbb7d9e8, 0x00000000ee680000)
  from space 78592K,  99% used [0x00000000ee680000, 0x00000000f32804c0, 0x00000000f3340000)
  to   space 78592K,   0% used [0x00000000f3340000, 0x00000000f3340000, 0x00000000f8000000)
 concurrent mark-sweep generation total 56160K, used 54930K [0x00000000f8000000, 0x00000000fb6d8000, 0x0000000100000000)
 Metaspace       used 3005K, capacity 4486K, committed 4864K, reserved 1056768K
  class space    used 310K, capacity 386K, committed 512K, reserved 1048576K
2024-07-29T19:13:50.540+0800: 11.892: Application time: 0.3395270 seconds
