OpenJDK 64-Bit Server VM (25.412-b1) for windows-amd64 JRE (1.8.0_412-b1), built on Apr 23 2024 12:00:37 by "Administrator" with MS VC++ 10.0 (VS2010)
Memory: 4k page, physical 16672068k(3896956k free), swap 19811428k(4113872k free)
CommandLine flags: -XX:-CMSParallelRemarkEnabled -XX:GCDrainStackTargetSize=64 -XX:InitialHeapSize=810758960 -XX:InitialTenuringThreshold=4 -XX:MaxHeapSize=939524096 -XX:MaxNewSize=805306368 -XX:MaxTenuringThreshold=4 -XX:NewSize=805306368 -XX:OldPLABSize=16 -XX:+PrintGC -XX:+PrintGCApplicationConcurrentTime -XX:+PrintGCApplicationStoppedTime -XX:+PrintGCDateStamps -XX:+PrintGCDetails -XX:+PrintGCTimeStamps -XX:+UseCompressedClassPointers -XX:+UseCompressedOops -XX:+UseConcMarkSweepGC -XX:-UseLargePagesIndividualAllocation -XX:+UseParNewGC 
2024-07-29T19:20:23.505+0800: 1.033: Application time: 0.9583434 seconds
2024-07-29T19:20:23.505+0800: 1.033: Total time for which application threads were stopped: 0.0001707 seconds, Stopping threads took: 0.0001007 seconds
2024-07-29T19:20:23.511+0800: 1.039: Application time: 0.0060732 seconds
2024-07-29T19:20:23.511+0800: 1.039: [GC (Allocation Failure) 2024-07-29T19:20:23.511+0800: 1.039: [ParNew: 629042K->13989K(707840K), 0.0085506 secs] 629042K->13989K(713984K), 0.0087440 secs] [Times: user=0.00 sys=0.00, real=0.01 secs] 
2024-07-29T19:20:23.520+0800: 1.048: Total time for which application threads were stopped: 0.0088743 seconds, Stopping threads took: 0.0000339 seconds
2024-07-29T19:20:24.204+0800: 1.731: Application time: 0.6831611 seconds
2024-07-29T19:20:24.204+0800: 1.731: [GC (Allocation Failure) 2024-07-29T19:20:24.204+0800: 1.731: [ParNew: 643237K->8205K(707840K), 0.0045899 secs] 643237K->8205K(713984K), 0.0046480 secs] [Times: user=0.02 sys=0.02, real=0.00 secs] 
2024-07-29T19:20:24.208+0800: 1.736: Total time for which application threads were stopped: 0.0047705 seconds, Stopping threads took: 0.0000238 seconds
2024-07-29T19:20:24.882+0800: 2.410: Application time: 0.6740812 seconds
2024-07-29T19:20:24.882+0800: 2.410: [GC (Allocation Failure) 2024-07-29T19:20:24.882+0800: 2.410: [ParNew: 637453K->12211K(707840K), 0.0023380 secs] 637453K->12211K(713984K), 0.0023920 secs] [Times: user=0.00 sys=0.00, real=0.00 secs] 
2024-07-29T19:20:24.885+0800: 2.412: Total time for which application threads were stopped: 0.0025267 seconds, Stopping threads took: 0.0000193 seconds
2024-07-29T19:20:25.562+0800: 3.090: Application time: 0.6777525 seconds
2024-07-29T19:20:25.562+0800: 3.090: [GC (Allocation Failure) 2024-07-29T19:20:25.562+0800: 3.090: [ParNew: 641459K->19467K(707840K), 0.0079785 secs] 641459K->19467K(713984K), 0.0080369 secs] [Times: user=0.02 sys=0.01, real=0.01 secs] 
2024-07-29T19:20:25.570+0800: 3.098: Total time for which application threads were stopped: 0.0081734 seconds, Stopping threads took: 0.0000203 seconds
2024-07-29T19:20:26.240+0800: 3.768: Application time: 0.6695098 seconds
2024-07-29T19:20:26.240+0800: 3.768: [GC (Allocation Failure) 2024-07-29T19:20:26.240+0800: 3.768: [ParNew: 648715K->24861K(707840K), 0.0100680 secs] 648715K->25518K(713984K), 0.0101304 secs] [Times: user=0.00 sys=0.00, real=0.01 secs] 
2024-07-29T19:20:26.250+0800: 3.778: Total time for which application threads were stopped: 0.0102649 seconds, Stopping threads took: 0.0000378 seconds
2024-07-29T19:20:26.585+0800: 4.112: Application time: 0.3343558 seconds
2024-07-29T19:20:26.585+0800: 4.112: Total time for which application threads were stopped: 0.0001353 seconds, Stopping threads took: 0.0000651 seconds
2024-07-29T19:20:26.918+0800: 4.446: Application time: 0.3336130 seconds
2024-07-29T19:20:26.918+0800: 4.446: [GC (Allocation Failure) 2024-07-29T19:20:26.918+0800: 4.446: [ParNew: 654109K->33828K(707840K), 0.0112640 secs] 654766K->34485K(713984K), 0.0113255 secs] [Times: user=0.02 sys=0.02, real=0.01 secs] 
2024-07-29T19:20:26.930+0800: 4.458: Total time for which application threads were stopped: 0.0114342 seconds, Stopping threads took: 0.0000193 seconds
2024-07-29T19:20:27.597+0800: 5.125: Application time: 0.6673604 seconds
2024-07-29T19:20:27.597+0800: 5.125: [GC (Allocation Failure) 2024-07-29T19:20:27.597+0800: 5.125: [ParNew: 663076K->39963K(707840K), 0.0120239 secs] 663733K->40620K(713984K), 0.0121648 secs] [Times: user=0.02 sys=0.00, real=0.01 secs] 
2024-07-29T19:20:27.610+0800: 5.137: Total time for which application threads were stopped: 0.0123467 seconds, Stopping threads took: 0.0000168 seconds
2024-07-29T19:20:28.274+0800: 5.802: Application time: 0.6645557 seconds
2024-07-29T19:20:28.275+0800: 5.802: [GC (Allocation Failure) 2024-07-29T19:20:28.275+0800: 5.802: [ParNew: 669211K->48128K(707840K), 0.0132086 secs] 669868K->48786K(713984K), 0.0132692 secs] [Times: user=0.03 sys=0.00, real=0.01 secs] 
2024-07-29T19:20:28.288+0800: 5.815: Total time for which application threads were stopped: 0.0133869 seconds, Stopping threads took: 0.0000202 seconds
2024-07-29T19:20:28.957+0800: 6.485: Application time: 0.6693490 seconds
2024-07-29T19:20:28.957+0800: 6.485: [GC (Allocation Failure) 2024-07-29T19:20:28.957+0800: 6.485: [ParNew: 677376K->56332K(707840K), 0.0153519 secs] 678034K->56991K(713984K), 0.0154134 secs] [Times: user=0.00 sys=0.02, real=0.02 secs] 
2024-07-29T19:20:28.973+0800: 6.500: Total time for which application threads were stopped: 0.0155460 seconds, Stopping threads took: 0.0000350 seconds
2024-07-29T19:20:29.637+0800: 7.165: Application time: 0.6647240 seconds
2024-07-29T19:20:29.637+0800: 7.165: [GC (Allocation Failure) 2024-07-29T19:20:29.638+0800: 7.165: [ParNew: 685580K->64512K(707840K), 0.0178683 secs] 686239K->65171K(713984K), 0.0179336 secs] [Times: user=0.03 sys=0.00, real=0.02 secs] 
2024-07-29T19:20:29.655+0800: 7.183: Total time for which application threads were stopped: 0.0180524 seconds, Stopping threads took: 0.0000200 seconds
2024-07-29T19:20:30.330+0800: 7.857: Application time: 0.6739639 seconds
2024-07-29T19:20:30.330+0800: 7.857: [GC (Allocation Failure) 2024-07-29T19:20:30.330+0800: 7.857: [ParNew: 693383K->76801K(707840K), 0.0194949 secs] 694041K->77459K(713984K), 0.0195559 secs] [Times: user=0.05 sys=0.02, real=0.02 secs] 
2024-07-29T19:20:30.350+0800: 7.877: Total time for which application threads were stopped: 0.0196821 seconds, Stopping threads took: 0.0000233 seconds
2024-07-29T19:20:31.022+0800: 8.549: Application time: 0.6726037 seconds
2024-07-29T19:20:31.022+0800: 8.549: [GC (Allocation Failure) 2024-07-29T19:20:31.022+0800: 8.549: [ParNew: 706049K->77825K(707840K), 0.0203266 secs] 706707K->85651K(717068K), 0.0203890 secs] [Times: user=0.02 sys=0.02, real=0.02 secs] 
2024-07-29T19:20:31.042+0800: 8.570: Total time for which application threads were stopped: 0.0205115 seconds, Stopping threads took: 0.0000230 seconds
2024-07-29T19:20:31.042+0800: 8.570: Application time: 0.0002313 seconds
2024-07-29T19:20:31.042+0800: 8.570: [GC (CMS Initial Mark) [1 CMS-initial-mark: 7826K(9228K)] 100154K(717068K), 0.0008332 secs] [Times: user=0.00 sys=0.00, real=0.00 secs] 
2024-07-29T19:20:31.043+0800: 8.571: Total time for which application threads were stopped: 0.0010116 seconds, Stopping threads took: 0.0001356 seconds
2024-07-29T19:20:31.043+0800: 8.571: [CMS-concurrent-mark-start]
2024-07-29T19:20:31.045+0800: 8.572: [CMS-concurrent-mark: 0.001/0.001 secs] [Times: user=0.00 sys=0.00, real=0.00 secs] 
2024-07-29T19:20:31.045+0800: 8.572: [CMS-concurrent-preclean-start]
2024-07-29T19:20:31.045+0800: 8.572: [CMS-concurrent-preclean: 0.000/0.000 secs] [Times: user=0.00 sys=0.00, real=0.00 secs] 
2024-07-29T19:20:31.045+0800: 8.572: [CMS-concurrent-abortable-preclean-start]
2024-07-29T19:20:31.599+0800: 9.126: [CMS-concurrent-abortable-preclean: 0.001/0.554 secs] [Times: user=0.05 sys=0.00, real=0.55 secs] 
2024-07-29T19:20:31.599+0800: 9.126: Application time: 0.5554571 seconds
2024-07-29T19:20:31.599+0800: 9.126: [GC (CMS Final Remark) [YG occupancy: 523654 K (707840 K)]2024-07-29T19:20:31.599+0800: 9.127: [Rescan (non-parallel) 2024-07-29T19:20:31.599+0800: 9.127: [grey object rescan, 0.0000345 secs]2024-07-29T19:20:31.600+0800: 9.127: [root rescan, 0.0001540 secs]2024-07-29T19:20:31.600+0800: 9.127: [visit unhandled CLDs, 0.0000132 secs]2024-07-29T19:20:31.600+0800: 9.127: [dirty klass scan, 0.0000312 secs], 0.0002734 secs]2024-07-29T19:20:31.600+0800: 9.127: [weak refs processing, 0.0000155 secs]2024-07-29T19:20:31.600+0800: 9.127: [class unloading, 0.0003415 secs]2024-07-29T19:20:31.600+0800: 9.127: [scrub symbol table, 0.0003534 secs]2024-07-29T19:20:31.600+0800: 9.128: [scrub string table, 0.0000993 secs][1 CMS-remark: 7826K(9228K)] 531480K(717068K), 0.0011599 secs] [Times: user=0.00 sys=0.00, real=0.00 secs] 
2024-07-29T19:20:31.601+0800: 9.128: Total time for which application threads were stopped: 0.0013302 seconds, Stopping threads took: 0.0001226 seconds
2024-07-29T19:20:31.601+0800: 9.128: [CMS-concurrent-sweep-start]
2024-07-29T19:20:31.602+0800: 9.129: [CMS-concurrent-sweep: 0.001/0.001 secs] [Times: user=0.00 sys=0.00, real=0.00 secs] 
2024-07-29T19:20:31.602+0800: 9.129: [CMS-concurrent-reset-start]
2024-07-29T19:20:31.604+0800: 9.131: [CMS-concurrent-reset: 0.001/0.001 secs] [Times: user=0.00 sys=0.00, real=0.00 secs] 
2024-07-29T19:20:31.715+0800: 9.242: Application time: 0.1146344 seconds
2024-07-29T19:20:31.715+0800: 9.242: [GC (Allocation Failure) 2024-07-29T19:20:31.715+0800: 9.242: [ParNew: 707073K->77825K(707840K), 0.0198126 secs] 714898K->99987K(731164K), 0.0198830 secs] [Times: user=0.03 sys=0.00, real=0.02 secs] 
2024-07-29T19:20:31.735+0800: 9.262: Total time for which application threads were stopped: 0.0199977 seconds, Stopping threads took: 0.0000186 seconds
2024-07-29T19:20:31.735+0800: 9.262: Application time: 0.0001755 seconds
2024-07-29T19:20:31.735+0800: 9.263: [GC (CMS Initial Mark) [1 CMS-initial-mark: 22161K(23324K)] 114535K(731164K), 0.0007152 secs] [Times: user=0.00 sys=0.00, real=0.00 secs] 
2024-07-29T19:20:31.736+0800: 9.263: Total time for which application threads were stopped: 0.0008502 seconds, Stopping threads took: 0.0000925 seconds
2024-07-29T19:20:31.736+0800: 9.263: [CMS-concurrent-mark-start]
2024-07-29T19:20:31.737+0800: 9.264: [CMS-concurrent-mark: 0.001/0.001 secs] [Times: user=0.00 sys=0.00, real=0.00 secs] 
2024-07-29T19:20:31.737+0800: 9.264: [CMS-concurrent-preclean-start]
2024-07-29T19:20:31.737+0800: 9.264: [CMS-concurrent-preclean: 0.000/0.000 secs] [Times: user=0.00 sys=0.00, real=0.00 secs] 
2024-07-29T19:20:31.737+0800: 9.265: [CMS-concurrent-abortable-preclean-start]
2024-07-29T19:20:32.293+0800: 9.820: [CMS-concurrent-abortable-preclean: 0.002/0.556 secs] [Times: user=0.00 sys=0.02, real=0.56 secs] 
2024-07-29T19:20:32.293+0800: 9.821: Application time: 0.5572762 seconds
2024-07-29T19:20:32.294+0800: 9.821: [GC (CMS Final Remark) [YG occupancy: 505264 K (707840 K)]2024-07-29T19:20:32.294+0800: 9.821: [Rescan (non-parallel) 2024-07-29T19:20:32.294+0800: 9.821: [grey object rescan, 0.0000424 secs]2024-07-29T19:20:32.294+0800: 9.821: [root rescan, 0.0001393 secs]2024-07-29T19:20:32.294+0800: 9.821: [visit unhandled CLDs, 0.0000079 secs]2024-07-29T19:20:32.294+0800: 9.821: [dirty klass scan, 0.0000316 secs], 0.0002517 secs]2024-07-29T19:20:32.294+0800: 9.821: [weak refs processing, 0.0000111 secs]2024-07-29T19:20:32.294+0800: 9.821: [class unloading, 0.0002147 secs]2024-07-29T19:20:32.294+0800: 9.821: [scrub symbol table, 0.0003088 secs]2024-07-29T19:20:32.295+0800: 9.822: [scrub string table, 0.0001072 secs][1 CMS-remark: 22161K(23324K)] 527426K(731164K), 0.0009616 secs] [Times: user=0.00 sys=0.00, real=0.00 secs] 
2024-07-29T19:20:32.295+0800: 9.822: Total time for which application threads were stopped: 0.0011412 seconds, Stopping threads took: 0.0001352 seconds
2024-07-29T19:20:32.295+0800: 9.822: [CMS-concurrent-sweep-start]
2024-07-29T19:20:32.296+0800: 9.823: [CMS-concurrent-sweep: 0.001/0.001 secs] [Times: user=0.00 sys=0.00, real=0.00 secs] 
2024-07-29T19:20:32.296+0800: 9.823: [CMS-concurrent-reset-start]
2024-07-29T19:20:32.296+0800: 9.824: [CMS-concurrent-reset: 0.000/0.000 secs] [Times: user=0.00 sys=0.00, real=0.00 secs] 
2024-07-29T19:20:32.514+0800: 10.042: Application time: 0.2199299 seconds
2024-07-29T19:20:32.514+0800: 10.042: [GC (Allocation Failure) 2024-07-29T19:20:32.514+0800: 10.042: [ParNew: 706183K->77825K(707840K), 0.0238879 secs] 721177K->120467K(752364K), 0.0239551 secs] [Times: user=0.06 sys=0.00, real=0.02 secs] 
2024-07-29T19:20:32.538+0800: 10.066: Total time for which application threads were stopped: 0.0240680 seconds, Stopping threads took: 0.0000214 seconds
2024-07-29T19:20:32.539+0800: 10.066: Application time: 0.0002239 seconds
2024-07-29T19:20:32.539+0800: 10.066: [GC (CMS Initial Mark) [1 CMS-initial-mark: 42642K(44524K)] 134947K(752364K), 0.0008050 secs] [Times: user=0.00 sys=0.00, real=0.00 secs] 
2024-07-29T19:20:32.540+0800: 10.067: Total time for which application threads were stopped: 0.0009947 seconds, Stopping threads took: 0.0001474 seconds
2024-07-29T19:20:32.540+0800: 10.067: [CMS-concurrent-mark-start]
2024-07-29T19:20:32.541+0800: 10.068: [CMS-concurrent-mark: 0.001/0.001 secs] [Times: user=0.00 sys=0.00, real=0.00 secs] 
2024-07-29T19:20:32.541+0800: 10.068: [CMS-concurrent-preclean-start]
2024-07-29T19:20:32.541+0800: 10.069: [CMS-concurrent-preclean: 0.000/0.000 secs] [Times: user=0.00 sys=0.00, real=0.00 secs] 
2024-07-29T19:20:32.541+0800: 10.069: [CMS-concurrent-abortable-preclean-start]
2024-07-29T19:20:33.095+0800: 10.622: [CMS-concurrent-abortable-preclean: 0.002/0.554 secs] [Times: user=0.06 sys=0.00, real=0.55 secs] 
2024-07-29T19:20:33.095+0800: 10.623: Application time: 0.5556003 seconds
2024-07-29T19:20:33.095+0800: 10.623: [GC (CMS Final Remark) [YG occupancy: 603648 K (707840 K)]2024-07-29T19:20:33.095+0800: 10.623: [Rescan (non-parallel) 2024-07-29T19:20:33.095+0800: 10.623: [grey object rescan, 0.0000779 secs]2024-07-29T19:20:33.096+0800: 10.623: [root rescan, 0.0001445 secs]2024-07-29T19:20:33.096+0800: 10.623: [visit unhandled CLDs, 0.0000076 secs]2024-07-29T19:20:33.096+0800: 10.623: [dirty klass scan, 0.0000307 secs], 0.0002940 secs]2024-07-29T19:20:33.096+0800: 10.623: [weak refs processing, 0.0000106 secs]2024-07-29T19:20:33.096+0800: 10.623: [class unloading, 0.0002154 secs]2024-07-29T19:20:33.096+0800: 10.623: [scrub symbol table, 0.0003094 secs]2024-07-29T19:20:33.096+0800: 10.624: [scrub string table, 0.0000913 secs][1 CMS-remark: 42642K(44524K)] 646290K(752364K), 0.0009912 secs] [Times: user=0.00 sys=0.00, real=0.00 secs] 
2024-07-29T19:20:33.096+0800: 10.624: Total time for which application threads were stopped: 0.0012105 seconds, Stopping threads took: 0.0001655 seconds
2024-07-29T19:20:33.097+0800: 10.624: [CMS-concurrent-sweep-start]
2024-07-29T19:20:33.098+0800: 10.625: [CMS-concurrent-sweep: 0.001/0.001 secs] [Times: user=0.03 sys=0.00, real=0.00 secs] 
2024-07-29T19:20:33.098+0800: 10.626: [CMS-concurrent-reset-start]
2024-07-29T19:20:33.098+0800: 10.626: [CMS-concurrent-reset: 0.000/0.000 secs] [Times: user=0.00 sys=0.00, real=0.00 secs] 
2024-07-29T19:20:33.220+0800: 10.748: Application time: 0.1239113 seconds
2024-07-29T19:20:33.220+0800: 10.748: [GC (Allocation Failure) 2024-07-29T19:20:33.220+0800: 10.748: [ParNew: 707073K->77825K(707840K), 0.0263330 secs] 735379K->141971K(774552K), 0.0264088 secs] [Times: user=0.06 sys=0.00, real=0.03 secs] 
2024-07-29T19:20:33.246+0800: 10.774: Total time for which application threads were stopped: 0.0265219 seconds, Stopping threads took: 0.0000215 seconds
2024-07-29T19:20:33.247+0800: 10.774: Application time: 0.0001252 seconds
2024-07-29T19:20:33.247+0800: 10.775: [GC (CMS Initial Mark) [1 CMS-initial-mark: 64146K(66712K)] 156505K(774552K), 0.0008189 secs] [Times: user=0.00 sys=0.00, real=0.00 secs] 
2024-07-29T19:20:33.248+0800: 10.775: Total time for which application threads were stopped: 0.0009809 seconds, Stopping threads took: 0.0001196 seconds
2024-07-29T19:20:33.248+0800: 10.775: [CMS-concurrent-mark-start]
2024-07-29T19:20:33.249+0800: 10.776: [CMS-concurrent-mark: 0.001/0.001 secs] [Times: user=0.00 sys=0.00, real=0.00 secs] 
2024-07-29T19:20:33.249+0800: 10.776: [CMS-concurrent-preclean-start]
2024-07-29T19:20:33.249+0800: 10.777: [CMS-concurrent-preclean: 0.000/0.000 secs] [Times: user=0.00 sys=0.00, real=0.00 secs] 
2024-07-29T19:20:33.249+0800: 10.777: [CMS-concurrent-abortable-preclean-start]
2024-07-29T19:20:33.799+0800: 11.326: [CMS-concurrent-abortable-preclean: 0.001/0.549 secs] [Times: user=0.06 sys=0.00, real=0.55 secs] 
2024-07-29T19:20:33.799+0800: 11.326: Application time: 0.5506658 seconds
2024-07-29T19:20:33.799+0800: 11.326: [GC (CMS Final Remark) [YG occupancy: 586293 K (707840 K)]2024-07-29T19:20:33.799+0800: 11.326: [Rescan (non-parallel) 2024-07-29T19:20:33.799+0800: 11.326: [grey object rescan, 0.0000964 secs]2024-07-29T19:20:33.799+0800: 11.326: [root rescan, 0.0002086 secs]2024-07-29T19:20:33.799+0800: 11.326: [visit unhandled CLDs, 0.0000163 secs]2024-07-29T19:20:33.799+0800: 11.326: [dirty klass scan, 0.0000353 secs], 0.0003982 secs]2024-07-29T19:20:33.799+0800: 11.327: [weak refs processing, 0.0000115 secs]2024-07-29T19:20:33.799+0800: 11.327: [class unloading, 0.0002182 secs]2024-07-29T19:20:33.799+0800: 11.327: [scrub symbol table, 0.0003416 secs]2024-07-29T19:20:33.799+0800: 11.327: [scrub string table, 0.0001101 secs][1 CMS-remark: 64146K(66712K)] 650440K(774552K), 0.0011580 secs] [Times: user=0.00 sys=0.00, real=0.00 secs] 
2024-07-29T19:20:33.799+0800: 11.327: Total time for which application threads were stopped: 0.0012231 seconds, Stopping threads took: 0.0000220 seconds
2024-07-29T19:20:33.800+0800: 11.327: [CMS-concurrent-sweep-start]
2024-07-29T19:20:33.800+0800: 11.328: [CMS-concurrent-sweep: 0.000/0.000 secs] [Times: user=0.00 sys=0.00, real=0.00 secs] 
2024-07-29T19:20:33.800+0800: 11.328: [CMS-concurrent-reset-start]
2024-07-29T19:20:33.800+0800: 11.328: [CMS-concurrent-reset: 0.000/0.000 secs] [Times: user=0.00 sys=0.00, real=0.00 secs] 
2024-07-29T19:20:33.925+0800: 11.452: Application time: 0.1248234 seconds
2024-07-29T19:20:33.925+0800: 11.452: [GC (Allocation Failure) 2024-07-29T19:20:33.925+0800: 11.452: [ParNew: 707073K->77825K(707840K), 0.0266784 secs] 743571K->162452K(794084K), 0.0267463 secs] [Times: user=0.05 sys=0.01, real=0.03 secs] 
2024-07-29T19:20:33.952+0800: 11.479: Total time for which application threads were stopped: 0.0268604 seconds, Stopping threads took: 0.0000201 seconds
2024-07-29T19:20:33.952+0800: 11.479: Application time: 0.0002577 seconds
2024-07-29T19:20:33.952+0800: 11.479: [GC (CMS Initial Mark) [1 CMS-initial-mark: 84626K(86244K)] 176924K(794084K), 0.0006380 secs] [Times: user=0.00 sys=0.00, real=0.00 secs] 
2024-07-29T19:20:33.953+0800: 11.480: Total time for which application threads were stopped: 0.0008175 seconds, Stopping threads took: 0.0001390 seconds
2024-07-29T19:20:33.953+0800: 11.480: [CMS-concurrent-mark-start]
2024-07-29T19:20:33.954+0800: 11.482: [CMS-concurrent-mark: 0.001/0.001 secs] [Times: user=0.00 sys=0.00, real=0.00 secs] 
2024-07-29T19:20:33.954+0800: 11.482: [CMS-concurrent-preclean-start]
2024-07-29T19:20:33.955+0800: 11.482: [CMS-concurrent-preclean: 0.000/0.000 secs] [Times: user=0.00 sys=0.00, real=0.00 secs] 
2024-07-29T19:20:33.955+0800: 11.482: [CMS-concurrent-abortable-preclean-start]
2024-07-29T19:20:33.955+0800: 11.482: [CMS-concurrent-abortable-preclean: 0.000/0.000 secs] [Times: user=0.00 sys=0.00, real=0.00 secs] 
2024-07-29T19:20:33.955+0800: 11.482: Application time: 0.0023401 seconds
2024-07-29T19:20:33.955+0800: 11.483: [GC (CMS Final Remark) [YG occupancy: 119193 K (707840 K)]2024-07-29T19:20:33.955+0800: 11.483: [Rescan (non-parallel) 2024-07-29T19:20:33.955+0800: 11.483: [grey object rescan, 0.0001125 secs]2024-07-29T19:20:33.955+0800: 11.483: [root rescan, 0.0000400 secs]2024-07-29T19:20:33.955+0800: 11.483: [visit unhandled CLDs, 0.0000074 secs]2024-07-29T19:20:33.955+0800: 11.483: [dirty klass scan, 0.0000145 secs], 0.0002030 secs]2024-07-29T19:20:33.955+0800: 11.483: [weak refs processing, 0.0000095 secs]2024-07-29T19:20:33.955+0800: 11.483: [class unloading, 0.0002318 secs]2024-07-29T19:20:33.956+0800: 11.483: [scrub symbol table, 0.0003161 secs]2024-07-29T19:20:33.956+0800: 11.483: [scrub string table, 0.0000904 secs][1 CMS-remark: 84626K(86244K)] 203819K(794084K), 0.0009103 secs] [Times: user=0.00 sys=0.00, real=0.00 secs] 
2024-07-29T19:20:33.956+0800: 11.483: Total time for which application threads were stopped: 0.0010623 seconds, Stopping threads took: 0.0001085 seconds
2024-07-29T19:20:33.956+0800: 11.484: [CMS-concurrent-sweep-start]
2024-07-29T19:20:33.957+0800: 11.485: [CMS-concurrent-sweep: 0.001/0.001 secs] [Times: user=0.00 sys=0.00, real=0.00 secs] 
2024-07-29T19:20:33.957+0800: 11.485: [CMS-concurrent-reset-start]
2024-07-29T19:20:33.958+0800: 11.485: [CMS-concurrent-reset: 0.000/0.000 secs] [Times: user=0.03 sys=0.00, real=0.00 secs] 
Heap
 par new generation   total 707840K, used 387289K [0x00000000c8000000, 0x00000000f8000000, 0x00000000f8000000)
  eden space 629248K,  49% used [0x00000000c8000000, 0x00000000dae36138, 0x00000000ee680000)
  from space 78592K,  99% used [0x00000000ee680000, 0x00000000f32804c0, 0x00000000f3340000)
  to   space 78592K,   0% used [0x00000000f3340000, 0x00000000f3340000, 0x00000000f8000000)
 concurrent mark-sweep generation total 86244K, used 48786K [0x00000000f8000000, 0x00000000fd439000, 0x0000000100000000)
 Metaspace       used 3005K, capacity 4486K, committed 4864K, reserved 1056768K
  class space    used 310K, capacity 386K, committed 512K, reserved 1048576K
2024-07-29T19:20:34.285+0800: 11.812: Application time: 0.3289570 seconds
