OpenJDK 64-Bit Server VM (25.412-b1) for windows-amd64 JRE (1.8.0_412-b1), built on Apr 23 2024 12:00:37 by "Administrator" with MS VC++ 10.0 (VS2010)
Memory: 4k page, physical 16672068k(5699364k free), swap 19933956k(3752904k free)
CommandLine flags: -XX:CMSFullGCsBeforeCompaction=1 -XX:GCDrainStackTargetSize=64 -XX:InitialHeapSize=266753088 -XX:MaxHeapSize=939524096 -XX:MaxNewSize=313176064 -XX:MaxTenuringThreshold=6 -XX:OldPLABSize=16 -XX:+PrintGC -XX:+PrintGCApplicationConcurrentTime -XX:+PrintGCApplicationStoppedTime -XX:+PrintGCDateStamps -XX:+PrintGCDetails -XX:+PrintGCTimeStamps -XX:+UseCMSCompactAtFullCollection -XX:+UseCompressedClassPointers -XX:+UseCompressedOops -XX:+UseConcMarkSweepGC -XX:-UseLargePagesIndividualAllocation -XX:+UseParNewGC 
2024-07-28T21:31:43.485+0800: 0.114: Application time: 0.0380949 seconds
2024-07-28T21:31:43.485+0800: 0.114: [GC (Allocation Failure) 2024-07-28T21:31:43.485+0800: 0.114: [ParNew: 68984K->7903K(78656K), 0.0378354 secs] 68984K->68322K(253440K), 0.0379962 secs] [Times: user=0.09 sys=0.00, real=0.04 secs] 
2024-07-28T21:31:43.523+0800: 0.152: Total time for which application threads were stopped: 0.0381345 seconds, Stopping threads took: 0.0000207 seconds
2024-07-28T21:31:43.643+0800: 0.271: Application time: 0.1190144 seconds
2024-07-28T21:31:43.643+0800: 0.271: [GC (Allocation Failure) 2024-07-28T21:31:43.643+0800: 0.271: [ParNew: 76873K->8536K(78656K), 0.0260151 secs] 137292K->137191K(253440K), 0.0260795 secs] [Times: user=0.09 sys=0.05, real=0.03 secs] 
2024-07-28T21:31:43.669+0800: 0.297: Total time for which application threads were stopped: 0.0261994 seconds, Stopping threads took: 0.0000250 seconds
2024-07-28T21:31:43.669+0800: 0.297: Application time: 0.0002730 seconds
2024-07-28T21:31:43.669+0800: 0.297: [GC (CMS Initial Mark) [1 CMS-initial-mark: 128655K(174784K)] 140618K(253440K), 0.0007862 secs] [Times: user=0.00 sys=0.00, real=0.00 secs] 
2024-07-28T21:31:43.670+0800: 0.298: Total time for which application threads were stopped: 0.0008893 seconds, Stopping threads took: 0.0000608 seconds
2024-07-28T21:31:43.670+0800: 0.298: [CMS-concurrent-mark-start]
2024-07-28T21:31:43.674+0800: 0.302: [CMS-concurrent-mark: 0.003/0.003 secs] [Times: user=0.00 sys=0.00, real=0.00 secs] 
2024-07-28T21:31:43.674+0800: 0.302: [CMS-concurrent-preclean-start]
2024-07-28T21:31:43.675+0800: 0.303: [CMS-concurrent-preclean: 0.001/0.001 secs] [Times: user=0.00 sys=0.00, real=0.00 secs] 
2024-07-28T21:31:43.675+0800: 0.303: [CMS-concurrent-abortable-preclean-start]
2024-07-28T21:31:43.780+0800: 0.408: Application time: 0.1097855 seconds
2024-07-28T21:31:43.780+0800: 0.408: [GC (Allocation Failure) 2024-07-28T21:31:43.780+0800: 0.408: [ParNew: 77499K->28K(78656K), 0.0010822 secs] 206155K->128686K(253440K), 0.0011469 secs] [Times: user=0.00 sys=0.00, real=0.00 secs] 
2024-07-28T21:31:43.781+0800: 0.409: Total time for which application threads were stopped: 0.0012742 seconds, Stopping threads took: 0.0000206 seconds
2024-07-28T21:31:43.786+0800: 0.414: Application time: 0.0047503 seconds
2024-07-28T21:31:43.786+0800: 0.414: [GC (Allocation Failure) 2024-07-28T21:31:43.786+0800: 0.414: [ParNew: 68997K->8196K(78656K), 0.0270371 secs] 197655K->197271K(268860K), 0.0270869 secs] [Times: user=0.03 sys=0.00, real=0.03 secs] 
2024-07-28T21:31:43.813+0800: 0.441: Total time for which application threads were stopped: 0.0271910 seconds, Stopping threads took: 0.0000152 seconds
2024-07-28T21:31:43.924+0800: 0.551: Application time: 0.1102757 seconds
2024-07-28T21:31:43.924+0800: 0.551: [GC (Allocation Failure) 2024-07-28T21:31:43.924+0800: 0.552: [ParNew: 77168K->8192K(78656K), 0.0266536 secs] 266242K->265877K(337736K), 0.0267313 secs] [Times: user=0.06 sys=0.05, real=0.03 secs] 
2024-07-28T21:31:43.951+0800: 0.578: Total time for which application threads were stopped: 0.0268416 seconds, Stopping threads took: 0.0000197 seconds
2024-07-28T21:31:43.951+0800: 0.578: [CMS-concurrent-abortable-preclean: 0.003/0.276 secs] [Times: user=0.11 sys=0.06, real=0.28 secs] 
2024-07-28T21:31:43.951+0800: 0.579: Application time: 0.0003049 seconds
2024-07-28T21:31:43.951+0800: 0.579: [GC (CMS Final Remark) [YG occupancy: 12652 K (78656 K)]2024-07-28T21:31:43.951+0800: 0.579: [Rescan (parallel) , 0.0008644 secs]2024-07-28T21:31:43.952+0800: 0.580: [weak refs processing, 0.0000216 secs]2024-07-28T21:31:43.952+0800: 0.580: [class unloading, 0.0002196 secs]2024-07-28T21:31:43.952+0800: 0.580: [scrub symbol table, 0.0003601 secs]2024-07-28T21:31:43.953+0800: 0.580: [scrub string table, 0.0001033 secs][1 CMS-remark: 257684K(259080K)] 270337K(337736K), 0.0016936 secs] [Times: user=0.00 sys=0.00, real=0.00 secs] 
2024-07-28T21:31:43.953+0800: 0.580: Total time for which application threads were stopped: 0.0018992 seconds, Stopping threads took: 0.0001664 seconds
2024-07-28T21:31:43.953+0800: 0.581: [CMS-concurrent-sweep-start]
2024-07-28T21:31:43.955+0800: 0.582: [CMS-concurrent-sweep: 0.001/0.001 secs] [Times: user=0.00 sys=0.00, real=0.00 secs] 
2024-07-28T21:31:43.956+0800: 0.584: [CMS-concurrent-reset-start]
2024-07-28T21:31:43.960+0800: 0.588: [CMS-concurrent-reset: 0.004/0.004 secs] [Times: user=0.02 sys=0.02, real=0.00 secs] 
2024-07-28T21:31:44.064+0800: 0.692: Application time: 0.1110936 seconds
2024-07-28T21:31:44.064+0800: 0.692: [GC (Allocation Failure) 2024-07-28T21:31:44.064+0800: 0.692: [ParNew: 77165K->1024K(78656K), 0.0012753 secs] 334849K->258707K(508132K), 0.0013513 secs] [Times: user=0.00 sys=0.00, real=0.00 secs] 
2024-07-28T21:31:44.066+0800: 0.693: Total time for which application threads were stopped: 0.0014664 seconds, Stopping threads took: 0.0000220 seconds
2024-07-28T21:31:44.066+0800: 0.693: Application time: 0.0002641 seconds
2024-07-28T21:31:44.066+0800: 0.693: [GC (CMS Initial Mark) [1 CMS-initial-mark: 257683K(429476K)] 262145K(508132K), 0.0006988 secs] [Times: user=0.00 sys=0.00, real=0.00 secs] 
2024-07-28T21:31:44.067+0800: 0.694: Total time for which application threads were stopped: 0.0008806 seconds, Stopping threads took: 0.0001403 seconds
2024-07-28T21:31:44.067+0800: 0.694: [CMS-concurrent-mark-start]
2024-07-28T21:31:44.070+0800: 0.697: [CMS-concurrent-mark: 0.003/0.003 secs] [Times: user=0.05 sys=0.00, real=0.00 secs] 
2024-07-28T21:31:44.070+0800: 0.697: [CMS-concurrent-preclean-start]
2024-07-28T21:31:44.071+0800: 0.698: [CMS-concurrent-preclean: 0.001/0.001 secs] [Times: user=0.00 sys=0.00, real=0.00 secs] 
2024-07-28T21:31:44.071+0800: 0.699: [CMS-concurrent-abortable-preclean-start]
2024-07-28T21:31:44.072+0800: 0.699: Application time: 0.0047897 seconds
2024-07-28T21:31:44.072+0800: 0.699: [GC (Allocation Failure) 2024-07-28T21:31:44.072+0800: 0.699: [ParNew: 69998K->8192K(78656K), 0.0358138 secs] 327682K->327317K(508132K), 0.0358623 secs] [Times: user=0.05 sys=0.02, real=0.04 secs] 
2024-07-28T21:31:44.107+0800: 0.735: Total time for which application threads were stopped: 0.0359551 seconds, Stopping threads took: 0.0000120 seconds
2024-07-28T21:31:44.222+0800: 0.850: Application time: 0.1152825 seconds
2024-07-28T21:31:44.222+0800: 0.850: [GC (Allocation Failure) 2024-07-28T21:31:44.222+0800: 0.850: [ParNew: 77167K->8192K(78656K), 0.0387152 secs] 396292K->395926K(508132K), 0.0387880 secs] [Times: user=0.08 sys=0.02, real=0.04 secs] 
2024-07-28T21:31:44.261+0800: 0.889: Total time for which application threads were stopped: 0.0389234 seconds, Stopping threads took: 0.0000207 seconds
2024-07-28T21:31:44.261+0800: 0.889: [CMS-concurrent-abortable-preclean: 0.003/0.191 secs] [Times: user=0.13 sys=0.03, real=0.19 secs] 
2024-07-28T21:31:44.261+0800: 0.889: Application time: 0.0001651 seconds
2024-07-28T21:31:44.261+0800: 0.889: [GC (CMS Final Remark) [YG occupancy: 11630 K (78656 K)]2024-07-28T21:31:44.261+0800: 0.889: [Rescan (parallel) , 0.0004106 secs]2024-07-28T21:31:44.262+0800: 0.890: [weak refs processing, 0.0000274 secs]2024-07-28T21:31:44.262+0800: 0.890: [class unloading, 0.0001735 secs]2024-07-28T21:31:44.262+0800: 0.890: [scrub symbol table, 0.0003139 secs]2024-07-28T21:31:44.262+0800: 0.890: [scrub string table, 0.0000950 secs][1 CMS-remark: 387733K(429476K)] 399364K(508132K), 0.0011018 secs] [Times: user=0.00 sys=0.00, real=0.00 secs] 
2024-07-28T21:31:44.263+0800: 0.891: Total time for which application threads were stopped: 0.0012197 seconds, Stopping threads took: 0.0000610 seconds
2024-07-28T21:31:44.263+0800: 0.891: [CMS-concurrent-sweep-start]
2024-07-28T21:31:44.264+0800: 0.892: [CMS-concurrent-sweep: 0.001/0.001 secs] [Times: user=0.00 sys=0.00, real=0.00 secs] 
2024-07-28T21:31:44.264+0800: 0.892: [CMS-concurrent-reset-start]
2024-07-28T21:31:44.265+0800: 0.893: [CMS-concurrent-reset: 0.001/0.001 secs] [Times: user=0.00 sys=0.00, real=0.00 secs] 
2024-07-28T21:31:44.377+0800: 1.005: Application time: 0.1147118 seconds
2024-07-28T21:31:44.377+0800: 1.005: [GC (Allocation Failure) 2024-07-28T21:31:44.377+0800: 1.005: [ParNew: 77167K->2048K(78656K), 0.0012846 secs] 207873K->132754K(508132K), 0.0013580 secs] [Times: user=0.00 sys=0.00, real=0.00 secs] 
2024-07-28T21:31:44.379+0800: 1.007: Total time for which application threads were stopped: 0.0015165 seconds, Stopping threads took: 0.0000301 seconds
2024-07-28T21:31:44.384+0800: 1.012: Application time: 0.0047995 seconds
2024-07-28T21:31:44.384+0800: 1.012: [GC (Allocation Failure) 2024-07-28T21:31:44.384+0800: 1.012: [ParNew: 71024K->8192K(78656K), 0.0276270 secs] 201730K->201363K(508132K), 0.0276850 secs] [Times: user=0.01 sys=0.01, real=0.03 secs] 
2024-07-28T21:31:44.411+0800: 1.039: Total time for which application threads were stopped: 0.0277924 seconds, Stopping threads took: 0.0000178 seconds
2024-07-28T21:31:44.412+0800: 1.040: Application time: 0.0002341 seconds
2024-07-28T21:31:44.412+0800: 1.040: [GC (CMS Initial Mark) [1 CMS-initial-mark: 193170K(429476K)] 204802K(508132K), 0.0006134 secs] [Times: user=0.00 sys=0.00, real=0.00 secs] 
2024-07-28T21:31:44.412+0800: 1.040: Total time for which application threads were stopped: 0.0007645 seconds, Stopping threads took: 0.0001085 seconds
2024-07-28T21:31:44.412+0800: 1.040: [CMS-concurrent-mark-start]
2024-07-28T21:31:44.415+0800: 1.043: [CMS-concurrent-mark: 0.002/0.002 secs] [Times: user=0.00 sys=0.00, real=0.00 secs] 
2024-07-28T21:31:44.415+0800: 1.043: [CMS-concurrent-preclean-start]
2024-07-28T21:31:44.415+0800: 1.043: [CMS-concurrent-preclean: 0.001/0.001 secs] [Times: user=0.00 sys=0.00, real=0.00 secs] 
2024-07-28T21:31:44.415+0800: 1.043: [CMS-concurrent-abortable-preclean-start]
2024-07-28T21:31:44.523+0800: 1.151: Application time: 0.1101881 seconds
2024-07-28T21:31:44.523+0800: 1.151: [GC (Allocation Failure) 2024-07-28T21:31:44.523+0800: 1.151: [ParNew: 77168K->8192K(78656K), 0.0137475 secs] 270339K->269972K(508132K), 0.0138148 secs] [Times: user=0.03 sys=0.00, real=0.01 secs] 
2024-07-28T21:31:44.537+0800: 1.164: Total time for which application threads were stopped: 0.0139306 seconds, Stopping threads took: 0.0000198 seconds
2024-07-28T21:31:44.645+0800: 1.274: Application time: 0.1090259 seconds
2024-07-28T21:31:44.645+0800: 1.274: [GC (Allocation Failure) 2024-07-28T21:31:44.645+0800: 1.274: [ParNew: 77168K->3072K(78656K), 0.0015396 secs] 338948K->264852K(508132K), 0.0016004 secs] [Times: user=0.00 sys=0.00, real=0.00 secs] 
2024-07-28T21:31:44.647+0800: 1.275: Total time for which application threads were stopped: 0.0017121 seconds, Stopping threads took: 0.0000195 seconds
2024-07-28T21:31:44.652+0800: 1.280: Application time: 0.0047235 seconds
2024-07-28T21:31:44.652+0800: 1.280: [GC (Allocation Failure) 2024-07-28T21:31:44.652+0800: 1.280: [ParNew: 72048K->8192K(78656K), 0.0121466 secs] 333828K->333461K(508132K), 0.0122134 secs] [Times: user=0.03 sys=0.00, real=0.01 secs] 
2024-07-28T21:31:44.664+0800: 1.292: Total time for which application threads were stopped: 0.0123206 seconds, Stopping threads took: 0.0000179 seconds
2024-07-28T21:31:44.664+0800: 1.292: [CMS-concurrent-abortable-preclean: 0.005/0.249 secs] [Times: user=0.06 sys=0.00, real=0.25 secs] 
2024-07-28T21:31:44.664+0800: 1.293: Application time: 0.0003279 seconds
2024-07-28T21:31:44.664+0800: 1.293: [GC (CMS Final Remark) [YG occupancy: 13679 K (78656 K)]2024-07-28T21:31:44.664+0800: 1.293: [Rescan (parallel) , 0.0007015 secs]2024-07-28T21:31:44.665+0800: 1.293: [weak refs processing, 0.0000129 secs]2024-07-28T21:31:44.665+0800: 1.293: [class unloading, 0.0001824 secs]2024-07-28T21:31:44.665+0800: 1.294: [scrub symbol table, 0.0003467 secs]2024-07-28T21:31:44.666+0800: 1.294: [scrub string table, 0.0001072 secs][1 CMS-remark: 325268K(429476K)] 338948K(508132K), 0.0014292 secs] [Times: user=0.00 sys=0.00, real=0.00 secs] 
2024-07-28T21:31:44.666+0800: 1.294: Total time for which application threads were stopped: 0.0015243 seconds, Stopping threads took: 0.0000501 seconds
2024-07-28T21:31:44.666+0800: 1.294: [CMS-concurrent-sweep-start]
2024-07-28T21:31:44.668+0800: 1.296: [CMS-concurrent-sweep: 0.002/0.002 secs] [Times: user=0.00 sys=0.00, real=0.00 secs] 
2024-07-28T21:31:44.668+0800: 1.296: [CMS-concurrent-reset-start]
2024-07-28T21:31:44.668+0800: 1.297: [CMS-concurrent-reset: 0.001/0.001 secs] [Times: user=0.00 sys=0.00, real=0.00 secs] 
2024-07-28T21:31:44.787+0800: 1.415: Application time: 0.1206051 seconds
2024-07-28T21:31:44.787+0800: 1.415: [GC (Allocation Failure) 2024-07-28T21:31:44.787+0800: 1.415: [ParNew: 77168K->8192K(78656K), 0.0128744 secs] 272387K->272020K(508132K), 0.0129536 secs] [Times: user=0.00 sys=0.00, real=0.01 secs] 
2024-07-28T21:31:44.799+0800: 1.428: Total time for which application threads were stopped: 0.0130660 seconds, Stopping threads took: 0.0000197 seconds
2024-07-28T21:31:44.800+0800: 1.428: Application time: 0.0001888 seconds
2024-07-28T21:31:44.800+0800: 1.428: [GC (CMS Initial Mark) [1 CMS-initial-mark: 263828K(429476K)] 275459K(508132K), 0.0004817 secs] [Times: user=0.00 sys=0.00, real=0.00 secs] 
2024-07-28T21:31:44.800+0800: 1.429: Total time for which application threads were stopped: 0.0006649 seconds, Stopping threads took: 0.0001405 seconds
2024-07-28T21:31:44.800+0800: 1.429: [CMS-concurrent-mark-start]
2024-07-28T21:31:44.804+0800: 1.433: [CMS-concurrent-mark: 0.004/0.004 secs] [Times: user=0.05 sys=0.00, real=0.00 secs] 
2024-07-28T21:31:44.804+0800: 1.433: [CMS-concurrent-preclean-start]
2024-07-28T21:31:44.805+0800: 1.434: [CMS-concurrent-preclean: 0.001/0.001 secs] [Times: user=0.00 sys=0.00, real=0.00 secs] 
2024-07-28T21:31:44.805+0800: 1.434: [CMS-concurrent-abortable-preclean-start]
2024-07-28T21:31:44.912+0800: 1.540: Application time: 0.1111542 seconds
2024-07-28T21:31:44.912+0800: 1.540: [GC (Allocation Failure) 2024-07-28T21:31:44.912+0800: 1.540: [ParNew: 77543K->3076K(78656K), 0.0015821 secs] 341371K->266904K(508132K), 0.0016345 secs] [Times: user=0.00 sys=0.00, real=0.00 secs] 
2024-07-28T21:31:44.913+0800: 1.542: Total time for which application threads were stopped: 0.0017621 seconds, Stopping threads took: 0.0000252 seconds
2024-07-28T21:31:44.918+0800: 1.546: Application time: 0.0047686 seconds
2024-07-28T21:31:44.918+0800: 1.546: [GC (Allocation Failure) 2024-07-28T21:31:44.918+0800: 1.546: [ParNew: 72042K->8196K(78656K), 0.0127060 secs] 335870K->335513K(508132K), 0.0127633 secs] [Times: user=0.03 sys=0.00, real=0.01 secs] 
2024-07-28T21:31:44.931+0800: 1.559: Total time for which application threads were stopped: 0.0128819 seconds, Stopping threads took: 0.0000171 seconds
2024-07-28T21:31:45.039+0800: 1.667: Application time: 0.1082091 seconds
2024-07-28T21:31:45.039+0800: 1.668: [GC (Allocation Failure) 2024-07-28T21:31:45.039+0800: 1.668: [ParNew: 77166K->8192K(78656K), 0.0131985 secs] 404483K->404118K(508132K), 0.0132663 secs] [Times: user=0.03 sys=0.00, real=0.01 secs] 
2024-07-28T21:31:45.053+0800: 1.681: Total time for which application threads were stopped: 0.0135735 seconds, Stopping threads took: 0.0000198 seconds
2024-07-28T21:31:45.053+0800: 1.681: [CMS-concurrent-abortable-preclean: 0.005/0.247 secs] [Times: user=0.06 sys=0.00, real=0.25 secs] 
2024-07-28T21:31:45.053+0800: 1.681: Application time: 0.0002173 seconds
2024-07-28T21:31:45.053+0800: 1.681: [GC (CMS Final Remark) [YG occupancy: 11627 K (78656 K)]2024-07-28T21:31:45.053+0800: 1.681: [Rescan (parallel) , 0.0009871 secs]2024-07-28T21:31:45.054+0800: 1.682: [weak refs processing, 0.0000133 secs]2024-07-28T21:31:45.054+0800: 1.682: [class unloading, 0.0002315 secs]2024-07-28T21:31:45.054+0800: 1.683: [scrub symbol table, 0.0003239 secs]2024-07-28T21:31:45.055+0800: 1.683: [scrub string table, 0.0000901 secs][1 CMS-remark: 395926K(429476K)] 407553K(508132K), 0.0017340 secs] [Times: user=0.00 sys=0.00, real=0.00 secs] 
2024-07-28T21:31:45.055+0800: 1.683: Total time for which application threads were stopped: 0.0018930 seconds, Stopping threads took: 0.0001184 seconds
2024-07-28T21:31:45.055+0800: 1.683: [CMS-concurrent-sweep-start]
2024-07-28T21:31:45.057+0800: 1.685: [CMS-concurrent-sweep: 0.002/0.002 secs] [Times: user=0.00 sys=0.00, real=0.00 secs] 
2024-07-28T21:31:45.057+0800: 1.685: [CMS-concurrent-reset-start]
2024-07-28T21:31:45.058+0800: 1.687: [CMS-concurrent-reset: 0.001/0.001 secs] [Times: user=0.00 sys=0.00, real=0.00 secs] 
2024-07-28T21:31:45.163+0800: 1.791: Application time: 0.1075618 seconds
2024-07-28T21:31:45.163+0800: 1.791: [GC (Allocation Failure) 2024-07-28T21:31:45.163+0800: 1.791: [ParNew: 77164K->4096K(78656K), 0.0019610 secs] 342016K->268948K(520080K), 0.0020178 secs] [Times: user=0.00 sys=0.00, real=0.00 secs] 
2024-07-28T21:31:45.165+0800: 1.793: Total time for which application threads were stopped: 0.0021353 seconds, Stopping threads took: 0.0000205 seconds
2024-07-28T21:31:45.165+0800: 1.793: Application time: 0.0001170 seconds
2024-07-28T21:31:45.166+0800: 1.793: [GC (CMS Initial Mark) [1 CMS-initial-mark: 264852K(441424K)] 272385K(520080K), 0.0003138 secs] [Times: user=0.00 sys=0.00, real=0.00 secs] 
2024-07-28T21:31:45.166+0800: 1.793: Total time for which application threads were stopped: 0.0004492 seconds, Stopping threads took: 0.0000913 seconds
2024-07-28T21:31:45.166+0800: 1.793: [CMS-concurrent-mark-start]
2024-07-28T21:31:45.170+0800: 1.797: [CMS-concurrent-mark: 0.004/0.004 secs] [Times: user=0.00 sys=0.00, real=0.00 secs] 
2024-07-28T21:31:45.170+0800: 1.797: [CMS-concurrent-preclean-start]
2024-07-28T21:31:45.171+0800: 1.798: [CMS-concurrent-preclean: 0.001/0.001 secs] [Times: user=0.00 sys=0.00, real=0.00 secs] 
2024-07-28T21:31:45.171+0800: 1.798: [CMS-concurrent-abortable-preclean-start]
2024-07-28T21:31:45.171+0800: 1.799: Application time: 0.0055367 seconds
2024-07-28T21:31:45.172+0800: 1.799: [GC (Allocation Failure) 2024-07-28T21:31:45.172+0800: 1.799: [ParNew: 73070K->8192K(78656K), 0.0126867 secs] 337922K->337557K(520080K), 0.0127370 secs] [Times: user=0.03 sys=0.00, real=0.01 secs] 
2024-07-28T21:31:45.184+0800: 1.812: Total time for which application threads were stopped: 0.0128411 seconds, Stopping threads took: 0.0000203 seconds
2024-07-28T21:31:45.307+0800: 1.934: Application time: 0.1222096 seconds
2024-07-28T21:31:45.307+0800: 1.934: [GC (Allocation Failure) 2024-07-28T21:31:45.307+0800: 1.934: [ParNew: 77866K->8196K(78656K), 0.0129609 secs] 407231K->406170K(520080K), 0.0130250 secs] [Times: user=0.03 sys=0.00, real=0.01 secs] 
2024-07-28T21:31:45.320+0800: 1.947: Total time for which application threads were stopped: 0.0131490 seconds, Stopping threads took: 0.0000191 seconds
2024-07-28T21:31:45.429+0800: 2.057: Application time: 0.1094943 seconds
2024-07-28T21:31:45.429+0800: 2.057: [GC (Allocation Failure) 2024-07-28T21:31:45.429+0800: 2.057: [ParNew: 77166K->5124K(78656K), 0.0019941 secs] 475140K->403098K(520080K), 0.0020510 secs] [Times: user=0.00 sys=0.00, real=0.00 secs] 
2024-07-28T21:31:45.431+0800: 2.059: Total time for which application threads were stopped: 0.0021588 seconds, Stopping threads took: 0.0000189 seconds
2024-07-28T21:31:45.436+0800: 2.063: Application time: 0.0044515 seconds
2024-07-28T21:31:45.436+0800: 2.063: [GC (Allocation Failure) 2024-07-28T21:31:45.436+0800: 2.063: [ParNew: 74096K->8192K(78656K), 0.0267514 secs] 472071K->471703K(542696K), 0.0268067 secs] [Times: user=0.03 sys=0.03, real=0.03 secs] 
2024-07-28T21:31:45.463+0800: 2.090: Total time for which application threads were stopped: 0.0269565 seconds, Stopping threads took: 0.0000171 seconds
2024-07-28T21:31:45.463+0800: 2.090: [CMS-concurrent-abortable-preclean: 0.004/0.292 secs] [Times: user=0.09 sys=0.03, real=0.29 secs] 
2024-07-28T21:31:45.463+0800: 2.091: Application time: 0.0003462 seconds
2024-07-28T21:31:45.463+0800: 2.091: [GC (CMS Final Remark) [YG occupancy: 12653 K (78656 K)]2024-07-28T21:31:45.463+0800: 2.091: [Rescan (parallel) , 0.0006650 secs]2024-07-28T21:31:45.464+0800: 2.092: [weak refs processing, 0.0000136 secs]2024-07-28T21:31:45.464+0800: 2.092: [class unloading, 0.0002249 secs]2024-07-28T21:31:45.464+0800: 2.092: [scrub symbol table, 0.0003632 secs]2024-07-28T21:31:45.465+0800: 2.092: [scrub string table, 0.0001120 secs][1 CMS-remark: 463511K(464040K)] 476164K(542696K), 0.0014518 secs] [Times: user=0.00 sys=0.00, real=0.00 secs] 
2024-07-28T21:31:45.465+0800: 2.092: Total time for which application threads were stopped: 0.0016780 seconds, Stopping threads took: 0.0001845 seconds
2024-07-28T21:31:45.465+0800: 2.093: [CMS-concurrent-sweep-start]
2024-07-28T21:31:45.467+0800: 2.094: [CMS-concurrent-sweep: 0.002/0.002 secs] [Times: user=0.00 sys=0.00, real=0.00 secs] 
2024-07-28T21:31:45.467+0800: 2.094: [CMS-concurrent-reset-start]
2024-07-28T21:31:45.467+0800: 2.095: [CMS-concurrent-reset: 0.001/0.001 secs] [Times: user=0.00 sys=0.00, real=0.00 secs] 
2024-07-28T21:31:45.572+0800: 2.200: Application time: 0.1074000 seconds
2024-07-28T21:31:45.572+0800: 2.200: [GC (Allocation Failure) 2024-07-28T21:31:45.572+0800: 2.200: [ParNew: 77166K->8192K(78656K), 0.0125537 secs] 276481K->276116K(542696K), 0.0126150 secs] [Times: user=0.03 sys=0.00, real=0.01 secs] 
2024-07-28T21:31:45.584+0800: 2.212: Total time for which application threads were stopped: 0.0127382 seconds, Stopping threads took: 0.0000213 seconds
2024-07-28T21:31:45.585+0800: 2.213: Application time: 0.0002148 seconds
2024-07-28T21:31:45.585+0800: 2.213: [GC (CMS Initial Mark) [1 CMS-initial-mark: 267924K(464040K)] 279554K(542696K), 0.0008281 secs] [Times: user=0.00 sys=0.00, real=0.00 secs] 
2024-07-28T21:31:45.586+0800: 2.214: Total time for which application threads were stopped: 0.0009619 seconds, Stopping threads took: 0.0000882 seconds
2024-07-28T21:31:45.586+0800: 2.214: [CMS-concurrent-mark-start]
2024-07-28T21:31:45.589+0800: 2.218: [CMS-concurrent-mark: 0.004/0.004 secs] [Times: user=0.00 sys=0.00, real=0.00 secs] 
2024-07-28T21:31:45.590+0800: 2.218: [CMS-concurrent-preclean-start]
2024-07-28T21:31:45.591+0800: 2.219: [CMS-concurrent-preclean: 0.001/0.001 secs] [Times: user=0.00 sys=0.00, real=0.00 secs] 
2024-07-28T21:31:45.591+0800: 2.219: [CMS-concurrent-abortable-preclean-start]
2024-07-28T21:31:45.696+0800: 2.324: Application time: 0.1101119 seconds
2024-07-28T21:31:45.696+0800: 2.324: [GC (Allocation Failure) 2024-07-28T21:31:45.696+0800: 2.324: [ParNew: 77167K->6144K(78656K), 0.0019769 secs] 345091K->274068K(542696K), 0.0020295 secs] [Times: user=0.00 sys=0.00, real=0.00 secs] 
2024-07-28T21:31:45.698+0800: 2.326: Total time for which application threads were stopped: 0.0021518 seconds, Stopping threads took: 0.0000264 seconds
2024-07-28T21:31:45.703+0800: 2.330: Application time: 0.0044051 seconds
2024-07-28T21:31:45.703+0800: 2.330: [GC (Allocation Failure) 2024-07-28T21:31:45.703+0800: 2.330: [ParNew: 75119K->8192K(78656K), 0.0118959 secs] 343043K->342677K(542696K), 0.0119438 secs] [Times: user=0.03 sys=0.00, real=0.01 secs] 
2024-07-28T21:31:45.715+0800: 2.342: Total time for which application threads were stopped: 0.0120442 seconds, Stopping threads took: 0.0000132 seconds
2024-07-28T21:31:45.823+0800: 2.451: Application time: 0.1087781 seconds
2024-07-28T21:31:45.823+0800: 2.451: [GC (Allocation Failure) 2024-07-28T21:31:45.823+0800: 2.451: [ParNew: 77622K->8196K(78656K), 0.0122084 secs] 412108K->411290K(542696K), 0.0122690 secs] [Times: user=0.03 sys=0.00, real=0.01 secs] 
2024-07-28T21:31:45.835+0800: 2.463: Total time for which application threads were stopped: 0.0123782 seconds, Stopping threads took: 0.0000172 seconds
2024-07-28T21:31:45.836+0800: 2.464: [CMS-concurrent-abortable-preclean: 0.006/0.245 secs] [Times: user=0.06 sys=0.00, real=0.24 secs] 
2024-07-28T21:31:45.836+0800: 2.464: Application time: 0.0002810 seconds
2024-07-28T21:31:45.836+0800: 2.464: [GC (CMS Final Remark) [YG occupancy: 11632 K (78656 K)]2024-07-28T21:31:45.836+0800: 2.464: [Rescan (parallel) , 0.0007499 secs]2024-07-28T21:31:45.837+0800: 2.465: [weak refs processing, 0.0000130 secs]2024-07-28T21:31:45.837+0800: 2.465: [class unloading, 0.0002051 secs]2024-07-28T21:31:45.837+0800: 2.465: [scrub symbol table, 0.0003437 secs]2024-07-28T21:31:45.837+0800: 2.465: [scrub string table, 0.0001006 secs][1 CMS-remark: 403094K(464040K)] 414726K(542696K), 0.0014857 secs] [Times: user=0.00 sys=0.00, real=0.00 secs] 
2024-07-28T21:31:45.837+0800: 2.465: Total time for which application threads were stopped: 0.0016102 seconds, Stopping threads took: 0.0000846 seconds
2024-07-28T21:31:45.838+0800: 2.466: [CMS-concurrent-sweep-start]
2024-07-28T21:31:45.839+0800: 2.467: [CMS-concurrent-sweep: 0.001/0.001 secs] [Times: user=0.00 sys=0.00, real=0.00 secs] 
2024-07-28T21:31:45.839+0800: 2.467: [CMS-concurrent-reset-start]
2024-07-28T21:31:45.840+0800: 2.468: [CMS-concurrent-reset: 0.001/0.001 secs] [Times: user=0.00 sys=0.00, real=0.00 secs] 
2024-07-28T21:31:45.946+0800: 2.574: Application time: 0.1090694 seconds
2024-07-28T21:31:45.946+0800: 2.575: [GC (Allocation Failure) 2024-07-28T21:31:45.946+0800: 2.575: [ParNew: 77169K->7168K(78656K), 0.0023146 secs] 347141K->277140K(542696K), 0.0023727 secs] [Times: user=0.00 sys=0.00, real=0.00 secs] 
2024-07-28T21:31:45.949+0800: 2.577: Total time for which application threads were stopped: 0.0024849 seconds, Stopping threads took: 0.0000197 seconds
2024-07-28T21:31:45.953+0800: 2.581: Application time: 0.0044159 seconds
2024-07-28T21:31:45.953+0800: 2.581: [GC (Allocation Failure) 2024-07-28T21:31:45.953+0800: 2.581: [ParNew: 76142K->8192K(78656K), 0.0132499 secs] 346114K->345749K(542696K), 0.0133133 secs] [Times: user=0.03 sys=0.00, real=0.01 secs] 
2024-07-28T21:31:45.966+0800: 2.595: Total time for which application threads were stopped: 0.0134140 seconds, Stopping threads took: 0.0000156 seconds
2024-07-28T21:31:45.967+0800: 2.595: Application time: 0.0001916 seconds
2024-07-28T21:31:45.967+0800: 2.595: [GC (CMS Initial Mark) [1 CMS-initial-mark: 337557K(464040K)] 349187K(542696K), 0.0008536 secs] [Times: user=0.00 sys=0.00, real=0.00 secs] 
2024-07-28T21:31:45.968+0800: 2.596: Total time for which application threads were stopped: 0.0010464 seconds, Stopping threads took: 0.0001509 seconds
2024-07-28T21:31:45.968+0800: 2.596: [CMS-concurrent-mark-start]
2024-07-28T21:31:45.970+0800: 2.598: [CMS-concurrent-mark: 0.002/0.002 secs] [Times: user=0.00 sys=0.00, real=0.00 secs] 
2024-07-28T21:31:45.970+0800: 2.598: [CMS-concurrent-preclean-start]
2024-07-28T21:31:45.971+0800: 2.599: [CMS-concurrent-preclean: 0.001/0.001 secs] [Times: user=0.00 sys=0.00, real=0.00 secs] 
2024-07-28T21:31:45.971+0800: 2.599: [CMS-concurrent-abortable-preclean-start]
2024-07-28T21:31:46.076+0800: 2.704: Application time: 0.1075951 seconds
2024-07-28T21:31:46.076+0800: 2.704: [GC (Allocation Failure) 2024-07-28T21:31:46.076+0800: 2.704: [ParNew: 77167K->8192K(78656K), 0.0154151 secs] 414724K->414358K(542696K), 0.0154884 secs] [Times: user=0.03 sys=0.00, real=0.02 secs] 
2024-07-28T21:31:46.092+0800: 2.719: Total time for which application threads were stopped: 0.0156201 seconds, Stopping threads took: 0.0000342 seconds
2024-07-28T21:31:46.200+0800: 2.828: Application time: 0.1091257 seconds
2024-07-28T21:31:46.200+0800: 2.828: [GC (Allocation Failure) 2024-07-28T21:31:46.200+0800: 2.828: [ParNew: 77167K->8192K(78656K), 0.0023307 secs] 483334K->414358K(542696K), 0.0023981 secs] [Times: user=0.00 sys=0.00, real=0.00 secs] 
2024-07-28T21:31:46.203+0800: 2.831: Total time for which application threads were stopped: 0.0025070 seconds, Stopping threads took: 0.0000189 seconds
2024-07-28T21:31:46.208+0800: 2.836: Application time: 0.0051810 seconds
2024-07-28T21:31:46.208+0800: 2.836: [GC (Allocation Failure) 2024-07-28T21:31:46.208+0800: 2.836: [ParNew: 77168K->8192K(78656K), 0.0180521 secs] 483334K->482967K(554004K), 0.0181097 secs] [Times: user=0.02 sys=0.02, real=0.02 secs] 
2024-07-28T21:31:46.226+0800: 2.854: Total time for which application threads were stopped: 0.0182186 seconds, Stopping threads took: 0.0000176 seconds
2024-07-28T21:31:46.226+0800: 2.854: [CMS-concurrent-abortable-preclean: 0.006/0.255 secs] [Times: user=0.06 sys=0.02, real=0.26 secs] 
2024-07-28T21:31:46.227+0800: 2.855: Application time: 0.0003637 seconds
2024-07-28T21:31:46.227+0800: 2.855: [GC (CMS Final Remark) [YG occupancy: 13679 K (78656 K)]2024-07-28T21:31:46.227+0800: 2.855: [Rescan (parallel) , 0.0006944 secs]2024-07-28T21:31:46.227+0800: 2.856: [weak refs processing, 0.0000132 secs]2024-07-28T21:31:46.227+0800: 2.856: [class unloading, 0.0002359 secs]2024-07-28T21:31:46.228+0800: 2.856: [scrub symbol table, 0.0003491 secs]2024-07-28T21:31:46.228+0800: 2.856: [scrub string table, 0.0001011 secs][1 CMS-remark: 474775K(475348K)] 488455K(554004K), 0.0014621 secs] [Times: user=0.00 sys=0.00, real=0.00 secs] 
2024-07-28T21:31:46.228+0800: 2.856: Total time for which application threads were stopped: 0.0016215 seconds, Stopping threads took: 0.0001184 seconds
2024-07-28T21:31:46.228+0800: 2.856: [CMS-concurrent-sweep-start]
2024-07-28T21:31:46.230+0800: 2.858: [CMS-concurrent-sweep: 0.001/0.001 secs] [Times: user=0.00 sys=0.00, real=0.00 secs] 
2024-07-28T21:31:46.230+0800: 2.858: [CMS-concurrent-reset-start]
2024-07-28T21:31:46.231+0800: 2.859: [CMS-concurrent-reset: 0.001/0.001 secs] [Times: user=0.00 sys=0.00, real=0.00 secs] 
2024-07-28T21:31:46.342+0800: 2.970: Application time: 0.1134550 seconds
2024-07-28T21:31:46.342+0800: 2.970: [GC (Allocation Failure) 2024-07-28T21:31:46.342+0800: 2.970: [ParNew: 77168K->8192K(78656K), 0.0137529 secs] 282627K->282260K(554004K), 0.0138214 secs] [Times: user=0.03 sys=0.00, real=0.01 secs] 
2024-07-28T21:31:46.356+0800: 2.984: Total time for which application threads were stopped: 0.0139493 seconds, Stopping threads took: 0.0000203 seconds
2024-07-28T21:31:46.356+0800: 2.984: Application time: 0.0001169 seconds
2024-07-28T21:31:46.356+0800: 2.984: [GC (CMS Initial Mark) [1 CMS-initial-mark: 274068K(475348K)] 285700K(554004K), 0.0007029 secs] [Times: user=0.00 sys=0.00, real=0.00 secs] 
2024-07-28T21:31:46.357+0800: 2.985: Total time for which application threads were stopped: 0.0008757 seconds, Stopping threads took: 0.0001271 seconds
2024-07-28T21:31:46.357+0800: 2.985: [CMS-concurrent-mark-start]
2024-07-28T21:31:46.361+0800: 2.989: [CMS-concurrent-mark: 0.004/0.004 secs] [Times: user=0.00 sys=0.00, real=0.00 secs] 
2024-07-28T21:31:46.361+0800: 2.989: [CMS-concurrent-preclean-start]
2024-07-28T21:31:46.362+0800: 2.990: [CMS-concurrent-preclean: 0.001/0.001 secs] [Times: user=0.00 sys=0.00, real=0.00 secs] 
2024-07-28T21:31:46.362+0800: 2.990: [CMS-concurrent-abortable-preclean-start]
2024-07-28T21:31:46.466+0800: 3.093: Application time: 0.1087617 seconds
2024-07-28T21:31:46.466+0800: 3.094: [GC (Allocation Failure) 2024-07-28T21:31:46.466+0800: 3.094: [ParNew: 77168K->8192K(78656K), 0.0031694 secs] 351237K->283284K(554004K), 0.0032434 secs] [Times: user=0.00 sys=0.00, real=0.00 secs] 
2024-07-28T21:31:46.469+0800: 3.097: Total time for which application threads were stopped: 0.0033576 seconds, Stopping threads took: 0.0000214 seconds
2024-07-28T21:31:46.474+0800: 3.102: Application time: 0.0051200 seconds
2024-07-28T21:31:46.474+0800: 3.102: [GC (Allocation Failure) 2024-07-28T21:31:46.474+0800: 3.102: [ParNew: 77168K->8192K(78656K), 0.0163297 secs] 352261K->351893K(554004K), 0.0163906 secs] [Times: user=0.03 sys=0.00, real=0.02 secs] 
2024-07-28T21:31:46.490+0800: 3.118: Total time for which application threads were stopped: 0.0164993 seconds, Stopping threads took: 0.0000185 seconds
2024-07-28T21:31:46.607+0800: 3.235: Application time: 0.1164192 seconds
2024-07-28T21:31:46.607+0800: 3.235: [GC (Allocation Failure) 2024-07-28T21:31:46.607+0800: 3.235: [ParNew: 77168K->8192K(78656K), 0.0164171 secs] 420870K->420502K(554004K), 0.0165189 secs] [Times: user=0.03 sys=0.00, real=0.02 secs] 
2024-07-28T21:31:46.624+0800: 3.251: Total time for which application threads were stopped: 0.0166444 seconds, Stopping threads took: 0.0000324 seconds
2024-07-28T21:31:46.746+0800: 3.374: Application time: 0.1223100 seconds
2024-07-28T21:31:46.746+0800: 3.374: [GC (Allocation Failure) 2024-07-28T21:31:46.746+0800: 3.374: [ParNew: 77168K->8192K(78656K), 0.0035995 secs] 489479K->422550K(554004K), 0.0036714 secs] [Times: user=0.00 sys=0.00, real=0.00 secs] 
2024-07-28T21:31:46.750+0800: 3.378: Total time for which application threads were stopped: 0.0038685 seconds, Stopping threads took: 0.0000356 seconds
2024-07-28T21:31:46.750+0800: 3.378: [CMS-concurrent-abortable-preclean: 0.010/0.388 secs] [Times: user=0.09 sys=0.00, real=0.39 secs] 
2024-07-28T21:31:46.750+0800: 3.378: Application time: 0.0003071 seconds
2024-07-28T21:31:46.750+0800: 3.378: [GC (CMS Final Remark) [YG occupancy: 11631 K (78656 K)]2024-07-28T21:31:46.750+0800: 3.378: [Rescan (parallel) , 0.0005742 secs]2024-07-28T21:31:46.751+0800: 3.379: [weak refs processing, 0.0000141 secs]2024-07-28T21:31:46.751+0800: 3.379: [class unloading, 0.0004169 secs]2024-07-28T21:31:46.751+0800: 3.379: [scrub symbol table, 0.0005589 secs]2024-07-28T21:31:46.752+0800: 3.380: [scrub string table, 0.0001659 secs][1 CMS-remark: 414358K(475348K)] 425990K(554004K), 0.0018472 secs] [Times: user=0.00 sys=0.00, real=0.00 secs] 
2024-07-28T21:31:46.752+0800: 3.380: Total time for which application threads were stopped: 0.0020330 seconds, Stopping threads took: 0.0001099 seconds
2024-07-28T21:31:46.752+0800: 3.380: [CMS-concurrent-sweep-start]
2024-07-28T21:31:46.754+0800: 3.382: [CMS-concurrent-sweep: 0.002/0.002 secs] [Times: user=0.00 sys=0.00, real=0.00 secs] 
2024-07-28T21:31:46.754+0800: 3.382: [CMS-concurrent-reset-start]
2024-07-28T21:31:46.756+0800: 3.384: [CMS-concurrent-reset: 0.002/0.002 secs] [Times: user=0.03 sys=0.00, real=0.00 secs] 
2024-07-28T21:31:46.759+0800: 3.387: Application time: 0.0064954 seconds
2024-07-28T21:31:46.759+0800: 3.387: [GC (Allocation Failure) 2024-07-28T21:31:46.759+0800: 3.387: [ParNew: 77168K->8192K(78656K), 0.0154187 secs] 355333K->354965K(554004K), 0.0154834 secs] [Times: user=0.03 sys=0.00, real=0.02 secs] 
2024-07-28T21:31:46.775+0800: 3.402: Total time for which application threads were stopped: 0.0156285 seconds, Stopping threads took: 0.0000220 seconds
2024-07-28T21:31:46.775+0800: 3.402: Application time: 0.0002183 seconds
2024-07-28T21:31:46.775+0800: 3.403: [GC (CMS Initial Mark) [1 CMS-initial-mark: 346773K(475348K)] 358405K(554004K), 0.0005471 secs] [Times: user=0.00 sys=0.00, real=0.00 secs] 
2024-07-28T21:31:46.776+0800: 3.403: Total time for which application threads were stopped: 0.0008014 seconds, Stopping threads took: 0.0001933 seconds
2024-07-28T21:31:46.776+0800: 3.403: [CMS-concurrent-mark-start]
2024-07-28T21:31:46.779+0800: 3.406: [CMS-concurrent-mark: 0.003/0.003 secs] [Times: user=0.00 sys=0.00, real=0.00 secs] 
2024-07-28T21:31:46.779+0800: 3.406: [CMS-concurrent-preclean-start]
2024-07-28T21:31:46.780+0800: 3.407: [CMS-concurrent-preclean: 0.001/0.001 secs] [Times: user=0.00 sys=0.00, real=0.00 secs] 
2024-07-28T21:31:46.780+0800: 3.407: [CMS-concurrent-abortable-preclean-start]
2024-07-28T21:31:46.890+0800: 3.518: Application time: 0.1147098 seconds
2024-07-28T21:31:46.890+0800: 3.518: [GC (Allocation Failure) 2024-07-28T21:31:46.890+0800: 3.518: [ParNew: 77168K->8192K(78656K), 0.0151357 secs] 423942K->423574K(554004K), 0.0151936 secs] [Times: user=0.03 sys=0.00, real=0.01 secs] 
2024-07-28T21:31:46.905+0800: 3.533: Total time for which application threads were stopped: 0.0153216 seconds, Stopping threads took: 0.0000312 seconds
2024-07-28T21:31:47.014+0800: 3.642: Application time: 0.1088993 seconds
2024-07-28T21:31:47.014+0800: 3.642: [GC (Allocation Failure) 2024-07-28T21:31:47.014+0800: 3.642: [ParNew: 77168K->8192K(78656K), 0.0031979 secs] 492551K->426646K(554004K), 0.0032628 secs] [Times: user=0.00 sys=0.00, real=0.00 secs] 
2024-07-28T21:31:47.018+0800: 3.646: Total time for which application threads were stopped: 0.0033735 seconds, Stopping threads took: 0.0000193 seconds
2024-07-28T21:31:47.018+0800: 3.646: [CMS-concurrent-abortable-preclean: 0.005/0.238 secs] [Times: user=0.05 sys=0.00, real=0.24 secs] 
2024-07-28T21:31:47.018+0800: 3.646: Application time: 0.0003559 seconds
2024-07-28T21:31:47.018+0800: 3.646: [GC (CMS Final Remark) [YG occupancy: 13679 K (78656 K)]2024-07-28T21:31:47.018+0800: 3.646: [Rescan (parallel) , 0.0006325 secs]2024-07-28T21:31:47.019+0800: 3.647: [weak refs processing, 0.0000131 secs]2024-07-28T21:31:47.019+0800: 3.647: [class unloading, 0.0001928 secs]2024-07-28T21:31:47.019+0800: 3.647: [scrub symbol table, 0.0003548 secs]2024-07-28T21:31:47.019+0800: 3.647: [scrub string table, 0.0001191 secs][1 CMS-remark: 418454K(475348K)] 432134K(554004K), 0.0013755 secs] [Times: user=0.02 sys=0.00, real=0.00 secs] 
2024-07-28T21:31:47.020+0800: 3.647: Total time for which application threads were stopped: 0.0015509 seconds, Stopping threads took: 0.0001385 seconds
2024-07-28T21:31:47.020+0800: 3.648: [CMS-concurrent-sweep-start]
2024-07-28T21:31:47.022+0800: 3.649: [CMS-concurrent-sweep: 0.002/0.002 secs] [Times: user=0.00 sys=0.00, real=0.00 secs] 
2024-07-28T21:31:47.022+0800: 3.650: [CMS-concurrent-reset-start]
2024-07-28T21:31:47.023+0800: 3.651: [CMS-concurrent-reset: 0.002/0.002 secs] [Times: user=0.00 sys=0.00, real=0.00 secs] 
2024-07-28T21:31:47.024+0800: 3.652: Application time: 0.0047974 seconds
2024-07-28T21:31:47.024+0800: 3.652: [GC (Allocation Failure) 2024-07-28T21:31:47.024+0800: 3.652: [ParNew: 77168K->8192K(78656K), 0.0126904 secs] 220163K->219795K(554004K), 0.0127393 secs] [Times: user=0.02 sys=0.00, real=0.01 secs] 
2024-07-28T21:31:47.037+0800: 3.665: Total time for which application threads were stopped: 0.0128523 seconds, Stopping threads took: 0.0000136 seconds
2024-07-28T21:31:47.038+0800: 3.665: Application time: 0.0001785 seconds
2024-07-28T21:31:47.038+0800: 3.665: [GC (CMS Initial Mark) [1 CMS-initial-mark: 211603K(475348K)] 223235K(554004K), 0.0007560 secs] [Times: user=0.00 sys=0.00, real=0.00 secs] 
2024-07-28T21:31:47.039+0800: 3.666: Total time for which application threads were stopped: 0.0009341 seconds, Stopping threads took: 0.0001183 seconds
2024-07-28T21:31:47.039+0800: 3.666: [CMS-concurrent-mark-start]
2024-07-28T21:31:47.040+0800: 3.668: [CMS-concurrent-mark: 0.002/0.002 secs] [Times: user=0.00 sys=0.00, real=0.00 secs] 
2024-07-28T21:31:47.040+0800: 3.668: [CMS-concurrent-preclean-start]
2024-07-28T21:31:47.041+0800: 3.669: [CMS-concurrent-preclean: 0.001/0.001 secs] [Times: user=0.00 sys=0.00, real=0.00 secs] 
2024-07-28T21:31:47.041+0800: 3.669: [CMS-concurrent-abortable-preclean-start]
2024-07-28T21:31:47.158+0800: 3.785: Application time: 0.1191467 seconds
2024-07-28T21:31:47.158+0800: 3.785: [GC (Allocation Failure) 2024-07-28T21:31:47.158+0800: 3.785: [ParNew: 77168K->8192K(78656K), 0.0143942 secs] 288772K->288404K(554004K), 0.0144538 secs] [Times: user=0.03 sys=0.00, real=0.01 secs] 
2024-07-28T21:31:47.172+0800: 3.800: Total time for which application threads were stopped: 0.0145672 seconds, Stopping threads took: 0.0000203 seconds
2024-07-28T21:31:47.281+0800: 3.909: Application time: 0.1086727 seconds
2024-07-28T21:31:47.281+0800: 3.909: [GC (Allocation Failure) 2024-07-28T21:31:47.281+0800: 3.909: [ParNew: 77464K->8196K(78656K), 0.0033983 secs] 357676K->292504K(554004K), 0.0034635 secs] [Times: user=0.00 sys=0.00, real=0.00 secs] 
2024-07-28T21:31:47.284+0800: 3.912: Total time for which application threads were stopped: 0.0036218 seconds, Stopping threads took: 0.0000331 seconds
2024-07-28T21:31:47.284+0800: 3.912: [CMS-concurrent-abortable-preclean: 0.006/0.244 secs] [Times: user=0.03 sys=0.00, real=0.24 secs] 
2024-07-28T21:31:47.285+0800: 3.913: Application time: 0.0004556 seconds
2024-07-28T21:31:47.285+0800: 3.913: [GC (CMS Final Remark) [YG occupancy: 11633 K (78656 K)]2024-07-28T21:31:47.285+0800: 3.913: [Rescan (parallel) , 0.0006725 secs]2024-07-28T21:31:47.286+0800: 3.914: [weak refs processing, 0.0000141 secs]2024-07-28T21:31:47.286+0800: 3.914: [class unloading, 0.0002362 secs]2024-07-28T21:31:47.286+0800: 3.914: [scrub symbol table, 0.0003612 secs]2024-07-28T21:31:47.286+0800: 3.914: [scrub string table, 0.0001156 secs][1 CMS-remark: 284308K(475348K)] 295942K(554004K), 0.0014944 secs] [Times: user=0.00 sys=0.03, real=0.00 secs] 
2024-07-28T21:31:47.287+0800: 3.914: Total time for which application threads were stopped: 0.0017792 seconds, Stopping threads took: 0.0002096 seconds
2024-07-28T21:31:47.287+0800: 3.915: [CMS-concurrent-sweep-start]
2024-07-28T21:31:47.288+0800: 3.916: [CMS-concurrent-sweep: 0.002/0.002 secs] [Times: user=0.00 sys=0.00, real=0.00 secs] 
2024-07-28T21:31:47.288+0800: 3.916: [CMS-concurrent-reset-start]
2024-07-28T21:31:47.290+0800: 3.918: [CMS-concurrent-reset: 0.002/0.002 secs] [Times: user=0.00 sys=0.00, real=0.00 secs] 
2024-07-28T21:31:47.293+0800: 3.920: Application time: 0.0059555 seconds
2024-07-28T21:31:47.293+0800: 3.921: [GC (Allocation Failure) 2024-07-28T21:31:47.293+0800: 3.921: [ParNew: 77170K->8192K(78656K), 0.0231143 secs] 222213K->221843K(554004K), 0.0231895 secs] [Times: user=0.03 sys=0.00, real=0.02 secs] 
2024-07-28T21:31:47.316+0800: 3.944: Total time for which application threads were stopped: 0.0234224 seconds, Stopping threads took: 0.0000940 seconds
2024-07-28T21:31:47.316+0800: 3.944: Application time: 0.0002438 seconds
2024-07-28T21:31:47.316+0800: 3.944: [GC (CMS Initial Mark) [1 CMS-initial-mark: 213651K(475348K)] 225282K(554004K), 0.0007705 secs] [Times: user=0.00 sys=0.00, real=0.00 secs] 
2024-07-28T21:31:47.317+0800: 3.945: Total time for which application threads were stopped: 0.0009502 seconds, Stopping threads took: 0.0001238 seconds
2024-07-28T21:31:47.317+0800: 3.945: [CMS-concurrent-mark-start]
2024-07-28T21:31:47.320+0800: 3.948: [CMS-concurrent-mark: 0.003/0.003 secs] [Times: user=0.00 sys=0.00, real=0.00 secs] 
2024-07-28T21:31:47.320+0800: 3.948: [CMS-concurrent-preclean-start]
2024-07-28T21:31:47.320+0800: 3.949: [CMS-concurrent-preclean: 0.001/0.001 secs] [Times: user=0.00 sys=0.00, real=0.00 secs] 
2024-07-28T21:31:47.320+0800: 3.949: [CMS-concurrent-abortable-preclean-start]
2024-07-28T21:31:47.437+0800: 4.065: Application time: 0.1199686 seconds
2024-07-28T21:31:47.437+0800: 4.065: [GC (Allocation Failure) 2024-07-28T21:31:47.437+0800: 4.065: [ParNew: 77167K->8192K(78656K), 0.0124615 secs] 290819K->290452K(554004K), 0.0125428 secs] [Times: user=0.03 sys=0.00, real=0.01 secs] 
2024-07-28T21:31:47.450+0800: 4.078: Total time for which application threads were stopped: 0.0126755 seconds, Stopping threads took: 0.0000195 seconds
2024-07-28T21:31:47.496+0800: 4.124: Application time: 0.0462577 seconds
2024-07-28T21:31:47.496+0800: 4.124: Total time for which application threads were stopped: 0.0000796 seconds, Stopping threads took: 0.0000498 seconds
2024-07-28T21:31:47.562+0800: 4.189: Application time: 0.0651679 seconds
2024-07-28T21:31:47.562+0800: 4.189: [GC (Allocation Failure) 2024-07-28T21:31:47.562+0800: 4.189: [ParNew: 77167K->8192K(78656K), 0.0029678 secs] 359428K->295572K(554004K), 0.0030302 secs] [Times: user=0.00 sys=0.00, real=0.00 secs] 
2024-07-28T21:31:47.565+0800: 4.192: Total time for which application threads were stopped: 0.0031381 seconds, Stopping threads took: 0.0000179 seconds
2024-07-28T21:31:47.565+0800: 4.192: [CMS-concurrent-abortable-preclean: 0.005/0.244 secs] [Times: user=0.03 sys=0.00, real=0.25 secs] 
2024-07-28T21:31:47.565+0800: 4.193: Application time: 0.0002930 seconds
2024-07-28T21:31:47.565+0800: 4.193: [GC (CMS Final Remark) [YG occupancy: 12655 K (78656 K)]2024-07-28T21:31:47.565+0800: 4.193: [Rescan (parallel) , 0.0009423 secs]2024-07-28T21:31:47.566+0800: 4.194: [weak refs processing, 0.0000137 secs]2024-07-28T21:31:47.566+0800: 4.194: [class unloading, 0.0002150 secs]2024-07-28T21:31:47.567+0800: 4.194: [scrub symbol table, 0.0003543 secs]2024-07-28T21:31:47.567+0800: 4.194: [scrub string table, 0.0001280 secs][1 CMS-remark: 287380K(475348K)] 300036K(554004K), 0.0017365 secs] [Times: user=0.00 sys=0.00, real=0.00 secs] 
2024-07-28T21:31:47.567+0800: 4.195: Total time for which application threads were stopped: 0.0019783 seconds, Stopping threads took: 0.0001990 seconds
2024-07-28T21:31:47.567+0800: 4.195: [CMS-concurrent-sweep-start]
2024-07-28T21:31:47.569+0800: 4.196: [CMS-concurrent-sweep: 0.001/0.001 secs] [Times: user=0.03 sys=0.00, real=0.00 secs] 
2024-07-28T21:31:47.569+0800: 4.196: [CMS-concurrent-reset-start]
2024-07-28T21:31:47.570+0800: 4.197: [CMS-concurrent-reset: 0.001/0.001 secs] [Times: user=0.00 sys=0.00, real=0.00 secs] 
2024-07-28T21:31:47.573+0800: 4.200: Application time: 0.0055565 seconds
2024-07-28T21:31:47.573+0800: 4.200: [GC (Allocation Failure) 2024-07-28T21:31:47.573+0800: 4.200: [ParNew: 77168K->8192K(78656K), 0.0135479 secs] 224258K->223891K(554004K), 0.0136021 secs] [Times: user=0.03 sys=0.00, real=0.01 secs] 
2024-07-28T21:31:47.586+0800: 4.214: Total time for which application threads were stopped: 0.0137381 seconds, Stopping threads took: 0.0000289 seconds
2024-07-28T21:31:47.587+0800: 4.214: Application time: 0.0002279 seconds
2024-07-28T21:31:47.587+0800: 4.214: [GC (CMS Initial Mark) [1 CMS-initial-mark: 215699K(475348K)] 227331K(554004K), 0.0007349 secs] [Times: user=0.00 sys=0.00, real=0.00 secs] 
2024-07-28T21:31:47.587+0800: 4.215: Total time for which application threads were stopped: 0.0008928 seconds, Stopping threads took: 0.0001151 seconds
2024-07-28T21:31:47.588+0800: 4.215: [CMS-concurrent-mark-start]
2024-07-28T21:31:47.590+0800: 4.217: [CMS-concurrent-mark: 0.002/0.002 secs] [Times: user=0.00 sys=0.00, real=0.00 secs] 
2024-07-28T21:31:47.590+0800: 4.217: [CMS-concurrent-preclean-start]
2024-07-28T21:31:47.591+0800: 4.218: [CMS-concurrent-preclean: 0.001/0.001 secs] [Times: user=0.00 sys=0.00, real=0.00 secs] 
2024-07-28T21:31:47.591+0800: 4.218: [CMS-concurrent-abortable-preclean-start]
2024-07-28T21:31:47.705+0800: 4.333: Application time: 0.1175383 seconds
2024-07-28T21:31:47.705+0800: 4.333: [GC (Allocation Failure) 2024-07-28T21:31:47.705+0800: 4.333: [ParNew: 77168K->8192K(78656K), 0.0138290 secs] 292868K->292500K(554004K), 0.0139018 secs] [Times: user=0.03 sys=0.00, real=0.01 secs] 
2024-07-28T21:31:47.719+0800: 4.347: Total time for which application threads were stopped: 0.0140445 seconds, Stopping threads took: 0.0000322 seconds
2024-07-28T21:31:47.828+0800: 4.456: Application time: 0.1091391 seconds
2024-07-28T21:31:47.828+0800: 4.456: [GC (Allocation Failure) 2024-07-28T21:31:47.828+0800: 4.456: [ParNew: 77168K->8192K(78656K), 0.0035015 secs] 361477K->298644K(554004K), 0.0035626 secs] [Times: user=0.00 sys=0.00, real=0.00 secs] 
2024-07-28T21:31:47.832+0800: 4.459: Total time for which application threads were stopped: 0.0036770 seconds, Stopping threads took: 0.0000215 seconds
2024-07-28T21:31:47.832+0800: 4.460: [CMS-concurrent-abortable-preclean: 0.006/0.241 secs] [Times: user=0.03 sys=0.00, real=0.24 secs] 
2024-07-28T21:31:47.832+0800: 4.460: Application time: 0.0003200 seconds
2024-07-28T21:31:47.832+0800: 4.460: [GC (CMS Final Remark) [YG occupancy: 12655 K (78656 K)]2024-07-28T21:31:47.832+0800: 4.460: [Rescan (parallel) , 0.0008463 secs]2024-07-28T21:31:47.833+0800: 4.461: [weak refs processing, 0.0000131 secs]2024-07-28T21:31:47.833+0800: 4.461: [class unloading, 0.0001832 secs]2024-07-28T21:31:47.833+0800: 4.461: [scrub symbol table, 0.0003184 secs]2024-07-28T21:31:47.834+0800: 4.461: [scrub string table, 0.0000914 secs][1 CMS-remark: 290452K(475348K)] 303108K(554004K), 0.0015159 secs] [Times: user=0.05 sys=0.00, real=0.00 secs] 
2024-07-28T21:31:47.834+0800: 4.461: Total time for which application threads were stopped: 0.0016843 seconds, Stopping threads took: 0.0001280 seconds
2024-07-28T21:31:47.834+0800: 4.462: [CMS-concurrent-sweep-start]
2024-07-28T21:31:47.835+0800: 4.463: [CMS-concurrent-sweep: 0.001/0.001 secs] [Times: user=0.00 sys=0.00, real=0.00 secs] 
2024-07-28T21:31:47.835+0800: 4.463: [CMS-concurrent-reset-start]
2024-07-28T21:31:47.837+0800: 4.465: [CMS-concurrent-reset: 0.002/0.002 secs] [Times: user=0.00 sys=0.00, real=0.00 secs] 
2024-07-28T21:31:47.839+0800: 4.467: Application time: 0.0051968 seconds
2024-07-28T21:31:47.839+0800: 4.467: [GC (Allocation Failure) 2024-07-28T21:31:47.839+0800: 4.467: [ParNew: 77168K->8192K(78656K), 0.0133678 secs] 226307K->225939K(554004K), 0.0134231 secs] [Times: user=0.03 sys=0.00, real=0.01 secs] 
2024-07-28T21:31:47.853+0800: 4.480: Total time for which application threads were stopped: 0.0135267 seconds, Stopping threads took: 0.0000162 seconds
2024-07-28T21:31:47.853+0800: 4.480: Application time: 0.0002685 seconds
2024-07-28T21:31:47.853+0800: 4.481: [GC (CMS Initial Mark) [1 CMS-initial-mark: 217747K(475348K)] 229379K(554004K), 0.0005172 secs] [Times: user=0.00 sys=0.00, real=0.00 secs] 
2024-07-28T21:31:47.854+0800: 4.481: Total time for which application threads were stopped: 0.0006971 seconds, Stopping threads took: 0.0001334 seconds
2024-07-28T21:31:47.854+0800: 4.481: [CMS-concurrent-mark-start]
2024-07-28T21:31:47.855+0800: 4.483: [CMS-concurrent-mark: 0.002/0.002 secs] [Times: user=0.00 sys=0.00, real=0.00 secs] 
2024-07-28T21:31:47.855+0800: 4.483: [CMS-concurrent-preclean-start]
2024-07-28T21:31:47.856+0800: 4.484: [CMS-concurrent-preclean: 0.001/0.001 secs] [Times: user=0.00 sys=0.00, real=0.00 secs] 
2024-07-28T21:31:47.856+0800: 4.484: [CMS-concurrent-abortable-preclean-start]
2024-07-28T21:31:47.973+0800: 4.600: Application time: 0.1188663 seconds
2024-07-28T21:31:47.973+0800: 4.600: [GC (Allocation Failure) 2024-07-28T21:31:47.973+0800: 4.600: [ParNew: 77168K->8192K(78656K), 0.0127469 secs] 294916K->294548K(554004K), 0.0128440 secs] [Times: user=0.06 sys=0.00, real=0.01 secs] 
2024-07-28T21:31:47.985+0800: 4.613: Total time for which application threads were stopped: 0.0129774 seconds, Stopping threads took: 0.0000249 seconds
2024-07-28T21:31:48.096+0800: 4.724: Application time: 0.1110603 seconds
2024-07-28T21:31:48.096+0800: 4.724: [GC (Allocation Failure) 2024-07-28T21:31:48.096+0800: 4.724: [ParNew: 77168K->8192K(78656K), 0.0032734 secs] 363525K->301717K(554004K), 0.0033301 secs] [Times: user=0.03 sys=0.00, real=0.00 secs] 
2024-07-28T21:31:48.099+0800: 4.728: Total time for which application threads were stopped: 0.0034513 seconds, Stopping threads took: 0.0000174 seconds
2024-07-28T21:31:48.100+0800: 4.728: [CMS-concurrent-abortable-preclean: 0.005/0.244 secs] [Times: user=0.11 sys=0.00, real=0.24 secs] 
2024-07-28T21:31:48.100+0800: 4.728: Application time: 0.0004157 seconds
2024-07-28T21:31:48.100+0800: 4.728: [GC (CMS Final Remark) [YG occupancy: 14703 K (78656 K)]2024-07-28T21:31:48.100+0800: 4.728: [Rescan (parallel) , 0.0008250 secs]2024-07-28T21:31:48.101+0800: 4.729: [weak refs processing, 0.0000129 secs]2024-07-28T21:31:48.101+0800: 4.729: [class unloading, 0.0002262 secs]2024-07-28T21:31:48.101+0800: 4.729: [scrub symbol table, 0.0003581 secs]2024-07-28T21:31:48.101+0800: 4.730: [scrub string table, 0.0001054 secs][1 CMS-remark: 293524K(475348K)] 308228K(554004K), 0.0015910 secs] [Times: user=0.00 sys=0.00, real=0.00 secs] 
2024-07-28T21:31:48.102+0800: 4.730: Total time for which application threads were stopped: 0.0017278 seconds, Stopping threads took: 0.0000995 seconds
2024-07-28T21:31:48.102+0800: 4.730: [CMS-concurrent-sweep-start]
2024-07-28T21:31:48.104+0800: 4.732: [CMS-concurrent-sweep: 0.002/0.002 secs] [Times: user=0.00 sys=0.00, real=0.00 secs] 
2024-07-28T21:31:48.104+0800: 4.732: [CMS-concurrent-reset-start]
2024-07-28T21:31:48.105+0800: 4.733: [CMS-concurrent-reset: 0.001/0.001 secs] [Times: user=0.00 sys=0.00, real=0.00 secs] 
2024-07-28T21:31:48.107+0800: 4.735: Application time: 0.0049464 seconds
2024-07-28T21:31:48.107+0800: 4.735: [GC (Allocation Failure) 2024-07-28T21:31:48.107+0800: 4.735: [ParNew: 77168K->8192K(78656K), 0.0130465 secs] 228355K->227987K(554004K), 0.0131109 secs] [Times: user=0.03 sys=0.00, real=0.01 secs] 
2024-07-28T21:31:48.120+0800: 4.748: Total time for which application threads were stopped: 0.0132141 seconds, Stopping threads took: 0.0000149 seconds
2024-07-28T21:31:48.120+0800: 4.748: Application time: 0.0002346 seconds
2024-07-28T21:31:48.120+0800: 4.748: [GC (CMS Initial Mark) [1 CMS-initial-mark: 219795K(475348K)] 231427K(554004K), 0.0007588 secs] [Times: user=0.00 sys=0.00, real=0.00 secs] 
2024-07-28T21:31:48.121+0800: 4.749: Total time for which application threads were stopped: 0.0009517 seconds, Stopping threads took: 0.0001506 seconds
2024-07-28T21:31:48.121+0800: 4.749: [CMS-concurrent-mark-start]
2024-07-28T21:31:48.123+0800: 4.751: [CMS-concurrent-mark: 0.002/0.002 secs] [Times: user=0.00 sys=0.00, real=0.00 secs] 
2024-07-28T21:31:48.123+0800: 4.751: [CMS-concurrent-preclean-start]
2024-07-28T21:31:48.123+0800: 4.752: [CMS-concurrent-preclean: 0.001/0.001 secs] [Times: user=0.00 sys=0.00, real=0.00 secs] 
2024-07-28T21:31:48.124+0800: 4.752: [CMS-concurrent-abortable-preclean-start]
2024-07-28T21:31:48.239+0800: 4.867: Application time: 0.1176678 seconds
2024-07-28T21:31:48.239+0800: 4.867: [GC (Allocation Failure) 2024-07-28T21:31:48.239+0800: 4.867: [ParNew: 77168K->8192K(78656K), 0.0163992 secs] 296964K->296596K(554004K), 0.0164595 secs] [Times: user=0.00 sys=0.00, real=0.02 secs] 
2024-07-28T21:31:48.255+0800: 4.883: Total time for which application threads were stopped: 0.0165693 seconds, Stopping threads took: 0.0000188 seconds
2024-07-28T21:31:48.379+0800: 5.007: Application time: 0.1234834 seconds
2024-07-28T21:31:48.379+0800: 5.007: [GC (Allocation Failure) 2024-07-28T21:31:48.379+0800: 5.007: [ParNew: 77168K->8192K(78656K), 0.0031208 secs] 365573K->304789K(554004K), 0.0031989 secs] [Times: user=0.13 sys=0.00, real=0.00 secs] 
2024-07-28T21:31:48.382+0800: 5.010: Total time for which application threads were stopped: 0.0033388 seconds, Stopping threads took: 0.0000325 seconds
2024-07-28T21:31:48.382+0800: 5.010: [CMS-concurrent-abortable-preclean: 0.005/0.259 secs] [Times: user=0.14 sys=0.00, real=0.26 secs] 
2024-07-28T21:31:48.382+0800: 5.010: Application time: 0.0001346 seconds
2024-07-28T21:31:48.383+0800: 5.010: [GC (CMS Final Remark) [YG occupancy: 11631 K (78656 K)]2024-07-28T21:31:48.383+0800: 5.010: [Rescan (parallel) , 0.0003577 secs]2024-07-28T21:31:48.383+0800: 5.011: [weak refs processing, 0.0000119 secs]2024-07-28T21:31:48.383+0800: 5.011: [class unloading, 0.0002171 secs]2024-07-28T21:31:48.383+0800: 5.011: [scrub symbol table, 0.0003160 secs]2024-07-28T21:31:48.383+0800: 5.011: [scrub string table, 0.0001070 secs][1 CMS-remark: 296596K(475348K)] 308228K(554004K), 0.0010765 secs] [Times: user=0.00 sys=0.00, real=0.00 secs] 
2024-07-28T21:31:48.384+0800: 5.011: Total time for which application threads were stopped: 0.0011910 seconds, Stopping threads took: 0.0000743 seconds
2024-07-28T21:31:48.384+0800: 5.012: [CMS-concurrent-sweep-start]
2024-07-28T21:31:48.385+0800: 5.013: [CMS-concurrent-sweep: 0.001/0.001 secs] [Times: user=0.00 sys=0.00, real=0.00 secs] 
2024-07-28T21:31:48.385+0800: 5.013: [CMS-concurrent-reset-start]
2024-07-28T21:31:48.386+0800: 5.014: [CMS-concurrent-reset: 0.001/0.001 secs] [Times: user=0.00 sys=0.00, real=0.00 secs] 
2024-07-28T21:31:48.389+0800: 5.016: Application time: 0.0050611 seconds
2024-07-28T21:31:48.389+0800: 5.017: [GC (Allocation Failure) 2024-07-28T21:31:48.389+0800: 5.017: [ParNew: 77168K->8192K(78656K), 0.0127791 secs] 230403K->230035K(554004K), 0.0128303 secs] [Times: user=0.03 sys=0.00, real=0.01 secs] 
2024-07-28T21:31:48.402+0800: 5.029: Total time for which application threads were stopped: 0.0129355 seconds, Stopping threads took: 0.0000125 seconds
2024-07-28T21:31:48.402+0800: 5.030: Application time: 0.0001735 seconds
2024-07-28T21:31:48.402+0800: 5.030: [GC (CMS Initial Mark) [1 CMS-initial-mark: 221843K(475348K)] 233475K(554004K), 0.0007932 secs] [Times: user=0.00 sys=0.00, real=0.00 secs] 
2024-07-28T21:31:48.403+0800: 5.031: Total time for which application threads were stopped: 0.0009762 seconds, Stopping threads took: 0.0001327 seconds
2024-07-28T21:31:48.403+0800: 5.031: [CMS-concurrent-mark-start]
2024-07-28T21:31:48.404+0800: 5.032: [CMS-concurrent-mark: 0.002/0.002 secs] [Times: user=0.00 sys=0.00, real=0.00 secs] 
2024-07-28T21:31:48.405+0800: 5.032: [CMS-concurrent-preclean-start]
2024-07-28T21:31:48.405+0800: 5.033: [CMS-concurrent-preclean: 0.001/0.001 secs] [Times: user=0.00 sys=0.00, real=0.00 secs] 
2024-07-28T21:31:48.405+0800: 5.033: [CMS-concurrent-abortable-preclean-start]
2024-07-28T21:31:48.524+0800: 5.152: Application time: 0.1209575 seconds
2024-07-28T21:31:48.524+0800: 5.152: [GC (Allocation Failure) 2024-07-28T21:31:48.524+0800: 5.152: [ParNew: 77360K->8202K(78656K), 0.0118942 secs] 299204K->298655K(554004K), 0.0119930 secs] [Times: user=0.02 sys=0.00, real=0.01 secs] 
2024-07-28T21:31:48.536+0800: 5.164: Total time for which application threads were stopped: 0.0121679 seconds, Stopping threads took: 0.0000258 seconds
2024-07-28T21:31:48.648+0800: 5.276: Application time: 0.1118498 seconds
2024-07-28T21:31:48.648+0800: 5.276: [GC (Allocation Failure) 2024-07-28T21:31:48.648+0800: 5.276: [ParNew: 77177K->8192K(78656K), 0.0037670 secs] 367630K->307861K(554004K), 0.0038261 secs] [Times: user=0.00 sys=0.00, real=0.00 secs] 
2024-07-28T21:31:48.652+0800: 5.280: Total time for which application threads were stopped: 0.0039385 seconds, Stopping threads took: 0.0000186 seconds
2024-07-28T21:31:48.652+0800: 5.280: [CMS-concurrent-abortable-preclean: 0.005/0.247 secs] [Times: user=0.02 sys=0.00, real=0.25 secs] 
2024-07-28T21:31:48.652+0800: 5.280: Application time: 0.0002486 seconds
2024-07-28T21:31:48.652+0800: 5.280: [GC (CMS Final Remark) [YG occupancy: 12654 K (78656 K)]2024-07-28T21:31:48.652+0800: 5.280: [Rescan (parallel) , 0.0004928 secs]2024-07-28T21:31:48.653+0800: 5.280: [weak refs processing, 0.0000147 secs]2024-07-28T21:31:48.653+0800: 5.280: [class unloading, 0.0002317 secs]2024-07-28T21:31:48.653+0800: 5.281: [scrub symbol table, 0.0003224 secs]2024-07-28T21:31:48.653+0800: 5.281: [scrub string table, 0.0001032 secs][1 CMS-remark: 299669K(475348K)] 312324K(554004K), 0.0012325 secs] [Times: user=0.00 sys=0.00, real=0.00 secs] 
2024-07-28T21:31:48.654+0800: 5.281: Total time for which application threads were stopped: 0.0013888 seconds, Stopping threads took: 0.0001162 seconds
2024-07-28T21:31:48.654+0800: 5.281: [CMS-concurrent-sweep-start]
2024-07-28T21:31:48.655+0800: 5.283: [CMS-concurrent-sweep: 0.001/0.001 secs] [Times: user=0.00 sys=0.00, real=0.00 secs] 
2024-07-28T21:31:48.655+0800: 5.283: [CMS-concurrent-reset-start]
2024-07-28T21:31:48.656+0800: 5.284: [CMS-concurrent-reset: 0.001/0.001 secs] [Times: user=0.00 sys=0.00, real=0.00 secs] 
2024-07-28T21:31:48.659+0800: 5.286: Application time: 0.0050341 seconds
2024-07-28T21:31:48.659+0800: 5.286: [GC (Allocation Failure) 2024-07-28T21:31:48.659+0800: 5.286: [ParNew: 77167K->8192K(78656K), 0.0130232 secs] 232451K->232084K(554004K), 0.0130775 secs] [Times: user=0.03 sys=0.00, real=0.01 secs] 
2024-07-28T21:31:48.672+0800: 5.299: Total time for which application threads were stopped: 0.0131805 seconds, Stopping threads took: 0.0000175 seconds
2024-07-28T21:31:48.672+0800: 5.299: Application time: 0.0001122 seconds
2024-07-28T21:31:48.672+0800: 5.300: [GC (CMS Initial Mark) [1 CMS-initial-mark: 223892K(475348K)] 233108K(554004K), 0.0005473 secs] [Times: user=0.00 sys=0.00, real=0.00 secs] 
2024-07-28T21:31:48.673+0800: 5.300: Total time for which application threads were stopped: 0.0006841 seconds, Stopping threads took: 0.0000893 seconds
2024-07-28T21:31:48.673+0800: 5.300: [CMS-concurrent-mark-start]
2024-07-28T21:31:48.675+0800: 5.302: [CMS-concurrent-mark: 0.002/0.002 secs] [Times: user=0.00 sys=0.00, real=0.00 secs] 
2024-07-28T21:31:48.675+0800: 5.302: [CMS-concurrent-preclean-start]
2024-07-28T21:31:48.676+0800: 5.303: [CMS-concurrent-preclean: 0.001/0.001 secs] [Times: user=0.00 sys=0.00, real=0.00 secs] 
2024-07-28T21:31:48.676+0800: 5.303: [CMS-concurrent-abortable-preclean-start]
2024-07-28T21:31:48.793+0800: 5.421: Application time: 0.1208227 seconds
2024-07-28T21:31:48.793+0800: 5.421: [GC (Allocation Failure) 2024-07-28T21:31:48.793+0800: 5.421: [ParNew: 77168K->8192K(78656K), 0.0117095 secs] 301060K->300693K(554004K), 0.0117762 secs] [Times: user=0.03 sys=0.00, real=0.01 secs] 
2024-07-28T21:31:48.805+0800: 5.433: Total time for which application threads were stopped: 0.0118953 seconds, Stopping threads took: 0.0000195 seconds
2024-07-28T21:31:48.915+0800: 5.543: Application time: 0.1098691 seconds
2024-07-28T21:31:48.915+0800: 5.543: [GC (Allocation Failure) 2024-07-28T21:31:48.915+0800: 5.543: [ParNew: 77168K->8192K(78656K), 0.0043962 secs] 369670K->310933K(554004K), 0.0044550 secs] [Times: user=0.00 sys=0.00, real=0.00 secs] 
2024-07-28T21:31:48.919+0800: 5.547: Total time for which application threads were stopped: 0.0045651 seconds, Stopping threads took: 0.0000198 seconds
2024-07-28T21:31:48.919+0800: 5.547: [CMS-concurrent-abortable-preclean: 0.005/0.244 secs] [Times: user=0.03 sys=0.00, real=0.24 secs] 
2024-07-28T21:31:48.919+0800: 5.548: Application time: 0.0003074 seconds
2024-07-28T21:31:48.919+0800: 5.548: [GC (CMS Final Remark) [YG occupancy: 12655 K (78656 K)]2024-07-28T21:31:48.919+0800: 5.548: [Rescan (parallel) , 0.0007201 secs]2024-07-28T21:31:48.920+0800: 5.549: [weak refs processing, 0.0000132 secs]2024-07-28T21:31:48.920+0800: 5.549: [class unloading, 0.0002137 secs]2024-07-28T21:31:48.920+0800: 5.549: [scrub symbol table, 0.0003484 secs]2024-07-28T21:31:48.921+0800: 5.549: [scrub string table, 0.0001017 secs][1 CMS-remark: 302741K(475348K)] 315397K(554004K), 0.0014607 secs] [Times: user=0.00 sys=0.00, real=0.00 secs] 
2024-07-28T21:31:48.921+0800: 5.549: Total time for which application threads were stopped: 0.0016617 seconds, Stopping threads took: 0.0001525 seconds
2024-07-28T21:31:48.921+0800: 5.550: [CMS-concurrent-sweep-start]
2024-07-28T21:31:48.923+0800: 5.551: [CMS-concurrent-sweep: 0.001/0.001 secs] [Times: user=0.00 sys=0.00, real=0.00 secs] 
2024-07-28T21:31:48.923+0800: 5.551: [CMS-concurrent-reset-start]
2024-07-28T21:31:48.924+0800: 5.552: [CMS-concurrent-reset: 0.001/0.001 secs] [Times: user=0.00 sys=0.00, real=0.00 secs] 
2024-07-28T21:31:48.927+0800: 5.555: Application time: 0.0052082 seconds
2024-07-28T21:31:48.927+0800: 5.555: [GC (Allocation Failure) 2024-07-28T21:31:48.927+0800: 5.555: [ParNew: 77168K->8192K(78656K), 0.0120948 secs] 234500K->234132K(554004K), 0.0121452 secs] [Times: user=0.00 sys=0.00, real=0.01 secs] 
2024-07-28T21:31:48.939+0800: 5.567: Total time for which application threads were stopped: 0.0122463 seconds, Stopping threads took: 0.0000157 seconds
2024-07-28T21:31:48.939+0800: 5.567: Application time: 0.0002010 seconds
2024-07-28T21:31:48.939+0800: 5.567: [GC (CMS Initial Mark) [1 CMS-initial-mark: 225940K(475348K)] 237572K(554004K), 0.0007267 secs] [Times: user=0.00 sys=0.00, real=0.00 secs] 
2024-07-28T21:31:48.939+0800: 5.568: Total time for which application threads were stopped: 0.0008602 seconds, Stopping threads took: 0.0000916 seconds
2024-07-28T21:31:48.940+0800: 5.568: [CMS-concurrent-mark-start]
2024-07-28T21:31:48.941+0800: 5.570: [CMS-concurrent-mark: 0.002/0.002 secs] [Times: user=0.00 sys=0.00, real=0.00 secs] 
2024-07-28T21:31:48.941+0800: 5.570: [CMS-concurrent-preclean-start]
2024-07-28T21:31:48.942+0800: 5.571: [CMS-concurrent-preclean: 0.001/0.001 secs] [Times: user=0.03 sys=0.00, real=0.00 secs] 
2024-07-28T21:31:48.942+0800: 5.571: [CMS-concurrent-abortable-preclean-start]
2024-07-28T21:31:49.060+0800: 5.688: Application time: 0.1201271 seconds
2024-07-28T21:31:49.060+0800: 5.688: [GC (Allocation Failure) 2024-07-28T21:31:49.060+0800: 5.688: [ParNew: 77168K->8192K(78656K), 0.0145107 secs] 303109K->302741K(554004K), 0.0145869 secs] [Times: user=0.03 sys=0.00, real=0.01 secs] 
2024-07-28T21:31:49.074+0800: 5.703: Total time for which application threads were stopped: 0.0147437 seconds, Stopping threads took: 0.0000222 seconds
2024-07-28T21:31:49.196+0800: 5.824: Application time: 0.1213214 seconds
2024-07-28T21:31:49.196+0800: 5.824: [GC (Allocation Failure) 2024-07-28T21:31:49.197+0800: 5.824: [ParNew: 77168K->8192K(78656K), 0.0042010 secs] 371718K->314005K(554004K), 0.0043090 secs] [Times: user=0.00 sys=0.00, real=0.00 secs] 
2024-07-28T21:31:49.201+0800: 5.828: Total time for which application threads were stopped: 0.0044310 seconds, Stopping threads took: 0.0000195 seconds
2024-07-28T21:31:49.201+0800: 5.829: [CMS-concurrent-abortable-preclean: 0.005/0.258 secs] [Times: user=0.03 sys=0.00, real=0.26 secs] 
2024-07-28T21:31:49.201+0800: 5.829: Application time: 0.0003202 seconds
2024-07-28T21:31:49.201+0800: 5.829: [GC (CMS Final Remark) [YG occupancy: 12655 K (78656 K)]2024-07-28T21:31:49.201+0800: 5.829: [Rescan (parallel) , 0.0008601 secs]2024-07-28T21:31:49.202+0800: 5.830: [weak refs processing, 0.0000130 secs]2024-07-28T21:31:49.202+0800: 5.830: [class unloading, 0.0002116 secs]2024-07-28T21:31:49.202+0800: 5.830: [scrub symbol table, 0.0003533 secs]2024-07-28T21:31:49.203+0800: 5.830: [scrub string table, 0.0001137 secs][1 CMS-remark: 305813K(475348K)] 318469K(554004K), 0.0016146 secs] [Times: user=0.00 sys=0.00, real=0.00 secs] 
2024-07-28T21:31:49.203+0800: 5.831: Total time for which application threads were stopped: 0.0018006 seconds, Stopping threads took: 0.0001498 seconds
2024-07-28T21:31:49.203+0800: 5.831: [CMS-concurrent-sweep-start]
2024-07-28T21:31:49.205+0800: 5.832: [CMS-concurrent-sweep: 0.002/0.002 secs] [Times: user=0.00 sys=0.00, real=0.00 secs] 
2024-07-28T21:31:49.205+0800: 5.832: [CMS-concurrent-reset-start]
2024-07-28T21:31:49.206+0800: 5.834: [CMS-concurrent-reset: 0.001/0.001 secs] [Times: user=0.00 sys=0.00, real=0.00 secs] 
2024-07-28T21:31:49.208+0800: 5.835: Application time: 0.0048437 seconds
2024-07-28T21:31:49.208+0800: 5.835: [GC (Allocation Failure) 2024-07-28T21:31:49.208+0800: 5.836: [ParNew: 77168K->8192K(78656K), 0.0124360 secs] 236548K->236180K(554004K), 0.0124845 secs] [Times: user=0.00 sys=0.00, real=0.01 secs] 
2024-07-28T21:31:49.220+0800: 5.848: Total time for which application threads were stopped: 0.0125850 seconds, Stopping threads took: 0.0000123 seconds
2024-07-28T21:31:49.221+0800: 5.848: Application time: 0.0001783 seconds
2024-07-28T21:31:49.221+0800: 5.848: [GC (CMS Initial Mark) [1 CMS-initial-mark: 227988K(475348K)] 239620K(554004K), 0.0008370 secs] [Times: user=0.00 sys=0.00, real=0.00 secs] 
2024-07-28T21:31:49.222+0800: 5.849: Total time for which application threads were stopped: 0.0010277 seconds, Stopping threads took: 0.0001477 seconds
2024-07-28T21:31:49.222+0800: 5.849: [CMS-concurrent-mark-start]
2024-07-28T21:31:49.223+0800: 5.851: [CMS-concurrent-mark: 0.001/0.001 secs] [Times: user=0.00 sys=0.00, real=0.00 secs] 
2024-07-28T21:31:49.223+0800: 5.851: [CMS-concurrent-preclean-start]
2024-07-28T21:31:49.224+0800: 5.851: [CMS-concurrent-preclean: 0.001/0.001 secs] [Times: user=0.01 sys=0.00, real=0.00 secs] 
2024-07-28T21:31:49.224+0800: 5.851: [CMS-concurrent-abortable-preclean-start]
2024-07-28T21:31:49.340+0800: 5.968: Application time: 0.1187732 seconds
2024-07-28T21:31:49.340+0800: 5.968: [GC (Allocation Failure) 2024-07-28T21:31:49.340+0800: 5.968: [ParNew: 77168K->8192K(78656K), 0.0128454 secs] 305157K->304789K(554004K), 0.0129156 secs] [Times: user=0.03 sys=0.00, real=0.01 secs] 
2024-07-28T21:31:49.353+0800: 5.981: Total time for which application threads were stopped: 0.0130492 seconds, Stopping threads took: 0.0000185 seconds
2024-07-28T21:31:49.461+0800: 6.089: Application time: 0.1083960 seconds
2024-07-28T21:31:49.461+0800: 6.090: [GC (Allocation Failure) 2024-07-28T21:31:49.461+0800: 6.090: [ParNew: 77168K->8192K(78656K), 0.0042798 secs] 373766K->317078K(554004K), 0.0043386 secs] [Times: user=0.00 sys=0.00, real=0.00 secs] 
2024-07-28T21:31:49.466+0800: 6.094: Total time for which application threads were stopped: 0.0044675 seconds, Stopping threads took: 0.0000183 seconds
2024-07-28T21:31:49.466+0800: 6.094: [CMS-concurrent-abortable-preclean: 0.006/0.243 secs] [Times: user=0.03 sys=0.00, real=0.24 secs] 
2024-07-28T21:31:49.466+0800: 6.094: Application time: 0.0005175 seconds
2024-07-28T21:31:49.466+0800: 6.095: [GC (CMS Final Remark) [YG occupancy: 15727 K (78656 K)]2024-07-28T21:31:49.466+0800: 6.095: [Rescan (parallel) , 0.0006650 secs]2024-07-28T21:31:49.467+0800: 6.095: [weak refs processing, 0.0000169 secs]2024-07-28T21:31:49.467+0800: 6.095: [class unloading, 0.0002167 secs]2024-07-28T21:31:49.467+0800: 6.096: [scrub symbol table, 0.0003346 secs]2024-07-28T21:31:49.468+0800: 6.096: [scrub string table, 0.0000924 secs][1 CMS-remark: 308885K(475348K)] 324613K(554004K), 0.0014049 secs] [Times: user=0.00 sys=0.00, real=0.00 secs] 
2024-07-28T21:31:49.468+0800: 6.096: Total time for which application threads were stopped: 0.0015862 seconds, Stopping threads took: 0.0001424 seconds
2024-07-28T21:31:49.468+0800: 6.096: [CMS-concurrent-sweep-start]
2024-07-28T21:31:49.469+0800: 6.097: [CMS-concurrent-sweep: 0.001/0.001 secs] [Times: user=0.00 sys=0.00, real=0.00 secs] 
2024-07-28T21:31:49.469+0800: 6.097: [CMS-concurrent-reset-start]
2024-07-28T21:31:49.470+0800: 6.099: [CMS-concurrent-reset: 0.001/0.001 secs] [Times: user=0.00 sys=0.00, real=0.00 secs] 
2024-07-28T21:31:49.474+0800: 6.101: Application time: 0.0050015 seconds
2024-07-28T21:31:49.474+0800: 6.101: [GC (Allocation Failure) 2024-07-28T21:31:49.474+0800: 6.101: [ParNew: 77168K->8192K(78656K), 0.0135605 secs] 238596K->238228K(554004K), 0.0136112 secs] [Times: user=0.00 sys=0.00, real=0.01 secs] 
2024-07-28T21:31:49.486+0800: 6.115: Total time for which application threads were stopped: 0.0137132 seconds, Stopping threads took: 0.0000169 seconds
2024-07-28T21:31:49.487+0800: 6.115: Application time: 0.0002084 seconds
2024-07-28T21:31:49.487+0800: 6.115: [GC (CMS Initial Mark) [1 CMS-initial-mark: 230036K(475348K)] 241668K(554004K), 0.0007340 secs] [Times: user=0.00 sys=0.00, real=0.00 secs] 
2024-07-28T21:31:49.487+0800: 6.116: Total time for which application threads were stopped: 0.0008542 seconds, Stopping threads took: 0.0000792 seconds
2024-07-28T21:31:49.488+0800: 6.116: [CMS-concurrent-mark-start]
2024-07-28T21:31:49.489+0800: 6.117: [CMS-concurrent-mark: 0.001/0.001 secs] [Times: user=0.03 sys=0.00, real=0.00 secs] 
2024-07-28T21:31:49.489+0800: 6.117: [CMS-concurrent-preclean-start]
2024-07-28T21:31:49.490+0800: 6.118: [CMS-concurrent-preclean: 0.001/0.001 secs] [Times: user=0.00 sys=0.00, real=0.00 secs] 
2024-07-28T21:31:49.490+0800: 6.118: [CMS-concurrent-abortable-preclean-start]
2024-07-28T21:31:49.605+0800: 6.233: Application time: 0.1174638 seconds
2024-07-28T21:31:49.606+0800: 6.233: [GC (Allocation Failure) 2024-07-28T21:31:49.606+0800: 6.233: [ParNew: 77168K->8192K(78656K), 0.0229652 secs] 307205K->306837K(554004K), 0.0230651 secs] [Times: user=0.03 sys=0.00, real=0.02 secs] 
2024-07-28T21:31:49.629+0800: 6.257: Total time for which application threads were stopped: 0.0232214 seconds, Stopping threads took: 0.0000345 seconds
2024-07-28T21:31:49.748+0800: 6.375: Application time: 0.1187424 seconds
2024-07-28T21:31:49.748+0800: 6.375: [GC (Allocation Failure) 2024-07-28T21:31:49.748+0800: 6.375: [ParNew: 77168K->8192K(78656K), 0.0043303 secs] 375814K->320150K(554004K), 0.0043935 secs] [Times: user=0.00 sys=0.00, real=0.00 secs] 
2024-07-28T21:31:49.752+0800: 6.380: Total time for which application threads were stopped: 0.0045274 seconds, Stopping threads took: 0.0000231 seconds
2024-07-28T21:31:49.752+0800: 6.380: [CMS-concurrent-abortable-preclean: 0.007/0.262 secs] [Times: user=0.06 sys=0.00, real=0.26 secs] 
2024-07-28T21:31:49.753+0800: 6.380: Application time: 0.0004216 seconds
2024-07-28T21:31:49.753+0800: 6.380: [GC (CMS Final Remark) [YG occupancy: 14703 K (78656 K)]2024-07-28T21:31:49.753+0800: 6.380: [Rescan (parallel) , 0.0007147 secs]2024-07-28T21:31:49.753+0800: 6.381: [weak refs processing, 0.0000129 secs]2024-07-28T21:31:49.753+0800: 6.381: [class unloading, 0.0002282 secs]2024-07-28T21:31:49.754+0800: 6.381: [scrub symbol table, 0.0004143 secs]2024-07-28T21:31:49.754+0800: 6.382: [scrub string table, 0.0001131 secs][1 CMS-remark: 311957K(475348K)] 326661K(554004K), 0.0015510 secs] [Times: user=0.00 sys=0.00, real=0.00 secs] 
2024-07-28T21:31:49.754+0800: 6.382: Total time for which application threads were stopped: 0.0016660 seconds, Stopping threads took: 0.0000785 seconds
2024-07-28T21:31:49.755+0800: 6.382: [CMS-concurrent-sweep-start]
2024-07-28T21:31:49.756+0800: 6.384: [CMS-concurrent-sweep: 0.001/0.001 secs] [Times: user=0.03 sys=0.00, real=0.00 secs] 
2024-07-28T21:31:49.756+0800: 6.384: [CMS-concurrent-reset-start]
2024-07-28T21:31:49.757+0800: 6.385: [CMS-concurrent-reset: 0.001/0.001 secs] [Times: user=0.00 sys=0.00, real=0.00 secs] 
2024-07-28T21:31:49.759+0800: 6.387: Application time: 0.0051804 seconds
2024-07-28T21:31:49.760+0800: 6.387: [GC (Allocation Failure) 2024-07-28T21:31:49.760+0800: 6.387: [ParNew: 77168K->8192K(78656K), 0.0135281 secs] 240644K->240276K(554004K), 0.0135922 secs] [Times: user=0.03 sys=0.00, real=0.01 secs] 
2024-07-28T21:31:49.773+0800: 6.401: Total time for which application threads were stopped: 0.0137056 seconds, Stopping threads took: 0.0000277 seconds
2024-07-28T21:31:49.773+0800: 6.401: Application time: 0.0001324 seconds
2024-07-28T21:31:49.773+0800: 6.401: [GC (CMS Initial Mark) [1 CMS-initial-mark: 232084K(475348K)] 243716K(554004K), 0.0005992 secs] [Times: user=0.00 sys=0.00, real=0.00 secs] 
2024-07-28T21:31:49.774+0800: 6.402: Total time for which application threads were stopped: 0.0007501 seconds, Stopping threads took: 0.0001072 seconds
2024-07-28T21:31:49.774+0800: 6.402: [CMS-concurrent-mark-start]
2024-07-28T21:31:49.776+0800: 6.403: [CMS-concurrent-mark: 0.002/0.002 secs] [Times: user=0.00 sys=0.00, real=0.00 secs] 
2024-07-28T21:31:49.776+0800: 6.403: [CMS-concurrent-preclean-start]
2024-07-28T21:31:49.776+0800: 6.404: [CMS-concurrent-preclean: 0.001/0.001 secs] [Times: user=0.00 sys=0.00, real=0.00 secs] 
2024-07-28T21:31:49.776+0800: 6.404: [CMS-concurrent-abortable-preclean-start]
2024-07-28T21:31:49.892+0800: 6.520: Application time: 0.1179347 seconds
2024-07-28T21:31:49.892+0800: 6.520: [GC (Allocation Failure) 2024-07-28T21:31:49.892+0800: 6.520: [ParNew: 77168K->8192K(78656K), 0.0120401 secs] 309253K->308885K(554004K), 0.0120982 secs] [Times: user=0.03 sys=0.00, real=0.01 secs] 
2024-07-28T21:31:49.904+0800: 6.532: Total time for which application threads were stopped: 0.0122283 seconds, Stopping threads took: 0.0000215 seconds
2024-07-28T21:31:50.016+0800: 6.644: Application time: 0.1121581 seconds
2024-07-28T21:31:50.016+0800: 6.644: [GC (Allocation Failure) 2024-07-28T21:31:50.016+0800: 6.644: [ParNew: 77168K->8192K(78656K), 0.0044460 secs] 377862K->323222K(554004K), 0.0045061 secs] [Times: user=0.03 sys=0.00, real=0.00 secs] 
2024-07-28T21:31:50.020+0800: 6.649: Total time for which application threads were stopped: 0.0046299 seconds, Stopping threads took: 0.0000196 seconds
2024-07-28T21:31:50.020+0800: 6.649: [CMS-concurrent-abortable-preclean: 0.006/0.245 secs] [Times: user=0.06 sys=0.00, real=0.24 secs] 
2024-07-28T21:31:50.021+0800: 6.649: Application time: 0.0003022 seconds
2024-07-28T21:31:50.021+0800: 6.649: [GC (CMS Final Remark) [YG occupancy: 12655 K (78656 K)]2024-07-28T21:31:50.021+0800: 6.649: [Rescan (parallel) , 0.0011144 secs]2024-07-28T21:31:50.022+0800: 6.650: [weak refs processing, 0.0000148 secs]2024-07-28T21:31:50.022+0800: 6.650: [class unloading, 0.0002146 secs]2024-07-28T21:31:50.022+0800: 6.650: [scrub symbol table, 0.0003239 secs]2024-07-28T21:31:50.022+0800: 6.651: [scrub string table, 0.0000979 secs][1 CMS-remark: 315029K(475348K)] 327685K(554004K), 0.0018296 secs] [Times: user=0.00 sys=0.00, real=0.00 secs] 
2024-07-28T21:31:50.023+0800: 6.651: Total time for which application threads were stopped: 0.0019878 seconds, Stopping threads took: 0.0001221 seconds
2024-07-28T21:31:50.023+0800: 6.651: [CMS-concurrent-sweep-start]
2024-07-28T21:31:50.024+0800: 6.653: [CMS-concurrent-sweep: 0.001/0.001 secs] [Times: user=0.00 sys=0.00, real=0.00 secs] 
2024-07-28T21:31:50.025+0800: 6.653: [CMS-concurrent-reset-start]
2024-07-28T21:31:50.026+0800: 6.655: [CMS-concurrent-reset: 0.002/0.002 secs] [Times: user=0.00 sys=0.00, real=0.00 secs] 
2024-07-28T21:31:50.028+0800: 6.656: Application time: 0.0052198 seconds
2024-07-28T21:31:50.028+0800: 6.656: [GC (Allocation Failure) 2024-07-28T21:31:50.028+0800: 6.656: [ParNew: 77168K->8192K(78656K), 0.0124577 secs] 242692K->242324K(554004K), 0.0125073 secs] [Times: user=0.03 sys=0.00, real=0.01 secs] 
2024-07-28T21:31:50.040+0800: 6.669: Total time for which application threads were stopped: 0.0126222 seconds, Stopping threads took: 0.0000280 seconds
2024-07-28T21:31:50.041+0800: 6.669: Application time: 0.0001749 seconds
2024-07-28T21:31:50.041+0800: 6.669: [GC (CMS Initial Mark) [1 CMS-initial-mark: 234132K(475348K)] 245764K(554004K), 0.0005849 secs] [Times: user=0.00 sys=0.00, real=0.00 secs] 
2024-07-28T21:31:50.041+0800: 6.670: Total time for which application threads were stopped: 0.0007748 seconds, Stopping threads took: 0.0001390 seconds
2024-07-28T21:31:50.042+0800: 6.670: [CMS-concurrent-mark-start]
2024-07-28T21:31:50.043+0800: 6.671: [CMS-concurrent-mark: 0.001/0.001 secs] [Times: user=0.00 sys=0.00, real=0.00 secs] 
2024-07-28T21:31:50.043+0800: 6.671: [CMS-concurrent-preclean-start]
2024-07-28T21:31:50.044+0800: 6.672: [CMS-concurrent-preclean: 0.001/0.001 secs] [Times: user=0.00 sys=0.00, real=0.00 secs] 
2024-07-28T21:31:50.044+0800: 6.672: [CMS-concurrent-abortable-preclean-start]
2024-07-28T21:31:50.160+0800: 6.788: Application time: 0.1187430 seconds
2024-07-28T21:31:50.160+0800: 6.789: [GC (Allocation Failure) 2024-07-28T21:31:50.160+0800: 6.789: [ParNew: 77168K->8192K(78656K), 0.0125518 secs] 311301K->310933K(554004K), 0.0126259 secs] [Times: user=0.09 sys=0.00, real=0.01 secs] 
2024-07-28T21:31:50.173+0800: 6.801: Total time for which application threads were stopped: 0.0127452 seconds, Stopping threads took: 0.0000281 seconds
2024-07-28T21:31:50.281+0800: 6.909: Application time: 0.1078410 seconds
2024-07-28T21:31:50.281+0800: 6.909: [GC (Allocation Failure) 2024-07-28T21:31:50.281+0800: 6.909: [ParNew: 77168K->8192K(78656K), 0.0047523 secs] 379910K->326294K(554004K), 0.0048118 secs] [Times: user=0.02 sys=0.00, real=0.01 secs] 
2024-07-28T21:31:50.286+0800: 6.914: Total time for which application threads were stopped: 0.0049226 seconds, Stopping threads took: 0.0000198 seconds
2024-07-28T21:31:50.286+0800: 6.914: [CMS-concurrent-abortable-preclean: 0.006/0.242 secs] [Times: user=0.13 sys=0.00, real=0.24 secs] 
2024-07-28T21:31:50.286+0800: 6.914: Application time: 0.0003495 seconds
2024-07-28T21:31:50.287+0800: 6.915: [GC (CMS Final Remark) [YG occupancy: 12655 K (78656 K)]2024-07-28T21:31:50.287+0800: 6.915: [Rescan (parallel) , 0.0008401 secs]2024-07-28T21:31:50.287+0800: 6.915: [weak refs processing, 0.0000129 secs]2024-07-28T21:31:50.287+0800: 6.915: [class unloading, 0.0002482 secs]2024-07-28T21:31:50.288+0800: 6.916: [scrub symbol table, 0.0003522 secs]2024-07-28T21:31:50.288+0800: 6.916: [scrub string table, 0.0000997 secs][1 CMS-remark: 318102K(475348K)] 330757K(554004K), 0.0016204 secs] [Times: user=0.00 sys=0.00, real=0.00 secs] 
2024-07-28T21:31:50.288+0800: 6.916: Total time for which application threads were stopped: 0.0018219 seconds, Stopping threads took: 0.0001646 seconds
2024-07-28T21:31:50.288+0800: 6.916: [CMS-concurrent-sweep-start]
2024-07-28T21:31:50.290+0800: 6.918: [CMS-concurrent-sweep: 0.001/0.001 secs] [Times: user=0.00 sys=0.00, real=0.00 secs] 
2024-07-28T21:31:50.290+0800: 6.918: [CMS-concurrent-reset-start]
2024-07-28T21:31:50.291+0800: 6.919: [CMS-concurrent-reset: 0.001/0.001 secs] [Times: user=0.00 sys=0.00, real=0.00 secs] 
2024-07-28T21:31:50.293+0800: 6.921: Application time: 0.0053098 seconds
2024-07-28T21:31:50.294+0800: 6.922: [GC (Allocation Failure) 2024-07-28T21:31:50.294+0800: 6.922: [ParNew: 77168K->8192K(78656K), 0.0124229 secs] 244740K->244372K(554004K), 0.0124736 secs] [Times: user=0.03 sys=0.00, real=0.01 secs] 
2024-07-28T21:31:50.306+0800: 6.934: Total time for which application threads were stopped: 0.0126308 seconds, Stopping threads took: 0.0000186 seconds
2024-07-28T21:31:50.306+0800: 6.934: Application time: 0.0002182 seconds
2024-07-28T21:31:50.307+0800: 6.935: [GC (CMS Initial Mark) [1 CMS-initial-mark: 236180K(475348K)] 247812K(554004K), 0.0006304 secs] [Times: user=0.00 sys=0.00, real=0.00 secs] 
2024-07-28T21:31:50.307+0800: 6.935: Total time for which application threads were stopped: 0.0008357 seconds, Stopping threads took: 0.0001453 seconds
2024-07-28T21:31:50.307+0800: 6.935: [CMS-concurrent-mark-start]
2024-07-28T21:31:50.309+0800: 6.937: [CMS-concurrent-mark: 0.002/0.002 secs] [Times: user=0.00 sys=0.00, real=0.00 secs] 
2024-07-28T21:31:50.309+0800: 6.937: [CMS-concurrent-preclean-start]
2024-07-28T21:31:50.309+0800: 6.937: [CMS-concurrent-preclean: 0.001/0.001 secs] [Times: user=0.00 sys=0.00, real=0.00 secs] 
2024-07-28T21:31:50.309+0800: 6.937: [CMS-concurrent-abortable-preclean-start]
2024-07-28T21:31:50.425+0800: 7.053: Application time: 0.1182078 seconds
2024-07-28T21:31:50.425+0800: 7.053: [GC (Allocation Failure) 2024-07-28T21:31:50.425+0800: 7.053: [ParNew: 77168K->8192K(78656K), 0.0126853 secs] 313349K->312981K(554004K), 0.0127671 secs] [Times: user=0.11 sys=0.00, real=0.01 secs] 
2024-07-28T21:31:50.438+0800: 7.066: Total time for which application threads were stopped: 0.0128869 seconds, Stopping threads took: 0.0000185 seconds
2024-07-28T21:31:50.548+0800: 7.176: Application time: 0.1094177 seconds
2024-07-28T21:31:50.548+0800: 7.176: [GC (Allocation Failure) 2024-07-28T21:31:50.548+0800: 7.176: [ParNew: 77168K->8192K(78656K), 0.0045243 secs] 381958K->329366K(554004K), 0.0045832 secs] [Times: user=0.03 sys=0.00, real=0.00 secs] 
2024-07-28T21:31:50.552+0800: 7.180: Total time for which application threads were stopped: 0.0046934 seconds, Stopping threads took: 0.0000199 seconds
2024-07-28T21:31:50.552+0800: 7.180: [CMS-concurrent-abortable-preclean: 0.006/0.243 secs] [Times: user=0.14 sys=0.00, real=0.24 secs] 
2024-07-28T21:31:50.553+0800: 7.181: Application time: 0.0003450 seconds
2024-07-28T21:31:50.553+0800: 7.181: [GC (CMS Final Remark) [YG occupancy: 13679 K (78656 K)]2024-07-28T21:31:50.553+0800: 7.181: [Rescan (parallel) , 0.0007986 secs]2024-07-28T21:31:50.554+0800: 7.182: [weak refs processing, 0.0000126 secs]2024-07-28T21:31:50.554+0800: 7.182: [class unloading, 0.0002146 secs]2024-07-28T21:31:50.554+0800: 7.182: [scrub symbol table, 0.0003459 secs]2024-07-28T21:31:50.554+0800: 7.182: [scrub string table, 0.0001003 secs][1 CMS-remark: 321174K(475348K)] 334853K(554004K), 0.0015470 secs] [Times: user=0.00 sys=0.00, real=0.00 secs] 
2024-07-28T21:31:50.554+0800: 7.182: Total time for which application threads were stopped: 0.0017296 seconds, Stopping threads took: 0.0001469 seconds
2024-07-28T21:31:50.555+0800: 7.183: [CMS-concurrent-sweep-start]
2024-07-28T21:31:50.556+0800: 7.184: [CMS-concurrent-sweep: 0.001/0.001 secs] [Times: user=0.00 sys=0.00, real=0.00 secs] 
2024-07-28T21:31:50.556+0800: 7.184: [CMS-concurrent-reset-start]
2024-07-28T21:31:50.557+0800: 7.185: [CMS-concurrent-reset: 0.001/0.001 secs] [Times: user=0.00 sys=0.00, real=0.00 secs] 
2024-07-28T21:31:50.560+0800: 7.188: Application time: 0.0052298 seconds
2024-07-28T21:31:50.560+0800: 7.188: [GC (Allocation Failure) 2024-07-28T21:31:50.560+0800: 7.188: [ParNew: 77168K->8192K(78656K), 0.0120956 secs] 246788K->246420K(554004K), 0.0121448 secs] [Times: user=0.03 sys=0.00, real=0.01 secs] 
2024-07-28T21:31:50.572+0800: 7.200: Total time for which application threads were stopped: 0.0122464 seconds, Stopping threads took: 0.0000158 seconds
2024-07-28T21:31:50.572+0800: 7.200: Application time: 0.0002094 seconds
2024-07-28T21:31:50.572+0800: 7.200: [GC (CMS Initial Mark) [1 CMS-initial-mark: 238228K(475348K)] 249860K(554004K), 0.0007591 secs] [Times: user=0.00 sys=0.00, real=0.00 secs] 
2024-07-28T21:31:50.573+0800: 7.201: Total time for which application threads were stopped: 0.0009300 seconds, Stopping threads took: 0.0001261 seconds
2024-07-28T21:31:50.573+0800: 7.201: [CMS-concurrent-mark-start]
2024-07-28T21:31:50.575+0800: 7.203: [CMS-concurrent-mark: 0.001/0.001 secs] [Times: user=0.00 sys=0.00, real=0.00 secs] 
2024-07-28T21:31:50.575+0800: 7.203: [CMS-concurrent-preclean-start]
2024-07-28T21:31:50.575+0800: 7.203: [CMS-concurrent-preclean: 0.001/0.001 secs] [Times: user=0.00 sys=0.00, real=0.00 secs] 
2024-07-28T21:31:50.575+0800: 7.203: [CMS-concurrent-abortable-preclean-start]
2024-07-28T21:31:50.691+0800: 7.318: Application time: 0.1173146 seconds
2024-07-28T21:31:50.691+0800: 7.318: [GC (Allocation Failure) 2024-07-28T21:31:50.691+0800: 7.319: [ParNew: 77168K->8200K(78656K), 0.0123772 secs] 315397K->315038K(554004K), 0.0124495 secs] [Times: user=0.03 sys=0.00, real=0.01 secs] 
2024-07-28T21:31:50.703+0800: 7.331: Total time for which application threads were stopped: 0.0125767 seconds, Stopping threads took: 0.0000248 seconds
2024-07-28T21:31:50.813+0800: 7.441: Application time: 0.1099072 seconds
2024-07-28T21:31:50.813+0800: 7.441: [GC (Allocation Failure) 2024-07-28T21:31:50.813+0800: 7.441: [ParNew: 77176K->8192K(78656K), 0.0049624 secs] 384014K->332438K(554004K), 0.0050309 secs] [Times: user=0.03 sys=0.00, real=0.01 secs] 
2024-07-28T21:31:50.818+0800: 7.446: Total time for which application threads were stopped: 0.0051410 seconds, Stopping threads took: 0.0000193 seconds
2024-07-28T21:31:50.818+0800: 7.446: [CMS-concurrent-abortable-preclean: 0.006/0.243 secs] [Times: user=0.06 sys=0.00, real=0.24 secs] 
2024-07-28T21:31:50.818+0800: 7.446: Application time: 0.0003156 seconds
2024-07-28T21:31:50.818+0800: 7.446: [GC (CMS Final Remark) [YG occupancy: 12655 K (78656 K)]2024-07-28T21:31:50.818+0800: 7.447: [Rescan (parallel) , 0.0009378 secs]2024-07-28T21:31:50.819+0800: 7.447: [weak refs processing, 0.0000130 secs]2024-07-28T21:31:50.819+0800: 7.447: [class unloading, 0.0002244 secs]2024-07-28T21:31:50.820+0800: 7.448: [scrub symbol table, 0.0003439 secs]2024-07-28T21:31:50.820+0800: 7.448: [scrub string table, 0.0001126 secs][1 CMS-remark: 324246K(475348K)] 336902K(554004K), 0.0016957 secs] [Times: user=0.00 sys=0.00, real=0.00 secs] 
2024-07-28T21:31:50.820+0800: 7.448: Total time for which application threads were stopped: 0.0018441 seconds, Stopping threads took: 0.0001123 seconds
2024-07-28T21:31:50.820+0800: 7.448: [CMS-concurrent-sweep-start]
2024-07-28T21:31:50.822+0800: 7.450: [CMS-concurrent-sweep: 0.001/0.001 secs] [Times: user=0.00 sys=0.00, real=0.00 secs] 
2024-07-28T21:31:50.822+0800: 7.450: [CMS-concurrent-reset-start]
2024-07-28T21:31:50.823+0800: 7.451: [CMS-concurrent-reset: 0.001/0.001 secs] [Times: user=0.00 sys=0.00, real=0.00 secs] 
2024-07-28T21:31:50.825+0800: 7.453: Application time: 0.0050800 seconds
2024-07-28T21:31:50.825+0800: 7.453: [GC (Allocation Failure) 2024-07-28T21:31:50.825+0800: 7.453: [ParNew: 77168K->8192K(78656K), 0.0121878 secs] 248837K->248469K(554004K), 0.0122371 secs] [Times: user=0.03 sys=0.00, real=0.01 secs] 
2024-07-28T21:31:50.838+0800: 7.466: Total time for which application threads were stopped: 0.0123348 seconds, Stopping threads took: 0.0000135 seconds
2024-07-28T21:31:50.838+0800: 7.466: Application time: 0.0002616 seconds
2024-07-28T21:31:50.838+0800: 7.466: [GC (CMS Initial Mark) [1 CMS-initial-mark: 240277K(475348K)] 251909K(554004K), 0.0008385 secs] [Times: user=0.00 sys=0.00, real=0.00 secs] 
2024-07-28T21:31:50.839+0800: 7.467: Total time for which application threads were stopped: 0.0009645 seconds, Stopping threads took: 0.0000836 seconds
2024-07-28T21:31:50.839+0800: 7.467: [CMS-concurrent-mark-start]
2024-07-28T21:31:50.840+0800: 7.468: [CMS-concurrent-mark: 0.001/0.001 secs] [Times: user=0.00 sys=0.00, real=0.00 secs] 
2024-07-28T21:31:50.840+0800: 7.468: [CMS-concurrent-preclean-start]
2024-07-28T21:31:50.841+0800: 7.469: [CMS-concurrent-preclean: 0.001/0.001 secs] [Times: user=0.00 sys=0.00, real=0.00 secs] 
2024-07-28T21:31:50.841+0800: 7.469: [CMS-concurrent-abortable-preclean-start]
2024-07-28T21:31:50.957+0800: 7.585: Application time: 0.1182032 seconds
2024-07-28T21:31:50.957+0800: 7.585: [GC (Allocation Failure) 2024-07-28T21:31:50.957+0800: 7.585: [ParNew: 77168K->8192K(78656K), 0.0127883 secs] 317446K->317078K(554004K), 0.0128667 secs] [Times: user=0.13 sys=0.00, real=0.01 secs] 
2024-07-28T21:31:50.970+0800: 7.598: Total time for which application threads were stopped: 0.0129843 seconds, Stopping threads took: 0.0000256 seconds
2024-07-28T21:31:51.082+0800: 7.710: Application time: 0.1121667 seconds
2024-07-28T21:31:51.082+0800: 7.710: [GC (Allocation Failure) 2024-07-28T21:31:51.082+0800: 7.710: [ParNew: 77168K->8192K(78656K), 0.0048785 secs] 386055K->335510K(554004K), 0.0049513 secs] [Times: user=0.09 sys=0.00, real=0.00 secs] 
2024-07-28T21:31:51.087+0800: 7.715: Total time for which application threads were stopped: 0.0050758 seconds, Stopping threads took: 0.0000232 seconds
2024-07-28T21:31:51.087+0800: 7.715: [CMS-concurrent-abortable-preclean: 0.006/0.246 secs] [Times: user=0.23 sys=0.00, real=0.25 secs] 
2024-07-28T21:31:51.088+0800: 7.716: Application time: 0.0002935 seconds
2024-07-28T21:31:51.088+0800: 7.716: [GC (CMS Final Remark) [YG occupancy: 12655 K (78656 K)]2024-07-28T21:31:51.088+0800: 7.716: [Rescan (parallel) , 0.0008952 secs]2024-07-28T21:31:51.089+0800: 7.717: [weak refs processing, 0.0000129 secs]2024-07-28T21:31:51.089+0800: 7.717: [class unloading, 0.0002367 secs]2024-07-28T21:31:51.089+0800: 7.717: [scrub symbol table, 0.0003434 secs]2024-07-28T21:31:51.089+0800: 7.717: [scrub string table, 0.0000992 secs][1 CMS-remark: 327318K(475348K)] 339974K(554004K), 0.0016503 secs] [Times: user=0.00 sys=0.00, real=0.00 secs] 
2024-07-28T21:31:51.089+0800: 7.717: Total time for which application threads were stopped: 0.0017664 seconds, Stopping threads took: 0.0000777 seconds
2024-07-28T21:31:51.090+0800: 7.718: [CMS-concurrent-sweep-start]
2024-07-28T21:31:51.091+0800: 7.719: [CMS-concurrent-sweep: 0.002/0.002 secs] [Times: user=0.00 sys=0.00, real=0.00 secs] 
2024-07-28T21:31:51.091+0800: 7.720: [CMS-concurrent-reset-start]
2024-07-28T21:31:51.093+0800: 7.721: [CMS-concurrent-reset: 0.002/0.002 secs] [Times: user=0.00 sys=0.00, real=0.00 secs] 
2024-07-28T21:31:51.095+0800: 7.723: Application time: 0.0053539 seconds
2024-07-28T21:31:51.095+0800: 7.723: [GC (Allocation Failure) 2024-07-28T21:31:51.095+0800: 7.723: [ParNew: 77168K->8192K(78656K), 0.0121158 secs] 250885K->250517K(554004K), 0.0121799 secs] [Times: user=0.03 sys=0.00, real=0.01 secs] 
2024-07-28T21:31:51.107+0800: 7.735: Total time for which application threads were stopped: 0.0122944 seconds, Stopping threads took: 0.0000171 seconds
2024-07-28T21:31:51.107+0800: 7.735: Application time: 0.0001584 seconds
2024-07-28T21:31:51.107+0800: 7.735: [GC (CMS Initial Mark) [1 CMS-initial-mark: 242325K(475348K)] 253957K(554004K), 0.0006729 secs] [Times: user=0.00 sys=0.00, real=0.00 secs] 
2024-07-28T21:31:51.108+0800: 7.736: Total time for which application threads were stopped: 0.0008695 seconds, Stopping threads took: 0.0001528 seconds
2024-07-28T21:31:51.108+0800: 7.736: [CMS-concurrent-mark-start]
2024-07-28T21:31:51.109+0800: 7.737: [CMS-concurrent-mark: 0.001/0.001 secs] [Times: user=0.00 sys=0.00, real=0.00 secs] 
2024-07-28T21:31:51.109+0800: 7.737: [CMS-concurrent-preclean-start]
2024-07-28T21:31:51.110+0800: 7.738: [CMS-concurrent-preclean: 0.001/0.001 secs] [Times: user=0.00 sys=0.00, real=0.00 secs] 
2024-07-28T21:31:51.110+0800: 7.738: [CMS-concurrent-abortable-preclean-start]
2024-07-28T21:31:51.227+0800: 7.855: Application time: 0.1186729 seconds
2024-07-28T21:31:51.227+0800: 7.855: [GC (Allocation Failure) 2024-07-28T21:31:51.227+0800: 7.855: [ParNew: 77168K->8192K(78656K), 0.0119596 secs] 319494K->319126K(554004K), 0.0120161 secs] [Times: user=0.01 sys=0.00, real=0.01 secs] 
2024-07-28T21:31:51.239+0800: 7.867: Total time for which application threads were stopped: 0.0121247 seconds, Stopping threads took: 0.0000182 seconds
2024-07-28T21:31:51.349+0800: 7.977: Application time: 0.1096692 seconds
2024-07-28T21:31:51.349+0800: 7.977: [GC (Allocation Failure) 2024-07-28T21:31:51.349+0800: 7.977: [ParNew: 77168K->8192K(78656K), 0.0051634 secs] 388103K->338582K(554004K), 0.0052272 secs] [Times: user=0.00 sys=0.00, real=0.01 secs] 
2024-07-28T21:31:51.354+0800: 7.982: Total time for which application threads were stopped: 0.0053378 seconds, Stopping threads took: 0.0000192 seconds
2024-07-28T21:31:51.354+0800: 7.982: [CMS-concurrent-abortable-preclean: 0.006/0.244 secs] [Times: user=0.08 sys=0.00, real=0.24 secs] 
2024-07-28T21:31:51.355+0800: 7.982: Application time: 0.0002027 seconds
2024-07-28T21:31:51.355+0800: 7.982: [GC (CMS Final Remark) [YG occupancy: 11631 K (78656 K)]2024-07-28T21:31:51.355+0800: 7.982: [Rescan (parallel) , 0.0007827 secs]2024-07-28T21:31:51.355+0800: 7.983: [weak refs processing, 0.0000128 secs]2024-07-28T21:31:51.355+0800: 7.983: [class unloading, 0.0002202 secs]2024-07-28T21:31:51.355+0800: 7.983: [scrub symbol table, 0.0003462 secs]2024-07-28T21:31:51.355+0800: 7.984: [scrub string table, 0.0001116 secs][1 CMS-remark: 330390K(475348K)] 342022K(554004K), 0.0015430 secs] [Times: user=0.00 sys=0.00, real=0.00 secs] 
2024-07-28T21:31:51.355+0800: 7.984: Total time for which application threads were stopped: 0.0017451 seconds, Stopping threads took: 0.0001610 seconds
2024-07-28T21:31:51.356+0800: 7.984: [CMS-concurrent-sweep-start]
2024-07-28T21:31:51.357+0800: 7.986: [CMS-concurrent-sweep: 0.002/0.002 secs] [Times: user=0.00 sys=0.00, real=0.00 secs] 
2024-07-28T21:31:51.357+0800: 7.986: [CMS-concurrent-reset-start]
2024-07-28T21:31:51.359+0800: 7.987: [CMS-concurrent-reset: 0.001/0.001 secs] [Times: user=0.00 sys=0.00, real=0.00 secs] 
2024-07-28T21:31:51.362+0800: 7.989: Application time: 0.0054745 seconds
2024-07-28T21:31:51.362+0800: 7.989: [GC (Allocation Failure) 2024-07-28T21:31:51.362+0800: 7.989: [ParNew: 77168K->8192K(78656K), 0.0122049 secs] 252933K->252565K(554004K), 0.0122560 secs] [Times: user=0.03 sys=0.00, real=0.01 secs] 
2024-07-28T21:31:51.373+0800: 8.002: Total time for which application threads were stopped: 0.0123621 seconds, Stopping threads took: 0.0000174 seconds
2024-07-28T21:31:51.373+0800: 8.002: Application time: 0.0001622 seconds
2024-07-28T21:31:51.374+0800: 8.002: [GC (CMS Initial Mark) [1 CMS-initial-mark: 244373K(475348K)] 256005K(554004K), 0.0006591 secs] [Times: user=0.00 sys=0.00, real=0.00 secs] 
2024-07-28T21:31:51.374+0800: 8.003: Total time for which application threads were stopped: 0.0008007 seconds, Stopping threads took: 0.0000971 seconds
2024-07-28T21:31:51.374+0800: 8.003: [CMS-concurrent-mark-start]
2024-07-28T21:31:51.375+0800: 8.004: [CMS-concurrent-mark: 0.001/0.001 secs] [Times: user=0.00 sys=0.00, real=0.00 secs] 
2024-07-28T21:31:51.375+0800: 8.004: [CMS-concurrent-preclean-start]
2024-07-28T21:31:51.376+0800: 8.005: [CMS-concurrent-preclean: 0.001/0.001 secs] [Times: user=0.00 sys=0.00, real=0.00 secs] 
2024-07-28T21:31:51.376+0800: 8.005: [CMS-concurrent-abortable-preclean-start]
2024-07-28T21:31:51.491+0800: 8.119: Application time: 0.1164809 seconds
2024-07-28T21:31:51.491+0800: 8.119: [GC (Allocation Failure) 2024-07-28T21:31:51.491+0800: 8.119: [ParNew: 77168K->8192K(78656K), 0.0121040 secs] 321542K->321174K(554004K), 0.0121758 secs] [Times: user=0.00 sys=0.00, real=0.01 secs] 
2024-07-28T21:31:51.503+0800: 8.131: Total time for which application threads were stopped: 0.0122896 seconds, Stopping threads took: 0.0000209 seconds
2024-07-28T21:31:51.615+0800: 8.243: Application time: 0.1119684 seconds
2024-07-28T21:31:51.615+0800: 8.243: [GC (Allocation Failure) 2024-07-28T21:31:51.615+0800: 8.243: [ParNew: 77168K->8192K(78656K), 0.0051763 secs] 390151K->341654K(554004K), 0.0052365 secs] [Times: user=0.00 sys=0.00, real=0.00 secs] 
2024-07-28T21:31:51.620+0800: 8.249: Total time for which application threads were stopped: 0.0053730 seconds, Stopping threads took: 0.0000333 seconds
2024-07-28T21:31:51.620+0800: 8.249: [CMS-concurrent-abortable-preclean: 0.006/0.244 secs] [Times: user=0.05 sys=0.00, real=0.24 secs] 
2024-07-28T21:31:51.621+0800: 8.249: Application time: 0.0003072 seconds
2024-07-28T21:31:51.621+0800: 8.249: [GC (CMS Final Remark) [YG occupancy: 12655 K (78656 K)]2024-07-28T21:31:51.621+0800: 8.249: [Rescan (parallel) , 0.0010249 secs]2024-07-28T21:31:51.622+0800: 8.250: [weak refs processing, 0.0000134 secs]2024-07-28T21:31:51.622+0800: 8.250: [class unloading, 0.0002319 secs]2024-07-28T21:31:51.622+0800: 8.251: [scrub symbol table, 0.0003464 secs]2024-07-28T21:31:51.623+0800: 8.251: [scrub string table, 0.0001037 secs][1 CMS-remark: 333462K(475348K)] 346118K(554004K), 0.0017859 secs] [Times: user=0.00 sys=0.00, real=0.00 secs] 
2024-07-28T21:31:51.623+0800: 8.251: Total time for which application threads were stopped: 0.0019942 seconds, Stopping threads took: 0.0001719 seconds
2024-07-28T21:31:51.623+0800: 8.251: [CMS-concurrent-sweep-start]
2024-07-28T21:31:51.624+0800: 8.253: [CMS-concurrent-sweep: 0.001/0.001 secs] [Times: user=0.00 sys=0.00, real=0.00 secs] 
2024-07-28T21:31:51.625+0800: 8.253: [CMS-concurrent-reset-start]
2024-07-28T21:31:51.626+0800: 8.254: [CMS-concurrent-reset: 0.001/0.001 secs] [Times: user=0.00 sys=0.00, real=0.00 secs] 
2024-07-28T21:31:51.628+0800: 8.256: Application time: 0.0051379 seconds
2024-07-28T21:31:51.628+0800: 8.256: [GC (Allocation Failure) 2024-07-28T21:31:51.628+0800: 8.256: [ParNew: 77168K->8192K(78656K), 0.0121625 secs] 254981K->254613K(554004K), 0.0122293 secs] [Times: user=0.03 sys=0.00, real=0.01 secs] 
2024-07-28T21:31:51.640+0800: 8.269: Total time for which application threads were stopped: 0.0123416 seconds, Stopping threads took: 0.0000144 seconds
2024-07-28T21:31:51.640+0800: 8.269: Application time: 0.0001645 seconds
2024-07-28T21:31:51.641+0800: 8.269: [GC (CMS Initial Mark) [1 CMS-initial-mark: 246421K(475348K)] 258053K(554004K), 0.0008555 secs] [Times: user=0.00 sys=0.00, real=0.00 secs] 
2024-07-28T21:31:51.641+0800: 8.270: Total time for which application threads were stopped: 0.0010450 seconds, Stopping threads took: 0.0001464 seconds
2024-07-28T21:31:51.641+0800: 8.270: [CMS-concurrent-mark-start]
2024-07-28T21:31:51.643+0800: 8.271: [CMS-concurrent-mark: 0.001/0.001 secs] [Times: user=0.00 sys=0.00, real=0.00 secs] 
2024-07-28T21:31:51.643+0800: 8.271: [CMS-concurrent-preclean-start]
2024-07-28T21:31:51.643+0800: 8.271: [CMS-concurrent-preclean: 0.001/0.001 secs] [Times: user=0.00 sys=0.00, real=0.00 secs] 
2024-07-28T21:31:51.643+0800: 8.272: [CMS-concurrent-abortable-preclean-start]
2024-07-28T21:31:51.757+0800: 8.385: Application time: 0.1149025 seconds
2024-07-28T21:31:51.757+0800: 8.385: [GC (Allocation Failure) 2024-07-28T21:31:51.757+0800: 8.385: [ParNew: 77168K->8192K(78656K), 0.0128879 secs] 323590K->323222K(554004K), 0.0129599 secs] [Times: user=0.00 sys=0.00, real=0.01 secs] 
2024-07-28T21:31:51.770+0800: 8.398: Total time for which application threads were stopped: 0.0130824 seconds, Stopping threads took: 0.0000248 seconds
2024-07-28T21:31:51.880+0800: 8.508: Application time: 0.1106966 seconds
2024-07-28T21:31:51.880+0800: 8.509: [GC (Allocation Failure) 2024-07-28T21:31:51.880+0800: 8.509: [ParNew: 77168K->8192K(78656K), 0.0054327 secs] 392199K->344726K(554004K), 0.0054945 secs] [Times: user=0.00 sys=0.00, real=0.01 secs] 
2024-07-28T21:31:51.886+0800: 8.514: Total time for which application threads were stopped: 0.0056047 seconds, Stopping threads took: 0.0000190 seconds
2024-07-28T21:31:51.886+0800: 8.514: [CMS-concurrent-abortable-preclean: 0.006/0.243 secs] [Times: user=0.08 sys=0.00, real=0.24 secs] 
2024-07-28T21:31:51.886+0800: 8.514: Application time: 0.0004093 seconds
2024-07-28T21:31:51.886+0800: 8.515: [GC (CMS Final Remark) [YG occupancy: 14703 K (78656 K)]2024-07-28T21:31:51.886+0800: 8.515: [Rescan (parallel) , 0.0009179 secs]2024-07-28T21:31:51.887+0800: 8.516: [weak refs processing, 0.0000130 secs]2024-07-28T21:31:51.887+0800: 8.516: [class unloading, 0.0002325 secs]2024-07-28T21:31:51.888+0800: 8.516: [scrub symbol table, 0.0004085 secs]2024-07-28T21:31:51.888+0800: 8.516: [scrub string table, 0.0000956 secs][1 CMS-remark: 336534K(475348K)] 351238K(554004K), 0.0017522 secs] [Times: user=0.00 sys=0.00, real=0.00 secs] 
2024-07-28T21:31:51.888+0800: 8.516: Total time for which application threads were stopped: 0.0019285 seconds, Stopping threads took: 0.0001361 seconds
2024-07-28T21:31:51.888+0800: 8.517: [CMS-concurrent-sweep-start]
2024-07-28T21:31:51.890+0800: 8.518: [CMS-concurrent-sweep: 0.002/0.002 secs] [Times: user=0.00 sys=0.00, real=0.00 secs] 
2024-07-28T21:31:51.890+0800: 8.518: [CMS-concurrent-reset-start]
2024-07-28T21:31:51.892+0800: 8.520: [CMS-concurrent-reset: 0.001/0.001 secs] [Times: user=0.00 sys=0.00, real=0.00 secs] 
2024-07-28T21:31:51.893+0800: 8.522: Application time: 0.0051214 seconds
2024-07-28T21:31:51.893+0800: 8.522: [GC (Allocation Failure) 2024-07-28T21:31:51.893+0800: 8.522: [ParNew: 77168K->8192K(78656K), 0.0126069 secs] 257029K->256661K(554004K), 0.0126567 secs] [Times: user=0.03 sys=0.00, real=0.01 secs] 
2024-07-28T21:31:51.906+0800: 8.534: Total time for which application threads were stopped: 0.0127652 seconds, Stopping threads took: 0.0000159 seconds
2024-07-28T21:31:51.906+0800: 8.535: Application time: 0.0002283 seconds
2024-07-28T21:31:51.906+0800: 8.535: [GC (CMS Initial Mark) [1 CMS-initial-mark: 248469K(475348K)] 260101K(554004K), 0.0004486 secs] [Times: user=0.00 sys=0.00, real=0.00 secs] 
2024-07-28T21:31:51.907+0800: 8.535: Total time for which application threads were stopped: 0.0006623 seconds, Stopping threads took: 0.0001681 seconds
2024-07-28T21:31:51.907+0800: 8.535: [CMS-concurrent-mark-start]
2024-07-28T21:31:51.908+0800: 8.536: [CMS-concurrent-mark: 0.001/0.001 secs] [Times: user=0.00 sys=0.00, real=0.00 secs] 
2024-07-28T21:31:51.908+0800: 8.536: [CMS-concurrent-preclean-start]
2024-07-28T21:31:51.909+0800: 8.537: [CMS-concurrent-preclean: 0.001/0.001 secs] [Times: user=0.00 sys=0.00, real=0.00 secs] 
2024-07-28T21:31:51.909+0800: 8.537: [CMS-concurrent-abortable-preclean-start]
2024-07-28T21:31:52.024+0800: 8.652: Application time: 0.1169285 seconds
2024-07-28T21:31:52.024+0800: 8.652: [GC (Allocation Failure) 2024-07-28T21:31:52.024+0800: 8.652: [ParNew: 77168K->8192K(78656K), 0.0122990 secs] 325638K->325270K(554004K), 0.0123561 secs] [Times: user=0.03 sys=0.00, real=0.01 secs] 
2024-07-28T21:31:52.036+0800: 8.665: Total time for which application threads were stopped: 0.0124894 seconds, Stopping threads took: 0.0000201 seconds
2024-07-28T21:31:52.148+0800: 8.777: Application time: 0.1120595 seconds
2024-07-28T21:31:52.148+0800: 8.777: [GC (Allocation Failure) 2024-07-28T21:31:52.148+0800: 8.777: [ParNew: 77168K->8192K(78656K), 0.0053675 secs] 394247K->347798K(554004K), 0.0054423 secs] [Times: user=0.00 sys=0.00, real=0.01 secs] 
2024-07-28T21:31:52.154+0800: 8.782: Total time for which application threads were stopped: 0.0055526 seconds, Stopping threads took: 0.0000201 seconds
2024-07-28T21:31:52.154+0800: 8.782: [CMS-concurrent-abortable-preclean: 0.006/0.245 secs] [Times: user=0.06 sys=0.00, real=0.25 secs] 
2024-07-28T21:31:52.154+0800: 8.783: Application time: 0.0003205 seconds
2024-07-28T21:31:52.154+0800: 8.783: [GC (CMS Final Remark) [YG occupancy: 12655 K (78656 K)]2024-07-28T21:31:52.154+0800: 8.783: [Rescan (parallel) , 0.0010059 secs]2024-07-28T21:31:52.155+0800: 8.784: [weak refs processing, 0.0000132 secs]2024-07-28T21:31:52.155+0800: 8.784: [class unloading, 0.0002266 secs]2024-07-28T21:31:52.156+0800: 8.784: [scrub symbol table, 0.0003441 secs]2024-07-28T21:31:52.156+0800: 8.784: [scrub string table, 0.0000918 secs][1 CMS-remark: 339606K(475348K)] 352262K(554004K), 0.0017458 secs] [Times: user=0.00 sys=0.00, real=0.00 secs] 
2024-07-28T21:31:52.156+0800: 8.784: Total time for which application threads were stopped: 0.0019220 seconds, Stopping threads took: 0.0001404 seconds
2024-07-28T21:31:52.156+0800: 8.785: [CMS-concurrent-sweep-start]
2024-07-28T21:31:52.158+0800: 8.786: [CMS-concurrent-sweep: 0.001/0.001 secs] [Times: user=0.00 sys=0.00, real=0.00 secs] 
2024-07-28T21:31:52.158+0800: 8.786: [CMS-concurrent-reset-start]
2024-07-28T21:31:52.159+0800: 8.787: [CMS-concurrent-reset: 0.001/0.001 secs] [Times: user=0.00 sys=0.00, real=0.00 secs] 
2024-07-28T21:31:52.161+0800: 8.790: Application time: 0.0050659 seconds
2024-07-28T21:31:52.161+0800: 8.790: [GC (Allocation Failure) 2024-07-28T21:31:52.161+0800: 8.790: [ParNew: 77168K->8192K(78656K), 0.0119467 secs] 259077K->258709K(554004K), 0.0119962 secs] [Times: user=0.00 sys=0.00, real=0.01 secs] 
2024-07-28T21:31:52.173+0800: 8.802: Total time for which application threads were stopped: 0.0120998 seconds, Stopping threads took: 0.0000148 seconds
2024-07-28T21:31:52.174+0800: 8.802: Application time: 0.0002325 seconds
2024-07-28T21:31:52.174+0800: 8.802: [GC (CMS Initial Mark) [1 CMS-initial-mark: 250517K(475348K)] 262149K(554004K), 0.0007978 secs] [Times: user=0.00 sys=0.00, real=0.00 secs] 
2024-07-28T21:31:52.175+0800: 8.803: Total time for which application threads were stopped: 0.0009540 seconds, Stopping threads took: 0.0000817 seconds
2024-07-28T21:31:52.175+0800: 8.803: [CMS-concurrent-mark-start]
2024-07-28T21:31:52.176+0800: 8.804: [CMS-concurrent-mark: 0.001/0.001 secs] [Times: user=0.03 sys=0.02, real=0.00 secs] 
2024-07-28T21:31:52.176+0800: 8.804: [CMS-concurrent-preclean-start]
2024-07-28T21:31:52.176+0800: 8.805: [CMS-concurrent-preclean: 0.001/0.001 secs] [Times: user=0.00 sys=0.00, real=0.00 secs] 
2024-07-28T21:31:52.176+0800: 8.805: [CMS-concurrent-abortable-preclean-start]
2024-07-28T21:31:52.293+0800: 8.921: Application time: 0.1178918 seconds
2024-07-28T21:31:52.293+0800: 8.921: [GC (Allocation Failure) 2024-07-28T21:31:52.293+0800: 8.921: [ParNew: 77168K->8192K(78656K), 0.0124571 secs] 327686K->327318K(554004K), 0.0125305 secs] [Times: user=0.03 sys=0.00, real=0.01 secs] 
2024-07-28T21:31:52.305+0800: 8.933: Total time for which application threads were stopped: 0.0126476 seconds, Stopping threads took: 0.0000234 seconds
2024-07-28T21:31:52.417+0800: 9.045: Application time: 0.1118083 seconds
2024-07-28T21:31:52.417+0800: 9.045: [GC (Allocation Failure) 2024-07-28T21:31:52.417+0800: 9.045: [ParNew: 77168K->8192K(78656K), 0.0056509 secs] 396295K->350870K(554004K), 0.0057100 secs] [Times: user=0.00 sys=0.00, real=0.01 secs] 
2024-07-28T21:31:52.423+0800: 9.051: Total time for which application threads were stopped: 0.0058192 seconds, Stopping threads took: 0.0000197 seconds
2024-07-28T21:31:52.423+0800: 9.051: [CMS-concurrent-abortable-preclean: 0.006/0.247 secs] [Times: user=0.03 sys=0.00, real=0.25 secs] 
2024-07-28T21:31:52.423+0800: 9.051: Application time: 0.0003322 seconds
2024-07-28T21:31:52.423+0800: 9.051: [GC (CMS Final Remark) [YG occupancy: 12655 K (78656 K)]2024-07-28T21:31:52.424+0800: 9.052: [Rescan (parallel) , 0.0009842 secs]2024-07-28T21:31:52.425+0800: 9.053: [weak refs processing, 0.0000134 secs]2024-07-28T21:31:52.425+0800: 9.053: [class unloading, 0.0002138 secs]2024-07-28T21:31:52.425+0800: 9.053: [scrub symbol table, 0.0003138 secs]2024-07-28T21:31:52.425+0800: 9.053: [scrub string table, 0.0000911 secs][1 CMS-remark: 342678K(475348K)] 355334K(554004K), 0.0017209 secs] [Times: user=0.00 sys=0.00, real=0.00 secs] 
2024-07-28T21:31:52.425+0800: 9.053: Total time for which application threads were stopped: 0.0018745 seconds, Stopping threads took: 0.0001112 seconds
2024-07-28T21:31:52.425+0800: 9.053: [CMS-concurrent-sweep-start]
2024-07-28T21:31:52.427+0800: 9.055: [CMS-concurrent-sweep: 0.002/0.002 secs] [Times: user=0.03 sys=0.00, real=0.00 secs] 
2024-07-28T21:31:52.427+0800: 9.055: [CMS-concurrent-reset-start]
2024-07-28T21:31:52.428+0800: 9.056: [CMS-concurrent-reset: 0.001/0.001 secs] [Times: user=0.00 sys=0.00, real=0.00 secs] 
2024-07-28T21:31:52.430+0800: 9.058: Application time: 0.0048154 seconds
2024-07-28T21:31:52.430+0800: 9.058: [GC (Allocation Failure) 2024-07-28T21:31:52.430+0800: 9.058: [ParNew: 77168K->8192K(78656K), 0.0121407 secs] 261125K->260757K(554004K), 0.0121891 secs] [Times: user=0.03 sys=0.00, real=0.01 secs] 
2024-07-28T21:31:52.442+0800: 9.070: Total time for which application threads were stopped: 0.0123023 seconds, Stopping threads took: 0.0000141 seconds
2024-07-28T21:31:52.442+0800: 9.070: Application time: 0.0001132 seconds
2024-07-28T21:31:52.443+0800: 9.071: [GC (CMS Initial Mark) [1 CMS-initial-mark: 252565K(475348K)] 264197K(554004K), 0.0005187 secs] [Times: user=0.00 sys=0.00, real=0.00 secs] 
2024-07-28T21:31:52.443+0800: 9.071: Total time for which application threads were stopped: 0.0006989 seconds, Stopping threads took: 0.0001331 seconds
2024-07-28T21:31:52.443+0800: 9.071: [CMS-concurrent-mark-start]
2024-07-28T21:31:52.444+0800: 9.072: [CMS-concurrent-mark: 0.001/0.001 secs] [Times: user=0.00 sys=0.00, real=0.00 secs] 
2024-07-28T21:31:52.444+0800: 9.072: [CMS-concurrent-preclean-start]
2024-07-28T21:31:52.445+0800: 9.073: [CMS-concurrent-preclean: 0.001/0.001 secs] [Times: user=0.00 sys=0.00, real=0.00 secs] 
2024-07-28T21:31:52.445+0800: 9.073: [CMS-concurrent-abortable-preclean-start]
2024-07-28T21:31:52.559+0800: 9.188: Application time: 0.1165105 seconds
2024-07-28T21:31:52.560+0800: 9.188: [GC (Allocation Failure) 2024-07-28T21:31:52.560+0800: 9.188: [ParNew: 77168K->8192K(78656K), 0.0121293 secs] 329734K->329366K(554004K), 0.0121897 secs] [Times: user=0.03 sys=0.00, real=0.01 secs] 
2024-07-28T21:31:52.572+0800: 9.200: Total time for which application threads were stopped: 0.0123005 seconds, Stopping threads took: 0.0000185 seconds
2024-07-28T21:31:52.683+0800: 9.311: Application time: 0.1113964 seconds
2024-07-28T21:31:52.683+0800: 9.311: [GC (Allocation Failure) 2024-07-28T21:31:52.683+0800: 9.311: [ParNew: 77168K->8192K(78656K), 0.0056689 secs] 398343K->353943K(554004K), 0.0057294 secs] [Times: user=0.00 sys=0.00, real=0.01 secs] 
2024-07-28T21:31:52.689+0800: 9.317: Total time for which application threads were stopped: 0.0058427 seconds, Stopping threads took: 0.0000194 seconds
2024-07-28T21:31:52.689+0800: 9.317: [CMS-concurrent-abortable-preclean: 0.006/0.244 secs] [Times: user=0.03 sys=0.00, real=0.24 secs] 
2024-07-28T21:31:52.690+0800: 9.318: Application time: 0.0002999 seconds
2024-07-28T21:31:52.690+0800: 9.318: [GC (CMS Final Remark) [YG occupancy: 12655 K (78656 K)]2024-07-28T21:31:52.690+0800: 9.318: [Rescan (parallel) , 0.0007305 secs]2024-07-28T21:31:52.690+0800: 9.318: [weak refs processing, 0.0000131 secs]2024-07-28T21:31:52.690+0800: 9.318: [class unloading, 0.0002466 secs]2024-07-28T21:31:52.691+0800: 9.319: [scrub symbol table, 0.0003497 secs]2024-07-28T21:31:52.691+0800: 9.319: [scrub string table, 0.0001195 secs][1 CMS-remark: 345750K(475348K)] 358406K(554004K), 0.0015423 secs] [Times: user=0.00 sys=0.00, real=0.00 secs] 
2024-07-28T21:31:52.691+0800: 9.319: Total time for which application threads were stopped: 0.0017498 seconds, Stopping threads took: 0.0001598 seconds
2024-07-28T21:31:52.691+0800: 9.319: [CMS-concurrent-sweep-start]
2024-07-28T21:31:52.693+0800: 9.321: [CMS-concurrent-sweep: 0.001/0.001 secs] [Times: user=0.03 sys=0.00, real=0.00 secs] 
2024-07-28T21:31:52.693+0800: 9.321: [CMS-concurrent-reset-start]
2024-07-28T21:31:52.694+0800: 9.322: [CMS-concurrent-reset: 0.001/0.001 secs] [Times: user=0.00 sys=0.00, real=0.00 secs] 
2024-07-28T21:31:52.696+0800: 9.324: Application time: 0.0048701 seconds
2024-07-28T21:31:52.696+0800: 9.324: [GC (Allocation Failure) 2024-07-28T21:31:52.696+0800: 9.324: [ParNew: 77168K->8192K(78656K), 0.0121830 secs] 263173K->262805K(554004K), 0.0122310 secs] [Times: user=0.03 sys=0.00, real=0.01 secs] 
2024-07-28T21:31:52.708+0800: 9.336: Total time for which application threads were stopped: 0.0123299 seconds, Stopping threads took: 0.0000153 seconds
2024-07-28T21:31:52.709+0800: 9.337: Application time: 0.0001677 seconds
2024-07-28T21:31:52.709+0800: 9.337: [GC (CMS Initial Mark) [1 CMS-initial-mark: 254613K(475348K)] 265221K(554004K), 0.0008002 secs] [Times: user=0.00 sys=0.00, real=0.00 secs] 
2024-07-28T21:31:52.710+0800: 9.338: Total time for which application threads were stopped: 0.0008648 seconds, Stopping threads took: 0.0000167 seconds
2024-07-28T21:31:52.710+0800: 9.338: [CMS-concurrent-mark-start]
2024-07-28T21:31:52.711+0800: 9.339: [CMS-concurrent-mark: 0.001/0.001 secs] [Times: user=0.00 sys=0.00, real=0.00 secs] 
2024-07-28T21:31:52.711+0800: 9.339: [CMS-concurrent-preclean-start]
2024-07-28T21:31:52.711+0800: 9.339: [CMS-concurrent-preclean: 0.001/0.001 secs] [Times: user=0.00 sys=0.00, real=0.00 secs] 
2024-07-28T21:31:52.711+0800: 9.339: [CMS-concurrent-abortable-preclean-start]
2024-07-28T21:31:52.828+0800: 9.456: Application time: 0.1185086 seconds
2024-07-28T21:31:52.828+0800: 9.456: [GC (Allocation Failure) 2024-07-28T21:31:52.828+0800: 9.456: [ParNew: 77168K->8192K(78656K), 0.0124086 secs] 331782K->331414K(554004K), 0.0124670 secs] [Times: user=0.03 sys=0.00, real=0.01 secs] 
2024-07-28T21:31:52.840+0800: 9.469: Total time for which application threads were stopped: 0.0125827 seconds, Stopping threads took: 0.0000178 seconds
2024-07-28T21:31:52.950+0800: 9.578: Application time: 0.1094440 seconds
2024-07-28T21:31:52.950+0800: 9.578: [GC (Allocation Failure) 2024-07-28T21:31:52.950+0800: 9.578: [ParNew: 77171K->8192K(78656K), 0.0060871 secs] 400393K->357015K(554004K), 0.0061538 secs] [Times: user=0.00 sys=0.00, real=0.01 secs] 
2024-07-28T21:31:52.956+0800: 9.584: Total time for which application threads were stopped: 0.0062734 seconds, Stopping threads took: 0.0000185 seconds
2024-07-28T21:31:52.956+0800: 9.584: [CMS-concurrent-abortable-preclean: 0.005/0.245 secs] [Times: user=0.05 sys=0.00, real=0.25 secs] 
2024-07-28T21:31:52.956+0800: 9.585: Application time: 0.0002910 seconds
2024-07-28T21:31:52.956+0800: 9.585: [GC (CMS Final Remark) [YG occupancy: 12650 K (78656 K)]2024-07-28T21:31:52.956+0800: 9.585: [Rescan (parallel) , 0.0010014 secs]2024-07-28T21:31:52.957+0800: 9.586: [weak refs processing, 0.0000130 secs]2024-07-28T21:31:52.957+0800: 9.586: [class unloading, 0.0003235 secs]2024-07-28T21:31:52.958+0800: 9.586: [scrub symbol table, 0.0003434 secs]2024-07-28T21:31:52.958+0800: 9.586: [scrub string table, 0.0001009 secs][1 CMS-remark: 348822K(475348K)] 361473K(554004K), 0.0018498 secs] [Times: user=0.02 sys=0.00, real=0.00 secs] 
2024-07-28T21:31:52.958+0800: 9.587: Total time for which application threads were stopped: 0.0019815 seconds, Stopping threads took: 0.0000922 seconds
2024-07-28T21:31:52.959+0800: 9.587: [CMS-concurrent-sweep-start]
2024-07-28T21:31:52.960+0800: 9.588: [CMS-concurrent-sweep: 0.001/0.001 secs] [Times: user=0.00 sys=0.00, real=0.00 secs] 
2024-07-28T21:31:52.960+0800: 9.588: [CMS-concurrent-reset-start]
2024-07-28T21:31:52.961+0800: 9.589: [CMS-concurrent-reset: 0.001/0.001 secs] [Times: user=0.00 sys=0.00, real=0.00 secs] 
2024-07-28T21:31:53.073+0800: 9.701: Application time: 0.1139553 seconds
2024-07-28T21:31:53.073+0800: 9.701: [GC (Allocation Failure) 2024-07-28T21:31:53.073+0800: 9.701: [ParNew: 77163K->8192K(78656K), 0.0124513 secs] 265215K->264853K(554004K), 0.0125242 secs] [Times: user=0.03 sys=0.00, real=0.01 secs] 
2024-07-28T21:31:53.086+0800: 9.713: Total time for which application threads were stopped: 0.0126387 seconds, Stopping threads took: 0.0000201 seconds
2024-07-28T21:31:53.086+0800: 9.713: Application time: 0.0002484 seconds
2024-07-28T21:31:53.086+0800: 9.714: [GC (CMS Initial Mark) [1 CMS-initial-mark: 256661K(475348K)] 268289K(554004K), 0.0007736 secs] [Times: user=0.00 sys=0.00, real=0.00 secs] 
2024-07-28T21:31:53.087+0800: 9.714: Total time for which application threads were stopped: 0.0009839 seconds, Stopping threads took: 0.0001680 seconds
2024-07-28T21:31:53.087+0800: 9.715: [CMS-concurrent-mark-start]
2024-07-28T21:31:53.091+0800: 9.718: [CMS-concurrent-mark: 0.004/0.004 secs] [Times: user=0.00 sys=0.00, real=0.00 secs] 
2024-07-28T21:31:53.091+0800: 9.718: [CMS-concurrent-preclean-start]
2024-07-28T21:31:53.092+0800: 9.720: [CMS-concurrent-preclean: 0.002/0.002 secs] [Times: user=0.00 sys=0.00, real=0.00 secs] 
2024-07-28T21:31:53.092+0800: 9.720: Application time: 0.0054209 seconds
2024-07-28T21:31:53.092+0800: 9.720: [GC (Allocation Failure) 2024-07-28T21:31:53.092+0800: 9.720: [ParNew: 77165K->8192K(78656K), 0.0121029 secs] 333826K->333462K(554004K), 0.0121721 secs] [Times: user=0.03 sys=0.00, real=0.01 secs] 
2024-07-28T21:31:53.105+0800: 9.732: Total time for which application threads were stopped: 0.0122965 seconds, Stopping threads took: 0.0000161 seconds
2024-07-28T21:31:53.105+0800: 9.732: Application time: 0.0002273 seconds
2024-07-28T21:31:53.105+0800: 9.733: [GC (CMS Final Remark) [YG occupancy: 11629 K (78656 K)]2024-07-28T21:31:53.105+0800: 9.733: [Rescan (parallel) , 0.0006957 secs]2024-07-28T21:31:53.106+0800: 9.733: [weak refs processing, 0.0000122 secs]2024-07-28T21:31:53.106+0800: 9.733: [class unloading, 0.0002243 secs]2024-07-28T21:31:53.106+0800: 9.733: [scrub symbol table, 0.0003128 secs]2024-07-28T21:31:53.106+0800: 9.734: [scrub string table, 0.0000905 secs][1 CMS-remark: 325270K(475348K)] 336900K(554004K), 0.0013967 secs] [Times: user=0.00 sys=0.00, real=0.00 secs] 
2024-07-28T21:31:53.106+0800: 9.734: Total time for which application threads were stopped: 0.0015472 seconds, Stopping threads took: 0.0001152 seconds
2024-07-28T21:31:53.107+0800: 9.734: [CMS-concurrent-sweep-start]
2024-07-28T21:31:53.108+0800: 9.736: [CMS-concurrent-sweep: 0.001/0.001 secs] [Times: user=0.00 sys=0.00, real=0.00 secs] 
2024-07-28T21:31:53.108+0800: 9.736: [CMS-concurrent-reset-start]
2024-07-28T21:31:53.109+0800: 9.737: [CMS-concurrent-reset: 0.001/0.001 secs] [Times: user=0.00 sys=0.00, real=0.00 secs] 
2024-07-28T21:31:53.215+0800: 9.843: Application time: 0.1093656 seconds
2024-07-28T21:31:53.215+0800: 9.843: [GC (Allocation Failure) 2024-07-28T21:31:53.215+0800: 9.843: [ParNew: 77166K->8192K(78656K), 0.0060636 secs] 240642K->198292K(554004K), 0.0061406 secs] [Times: user=0.00 sys=0.00, real=0.01 secs] 
2024-07-28T21:31:53.222+0800: 9.850: Total time for which application threads were stopped: 0.0062667 seconds, Stopping threads took: 0.0000195 seconds
2024-07-28T21:31:53.338+0800: 9.966: Application time: 0.1163842 seconds
2024-07-28T21:31:53.338+0800: 9.966: [GC (Allocation Failure) 2024-07-28T21:31:53.338+0800: 9.966: [ParNew: 77167K->8192K(78656K), 0.0120907 secs] 267267K->266901K(554004K), 0.0121519 secs] [Times: user=0.03 sys=0.00, real=0.01 secs] 
2024-07-28T21:31:53.350+0800: 9.978: Total time for which application threads were stopped: 0.0122651 seconds, Stopping threads took: 0.0000208 seconds
2024-07-28T21:31:53.351+0800: 9.978: Application time: 0.0001562 seconds
2024-07-28T21:31:53.351+0800: 9.979: [GC (CMS Initial Mark) [1 CMS-initial-mark: 258709K(475348K)] 270340K(554004K), 0.0007308 secs] [Times: user=0.00 sys=0.00, real=0.00 secs] 
2024-07-28T21:31:53.351+0800: 9.979: Total time for which application threads were stopped: 0.0009232 seconds, Stopping threads took: 0.0001475 seconds
2024-07-28T21:31:53.352+0800: 9.979: [CMS-concurrent-mark-start]
2024-07-28T21:31:53.355+0800: 9.983: [CMS-concurrent-mark: 0.003/0.003 secs] [Times: user=0.00 sys=0.00, real=0.00 secs] 
2024-07-28T21:31:53.355+0800: 9.983: [CMS-concurrent-preclean-start]
2024-07-28T21:31:53.357+0800: 9.984: [CMS-concurrent-preclean: 0.001/0.001 secs] [Times: user=0.00 sys=0.00, real=0.00 secs] 
2024-07-28T21:31:53.357+0800: 9.984: [CMS-concurrent-abortable-preclean-start]
2024-07-28T21:31:53.357+0800: 9.985: Application time: 0.0056881 seconds
2024-07-28T21:31:53.357+0800: 9.985: [GC (Allocation Failure) 2024-07-28T21:31:53.357+0800: 9.985: [ParNew: 77167K->8192K(78656K), 0.0126198 secs] 335877K->335510K(554004K), 0.0126737 secs] [Times: user=0.03 sys=0.00, real=0.01 secs] 
2024-07-28T21:31:53.370+0800: 9.998: Total time for which application threads were stopped: 0.0127885 seconds, Stopping threads took: 0.0000182 seconds
2024-07-28T21:31:53.482+0800: 10.111: Application time: 0.1131306 seconds
2024-07-28T21:31:53.483+0800: 10.111: [GC (Allocation Failure) 2024-07-28T21:31:53.483+0800: 10.111: [ParNew: 77168K->8192K(78656K), 0.0060232 secs] 404486K->363159K(554004K), 0.0060815 secs] [Times: user=0.00 sys=0.00, real=0.01 secs] 
2024-07-28T21:31:53.489+0800: 10.117: Total time for which application threads were stopped: 0.0062153 seconds, Stopping threads took: 0.0000232 seconds
2024-07-28T21:31:53.489+0800: 10.117: [CMS-concurrent-abortable-preclean: 0.003/0.133 secs] [Times: user=0.03 sys=0.00, real=0.13 secs] 
2024-07-28T21:31:53.489+0800: 10.118: Application time: 0.0003859 seconds
2024-07-28T21:31:53.489+0800: 10.118: [GC (CMS Final Remark) [YG occupancy: 12655 K (78656 K)]2024-07-28T21:31:53.489+0800: 10.118: [Rescan (parallel) , 0.0009348 secs]2024-07-28T21:31:53.490+0800: 10.119: [weak refs processing, 0.0000134 secs]2024-07-28T21:31:53.490+0800: 10.119: [class unloading, 0.0002415 secs]2024-07-28T21:31:53.491+0800: 10.119: [scrub symbol table, 0.0003430 secs]2024-07-28T21:31:53.491+0800: 10.119: [scrub string table, 0.0001011 secs][1 CMS-remark: 354967K(475348K)] 367622K(554004K), 0.0017077 secs] [Times: user=0.00 sys=0.00, real=0.00 secs] 
2024-07-28T21:31:53.491+0800: 10.119: Total time for which application threads were stopped: 0.0018996 seconds, Stopping threads took: 0.0001489 seconds
2024-07-28T21:31:53.491+0800: 10.120: [CMS-concurrent-sweep-start]
2024-07-28T21:31:53.494+0800: 10.121: [CMS-concurrent-sweep: 0.002/0.002 secs] [Times: user=0.00 sys=0.00, real=0.00 secs] 
2024-07-28T21:31:53.494+0800: 10.122: [CMS-concurrent-reset-start]
2024-07-28T21:31:53.495+0800: 10.123: [CMS-concurrent-reset: 0.001/0.001 secs] [Times: user=0.00 sys=0.00, real=0.00 secs] 
2024-07-28T21:31:53.607+0800: 10.235: Application time: 0.1154397 seconds
2024-07-28T21:31:53.607+0800: 10.235: [GC (Allocation Failure) 2024-07-28T21:31:53.607+0800: 10.235: [ParNew: 77168K->8192K(78656K), 0.0122341 secs] 269316K->268949K(554004K), 0.0122935 secs] [Times: user=0.03 sys=0.00, real=0.01 secs] 
2024-07-28T21:31:53.619+0800: 10.247: Total time for which application threads were stopped: 0.0124066 seconds, Stopping threads took: 0.0000206 seconds
2024-07-28T21:31:53.619+0800: 10.247: Application time: 0.0001836 seconds
2024-07-28T21:31:53.620+0800: 10.248: [GC (CMS Initial Mark) [1 CMS-initial-mark: 260757K(475348K)] 272389K(554004K), 0.0008525 secs] [Times: user=0.00 sys=0.00, real=0.00 secs] 
2024-07-28T21:31:53.620+0800: 10.248: Total time for which application threads were stopped: 0.0010084 seconds, Stopping threads took: 0.0001123 seconds
2024-07-28T21:31:53.621+0800: 10.249: [CMS-concurrent-mark-start]
2024-07-28T21:31:53.624+0800: 10.252: [CMS-concurrent-mark: 0.003/0.003 secs] [Times: user=0.00 sys=0.00, real=0.00 secs] 
2024-07-28T21:31:53.624+0800: 10.252: [CMS-concurrent-preclean-start]
2024-07-28T21:31:53.625+0800: 10.253: [CMS-concurrent-preclean: 0.001/0.001 secs] [Times: user=0.00 sys=0.00, real=0.00 secs] 
2024-07-28T21:31:53.625+0800: 10.253: [CMS-concurrent-abortable-preclean-start]
2024-07-28T21:31:53.626+0800: 10.254: Application time: 0.0056389 seconds
2024-07-28T21:31:53.626+0800: 10.254: [GC (Allocation Failure) 2024-07-28T21:31:53.626+0800: 10.254: [ParNew: 77168K->8192K(78656K), 0.0122990 secs] 337926K->337558K(554004K), 0.0123685 secs] [Times: user=0.03 sys=0.00, real=0.01 secs] 
2024-07-28T21:31:53.639+0800: 10.267: Total time for which application threads were stopped: 0.0124968 seconds, Stopping threads took: 0.0000171 seconds
2024-07-28T21:31:53.752+0800: 10.380: Application time: 0.1132754 seconds
2024-07-28T21:31:53.752+0800: 10.380: [GC (Allocation Failure) 2024-07-28T21:31:53.752+0800: 10.380: [ParNew: 77168K->8192K(78656K), 0.0069047 secs] 406535K->366231K(554004K), 0.0069647 secs] [Times: user=0.03 sys=0.00, real=0.01 secs] 
2024-07-28T21:31:53.759+0800: 10.387: Total time for which application threads were stopped: 0.0070764 seconds, Stopping threads took: 0.0000192 seconds
2024-07-28T21:31:53.759+0800: 10.387: [CMS-concurrent-abortable-preclean: 0.004/0.134 secs] [Times: user=0.06 sys=0.00, real=0.13 secs] 
2024-07-28T21:31:53.759+0800: 10.387: Application time: 0.0002831 seconds
2024-07-28T21:31:53.759+0800: 10.387: [GC (CMS Final Remark) [YG occupancy: 11631 K (78656 K)]2024-07-28T21:31:53.759+0800: 10.387: [Rescan (parallel) , 0.0007632 secs]2024-07-28T21:31:53.760+0800: 10.388: [weak refs processing, 0.0000132 secs]2024-07-28T21:31:53.760+0800: 10.388: [class unloading, 0.0002427 secs]2024-07-28T21:31:53.760+0800: 10.388: [scrub symbol table, 0.0003480 secs]2024-07-28T21:31:53.761+0800: 10.389: [scrub string table, 0.0001005 secs][1 CMS-remark: 358039K(475348K)] 369670K(554004K), 0.0015342 secs] [Times: user=0.00 sys=0.00, real=0.00 secs] 
2024-07-28T21:31:53.761+0800: 10.389: Total time for which application threads were stopped: 0.0016974 seconds, Stopping threads took: 0.0001269 seconds
2024-07-28T21:31:53.761+0800: 10.389: [CMS-concurrent-sweep-start]
2024-07-28T21:31:53.762+0800: 10.391: [CMS-concurrent-sweep: 0.002/0.002 secs] [Times: user=0.00 sys=0.00, real=0.00 secs] 
2024-07-28T21:31:53.762+0800: 10.391: [CMS-concurrent-reset-start]
2024-07-28T21:31:53.764+0800: 10.392: [CMS-concurrent-reset: 0.001/0.001 secs] [Times: user=0.00 sys=0.00, real=0.00 secs] 
2024-07-28T21:31:53.873+0800: 10.501: Application time: 0.1122257 seconds
2024-07-28T21:31:53.874+0800: 10.501: [GC (Allocation Failure) 2024-07-28T21:31:53.874+0800: 10.501: [ParNew: 77168K->8192K(78656K), 0.0118822 secs] 271365K->270997K(554004K), 0.0119497 secs] [Times: user=0.03 sys=0.00, real=0.01 secs] 
2024-07-28T21:31:53.886+0800: 10.513: Total time for which application threads were stopped: 0.0121374 seconds, Stopping threads took: 0.0000370 seconds
2024-07-28T21:31:53.886+0800: 10.513: Application time: 0.0001443 seconds
2024-07-28T21:31:53.886+0800: 10.514: [GC (CMS Initial Mark) [1 CMS-initial-mark: 262805K(475348K)] 274437K(554004K), 0.0007983 secs] [Times: user=0.00 sys=0.00, real=0.00 secs] 
2024-07-28T21:31:53.887+0800: 10.514: Total time for which application threads were stopped: 0.0009727 seconds, Stopping threads took: 0.0001317 seconds
2024-07-28T21:31:53.887+0800: 10.515: [CMS-concurrent-mark-start]
2024-07-28T21:31:53.891+0800: 10.518: [CMS-concurrent-mark: 0.004/0.004 secs] [Times: user=0.00 sys=0.00, real=0.00 secs] 
2024-07-28T21:31:53.891+0800: 10.519: [CMS-concurrent-preclean-start]
2024-07-28T21:31:53.892+0800: 10.520: [CMS-concurrent-preclean: 0.001/0.001 secs] [Times: user=0.00 sys=0.00, real=0.00 secs] 
2024-07-28T21:31:53.892+0800: 10.520: Application time: 0.0054699 seconds
2024-07-28T21:31:53.892+0800: 10.520: [GC (Allocation Failure) 2024-07-28T21:31:53.892+0800: 10.520: [ParNew: 77168K->8192K(78656K), 0.0119394 secs] 339974K->339606K(554004K), 0.0119911 secs] [Times: user=0.03 sys=0.00, real=0.01 secs] 
2024-07-28T21:31:53.904+0800: 10.532: Total time for which application threads were stopped: 0.0120936 seconds, Stopping threads took: 0.0000162 seconds
2024-07-28T21:31:53.904+0800: 10.532: Application time: 0.0002269 seconds
2024-07-28T21:31:53.905+0800: 10.532: [GC (CMS Final Remark) [YG occupancy: 11631 K (78656 K)]2024-07-28T21:31:53.905+0800: 10.532: [Rescan (parallel) , 0.0006024 secs]2024-07-28T21:31:53.905+0800: 10.533: [weak refs processing, 0.0000133 secs]2024-07-28T21:31:53.905+0800: 10.533: [class unloading, 0.0002329 secs]2024-07-28T21:31:53.905+0800: 10.533: [scrub symbol table, 0.0003581 secs]2024-07-28T21:31:53.906+0800: 10.534: [scrub string table, 0.0001174 secs][1 CMS-remark: 331414K(475348K)] 343046K(554004K), 0.0014033 secs] [Times: user=0.00 sys=0.00, real=0.00 secs] 
2024-07-28T21:31:53.906+0800: 10.534: Total time for which application threads were stopped: 0.0015447 seconds, Stopping threads took: 0.0000990 seconds
2024-07-28T21:31:53.906+0800: 10.534: [CMS-concurrent-sweep-start]
2024-07-28T21:31:53.907+0800: 10.535: [CMS-concurrent-sweep: 0.001/0.001 secs] [Times: user=0.00 sys=0.00, real=0.00 secs] 
2024-07-28T21:31:53.908+0800: 10.535: [CMS-concurrent-reset-start]
2024-07-28T21:31:53.909+0800: 10.536: [CMS-concurrent-reset: 0.001/0.001 secs] [Times: user=0.00 sys=0.00, real=0.00 secs] 
2024-07-28T21:31:54.018+0800: 10.646: Application time: 0.1121461 seconds
2024-07-28T21:31:54.019+0800: 10.646: [GC (Allocation Failure) 2024-07-28T21:31:54.019+0800: 10.646: [ParNew: 77168K->8192K(78656K), 0.0069157 secs] 243716K->204436K(554004K), 0.0069949 secs] [Times: user=0.03 sys=0.00, real=0.01 secs] 
2024-07-28T21:31:54.026+0800: 10.653: Total time for which application threads were stopped: 0.0071120 seconds, Stopping threads took: 0.0000194 seconds
2024-07-28T21:31:54.141+0800: 10.769: Application time: 0.1158047 seconds
2024-07-28T21:31:54.142+0800: 10.769: [GC (Allocation Failure) 2024-07-28T21:31:54.142+0800: 10.769: [ParNew: 77168K->8192K(78656K), 0.0122978 secs] 273413K->273045K(554004K), 0.0123713 secs] [Times: user=0.03 sys=0.00, real=0.01 secs] 
2024-07-28T21:31:54.153+0800: 10.781: Total time for which application threads were stopped: 0.0124853 seconds, Stopping threads took: 0.0000202 seconds
2024-07-28T21:31:54.159+0800: 10.786: Application time: 0.0048070 seconds
2024-07-28T21:31:54.159+0800: 10.786: [GC (Allocation Failure) 2024-07-28T21:31:54.159+0800: 10.786: [ParNew: 77168K->8192K(78656K), 0.0119638 secs] 342022K->341654K(554004K), 0.0120163 secs] [Times: user=0.03 sys=0.00, real=0.01 secs] 
2024-07-28T21:31:54.171+0800: 10.798: Total time for which application threads were stopped: 0.0121314 seconds, Stopping threads took: 0.0000159 seconds
2024-07-28T21:31:54.171+0800: 10.799: Application time: 0.0002162 seconds
2024-07-28T21:31:54.171+0800: 10.799: [GC (CMS Initial Mark) [1 CMS-initial-mark: 333462K(475348K)] 345094K(554004K), 0.0007904 secs] [Times: user=0.00 sys=0.00, real=0.00 secs] 
2024-07-28T21:31:54.171+0800: 10.800: Total time for which application threads were stopped: 0.0010234 seconds, Stopping threads took: 0.0001892 seconds
2024-07-28T21:31:54.171+0800: 10.800: [CMS-concurrent-mark-start]
2024-07-28T21:31:54.175+0800: 10.803: [CMS-concurrent-mark: 0.003/0.003 secs] [Times: user=0.00 sys=0.00, real=0.00 secs] 
2024-07-28T21:31:54.175+0800: 10.803: [CMS-concurrent-preclean-start]
2024-07-28T21:31:54.176+0800: 10.803: [CMS-concurrent-preclean: 0.001/0.001 secs] [Times: user=0.00 sys=0.00, real=0.00 secs] 
2024-07-28T21:31:54.176+0800: 10.803: [CMS-concurrent-abortable-preclean-start]
2024-07-28T21:31:54.287+0800: 10.915: Application time: 0.1150397 seconds
2024-07-28T21:31:54.287+0800: 10.915: [GC (Allocation Failure) 2024-07-28T21:31:54.287+0800: 10.915: [ParNew: 77168K->8192K(78656K), 0.0071174 secs] 410631K->372375K(554004K), 0.0071774 secs] [Times: user=0.00 sys=0.00, real=0.01 secs] 
2024-07-28T21:31:54.294+0800: 10.922: Total time for which application threads were stopped: 0.0072953 seconds, Stopping threads took: 0.0000193 seconds
2024-07-28T21:31:54.408+0800: 11.036: Application time: 0.1140099 seconds
2024-07-28T21:31:54.408+0800: 11.036: [GC (Allocation Failure) 2024-07-28T21:31:54.408+0800: 11.036: [ParNew: 77168K->8192K(78656K), 0.0123389 secs] 441351K->440984K(554004K), 0.0123999 secs] [Times: user=0.03 sys=0.00, real=0.01 secs] 
2024-07-28T21:31:54.420+0800: 11.048: Total time for which application threads were stopped: 0.0125122 seconds, Stopping threads took: 0.0000192 seconds
2024-07-28T21:31:54.425+0800: 11.053: Application time: 0.0048038 seconds
2024-07-28T21:31:54.425+0800: 11.053: [GC (Allocation Failure) 2024-07-28T21:31:54.425+0800: 11.053: [ParNew: 77168K->8192K(78656K), 0.0225552 secs] 509960K->509593K(580732K), 0.0226051 secs] [Times: user=0.14 sys=0.02, real=0.02 secs] 
2024-07-28T21:31:54.448+0800: 11.076: Total time for which application threads were stopped: 0.0227070 seconds, Stopping threads took: 0.0000159 seconds
2024-07-28T21:31:54.448+0800: 11.076: [CMS-concurrent-abortable-preclean: 0.005/0.273 secs] [Times: user=0.20 sys=0.02, real=0.27 secs] 
2024-07-28T21:31:54.448+0800: 11.076: Application time: 0.0003052 seconds
2024-07-28T21:31:54.448+0800: 11.076: [GC (CMS Final Remark) [YG occupancy: 12655 K (78656 K)]2024-07-28T21:31:54.448+0800: 11.076: [Rescan (parallel) , 0.0005709 secs]2024-07-28T21:31:54.449+0800: 11.077: [weak refs processing, 0.0000237 secs]2024-07-28T21:31:54.449+0800: 11.077: [class unloading, 0.0002879 secs]2024-07-28T21:31:54.449+0800: 11.077: [scrub symbol table, 0.0003270 secs]2024-07-28T21:31:54.449+0800: 11.078: [scrub string table, 0.0000920 secs][1 CMS-remark: 501401K(502076K)] 514057K(580732K), 0.0013759 secs] [Times: user=0.00 sys=0.00, real=0.00 secs] 
2024-07-28T21:31:54.449+0800: 11.078: Total time for which application threads were stopped: 0.0015488 seconds, Stopping threads took: 0.0001343 seconds
2024-07-28T21:31:54.450+0800: 11.078: [CMS-concurrent-sweep-start]
2024-07-28T21:31:54.451+0800: 11.079: [CMS-concurrent-sweep: 0.001/0.001 secs] [Times: user=0.00 sys=0.00, real=0.00 secs] 
2024-07-28T21:31:54.451+0800: 11.080: [CMS-concurrent-reset-start]
2024-07-28T21:31:54.452+0800: 11.080: [CMS-concurrent-reset: 0.001/0.001 secs] [Times: user=0.00 sys=0.00, real=0.00 secs] 
2024-07-28T21:31:54.568+0800: 11.195: Application time: 0.1175188 seconds
2024-07-28T21:31:54.568+0800: 11.195: [GC (Allocation Failure) 2024-07-28T21:31:54.568+0800: 11.195: [ParNew: 77168K->8192K(78656K), 0.0071236 secs] 412679K->375447K(637844K), 0.0071818 secs] [Times: user=0.00 sys=0.00, real=0.01 secs] 
2024-07-28T21:31:54.575+0800: 11.203: Total time for which application threads were stopped: 0.0072939 seconds, Stopping threads took: 0.0000199 seconds
2024-07-28T21:31:54.575+0800: 11.203: Application time: 0.0001785 seconds
2024-07-28T21:31:54.575+0800: 11.203: [GC (CMS Initial Mark) [1 CMS-initial-mark: 367255K(559188K)] 378886K(637844K), 0.0006066 secs] [Times: user=0.00 sys=0.00, real=0.00 secs] 
2024-07-28T21:31:54.576+0800: 11.204: Total time for which application threads were stopped: 0.0008102 seconds, Stopping threads took: 0.0001616 seconds
2024-07-28T21:31:54.576+0800: 11.204: [CMS-concurrent-mark-start]
2024-07-28T21:31:54.581+0800: 11.208: [CMS-concurrent-mark: 0.004/0.004 secs] [Times: user=0.00 sys=0.00, real=0.01 secs] 
2024-07-28T21:31:54.581+0800: 11.208: [CMS-concurrent-preclean-start]
2024-07-28T21:31:54.581+0800: 11.209: [CMS-concurrent-preclean: 0.001/0.001 secs] [Times: user=0.00 sys=0.00, real=0.00 secs] 
2024-07-28T21:31:54.581+0800: 11.209: [CMS-concurrent-abortable-preclean-start]
2024-07-28T21:31:54.693+0800: 11.320: Application time: 0.1166261 seconds
2024-07-28T21:31:54.693+0800: 11.320: [GC (Allocation Failure) 2024-07-28T21:31:54.693+0800: 11.320: [ParNew: 77168K->8192K(78656K), 0.0123539 secs] 444423K->444056K(637844K), 0.0124179 secs] [Times: user=0.00 sys=0.00, real=0.01 secs] 
2024-07-28T21:31:54.705+0800: 11.333: Total time for which application threads were stopped: 0.0125318 seconds, Stopping threads took: 0.0000202 seconds
2024-07-28T21:31:54.710+0800: 11.338: Application time: 0.0047578 seconds
2024-07-28T21:31:54.710+0800: 11.338: [GC (Allocation Failure) 2024-07-28T21:31:54.710+0800: 11.338: [ParNew: 77168K->8192K(78656K), 0.0140125 secs] 513033K->512665K(637844K), 0.0140569 secs] [Times: user=0.03 sys=0.00, real=0.01 secs] 
2024-07-28T21:31:54.724+0800: 11.352: Total time for which application threads were stopped: 0.0141591 seconds, Stopping threads took: 0.0000148 seconds
2024-07-28T21:31:54.836+0800: 11.463: Application time: 0.1114606 seconds
2024-07-28T21:31:54.836+0800: 11.463: [GC (Allocation Failure) 2024-07-28T21:31:54.836+0800: 11.463: [ParNew: 77168K->8192K(78656K), 0.0196723 secs] 581642K->545433K(637844K), 0.0197306 secs] [Times: user=0.03 sys=0.00, real=0.02 secs] 
2024-07-28T21:31:54.856+0800: 11.483: Total time for which application threads were stopped: 0.0198576 seconds, Stopping threads took: 0.0000195 seconds
2024-07-28T21:31:54.856+0800: 11.483: [CMS-concurrent-abortable-preclean: 0.007/0.274 secs] [Times: user=0.08 sys=0.00, real=0.27 secs] 
2024-07-28T21:31:54.856+0800: 11.483: Application time: 0.0004670 seconds
2024-07-28T21:31:54.856+0800: 11.484: [GC (CMS Final Remark) [YG occupancy: 14703 K (78656 K)]2024-07-28T21:31:54.856+0800: 11.484: [Rescan (parallel) , 0.0006001 secs]2024-07-28T21:31:54.857+0800: 11.484: [weak refs processing, 0.0000130 secs]2024-07-28T21:31:54.857+0800: 11.484: [class unloading, 0.0002405 secs]2024-07-28T21:31:54.857+0800: 11.485: [scrub symbol table, 0.0003493 secs]2024-07-28T21:31:54.857+0800: 11.485: [scrub string table, 0.0001009 secs][1 CMS-remark: 537241K(559188K)] 551945K(637844K), 0.0013740 secs] [Times: user=0.00 sys=0.00, real=0.00 secs] 
2024-07-28T21:31:54.857+0800: 11.485: Total time for which application threads were stopped: 0.0015322 seconds, Stopping threads took: 0.0001168 seconds
2024-07-28T21:31:54.858+0800: 11.485: [CMS-concurrent-sweep-start]
2024-07-28T21:31:54.860+0800: 11.487: [CMS-concurrent-sweep: 0.002/0.002 secs] [Times: user=0.00 sys=0.00, real=0.00 secs] 
2024-07-28T21:31:54.860+0800: 11.488: [CMS-concurrent-reset-start]
2024-07-28T21:31:54.861+0800: 11.489: [CMS-concurrent-reset: 0.001/0.001 secs] [Times: user=0.00 sys=0.00, real=0.00 secs] 
2024-07-28T21:31:54.973+0800: 11.601: Application time: 0.1159822 seconds
2024-07-28T21:31:54.973+0800: 11.601: [GC (Allocation Failure) 2024-07-28T21:31:54.973+0800: 11.601: [ParNew: 77168K->8192K(78656K), 0.0124763 secs] 279557K->279189K(637844K), 0.0125494 secs] [Times: user=0.00 sys=0.00, real=0.01 secs] 
2024-07-28T21:31:54.985+0800: 11.614: Total time for which application threads were stopped: 0.0126701 seconds, Stopping threads took: 0.0000249 seconds
2024-07-28T21:31:54.990+0800: 11.618: Application time: 0.0047052 seconds
2024-07-28T21:31:54.990+0800: 11.618: [GC (Allocation Failure) 2024-07-28T21:31:54.990+0800: 11.618: [ParNew: 77168K->8192K(78656K), 0.0200681 secs] 348166K->347798K(637844K), 0.0201214 secs] [Times: user=0.03 sys=0.00, real=0.02 secs] 
2024-07-28T21:31:55.010+0800: 11.639: Total time for which application threads were stopped: 0.0202226 seconds, Stopping threads took: 0.0000152 seconds
2024-07-28T21:31:55.011+0800: 11.639: Application time: 0.0001790 seconds
2024-07-28T21:31:55.011+0800: 11.639: [GC (CMS Initial Mark) [1 CMS-initial-mark: 339606K(559188K)] 351238K(637844K), 0.0007621 secs] [Times: user=0.00 sys=0.00, real=0.00 secs] 
2024-07-28T21:31:55.012+0800: 11.640: Total time for which application threads were stopped: 0.0009139 seconds, Stopping threads took: 0.0001057 seconds
2024-07-28T21:31:55.012+0800: 11.640: [CMS-concurrent-mark-start]
2024-07-28T21:31:55.014+0800: 11.642: [CMS-concurrent-mark: 0.002/0.002 secs] [Times: user=0.00 sys=0.00, real=0.00 secs] 
2024-07-28T21:31:55.014+0800: 11.642: [CMS-concurrent-preclean-start]
2024-07-28T21:31:55.015+0800: 11.643: [CMS-concurrent-preclean: 0.001/0.001 secs] [Times: user=0.00 sys=0.00, real=0.00 secs] 
2024-07-28T21:31:55.015+0800: 11.643: [CMS-concurrent-abortable-preclean-start]
2024-07-28T21:31:55.118+0800: 11.746: Application time: 0.1063304 seconds
2024-07-28T21:31:55.118+0800: 11.746: [GC (Allocation Failure) 2024-07-28T21:31:55.118+0800: 11.746: [ParNew: 77168K->8192K(78656K), 0.0076263 secs] 416775K->381591K(637844K), 0.0076790 secs] [Times: user=0.00 sys=0.00, real=0.01 secs] 
2024-07-28T21:31:55.126+0800: 11.754: Total time for which application threads were stopped: 0.0077984 seconds, Stopping threads took: 0.0000191 seconds
2024-07-28T21:31:55.243+0800: 11.871: Application time: 0.1175550 seconds
2024-07-28T21:31:55.243+0800: 11.871: [GC (Allocation Failure) 2024-07-28T21:31:55.243+0800: 11.872: [ParNew: 77168K->8192K(78656K), 0.0119189 secs] 450568K->450200K(637844K), 0.0119920 secs] [Times: user=0.03 sys=0.00, real=0.01 secs] 
2024-07-28T21:31:55.255+0800: 11.884: Total time for which application threads were stopped: 0.0121103 seconds, Stopping threads took: 0.0000204 seconds
2024-07-28T21:31:55.255+0800: 11.884: [CMS-concurrent-abortable-preclean: 0.006/0.241 secs] [Times: user=0.05 sys=0.00, real=0.24 secs] 
2024-07-28T21:31:55.256+0800: 11.884: Application time: 0.0003296 seconds
2024-07-28T21:31:55.256+0800: 11.884: [GC (CMS Final Remark) [YG occupancy: 12655 K (78656 K)]2024-07-28T21:31:55.256+0800: 11.884: [Rescan (parallel) , 0.0006926 secs]2024-07-28T21:31:55.257+0800: 11.885: [weak refs processing, 0.0000136 secs]2024-07-28T21:31:55.257+0800: 11.885: [class unloading, 0.0002308 secs]2024-07-28T21:31:55.257+0800: 11.885: [scrub symbol table, 0.0003387 secs]2024-07-28T21:31:55.257+0800: 11.885: [scrub string table, 0.0000950 secs][1 CMS-remark: 442008K(559188K)] 454664K(637844K), 0.0014434 secs] [Times: user=0.00 sys=0.00, real=0.00 secs] 
2024-07-28T21:31:55.257+0800: 11.885: Total time for which application threads were stopped: 0.0016395 seconds, Stopping threads took: 0.0001545 seconds
2024-07-28T21:31:55.258+0800: 11.886: [CMS-concurrent-sweep-start]
2024-07-28T21:31:55.259+0800: 11.887: [CMS-concurrent-sweep: 0.001/0.001 secs] [Times: user=0.00 sys=0.00, real=0.00 secs] 
2024-07-28T21:31:55.259+0800: 11.887: [CMS-concurrent-reset-start]
2024-07-28T21:31:55.260+0800: 11.889: [CMS-concurrent-reset: 0.001/0.001 secs] [Times: user=0.00 sys=0.00, real=0.00 secs] 
2024-07-28T21:31:55.262+0800: 11.891: Application time: 0.0051368 seconds
2024-07-28T21:31:55.262+0800: 11.891: [GC (Allocation Failure) 2024-07-28T21:31:55.262+0800: 11.891: [ParNew: 77168K->8192K(78656K), 0.0126752 secs] 350214K->349846K(637844K), 0.0127228 secs] [Times: user=0.03 sys=0.00, real=0.01 secs] 
2024-07-28T21:31:55.275+0800: 11.903: Total time for which application threads were stopped: 0.0128242 seconds, Stopping threads took: 0.0000163 seconds
2024-07-28T21:31:55.275+0800: 11.904: Application time: 0.0002269 seconds
2024-07-28T21:31:55.276+0800: 11.904: [GC (CMS Initial Mark) [1 CMS-initial-mark: 341654K(559188K)] 353286K(637844K), 0.0008248 secs] [Times: user=0.00 sys=0.00, real=0.00 secs] 
2024-07-28T21:31:55.277+0800: 11.905: Total time for which application threads were stopped: 0.0010185 seconds, Stopping threads took: 0.0001396 seconds
2024-07-28T21:31:55.277+0800: 11.905: [CMS-concurrent-mark-start]
2024-07-28T21:31:55.279+0800: 11.907: [CMS-concurrent-mark: 0.002/0.002 secs] [Times: user=0.00 sys=0.00, real=0.00 secs] 
2024-07-28T21:31:55.279+0800: 11.907: [CMS-concurrent-preclean-start]
2024-07-28T21:31:55.280+0800: 11.908: [CMS-concurrent-preclean: 0.001/0.001 secs] [Times: user=0.00 sys=0.00, real=0.00 secs] 
2024-07-28T21:31:55.280+0800: 11.908: [CMS-concurrent-abortable-preclean-start]
2024-07-28T21:31:55.386+0800: 12.014: Application time: 0.1094808 seconds
2024-07-28T21:31:55.386+0800: 12.014: [GC (Allocation Failure) 2024-07-28T21:31:55.386+0800: 12.014: [ParNew: 77168K->8192K(78656K), 0.0073835 secs] 418823K->384663K(637844K), 0.0074436 secs] [Times: user=0.00 sys=0.00, real=0.01 secs] 
2024-07-28T21:31:55.394+0800: 12.022: Total time for which application threads were stopped: 0.0075524 seconds, Stopping threads took: 0.0000188 seconds
2024-07-28T21:31:55.509+0800: 12.137: Application time: 0.1155391 seconds
2024-07-28T21:31:55.509+0800: 12.137: [GC (Allocation Failure) 2024-07-28T21:31:55.509+0800: 12.137: [ParNew: 77168K->8192K(78656K), 0.0126772 secs] 453640K->453272K(637844K), 0.0127294 secs] [Times: user=0.03 sys=0.00, real=0.01 secs] 
2024-07-28T21:31:55.522+0800: 12.150: Total time for which application threads were stopped: 0.0128524 seconds, Stopping threads took: 0.0000180 seconds
2024-07-28T21:31:55.522+0800: 12.150: [CMS-concurrent-abortable-preclean: 0.006/0.242 secs] [Times: user=0.06 sys=0.00, real=0.24 secs] 
2024-07-28T21:31:55.522+0800: 12.150: Application time: 0.0002854 seconds
2024-07-28T21:31:55.523+0800: 12.151: [GC (CMS Final Remark) [YG occupancy: 12655 K (78656 K)]2024-07-28T21:31:55.523+0800: 12.151: [Rescan (parallel) , 0.0010217 secs]2024-07-28T21:31:55.524+0800: 12.152: [weak refs processing, 0.0000136 secs]2024-07-28T21:31:55.524+0800: 12.152: [class unloading, 0.0002369 secs]2024-07-28T21:31:55.524+0800: 12.152: [scrub symbol table, 0.0003125 secs]2024-07-28T21:31:55.524+0800: 12.152: [scrub string table, 0.0000907 secs][1 CMS-remark: 445080K(559188K)] 457736K(637844K), 0.0017419 secs] [Times: user=0.00 sys=0.00, real=0.00 secs] 
2024-07-28T21:31:55.524+0800: 12.152: Total time for which application threads were stopped: 0.0018742 seconds, Stopping threads took: 0.0000942 seconds
2024-07-28T21:31:55.525+0800: 12.153: [CMS-concurrent-sweep-start]
2024-07-28T21:31:55.526+0800: 12.154: [CMS-concurrent-sweep: 0.002/0.002 secs] [Times: user=0.00 sys=0.00, real=0.00 secs] 
2024-07-28T21:31:55.526+0800: 12.154: [CMS-concurrent-reset-start]
2024-07-28T21:31:55.528+0800: 12.156: [CMS-concurrent-reset: 0.001/0.001 secs] [Times: user=0.00 sys=0.00, real=0.00 secs] 
2024-07-28T21:31:55.529+0800: 12.157: Application time: 0.0049711 seconds
2024-07-28T21:31:55.529+0800: 12.157: [GC (Allocation Failure) 2024-07-28T21:31:55.529+0800: 12.157: [ParNew: 77168K->8192K(78656K), 0.0122384 secs] 352262K->351894K(637844K), 0.0122850 secs] [Times: user=0.03 sys=0.00, real=0.01 secs] 
2024-07-28T21:31:55.542+0800: 12.170: Total time for which application threads were stopped: 0.0123845 seconds, Stopping threads took: 0.0000144 seconds
2024-07-28T21:31:55.542+0800: 12.170: Application time: 0.0001188 seconds
2024-07-28T21:31:55.542+0800: 12.170: [GC (CMS Initial Mark) [1 CMS-initial-mark: 343702K(559188K)] 355334K(637844K), 0.0005887 secs] [Times: user=0.00 sys=0.00, real=0.00 secs] 
2024-07-28T21:31:55.543+0800: 12.171: Total time for which application threads were stopped: 0.0007049 seconds, Stopping threads took: 0.0000712 seconds
2024-07-28T21:31:55.543+0800: 12.171: [CMS-concurrent-mark-start]
2024-07-28T21:31:55.545+0800: 12.173: [CMS-concurrent-mark: 0.002/0.002 secs] [Times: user=0.00 sys=0.00, real=0.00 secs] 
2024-07-28T21:31:55.545+0800: 12.173: [CMS-concurrent-preclean-start]
2024-07-28T21:31:55.546+0800: 12.174: [CMS-concurrent-preclean: 0.001/0.001 secs] [Times: user=0.00 sys=0.00, real=0.00 secs] 
2024-07-28T21:31:55.546+0800: 12.174: [CMS-concurrent-abortable-preclean-start]
2024-07-28T21:31:55.654+0800: 12.282: Application time: 0.1119502 seconds
2024-07-28T21:31:55.655+0800: 12.283: [GC (Allocation Failure) 2024-07-28T21:31:55.655+0800: 12.283: [ParNew: 77168K->8192K(78656K), 0.0078461 secs] 420871K->387735K(637844K), 0.0079027 secs] [Times: user=0.03 sys=0.00, real=0.01 secs] 
2024-07-28T21:31:55.663+0800: 12.290: Total time for which application threads were stopped: 0.0080381 seconds, Stopping threads took: 0.0000361 seconds
2024-07-28T21:31:55.779+0800: 12.407: Application time: 0.1160568 seconds
2024-07-28T21:31:55.779+0800: 12.407: [GC (Allocation Failure) 2024-07-28T21:31:55.779+0800: 12.407: [ParNew: 77168K->8192K(78656K), 0.0130584 secs] 456712K->456344K(637844K), 0.0131180 secs] [Times: user=0.03 sys=0.00, real=0.01 secs] 
2024-07-28T21:31:55.792+0800: 12.420: Total time for which application threads were stopped: 0.0132341 seconds, Stopping threads took: 0.0000183 seconds
2024-07-28T21:31:55.792+0800: 12.420: [CMS-concurrent-abortable-preclean: 0.006/0.246 secs] [Times: user=0.06 sys=0.00, real=0.25 secs] 
2024-07-28T21:31:55.793+0800: 12.420: Application time: 0.0002608 seconds
2024-07-28T21:31:55.793+0800: 12.420: [GC (CMS Final Remark) [YG occupancy: 11631 K (78656 K)]2024-07-28T21:31:55.793+0800: 12.420: [Rescan (parallel) , 0.0008534 secs]2024-07-28T21:31:55.794+0800: 12.421: [weak refs processing, 0.0000128 secs]2024-07-28T21:31:55.794+0800: 12.421: [class unloading, 0.0002326 secs]2024-07-28T21:31:55.794+0800: 12.421: [scrub symbol table, 0.0003453 secs]2024-07-28T21:31:55.794+0800: 12.422: [scrub string table, 0.0001014 secs][1 CMS-remark: 448152K(559188K)] 459784K(637844K), 0.0016082 secs] [Times: user=0.00 sys=0.00, real=0.00 secs] 
2024-07-28T21:31:55.794+0800: 12.422: Total time for which application threads were stopped: 0.0017609 seconds, Stopping threads took: 0.0001164 seconds
2024-07-28T21:31:55.795+0800: 12.422: [CMS-concurrent-sweep-start]
2024-07-28T21:31:55.796+0800: 12.423: [CMS-concurrent-sweep: 0.001/0.001 secs] [Times: user=0.00 sys=0.00, real=0.00 secs] 
2024-07-28T21:31:55.796+0800: 12.423: [CMS-concurrent-reset-start]
2024-07-28T21:31:55.797+0800: 12.425: [CMS-concurrent-reset: 0.001/0.001 secs] [Times: user=0.00 sys=0.00, real=0.00 secs] 
2024-07-28T21:31:55.799+0800: 12.427: Application time: 0.0048600 seconds
2024-07-28T21:31:55.799+0800: 12.427: [GC (Allocation Failure) 2024-07-28T21:31:55.799+0800: 12.427: [ParNew: 77168K->8192K(78656K), 0.0124570 secs] 354310K->353943K(637844K), 0.0125042 secs] [Times: user=0.03 sys=0.00, real=0.01 secs] 
2024-07-28T21:31:55.812+0800: 12.439: Total time for which application threads were stopped: 0.0126182 seconds, Stopping threads took: 0.0000126 seconds
2024-07-28T21:31:55.812+0800: 12.440: Application time: 0.0002258 seconds
2024-07-28T21:31:55.812+0800: 12.440: [GC (CMS Initial Mark) [1 CMS-initial-mark: 345750K(559188K)] 357382K(637844K), 0.0008123 secs] [Times: user=0.00 sys=0.00, real=0.00 secs] 
2024-07-28T21:31:55.813+0800: 12.441: Total time for which application threads were stopped: 0.0009943 seconds, Stopping threads took: 0.0001395 seconds
2024-07-28T21:31:55.813+0800: 12.441: [CMS-concurrent-mark-start]
2024-07-28T21:31:55.814+0800: 12.443: [CMS-concurrent-mark: 0.002/0.002 secs] [Times: user=0.00 sys=0.00, real=0.00 secs] 
2024-07-28T21:31:55.814+0800: 12.443: [CMS-concurrent-preclean-start]
2024-07-28T21:31:55.816+0800: 12.443: [CMS-concurrent-preclean: 0.001/0.001 secs] [Times: user=0.00 sys=0.00, real=0.00 secs] 
2024-07-28T21:31:55.816+0800: 12.443: [CMS-concurrent-abortable-preclean-start]
2024-07-28T21:31:55.919+0800: 12.547: Application time: 0.1068220 seconds
2024-07-28T21:31:55.919+0800: 12.547: [GC (Allocation Failure) 2024-07-28T21:31:55.919+0800: 12.547: [ParNew: 77168K->8192K(78656K), 0.0078035 secs] 422919K->390807K(637844K), 0.0078644 secs] [Times: user=0.03 sys=0.00, real=0.01 secs] 
2024-07-28T21:31:55.927+0800: 12.555: Total time for which application threads were stopped: 0.0079819 seconds, Stopping threads took: 0.0000198 seconds
2024-07-28T21:31:56.044+0800: 12.673: Application time: 0.1171753 seconds
2024-07-28T21:31:56.044+0800: 12.673: [GC (Allocation Failure) 2024-07-28T21:31:56.044+0800: 12.673: [ParNew: 77168K->8192K(78656K), 0.0127733 secs] 459784K->459416K(637844K), 0.0128321 secs] [Times: user=0.03 sys=0.00, real=0.01 secs] 
2024-07-28T21:31:56.057+0800: 12.685: Total time for which application threads were stopped: 0.0129476 seconds, Stopping threads took: 0.0000203 seconds
2024-07-28T21:31:56.057+0800: 12.686: [CMS-concurrent-abortable-preclean: 0.006/0.242 secs] [Times: user=0.06 sys=0.00, real=0.24 secs] 
2024-07-28T21:31:56.058+0800: 12.686: Application time: 0.0003014 seconds
2024-07-28T21:31:56.058+0800: 12.686: [GC (CMS Final Remark) [YG occupancy: 11631 K (78656 K)]2024-07-28T21:31:56.058+0800: 12.686: [Rescan (parallel) , 0.0008463 secs]2024-07-28T21:31:56.059+0800: 12.687: [weak refs processing, 0.0000130 secs]2024-07-28T21:31:56.059+0800: 12.687: [class unloading, 0.0002086 secs]2024-07-28T21:31:56.059+0800: 12.687: [scrub symbol table, 0.0003034 secs]2024-07-28T21:31:56.059+0800: 12.687: [scrub string table, 0.0001039 secs][1 CMS-remark: 451224K(559188K)] 462856K(637844K), 0.0015456 secs] [Times: user=0.00 sys=0.00, real=0.00 secs] 
2024-07-28T21:31:56.059+0800: 12.687: Total time for which application threads were stopped: 0.0017245 seconds, Stopping threads took: 0.0001412 seconds
2024-07-28T21:31:56.059+0800: 12.688: [CMS-concurrent-sweep-start]
2024-07-28T21:31:56.061+0800: 12.689: [CMS-concurrent-sweep: 0.001/0.001 secs] [Times: user=0.00 sys=0.00, real=0.00 secs] 
2024-07-28T21:31:56.061+0800: 12.689: [CMS-concurrent-reset-start]
2024-07-28T21:31:56.062+0800: 12.690: [CMS-concurrent-reset: 0.001/0.001 secs] [Times: user=0.00 sys=0.00, real=0.00 secs] 
2024-07-28T21:31:56.064+0800: 12.692: Application time: 0.0048648 seconds
2024-07-28T21:31:56.064+0800: 12.692: [GC (Allocation Failure) 2024-07-28T21:31:56.064+0800: 12.692: [ParNew: 77168K->8192K(78656K), 0.0124032 secs] 356358K->355991K(637844K), 0.0124514 secs] [Times: user=0.03 sys=0.00, real=0.01 secs] 
2024-07-28T21:31:56.077+0800: 12.705: Total time for which application threads were stopped: 0.0125574 seconds, Stopping threads took: 0.0000234 seconds
2024-07-28T21:31:56.077+0800: 12.705: Application time: 0.0001321 seconds
2024-07-28T21:31:56.077+0800: 12.705: [GC (CMS Initial Mark) [1 CMS-initial-mark: 347798K(559188K)] 359430K(637844K), 0.0007876 secs] [Times: user=0.00 sys=0.00, real=0.00 secs] 
2024-07-28T21:31:56.078+0800: 12.706: Total time for which application threads were stopped: 0.0009235 seconds, Stopping threads took: 0.0000804 seconds
2024-07-28T21:31:56.078+0800: 12.706: [CMS-concurrent-mark-start]
2024-07-28T21:31:56.080+0800: 12.708: [CMS-concurrent-mark: 0.002/0.002 secs] [Times: user=0.00 sys=0.00, real=0.00 secs] 
2024-07-28T21:31:56.080+0800: 12.708: [CMS-concurrent-preclean-start]
2024-07-28T21:31:56.081+0800: 12.709: [CMS-concurrent-preclean: 0.001/0.001 secs] [Times: user=0.00 sys=0.00, real=0.00 secs] 
2024-07-28T21:31:56.081+0800: 12.709: [CMS-concurrent-abortable-preclean-start]
2024-07-28T21:31:56.189+0800: 12.817: Application time: 0.1110710 seconds
2024-07-28T21:31:56.190+0800: 12.817: [GC (Allocation Failure) 2024-07-28T21:31:56.190+0800: 12.817: [ParNew: 77168K->8192K(78656K), 0.0080690 secs] 424967K->393879K(637844K), 0.0081319 secs] [Times: user=0.03 sys=0.00, real=0.01 secs] 
2024-07-28T21:31:56.198+0800: 12.825: Total time for which application threads were stopped: 0.0082529 seconds, Stopping threads took: 0.0000207 seconds
2024-07-28T21:31:56.312+0800: 12.941: Application time: 0.1153464 seconds
2024-07-28T21:31:56.312+0800: 12.941: [GC (Allocation Failure) 2024-07-28T21:31:56.313+0800: 12.941: [ParNew: 77168K->8192K(78656K), 0.0122561 secs] 462856K->462488K(637844K), 0.0123200 secs] [Times: user=0.03 sys=0.00, real=0.01 secs] 
2024-07-28T21:31:56.325+0800: 12.953: Total time for which application threads were stopped: 0.0124302 seconds, Stopping threads took: 0.0000191 seconds
2024-07-28T21:31:56.325+0800: 12.953: [CMS-concurrent-abortable-preclean: 0.006/0.244 secs] [Times: user=0.06 sys=0.00, real=0.24 secs] 
2024-07-28T21:31:56.325+0800: 12.953: Application time: 0.0003367 seconds
2024-07-28T21:31:56.325+0800: 12.954: [GC (CMS Final Remark) [YG occupancy: 12655 K (78656 K)]2024-07-28T21:31:56.325+0800: 12.954: [Rescan (parallel) , 0.0010455 secs]2024-07-28T21:31:56.326+0800: 12.955: [weak refs processing, 0.0000140 secs]2024-07-28T21:31:56.326+0800: 12.955: [class unloading, 0.0002489 secs]2024-07-28T21:31:56.327+0800: 12.955: [scrub symbol table, 0.0003139 secs]2024-07-28T21:31:56.327+0800: 12.955: [scrub string table, 0.0000927 secs][1 CMS-remark: 454296K(559188K)] 466952K(637844K), 0.0017929 secs] [Times: user=0.00 sys=0.00, real=0.00 secs] 
2024-07-28T21:31:56.327+0800: 12.955: Total time for which application threads were stopped: 0.0019868 seconds, Stopping threads took: 0.0001523 seconds
2024-07-28T21:31:56.327+0800: 12.956: [CMS-concurrent-sweep-start]
2024-07-28T21:31:56.329+0800: 12.957: [CMS-concurrent-sweep: 0.002/0.002 secs] [Times: user=0.00 sys=0.00, real=0.00 secs] 
2024-07-28T21:31:56.329+0800: 12.957: [CMS-concurrent-reset-start]
2024-07-28T21:31:56.330+0800: 12.959: [CMS-concurrent-reset: 0.001/0.001 secs] [Times: user=0.00 sys=0.00, real=0.00 secs] 
2024-07-28T21:31:56.332+0800: 12.960: Application time: 0.0047610 seconds
2024-07-28T21:31:56.332+0800: 12.960: [GC (Allocation Failure) 2024-07-28T21:31:56.332+0800: 12.960: [ParNew: 77168K->8192K(78656K), 0.0124666 secs] 358406K->358039K(637844K), 0.0125344 secs] [Times: user=0.00 sys=0.00, real=0.01 secs] 
2024-07-28T21:31:56.345+0800: 12.973: Total time for which application threads were stopped: 0.0126370 seconds, Stopping threads took: 0.0000137 seconds
2024-07-28T21:31:56.345+0800: 12.973: Application time: 0.0002147 seconds
2024-07-28T21:31:56.345+0800: 12.973: [GC (CMS Initial Mark) [1 CMS-initial-mark: 349846K(559188K)] 361478K(637844K), 0.0007255 secs] [Times: user=0.00 sys=0.00, real=0.00 secs] 
2024-07-28T21:31:56.346+0800: 12.974: Total time for which application threads were stopped: 0.0009126 seconds, Stopping threads took: 0.0001449 seconds
2024-07-28T21:31:56.346+0800: 12.974: [CMS-concurrent-mark-start]
2024-07-28T21:31:56.348+0800: 12.976: [CMS-concurrent-mark: 0.002/0.002 secs] [Times: user=0.03 sys=0.00, real=0.00 secs] 
2024-07-28T21:31:56.348+0800: 12.976: [CMS-concurrent-preclean-start]
2024-07-28T21:31:56.349+0800: 12.977: [CMS-concurrent-preclean: 0.001/0.001 secs] [Times: user=0.00 sys=0.00, real=0.00 secs] 
2024-07-28T21:31:56.349+0800: 12.977: [CMS-concurrent-abortable-preclean-start]
2024-07-28T21:31:56.457+0800: 13.086: Application time: 0.1117760 seconds
2024-07-28T21:31:56.458+0800: 13.086: [GC (Allocation Failure) 2024-07-28T21:31:56.458+0800: 13.086: [ParNew: 77168K->8192K(78656K), 0.0085686 secs] 427015K->396951K(637844K), 0.0086308 secs] [Times: user=0.00 sys=0.00, real=0.01 secs] 
2024-07-28T21:31:56.466+0800: 13.094: Total time for which application threads were stopped: 0.0087446 seconds, Stopping threads took: 0.0000229 seconds
2024-07-28T21:31:56.581+0800: 13.209: Application time: 0.1148216 seconds
2024-07-28T21:31:56.582+0800: 13.209: [GC (Allocation Failure) 2024-07-28T21:31:56.582+0800: 13.209: [ParNew: 77168K->8192K(78656K), 0.0127299 secs] 465928K->465560K(637844K), 0.0127891 secs] [Times: user=0.03 sys=0.00, real=0.01 secs] 
2024-07-28T21:31:56.594+0800: 13.222: Total time for which application threads were stopped: 0.0129017 seconds, Stopping threads took: 0.0000240 seconds
2024-07-28T21:31:56.594+0800: 13.222: [CMS-concurrent-abortable-preclean: 0.006/0.245 secs] [Times: user=0.05 sys=0.00, real=0.25 secs] 
2024-07-28T21:31:56.595+0800: 13.222: Application time: 0.0002788 seconds
2024-07-28T21:31:56.595+0800: 13.223: [GC (CMS Final Remark) [YG occupancy: 11631 K (78656 K)]2024-07-28T21:31:56.595+0800: 13.223: [Rescan (parallel) , 0.0008346 secs]2024-07-28T21:31:56.596+0800: 13.224: [weak refs processing, 0.0000135 secs]2024-07-28T21:31:56.596+0800: 13.224: [class unloading, 0.0002753 secs]2024-07-28T21:31:56.596+0800: 13.224: [scrub symbol table, 0.0003044 secs]2024-07-28T21:31:56.596+0800: 13.224: [scrub string table, 0.0000917 secs][1 CMS-remark: 457368K(559188K)] 469000K(637844K), 0.0015934 secs] [Times: user=0.00 sys=0.00, real=0.00 secs] 
2024-07-28T21:31:56.596+0800: 13.224: Total time for which application threads were stopped: 0.0017540 seconds, Stopping threads took: 0.0001230 seconds
2024-07-28T21:31:56.597+0800: 13.224: [CMS-concurrent-sweep-start]
2024-07-28T21:31:56.598+0800: 13.226: [CMS-concurrent-sweep: 0.001/0.001 secs] [Times: user=0.03 sys=0.00, real=0.00 secs] 
2024-07-28T21:31:56.598+0800: 13.226: [CMS-concurrent-reset-start]
2024-07-28T21:31:56.599+0800: 13.227: [CMS-concurrent-reset: 0.001/0.001 secs] [Times: user=0.00 sys=0.00, real=0.00 secs] 
2024-07-28T21:31:56.601+0800: 13.229: Application time: 0.0049672 seconds
2024-07-28T21:31:56.601+0800: 13.229: [GC (Allocation Failure) 2024-07-28T21:31:56.601+0800: 13.229: [ParNew: 77168K->8192K(78656K), 0.0123237 secs] 360454K->360087K(637844K), 0.0123716 secs] [Times: user=0.00 sys=0.00, real=0.01 secs] 
2024-07-28T21:31:56.614+0800: 13.242: Total time for which application threads were stopped: 0.0124672 seconds, Stopping threads took: 0.0000141 seconds
2024-07-28T21:31:56.614+0800: 13.242: Application time: 0.0002284 seconds
2024-07-28T21:31:56.614+0800: 13.242: [GC (CMS Initial Mark) [1 CMS-initial-mark: 351894K(559188K)] 363526K(637844K), 0.0007781 secs] [Times: user=0.00 sys=0.00, real=0.00 secs] 
2024-07-28T21:31:56.615+0800: 13.243: Total time for which application threads were stopped: 0.0009848 seconds, Stopping threads took: 0.0001637 seconds
2024-07-28T21:31:56.615+0800: 13.243: [CMS-concurrent-mark-start]
2024-07-28T21:31:56.617+0800: 13.245: [CMS-concurrent-mark: 0.002/0.002 secs] [Times: user=0.00 sys=0.00, real=0.00 secs] 
2024-07-28T21:31:56.617+0800: 13.245: [CMS-concurrent-preclean-start]
2024-07-28T21:31:56.618+0800: 13.246: [CMS-concurrent-preclean: 0.001/0.001 secs] [Times: user=0.00 sys=0.00, real=0.00 secs] 
2024-07-28T21:31:56.618+0800: 13.246: [CMS-concurrent-abortable-preclean-start]
2024-07-28T21:31:56.725+0800: 13.353: Application time: 0.1101799 seconds
2024-07-28T21:31:56.725+0800: 13.353: [GC (Allocation Failure) 2024-07-28T21:31:56.725+0800: 13.353: [ParNew: 77168K->8192K(78656K), 0.0081864 secs] 429063K->400023K(637844K), 0.0082453 secs] [Times: user=0.00 sys=0.00, real=0.01 secs] 
2024-07-28T21:31:56.733+0800: 13.361: Total time for which application threads were stopped: 0.0083558 seconds, Stopping threads took: 0.0000183 seconds
2024-07-28T21:31:56.850+0800: 13.478: Application time: 0.1166262 seconds
2024-07-28T21:31:56.851+0800: 13.478: [GC (Allocation Failure) 2024-07-28T21:31:56.851+0800: 13.478: [ParNew: 77168K->8192K(78656K), 0.0134269 secs] 469000K->468632K(637844K), 0.0134925 secs] [Times: user=0.03 sys=0.00, real=0.01 secs] 
2024-07-28T21:31:56.864+0800: 13.492: Total time for which application threads were stopped: 0.0136078 seconds, Stopping threads took: 0.0000194 seconds
2024-07-28T21:31:56.864+0800: 13.492: [CMS-concurrent-abortable-preclean: 0.006/0.246 secs] [Times: user=0.06 sys=0.00, real=0.25 secs] 
2024-07-28T21:31:56.864+0800: 13.492: Application time: 0.0002909 seconds
2024-07-28T21:31:56.864+0800: 13.492: [GC (CMS Final Remark) [YG occupancy: 12655 K (78656 K)]2024-07-28T21:31:56.864+0800: 13.492: [Rescan (parallel) , 0.0004408 secs]2024-07-28T21:31:56.865+0800: 13.493: [weak refs processing, 0.0000126 secs]2024-07-28T21:31:56.865+0800: 13.493: [class unloading, 0.0002193 secs]2024-07-28T21:31:56.865+0800: 13.493: [scrub symbol table, 0.0003141 secs]2024-07-28T21:31:56.865+0800: 13.493: [scrub string table, 0.0001017 secs][1 CMS-remark: 460440K(559188K)] 473096K(637844K), 0.0011532 secs] [Times: user=0.00 sys=0.00, real=0.00 secs] 
2024-07-28T21:31:56.865+0800: 13.493: Total time for which application threads were stopped: 0.0012695 seconds, Stopping threads took: 0.0000791 seconds
2024-07-28T21:31:56.865+0800: 13.493: [CMS-concurrent-sweep-start]
2024-07-28T21:31:56.867+0800: 13.495: [CMS-concurrent-sweep: 0.002/0.002 secs] [Times: user=0.00 sys=0.00, real=0.00 secs] 
2024-07-28T21:31:56.867+0800: 13.495: [CMS-concurrent-reset-start]
2024-07-28T21:31:56.868+0800: 13.496: [CMS-concurrent-reset: 0.001/0.001 secs] [Times: user=0.00 sys=0.00, real=0.00 secs] 
2024-07-28T21:31:56.870+0800: 13.498: Application time: 0.0050759 seconds
2024-07-28T21:31:56.870+0800: 13.498: [GC (Allocation Failure) 2024-07-28T21:31:56.870+0800: 13.498: [ParNew: 77168K->8192K(78656K), 0.0136575 secs] 362502K->362135K(637844K), 0.0137073 secs] [Times: user=0.03 sys=0.00, real=0.01 secs] 
2024-07-28T21:31:56.884+0800: 13.512: Total time for which application threads were stopped: 0.0138068 seconds, Stopping threads took: 0.0000168 seconds
2024-07-28T21:31:56.884+0800: 13.512: Application time: 0.0002293 seconds
2024-07-28T21:31:56.884+0800: 13.513: [GC (CMS Initial Mark) [1 CMS-initial-mark: 353943K(559188K)] 365574K(637844K), 0.0006579 secs] [Times: user=0.00 sys=0.00, real=0.00 secs] 
2024-07-28T21:31:56.885+0800: 13.513: Total time for which application threads were stopped: 0.0008522 seconds, Stopping threads took: 0.0001511 seconds
2024-07-28T21:31:56.885+0800: 13.513: [CMS-concurrent-mark-start]
2024-07-28T21:31:56.887+0800: 13.515: [CMS-concurrent-mark: 0.002/0.002 secs] [Times: user=0.00 sys=0.00, real=0.00 secs] 
2024-07-28T21:31:56.887+0800: 13.515: [CMS-concurrent-preclean-start]
2024-07-28T21:31:56.888+0800: 13.516: [CMS-concurrent-preclean: 0.001/0.001 secs] [Times: user=0.00 sys=0.00, real=0.00 secs] 
2024-07-28T21:31:56.888+0800: 13.516: [CMS-concurrent-abortable-preclean-start]
Heap
 par new generation   total 78656K, used 29415K [0x00000000c8000000, 0x00000000cd550000, 0x00000000daaa0000)
  eden space 69952K,  30% used [0x00000000c8000000, 0x00000000c94b9d50, 0x00000000cc450000)
  from space 8704K,  94% used [0x00000000cccd0000, 0x00000000cd4d0080, 0x00000000cd550000)
  to   space 8704K,   0% used [0x00000000cc450000, 0x00000000cc450000, 0x00000000cccd0000)
 concurrent mark-sweep generation total 559188K, used 353943K [0x00000000daaa0000, 0x00000000fccb5000, 0x0000000100000000)
 Metaspace       used 3005K, capacity 4486K, committed 4864K, reserved 1056768K
  class space    used 310K, capacity 386K, committed 512K, reserved 1048576K
2024-07-28T21:31:56.990+0800: 13.618: Application time: 0.1052521 seconds
