OpenJDK 64-Bit Server VM (25.412-b1) for windows-amd64 JRE (1.8.0_412-b1), built on Apr 23 2024 12:00:37 by "Administrator" with MS VC++ 10.0 (VS2010)
Memory: 4k page, physical 16672068k(5655812k free), swap 19933956k(3722724k free)
CommandLine flags: -XX:CMSFullGCsBeforeCompaction=2 -XX:GCDrainStackTargetSize=64 -XX:InitialHeapSize=266753088 -XX:MaxHeapSize=939524096 -XX:MaxNewSize=313176064 -XX:MaxTenuringThreshold=6 -XX:OldPLABSize=16 -XX:+PrintGC -XX:+PrintGCApplicationConcurrentTime -XX:+PrintGCApplicationStoppedTime -XX:+PrintGCDateStamps -XX:+PrintGCDetails -XX:+PrintGCTimeStamps -XX:+UseCMSCompactAtFullCollection -XX:+UseCompressedClassPointers -XX:+UseCompressedOops -XX:+UseConcMarkSweepGC -XX:-UseLargePagesIndividualAllocation -XX:+UseParNewGC 
2024-07-28T21:31:57.171+0800: 0.108: Application time: 0.0363788 seconds
2024-07-28T21:31:57.171+0800: 0.108: [GC (Allocation Failure) 2024-07-28T21:31:57.171+0800: 0.108: [ParNew: 68984K->7897K(78656K), 0.0361054 secs] 68984K->68316K(253440K), 0.0362968 secs] [Times: user=0.03 sys=0.06, real=0.04 secs] 
2024-07-28T21:31:57.208+0800: 0.145: Total time for which application threads were stopped: 0.0364575 seconds, Stopping threads took: 0.0000260 seconds
2024-07-28T21:31:57.323+0800: 0.260: Application time: 0.1154246 seconds
2024-07-28T21:31:57.323+0800: 0.260: [GC (Allocation Failure) 2024-07-28T21:31:57.323+0800: 0.260: [ParNew: 76867K->8591K(78656K), 0.0300872 secs] 137286K->137246K(253440K), 0.0301450 secs] [Times: user=0.05 sys=0.05, real=0.03 secs] 
2024-07-28T21:31:57.353+0800: 0.290: Total time for which application threads were stopped: 0.0302542 seconds, Stopping threads took: 0.0000185 seconds
2024-07-28T21:31:57.353+0800: 0.291: Application time: 0.0002304 seconds
2024-07-28T21:31:57.353+0800: 0.291: [GC (CMS Initial Mark) [1 CMS-initial-mark: 128655K(174784K)] 140673K(253440K), 0.0006494 secs] [Times: user=0.00 sys=0.00, real=0.00 secs] 
2024-07-28T21:31:57.354+0800: 0.291: Total time for which application threads were stopped: 0.0007505 seconds, Stopping threads took: 0.0000576 seconds
2024-07-28T21:31:57.354+0800: 0.291: [CMS-concurrent-mark-start]
2024-07-28T21:31:57.357+0800: 0.295: [CMS-concurrent-mark: 0.004/0.004 secs] [Times: user=0.00 sys=0.00, real=0.00 secs] 
2024-07-28T21:31:57.358+0800: 0.295: [CMS-concurrent-preclean-start]
2024-07-28T21:31:57.358+0800: 0.296: [CMS-concurrent-preclean: 0.001/0.001 secs] [Times: user=0.00 sys=0.00, real=0.00 secs] 
2024-07-28T21:31:57.358+0800: 0.296: [CMS-concurrent-abortable-preclean-start]
2024-07-28T21:31:57.462+0800: 0.399: Application time: 0.1076768 seconds
2024-07-28T21:31:57.462+0800: 0.399: [GC (Allocation Failure) 2024-07-28T21:31:57.462+0800: 0.399: [ParNew: 77555K->28K(78656K), 0.0007586 secs] 206210K->128686K(253440K), 0.0008051 secs] [Times: user=0.00 sys=0.00, real=0.00 secs] 
2024-07-28T21:31:57.463+0800: 0.400: Total time for which application threads were stopped: 0.0009206 seconds, Stopping threads took: 0.0000332 seconds
2024-07-28T21:31:57.467+0800: 0.404: Application time: 0.0044795 seconds
2024-07-28T21:31:57.467+0800: 0.404: [GC (Allocation Failure) 2024-07-28T21:31:57.467+0800: 0.404: [ParNew: 68997K->8196K(78656K), 0.0330609 secs] 197655K->197271K(268860K), 0.0331109 secs] [Times: user=0.08 sys=0.00, real=0.03 secs] 
2024-07-28T21:31:57.501+0800: 0.438: Total time for which application threads were stopped: 0.0332097 seconds, Stopping threads took: 0.0000149 seconds
2024-07-28T21:31:57.620+0800: 0.557: Application time: 0.1198619 seconds
2024-07-28T21:31:57.620+0800: 0.558: [GC (Allocation Failure) 2024-07-28T21:31:57.620+0800: 0.558: [ParNew: 77168K->8192K(78656K), 0.0284985 secs] 266242K->265877K(337736K), 0.0285724 secs] [Times: user=0.06 sys=0.03, real=0.03 secs] 
2024-07-28T21:31:57.649+0800: 0.586: Total time for which application threads were stopped: 0.0286850 seconds, Stopping threads took: 0.0000197 seconds
2024-07-28T21:31:57.762+0800: 0.699: Application time: 0.1128372 seconds
2024-07-28T21:31:57.762+0800: 0.699: [GC (Allocation Failure) 2024-07-28T21:31:57.762+0800: 0.699: [ParNew: 77165K->1024K(78656K), 0.0012975 secs] 334850K->258708K(337736K), 0.0013571 secs] [Times: user=0.00 sys=0.00, real=0.00 secs] 
2024-07-28T21:31:57.763+0800: 0.701: Total time for which application threads were stopped: 0.0014881 seconds, Stopping threads took: 0.0000211 seconds
2024-07-28T21:31:57.767+0800: 0.705: Application time: 0.0045066 seconds
2024-07-28T21:31:57.767+0800: 0.705: [GC (Allocation Failure) 2024-07-28T21:31:57.768+0800: 0.705: [ParNew: 69998K->8192K(78656K), 0.0391915 secs] 327683K->327318K(398388K), 0.0392433 secs] [Times: user=0.06 sys=0.03, real=0.04 secs] 
2024-07-28T21:31:57.807+0800: 0.744: Total time for which application threads were stopped: 0.0393394 seconds, Stopping threads took: 0.0000140 seconds
2024-07-28T21:31:57.807+0800: 0.744: [CMS-concurrent-abortable-preclean: 0.004/0.448 secs] [Times: user=0.23 sys=0.06, real=0.45 secs] 
2024-07-28T21:31:57.807+0800: 0.745: Application time: 0.0003824 seconds
2024-07-28T21:31:57.807+0800: 0.745: [GC (CMS Final Remark) [YG occupancy: 14702 K (78656 K)]2024-07-28T21:31:57.807+0800: 0.745: [Rescan (parallel) , 0.0008814 secs]2024-07-28T21:31:57.808+0800: 0.746: [weak refs processing, 0.0000297 secs]2024-07-28T21:31:57.808+0800: 0.746: [class unloading, 0.0001846 secs]2024-07-28T21:31:57.808+0800: 0.746: [scrub symbol table, 0.0003815 secs]2024-07-28T21:31:57.810+0800: 0.746: [scrub string table, 0.0000936 secs][1 CMS-remark: 319125K(319732K)] 333828K(398388K), 0.0016552 secs] [Times: user=0.00 sys=0.00, real=0.00 secs] 
2024-07-28T21:31:57.810+0800: 0.747: Total time for which application threads were stopped: 0.0018312 seconds, Stopping threads took: 0.0001383 seconds
2024-07-28T21:31:57.810+0800: 0.747: [CMS-concurrent-sweep-start]
2024-07-28T21:31:57.810+0800: 0.748: [CMS-concurrent-sweep: 0.001/0.001 secs] [Times: user=0.00 sys=0.00, real=0.00 secs] 
2024-07-28T21:31:57.812+0800: 0.749: [CMS-concurrent-reset-start]
2024-07-28T21:31:57.815+0800: 0.753: [CMS-concurrent-reset: 0.004/0.004 secs] [Times: user=0.00 sys=0.00, real=0.00 secs] 
2024-07-28T21:31:57.921+0800: 0.858: Application time: 0.1113358 seconds
2024-07-28T21:31:57.921+0800: 0.858: [GC (Allocation Failure) 2024-07-28T21:31:57.921+0800: 0.858: [ParNew: 77167K->8192K(78656K), 0.0431794 secs] 396292K->395926K(610532K), 0.0432556 secs] [Times: user=0.05 sys=0.05, real=0.04 secs] 
2024-07-28T21:31:57.964+0800: 0.901: Total time for which application threads were stopped: 0.0434131 seconds, Stopping threads took: 0.0000246 seconds
2024-07-28T21:31:57.964+0800: 0.901: Application time: 0.0001023 seconds
2024-07-28T21:31:57.965+0800: 0.902: [GC (CMS Initial Mark) [1 CMS-initial-mark: 387733K(531876K)] 396950K(610532K), 0.0005953 secs] [Times: user=0.00 sys=0.00, real=0.00 secs] 
2024-07-28T21:31:57.965+0800: 0.902: Total time for which application threads were stopped: 0.0006875 seconds, Stopping threads took: 0.0000426 seconds
2024-07-28T21:31:57.965+0800: 0.902: [CMS-concurrent-mark-start]
2024-07-28T21:31:57.970+0800: 0.907: [CMS-concurrent-mark: 0.005/0.005 secs] [Times: user=0.00 sys=0.00, real=0.01 secs] 
2024-07-28T21:31:57.971+0800: 0.908: [CMS-concurrent-preclean-start]
2024-07-28T21:31:57.972+0800: 0.909: [CMS-concurrent-preclean: 0.001/0.001 secs] [Times: user=0.00 sys=0.00, real=0.00 secs] 
2024-07-28T21:31:57.972+0800: 0.909: [CMS-concurrent-abortable-preclean-start]
2024-07-28T21:31:58.077+0800: 1.014: Application time: 0.1119170 seconds
2024-07-28T21:31:58.077+0800: 1.014: [GC (Allocation Failure) 2024-07-28T21:31:58.077+0800: 1.014: [ParNew: 77167K->2048K(78656K), 0.0012140 secs] 464901K->389781K(610532K), 0.0012726 secs] [Times: user=0.00 sys=0.00, real=0.00 secs] 
2024-07-28T21:31:58.078+0800: 1.015: Total time for which application threads were stopped: 0.0013866 seconds, Stopping threads took: 0.0000198 seconds
2024-07-28T21:31:58.083+0800: 1.020: Application time: 0.0043512 seconds
2024-07-28T21:31:58.083+0800: 1.020: [GC (Allocation Failure) 2024-07-28T21:31:58.083+0800: 1.020: [ParNew: 71024K->8192K(78656K), 0.0355261 secs] 458758K->458391K(610532K), 0.0355901 secs] [Times: user=0.05 sys=0.02, real=0.04 secs] 
2024-07-28T21:31:58.119+0800: 1.056: Total time for which application threads were stopped: 0.0357086 seconds, Stopping threads took: 0.0000151 seconds
2024-07-28T21:31:58.236+0800: 1.173: Application time: 0.1174460 seconds
2024-07-28T21:31:58.236+0800: 1.173: [GC (Allocation Failure) 2024-07-28T21:31:58.236+0800: 1.173: [ParNew: 77168K->8192K(78656K), 0.0394842 secs] 527367K->527000K(610532K), 0.0395479 secs] [Times: user=0.08 sys=0.02, real=0.04 secs] 
2024-07-28T21:31:58.275+0800: 1.213: Total time for which application threads were stopped: 0.0396749 seconds, Stopping threads took: 0.0000234 seconds
2024-07-28T21:31:58.275+0800: 1.213: [CMS-concurrent-abortable-preclean: 0.006/0.304 secs] [Times: user=0.14 sys=0.05, real=0.30 secs] 
2024-07-28T21:31:58.276+0800: 1.213: Application time: 0.0002098 seconds
2024-07-28T21:31:58.276+0800: 1.213: [GC (CMS Final Remark) [YG occupancy: 11631 K (78656 K)]2024-07-28T21:31:58.276+0800: 1.213: [Rescan (parallel) , 0.0006683 secs]2024-07-28T21:31:58.276+0800: 1.214: [weak refs processing, 0.0000263 secs]2024-07-28T21:31:58.276+0800: 1.214: [class unloading, 0.0001900 secs]2024-07-28T21:31:58.277+0800: 1.214: [scrub symbol table, 0.0003484 secs]2024-07-28T21:31:58.277+0800: 1.214: [scrub string table, 0.0001050 secs][1 CMS-remark: 518807K(531876K)] 530439K(610532K), 0.0014103 secs] [Times: user=0.00 sys=0.00, real=0.00 secs] 
2024-07-28T21:31:58.277+0800: 1.214: Total time for which application threads were stopped: 0.0016124 seconds, Stopping threads took: 0.0001601 seconds
2024-07-28T21:31:58.277+0800: 1.215: [CMS-concurrent-sweep-start]
2024-07-28T21:31:58.279+0800: 1.216: [CMS-concurrent-sweep: 0.002/0.002 secs] [Times: user=0.00 sys=0.00, real=0.00 secs] 
2024-07-28T21:31:58.279+0800: 1.216: [CMS-concurrent-reset-start]
2024-07-28T21:31:58.280+0800: 1.218: [CMS-concurrent-reset: 0.001/0.001 secs] [Times: user=0.00 sys=0.00, real=0.00 secs] 
2024-07-28T21:31:58.390+0800: 1.327: Application time: 0.1128779 seconds
2024-07-28T21:31:58.390+0800: 1.327: [GC (Allocation Failure) 2024-07-28T21:31:58.390+0800: 1.327: [ParNew: 77168K->3072K(78656K), 0.0017720 secs] 338948K->264852K(610532K), 0.0018268 secs] [Times: user=0.00 sys=0.00, real=0.00 secs] 
2024-07-28T21:31:58.392+0800: 1.329: Total time for which application threads were stopped: 0.0019379 seconds, Stopping threads took: 0.0000208 seconds
2024-07-28T21:31:58.396+0800: 1.334: Application time: 0.0045165 seconds
2024-07-28T21:31:58.396+0800: 1.334: [GC (Allocation Failure) 2024-07-28T21:31:58.396+0800: 1.334: [ParNew: 72048K->8192K(78656K), 0.0170307 secs] 333828K->333461K(610532K), 0.0170847 secs] [Times: user=0.03 sys=0.00, real=0.02 secs] 
2024-07-28T21:31:58.414+0800: 1.351: Total time for which application threads were stopped: 0.0171867 seconds, Stopping threads took: 0.0000160 seconds
2024-07-28T21:31:58.414+0800: 1.351: Application time: 0.0002452 seconds
2024-07-28T21:31:58.414+0800: 1.351: [GC (CMS Initial Mark) [1 CMS-initial-mark: 325268K(531876K)] 336900K(610532K), 0.0007792 secs] [Times: user=0.00 sys=0.00, real=0.00 secs] 
2024-07-28T21:31:58.415+0800: 1.352: Total time for which application threads were stopped: 0.0009559 seconds, Stopping threads took: 0.0001299 seconds
2024-07-28T21:31:58.415+0800: 1.352: [CMS-concurrent-mark-start]
2024-07-28T21:31:58.417+0800: 1.355: [CMS-concurrent-mark: 0.002/0.002 secs] [Times: user=0.00 sys=0.00, real=0.00 secs] 
2024-07-28T21:31:58.417+0800: 1.355: [CMS-concurrent-preclean-start]
2024-07-28T21:31:58.418+0800: 1.355: [CMS-concurrent-preclean: 0.001/0.001 secs] [Times: user=0.00 sys=0.00, real=0.00 secs] 
2024-07-28T21:31:58.418+0800: 1.355: [CMS-concurrent-abortable-preclean-start]
2024-07-28T21:31:58.535+0800: 1.473: Application time: 0.1206729 seconds
2024-07-28T21:31:58.536+0800: 1.473: [GC (Allocation Failure) 2024-07-28T21:31:58.536+0800: 1.473: [ParNew: 77168K->8192K(78656K), 0.0150321 secs] 402437K->402070K(610532K), 0.0150929 secs] [Times: user=0.00 sys=0.00, real=0.02 secs] 
2024-07-28T21:31:58.551+0800: 1.488: Total time for which application threads were stopped: 0.0152305 seconds, Stopping threads took: 0.0000238 seconds
2024-07-28T21:31:58.659+0800: 1.596: Application time: 0.1080826 seconds
2024-07-28T21:31:58.659+0800: 1.596: [GC (Allocation Failure) 2024-07-28T21:31:58.659+0800: 1.596: [ParNew: 77543K->3074K(78656K), 0.0020224 secs] 471421K->396952K(610532K), 0.0020946 secs] [Times: user=0.03 sys=0.00, real=0.00 secs] 
2024-07-28T21:31:58.661+0800: 1.598: Total time for which application threads were stopped: 0.0022245 seconds, Stopping threads took: 0.0000214 seconds
2024-07-28T21:31:58.668+0800: 1.605: Application time: 0.0063313 seconds
2024-07-28T21:31:58.668+0800: 1.605: [GC (Allocation Failure) 2024-07-28T21:31:58.668+0800: 1.605: [ParNew: 72040K->8196K(78656K), 0.0136073 secs] 465918K->465563K(610532K), 0.0136867 secs] [Times: user=0.03 sys=0.00, real=0.01 secs] 
2024-07-28T21:31:58.682+0800: 1.619: Total time for which application threads were stopped: 0.0138406 seconds, Stopping threads took: 0.0000284 seconds
2024-07-28T21:31:58.682+0800: 1.619: [CMS-concurrent-abortable-preclean: 0.006/0.263 secs] [Times: user=0.08 sys=0.00, real=0.26 secs] 
2024-07-28T21:31:58.682+0800: 1.619: Application time: 0.0003862 seconds
2024-07-28T21:31:58.682+0800: 1.619: [GC (CMS Final Remark) [YG occupancy: 13677 K (78656 K)]2024-07-28T21:31:58.682+0800: 1.619: [Rescan (parallel) , 0.0008139 secs]2024-07-28T21:31:58.683+0800: 1.620: [weak refs processing, 0.0000133 secs]2024-07-28T21:31:58.683+0800: 1.620: [class unloading, 0.0001955 secs]2024-07-28T21:31:58.683+0800: 1.620: [scrub symbol table, 0.0003729 secs]2024-07-28T21:31:58.683+0800: 1.621: [scrub string table, 0.0001134 secs][1 CMS-remark: 457366K(531876K)] 471044K(610532K), 0.0015751 secs] [Times: user=0.00 sys=0.00, real=0.00 secs] 
2024-07-28T21:31:58.684+0800: 1.621: Total time for which application threads were stopped: 0.0016900 seconds, Stopping threads took: 0.0000649 seconds
2024-07-28T21:31:58.684+0800: 1.621: [CMS-concurrent-sweep-start]
2024-07-28T21:31:58.685+0800: 1.622: [CMS-concurrent-sweep: 0.001/0.001 secs] [Times: user=0.00 sys=0.00, real=0.00 secs] 
2024-07-28T21:31:58.685+0800: 1.622: [CMS-concurrent-reset-start]
2024-07-28T21:31:58.686+0800: 1.623: [CMS-concurrent-reset: 0.001/0.001 secs] [Times: user=0.00 sys=0.00, real=0.00 secs] 
2024-07-28T21:31:58.801+0800: 1.739: Application time: 0.1182357 seconds
2024-07-28T21:31:58.801+0800: 1.739: [GC (Allocation Failure) 2024-07-28T21:31:58.802+0800: 1.739: [ParNew: 77166K->8192K(78656K), 0.0126203 secs] 273409K->273044K(610532K), 0.0126953 secs] [Times: user=0.00 sys=0.00, real=0.01 secs] 
2024-07-28T21:31:58.814+0800: 1.752: Total time for which application threads were stopped: 0.0128164 seconds, Stopping threads took: 0.0000201 seconds
2024-07-28T21:31:58.814+0800: 1.752: Application time: 0.0001913 seconds
2024-07-28T21:31:58.815+0800: 1.752: [GC (CMS Initial Mark) [1 CMS-initial-mark: 264852K(531876K)] 276479K(610532K), 0.0008670 secs] [Times: user=0.00 sys=0.00, real=0.00 secs] 
2024-07-28T21:31:58.815+0800: 1.753: Total time for which application threads were stopped: 0.0010519 seconds, Stopping threads took: 0.0001346 seconds
2024-07-28T21:31:58.815+0800: 1.753: [CMS-concurrent-mark-start]
2024-07-28T21:31:58.819+0800: 1.757: [CMS-concurrent-mark: 0.004/0.004 secs] [Times: user=0.05 sys=0.00, real=0.00 secs] 
2024-07-28T21:31:58.819+0800: 1.757: [CMS-concurrent-preclean-start]
2024-07-28T21:31:58.821+0800: 1.758: [CMS-concurrent-preclean: 0.001/0.001 secs] [Times: user=0.00 sys=0.00, real=0.00 secs] 
2024-07-28T21:31:58.821+0800: 1.758: [CMS-concurrent-abortable-preclean-start]
2024-07-28T21:31:58.924+0800: 1.861: Application time: 0.1083793 seconds
2024-07-28T21:31:58.924+0800: 1.861: [GC (Allocation Failure) 2024-07-28T21:31:58.924+0800: 1.861: [ParNew: 77164K->4096K(78656K), 0.0019734 secs] 342016K->268948K(610532K), 0.0020276 secs] [Times: user=0.00 sys=0.00, real=0.00 secs] 
2024-07-28T21:31:58.926+0800: 1.864: Total time for which application threads were stopped: 0.0021350 seconds, Stopping threads took: 0.0000195 seconds
2024-07-28T21:31:58.931+0800: 1.868: Application time: 0.0044292 seconds
2024-07-28T21:31:58.931+0800: 1.868: [GC (Allocation Failure) 2024-07-28T21:31:58.931+0800: 1.868: [ParNew: 73070K->8192K(78656K), 0.0118153 secs] 337922K->337557K(610532K), 0.0119192 secs] [Times: user=0.03 sys=0.00, real=0.01 secs] 
2024-07-28T21:31:58.943+0800: 1.880: Total time for which application threads were stopped: 0.0120275 seconds, Stopping threads took: 0.0000161 seconds
2024-07-28T21:31:59.052+0800: 1.989: Application time: 0.1091492 seconds
2024-07-28T21:31:59.052+0800: 1.989: [GC (Allocation Failure) 2024-07-28T21:31:59.052+0800: 1.989: [ParNew: 77866K->8196K(78656K), 0.0131301 secs] 407231K->406170K(610532K), 0.0131885 secs] [Times: user=0.00 sys=0.00, real=0.01 secs] 
2024-07-28T21:31:59.065+0800: 2.002: Total time for which application threads were stopped: 0.0133156 seconds, Stopping threads took: 0.0000185 seconds
2024-07-28T21:31:59.065+0800: 2.002: [CMS-concurrent-abortable-preclean: 0.006/0.244 secs] [Times: user=0.08 sys=0.00, real=0.24 secs] 
2024-07-28T21:31:59.065+0800: 2.003: Application time: 0.0002915 seconds
2024-07-28T21:31:59.066+0800: 2.003: [GC (CMS Final Remark) [YG occupancy: 12653 K (78656 K)]2024-07-28T21:31:59.066+0800: 2.003: [Rescan (parallel) , 0.0009563 secs]2024-07-28T21:31:59.067+0800: 2.004: [weak refs processing, 0.0000129 secs]2024-07-28T21:31:59.067+0800: 2.004: [class unloading, 0.0001874 secs]2024-07-28T21:31:59.067+0800: 2.004: [scrub symbol table, 0.0003230 secs]2024-07-28T21:31:59.067+0800: 2.004: [scrub string table, 0.0000927 secs][1 CMS-remark: 397974K(531876K)] 410627K(610532K), 0.0016376 secs] [Times: user=0.00 sys=0.02, real=0.00 secs] 
2024-07-28T21:31:59.067+0800: 2.005: Total time for which application threads were stopped: 0.0018377 seconds, Stopping threads took: 0.0001573 seconds
2024-07-28T21:31:59.068+0800: 2.005: [CMS-concurrent-sweep-start]
2024-07-28T21:31:59.069+0800: 2.007: [CMS-concurrent-sweep: 0.002/0.002 secs] [Times: user=0.00 sys=0.00, real=0.00 secs] 
2024-07-28T21:31:59.069+0800: 2.007: [CMS-concurrent-reset-start]
2024-07-28T21:31:59.071+0800: 2.008: [CMS-concurrent-reset: 0.001/0.001 secs] [Times: user=0.00 sys=0.00, real=0.00 secs] 
2024-07-28T21:31:59.188+0800: 2.126: Application time: 0.1209642 seconds
2024-07-28T21:31:59.188+0800: 2.126: [GC (Allocation Failure) 2024-07-28T21:31:59.188+0800: 2.126: [ParNew: 77166K->5124K(78656K), 0.0018120 secs] 343042K->271000K(610532K), 0.0018651 secs] [Times: user=0.00 sys=0.00, real=0.00 secs] 
2024-07-28T21:31:59.190+0800: 2.128: Total time for which application threads were stopped: 0.0019878 seconds, Stopping threads took: 0.0000189 seconds
2024-07-28T21:31:59.195+0800: 2.132: Application time: 0.0043134 seconds
2024-07-28T21:31:59.195+0800: 2.132: [GC (Allocation Failure) 2024-07-28T21:31:59.195+0800: 2.132: [ParNew: 74096K->8192K(78656K), 0.0123264 secs] 339973K->339605K(610532K), 0.0123748 secs] [Times: user=0.00 sys=0.00, real=0.01 secs] 
2024-07-28T21:31:59.207+0800: 2.144: Total time for which application threads were stopped: 0.0124725 seconds, Stopping threads took: 0.0000149 seconds
2024-07-28T21:31:59.207+0800: 2.144: Application time: 0.0001739 seconds
2024-07-28T21:31:59.207+0800: 2.145: [GC (CMS Initial Mark) [1 CMS-initial-mark: 331413K(531876K)] 343042K(610532K), 0.0008363 secs] [Times: user=0.00 sys=0.01, real=0.00 secs] 
2024-07-28T21:31:59.208+0800: 2.146: Total time for which application threads were stopped: 0.0010311 seconds, Stopping threads took: 0.0001517 seconds
2024-07-28T21:31:59.208+0800: 2.146: [CMS-concurrent-mark-start]
2024-07-28T21:31:59.211+0800: 2.148: [CMS-concurrent-mark: 0.002/0.002 secs] [Times: user=0.00 sys=0.00, real=0.00 secs] 
2024-07-28T21:31:59.211+0800: 2.148: [CMS-concurrent-preclean-start]
2024-07-28T21:31:59.211+0800: 2.149: [CMS-concurrent-preclean: 0.001/0.001 secs] [Times: user=0.00 sys=0.00, real=0.00 secs] 
2024-07-28T21:31:59.211+0800: 2.149: [CMS-concurrent-abortable-preclean-start]
2024-07-28T21:31:59.317+0800: 2.254: Application time: 0.1081339 seconds
2024-07-28T21:31:59.317+0800: 2.254: [GC (Allocation Failure) 2024-07-28T21:31:59.317+0800: 2.254: [ParNew: 77166K->8192K(78656K), 0.0127032 secs] 408579K->408214K(610532K), 0.0128001 secs] [Times: user=0.00 sys=0.00, real=0.01 secs] 
2024-07-28T21:31:59.330+0800: 2.267: Total time for which application threads were stopped: 0.0129544 seconds, Stopping threads took: 0.0000321 seconds
2024-07-28T21:31:59.440+0800: 2.377: Application time: 0.1104645 seconds
2024-07-28T21:31:59.440+0800: 2.377: [GC (Allocation Failure) 2024-07-28T21:31:59.440+0800: 2.377: [ParNew: 77167K->6144K(78656K), 0.0021830 secs] 477189K->406166K(610532K), 0.0022382 secs] [Times: user=0.02 sys=0.02, real=0.00 secs] 
2024-07-28T21:31:59.442+0800: 2.379: Total time for which application threads were stopped: 0.0023449 seconds, Stopping threads took: 0.0000187 seconds
2024-07-28T21:31:59.442+0800: 2.379: [CMS-concurrent-abortable-preclean: 0.006/0.231 secs] [Times: user=0.05 sys=0.02, real=0.23 secs] 
2024-07-28T21:31:59.442+0800: 2.380: Application time: 0.0003024 seconds
2024-07-28T21:31:59.442+0800: 2.380: [GC (CMS Final Remark) [YG occupancy: 10606 K (78656 K)]2024-07-28T21:31:59.443+0800: 2.380: [Rescan (parallel) , 0.0010597 secs]2024-07-28T21:31:59.444+0800: 2.381: [weak refs processing, 0.0000125 secs]2024-07-28T21:31:59.444+0800: 2.381: [class unloading, 0.0001871 secs]2024-07-28T21:31:59.444+0800: 2.381: [scrub symbol table, 0.0003515 secs]2024-07-28T21:31:59.444+0800: 2.382: [scrub string table, 0.0001001 secs][1 CMS-remark: 400022K(531876K)] 410628K(610532K), 0.0017852 secs] [Times: user=0.00 sys=0.00, real=0.00 secs] 
2024-07-28T21:31:59.444+0800: 2.382: Total time for which application threads were stopped: 0.0019623 seconds, Stopping threads took: 0.0001356 seconds
2024-07-28T21:31:59.444+0800: 2.382: [CMS-concurrent-sweep-start]
2024-07-28T21:31:59.446+0800: 2.383: [CMS-concurrent-sweep: 0.001/0.001 secs] [Times: user=0.00 sys=0.00, real=0.00 secs] 
2024-07-28T21:31:59.446+0800: 2.383: [CMS-concurrent-reset-start]
2024-07-28T21:31:59.447+0800: 2.384: [CMS-concurrent-reset: 0.001/0.001 secs] [Times: user=0.00 sys=0.00, real=0.00 secs] 
2024-07-28T21:31:59.449+0800: 2.387: Application time: 0.0049820 seconds
2024-07-28T21:31:59.449+0800: 2.387: [GC (Allocation Failure) 2024-07-28T21:31:59.449+0800: 2.387: [ParNew: 75119K->8192K(78656K), 0.0122662 secs] 209921K->209555K(610532K), 0.0123150 secs] [Times: user=0.03 sys=0.00, real=0.01 secs] 
2024-07-28T21:31:59.462+0800: 2.399: Total time for which application threads were stopped: 0.0124123 seconds, Stopping threads took: 0.0000141 seconds
2024-07-28T21:31:59.462+0800: 2.399: Application time: 0.0002575 seconds
2024-07-28T21:31:59.462+0800: 2.400: [GC (CMS Initial Mark) [1 CMS-initial-mark: 201363K(531876K)] 212994K(610532K), 0.0007843 secs] [Times: user=0.00 sys=0.00, real=0.00 secs] 
2024-07-28T21:31:59.463+0800: 2.400: Total time for which application threads were stopped: 0.0009768 seconds, Stopping threads took: 0.0001476 seconds
2024-07-28T21:31:59.463+0800: 2.400: [CMS-concurrent-mark-start]
2024-07-28T21:31:59.465+0800: 2.403: [CMS-concurrent-mark: 0.002/0.002 secs] [Times: user=0.00 sys=0.00, real=0.00 secs] 
2024-07-28T21:31:59.465+0800: 2.403: [CMS-concurrent-preclean-start]
2024-07-28T21:31:59.466+0800: 2.403: [CMS-concurrent-preclean: 0.001/0.001 secs] [Times: user=0.00 sys=0.00, real=0.00 secs] 
2024-07-28T21:31:59.466+0800: 2.403: [CMS-concurrent-abortable-preclean-start]
2024-07-28T21:31:59.583+0800: 2.521: Application time: 0.1205199 seconds
2024-07-28T21:31:59.583+0800: 2.521: [GC (Allocation Failure) 2024-07-28T21:31:59.583+0800: 2.521: [ParNew: 77622K->8200K(78656K), 0.0135298 secs] 278986K->278172K(610532K), 0.0135966 secs] [Times: user=0.00 sys=0.00, real=0.01 secs] 
2024-07-28T21:31:59.597+0800: 2.535: Total time for which application threads were stopped: 0.0137177 seconds, Stopping threads took: 0.0000181 seconds
2024-07-28T21:31:59.707+0800: 2.644: Application time: 0.1092530 seconds
2024-07-28T21:31:59.707+0800: 2.644: [GC (Allocation Failure) 2024-07-28T21:31:59.707+0800: 2.644: [ParNew: 77173K->7168K(78656K), 0.0022625 secs] 347145K->277140K(610532K), 0.0023221 secs] [Times: user=0.03 sys=0.00, real=0.00 secs] 
2024-07-28T21:31:59.709+0800: 2.646: Total time for which application threads were stopped: 0.0024302 seconds, Stopping threads took: 0.0000202 seconds
2024-07-28T21:31:59.713+0800: 2.651: Application time: 0.0044386 seconds
2024-07-28T21:31:59.714+0800: 2.651: [GC (Allocation Failure) 2024-07-28T21:31:59.714+0800: 2.651: [ParNew: 76142K->8192K(78656K), 0.0128683 secs] 346114K->345749K(610532K), 0.0129175 secs] [Times: user=0.03 sys=0.00, real=0.01 secs] 
2024-07-28T21:31:59.727+0800: 2.664: Total time for which application threads were stopped: 0.0130563 seconds, Stopping threads took: 0.0000190 seconds
2024-07-28T21:31:59.727+0800: 2.664: [CMS-concurrent-abortable-preclean: 0.006/0.260 secs] [Times: user=0.13 sys=0.00, real=0.26 secs] 
2024-07-28T21:31:59.727+0800: 2.664: Application time: 0.0002464 seconds
2024-07-28T21:31:59.727+0800: 2.664: [GC (CMS Final Remark) [YG occupancy: 12654 K (78656 K)]2024-07-28T21:31:59.727+0800: 2.664: [Rescan (parallel) , 0.0007532 secs]2024-07-28T21:31:59.728+0800: 2.665: [weak refs processing, 0.0000141 secs]2024-07-28T21:31:59.728+0800: 2.665: [class unloading, 0.0002111 secs]2024-07-28T21:31:59.728+0800: 2.665: [scrub symbol table, 0.0003128 secs]2024-07-28T21:31:59.728+0800: 2.665: [scrub string table, 0.0000938 secs][1 CMS-remark: 337557K(531876K)] 350211K(610532K), 0.0014514 secs] [Times: user=0.00 sys=0.00, real=0.00 secs] 
2024-07-28T21:31:59.728+0800: 2.666: Total time for which application threads were stopped: 0.0015930 seconds, Stopping threads took: 0.0001041 seconds
2024-07-28T21:31:59.729+0800: 2.666: [CMS-concurrent-sweep-start]
2024-07-28T21:31:59.730+0800: 2.667: [CMS-concurrent-sweep: 0.001/0.001 secs] [Times: user=0.00 sys=0.00, real=0.00 secs] 
2024-07-28T21:31:59.730+0800: 2.667: [CMS-concurrent-reset-start]
2024-07-28T21:31:59.731+0800: 2.668: [CMS-concurrent-reset: 0.001/0.001 secs] [Times: user=0.00 sys=0.00, real=0.00 secs] 
2024-07-28T21:31:59.850+0800: 2.787: Application time: 0.1211746 seconds
2024-07-28T21:31:59.850+0800: 2.787: [GC (Allocation Failure) 2024-07-28T21:31:59.850+0800: 2.787: [ParNew: 77167K->8192K(78656K), 0.0129456 secs] 280578K->280212K(610532K), 0.0130045 secs] [Times: user=0.00 sys=0.00, real=0.01 secs] 
2024-07-28T21:31:59.863+0800: 2.800: Total time for which application threads were stopped: 0.0131195 seconds, Stopping threads took: 0.0000181 seconds
2024-07-28T21:31:59.863+0800: 2.800: Application time: 0.0001959 seconds
2024-07-28T21:31:59.863+0800: 2.800: [GC (CMS Initial Mark) [1 CMS-initial-mark: 272020K(531876K)] 283651K(610532K), 0.0006775 secs] [Times: user=0.00 sys=0.01, real=0.00 secs] 
2024-07-28T21:31:59.864+0800: 2.801: Total time for which application threads were stopped: 0.0008458 seconds, Stopping threads took: 0.0001229 seconds
2024-07-28T21:31:59.864+0800: 2.801: [CMS-concurrent-mark-start]
2024-07-28T21:31:59.868+0800: 2.805: [CMS-concurrent-mark: 0.004/0.004 secs] [Times: user=0.00 sys=0.00, real=0.00 secs] 
2024-07-28T21:31:59.868+0800: 2.805: [CMS-concurrent-preclean-start]
2024-07-28T21:31:59.869+0800: 2.806: [CMS-concurrent-preclean: 0.001/0.001 secs] [Times: user=0.00 sys=0.00, real=0.00 secs] 
2024-07-28T21:31:59.869+0800: 2.806: [CMS-concurrent-abortable-preclean-start]
2024-07-28T21:31:59.974+0800: 2.912: Application time: 0.1106380 seconds
2024-07-28T21:31:59.974+0800: 2.912: [GC (Allocation Failure) 2024-07-28T21:31:59.974+0800: 2.912: [ParNew: 77167K->8192K(78656K), 0.0023015 secs] 349188K->280212K(610532K), 0.0023531 secs] [Times: user=0.00 sys=0.00, real=0.00 secs] 
2024-07-28T21:31:59.977+0800: 2.914: Total time for which application threads were stopped: 0.0024581 seconds, Stopping threads took: 0.0000197 seconds
2024-07-28T21:31:59.981+0800: 2.919: Application time: 0.0045699 seconds
2024-07-28T21:31:59.981+0800: 2.919: [GC (Allocation Failure) 2024-07-28T21:31:59.981+0800: 2.919: [ParNew: 77168K->8192K(78656K), 0.0125434 secs] 349188K->348821K(610532K), 0.0125974 secs] [Times: user=0.03 sys=0.00, real=0.01 secs] 
2024-07-28T21:31:59.994+0800: 2.931: Total time for which application threads were stopped: 0.0126943 seconds, Stopping threads took: 0.0000140 seconds
2024-07-28T21:32:00.100+0800: 3.038: Application time: 0.1066021 seconds
2024-07-28T21:32:00.101+0800: 3.038: [GC (Allocation Failure) 2024-07-28T21:32:00.101+0800: 3.038: [ParNew: 77168K->8192K(78656K), 0.0120590 secs] 417797K->417430K(610532K), 0.0121417 secs] [Times: user=0.00 sys=0.00, real=0.01 secs] 
2024-07-28T21:32:00.113+0800: 3.050: Total time for which application threads were stopped: 0.0122580 seconds, Stopping threads took: 0.0000238 seconds
2024-07-28T21:32:00.113+0800: 3.050: [CMS-concurrent-abortable-preclean: 0.007/0.244 secs] [Times: user=0.03 sys=0.00, real=0.24 secs] 
2024-07-28T21:32:00.113+0800: 3.050: Application time: 0.0002859 seconds
2024-07-28T21:32:00.113+0800: 3.051: [GC (CMS Final Remark) [YG occupancy: 12655 K (78656 K)]2024-07-28T21:32:00.113+0800: 3.051: [Rescan (parallel) , 0.0005287 secs]2024-07-28T21:32:00.114+0800: 3.051: [weak refs processing, 0.0000138 secs]2024-07-28T21:32:00.114+0800: 3.051: [class unloading, 0.0002016 secs]2024-07-28T21:32:00.114+0800: 3.051: [scrub symbol table, 0.0003140 secs]2024-07-28T21:32:00.114+0800: 3.052: [scrub string table, 0.0000940 secs][1 CMS-remark: 409238K(531876K)] 421894K(610532K), 0.0012209 secs] [Times: user=0.09 sys=0.02, real=0.00 secs] 
2024-07-28T21:32:00.115+0800: 3.052: Total time for which application threads were stopped: 0.0014205 seconds, Stopping threads took: 0.0001547 seconds
2024-07-28T21:32:00.115+0800: 3.052: [CMS-concurrent-sweep-start]
2024-07-28T21:32:00.116+0800: 3.054: [CMS-concurrent-sweep: 0.002/0.002 secs] [Times: user=0.00 sys=0.00, real=0.00 secs] 
2024-07-28T21:32:00.116+0800: 3.054: [CMS-concurrent-reset-start]
2024-07-28T21:32:00.118+0800: 3.055: [CMS-concurrent-reset: 0.001/0.001 secs] [Times: user=0.00 sys=0.00, real=0.00 secs] 
2024-07-28T21:32:00.223+0800: 3.160: Application time: 0.1081277 seconds
2024-07-28T21:32:00.223+0800: 3.160: [GC (Allocation Failure) 2024-07-28T21:32:00.223+0800: 3.160: [ParNew: 77168K->8192K(78656K), 0.0027445 secs] 351237K->283284K(610532K), 0.0028145 secs] [Times: user=0.00 sys=0.00, real=0.00 secs] 
2024-07-28T21:32:00.226+0800: 3.163: Total time for which application threads were stopped: 0.0029381 seconds, Stopping threads took: 0.0000201 seconds
2024-07-28T21:32:00.230+0800: 3.167: Application time: 0.0043349 seconds
2024-07-28T21:32:00.230+0800: 3.167: [GC (Allocation Failure) 2024-07-28T21:32:00.230+0800: 3.167: [ParNew: 77168K->8192K(78656K), 0.0121440 secs] 352261K->351893K(610532K), 0.0121931 secs] [Times: user=0.03 sys=0.00, real=0.01 secs] 
2024-07-28T21:32:00.242+0800: 3.180: Total time for which application threads were stopped: 0.0122896 seconds, Stopping threads took: 0.0000142 seconds
2024-07-28T21:32:00.242+0800: 3.180: Application time: 0.0002373 seconds
2024-07-28T21:32:00.243+0800: 3.180: [GC (CMS Initial Mark) [1 CMS-initial-mark: 343701K(531876K)] 355333K(610532K), 0.0008243 secs] [Times: user=0.00 sys=0.00, real=0.00 secs] 
2024-07-28T21:32:00.243+0800: 3.181: Total time for which application threads were stopped: 0.0009717 seconds, Stopping threads took: 0.0001060 seconds
2024-07-28T21:32:00.244+0800: 3.181: [CMS-concurrent-mark-start]
2024-07-28T21:32:00.246+0800: 3.183: [CMS-concurrent-mark: 0.002/0.002 secs] [Times: user=0.00 sys=0.00, real=0.00 secs] 
2024-07-28T21:32:00.246+0800: 3.183: [CMS-concurrent-preclean-start]
2024-07-28T21:32:00.246+0800: 3.184: [CMS-concurrent-preclean: 0.001/0.001 secs] [Times: user=0.00 sys=0.00, real=0.00 secs] 
2024-07-28T21:32:00.246+0800: 3.184: [CMS-concurrent-abortable-preclean-start]
2024-07-28T21:32:00.350+0800: 3.287: Application time: 0.1063452 seconds
2024-07-28T21:32:00.350+0800: 3.287: [GC (Allocation Failure) 2024-07-28T21:32:00.350+0800: 3.287: [ParNew: 77168K->8192K(78656K), 0.0120867 secs] 420870K->420502K(610532K), 0.0121991 secs] [Times: user=0.00 sys=0.00, real=0.01 secs] 
2024-07-28T21:32:00.362+0800: 3.299: Total time for which application threads were stopped: 0.0123173 seconds, Stopping threads took: 0.0000194 seconds
2024-07-28T21:32:00.474+0800: 3.411: Application time: 0.1117838 seconds
2024-07-28T21:32:00.474+0800: 3.411: [GC (Allocation Failure) 2024-07-28T21:32:00.474+0800: 3.411: [ParNew: 77168K->8192K(78656K), 0.0025292 secs] 489479K->422550K(610532K), 0.0025851 secs] [Times: user=0.00 sys=0.00, real=0.00 secs] 
2024-07-28T21:32:00.477+0800: 3.414: Total time for which application threads were stopped: 0.0026931 seconds, Stopping threads took: 0.0000196 seconds
2024-07-28T21:32:00.477+0800: 3.414: [CMS-concurrent-abortable-preclean: 0.005/0.230 secs] [Times: user=0.06 sys=0.00, real=0.23 secs] 
2024-07-28T21:32:00.477+0800: 3.414: Application time: 0.0004117 seconds
2024-07-28T21:32:00.478+0800: 3.415: [GC (CMS Final Remark) [YG occupancy: 14703 K (78656 K)]2024-07-28T21:32:00.478+0800: 3.415: [Rescan (parallel) , 0.0009328 secs]2024-07-28T21:32:00.478+0800: 3.416: [weak refs processing, 0.0000129 secs]2024-07-28T21:32:00.479+0800: 3.416: [class unloading, 0.0001913 secs]2024-07-28T21:32:00.479+0800: 3.416: [scrub symbol table, 0.0003490 secs]2024-07-28T21:32:00.479+0800: 3.416: [scrub string table, 0.0001130 secs][1 CMS-remark: 414358K(531876K)] 429062K(610532K), 0.0016652 secs] [Times: user=0.00 sys=0.00, real=0.00 secs] 
2024-07-28T21:32:00.479+0800: 3.416: Total time for which application threads were stopped: 0.0018539 seconds, Stopping threads took: 0.0001523 seconds
2024-07-28T21:32:00.479+0800: 3.417: [CMS-concurrent-sweep-start]
2024-07-28T21:32:00.481+0800: 3.418: [CMS-concurrent-sweep: 0.002/0.002 secs] [Times: user=0.00 sys=0.00, real=0.00 secs] 
2024-07-28T21:32:00.481+0800: 3.418: [CMS-concurrent-reset-start]
2024-07-28T21:32:00.482+0800: 3.419: [CMS-concurrent-reset: 0.001/0.001 secs] [Times: user=0.00 sys=0.00, real=0.00 secs] 
2024-07-28T21:32:00.484+0800: 3.421: Application time: 0.0046967 seconds
2024-07-28T21:32:00.484+0800: 3.421: [GC (Allocation Failure) 2024-07-28T21:32:00.484+0800: 3.421: [ParNew: 77168K->8192K(78656K), 0.0125435 secs] 218115K->217747K(610532K), 0.0125924 secs] [Times: user=0.03 sys=0.00, real=0.01 secs] 
2024-07-28T21:32:00.497+0800: 3.434: Total time for which application threads were stopped: 0.0127008 seconds, Stopping threads took: 0.0000125 seconds
2024-07-28T21:32:00.497+0800: 3.434: Application time: 0.0002241 seconds
2024-07-28T21:32:00.497+0800: 3.434: [GC (CMS Initial Mark) [1 CMS-initial-mark: 209555K(531876K)] 221187K(610532K), 0.0008448 secs] [Times: user=0.00 sys=0.00, real=0.00 secs] 
2024-07-28T21:32:00.498+0800: 3.435: Total time for which application threads were stopped: 0.0010356 seconds, Stopping threads took: 0.0001481 seconds
2024-07-28T21:32:00.498+0800: 3.435: [CMS-concurrent-mark-start]
2024-07-28T21:32:00.500+0800: 3.437: [CMS-concurrent-mark: 0.002/0.002 secs] [Times: user=0.00 sys=0.00, real=0.00 secs] 
2024-07-28T21:32:00.500+0800: 3.437: [CMS-concurrent-preclean-start]
2024-07-28T21:32:00.501+0800: 3.437: [CMS-concurrent-preclean: 0.001/0.001 secs] [Times: user=0.00 sys=0.00, real=0.00 secs] 
2024-07-28T21:32:00.501+0800: 3.437: [CMS-concurrent-abortable-preclean-start]
2024-07-28T21:32:00.617+0800: 3.554: Application time: 0.1195228 seconds
2024-07-28T21:32:00.617+0800: 3.554: [GC (Allocation Failure) 2024-07-28T21:32:00.617+0800: 3.555: [ParNew: 77168K->8192K(78656K), 0.0202359 secs] 286724K->286356K(610532K), 0.0203238 secs] [Times: user=0.03 sys=0.00, real=0.02 secs] 
2024-07-28T21:32:00.638+0800: 3.575: Total time for which application threads were stopped: 0.0204361 seconds, Stopping threads took: 0.0000192 seconds
2024-07-28T21:32:00.757+0800: 3.694: Application time: 0.1194133 seconds
2024-07-28T21:32:00.757+0800: 3.694: [GC (Allocation Failure) 2024-07-28T21:32:00.757+0800: 3.695: [ParNew: 77168K->8192K(78656K), 0.0063345 secs] 355333K->289428K(610532K), 0.0065046 secs] [Times: user=0.00 sys=0.00, real=0.01 secs] 
2024-07-28T21:32:00.764+0800: 3.701: Total time for which application threads were stopped: 0.0067690 seconds, Stopping threads took: 0.0000781 seconds
2024-07-28T21:32:00.764+0800: 3.701: [CMS-concurrent-abortable-preclean: 0.009/0.264 secs] [Times: user=0.05 sys=0.00, real=0.26 secs] 
2024-07-28T21:32:00.764+0800: 3.701: Application time: 0.0004084 seconds
2024-07-28T21:32:00.765+0800: 3.702: [GC (CMS Final Remark) [YG occupancy: 14703 K (78656 K)]2024-07-28T21:32:00.765+0800: 3.702: [Rescan (parallel) , 0.0009213 secs]2024-07-28T21:32:00.765+0800: 3.703: [weak refs processing, 0.0000130 secs]2024-07-28T21:32:00.765+0800: 3.703: [class unloading, 0.0002287 secs]2024-07-28T21:32:00.766+0800: 3.703: [scrub symbol table, 0.0003579 secs]2024-07-28T21:32:00.766+0800: 3.703: [scrub string table, 0.0001012 secs][1 CMS-remark: 281236K(531876K)] 295940K(610532K), 0.0016882 secs] [Times: user=0.00 sys=0.00, real=0.00 secs] 
2024-07-28T21:32:00.766+0800: 3.703: Total time for which application threads were stopped: 0.0018875 seconds, Stopping threads took: 0.0001450 seconds
2024-07-28T21:32:00.766+0800: 3.704: [CMS-concurrent-sweep-start]
2024-07-28T21:32:00.768+0800: 3.705: [CMS-concurrent-sweep: 0.002/0.002 secs] [Times: user=0.00 sys=0.00, real=0.00 secs] 
2024-07-28T21:32:00.768+0800: 3.705: [CMS-concurrent-reset-start]
2024-07-28T21:32:00.770+0800: 3.707: [CMS-concurrent-reset: 0.001/0.001 secs] [Times: user=0.02 sys=0.00, real=0.00 secs] 
2024-07-28T21:32:00.772+0800: 3.709: Application time: 0.0053397 seconds
2024-07-28T21:32:00.772+0800: 3.709: [GC (Allocation Failure) 2024-07-28T21:32:00.772+0800: 3.709: [ParNew: 77168K->8192K(78656K), 0.0233348 secs] 220163K->219795K(610532K), 0.0235367 secs] [Times: user=0.03 sys=0.00, real=0.02 secs] 
2024-07-28T21:32:00.796+0800: 3.732: Total time for which application threads were stopped: 0.0237829 seconds, Stopping threads took: 0.0000246 seconds
2024-07-28T21:32:00.796+0800: 3.733: Application time: 0.0004583 seconds
2024-07-28T21:32:00.797+0800: 3.733: [GC (CMS Initial Mark) [1 CMS-initial-mark: 211603K(531876K)] 223235K(610532K), 0.0005708 secs] [Times: user=0.00 sys=0.00, real=0.00 secs] 
2024-07-28T21:32:00.797+0800: 3.734: Total time for which application threads were stopped: 0.0010070 seconds, Stopping threads took: 0.0003066 seconds
2024-07-28T21:32:00.797+0800: 3.734: [CMS-concurrent-mark-start]
2024-07-28T21:32:00.799+0800: 3.736: [CMS-concurrent-mark: 0.002/0.002 secs] [Times: user=0.00 sys=0.00, real=0.00 secs] 
2024-07-28T21:32:00.800+0800: 3.736: [CMS-concurrent-preclean-start]
2024-07-28T21:32:00.800+0800: 3.737: [CMS-concurrent-preclean: 0.001/0.001 secs] [Times: user=0.00 sys=0.00, real=0.00 secs] 
2024-07-28T21:32:00.800+0800: 3.737: [CMS-concurrent-abortable-preclean-start]
2024-07-28T21:32:00.916+0800: 3.852: Application time: 0.1184709 seconds
2024-07-28T21:32:00.916+0800: 3.853: [GC (Allocation Failure) 2024-07-28T21:32:00.916+0800: 3.853: [ParNew: 77168K->8192K(78656K), 0.0153667 secs] 288772K->288404K(610532K), 0.0154338 secs] [Times: user=0.03 sys=0.00, real=0.02 secs] 
2024-07-28T21:32:00.931+0800: 3.868: Total time for which application threads were stopped: 0.0155654 seconds, Stopping threads took: 0.0000246 seconds
2024-07-28T21:32:01.038+0800: 3.976: Application time: 0.1077696 seconds
2024-07-28T21:32:01.038+0800: 3.976: [GC (Allocation Failure) 2024-07-28T21:32:01.038+0800: 3.976: [ParNew: 77168K->8192K(78656K), 0.0034401 secs] 357381K->292500K(610532K), 0.0035282 secs] [Times: user=0.00 sys=0.00, real=0.00 secs] 
2024-07-28T21:32:01.042+0800: 3.979: Total time for which application threads were stopped: 0.0036989 seconds, Stopping threads took: 0.0000426 seconds
2024-07-28T21:32:01.042+0800: 3.980: [CMS-concurrent-abortable-preclean: 0.006/0.243 secs] [Times: user=0.05 sys=0.00, real=0.24 secs] 
2024-07-28T21:32:01.042+0800: 3.980: Application time: 0.0002911 seconds
2024-07-28T21:32:01.042+0800: 3.980: [GC (CMS Final Remark) [YG occupancy: 12655 K (78656 K)]2024-07-28T21:32:01.042+0800: 3.980: [Rescan (parallel) , 0.0007125 secs]2024-07-28T21:32:01.043+0800: 3.981: [weak refs processing, 0.0000140 secs]2024-07-28T21:32:01.043+0800: 3.981: [class unloading, 0.0002090 secs]2024-07-28T21:32:01.043+0800: 3.981: [scrub symbol table, 0.0003962 secs]2024-07-28T21:32:01.044+0800: 3.981: [scrub string table, 0.0001097 secs][1 CMS-remark: 284308K(531876K)] 296964K(610532K), 0.0015401 secs] [Times: user=0.00 sys=0.00, real=0.00 secs] 
2024-07-28T21:32:01.044+0800: 3.981: Total time for which application threads were stopped: 0.0016710 seconds, Stopping threads took: 0.0000904 seconds
2024-07-28T21:32:01.044+0800: 3.982: [CMS-concurrent-sweep-start]
2024-07-28T21:32:01.046+0800: 3.983: [CMS-concurrent-sweep: 0.002/0.002 secs] [Times: user=0.00 sys=0.00, real=0.00 secs] 
2024-07-28T21:32:01.046+0800: 3.984: [CMS-concurrent-reset-start]
2024-07-28T21:32:01.048+0800: 3.985: [CMS-concurrent-reset: 0.002/0.002 secs] [Times: user=0.00 sys=0.00, real=0.00 secs] 
2024-07-28T21:32:01.049+0800: 3.987: Application time: 0.0053053 seconds
2024-07-28T21:32:01.049+0800: 3.987: [GC (Allocation Failure) 2024-07-28T21:32:01.049+0800: 3.987: [ParNew: 77168K->8192K(78656K), 0.0146026 secs] 222211K->221843K(610532K), 0.0146791 secs] [Times: user=0.03 sys=0.00, real=0.01 secs] 
2024-07-28T21:32:01.064+0800: 4.002: Total time for which application threads were stopped: 0.0148003 seconds, Stopping threads took: 0.0000164 seconds
2024-07-28T21:32:01.065+0800: 4.002: Application time: 0.0001272 seconds
2024-07-28T21:32:01.065+0800: 4.002: [GC (CMS Initial Mark) [1 CMS-initial-mark: 213651K(531876K)] 222867K(610532K), 0.0006169 secs] [Times: user=0.00 sys=0.00, real=0.00 secs] 
2024-07-28T21:32:01.065+0800: 4.002: Total time for which application threads were stopped: 0.0007991 seconds, Stopping threads took: 0.0001199 seconds
2024-07-28T21:32:01.065+0800: 4.003: [CMS-concurrent-mark-start]
2024-07-28T21:32:01.068+0800: 4.005: [CMS-concurrent-mark: 0.002/0.002 secs] [Times: user=0.05 sys=0.00, real=0.00 secs] 
2024-07-28T21:32:01.068+0800: 4.005: [CMS-concurrent-preclean-start]
2024-07-28T21:32:01.069+0800: 4.006: [CMS-concurrent-preclean: 0.001/0.001 secs] [Times: user=0.00 sys=0.00, real=0.00 secs] 
2024-07-28T21:32:01.070+0800: 4.006: [CMS-concurrent-abortable-preclean-start]
2024-07-28T21:32:01.177+0800: 4.114: Application time: 0.1112574 seconds
2024-07-28T21:32:01.177+0800: 4.114: Total time for which application threads were stopped: 0.0001776 seconds, Stopping threads took: 0.0001306 seconds
2024-07-28T21:32:01.181+0800: 4.118: Application time: 0.0038703 seconds
2024-07-28T21:32:01.181+0800: 4.118: [GC (Allocation Failure) 2024-07-28T21:32:01.181+0800: 4.118: [ParNew: 77168K->8192K(78656K), 0.0162820 secs] 290820K->290452K(610532K), 0.0163683 secs] [Times: user=0.03 sys=0.00, real=0.02 secs] 
2024-07-28T21:32:01.198+0800: 4.134: Total time for which application threads were stopped: 0.0165547 seconds, Stopping threads took: 0.0000212 seconds
2024-07-28T21:32:01.319+0800: 4.256: Application time: 0.1212653 seconds
2024-07-28T21:32:01.319+0800: 4.256: [GC (Allocation Failure) 2024-07-28T21:32:01.319+0800: 4.256: [ParNew: 77168K->8192K(78656K), 0.0034765 secs] 359429K->295572K(610532K), 0.0035351 secs] [Times: user=0.00 sys=0.00, real=0.00 secs] 
2024-07-28T21:32:01.323+0800: 4.259: Total time for which application threads were stopped: 0.0036620 seconds, Stopping threads took: 0.0000187 seconds
2024-07-28T21:32:01.323+0800: 4.259: [CMS-concurrent-abortable-preclean: 0.006/0.253 secs] [Times: user=0.03 sys=0.00, real=0.25 secs] 
2024-07-28T21:32:01.323+0800: 4.260: Application time: 0.0003778 seconds
2024-07-28T21:32:01.323+0800: 4.260: [GC (CMS Final Remark) [YG occupancy: 14703 K (78656 K)]2024-07-28T21:32:01.323+0800: 4.260: [Rescan (parallel) , 0.0008588 secs]2024-07-28T21:32:01.324+0800: 4.261: [weak refs processing, 0.0000133 secs]2024-07-28T21:32:01.324+0800: 4.261: [class unloading, 0.0002017 secs]2024-07-28T21:32:01.324+0800: 4.261: [scrub symbol table, 0.0003804 secs]2024-07-28T21:32:01.325+0800: 4.261: [scrub string table, 0.0001183 secs][1 CMS-remark: 287380K(531876K)] 302084K(610532K), 0.0016425 secs] [Times: user=0.00 sys=0.00, real=0.00 secs] 
2024-07-28T21:32:01.325+0800: 4.262: Total time for which application threads were stopped: 0.0018499 seconds, Stopping threads took: 0.0001647 seconds
2024-07-28T21:32:01.325+0800: 4.262: [CMS-concurrent-sweep-start]
2024-07-28T21:32:01.326+0800: 4.263: [CMS-concurrent-sweep: 0.001/0.001 secs] [Times: user=0.00 sys=0.00, real=0.00 secs] 
2024-07-28T21:32:01.326+0800: 4.263: [CMS-concurrent-reset-start]
2024-07-28T21:32:01.328+0800: 4.264: [CMS-concurrent-reset: 0.001/0.001 secs] [Times: user=0.00 sys=0.00, real=0.00 secs] 
2024-07-28T21:32:01.330+0800: 4.266: Application time: 0.0048651 seconds
2024-07-28T21:32:01.330+0800: 4.266: [GC (Allocation Failure) 2024-07-28T21:32:01.330+0800: 4.266: [ParNew: 77168K->8192K(78656K), 0.0130973 secs] 224259K->223891K(610532K), 0.0131466 secs] [Times: user=0.03 sys=0.00, real=0.01 secs] 
2024-07-28T21:32:01.342+0800: 4.280: Total time for which application threads were stopped: 0.0132489 seconds, Stopping threads took: 0.0000165 seconds
2024-07-28T21:32:01.343+0800: 4.280: Application time: 0.0002290 seconds
2024-07-28T21:32:01.343+0800: 4.280: [GC (CMS Initial Mark) [1 CMS-initial-mark: 215699K(531876K)] 227331K(610532K), 0.0006763 secs] [Times: user=0.00 sys=0.00, real=0.00 secs] 
2024-07-28T21:32:01.343+0800: 4.281: Total time for which application threads were stopped: 0.0008213 seconds, Stopping threads took: 0.0001053 seconds
2024-07-28T21:32:01.343+0800: 4.281: [CMS-concurrent-mark-start]
2024-07-28T21:32:01.345+0800: 4.282: [CMS-concurrent-mark: 0.002/0.002 secs] [Times: user=0.00 sys=0.00, real=0.00 secs] 
2024-07-28T21:32:01.345+0800: 4.283: [CMS-concurrent-preclean-start]
2024-07-28T21:32:01.346+0800: 4.283: [CMS-concurrent-preclean: 0.001/0.001 secs] [Times: user=0.00 sys=0.00, real=0.00 secs] 
2024-07-28T21:32:01.346+0800: 4.283: [CMS-concurrent-abortable-preclean-start]
2024-07-28T21:32:01.460+0800: 4.397: Application time: 0.1166832 seconds
2024-07-28T21:32:01.460+0800: 4.397: [GC (Allocation Failure) 2024-07-28T21:32:01.460+0800: 4.397: [ParNew: 77168K->8192K(78656K), 0.0134512 secs] 292868K->292500K(610532K), 0.0135093 secs] [Times: user=0.03 sys=0.00, real=0.01 secs] 
2024-07-28T21:32:01.474+0800: 4.411: Total time for which application threads were stopped: 0.0136192 seconds, Stopping threads took: 0.0000190 seconds
2024-07-28T21:32:01.583+0800: 4.520: Application time: 0.1090835 seconds
2024-07-28T21:32:01.583+0800: 4.520: [GC (Allocation Failure) 2024-07-28T21:32:01.583+0800: 4.520: [ParNew: 77168K->8192K(78656K), 0.0033669 secs] 361477K->298644K(610532K), 0.0034392 secs] [Times: user=0.00 sys=0.00, real=0.00 secs] 
2024-07-28T21:32:01.587+0800: 4.524: Total time for which application threads were stopped: 0.0035600 seconds, Stopping threads took: 0.0000197 seconds
2024-07-28T21:32:01.587+0800: 4.524: [CMS-concurrent-abortable-preclean: 0.006/0.240 secs] [Times: user=0.09 sys=0.00, real=0.24 secs] 
2024-07-28T21:32:01.587+0800: 4.524: Application time: 0.0003247 seconds
2024-07-28T21:32:01.587+0800: 4.524: [GC (CMS Final Remark) [YG occupancy: 12655 K (78656 K)]2024-07-28T21:32:01.587+0800: 4.524: [Rescan (parallel) , 0.0005363 secs]2024-07-28T21:32:01.588+0800: 4.525: [weak refs processing, 0.0000155 secs]2024-07-28T21:32:01.588+0800: 4.525: [class unloading, 0.0002129 secs]2024-07-28T21:32:01.588+0800: 4.525: [scrub symbol table, 0.0003419 secs]2024-07-28T21:32:01.588+0800: 4.525: [scrub string table, 0.0000916 secs][1 CMS-remark: 290452K(531876K)] 303108K(610532K), 0.0012874 secs] [Times: user=0.00 sys=0.00, real=0.00 secs] 
2024-07-28T21:32:01.588+0800: 4.526: Total time for which application threads were stopped: 0.0015274 seconds, Stopping threads took: 0.0001947 seconds
2024-07-28T21:32:01.589+0800: 4.526: [CMS-concurrent-sweep-start]
2024-07-28T21:32:01.590+0800: 4.527: [CMS-concurrent-sweep: 0.001/0.001 secs] [Times: user=0.00 sys=0.00, real=0.00 secs] 
2024-07-28T21:32:01.590+0800: 4.527: [CMS-concurrent-reset-start]
2024-07-28T21:32:01.591+0800: 4.528: [CMS-concurrent-reset: 0.001/0.001 secs] [Times: user=0.00 sys=0.00, real=0.00 secs] 
2024-07-28T21:32:01.594+0800: 4.531: Application time: 0.0052400 seconds
2024-07-28T21:32:01.594+0800: 4.531: [GC (Allocation Failure) 2024-07-28T21:32:01.594+0800: 4.531: [ParNew: 77168K->8192K(78656K), 0.0138488 secs] 226307K->225939K(610532K), 0.0139000 secs] [Times: user=0.03 sys=0.00, real=0.01 secs] 
2024-07-28T21:32:01.608+0800: 4.545: Total time for which application threads were stopped: 0.0140085 seconds, Stopping threads took: 0.0000183 seconds
2024-07-28T21:32:01.608+0800: 4.545: Application time: 0.0001782 seconds
2024-07-28T21:32:01.608+0800: 4.545: [GC (CMS Initial Mark) [1 CMS-initial-mark: 217747K(531876K)] 229379K(610532K), 0.0006801 secs] [Times: user=0.00 sys=0.00, real=0.00 secs] 
2024-07-28T21:32:01.609+0800: 4.546: Total time for which application threads were stopped: 0.0008593 seconds, Stopping threads took: 0.0001368 seconds
2024-07-28T21:32:01.609+0800: 4.546: [CMS-concurrent-mark-start]
2024-07-28T21:32:01.610+0800: 4.548: [CMS-concurrent-mark: 0.002/0.002 secs] [Times: user=0.00 sys=0.00, real=0.00 secs] 
2024-07-28T21:32:01.610+0800: 4.548: [CMS-concurrent-preclean-start]
2024-07-28T21:32:01.611+0800: 4.548: [CMS-concurrent-preclean: 0.001/0.001 secs] [Times: user=0.00 sys=0.00, real=0.00 secs] 
2024-07-28T21:32:01.611+0800: 4.548: [CMS-concurrent-abortable-preclean-start]
2024-07-28T21:32:01.725+0800: 4.663: Application time: 0.1168337 seconds
2024-07-28T21:32:01.725+0800: 4.663: [GC (Allocation Failure) 2024-07-28T21:32:01.725+0800: 4.663: [ParNew: 77168K->8192K(78656K), 0.0123870 secs] 294916K->294548K(610532K), 0.0124474 secs] [Times: user=0.00 sys=0.00, real=0.01 secs] 
2024-07-28T21:32:01.738+0800: 4.675: Total time for which application threads were stopped: 0.0125572 seconds, Stopping threads took: 0.0000190 seconds
2024-07-28T21:32:01.849+0800: 4.787: Application time: 0.1115027 seconds
2024-07-28T21:32:01.849+0800: 4.787: [GC (Allocation Failure) 2024-07-28T21:32:01.850+0800: 4.787: [ParNew: 77168K->8192K(78656K), 0.0036692 secs] 363525K->301716K(610532K), 0.0037501 secs] [Times: user=0.00 sys=0.00, real=0.00 secs] 
2024-07-28T21:32:01.853+0800: 4.791: Total time for which application threads were stopped: 0.0038600 seconds, Stopping threads took: 0.0000199 seconds
2024-07-28T21:32:01.853+0800: 4.791: [CMS-concurrent-abortable-preclean: 0.005/0.242 secs] [Times: user=0.06 sys=0.00, real=0.24 secs] 
2024-07-28T21:32:01.853+0800: 4.791: Application time: 0.0001907 seconds
2024-07-28T21:32:01.854+0800: 4.791: [GC (CMS Final Remark) [YG occupancy: 11631 K (78656 K)]2024-07-28T21:32:01.854+0800: 4.791: [Rescan (parallel) , 0.0005828 secs]2024-07-28T21:32:01.854+0800: 4.791: [weak refs processing, 0.0000133 secs]2024-07-28T21:32:01.854+0800: 4.792: [class unloading, 0.0001981 secs]2024-07-28T21:32:01.854+0800: 4.792: [scrub symbol table, 0.0003121 secs]2024-07-28T21:32:01.855+0800: 4.792: [scrub string table, 0.0001038 secs][1 CMS-remark: 293524K(531876K)] 305156K(610532K), 0.0012822 secs] [Times: user=0.00 sys=0.00, real=0.00 secs] 
2024-07-28T21:32:01.855+0800: 4.792: Total time for which application threads were stopped: 0.0014040 seconds, Stopping threads took: 0.0000831 seconds
2024-07-28T21:32:01.855+0800: 4.792: [CMS-concurrent-sweep-start]
2024-07-28T21:32:01.856+0800: 4.794: [CMS-concurrent-sweep: 0.001/0.001 secs] [Times: user=0.00 sys=0.00, real=0.00 secs] 
2024-07-28T21:32:01.856+0800: 4.794: [CMS-concurrent-reset-start]
2024-07-28T21:32:01.858+0800: 4.795: [CMS-concurrent-reset: 0.001/0.001 secs] [Times: user=0.00 sys=0.00, real=0.00 secs] 
2024-07-28T21:32:01.860+0800: 4.797: Application time: 0.0049670 seconds
2024-07-28T21:32:01.860+0800: 4.797: [GC (Allocation Failure) 2024-07-28T21:32:01.860+0800: 4.797: [ParNew: 77168K->8192K(78656K), 0.0129250 secs] 228355K->227987K(610532K), 0.0129906 secs] [Times: user=0.03 sys=0.00, real=0.01 secs] 
2024-07-28T21:32:01.873+0800: 4.810: Total time for which application threads were stopped: 0.0130920 seconds, Stopping threads took: 0.0000143 seconds
2024-07-28T21:32:01.873+0800: 4.810: Application time: 0.0002439 seconds
2024-07-28T21:32:01.874+0800: 4.811: [GC (CMS Initial Mark) [1 CMS-initial-mark: 219795K(531876K)] 231427K(610532K), 0.0007207 secs] [Times: user=0.00 sys=0.00, real=0.00 secs] 
2024-07-28T21:32:01.874+0800: 4.811: Total time for which application threads were stopped: 0.0009176 seconds, Stopping threads took: 0.0001553 seconds
2024-07-28T21:32:01.874+0800: 4.812: [CMS-concurrent-mark-start]
2024-07-28T21:32:01.876+0800: 4.813: [CMS-concurrent-mark: 0.002/0.002 secs] [Times: user=0.00 sys=0.00, real=0.00 secs] 
2024-07-28T21:32:01.876+0800: 4.813: [CMS-concurrent-preclean-start]
2024-07-28T21:32:01.877+0800: 4.814: [CMS-concurrent-preclean: 0.001/0.001 secs] [Times: user=0.00 sys=0.00, real=0.00 secs] 
2024-07-28T21:32:01.877+0800: 4.814: [CMS-concurrent-abortable-preclean-start]
2024-07-28T21:32:01.993+0800: 4.930: Application time: 0.1187985 seconds
2024-07-28T21:32:01.993+0800: 4.930: [GC (Allocation Failure) 2024-07-28T21:32:01.993+0800: 4.930: [ParNew: 77168K->8192K(78656K), 0.0124458 secs] 296964K->296596K(610532K), 0.0125146 secs] [Times: user=0.03 sys=0.00, real=0.01 secs] 
2024-07-28T21:32:02.006+0800: 4.943: Total time for which application threads were stopped: 0.0126363 seconds, Stopping threads took: 0.0000181 seconds
2024-07-28T21:32:02.116+0800: 5.053: Application time: 0.1106181 seconds
2024-07-28T21:32:02.116+0800: 5.054: [GC (Allocation Failure) 2024-07-28T21:32:02.116+0800: 5.054: [ParNew: 77168K->8192K(78656K), 0.0037308 secs] 365573K->304788K(610532K), 0.0037887 secs] [Times: user=0.00 sys=0.00, real=0.00 secs] 
2024-07-28T21:32:02.120+0800: 5.057: Total time for which application threads were stopped: 0.0039028 seconds, Stopping threads took: 0.0000196 seconds
2024-07-28T21:32:02.120+0800: 5.058: [CMS-concurrent-abortable-preclean: 0.006/0.244 secs] [Times: user=0.03 sys=0.00, real=0.24 secs] 
2024-07-28T21:32:02.121+0800: 5.058: Application time: 0.0003946 seconds
2024-07-28T21:32:02.121+0800: 5.058: [GC (CMS Final Remark) [YG occupancy: 14703 K (78656 K)]2024-07-28T21:32:02.121+0800: 5.058: [Rescan (parallel) , 0.0007069 secs]2024-07-28T21:32:02.122+0800: 5.059: [weak refs processing, 0.0000130 secs]2024-07-28T21:32:02.122+0800: 5.059: [class unloading, 0.0001970 secs]2024-07-28T21:32:02.122+0800: 5.059: [scrub symbol table, 0.0003490 secs]2024-07-28T21:32:02.122+0800: 5.059: [scrub string table, 0.0001129 secs][1 CMS-remark: 296596K(531876K)] 311300K(610532K), 0.0014424 secs] [Times: user=0.00 sys=0.00, real=0.00 secs] 
2024-07-28T21:32:02.122+0800: 5.059: Total time for which application threads were stopped: 0.0016486 seconds, Stopping threads took: 0.0001688 seconds
2024-07-28T21:32:02.123+0800: 5.060: [CMS-concurrent-sweep-start]
2024-07-28T21:32:02.124+0800: 5.061: [CMS-concurrent-sweep: 0.002/0.002 secs] [Times: user=0.00 sys=0.00, real=0.00 secs] 
2024-07-28T21:32:02.124+0800: 5.061: [CMS-concurrent-reset-start]
2024-07-28T21:32:02.126+0800: 5.063: [CMS-concurrent-reset: 0.001/0.001 secs] [Times: user=0.00 sys=0.00, real=0.00 secs] 
2024-07-28T21:32:02.127+0800: 5.064: Application time: 0.0046016 seconds
2024-07-28T21:32:02.127+0800: 5.064: [GC (Allocation Failure) 2024-07-28T21:32:02.127+0800: 5.064: [ParNew: 77168K->8192K(78656K), 0.0125274 secs] 230403K->230035K(610532K), 0.0126035 secs] [Times: user=0.03 sys=0.00, real=0.01 secs] 
2024-07-28T21:32:02.140+0800: 5.077: Total time for which application threads were stopped: 0.0127368 seconds, Stopping threads took: 0.0000140 seconds
2024-07-28T21:32:02.140+0800: 5.077: Application time: 0.0002151 seconds
2024-07-28T21:32:02.140+0800: 5.077: [GC (CMS Initial Mark) [1 CMS-initial-mark: 221843K(531876K)] 233475K(610532K), 0.0007267 secs] [Times: user=0.00 sys=0.00, real=0.00 secs] 
2024-07-28T21:32:02.141+0800: 5.078: Total time for which application threads were stopped: 0.0009199 seconds, Stopping threads took: 0.0001505 seconds
2024-07-28T21:32:02.141+0800: 5.078: [CMS-concurrent-mark-start]
2024-07-28T21:32:02.142+0800: 5.080: [CMS-concurrent-mark: 0.002/0.002 secs] [Times: user=0.00 sys=0.00, real=0.00 secs] 
2024-07-28T21:32:02.142+0800: 5.080: [CMS-concurrent-preclean-start]
2024-07-28T21:32:02.143+0800: 5.080: [CMS-concurrent-preclean: 0.001/0.001 secs] [Times: user=0.00 sys=0.00, real=0.00 secs] 
2024-07-28T21:32:02.143+0800: 5.080: [CMS-concurrent-abortable-preclean-start]
2024-07-28T21:32:02.260+0800: 5.198: Application time: 0.1198915 seconds
2024-07-28T21:32:02.260+0800: 5.198: [GC (Allocation Failure) 2024-07-28T21:32:02.260+0800: 5.198: [ParNew: 77464K->8202K(78656K), 0.0122296 secs] 299308K->298654K(610532K), 0.0122870 secs] [Times: user=0.03 sys=0.00, real=0.01 secs] 
2024-07-28T21:32:02.273+0800: 5.210: Total time for which application threads were stopped: 0.0124158 seconds, Stopping threads took: 0.0000184 seconds
2024-07-28T21:32:02.384+0800: 5.322: Application time: 0.1116039 seconds
2024-07-28T21:32:02.384+0800: 5.322: [GC (Allocation Failure) 2024-07-28T21:32:02.384+0800: 5.322: [ParNew: 77176K->8192K(78656K), 0.0041300 secs] 367629K->307861K(610532K), 0.0042237 secs] [Times: user=0.00 sys=0.00, real=0.00 secs] 
2024-07-28T21:32:02.389+0800: 5.326: Total time for which application threads were stopped: 0.0043506 seconds, Stopping threads took: 0.0000191 seconds
2024-07-28T21:32:02.389+0800: 5.326: [CMS-concurrent-abortable-preclean: 0.006/0.246 secs] [Times: user=0.05 sys=0.00, real=0.25 secs] 
2024-07-28T21:32:02.389+0800: 5.326: Application time: 0.0002771 seconds
2024-07-28T21:32:02.389+0800: 5.327: [GC (CMS Final Remark) [YG occupancy: 11630 K (78656 K)]2024-07-28T21:32:02.389+0800: 5.327: [Rescan (parallel) , 0.0007909 secs]2024-07-28T21:32:02.390+0800: 5.327: [weak refs processing, 0.0000200 secs]2024-07-28T21:32:02.390+0800: 5.327: [class unloading, 0.0002477 secs]2024-07-28T21:32:02.390+0800: 5.328: [scrub symbol table, 0.0003297 secs]2024-07-28T21:32:02.390+0800: 5.328: [scrub string table, 0.0001230 secs][1 CMS-remark: 299669K(531876K)] 311300K(610532K), 0.0016075 secs] [Times: user=0.00 sys=0.00, real=0.00 secs] 
2024-07-28T21:32:02.391+0800: 5.328: Total time for which application threads were stopped: 0.0017156 seconds, Stopping threads took: 0.0000609 seconds
2024-07-28T21:32:02.391+0800: 5.328: [CMS-concurrent-sweep-start]
2024-07-28T21:32:02.392+0800: 5.330: [CMS-concurrent-sweep: 0.001/0.001 secs] [Times: user=0.00 sys=0.00, real=0.00 secs] 
2024-07-28T21:32:02.392+0800: 5.330: [CMS-concurrent-reset-start]
2024-07-28T21:32:02.393+0800: 5.331: [CMS-concurrent-reset: 0.001/0.001 secs] [Times: user=0.00 sys=0.00, real=0.00 secs] 
2024-07-28T21:32:02.396+0800: 5.333: Application time: 0.0052891 seconds
2024-07-28T21:32:02.396+0800: 5.334: [GC (Allocation Failure) 2024-07-28T21:32:02.396+0800: 5.334: [ParNew: 77167K->8192K(78656K), 0.0134599 secs] 232450K->232084K(610532K), 0.0135183 secs] [Times: user=0.00 sys=0.02, real=0.01 secs] 
2024-07-28T21:32:02.410+0800: 5.347: Total time for which application threads were stopped: 0.0136427 seconds, Stopping threads took: 0.0000228 seconds
2024-07-28T21:32:02.410+0800: 5.347: Application time: 0.0002430 seconds
2024-07-28T21:32:02.410+0800: 5.348: [GC (CMS Initial Mark) [1 CMS-initial-mark: 223892K(531876K)] 235523K(610532K), 0.0007427 secs] [Times: user=0.00 sys=0.00, real=0.00 secs] 
2024-07-28T21:32:02.411+0800: 5.348: Total time for which application threads were stopped: 0.0009288 seconds, Stopping threads took: 0.0001366 seconds
2024-07-28T21:32:02.411+0800: 5.348: [CMS-concurrent-mark-start]
2024-07-28T21:32:02.413+0800: 5.350: [CMS-concurrent-mark: 0.002/0.002 secs] [Times: user=0.00 sys=0.00, real=0.00 secs] 
2024-07-28T21:32:02.413+0800: 5.350: [CMS-concurrent-preclean-start]
2024-07-28T21:32:02.413+0800: 5.351: [CMS-concurrent-preclean: 0.001/0.001 secs] [Times: user=0.00 sys=0.00, real=0.00 secs] 
2024-07-28T21:32:02.413+0800: 5.351: [CMS-concurrent-abortable-preclean-start]
2024-07-28T21:32:02.530+0800: 5.467: Application time: 0.1189674 seconds
2024-07-28T21:32:02.530+0800: 5.467: [GC (Allocation Failure) 2024-07-28T21:32:02.530+0800: 5.467: [ParNew: 77167K->8192K(78656K), 0.0128876 secs] 301060K->300693K(610532K), 0.0129456 secs] [Times: user=0.03 sys=0.00, real=0.01 secs] 
2024-07-28T21:32:02.543+0800: 5.480: Total time for which application threads were stopped: 0.0130548 seconds, Stopping threads took: 0.0000189 seconds
2024-07-28T21:32:02.654+0800: 5.590: Application time: 0.1100547 seconds
2024-07-28T21:32:02.654+0800: 5.590: [GC (Allocation Failure) 2024-07-28T21:32:02.654+0800: 5.590: [ParNew: 77168K->8192K(78656K), 0.0039816 secs] 369669K->310933K(610532K), 0.0040504 secs] [Times: user=0.00 sys=0.00, real=0.00 secs] 
2024-07-28T21:32:02.658+0800: 5.595: Total time for which application threads were stopped: 0.0041768 seconds, Stopping threads took: 0.0000329 seconds
2024-07-28T21:32:02.658+0800: 5.595: [CMS-concurrent-abortable-preclean: 0.006/0.244 secs] [Times: user=0.03 sys=0.00, real=0.24 secs] 
2024-07-28T21:32:02.658+0800: 5.595: Application time: 0.0003036 seconds
2024-07-28T21:32:02.658+0800: 5.595: [GC (CMS Final Remark) [YG occupancy: 12655 K (78656 K)]2024-07-28T21:32:02.658+0800: 5.595: [Rescan (parallel) , 0.0008580 secs]2024-07-28T21:32:02.659+0800: 5.596: [weak refs processing, 0.0000127 secs]2024-07-28T21:32:02.659+0800: 5.596: [class unloading, 0.0002242 secs]2024-07-28T21:32:02.659+0800: 5.596: [scrub symbol table, 0.0003791 secs]2024-07-28T21:32:02.660+0800: 5.597: [scrub string table, 0.0001042 secs][1 CMS-remark: 302741K(531876K)] 315397K(610532K), 0.0016436 secs] [Times: user=0.00 sys=0.00, real=0.00 secs] 
2024-07-28T21:32:02.660+0800: 5.597: Total time for which application threads were stopped: 0.0018344 seconds, Stopping threads took: 0.0001513 seconds
2024-07-28T21:32:02.660+0800: 5.597: [CMS-concurrent-sweep-start]
2024-07-28T21:32:02.661+0800: 5.598: [CMS-concurrent-sweep: 0.001/0.001 secs] [Times: user=0.03 sys=0.00, real=0.00 secs] 
2024-07-28T21:32:02.661+0800: 5.598: [CMS-concurrent-reset-start]
2024-07-28T21:32:02.663+0800: 5.599: [CMS-concurrent-reset: 0.001/0.001 secs] [Times: user=0.00 sys=0.00, real=0.00 secs] 
2024-07-28T21:32:02.665+0800: 5.602: Application time: 0.0053153 seconds
2024-07-28T21:32:02.665+0800: 5.602: [GC (Allocation Failure) 2024-07-28T21:32:02.665+0800: 5.602: [ParNew: 77168K->8192K(78656K), 0.0135799 secs] 234499K->234132K(610532K), 0.0136301 secs] [Times: user=0.03 sys=0.00, real=0.01 secs] 
2024-07-28T21:32:02.679+0800: 5.616: Total time for which application threads were stopped: 0.0137317 seconds, Stopping threads took: 0.0000168 seconds
2024-07-28T21:32:02.679+0800: 5.616: Application time: 0.0001321 seconds
2024-07-28T21:32:02.679+0800: 5.616: [GC (CMS Initial Mark) [1 CMS-initial-mark: 225940K(531876K)] 237572K(610532K), 0.0004659 secs] [Times: user=0.00 sys=0.00, real=0.00 secs] 
2024-07-28T21:32:02.680+0800: 5.617: Total time for which application threads were stopped: 0.0006272 seconds, Stopping threads took: 0.0001156 seconds
2024-07-28T21:32:02.680+0800: 5.617: [CMS-concurrent-mark-start]
2024-07-28T21:32:02.681+0800: 5.618: [CMS-concurrent-mark: 0.002/0.002 secs] [Times: user=0.00 sys=0.00, real=0.00 secs] 
2024-07-28T21:32:02.681+0800: 5.618: [CMS-concurrent-preclean-start]
2024-07-28T21:32:02.682+0800: 5.619: [CMS-concurrent-preclean: 0.001/0.001 secs] [Times: user=0.00 sys=0.00, real=0.00 secs] 
2024-07-28T21:32:02.682+0800: 5.619: [CMS-concurrent-abortable-preclean-start]
2024-07-28T21:32:02.796+0800: 5.733: Application time: 0.1169508 seconds
2024-07-28T21:32:02.797+0800: 5.734: [GC (Allocation Failure) 2024-07-28T21:32:02.797+0800: 5.734: [ParNew: 77168K->8192K(78656K), 0.0130141 secs] 303109K->302741K(610532K), 0.0130735 secs] [Times: user=0.03 sys=0.00, real=0.01 secs] 
2024-07-28T21:32:02.810+0800: 5.747: Total time for which application threads were stopped: 0.0131854 seconds, Stopping threads took: 0.0000183 seconds
2024-07-28T21:32:02.921+0800: 5.858: Application time: 0.1112940 seconds
2024-07-28T21:32:02.921+0800: 5.858: [GC (Allocation Failure) 2024-07-28T21:32:02.921+0800: 5.858: [ParNew: 77168K->8192K(78656K), 0.0042345 secs] 371718K->314005K(610532K), 0.0043480 secs] [Times: user=0.00 sys=0.00, real=0.01 secs] 
2024-07-28T21:32:02.926+0800: 5.862: Total time for which application threads were stopped: 0.0044562 seconds, Stopping threads took: 0.0000176 seconds
2024-07-28T21:32:02.926+0800: 5.862: [CMS-concurrent-abortable-preclean: 0.006/0.244 secs] [Times: user=0.03 sys=0.00, real=0.24 secs] 
2024-07-28T21:32:02.926+0800: 5.863: Application time: 0.0003228 seconds
2024-07-28T21:32:02.926+0800: 5.863: [GC (CMS Final Remark) [YG occupancy: 12655 K (78656 K)]2024-07-28T21:32:02.926+0800: 5.863: [Rescan (parallel) , 0.0011022 secs]2024-07-28T21:32:02.927+0800: 5.864: [weak refs processing, 0.0000132 secs]2024-07-28T21:32:02.927+0800: 5.864: [class unloading, 0.0002216 secs]2024-07-28T21:32:02.927+0800: 5.864: [scrub symbol table, 0.0003489 secs]2024-07-28T21:32:02.928+0800: 5.865: [scrub string table, 0.0001017 secs][1 CMS-remark: 305813K(531876K)] 318469K(610532K), 0.0018512 secs] [Times: user=0.02 sys=0.02, real=0.00 secs] 
2024-07-28T21:32:02.928+0800: 5.865: Total time for which application threads were stopped: 0.0019365 seconds, Stopping threads took: 0.0000491 seconds
2024-07-28T21:32:02.928+0800: 5.865: [CMS-concurrent-sweep-start]
2024-07-28T21:32:02.929+0800: 5.866: [CMS-concurrent-sweep: 0.001/0.001 secs] [Times: user=0.00 sys=0.00, real=0.00 secs] 
2024-07-28T21:32:02.929+0800: 5.866: [CMS-concurrent-reset-start]
2024-07-28T21:32:02.931+0800: 5.867: [CMS-concurrent-reset: 0.001/0.001 secs] [Times: user=0.00 sys=0.00, real=0.00 secs] 
2024-07-28T21:32:02.933+0800: 5.870: Application time: 0.0049046 seconds
2024-07-28T21:32:02.933+0800: 5.870: [GC (Allocation Failure) 2024-07-28T21:32:02.933+0800: 5.870: [ParNew: 77168K->8192K(78656K), 0.0129103 secs] 236548K->236180K(610532K), 0.0129587 secs] [Times: user=0.03 sys=0.00, real=0.01 secs] 
2024-07-28T21:32:02.946+0800: 5.883: Total time for which application threads were stopped: 0.0130580 seconds, Stopping threads took: 0.0000139 seconds
2024-07-28T21:32:02.946+0800: 5.883: Application time: 0.0001653 seconds
2024-07-28T21:32:02.946+0800: 5.883: [GC (CMS Initial Mark) [1 CMS-initial-mark: 227988K(531876K)] 239620K(610532K), 0.0003213 secs] [Times: user=0.00 sys=0.00, real=0.00 secs] 
2024-07-28T21:32:02.947+0800: 5.883: Total time for which application threads were stopped: 0.0004954 seconds, Stopping threads took: 0.0001282 seconds
2024-07-28T21:32:02.947+0800: 5.883: [CMS-concurrent-mark-start]
2024-07-28T21:32:02.948+0800: 5.885: [CMS-concurrent-mark: 0.001/0.001 secs] [Times: user=0.00 sys=0.00, real=0.00 secs] 
2024-07-28T21:32:02.948+0800: 5.885: [CMS-concurrent-preclean-start]
2024-07-28T21:32:02.949+0800: 5.886: [CMS-concurrent-preclean: 0.001/0.001 secs] [Times: user=0.00 sys=0.00, real=0.00 secs] 
2024-07-28T21:32:02.949+0800: 5.886: [CMS-concurrent-abortable-preclean-start]
2024-07-28T21:32:03.065+0800: 6.002: Application time: 0.1186875 seconds
2024-07-28T21:32:03.065+0800: 6.002: [GC (Allocation Failure) 2024-07-28T21:32:03.065+0800: 6.002: [ParNew: 77168K->8192K(78656K), 0.0124989 secs] 305157K->304789K(610532K), 0.0125723 secs] [Times: user=0.03 sys=0.00, real=0.01 secs] 
2024-07-28T21:32:03.077+0800: 6.015: Total time for which application threads were stopped: 0.0126948 seconds, Stopping threads took: 0.0000182 seconds
2024-07-28T21:32:03.191+0800: 6.128: Application time: 0.1131819 seconds
2024-07-28T21:32:03.191+0800: 6.128: [GC (Allocation Failure) 2024-07-28T21:32:03.191+0800: 6.128: [ParNew: 77168K->8192K(78656K), 0.0068183 secs] 373766K->317078K(610532K), 0.0069240 secs] [Times: user=0.13 sys=0.00, real=0.01 secs] 
2024-07-28T21:32:03.198+0800: 6.135: Total time for which application threads were stopped: 0.0071060 seconds, Stopping threads took: 0.0000520 seconds
2024-07-28T21:32:03.198+0800: 6.135: [CMS-concurrent-abortable-preclean: 0.007/0.249 secs] [Times: user=0.16 sys=0.00, real=0.25 secs] 
2024-07-28T21:32:03.198+0800: 6.135: Application time: 0.0003263 seconds
2024-07-28T21:32:03.198+0800: 6.135: [GC (CMS Final Remark) [YG occupancy: 12655 K (78656 K)]2024-07-28T21:32:03.198+0800: 6.135: [Rescan (parallel) , 0.0011363 secs]2024-07-28T21:32:03.199+0800: 6.137: [weak refs processing, 0.0000129 secs]2024-07-28T21:32:03.199+0800: 6.137: [class unloading, 0.0002475 secs]2024-07-28T21:32:03.200+0800: 6.137: [scrub symbol table, 0.0003569 secs]2024-07-28T21:32:03.200+0800: 6.137: [scrub string table, 0.0001020 secs][1 CMS-remark: 308885K(531876K)] 321541K(610532K), 0.0019242 secs] [Times: user=0.00 sys=0.00, real=0.00 secs] 
2024-07-28T21:32:03.200+0800: 6.137: Total time for which application threads were stopped: 0.0020978 seconds, Stopping threads took: 0.0001334 seconds
2024-07-28T21:32:03.200+0800: 6.138: [CMS-concurrent-sweep-start]
2024-07-28T21:32:03.202+0800: 6.139: [CMS-concurrent-sweep: 0.001/0.001 secs] [Times: user=0.00 sys=0.00, real=0.00 secs] 
2024-07-28T21:32:03.202+0800: 6.139: [CMS-concurrent-reset-start]
2024-07-28T21:32:03.204+0800: 6.141: [CMS-concurrent-reset: 0.002/0.002 secs] [Times: user=0.00 sys=0.00, real=0.00 secs] 
2024-07-28T21:32:03.206+0800: 6.143: Application time: 0.0058729 seconds
2024-07-28T21:32:03.206+0800: 6.143: [GC (Allocation Failure) 2024-07-28T21:32:03.206+0800: 6.143: [ParNew: 77168K->8192K(78656K), 0.0278521 secs] 238596K->238228K(610532K), 0.0279063 secs] [Times: user=0.06 sys=0.00, real=0.03 secs] 
2024-07-28T21:32:03.234+0800: 6.171: Total time for which application threads were stopped: 0.0280229 seconds, Stopping threads took: 0.0000273 seconds
2024-07-28T21:32:03.234+0800: 6.172: Application time: 0.0002474 seconds
2024-07-28T21:32:03.235+0800: 6.172: [GC (CMS Initial Mark) [1 CMS-initial-mark: 230036K(531876K)] 241668K(610532K), 0.0004119 secs] [Times: user=0.00 sys=0.00, real=0.00 secs] 
2024-07-28T21:32:03.235+0800: 6.172: Total time for which application threads were stopped: 0.0006456 seconds, Stopping threads took: 0.0001554 seconds
2024-07-28T21:32:03.235+0800: 6.172: [CMS-concurrent-mark-start]
2024-07-28T21:32:03.237+0800: 6.174: [CMS-concurrent-mark: 0.002/0.002 secs] [Times: user=0.00 sys=0.00, real=0.00 secs] 
2024-07-28T21:32:03.237+0800: 6.174: [CMS-concurrent-preclean-start]
2024-07-28T21:32:03.238+0800: 6.175: [CMS-concurrent-preclean: 0.001/0.001 secs] [Times: user=0.00 sys=0.00, real=0.00 secs] 
2024-07-28T21:32:03.238+0800: 6.175: [CMS-concurrent-abortable-preclean-start]
2024-07-28T21:32:03.349+0800: 6.286: Application time: 0.1136986 seconds
2024-07-28T21:32:03.349+0800: 6.286: [GC (Allocation Failure) 2024-07-28T21:32:03.349+0800: 6.286: [ParNew: 77168K->8192K(78656K), 0.0138023 secs] 307205K->306837K(610532K), 0.0138602 secs] [Times: user=0.00 sys=0.00, real=0.01 secs] 
2024-07-28T21:32:03.363+0800: 6.300: Total time for which application threads were stopped: 0.0139688 seconds, Stopping threads took: 0.0000177 seconds
2024-07-28T21:32:03.471+0800: 6.409: Application time: 0.1089226 seconds
2024-07-28T21:32:03.472+0800: 6.409: [GC (Allocation Failure) 2024-07-28T21:32:03.472+0800: 6.409: [ParNew: 77168K->8192K(78656K), 0.0041776 secs] 375814K->320150K(610532K), 0.0042372 secs] [Times: user=0.03 sys=0.00, real=0.00 secs] 
2024-07-28T21:32:03.476+0800: 6.413: Total time for which application threads were stopped: 0.0043631 seconds, Stopping threads took: 0.0000212 seconds
2024-07-28T21:32:03.476+0800: 6.413: [CMS-concurrent-abortable-preclean: 0.006/0.238 secs] [Times: user=0.09 sys=0.00, real=0.24 secs] 
2024-07-28T21:32:03.476+0800: 6.413: Application time: 0.0001817 seconds
2024-07-28T21:32:03.476+0800: 6.414: [GC (CMS Final Remark) [YG occupancy: 11631 K (78656 K)]2024-07-28T21:32:03.476+0800: 6.414: [Rescan (parallel) , 0.0005694 secs]2024-07-28T21:32:03.477+0800: 6.414: [weak refs processing, 0.0000136 secs]2024-07-28T21:32:03.477+0800: 6.414: [class unloading, 0.0002228 secs]2024-07-28T21:32:03.477+0800: 6.414: [scrub symbol table, 0.0003359 secs]2024-07-28T21:32:03.477+0800: 6.415: [scrub string table, 0.0001210 secs][1 CMS-remark: 311957K(531876K)] 323589K(610532K), 0.0013476 secs] [Times: user=0.00 sys=0.00, real=0.00 secs] 
2024-07-28T21:32:03.478+0800: 6.415: Total time for which application threads were stopped: 0.0015307 seconds, Stopping threads took: 0.0001271 seconds
2024-07-28T21:32:03.478+0800: 6.415: [CMS-concurrent-sweep-start]
2024-07-28T21:32:03.479+0800: 6.416: [CMS-concurrent-sweep: 0.001/0.001 secs] [Times: user=0.00 sys=0.00, real=0.00 secs] 
2024-07-28T21:32:03.479+0800: 6.417: [CMS-concurrent-reset-start]
2024-07-28T21:32:03.480+0800: 6.418: [CMS-concurrent-reset: 0.001/0.001 secs] [Times: user=0.00 sys=0.00, real=0.00 secs] 
2024-07-28T21:32:03.482+0800: 6.420: Application time: 0.0048681 seconds
2024-07-28T21:32:03.483+0800: 6.420: [GC (Allocation Failure) 2024-07-28T21:32:03.483+0800: 6.420: [ParNew: 77168K->8192K(78656K), 0.0132606 secs] 240644K->240276K(610532K), 0.0133093 secs] [Times: user=0.03 sys=0.00, real=0.01 secs] 
2024-07-28T21:32:03.496+0800: 6.433: Total time for which application threads were stopped: 0.0134124 seconds, Stopping threads took: 0.0000189 seconds
2024-07-28T21:32:03.496+0800: 6.433: Application time: 0.0002228 seconds
2024-07-28T21:32:03.496+0800: 6.434: [GC (CMS Initial Mark) [1 CMS-initial-mark: 232084K(531876K)] 243716K(610532K), 0.0006908 secs] [Times: user=0.00 sys=0.00, real=0.00 secs] 
2024-07-28T21:32:03.497+0800: 6.434: Total time for which application threads were stopped: 0.0008813 seconds, Stopping threads took: 0.0001482 seconds
2024-07-28T21:32:03.497+0800: 6.434: [CMS-concurrent-mark-start]
2024-07-28T21:32:03.498+0800: 6.436: [CMS-concurrent-mark: 0.001/0.001 secs] [Times: user=0.00 sys=0.00, real=0.00 secs] 
2024-07-28T21:32:03.498+0800: 6.436: [CMS-concurrent-preclean-start]
2024-07-28T21:32:03.499+0800: 6.436: [CMS-concurrent-preclean: 0.001/0.001 secs] [Times: user=0.00 sys=0.00, real=0.00 secs] 
2024-07-28T21:32:03.499+0800: 6.436: [CMS-concurrent-abortable-preclean-start]
2024-07-28T21:32:03.618+0800: 6.555: Application time: 0.1206304 seconds
2024-07-28T21:32:03.618+0800: 6.555: [GC (Allocation Failure) 2024-07-28T21:32:03.618+0800: 6.555: [ParNew: 77168K->8192K(78656K), 0.0134794 secs] 309253K->308885K(610532K), 0.0135390 secs] [Times: user=0.03 sys=0.00, real=0.01 secs] 
2024-07-28T21:32:03.632+0800: 6.569: Total time for which application threads were stopped: 0.0136523 seconds, Stopping threads took: 0.0000176 seconds
2024-07-28T21:32:03.742+0800: 6.678: Application time: 0.1098538 seconds
2024-07-28T21:32:03.742+0800: 6.678: [GC (Allocation Failure) 2024-07-28T21:32:03.742+0800: 6.679: [ParNew: 77168K->8192K(78656K), 0.0044968 secs] 377862K->323222K(610532K), 0.0045563 secs] [Times: user=0.00 sys=0.00, real=0.00 secs] 
2024-07-28T21:32:03.746+0800: 6.683: Total time for which application threads were stopped: 0.0046644 seconds, Stopping threads took: 0.0000194 seconds
2024-07-28T21:32:03.746+0800: 6.683: [CMS-concurrent-abortable-preclean: 0.007/0.247 secs] [Times: user=0.03 sys=0.00, real=0.25 secs] 
2024-07-28T21:32:03.747+0800: 6.683: Application time: 0.0002830 seconds
2024-07-28T21:32:03.747+0800: 6.684: [GC (CMS Final Remark) [YG occupancy: 11631 K (78656 K)]2024-07-28T21:32:03.747+0800: 6.684: [Rescan (parallel) , 0.0011060 secs]2024-07-28T21:32:03.748+0800: 6.685: [weak refs processing, 0.0000132 secs]2024-07-28T21:32:03.748+0800: 6.685: [class unloading, 0.0002388 secs]2024-07-28T21:32:03.748+0800: 6.685: [scrub symbol table, 0.0003572 secs]2024-07-28T21:32:03.748+0800: 6.685: [scrub string table, 0.0001176 secs][1 CMS-remark: 315029K(531876K)] 326661K(610532K), 0.0018964 secs] [Times: user=0.00 sys=0.00, real=0.00 secs] 
2024-07-28T21:32:03.749+0800: 6.685: Total time for which application threads were stopped: 0.0020806 seconds, Stopping threads took: 0.0001357 seconds
2024-07-28T21:32:03.749+0800: 6.686: [CMS-concurrent-sweep-start]
2024-07-28T21:32:03.750+0800: 6.687: [CMS-concurrent-sweep: 0.002/0.002 secs] [Times: user=0.00 sys=0.00, real=0.00 secs] 
2024-07-28T21:32:03.750+0800: 6.687: [CMS-concurrent-reset-start]
2024-07-28T21:32:03.752+0800: 6.689: [CMS-concurrent-reset: 0.001/0.001 secs] [Times: user=0.00 sys=0.00, real=0.00 secs] 
2024-07-28T21:32:03.754+0800: 6.691: Application time: 0.0052052 seconds
2024-07-28T21:32:03.754+0800: 6.691: [GC (Allocation Failure) 2024-07-28T21:32:03.754+0800: 6.691: [ParNew: 77168K->8192K(78656K), 0.0122770 secs] 242692K->242324K(610532K), 0.0123302 secs] [Times: user=0.09 sys=0.00, real=0.01 secs] 
2024-07-28T21:32:03.766+0800: 6.703: Total time for which application threads were stopped: 0.0124289 seconds, Stopping threads took: 0.0000130 seconds
2024-07-28T21:32:03.766+0800: 6.703: Application time: 0.0001320 seconds
2024-07-28T21:32:03.767+0800: 6.703: [GC (CMS Initial Mark) [1 CMS-initial-mark: 234132K(531876K)] 245764K(610532K), 0.0009122 secs] [Times: user=0.00 sys=0.00, real=0.00 secs] 
2024-07-28T21:32:03.767+0800: 6.704: Total time for which application threads were stopped: 0.0010590 seconds, Stopping threads took: 0.0000778 seconds
2024-07-28T21:32:03.768+0800: 6.704: [CMS-concurrent-mark-start]
2024-07-28T21:32:03.769+0800: 6.706: [CMS-concurrent-mark: 0.002/0.002 secs] [Times: user=0.00 sys=0.00, real=0.00 secs] 
2024-07-28T21:32:03.769+0800: 6.706: [CMS-concurrent-preclean-start]
2024-07-28T21:32:03.770+0800: 6.707: [CMS-concurrent-preclean: 0.001/0.001 secs] [Times: user=0.00 sys=0.00, real=0.00 secs] 
2024-07-28T21:32:03.770+0800: 6.707: [CMS-concurrent-abortable-preclean-start]
2024-07-28T21:32:03.888+0800: 6.825: Application time: 0.1203917 seconds
2024-07-28T21:32:03.888+0800: 6.825: [GC (Allocation Failure) 2024-07-28T21:32:03.888+0800: 6.825: [ParNew: 77168K->8192K(78656K), 0.0134040 secs] 311301K->310933K(610532K), 0.0134647 secs] [Times: user=0.03 sys=0.00, real=0.01 secs] 
2024-07-28T21:32:03.901+0800: 6.838: Total time for which application threads were stopped: 0.0135749 seconds, Stopping threads took: 0.0000178 seconds
2024-07-28T21:32:04.010+0800: 6.947: Application time: 0.1088963 seconds
2024-07-28T21:32:04.010+0800: 6.947: [GC (Allocation Failure) 2024-07-28T21:32:04.010+0800: 6.947: [ParNew: 77168K->8192K(78656K), 0.0051619 secs] 379910K->326294K(610532K), 0.0052197 secs] [Times: user=0.00 sys=0.00, real=0.01 secs] 
2024-07-28T21:32:04.015+0800: 6.953: Total time for which application threads were stopped: 0.0053304 seconds, Stopping threads took: 0.0000198 seconds
2024-07-28T21:32:04.015+0800: 6.953: [CMS-concurrent-abortable-preclean: 0.006/0.246 secs] [Times: user=0.05 sys=0.00, real=0.25 secs] 
2024-07-28T21:32:04.015+0800: 6.953: Application time: 0.0002716 seconds
2024-07-28T21:32:04.015+0800: 6.953: [GC (CMS Final Remark) [YG occupancy: 12655 K (78656 K)]2024-07-28T21:32:04.015+0800: 6.953: [Rescan (parallel) , 0.0007894 secs]2024-07-28T21:32:04.016+0800: 6.954: [weak refs processing, 0.0000113 secs]2024-07-28T21:32:04.016+0800: 6.954: [class unloading, 0.0002185 secs]2024-07-28T21:32:04.016+0800: 6.954: [scrub symbol table, 0.0003232 secs]2024-07-28T21:32:04.017+0800: 6.954: [scrub string table, 0.0000929 secs][1 CMS-remark: 318102K(531876K)] 330757K(610532K), 0.0014950 secs] [Times: user=0.00 sys=0.00, real=0.00 secs] 
2024-07-28T21:32:04.017+0800: 6.954: Total time for which application threads were stopped: 0.0016142 seconds, Stopping threads took: 0.0000841 seconds
2024-07-28T21:32:04.017+0800: 6.955: [CMS-concurrent-sweep-start]
2024-07-28T21:32:04.018+0800: 6.956: [CMS-concurrent-sweep: 0.001/0.001 secs] [Times: user=0.00 sys=0.00, real=0.00 secs] 
2024-07-28T21:32:04.018+0800: 6.956: [CMS-concurrent-reset-start]
2024-07-28T21:32:04.020+0800: 6.958: [CMS-concurrent-reset: 0.002/0.002 secs] [Times: user=0.03 sys=0.00, real=0.00 secs] 
2024-07-28T21:32:04.022+0800: 6.960: Application time: 0.0053678 seconds
2024-07-28T21:32:04.022+0800: 6.960: [GC (Allocation Failure) 2024-07-28T21:32:04.022+0800: 6.960: [ParNew: 77168K->8192K(78656K), 0.0131094 secs] 244740K->244372K(610532K), 0.0131592 secs] [Times: user=0.03 sys=0.00, real=0.01 secs] 
2024-07-28T21:32:04.035+0800: 6.973: Total time for which application threads were stopped: 0.0132825 seconds, Stopping threads took: 0.0000176 seconds
2024-07-28T21:32:04.036+0800: 6.973: Application time: 0.0001252 seconds
2024-07-28T21:32:04.036+0800: 6.973: [GC (CMS Initial Mark) [1 CMS-initial-mark: 236180K(531876K)] 247812K(610532K), 0.0006502 secs] [Times: user=0.00 sys=0.00, real=0.00 secs] 
2024-07-28T21:32:04.036+0800: 6.974: Total time for which application threads were stopped: 0.0008880 seconds, Stopping threads took: 0.0001840 seconds
2024-07-28T21:32:04.037+0800: 6.974: [CMS-concurrent-mark-start]
2024-07-28T21:32:04.038+0800: 6.976: [CMS-concurrent-mark: 0.002/0.002 secs] [Times: user=0.00 sys=0.00, real=0.00 secs] 
2024-07-28T21:32:04.038+0800: 6.976: [CMS-concurrent-preclean-start]
2024-07-28T21:32:04.039+0800: 6.977: [CMS-concurrent-preclean: 0.001/0.001 secs] [Times: user=0.00 sys=0.00, real=0.00 secs] 
2024-07-28T21:32:04.039+0800: 6.977: [CMS-concurrent-abortable-preclean-start]
2024-07-28T21:32:04.152+0800: 7.088: Application time: 0.1144136 seconds
2024-07-28T21:32:04.152+0800: 7.089: [GC (Allocation Failure) 2024-07-28T21:32:04.152+0800: 7.089: [ParNew: 77168K->8192K(78656K), 0.0125656 secs] 313349K->312981K(610532K), 0.0126354 secs] [Times: user=0.03 sys=0.00, real=0.01 secs] 
2024-07-28T21:32:04.165+0800: 7.101: Total time for which application threads were stopped: 0.0127606 seconds, Stopping threads took: 0.0000294 seconds
2024-07-28T21:32:04.276+0800: 7.213: Application time: 0.1113156 seconds
2024-07-28T21:32:04.276+0800: 7.213: [GC (Allocation Failure) 2024-07-28T21:32:04.276+0800: 7.213: [ParNew: 77168K->8192K(78656K), 0.0050329 secs] 381958K->329366K(610532K), 0.0050914 secs] [Times: user=0.00 sys=0.00, real=0.00 secs] 
2024-07-28T21:32:04.281+0800: 7.218: Total time for which application threads were stopped: 0.0052071 seconds, Stopping threads took: 0.0000207 seconds
2024-07-28T21:32:04.281+0800: 7.218: [CMS-concurrent-abortable-preclean: 0.006/0.241 secs] [Times: user=0.03 sys=0.00, real=0.24 secs] 
2024-07-28T21:32:04.281+0800: 7.218: Application time: 0.0003328 seconds
2024-07-28T21:32:04.281+0800: 7.218: [GC (CMS Final Remark) [YG occupancy: 12655 K (78656 K)]2024-07-28T21:32:04.281+0800: 7.218: [Rescan (parallel) , 0.0011116 secs]2024-07-28T21:32:04.283+0800: 7.219: [weak refs processing, 0.0000132 secs]2024-07-28T21:32:04.283+0800: 7.219: [class unloading, 0.0002303 secs]2024-07-28T21:32:04.283+0800: 7.220: [scrub symbol table, 0.0003128 secs]2024-07-28T21:32:04.283+0800: 7.220: [scrub string table, 0.0001045 secs][1 CMS-remark: 321174K(531876K)] 333829K(610532K), 0.0018362 secs] [Times: user=0.00 sys=0.00, real=0.00 secs] 
2024-07-28T21:32:04.284+0800: 7.220: Total time for which application threads were stopped: 0.0020543 seconds, Stopping threads took: 0.0001690 seconds
2024-07-28T21:32:04.284+0800: 7.221: [CMS-concurrent-sweep-start]
2024-07-28T21:32:04.285+0800: 7.222: [CMS-concurrent-sweep: 0.001/0.001 secs] [Times: user=0.00 sys=0.00, real=0.00 secs] 
2024-07-28T21:32:04.285+0800: 7.222: [CMS-concurrent-reset-start]
2024-07-28T21:32:04.287+0800: 7.224: [CMS-concurrent-reset: 0.002/0.002 secs] [Times: user=0.03 sys=0.00, real=0.00 secs] 
2024-07-28T21:32:04.289+0800: 7.226: Application time: 0.0057138 seconds
2024-07-28T21:32:04.289+0800: 7.226: [GC (Allocation Failure) 2024-07-28T21:32:04.289+0800: 7.226: [ParNew: 77168K->8192K(78656K), 0.0153399 secs] 246788K->246420K(610532K), 0.0153954 secs] [Times: user=0.03 sys=0.00, real=0.02 secs] 
2024-07-28T21:32:04.305+0800: 7.241: Total time for which application threads were stopped: 0.0155059 seconds, Stopping threads took: 0.0000185 seconds
2024-07-28T21:32:04.305+0800: 7.242: Application time: 0.0002150 seconds
2024-07-28T21:32:04.305+0800: 7.242: [GC (CMS Initial Mark) [1 CMS-initial-mark: 238228K(531876K)] 249860K(610532K), 0.0005026 secs] [Times: user=0.00 sys=0.00, real=0.00 secs] 
2024-07-28T21:32:04.306+0800: 7.242: Total time for which application threads were stopped: 0.0006524 seconds, Stopping threads took: 0.0001085 seconds
2024-07-28T21:32:04.306+0800: 7.242: [CMS-concurrent-mark-start]
2024-07-28T21:32:04.307+0800: 7.244: [CMS-concurrent-mark: 0.002/0.002 secs] [Times: user=0.00 sys=0.00, real=0.00 secs] 
2024-07-28T21:32:04.307+0800: 7.244: [CMS-concurrent-preclean-start]
2024-07-28T21:32:04.309+0800: 7.245: [CMS-concurrent-preclean: 0.001/0.001 secs] [Times: user=0.00 sys=0.00, real=0.00 secs] 
2024-07-28T21:32:04.309+0800: 7.245: [CMS-concurrent-abortable-preclean-start]
2024-07-28T21:32:04.418+0800: 7.355: Application time: 0.1126753 seconds
2024-07-28T21:32:04.418+0800: 7.355: [GC (Allocation Failure) 2024-07-28T21:32:04.418+0800: 7.355: [ParNew: 77168K->8202K(78656K), 0.0126658 secs] 315397K->315040K(610532K), 0.0127327 secs] [Times: user=0.03 sys=0.00, real=0.01 secs] 
2024-07-28T21:32:04.431+0800: 7.368: Total time for which application threads were stopped: 0.0128736 seconds, Stopping threads took: 0.0000329 seconds
2024-07-28T21:32:04.543+0800: 7.480: Application time: 0.1118029 seconds
2024-07-28T21:32:04.543+0800: 7.480: [GC (Allocation Failure) 2024-07-28T21:32:04.543+0800: 7.480: [ParNew: 77178K->8192K(78656K), 0.0055319 secs] 384016K->332438K(610532K), 0.0056017 secs] [Times: user=0.00 sys=0.00, real=0.01 secs] 
2024-07-28T21:32:04.548+0800: 7.485: Total time for which application threads were stopped: 0.0057119 seconds, Stopping threads took: 0.0000185 seconds
2024-07-28T21:32:04.548+0800: 7.485: [CMS-concurrent-abortable-preclean: 0.006/0.240 secs] [Times: user=0.03 sys=0.00, real=0.24 secs] 
2024-07-28T21:32:04.549+0800: 7.486: Application time: 0.0002865 seconds
2024-07-28T21:32:04.549+0800: 7.486: [GC (CMS Final Remark) [YG occupancy: 12655 K (78656 K)]2024-07-28T21:32:04.549+0800: 7.486: [Rescan (parallel) , 0.0006265 secs]2024-07-28T21:32:04.549+0800: 7.486: [weak refs processing, 0.0000136 secs]2024-07-28T21:32:04.549+0800: 7.486: [class unloading, 0.0002949 secs]2024-07-28T21:32:04.550+0800: 7.487: [scrub symbol table, 0.0003776 secs]2024-07-28T21:32:04.550+0800: 7.487: [scrub string table, 0.0000955 secs][1 CMS-remark: 324246K(531876K)] 336902K(610532K), 0.0014827 secs] [Times: user=0.00 sys=0.00, real=0.00 secs] 
2024-07-28T21:32:04.550+0800: 7.487: Total time for which application threads were stopped: 0.0016345 seconds, Stopping threads took: 0.0001082 seconds
2024-07-28T21:32:04.550+0800: 7.488: [CMS-concurrent-sweep-start]
2024-07-28T21:32:04.552+0800: 7.489: [CMS-concurrent-sweep: 0.002/0.002 secs] [Times: user=0.03 sys=0.00, real=0.00 secs] 
2024-07-28T21:32:04.552+0800: 7.489: [CMS-concurrent-reset-start]
2024-07-28T21:32:04.554+0800: 7.491: [CMS-concurrent-reset: 0.002/0.002 secs] [Times: user=0.00 sys=0.00, real=0.00 secs] 
2024-07-28T21:32:04.556+0800: 7.493: Application time: 0.0059118 seconds
2024-07-28T21:32:04.556+0800: 7.493: [GC (Allocation Failure) 2024-07-28T21:32:04.556+0800: 7.493: [ParNew: 77168K->8192K(78656K), 0.0143992 secs] 248837K->248469K(610532K), 0.0144503 secs] [Times: user=0.03 sys=0.00, real=0.02 secs] 
2024-07-28T21:32:04.571+0800: 7.508: Total time for which application threads were stopped: 0.0145574 seconds, Stopping threads took: 0.0000193 seconds
2024-07-28T21:32:04.571+0800: 7.508: Application time: 0.0001930 seconds
2024-07-28T21:32:04.571+0800: 7.508: [GC (CMS Initial Mark) [1 CMS-initial-mark: 240277K(531876K)] 251909K(610532K), 0.0004574 secs] [Times: user=0.00 sys=0.00, real=0.00 secs] 
2024-07-28T21:32:04.571+0800: 7.509: Total time for which application threads were stopped: 0.0005750 seconds, Stopping threads took: 0.0000733 seconds
2024-07-28T21:32:04.571+0800: 7.509: [CMS-concurrent-mark-start]
2024-07-28T21:32:04.573+0800: 7.510: [CMS-concurrent-mark: 0.002/0.002 secs] [Times: user=0.00 sys=0.00, real=0.00 secs] 
2024-07-28T21:32:04.573+0800: 7.510: [CMS-concurrent-preclean-start]
2024-07-28T21:32:04.574+0800: 7.511: [CMS-concurrent-preclean: 0.001/0.001 secs] [Times: user=0.00 sys=0.00, real=0.00 secs] 
2024-07-28T21:32:04.574+0800: 7.511: [CMS-concurrent-abortable-preclean-start]
2024-07-28T21:32:04.689+0800: 7.626: Application time: 0.1172565 seconds
2024-07-28T21:32:04.689+0800: 7.626: [GC (Allocation Failure) 2024-07-28T21:32:04.689+0800: 7.626: [ParNew: 77168K->8192K(78656K), 0.0242548 secs] 317446K->317078K(610532K), 0.0243783 secs] [Times: user=0.08 sys=0.00, real=0.02 secs] 
2024-07-28T21:32:04.714+0800: 7.650: Total time for which application threads were stopped: 0.0245185 seconds, Stopping threads took: 0.0000200 seconds
2024-07-28T21:32:04.827+0800: 7.764: Application time: 0.1140603 seconds
2024-07-28T21:32:04.827+0800: 7.764: [GC (Allocation Failure) 2024-07-28T21:32:04.827+0800: 7.764: [ParNew: 77168K->8192K(78656K), 0.0057399 secs] 386055K->335510K(610532K), 0.0058195 secs] [Times: user=0.03 sys=0.00, real=0.01 secs] 
2024-07-28T21:32:04.833+0800: 7.770: Total time for which application threads were stopped: 0.0059534 seconds, Stopping threads took: 0.0000250 seconds
2024-07-28T21:32:04.833+0800: 7.770: [CMS-concurrent-abortable-preclean: 0.007/0.259 secs] [Times: user=0.11 sys=0.00, real=0.26 secs] 
2024-07-28T21:32:04.833+0800: 7.771: Application time: 0.0002808 seconds
2024-07-28T21:32:04.833+0800: 7.771: [GC (CMS Final Remark) [YG occupancy: 12655 K (78656 K)]2024-07-28T21:32:04.833+0800: 7.771: [Rescan (parallel) , 0.0009123 secs]2024-07-28T21:32:04.834+0800: 7.772: [weak refs processing, 0.0000151 secs]2024-07-28T21:32:04.834+0800: 7.772: [class unloading, 0.0002294 secs]2024-07-28T21:32:04.834+0800: 7.772: [scrub symbol table, 0.0004083 secs]2024-07-28T21:32:04.835+0800: 7.772: [scrub string table, 0.0001139 secs][1 CMS-remark: 327318K(531876K)] 339974K(610532K), 0.0017706 secs] [Times: user=0.00 sys=0.00, real=0.00 secs] 
2024-07-28T21:32:04.835+0800: 7.773: Total time for which application threads were stopped: 0.0019058 seconds, Stopping threads took: 0.0000874 seconds
2024-07-28T21:32:04.835+0800: 7.773: [CMS-concurrent-sweep-start]
2024-07-28T21:32:04.837+0800: 7.774: [CMS-concurrent-sweep: 0.001/0.001 secs] [Times: user=0.00 sys=0.00, real=0.00 secs] 
2024-07-28T21:32:04.837+0800: 7.774: [CMS-concurrent-reset-start]
2024-07-28T21:32:04.839+0800: 7.776: [CMS-concurrent-reset: 0.001/0.001 secs] [Times: user=0.00 sys=0.00, real=0.00 secs] 
2024-07-28T21:32:04.844+0800: 7.782: Application time: 0.0094344 seconds
2024-07-28T21:32:04.844+0800: 7.782: [GC (Allocation Failure) 2024-07-28T21:32:04.844+0800: 7.782: [ParNew: 77168K->8192K(78656K), 0.0217769 secs] 250885K->250517K(610532K), 0.0218384 secs] [Times: user=0.06 sys=0.00, real=0.02 secs] 
2024-07-28T21:32:04.867+0800: 7.804: Total time for which application threads were stopped: 0.0219745 seconds, Stopping threads took: 0.0000413 seconds
2024-07-28T21:32:04.867+0800: 7.804: Application time: 0.0002129 seconds
2024-07-28T21:32:04.868+0800: 7.804: [GC (CMS Initial Mark) [1 CMS-initial-mark: 242325K(531876K)] 253957K(610532K), 0.0004961 secs] [Times: user=0.00 sys=0.00, real=0.00 secs] 
2024-07-28T21:32:04.868+0800: 7.805: Total time for which application threads were stopped: 0.0007286 seconds, Stopping threads took: 0.0001555 seconds
2024-07-28T21:32:04.868+0800: 7.805: [CMS-concurrent-mark-start]
2024-07-28T21:32:04.870+0800: 7.806: [CMS-concurrent-mark: 0.001/0.001 secs] [Times: user=0.00 sys=0.00, real=0.00 secs] 
2024-07-28T21:32:04.870+0800: 7.806: [CMS-concurrent-preclean-start]
2024-07-28T21:32:04.871+0800: 7.807: [CMS-concurrent-preclean: 0.001/0.001 secs] [Times: user=0.00 sys=0.00, real=0.00 secs] 
2024-07-28T21:32:04.871+0800: 7.807: [CMS-concurrent-abortable-preclean-start]
2024-07-28T21:32:04.990+0800: 7.927: Application time: 0.1224346 seconds
2024-07-28T21:32:04.990+0800: 7.927: [GC (Allocation Failure) 2024-07-28T21:32:04.990+0800: 7.927: [ParNew: 77168K->8192K(78656K), 0.0173963 secs] 319494K->319126K(610532K), 0.0174620 secs] [Times: user=0.03 sys=0.00, real=0.02 secs] 
2024-07-28T21:32:05.008+0800: 7.945: Total time for which application threads were stopped: 0.0175931 seconds, Stopping threads took: 0.0000322 seconds
2024-07-28T21:32:05.128+0800: 8.065: Application time: 0.1202639 seconds
2024-07-28T21:32:05.128+0800: 8.065: [GC (Allocation Failure) 2024-07-28T21:32:05.129+0800: 8.065: [ParNew: 77168K->8192K(78656K), 0.0051093 secs] 388103K->338582K(610532K), 0.0051846 secs] [Times: user=0.03 sys=0.00, real=0.01 secs] 
2024-07-28T21:32:05.134+0800: 8.071: Total time for which application threads were stopped: 0.0053270 seconds, Stopping threads took: 0.0000336 seconds
2024-07-28T21:32:05.134+0800: 8.071: [CMS-concurrent-abortable-preclean: 0.006/0.263 secs] [Times: user=0.08 sys=0.00, real=0.26 secs] 
2024-07-28T21:32:05.134+0800: 8.071: Application time: 0.0002218 seconds
2024-07-28T21:32:05.134+0800: 8.071: [GC (CMS Final Remark) [YG occupancy: 11631 K (78656 K)]2024-07-28T21:32:05.134+0800: 8.071: [Rescan (parallel) , 0.0006063 secs]2024-07-28T21:32:05.135+0800: 8.071: [weak refs processing, 0.0000192 secs]2024-07-28T21:32:05.135+0800: 8.071: [class unloading, 0.0002746 secs]2024-07-28T21:32:05.135+0800: 8.072: [scrub symbol table, 0.0003516 secs]2024-07-28T21:32:05.135+0800: 8.072: [scrub string table, 0.0000923 secs][1 CMS-remark: 330390K(531876K)] 342022K(610532K), 0.0014251 secs] [Times: user=0.00 sys=0.00, real=0.00 secs] 
2024-07-28T21:32:05.135+0800: 8.072: Total time for which application threads were stopped: 0.0015411 seconds, Stopping threads took: 0.0000750 seconds
2024-07-28T21:32:05.136+0800: 8.072: [CMS-concurrent-sweep-start]
2024-07-28T21:32:05.137+0800: 8.074: [CMS-concurrent-sweep: 0.001/0.001 secs] [Times: user=0.00 sys=0.00, real=0.00 secs] 
2024-07-28T21:32:05.137+0800: 8.074: [CMS-concurrent-reset-start]
2024-07-28T21:32:05.138+0800: 8.075: [CMS-concurrent-reset: 0.001/0.001 secs] [Times: user=0.00 sys=0.00, real=0.00 secs] 
2024-07-28T21:32:05.141+0800: 8.077: Application time: 0.0050754 seconds
2024-07-28T21:32:05.141+0800: 8.077: [GC (Allocation Failure) 2024-07-28T21:32:05.141+0800: 8.077: [ParNew: 77168K->8192K(78656K), 0.0135055 secs] 252933K->252565K(610532K), 0.0135558 secs] [Times: user=0.03 sys=0.00, real=0.01 secs] 
2024-07-28T21:32:05.154+0800: 8.091: Total time for which application threads were stopped: 0.0136591 seconds, Stopping threads took: 0.0000174 seconds
2024-07-28T21:32:05.154+0800: 8.091: Application time: 0.0002470 seconds
2024-07-28T21:32:05.155+0800: 8.091: [GC (CMS Initial Mark) [1 CMS-initial-mark: 244373K(531876K)] 256005K(610532K), 0.0006435 secs] [Times: user=0.00 sys=0.00, real=0.00 secs] 
2024-07-28T21:32:05.155+0800: 8.092: Total time for which application threads were stopped: 0.0007598 seconds, Stopping threads took: 0.0000770 seconds
2024-07-28T21:32:05.155+0800: 8.092: [CMS-concurrent-mark-start]
2024-07-28T21:32:05.157+0800: 8.093: [CMS-concurrent-mark: 0.001/0.001 secs] [Times: user=0.00 sys=0.00, real=0.00 secs] 
2024-07-28T21:32:05.157+0800: 8.093: [CMS-concurrent-preclean-start]
2024-07-28T21:32:05.157+0800: 8.094: [CMS-concurrent-preclean: 0.001/0.001 secs] [Times: user=0.00 sys=0.00, real=0.00 secs] 
2024-07-28T21:32:05.157+0800: 8.094: [CMS-concurrent-abortable-preclean-start]
2024-07-28T21:32:05.269+0800: 8.207: Application time: 0.1148073 seconds
2024-07-28T21:32:05.270+0800: 8.207: [GC (Allocation Failure) 2024-07-28T21:32:05.270+0800: 8.207: [ParNew: 77168K->8192K(78656K), 0.0119963 secs] 321542K->321174K(610532K), 0.0120660 secs] [Times: user=0.00 sys=0.00, real=0.01 secs] 
2024-07-28T21:32:05.282+0800: 8.219: Total time for which application threads were stopped: 0.0121829 seconds, Stopping threads took: 0.0000196 seconds
2024-07-28T21:32:05.395+0800: 8.332: Application time: 0.1128087 seconds
2024-07-28T21:32:05.395+0800: 8.332: [GC (Allocation Failure) 2024-07-28T21:32:05.395+0800: 8.332: [ParNew: 77168K->8192K(78656K), 0.0053648 secs] 390151K->341654K(610532K), 0.0054290 secs] [Times: user=0.13 sys=0.00, real=0.01 secs] 
2024-07-28T21:32:05.401+0800: 8.337: Total time for which application threads were stopped: 0.0055487 seconds, Stopping threads took: 0.0000195 seconds
2024-07-28T21:32:05.401+0800: 8.337: [CMS-concurrent-abortable-preclean: 0.007/0.243 secs] [Times: user=0.13 sys=0.02, real=0.24 secs] 
2024-07-28T21:32:05.401+0800: 8.338: Application time: 0.0003455 seconds
2024-07-28T21:32:05.401+0800: 8.338: [GC (CMS Final Remark) [YG occupancy: 12655 K (78656 K)]2024-07-28T21:32:05.401+0800: 8.338: [Rescan (parallel) , 0.0004513 secs]2024-07-28T21:32:05.402+0800: 8.338: [weak refs processing, 0.0000198 secs]2024-07-28T21:32:05.402+0800: 8.338: [class unloading, 0.0002597 secs]2024-07-28T21:32:05.402+0800: 8.339: [scrub symbol table, 0.0003261 secs]2024-07-28T21:32:05.402+0800: 8.339: [scrub string table, 0.0000942 secs][1 CMS-remark: 333462K(531876K)] 346118K(610532K), 0.0012666 secs] [Times: user=0.00 sys=0.00, real=0.00 secs] 
2024-07-28T21:32:05.402+0800: 8.339: Total time for which application threads were stopped: 0.0014440 seconds, Stopping threads took: 0.0001298 seconds
2024-07-28T21:32:05.403+0800: 8.339: [CMS-concurrent-sweep-start]
2024-07-28T21:32:05.404+0800: 8.341: [CMS-concurrent-sweep: 0.001/0.001 secs] [Times: user=0.00 sys=0.00, real=0.00 secs] 
2024-07-28T21:32:05.404+0800: 8.341: [CMS-concurrent-reset-start]
2024-07-28T21:32:05.405+0800: 8.342: [CMS-concurrent-reset: 0.001/0.001 secs] [Times: user=0.00 sys=0.00, real=0.00 secs] 
2024-07-28T21:32:05.407+0800: 8.344: Application time: 0.0049669 seconds
2024-07-28T21:32:05.407+0800: 8.344: [GC (Allocation Failure) 2024-07-28T21:32:05.407+0800: 8.344: [ParNew: 77168K->8192K(78656K), 0.0125278 secs] 254981K->254613K(610532K), 0.0125757 secs] [Times: user=0.03 sys=0.00, real=0.01 secs] 
2024-07-28T21:32:05.420+0800: 8.357: Total time for which application threads were stopped: 0.0126780 seconds, Stopping threads took: 0.0000160 seconds
2024-07-28T21:32:05.420+0800: 8.357: Application time: 0.0002115 seconds
2024-07-28T21:32:05.420+0800: 8.357: [GC (CMS Initial Mark) [1 CMS-initial-mark: 246421K(531876K)] 258053K(610532K), 0.0007540 secs] [Times: user=0.00 sys=0.00, real=0.00 secs] 
2024-07-28T21:32:05.421+0800: 8.358: Total time for which application threads were stopped: 0.0009084 seconds, Stopping threads took: 0.0001111 seconds
2024-07-28T21:32:05.421+0800: 8.358: [CMS-concurrent-mark-start]
2024-07-28T21:32:05.422+0800: 8.359: [CMS-concurrent-mark: 0.001/0.001 secs] [Times: user=0.00 sys=0.00, real=0.00 secs] 
2024-07-28T21:32:05.422+0800: 8.359: [CMS-concurrent-preclean-start]
2024-07-28T21:32:05.423+0800: 8.360: [CMS-concurrent-preclean: 0.001/0.001 secs] [Times: user=0.00 sys=0.00, real=0.00 secs] 
2024-07-28T21:32:05.423+0800: 8.360: [CMS-concurrent-abortable-preclean-start]
2024-07-28T21:32:05.539+0800: 8.476: Application time: 0.1175982 seconds
2024-07-28T21:32:05.539+0800: 8.476: [GC (Allocation Failure) 2024-07-28T21:32:05.539+0800: 8.476: [ParNew: 77168K->8192K(78656K), 0.0128690 secs] 323590K->323222K(610532K), 0.0129307 secs] [Times: user=0.00 sys=0.00, real=0.01 secs] 
2024-07-28T21:32:05.552+0800: 8.489: Total time for which application threads were stopped: 0.0130822 seconds, Stopping threads took: 0.0000183 seconds
2024-07-28T21:32:05.662+0800: 8.599: Application time: 0.1106320 seconds
2024-07-28T21:32:05.662+0800: 8.599: [GC (Allocation Failure) 2024-07-28T21:32:05.662+0800: 8.599: [ParNew: 77168K->8192K(78656K), 0.0086163 secs] 392199K->344726K(610532K), 0.0087322 secs] [Times: user=0.00 sys=0.00, real=0.01 secs] 
2024-07-28T21:32:05.671+0800: 8.608: Total time for which application threads were stopped: 0.0089178 seconds, Stopping threads took: 0.0000257 seconds
2024-07-28T21:32:05.671+0800: 8.608: [CMS-concurrent-abortable-preclean: 0.007/0.248 secs] [Times: user=0.06 sys=0.00, real=0.25 secs] 
2024-07-28T21:32:05.671+0800: 8.609: Application time: 0.0003245 seconds
2024-07-28T21:32:05.671+0800: 8.609: [GC (CMS Final Remark) [YG occupancy: 12655 K (78656 K)]2024-07-28T21:32:05.671+0800: 8.609: [Rescan (parallel) , 0.0007469 secs]2024-07-28T21:32:05.672+0800: 8.609: [weak refs processing, 0.0000142 secs]2024-07-28T21:32:05.672+0800: 8.609: [class unloading, 0.0002579 secs]2024-07-28T21:32:05.672+0800: 8.610: [scrub symbol table, 0.0003817 secs]2024-07-28T21:32:05.673+0800: 8.610: [scrub string table, 0.0001090 secs][1 CMS-remark: 336534K(531876K)] 349190K(610532K), 0.0015938 secs] [Times: user=0.00 sys=0.00, real=0.00 secs] 
2024-07-28T21:32:05.673+0800: 8.610: Total time for which application threads were stopped: 0.0017871 seconds, Stopping threads took: 0.0001280 seconds
2024-07-28T21:32:05.673+0800: 8.611: [CMS-concurrent-sweep-start]
2024-07-28T21:32:05.675+0800: 8.613: [CMS-concurrent-sweep: 0.002/0.002 secs] [Times: user=0.00 sys=0.00, real=0.00 secs] 
2024-07-28T21:32:05.675+0800: 8.613: [CMS-concurrent-reset-start]
2024-07-28T21:32:05.677+0800: 8.614: [CMS-concurrent-reset: 0.001/0.001 secs] [Times: user=0.03 sys=0.00, real=0.00 secs] 
2024-07-28T21:32:05.679+0800: 8.617: Application time: 0.0067268 seconds
2024-07-28T21:32:05.680+0800: 8.617: [GC (Allocation Failure) 2024-07-28T21:32:05.680+0800: 8.617: [ParNew: 77168K->8192K(78656K), 0.0160522 secs] 257029K->256661K(610532K), 0.0161451 secs] [Times: user=0.03 sys=0.00, real=0.02 secs] 
2024-07-28T21:32:05.696+0800: 8.633: Total time for which application threads were stopped: 0.0163122 seconds, Stopping threads took: 0.0000324 seconds
2024-07-28T21:32:05.696+0800: 8.634: Application time: 0.0001697 seconds
2024-07-28T21:32:05.696+0800: 8.634: [GC (CMS Initial Mark) [1 CMS-initial-mark: 248469K(531876K)] 260101K(610532K), 0.0007844 secs] [Times: user=0.00 sys=0.00, real=0.00 secs] 
2024-07-28T21:32:05.697+0800: 8.635: Total time for which application threads were stopped: 0.0009924 seconds, Stopping threads took: 0.0001579 seconds
2024-07-28T21:32:05.697+0800: 8.635: [CMS-concurrent-mark-start]
2024-07-28T21:32:05.698+0800: 8.636: [CMS-concurrent-mark: 0.001/0.001 secs] [Times: user=0.00 sys=0.00, real=0.00 secs] 
2024-07-28T21:32:05.698+0800: 8.636: [CMS-concurrent-preclean-start]
2024-07-28T21:32:05.699+0800: 8.637: [CMS-concurrent-preclean: 0.001/0.001 secs] [Times: user=0.00 sys=0.00, real=0.00 secs] 
2024-07-28T21:32:05.699+0800: 8.637: [CMS-concurrent-abortable-preclean-start]
2024-07-28T21:32:05.805+0800: 8.742: Application time: 0.1077455 seconds
2024-07-28T21:32:05.805+0800: 8.742: [GC (Allocation Failure) 2024-07-28T21:32:05.805+0800: 8.742: [ParNew: 77168K->8192K(78656K), 0.0132958 secs] 325638K->325270K(610532K), 0.0133543 secs] [Times: user=0.03 sys=0.00, real=0.01 secs] 
2024-07-28T21:32:05.818+0800: 8.756: Total time for which application threads were stopped: 0.0134706 seconds, Stopping threads took: 0.0000216 seconds
2024-07-28T21:32:05.928+0800: 8.866: Application time: 0.1098117 seconds
2024-07-28T21:32:05.928+0800: 8.866: [GC (Allocation Failure) 2024-07-28T21:32:05.928+0800: 8.866: [ParNew: 77168K->8192K(78656K), 0.0060876 secs] 394247K->347798K(610532K), 0.0061539 secs] [Times: user=0.00 sys=0.00, real=0.01 secs] 
2024-07-28T21:32:05.934+0800: 8.872: Total time for which application threads were stopped: 0.0062891 seconds, Stopping threads took: 0.0000300 seconds
2024-07-28T21:32:05.934+0800: 8.872: [CMS-concurrent-abortable-preclean: 0.006/0.235 secs] [Times: user=0.06 sys=0.00, real=0.24 secs] 
2024-07-28T21:32:05.935+0800: 8.872: Application time: 0.0003620 seconds
2024-07-28T21:32:05.935+0800: 8.872: [GC (CMS Final Remark) [YG occupancy: 13679 K (78656 K)]2024-07-28T21:32:05.935+0800: 8.872: [Rescan (parallel) , 0.0006191 secs]2024-07-28T21:32:05.936+0800: 8.873: [weak refs processing, 0.0000129 secs]2024-07-28T21:32:05.936+0800: 8.873: [class unloading, 0.0002307 secs]2024-07-28T21:32:05.936+0800: 8.873: [scrub symbol table, 0.0003690 secs]2024-07-28T21:32:05.936+0800: 8.874: [scrub string table, 0.0001023 secs][1 CMS-remark: 339606K(531876K)] 353286K(610532K), 0.0014003 secs] [Times: user=0.00 sys=0.00, real=0.00 secs] 
2024-07-28T21:32:05.936+0800: 8.874: Total time for which application threads were stopped: 0.0015652 seconds, Stopping threads took: 0.0001276 seconds
2024-07-28T21:32:05.937+0800: 8.874: [CMS-concurrent-sweep-start]
2024-07-28T21:32:05.938+0800: 8.876: [CMS-concurrent-sweep: 0.002/0.002 secs] [Times: user=0.00 sys=0.00, real=0.00 secs] 
2024-07-28T21:32:05.938+0800: 8.876: [CMS-concurrent-reset-start]
2024-07-28T21:32:05.940+0800: 8.877: [CMS-concurrent-reset: 0.001/0.001 secs] [Times: user=0.00 sys=0.00, real=0.00 secs] 
2024-07-28T21:32:05.942+0800: 8.879: Application time: 0.0052527 seconds
2024-07-28T21:32:05.942+0800: 8.879: [GC (Allocation Failure) 2024-07-28T21:32:05.942+0800: 8.879: [ParNew: 77168K->8192K(78656K), 0.0133798 secs] 259077K->258709K(610532K), 0.0134321 secs] [Times: user=0.00 sys=0.00, real=0.01 secs] 
2024-07-28T21:32:05.955+0800: 8.893: Total time for which application threads were stopped: 0.0135367 seconds, Stopping threads took: 0.0000158 seconds
2024-07-28T21:32:05.955+0800: 8.893: Application time: 0.0001894 seconds
2024-07-28T21:32:05.955+0800: 8.893: [GC (CMS Initial Mark) [1 CMS-initial-mark: 250517K(531876K)] 262149K(610532K), 0.0006746 secs] [Times: user=0.00 sys=0.00, real=0.00 secs] 
2024-07-28T21:32:05.956+0800: 8.894: Total time for which application threads were stopped: 0.0008481 seconds, Stopping threads took: 0.0001180 seconds
2024-07-28T21:32:05.956+0800: 8.894: [CMS-concurrent-mark-start]
2024-07-28T21:32:05.957+0800: 8.895: [CMS-concurrent-mark: 0.001/0.001 secs] [Times: user=0.03 sys=0.00, real=0.00 secs] 
2024-07-28T21:32:05.957+0800: 8.895: [CMS-concurrent-preclean-start]
2024-07-28T21:32:05.958+0800: 8.896: [CMS-concurrent-preclean: 0.001/0.001 secs] [Times: user=0.00 sys=0.00, real=0.00 secs] 
2024-07-28T21:32:05.958+0800: 8.896: [CMS-concurrent-abortable-preclean-start]
2024-07-28T21:32:06.072+0800: 9.009: Application time: 0.1151803 seconds
2024-07-28T21:32:06.072+0800: 9.009: [GC (Allocation Failure) 2024-07-28T21:32:06.072+0800: 9.009: [ParNew: 77168K->8192K(78656K), 0.0129500 secs] 327686K->327318K(610532K), 0.0130280 secs] [Times: user=0.03 sys=0.00, real=0.01 secs] 
2024-07-28T21:32:06.085+0800: 9.022: Total time for which application threads were stopped: 0.0131391 seconds, Stopping threads took: 0.0000206 seconds
2024-07-28T21:32:06.194+0800: 9.131: Application time: 0.1094171 seconds
2024-07-28T21:32:06.194+0800: 9.131: [GC (Allocation Failure) 2024-07-28T21:32:06.194+0800: 9.131: [ParNew: 77168K->8192K(78656K), 0.0058209 secs] 396295K->350870K(610532K), 0.0058911 secs] [Times: user=0.00 sys=0.00, real=0.01 secs] 
2024-07-28T21:32:06.200+0800: 9.137: Total time for which application threads were stopped: 0.0060056 seconds, Stopping threads took: 0.0000188 seconds
2024-07-28T21:32:06.200+0800: 9.137: [CMS-concurrent-abortable-preclean: 0.006/0.242 secs] [Times: user=0.03 sys=0.00, real=0.24 secs] 
2024-07-28T21:32:06.200+0800: 9.138: Application time: 0.0002056 seconds
2024-07-28T21:32:06.200+0800: 9.138: [GC (CMS Final Remark) [YG occupancy: 11631 K (78656 K)]2024-07-28T21:32:06.200+0800: 9.138: [Rescan (parallel) , 0.0010317 secs]2024-07-28T21:32:06.202+0800: 9.139: [weak refs processing, 0.0000132 secs]2024-07-28T21:32:06.202+0800: 9.139: [class unloading, 0.0003292 secs]2024-07-28T21:32:06.202+0800: 9.139: [scrub symbol table, 0.0003500 secs]2024-07-28T21:32:06.202+0800: 9.139: [scrub string table, 0.0001017 secs][1 CMS-remark: 342678K(531876K)] 354310K(610532K), 0.0018939 secs] [Times: user=0.00 sys=0.00, real=0.00 secs] 
2024-07-28T21:32:06.202+0800: 9.140: Total time for which application threads were stopped: 0.0020450 seconds, Stopping threads took: 0.0001115 seconds
2024-07-28T21:32:06.203+0800: 9.140: [CMS-concurrent-sweep-start]
2024-07-28T21:32:06.204+0800: 9.141: [CMS-concurrent-sweep: 0.001/0.001 secs] [Times: user=0.00 sys=0.00, real=0.00 secs] 
2024-07-28T21:32:06.204+0800: 9.141: [CMS-concurrent-reset-start]
2024-07-28T21:32:06.205+0800: 9.142: [CMS-concurrent-reset: 0.001/0.001 secs] [Times: user=0.00 sys=0.00, real=0.00 secs] 
2024-07-28T21:32:06.208+0800: 9.145: Application time: 0.0054379 seconds
2024-07-28T21:32:06.208+0800: 9.145: [GC (Allocation Failure) 2024-07-28T21:32:06.208+0800: 9.145: [ParNew: 77168K->8192K(78656K), 0.0131537 secs] 261125K->260757K(610532K), 0.0132079 secs] [Times: user=0.00 sys=0.00, real=0.01 secs] 
2024-07-28T21:32:06.221+0800: 9.158: Total time for which application threads were stopped: 0.0133183 seconds, Stopping threads took: 0.0000202 seconds
2024-07-28T21:32:06.221+0800: 9.159: Application time: 0.0001836 seconds
2024-07-28T21:32:06.221+0800: 9.159: [GC (CMS Initial Mark) [1 CMS-initial-mark: 252565K(531876K)] 264197K(610532K), 0.0003132 secs] [Times: user=0.00 sys=0.00, real=0.00 secs] 
2024-07-28T21:32:06.222+0800: 9.159: Total time for which application threads were stopped: 0.0003765 seconds, Stopping threads took: 0.0000207 seconds
2024-07-28T21:32:06.222+0800: 9.159: [CMS-concurrent-mark-start]
2024-07-28T21:32:06.223+0800: 9.160: [CMS-concurrent-mark: 0.001/0.001 secs] [Times: user=0.03 sys=0.00, real=0.00 secs] 
2024-07-28T21:32:06.223+0800: 9.160: [CMS-concurrent-preclean-start]
2024-07-28T21:32:06.224+0800: 9.161: [CMS-concurrent-preclean: 0.001/0.001 secs] [Times: user=0.00 sys=0.00, real=0.00 secs] 
2024-07-28T21:32:06.224+0800: 9.161: [CMS-concurrent-abortable-preclean-start]
2024-07-28T21:32:06.339+0800: 9.276: Application time: 0.1173403 seconds
2024-07-28T21:32:06.339+0800: 9.276: [GC (Allocation Failure) 2024-07-28T21:32:06.339+0800: 9.276: [ParNew: 77168K->8192K(78656K), 0.0122350 secs] 329734K->329366K(610532K), 0.0122917 secs] [Times: user=0.03 sys=0.00, real=0.01 secs] 
2024-07-28T21:32:06.351+0800: 9.289: Total time for which application threads were stopped: 0.0124154 seconds, Stopping threads took: 0.0000189 seconds
2024-07-28T21:32:06.465+0800: 9.402: Application time: 0.1136420 seconds
2024-07-28T21:32:06.465+0800: 9.402: [GC (Allocation Failure) 2024-07-28T21:32:06.465+0800: 9.402: [ParNew: 77168K->8192K(78656K), 0.0061196 secs] 398343K->353943K(610532K), 0.0061927 secs] [Times: user=0.00 sys=0.00, real=0.01 secs] 
2024-07-28T21:32:06.472+0800: 9.409: Total time for which application threads were stopped: 0.0063234 seconds, Stopping threads took: 0.0000226 seconds
2024-07-28T21:32:06.472+0800: 9.409: [CMS-concurrent-abortable-preclean: 0.006/0.248 secs] [Times: user=0.03 sys=0.00, real=0.25 secs] 
2024-07-28T21:32:06.472+0800: 9.409: Application time: 0.0003221 seconds
2024-07-28T21:32:06.472+0800: 9.409: [GC (CMS Final Remark) [YG occupancy: 12655 K (78656 K)]2024-07-28T21:32:06.472+0800: 9.409: [Rescan (parallel) , 0.0009424 secs]2024-07-28T21:32:06.473+0800: 9.410: [weak refs processing, 0.0000130 secs]2024-07-28T21:32:06.473+0800: 9.410: [class unloading, 0.0002349 secs]2024-07-28T21:32:06.473+0800: 9.410: [scrub symbol table, 0.0003573 secs]2024-07-28T21:32:06.474+0800: 9.411: [scrub string table, 0.0001011 secs][1 CMS-remark: 345750K(531876K)] 358406K(610532K), 0.0017130 secs] [Times: user=0.02 sys=0.00, real=0.00 secs] 
2024-07-28T21:32:06.474+0800: 9.411: Total time for which application threads were stopped: 0.0018663 seconds, Stopping threads took: 0.0001170 seconds
2024-07-28T21:32:06.474+0800: 9.411: [CMS-concurrent-sweep-start]
2024-07-28T21:32:06.476+0800: 9.413: [CMS-concurrent-sweep: 0.002/0.002 secs] [Times: user=0.00 sys=0.00, real=0.00 secs] 
2024-07-28T21:32:06.476+0800: 9.413: [CMS-concurrent-reset-start]
2024-07-28T21:32:06.477+0800: 9.414: [CMS-concurrent-reset: 0.001/0.001 secs] [Times: user=0.00 sys=0.00, real=0.00 secs] 
2024-07-28T21:32:06.479+0800: 9.416: Application time: 0.0053353 seconds
2024-07-28T21:32:06.479+0800: 9.416: [GC (Allocation Failure) 2024-07-28T21:32:06.479+0800: 9.416: [ParNew: 77168K->8192K(78656K), 0.0124546 secs] 263173K->262805K(610532K), 0.0125076 secs] [Times: user=0.03 sys=0.00, real=0.01 secs] 
2024-07-28T21:32:06.492+0800: 9.429: Total time for which application threads were stopped: 0.0126115 seconds, Stopping threads took: 0.0000176 seconds
2024-07-28T21:32:06.492+0800: 9.429: Application time: 0.0001646 seconds
2024-07-28T21:32:06.492+0800: 9.429: [GC (CMS Initial Mark) [1 CMS-initial-mark: 254613K(531876K)] 265221K(610532K), 0.0008332 secs] [Times: user=0.00 sys=0.00, real=0.00 secs] 
2024-07-28T21:32:06.493+0800: 9.430: Total time for which application threads were stopped: 0.0009210 seconds, Stopping threads took: 0.0000418 seconds
2024-07-28T21:32:06.493+0800: 9.430: [CMS-concurrent-mark-start]
2024-07-28T21:32:06.494+0800: 9.431: [CMS-concurrent-mark: 0.001/0.001 secs] [Times: user=0.00 sys=0.00, real=0.00 secs] 
2024-07-28T21:32:06.494+0800: 9.431: [CMS-concurrent-preclean-start]
2024-07-28T21:32:06.495+0800: 9.432: [CMS-concurrent-preclean: 0.001/0.001 secs] [Times: user=0.00 sys=0.00, real=0.00 secs] 
2024-07-28T21:32:06.495+0800: 9.432: [CMS-concurrent-abortable-preclean-start]
2024-07-28T21:32:06.608+0800: 9.545: Application time: 0.1147365 seconds
2024-07-28T21:32:06.608+0800: 9.545: [GC (Allocation Failure) 2024-07-28T21:32:06.608+0800: 9.545: [ParNew: 77168K->8192K(78656K), 0.0132758 secs] 331782K->331414K(610532K), 0.0133324 secs] [Times: user=0.01 sys=0.02, real=0.01 secs] 
2024-07-28T21:32:06.621+0800: 9.558: Total time for which application threads were stopped: 0.0134448 seconds, Stopping threads took: 0.0000194 seconds
2024-07-28T21:32:06.731+0800: 9.668: Application time: 0.1094766 seconds
2024-07-28T21:32:06.731+0800: 9.668: [GC (Allocation Failure) 2024-07-28T21:32:06.731+0800: 9.668: [ParNew: 77171K->8192K(78656K), 0.0060163 secs] 400393K->357015K(610532K), 0.0060762 secs] [Times: user=0.00 sys=0.00, real=0.01 secs] 
2024-07-28T21:32:06.737+0800: 9.674: Total time for which application threads were stopped: 0.0061972 seconds, Stopping threads took: 0.0000179 seconds
2024-07-28T21:32:06.737+0800: 9.674: [CMS-concurrent-abortable-preclean: 0.006/0.242 secs] [Times: user=0.01 sys=0.02, real=0.24 secs] 
2024-07-28T21:32:06.737+0800: 9.674: Application time: 0.0002904 seconds
2024-07-28T21:32:06.737+0800: 9.674: [GC (CMS Final Remark) [YG occupancy: 12650 K (78656 K)]2024-07-28T21:32:06.737+0800: 9.674: [Rescan (parallel) , 0.0010881 secs]2024-07-28T21:32:06.738+0800: 9.675: [weak refs processing, 0.0000128 secs]2024-07-28T21:32:06.738+0800: 9.675: [class unloading, 0.0002375 secs]2024-07-28T21:32:06.739+0800: 9.676: [scrub symbol table, 0.0003494 secs]2024-07-28T21:32:06.739+0800: 9.676: [scrub string table, 0.0001016 secs][1 CMS-remark: 348822K(531876K)] 361473K(610532K), 0.0018530 secs] [Times: user=0.02 sys=0.00, real=0.00 secs] 
2024-07-28T21:32:06.739+0800: 9.676: Total time for which application threads were stopped: 0.0020596 seconds, Stopping threads took: 0.0001693 seconds
2024-07-28T21:32:06.740+0800: 9.677: [CMS-concurrent-sweep-start]
2024-07-28T21:32:06.741+0800: 9.678: [CMS-concurrent-sweep: 0.001/0.001 secs] [Times: user=0.00 sys=0.00, real=0.00 secs] 
2024-07-28T21:32:06.741+0800: 9.678: [CMS-concurrent-reset-start]
2024-07-28T21:32:06.742+0800: 9.679: [CMS-concurrent-reset: 0.001/0.001 secs] [Times: user=0.00 sys=0.00, real=0.00 secs] 
2024-07-28T21:32:06.854+0800: 9.791: Application time: 0.1145230 seconds
2024-07-28T21:32:06.854+0800: 9.791: [GC (Allocation Failure) 2024-07-28T21:32:06.854+0800: 9.791: [ParNew: 77163K->8192K(78656K), 0.0198655 secs] 265215K->264853K(610532K), 0.0199532 secs] [Times: user=0.02 sys=0.00, real=0.02 secs] 
2024-07-28T21:32:06.874+0800: 9.811: Total time for which application threads were stopped: 0.0201121 seconds, Stopping threads took: 0.0000513 seconds
2024-07-28T21:32:06.874+0800: 9.811: Application time: 0.0000989 seconds
2024-07-28T21:32:06.874+0800: 9.811: [GC (CMS Initial Mark) [1 CMS-initial-mark: 256661K(531876K)] 265877K(610532K), 0.0007762 secs] [Times: user=0.00 sys=0.00, real=0.00 secs] 
2024-07-28T21:32:06.875+0800: 9.812: Total time for which application threads were stopped: 0.0009459 seconds, Stopping threads took: 0.0001183 seconds
2024-07-28T21:32:06.875+0800: 9.812: [CMS-concurrent-mark-start]
2024-07-28T21:32:06.879+0800: 9.816: [CMS-concurrent-mark: 0.004/0.004 secs] [Times: user=0.00 sys=0.00, real=0.00 secs] 
2024-07-28T21:32:06.879+0800: 9.816: [CMS-concurrent-preclean-start]
2024-07-28T21:32:06.881+0800: 9.818: [CMS-concurrent-preclean: 0.001/0.001 secs] [Times: user=0.03 sys=0.00, real=0.00 secs] 
2024-07-28T21:32:06.881+0800: 9.818: [CMS-concurrent-abortable-preclean-start]
2024-07-28T21:32:06.881+0800: 9.818: Application time: 0.0064836 seconds
2024-07-28T21:32:06.881+0800: 9.818: [GC (Allocation Failure) 2024-07-28T21:32:06.881+0800: 9.818: [ParNew: 77165K->8192K(78656K), 0.0188001 secs] 333826K->333462K(610532K), 0.0188893 secs] [Times: user=0.03 sys=0.00, real=0.02 secs] 
2024-07-28T21:32:06.900+0800: 9.837: Total time for which application threads were stopped: 0.0190372 seconds, Stopping threads took: 0.0000183 seconds
2024-07-28T21:32:07.013+0800: 9.950: Application time: 0.1126018 seconds
2024-07-28T21:32:07.013+0800: 9.950: [GC (Allocation Failure) 2024-07-28T21:32:07.013+0800: 9.950: [ParNew: 77166K->8192K(78656K), 0.0069476 secs] 402437K->360087K(610532K), 0.0070277 secs] [Times: user=0.03 sys=0.00, real=0.01 secs] 
2024-07-28T21:32:07.020+0800: 9.957: Total time for which application threads were stopped: 0.0071481 seconds, Stopping threads took: 0.0000200 seconds
2024-07-28T21:32:07.020+0800: 9.957: [CMS-concurrent-abortable-preclean: 0.003/0.139 secs] [Times: user=0.06 sys=0.00, real=0.14 secs] 
2024-07-28T21:32:07.020+0800: 9.957: Application time: 0.0002148 seconds
2024-07-28T21:32:07.020+0800: 9.957: [GC (CMS Final Remark) [YG occupancy: 11630 K (78656 K)]2024-07-28T21:32:07.020+0800: 9.957: [Rescan (parallel) , 0.0006411 secs]2024-07-28T21:32:07.021+0800: 9.958: [weak refs processing, 0.0000178 secs]2024-07-28T21:32:07.021+0800: 9.958: [class unloading, 0.0003055 secs]2024-07-28T21:32:07.021+0800: 9.958: [scrub symbol table, 0.0003798 secs]2024-07-28T21:32:07.021+0800: 9.959: [scrub string table, 0.0000929 secs][1 CMS-remark: 351894K(531876K)] 363525K(610532K), 0.0015236 secs] [Times: user=0.00 sys=0.00, real=0.00 secs] 
2024-07-28T21:32:07.021+0800: 9.959: Total time for which application threads were stopped: 0.0016351 seconds, Stopping threads took: 0.0000573 seconds
2024-07-28T21:32:07.022+0800: 9.959: [CMS-concurrent-sweep-start]
2024-07-28T21:32:07.023+0800: 9.960: [CMS-concurrent-sweep: 0.001/0.001 secs] [Times: user=0.00 sys=0.00, real=0.00 secs] 
2024-07-28T21:32:07.023+0800: 9.960: [CMS-concurrent-reset-start]
2024-07-28T21:32:07.025+0800: 9.962: [CMS-concurrent-reset: 0.001/0.001 secs] [Times: user=0.00 sys=0.00, real=0.00 secs] 
2024-07-28T21:32:07.134+0800: 10.071: Application time: 0.1119819 seconds
2024-07-28T21:32:07.134+0800: 10.071: [GC (Allocation Failure) 2024-07-28T21:32:07.134+0800: 10.071: [ParNew: 77167K->8192K(78656K), 0.0129003 secs] 267267K->266901K(610532K), 0.0129748 secs] [Times: user=0.03 sys=0.00, real=0.01 secs] 
2024-07-28T21:32:07.147+0800: 10.084: Total time for which application threads were stopped: 0.0131255 seconds, Stopping threads took: 0.0000308 seconds
2024-07-28T21:32:07.152+0800: 10.089: Application time: 0.0054020 seconds
2024-07-28T21:32:07.152+0800: 10.090: [GC (Allocation Failure) 2024-07-28T21:32:07.152+0800: 10.090: [ParNew: 77167K->8192K(78656K), 0.0129127 secs] 335877K->335510K(610532K), 0.0129874 secs] [Times: user=0.03 sys=0.00, real=0.01 secs] 
2024-07-28T21:32:07.165+0800: 10.103: Total time for which application threads were stopped: 0.0131004 seconds, Stopping threads took: 0.0000177 seconds
2024-07-28T21:32:07.166+0800: 10.103: Application time: 0.0001807 seconds
2024-07-28T21:32:07.166+0800: 10.103: [GC (CMS Initial Mark) [1 CMS-initial-mark: 327318K(531876K)] 336534K(610532K), 0.0005239 secs] [Times: user=0.00 sys=0.00, real=0.00 secs] 
2024-07-28T21:32:07.166+0800: 10.103: Total time for which application threads were stopped: 0.0006154 seconds, Stopping threads took: 0.0000487 seconds
2024-07-28T21:32:07.166+0800: 10.103: [CMS-concurrent-mark-start]
2024-07-28T21:32:07.170+0800: 10.107: [CMS-concurrent-mark: 0.003/0.003 secs] [Times: user=0.00 sys=0.00, real=0.00 secs] 
2024-07-28T21:32:07.170+0800: 10.107: [CMS-concurrent-preclean-start]
2024-07-28T21:32:07.170+0800: 10.107: [CMS-concurrent-preclean: 0.001/0.001 secs] [Times: user=0.00 sys=0.00, real=0.00 secs] 
2024-07-28T21:32:07.170+0800: 10.107: [CMS-concurrent-abortable-preclean-start]
2024-07-28T21:32:07.276+0800: 10.213: Application time: 0.1097511 seconds
2024-07-28T21:32:07.276+0800: 10.213: [GC (Allocation Failure) 2024-07-28T21:32:07.276+0800: 10.213: [ParNew: 77168K->8192K(78656K), 0.0065071 secs] 404486K->363159K(610532K), 0.0065714 secs] [Times: user=0.00 sys=0.00, real=0.01 secs] 
2024-07-28T21:32:07.282+0800: 10.220: Total time for which application threads were stopped: 0.0067034 seconds, Stopping threads took: 0.0000236 seconds
2024-07-28T21:32:07.400+0800: 10.337: Application time: 0.1174079 seconds
2024-07-28T21:32:07.400+0800: 10.337: [GC (Allocation Failure) 2024-07-28T21:32:07.400+0800: 10.337: [ParNew: 77168K->8192K(78656K), 0.0119146 secs] 432135K->431768K(610532K), 0.0119773 secs] [Times: user=0.03 sys=0.00, real=0.01 secs] 
2024-07-28T21:32:07.412+0800: 10.349: Total time for which application threads were stopped: 0.0120967 seconds, Stopping threads took: 0.0000245 seconds
2024-07-28T21:32:07.412+0800: 10.349: [CMS-concurrent-abortable-preclean: 0.005/0.242 secs] [Times: user=0.05 sys=0.00, real=0.24 secs] 
2024-07-28T21:32:07.412+0800: 10.350: Application time: 0.0002721 seconds
2024-07-28T21:32:07.412+0800: 10.350: [GC (CMS Final Remark) [YG occupancy: 12655 K (78656 K)]2024-07-28T21:32:07.412+0800: 10.350: [Rescan (parallel) , 0.0009826 secs]2024-07-28T21:32:07.413+0800: 10.351: [weak refs processing, 0.0000131 secs]2024-07-28T21:32:07.413+0800: 10.351: [class unloading, 0.0002297 secs]2024-07-28T21:32:07.414+0800: 10.351: [scrub symbol table, 0.0003490 secs]2024-07-28T21:32:07.414+0800: 10.351: [scrub string table, 0.0001136 secs][1 CMS-remark: 423576K(531876K)] 436231K(610532K), 0.0017525 secs] [Times: user=0.00 sys=0.00, real=0.00 secs] 
2024-07-28T21:32:07.414+0800: 10.352: Total time for which application threads were stopped: 0.0019489 seconds, Stopping threads took: 0.0001599 seconds
2024-07-28T21:32:07.414+0800: 10.352: [CMS-concurrent-sweep-start]
2024-07-28T21:32:07.417+0800: 10.354: [CMS-concurrent-sweep: 0.002/0.002 secs] [Times: user=0.00 sys=0.00, real=0.00 secs] 
2024-07-28T21:32:07.417+0800: 10.354: [CMS-concurrent-reset-start]
2024-07-28T21:32:07.418+0800: 10.355: [CMS-concurrent-reset: 0.001/0.001 secs] [Times: user=0.00 sys=0.00, real=0.00 secs] 
2024-07-28T21:32:07.420+0800: 10.357: Application time: 0.0055481 seconds
2024-07-28T21:32:07.420+0800: 10.357: [GC (Allocation Failure) 2024-07-28T21:32:07.420+0800: 10.357: [ParNew: 77168K->8192K(78656K), 0.0124517 secs] 337926K->337558K(610532K), 0.0125053 secs] [Times: user=0.03 sys=0.00, real=0.01 secs] 
2024-07-28T21:32:07.432+0800: 10.370: Total time for which application threads were stopped: 0.0126053 seconds, Stopping threads took: 0.0000163 seconds
2024-07-28T21:32:07.432+0800: 10.370: Application time: 0.0001267 seconds
2024-07-28T21:32:07.433+0800: 10.370: [GC (CMS Initial Mark) [1 CMS-initial-mark: 329366K(531876K)] 340998K(610532K), 0.0008443 secs] [Times: user=0.00 sys=0.00, real=0.00 secs] 
2024-07-28T21:32:07.433+0800: 10.371: Total time for which application threads were stopped: 0.0010092 seconds, Stopping threads took: 0.0001205 seconds
2024-07-28T21:32:07.434+0800: 10.371: [CMS-concurrent-mark-start]
2024-07-28T21:32:07.436+0800: 10.374: [CMS-concurrent-mark: 0.003/0.003 secs] [Times: user=0.00 sys=0.00, real=0.00 secs] 
2024-07-28T21:32:07.436+0800: 10.374: [CMS-concurrent-preclean-start]
2024-07-28T21:32:07.437+0800: 10.374: [CMS-concurrent-preclean: 0.001/0.001 secs] [Times: user=0.00 sys=0.00, real=0.00 secs] 
2024-07-28T21:32:07.437+0800: 10.374: [CMS-concurrent-abortable-preclean-start]
2024-07-28T21:32:07.544+0800: 10.481: Application time: 0.1104043 seconds
2024-07-28T21:32:07.544+0800: 10.481: [GC (Allocation Failure) 2024-07-28T21:32:07.544+0800: 10.481: [ParNew: 77168K->8192K(78656K), 0.0070048 secs] 406535K->366231K(610532K), 0.0070629 secs] [Times: user=0.00 sys=0.00, real=0.01 secs] 
2024-07-28T21:32:07.552+0800: 10.488: Total time for which application threads were stopped: 0.0071753 seconds, Stopping threads took: 0.0000175 seconds
2024-07-28T21:32:07.671+0800: 10.608: Application time: 0.1199228 seconds
2024-07-28T21:32:07.671+0800: 10.608: [GC (Allocation Failure) 2024-07-28T21:32:07.671+0800: 10.609: [ParNew: 77168K->8192K(78656K), 0.0153337 secs] 435207K->434840K(610532K), 0.0154015 secs] [Times: user=0.03 sys=0.00, real=0.02 secs] 
2024-07-28T21:32:07.687+0800: 10.624: Total time for which application threads were stopped: 0.0155245 seconds, Stopping threads took: 0.0000237 seconds
2024-07-28T21:32:07.691+0800: 10.628: Application time: 0.0043647 seconds
2024-07-28T21:32:07.691+0800: 10.628: [GC (Allocation Failure) 2024-07-28T21:32:07.691+0800: 10.628: [ParNew: 77168K->8192K(78656K), 0.0131280 secs] 503816K->503449K(610532K), 0.0131796 secs] [Times: user=0.11 sys=0.00, real=0.01 secs] 
2024-07-28T21:32:07.704+0800: 10.642: Total time for which application threads were stopped: 0.0132903 seconds, Stopping threads took: 0.0000154 seconds
2024-07-28T21:32:07.704+0800: 10.642: [CMS-concurrent-abortable-preclean: 0.006/0.267 secs] [Times: user=0.16 sys=0.01, real=0.27 secs] 
2024-07-28T21:32:07.705+0800: 10.642: Application time: 0.0003788 seconds
2024-07-28T21:32:07.705+0800: 10.642: [GC (CMS Final Remark) [YG occupancy: 13679 K (78656 K)]2024-07-28T21:32:07.705+0800: 10.642: [Rescan (parallel) , 0.0006837 secs]2024-07-28T21:32:07.705+0800: 10.643: [weak refs processing, 0.0000128 secs]2024-07-28T21:32:07.705+0800: 10.643: [class unloading, 0.0002383 secs]2024-07-28T21:32:07.706+0800: 10.643: [scrub symbol table, 0.0003449 secs]2024-07-28T21:32:07.706+0800: 10.643: [scrub string table, 0.0001012 secs][1 CMS-remark: 495257K(531876K)] 508936K(610532K), 0.0014459 secs] [Times: user=0.00 sys=0.00, real=0.00 secs] 
2024-07-28T21:32:07.706+0800: 10.644: Total time for which application threads were stopped: 0.0015994 seconds, Stopping threads took: 0.0001159 seconds
2024-07-28T21:32:07.706+0800: 10.644: [CMS-concurrent-sweep-start]
2024-07-28T21:32:07.708+0800: 10.645: [CMS-concurrent-sweep: 0.001/0.001 secs] [Times: user=0.03 sys=0.00, real=0.00 secs] 
2024-07-28T21:32:07.708+0800: 10.646: [CMS-concurrent-reset-start]
2024-07-28T21:32:07.709+0800: 10.646: [CMS-concurrent-reset: 0.001/0.001 secs] [Times: user=0.00 sys=0.00, real=0.00 secs] 
2024-07-28T21:32:07.825+0800: 10.762: Application time: 0.1181511 seconds
2024-07-28T21:32:07.825+0800: 10.762: [GC (Allocation Failure) 2024-07-28T21:32:07.825+0800: 10.762: [ParNew: 77168K->8192K(78656K), 0.0069102 secs] 408583K->369303K(631016K), 0.0069692 secs] [Times: user=0.00 sys=0.00, real=0.01 secs] 
2024-07-28T21:32:07.832+0800: 10.769: Total time for which application threads were stopped: 0.0070793 seconds, Stopping threads took: 0.0000179 seconds
2024-07-28T21:32:07.832+0800: 10.769: Application time: 0.0001354 seconds
2024-07-28T21:32:07.832+0800: 10.769: [GC (CMS Initial Mark) [1 CMS-initial-mark: 361111K(552360K)] 372742K(631016K), 0.0007265 secs] [Times: user=0.03 sys=0.00, real=0.00 secs] 
2024-07-28T21:32:07.833+0800: 10.770: Total time for which application threads were stopped: 0.0008585 seconds, Stopping threads took: 0.0000894 seconds
2024-07-28T21:32:07.833+0800: 10.770: [CMS-concurrent-mark-start]
2024-07-28T21:32:07.838+0800: 10.775: [CMS-concurrent-mark: 0.005/0.005 secs] [Times: user=0.00 sys=0.00, real=0.01 secs] 
2024-07-28T21:32:07.838+0800: 10.775: [CMS-concurrent-preclean-start]
2024-07-28T21:32:07.839+0800: 10.776: [CMS-concurrent-preclean: 0.001/0.001 secs] [Times: user=0.00 sys=0.00, real=0.00 secs] 
2024-07-28T21:32:07.839+0800: 10.776: [CMS-concurrent-abortable-preclean-start]
2024-07-28T21:32:07.948+0800: 10.885: Application time: 0.1147371 seconds
2024-07-28T21:32:07.948+0800: 10.885: [GC (Allocation Failure) 2024-07-28T21:32:07.948+0800: 10.885: [ParNew: 77168K->8192K(78656K), 0.0203496 secs] 438279K->437912K(631016K), 0.0204145 secs] [Times: user=0.03 sys=0.00, real=0.02 secs] 
2024-07-28T21:32:07.968+0800: 10.905: Total time for which application threads were stopped: 0.0205299 seconds, Stopping threads took: 0.0000205 seconds
2024-07-28T21:32:07.973+0800: 10.910: Application time: 0.0045517 seconds
2024-07-28T21:32:07.973+0800: 10.910: [GC (Allocation Failure) 2024-07-28T21:32:07.973+0800: 10.910: [ParNew: 77168K->8192K(78656K), 0.0130241 secs] 506888K->506521K(631016K), 0.0131226 secs] [Times: user=0.03 sys=0.00, real=0.01 secs] 
2024-07-28T21:32:07.986+0800: 10.923: Total time for which application threads were stopped: 0.0132216 seconds, Stopping threads took: 0.0000146 seconds
2024-07-28T21:32:08.107+0800: 11.043: Application time: 0.1204325 seconds
2024-07-28T21:32:08.107+0800: 11.043: [GC (Allocation Failure) 2024-07-28T21:32:08.107+0800: 11.043: [ParNew: 77168K->8192K(78656K), 0.0069535 secs] 575497K->537241K(631016K), 0.0070138 secs] [Times: user=0.00 sys=0.00, real=0.01 secs] 
2024-07-28T21:32:08.114+0800: 11.050: Total time for which application threads were stopped: 0.0071259 seconds, Stopping threads took: 0.0000193 seconds
2024-07-28T21:32:08.114+0800: 11.050: [CMS-concurrent-abortable-preclean: 0.007/0.275 secs] [Times: user=0.08 sys=0.00, real=0.28 secs] 
2024-07-28T21:32:08.114+0800: 11.051: Application time: 0.0002981 seconds
2024-07-28T21:32:08.114+0800: 11.051: [GC (CMS Final Remark) [YG occupancy: 12655 K (78656 K)]2024-07-28T21:32:08.114+0800: 11.051: [Rescan (parallel) , 0.0009247 secs]2024-07-28T21:32:08.115+0800: 11.052: [weak refs processing, 0.0000127 secs]2024-07-28T21:32:08.115+0800: 11.052: [class unloading, 0.0002217 secs]2024-07-28T21:32:08.115+0800: 11.052: [scrub symbol table, 0.0003928 secs]2024-07-28T21:32:08.116+0800: 11.052: [scrub string table, 0.0001146 secs][1 CMS-remark: 529049K(552360K)] 541705K(631016K), 0.0017310 secs] [Times: user=0.11 sys=0.00, real=0.00 secs] 
2024-07-28T21:32:08.116+0800: 11.053: Total time for which application threads were stopped: 0.0019260 seconds, Stopping threads took: 0.0001571 seconds
2024-07-28T21:32:08.116+0800: 11.053: [CMS-concurrent-sweep-start]
2024-07-28T21:32:08.118+0800: 11.055: [CMS-concurrent-sweep: 0.002/0.002 secs] [Times: user=0.00 sys=0.00, real=0.00 secs] 
2024-07-28T21:32:08.118+0800: 11.055: [CMS-concurrent-reset-start]
2024-07-28T21:32:08.120+0800: 11.056: [CMS-concurrent-reset: 0.001/0.001 secs] [Times: user=0.00 sys=0.00, real=0.00 secs] 
2024-07-28T21:32:08.232+0800: 11.169: Application time: 0.1162017 seconds
2024-07-28T21:32:08.232+0800: 11.169: [GC (Allocation Failure) 2024-07-28T21:32:08.232+0800: 11.169: [ParNew: 77168K->8192K(78656K), 0.0159060 secs] 275461K->275093K(631016K), 0.0159798 secs] [Times: user=0.03 sys=0.00, real=0.02 secs] 
2024-07-28T21:32:08.248+0800: 11.185: Total time for which application threads were stopped: 0.0161538 seconds, Stopping threads took: 0.0000369 seconds
2024-07-28T21:32:08.248+0800: 11.185: Application time: 0.0001951 seconds
2024-07-28T21:32:08.248+0800: 11.185: [GC (CMS Initial Mark) [1 CMS-initial-mark: 266901K(552360K)] 278533K(631016K), 0.0006787 secs] [Times: user=0.00 sys=0.00, real=0.00 secs] 
2024-07-28T21:32:08.249+0800: 11.186: Total time for which application threads were stopped: 0.0008708 seconds, Stopping threads took: 0.0000799 seconds
2024-07-28T21:32:08.249+0800: 11.186: [CMS-concurrent-mark-start]
2024-07-28T21:32:08.254+0800: 11.191: [CMS-concurrent-mark: 0.005/0.005 secs] [Times: user=0.01 sys=0.02, real=0.00 secs] 
2024-07-28T21:32:08.254+0800: 11.191: [CMS-concurrent-preclean-start]
2024-07-28T21:32:08.256+0800: 11.193: [CMS-concurrent-preclean: 0.002/0.002 secs] [Times: user=0.00 sys=0.00, real=0.00 secs] 
2024-07-28T21:32:08.256+0800: 11.193: Application time: 0.0069868 seconds
2024-07-28T21:32:08.256+0800: 11.193: [GC (Allocation Failure) 2024-07-28T21:32:08.256+0800: 11.193: [ParNew: 77168K->8192K(78656K), 0.0157698 secs] 344070K->343702K(631016K), 0.0158220 secs] [Times: user=0.03 sys=0.00, real=0.01 secs] 
2024-07-28T21:32:08.271+0800: 11.209: Total time for which application threads were stopped: 0.0159530 seconds, Stopping threads took: 0.0000198 seconds
2024-07-28T21:32:08.272+0800: 11.209: Application time: 0.0002237 seconds
2024-07-28T21:32:08.272+0800: 11.209: [GC (CMS Final Remark) [YG occupancy: 11631 K (78656 K)]2024-07-28T21:32:08.272+0800: 11.209: [Rescan (parallel) , 0.0008374 secs]2024-07-28T21:32:08.273+0800: 11.210: [weak refs processing, 0.0000133 secs]2024-07-28T21:32:08.273+0800: 11.210: [class unloading, 0.0002386 secs]2024-07-28T21:32:08.273+0800: 11.211: [scrub symbol table, 0.0003534 secs]2024-07-28T21:32:08.273+0800: 11.211: [scrub string table, 0.0001151 secs][1 CMS-remark: 335510K(552360K)] 347142K(631016K), 0.0016290 secs] [Times: user=0.00 sys=0.00, real=0.00 secs] 
2024-07-28T21:32:08.274+0800: 11.211: Total time for which application threads were stopped: 0.0018173 seconds, Stopping threads took: 0.0001461 seconds
2024-07-28T21:32:08.274+0800: 11.211: [CMS-concurrent-sweep-start]
2024-07-28T21:32:08.275+0800: 11.213: [CMS-concurrent-sweep: 0.001/0.001 secs] [Times: user=0.00 sys=0.00, real=0.00 secs] 
2024-07-28T21:32:08.275+0800: 11.213: [CMS-concurrent-reset-start]
2024-07-28T21:32:08.277+0800: 11.214: [CMS-concurrent-reset: 0.001/0.001 secs] [Times: user=0.00 sys=0.00, real=0.00 secs] 
2024-07-28T21:32:08.391+0800: 11.328: Application time: 0.1167102 seconds
2024-07-28T21:32:08.391+0800: 11.328: [GC (Allocation Failure) 2024-07-28T21:32:08.391+0800: 11.328: [ParNew: 77168K->8192K(78656K), 0.0069556 secs] 245764K->208532K(631016K), 0.0070159 secs] [Times: user=0.03 sys=0.00, real=0.01 secs] 
2024-07-28T21:32:08.398+0800: 11.335: Total time for which application threads were stopped: 0.0071371 seconds, Stopping threads took: 0.0000208 seconds
2024-07-28T21:32:08.514+0800: 11.451: Application time: 0.1155798 seconds
2024-07-28T21:32:08.514+0800: 11.451: [GC (Allocation Failure) 2024-07-28T21:32:08.514+0800: 11.451: [ParNew: 77168K->8192K(78656K), 0.0124468 secs] 277509K->277141K(631016K), 0.0125086 secs] [Times: user=0.03 sys=0.00, real=0.01 secs] 
2024-07-28T21:32:08.526+0800: 11.463: Total time for which application threads were stopped: 0.0126254 seconds, Stopping threads took: 0.0000210 seconds
2024-07-28T21:32:08.530+0800: 11.467: Application time: 0.0043343 seconds
2024-07-28T21:32:08.531+0800: 11.468: [GC (Allocation Failure) 2024-07-28T21:32:08.531+0800: 11.468: [ParNew: 77168K->8192K(78656K), 0.0123772 secs] 346118K->345750K(631016K), 0.0124332 secs] [Times: user=0.03 sys=0.00, real=0.01 secs] 
2024-07-28T21:32:08.543+0800: 11.480: Total time for which application threads were stopped: 0.0125427 seconds, Stopping threads took: 0.0000151 seconds
2024-07-28T21:32:08.543+0800: 11.480: Application time: 0.0002333 seconds
2024-07-28T21:32:08.543+0800: 11.480: [GC (CMS Initial Mark) [1 CMS-initial-mark: 337558K(552360K)] 349190K(631016K), 0.0007379 secs] [Times: user=0.00 sys=0.00, real=0.00 secs] 
2024-07-28T21:32:08.544+0800: 11.481: Total time for which application threads were stopped: 0.0009069 seconds, Stopping threads took: 0.0001267 seconds
2024-07-28T21:32:08.544+0800: 11.481: [CMS-concurrent-mark-start]
2024-07-28T21:32:08.547+0800: 11.484: [CMS-concurrent-mark: 0.002/0.002 secs] [Times: user=0.00 sys=0.00, real=0.00 secs] 
2024-07-28T21:32:08.547+0800: 11.484: [CMS-concurrent-preclean-start]
2024-07-28T21:32:08.547+0800: 11.484: [CMS-concurrent-preclean: 0.001/0.001 secs] [Times: user=0.00 sys=0.00, real=0.00 secs] 
2024-07-28T21:32:08.547+0800: 11.484: [CMS-concurrent-abortable-preclean-start]
2024-07-28T21:32:08.657+0800: 11.594: Application time: 0.1129359 seconds
2024-07-28T21:32:08.657+0800: 11.594: [GC (Allocation Failure) 2024-07-28T21:32:08.657+0800: 11.594: [ParNew: 77168K->8192K(78656K), 0.0074976 secs] 414727K->378519K(631016K), 0.0075728 secs] [Times: user=0.03 sys=0.00, real=0.01 secs] 
2024-07-28T21:32:08.665+0800: 11.602: Total time for which application threads were stopped: 0.0076835 seconds, Stopping threads took: 0.0000180 seconds
2024-07-28T21:32:08.782+0800: 11.719: Application time: 0.1169017 seconds
2024-07-28T21:32:08.782+0800: 11.719: [GC (Allocation Failure) 2024-07-28T21:32:08.782+0800: 11.719: [ParNew: 77168K->8192K(78656K), 0.0122691 secs] 447496K->447128K(631016K), 0.0123304 secs] [Times: user=0.03 sys=0.00, real=0.01 secs] 
2024-07-28T21:32:08.794+0800: 11.731: Total time for which application threads were stopped: 0.0124536 seconds, Stopping threads took: 0.0000196 seconds
2024-07-28T21:32:08.799+0800: 11.736: Application time: 0.0045586 seconds
2024-07-28T21:32:08.799+0800: 11.736: [GC (Allocation Failure) 2024-07-28T21:32:08.799+0800: 11.736: [ParNew: 77168K->8192K(78656K), 0.0122896 secs] 516105K->515737K(631016K), 0.0123473 secs] [Times: user=0.03 sys=0.00, real=0.01 secs] 
2024-07-28T21:32:08.811+0800: 11.748: Total time for which application threads were stopped: 0.0124508 seconds, Stopping threads took: 0.0000165 seconds
2024-07-28T21:32:08.811+0800: 11.748: [CMS-concurrent-abortable-preclean: 0.006/0.264 secs] [Times: user=0.09 sys=0.00, real=0.26 secs] 
2024-07-28T21:32:08.812+0800: 11.748: Application time: 0.0003264 seconds
2024-07-28T21:32:08.812+0800: 11.749: [GC (CMS Final Remark) [YG occupancy: 12655 K (78656 K)]2024-07-28T21:32:08.812+0800: 11.749: [Rescan (parallel) , 0.0009135 secs]2024-07-28T21:32:08.813+0800: 11.750: [weak refs processing, 0.0000192 secs]2024-07-28T21:32:08.813+0800: 11.750: [class unloading, 0.0002632 secs]2024-07-28T21:32:08.813+0800: 11.750: [scrub symbol table, 0.0003145 secs]2024-07-28T21:32:08.813+0800: 11.750: [scrub string table, 0.0000914 secs][1 CMS-remark: 507545K(552360K)] 520201K(631016K), 0.0016763 secs] [Times: user=0.00 sys=0.00, real=0.00 secs] 
2024-07-28T21:32:08.813+0800: 11.750: Total time for which application threads were stopped: 0.0018443 seconds, Stopping threads took: 0.0001289 seconds
2024-07-28T21:32:08.814+0800: 11.750: [CMS-concurrent-sweep-start]
2024-07-28T21:32:08.815+0800: 11.752: [CMS-concurrent-sweep: 0.001/0.001 secs] [Times: user=0.00 sys=0.00, real=0.00 secs] 
2024-07-28T21:32:08.815+0800: 11.752: [CMS-concurrent-reset-start]
2024-07-28T21:32:08.816+0800: 11.753: [CMS-concurrent-reset: 0.001/0.001 secs] [Times: user=0.00 sys=0.00, real=0.00 secs] 
2024-07-28T21:32:08.924+0800: 11.861: Application time: 0.1105216 seconds
2024-07-28T21:32:08.924+0800: 11.861: [GC (Allocation Failure) 2024-07-28T21:32:08.924+0800: 11.861: [ParNew: 77168K->8192K(78656K), 0.0074489 secs] 416775K->381591K(644668K), 0.0075068 secs] [Times: user=0.03 sys=0.00, real=0.01 secs] 
2024-07-28T21:32:08.931+0800: 11.868: Total time for which application threads were stopped: 0.0076183 seconds, Stopping threads took: 0.0000202 seconds
2024-07-28T21:32:08.932+0800: 11.869: Application time: 0.0001399 seconds
2024-07-28T21:32:08.932+0800: 11.869: [GC (CMS Initial Mark) [1 CMS-initial-mark: 373399K(566012K)] 385031K(644668K), 0.0005214 secs] [Times: user=0.00 sys=0.00, real=0.00 secs] 
2024-07-28T21:32:08.932+0800: 11.869: Total time for which application threads were stopped: 0.0007045 seconds, Stopping threads took: 0.0001437 seconds
2024-07-28T21:32:08.932+0800: 11.869: [CMS-concurrent-mark-start]
2024-07-28T21:32:08.937+0800: 11.874: [CMS-concurrent-mark: 0.005/0.005 secs] [Times: user=0.00 sys=0.00, real=0.01 secs] 
2024-07-28T21:32:08.937+0800: 11.874: [CMS-concurrent-preclean-start]
2024-07-28T21:32:08.938+0800: 11.875: [CMS-concurrent-preclean: 0.001/0.001 secs] [Times: user=0.00 sys=0.00, real=0.00 secs] 
2024-07-28T21:32:08.938+0800: 11.875: [CMS-concurrent-abortable-preclean-start]
2024-07-28T21:32:09.049+0800: 11.986: Application time: 0.1165423 seconds
2024-07-28T21:32:09.049+0800: 11.986: [GC (Allocation Failure) 2024-07-28T21:32:09.049+0800: 11.986: [ParNew: 77168K->8192K(78656K), 0.0174731 secs] 450568K->450200K(644668K), 0.0175323 secs] [Times: user=0.03 sys=0.00, real=0.02 secs] 
2024-07-28T21:32:09.067+0800: 12.004: Total time for which application threads were stopped: 0.0176494 seconds, Stopping threads took: 0.0000212 seconds
2024-07-28T21:32:09.071+0800: 12.008: Application time: 0.0044828 seconds
2024-07-28T21:32:09.071+0800: 12.008: [GC (Allocation Failure) 2024-07-28T21:32:09.071+0800: 12.008: [ParNew: 77168K->8192K(78656K), 0.0125713 secs] 519177K->518809K(644668K), 0.0126222 secs] [Times: user=0.03 sys=0.00, real=0.01 secs] 
2024-07-28T21:32:09.084+0800: 12.021: Total time for which application threads were stopped: 0.0127227 seconds, Stopping threads took: 0.0000151 seconds
2024-07-28T21:32:09.192+0800: 12.129: Application time: 0.1079961 seconds
2024-07-28T21:32:09.192+0800: 12.129: [GC (Allocation Failure) 2024-07-28T21:32:09.192+0800: 12.129: [ParNew: 77168K->8192K(78656K), 0.0073007 secs] 587786K->553626K(644668K), 0.0073788 secs] [Times: user=0.13 sys=0.00, real=0.01 secs] 
2024-07-28T21:32:09.200+0800: 12.136: Total time for which application threads were stopped: 0.0075101 seconds, Stopping threads took: 0.0000192 seconds
2024-07-28T21:32:09.200+0800: 12.136: [CMS-concurrent-abortable-preclean: 0.008/0.261 secs] [Times: user=0.22 sys=0.00, real=0.26 secs] 
2024-07-28T21:32:09.200+0800: 12.137: Application time: 0.0003351 seconds
2024-07-28T21:32:09.200+0800: 12.137: [GC (CMS Final Remark) [YG occupancy: 13679 K (78656 K)]2024-07-28T21:32:09.200+0800: 12.137: [Rescan (parallel) , 0.0010847 secs]2024-07-28T21:32:09.201+0800: 12.138: [weak refs processing, 0.0000130 secs]2024-07-28T21:32:09.201+0800: 12.138: [class unloading, 0.0002352 secs]2024-07-28T21:32:09.201+0800: 12.138: [scrub symbol table, 0.0003548 secs]2024-07-28T21:32:09.202+0800: 12.138: [scrub string table, 0.0001031 secs][1 CMS-remark: 545433K(566012K)] 559113K(644668K), 0.0018563 secs] [Times: user=0.00 sys=0.00, real=0.00 secs] 
2024-07-28T21:32:09.202+0800: 12.139: Total time for which application threads were stopped: 0.0019992 seconds, Stopping threads took: 0.0001062 seconds
2024-07-28T21:32:09.202+0800: 12.139: [CMS-concurrent-sweep-start]
2024-07-28T21:32:09.204+0800: 12.141: [CMS-concurrent-sweep: 0.002/0.002 secs] [Times: user=0.00 sys=0.00, real=0.00 secs] 
2024-07-28T21:32:09.204+0800: 12.141: [CMS-concurrent-reset-start]
2024-07-28T21:32:09.205+0800: 12.142: [CMS-concurrent-reset: 0.001/0.001 secs] [Times: user=0.00 sys=0.00, real=0.00 secs] 
2024-07-28T21:32:09.314+0800: 12.251: Application time: 0.1120975 seconds
2024-07-28T21:32:09.314+0800: 12.251: [GC (Allocation Failure) 2024-07-28T21:32:09.314+0800: 12.251: [ParNew: 77168K->8192K(78656K), 0.0122944 secs] 283653K->283285K(644668K), 0.0123687 secs] [Times: user=0.03 sys=0.00, real=0.01 secs] 
2024-07-28T21:32:09.326+0800: 12.263: Total time for which application threads were stopped: 0.0124830 seconds, Stopping threads took: 0.0000202 seconds
2024-07-28T21:32:09.326+0800: 12.263: Application time: 0.0001762 seconds
2024-07-28T21:32:09.327+0800: 12.264: [GC (CMS Initial Mark) [1 CMS-initial-mark: 275093K(566012K)] 286725K(644668K), 0.0007354 secs] [Times: user=0.00 sys=0.00, real=0.00 secs] 
2024-07-28T21:32:09.327+0800: 12.264: Total time for which application threads were stopped: 0.0009451 seconds, Stopping threads took: 0.0001641 seconds
2024-07-28T21:32:09.327+0800: 12.264: [CMS-concurrent-mark-start]
2024-07-28T21:32:09.331+0800: 12.268: [CMS-concurrent-mark: 0.004/0.004 secs] [Times: user=0.00 sys=0.00, real=0.00 secs] 
2024-07-28T21:32:09.331+0800: 12.268: [CMS-concurrent-preclean-start]
2024-07-28T21:32:09.333+0800: 12.270: [CMS-concurrent-preclean: 0.002/0.002 secs] [Times: user=0.01 sys=0.00, real=0.00 secs] 
2024-07-28T21:32:09.333+0800: 12.270: Application time: 0.0053438 seconds
2024-07-28T21:32:09.333+0800: 12.270: [GC (Allocation Failure) 2024-07-28T21:32:09.333+0800: 12.270: [ParNew: 77168K->8192K(78656K), 0.0119582 secs] 352262K->351894K(644668K), 0.0120078 secs] [Times: user=0.00 sys=0.00, real=0.01 secs] 
2024-07-28T21:32:09.345+0800: 12.282: Total time for which application threads were stopped: 0.0121125 seconds, Stopping threads took: 0.0000174 seconds
2024-07-28T21:32:09.345+0800: 12.282: Application time: 0.0002735 seconds
2024-07-28T21:32:09.345+0800: 12.282: [GC (CMS Final Remark) [YG occupancy: 12655 K (78656 K)]2024-07-28T21:32:09.345+0800: 12.282: [Rescan (parallel) , 0.0010195 secs]2024-07-28T21:32:09.346+0800: 12.283: [weak refs processing, 0.0000126 secs]2024-07-28T21:32:09.346+0800: 12.283: [class unloading, 0.0002168 secs]2024-07-28T21:32:09.347+0800: 12.283: [scrub symbol table, 0.0003713 secs]2024-07-28T21:32:09.347+0800: 12.284: [scrub string table, 0.0001200 secs][1 CMS-remark: 343702K(566012K)] 356358K(644668K), 0.0018170 secs] [Times: user=0.00 sys=0.00, real=0.00 secs] 
2024-07-28T21:32:09.347+0800: 12.284: Total time for which application threads were stopped: 0.0019939 seconds, Stopping threads took: 0.0001368 seconds
2024-07-28T21:32:09.347+0800: 12.284: [CMS-concurrent-sweep-start]
2024-07-28T21:32:09.349+0800: 12.285: [CMS-concurrent-sweep: 0.001/0.001 secs] [Times: user=0.02 sys=0.00, real=0.00 secs] 
2024-07-28T21:32:09.349+0800: 12.286: [CMS-concurrent-reset-start]
2024-07-28T21:32:09.349+0800: 12.286: [CMS-concurrent-reset: 0.001/0.001 secs] [Times: user=0.00 sys=0.00, real=0.00 secs] 
2024-07-28T21:32:09.457+0800: 12.394: Application time: 0.1094801 seconds
2024-07-28T21:32:09.457+0800: 12.394: [GC (Allocation Failure) 2024-07-28T21:32:09.457+0800: 12.394: [ParNew: 77168K->8192K(78656K), 0.0079619 secs] 249861K->216724K(644668K), 0.0080531 secs] [Times: user=0.03 sys=0.00, real=0.01 secs] 
2024-07-28T21:32:09.465+0800: 12.402: Total time for which application threads were stopped: 0.0081686 seconds, Stopping threads took: 0.0000207 seconds
2024-07-28T21:32:09.581+0800: 12.518: Application time: 0.1159437 seconds
2024-07-28T21:32:09.581+0800: 12.518: [GC (Allocation Failure) 2024-07-28T21:32:09.581+0800: 12.518: [ParNew: 77168K->8192K(78656K), 0.0122515 secs] 285701K->285333K(644668K), 0.0123193 secs] [Times: user=0.03 sys=0.00, real=0.01 secs] 
2024-07-28T21:32:09.593+0800: 12.530: Total time for which application threads were stopped: 0.0124343 seconds, Stopping threads took: 0.0000207 seconds
2024-07-28T21:32:09.598+0800: 12.535: Application time: 0.0045266 seconds
2024-07-28T21:32:09.598+0800: 12.535: [GC (Allocation Failure) 2024-07-28T21:32:09.598+0800: 12.535: [ParNew: 77168K->8192K(78656K), 0.0124797 secs] 354310K->353943K(644668K), 0.0125323 secs] [Times: user=0.13 sys=0.00, real=0.01 secs] 
2024-07-28T21:32:09.611+0800: 12.547: Total time for which application threads were stopped: 0.0126393 seconds, Stopping threads took: 0.0000154 seconds
2024-07-28T21:32:09.611+0800: 12.547: Application time: 0.0002516 seconds
2024-07-28T21:32:09.611+0800: 12.548: [GC (CMS Initial Mark) [1 CMS-initial-mark: 345750K(566012K)] 357382K(644668K), 0.0006884 secs] [Times: user=0.00 sys=0.00, real=0.00 secs] 
2024-07-28T21:32:09.612+0800: 12.548: Total time for which application threads were stopped: 0.0008960 seconds, Stopping threads took: 0.0001645 seconds
2024-07-28T21:32:09.612+0800: 12.548: [CMS-concurrent-mark-start]
2024-07-28T21:32:09.614+0800: 12.550: [CMS-concurrent-mark: 0.002/0.002 secs] [Times: user=0.03 sys=0.00, real=0.00 secs] 
2024-07-28T21:32:09.614+0800: 12.550: [CMS-concurrent-preclean-start]
2024-07-28T21:32:09.614+0800: 12.551: [CMS-concurrent-preclean: 0.001/0.001 secs] [Times: user=0.00 sys=0.00, real=0.00 secs] 
2024-07-28T21:32:09.614+0800: 12.551: [CMS-concurrent-abortable-preclean-start]
2024-07-28T21:32:09.724+0800: 12.661: Application time: 0.1128022 seconds
2024-07-28T21:32:09.724+0800: 12.661: [GC (Allocation Failure) 2024-07-28T21:32:09.724+0800: 12.661: [ParNew: 77168K->8192K(78656K), 0.0086642 secs] 422919K->390807K(644668K), 0.0087248 secs] [Times: user=0.00 sys=0.00, real=0.01 secs] 
2024-07-28T21:32:09.733+0800: 12.670: Total time for which application threads were stopped: 0.0088385 seconds, Stopping threads took: 0.0000185 seconds
2024-07-28T21:32:09.848+0800: 12.786: Application time: 0.1158055 seconds
2024-07-28T21:32:09.848+0800: 12.786: [GC (Allocation Failure) 2024-07-28T21:32:09.848+0800: 12.786: [ParNew: 77168K->8192K(78656K), 0.0123304 secs] 459784K->459416K(644668K), 0.0124138 secs] [Times: user=0.00 sys=0.00, real=0.01 secs] 
2024-07-28T21:32:09.861+0800: 12.798: Total time for which application threads were stopped: 0.0125631 seconds, Stopping threads took: 0.0000395 seconds
2024-07-28T21:32:09.861+0800: 12.798: [CMS-concurrent-abortable-preclean: 0.006/0.247 secs] [Times: user=0.05 sys=0.00, real=0.25 secs] 
2024-07-28T21:32:09.861+0800: 12.799: Application time: 0.0003184 seconds
2024-07-28T21:32:09.861+0800: 12.799: [GC (CMS Final Remark) [YG occupancy: 12655 K (78656 K)]2024-07-28T21:32:09.861+0800: 12.799: [Rescan (parallel) , 0.0008173 secs]2024-07-28T21:32:09.862+0800: 12.800: [weak refs processing, 0.0000128 secs]2024-07-28T21:32:09.862+0800: 12.800: [class unloading, 0.0002172 secs]2024-07-28T21:32:09.862+0800: 12.800: [scrub symbol table, 0.0003975 secs]2024-07-28T21:32:09.863+0800: 12.800: [scrub string table, 0.0001052 secs][1 CMS-remark: 451224K(566012K)] 463880K(644668K), 0.0016226 secs] [Times: user=0.00 sys=0.00, real=0.00 secs] 
2024-07-28T21:32:09.863+0800: 12.801: Total time for which application threads were stopped: 0.0018031 seconds, Stopping threads took: 0.0001431 seconds
2024-07-28T21:32:09.863+0800: 12.801: [CMS-concurrent-sweep-start]
2024-07-28T21:32:09.865+0800: 12.802: [CMS-concurrent-sweep: 0.001/0.001 secs] [Times: user=0.03 sys=0.00, real=0.00 secs] 
2024-07-28T21:32:09.865+0800: 12.802: [CMS-concurrent-reset-start]
2024-07-28T21:32:09.866+0800: 12.804: [CMS-concurrent-reset: 0.002/0.002 secs] [Times: user=0.00 sys=0.00, real=0.00 secs] 
2024-07-28T21:32:09.868+0800: 12.806: Application time: 0.0055190 seconds
2024-07-28T21:32:09.869+0800: 12.806: [GC (Allocation Failure) 2024-07-28T21:32:09.869+0800: 12.806: [ParNew: 77168K->8192K(78656K), 0.0131996 secs] 356358K->355991K(644668K), 0.0132531 secs] [Times: user=0.03 sys=0.00, real=0.01 secs] 
2024-07-28T21:32:09.882+0800: 12.819: Total time for which application threads were stopped: 0.0133658 seconds, Stopping threads took: 0.0000188 seconds
2024-07-28T21:32:09.882+0800: 12.820: Application time: 0.0002300 seconds
2024-07-28T21:32:09.882+0800: 12.820: [GC (CMS Initial Mark) [1 CMS-initial-mark: 347798K(566012K)] 359430K(644668K), 0.0008710 secs] [Times: user=0.00 sys=0.00, real=0.00 secs] 
2024-07-28T21:32:09.883+0800: 12.821: Total time for which application threads were stopped: 0.0010644 seconds, Stopping threads took: 0.0001495 seconds
2024-07-28T21:32:09.883+0800: 12.821: [CMS-concurrent-mark-start]
2024-07-28T21:32:09.885+0800: 12.823: [CMS-concurrent-mark: 0.002/0.002 secs] [Times: user=0.00 sys=0.00, real=0.00 secs] 
2024-07-28T21:32:09.885+0800: 12.823: [CMS-concurrent-preclean-start]
2024-07-28T21:32:09.886+0800: 12.824: [CMS-concurrent-preclean: 0.001/0.001 secs] [Times: user=0.00 sys=0.00, real=0.00 secs] 
2024-07-28T21:32:09.886+0800: 12.824: [CMS-concurrent-abortable-preclean-start]
2024-07-28T21:32:09.992+0800: 12.929: Application time: 0.1084207 seconds
2024-07-28T21:32:09.992+0800: 12.929: [GC (Allocation Failure) 2024-07-28T21:32:09.992+0800: 12.929: [ParNew: 77168K->8192K(78656K), 0.0085958 secs] 424967K->393879K(644668K), 0.0086556 secs] [Times: user=0.00 sys=0.00, real=0.01 secs] 
2024-07-28T21:32:10.001+0800: 12.938: Total time for which application threads were stopped: 0.0087824 seconds, Stopping threads took: 0.0000204 seconds
2024-07-28T21:32:10.117+0800: 13.053: Application time: 0.1154457 seconds
2024-07-28T21:32:10.117+0800: 13.053: [GC (Allocation Failure) 2024-07-28T21:32:10.117+0800: 13.053: [ParNew: 77168K->8192K(78656K), 0.0126955 secs] 462856K->462488K(644668K), 0.0127505 secs] [Times: user=0.01 sys=0.00, real=0.01 secs] 
2024-07-28T21:32:10.130+0800: 13.066: Total time for which application threads were stopped: 0.0128635 seconds, Stopping threads took: 0.0000198 seconds
2024-07-28T21:32:10.130+0800: 13.066: [CMS-concurrent-abortable-preclean: 0.006/0.242 secs] [Times: user=0.03 sys=0.00, real=0.24 secs] 
2024-07-28T21:32:10.130+0800: 13.067: Application time: 0.0003032 seconds
2024-07-28T21:32:10.130+0800: 13.067: [GC (CMS Final Remark) [YG occupancy: 12655 K (78656 K)]2024-07-28T21:32:10.130+0800: 13.067: [Rescan (parallel) , 0.0006807 secs]2024-07-28T21:32:10.131+0800: 13.067: [weak refs processing, 0.0000127 secs]2024-07-28T21:32:10.131+0800: 13.067: [class unloading, 0.0002221 secs]2024-07-28T21:32:10.131+0800: 13.068: [scrub symbol table, 0.0003494 secs]2024-07-28T21:32:10.131+0800: 13.068: [scrub string table, 0.0001177 secs][1 CMS-remark: 454296K(566012K)] 466952K(644668K), 0.0014490 secs] [Times: user=0.00 sys=0.00, real=0.00 secs] 
2024-07-28T21:32:10.131+0800: 13.068: Total time for which application threads were stopped: 0.0016071 seconds, Stopping threads took: 0.0001200 seconds
2024-07-28T21:32:10.132+0800: 13.068: [CMS-concurrent-sweep-start]
2024-07-28T21:32:10.134+0800: 13.070: [CMS-concurrent-sweep: 0.002/0.002 secs] [Times: user=0.00 sys=0.00, real=0.00 secs] 
2024-07-28T21:32:10.134+0800: 13.070: [CMS-concurrent-reset-start]
2024-07-28T21:32:10.135+0800: 13.072: [CMS-concurrent-reset: 0.001/0.001 secs] [Times: user=0.00 sys=0.00, real=0.00 secs] 
2024-07-28T21:32:10.137+0800: 13.073: Application time: 0.0052618 seconds
2024-07-28T21:32:10.137+0800: 13.073: [GC (Allocation Failure) 2024-07-28T21:32:10.137+0800: 13.073: [ParNew: 77168K->8192K(78656K), 0.0120591 secs] 358406K->358039K(644668K), 0.0121091 secs] [Times: user=0.03 sys=0.00, real=0.01 secs] 
2024-07-28T21:32:10.149+0800: 13.086: Total time for which application threads were stopped: 0.0122107 seconds, Stopping threads took: 0.0000172 seconds
2024-07-28T21:32:10.149+0800: 13.086: Application time: 0.0002289 seconds
2024-07-28T21:32:10.149+0800: 13.086: [GC (CMS Initial Mark) [1 CMS-initial-mark: 349846K(566012K)] 361478K(644668K), 0.0005398 secs] [Times: user=0.00 sys=0.00, real=0.00 secs] 
2024-07-28T21:32:10.150+0800: 13.087: Total time for which application threads were stopped: 0.0007728 seconds, Stopping threads took: 0.0001839 seconds
2024-07-28T21:32:10.150+0800: 13.087: [CMS-concurrent-mark-start]
2024-07-28T21:32:10.152+0800: 13.089: [CMS-concurrent-mark: 0.002/0.002 secs] [Times: user=0.00 sys=0.00, real=0.00 secs] 
2024-07-28T21:32:10.152+0800: 13.089: [CMS-concurrent-preclean-start]
2024-07-28T21:32:10.153+0800: 13.090: [CMS-concurrent-preclean: 0.001/0.001 secs] [Times: user=0.00 sys=0.00, real=0.00 secs] 
2024-07-28T21:32:10.153+0800: 13.090: [CMS-concurrent-abortable-preclean-start]
2024-07-28T21:32:10.257+0800: 13.194: Application time: 0.1075091 seconds
2024-07-28T21:32:10.257+0800: 13.194: [GC (Allocation Failure) 2024-07-28T21:32:10.257+0800: 13.194: [ParNew: 77168K->8192K(78656K), 0.0081082 secs] 427015K->396951K(644668K), 0.0081713 secs] [Times: user=0.00 sys=0.00, real=0.01 secs] 
2024-07-28T21:32:10.265+0800: 13.202: Total time for which application threads were stopped: 0.0082854 seconds, Stopping threads took: 0.0000198 seconds
2024-07-28T21:32:10.381+0800: 13.318: Application time: 0.1156790 seconds
2024-07-28T21:32:10.381+0800: 13.318: [GC (Allocation Failure) 2024-07-28T21:32:10.381+0800: 13.318: [ParNew: 77168K->8192K(78656K), 0.0124715 secs] 465928K->465560K(644668K), 0.0125339 secs] [Times: user=0.00 sys=0.00, real=0.01 secs] 
2024-07-28T21:32:10.394+0800: 13.331: Total time for which application threads were stopped: 0.0126571 seconds, Stopping threads took: 0.0000194 seconds
2024-07-28T21:32:10.394+0800: 13.331: [CMS-concurrent-abortable-preclean: 0.006/0.241 secs] [Times: user=0.00 sys=0.00, real=0.24 secs] 
2024-07-28T21:32:10.394+0800: 13.331: Application time: 0.0003973 seconds
2024-07-28T21:32:10.394+0800: 13.331: [GC (CMS Final Remark) [YG occupancy: 14703 K (78656 K)]2024-07-28T21:32:10.394+0800: 13.331: [Rescan (parallel) , 0.0012322 secs]2024-07-28T21:32:10.396+0800: 13.333: [weak refs processing, 0.0000130 secs]2024-07-28T21:32:10.396+0800: 13.333: [class unloading, 0.0002093 secs]2024-07-28T21:32:10.396+0800: 13.333: [scrub symbol table, 0.0003385 secs]2024-07-28T21:32:10.396+0800: 13.333: [scrub string table, 0.0000926 secs][1 CMS-remark: 457368K(566012K)] 472072K(644668K), 0.0019630 secs] [Times: user=0.03 sys=0.00, real=0.00 secs] 
2024-07-28T21:32:10.396+0800: 13.333: Total time for which application threads were stopped: 0.0020861 seconds, Stopping threads took: 0.0000858 seconds
2024-07-28T21:32:10.397+0800: 13.333: [CMS-concurrent-sweep-start]
2024-07-28T21:32:10.398+0800: 13.335: [CMS-concurrent-sweep: 0.001/0.001 secs] [Times: user=0.00 sys=0.00, real=0.00 secs] 
2024-07-28T21:32:10.398+0800: 13.335: [CMS-concurrent-reset-start]
2024-07-28T21:32:10.399+0800: 13.336: [CMS-concurrent-reset: 0.001/0.001 secs] [Times: user=0.00 sys=0.00, real=0.00 secs] 
2024-07-28T21:32:10.401+0800: 13.338: Application time: 0.0050683 seconds
2024-07-28T21:32:10.401+0800: 13.338: [GC (Allocation Failure) 2024-07-28T21:32:10.401+0800: 13.338: [ParNew: 77168K->8192K(78656K), 0.0137034 secs] 360454K->360087K(644668K), 0.0137640 secs] [Times: user=0.03 sys=0.00, real=0.01 secs] 
2024-07-28T21:32:10.415+0800: 13.352: Total time for which application threads were stopped: 0.0138954 seconds, Stopping threads took: 0.0000159 seconds
2024-07-28T21:32:10.415+0800: 13.352: Application time: 0.0001211 seconds
2024-07-28T21:32:10.416+0800: 13.353: [GC (CMS Initial Mark) [1 CMS-initial-mark: 351894K(566012K)] 363526K(644668K), 0.0008196 secs] [Times: user=0.00 sys=0.00, real=0.00 secs] 
2024-07-28T21:32:10.416+0800: 13.353: Total time for which application threads were stopped: 0.0009978 seconds, Stopping threads took: 0.0001334 seconds
2024-07-28T21:32:10.417+0800: 13.353: [CMS-concurrent-mark-start]
2024-07-28T21:32:10.418+0800: 13.355: [CMS-concurrent-mark: 0.002/0.002 secs] [Times: user=0.00 sys=0.00, real=0.00 secs] 
2024-07-28T21:32:10.418+0800: 13.355: [CMS-concurrent-preclean-start]
2024-07-28T21:32:10.419+0800: 13.356: [CMS-concurrent-preclean: 0.001/0.001 secs] [Times: user=0.00 sys=0.00, real=0.00 secs] 
2024-07-28T21:32:10.419+0800: 13.356: [CMS-concurrent-abortable-preclean-start]
2024-07-28T21:32:10.524+0800: 13.461: Application time: 0.1080579 seconds
2024-07-28T21:32:10.524+0800: 13.461: [GC (Allocation Failure) 2024-07-28T21:32:10.524+0800: 13.462: [ParNew: 77168K->8192K(78656K), 0.0082749 secs] 429063K->400023K(644668K), 0.0083330 secs] [Times: user=0.00 sys=0.00, real=0.01 secs] 
2024-07-28T21:32:10.533+0800: 13.470: Total time for which application threads were stopped: 0.0084634 seconds, Stopping threads took: 0.0000336 seconds
2024-07-28T21:32:10.647+0800: 13.585: Application time: 0.1147895 seconds
2024-07-28T21:32:10.648+0800: 13.585: [GC (Allocation Failure) 2024-07-28T21:32:10.648+0800: 13.585: [ParNew: 77168K->8192K(78656K), 0.0124318 secs] 469000K->468632K(644668K), 0.0124927 secs] [Times: user=0.00 sys=0.00, real=0.01 secs] 
2024-07-28T21:32:10.660+0800: 13.597: Total time for which application threads were stopped: 0.0126073 seconds, Stopping threads took: 0.0000200 seconds
2024-07-28T21:32:10.660+0800: 13.597: [CMS-concurrent-abortable-preclean: 0.006/0.241 secs] [Times: user=0.02 sys=0.00, real=0.24 secs] 
2024-07-28T21:32:10.660+0800: 13.598: Application time: 0.0003238 seconds
2024-07-28T21:32:10.660+0800: 13.598: [GC (CMS Final Remark) [YG occupancy: 13679 K (78656 K)]2024-07-28T21:32:10.660+0800: 13.598: [Rescan (parallel) , 0.0010280 secs]2024-07-28T21:32:10.661+0800: 13.599: [weak refs processing, 0.0000128 secs]2024-07-28T21:32:10.661+0800: 13.599: [class unloading, 0.0002838 secs]2024-07-28T21:32:10.662+0800: 13.599: [scrub symbol table, 0.0003222 secs]2024-07-28T21:32:10.662+0800: 13.599: [scrub string table, 0.0001016 secs][1 CMS-remark: 460440K(566012K)] 474120K(644668K), 0.0018191 secs] [Times: user=0.05 sys=0.00, real=0.00 secs] 
2024-07-28T21:32:10.662+0800: 13.600: Total time for which application threads were stopped: 0.0019480 seconds, Stopping threads took: 0.0000906 seconds
2024-07-28T21:32:10.662+0800: 13.600: [CMS-concurrent-sweep-start]
2024-07-28T21:32:10.664+0800: 13.601: [CMS-concurrent-sweep: 0.001/0.001 secs] [Times: user=0.00 sys=0.00, real=0.00 secs] 
2024-07-28T21:32:10.664+0800: 13.601: [CMS-concurrent-reset-start]
2024-07-28T21:32:10.665+0800: 13.603: [CMS-concurrent-reset: 0.001/0.001 secs] [Times: user=0.00 sys=0.00, real=0.00 secs] 
2024-07-28T21:32:10.667+0800: 13.605: Application time: 0.0050074 seconds
2024-07-28T21:32:10.667+0800: 13.605: [GC (Allocation Failure) 2024-07-28T21:32:10.667+0800: 13.605: [ParNew: 77168K->8192K(78656K), 0.0121423 secs] 362502K->362135K(644668K), 0.0121906 secs] [Times: user=0.03 sys=0.00, real=0.01 secs] 
2024-07-28T21:32:10.679+0800: 13.617: Total time for which application threads were stopped: 0.0122966 seconds, Stopping threads took: 0.0000154 seconds
2024-07-28T21:32:10.680+0800: 13.617: Application time: 0.0001575 seconds
2024-07-28T21:32:10.680+0800: 13.617: [GC (CMS Initial Mark) [1 CMS-initial-mark: 353943K(566012K)] 365574K(644668K), 0.0007123 secs] [Times: user=0.00 sys=0.00, real=0.00 secs] 
2024-07-28T21:32:10.681+0800: 13.618: Total time for which application threads were stopped: 0.0009253 seconds, Stopping threads took: 0.0001682 seconds
2024-07-28T21:32:10.681+0800: 13.618: [CMS-concurrent-mark-start]
2024-07-28T21:32:10.683+0800: 13.620: [CMS-concurrent-mark: 0.002/0.002 secs] [Times: user=0.00 sys=0.00, real=0.00 secs] 
2024-07-28T21:32:10.683+0800: 13.620: [CMS-concurrent-preclean-start]
2024-07-28T21:32:10.684+0800: 13.621: [CMS-concurrent-preclean: 0.001/0.001 secs] [Times: user=0.00 sys=0.00, real=0.00 secs] 
2024-07-28T21:32:10.684+0800: 13.621: [CMS-concurrent-abortable-preclean-start]
Heap
 par new generation   total 78656K, used 29415K [0x00000000c8000000, 0x00000000cd550000, 0x00000000daaa0000)
  eden space 69952K,  30% used [0x00000000c8000000, 0x00000000c94b9d50, 0x00000000cc450000)
  from space 8704K,  94% used [0x00000000cccd0000, 0x00000000cd4d0080, 0x00000000cd550000)
  to   space 8704K,   0% used [0x00000000cc450000, 0x00000000cc450000, 0x00000000cccd0000)
 concurrent mark-sweep generation total 566012K, used 353943K [0x00000000daaa0000, 0x00000000fd35f000, 0x0000000100000000)
 Metaspace       used 3005K, capacity 4486K, committed 4864K, reserved 1056768K
  class space    used 310K, capacity 386K, committed 512K, reserved 1048576K
2024-07-28T21:32:10.789+0800: 13.726: Application time: 0.1077723 seconds
