OpenJDK 64-Bit Server VM (25.412-b1) for windows-amd64 JRE (1.8.0_412-b1), built on Apr 23 2024 12:00:37 by "Administrator" with MS VC++ 10.0 (VS2010)
Memory: 4k page, physical 16672068k(5721288k free), swap 19933956k(3771112k free)
CommandLine flags: -XX:CMSFullGCsBeforeCompaction=3 -XX:GCDrainStackTargetSize=64 -XX:InitialHeapSize=266753088 -XX:MaxHeapSize=939524096 -XX:MaxNewSize=313176064 -XX:MaxTenuringThreshold=6 -XX:OldPLABSize=16 -XX:+PrintGC -XX:+PrintGCApplicationConcurrentTime -XX:+PrintGCApplicationStoppedTime -XX:+PrintGCDateStamps -XX:+PrintGCDetails -XX:+PrintGCTimeStamps -XX:+UseCMSCompactAtFullCollection -XX:+UseCompressedClassPointers -XX:+UseCompressedOops -XX:+UseConcMarkSweepGC -XX:-UseLargePagesIndividualAllocation -XX:+UseParNewGC 
2024-07-28T21:32:10.972+0800: 0.112: Application time: 0.0373413 seconds
2024-07-28T21:32:10.973+0800: 0.112: [GC (Allocation Failure) 2024-07-28T21:32:10.973+0800: 0.112: [ParNew: 68984K->7894K(78656K), 0.0403096 secs] 68984K->68313K(253440K), 0.0405251 secs] [Times: user=0.03 sys=0.03, real=0.04 secs] 
2024-07-28T21:32:11.013+0800: 0.152: Total time for which application threads were stopped: 0.0406886 seconds, Stopping threads took: 0.0000211 seconds
2024-07-28T21:32:11.123+0800: 0.262: Application time: 0.1101033 seconds
2024-07-28T21:32:11.123+0800: 0.263: [GC (Allocation Failure) 2024-07-28T21:32:11.123+0800: 0.263: [ParNew: 76864K->8536K(78656K), 0.0284451 secs] 137283K->137192K(253440K), 0.0285087 secs] [Times: user=0.06 sys=0.05, real=0.03 secs] 
2024-07-28T21:32:11.152+0800: 0.291: Total time for which application threads were stopped: 0.0286215 seconds, Stopping threads took: 0.0000203 seconds
2024-07-28T21:32:11.152+0800: 0.291: Application time: 0.0002480 seconds
2024-07-28T21:32:11.152+0800: 0.291: [GC (CMS Initial Mark) [1 CMS-initial-mark: 128655K(174784K)] 140619K(253440K), 0.0006404 secs] [Times: user=0.00 sys=0.00, real=0.00 secs] 
2024-07-28T21:32:11.153+0800: 0.292: Total time for which application threads were stopped: 0.0007472 seconds, Stopping threads took: 0.0000648 seconds
2024-07-28T21:32:11.153+0800: 0.292: [CMS-concurrent-mark-start]
2024-07-28T21:32:11.156+0800: 0.295: [CMS-concurrent-mark: 0.003/0.003 secs] [Times: user=0.00 sys=0.00, real=0.00 secs] 
2024-07-28T21:32:11.156+0800: 0.295: [CMS-concurrent-preclean-start]
2024-07-28T21:32:11.157+0800: 0.296: [CMS-concurrent-preclean: 0.001/0.001 secs] [Times: user=0.00 sys=0.00, real=0.00 secs] 
2024-07-28T21:32:11.157+0800: 0.296: [CMS-concurrent-abortable-preclean-start]
2024-07-28T21:32:11.263+0800: 0.402: Application time: 0.1098956 seconds
2024-07-28T21:32:11.263+0800: 0.402: [GC (Allocation Failure) 2024-07-28T21:32:11.263+0800: 0.402: [ParNew: 77500K->28K(78656K), 0.0009567 secs] 206156K->128686K(253440K), 0.0010217 secs] [Times: user=0.00 sys=0.00, real=0.00 secs] 
2024-07-28T21:32:11.264+0800: 0.403: Total time for which application threads were stopped: 0.0011638 seconds, Stopping threads took: 0.0000339 seconds
2024-07-28T21:32:11.269+0800: 0.409: Application time: 0.0054670 seconds
2024-07-28T21:32:11.269+0800: 0.409: [GC (Allocation Failure) 2024-07-28T21:32:11.269+0800: 0.409: [ParNew: 68997K->8196K(78656K), 0.0286196 secs] 197655K->197271K(268860K), 0.0286836 secs] [Times: user=0.03 sys=0.01, real=0.03 secs] 
2024-07-28T21:32:11.298+0800: 0.437: Total time for which application threads were stopped: 0.0288085 seconds, Stopping threads took: 0.0000193 seconds
2024-07-28T21:32:11.407+0800: 0.547: Application time: 0.1091787 seconds
2024-07-28T21:32:11.407+0800: 0.547: [GC (Allocation Failure) 2024-07-28T21:32:11.407+0800: 0.547: [ParNew: 77168K->8192K(78656K), 0.0259790 secs] 266242K->265877K(337736K), 0.0260389 secs] [Times: user=0.05 sys=0.05, real=0.03 secs] 
2024-07-28T21:32:11.433+0800: 0.573: Total time for which application threads were stopped: 0.0261493 seconds, Stopping threads took: 0.0000196 seconds
2024-07-28T21:32:11.433+0800: 0.573: [CMS-concurrent-abortable-preclean: 0.003/0.276 secs] [Times: user=0.09 sys=0.06, real=0.28 secs] 
2024-07-28T21:32:11.434+0800: 0.573: Application time: 0.0001963 seconds
2024-07-28T21:32:11.434+0800: 0.573: [GC (CMS Final Remark) [YG occupancy: 11628 K (78656 K)]2024-07-28T21:32:11.434+0800: 0.573: [Rescan (parallel) , 0.0005057 secs]2024-07-28T21:32:11.434+0800: 0.574: [weak refs processing, 0.0000198 secs]2024-07-28T21:32:11.434+0800: 0.574: [class unloading, 0.0002059 secs]2024-07-28T21:32:11.435+0800: 0.574: [scrub symbol table, 0.0003136 secs]2024-07-28T21:32:11.435+0800: 0.574: [scrub string table, 0.0000932 secs][1 CMS-remark: 257684K(259080K)] 269313K(337736K), 0.0012563 secs] [Times: user=0.00 sys=0.00, real=0.00 secs] 
2024-07-28T21:32:11.435+0800: 0.574: Total time for which application threads were stopped: 0.0013703 seconds, Stopping threads took: 0.0000770 seconds
2024-07-28T21:32:11.435+0800: 0.575: [CMS-concurrent-sweep-start]
2024-07-28T21:32:11.436+0800: 0.576: [CMS-concurrent-sweep: 0.001/0.001 secs] [Times: user=0.00 sys=0.00, real=0.00 secs] 
2024-07-28T21:32:11.438+0800: 0.577: [CMS-concurrent-reset-start]
2024-07-28T21:32:11.442+0800: 0.581: [CMS-concurrent-reset: 0.004/0.004 secs] [Times: user=0.00 sys=0.02, real=0.00 secs] 
2024-07-28T21:32:11.546+0800: 0.685: Application time: 0.1107476 seconds
2024-07-28T21:32:11.546+0800: 0.685: [GC (Allocation Failure) 2024-07-28T21:32:11.546+0800: 0.685: [ParNew: 77165K->1024K(78656K), 0.0013600 secs] 334849K->258707K(508132K), 0.0014091 secs] [Times: user=0.00 sys=0.00, real=0.00 secs] 
2024-07-28T21:32:11.548+0800: 0.687: Total time for which application threads were stopped: 0.0015427 seconds, Stopping threads took: 0.0000198 seconds
2024-07-28T21:32:11.548+0800: 0.687: Application time: 0.0002578 seconds
2024-07-28T21:32:11.548+0800: 0.687: [GC (CMS Initial Mark) [1 CMS-initial-mark: 257683K(429476K)] 262145K(508132K), 0.0003734 secs] [Times: user=0.00 sys=0.00, real=0.00 secs] 
2024-07-28T21:32:11.548+0800: 0.687: Total time for which application threads were stopped: 0.0005448 seconds, Stopping threads took: 0.0001212 seconds
2024-07-28T21:32:11.548+0800: 0.688: [CMS-concurrent-mark-start]
2024-07-28T21:32:11.552+0800: 0.691: [CMS-concurrent-mark: 0.004/0.004 secs] [Times: user=0.05 sys=0.00, real=0.00 secs] 
2024-07-28T21:32:11.552+0800: 0.691: [CMS-concurrent-preclean-start]
2024-07-28T21:32:11.553+0800: 0.693: [CMS-concurrent-preclean: 0.001/0.001 secs] [Times: user=0.00 sys=0.00, real=0.00 secs] 
2024-07-28T21:32:11.554+0800: 0.693: Application time: 0.0052166 seconds
2024-07-28T21:32:11.554+0800: 0.693: [GC (Allocation Failure) 2024-07-28T21:32:11.554+0800: 0.693: [ParNew: 69998K->8192K(78656K), 0.0343448 secs] 327682K->327317K(508132K), 0.0343966 secs] [Times: user=0.05 sys=0.02, real=0.03 secs] 
2024-07-28T21:32:11.588+0800: 0.727: Total time for which application threads were stopped: 0.0344984 seconds, Stopping threads took: 0.0000166 seconds
2024-07-28T21:32:11.588+0800: 0.727: Application time: 0.0003067 seconds
2024-07-28T21:32:11.588+0800: 0.728: [GC (CMS Final Remark) [YG occupancy: 12654 K (78656 K)]2024-07-28T21:32:11.589+0800: 0.728: [Rescan (parallel) , 0.0009338 secs]2024-07-28T21:32:11.589+0800: 0.729: [weak refs processing, 0.0000133 secs]2024-07-28T21:32:11.589+0800: 0.729: [class unloading, 0.0001982 secs]2024-07-28T21:32:11.590+0800: 0.729: [scrub symbol table, 0.0003276 secs]2024-07-28T21:32:11.590+0800: 0.729: [scrub string table, 0.0000939 secs][1 CMS-remark: 319124K(429476K)] 331779K(508132K), 0.0016546 secs] [Times: user=0.00 sys=0.00, real=0.00 secs] 
2024-07-28T21:32:11.590+0800: 0.729: Total time for which application threads were stopped: 0.0017788 seconds, Stopping threads took: 0.0000820 seconds
2024-07-28T21:32:11.590+0800: 0.729: [CMS-concurrent-sweep-start]
2024-07-28T21:32:11.592+0800: 0.731: [CMS-concurrent-sweep: 0.001/0.001 secs] [Times: user=0.00 sys=0.00, real=0.00 secs] 
2024-07-28T21:32:11.592+0800: 0.731: [CMS-concurrent-reset-start]
2024-07-28T21:32:11.593+0800: 0.732: [CMS-concurrent-reset: 0.001/0.001 secs] [Times: user=0.00 sys=0.00, real=0.00 secs] 
2024-07-28T21:32:11.707+0800: 0.846: Application time: 0.1168694 seconds
2024-07-28T21:32:11.707+0800: 0.846: [GC (Allocation Failure) 2024-07-28T21:32:11.707+0800: 0.846: [ParNew: 77167K->8192K(78656K), 0.0122081 secs] 139264K->138898K(508132K), 0.0122673 secs] [Times: user=0.13 sys=0.00, real=0.01 secs] 
2024-07-28T21:32:11.719+0800: 0.859: Total time for which application threads were stopped: 0.0123811 seconds, Stopping threads took: 0.0000197 seconds
2024-07-28T21:32:11.831+0800: 0.970: Application time: 0.1115525 seconds
2024-07-28T21:32:11.831+0800: 0.970: [GC (Allocation Failure) 2024-07-28T21:32:11.831+0800: 0.970: [ParNew: 77167K->2048K(78656K), 0.0020694 secs] 207873K->132754K(508132K), 0.0021516 secs] [Times: user=0.02 sys=0.01, real=0.00 secs] 
2024-07-28T21:32:11.833+0800: 0.972: Total time for which application threads were stopped: 0.0022998 seconds, Stopping threads took: 0.0000250 seconds
2024-07-28T21:32:11.838+0800: 0.977: Application time: 0.0048199 seconds
2024-07-28T21:32:11.838+0800: 0.977: [GC (Allocation Failure) 2024-07-28T21:32:11.838+0800: 0.977: [ParNew: 71024K->8192K(78656K), 0.0144428 secs] 201730K->201363K(508132K), 0.0145060 secs] [Times: user=0.03 sys=0.00, real=0.01 secs] 
2024-07-28T21:32:11.853+0800: 0.992: Total time for which application threads were stopped: 0.0146148 seconds, Stopping threads took: 0.0000184 seconds
2024-07-28T21:32:11.853+0800: 0.992: Application time: 0.0001340 seconds
2024-07-28T21:32:11.853+0800: 0.992: [GC (CMS Initial Mark) [1 CMS-initial-mark: 193170K(429476K)] 204802K(508132K), 0.0003717 secs] [Times: user=0.00 sys=0.00, real=0.00 secs] 
2024-07-28T21:32:11.854+0800: 0.992: Total time for which application threads were stopped: 0.0005352 seconds, Stopping threads took: 0.0000913 seconds
2024-07-28T21:32:11.854+0800: 0.993: [CMS-concurrent-mark-start]
2024-07-28T21:32:11.856+0800: 0.995: [CMS-concurrent-mark: 0.003/0.003 secs] [Times: user=0.00 sys=0.00, real=0.00 secs] 
2024-07-28T21:32:11.857+0800: 0.996: [CMS-concurrent-preclean-start]
2024-07-28T21:32:11.857+0800: 0.996: [CMS-concurrent-preclean: 0.001/0.001 secs] [Times: user=0.00 sys=0.00, real=0.00 secs] 
2024-07-28T21:32:11.857+0800: 0.996: [CMS-concurrent-abortable-preclean-start]
2024-07-28T21:32:11.975+0800: 1.113: Application time: 0.1209378 seconds
2024-07-28T21:32:11.975+0800: 1.114: [GC (Allocation Failure) 2024-07-28T21:32:11.975+0800: 1.114: [ParNew: 77168K->8192K(78656K), 0.0396889 secs] 270339K->269972K(508132K), 0.0397748 secs] [Times: user=0.05 sys=0.02, real=0.04 secs] 
2024-07-28T21:32:12.015+0800: 1.153: Total time for which application threads were stopped: 0.0399202 seconds, Stopping threads took: 0.0000206 seconds
2024-07-28T21:32:12.130+0800: 1.269: Application time: 0.1159649 seconds
2024-07-28T21:32:12.130+0800: 1.269: [GC (Allocation Failure) 2024-07-28T21:32:12.130+0800: 1.269: [ParNew: 77168K->3072K(78656K), 0.0018991 secs] 338948K->264852K(508132K), 0.0019711 secs] [Times: user=0.00 sys=0.00, real=0.00 secs] 
2024-07-28T21:32:12.132+0800: 1.271: Total time for which application threads were stopped: 0.0021180 seconds, Stopping threads took: 0.0000186 seconds
2024-07-28T21:32:12.137+0800: 1.276: Application time: 0.0048691 seconds
2024-07-28T21:32:12.137+0800: 1.276: [GC (Allocation Failure) 2024-07-28T21:32:12.137+0800: 1.276: [ParNew: 72048K->8192K(78656K), 0.0281285 secs] 333828K->333461K(508132K), 0.0281888 secs] [Times: user=0.03 sys=0.03, real=0.03 secs] 
2024-07-28T21:32:12.166+0800: 1.305: Total time for which application threads were stopped: 0.0283053 seconds, Stopping threads took: 0.0000171 seconds
2024-07-28T21:32:12.166+0800: 1.305: [CMS-concurrent-abortable-preclean: 0.005/0.308 secs] [Times: user=0.09 sys=0.05, real=0.31 secs] 
2024-07-28T21:32:12.166+0800: 1.305: Application time: 0.0007307 seconds
2024-07-28T21:32:12.166+0800: 1.305: [GC (CMS Final Remark) [YG occupancy: 18799 K (78656 K)]2024-07-28T21:32:12.166+0800: 1.305: [Rescan (parallel) , 0.0008184 secs]2024-07-28T21:32:12.167+0800: 1.306: [weak refs processing, 0.0000132 secs]2024-07-28T21:32:12.167+0800: 1.306: [class unloading, 0.0001966 secs]2024-07-28T21:32:12.167+0800: 1.307: [scrub symbol table, 0.0003223 secs]2024-07-28T21:32:12.168+0800: 1.307: [scrub string table, 0.0000928 secs][1 CMS-remark: 325268K(429476K)] 344068K(508132K), 0.0015081 secs] [Times: user=0.00 sys=0.00, real=0.00 secs] 
2024-07-28T21:32:12.168+0800: 1.307: Total time for which application threads were stopped: 0.0016202 seconds, Stopping threads took: 0.0000750 seconds
2024-07-28T21:32:12.168+0800: 1.307: [CMS-concurrent-sweep-start]
2024-07-28T21:32:12.169+0800: 1.309: [CMS-concurrent-sweep: 0.001/0.001 secs] [Times: user=0.00 sys=0.00, real=0.00 secs] 
2024-07-28T21:32:12.170+0800: 1.309: [CMS-concurrent-reset-start]
2024-07-28T21:32:12.170+0800: 1.309: [CMS-concurrent-reset: 0.001/0.001 secs] [Times: user=0.00 sys=0.00, real=0.00 secs] 
2024-07-28T21:32:12.275+0800: 1.415: Application time: 0.1077029 seconds
2024-07-28T21:32:12.276+0800: 1.415: [GC (Allocation Failure) 2024-07-28T21:32:12.276+0800: 1.415: [ParNew: 77168K->8192K(78656K), 0.0124560 secs] 272387K->272020K(508132K), 0.0125165 secs] [Times: user=0.03 sys=0.00, real=0.01 secs] 
2024-07-28T21:32:12.288+0800: 1.427: Total time for which application threads were stopped: 0.0126287 seconds, Stopping threads took: 0.0000201 seconds
2024-07-28T21:32:12.288+0800: 1.428: Application time: 0.0002462 seconds
2024-07-28T21:32:12.289+0800: 1.428: [GC (CMS Initial Mark) [1 CMS-initial-mark: 263828K(429476K)] 275459K(508132K), 0.0008318 secs] [Times: user=0.00 sys=0.00, real=0.00 secs] 
2024-07-28T21:32:12.289+0800: 1.429: Total time for which application threads were stopped: 0.0010691 seconds, Stopping threads took: 0.0001878 seconds
2024-07-28T21:32:12.290+0800: 1.429: [CMS-concurrent-mark-start]
2024-07-28T21:32:12.293+0800: 1.432: [CMS-concurrent-mark: 0.003/0.003 secs] [Times: user=0.00 sys=0.00, real=0.00 secs] 
2024-07-28T21:32:12.293+0800: 1.432: [CMS-concurrent-preclean-start]
2024-07-28T21:32:12.294+0800: 1.433: [CMS-concurrent-preclean: 0.001/0.001 secs] [Times: user=0.00 sys=0.00, real=0.00 secs] 
2024-07-28T21:32:12.294+0800: 1.433: [CMS-concurrent-abortable-preclean-start]
2024-07-28T21:32:12.400+0800: 1.540: Application time: 0.1108630 seconds
2024-07-28T21:32:12.401+0800: 1.540: [GC (Allocation Failure) 2024-07-28T21:32:12.401+0800: 1.540: [ParNew: 77543K->3076K(78656K), 0.0015730 secs] 341371K->266904K(508132K), 0.0016228 secs] [Times: user=0.00 sys=0.00, real=0.00 secs] 
2024-07-28T21:32:12.402+0800: 1.541: Total time for which application threads were stopped: 0.0017562 seconds, Stopping threads took: 0.0000319 seconds
2024-07-28T21:32:12.407+0800: 1.546: Application time: 0.0044345 seconds
2024-07-28T21:32:12.407+0800: 1.546: [GC (Allocation Failure) 2024-07-28T21:32:12.407+0800: 1.546: [ParNew: 72042K->8194K(78656K), 0.0118081 secs] 335870K->335511K(508132K), 0.0118574 secs] [Times: user=0.03 sys=0.00, real=0.01 secs] 
2024-07-28T21:32:12.419+0800: 1.558: Total time for which application threads were stopped: 0.0119532 seconds, Stopping threads took: 0.0000134 seconds
2024-07-28T21:32:12.528+0800: 1.667: Application time: 0.1093948 seconds
2024-07-28T21:32:12.529+0800: 1.667: [GC (Allocation Failure) 2024-07-28T21:32:12.529+0800: 1.667: [ParNew: 77164K->8192K(78656K), 0.0125436 secs] 404481K->404118K(508132K), 0.0126039 secs] [Times: user=0.02 sys=0.02, real=0.01 secs] 
2024-07-28T21:32:12.541+0800: 1.680: Total time for which application threads were stopped: 0.0127182 seconds, Stopping threads took: 0.0000185 seconds
2024-07-28T21:32:12.541+0800: 1.680: [CMS-concurrent-abortable-preclean: 0.005/0.247 secs] [Times: user=0.05 sys=0.02, real=0.25 secs] 
2024-07-28T21:32:12.541+0800: 1.680: Application time: 0.0002983 seconds
2024-07-28T21:32:12.542+0800: 1.680: [GC (CMS Final Remark) [YG occupancy: 12651 K (78656 K)]2024-07-28T21:32:12.542+0800: 1.680: [Rescan (parallel) , 0.0006269 secs]2024-07-28T21:32:12.542+0800: 1.681: [weak refs processing, 0.0000131 secs]2024-07-28T21:32:12.542+0800: 1.681: [class unloading, 0.0001901 secs]2024-07-28T21:32:12.543+0800: 1.681: [scrub symbol table, 0.0003927 secs]2024-07-28T21:32:12.543+0800: 1.681: [scrub string table, 0.0001011 secs][1 CMS-remark: 395926K(429476K)] 408577K(508132K), 0.0014139 secs] [Times: user=0.00 sys=0.00, real=0.00 secs] 
2024-07-28T21:32:12.543+0800: 1.682: Total time for which application threads were stopped: 0.0015584 seconds, Stopping threads took: 0.0000871 seconds
2024-07-28T21:32:12.543+0800: 1.682: [CMS-concurrent-sweep-start]
2024-07-28T21:32:12.545+0800: 1.684: [CMS-concurrent-sweep: 0.002/0.002 secs] [Times: user=0.00 sys=0.00, real=0.00 secs] 
2024-07-28T21:32:12.545+0800: 1.684: [CMS-concurrent-reset-start]
2024-07-28T21:32:12.546+0800: 1.685: [CMS-concurrent-reset: 0.001/0.001 secs] [Times: user=0.00 sys=0.00, real=0.00 secs] 
2024-07-28T21:32:12.651+0800: 1.790: Application time: 0.1085800 seconds
2024-07-28T21:32:12.651+0800: 1.790: [GC (Allocation Failure) 2024-07-28T21:32:12.651+0800: 1.790: [ParNew: 77164K->4096K(78656K), 0.0018800 secs] 342016K->268948K(520080K), 0.0019525 secs] [Times: user=0.00 sys=0.00, real=0.00 secs] 
2024-07-28T21:32:12.653+0800: 1.792: Total time for which application threads were stopped: 0.0020662 seconds, Stopping threads took: 0.0000186 seconds
2024-07-28T21:32:12.659+0800: 1.798: Application time: 0.0061347 seconds
2024-07-28T21:32:12.659+0800: 1.799: [GC (Allocation Failure) 2024-07-28T21:32:12.659+0800: 1.799: [ParNew: 73070K->8192K(78656K), 0.0170531 secs] 337922K->337557K(520080K), 0.0171282 secs] [Times: user=0.06 sys=0.00, real=0.02 secs] 
2024-07-28T21:32:12.676+0800: 1.816: Total time for which application threads were stopped: 0.0172693 seconds, Stopping threads took: 0.0000249 seconds
2024-07-28T21:32:12.677+0800: 1.816: Application time: 0.0002612 seconds
2024-07-28T21:32:12.677+0800: 1.816: [GC (CMS Initial Mark) [1 CMS-initial-mark: 329365K(441424K)] 340995K(520080K), 0.0008268 secs] [Times: user=0.00 sys=0.00, real=0.00 secs] 
2024-07-28T21:32:12.678+0800: 1.817: Total time for which application threads were stopped: 0.0009525 seconds, Stopping threads took: 0.0000838 seconds
2024-07-28T21:32:12.678+0800: 1.817: [CMS-concurrent-mark-start]
2024-07-28T21:32:12.680+0800: 1.819: [CMS-concurrent-mark: 0.002/0.002 secs] [Times: user=0.00 sys=0.00, real=0.00 secs] 
2024-07-28T21:32:12.680+0800: 1.820: [CMS-concurrent-preclean-start]
2024-07-28T21:32:12.681+0800: 1.820: [CMS-concurrent-preclean: 0.001/0.001 secs] [Times: user=0.00 sys=0.00, real=0.00 secs] 
2024-07-28T21:32:12.681+0800: 1.820: [CMS-concurrent-abortable-preclean-start]
2024-07-28T21:32:12.795+0800: 1.934: Application time: 0.1168210 seconds
2024-07-28T21:32:12.795+0800: 1.934: [GC (Allocation Failure) 2024-07-28T21:32:12.795+0800: 1.934: [ParNew: 77866K->8194K(78656K), 0.0121504 secs] 407231K->406168K(520080K), 0.0122110 secs] [Times: user=0.03 sys=0.00, real=0.01 secs] 
2024-07-28T21:32:12.807+0800: 1.946: Total time for which application threads were stopped: 0.0123285 seconds, Stopping threads took: 0.0000191 seconds
2024-07-28T21:32:12.919+0800: 2.058: Application time: 0.1119068 seconds
2024-07-28T21:32:12.919+0800: 2.058: [GC (Allocation Failure) 2024-07-28T21:32:12.919+0800: 2.058: [ParNew: 77164K->5124K(78656K), 0.0017365 secs] 475138K->403098K(520080K), 0.0018013 secs] [Times: user=0.00 sys=0.00, real=0.00 secs] 
2024-07-28T21:32:12.921+0800: 2.060: Total time for which application threads were stopped: 0.0019303 seconds, Stopping threads took: 0.0000208 seconds
2024-07-28T21:32:12.925+0800: 2.064: Application time: 0.0043547 seconds
2024-07-28T21:32:12.925+0800: 2.064: [GC (Allocation Failure) 2024-07-28T21:32:12.925+0800: 2.064: [ParNew: 74096K->8192K(78656K), 0.0213233 secs] 472071K->471703K(543724K), 0.0213709 secs] [Times: user=0.16 sys=0.00, real=0.02 secs] 
2024-07-28T21:32:12.946+0800: 2.086: Total time for which application threads were stopped: 0.0214664 seconds, Stopping threads took: 0.0000138 seconds
2024-07-28T21:32:12.946+0800: 2.086: [CMS-concurrent-abortable-preclean: 0.004/0.265 secs] [Times: user=0.19 sys=0.00, real=0.27 secs] 
2024-07-28T21:32:12.947+0800: 2.086: Application time: 0.0006655 seconds
2024-07-28T21:32:12.947+0800: 2.087: [GC (CMS Final Remark) [YG occupancy: 16749 K (78656 K)]2024-07-28T21:32:12.947+0800: 2.087: [Rescan (parallel) , 0.0011263 secs]2024-07-28T21:32:12.948+0800: 2.088: [weak refs processing, 0.0000129 secs]2024-07-28T21:32:12.948+0800: 2.088: [class unloading, 0.0002014 secs]2024-07-28T21:32:12.949+0800: 2.088: [scrub symbol table, 0.0003257 secs]2024-07-28T21:32:12.949+0800: 2.088: [scrub string table, 0.0000917 secs][1 CMS-remark: 463511K(465068K)] 480260K(543724K), 0.0018439 secs] [Times: user=0.00 sys=0.00, real=0.00 secs] 
2024-07-28T21:32:12.949+0800: 2.088: Total time for which application threads were stopped: 0.0019925 seconds, Stopping threads took: 0.0001072 seconds
2024-07-28T21:32:12.949+0800: 2.089: [CMS-concurrent-sweep-start]
2024-07-28T21:32:12.950+0800: 2.090: [CMS-concurrent-sweep: 0.001/0.001 secs] [Times: user=0.00 sys=0.00, real=0.00 secs] 
2024-07-28T21:32:12.950+0800: 2.090: [CMS-concurrent-reset-start]
2024-07-28T21:32:12.951+0800: 2.091: [CMS-concurrent-reset: 0.001/0.001 secs] [Times: user=0.00 sys=0.00, real=0.00 secs] 
2024-07-28T21:32:13.063+0800: 2.202: Application time: 0.1133438 seconds
2024-07-28T21:32:13.063+0800: 2.202: [GC (Allocation Failure) 2024-07-28T21:32:13.063+0800: 2.202: [ParNew: 77166K->8192K(78656K), 0.0123883 secs] 276481K->276116K(543724K), 0.0124486 secs] [Times: user=0.03 sys=0.00, real=0.01 secs] 
2024-07-28T21:32:13.075+0800: 2.214: Total time for which application threads were stopped: 0.0125727 seconds, Stopping threads took: 0.0000202 seconds
2024-07-28T21:32:13.075+0800: 2.214: Application time: 0.0001280 seconds
2024-07-28T21:32:13.075+0800: 2.215: [GC (CMS Initial Mark) [1 CMS-initial-mark: 267924K(465068K)] 279554K(543724K), 0.0003729 secs] [Times: user=0.00 sys=0.00, real=0.00 secs] 
2024-07-28T21:32:13.076+0800: 2.215: Total time for which application threads were stopped: 0.0005358 seconds, Stopping threads took: 0.0001194 seconds
2024-07-28T21:32:13.076+0800: 2.215: [CMS-concurrent-mark-start]
2024-07-28T21:32:13.079+0800: 2.218: [CMS-concurrent-mark: 0.003/0.003 secs] [Times: user=0.00 sys=0.00, real=0.00 secs] 
2024-07-28T21:32:13.079+0800: 2.218: [CMS-concurrent-preclean-start]
2024-07-28T21:32:13.081+0800: 2.220: [CMS-concurrent-preclean: 0.002/0.002 secs] [Times: user=0.00 sys=0.00, real=0.00 secs] 
2024-07-28T21:32:13.081+0800: 2.220: [CMS-concurrent-abortable-preclean-start]
2024-07-28T21:32:13.187+0800: 2.326: Application time: 0.1109278 seconds
2024-07-28T21:32:13.187+0800: 2.326: [GC (Allocation Failure) 2024-07-28T21:32:13.187+0800: 2.326: [ParNew: 77167K->6144K(78656K), 0.0019473 secs] 345091K->274068K(543724K), 0.0019994 secs] [Times: user=0.00 sys=0.00, real=0.00 secs] 
2024-07-28T21:32:13.189+0800: 2.328: Total time for which application threads were stopped: 0.0021042 seconds, Stopping threads took: 0.0000191 seconds
2024-07-28T21:32:13.193+0800: 2.333: Application time: 0.0046091 seconds
2024-07-28T21:32:13.194+0800: 2.333: [GC (Allocation Failure) 2024-07-28T21:32:13.194+0800: 2.333: [ParNew: 75119K->8192K(78656K), 0.0123864 secs] 343043K->342677K(543724K), 0.0124360 secs] [Times: user=0.00 sys=0.00, real=0.01 secs] 
2024-07-28T21:32:13.206+0800: 2.345: Total time for which application threads were stopped: 0.0125345 seconds, Stopping threads took: 0.0000134 seconds
2024-07-28T21:32:13.315+0800: 2.454: Application time: 0.1086110 seconds
2024-07-28T21:32:13.315+0800: 2.454: [GC (Allocation Failure) 2024-07-28T21:32:13.315+0800: 2.454: [ParNew: 77622K->8200K(78656K), 0.0122948 secs] 412108K->411294K(543724K), 0.0123551 secs] [Times: user=0.03 sys=0.00, real=0.01 secs] 
2024-07-28T21:32:13.327+0800: 2.466: Total time for which application threads were stopped: 0.0124669 seconds, Stopping threads took: 0.0000199 seconds
2024-07-28T21:32:13.328+0800: 2.466: [CMS-concurrent-abortable-preclean: 0.005/0.246 secs] [Times: user=0.09 sys=0.00, real=0.25 secs] 
2024-07-28T21:32:13.328+0800: 2.466: Application time: 0.0002093 seconds
2024-07-28T21:32:13.328+0800: 2.467: [GC (CMS Final Remark) [YG occupancy: 11636 K (78656 K)]2024-07-28T21:32:13.328+0800: 2.467: [Rescan (parallel) , 0.0009055 secs]2024-07-28T21:32:13.329+0800: 2.468: [weak refs processing, 0.0000128 secs]2024-07-28T21:32:13.329+0800: 2.468: [class unloading, 0.0001937 secs]2024-07-28T21:32:13.329+0800: 2.468: [scrub symbol table, 0.0003397 secs]2024-07-28T21:32:13.329+0800: 2.468: [scrub string table, 0.0001122 secs][1 CMS-remark: 403094K(465068K)] 414730K(543724K), 0.0016347 secs] [Times: user=0.00 sys=0.00, real=0.00 secs] 
2024-07-28T21:32:13.329+0800: 2.468: Total time for which application threads were stopped: 0.0017940 seconds, Stopping threads took: 0.0001213 seconds
2024-07-28T21:32:13.330+0800: 2.468: [CMS-concurrent-sweep-start]
2024-07-28T21:32:13.331+0800: 2.470: [CMS-concurrent-sweep: 0.001/0.001 secs] [Times: user=0.00 sys=0.00, real=0.00 secs] 
2024-07-28T21:32:13.331+0800: 2.470: [CMS-concurrent-reset-start]
2024-07-28T21:32:13.333+0800: 2.471: [CMS-concurrent-reset: 0.001/0.001 secs] [Times: user=0.03 sys=0.00, real=0.00 secs] 
2024-07-28T21:32:13.438+0800: 2.577: Application time: 0.1085382 seconds
2024-07-28T21:32:13.438+0800: 2.577: [GC (Allocation Failure) 2024-07-28T21:32:13.438+0800: 2.577: [ParNew: 77173K->7168K(78656K), 0.0026985 secs] 347145K->277140K(543724K), 0.0027561 secs] [Times: user=0.00 sys=0.00, real=0.00 secs] 
2024-07-28T21:32:13.440+0800: 2.580: Total time for which application threads were stopped: 0.0028682 seconds, Stopping threads took: 0.0000204 seconds
2024-07-28T21:32:13.445+0800: 2.584: Application time: 0.0047420 seconds
2024-07-28T21:32:13.445+0800: 2.584: [GC (Allocation Failure) 2024-07-28T21:32:13.445+0800: 2.585: [ParNew: 76142K->8192K(78656K), 0.0128073 secs] 346114K->345749K(543724K), 0.0128625 secs] [Times: user=0.02 sys=0.00, real=0.01 secs] 
2024-07-28T21:32:13.458+0800: 2.597: Total time for which application threads were stopped: 0.0129683 seconds, Stopping threads took: 0.0000181 seconds
2024-07-28T21:32:13.458+0800: 2.598: Application time: 0.0002329 seconds
2024-07-28T21:32:13.458+0800: 2.598: [GC (CMS Initial Mark) [1 CMS-initial-mark: 337557K(465068K)] 349187K(543724K), 0.0007725 secs] [Times: user=0.00 sys=0.00, real=0.00 secs] 
2024-07-28T21:32:13.459+0800: 2.599: Total time for which application threads were stopped: 0.0008919 seconds, Stopping threads took: 0.0000774 seconds
2024-07-28T21:32:13.459+0800: 2.599: [CMS-concurrent-mark-start]
2024-07-28T21:32:13.462+0800: 2.601: [CMS-concurrent-mark: 0.002/0.002 secs] [Times: user=0.00 sys=0.00, real=0.00 secs] 
2024-07-28T21:32:13.462+0800: 2.601: [CMS-concurrent-preclean-start]
2024-07-28T21:32:13.462+0800: 2.602: [CMS-concurrent-preclean: 0.001/0.001 secs] [Times: user=0.00 sys=0.00, real=0.00 secs] 
2024-07-28T21:32:13.462+0800: 2.602: [CMS-concurrent-abortable-preclean-start]
2024-07-28T21:32:13.581+0800: 2.720: Application time: 0.1210333 seconds
2024-07-28T21:32:13.581+0800: 2.720: [GC (Allocation Failure) 2024-07-28T21:32:13.581+0800: 2.720: [ParNew: 77167K->8192K(78656K), 0.0125278 secs] 414724K->414358K(543724K), 0.0126487 secs] [Times: user=0.03 sys=0.00, real=0.01 secs] 
2024-07-28T21:32:13.594+0800: 2.732: Total time for which application threads were stopped: 0.0128222 seconds, Stopping threads took: 0.0000247 seconds
2024-07-28T21:32:13.706+0800: 2.844: Application time: 0.1116866 seconds
2024-07-28T21:32:13.706+0800: 2.844: [GC (Allocation Failure) 2024-07-28T21:32:13.706+0800: 2.844: [ParNew: 77167K->8192K(78656K), 0.0022797 secs] 483334K->414358K(543724K), 0.0023377 secs] [Times: user=0.02 sys=0.00, real=0.00 secs] 
2024-07-28T21:32:13.708+0800: 2.847: Total time for which application threads were stopped: 0.0024613 seconds, Stopping threads took: 0.0000345 seconds
2024-07-28T21:32:13.713+0800: 2.851: Application time: 0.0046041 seconds
2024-07-28T21:32:13.713+0800: 2.851: [GC (Allocation Failure) 2024-07-28T21:32:13.713+0800: 2.851: [ParNew: 77168K->8192K(78656K), 0.0164000 secs] 483334K->482967K(555032K), 0.0164691 secs] [Times: user=0.01 sys=0.02, real=0.02 secs] 
2024-07-28T21:32:13.729+0800: 2.868: Total time for which application threads were stopped: 0.0165806 seconds, Stopping threads took: 0.0000162 seconds
2024-07-28T21:32:13.729+0800: 2.868: [CMS-concurrent-abortable-preclean: 0.006/0.266 secs] [Times: user=0.08 sys=0.02, real=0.27 secs] 
2024-07-28T21:32:13.729+0800: 2.868: Application time: 0.0003101 seconds
2024-07-28T21:32:13.730+0800: 2.868: [GC (CMS Final Remark) [YG occupancy: 12655 K (78656 K)]2024-07-28T21:32:13.730+0800: 2.868: [Rescan (parallel) , 0.0007649 secs]2024-07-28T21:32:13.730+0800: 2.869: [weak refs processing, 0.0000130 secs]2024-07-28T21:32:13.730+0800: 2.869: [class unloading, 0.0002288 secs]2024-07-28T21:32:13.731+0800: 2.869: [scrub symbol table, 0.0003901 secs]2024-07-28T21:32:13.731+0800: 2.870: [scrub string table, 0.0001044 secs][1 CMS-remark: 474775K(476376K)] 487430K(555032K), 0.0015720 secs] [Times: user=0.00 sys=0.00, real=0.00 secs] 
2024-07-28T21:32:13.731+0800: 2.870: Total time for which application threads were stopped: 0.0017505 seconds, Stopping threads took: 0.0001387 seconds
2024-07-28T21:32:13.731+0800: 2.870: [CMS-concurrent-sweep-start]
2024-07-28T21:32:13.733+0800: 2.871: [CMS-concurrent-sweep: 0.002/0.002 secs] [Times: user=0.00 sys=0.00, real=0.00 secs] 
2024-07-28T21:32:13.733+0800: 2.872: [CMS-concurrent-reset-start]
2024-07-28T21:32:13.734+0800: 2.872: [CMS-concurrent-reset: 0.001/0.001 secs] [Times: user=0.00 sys=0.00, real=0.00 secs] 
2024-07-28T21:32:13.851+0800: 2.989: Application time: 0.1196524 seconds
2024-07-28T21:32:13.851+0800: 2.990: [GC (Allocation Failure) 2024-07-28T21:32:13.851+0800: 2.990: [ParNew: 77168K->8192K(78656K), 0.0126526 secs] 282627K->282260K(555032K), 0.0127116 secs] [Times: user=0.00 sys=0.00, real=0.01 secs] 
2024-07-28T21:32:13.864+0800: 3.002: Total time for which application threads were stopped: 0.0128386 seconds, Stopping threads took: 0.0000194 seconds
2024-07-28T21:32:13.864+0800: 3.002: Application time: 0.0001694 seconds
2024-07-28T21:32:13.864+0800: 3.003: [GC (CMS Initial Mark) [1 CMS-initial-mark: 274068K(476376K)] 285700K(555032K), 0.0007342 secs] [Times: user=0.00 sys=0.00, real=0.00 secs] 
2024-07-28T21:32:13.864+0800: 3.003: Total time for which application threads were stopped: 0.0009105 seconds, Stopping threads took: 0.0001308 seconds
2024-07-28T21:32:13.864+0800: 3.004: [CMS-concurrent-mark-start]
2024-07-28T21:32:13.868+0800: 3.008: [CMS-concurrent-mark: 0.004/0.004 secs] [Times: user=0.00 sys=0.00, real=0.00 secs] 
2024-07-28T21:32:13.868+0800: 3.008: [CMS-concurrent-preclean-start]
2024-07-28T21:32:13.869+0800: 3.008: [CMS-concurrent-preclean: 0.001/0.001 secs] [Times: user=0.00 sys=0.00, real=0.00 secs] 
2024-07-28T21:32:13.869+0800: 3.008: [CMS-concurrent-abortable-preclean-start]
2024-07-28T21:32:13.974+0800: 3.114: Application time: 0.1105901 seconds
2024-07-28T21:32:13.975+0800: 3.114: [GC (Allocation Failure) 2024-07-28T21:32:13.975+0800: 3.114: [ParNew: 77168K->8192K(78656K), 0.0028599 secs] 351237K->283284K(555032K), 0.0029408 secs] [Times: user=0.00 sys=0.00, real=0.00 secs] 
2024-07-28T21:32:13.978+0800: 3.117: Total time for which application threads were stopped: 0.0030647 seconds, Stopping threads took: 0.0000206 seconds
2024-07-28T21:32:13.982+0800: 3.122: Application time: 0.0048082 seconds
2024-07-28T21:32:13.982+0800: 3.122: [GC (Allocation Failure) 2024-07-28T21:32:13.982+0800: 3.122: [ParNew: 77168K->8192K(78656K), 0.0124560 secs] 352261K->351893K(555032K), 0.0125077 secs] [Times: user=0.03 sys=0.00, real=0.01 secs] 
2024-07-28T21:32:13.995+0800: 3.134: Total time for which application threads were stopped: 0.0126094 seconds, Stopping threads took: 0.0000146 seconds
2024-07-28T21:32:14.104+0800: 3.243: Application time: 0.1085661 seconds
2024-07-28T21:32:14.104+0800: 3.243: [GC (Allocation Failure) 2024-07-28T21:32:14.104+0800: 3.243: [ParNew: 77168K->8192K(78656K), 0.0122769 secs] 420870K->420502K(555032K), 0.0123600 secs] [Times: user=0.03 sys=0.00, real=0.01 secs] 
2024-07-28T21:32:14.117+0800: 3.256: Total time for which application threads were stopped: 0.0124948 seconds, Stopping threads took: 0.0000192 seconds
2024-07-28T21:32:14.117+0800: 3.256: [CMS-concurrent-abortable-preclean: 0.007/0.247 secs] [Times: user=0.06 sys=0.00, real=0.25 secs] 
2024-07-28T21:32:14.117+0800: 3.256: Application time: 0.0003495 seconds
2024-07-28T21:32:14.117+0800: 3.256: [GC (CMS Final Remark) [YG occupancy: 14703 K (78656 K)]2024-07-28T21:32:14.117+0800: 3.256: [Rescan (parallel) , 0.0012071 secs]2024-07-28T21:32:14.118+0800: 3.257: [weak refs processing, 0.0000131 secs]2024-07-28T21:32:14.118+0800: 3.257: [class unloading, 0.0002145 secs]2024-07-28T21:32:14.119+0800: 3.257: [scrub symbol table, 0.0003403 secs]2024-07-28T21:32:14.119+0800: 3.258: [scrub string table, 0.0001002 secs][1 CMS-remark: 412310K(476376K)] 427014K(555032K), 0.0019403 secs] [Times: user=0.00 sys=0.00, real=0.00 secs] 
2024-07-28T21:32:14.119+0800: 3.258: Total time for which application threads were stopped: 0.0020587 seconds, Stopping threads took: 0.0000817 seconds
2024-07-28T21:32:14.119+0800: 3.258: [CMS-concurrent-sweep-start]
2024-07-28T21:32:14.121+0800: 3.260: [CMS-concurrent-sweep: 0.002/0.002 secs] [Times: user=0.00 sys=0.00, real=0.00 secs] 
2024-07-28T21:32:14.121+0800: 3.260: [CMS-concurrent-reset-start]
2024-07-28T21:32:14.122+0800: 3.261: [CMS-concurrent-reset: 0.001/0.001 secs] [Times: user=0.00 sys=0.00, real=0.00 secs] 
2024-07-28T21:32:14.229+0800: 3.367: Application time: 0.1095188 seconds
2024-07-28T21:32:14.229+0800: 3.368: [GC (Allocation Failure) 2024-07-28T21:32:14.229+0800: 3.368: [ParNew: 77168K->8192K(78656K), 0.0028163 secs] 353285K->286356K(555032K), 0.0028731 secs] [Times: user=0.00 sys=0.00, real=0.00 secs] 
2024-07-28T21:32:14.232+0800: 3.370: Total time for which application threads were stopped: 0.0029835 seconds, Stopping threads took: 0.0000197 seconds
2024-07-28T21:32:14.236+0800: 3.375: Application time: 0.0043582 seconds
2024-07-28T21:32:14.236+0800: 3.375: [GC (Allocation Failure) 2024-07-28T21:32:14.236+0800: 3.375: [ParNew: 77168K->8192K(78656K), 0.0123105 secs] 355333K->354965K(555032K), 0.0123623 secs] [Times: user=0.03 sys=0.00, real=0.01 secs] 
2024-07-28T21:32:14.249+0800: 3.387: Total time for which application threads were stopped: 0.0124677 seconds, Stopping threads took: 0.0000141 seconds
2024-07-28T21:32:14.249+0800: 3.388: Application time: 0.0002423 seconds
2024-07-28T21:32:14.249+0800: 3.388: [GC (CMS Initial Mark) [1 CMS-initial-mark: 346773K(476376K)] 358405K(555032K), 0.0008016 secs] [Times: user=0.00 sys=0.00, real=0.00 secs] 
2024-07-28T21:32:14.250+0800: 3.389: Total time for which application threads were stopped: 0.0009858 seconds, Stopping threads took: 0.0001422 seconds
2024-07-28T21:32:14.250+0800: 3.389: [CMS-concurrent-mark-start]
2024-07-28T21:32:14.252+0800: 3.391: [CMS-concurrent-mark: 0.002/0.002 secs] [Times: user=0.00 sys=0.00, real=0.00 secs] 
2024-07-28T21:32:14.252+0800: 3.391: [CMS-concurrent-preclean-start]
2024-07-28T21:32:14.253+0800: 3.392: [CMS-concurrent-preclean: 0.001/0.001 secs] [Times: user=0.00 sys=0.00, real=0.00 secs] 
2024-07-28T21:32:14.253+0800: 3.392: [CMS-concurrent-abortable-preclean-start]
2024-07-28T21:32:14.356+0800: 3.495: Application time: 0.1061155 seconds
2024-07-28T21:32:14.356+0800: 3.495: [GC (Allocation Failure) 2024-07-28T21:32:14.356+0800: 3.495: [ParNew2024-07-28T21:32:14.369+0800: 3.507: [CMS-concurrent-abortable-preclean: 0.001/0.116 secs] [Times: user=0.03 sys=0.00, real=0.12 secs] 
: 77168K->8192K(78656K), 0.0124854 secs] 423942K->423574K(555032K), 0.0125342 secs] [Times: user=0.03 sys=0.00, real=0.01 secs] 
2024-07-28T21:32:14.369+0800: 3.507: Total time for which application threads were stopped: 0.0126399 seconds, Stopping threads took: 0.0000187 seconds
2024-07-28T21:32:14.369+0800: 3.508: Application time: 0.0003024 seconds
2024-07-28T21:32:14.369+0800: 3.508: [GC (CMS Final Remark) [YG occupancy: 13679 K (78656 K)]2024-07-28T21:32:14.369+0800: 3.508: [Rescan (parallel) , 0.0007785 secs]2024-07-28T21:32:14.370+0800: 3.509: [weak refs processing, 0.0000129 secs]2024-07-28T21:32:14.370+0800: 3.509: [class unloading, 0.0002084 secs]2024-07-28T21:32:14.370+0800: 3.509: [scrub symbol table, 0.0003424 secs]2024-07-28T21:32:14.371+0800: 3.509: [scrub string table, 0.0001017 secs][1 CMS-remark: 415382K(476376K)] 429062K(555032K), 0.0015104 secs] [Times: user=0.00 sys=0.00, real=0.00 secs] 
2024-07-28T21:32:14.371+0800: 3.509: Total time for which application threads were stopped: 0.0016926 seconds, Stopping threads took: 0.0001458 seconds
2024-07-28T21:32:14.371+0800: 3.510: [CMS-concurrent-sweep-start]
2024-07-28T21:32:14.373+0800: 3.511: [CMS-concurrent-sweep: 0.002/0.002 secs] [Times: user=0.00 sys=0.00, real=0.00 secs] 
2024-07-28T21:32:14.373+0800: 3.511: [CMS-concurrent-reset-start]
2024-07-28T21:32:14.374+0800: 3.513: [CMS-concurrent-reset: 0.001/0.001 secs] [Times: user=0.00 sys=0.00, real=0.00 secs] 
2024-07-28T21:32:14.479+0800: 3.618: Application time: 0.1090585 seconds
2024-07-28T21:32:14.479+0800: 3.618: [GC (Allocation Failure) 2024-07-28T21:32:14.479+0800: 3.618: [ParNew: 77168K->8192K(78656K), 0.0029246 secs] 217091K->151186K(555032K), 0.0029813 secs] [Times: user=0.00 sys=0.00, real=0.00 secs] 
2024-07-28T21:32:14.482+0800: 3.621: Total time for which application threads were stopped: 0.0030997 seconds, Stopping threads took: 0.0000196 seconds
2024-07-28T21:32:14.487+0800: 3.626: Application time: 0.0044782 seconds
2024-07-28T21:32:14.487+0800: 3.626: [GC (Allocation Failure) 2024-07-28T21:32:14.487+0800: 3.626: [ParNew: 77168K->8192K(78656K), 0.0123685 secs] 220163K->219795K(555032K), 0.0124189 secs] [Times: user=0.03 sys=0.00, real=0.01 secs] 
2024-07-28T21:32:14.499+0800: 3.638: Total time for which application threads were stopped: 0.0125168 seconds, Stopping threads took: 0.0000146 seconds
2024-07-28T21:32:14.499+0800: 3.639: Application time: 0.0002382 seconds
2024-07-28T21:32:14.499+0800: 3.639: [GC (CMS Initial Mark) [1 CMS-initial-mark: 211603K(476376K)] 223235K(555032K), 0.0008944 secs] [Times: user=0.00 sys=0.00, real=0.00 secs] 
2024-07-28T21:32:14.500+0800: 3.640: Total time for which application threads were stopped: 0.0010886 seconds, Stopping threads took: 0.0001515 seconds
2024-07-28T21:32:14.500+0800: 3.640: [CMS-concurrent-mark-start]
2024-07-28T21:32:14.502+0800: 3.642: [CMS-concurrent-mark: 0.002/0.002 secs] [Times: user=0.00 sys=0.00, real=0.00 secs] 
2024-07-28T21:32:14.502+0800: 3.642: [CMS-concurrent-preclean-start]
2024-07-28T21:32:14.503+0800: 3.642: [CMS-concurrent-preclean: 0.001/0.001 secs] [Times: user=0.00 sys=0.00, real=0.00 secs] 
2024-07-28T21:32:14.503+0800: 3.642: [CMS-concurrent-abortable-preclean-start]
2024-07-28T21:32:14.608+0800: 3.748: Application time: 0.1078687 seconds
2024-07-28T21:32:14.608+0800: 3.748: [GC (Allocation Failure) 2024-07-28T21:32:14.608+0800: 3.748: [ParNew: 77168K->8192K(78656K), 0.0121597 secs] 288772K->288404K(555032K), 0.0122348 secs] [Times: user=0.03 sys=0.00, real=0.01 secs] 
2024-07-28T21:32:14.621+0800: 3.760: Total time for which application threads were stopped: 0.0123450 seconds, Stopping threads took: 0.0000189 seconds
2024-07-28T21:32:14.731+0800: 3.871: Application time: 0.1105884 seconds
2024-07-28T21:32:14.732+0800: 3.871: [GC (Allocation Failure) 2024-07-28T21:32:14.732+0800: 3.871: [ParNew: 77464K->8196K(78656K), 0.0031362 secs] 357676K->292504K(555032K), 0.0032122 secs] [Times: user=0.00 sys=0.00, real=0.00 secs] 
2024-07-28T21:32:14.735+0800: 3.874: Total time for which application threads were stopped: 0.0033442 seconds, Stopping threads took: 0.0000222 seconds
2024-07-28T21:32:14.735+0800: 3.874: [CMS-concurrent-abortable-preclean: 0.005/0.232 secs] [Times: user=0.05 sys=0.00, real=0.23 secs] 
2024-07-28T21:32:14.735+0800: 3.874: Application time: 0.0003299 seconds
2024-07-28T21:32:14.735+0800: 3.874: [GC (CMS Final Remark) [YG occupancy: 12657 K (78656 K)]2024-07-28T21:32:14.735+0800: 3.874: [Rescan (parallel) , 0.0007589 secs]2024-07-28T21:32:14.736+0800: 3.875: [weak refs processing, 0.0000172 secs]2024-07-28T21:32:14.736+0800: 3.875: [class unloading, 0.0002006 secs]2024-07-28T21:32:14.736+0800: 3.875: [scrub symbol table, 0.0003163 secs]2024-07-28T21:32:14.737+0800: 3.876: [scrub string table, 0.0000924 secs][1 CMS-remark: 284308K(476376K)] 296966K(555032K), 0.0014524 secs] [Times: user=0.00 sys=0.00, real=0.00 secs] 
2024-07-28T21:32:14.737+0800: 3.876: Total time for which application threads were stopped: 0.0016068 seconds, Stopping threads took: 0.0001189 seconds
2024-07-28T21:32:14.737+0800: 3.876: [CMS-concurrent-sweep-start]
2024-07-28T21:32:14.739+0800: 3.878: [CMS-concurrent-sweep: 0.002/0.002 secs] [Times: user=0.03 sys=0.00, real=0.00 secs] 
2024-07-28T21:32:14.739+0800: 3.878: [CMS-concurrent-reset-start]
2024-07-28T21:32:14.740+0800: 3.879: [CMS-concurrent-reset: 0.001/0.001 secs] [Times: user=0.00 sys=0.00, real=0.00 secs] 
2024-07-28T21:32:14.742+0800: 3.881: Application time: 0.0048659 seconds
2024-07-28T21:32:14.742+0800: 3.881: [GC (Allocation Failure) 2024-07-28T21:32:14.742+0800: 3.881: [ParNew: 77170K->8192K(78656K), 0.0124402 secs] 222213K->221843K(555032K), 0.0124875 secs] [Times: user=0.00 sys=0.00, real=0.01 secs] 
2024-07-28T21:32:14.754+0800: 3.893: Total time for which application threads were stopped: 0.0125816 seconds, Stopping threads took: 0.0000129 seconds
2024-07-28T21:32:14.754+0800: 3.894: Application time: 0.0002368 seconds
2024-07-28T21:32:14.755+0800: 3.894: [GC (CMS Initial Mark) [1 CMS-initial-mark: 213651K(476376K)] 225282K(555032K), 0.0008022 secs] [Times: user=0.00 sys=0.00, real=0.00 secs] 
2024-07-28T21:32:14.755+0800: 3.894: Total time for which application threads were stopped: 0.0009236 seconds, Stopping threads took: 0.0000800 seconds
2024-07-28T21:32:14.755+0800: 3.895: [CMS-concurrent-mark-start]
2024-07-28T21:32:14.757+0800: 3.896: [CMS-concurrent-mark: 0.002/0.002 secs] [Times: user=0.00 sys=0.00, real=0.00 secs] 
2024-07-28T21:32:14.757+0800: 3.896: [CMS-concurrent-preclean-start]
2024-07-28T21:32:14.758+0800: 3.897: [CMS-concurrent-preclean: 0.001/0.001 secs] [Times: user=0.00 sys=0.00, real=0.00 secs] 
2024-07-28T21:32:14.758+0800: 3.897: [CMS-concurrent-abortable-preclean-start]
2024-07-28T21:32:14.874+0800: 4.013: Application time: 0.1189082 seconds
2024-07-28T21:32:14.874+0800: 4.013: [GC (Allocation Failure) 2024-07-28T21:32:14.874+0800: 4.013: [ParNew: 77167K->8192K(78656K), 0.0121974 secs] 290819K->290452K(555032K), 0.0122722 secs] [Times: user=0.02 sys=0.01, real=0.01 secs] 
2024-07-28T21:32:14.887+0800: 4.026: Total time for which application threads were stopped: 0.0124046 seconds, Stopping threads took: 0.0000302 seconds
2024-07-28T21:32:14.979+0800: 4.118: Application time: 0.0921787 seconds
2024-07-28T21:32:14.979+0800: 4.118: Total time for which application threads were stopped: 0.0000617 seconds, Stopping threads took: 0.0000250 seconds
2024-07-28T21:32:14.996+0800: 4.135: Application time: 0.0167737 seconds
2024-07-28T21:32:14.996+0800: 4.135: [GC (Allocation Failure) 2024-07-28T21:32:14.996+0800: 4.135: [ParNew: 77167K->8192K(78656K), 0.0031591 secs] 359428K->295572K(555032K), 0.0032195 secs] [Times: user=0.00 sys=0.00, real=0.00 secs] 
2024-07-28T21:32:14.999+0800: 4.138: Total time for which application threads were stopped: 0.0033302 seconds, Stopping threads took: 0.0000185 seconds
2024-07-28T21:32:14.999+0800: 4.138: [CMS-concurrent-abortable-preclean: 0.005/0.241 secs] [Times: user=0.02 sys=0.01, real=0.24 secs] 
2024-07-28T21:32:15.000+0800: 4.138: Application time: 0.0002972 seconds
2024-07-28T21:32:15.000+0800: 4.139: [GC (CMS Final Remark) [YG occupancy: 12655 K (78656 K)]2024-07-28T21:32:15.000+0800: 4.139: [Rescan (parallel) , 0.0009634 secs]2024-07-28T21:32:15.001+0800: 4.140: [weak refs processing, 0.0000130 secs]2024-07-28T21:32:15.001+0800: 4.140: [class unloading, 0.0001866 secs]2024-07-28T21:32:15.001+0800: 4.140: [scrub symbol table, 0.0002970 secs]2024-07-28T21:32:15.001+0800: 4.140: [scrub string table, 0.0000918 secs][1 CMS-remark: 287380K(476376K)] 300036K(555032K), 0.0016162 secs] [Times: user=0.00 sys=0.00, real=0.00 secs] 
2024-07-28T21:32:15.001+0800: 4.140: Total time for which application threads were stopped: 0.0017772 seconds, Stopping threads took: 0.0001177 seconds
2024-07-28T21:32:15.002+0800: 4.140: [CMS-concurrent-sweep-start]
2024-07-28T21:32:15.003+0800: 4.142: [CMS-concurrent-sweep: 0.002/0.002 secs] [Times: user=0.00 sys=0.00, real=0.00 secs] 
2024-07-28T21:32:15.003+0800: 4.142: [CMS-concurrent-reset-start]
2024-07-28T21:32:15.005+0800: 4.144: [CMS-concurrent-reset: 0.001/0.001 secs] [Times: user=0.03 sys=0.00, real=0.00 secs] 
2024-07-28T21:32:15.006+0800: 4.145: Application time: 0.0048063 seconds
2024-07-28T21:32:15.006+0800: 4.145: [GC (Allocation Failure) 2024-07-28T21:32:15.006+0800: 4.145: [ParNew: 77168K->8192K(78656K), 0.0123092 secs] 224258K->223891K(555032K), 0.0123666 secs] [Times: user=0.00 sys=0.00, real=0.01 secs] 
2024-07-28T21:32:15.019+0800: 4.158: Total time for which application threads were stopped: 0.0124773 seconds, Stopping threads took: 0.0000208 seconds
2024-07-28T21:32:15.019+0800: 4.158: Application time: 0.0002219 seconds
2024-07-28T21:32:15.019+0800: 4.158: [GC (CMS Initial Mark) [1 CMS-initial-mark: 215699K(476376K)] 227331K(555032K), 0.0007373 secs] [Times: user=0.00 sys=0.02, real=0.00 secs] 
2024-07-28T21:32:15.020+0800: 4.159: Total time for which application threads were stopped: 0.0009286 seconds, Stopping threads took: 0.0001489 seconds
2024-07-28T21:32:15.020+0800: 4.159: [CMS-concurrent-mark-start]
2024-07-28T21:32:15.022+0800: 4.161: [CMS-concurrent-mark: 0.002/0.002 secs] [Times: user=0.00 sys=0.00, real=0.00 secs] 
2024-07-28T21:32:15.022+0800: 4.161: [CMS-concurrent-preclean-start]
2024-07-28T21:32:15.022+0800: 4.161: [CMS-concurrent-preclean: 0.001/0.001 secs] [Times: user=0.00 sys=0.00, real=0.00 secs] 
2024-07-28T21:32:15.022+0800: 4.161: [CMS-concurrent-abortable-preclean-start]
2024-07-28T21:32:15.139+0800: 4.278: Application time: 0.1196595 seconds
2024-07-28T21:32:15.139+0800: 4.278: [GC (Allocation Failure) 2024-07-28T21:32:15.139+0800: 4.278: [ParNew: 77168K->8192K(78656K), 0.0126205 secs] 292868K->292500K(555032K), 0.0126890 secs] [Times: user=0.03 sys=0.00, real=0.01 secs] 
2024-07-28T21:32:15.152+0800: 4.291: Total time for which application threads were stopped: 0.0128078 seconds, Stopping threads took: 0.0000218 seconds
2024-07-28T21:32:15.264+0800: 4.403: Application time: 0.1114131 seconds
2024-07-28T21:32:15.264+0800: 4.403: [GC (Allocation Failure) 2024-07-28T21:32:15.264+0800: 4.403: [ParNew: 77168K->8192K(78656K), 0.0031819 secs] 361477K->298644K(555032K), 0.0032398 secs] [Times: user=0.00 sys=0.00, real=0.00 secs] 
2024-07-28T21:32:15.267+0800: 4.406: Total time for which application threads were stopped: 0.0033511 seconds, Stopping threads took: 0.0000207 seconds
2024-07-28T21:32:15.267+0800: 4.406: [CMS-concurrent-abortable-preclean: 0.006/0.245 secs] [Times: user=0.03 sys=0.00, real=0.24 secs] 
2024-07-28T21:32:15.267+0800: 4.406: Application time: 0.0003311 seconds
2024-07-28T21:32:15.267+0800: 4.406: [GC (CMS Final Remark) [YG occupancy: 13679 K (78656 K)]2024-07-28T21:32:15.267+0800: 4.406: [Rescan (parallel) , 0.0008844 secs]2024-07-28T21:32:15.268+0800: 4.407: [weak refs processing, 0.0000126 secs]2024-07-28T21:32:15.268+0800: 4.407: [class unloading, 0.0002111 secs]2024-07-28T21:32:15.268+0800: 4.408: [scrub symbol table, 0.0003486 secs]2024-07-28T21:32:15.269+0800: 4.408: [scrub string table, 0.0001083 secs][1 CMS-remark: 290452K(476376K)] 304132K(555032K), 0.0016341 secs] [Times: user=0.00 sys=0.00, real=0.00 secs] 
2024-07-28T21:32:15.269+0800: 4.408: Total time for which application threads were stopped: 0.0017519 seconds, Stopping threads took: 0.0000813 seconds
2024-07-28T21:32:15.269+0800: 4.408: [CMS-concurrent-sweep-start]
2024-07-28T21:32:15.271+0800: 4.410: [CMS-concurrent-sweep: 0.001/0.001 secs] [Times: user=0.03 sys=0.00, real=0.00 secs] 
2024-07-28T21:32:15.271+0800: 4.410: [CMS-concurrent-reset-start]
2024-07-28T21:32:15.272+0800: 4.411: [CMS-concurrent-reset: 0.001/0.001 secs] [Times: user=0.00 sys=0.00, real=0.00 secs] 
2024-07-28T21:32:15.274+0800: 4.413: Application time: 0.0049631 seconds
2024-07-28T21:32:15.274+0800: 4.413: [GC (Allocation Failure) 2024-07-28T21:32:15.274+0800: 4.413: [ParNew: 77168K->8192K(78656K), 0.0126462 secs] 226307K->225939K(555032K), 0.0126976 secs] [Times: user=0.03 sys=0.00, real=0.01 secs] 
2024-07-28T21:32:15.287+0800: 4.426: Total time for which application threads were stopped: 0.0127936 seconds, Stopping threads took: 0.0000139 seconds
2024-07-28T21:32:15.287+0800: 4.426: Application time: 0.0002289 seconds
2024-07-28T21:32:15.287+0800: 4.426: [GC (CMS Initial Mark) [1 CMS-initial-mark: 217747K(476376K)] 229379K(555032K), 0.0008493 secs] [Times: user=0.00 sys=0.00, real=0.00 secs] 
2024-07-28T21:32:15.288+0800: 4.427: Total time for which application threads were stopped: 0.0010425 seconds, Stopping threads took: 0.0001510 seconds
2024-07-28T21:32:15.288+0800: 4.427: [CMS-concurrent-mark-start]
2024-07-28T21:32:15.290+0800: 4.429: [CMS-concurrent-mark: 0.002/0.002 secs] [Times: user=0.00 sys=0.00, real=0.00 secs] 
2024-07-28T21:32:15.290+0800: 4.429: [CMS-concurrent-preclean-start]
2024-07-28T21:32:15.290+0800: 4.429: [CMS-concurrent-preclean: 0.001/0.001 secs] [Times: user=0.00 sys=0.00, real=0.00 secs] 
2024-07-28T21:32:15.290+0800: 4.429: [CMS-concurrent-abortable-preclean-start]
2024-07-28T21:32:15.406+0800: 4.546: Application time: 0.1184684 seconds
2024-07-28T21:32:15.406+0800: 4.546: [GC (Allocation Failure) 2024-07-28T21:32:15.406+0800: 4.546: [ParNew: 77168K->8192K(78656K), 0.0123504 secs] 294916K->294548K(555032K), 0.0124254 secs] [Times: user=0.03 sys=0.00, real=0.01 secs] 
2024-07-28T21:32:15.419+0800: 4.558: Total time for which application threads were stopped: 0.0125384 seconds, Stopping threads took: 0.0000194 seconds
2024-07-28T21:32:15.529+0800: 4.669: Application time: 0.1105314 seconds
2024-07-28T21:32:15.530+0800: 4.669: [GC (Allocation Failure) 2024-07-28T21:32:15.530+0800: 4.669: [ParNew: 77168K->8192K(78656K), 0.0032097 secs] 363525K->301717K(555032K), 0.0032856 secs] [Times: user=0.00 sys=0.00, real=0.00 secs] 
2024-07-28T21:32:15.533+0800: 4.672: Total time for which application threads were stopped: 0.0034161 seconds, Stopping threads took: 0.0000201 seconds
2024-07-28T21:32:15.533+0800: 4.672: [CMS-concurrent-abortable-preclean: 0.005/0.243 secs] [Times: user=0.03 sys=0.00, real=0.24 secs] 
2024-07-28T21:32:15.533+0800: 4.672: Application time: 0.0003975 seconds
2024-07-28T21:32:15.533+0800: 4.673: [GC (CMS Final Remark) [YG occupancy: 14703 K (78656 K)]2024-07-28T21:32:15.533+0800: 4.673: [Rescan (parallel) , 0.0008047 secs]2024-07-28T21:32:15.534+0800: 4.673: [weak refs processing, 0.0000128 secs]2024-07-28T21:32:15.534+0800: 4.673: [class unloading, 0.0001960 secs]2024-07-28T21:32:15.534+0800: 4.674: [scrub symbol table, 0.0003348 secs]2024-07-28T21:32:15.535+0800: 4.674: [scrub string table, 0.0001005 secs][1 CMS-remark: 293524K(476376K)] 308228K(555032K), 0.0015115 secs] [Times: user=0.00 sys=0.00, real=0.00 secs] 
2024-07-28T21:32:15.535+0800: 4.674: Total time for which application threads were stopped: 0.0017092 seconds, Stopping threads took: 0.0001616 seconds
2024-07-28T21:32:15.535+0800: 4.674: [CMS-concurrent-sweep-start]
2024-07-28T21:32:15.537+0800: 4.676: [CMS-concurrent-sweep: 0.002/0.002 secs] [Times: user=0.03 sys=0.00, real=0.00 secs] 
2024-07-28T21:32:15.537+0800: 4.676: [CMS-concurrent-reset-start]
2024-07-28T21:32:15.538+0800: 4.677: [CMS-concurrent-reset: 0.001/0.001 secs] [Times: user=0.00 sys=0.00, real=0.00 secs] 
2024-07-28T21:32:15.540+0800: 4.679: Application time: 0.0047286 seconds
2024-07-28T21:32:15.540+0800: 4.679: [GC (Allocation Failure) 2024-07-28T21:32:15.540+0800: 4.679: [ParNew: 77168K->8192K(78656K), 0.0128363 secs] 228355K->227987K(555032K), 0.0128849 secs] [Times: user=0.03 sys=0.00, real=0.01 secs] 
2024-07-28T21:32:15.553+0800: 4.692: Total time for which application threads were stopped: 0.0129784 seconds, Stopping threads took: 0.0000131 seconds
2024-07-28T21:32:15.553+0800: 4.692: Application time: 0.0001999 seconds
2024-07-28T21:32:15.553+0800: 4.692: [GC (CMS Initial Mark) [1 CMS-initial-mark: 219795K(476376K)] 231427K(555032K), 0.0007971 secs] [Times: user=0.00 sys=0.00, real=0.00 secs] 
2024-07-28T21:32:15.554+0800: 4.693: Total time for which application threads were stopped: 0.0009573 seconds, Stopping threads took: 0.0001156 seconds
2024-07-28T21:32:15.554+0800: 4.693: [CMS-concurrent-mark-start]
2024-07-28T21:32:15.556+0800: 4.695: [CMS-concurrent-mark: 0.002/0.002 secs] [Times: user=0.00 sys=0.00, real=0.00 secs] 
2024-07-28T21:32:15.556+0800: 4.695: [CMS-concurrent-preclean-start]
2024-07-28T21:32:15.556+0800: 4.695: [CMS-concurrent-preclean: 0.001/0.001 secs] [Times: user=0.00 sys=0.00, real=0.00 secs] 
2024-07-28T21:32:15.556+0800: 4.695: [CMS-concurrent-abortable-preclean-start]
2024-07-28T21:32:15.673+0800: 4.812: Application time: 0.1187929 seconds
2024-07-28T21:32:15.673+0800: 4.812: [GC (Allocation Failure) 2024-07-28T21:32:15.673+0800: 4.812: [ParNew: 77168K->8192K(78656K), 0.0128642 secs] 296964K->296596K(555032K), 0.0129359 secs] [Times: user=0.03 sys=0.00, real=0.01 secs] 
2024-07-28T21:32:15.686+0800: 4.825: Total time for which application threads were stopped: 0.0130587 seconds, Stopping threads took: 0.0000177 seconds
2024-07-28T21:32:15.796+0800: 4.935: Application time: 0.1103688 seconds
2024-07-28T21:32:15.796+0800: 4.935: [GC (Allocation Failure) 2024-07-28T21:32:15.796+0800: 4.935: [ParNew: 77168K->8192K(78656K), 0.0034466 secs] 365573K->304789K(555032K), 0.0035238 secs] [Times: user=0.00 sys=0.00, real=0.00 secs] 
2024-07-28T21:32:15.800+0800: 4.939: Total time for which application threads were stopped: 0.0036464 seconds, Stopping threads took: 0.0000248 seconds
2024-07-28T21:32:15.800+0800: 4.939: [CMS-concurrent-abortable-preclean: 0.006/0.243 secs] [Times: user=0.03 sys=0.00, real=0.24 secs] 
2024-07-28T21:32:15.800+0800: 4.939: Application time: 0.0002981 seconds
2024-07-28T21:32:15.800+0800: 4.939: [GC (CMS Final Remark) [YG occupancy: 12655 K (78656 K)]2024-07-28T21:32:15.800+0800: 4.939: [Rescan (parallel) , 0.0011916 secs]2024-07-28T21:32:15.801+0800: 4.941: [weak refs processing, 0.0000126 secs]2024-07-28T21:32:15.801+0800: 4.941: [class unloading, 0.0002030 secs]2024-07-28T21:32:15.802+0800: 4.941: [scrub symbol table, 0.0003342 secs]2024-07-28T21:32:15.802+0800: 4.941: [scrub string table, 0.0001117 secs][1 CMS-remark: 296596K(476376K)] 309252K(555032K), 0.0019159 secs] [Times: user=0.02 sys=0.00, real=0.00 secs] 
2024-07-28T21:32:15.802+0800: 4.941: Total time for which application threads were stopped: 0.0020998 seconds, Stopping threads took: 0.0001477 seconds
2024-07-28T21:32:15.802+0800: 4.941: [CMS-concurrent-sweep-start]
2024-07-28T21:32:15.804+0800: 4.943: [CMS-concurrent-sweep: 0.001/0.001 secs] [Times: user=0.00 sys=0.00, real=0.00 secs] 
2024-07-28T21:32:15.804+0800: 4.943: [CMS-concurrent-reset-start]
2024-07-28T21:32:15.805+0800: 4.944: [CMS-concurrent-reset: 0.001/0.001 secs] [Times: user=0.00 sys=0.00, real=0.00 secs] 
2024-07-28T21:32:15.807+0800: 4.946: Application time: 0.0048145 seconds
2024-07-28T21:32:15.807+0800: 4.946: [GC (Allocation Failure) 2024-07-28T21:32:15.807+0800: 4.946: [ParNew: 77168K->8192K(78656K), 0.0128724 secs] 230403K->230035K(555032K), 0.0129204 secs] [Times: user=0.03 sys=0.00, real=0.01 secs] 
2024-07-28T21:32:15.820+0800: 4.959: Total time for which application threads were stopped: 0.0130140 seconds, Stopping threads took: 0.0000130 seconds
2024-07-28T21:32:15.820+0800: 4.959: Application time: 0.0002364 seconds
2024-07-28T21:32:15.820+0800: 4.960: [GC (CMS Initial Mark) [1 CMS-initial-mark: 221843K(476376K)] 233475K(555032K), 0.0006518 secs] [Times: user=0.00 sys=0.00, real=0.00 secs] 
2024-07-28T21:32:15.821+0800: 4.960: Total time for which application threads were stopped: 0.0008478 seconds, Stopping threads took: 0.0001532 seconds
2024-07-28T21:32:15.821+0800: 4.960: [CMS-concurrent-mark-start]
2024-07-28T21:32:15.823+0800: 4.962: [CMS-concurrent-mark: 0.002/0.002 secs] [Times: user=0.00 sys=0.00, real=0.00 secs] 
2024-07-28T21:32:15.823+0800: 4.962: [CMS-concurrent-preclean-start]
2024-07-28T21:32:15.823+0800: 4.963: [CMS-concurrent-preclean: 0.001/0.001 secs] [Times: user=0.00 sys=0.00, real=0.00 secs] 
2024-07-28T21:32:15.823+0800: 4.963: [CMS-concurrent-abortable-preclean-start]
2024-07-28T21:32:15.938+0800: 5.077: Application time: 0.1168321 seconds
2024-07-28T21:32:15.938+0800: 5.077: [GC (Allocation Failure) 2024-07-28T21:32:15.938+0800: 5.077: [ParNew: 77360K->8200K(78656K), 0.0135114 secs] 299204K->298653K(555032K), 0.0135718 secs] [Times: user=0.03 sys=0.00, real=0.01 secs] 
2024-07-28T21:32:15.951+0800: 5.091: Total time for which application threads were stopped: 0.0136839 seconds, Stopping threads took: 0.0000201 seconds
2024-07-28T21:32:16.062+0800: 5.201: Application time: 0.1100588 seconds
2024-07-28T21:32:16.062+0800: 5.201: [GC (Allocation Failure) 2024-07-28T21:32:16.062+0800: 5.201: [ParNew: 77175K->8192K(78656K), 0.0041526 secs] 367628K->307861K(555032K), 0.0042118 secs] [Times: user=0.00 sys=0.00, real=0.00 secs] 
2024-07-28T21:32:16.066+0800: 5.205: Total time for which application threads were stopped: 0.0043223 seconds, Stopping threads took: 0.0000188 seconds
2024-07-28T21:32:16.066+0800: 5.205: [CMS-concurrent-abortable-preclean: 0.006/0.243 secs] [Times: user=0.03 sys=0.00, real=0.24 secs] 
2024-07-28T21:32:16.066+0800: 5.205: Application time: 0.0003894 seconds
2024-07-28T21:32:16.067+0800: 5.206: [GC (CMS Final Remark) [YG occupancy: 13678 K (78656 K)]2024-07-28T21:32:16.067+0800: 5.206: [Rescan (parallel) , 0.0010826 secs]2024-07-28T21:32:16.068+0800: 5.207: [weak refs processing, 0.0000130 secs]2024-07-28T21:32:16.068+0800: 5.207: [class unloading, 0.0002316 secs]2024-07-28T21:32:16.068+0800: 5.207: [scrub symbol table, 0.0003489 secs]2024-07-28T21:32:16.068+0800: 5.207: [scrub string table, 0.0001001 secs][1 CMS-remark: 299669K(476376K)] 313348K(555032K), 0.0018428 secs] [Times: user=0.00 sys=0.00, real=0.00 secs] 
2024-07-28T21:32:16.068+0800: 5.208: Total time for which application threads were stopped: 0.0020506 seconds, Stopping threads took: 0.0001694 seconds
2024-07-28T21:32:16.069+0800: 5.208: [CMS-concurrent-sweep-start]
2024-07-28T21:32:16.070+0800: 5.209: [CMS-concurrent-sweep: 0.001/0.001 secs] [Times: user=0.00 sys=0.00, real=0.00 secs] 
2024-07-28T21:32:16.070+0800: 5.209: [CMS-concurrent-reset-start]
2024-07-28T21:32:16.071+0800: 5.210: [CMS-concurrent-reset: 0.001/0.001 secs] [Times: user=0.00 sys=0.00, real=0.00 secs] 
2024-07-28T21:32:16.073+0800: 5.212: Application time: 0.0047235 seconds
2024-07-28T21:32:16.073+0800: 5.212: [GC (Allocation Failure) 2024-07-28T21:32:16.073+0800: 5.212: [ParNew: 77167K->8192K(78656K), 0.0127444 secs] 232451K->232084K(555032K), 0.0127922 secs] [Times: user=0.03 sys=0.00, real=0.01 secs] 
2024-07-28T21:32:16.086+0800: 5.225: Total time for which application threads were stopped: 0.0128861 seconds, Stopping threads took: 0.0000127 seconds
2024-07-28T21:32:16.086+0800: 5.225: Application time: 0.0002254 seconds
2024-07-28T21:32:16.086+0800: 5.225: [GC (CMS Initial Mark) [1 CMS-initial-mark: 223892K(476376K)] 235523K(555032K), 0.0007823 secs] [Times: user=0.00 sys=0.00, real=0.00 secs] 
2024-07-28T21:32:16.087+0800: 5.226: Total time for which application threads were stopped: 0.0008981 seconds, Stopping threads took: 0.0000747 seconds
2024-07-28T21:32:16.087+0800: 5.226: [CMS-concurrent-mark-start]
2024-07-28T21:32:16.089+0800: 5.228: [CMS-concurrent-mark: 0.002/0.002 secs] [Times: user=0.00 sys=0.00, real=0.00 secs] 
2024-07-28T21:32:16.089+0800: 5.228: [CMS-concurrent-preclean-start]
2024-07-28T21:32:16.090+0800: 5.229: [CMS-concurrent-preclean: 0.001/0.001 secs] [Times: user=0.00 sys=0.00, real=0.00 secs] 
2024-07-28T21:32:16.090+0800: 5.229: [CMS-concurrent-abortable-preclean-start]
2024-07-28T21:32:16.207+0800: 5.345: Application time: 0.1189186 seconds
2024-07-28T21:32:16.207+0800: 5.345: [GC (Allocation Failure) 2024-07-28T21:32:16.207+0800: 5.345: [ParNew: 77168K->8192K(78656K), 0.0126677 secs] 301060K->300693K(555032K), 0.0127303 secs] [Times: user=0.03 sys=0.00, real=0.01 secs] 
2024-07-28T21:32:16.219+0800: 5.358: Total time for which application threads were stopped: 0.0128443 seconds, Stopping threads took: 0.0000185 seconds
2024-07-28T21:32:16.330+0800: 5.470: Application time: 0.1115356 seconds
2024-07-28T21:32:16.331+0800: 5.470: [GC (Allocation Failure) 2024-07-28T21:32:16.331+0800: 5.470: [ParNew: 77168K->8192K(78656K), 0.0042832 secs] 369670K->310933K(555032K), 0.0043428 secs] [Times: user=0.03 sys=0.00, real=0.00 secs] 
2024-07-28T21:32:16.335+0800: 5.474: Total time for which application threads were stopped: 0.0044767 seconds, Stopping threads took: 0.0000373 seconds
2024-07-28T21:32:16.335+0800: 5.474: [CMS-concurrent-abortable-preclean: 0.006/0.245 secs] [Times: user=0.06 sys=0.00, real=0.25 secs] 
2024-07-28T21:32:16.335+0800: 5.474: Application time: 0.0003605 seconds
2024-07-28T21:32:16.335+0800: 5.475: [GC (CMS Final Remark) [YG occupancy: 13679 K (78656 K)]2024-07-28T21:32:16.335+0800: 5.475: [Rescan (parallel) , 0.0007074 secs]2024-07-28T21:32:16.336+0800: 5.475: [weak refs processing, 0.0000131 secs]2024-07-28T21:32:16.336+0800: 5.475: [class unloading, 0.0002297 secs]2024-07-28T21:32:16.336+0800: 5.475: [scrub symbol table, 0.0003474 secs]2024-07-28T21:32:16.337+0800: 5.476: [scrub string table, 0.0001003 secs][1 CMS-remark: 302741K(476376K)] 316421K(555032K), 0.0014619 secs] [Times: user=0.00 sys=0.00, real=0.00 secs] 
2024-07-28T21:32:16.337+0800: 5.476: Total time for which application threads were stopped: 0.0015494 seconds, Stopping threads took: 0.0000497 seconds
2024-07-28T21:32:16.337+0800: 5.476: [CMS-concurrent-sweep-start]
2024-07-28T21:32:16.338+0800: 5.477: [CMS-concurrent-sweep: 0.001/0.001 secs] [Times: user=0.00 sys=0.00, real=0.00 secs] 
2024-07-28T21:32:16.338+0800: 5.477: [CMS-concurrent-reset-start]
2024-07-28T21:32:16.339+0800: 5.479: [CMS-concurrent-reset: 0.001/0.001 secs] [Times: user=0.00 sys=0.00, real=0.00 secs] 
2024-07-28T21:32:16.342+0800: 5.481: Application time: 0.0049408 seconds
2024-07-28T21:32:16.342+0800: 5.481: [GC (Allocation Failure) 2024-07-28T21:32:16.342+0800: 5.481: [ParNew: 77168K->8192K(78656K), 0.0130209 secs] 234500K->234132K(555032K), 0.0130705 secs] [Times: user=0.03 sys=0.00, real=0.01 secs] 
2024-07-28T21:32:16.355+0800: 5.494: Total time for which application threads were stopped: 0.0131698 seconds, Stopping threads took: 0.0000155 seconds
2024-07-28T21:32:16.355+0800: 5.494: Application time: 0.0002139 seconds
2024-07-28T21:32:16.355+0800: 5.494: [GC (CMS Initial Mark) [1 CMS-initial-mark: 225940K(476376K)] 237572K(555032K), 0.0005274 secs] [Times: user=0.00 sys=0.00, real=0.00 secs] 
2024-07-28T21:32:16.356+0800: 5.495: Total time for which application threads were stopped: 0.0007053 seconds, Stopping threads took: 0.0001305 seconds
2024-07-28T21:32:16.356+0800: 5.495: [CMS-concurrent-mark-start]
2024-07-28T21:32:16.358+0800: 5.497: [CMS-concurrent-mark: 0.002/0.002 secs] [Times: user=0.00 sys=0.00, real=0.00 secs] 
2024-07-28T21:32:16.358+0800: 5.497: [CMS-concurrent-preclean-start]
2024-07-28T21:32:16.359+0800: 5.498: [CMS-concurrent-preclean: 0.001/0.001 secs] [Times: user=0.00 sys=0.00, real=0.00 secs] 
2024-07-28T21:32:16.359+0800: 5.498: [CMS-concurrent-abortable-preclean-start]
2024-07-28T21:32:16.476+0800: 5.615: Application time: 0.1195858 seconds
2024-07-28T21:32:16.476+0800: 5.615: [GC (Allocation Failure) 2024-07-28T21:32:16.476+0800: 5.615: [ParNew: 77168K->8192K(78656K), 0.0127391 secs] 303109K->302741K(555032K), 0.0127997 secs] [Times: user=0.02 sys=0.00, real=0.01 secs] 
2024-07-28T21:32:16.489+0800: 5.628: Total time for which application threads were stopped: 0.0129086 seconds, Stopping threads took: 0.0000193 seconds
2024-07-28T21:32:16.600+0800: 5.739: Application time: 0.1117199 seconds
2024-07-28T21:32:16.600+0800: 5.739: [GC (Allocation Failure) 2024-07-28T21:32:16.619+0800: 5.758: [ParNew: 77168K->8192K(78656K), 0.0039718 secs] 371718K->314005K(555032K), 0.0229551 secs] [Times: user=0.00 sys=0.00, real=0.02 secs] 
2024-07-28T21:32:16.623+0800: 5.762: Total time for which application threads were stopped: 0.0230706 seconds, Stopping threads took: 0.0000209 seconds
2024-07-28T21:32:16.623+0800: 5.762: [CMS-concurrent-abortable-preclean: 0.006/0.265 secs] [Times: user=0.03 sys=0.00, real=0.26 secs] 
2024-07-28T21:32:16.623+0800: 5.763: Application time: 0.0003135 seconds
2024-07-28T21:32:16.624+0800: 5.763: [GC (CMS Final Remark) [YG occupancy: 12655 K (78656 K)]2024-07-28T21:32:16.624+0800: 5.763: [Rescan (parallel) , 0.0010852 secs]2024-07-28T21:32:16.625+0800: 5.764: [weak refs processing, 0.0000129 secs]2024-07-28T21:32:16.625+0800: 5.764: [class unloading, 0.0002161 secs]2024-07-28T21:32:16.625+0800: 5.764: [scrub symbol table, 0.0003097 secs]2024-07-28T21:32:16.625+0800: 5.764: [scrub string table, 0.0000920 secs][1 CMS-remark: 305813K(476376K)] 318469K(555032K), 0.0017800 secs] [Times: user=0.00 sys=0.00, real=0.00 secs] 
2024-07-28T21:32:16.625+0800: 5.765: Total time for which application threads were stopped: 0.0019573 seconds, Stopping threads took: 0.0001408 seconds
2024-07-28T21:32:16.626+0800: 5.765: [CMS-concurrent-sweep-start]
2024-07-28T21:32:16.627+0800: 5.766: [CMS-concurrent-sweep: 0.001/0.001 secs] [Times: user=0.00 sys=0.00, real=0.00 secs] 
2024-07-28T21:32:16.627+0800: 5.766: [CMS-concurrent-reset-start]
2024-07-28T21:32:16.628+0800: 5.767: [CMS-concurrent-reset: 0.001/0.001 secs] [Times: user=0.00 sys=0.00, real=0.00 secs] 
2024-07-28T21:32:16.631+0800: 5.770: Application time: 0.0053011 seconds
2024-07-28T21:32:16.631+0800: 5.770: [GC (Allocation Failure) 2024-07-28T21:32:16.631+0800: 5.770: [ParNew: 77168K->8192K(78656K), 0.0128641 secs] 236548K->236180K(555032K), 0.0129278 secs] [Times: user=0.00 sys=0.00, real=0.01 secs] 
2024-07-28T21:32:16.644+0800: 5.783: Total time for which application threads were stopped: 0.0130275 seconds, Stopping threads took: 0.0000156 seconds
2024-07-28T21:32:16.644+0800: 5.783: Application time: 0.0002312 seconds
2024-07-28T21:32:16.644+0800: 5.783: [GC (CMS Initial Mark) [1 CMS-initial-mark: 227988K(476376K)] 239620K(555032K), 0.0006365 secs] [Times: user=0.00 sys=0.01, real=0.00 secs] 
2024-07-28T21:32:16.645+0800: 5.784: Total time for which application threads were stopped: 0.0008486 seconds, Stopping threads took: 0.0001666 seconds
2024-07-28T21:32:16.645+0800: 5.784: [CMS-concurrent-mark-start]
2024-07-28T21:32:16.647+0800: 5.786: [CMS-concurrent-mark: 0.002/0.002 secs] [Times: user=0.00 sys=0.00, real=0.00 secs] 
2024-07-28T21:32:16.647+0800: 5.786: [CMS-concurrent-preclean-start]
2024-07-28T21:32:16.648+0800: 5.787: [CMS-concurrent-preclean: 0.001/0.001 secs] [Times: user=0.00 sys=0.00, real=0.00 secs] 
2024-07-28T21:32:16.648+0800: 5.787: [CMS-concurrent-abortable-preclean-start]
2024-07-28T21:32:16.756+0800: 5.895: Application time: 0.1112183 seconds
2024-07-28T21:32:16.756+0800: 5.895: [GC (Allocation Failure) 2024-07-28T21:32:16.756+0800: 5.895: [ParNew: 77168K->8192K(78656K), 0.0122310 secs] 305157K->304789K(555032K), 0.0122940 secs] [Times: user=0.00 sys=0.00, real=0.01 secs] 
2024-07-28T21:32:16.769+0800: 5.908: Total time for which application threads were stopped: 0.0124023 seconds, Stopping threads took: 0.0000203 seconds
2024-07-28T21:32:16.881+0800: 6.020: Application time: 0.1125770 seconds
2024-07-28T21:32:16.881+0800: 6.020: [GC (Allocation Failure) 2024-07-28T21:32:16.881+0800: 6.020: [ParNew: 77168K->8192K(78656K), 0.0040633 secs] 373766K->317078K(555032K), 0.0041272 secs] [Times: user=0.00 sys=0.00, real=0.00 secs] 
2024-07-28T21:32:16.885+0800: 6.024: Total time for which application threads were stopped: 0.0042366 seconds, Stopping threads took: 0.0000187 seconds
2024-07-28T21:32:16.885+0800: 6.025: [CMS-concurrent-abortable-preclean: 0.006/0.238 secs] [Times: user=0.05 sys=0.00, real=0.24 secs] 
2024-07-28T21:32:16.885+0800: 6.025: Application time: 0.0004419 seconds
2024-07-28T21:32:16.886+0800: 6.025: [GC (CMS Final Remark) [YG occupancy: 14703 K (78656 K)]2024-07-28T21:32:16.886+0800: 6.025: [Rescan (parallel) , 0.0007812 secs]2024-07-28T21:32:16.887+0800: 6.026: [weak refs processing, 0.0000130 secs]2024-07-28T21:32:16.887+0800: 6.026: [class unloading, 0.0002297 secs]2024-07-28T21:32:16.887+0800: 6.026: [scrub symbol table, 0.0003396 secs]2024-07-28T21:32:16.887+0800: 6.026: [scrub string table, 0.0001004 secs][1 CMS-remark: 308885K(476376K)] 323589K(555032K), 0.0015849 secs] [Times: user=0.00 sys=0.00, real=0.00 secs] 
2024-07-28T21:32:16.887+0800: 6.027: Total time for which application threads were stopped: 0.0017056 seconds, Stopping threads took: 0.0000843 seconds
2024-07-28T21:32:16.887+0800: 6.027: [CMS-concurrent-sweep-start]
2024-07-28T21:32:16.889+0800: 6.028: [CMS-concurrent-sweep: 0.002/0.002 secs] [Times: user=0.00 sys=0.00, real=0.00 secs] 
2024-07-28T21:32:16.889+0800: 6.028: [CMS-concurrent-reset-start]
2024-07-28T21:32:16.890+0800: 6.030: [CMS-concurrent-reset: 0.001/0.001 secs] [Times: user=0.00 sys=0.00, real=0.00 secs] 
2024-07-28T21:32:16.892+0800: 6.031: Application time: 0.0047511 seconds
2024-07-28T21:32:16.892+0800: 6.031: [GC (Allocation Failure) 2024-07-28T21:32:16.892+0800: 6.031: [ParNew: 77168K->8192K(78656K), 0.0129893 secs] 238596K->238228K(555032K), 0.0130380 secs] [Times: user=0.03 sys=0.00, real=0.01 secs] 
2024-07-28T21:32:16.905+0800: 6.045: Total time for which application threads were stopped: 0.0131477 seconds, Stopping threads took: 0.0000140 seconds
2024-07-28T21:32:16.905+0800: 6.045: Application time: 0.0002276 seconds
2024-07-28T21:32:16.906+0800: 6.045: [GC (CMS Initial Mark) [1 CMS-initial-mark: 230036K(476376K)] 241668K(555032K), 0.0007145 secs] [Times: user=0.00 sys=0.00, real=0.00 secs] 
2024-07-28T21:32:16.906+0800: 6.046: Total time for which application threads were stopped: 0.0008964 seconds, Stopping threads took: 0.0001407 seconds
2024-07-28T21:32:16.906+0800: 6.046: [CMS-concurrent-mark-start]
2024-07-28T21:32:16.908+0800: 6.047: [CMS-concurrent-mark: 0.001/0.001 secs] [Times: user=0.00 sys=0.00, real=0.00 secs] 
2024-07-28T21:32:16.908+0800: 6.047: [CMS-concurrent-preclean-start]
2024-07-28T21:32:16.908+0800: 6.048: [CMS-concurrent-preclean: 0.001/0.001 secs] [Times: user=0.00 sys=0.00, real=0.00 secs] 
2024-07-28T21:32:16.908+0800: 6.048: [CMS-concurrent-abortable-preclean-start]
2024-07-28T21:32:17.025+0800: 6.164: Application time: 0.1181950 seconds
2024-07-28T21:32:17.025+0800: 6.164: [GC (Allocation Failure) 2024-07-28T21:32:17.025+0800: 6.164: [ParNew: 77168K->8192K(78656K), 0.0127161 secs] 307205K->306837K(555032K), 0.0127729 secs] [Times: user=0.03 sys=0.00, real=0.01 secs] 
2024-07-28T21:32:17.038+0800: 6.177: Total time for which application threads were stopped: 0.0128900 seconds, Stopping threads took: 0.0000220 seconds
2024-07-28T21:32:17.147+0800: 6.286: Application time: 0.1089492 seconds
2024-07-28T21:32:17.147+0800: 6.286: [GC (Allocation Failure) 2024-07-28T21:32:17.147+0800: 6.286: [ParNew: 77168K->8192K(78656K), 0.0041836 secs] 375814K->320150K(555032K), 0.0042425 secs] [Times: user=0.00 sys=0.00, real=0.00 secs] 
2024-07-28T21:32:17.151+0800: 6.290: Total time for which application threads were stopped: 0.0043648 seconds, Stopping threads took: 0.0000189 seconds
2024-07-28T21:32:17.152+0800: 6.290: [CMS-concurrent-abortable-preclean: 0.006/0.242 secs] [Times: user=0.03 sys=0.00, real=0.24 secs] 
2024-07-28T21:32:17.152+0800: 6.290: Application time: 0.0003972 seconds
2024-07-28T21:32:17.152+0800: 6.291: [GC (CMS Final Remark) [YG occupancy: 13679 K (78656 K)]2024-07-28T21:32:17.152+0800: 6.291: [Rescan (parallel) , 0.0007318 secs]2024-07-28T21:32:17.153+0800: 6.291: [weak refs processing, 0.0000128 secs]2024-07-28T21:32:17.153+0800: 6.291: [class unloading, 0.0002421 secs]2024-07-28T21:32:17.153+0800: 6.292: [scrub symbol table, 0.0003263 secs]2024-07-28T21:32:17.153+0800: 6.292: [scrub string table, 0.0000992 secs][1 CMS-remark: 311957K(476376K)] 325637K(555032K), 0.0014754 secs] [Times: user=0.00 sys=0.00, real=0.00 secs] 
2024-07-28T21:32:17.153+0800: 6.292: Total time for which application threads were stopped: 0.0016598 seconds, Stopping threads took: 0.0001440 seconds
2024-07-28T21:32:17.154+0800: 6.292: [CMS-concurrent-sweep-start]
2024-07-28T21:32:17.155+0800: 6.294: [CMS-concurrent-sweep: 0.002/0.002 secs] [Times: user=0.00 sys=0.00, real=0.00 secs] 
2024-07-28T21:32:17.155+0800: 6.294: [CMS-concurrent-reset-start]
2024-07-28T21:32:17.157+0800: 6.295: [CMS-concurrent-reset: 0.001/0.001 secs] [Times: user=0.00 sys=0.00, real=0.00 secs] 
2024-07-28T21:32:17.158+0800: 6.297: Application time: 0.0046783 seconds
2024-07-28T21:32:17.158+0800: 6.297: [GC (Allocation Failure) 2024-07-28T21:32:17.158+0800: 6.297: [ParNew: 77168K->8192K(78656K), 0.0122260 secs] 240644K->240276K(555032K), 0.0122788 secs] [Times: user=0.03 sys=0.00, real=0.01 secs] 
2024-07-28T21:32:17.171+0800: 6.309: Total time for which application threads were stopped: 0.0123817 seconds, Stopping threads took: 0.0000136 seconds
2024-07-28T21:32:17.171+0800: 6.309: Application time: 0.0001403 seconds
2024-07-28T21:32:17.171+0800: 6.309: [GC (CMS Initial Mark) [1 CMS-initial-mark: 232084K(476376K)] 243716K(555032K), 0.0008307 secs] [Times: user=0.00 sys=0.00, real=0.00 secs] 
2024-07-28T21:32:17.172+0800: 6.310: Total time for which application threads were stopped: 0.0009539 seconds, Stopping threads took: 0.0000816 seconds
2024-07-28T21:32:17.172+0800: 6.310: [CMS-concurrent-mark-start]
2024-07-28T21:32:17.173+0800: 6.312: [CMS-concurrent-mark: 0.001/0.001 secs] [Times: user=0.00 sys=0.00, real=0.00 secs] 
2024-07-28T21:32:17.173+0800: 6.312: [CMS-concurrent-preclean-start]
2024-07-28T21:32:17.174+0800: 6.312: [CMS-concurrent-preclean: 0.001/0.001 secs] [Times: user=0.00 sys=0.00, real=0.00 secs] 
2024-07-28T21:32:17.174+0800: 6.312: [CMS-concurrent-abortable-preclean-start]
2024-07-28T21:32:17.292+0800: 6.430: Application time: 0.1201714 seconds
2024-07-28T21:32:17.292+0800: 6.431: [GC (Allocation Failure) 2024-07-28T21:32:17.292+0800: 6.431: [ParNew: 77168K->8192K(78656K), 0.0125163 secs] 309253K->308885K(555032K), 0.0125904 secs] [Times: user=0.03 sys=0.00, real=0.01 secs] 
2024-07-28T21:32:17.305+0800: 6.443: Total time for which application threads were stopped: 0.0127106 seconds, Stopping threads took: 0.0000189 seconds
2024-07-28T21:32:17.415+0800: 6.554: Application time: 0.1107628 seconds
2024-07-28T21:32:17.415+0800: 6.554: [GC (Allocation Failure) 2024-07-28T21:32:17.415+0800: 6.554: [ParNew: 77168K->8192K(78656K), 0.0046134 secs] 377862K->323222K(555032K), 0.0046719 secs] [Times: user=0.00 sys=0.00, real=0.00 secs] 
2024-07-28T21:32:17.419+0800: 6.559: Total time for which application threads were stopped: 0.0047808 seconds, Stopping threads took: 0.0000192 seconds
2024-07-28T21:32:17.419+0800: 6.559: [CMS-concurrent-abortable-preclean: 0.006/0.246 secs] [Times: user=0.03 sys=0.00, real=0.24 secs] 
2024-07-28T21:32:17.420+0800: 6.559: Application time: 0.0002861 seconds
2024-07-28T21:32:17.420+0800: 6.559: [GC (CMS Final Remark) [YG occupancy: 12655 K (78656 K)]2024-07-28T21:32:17.420+0800: 6.559: [Rescan (parallel) , 0.0009818 secs]2024-07-28T21:32:17.421+0800: 6.560: [weak refs processing, 0.0000127 secs]2024-07-28T21:32:17.421+0800: 6.560: [class unloading, 0.0002259 secs]2024-07-28T21:32:17.421+0800: 6.560: [scrub symbol table, 0.0003379 secs]2024-07-28T21:32:17.421+0800: 6.561: [scrub string table, 0.0000998 secs][1 CMS-remark: 315029K(476376K)] 327685K(555032K), 0.0017207 secs] [Times: user=0.00 sys=0.00, real=0.00 secs] 
2024-07-28T21:32:17.421+0800: 6.561: Total time for which application threads were stopped: 0.0018201 seconds, Stopping threads took: 0.0000636 seconds
2024-07-28T21:32:17.422+0800: 6.561: [CMS-concurrent-sweep-start]
2024-07-28T21:32:17.423+0800: 6.562: [CMS-concurrent-sweep: 0.001/0.001 secs] [Times: user=0.00 sys=0.00, real=0.00 secs] 
2024-07-28T21:32:17.423+0800: 6.562: [CMS-concurrent-reset-start]
2024-07-28T21:32:17.424+0800: 6.563: [CMS-concurrent-reset: 0.001/0.001 secs] [Times: user=0.00 sys=0.00, real=0.00 secs] 
2024-07-28T21:32:17.426+0800: 6.566: Application time: 0.0047312 seconds
2024-07-28T21:32:17.426+0800: 6.566: [GC (Allocation Failure) 2024-07-28T21:32:17.426+0800: 6.566: [ParNew: 77168K->8192K(78656K), 0.0125697 secs] 242692K->242324K(555032K), 0.0126207 secs] [Times: user=0.00 sys=0.00, real=0.01 secs] 
2024-07-28T21:32:17.439+0800: 6.578: Total time for which application threads were stopped: 0.0127204 seconds, Stopping threads took: 0.0000174 seconds
2024-07-28T21:32:17.439+0800: 6.578: Application time: 0.0002215 seconds
2024-07-28T21:32:17.439+0800: 6.579: [GC (CMS Initial Mark) [1 CMS-initial-mark: 234132K(476376K)] 245764K(555032K), 0.0007984 secs] [Times: user=0.00 sys=0.00, real=0.00 secs] 
2024-07-28T21:32:17.440+0800: 6.579: Total time for which application threads were stopped: 0.0009735 seconds, Stopping threads took: 0.0001329 seconds
2024-07-28T21:32:17.440+0800: 6.580: [CMS-concurrent-mark-start]
2024-07-28T21:32:17.442+0800: 6.581: [CMS-concurrent-mark: 0.001/0.001 secs] [Times: user=0.03 sys=0.00, real=0.00 secs] 
2024-07-28T21:32:17.442+0800: 6.581: [CMS-concurrent-preclean-start]
2024-07-28T21:32:17.442+0800: 6.582: [CMS-concurrent-preclean: 0.001/0.001 secs] [Times: user=0.00 sys=0.00, real=0.00 secs] 
2024-07-28T21:32:17.442+0800: 6.582: [CMS-concurrent-abortable-preclean-start]
2024-07-28T21:32:17.556+0800: 6.695: Application time: 0.1160244 seconds
2024-07-28T21:32:17.556+0800: 6.696: [GC (Allocation Failure) 2024-07-28T21:32:17.556+0800: 6.696: [ParNew: 77168K->8192K(78656K), 0.0128880 secs] 311301K->310933K(555032K), 0.0129470 secs] [Times: user=0.03 sys=0.00, real=0.01 secs] 
2024-07-28T21:32:17.569+0800: 6.709: Total time for which application threads were stopped: 0.0130640 seconds, Stopping threads took: 0.0000187 seconds
2024-07-28T21:32:17.680+0800: 6.819: Application time: 0.1105167 seconds
2024-07-28T21:32:17.680+0800: 6.819: [GC (Allocation Failure) 2024-07-28T21:32:17.680+0800: 6.819: [ParNew: 77168K->8192K(78656K), 0.0045358 secs] 379910K->326294K(555032K), 0.0046122 secs] [Times: user=0.00 sys=0.00, real=0.00 secs] 
2024-07-28T21:32:17.685+0800: 6.824: Total time for which application threads were stopped: 0.0047471 seconds, Stopping threads took: 0.0000213 seconds
2024-07-28T21:32:17.685+0800: 6.824: [CMS-concurrent-abortable-preclean: 0.006/0.242 secs] [Times: user=0.03 sys=0.00, real=0.24 secs] 
2024-07-28T21:32:17.685+0800: 6.824: Application time: 0.0003851 seconds
2024-07-28T21:32:17.685+0800: 6.824: [GC (CMS Final Remark) [YG occupancy: 14703 K (78656 K)]2024-07-28T21:32:17.685+0800: 6.824: [Rescan (parallel) , 0.0007985 secs]2024-07-28T21:32:17.686+0800: 6.825: [weak refs processing, 0.0000274 secs]2024-07-28T21:32:17.686+0800: 6.825: [class unloading, 0.0002763 secs]2024-07-28T21:32:17.686+0800: 6.825: [scrub symbol table, 0.0003915 secs]2024-07-28T21:32:17.687+0800: 6.826: [scrub string table, 0.0000955 secs][1 CMS-remark: 318102K(476376K)] 332805K(555032K), 0.0016786 secs] [Times: user=0.00 sys=0.00, real=0.00 secs] 
2024-07-28T21:32:17.687+0800: 6.826: Total time for which application threads were stopped: 0.0017942 seconds, Stopping threads took: 0.0000706 seconds
2024-07-28T21:32:17.687+0800: 6.826: [CMS-concurrent-sweep-start]
2024-07-28T21:32:17.688+0800: 6.827: [CMS-concurrent-sweep: 0.001/0.001 secs] [Times: user=0.00 sys=0.00, real=0.00 secs] 
2024-07-28T21:32:17.688+0800: 6.828: [CMS-concurrent-reset-start]
2024-07-28T21:32:17.690+0800: 6.829: [CMS-concurrent-reset: 0.001/0.001 secs] [Times: user=0.00 sys=0.00, real=0.00 secs] 
2024-07-28T21:32:17.692+0800: 6.831: Application time: 0.0046753 seconds
2024-07-28T21:32:17.692+0800: 6.831: [GC (Allocation Failure) 2024-07-28T21:32:17.692+0800: 6.831: [ParNew: 77168K->8192K(78656K), 0.0132674 secs] 244740K->244372K(555032K), 0.0133164 secs] [Times: user=0.00 sys=0.00, real=0.01 secs] 
2024-07-28T21:32:17.705+0800: 6.844: Total time for which application threads were stopped: 0.0134257 seconds, Stopping threads took: 0.0000253 seconds
2024-07-28T21:32:17.705+0800: 6.844: Application time: 0.0002218 seconds
2024-07-28T21:32:17.705+0800: 6.844: [GC (CMS Initial Mark) [1 CMS-initial-mark: 236180K(476376K)] 247812K(555032K), 0.0006395 secs] [Times: user=0.00 sys=0.00, real=0.00 secs] 
2024-07-28T21:32:17.706+0800: 6.845: Total time for which application threads were stopped: 0.0007614 seconds, Stopping threads took: 0.0000772 seconds
2024-07-28T21:32:17.706+0800: 6.845: [CMS-concurrent-mark-start]
2024-07-28T21:32:17.707+0800: 6.846: [CMS-concurrent-mark: 0.001/0.001 secs] [Times: user=0.00 sys=0.00, real=0.00 secs] 
2024-07-28T21:32:17.707+0800: 6.846: [CMS-concurrent-preclean-start]
2024-07-28T21:32:17.708+0800: 6.847: [CMS-concurrent-preclean: 0.001/0.001 secs] [Times: user=0.01 sys=0.00, real=0.00 secs] 
2024-07-28T21:32:17.708+0800: 6.847: [CMS-concurrent-abortable-preclean-start]
2024-07-28T21:32:17.823+0800: 6.962: Application time: 0.1164459 seconds
2024-07-28T21:32:17.823+0800: 6.962: [GC (Allocation Failure) 2024-07-28T21:32:17.823+0800: 6.962: [ParNew: 77168K->8192K(78656K), 0.0129090 secs] 313349K->312981K(555032K), 0.0129666 secs] [Times: user=0.03 sys=0.00, real=0.01 secs] 
2024-07-28T21:32:17.836+0800: 6.975: Total time for which application threads were stopped: 0.0130743 seconds, Stopping threads took: 0.0000183 seconds
2024-07-28T21:32:17.946+0800: 7.085: Application time: 0.1099691 seconds
2024-07-28T21:32:17.946+0800: 7.085: [GC (Allocation Failure) 2024-07-28T21:32:17.946+0800: 7.085: [ParNew: 77168K->8192K(78656K), 0.0047083 secs] 381958K->329366K(555032K), 0.0047723 secs] [Times: user=0.00 sys=0.00, real=0.00 secs] 
2024-07-28T21:32:17.951+0800: 7.090: Total time for which application threads were stopped: 0.0048908 seconds, Stopping threads took: 0.0000198 seconds
2024-07-28T21:32:17.951+0800: 7.090: [CMS-concurrent-abortable-preclean: 0.005/0.242 secs] [Times: user=0.03 sys=0.00, real=0.24 secs] 
2024-07-28T21:32:17.951+0800: 7.090: Application time: 0.0003163 seconds
2024-07-28T21:32:17.951+0800: 7.090: [GC (CMS Final Remark) [YG occupancy: 12655 K (78656 K)]2024-07-28T21:32:17.951+0800: 7.090: [Rescan (parallel) , 0.0008152 secs]2024-07-28T21:32:17.952+0800: 7.091: [weak refs processing, 0.0000130 secs]2024-07-28T21:32:17.952+0800: 7.091: [class unloading, 0.0002140 secs]2024-07-28T21:32:17.952+0800: 7.091: [scrub symbol table, 0.0003178 secs]2024-07-28T21:32:17.953+0800: 7.091: [scrub string table, 0.0000922 secs][1 CMS-remark: 321174K(476376K)] 333829K(555032K), 0.0015170 secs] [Times: user=0.00 sys=0.00, real=0.00 secs] 
2024-07-28T21:32:17.953+0800: 7.091: Total time for which application threads were stopped: 0.0016767 seconds, Stopping threads took: 0.0001232 seconds
2024-07-28T21:32:17.953+0800: 7.092: [CMS-concurrent-sweep-start]
2024-07-28T21:32:17.955+0800: 7.093: [CMS-concurrent-sweep: 0.002/0.002 secs] [Times: user=0.00 sys=0.00, real=0.00 secs] 
2024-07-28T21:32:17.955+0800: 7.093: [CMS-concurrent-reset-start]
2024-07-28T21:32:17.956+0800: 7.095: [CMS-concurrent-reset: 0.001/0.001 secs] [Times: user=0.00 sys=0.00, real=0.00 secs] 
2024-07-28T21:32:17.958+0800: 7.097: Application time: 0.0051677 seconds
2024-07-28T21:32:17.958+0800: 7.097: [GC (Allocation Failure) 2024-07-28T21:32:17.958+0800: 7.097: [ParNew: 77168K->8192K(78656K), 0.0126507 secs] 246788K->246420K(555032K), 0.0127038 secs] [Times: user=0.00 sys=0.00, real=0.01 secs] 
2024-07-28T21:32:17.971+0800: 7.109: Total time for which application threads were stopped: 0.0128078 seconds, Stopping threads took: 0.0000162 seconds
2024-07-28T21:32:17.971+0800: 7.110: Application time: 0.0002650 seconds
2024-07-28T21:32:17.971+0800: 7.110: [GC (CMS Initial Mark) [1 CMS-initial-mark: 238228K(476376K)] 249860K(555032K), 0.0006958 secs] [Times: user=0.00 sys=0.00, real=0.00 secs] 
2024-07-28T21:32:17.972+0800: 7.111: Total time for which application threads were stopped: 0.0008611 seconds, Stopping threads took: 0.0001188 seconds
2024-07-28T21:32:17.972+0800: 7.111: [CMS-concurrent-mark-start]
2024-07-28T21:32:17.974+0800: 7.112: [CMS-concurrent-mark: 0.001/0.001 secs] [Times: user=0.02 sys=0.00, real=0.00 secs] 
2024-07-28T21:32:17.974+0800: 7.112: [CMS-concurrent-preclean-start]
2024-07-28T21:32:17.974+0800: 7.113: [CMS-concurrent-preclean: 0.001/0.001 secs] [Times: user=0.00 sys=0.00, real=0.00 secs] 
2024-07-28T21:32:17.974+0800: 7.113: [CMS-concurrent-abortable-preclean-start]
2024-07-28T21:32:18.090+0800: 7.228: Application time: 0.1176109 seconds
2024-07-28T21:32:18.090+0800: 7.228: [GC (Allocation Failure) 2024-07-28T21:32:18.090+0800: 7.228: [ParNew: 77168K->8200K(78656K), 0.0124985 secs] 315397K->315038K(555032K), 0.0125588 secs] [Times: user=0.03 sys=0.00, real=0.01 secs] 
2024-07-28T21:32:18.102+0800: 7.241: Total time for which application threads were stopped: 0.0126851 seconds, Stopping threads took: 0.0000237 seconds
2024-07-28T21:32:18.213+0800: 7.353: Application time: 0.1118190 seconds
2024-07-28T21:32:18.213+0800: 7.353: [GC (Allocation Failure) 2024-07-28T21:32:18.214+0800: 7.353: [ParNew: 77176K->8192K(78656K), 0.0049865 secs] 384014K->332438K(555032K), 0.0050552 secs] [Times: user=0.00 sys=0.00, real=0.01 secs] 
2024-07-28T21:32:18.219+0800: 7.358: Total time for which application threads were stopped: 0.0051784 seconds, Stopping threads took: 0.0000315 seconds
2024-07-28T21:32:18.219+0800: 7.358: [CMS-concurrent-abortable-preclean: 0.006/0.245 secs] [Times: user=0.03 sys=0.00, real=0.25 secs] 
2024-07-28T21:32:18.219+0800: 7.358: Application time: 0.0005050 seconds
2024-07-28T21:32:18.219+0800: 7.359: [GC (CMS Final Remark) [YG occupancy: 14703 K (78656 K)]2024-07-28T21:32:18.219+0800: 7.359: [Rescan (parallel) , 0.0006082 secs]2024-07-28T21:32:18.220+0800: 7.359: [weak refs processing, 0.0000136 secs]2024-07-28T21:32:18.220+0800: 7.359: [class unloading, 0.0002480 secs]2024-07-28T21:32:18.220+0800: 7.360: [scrub symbol table, 0.0003388 secs]2024-07-28T21:32:18.221+0800: 7.360: [scrub string table, 0.0001070 secs][1 CMS-remark: 324246K(476376K)] 338950K(555032K), 0.0013841 secs] [Times: user=0.00 sys=0.00, real=0.00 secs] 
2024-07-28T21:32:18.221+0800: 7.360: Total time for which application threads were stopped: 0.0015807 seconds, Stopping threads took: 0.0001535 seconds
2024-07-28T21:32:18.221+0800: 7.360: [CMS-concurrent-sweep-start]
2024-07-28T21:32:18.223+0800: 7.362: [CMS-concurrent-sweep: 0.002/0.002 secs] [Times: user=0.03 sys=0.00, real=0.00 secs] 
2024-07-28T21:32:18.223+0800: 7.362: [CMS-concurrent-reset-start]
2024-07-28T21:32:18.224+0800: 7.363: [CMS-concurrent-reset: 0.001/0.001 secs] [Times: user=0.00 sys=0.00, real=0.00 secs] 
2024-07-28T21:32:18.225+0800: 7.365: Application time: 0.0047870 seconds
2024-07-28T21:32:18.226+0800: 7.365: [GC (Allocation Failure) 2024-07-28T21:32:18.226+0800: 7.365: [ParNew: 77168K->8192K(78656K), 0.0127093 secs] 248837K->248469K(555032K), 0.0127573 secs] [Times: user=0.00 sys=0.00, real=0.01 secs] 
2024-07-28T21:32:18.238+0800: 7.378: Total time for which application threads were stopped: 0.0128602 seconds, Stopping threads took: 0.0000149 seconds
2024-07-28T21:32:18.239+0800: 7.378: Application time: 0.0001857 seconds
2024-07-28T21:32:18.239+0800: 7.378: [GC (CMS Initial Mark) [1 CMS-initial-mark: 240277K(476376K)] 251909K(555032K), 0.0008009 secs] [Times: user=0.00 sys=0.00, real=0.00 secs] 
2024-07-28T21:32:18.239+0800: 7.379: Total time for which application threads were stopped: 0.0009822 seconds, Stopping threads took: 0.0001391 seconds
2024-07-28T21:32:18.240+0800: 7.379: [CMS-concurrent-mark-start]
2024-07-28T21:32:18.241+0800: 7.380: [CMS-concurrent-mark: 0.001/0.001 secs] [Times: user=0.00 sys=0.00, real=0.00 secs] 
2024-07-28T21:32:18.241+0800: 7.380: [CMS-concurrent-preclean-start]
2024-07-28T21:32:18.241+0800: 7.381: [CMS-concurrent-preclean: 0.001/0.001 secs] [Times: user=0.00 sys=0.00, real=0.00 secs] 
2024-07-28T21:32:18.241+0800: 7.381: [CMS-concurrent-abortable-preclean-start]
2024-07-28T21:32:18.356+0800: 7.495: Application time: 0.1161533 seconds
2024-07-28T21:32:18.356+0800: 7.495: [GC (Allocation Failure) 2024-07-28T21:32:18.356+0800: 7.495: [ParNew: 77168K->8192K(78656K), 0.0124796 secs] 317446K->317078K(555032K), 0.0125461 secs] [Times: user=0.03 sys=0.00, real=0.01 secs] 
2024-07-28T21:32:18.369+0800: 7.508: Total time for which application threads were stopped: 0.0126563 seconds, Stopping threads took: 0.0000178 seconds
2024-07-28T21:32:18.481+0800: 7.619: Application time: 0.1117426 seconds
2024-07-28T21:32:18.481+0800: 7.619: [GC (Allocation Failure) 2024-07-28T21:32:18.481+0800: 7.619: [ParNew: 77168K->8192K(78656K), 0.0049140 secs] 386055K->335510K(555032K), 0.0049850 secs] [Times: user=0.00 sys=0.00, real=0.01 secs] 
2024-07-28T21:32:18.486+0800: 7.624: Total time for which application threads were stopped: 0.0051047 seconds, Stopping threads took: 0.0000204 seconds
2024-07-28T21:32:18.486+0800: 7.625: [CMS-concurrent-abortable-preclean: 0.007/0.244 secs] [Times: user=0.03 sys=0.00, real=0.25 secs] 
2024-07-28T21:32:18.486+0800: 7.625: Application time: 0.0003495 seconds
2024-07-28T21:32:18.486+0800: 7.625: [GC (CMS Final Remark) [YG occupancy: 13679 K (78656 K)]2024-07-28T21:32:18.486+0800: 7.625: [Rescan (parallel) , 0.0006974 secs]2024-07-28T21:32:18.487+0800: 7.626: [weak refs processing, 0.0000129 secs]2024-07-28T21:32:18.487+0800: 7.626: [class unloading, 0.0002354 secs]2024-07-28T21:32:18.487+0800: 7.626: [scrub symbol table, 0.0003340 secs]2024-07-28T21:32:18.487+0800: 7.626: [scrub string table, 0.0001004 secs][1 CMS-remark: 327318K(476376K)] 340998K(555032K), 0.0014464 secs] [Times: user=0.00 sys=0.00, real=0.00 secs] 
2024-07-28T21:32:18.488+0800: 7.626: Total time for which application threads were stopped: 0.0015666 seconds, Stopping threads took: 0.0000842 seconds
2024-07-28T21:32:18.488+0800: 7.627: [CMS-concurrent-sweep-start]
2024-07-28T21:32:18.489+0800: 7.628: [CMS-concurrent-sweep: 0.001/0.001 secs] [Times: user=0.03 sys=0.00, real=0.00 secs] 
2024-07-28T21:32:18.489+0800: 7.628: [CMS-concurrent-reset-start]
2024-07-28T21:32:18.491+0800: 7.629: [CMS-concurrent-reset: 0.001/0.001 secs] [Times: user=0.00 sys=0.00, real=0.00 secs] 
2024-07-28T21:32:18.492+0800: 7.631: Application time: 0.0047507 seconds
2024-07-28T21:32:18.492+0800: 7.631: [GC (Allocation Failure) 2024-07-28T21:32:18.492+0800: 7.631: [ParNew: 77168K->8192K(78656K), 0.0123753 secs] 250885K->250517K(555032K), 0.0124253 secs] [Times: user=0.00 sys=0.02, real=0.01 secs] 
2024-07-28T21:32:18.505+0800: 7.644: Total time for which application threads were stopped: 0.0125209 seconds, Stopping threads took: 0.0000133 seconds
2024-07-28T21:32:18.505+0800: 7.644: Application time: 0.0002517 seconds
2024-07-28T21:32:18.505+0800: 7.644: [GC (CMS Initial Mark) [1 CMS-initial-mark: 242325K(476376K)] 253957K(555032K), 0.0007520 secs] [Times: user=0.00 sys=0.00, real=0.00 secs] 
2024-07-28T21:32:18.506+0800: 7.645: Total time for which application threads were stopped: 0.0009423 seconds, Stopping threads took: 0.0001480 seconds
2024-07-28T21:32:18.506+0800: 7.645: [CMS-concurrent-mark-start]
2024-07-28T21:32:18.507+0800: 7.646: [CMS-concurrent-mark: 0.001/0.001 secs] [Times: user=0.00 sys=0.00, real=0.00 secs] 
2024-07-28T21:32:18.507+0800: 7.646: [CMS-concurrent-preclean-start]
2024-07-28T21:32:18.508+0800: 7.647: [CMS-concurrent-preclean: 0.001/0.001 secs] [Times: user=0.00 sys=0.00, real=0.00 secs] 
2024-07-28T21:32:18.508+0800: 7.647: [CMS-concurrent-abortable-preclean-start]
2024-07-28T21:32:18.624+0800: 7.763: Application time: 0.1183376 seconds
2024-07-28T21:32:18.624+0800: 7.763: [GC (Allocation Failure) 2024-07-28T21:32:18.624+0800: 7.763: [ParNew: 77168K->8192K(78656K), 0.0149728 secs] 319494K->319126K(555032K), 0.0150378 secs] [Times: user=0.03 sys=0.00, real=0.02 secs] 
2024-07-28T21:32:18.640+0800: 7.778: Total time for which application threads were stopped: 0.0151482 seconds, Stopping threads took: 0.0000189 seconds
2024-07-28T21:32:18.750+0800: 7.888: Application time: 0.1100846 seconds
2024-07-28T21:32:18.750+0800: 7.889: [GC (Allocation Failure) 2024-07-28T21:32:18.750+0800: 7.889: [ParNew: 77168K->8192K(78656K), 0.0052710 secs] 388103K->338582K(555032K), 0.0053324 secs] [Times: user=0.03 sys=0.00, real=0.01 secs] 
2024-07-28T21:32:18.755+0800: 7.894: Total time for which application threads were stopped: 0.0054521 seconds, Stopping threads took: 0.0000202 seconds
2024-07-28T21:32:18.755+0800: 7.894: [CMS-concurrent-abortable-preclean: 0.006/0.247 secs] [Times: user=0.06 sys=0.00, real=0.25 secs] 
2024-07-28T21:32:18.756+0800: 7.894: Application time: 0.0002924 seconds
2024-07-28T21:32:18.756+0800: 7.894: [GC (CMS Final Remark) [YG occupancy: 11631 K (78656 K)]2024-07-28T21:32:18.756+0800: 7.894: [Rescan (parallel) , 0.0006500 secs]2024-07-28T21:32:18.756+0800: 7.895: [weak refs processing, 0.0000133 secs]2024-07-28T21:32:18.756+0800: 7.895: [class unloading, 0.0002381 secs]2024-07-28T21:32:18.757+0800: 7.895: [scrub symbol table, 0.0003247 secs]2024-07-28T21:32:18.757+0800: 7.896: [scrub string table, 0.0001019 secs][1 CMS-remark: 330390K(476376K)] 342022K(555032K), 0.0013910 secs] [Times: user=0.00 sys=0.00, real=0.00 secs] 
2024-07-28T21:32:18.757+0800: 7.896: Total time for which application threads were stopped: 0.0015062 seconds, Stopping threads took: 0.0000790 seconds
2024-07-28T21:32:18.757+0800: 7.896: [CMS-concurrent-sweep-start]
2024-07-28T21:32:18.759+0800: 7.898: [CMS-concurrent-sweep: 0.002/0.002 secs] [Times: user=0.00 sys=0.00, real=0.00 secs] 
2024-07-28T21:32:18.759+0800: 7.898: [CMS-concurrent-reset-start]
2024-07-28T21:32:18.760+0800: 7.899: [CMS-concurrent-reset: 0.001/0.001 secs] [Times: user=0.00 sys=0.00, real=0.00 secs] 
2024-07-28T21:32:18.762+0800: 7.901: Application time: 0.0048910 seconds
2024-07-28T21:32:18.762+0800: 7.901: [GC (Allocation Failure) 2024-07-28T21:32:18.762+0800: 7.901: [ParNew: 77168K->8192K(78656K), 0.0120947 secs] 252933K->252565K(555032K), 0.0121439 secs] [Times: user=0.03 sys=0.00, real=0.01 secs] 
2024-07-28T21:32:18.774+0800: 7.913: Total time for which application threads were stopped: 0.0122407 seconds, Stopping threads took: 0.0000138 seconds
2024-07-28T21:32:18.775+0800: 7.913: Application time: 0.0001950 seconds
2024-07-28T21:32:18.775+0800: 7.913: [GC (CMS Initial Mark) [1 CMS-initial-mark: 244373K(476376K)] 256005K(555032K), 0.0007642 secs] [Times: user=0.00 sys=0.00, real=0.00 secs] 
2024-07-28T21:32:18.775+0800: 7.914: Total time for which application threads were stopped: 0.0008735 seconds, Stopping threads took: 0.0000666 seconds
2024-07-28T21:32:18.775+0800: 7.914: [CMS-concurrent-mark-start]
2024-07-28T21:32:18.777+0800: 7.915: [CMS-concurrent-mark: 0.001/0.001 secs] [Times: user=0.00 sys=0.00, real=0.00 secs] 
2024-07-28T21:32:18.777+0800: 7.915: [CMS-concurrent-preclean-start]
2024-07-28T21:32:18.777+0800: 7.916: [CMS-concurrent-preclean: 0.001/0.001 secs] [Times: user=0.00 sys=0.00, real=0.00 secs] 
2024-07-28T21:32:18.777+0800: 7.916: [CMS-concurrent-abortable-preclean-start]
2024-07-28T21:32:18.894+0800: 8.032: Application time: 0.1184781 seconds
2024-07-28T21:32:18.894+0800: 8.032: [GC (Allocation Failure) 2024-07-28T21:32:18.894+0800: 8.033: [ParNew: 77168K->8192K(78656K), 0.0128490 secs] 321542K->321174K(555032K), 0.0129204 secs] [Times: user=0.03 sys=0.00, real=0.01 secs] 
2024-07-28T21:32:18.907+0800: 8.045: Total time for which application threads were stopped: 0.0130286 seconds, Stopping threads took: 0.0000182 seconds
2024-07-28T21:32:19.017+0800: 8.156: Application time: 0.1108865 seconds
2024-07-28T21:32:19.017+0800: 8.156: [GC (Allocation Failure) 2024-07-28T21:32:19.017+0800: 8.156: [ParNew: 77168K->8192K(78656K), 0.0057965 secs] 390151K->341654K(555032K), 0.0058579 secs] [Times: user=0.03 sys=0.00, real=0.01 secs] 
2024-07-28T21:32:19.023+0800: 8.162: Total time for which application threads were stopped: 0.0059687 seconds, Stopping threads took: 0.0000182 seconds
2024-07-28T21:32:19.023+0800: 8.162: [CMS-concurrent-abortable-preclean: 0.006/0.247 secs] [Times: user=0.06 sys=0.00, real=0.25 secs] 
2024-07-28T21:32:19.023+0800: 8.163: Application time: 0.0002739 seconds
2024-07-28T21:32:19.023+0800: 8.163: [GC (CMS Final Remark) [YG occupancy: 11631 K (78656 K)]2024-07-28T21:32:19.023+0800: 8.163: [Rescan (parallel) , 0.0008771 secs]2024-07-28T21:32:19.024+0800: 8.164: [weak refs processing, 0.0000114 secs]2024-07-28T21:32:19.024+0800: 8.164: [class unloading, 0.0002092 secs]2024-07-28T21:32:19.024+0800: 8.164: [scrub symbol table, 0.0003385 secs]2024-07-28T21:32:19.025+0800: 8.164: [scrub string table, 0.0001047 secs][1 CMS-remark: 333462K(476376K)] 345094K(555032K), 0.0016031 secs] [Times: user=0.00 sys=0.00, real=0.00 secs] 
2024-07-28T21:32:19.025+0800: 8.164: Total time for which application threads were stopped: 0.0017775 seconds, Stopping threads took: 0.0001388 seconds
2024-07-28T21:32:19.025+0800: 8.165: [CMS-concurrent-sweep-start]
2024-07-28T21:32:19.026+0800: 8.166: [CMS-concurrent-sweep: 0.001/0.001 secs] [Times: user=0.00 sys=0.00, real=0.00 secs] 
2024-07-28T21:32:19.026+0800: 8.166: [CMS-concurrent-reset-start]
2024-07-28T21:32:19.029+0800: 8.168: [CMS-concurrent-reset: 0.002/0.002 secs] [Times: user=0.00 sys=0.00, real=0.00 secs] 
2024-07-28T21:32:19.031+0800: 8.170: Application time: 0.0055867 seconds
2024-07-28T21:32:19.032+0800: 8.170: [GC (Allocation Failure) 2024-07-28T21:32:19.032+0800: 8.170: [ParNew: 77168K->8192K(78656K), 0.0123885 secs] 254981K->254613K(555032K), 0.0124439 secs] [Times: user=0.03 sys=0.00, real=0.01 secs] 
2024-07-28T21:32:19.043+0800: 8.183: Total time for which application threads were stopped: 0.0125797 seconds, Stopping threads took: 0.0000240 seconds
2024-07-28T21:32:19.043+0800: 8.183: Application time: 0.0001091 seconds
2024-07-28T21:32:19.043+0800: 8.183: [GC (CMS Initial Mark) [1 CMS-initial-mark: 246421K(476376K)] 258053K(555032K), 0.0005957 secs] [Times: user=0.00 sys=0.00, real=0.00 secs] 
2024-07-28T21:32:19.044+0800: 8.183: Total time for which application threads were stopped: 0.0007728 seconds, Stopping threads took: 0.0001327 seconds
2024-07-28T21:32:19.044+0800: 8.183: [CMS-concurrent-mark-start]
2024-07-28T21:32:19.046+0800: 8.185: [CMS-concurrent-mark: 0.002/0.002 secs] [Times: user=0.00 sys=0.00, real=0.00 secs] 
2024-07-28T21:32:19.046+0800: 8.185: [CMS-concurrent-preclean-start]
2024-07-28T21:32:19.046+0800: 8.186: [CMS-concurrent-preclean: 0.001/0.001 secs] [Times: user=0.00 sys=0.00, real=0.00 secs] 
2024-07-28T21:32:19.046+0800: 8.186: [CMS-concurrent-abortable-preclean-start]
2024-07-28T21:32:19.160+0800: 8.299: Application time: 0.1158413 seconds
2024-07-28T21:32:19.160+0800: 8.299: [GC (Allocation Failure) 2024-07-28T21:32:19.160+0800: 8.299: [ParNew: 77168K->8192K(78656K), 0.0126908 secs] 323590K->323222K(555032K), 0.0127494 secs] [Times: user=0.13 sys=0.00, real=0.01 secs] 
2024-07-28T21:32:19.173+0800: 8.312: Total time for which application threads were stopped: 0.0128579 seconds, Stopping threads took: 0.0000186 seconds
2024-07-28T21:32:19.284+0800: 8.423: Application time: 0.1113616 seconds
2024-07-28T21:32:19.284+0800: 8.424: [GC (Allocation Failure) 2024-07-28T21:32:19.285+0800: 8.424: [ParNew: 77168K->8192K(78656K), 0.0055778 secs] 392199K->344726K(555032K), 0.0056493 secs] [Times: user=0.03 sys=0.00, real=0.01 secs] 
2024-07-28T21:32:19.290+0800: 8.429: Total time for which application threads were stopped: 0.0057602 seconds, Stopping threads took: 0.0000186 seconds
2024-07-28T21:32:19.290+0800: 8.429: [CMS-concurrent-abortable-preclean: 0.005/0.243 secs] [Times: user=0.16 sys=0.00, real=0.24 secs] 
2024-07-28T21:32:19.290+0800: 8.430: Application time: 0.0003166 seconds
2024-07-28T21:32:19.291+0800: 8.430: [GC (CMS Final Remark) [YG occupancy: 12655 K (78656 K)]2024-07-28T21:32:19.291+0800: 8.430: [Rescan (parallel) , 0.0011276 secs]2024-07-28T21:32:19.292+0800: 8.431: [weak refs processing, 0.0000132 secs]2024-07-28T21:32:19.292+0800: 8.431: [class unloading, 0.0002341 secs]2024-07-28T21:32:19.292+0800: 8.431: [scrub symbol table, 0.0003513 secs]2024-07-28T21:32:19.292+0800: 8.432: [scrub string table, 0.0001298 secs][1 CMS-remark: 336534K(476376K)] 349190K(555032K), 0.0019225 secs] [Times: user=0.00 sys=0.00, real=0.00 secs] 
2024-07-28T21:32:19.293+0800: 8.432: Total time for which application threads were stopped: 0.0021274 seconds, Stopping threads took: 0.0001680 seconds
2024-07-28T21:32:19.293+0800: 8.432: [CMS-concurrent-sweep-start]
2024-07-28T21:32:19.294+0800: 8.434: [CMS-concurrent-sweep: 0.002/0.002 secs] [Times: user=0.00 sys=0.00, real=0.00 secs] 
2024-07-28T21:32:19.295+0800: 8.434: [CMS-concurrent-reset-start]
2024-07-28T21:32:19.296+0800: 8.435: [CMS-concurrent-reset: 0.001/0.001 secs] [Times: user=0.00 sys=0.00, real=0.00 secs] 
2024-07-28T21:32:19.298+0800: 8.437: Application time: 0.0055455 seconds
2024-07-28T21:32:19.298+0800: 8.437: [GC (Allocation Failure) 2024-07-28T21:32:19.298+0800: 8.437: [ParNew: 77168K->8192K(78656K), 0.0129620 secs] 257029K->256661K(555032K), 0.0130196 secs] [Times: user=0.03 sys=0.00, real=0.01 secs] 
2024-07-28T21:32:19.311+0800: 8.450: Total time for which application threads were stopped: 0.0131284 seconds, Stopping threads took: 0.0000149 seconds
2024-07-28T21:32:19.312+0800: 8.451: Application time: 0.0002514 seconds
2024-07-28T21:32:19.312+0800: 8.451: [GC (CMS Initial Mark) [1 CMS-initial-mark: 248469K(476376K)] 260101K(555032K), 0.0008275 secs] [Times: user=0.00 sys=0.00, real=0.00 secs] 
2024-07-28T21:32:19.313+0800: 8.452: Total time for which application threads were stopped: 0.0009540 seconds, Stopping threads took: 0.0000809 seconds
2024-07-28T21:32:19.313+0800: 8.452: [CMS-concurrent-mark-start]
2024-07-28T21:32:19.314+0800: 8.453: [CMS-concurrent-mark: 0.001/0.001 secs] [Times: user=0.00 sys=0.00, real=0.00 secs] 
2024-07-28T21:32:19.314+0800: 8.453: [CMS-concurrent-preclean-start]
2024-07-28T21:32:19.314+0800: 8.453: [CMS-concurrent-preclean: 0.001/0.001 secs] [Times: user=0.00 sys=0.00, real=0.00 secs] 
2024-07-28T21:32:19.314+0800: 8.453: [CMS-concurrent-abortable-preclean-start]
2024-07-28T21:32:19.427+0800: 8.567: Application time: 0.1150235 seconds
2024-07-28T21:32:19.427+0800: 8.567: [GC (Allocation Failure) 2024-07-28T21:32:19.427+0800: 8.567: [ParNew: 77168K->8192K(78656K), 0.0125880 secs] 325638K->325270K(555032K), 0.0126526 secs] [Times: user=0.00 sys=0.00, real=0.01 secs] 
2024-07-28T21:32:19.440+0800: 8.579: Total time for which application threads were stopped: 0.0127684 seconds, Stopping threads took: 0.0000228 seconds
2024-07-28T21:32:19.552+0800: 8.691: Application time: 0.1120027 seconds
2024-07-28T21:32:19.552+0800: 8.691: [GC (Allocation Failure) 2024-07-28T21:32:19.552+0800: 8.692: [ParNew: 77168K->8192K(78656K), 0.0059206 secs] 394247K->347798K(555032K), 0.0059798 secs] [Times: user=0.00 sys=0.00, real=0.01 secs] 
2024-07-28T21:32:19.558+0800: 8.698: Total time for which application threads were stopped: 0.0061270 seconds, Stopping threads took: 0.0000200 seconds
2024-07-28T21:32:19.558+0800: 8.698: [CMS-concurrent-abortable-preclean: 0.005/0.244 secs] [Times: user=0.08 sys=0.00, real=0.24 secs] 
2024-07-28T21:32:19.558+0800: 8.698: Application time: 0.0002781 seconds
2024-07-28T21:32:19.559+0800: 8.698: [GC (CMS Final Remark) [YG occupancy: 12655 K (78656 K)]2024-07-28T21:32:19.559+0800: 8.698: [Rescan (parallel) , 0.0011214 secs]2024-07-28T21:32:19.560+0800: 8.699: [weak refs processing, 0.0000128 secs]2024-07-28T21:32:19.560+0800: 8.699: [class unloading, 0.0002476 secs]2024-07-28T21:32:19.560+0800: 8.699: [scrub symbol table, 0.0003421 secs]2024-07-28T21:32:19.560+0800: 8.700: [scrub string table, 0.0001180 secs][1 CMS-remark: 339606K(476376K)] 352262K(555032K), 0.0019061 secs] [Times: user=0.00 sys=0.00, real=0.00 secs] 
2024-07-28T21:32:19.561+0800: 8.700: Total time for which application threads were stopped: 0.0020503 seconds, Stopping threads took: 0.0001059 seconds
2024-07-28T21:32:19.561+0800: 8.700: [CMS-concurrent-sweep-start]
2024-07-28T21:32:19.562+0800: 8.701: [CMS-concurrent-sweep: 0.001/0.001 secs] [Times: user=0.00 sys=0.00, real=0.00 secs] 
2024-07-28T21:32:19.562+0800: 8.701: [CMS-concurrent-reset-start]
2024-07-28T21:32:19.563+0800: 8.703: [CMS-concurrent-reset: 0.001/0.001 secs] [Times: user=0.00 sys=0.00, real=0.00 secs] 
2024-07-28T21:32:19.567+0800: 8.705: Application time: 0.0056009 seconds
2024-07-28T21:32:19.567+0800: 8.706: [GC (Allocation Failure) 2024-07-28T21:32:19.567+0800: 8.706: [ParNew: 77168K->8192K(78656K), 0.0129483 secs] 259077K->258709K(555032K), 0.0130154 secs] [Times: user=0.13 sys=0.00, real=0.01 secs] 
2024-07-28T21:32:19.579+0800: 8.719: Total time for which application threads were stopped: 0.0131295 seconds, Stopping threads took: 0.0000212 seconds
2024-07-28T21:32:19.579+0800: 8.719: Application time: 0.0001786 seconds
2024-07-28T21:32:19.580+0800: 8.719: [GC (CMS Initial Mark) [1 CMS-initial-mark: 250517K(476376K)] 262149K(555032K), 0.0007966 secs] [Times: user=0.00 sys=0.00, real=0.00 secs] 
2024-07-28T21:32:19.580+0800: 8.720: Total time for which application threads were stopped: 0.0009073 seconds, Stopping threads took: 0.0000693 seconds
2024-07-28T21:32:19.580+0800: 8.720: [CMS-concurrent-mark-start]
2024-07-28T21:32:19.581+0800: 8.721: [CMS-concurrent-mark: 0.001/0.001 secs] [Times: user=0.00 sys=0.00, real=0.00 secs] 
2024-07-28T21:32:19.581+0800: 8.721: [CMS-concurrent-preclean-start]
2024-07-28T21:32:19.582+0800: 8.721: [CMS-concurrent-preclean: 0.001/0.001 secs] [Times: user=0.02 sys=0.00, real=0.00 secs] 
2024-07-28T21:32:19.582+0800: 8.721: [CMS-concurrent-abortable-preclean-start]
2024-07-28T21:32:19.697+0800: 8.836: Application time: 0.1161418 seconds
2024-07-28T21:32:19.697+0800: 8.836: [GC (Allocation Failure) 2024-07-28T21:32:19.697+0800: 8.836: [ParNew: 77168K->8192K(78656K), 0.0124592 secs] 327686K->327318K(555032K), 0.0125243 secs] [Times: user=0.03 sys=0.00, real=0.01 secs] 
2024-07-28T21:32:19.709+0800: 8.848: Total time for which application threads were stopped: 0.0126447 seconds, Stopping threads took: 0.0000259 seconds
2024-07-28T21:32:19.818+0800: 8.958: Application time: 0.1091256 seconds
2024-07-28T21:32:19.818+0800: 8.958: [GC (Allocation Failure) 2024-07-28T21:32:19.818+0800: 8.958: [ParNew: 77168K->8192K(78656K), 0.0054140 secs] 396295K->350870K(555032K), 0.0054751 secs] [Times: user=0.00 sys=0.00, real=0.01 secs] 
2024-07-28T21:32:19.824+0800: 8.963: Total time for which application threads were stopped: 0.0055853 seconds, Stopping threads took: 0.0000193 seconds
2024-07-28T21:32:19.824+0800: 8.963: [CMS-concurrent-abortable-preclean: 0.006/0.242 secs] [Times: user=0.08 sys=0.00, real=0.24 secs] 
2024-07-28T21:32:19.824+0800: 8.964: Application time: 0.0003108 seconds
2024-07-28T21:32:19.824+0800: 8.964: [GC (CMS Final Remark) [YG occupancy: 12655 K (78656 K)]2024-07-28T21:32:19.824+0800: 8.964: [Rescan (parallel) , 0.0007814 secs]2024-07-28T21:32:19.825+0800: 8.965: [weak refs processing, 0.0000128 secs]2024-07-28T21:32:19.825+0800: 8.965: [class unloading, 0.0002346 secs]2024-07-28T21:32:19.825+0800: 8.965: [scrub symbol table, 0.0003455 secs]2024-07-28T21:32:19.826+0800: 8.965: [scrub string table, 0.0000997 secs][1 CMS-remark: 342678K(476376K)] 355334K(555032K), 0.0015402 secs] [Times: user=0.00 sys=0.00, real=0.00 secs] 
2024-07-28T21:32:19.826+0800: 8.965: Total time for which application threads were stopped: 0.0017476 seconds, Stopping threads took: 0.0001570 seconds
2024-07-28T21:32:19.826+0800: 8.966: [CMS-concurrent-sweep-start]
2024-07-28T21:32:19.828+0800: 8.967: [CMS-concurrent-sweep: 0.001/0.001 secs] [Times: user=0.00 sys=0.00, real=0.00 secs] 
2024-07-28T21:32:19.828+0800: 8.967: [CMS-concurrent-reset-start]
2024-07-28T21:32:19.829+0800: 8.968: [CMS-concurrent-reset: 0.001/0.001 secs] [Times: user=0.00 sys=0.00, real=0.00 secs] 
2024-07-28T21:32:19.831+0800: 8.971: Application time: 0.0053567 seconds
2024-07-28T21:32:19.831+0800: 8.971: [GC (Allocation Failure) 2024-07-28T21:32:19.831+0800: 8.971: [ParNew: 77168K->8192K(78656K), 0.0119353 secs] 261125K->260757K(555032K), 0.0119861 secs] [Times: user=0.05 sys=0.00, real=0.01 secs] 
2024-07-28T21:32:19.843+0800: 8.983: Total time for which application threads were stopped: 0.0120885 seconds, Stopping threads took: 0.0000162 seconds
2024-07-28T21:32:19.843+0800: 8.983: Application time: 0.0000883 seconds
2024-07-28T21:32:19.844+0800: 8.983: [GC (CMS Initial Mark) [1 CMS-initial-mark: 252565K(476376K)] 261781K(555032K), 0.0003179 secs] [Times: user=0.00 sys=0.00, real=0.00 secs] 
2024-07-28T21:32:19.844+0800: 8.983: Total time for which application threads were stopped: 0.0004558 seconds, Stopping threads took: 0.0000918 seconds
2024-07-28T21:32:19.844+0800: 8.983: [CMS-concurrent-mark-start]
2024-07-28T21:32:19.845+0800: 8.984: [CMS-concurrent-mark: 0.001/0.001 secs] [Times: user=0.00 sys=0.00, real=0.00 secs] 
2024-07-28T21:32:19.845+0800: 8.984: [CMS-concurrent-preclean-start]
2024-07-28T21:32:19.846+0800: 8.985: [CMS-concurrent-preclean: 0.001/0.001 secs] [Times: user=0.00 sys=0.00, real=0.00 secs] 
2024-07-28T21:32:19.846+0800: 8.985: [CMS-concurrent-abortable-preclean-start]
2024-07-28T21:32:19.964+0800: 9.103: Application time: 0.1193660 seconds
2024-07-28T21:32:19.964+0800: 9.103: [GC (Allocation Failure) 2024-07-28T21:32:19.964+0800: 9.103: [ParNew: 77168K->8192K(78656K), 0.0127933 secs] 329734K->329366K(555032K), 0.0128567 secs] [Times: user=0.03 sys=0.00, real=0.01 secs] 
2024-07-28T21:32:19.977+0800: 9.116: Total time for which application threads were stopped: 0.0130076 seconds, Stopping threads took: 0.0000188 seconds
2024-07-28T21:32:20.087+0800: 9.227: Application time: 0.1109276 seconds
2024-07-28T21:32:20.087+0800: 9.227: [GC (Allocation Failure) 2024-07-28T21:32:20.087+0800: 9.227: [ParNew: 77168K->8192K(78656K), 0.0061345 secs] 398343K->353943K(555032K), 0.0061958 secs] [Times: user=0.00 sys=0.00, real=0.01 secs] 
2024-07-28T21:32:20.094+0800: 9.233: Total time for which application threads were stopped: 0.0063129 seconds, Stopping threads took: 0.0000189 seconds
2024-07-28T21:32:20.094+0800: 9.233: [CMS-concurrent-abortable-preclean: 0.006/0.248 secs] [Times: user=0.03 sys=0.00, real=0.25 secs] 
2024-07-28T21:32:20.094+0800: 9.233: Application time: 0.0002937 seconds
2024-07-28T21:32:20.094+0800: 9.233: [GC (CMS Final Remark) [YG occupancy: 11631 K (78656 K)]2024-07-28T21:32:20.094+0800: 9.233: [Rescan (parallel) , 0.0007645 secs]2024-07-28T21:32:20.095+0800: 9.234: [weak refs processing, 0.0000130 secs]2024-07-28T21:32:20.095+0800: 9.234: [class unloading, 0.0002645 secs]2024-07-28T21:32:20.095+0800: 9.234: [scrub symbol table, 0.0003779 secs]2024-07-28T21:32:20.095+0800: 9.235: [scrub string table, 0.0001013 secs][1 CMS-remark: 345750K(476376K)] 357382K(555032K), 0.0015871 secs] [Times: user=0.00 sys=0.00, real=0.00 secs] 
2024-07-28T21:32:20.096+0800: 9.235: Total time for which application threads were stopped: 0.0016977 seconds, Stopping threads took: 0.0000663 seconds
2024-07-28T21:32:20.096+0800: 9.235: [CMS-concurrent-sweep-start]
2024-07-28T21:32:20.097+0800: 9.237: [CMS-concurrent-sweep: 0.002/0.002 secs] [Times: user=0.00 sys=0.00, real=0.00 secs] 
2024-07-28T21:32:20.097+0800: 9.237: [CMS-concurrent-reset-start]
2024-07-28T21:32:20.099+0800: 9.238: [CMS-concurrent-reset: 0.001/0.001 secs] [Times: user=0.03 sys=0.00, real=0.00 secs] 
2024-07-28T21:32:20.101+0800: 9.240: Application time: 0.0050119 seconds
2024-07-28T21:32:20.101+0800: 9.240: [GC (Allocation Failure) 2024-07-28T21:32:20.101+0800: 9.240: [ParNew: 77168K->8192K(78656K), 0.0125361 secs] 263173K->262805K(555032K), 0.0125862 secs] [Times: user=0.00 sys=0.00, real=0.01 secs] 
2024-07-28T21:32:20.113+0800: 9.253: Total time for which application threads were stopped: 0.0126853 seconds, Stopping threads took: 0.0000151 seconds
2024-07-28T21:32:20.113+0800: 9.253: Application time: 0.0002083 seconds
2024-07-28T21:32:20.113+0800: 9.253: [GC (CMS Initial Mark) [1 CMS-initial-mark: 254613K(476376K)] 265221K(555032K), 0.0007793 secs] [Times: user=0.00 sys=0.02, real=0.00 secs] 
2024-07-28T21:32:20.114+0800: 9.254: Total time for which application threads were stopped: 0.0008391 seconds, Stopping threads took: 0.0000156 seconds
2024-07-28T21:32:20.114+0800: 9.254: [CMS-concurrent-mark-start]
2024-07-28T21:32:20.115+0800: 9.255: [CMS-concurrent-mark: 0.001/0.001 secs] [Times: user=0.00 sys=0.00, real=0.00 secs] 
2024-07-28T21:32:20.115+0800: 9.255: [CMS-concurrent-preclean-start]
2024-07-28T21:32:20.116+0800: 9.255: [CMS-concurrent-preclean: 0.001/0.001 secs] [Times: user=0.00 sys=0.00, real=0.00 secs] 
2024-07-28T21:32:20.116+0800: 9.255: [CMS-concurrent-abortable-preclean-start]
2024-07-28T21:32:20.230+0800: 9.369: Application time: 0.1150586 seconds
2024-07-28T21:32:20.230+0800: 9.369: [GC (Allocation Failure) 2024-07-28T21:32:20.230+0800: 9.369: [ParNew: 77168K->8192K(78656K), 0.0122022 secs] 331782K->331414K(555032K), 0.0122612 secs] [Times: user=0.03 sys=0.00, real=0.01 secs] 
2024-07-28T21:32:20.242+0800: 9.381: Total time for which application threads were stopped: 0.0123731 seconds, Stopping threads took: 0.0000187 seconds
2024-07-28T21:32:20.353+0800: 9.492: Application time: 0.1112237 seconds
2024-07-28T21:32:20.353+0800: 9.492: [GC (Allocation Failure) 2024-07-28T21:32:20.354+0800: 9.492: [ParNew: 77171K->8192K(78656K), 0.0060146 secs] 400393K->357015K(555032K), 0.0060795 secs] [Times: user=0.00 sys=0.00, real=0.01 secs] 
2024-07-28T21:32:20.360+0800: 9.499: Total time for which application threads were stopped: 0.0062024 seconds, Stopping threads took: 0.0000323 seconds
2024-07-28T21:32:20.360+0800: 9.499: [CMS-concurrent-abortable-preclean: 0.005/0.243 secs] [Times: user=0.03 sys=0.00, real=0.24 secs] 
2024-07-28T21:32:20.360+0800: 9.499: Application time: 0.0003158 seconds
2024-07-28T21:32:20.360+0800: 9.499: [GC (CMS Final Remark) [YG occupancy: 12650 K (78656 K)]2024-07-28T21:32:20.360+0800: 9.499: [Rescan (parallel) , 0.0006916 secs]2024-07-28T21:32:20.361+0800: 9.500: [weak refs processing, 0.0000198 secs]2024-07-28T21:32:20.361+0800: 9.500: [class unloading, 0.0002975 secs]2024-07-28T21:32:20.361+0800: 9.500: [scrub symbol table, 0.0003148 secs]2024-07-28T21:32:20.361+0800: 9.500: [scrub string table, 0.0000914 secs][1 CMS-remark: 348822K(476376K)] 361473K(555032K), 0.0014991 secs] [Times: user=0.00 sys=0.00, real=0.00 secs] 
2024-07-28T21:32:20.362+0800: 9.500: Total time for which application threads were stopped: 0.0016195 seconds, Stopping threads took: 0.0000776 seconds
2024-07-28T21:32:20.362+0800: 9.501: [CMS-concurrent-sweep-start]
2024-07-28T21:32:20.363+0800: 9.502: [CMS-concurrent-sweep: 0.001/0.001 secs] [Times: user=0.00 sys=0.00, real=0.00 secs] 
2024-07-28T21:32:20.363+0800: 9.502: [CMS-concurrent-reset-start]
2024-07-28T21:32:20.364+0800: 9.503: [CMS-concurrent-reset: 0.001/0.001 secs] [Times: user=0.03 sys=0.00, real=0.00 secs] 
2024-07-28T21:32:20.476+0800: 9.615: Application time: 0.1142366 seconds
2024-07-28T21:32:20.476+0800: 9.615: [GC (Allocation Failure) 2024-07-28T21:32:20.476+0800: 9.615: [ParNew: 77163K->8192K(78656K), 0.0127869 secs] 265215K->264853K(555032K), 0.0128894 secs] [Times: user=0.00 sys=0.00, real=0.01 secs] 
2024-07-28T21:32:20.489+0800: 9.628: Total time for which application threads were stopped: 0.0130464 seconds, Stopping threads took: 0.0000399 seconds
2024-07-28T21:32:20.489+0800: 9.628: Application time: 0.0002445 seconds
2024-07-28T21:32:20.489+0800: 9.628: [GC (CMS Initial Mark) [1 CMS-initial-mark: 256661K(476376K)] 268289K(555032K), 0.0007841 secs] [Times: user=0.00 sys=0.00, real=0.00 secs] 
2024-07-28T21:32:20.490+0800: 9.629: Total time for which application threads were stopped: 0.0009484 seconds, Stopping threads took: 0.0001225 seconds
2024-07-28T21:32:20.490+0800: 9.629: [CMS-concurrent-mark-start]
2024-07-28T21:32:20.494+0800: 9.633: [CMS-concurrent-mark: 0.004/0.004 secs] [Times: user=0.00 sys=0.00, real=0.00 secs] 
2024-07-28T21:32:20.494+0800: 9.633: [CMS-concurrent-preclean-start]
2024-07-28T21:32:20.496+0800: 9.634: [CMS-concurrent-preclean: 0.001/0.001 secs] [Times: user=0.00 sys=0.00, real=0.00 secs] 
2024-07-28T21:32:20.496+0800: 9.634: Application time: 0.0053935 seconds
2024-07-28T21:32:20.496+0800: 9.634: [GC (Allocation Failure) 2024-07-28T21:32:20.496+0800: 9.634: [ParNew: 77165K->8192K(78656K), 0.0139800 secs] 333826K->333462K(555032K), 0.0140520 secs] [Times: user=0.03 sys=0.00, real=0.01 secs] 
2024-07-28T21:32:20.510+0800: 9.649: Total time for which application threads were stopped: 0.0141744 seconds, Stopping threads took: 0.0000151 seconds
2024-07-28T21:32:20.510+0800: 9.649: Application time: 0.0000909 seconds
2024-07-28T21:32:20.510+0800: 9.649: [GC (CMS Final Remark) [YG occupancy: 9216 K (78656 K)]2024-07-28T21:32:20.510+0800: 9.649: [Rescan (parallel) , 0.0006036 secs]2024-07-28T21:32:20.511+0800: 9.649: [weak refs processing, 0.0000314 secs]2024-07-28T21:32:20.511+0800: 9.649: [class unloading, 0.0005114 secs]2024-07-28T21:32:20.511+0800: 9.650: [scrub symbol table, 0.0006475 secs]2024-07-28T21:32:20.512+0800: 9.651: [scrub string table, 0.0001427 secs][1 CMS-remark: 325270K(476376K)] 334486K(555032K), 0.0020906 secs] [Times: user=0.00 sys=0.00, real=0.00 secs] 
2024-07-28T21:32:20.512+0800: 9.651: Total time for which application threads were stopped: 0.0021901 seconds, Stopping threads took: 0.0000484 seconds
2024-07-28T21:32:20.512+0800: 9.651: [CMS-concurrent-sweep-start]
2024-07-28T21:32:20.514+0800: 9.652: [CMS-concurrent-sweep: 0.001/0.001 secs] [Times: user=0.00 sys=0.00, real=0.00 secs] 
2024-07-28T21:32:20.514+0800: 9.653: [CMS-concurrent-reset-start]
2024-07-28T21:32:20.516+0800: 9.655: [CMS-concurrent-reset: 0.002/0.002 secs] [Times: user=0.00 sys=0.00, real=0.00 secs] 
2024-07-28T21:32:20.620+0800: 9.759: Application time: 0.1086371 seconds
2024-07-28T21:32:20.621+0800: 9.759: [GC (Allocation Failure) 2024-07-28T21:32:20.621+0800: 9.760: [ParNew: 77166K->8192K(78656K), 0.0065109 secs] 240642K->198292K(555032K), 0.0065756 secs] [Times: user=0.00 sys=0.00, real=0.01 secs] 
2024-07-28T21:32:20.627+0800: 9.766: Total time for which application threads were stopped: 0.0067039 seconds, Stopping threads took: 0.0000187 seconds
2024-07-28T21:32:20.744+0800: 9.883: Application time: 0.1168305 seconds
2024-07-28T21:32:20.744+0800: 9.883: [GC (Allocation Failure) 2024-07-28T21:32:20.744+0800: 9.883: [ParNew: 77167K->8192K(78656K), 0.0142033 secs] 267267K->266901K(555032K), 0.0142702 secs] [Times: user=0.03 sys=0.00, real=0.01 secs] 
2024-07-28T21:32:20.758+0800: 9.897: Total time for which application threads were stopped: 0.0144208 seconds, Stopping threads took: 0.0000288 seconds
2024-07-28T21:32:20.758+0800: 9.898: Application time: 0.0001359 seconds
2024-07-28T21:32:20.759+0800: 9.898: [GC (CMS Initial Mark) [1 CMS-initial-mark: 258709K(476376K)] 270340K(555032K), 0.0005454 secs] [Times: user=0.00 sys=0.00, real=0.00 secs] 
2024-07-28T21:32:20.759+0800: 9.898: Total time for which application threads were stopped: 0.0007006 seconds, Stopping threads took: 0.0001129 seconds
2024-07-28T21:32:20.759+0800: 9.898: [CMS-concurrent-mark-start]
2024-07-28T21:32:20.764+0800: 9.903: [CMS-concurrent-mark: 0.004/0.004 secs] [Times: user=0.00 sys=0.00, real=0.00 secs] 
2024-07-28T21:32:20.764+0800: 9.903: [CMS-concurrent-preclean-start]
2024-07-28T21:32:20.766+0800: 9.905: [CMS-concurrent-preclean: 0.002/0.002 secs] [Times: user=0.00 sys=0.00, real=0.00 secs] 
2024-07-28T21:32:20.766+0800: 9.905: [CMS-concurrent-abortable-preclean-start]
2024-07-28T21:32:20.766+0800: 9.905: Application time: 0.0070871 seconds
2024-07-28T21:32:20.766+0800: 9.905: [GC (Allocation Failure) 2024-07-28T21:32:20.766+0800: 9.905: [ParNew: 77167K->8192K(78656K), 0.0140715 secs] 335877K->335510K(555032K), 0.0141271 secs] [Times: user=0.03 sys=0.00, real=0.01 secs] 
2024-07-28T21:32:20.780+0800: 9.920: Total time for which application threads were stopped: 0.0142337 seconds, Stopping threads took: 0.0000187 seconds
2024-07-28T21:32:20.889+0800: 10.028: Application time: 0.1088996 seconds
2024-07-28T21:32:20.889+0800: 10.029: [GC (Allocation Failure) 2024-07-28T21:32:20.889+0800: 10.029: [ParNew: 77168K->8192K(78656K), 0.0080729 secs] 404486K->363159K(555032K), 0.0081339 secs] [Times: user=0.03 sys=0.00, real=0.01 secs] 
2024-07-28T21:32:20.897+0800: 10.037: Total time for which application threads were stopped: 0.0082429 seconds, Stopping threads took: 0.0000191 seconds
2024-07-28T21:32:20.897+0800: 10.037: [CMS-concurrent-abortable-preclean: 0.003/0.132 secs] [Times: user=0.06 sys=0.00, real=0.13 secs] 
2024-07-28T21:32:20.898+0800: 10.037: Application time: 0.0003725 seconds
2024-07-28T21:32:20.898+0800: 10.037: [GC (CMS Final Remark) [YG occupancy: 13679 K (78656 K)]2024-07-28T21:32:20.898+0800: 10.037: [Rescan (parallel) , 0.0006300 secs]2024-07-28T21:32:20.899+0800: 10.038: [weak refs processing, 0.0000127 secs]2024-07-28T21:32:20.899+0800: 10.038: [class unloading, 0.0002339 secs]2024-07-28T21:32:20.899+0800: 10.038: [scrub symbol table, 0.0004023 secs]2024-07-28T21:32:20.899+0800: 10.039: [scrub string table, 0.0000941 secs][1 CMS-remark: 354967K(476376K)] 368646K(555032K), 0.0014483 secs] [Times: user=0.00 sys=0.00, real=0.00 secs] 
2024-07-28T21:32:20.899+0800: 10.039: Total time for which application threads were stopped: 0.0015882 seconds, Stopping threads took: 0.0000919 seconds
2024-07-28T21:32:20.900+0800: 10.039: [CMS-concurrent-sweep-start]
2024-07-28T21:32:20.901+0800: 10.040: [CMS-concurrent-sweep: 0.001/0.001 secs] [Times: user=0.00 sys=0.00, real=0.00 secs] 
2024-07-28T21:32:20.901+0800: 10.040: [CMS-concurrent-reset-start]
2024-07-28T21:32:20.902+0800: 10.042: [CMS-concurrent-reset: 0.001/0.001 secs] [Times: user=0.00 sys=0.00, real=0.00 secs] 
2024-07-28T21:32:21.015+0800: 10.154: Application time: 0.1155891 seconds
2024-07-28T21:32:21.015+0800: 10.154: [GC (Allocation Failure) 2024-07-28T21:32:21.015+0800: 10.154: [ParNew: 77168K->8192K(78656K), 0.0134789 secs] 269316K->268949K(555032K), 0.0136241 secs] [Times: user=0.03 sys=0.00, real=0.01 secs] 
2024-07-28T21:32:21.029+0800: 10.168: Total time for which application threads were stopped: 0.0137806 seconds, Stopping threads took: 0.0000192 seconds
2024-07-28T21:32:21.029+0800: 10.168: Application time: 0.0001859 seconds
2024-07-28T21:32:21.029+0800: 10.168: [GC (CMS Initial Mark) [1 CMS-initial-mark: 260757K(476376K)] 269973K(555032K), 0.0009511 secs] [Times: user=0.00 sys=0.00, real=0.00 secs] 
2024-07-28T21:32:21.030+0800: 10.169: Total time for which application threads were stopped: 0.0012217 seconds, Stopping threads took: 0.0001748 seconds
2024-07-28T21:32:21.030+0800: 10.169: [CMS-concurrent-mark-start]
2024-07-28T21:32:21.034+0800: 10.173: [CMS-concurrent-mark: 0.004/0.004 secs] [Times: user=0.00 sys=0.00, real=0.00 secs] 
2024-07-28T21:32:21.034+0800: 10.173: [CMS-concurrent-preclean-start]
2024-07-28T21:32:21.036+0800: 10.175: [CMS-concurrent-preclean: 0.002/0.002 secs] [Times: user=0.03 sys=0.00, real=0.00 secs] 
2024-07-28T21:32:21.036+0800: 10.175: Application time: 0.0056788 seconds
2024-07-28T21:32:21.036+0800: 10.175: [GC (Allocation Failure) 2024-07-28T21:32:21.036+0800: 10.175: [ParNew: 77168K->8192K(78656K), 0.0143295 secs] 337926K->337558K(555032K), 0.0143858 secs] [Times: user=0.01 sys=0.00, real=0.02 secs] 
2024-07-28T21:32:21.051+0800: 10.190: Total time for which application threads were stopped: 0.0144957 seconds, Stopping threads took: 0.0000166 seconds
2024-07-28T21:32:21.051+0800: 10.190: Application time: 0.0003458 seconds
2024-07-28T21:32:21.051+0800: 10.190: [GC (CMS Final Remark) [YG occupancy: 13679 K (78656 K)]2024-07-28T21:32:21.051+0800: 10.190: [Rescan (parallel) , 0.0007464 secs]2024-07-28T21:32:21.052+0800: 10.191: [weak refs processing, 0.0000130 secs]2024-07-28T21:32:21.052+0800: 10.191: [class unloading, 0.0003570 secs]2024-07-28T21:32:21.052+0800: 10.191: [scrub symbol table, 0.0003362 secs]2024-07-28T21:32:21.053+0800: 10.192: [scrub string table, 0.0000930 secs][1 CMS-remark: 329366K(476376K)] 343046K(555032K), 0.0016229 secs] [Times: user=0.00 sys=0.00, real=0.00 secs] 
2024-07-28T21:32:21.053+0800: 10.192: Total time for which application threads were stopped: 0.0018014 seconds, Stopping threads took: 0.0001365 seconds
2024-07-28T21:32:21.053+0800: 10.192: [CMS-concurrent-sweep-start]
2024-07-28T21:32:21.054+0800: 10.193: [CMS-concurrent-sweep: 0.001/0.001 secs] [Times: user=0.00 sys=0.00, real=0.00 secs] 
2024-07-28T21:32:21.054+0800: 10.193: [CMS-concurrent-reset-start]
2024-07-28T21:32:21.055+0800: 10.195: [CMS-concurrent-reset: 0.001/0.001 secs] [Times: user=0.00 sys=0.00, real=0.00 secs] 
2024-07-28T21:32:21.175+0800: 10.314: Application time: 0.1218458 seconds
2024-07-28T21:32:21.175+0800: 10.314: [GC (Allocation Failure) 2024-07-28T21:32:21.175+0800: 10.314: [ParNew: 77168K->8192K(78656K), 0.0086583 secs] 242692K->202388K(555032K), 0.0087207 secs] [Times: user=0.03 sys=0.00, real=0.01 secs] 
2024-07-28T21:32:21.184+0800: 10.322: Total time for which application threads were stopped: 0.0088324 seconds, Stopping threads took: 0.0000183 seconds
2024-07-28T21:32:21.298+0800: 10.437: Application time: 0.1148408 seconds
2024-07-28T21:32:21.298+0800: 10.437: [GC (Allocation Failure) 2024-07-28T21:32:21.298+0800: 10.437: [ParNew: 77168K->8192K(78656K), 0.0138717 secs] 271365K->270997K(555032K), 0.0139337 secs] [Times: user=0.03 sys=0.00, real=0.01 secs] 
2024-07-28T21:32:21.312+0800: 10.451: Total time for which application threads were stopped: 0.0140537 seconds, Stopping threads took: 0.0000177 seconds
2024-07-28T21:32:21.317+0800: 10.456: Application time: 0.0049436 seconds
2024-07-28T21:32:21.317+0800: 10.456: [GC (Allocation Failure) 2024-07-28T21:32:21.317+0800: 10.456: [ParNew: 77168K->8192K(78656K), 0.0141616 secs] 339974K->339606K(555032K), 0.0142343 secs] [Times: user=0.00 sys=0.00, real=0.02 secs] 
2024-07-28T21:32:21.332+0800: 10.471: Total time for which application threads were stopped: 0.0143619 seconds, Stopping threads took: 0.0000237 seconds
2024-07-28T21:32:21.332+0800: 10.471: Application time: 0.0002001 seconds
2024-07-28T21:32:21.332+0800: 10.471: [GC (CMS Initial Mark) [1 CMS-initial-mark: 331414K(476376K)] 343046K(555032K), 0.0005954 secs] [Times: user=0.00 sys=0.02, real=0.00 secs] 
2024-07-28T21:32:21.333+0800: 10.472: Total time for which application threads were stopped: 0.0007330 seconds, Stopping threads took: 0.0000800 seconds
2024-07-28T21:32:21.333+0800: 10.472: [CMS-concurrent-mark-start]
2024-07-28T21:32:21.336+0800: 10.475: [CMS-concurrent-mark: 0.003/0.003 secs] [Times: user=0.00 sys=0.00, real=0.00 secs] 
2024-07-28T21:32:21.336+0800: 10.475: [CMS-concurrent-preclean-start]
2024-07-28T21:32:21.336+0800: 10.475: [CMS-concurrent-preclean: 0.001/0.001 secs] [Times: user=0.00 sys=0.00, real=0.00 secs] 
2024-07-28T21:32:21.336+0800: 10.475: [CMS-concurrent-abortable-preclean-start]
2024-07-28T21:32:21.443+0800: 10.581: Application time: 0.1095403 seconds
2024-07-28T21:32:21.443+0800: 10.581: [GC (Allocation Failure) 2024-07-28T21:32:21.443+0800: 10.581: [ParNew: 77168K->8192K(78656K), 0.0074044 secs] 408583K->369303K(555032K), 0.0074970 secs] [Times: user=0.00 sys=0.00, real=0.01 secs] 
2024-07-28T21:32:21.449+0800: 10.589: Total time for which application threads were stopped: 0.0076253 seconds, Stopping threads took: 0.0000309 seconds
2024-07-28T21:32:21.567+0800: 10.706: Application time: 0.1172922 seconds
2024-07-28T21:32:21.567+0800: 10.706: [GC (Allocation Failure) 2024-07-28T21:32:21.567+0800: 10.706: [ParNew: 77168K->8192K(78656K), 0.0120370 secs] 438279K->437912K(555032K), 0.0120987 secs] [Times: user=0.00 sys=0.00, real=0.01 secs] 
2024-07-28T21:32:21.579+0800: 10.718: Total time for which application threads were stopped: 0.0122158 seconds, Stopping threads took: 0.0000203 seconds
2024-07-28T21:32:21.584+0800: 10.723: Application time: 0.0044225 seconds
2024-07-28T21:32:21.584+0800: 10.723: [GC (Allocation Failure) 2024-07-28T21:32:21.584+0800: 10.723: [ParNew: 77168K->8192K(78656K), 0.0206171 secs] 506888K->506521K(577648K), 0.0206670 secs] [Times: user=0.01 sys=0.02, real=0.02 secs] 
2024-07-28T21:32:21.604+0800: 10.744: Total time for which application threads were stopped: 0.0207802 seconds, Stopping threads took: 0.0000153 seconds
2024-07-28T21:32:21.604+0800: 10.744: [CMS-concurrent-abortable-preclean: 0.005/0.268 secs] [Times: user=0.05 sys=0.02, real=0.27 secs] 
2024-07-28T21:32:21.604+0800: 10.744: Application time: 0.0003858 seconds
2024-07-28T21:32:21.605+0800: 10.744: [GC (CMS Final Remark) [YG occupancy: 14703 K (78656 K)]2024-07-28T21:32:21.605+0800: 10.744: [Rescan (parallel) , 0.0007455 secs]2024-07-28T21:32:21.605+0800: 10.745: [weak refs processing, 0.0000130 secs]2024-07-28T21:32:21.605+0800: 10.745: [class unloading, 0.0002420 secs]2024-07-28T21:32:21.606+0800: 10.745: [scrub symbol table, 0.0003390 secs]2024-07-28T21:32:21.606+0800: 10.745: [scrub string table, 0.0001023 secs][1 CMS-remark: 498329K(498992K)] 513033K(577648K), 0.0015101 secs] [Times: user=0.00 sys=0.00, real=0.00 secs] 
2024-07-28T21:32:21.606+0800: 10.746: Total time for which application threads were stopped: 0.0017112 seconds, Stopping threads took: 0.0001640 seconds
2024-07-28T21:32:21.606+0800: 10.746: [CMS-concurrent-sweep-start]
2024-07-28T21:32:21.609+0800: 10.747: [CMS-concurrent-sweep: 0.002/0.002 secs] [Times: user=0.00 sys=0.00, real=0.00 secs] 
2024-07-28T21:32:21.609+0800: 10.748: [CMS-concurrent-reset-start]
2024-07-28T21:32:21.609+0800: 10.748: [CMS-concurrent-reset: 0.001/0.001 secs] [Times: user=0.00 sys=0.00, real=0.00 secs] 
2024-07-28T21:32:21.724+0800: 10.863: Application time: 0.1175745 seconds
2024-07-28T21:32:21.725+0800: 10.863: [GC (Allocation Failure) 2024-07-28T21:32:21.725+0800: 10.863: [ParNew: 77168K->8192K(78656K), 0.0069768 secs] 410631K->372375K(634428K), 0.0070410 secs] [Times: user=0.00 sys=0.00, real=0.01 secs] 
2024-07-28T21:32:21.732+0800: 10.870: Total time for which application threads were stopped: 0.0071578 seconds, Stopping threads took: 0.0000234 seconds
2024-07-28T21:32:21.732+0800: 10.870: Application time: 0.0001045 seconds
2024-07-28T21:32:21.732+0800: 10.871: [GC (CMS Initial Mark) [1 CMS-initial-mark: 364183K(555772K)] 373399K(634428K), 0.0007879 secs] [Times: user=0.00 sys=0.00, real=0.00 secs] 
2024-07-28T21:32:21.733+0800: 10.871: Total time for which application threads were stopped: 0.0008774 seconds, Stopping threads took: 0.0000481 seconds
2024-07-28T21:32:21.733+0800: 10.871: [CMS-concurrent-mark-start]
2024-07-28T21:32:21.737+0800: 10.876: [CMS-concurrent-mark: 0.005/0.005 secs] [Times: user=0.00 sys=0.00, real=0.00 secs] 
2024-07-28T21:32:21.737+0800: 10.876: [CMS-concurrent-preclean-start]
2024-07-28T21:32:21.738+0800: 10.877: [CMS-concurrent-preclean: 0.001/0.001 secs] [Times: user=0.00 sys=0.00, real=0.00 secs] 
2024-07-28T21:32:21.738+0800: 10.877: [CMS-concurrent-abortable-preclean-start]
2024-07-28T21:32:21.848+0800: 10.987: Application time: 0.1152472 seconds
2024-07-28T21:32:21.848+0800: 10.987: [GC (Allocation Failure) 2024-07-28T21:32:21.848+0800: 10.987: [ParNew: 77168K->8192K(78656K), 0.0126290 secs] 441351K->440984K(634428K), 0.0127070 secs] [Times: user=0.00 sys=0.00, real=0.01 secs] 
2024-07-28T21:32:21.860+0800: 10.999: Total time for which application threads were stopped: 0.0128588 seconds, Stopping threads took: 0.0000233 seconds
2024-07-28T21:32:21.865+0800: 11.004: Application time: 0.0046400 seconds
2024-07-28T21:32:21.865+0800: 11.004: [GC (Allocation Failure) 2024-07-28T21:32:21.865+0800: 11.004: [ParNew: 77168K->8192K(78656K), 0.0132669 secs] 509960K->509593K(634428K), 0.0133285 secs] [Times: user=0.00 sys=0.00, real=0.01 secs] 
2024-07-28T21:32:21.879+0800: 11.018: Total time for which application threads were stopped: 0.0134505 seconds, Stopping threads took: 0.0000164 seconds
2024-07-28T21:32:21.990+0800: 11.129: Application time: 0.1113554 seconds
2024-07-28T21:32:21.990+0800: 11.129: [GC (Allocation Failure) 2024-07-28T21:32:21.990+0800: 11.129: [ParNew: 77168K->8192K(78656K), 0.0189840 secs] 578570K->541337K(634428K), 0.0190372 secs] [Times: user=0.03 sys=0.00, real=0.02 secs] 
2024-07-28T21:32:22.009+0800: 11.148: Total time for which application threads were stopped: 0.0191491 seconds, Stopping threads took: 0.0000217 seconds
2024-07-28T21:32:22.009+0800: 11.148: [CMS-concurrent-abortable-preclean: 0.007/0.271 secs] [Times: user=0.13 sys=0.00, real=0.27 secs] 
2024-07-28T21:32:22.010+0800: 11.148: Application time: 0.0002786 seconds
2024-07-28T21:32:22.010+0800: 11.148: [GC (CMS Final Remark) [YG occupancy: 12655 K (78656 K)]2024-07-28T21:32:22.010+0800: 11.148: [Rescan (parallel) , 0.0009075 secs]2024-07-28T21:32:22.011+0800: 11.149: [weak refs processing, 0.0000135 secs]2024-07-28T21:32:22.011+0800: 11.149: [class unloading, 0.0002685 secs]2024-07-28T21:32:22.011+0800: 11.150: [scrub symbol table, 0.0003727 secs]2024-07-28T21:32:22.011+0800: 11.150: [scrub string table, 0.0001030 secs][1 CMS-remark: 533145K(555772K)] 545801K(634428K), 0.0017354 secs] [Times: user=0.00 sys=0.00, real=0.00 secs] 
2024-07-28T21:32:22.011+0800: 11.150: Total time for which application threads were stopped: 0.0018618 seconds, Stopping threads took: 0.0000868 seconds
2024-07-28T21:32:22.012+0800: 11.150: [CMS-concurrent-sweep-start]
2024-07-28T21:32:22.013+0800: 11.152: [CMS-concurrent-sweep: 0.002/0.002 secs] [Times: user=0.00 sys=0.00, real=0.00 secs] 
2024-07-28T21:32:22.013+0800: 11.152: [CMS-concurrent-reset-start]
2024-07-28T21:32:22.014+0800: 11.153: [CMS-concurrent-reset: 0.001/0.001 secs] [Times: user=0.00 sys=0.00, real=0.00 secs] 
2024-07-28T21:32:22.130+0800: 11.268: Application time: 0.1181914 seconds
2024-07-28T21:32:22.130+0800: 11.268: [GC (Allocation Failure) 2024-07-28T21:32:22.130+0800: 11.269: [ParNew: 77168K->8192K(78656K), 0.0153293 secs] 277509K->277141K(634428K), 0.0154043 secs] [Times: user=0.03 sys=0.00, real=0.01 secs] 
2024-07-28T21:32:22.145+0800: 11.284: Total time for which application threads were stopped: 0.0155195 seconds, Stopping threads took: 0.0000218 seconds
2024-07-28T21:32:22.149+0800: 11.288: Application time: 0.0043890 seconds
2024-07-28T21:32:22.150+0800: 11.288: [GC (Allocation Failure) 2024-07-28T21:32:22.150+0800: 11.288: [ParNew: 77168K->8192K(78656K), 0.0179086 secs] 346118K->345750K(634428K), 0.0179620 secs] [Times: user=0.03 sys=0.00, real=0.02 secs] 
2024-07-28T21:32:22.168+0800: 11.306: Total time for which application threads were stopped: 0.0180669 seconds, Stopping threads took: 0.0000180 seconds
2024-07-28T21:32:22.168+0800: 11.307: Application time: 0.0001277 seconds
2024-07-28T21:32:22.168+0800: 11.307: [GC (CMS Initial Mark) [1 CMS-initial-mark: 337558K(555772K)] 349190K(634428K), 0.0005208 secs] [Times: user=0.00 sys=0.00, real=0.00 secs] 
2024-07-28T21:32:22.168+0800: 11.307: Total time for which application threads were stopped: 0.0006429 seconds, Stopping threads took: 0.0000810 seconds
2024-07-28T21:32:22.168+0800: 11.307: [CMS-concurrent-mark-start]
2024-07-28T21:32:22.171+0800: 11.309: [CMS-concurrent-mark: 0.002/0.002 secs] [Times: user=0.00 sys=0.00, real=0.00 secs] 
2024-07-28T21:32:22.171+0800: 11.309: [CMS-concurrent-preclean-start]
2024-07-28T21:32:22.171+0800: 11.310: [CMS-concurrent-preclean: 0.001/0.001 secs] [Times: user=0.00 sys=0.00, real=0.00 secs] 
2024-07-28T21:32:22.171+0800: 11.310: [CMS-concurrent-abortable-preclean-start]
2024-07-28T21:32:22.288+0800: 11.427: Application time: 0.1195795 seconds
2024-07-28T21:32:22.288+0800: 11.427: [GC (Allocation Failure) 2024-07-28T21:32:22.288+0800: 11.427: [ParNew: 77168K->8192K(78656K), 0.0087625 secs] 414727K->378519K(634428K), 0.0088352 secs] [Times: user=0.00 sys=0.00, real=0.01 secs] 
2024-07-28T21:32:22.297+0800: 11.436: Total time for which application threads were stopped: 0.0089561 seconds, Stopping threads took: 0.0000195 seconds
2024-07-28T21:32:22.411+0800: 11.550: Application time: 0.1145635 seconds
2024-07-28T21:32:22.412+0800: 11.550: [GC (Allocation Failure) 2024-07-28T21:32:22.412+0800: 11.550: [ParNew: 77168K->8192K(78656K), 0.0134011 secs] 447496K->447128K(634428K), 0.0134848 secs] [Times: user=0.00 sys=0.00, real=0.01 secs] 
2024-07-28T21:32:22.425+0800: 11.564: Total time for which application threads were stopped: 0.0136088 seconds, Stopping threads took: 0.0000206 seconds
2024-07-28T21:32:22.431+0800: 11.570: Application time: 0.0061924 seconds
2024-07-28T21:32:22.431+0800: 11.570: [GC (Allocation Failure) 2024-07-28T21:32:22.431+0800: 11.570: [ParNew: 77168K->8192K(78656K), 0.0137433 secs] 516105K->515737K(634428K), 0.0138531 secs] [Times: user=0.03 sys=0.00, real=0.01 secs] 
2024-07-28T21:32:22.445+0800: 11.584: Total time for which application threads were stopped: 0.0140823 seconds, Stopping threads took: 0.0000816 seconds
2024-07-28T21:32:22.445+0800: 11.584: [CMS-concurrent-abortable-preclean: 0.006/0.274 secs] [Times: user=0.09 sys=0.00, real=0.27 secs] 
2024-07-28T21:32:22.446+0800: 11.584: Application time: 0.0002874 seconds
2024-07-28T21:32:22.446+0800: 11.585: [GC (CMS Final Remark) [YG occupancy: 11631 K (78656 K)]2024-07-28T21:32:22.446+0800: 11.585: [Rescan (parallel) , 0.0008102 secs]2024-07-28T21:32:22.447+0800: 11.585: [weak refs processing, 0.0000177 secs]2024-07-28T21:32:22.447+0800: 11.585: [class unloading, 0.0002568 secs]2024-07-28T21:32:22.447+0800: 11.586: [scrub symbol table, 0.0003229 secs]2024-07-28T21:32:22.447+0800: 11.586: [scrub string table, 0.0000910 secs][1 CMS-remark: 507545K(555772K)] 519177K(634428K), 0.0015697 secs] [Times: user=0.00 sys=0.00, real=0.00 secs] 
2024-07-28T21:32:22.447+0800: 11.586: Total time for which application threads were stopped: 0.0016940 seconds, Stopping threads took: 0.0000861 seconds
2024-07-28T21:32:22.448+0800: 11.586: [CMS-concurrent-sweep-start]
2024-07-28T21:32:22.449+0800: 11.588: [CMS-concurrent-sweep: 0.001/0.001 secs] [Times: user=0.00 sys=0.00, real=0.00 secs] 
2024-07-28T21:32:22.449+0800: 11.588: [CMS-concurrent-reset-start]
2024-07-28T21:32:22.450+0800: 11.589: [CMS-concurrent-reset: 0.001/0.001 secs] [Times: user=0.00 sys=0.00, real=0.00 secs] 
2024-07-28T21:32:22.555+0800: 11.694: Application time: 0.1076998 seconds
2024-07-28T21:32:22.555+0800: 11.694: [GC (Allocation Failure) 2024-07-28T21:32:22.555+0800: 11.694: [ParNew: 77168K->8192K(78656K), 0.0088772 secs] 416775K->381591K(644668K), 0.0089363 secs] [Times: user=0.00 sys=0.00, real=0.01 secs] 
2024-07-28T21:32:22.564+0800: 11.703: Total time for which application threads were stopped: 0.0090470 seconds, Stopping threads took: 0.0000187 seconds
2024-07-28T21:32:22.564+0800: 11.703: Application time: 0.0001529 seconds
2024-07-28T21:32:22.564+0800: 11.703: [GC (CMS Initial Mark) [1 CMS-initial-mark: 373399K(566012K)] 385031K(644668K), 0.0007096 secs] [Times: user=0.00 sys=0.00, real=0.00 secs] 
2024-07-28T21:32:22.565+0800: 11.704: Total time for which application threads were stopped: 0.0009019 seconds, Stopping threads took: 0.0001494 seconds
2024-07-28T21:32:22.565+0800: 11.704: [CMS-concurrent-mark-start]
2024-07-28T21:32:22.570+0800: 11.709: [CMS-concurrent-mark: 0.005/0.005 secs] [Times: user=0.05 sys=0.00, real=0.00 secs] 
2024-07-28T21:32:22.570+0800: 11.709: [CMS-concurrent-preclean-start]
2024-07-28T21:32:22.571+0800: 11.710: [CMS-concurrent-preclean: 0.001/0.001 secs] [Times: user=0.00 sys=0.00, real=0.00 secs] 
2024-07-28T21:32:22.571+0800: 11.710: [CMS-concurrent-abortable-preclean-start]
2024-07-28T21:32:22.679+0800: 11.818: Application time: 0.1142558 seconds
2024-07-28T21:32:22.679+0800: 11.818: [GC (Allocation Failure) 2024-07-28T21:32:22.679+0800: 11.818: [ParNew: 77168K->8192K(78656K), 0.0161573 secs] 450568K->450200K(644668K), 0.0162167 secs] [Times: user=0.03 sys=0.00, real=0.02 secs] 
2024-07-28T21:32:22.695+0800: 11.835: Total time for which application threads were stopped: 0.0163263 seconds, Stopping threads took: 0.0000194 seconds
2024-07-28T21:32:22.700+0800: 11.839: Application time: 0.0047424 seconds
2024-07-28T21:32:22.700+0800: 11.839: [GC (Allocation Failure) 2024-07-28T21:32:22.700+0800: 11.839: [ParNew: 77168K->8192K(78656K), 0.0132382 secs] 519177K->518809K(644668K), 0.0132826 secs] [Times: user=0.03 sys=0.00, real=0.01 secs] 
2024-07-28T21:32:22.713+0800: 11.853: Total time for which application threads were stopped: 0.0133823 seconds, Stopping threads took: 0.0000148 seconds
2024-07-28T21:32:22.822+0800: 11.961: Application time: 0.1083298 seconds
2024-07-28T21:32:22.822+0800: 11.961: [GC (Allocation Failure) 2024-07-28T21:32:22.822+0800: 11.961: [ParNew: 77168K->8192K(78656K), 0.0085008 secs] 587786K->553626K(644668K), 0.0085609 secs] [Times: user=0.00 sys=0.00, real=0.01 secs] 
2024-07-28T21:32:22.831+0800: 11.970: Total time for which application threads were stopped: 0.0086680 seconds, Stopping threads took: 0.0000189 seconds
2024-07-28T21:32:22.831+0800: 11.970: [CMS-concurrent-abortable-preclean: 0.007/0.260 secs] [Times: user=0.06 sys=0.00, real=0.26 secs] 
2024-07-28T21:32:22.831+0800: 11.970: Application time: 0.0003287 seconds
2024-07-28T21:32:22.831+0800: 11.970: [GC (CMS Final Remark) [YG occupancy: 12655 K (78656 K)]2024-07-28T21:32:22.831+0800: 11.970: [Rescan (parallel) , 0.0007885 secs]2024-07-28T21:32:22.832+0800: 11.971: [weak refs processing, 0.0000126 secs]2024-07-28T21:32:22.832+0800: 11.971: [class unloading, 0.0002341 secs]2024-07-28T21:32:22.832+0800: 11.971: [scrub symbol table, 0.0003494 secs]2024-07-28T21:32:22.833+0800: 11.972: [scrub string table, 0.0001141 secs][1 CMS-remark: 545433K(566012K)] 558089K(644668K), 0.0015699 secs] [Times: user=0.02 sys=0.00, real=0.00 secs] 
2024-07-28T21:32:22.833+0800: 11.972: Total time for which application threads were stopped: 0.0017214 seconds, Stopping threads took: 0.0001153 seconds
2024-07-28T21:32:22.833+0800: 11.972: [CMS-concurrent-sweep-start]
2024-07-28T21:32:22.835+0800: 11.974: [CMS-concurrent-sweep: 0.002/0.002 secs] [Times: user=0.00 sys=0.00, real=0.00 secs] 
2024-07-28T21:32:22.835+0800: 11.974: [CMS-concurrent-reset-start]
2024-07-28T21:32:22.837+0800: 11.976: [CMS-concurrent-reset: 0.001/0.001 secs] [Times: user=0.00 sys=0.00, real=0.00 secs] 
2024-07-28T21:32:22.945+0800: 12.085: Application time: 0.1127827 seconds
2024-07-28T21:32:22.945+0800: 12.085: [GC (Allocation Failure) 2024-07-28T21:32:22.945+0800: 12.085: [ParNew: 77168K->8192K(78656K), 0.0134794 secs] 283653K->283285K(644668K), 0.0135388 secs] [Times: user=0.03 sys=0.00, real=0.01 secs] 
2024-07-28T21:32:22.959+0800: 12.098: Total time for which application threads were stopped: 0.0136713 seconds, Stopping threads took: 0.0000369 seconds
2024-07-28T21:32:22.959+0800: 12.098: Application time: 0.0001029 seconds
2024-07-28T21:32:22.959+0800: 12.098: [GC (CMS Initial Mark) [1 CMS-initial-mark: 275093K(566012K)] 284309K(644668K), 0.0002651 secs] [Times: user=0.00 sys=0.00, real=0.00 secs] 
2024-07-28T21:32:22.959+0800: 12.099: Total time for which application threads were stopped: 0.0003536 seconds, Stopping threads took: 0.0000438 seconds
2024-07-28T21:32:22.959+0800: 12.099: [CMS-concurrent-mark-start]
2024-07-28T21:32:22.964+0800: 12.103: [CMS-concurrent-mark: 0.005/0.005 secs] [Times: user=0.00 sys=0.00, real=0.00 secs] 
2024-07-28T21:32:22.964+0800: 12.104: [CMS-concurrent-preclean-start]
2024-07-28T21:32:22.966+0800: 12.105: [CMS-concurrent-preclean: 0.002/0.002 secs] [Times: user=0.00 sys=0.00, real=0.00 secs] 
2024-07-28T21:32:22.966+0800: 12.105: Application time: 0.0067161 seconds
2024-07-28T21:32:22.966+0800: 12.105: [GC (Allocation Failure) 2024-07-28T21:32:22.966+0800: 12.105: [ParNew: 77168K->8192K(78656K), 0.0164820 secs] 352262K->351894K(644668K), 0.0165349 secs] [Times: user=0.03 sys=0.00, real=0.02 secs] 
2024-07-28T21:32:22.983+0800: 12.122: Total time for which application threads were stopped: 0.0166558 seconds, Stopping threads took: 0.0000198 seconds
2024-07-28T21:32:22.983+0800: 12.122: Application time: 0.0002857 seconds
2024-07-28T21:32:22.983+0800: 12.122: [GC (CMS Final Remark) [YG occupancy: 11631 K (78656 K)]2024-07-28T21:32:22.983+0800: 12.122: [Rescan (parallel) , 0.0010294 secs]2024-07-28T21:32:22.984+0800: 12.124: [weak refs processing, 0.0000131 secs]2024-07-28T21:32:22.984+0800: 12.124: [class unloading, 0.0002492 secs]2024-07-28T21:32:22.984+0800: 12.124: [scrub symbol table, 0.0003755 secs]2024-07-28T21:32:22.985+0800: 12.124: [scrub string table, 0.0000996 secs][1 CMS-remark: 343702K(566012K)] 355334K(644668K), 0.0018338 secs] [Times: user=0.00 sys=0.00, real=0.00 secs] 
2024-07-28T21:32:22.985+0800: 12.124: Total time for which application threads were stopped: 0.0020086 seconds, Stopping threads took: 0.0001253 seconds
2024-07-28T21:32:22.985+0800: 12.125: [CMS-concurrent-sweep-start]
2024-07-28T21:32:22.987+0800: 12.126: [CMS-concurrent-sweep: 0.001/0.001 secs] [Times: user=0.00 sys=0.00, real=0.00 secs] 
2024-07-28T21:32:22.987+0800: 12.126: [CMS-concurrent-reset-start]
2024-07-28T21:32:22.987+0800: 12.127: [CMS-concurrent-reset: 0.001/0.001 secs] [Times: user=0.00 sys=0.00, real=0.00 secs] 
2024-07-28T21:32:23.106+0800: 12.244: Application time: 0.1201007 seconds
2024-07-28T21:32:23.106+0800: 12.244: [GC (Allocation Failure) 2024-07-28T21:32:23.106+0800: 12.245: [ParNew: 77168K->8192K(78656K), 0.0092093 secs] 249861K->216724K(644668K), 0.0092822 secs] [Times: user=0.03 sys=0.00, real=0.01 secs] 
2024-07-28T21:32:23.115+0800: 12.254: Total time for which application threads were stopped: 0.0093925 seconds, Stopping threads took: 0.0000179 seconds
2024-07-28T21:32:23.229+0800: 12.368: Application time: 0.1140115 seconds
2024-07-28T21:32:23.229+0800: 12.368: [GC (Allocation Failure) 2024-07-28T21:32:23.229+0800: 12.368: [ParNew: 77168K->8192K(78656K), 0.0128602 secs] 285701K->285333K(644668K), 0.0129240 secs] [Times: user=0.03 sys=0.00, real=0.01 secs] 
2024-07-28T21:32:23.242+0800: 12.381: Total time for which application threads were stopped: 0.0130467 seconds, Stopping threads took: 0.0000228 seconds
2024-07-28T21:32:23.247+0800: 12.386: Application time: 0.0049495 seconds
2024-07-28T21:32:23.247+0800: 12.386: [GC (Allocation Failure) 2024-07-28T21:32:23.247+0800: 12.386: [ParNew: 77168K->8192K(78656K), 0.0126496 secs] 354310K->353943K(644668K), 0.0127165 secs] [Times: user=0.03 sys=0.00, real=0.01 secs] 
2024-07-28T21:32:23.260+0800: 12.399: Total time for which application threads were stopped: 0.0128187 seconds, Stopping threads took: 0.0000154 seconds
2024-07-28T21:32:23.260+0800: 12.399: Application time: 0.0002030 seconds
2024-07-28T21:32:23.260+0800: 12.399: [GC (CMS Initial Mark) [1 CMS-initial-mark: 345750K(566012K)] 357382K(644668K), 0.0007380 secs] [Times: user=0.00 sys=0.00, real=0.00 secs] 
2024-07-28T21:32:23.261+0800: 12.400: Total time for which application threads were stopped: 0.0009010 seconds, Stopping threads took: 0.0001155 seconds
2024-07-28T21:32:23.261+0800: 12.400: [CMS-concurrent-mark-start]
2024-07-28T21:32:23.263+0800: 12.402: [CMS-concurrent-mark: 0.002/0.002 secs] [Times: user=0.00 sys=0.00, real=0.00 secs] 
2024-07-28T21:32:23.263+0800: 12.402: [CMS-concurrent-preclean-start]
2024-07-28T21:32:23.264+0800: 12.403: [CMS-concurrent-preclean: 0.001/0.001 secs] [Times: user=0.00 sys=0.00, real=0.00 secs] 
2024-07-28T21:32:23.264+0800: 12.403: [CMS-concurrent-abortable-preclean-start]
2024-07-28T21:32:23.373+0800: 12.512: Application time: 0.1125182 seconds
2024-07-28T21:32:23.373+0800: 12.512: [GC (Allocation Failure) 2024-07-28T21:32:23.373+0800: 12.512: [ParNew: 77168K->8192K(78656K), 0.0082132 secs] 422919K->390807K(644668K), 0.0082899 secs] [Times: user=0.01 sys=0.02, real=0.01 secs] 
2024-07-28T21:32:23.382+0800: 12.521: Total time for which application threads were stopped: 0.0084044 seconds, Stopping threads took: 0.0000193 seconds
2024-07-28T21:32:23.498+0800: 12.638: Application time: 0.1170685 seconds
2024-07-28T21:32:23.498+0800: 12.638: [GC (Allocation Failure) 2024-07-28T21:32:23.498+0800: 12.638: [ParNew: 77168K->8192K(78656K), 0.0127061 secs] 459784K->459416K(644668K), 0.0127662 secs] [Times: user=0.03 sys=0.00, real=0.01 secs] 
2024-07-28T21:32:23.511+0800: 12.651: Total time for which application threads were stopped: 0.0128780 seconds, Stopping threads took: 0.0000193 seconds
2024-07-28T21:32:23.511+0800: 12.651: [CMS-concurrent-abortable-preclean: 0.006/0.248 secs] [Times: user=0.05 sys=0.02, real=0.25 secs] 
2024-07-28T21:32:23.512+0800: 12.651: Application time: 0.0003498 seconds
2024-07-28T21:32:23.512+0800: 12.651: [GC (CMS Final Remark) [YG occupancy: 13679 K (78656 K)]2024-07-28T21:32:23.512+0800: 12.651: [Rescan (parallel) , 0.0007905 secs]2024-07-28T21:32:23.513+0800: 12.652: [weak refs processing, 0.0000283 secs]2024-07-28T21:32:23.513+0800: 12.652: [class unloading, 0.0002235 secs]2024-07-28T21:32:23.513+0800: 12.652: [scrub symbol table, 0.0003106 secs]2024-07-28T21:32:23.513+0800: 12.653: [scrub string table, 0.0000955 secs][1 CMS-remark: 451224K(566012K)] 464904K(644668K), 0.0015233 secs] [Times: user=0.00 sys=0.00, real=0.00 secs] 
2024-07-28T21:32:23.513+0800: 12.653: Total time for which application threads were stopped: 0.0017031 seconds, Stopping threads took: 0.0001431 seconds
2024-07-28T21:32:23.514+0800: 12.653: [CMS-concurrent-sweep-start]
2024-07-28T21:32:23.515+0800: 12.655: [CMS-concurrent-sweep: 0.002/0.002 secs] [Times: user=0.00 sys=0.00, real=0.00 secs] 
2024-07-28T21:32:23.515+0800: 12.655: [CMS-concurrent-reset-start]
2024-07-28T21:32:23.517+0800: 12.656: [CMS-concurrent-reset: 0.001/0.001 secs] [Times: user=0.00 sys=0.00, real=0.00 secs] 
2024-07-28T21:32:23.518+0800: 12.658: Application time: 0.0048720 seconds
2024-07-28T21:32:23.518+0800: 12.658: [GC (Allocation Failure) 2024-07-28T21:32:23.518+0800: 12.658: [ParNew: 77168K->8192K(78656K), 0.0126183 secs] 356358K->355991K(644668K), 0.0126653 secs] [Times: user=0.03 sys=0.00, real=0.01 secs] 
2024-07-28T21:32:23.531+0800: 12.670: Total time for which application threads were stopped: 0.0127612 seconds, Stopping threads took: 0.0000134 seconds
2024-07-28T21:32:23.531+0800: 12.671: Application time: 0.0002208 seconds
2024-07-28T21:32:23.531+0800: 12.671: [GC (CMS Initial Mark) [1 CMS-initial-mark: 347798K(566012K)] 359430K(644668K), 0.0007219 secs] [Times: user=0.00 sys=0.00, real=0.00 secs] 
2024-07-28T21:32:23.532+0800: 12.671: Total time for which application threads were stopped: 0.0008551 seconds, Stopping threads took: 0.0000916 seconds
2024-07-28T21:32:23.532+0800: 12.672: [CMS-concurrent-mark-start]
2024-07-28T21:32:23.534+0800: 12.673: [CMS-concurrent-mark: 0.002/0.002 secs] [Times: user=0.00 sys=0.00, real=0.00 secs] 
2024-07-28T21:32:23.534+0800: 12.673: [CMS-concurrent-preclean-start]
2024-07-28T21:32:23.535+0800: 12.674: [CMS-concurrent-preclean: 0.001/0.001 secs] [Times: user=0.00 sys=0.00, real=0.00 secs] 
2024-07-28T21:32:23.535+0800: 12.674: [CMS-concurrent-abortable-preclean-start]
2024-07-28T21:32:23.643+0800: 12.782: Application time: 0.1103745 seconds
2024-07-28T21:32:23.643+0800: 12.782: [GC (Allocation Failure) 2024-07-28T21:32:23.643+0800: 12.782: [ParNew: 77168K->8192K(78656K), 0.0106534 secs] 424967K->393879K(644668K), 0.0107805 secs] [Times: user=0.03 sys=0.00, real=0.01 secs] 
2024-07-28T21:32:23.654+0800: 12.793: Total time for which application threads were stopped: 0.0109726 seconds, Stopping threads took: 0.0000399 seconds
2024-07-28T21:32:23.766+0800: 12.906: Application time: 0.1128542 seconds
2024-07-28T21:32:23.766+0800: 12.906: [GC (Allocation Failure) 2024-07-28T21:32:23.766+0800: 12.906: [ParNew: 77168K->8192K(78656K), 0.0121680 secs] 462856K->462488K(644668K), 0.0122411 secs] [Times: user=0.03 sys=0.00, real=0.01 secs] 
2024-07-28T21:32:23.779+0800: 12.918: Total time for which application threads were stopped: 0.0124152 seconds, Stopping threads took: 0.0000344 seconds
2024-07-28T21:32:23.779+0800: 12.918: [CMS-concurrent-abortable-preclean: 0.006/0.244 secs] [Times: user=0.09 sys=0.00, real=0.24 secs] 
2024-07-28T21:32:23.779+0800: 12.918: Application time: 0.0002532 seconds
2024-07-28T21:32:23.779+0800: 12.918: [GC (CMS Final Remark) [YG occupancy: 12655 K (78656 K)]2024-07-28T21:32:23.779+0800: 12.918: [Rescan (parallel) , 0.0011273 secs]2024-07-28T21:32:23.780+0800: 12.920: [weak refs processing, 0.0000137 secs]2024-07-28T21:32:23.780+0800: 12.920: [class unloading, 0.0002494 secs]2024-07-28T21:32:23.781+0800: 12.920: [scrub symbol table, 0.0003301 secs]2024-07-28T21:32:23.781+0800: 12.920: [scrub string table, 0.0000917 secs][1 CMS-remark: 454296K(566012K)] 466952K(644668K), 0.0018846 secs] [Times: user=0.00 sys=0.00, real=0.00 secs] 
2024-07-28T21:32:23.781+0800: 12.920: Total time for which application threads were stopped: 0.0020256 seconds, Stopping threads took: 0.0001011 seconds
2024-07-28T21:32:23.781+0800: 12.921: [CMS-concurrent-sweep-start]
2024-07-28T21:32:23.783+0800: 12.922: [CMS-concurrent-sweep: 0.002/0.002 secs] [Times: user=0.00 sys=0.00, real=0.00 secs] 
2024-07-28T21:32:23.783+0800: 12.922: [CMS-concurrent-reset-start]
2024-07-28T21:32:23.784+0800: 12.924: [CMS-concurrent-reset: 0.001/0.001 secs] [Times: user=0.00 sys=0.00, real=0.00 secs] 
2024-07-28T21:32:23.786+0800: 12.925: Application time: 0.0048519 seconds
2024-07-28T21:32:23.786+0800: 12.925: [GC (Allocation Failure) 2024-07-28T21:32:23.786+0800: 12.925: [ParNew: 77168K->8192K(78656K), 0.0123911 secs] 358406K->358039K(644668K), 0.0124395 secs] [Times: user=0.00 sys=0.00, real=0.01 secs] 
2024-07-28T21:32:23.798+0800: 12.938: Total time for which application threads were stopped: 0.0125349 seconds, Stopping threads took: 0.0000136 seconds
2024-07-28T21:32:23.799+0800: 12.938: Application time: 0.0001470 seconds
2024-07-28T21:32:23.799+0800: 12.938: [GC (CMS Initial Mark) [1 CMS-initial-mark: 349846K(566012K)] 359063K(644668K), 0.0006635 secs] [Times: user=0.00 sys=0.00, real=0.00 secs] 
2024-07-28T21:32:23.799+0800: 12.939: Total time for which application threads were stopped: 0.0008221 seconds, Stopping threads took: 0.0001172 seconds
2024-07-28T21:32:23.800+0800: 12.939: [CMS-concurrent-mark-start]
2024-07-28T21:32:23.801+0800: 12.941: [CMS-concurrent-mark: 0.002/0.002 secs] [Times: user=0.05 sys=0.00, real=0.00 secs] 
2024-07-28T21:32:23.802+0800: 12.941: [CMS-concurrent-preclean-start]
2024-07-28T21:32:23.802+0800: 12.942: [CMS-concurrent-preclean: 0.001/0.001 secs] [Times: user=0.00 sys=0.00, real=0.00 secs] 
2024-07-28T21:32:23.802+0800: 12.942: [CMS-concurrent-abortable-preclean-start]
2024-07-28T21:32:23.909+0800: 13.048: Application time: 0.1089333 seconds
2024-07-28T21:32:23.909+0800: 13.048: [GC (Allocation Failure) 2024-07-28T21:32:23.909+0800: 13.048: [ParNew: 77168K->8192K(78656K), 0.0081372 secs] 427015K->396951K(644668K), 0.0081987 secs] [Times: user=0.03 sys=0.00, real=0.01 secs] 
2024-07-28T21:32:23.916+0800: 13.056: Total time for which application threads were stopped: 0.0083085 seconds, Stopping threads took: 0.0000193 seconds
2024-07-28T21:32:24.033+0800: 13.173: Application time: 0.1166545 seconds
2024-07-28T21:32:24.034+0800: 13.173: [GC (Allocation Failure) 2024-07-28T21:32:24.034+0800: 13.173: [ParNew: 77168K->8192K(78656K), 0.0128236 secs] 465928K->465560K(644668K), 0.0128836 secs] [Times: user=0.03 sys=0.00, real=0.01 secs] 
2024-07-28T21:32:24.047+0800: 13.186: Total time for which application threads were stopped: 0.0130399 seconds, Stopping threads took: 0.0000333 seconds
2024-07-28T21:32:24.047+0800: 13.186: [CMS-concurrent-abortable-preclean: 0.006/0.244 secs] [Times: user=0.06 sys=0.00, real=0.24 secs] 
2024-07-28T21:32:24.047+0800: 13.186: Application time: 0.0003667 seconds
2024-07-28T21:32:24.047+0800: 13.186: [GC (CMS Final Remark) [YG occupancy: 13679 K (78656 K)]2024-07-28T21:32:24.047+0800: 13.186: [Rescan (parallel) , 0.0005679 secs]2024-07-28T21:32:24.048+0800: 13.187: [weak refs processing, 0.0000177 secs]2024-07-28T21:32:24.048+0800: 13.187: [class unloading, 0.0002069 secs]2024-07-28T21:32:24.048+0800: 13.187: [scrub symbol table, 0.0003251 secs]2024-07-28T21:32:24.048+0800: 13.187: [scrub string table, 0.0001028 secs][1 CMS-remark: 457368K(566012K)] 471048K(644668K), 0.0012940 secs] [Times: user=0.00 sys=0.00, real=0.00 secs] 
2024-07-28T21:32:24.048+0800: 13.187: Total time for which application threads were stopped: 0.0014527 seconds, Stopping threads took: 0.0001203 seconds
2024-07-28T21:32:24.049+0800: 13.188: [CMS-concurrent-sweep-start]
2024-07-28T21:32:24.050+0800: 13.189: [CMS-concurrent-sweep: 0.001/0.001 secs] [Times: user=0.00 sys=0.00, real=0.00 secs] 
2024-07-28T21:32:24.050+0800: 13.189: [CMS-concurrent-reset-start]
2024-07-28T21:32:24.051+0800: 13.190: [CMS-concurrent-reset: 0.001/0.001 secs] [Times: user=0.03 sys=0.00, real=0.00 secs] 
2024-07-28T21:32:24.053+0800: 13.192: Application time: 0.0047601 seconds
2024-07-28T21:32:24.053+0800: 13.192: [GC (Allocation Failure) 2024-07-28T21:32:24.053+0800: 13.192: [ParNew: 77168K->8192K(78656K), 0.0129210 secs] 360454K->360087K(644668K), 0.0129703 secs] [Times: user=0.00 sys=0.00, real=0.01 secs] 
2024-07-28T21:32:24.066+0800: 13.205: Total time for which application threads were stopped: 0.0130739 seconds, Stopping threads took: 0.0000136 seconds
2024-07-28T21:32:24.066+0800: 13.205: Application time: 0.0001745 seconds
2024-07-28T21:32:24.066+0800: 13.206: [GC (CMS Initial Mark) [1 CMS-initial-mark: 351894K(566012K)] 363526K(644668K), 0.0005455 secs] [Times: user=0.03 sys=0.00, real=0.00 secs] 
2024-07-28T21:32:24.067+0800: 13.206: Total time for which application threads were stopped: 0.0006654 seconds, Stopping threads took: 0.0000779 seconds
2024-07-28T21:32:24.067+0800: 13.206: [CMS-concurrent-mark-start]
2024-07-28T21:32:24.070+0800: 13.209: [CMS-concurrent-mark: 0.002/0.002 secs] [Times: user=0.00 sys=0.00, real=0.00 secs] 
2024-07-28T21:32:24.070+0800: 13.209: [CMS-concurrent-preclean-start]
2024-07-28T21:32:24.070+0800: 13.209: [CMS-concurrent-preclean: 0.001/0.001 secs] [Times: user=0.00 sys=0.00, real=0.00 secs] 
2024-07-28T21:32:24.070+0800: 13.209: [CMS-concurrent-abortable-preclean-start]
2024-07-28T21:32:24.177+0800: 13.316: Application time: 0.1099242 seconds
2024-07-28T21:32:24.177+0800: 13.316: [GC (Allocation Failure) 2024-07-28T21:32:24.177+0800: 13.316: [ParNew: 77168K->8192K(78656K), 0.0087333 secs] 429063K->400023K(644668K), 0.0087918 secs] [Times: user=0.00 sys=0.00, real=0.01 secs] 
2024-07-28T21:32:24.186+0800: 13.325: Total time for which application threads were stopped: 0.0088999 seconds, Stopping threads took: 0.0000186 seconds
2024-07-28T21:32:24.301+0800: 13.440: Application time: 0.1150876 seconds
2024-07-28T21:32:24.301+0800: 13.440: [GC (Allocation Failure) 2024-07-28T21:32:24.301+0800: 13.440: [ParNew: 77168K->8192K(78656K), 0.0134338 secs] 469000K->468632K(644668K), 0.0135023 secs] [Times: user=0.00 sys=0.00, real=0.01 secs] 
2024-07-28T21:32:24.315+0800: 13.454: Total time for which application threads were stopped: 0.0136139 seconds, Stopping threads took: 0.0000190 seconds
2024-07-28T21:32:24.315+0800: 13.454: [CMS-concurrent-abortable-preclean: 0.006/0.244 secs] [Times: user=0.05 sys=0.00, real=0.25 secs] 
2024-07-28T21:32:24.315+0800: 13.454: Application time: 0.0003201 seconds
2024-07-28T21:32:24.315+0800: 13.454: [GC (CMS Final Remark) [YG occupancy: 12655 K (78656 K)]2024-07-28T21:32:24.315+0800: 13.454: [Rescan (parallel) , 0.0005259 secs]2024-07-28T21:32:24.316+0800: 13.455: [weak refs processing, 0.0000161 secs]2024-07-28T21:32:24.316+0800: 13.455: [class unloading, 0.0002297 secs]2024-07-28T21:32:24.316+0800: 13.455: [scrub symbol table, 0.0003164 secs]2024-07-28T21:32:24.316+0800: 13.455: [scrub string table, 0.0000928 secs][1 CMS-remark: 460440K(566012K)] 473096K(644668K), 0.0012586 secs] [Times: user=0.00 sys=0.00, real=0.00 secs] 
2024-07-28T21:32:24.316+0800: 13.455: Total time for which application threads were stopped: 0.0013661 seconds, Stopping threads took: 0.0000671 seconds
2024-07-28T21:32:24.317+0800: 13.456: [CMS-concurrent-sweep-start]
2024-07-28T21:32:24.318+0800: 13.457: [CMS-concurrent-sweep: 0.002/0.002 secs] [Times: user=0.00 sys=0.00, real=0.00 secs] 
2024-07-28T21:32:24.318+0800: 13.457: [CMS-concurrent-reset-start]
2024-07-28T21:32:24.319+0800: 13.459: [CMS-concurrent-reset: 0.001/0.001 secs] [Times: user=0.00 sys=0.00, real=0.00 secs] 
2024-07-28T21:32:24.321+0800: 13.460: Application time: 0.0049868 seconds
2024-07-28T21:32:24.321+0800: 13.460: [GC (Allocation Failure) 2024-07-28T21:32:24.321+0800: 13.460: [ParNew: 77168K->8192K(78656K), 0.0129871 secs] 362502K->362135K(644668K), 0.0130351 secs] [Times: user=0.03 sys=0.00, real=0.01 secs] 
2024-07-28T21:32:24.334+0800: 13.474: Total time for which application threads were stopped: 0.0131535 seconds, Stopping threads took: 0.0000157 seconds
2024-07-28T21:32:24.335+0800: 13.474: Application time: 0.0001825 seconds
2024-07-28T21:32:24.335+0800: 13.474: [GC (CMS Initial Mark) [1 CMS-initial-mark: 353943K(566012K)] 365574K(644668K), 0.0005329 secs] [Times: user=0.00 sys=0.00, real=0.00 secs] 
2024-07-28T21:32:24.335+0800: 13.474: Total time for which application threads were stopped: 0.0006336 seconds, Stopping threads took: 0.0000622 seconds
2024-07-28T21:32:24.335+0800: 13.474: [CMS-concurrent-mark-start]
2024-07-28T21:32:24.337+0800: 13.476: [CMS-concurrent-mark: 0.002/0.002 secs] [Times: user=0.00 sys=0.00, real=0.00 secs] 
2024-07-28T21:32:24.337+0800: 13.476: [CMS-concurrent-preclean-start]
2024-07-28T21:32:24.338+0800: 13.477: [CMS-concurrent-preclean: 0.001/0.001 secs] [Times: user=0.00 sys=0.00, real=0.00 secs] 
2024-07-28T21:32:24.338+0800: 13.477: [CMS-concurrent-abortable-preclean-start]
Heap
 par new generation   total 78656K, used 29415K [0x00000000c8000000, 0x00000000cd550000, 0x00000000daaa0000)
  eden space 69952K,  30% used [0x00000000c8000000, 0x00000000c94b9d50, 0x00000000cc450000)
  from space 8704K,  94% used [0x00000000cccd0000, 0x00000000cd4d0080, 0x00000000cd550000)
  to   space 8704K,   0% used [0x00000000cc450000, 0x00000000cc450000, 0x00000000cccd0000)
 concurrent mark-sweep generation total 566012K, used 353943K [0x00000000daaa0000, 0x00000000fd35f000, 0x0000000100000000)
 Metaspace       used 3005K, capacity 4486K, committed 4864K, reserved 1056768K
  class space    used 310K, capacity 386K, committed 512K, reserved 1048576K
2024-07-28T21:32:24.442+0800: 13.581: Application time: 0.1063600 seconds
