OpenJDK 64-Bit Server VM (25.412-b1) for windows-amd64 JRE (1.8.0_412-b1), built on Apr 23 2024 12:00:37 by "Administrator" with MS VC++ 10.0 (VS2010)
Memory: 4k page, physical 16672068k(5697648k free), swap 19933956k(3762132k free)
CommandLine flags: -XX:CMSFullGCsBeforeCompaction=4 -XX:GCDrainStackTargetSize=64 -XX:InitialHeapSize=266753088 -XX:MaxHeapSize=939524096 -XX:MaxNewSize=313176064 -XX:MaxTenuringThreshold=6 -XX:OldPLABSize=16 -XX:+PrintGC -XX:+PrintGCApplicationConcurrentTime -XX:+PrintGCApplicationStoppedTime -XX:+PrintGCDateStamps -XX:+PrintGCDetails -XX:+PrintGCTimeStamps -XX:+UseCMSCompactAtFullCollection -XX:+UseCompressedClassPointers -XX:+UseCompressedOops -XX:+UseConcMarkSweepGC -XX:-UseLargePagesIndividualAllocation -XX:+UseParNewGC 
2024-07-28T21:32:24.630+0800: 0.113: Application time: 0.0365419 seconds
2024-07-28T21:32:24.630+0800: 0.113: [GC (Allocation Failure) 2024-07-28T21:32:24.630+0800: 0.113: [ParNew: 68984K->7953K(78656K), 0.0364484 secs] 68984K->68372K(253440K), 0.0366211 secs] [Times: user=0.03 sys=0.03, real=0.04 secs] 
2024-07-28T21:32:24.667+0800: 0.149: Total time for which application threads were stopped: 0.0367534 seconds, Stopping threads took: 0.0000216 seconds
2024-07-28T21:32:24.775+0800: 0.258: Application time: 0.1091258 seconds
2024-07-28T21:32:24.775+0800: 0.259: [GC (Allocation Failure) 2024-07-28T21:32:24.775+0800: 0.259: [ParNew: 76923K->8534K(78656K), 0.0247615 secs] 137342K->137189K(253440K), 0.0248236 secs] [Times: user=0.02 sys=0.03, real=0.02 secs] 
2024-07-28T21:32:24.800+0800: 0.283: Total time for which application threads were stopped: 0.0249598 seconds, Stopping threads took: 0.0000425 seconds
2024-07-28T21:32:24.800+0800: 0.284: Application time: 0.0003040 seconds
2024-07-28T21:32:24.801+0800: 0.284: [GC (CMS Initial Mark) [1 CMS-initial-mark: 128655K(174784K)] 141640K(253440K), 0.0007870 secs] [Times: user=0.00 sys=0.00, real=0.00 secs] 
2024-07-28T21:32:24.801+0800: 0.285: Total time for which application threads were stopped: 0.0009036 seconds, Stopping threads took: 0.0000760 seconds
2024-07-28T21:32:24.801+0800: 0.285: [CMS-concurrent-mark-start]
2024-07-28T21:32:24.805+0800: 0.288: [CMS-concurrent-mark: 0.003/0.003 secs] [Times: user=0.00 sys=0.00, real=0.00 secs] 
2024-07-28T21:32:24.805+0800: 0.288: [CMS-concurrent-preclean-start]
2024-07-28T21:32:24.806+0800: 0.289: [CMS-concurrent-preclean: 0.001/0.001 secs] [Times: user=0.00 sys=0.00, real=0.00 secs] 
2024-07-28T21:32:24.806+0800: 0.289: [CMS-concurrent-abortable-preclean-start]
2024-07-28T21:32:24.916+0800: 0.399: Application time: 0.1139266 seconds
2024-07-28T21:32:24.916+0800: 0.399: [GC (Allocation Failure) 2024-07-28T21:32:24.916+0800: 0.399: [ParNew: 77498K->14K(78656K), 0.0008094 secs] 206153K->128672K(253440K), 0.0008731 secs] [Times: user=0.00 sys=0.00, real=0.00 secs] 
2024-07-28T21:32:24.917+0800: 0.400: Total time for which application threads were stopped: 0.0010326 seconds, Stopping threads took: 0.0000457 seconds
2024-07-28T21:32:24.922+0800: 0.405: Application time: 0.0049951 seconds
2024-07-28T21:32:24.922+0800: 0.405: [GC (Allocation Failure) 2024-07-28T21:32:24.922+0800: 0.405: [ParNew: 68982K->8196K(78656K), 0.0332172 secs] 197640K->197271K(268860K), 0.0332798 secs] [Times: user=0.03 sys=0.05, real=0.03 secs] 
2024-07-28T21:32:24.955+0800: 0.438: Total time for which application threads were stopped: 0.0333899 seconds, Stopping threads took: 0.0000180 seconds
2024-07-28T21:32:25.076+0800: 0.559: Application time: 0.1210708 seconds
2024-07-28T21:32:25.077+0800: 0.559: [GC (Allocation Failure) 2024-07-28T21:32:25.077+0800: 0.559: [ParNew: 77168K->8192K(78656K), 0.0290207 secs] 266242K->265877K(337736K), 0.0290948 secs] [Times: user=0.06 sys=0.03, real=0.03 secs] 
2024-07-28T21:32:25.106+0800: 0.588: Total time for which application threads were stopped: 0.0292258 seconds, Stopping threads took: 0.0000365 seconds
2024-07-28T21:32:25.217+0800: 0.700: Application time: 0.1112546 seconds
2024-07-28T21:32:25.217+0800: 0.700: [GC (Allocation Failure) 2024-07-28T21:32:25.217+0800: 0.700: [ParNew: 77165K->1024K(78656K), 0.0011095 secs] 334850K->258708K(337736K), 0.0011616 secs] [Times: user=0.00 sys=0.00, real=0.00 secs] 
2024-07-28T21:32:25.218+0800: 0.701: Total time for which application threads were stopped: 0.0012657 seconds, Stopping threads took: 0.0000194 seconds
2024-07-28T21:32:25.222+0800: 0.705: Application time: 0.0045115 seconds
2024-07-28T21:32:25.222+0800: 0.705: [GC (Allocation Failure) 2024-07-28T21:32:25.222+0800: 0.705: [ParNew: 69998K->8192K(78656K), 0.0378308 secs] 327683K->327318K(398388K), 0.0378819 secs] [Times: user=0.14 sys=0.03, real=0.04 secs] 
2024-07-28T21:32:25.260+0800: 0.743: Total time for which application threads were stopped: 0.0379923 seconds, Stopping threads took: 0.0000150 seconds
2024-07-28T21:32:25.260+0800: 0.743: [CMS-concurrent-abortable-preclean: 0.005/0.454 secs] [Times: user=0.25 sys=0.11, real=0.45 secs] 
2024-07-28T21:32:25.260+0800: 0.744: Application time: 0.0002745 seconds
2024-07-28T21:32:25.261+0800: 0.744: [GC (CMS Final Remark) [YG occupancy: 12654 K (78656 K)]2024-07-28T21:32:25.261+0800: 0.744: [Rescan (parallel) , 0.0008754 secs]2024-07-28T21:32:25.261+0800: 0.745: [weak refs processing, 0.0000128 secs]2024-07-28T21:32:25.261+0800: 0.745: [class unloading, 0.0002616 secs]2024-07-28T21:32:25.262+0800: 0.745: [scrub symbol table, 0.0003189 secs]2024-07-28T21:32:25.262+0800: 0.745: [scrub string table, 0.0000911 secs][1 CMS-remark: 319125K(319732K)] 331780K(398388K), 0.0016430 secs] [Times: user=0.00 sys=0.00, real=0.00 secs] 
2024-07-28T21:32:25.262+0800: 0.745: Total time for which application threads were stopped: 0.0017925 seconds, Stopping threads took: 0.0000835 seconds
2024-07-28T21:32:25.262+0800: 0.746: [CMS-concurrent-sweep-start]
2024-07-28T21:32:25.263+0800: 0.747: [CMS-concurrent-sweep: 0.001/0.001 secs] [Times: user=0.00 sys=0.00, real=0.00 secs] 
2024-07-28T21:32:25.265+0800: 0.748: [CMS-concurrent-reset-start]
2024-07-28T21:32:25.268+0800: 0.751: [CMS-concurrent-reset: 0.003/0.003 secs] [Times: user=0.00 sys=0.00, real=0.00 secs] 
2024-07-28T21:32:25.376+0800: 0.859: Application time: 0.1137630 seconds
2024-07-28T21:32:25.376+0800: 0.859: [GC (Allocation Failure) 2024-07-28T21:32:25.376+0800: 0.859: [ParNew: 77167K->8192K(78656K), 0.0388509 secs] 396292K->395926K(610532K), 0.0389094 secs] [Times: user=0.06 sys=0.03, real=0.04 secs] 
2024-07-28T21:32:25.415+0800: 0.898: Total time for which application threads were stopped: 0.0390224 seconds, Stopping threads took: 0.0000198 seconds
2024-07-28T21:32:25.415+0800: 0.898: Application time: 0.0001649 seconds
2024-07-28T21:32:25.415+0800: 0.899: [GC (CMS Initial Mark) [1 CMS-initial-mark: 387733K(531876K)] 399364K(610532K), 0.0007015 secs] [Times: user=0.00 sys=0.00, real=0.00 secs] 
2024-07-28T21:32:25.416+0800: 0.899: Total time for which application threads were stopped: 0.0008919 seconds, Stopping threads took: 0.0001513 seconds
2024-07-28T21:32:25.416+0800: 0.899: [CMS-concurrent-mark-start]
2024-07-28T21:32:25.421+0800: 0.904: [CMS-concurrent-mark: 0.005/0.005 secs] [Times: user=0.00 sys=0.00, real=0.01 secs] 
2024-07-28T21:32:25.421+0800: 0.904: [CMS-concurrent-preclean-start]
2024-07-28T21:32:25.422+0800: 0.905: [CMS-concurrent-preclean: 0.001/0.001 secs] [Times: user=0.00 sys=0.00, real=0.00 secs] 
2024-07-28T21:32:25.422+0800: 0.905: [CMS-concurrent-abortable-preclean-start]
2024-07-28T21:32:25.530+0800: 1.013: Application time: 0.1142061 seconds
2024-07-28T21:32:25.531+0800: 1.014: [GC (Allocation Failure) 2024-07-28T21:32:25.531+0800: 1.014: [ParNew: 77167K->2048K(78656K), 0.0014898 secs] 464901K->389781K(610532K), 0.0015672 secs] [Times: user=0.00 sys=0.00, real=0.00 secs] 
2024-07-28T21:32:25.532+0800: 1.015: Total time for which application threads were stopped: 0.0016771 seconds, Stopping threads took: 0.0000203 seconds
2024-07-28T21:32:25.536+0800: 1.020: Application time: 0.0043632 seconds
2024-07-28T21:32:25.536+0800: 1.020: [GC (Allocation Failure) 2024-07-28T21:32:25.536+0800: 1.020: [ParNew: 71024K->8192K(78656K), 0.0373137 secs] 458758K->458391K(610532K), 0.0373703 secs] [Times: user=0.03 sys=0.03, real=0.04 secs] 
2024-07-28T21:32:25.574+0800: 1.057: Total time for which application threads were stopped: 0.0374696 seconds, Stopping threads took: 0.0000139 seconds
2024-07-28T21:32:25.690+0800: 1.172: Application time: 0.1153436 seconds
2024-07-28T21:32:25.690+0800: 1.172: [GC (Allocation Failure) 2024-07-28T21:32:25.690+0800: 1.172: [ParNew: 77168K->8192K(78656K), 0.0377888 secs] 527367K->527000K(610532K), 0.0378480 secs] [Times: user=0.06 sys=0.03, real=0.04 secs] 
2024-07-28T21:32:25.728+0800: 1.210: Total time for which application threads were stopped: 0.0380025 seconds, Stopping threads took: 0.0000329 seconds
2024-07-28T21:32:25.728+0800: 1.210: [CMS-concurrent-abortable-preclean: 0.005/0.305 secs] [Times: user=0.11 sys=0.06, real=0.31 secs] 
2024-07-28T21:32:25.728+0800: 1.211: Application time: 0.0003341 seconds
2024-07-28T21:32:25.728+0800: 1.211: [GC (CMS Final Remark) [YG occupancy: 13679 K (78656 K)]2024-07-28T21:32:25.728+0800: 1.211: [Rescan (parallel) , 0.0011143 secs]2024-07-28T21:32:25.729+0800: 1.212: [weak refs processing, 0.0000135 secs]2024-07-28T21:32:25.729+0800: 1.212: [class unloading, 0.0001807 secs]2024-07-28T21:32:25.729+0800: 1.212: [scrub symbol table, 0.0003431 secs]2024-07-28T21:32:25.730+0800: 1.213: [scrub string table, 0.0001049 secs][1 CMS-remark: 518807K(531876K)] 532487K(610532K), 0.0018453 secs] [Times: user=0.00 sys=0.00, real=0.00 secs] 
2024-07-28T21:32:25.730+0800: 1.213: Total time for which application threads were stopped: 0.0020165 seconds, Stopping threads took: 0.0001291 seconds
2024-07-28T21:32:25.730+0800: 1.213: [CMS-concurrent-sweep-start]
2024-07-28T21:32:25.732+0800: 1.215: [CMS-concurrent-sweep: 0.002/0.002 secs] [Times: user=0.00 sys=0.00, real=0.00 secs] 
2024-07-28T21:32:25.732+0800: 1.215: [CMS-concurrent-reset-start]
2024-07-28T21:32:25.733+0800: 1.216: [CMS-concurrent-reset: 0.001/0.001 secs] [Times: user=0.00 sys=0.00, real=0.00 secs] 
2024-07-28T21:32:25.844+0800: 1.327: Application time: 0.1146908 seconds
2024-07-28T21:32:25.844+0800: 1.327: [GC (Allocation Failure) 2024-07-28T21:32:25.844+0800: 1.327: [ParNew: 77168K->3072K(78656K), 0.0019770 secs] 338948K->264852K(610532K), 0.0020450 secs] [Times: user=0.00 sys=0.00, real=0.00 secs] 
2024-07-28T21:32:25.846+0800: 1.330: Total time for which application threads were stopped: 0.0021543 seconds, Stopping threads took: 0.0000198 seconds
2024-07-28T21:32:25.851+0800: 1.334: Application time: 0.0048756 seconds
2024-07-28T21:32:25.851+0800: 1.334: [GC (Allocation Failure) 2024-07-28T21:32:25.851+0800: 1.335: [ParNew: 72048K->8192K(78656K), 0.0178641 secs] 333828K->333461K(610532K), 0.0179188 secs] [Times: user=0.03 sys=0.00, real=0.02 secs] 
2024-07-28T21:32:25.869+0800: 1.352: Total time for which application threads were stopped: 0.0180301 seconds, Stopping threads took: 0.0000164 seconds
2024-07-28T21:32:25.870+0800: 1.353: Application time: 0.0002267 seconds
2024-07-28T21:32:25.870+0800: 1.353: [GC (CMS Initial Mark) [1 CMS-initial-mark: 325268K(531876K)] 336900K(610532K), 0.0007763 secs] [Times: user=0.00 sys=0.00, real=0.00 secs] 
2024-07-28T21:32:25.871+0800: 1.354: Total time for which application threads were stopped: 0.0009200 seconds, Stopping threads took: 0.0000829 seconds
2024-07-28T21:32:25.871+0800: 1.354: [CMS-concurrent-mark-start]
2024-07-28T21:32:25.873+0800: 1.356: [CMS-concurrent-mark: 0.002/0.002 secs] [Times: user=0.00 sys=0.00, real=0.00 secs] 
2024-07-28T21:32:25.873+0800: 1.356: [CMS-concurrent-preclean-start]
2024-07-28T21:32:25.874+0800: 1.357: [CMS-concurrent-preclean: 0.001/0.001 secs] [Times: user=0.00 sys=0.00, real=0.00 secs] 
2024-07-28T21:32:25.874+0800: 1.357: [CMS-concurrent-abortable-preclean-start]
2024-07-28T21:32:25.990+0800: 1.473: Application time: 0.1189559 seconds
2024-07-28T21:32:25.990+0800: 1.473: [GC (Allocation Failure) 2024-07-28T21:32:25.990+0800: 1.473: [ParNew: 77168K->8192K(78656K), 0.0125742 secs] 402437K->402070K(610532K), 0.0126654 secs] [Times: user=0.00 sys=0.00, real=0.01 secs] 
2024-07-28T21:32:26.003+0800: 1.485: Total time for which application threads were stopped: 0.0128128 seconds, Stopping threads took: 0.0000194 seconds
2024-07-28T21:32:26.113+0800: 1.596: Application time: 0.1101891 seconds
2024-07-28T21:32:26.113+0800: 1.596: [GC (Allocation Failure) 2024-07-28T21:32:26.113+0800: 1.596: [ParNew: 77543K->3074K(78656K), 0.0010817 secs] 471421K->396952K(610532K), 0.0011334 secs] [Times: user=0.00 sys=0.00, real=0.00 secs] 
2024-07-28T21:32:26.113+0800: 1.597: Total time for which application threads were stopped: 0.0012484 seconds, Stopping threads took: 0.0000180 seconds
2024-07-28T21:32:26.118+0800: 1.602: Application time: 0.0047926 seconds
2024-07-28T21:32:26.118+0800: 1.602: [GC (Allocation Failure) 2024-07-28T21:32:26.118+0800: 1.602: [ParNew: 72040K->8196K(78656K), 0.0124004 secs] 465918K->465563K(610532K), 0.0124545 secs] [Times: user=0.03 sys=0.00, real=0.01 secs] 
2024-07-28T21:32:26.131+0800: 1.614: Total time for which application threads were stopped: 0.0125582 seconds, Stopping threads took: 0.0000168 seconds
2024-07-28T21:32:26.131+0800: 1.614: [CMS-concurrent-abortable-preclean: 0.006/0.257 secs] [Times: user=0.13 sys=0.00, real=0.26 secs] 
2024-07-28T21:32:26.131+0800: 1.615: Application time: 0.0004637 seconds
2024-07-28T21:32:26.131+0800: 1.615: [GC (CMS Final Remark) [YG occupancy: 14701 K (78656 K)]2024-07-28T21:32:26.131+0800: 1.615: [Rescan (parallel) , 0.0008509 secs]2024-07-28T21:32:26.132+0800: 1.616: [weak refs processing, 0.0000137 secs]2024-07-28T21:32:26.132+0800: 1.616: [class unloading, 0.0002275 secs]2024-07-28T21:32:26.132+0800: 1.616: [scrub symbol table, 0.0003580 secs]2024-07-28T21:32:26.133+0800: 1.616: [scrub string table, 0.0001035 secs][1 CMS-remark: 457366K(531876K)] 472068K(610532K), 0.0016235 secs] [Times: user=0.00 sys=0.00, real=0.00 secs] 
2024-07-28T21:32:26.133+0800: 1.616: Total time for which application threads were stopped: 0.0017549 seconds, Stopping threads took: 0.0000816 seconds
2024-07-28T21:32:26.133+0800: 1.617: [CMS-concurrent-sweep-start]
2024-07-28T21:32:26.136+0800: 1.618: [CMS-concurrent-sweep: 0.002/0.002 secs] [Times: user=0.00 sys=0.00, real=0.00 secs] 
2024-07-28T21:32:26.136+0800: 1.618: [CMS-concurrent-reset-start]
2024-07-28T21:32:26.136+0800: 1.619: [CMS-concurrent-reset: 0.001/0.001 secs] [Times: user=0.00 sys=0.00, real=0.00 secs] 
2024-07-28T21:32:26.241+0800: 1.724: Application time: 0.1075472 seconds
2024-07-28T21:32:26.241+0800: 1.724: [GC (Allocation Failure) 2024-07-28T21:32:26.241+0800: 1.724: [ParNew: 77166K->8192K(78656K), 0.0131356 secs] 273409K->273044K(610532K), 0.0132317 secs] [Times: user=0.01 sys=0.00, real=0.01 secs] 
2024-07-28T21:32:26.255+0800: 1.737: Total time for which application threads were stopped: 0.0133743 seconds, Stopping threads took: 0.0000186 seconds
2024-07-28T21:32:26.255+0800: 1.737: Application time: 0.0001405 seconds
2024-07-28T21:32:26.255+0800: 1.738: [GC (CMS Initial Mark) [1 CMS-initial-mark: 264852K(531876K)] 276479K(610532K), 0.0004421 secs] [Times: user=0.00 sys=0.00, real=0.00 secs] 
2024-07-28T21:32:26.255+0800: 1.738: Total time for which application threads were stopped: 0.0006067 seconds, Stopping threads took: 0.0001233 seconds
2024-07-28T21:32:26.255+0800: 1.738: [CMS-concurrent-mark-start]
2024-07-28T21:32:26.259+0800: 1.742: [CMS-concurrent-mark: 0.004/0.004 secs] [Times: user=0.00 sys=0.00, real=0.00 secs] 
2024-07-28T21:32:26.259+0800: 1.742: [CMS-concurrent-preclean-start]
2024-07-28T21:32:26.261+0800: 1.744: [CMS-concurrent-preclean: 0.002/0.002 secs] [Times: user=0.00 sys=0.00, real=0.00 secs] 
2024-07-28T21:32:26.261+0800: 1.744: [CMS-concurrent-abortable-preclean-start]
2024-07-28T21:32:26.365+0800: 1.848: Application time: 0.1102224 seconds
2024-07-28T21:32:26.366+0800: 1.848: [GC (Allocation Failure) 2024-07-28T21:32:26.366+0800: 1.848: [ParNew: 77164K->4096K(78656K), 0.0019522 secs] 342016K->268948K(610532K), 0.0020058 secs] [Times: user=0.00 sys=0.00, real=0.00 secs] 
2024-07-28T21:32:26.368+0800: 1.850: Total time for which application threads were stopped: 0.0021179 seconds, Stopping threads took: 0.0000257 seconds
2024-07-28T21:32:26.372+0800: 1.855: Application time: 0.0044060 seconds
2024-07-28T21:32:26.372+0800: 1.855: [GC (Allocation Failure) 2024-07-28T21:32:26.372+0800: 1.855: [ParNew: 73070K->8192K(78656K), 0.0122319 secs] 337922K->337557K(610532K), 0.0123420 secs] [Times: user=0.03 sys=0.00, real=0.01 secs] 
2024-07-28T21:32:26.384+0800: 1.867: Total time for which application threads were stopped: 0.0124405 seconds, Stopping threads took: 0.0000152 seconds
2024-07-28T21:32:26.494+0800: 1.977: Application time: 0.1093196 seconds
2024-07-28T21:32:26.494+0800: 1.977: [GC (Allocation Failure) 2024-07-28T21:32:26.494+0800: 1.977: [ParNew: 77866K->8196K(78656K), 0.0120567 secs] 407231K->406170K(610532K), 0.0121155 secs] [Times: user=0.03 sys=0.00, real=0.01 secs] 
2024-07-28T21:32:26.505+0800: 1.989: Total time for which application threads were stopped: 0.0122366 seconds, Stopping threads took: 0.0000181 seconds
2024-07-28T21:32:26.505+0800: 1.989: [CMS-concurrent-abortable-preclean: 0.006/0.245 secs] [Times: user=0.06 sys=0.00, real=0.24 secs] 
2024-07-28T21:32:26.506+0800: 1.989: Application time: 0.0001989 seconds
2024-07-28T21:32:26.506+0800: 1.989: [GC (CMS Final Remark) [YG occupancy: 11629 K (78656 K)]2024-07-28T21:32:26.506+0800: 1.989: [Rescan (parallel) , 0.0008406 secs]2024-07-28T21:32:26.507+0800: 1.990: [weak refs processing, 0.0000130 secs]2024-07-28T21:32:26.507+0800: 1.990: [class unloading, 0.0001903 secs]2024-07-28T21:32:26.507+0800: 1.990: [scrub symbol table, 0.0003736 secs]2024-07-28T21:32:26.507+0800: 1.991: [scrub string table, 0.0001318 secs][1 CMS-remark: 397974K(531876K)] 409603K(610532K), 0.0016331 secs] [Times: user=0.00 sys=0.00, real=0.00 secs] 
2024-07-28T21:32:26.507+0800: 1.991: Total time for which application threads were stopped: 0.0017473 seconds, Stopping threads took: 0.0000647 seconds
2024-07-28T21:32:26.507+0800: 1.991: [CMS-concurrent-sweep-start]
2024-07-28T21:32:26.509+0800: 1.992: [CMS-concurrent-sweep: 0.001/0.001 secs] [Times: user=0.00 sys=0.00, real=0.00 secs] 
2024-07-28T21:32:26.509+0800: 1.992: [CMS-concurrent-reset-start]
2024-07-28T21:32:26.510+0800: 1.994: [CMS-concurrent-reset: 0.001/0.001 secs] [Times: user=0.00 sys=0.00, real=0.00 secs] 
2024-07-28T21:32:26.619+0800: 2.102: Application time: 0.1113826 seconds
2024-07-28T21:32:26.619+0800: 2.102: [GC (Allocation Failure) 2024-07-28T21:32:26.619+0800: 2.102: [ParNew: 77166K->5122K(78656K), 0.0020668 secs] 343042K->270998K(610532K), 0.0021189 secs] [Times: user=0.00 sys=0.00, real=0.00 secs] 
2024-07-28T21:32:26.621+0800: 2.104: Total time for which application threads were stopped: 0.0022348 seconds, Stopping threads took: 0.0000236 seconds
2024-07-28T21:32:26.625+0800: 2.109: Application time: 0.0046114 seconds
2024-07-28T21:32:26.627+0800: 2.109: [GC (Allocation Failure) 2024-07-28T21:32:26.627+0800: 2.109: [ParNew: 74094K->8192K(78656K), 0.0133780 secs] 339971K->339605K(610532K), 0.0134275 secs] [Times: user=0.03 sys=0.00, real=0.01 secs] 
2024-07-28T21:32:26.639+0800: 2.123: Total time for which application threads were stopped: 0.0135289 seconds, Stopping threads took: 0.0000185 seconds
2024-07-28T21:32:26.640+0800: 2.123: Application time: 0.0001212 seconds
2024-07-28T21:32:26.640+0800: 2.123: [GC (CMS Initial Mark) [1 CMS-initial-mark: 331413K(531876K)] 343042K(610532K), 0.0007510 secs] [Times: user=0.00 sys=0.00, real=0.00 secs] 
2024-07-28T21:32:26.640+0800: 2.124: Total time for which application threads were stopped: 0.0008993 seconds, Stopping threads took: 0.0001023 seconds
2024-07-28T21:32:26.641+0800: 2.124: [CMS-concurrent-mark-start]
2024-07-28T21:32:26.644+0800: 2.127: [CMS-concurrent-mark: 0.003/0.003 secs] [Times: user=0.00 sys=0.00, real=0.00 secs] 
2024-07-28T21:32:26.644+0800: 2.127: [CMS-concurrent-preclean-start]
2024-07-28T21:32:26.644+0800: 2.127: [CMS-concurrent-preclean: 0.001/0.001 secs] [Times: user=0.00 sys=0.00, real=0.00 secs] 
2024-07-28T21:32:26.644+0800: 2.127: [CMS-concurrent-abortable-preclean-start]
2024-07-28T21:32:26.761+0800: 2.244: Application time: 0.1208582 seconds
2024-07-28T21:32:26.761+0800: 2.245: [GC (Allocation Failure) 2024-07-28T21:32:26.761+0800: 2.245: [ParNew: 77166K->8192K(78656K), 0.0124213 secs] 408579K->408214K(610532K), 0.0124838 secs] [Times: user=0.03 sys=0.00, real=0.01 secs] 
2024-07-28T21:32:26.774+0800: 2.257: Total time for which application threads were stopped: 0.0125922 seconds, Stopping threads took: 0.0000193 seconds
2024-07-28T21:32:26.887+0800: 2.370: Application time: 0.1129427 seconds
2024-07-28T21:32:26.887+0800: 2.370: [GC (Allocation Failure) 2024-07-28T21:32:26.887+0800: 2.370: [ParNew: 77167K->6144K(78656K), 0.0020259 secs] 477189K->406166K(610532K), 0.0020799 secs] [Times: user=0.00 sys=0.00, real=0.00 secs] 
2024-07-28T21:32:26.889+0800: 2.372: Total time for which application threads were stopped: 0.0022190 seconds, Stopping threads took: 0.0000312 seconds
2024-07-28T21:32:26.889+0800: 2.372: [CMS-concurrent-abortable-preclean: 0.005/0.245 secs] [Times: user=0.05 sys=0.00, real=0.24 secs] 
2024-07-28T21:32:26.889+0800: 2.373: Application time: 0.0003122 seconds
2024-07-28T21:32:26.889+0800: 2.373: [GC (CMS Final Remark) [YG occupancy: 10606 K (78656 K)]2024-07-28T21:32:26.889+0800: 2.373: [Rescan (parallel) , 0.0010347 secs]2024-07-28T21:32:26.890+0800: 2.374: [weak refs processing, 0.0000127 secs]2024-07-28T21:32:26.890+0800: 2.374: [class unloading, 0.0002323 secs]2024-07-28T21:32:26.891+0800: 2.374: [scrub symbol table, 0.0003826 secs]2024-07-28T21:32:26.891+0800: 2.374: [scrub string table, 0.0000936 secs][1 CMS-remark: 400022K(531876K)] 410628K(610532K), 0.0018280 secs] [Times: user=0.00 sys=0.00, real=0.00 secs] 
2024-07-28T21:32:26.891+0800: 2.375: Total time for which application threads were stopped: 0.0020191 seconds, Stopping threads took: 0.0001540 seconds
2024-07-28T21:32:26.891+0800: 2.375: [CMS-concurrent-sweep-start]
2024-07-28T21:32:26.893+0800: 2.376: [CMS-concurrent-sweep: 0.001/0.001 secs] [Times: user=0.00 sys=0.00, real=0.00 secs] 
2024-07-28T21:32:26.893+0800: 2.376: [CMS-concurrent-reset-start]
2024-07-28T21:32:26.894+0800: 2.378: [CMS-concurrent-reset: 0.001/0.001 secs] [Times: user=0.00 sys=0.00, real=0.00 secs] 
2024-07-28T21:32:26.896+0800: 2.380: Application time: 0.0051427 seconds
2024-07-28T21:32:26.896+0800: 2.380: [GC (Allocation Failure) 2024-07-28T21:32:26.896+0800: 2.380: [ParNew: 75119K->8192K(78656K), 0.0124976 secs] 209921K->209555K(610532K), 0.0125445 secs] [Times: user=0.00 sys=0.00, real=0.01 secs] 
2024-07-28T21:32:26.909+0800: 2.392: Total time for which application threads were stopped: 0.0126527 seconds, Stopping threads took: 0.0000252 seconds
2024-07-28T21:32:26.909+0800: 2.393: Application time: 0.0002591 seconds
2024-07-28T21:32:26.909+0800: 2.393: [GC (CMS Initial Mark) [1 CMS-initial-mark: 201363K(531876K)] 212994K(610532K), 0.0007372 secs] [Times: user=0.00 sys=0.00, real=0.00 secs] 
2024-07-28T21:32:26.910+0800: 2.393: Total time for which application threads were stopped: 0.0008596 seconds, Stopping threads took: 0.0000807 seconds
2024-07-28T21:32:26.910+0800: 2.394: [CMS-concurrent-mark-start]
2024-07-28T21:32:26.912+0800: 2.396: [CMS-concurrent-mark: 0.002/0.002 secs] [Times: user=0.05 sys=0.00, real=0.00 secs] 
2024-07-28T21:32:26.912+0800: 2.396: [CMS-concurrent-preclean-start]
2024-07-28T21:32:26.913+0800: 2.396: [CMS-concurrent-preclean: 0.001/0.001 secs] [Times: user=0.00 sys=0.00, real=0.00 secs] 
2024-07-28T21:32:26.913+0800: 2.396: [CMS-concurrent-abortable-preclean-start]
2024-07-28T21:32:27.029+0800: 2.513: Application time: 0.1190694 seconds
2024-07-28T21:32:27.029+0800: 2.513: [GC (Allocation Failure) 2024-07-28T21:32:27.029+0800: 2.513: [ParNew: 77622K->8202K(78656K), 0.0128436 secs] 278986K->278174K(610532K), 0.0129172 secs] [Times: user=0.03 sys=0.00, real=0.01 secs] 
2024-07-28T21:32:27.042+0800: 2.526: Total time for which application threads were stopped: 0.0130399 seconds, Stopping threads took: 0.0000202 seconds
2024-07-28T21:32:27.154+0800: 2.637: Application time: 0.1112385 seconds
2024-07-28T21:32:27.154+0800: 2.637: [GC (Allocation Failure) 2024-07-28T21:32:27.154+0800: 2.637: [ParNew: 77175K->7168K(78656K), 0.0024771 secs] 347147K->277140K(610532K), 0.0025970 secs] [Times: user=0.00 sys=0.00, real=0.00 secs] 
2024-07-28T21:32:27.156+0800: 2.640: Total time for which application threads were stopped: 0.0027109 seconds, Stopping threads took: 0.0000193 seconds
2024-07-28T21:32:27.161+0800: 2.645: Application time: 0.0049781 seconds
2024-07-28T21:32:27.161+0800: 2.645: [GC (Allocation Failure) 2024-07-28T21:32:27.161+0800: 2.645: [ParNew: 76142K->8192K(78656K), 0.0124096 secs] 346114K->345749K(610532K), 0.0124755 secs] [Times: user=0.00 sys=0.00, real=0.01 secs] 
2024-07-28T21:32:27.174+0800: 2.657: Total time for which application threads were stopped: 0.0126106 seconds, Stopping threads took: 0.0000180 seconds
2024-07-28T21:32:27.174+0800: 2.657: [CMS-concurrent-abortable-preclean: 0.006/0.261 secs] [Times: user=0.05 sys=0.00, real=0.26 secs] 
2024-07-28T21:32:27.174+0800: 2.657: Application time: 0.0002890 seconds
2024-07-28T21:32:27.174+0800: 2.658: [GC (CMS Final Remark) [YG occupancy: 11630 K (78656 K)]2024-07-28T21:32:27.174+0800: 2.658: [Rescan (parallel) , 0.0006834 secs]2024-07-28T21:32:27.175+0800: 2.658: [weak refs processing, 0.0000150 secs]2024-07-28T21:32:27.175+0800: 2.658: [class unloading, 0.0001954 secs]2024-07-28T21:32:27.175+0800: 2.659: [scrub symbol table, 0.0003538 secs]2024-07-28T21:32:27.176+0800: 2.659: [scrub string table, 0.0000924 secs][1 CMS-remark: 337557K(531876K)] 349187K(610532K), 0.0014202 secs] [Times: user=0.02 sys=0.00, real=0.00 secs] 
2024-07-28T21:32:27.176+0800: 2.659: Total time for which application threads were stopped: 0.0015832 seconds, Stopping threads took: 0.0001186 seconds
2024-07-28T21:32:27.176+0800: 2.659: [CMS-concurrent-sweep-start]
2024-07-28T21:32:27.177+0800: 2.661: [CMS-concurrent-sweep: 0.001/0.001 secs] [Times: user=0.00 sys=0.00, real=0.00 secs] 
2024-07-28T21:32:27.177+0800: 2.661: [CMS-concurrent-reset-start]
2024-07-28T21:32:27.178+0800: 2.661: [CMS-concurrent-reset: 0.001/0.001 secs] [Times: user=0.00 sys=0.00, real=0.00 secs] 
2024-07-28T21:32:27.296+0800: 2.779: Application time: 0.1198164 seconds
2024-07-28T21:32:27.296+0800: 2.779: [GC (Allocation Failure) 2024-07-28T21:32:27.296+0800: 2.779: [ParNew: 77167K->8192K(78656K), 0.0126264 secs] 280578K->280212K(610532K), 0.0126812 secs] [Times: user=0.03 sys=0.00, real=0.01 secs] 
2024-07-28T21:32:27.309+0800: 2.792: Total time for which application threads were stopped: 0.0127958 seconds, Stopping threads took: 0.0000178 seconds
2024-07-28T21:32:27.309+0800: 2.792: Application time: 0.0001590 seconds
2024-07-28T21:32:27.309+0800: 2.792: [GC (CMS Initial Mark) [1 CMS-initial-mark: 272020K(531876K)] 283651K(610532K), 0.0007128 secs] [Times: user=0.00 sys=0.00, real=0.00 secs] 
2024-07-28T21:32:27.310+0800: 2.793: Total time for which application threads were stopped: 0.0009001 seconds, Stopping threads took: 0.0001432 seconds
2024-07-28T21:32:27.310+0800: 2.793: [CMS-concurrent-mark-start]
2024-07-28T21:32:27.313+0800: 2.796: [CMS-concurrent-mark: 0.003/0.003 secs] [Times: user=0.00 sys=0.00, real=0.00 secs] 
2024-07-28T21:32:27.313+0800: 2.796: [CMS-concurrent-preclean-start]
2024-07-28T21:32:27.315+0800: 2.798: [CMS-concurrent-preclean: 0.001/0.001 secs] [Times: user=0.00 sys=0.00, real=0.00 secs] 
2024-07-28T21:32:27.315+0800: 2.798: [CMS-concurrent-abortable-preclean-start]
2024-07-28T21:32:27.432+0800: 2.915: Application time: 0.1221962 seconds
2024-07-28T21:32:27.432+0800: 2.915: [GC (Allocation Failure) 2024-07-28T21:32:27.432+0800: 2.915: [ParNew: 77167K->8192K(78656K), 0.0025258 secs] 349188K->280212K(610532K), 0.0025963 secs] [Times: user=0.00 sys=0.00, real=0.00 secs] 
2024-07-28T21:32:27.434+0800: 2.918: Total time for which application threads were stopped: 0.0027081 seconds, Stopping threads took: 0.0000211 seconds
2024-07-28T21:32:27.439+0800: 2.922: Application time: 0.0044744 seconds
2024-07-28T21:32:27.439+0800: 2.922: [GC (Allocation Failure) 2024-07-28T21:32:27.439+0800: 2.922: [ParNew: 77168K->8192K(78656K), 0.0122236 secs] 349188K->348821K(610532K), 0.0172694 secs] [Times: user=0.03 sys=0.00, real=0.02 secs] 
2024-07-28T21:32:27.456+0800: 2.939: Total time for which application threads were stopped: 0.0173908 seconds, Stopping threads took: 0.0000255 seconds
2024-07-28T21:32:27.576+0800: 3.059: Application time: 0.1198653 seconds
2024-07-28T21:32:27.576+0800: 3.059: [GC (Allocation Failure) 2024-07-28T21:32:27.576+0800: 3.059: [ParNew: 77168K->8192K(78656K), 0.0134970 secs] 417797K->417430K(610532K), 0.0135663 secs] [Times: user=0.03 sys=0.00, real=0.01 secs] 
2024-07-28T21:32:27.590+0800: 3.073: Total time for which application threads were stopped: 0.0136759 seconds, Stopping threads took: 0.0000181 seconds
2024-07-28T21:32:27.699+0800: 3.182: Application time: 0.1085020 seconds
2024-07-28T21:32:27.699+0800: 3.182: [GC (Allocation Failure) 2024-07-28T21:32:27.699+0800: 3.182: [ParNew: 77168K->8192K(78656K), 0.0025858 secs] 486407K->418454K(610532K), 0.0026463 secs] [Times: user=0.00 sys=0.00, real=0.00 secs] 
2024-07-28T21:32:27.702+0800: 3.184: Total time for which application threads were stopped: 0.0027823 seconds, Stopping threads took: 0.0000260 seconds
2024-07-28T21:32:27.702+0800: 3.184: [CMS-concurrent-abortable-preclean: 0.009/0.387 secs] [Times: user=0.09 sys=0.00, real=0.39 secs] 
2024-07-28T21:32:27.702+0800: 3.184: Application time: 0.0001849 seconds
2024-07-28T21:32:27.702+0800: 3.185: [GC (CMS Final Remark) [YG occupancy: 11631 K (78656 K)]2024-07-28T21:32:27.702+0800: 3.185: [Rescan (parallel) , 0.0009700 secs]2024-07-28T21:32:27.703+0800: 3.186: [weak refs processing, 0.0000190 secs]2024-07-28T21:32:27.703+0800: 3.186: [class unloading, 0.0002079 secs]2024-07-28T21:32:27.703+0800: 3.186: [scrub symbol table, 0.0003205 secs]2024-07-28T21:32:27.703+0800: 3.186: [scrub string table, 0.0001105 secs][1 CMS-remark: 410262K(531876K)] 421894K(610532K), 0.0017067 secs] [Times: user=0.00 sys=0.00, real=0.00 secs] 
2024-07-28T21:32:27.704+0800: 3.186: Total time for which application threads were stopped: 0.0017951 seconds, Stopping threads took: 0.0000470 seconds
2024-07-28T21:32:27.704+0800: 3.186: [CMS-concurrent-sweep-start]
2024-07-28T21:32:27.705+0800: 3.188: [CMS-concurrent-sweep: 0.001/0.001 secs] [Times: user=0.00 sys=0.00, real=0.00 secs] 
2024-07-28T21:32:27.705+0800: 3.188: [CMS-concurrent-reset-start]
2024-07-28T21:32:27.706+0800: 3.189: [CMS-concurrent-reset: 0.001/0.001 secs] [Times: user=0.00 sys=0.00, real=0.00 secs] 
2024-07-28T21:32:27.709+0800: 3.192: Application time: 0.0055981 seconds
2024-07-28T21:32:27.709+0800: 3.192: [GC (Allocation Failure) 2024-07-28T21:32:27.709+0800: 3.192: [ParNew: 77168K->8192K(78656K), 0.0132507 secs] 352261K->351893K(610532K), 0.0133057 secs] [Times: user=0.00 sys=0.00, real=0.01 secs] 
2024-07-28T21:32:27.723+0800: 3.205: Total time for which application threads were stopped: 0.0134079 seconds, Stopping threads took: 0.0000158 seconds
2024-07-28T21:32:27.723+0800: 3.205: Application time: 0.0001235 seconds
2024-07-28T21:32:27.723+0800: 3.206: [GC (CMS Initial Mark) [1 CMS-initial-mark: 343701K(531876K)] 355333K(610532K), 0.0005837 secs] [Times: user=0.00 sys=0.00, real=0.00 secs] 
2024-07-28T21:32:27.723+0800: 3.206: Total time for which application threads were stopped: 0.0007463 seconds, Stopping threads took: 0.0001180 seconds
2024-07-28T21:32:27.724+0800: 3.206: [CMS-concurrent-mark-start]
2024-07-28T21:32:27.726+0800: 3.209: [CMS-concurrent-mark: 0.003/0.003 secs] [Times: user=0.00 sys=0.00, real=0.00 secs] 
2024-07-28T21:32:27.726+0800: 3.209: [CMS-concurrent-preclean-start]
2024-07-28T21:32:27.727+0800: 3.210: [CMS-concurrent-preclean: 0.001/0.001 secs] [Times: user=0.00 sys=0.00, real=0.00 secs] 
2024-07-28T21:32:27.727+0800: 3.210: [CMS-concurrent-abortable-preclean-start]
2024-07-28T21:32:27.843+0800: 3.326: Application time: 0.1196420 seconds
2024-07-28T21:32:27.843+0800: 3.326: [GC (Allocation Failure) 2024-07-28T21:32:27.843+0800: 3.326: [ParNew: 77168K->8192K(78656K), 0.0190913 secs] 420870K->420502K(610532K), 0.0191559 secs] [Times: user=0.03 sys=0.00, real=0.02 secs] 
2024-07-28T21:32:27.862+0800: 3.345: Total time for which application threads were stopped: 0.0192706 seconds, Stopping threads took: 0.0000183 seconds
2024-07-28T21:32:27.983+0800: 3.466: Application time: 0.1210770 seconds
2024-07-28T21:32:27.983+0800: 3.466: [GC (Allocation Failure) 2024-07-28T21:32:27.983+0800: 3.466: [ParNew: 77168K->8192K(78656K), 0.0040633 secs] 489479K->422550K(610532K), 0.0041550 secs] [Times: user=0.00 sys=0.00, real=0.00 secs] 
2024-07-28T21:32:27.987+0800: 3.471: Total time for which application threads were stopped: 0.0043794 seconds, Stopping threads took: 0.0000247 seconds
2024-07-28T21:32:27.987+0800: 3.471: [CMS-concurrent-abortable-preclean: 0.006/0.261 secs] [Times: user=0.06 sys=0.00, real=0.26 secs] 
2024-07-28T21:32:27.988+0800: 3.471: Application time: 0.0008645 seconds
2024-07-28T21:32:27.988+0800: 3.472: [GC (CMS Final Remark) [YG occupancy: 15727 K (78656 K)]2024-07-28T21:32:27.988+0800: 3.472: [Rescan (parallel) , 0.0004395 secs]2024-07-28T21:32:27.989+0800: 3.472: [weak refs processing, 0.0000287 secs]2024-07-28T21:32:27.989+0800: 3.472: [class unloading, 0.0004050 secs]2024-07-28T21:32:27.989+0800: 3.473: [scrub symbol table, 0.0006629 secs]2024-07-28T21:32:27.990+0800: 3.473: [scrub string table, 0.0002836 secs][1 CMS-remark: 414358K(531876K)] 430086K(610532K), 0.0020020 secs] [Times: user=0.11 sys=0.00, real=0.00 secs] 
2024-07-28T21:32:27.990+0800: 3.474: Total time for which application threads were stopped: 0.0021993 seconds, Stopping threads took: 0.0000921 seconds
2024-07-28T21:32:27.990+0800: 3.474: [CMS-concurrent-sweep-start]
2024-07-28T21:32:27.992+0800: 3.476: [CMS-concurrent-sweep: 0.002/0.002 secs] [Times: user=0.00 sys=0.00, real=0.00 secs] 
2024-07-28T21:32:27.993+0800: 3.476: [CMS-concurrent-reset-start]
2024-07-28T21:32:27.995+0800: 3.479: [CMS-concurrent-reset: 0.002/0.002 secs] [Times: user=0.00 sys=0.00, real=0.00 secs] 
2024-07-28T21:32:27.999+0800: 3.482: Application time: 0.0083068 seconds
2024-07-28T21:32:27.999+0800: 3.482: [GC (Allocation Failure) 2024-07-28T21:32:27.999+0800: 3.482: [ParNew: 77168K->8192K(78656K), 0.0241196 secs] 218115K->217747K(610532K), 0.0242082 secs] [Times: user=0.05 sys=0.00, real=0.02 secs] 
2024-07-28T21:32:28.023+0800: 3.506: Total time for which application threads were stopped: 0.0244490 seconds, Stopping threads took: 0.0000318 seconds
2024-07-28T21:32:28.023+0800: 3.506: Application time: 0.0000797 seconds
2024-07-28T21:32:28.023+0800: 3.507: [GC (CMS Initial Mark) [1 CMS-initial-mark: 209555K(531876K)] 218771K(610532K), 0.0004067 secs] [Times: user=0.00 sys=0.00, real=0.00 secs] 
2024-07-28T21:32:28.024+0800: 3.507: Total time for which application threads were stopped: 0.0005667 seconds, Stopping threads took: 0.0000834 seconds
2024-07-28T21:32:28.024+0800: 3.507: [CMS-concurrent-mark-start]
2024-07-28T21:32:28.027+0800: 3.511: [CMS-concurrent-mark: 0.003/0.003 secs] [Times: user=0.00 sys=0.00, real=0.00 secs] 
2024-07-28T21:32:28.027+0800: 3.511: [CMS-concurrent-preclean-start]
2024-07-28T21:32:28.029+0800: 3.512: [CMS-concurrent-preclean: 0.001/0.001 secs] [Times: user=0.00 sys=0.00, real=0.00 secs] 
2024-07-28T21:32:28.029+0800: 3.512: [CMS-concurrent-abortable-preclean-start]
2024-07-28T21:32:28.144+0800: 3.627: Application time: 0.1204421 seconds
2024-07-28T21:32:28.144+0800: 3.628: [GC (Allocation Failure) 2024-07-28T21:32:28.144+0800: 3.628: [ParNew: 77168K->8192K(78656K), 0.0175596 secs] 286724K->286356K(610532K), 0.0176398 secs] [Times: user=0.13 sys=0.02, real=0.02 secs] 
2024-07-28T21:32:28.162+0800: 3.645: Total time for which application threads were stopped: 0.0178483 seconds, Stopping threads took: 0.0000254 seconds
2024-07-28T21:32:28.281+0800: 3.764: Application time: 0.1186839 seconds
2024-07-28T21:32:28.281+0800: 3.764: [GC (Allocation Failure) 2024-07-28T21:32:28.281+0800: 3.764: [ParNew: 77168K->8192K(78656K), 0.0026287 secs] 355333K->289428K(610532K), 0.0026870 secs] [Times: user=0.00 sys=0.00, real=0.00 secs] 
2024-07-28T21:32:28.284+0800: 3.767: Total time for which application threads were stopped: 0.0027951 seconds, Stopping threads took: 0.0000175 seconds
2024-07-28T21:32:28.284+0800: 3.767: [CMS-concurrent-abortable-preclean: 0.007/0.255 secs] [Times: user=0.13 sys=0.02, real=0.25 secs] 
2024-07-28T21:32:28.284+0800: 3.767: Application time: 0.0001494 seconds
2024-07-28T21:32:28.284+0800: 3.767: [GC (CMS Final Remark) [YG occupancy: 11631 K (78656 K)]2024-07-28T21:32:28.284+0800: 3.767: [Rescan (parallel) , 0.0003919 secs]2024-07-28T21:32:28.284+0800: 3.767: [weak refs processing, 0.0000133 secs]2024-07-28T21:32:28.284+0800: 3.767: [class unloading, 0.0002119 secs]2024-07-28T21:32:28.285+0800: 3.768: [scrub symbol table, 0.0003234 secs]2024-07-28T21:32:28.285+0800: 3.768: [scrub string table, 0.0000904 secs][1 CMS-remark: 281236K(531876K)] 292868K(610532K), 0.0010942 secs] [Times: user=0.00 sys=0.00, real=0.00 secs] 
2024-07-28T21:32:28.285+0800: 3.768: Total time for which application threads were stopped: 0.0011796 seconds, Stopping threads took: 0.0000484 seconds
2024-07-28T21:32:28.285+0800: 3.768: [CMS-concurrent-sweep-start]
2024-07-28T21:32:28.286+0800: 3.769: [CMS-concurrent-sweep: 0.001/0.001 secs] [Times: user=0.03 sys=0.00, real=0.00 secs] 
2024-07-28T21:32:28.286+0800: 3.769: [CMS-concurrent-reset-start]
2024-07-28T21:32:28.287+0800: 3.771: [CMS-concurrent-reset: 0.001/0.001 secs] [Times: user=0.00 sys=0.00, real=0.00 secs] 
2024-07-28T21:32:28.290+0800: 3.773: Application time: 0.0048205 seconds
2024-07-28T21:32:28.290+0800: 3.773: [GC (Allocation Failure) 2024-07-28T21:32:28.290+0800: 3.773: [ParNew: 77168K->8192K(78656K), 0.0130420 secs] 220163K->219795K(610532K), 0.0130889 secs] [Times: user=0.03 sys=0.00, real=0.01 secs] 
2024-07-28T21:32:28.303+0800: 3.786: Total time for which application threads were stopped: 0.0131894 seconds, Stopping threads took: 0.0000131 seconds
2024-07-28T21:32:28.303+0800: 3.786: Application time: 0.0001111 seconds
2024-07-28T21:32:28.304+0800: 3.786: [GC (CMS Initial Mark) [1 CMS-initial-mark: 211603K(531876K)] 223235K(610532K), 0.0005434 secs] [Times: user=0.00 sys=0.00, real=0.00 secs] 
2024-07-28T21:32:28.304+0800: 3.787: Total time for which application threads were stopped: 0.0007306 seconds, Stopping threads took: 0.0001430 seconds
2024-07-28T21:32:28.304+0800: 3.787: [CMS-concurrent-mark-start]
2024-07-28T21:32:28.306+0800: 3.789: [CMS-concurrent-mark: 0.002/0.002 secs] [Times: user=0.00 sys=0.00, real=0.00 secs] 
2024-07-28T21:32:28.306+0800: 3.789: [CMS-concurrent-preclean-start]
2024-07-28T21:32:28.307+0800: 3.790: [CMS-concurrent-preclean: 0.001/0.001 secs] [Times: user=0.00 sys=0.00, real=0.00 secs] 
2024-07-28T21:32:28.307+0800: 3.790: [CMS-concurrent-abortable-preclean-start]
2024-07-28T21:32:28.426+0800: 3.909: Application time: 0.1222413 seconds
2024-07-28T21:32:28.426+0800: 3.909: [GC (Allocation Failure) 2024-07-28T21:32:28.426+0800: 3.909: [ParNew: 77168K->8192K(78656K), 0.0124334 secs] 288772K->288404K(610532K), 0.0124918 secs] [Times: user=0.00 sys=0.00, real=0.01 secs] 
2024-07-28T21:32:28.439+0800: 3.922: Total time for which application threads were stopped: 0.0126605 seconds, Stopping threads took: 0.0000187 seconds
2024-07-28T21:32:28.552+0800: 4.035: Application time: 0.1131943 seconds
2024-07-28T21:32:28.553+0800: 4.035: [GC (Allocation Failure) 2024-07-28T21:32:28.553+0800: 4.035: [ParNew: 77168K->8192K(78656K), 0.0029834 secs] 357381K->292500K(610532K), 0.0030639 secs] [Times: user=0.00 sys=0.00, real=0.00 secs] 
2024-07-28T21:32:28.556+0800: 4.038: Total time for which application threads were stopped: 0.0031990 seconds, Stopping threads took: 0.0000202 seconds
2024-07-28T21:32:28.556+0800: 4.038: [CMS-concurrent-abortable-preclean: 0.006/0.248 secs] [Times: user=0.06 sys=0.00, real=0.25 secs] 
2024-07-28T21:32:28.556+0800: 4.039: Application time: 0.0002735 seconds
2024-07-28T21:32:28.556+0800: 4.039: [GC (CMS Final Remark) [YG occupancy: 12655 K (78656 K)]2024-07-28T21:32:28.556+0800: 4.039: [Rescan (parallel) , 0.0008609 secs]2024-07-28T21:32:28.557+0800: 4.040: [weak refs processing, 0.0000126 secs]2024-07-28T21:32:28.557+0800: 4.040: [class unloading, 0.0002286 secs]2024-07-28T21:32:28.557+0800: 4.040: [scrub symbol table, 0.0004049 secs]2024-07-28T21:32:28.558+0800: 4.040: [scrub string table, 0.0000923 secs][1 CMS-remark: 284308K(531876K)] 296964K(610532K), 0.0016741 secs] [Times: user=0.00 sys=0.00, real=0.00 secs] 
2024-07-28T21:32:28.558+0800: 4.040: Total time for which application threads were stopped: 0.0017920 seconds, Stopping threads took: 0.0000792 seconds
2024-07-28T21:32:28.558+0800: 4.041: [CMS-concurrent-sweep-start]
2024-07-28T21:32:28.559+0800: 4.042: [CMS-concurrent-sweep: 0.001/0.001 secs] [Times: user=0.00 sys=0.00, real=0.00 secs] 
2024-07-28T21:32:28.559+0800: 4.042: [CMS-concurrent-reset-start]
2024-07-28T21:32:28.561+0800: 4.043: [CMS-concurrent-reset: 0.001/0.001 secs] [Times: user=0.00 sys=0.00, real=0.00 secs] 
2024-07-28T21:32:28.562+0800: 4.045: Application time: 0.0047933 seconds
2024-07-28T21:32:28.563+0800: 4.045: [GC (Allocation Failure) 2024-07-28T21:32:28.563+0800: 4.045: [ParNew: 77168K->8192K(78656K), 0.0124955 secs] 222211K->221843K(610532K), 0.0125426 secs] [Times: user=0.03 sys=0.00, real=0.01 secs] 
2024-07-28T21:32:28.575+0800: 4.058: Total time for which application threads were stopped: 0.0126520 seconds, Stopping threads took: 0.0000264 seconds
2024-07-28T21:32:28.575+0800: 4.058: Application time: 0.0002376 seconds
2024-07-28T21:32:28.576+0800: 4.058: [GC (CMS Initial Mark) [1 CMS-initial-mark: 213651K(531876K)] 225283K(610532K), 0.0007208 secs] [Times: user=0.00 sys=0.00, real=0.00 secs] 
2024-07-28T21:32:28.576+0800: 4.059: Total time for which application threads were stopped: 0.0008942 seconds, Stopping threads took: 0.0001313 seconds
2024-07-28T21:32:28.576+0800: 4.059: [CMS-concurrent-mark-start]
2024-07-28T21:32:28.578+0800: 4.061: [CMS-concurrent-mark: 0.002/0.002 secs] [Times: user=0.00 sys=0.00, real=0.00 secs] 
2024-07-28T21:32:28.578+0800: 4.061: [CMS-concurrent-preclean-start]
2024-07-28T21:32:28.579+0800: 4.062: [CMS-concurrent-preclean: 0.001/0.001 secs] [Times: user=0.00 sys=0.00, real=0.00 secs] 
2024-07-28T21:32:28.579+0800: 4.062: [CMS-concurrent-abortable-preclean-start]
2024-07-28T21:32:28.645+0800: 4.128: Application time: 0.0687137 seconds
2024-07-28T21:32:28.645+0800: 4.128: Total time for which application threads were stopped: 0.0000778 seconds, Stopping threads took: 0.0000238 seconds
2024-07-28T21:32:28.696+0800: 4.179: Application time: 0.0511715 seconds
2024-07-28T21:32:28.696+0800: 4.179: [GC (Allocation Failure) 2024-07-28T21:32:28.696+0800: 4.179: [ParNew: 77168K->8192K(78656K), 0.0128227 secs] 290820K->290452K(610532K), 0.0128950 secs] [Times: user=0.03 sys=0.00, real=0.01 secs] 
2024-07-28T21:32:28.709+0800: 4.192: Total time for which application threads were stopped: 0.0130073 seconds, Stopping threads took: 0.0000177 seconds
2024-07-28T21:32:28.820+0800: 4.303: Application time: 0.1113705 seconds
2024-07-28T21:32:28.820+0800: 4.303: [GC (Allocation Failure) 2024-07-28T21:32:28.820+0800: 4.303: [ParNew: 77168K->8192K(78656K), 0.0031569 secs] 359429K->295572K(610532K), 0.0032153 secs] [Times: user=0.00 sys=0.00, real=0.00 secs] 
2024-07-28T21:32:28.824+0800: 4.307: Total time for which application threads were stopped: 0.0033324 seconds, Stopping threads took: 0.0000189 seconds
2024-07-28T21:32:28.824+0800: 4.307: [CMS-concurrent-abortable-preclean: 0.006/0.245 secs] [Times: user=0.03 sys=0.00, real=0.24 secs] 
2024-07-28T21:32:28.824+0800: 4.307: Application time: 0.0002286 seconds
2024-07-28T21:32:28.824+0800: 4.307: [GC (CMS Final Remark) [YG occupancy: 11631 K (78656 K)]2024-07-28T21:32:28.824+0800: 4.307: [Rescan (parallel) , 0.0010577 secs]2024-07-28T21:32:28.825+0800: 4.308: [weak refs processing, 0.0000136 secs]2024-07-28T21:32:28.825+0800: 4.308: [class unloading, 0.0002048 secs]2024-07-28T21:32:28.825+0800: 4.308: [scrub symbol table, 0.0003221 secs]2024-07-28T21:32:28.826+0800: 4.309: [scrub string table, 0.0000948 secs][1 CMS-remark: 287380K(531876K)] 299012K(610532K), 0.0017623 secs] [Times: user=0.00 sys=0.00, real=0.00 secs] 
2024-07-28T21:32:28.826+0800: 4.309: Total time for which application threads were stopped: 0.0019359 seconds, Stopping threads took: 0.0001353 seconds
2024-07-28T21:32:28.826+0800: 4.309: [CMS-concurrent-sweep-start]
2024-07-28T21:32:28.828+0800: 4.311: [CMS-concurrent-sweep: 0.002/0.002 secs] [Times: user=0.00 sys=0.00, real=0.00 secs] 
2024-07-28T21:32:28.828+0800: 4.311: [CMS-concurrent-reset-start]
2024-07-28T21:32:28.829+0800: 4.312: [CMS-concurrent-reset: 0.001/0.001 secs] [Times: user=0.00 sys=0.00, real=0.00 secs] 
2024-07-28T21:32:28.831+0800: 4.314: Application time: 0.0049545 seconds
2024-07-28T21:32:28.831+0800: 4.314: [GC (Allocation Failure) 2024-07-28T21:32:28.831+0800: 4.314: [ParNew: 77168K->8192K(78656K), 0.0120143 secs] 224259K->223891K(610532K), 0.0120654 secs] [Times: user=0.03 sys=0.00, real=0.01 secs] 
2024-07-28T21:32:28.843+0800: 4.326: Total time for which application threads were stopped: 0.0121828 seconds, Stopping threads took: 0.0000138 seconds
2024-07-28T21:32:28.843+0800: 4.326: Application time: 0.0001646 seconds
2024-07-28T21:32:28.843+0800: 4.326: [GC (CMS Initial Mark) [1 CMS-initial-mark: 215699K(531876K)] 227331K(610532K), 0.0008788 secs] [Times: user=0.00 sys=0.00, real=0.00 secs] 
2024-07-28T21:32:28.844+0800: 4.327: Total time for which application threads were stopped: 0.0010079 seconds, Stopping threads took: 0.0000875 seconds
2024-07-28T21:32:28.844+0800: 4.327: [CMS-concurrent-mark-start]
2024-07-28T21:32:28.846+0800: 4.329: [CMS-concurrent-mark: 0.002/0.002 secs] [Times: user=0.00 sys=0.00, real=0.00 secs] 
2024-07-28T21:32:28.846+0800: 4.329: [CMS-concurrent-preclean-start]
2024-07-28T21:32:28.847+0800: 4.330: [CMS-concurrent-preclean: 0.001/0.001 secs] [Times: user=0.00 sys=0.00, real=0.00 secs] 
2024-07-28T21:32:28.847+0800: 4.330: [CMS-concurrent-abortable-preclean-start]
2024-07-28T21:32:28.966+0800: 4.449: Application time: 0.1215034 seconds
2024-07-28T21:32:28.966+0800: 4.449: [GC (Allocation Failure) 2024-07-28T21:32:28.966+0800: 4.449: [ParNew: 77168K->8192K(78656K), 0.0155613 secs] 292868K->292500K(610532K), 0.0156298 secs] [Times: user=0.03 sys=0.00, real=0.01 secs] 
2024-07-28T21:32:28.981+0800: 4.464: Total time for which application threads were stopped: 0.0157607 seconds, Stopping threads took: 0.0000282 seconds
2024-07-28T21:32:29.088+0800: 4.572: Application time: 0.1073531 seconds
2024-07-28T21:32:29.088+0800: 4.572: [GC (Allocation Failure) 2024-07-28T21:32:29.088+0800: 4.572: [ParNew: 77168K->8192K(78656K), 0.0035230 secs] 361477K->298644K(610532K), 0.0035801 secs] [Times: user=0.00 sys=0.00, real=0.00 secs] 
2024-07-28T21:32:29.092+0800: 4.575: Total time for which application threads were stopped: 0.0036883 seconds, Stopping threads took: 0.0000184 seconds
2024-07-28T21:32:29.092+0800: 4.576: [CMS-concurrent-abortable-preclean: 0.006/0.246 secs] [Times: user=0.03 sys=0.00, real=0.25 secs] 
2024-07-28T21:32:29.092+0800: 4.576: Application time: 0.0002722 seconds
2024-07-28T21:32:29.092+0800: 4.576: [GC (CMS Final Remark) [YG occupancy: 12655 K (78656 K)]2024-07-28T21:32:29.092+0800: 4.576: [Rescan (parallel) , 0.0010043 secs]2024-07-28T21:32:29.094+0800: 4.577: [weak refs processing, 0.0000134 secs]2024-07-28T21:32:29.094+0800: 4.577: [class unloading, 0.0002072 secs]2024-07-28T21:32:29.094+0800: 4.577: [scrub symbol table, 0.0003487 secs]2024-07-28T21:32:29.094+0800: 4.577: [scrub string table, 0.0000998 secs][1 CMS-remark: 290452K(531876K)] 303108K(610532K), 0.0017474 secs] [Times: user=0.00 sys=0.00, real=0.00 secs] 
2024-07-28T21:32:29.094+0800: 4.578: Total time for which application threads were stopped: 0.0018564 seconds, Stopping threads took: 0.0000737 seconds
2024-07-28T21:32:29.094+0800: 4.578: [CMS-concurrent-sweep-start]
2024-07-28T21:32:29.096+0800: 4.579: [CMS-concurrent-sweep: 0.001/0.001 secs] [Times: user=0.00 sys=0.00, real=0.00 secs] 
2024-07-28T21:32:29.096+0800: 4.579: [CMS-concurrent-reset-start]
2024-07-28T21:32:29.098+0800: 4.581: [CMS-concurrent-reset: 0.002/0.002 secs] [Times: user=0.01 sys=0.00, real=0.00 secs] 
2024-07-28T21:32:29.099+0800: 4.583: Application time: 0.0048767 seconds
2024-07-28T21:32:29.099+0800: 4.583: [GC (Allocation Failure) 2024-07-28T21:32:29.099+0800: 4.583: [ParNew: 77168K->8192K(78656K), 0.0125475 secs] 226307K->225939K(610532K), 0.0125947 secs] [Times: user=0.00 sys=0.00, real=0.01 secs] 
2024-07-28T21:32:29.112+0800: 4.595: Total time for which application threads were stopped: 0.0126885 seconds, Stopping threads took: 0.0000128 seconds
2024-07-28T21:32:29.112+0800: 4.595: Application time: 0.0002518 seconds
2024-07-28T21:32:29.112+0800: 4.596: [GC (CMS Initial Mark) [1 CMS-initial-mark: 217747K(531876K)] 229379K(610532K), 0.0008207 secs] [Times: user=0.00 sys=0.00, real=0.00 secs] 
2024-07-28T21:32:29.113+0800: 4.596: Total time for which application threads were stopped: 0.0009472 seconds, Stopping threads took: 0.0000851 seconds
2024-07-28T21:32:29.113+0800: 4.596: [CMS-concurrent-mark-start]
2024-07-28T21:32:29.115+0800: 4.598: [CMS-concurrent-mark: 0.002/0.002 secs] [Times: user=0.05 sys=0.00, real=0.00 secs] 
2024-07-28T21:32:29.115+0800: 4.598: [CMS-concurrent-preclean-start]
2024-07-28T21:32:29.115+0800: 4.599: [CMS-concurrent-preclean: 0.001/0.001 secs] [Times: user=0.00 sys=0.00, real=0.00 secs] 
2024-07-28T21:32:29.115+0800: 4.599: [CMS-concurrent-abortable-preclean-start]
2024-07-28T21:32:29.232+0800: 4.716: Application time: 0.1193347 seconds
2024-07-28T21:32:29.233+0800: 4.716: [GC (Allocation Failure) 2024-07-28T21:32:29.233+0800: 4.716: [ParNew: 77168K->8192K(78656K), 0.0127411 secs] 294916K->294548K(610532K), 0.0127956 secs] [Times: user=0.03 sys=0.00, real=0.01 secs] 
2024-07-28T21:32:29.245+0800: 4.729: Total time for which application threads were stopped: 0.0129104 seconds, Stopping threads took: 0.0000228 seconds
2024-07-28T21:32:29.355+0800: 4.838: Application time: 0.1097344 seconds
2024-07-28T21:32:29.356+0800: 4.838: [GC (Allocation Failure) 2024-07-28T21:32:29.356+0800: 4.838: [ParNew: 77168K->8192K(78656K), 0.0037226 secs] 363525K->301716K(610532K), 0.0037943 secs] [Times: user=0.00 sys=0.00, real=0.00 secs] 
2024-07-28T21:32:29.359+0800: 4.842: Total time for which application threads were stopped: 0.0039096 seconds, Stopping threads took: 0.0000200 seconds
2024-07-28T21:32:29.359+0800: 4.842: [CMS-concurrent-abortable-preclean: 0.006/0.243 secs] [Times: user=0.03 sys=0.00, real=0.24 secs] 
2024-07-28T21:32:29.360+0800: 4.843: Application time: 0.0003177 seconds
2024-07-28T21:32:29.360+0800: 4.843: [GC (CMS Final Remark) [YG occupancy: 12655 K (78656 K)]2024-07-28T21:32:29.360+0800: 4.843: [Rescan (parallel) , 0.0010170 secs]2024-07-28T21:32:29.361+0800: 4.844: [weak refs processing, 0.0000136 secs]2024-07-28T21:32:29.361+0800: 4.844: [class unloading, 0.0001840 secs]2024-07-28T21:32:29.361+0800: 4.844: [scrub symbol table, 0.0003131 secs]2024-07-28T21:32:29.361+0800: 4.844: [scrub string table, 0.0000922 secs][1 CMS-remark: 293524K(531876K)] 306180K(610532K), 0.0016887 secs] [Times: user=0.00 sys=0.00, real=0.00 secs] 
2024-07-28T21:32:29.362+0800: 4.844: Total time for which application threads were stopped: 0.0018606 seconds, Stopping threads took: 0.0001276 seconds
2024-07-28T21:32:29.362+0800: 4.845: [CMS-concurrent-sweep-start]
2024-07-28T21:32:29.363+0800: 4.846: [CMS-concurrent-sweep: 0.001/0.001 secs] [Times: user=0.00 sys=0.00, real=0.00 secs] 
2024-07-28T21:32:29.363+0800: 4.846: [CMS-concurrent-reset-start]
2024-07-28T21:32:29.364+0800: 4.847: [CMS-concurrent-reset: 0.001/0.001 secs] [Times: user=0.03 sys=0.00, real=0.00 secs] 
2024-07-28T21:32:29.366+0800: 4.849: Application time: 0.0047325 seconds
2024-07-28T21:32:29.366+0800: 4.849: [GC (Allocation Failure) 2024-07-28T21:32:29.366+0800: 4.849: [ParNew: 77168K->8192K(78656K), 0.0121849 secs] 228355K->227987K(610532K), 0.0122374 secs] [Times: user=0.00 sys=0.00, real=0.01 secs] 
2024-07-28T21:32:29.379+0800: 4.862: Total time for which application threads were stopped: 0.0123376 seconds, Stopping threads took: 0.0000134 seconds
2024-07-28T21:32:29.379+0800: 4.862: Application time: 0.0001488 seconds
2024-07-28T21:32:29.379+0800: 4.862: [GC (CMS Initial Mark) [1 CMS-initial-mark: 219795K(531876K)] 231427K(610532K), 0.0008162 secs] [Times: user=0.01 sys=0.00, real=0.00 secs] 
2024-07-28T21:32:29.380+0800: 4.863: Total time for which application threads were stopped: 0.0009949 seconds, Stopping threads took: 0.0001306 seconds
2024-07-28T21:32:29.380+0800: 4.863: [CMS-concurrent-mark-start]
2024-07-28T21:32:29.382+0800: 4.865: [CMS-concurrent-mark: 0.002/0.002 secs] [Times: user=0.00 sys=0.00, real=0.00 secs] 
2024-07-28T21:32:29.382+0800: 4.865: [CMS-concurrent-preclean-start]
2024-07-28T21:32:29.382+0800: 4.865: [CMS-concurrent-preclean: 0.001/0.001 secs] [Times: user=0.00 sys=0.00, real=0.00 secs] 
2024-07-28T21:32:29.382+0800: 4.865: [CMS-concurrent-abortable-preclean-start]
2024-07-28T21:32:29.498+0800: 4.981: Application time: 0.1183358 seconds
2024-07-28T21:32:29.499+0800: 4.981: [GC (Allocation Failure) 2024-07-28T21:32:29.499+0800: 4.981: [ParNew: 77168K->8192K(78656K), 0.0128842 secs] 296964K->296596K(610532K), 0.0129561 secs] [Times: user=0.03 sys=0.00, real=0.01 secs] 
2024-07-28T21:32:29.512+0800: 4.994: Total time for which application threads were stopped: 0.0130755 seconds, Stopping threads took: 0.0000185 seconds
2024-07-28T21:32:29.621+0800: 5.105: Application time: 0.1104516 seconds
2024-07-28T21:32:29.621+0800: 5.105: [GC (Allocation Failure) 2024-07-28T21:32:29.621+0800: 5.105: [ParNew: 77168K->8192K(78656K), 0.0039300 secs] 365573K->304788K(610532K), 0.0039807 secs] [Times: user=0.00 sys=0.00, real=0.00 secs] 
2024-07-28T21:32:29.625+0800: 5.109: Total time for which application threads were stopped: 0.0040881 seconds, Stopping threads took: 0.0000180 seconds
2024-07-28T21:32:29.625+0800: 5.109: [CMS-concurrent-abortable-preclean: 0.006/0.243 secs] [Times: user=0.03 sys=0.00, real=0.24 secs] 
2024-07-28T21:32:29.625+0800: 5.109: Application time: 0.0003008 seconds
2024-07-28T21:32:29.626+0800: 5.109: [GC (CMS Final Remark) [YG occupancy: 12655 K (78656 K)]2024-07-28T21:32:29.626+0800: 5.109: [Rescan (parallel) , 0.0009140 secs]2024-07-28T21:32:29.627+0800: 5.110: [weak refs processing, 0.0000208 secs]2024-07-28T21:32:29.627+0800: 5.110: [class unloading, 0.0002415 secs]2024-07-28T21:32:29.627+0800: 5.110: [scrub symbol table, 0.0003139 secs]2024-07-28T21:32:29.627+0800: 5.111: [scrub string table, 0.0000904 secs][1 CMS-remark: 296596K(531876K)] 309252K(610532K), 0.0016529 secs] [Times: user=0.00 sys=0.00, real=0.00 secs] 
2024-07-28T21:32:29.627+0800: 5.111: Total time for which application threads were stopped: 0.0017727 seconds, Stopping threads took: 0.0000813 seconds
2024-07-28T21:32:29.628+0800: 5.111: [CMS-concurrent-sweep-start]
2024-07-28T21:32:29.629+0800: 5.112: [CMS-concurrent-sweep: 0.001/0.001 secs] [Times: user=0.03 sys=0.00, real=0.00 secs] 
2024-07-28T21:32:29.629+0800: 5.112: [CMS-concurrent-reset-start]
2024-07-28T21:32:29.630+0800: 5.114: [CMS-concurrent-reset: 0.001/0.001 secs] [Times: user=0.00 sys=0.00, real=0.00 secs] 
2024-07-28T21:32:29.632+0800: 5.116: Application time: 0.0050233 seconds
2024-07-28T21:32:29.632+0800: 5.116: [GC (Allocation Failure) 2024-07-28T21:32:29.632+0800: 5.116: [ParNew: 77168K->8192K(78656K), 0.0134391 secs] 230403K->230035K(610532K), 0.0134935 secs] [Times: user=0.03 sys=0.00, real=0.01 secs] 
2024-07-28T21:32:29.646+0800: 5.129: Total time for which application threads were stopped: 0.0135929 seconds, Stopping threads took: 0.0000148 seconds
2024-07-28T21:32:29.646+0800: 5.130: Application time: 0.0002279 seconds
2024-07-28T21:32:29.647+0800: 5.130: [GC (CMS Initial Mark) [1 CMS-initial-mark: 221843K(531876K)] 233475K(610532K), 0.0008212 secs] [Times: user=0.00 sys=0.00, real=0.00 secs] 
2024-07-28T21:32:29.647+0800: 5.131: Total time for which application threads were stopped: 0.0010062 seconds, Stopping threads took: 0.0001412 seconds
2024-07-28T21:32:29.648+0800: 5.131: [CMS-concurrent-mark-start]
2024-07-28T21:32:29.649+0800: 5.132: [CMS-concurrent-mark: 0.002/0.002 secs] [Times: user=0.00 sys=0.00, real=0.00 secs] 
2024-07-28T21:32:29.649+0800: 5.132: [CMS-concurrent-preclean-start]
2024-07-28T21:32:29.650+0800: 5.133: [CMS-concurrent-preclean: 0.001/0.001 secs] [Times: user=0.00 sys=0.00, real=0.00 secs] 
2024-07-28T21:32:29.650+0800: 5.133: [CMS-concurrent-abortable-preclean-start]
2024-07-28T21:32:29.765+0800: 5.248: Application time: 0.1174386 seconds
2024-07-28T21:32:29.765+0800: 5.248: [GC (Allocation Failure) 2024-07-28T21:32:29.765+0800: 5.248: [ParNew: 77464K->8200K(78656K), 0.0126896 secs] 299308K->298652K(610532K), 0.0127481 secs] [Times: user=0.03 sys=0.00, real=0.01 secs] 
2024-07-28T21:32:29.778+0800: 5.261: Total time for which application threads were stopped: 0.0128632 seconds, Stopping threads took: 0.0000192 seconds
2024-07-28T21:32:29.889+0800: 5.372: Application time: 0.1109951 seconds
2024-07-28T21:32:29.889+0800: 5.372: [GC (Allocation Failure) 2024-07-28T21:32:29.889+0800: 5.372: [ParNew: 77174K->8192K(78656K), 0.0045204 secs] 367627K->307861K(610532K), 0.0045734 secs] [Times: user=0.00 sys=0.00, real=0.01 secs] 
2024-07-28T21:32:29.894+0800: 5.377: Total time for which application threads were stopped: 0.0046892 seconds, Stopping threads took: 0.0000198 seconds
2024-07-28T21:32:29.894+0800: 5.377: [CMS-concurrent-abortable-preclean: 0.006/0.243 secs] [Times: user=0.03 sys=0.00, real=0.24 secs] 
2024-07-28T21:32:29.894+0800: 5.377: Application time: 0.0003160 seconds
2024-07-28T21:32:29.894+0800: 5.377: [GC (CMS Final Remark) [YG occupancy: 12654 K (78656 K)]2024-07-28T21:32:29.894+0800: 5.377: [Rescan (parallel) , 0.0010922 secs]2024-07-28T21:32:29.896+0800: 5.378: [weak refs processing, 0.0000133 secs]2024-07-28T21:32:29.896+0800: 5.378: [class unloading, 0.0002241 secs]2024-07-28T21:32:29.896+0800: 5.378: [scrub symbol table, 0.0003600 secs]2024-07-28T21:32:29.896+0800: 5.379: [scrub string table, 0.0001150 secs][1 CMS-remark: 299669K(531876K)] 312324K(610532K), 0.0018738 secs] [Times: user=0.00 sys=0.00, real=0.00 secs] 
2024-07-28T21:32:29.896+0800: 5.379: Total time for which application threads were stopped: 0.0020321 seconds, Stopping threads took: 0.0001151 seconds
2024-07-28T21:32:29.897+0800: 5.379: [CMS-concurrent-sweep-start]
2024-07-28T21:32:29.898+0800: 5.381: [CMS-concurrent-sweep: 0.002/0.002 secs] [Times: user=0.00 sys=0.00, real=0.00 secs] 
2024-07-28T21:32:29.898+0800: 5.381: [CMS-concurrent-reset-start]
2024-07-28T21:32:29.899+0800: 5.382: [CMS-concurrent-reset: 0.001/0.001 secs] [Times: user=0.00 sys=0.00, real=0.00 secs] 
2024-07-28T21:32:29.901+0800: 5.384: Application time: 0.0048316 seconds
2024-07-28T21:32:29.901+0800: 5.384: [GC (Allocation Failure) 2024-07-28T21:32:29.901+0800: 5.384: [ParNew: 77167K->8192K(78656K), 0.0135982 secs] 232450K->232084K(610532K), 0.0136446 secs] [Times: user=0.03 sys=0.00, real=0.01 secs] 
2024-07-28T21:32:29.915+0800: 5.398: Total time for which application threads were stopped: 0.0137465 seconds, Stopping threads took: 0.0000166 seconds
2024-07-28T21:32:29.915+0800: 5.398: Application time: 0.0002443 seconds
2024-07-28T21:32:29.915+0800: 5.398: [GC (CMS Initial Mark) [1 CMS-initial-mark: 223892K(531876K)] 235523K(610532K), 0.0007402 secs] [Times: user=0.00 sys=0.00, real=0.00 secs] 
2024-07-28T21:32:29.916+0800: 5.399: Total time for which application threads were stopped: 0.0008622 seconds, Stopping threads took: 0.0000767 seconds
2024-07-28T21:32:29.916+0800: 5.399: [CMS-concurrent-mark-start]
2024-07-28T21:32:29.918+0800: 5.401: [CMS-concurrent-mark: 0.002/0.002 secs] [Times: user=0.00 sys=0.00, real=0.00 secs] 
2024-07-28T21:32:29.918+0800: 5.401: [CMS-concurrent-preclean-start]
2024-07-28T21:32:29.919+0800: 5.401: [CMS-concurrent-preclean: 0.001/0.001 secs] [Times: user=0.00 sys=0.00, real=0.00 secs] 
2024-07-28T21:32:29.919+0800: 5.401: [CMS-concurrent-abortable-preclean-start]
2024-07-28T21:32:30.031+0800: 5.515: Application time: 0.1159405 seconds
2024-07-28T21:32:30.032+0800: 5.515: [GC (Allocation Failure) 2024-07-28T21:32:30.032+0800: 5.515: [ParNew: 77167K->8192K(78656K), 0.0123401 secs] 301060K->300693K(610532K), 0.0124031 secs] [Times: user=0.03 sys=0.00, real=0.01 secs] 
2024-07-28T21:32:30.044+0800: 5.527: Total time for which application threads were stopped: 0.0125173 seconds, Stopping threads took: 0.0000222 seconds
2024-07-28T21:32:30.155+0800: 5.639: Application time: 0.1114190 seconds
2024-07-28T21:32:30.156+0800: 5.639: [GC (Allocation Failure) 2024-07-28T21:32:30.156+0800: 5.639: [ParNew: 77168K->8192K(78656K), 0.0038579 secs] 369669K->310933K(610532K), 0.0039162 secs] [Times: user=0.00 sys=0.00, real=0.00 secs] 
2024-07-28T21:32:30.159+0800: 5.643: Total time for which application threads were stopped: 0.0040310 seconds, Stopping threads took: 0.0000187 seconds
2024-07-28T21:32:30.160+0800: 5.643: [CMS-concurrent-abortable-preclean: 0.006/0.241 secs] [Times: user=0.03 sys=0.00, real=0.24 secs] 
2024-07-28T21:32:30.160+0800: 5.643: Application time: 0.0003533 seconds
2024-07-28T21:32:30.160+0800: 5.643: [GC (CMS Final Remark) [YG occupancy: 12655 K (78656 K)]2024-07-28T21:32:30.160+0800: 5.643: [Rescan (parallel) , 0.0008273 secs]2024-07-28T21:32:30.161+0800: 5.644: [weak refs processing, 0.0000127 secs]2024-07-28T21:32:30.161+0800: 5.644: [class unloading, 0.0002266 secs]2024-07-28T21:32:30.161+0800: 5.644: [scrub symbol table, 0.0003408 secs]2024-07-28T21:32:30.161+0800: 5.644: [scrub string table, 0.0000995 secs][1 CMS-remark: 302741K(531876K)] 315397K(610532K), 0.0015747 secs] [Times: user=0.00 sys=0.00, real=0.00 secs] 
2024-07-28T21:32:30.162+0800: 5.645: Total time for which application threads were stopped: 0.0017198 seconds, Stopping threads took: 0.0001073 seconds
2024-07-28T21:32:30.162+0800: 5.645: [CMS-concurrent-sweep-start]
2024-07-28T21:32:30.163+0800: 5.646: [CMS-concurrent-sweep: 0.002/0.002 secs] [Times: user=0.00 sys=0.00, real=0.00 secs] 
2024-07-28T21:32:30.163+0800: 5.646: [CMS-concurrent-reset-start]
2024-07-28T21:32:30.165+0800: 5.648: [CMS-concurrent-reset: 0.001/0.001 secs] [Times: user=0.00 sys=0.00, real=0.00 secs] 
2024-07-28T21:32:30.166+0800: 5.650: Application time: 0.0048667 seconds
2024-07-28T21:32:30.166+0800: 5.650: [GC (Allocation Failure) 2024-07-28T21:32:30.167+0800: 5.650: [ParNew: 77168K->8192K(78656K), 0.0126013 secs] 234499K->234132K(610532K), 0.0126508 secs] [Times: user=0.03 sys=0.00, real=0.01 secs] 
2024-07-28T21:32:30.179+0800: 5.662: Total time for which application threads were stopped: 0.0127496 seconds, Stopping threads took: 0.0000133 seconds
2024-07-28T21:32:30.179+0800: 5.662: Application time: 0.0001879 seconds
2024-07-28T21:32:30.179+0800: 5.663: [GC (CMS Initial Mark) [1 CMS-initial-mark: 225940K(531876K)] 237572K(610532K), 0.0008432 secs] [Times: user=0.00 sys=0.00, real=0.00 secs] 
2024-07-28T21:32:30.180+0800: 5.663: Total time for which application threads were stopped: 0.0009664 seconds, Stopping threads took: 0.0000782 seconds
2024-07-28T21:32:30.180+0800: 5.664: [CMS-concurrent-mark-start]
2024-07-28T21:32:30.182+0800: 5.665: [CMS-concurrent-mark: 0.002/0.002 secs] [Times: user=0.00 sys=0.00, real=0.00 secs] 
2024-07-28T21:32:30.182+0800: 5.665: [CMS-concurrent-preclean-start]
2024-07-28T21:32:30.183+0800: 5.666: [CMS-concurrent-preclean: 0.001/0.001 secs] [Times: user=0.00 sys=0.00, real=0.00 secs] 
2024-07-28T21:32:30.183+0800: 5.666: [CMS-concurrent-abortable-preclean-start]
2024-07-28T21:32:30.299+0800: 5.782: Application time: 0.1180890 seconds
2024-07-28T21:32:30.299+0800: 5.782: [GC (Allocation Failure) 2024-07-28T21:32:30.299+0800: 5.782: [ParNew: 77168K->8192K(78656K), 0.0122140 secs] 303109K->302741K(610532K), 0.0122717 secs] [Times: user=0.03 sys=0.00, real=0.01 secs] 
2024-07-28T21:32:30.311+0800: 5.794: Total time for which application threads were stopped: 0.0123796 seconds, Stopping threads took: 0.0000175 seconds
2024-07-28T21:32:30.422+0800: 5.905: Application time: 0.1114904 seconds
2024-07-28T21:32:30.423+0800: 5.905: [GC (Allocation Failure) 2024-07-28T21:32:30.423+0800: 5.905: [ParNew: 77168K->8192K(78656K), 0.0039929 secs] 371718K->314005K(610532K), 0.0040557 secs] [Times: user=0.02 sys=0.00, real=0.00 secs] 
2024-07-28T21:32:30.427+0800: 5.910: Total time for which application threads were stopped: 0.0041851 seconds, Stopping threads took: 0.0000238 seconds
2024-07-28T21:32:30.427+0800: 5.910: [CMS-concurrent-abortable-preclean: 0.006/0.244 secs] [Times: user=0.05 sys=0.00, real=0.24 secs] 
2024-07-28T21:32:30.427+0800: 5.910: Application time: 0.0003099 seconds
2024-07-28T21:32:30.427+0800: 5.910: [GC (CMS Final Remark) [YG occupancy: 12655 K (78656 K)]2024-07-28T21:32:30.427+0800: 5.910: [Rescan (parallel) , 0.0012381 secs]2024-07-28T21:32:30.428+0800: 5.911: [weak refs processing, 0.0000129 secs]2024-07-28T21:32:30.428+0800: 5.911: [class unloading, 0.0002298 secs]2024-07-28T21:32:30.429+0800: 5.912: [scrub symbol table, 0.0003531 secs]2024-07-28T21:32:30.429+0800: 5.912: [scrub string table, 0.0000991 secs][1 CMS-remark: 305813K(531876K)] 318469K(610532K), 0.0020038 secs] [Times: user=0.00 sys=0.00, real=0.00 secs] 
2024-07-28T21:32:30.429+0800: 5.912: Total time for which application threads were stopped: 0.0021870 seconds, Stopping threads took: 0.0001469 seconds
2024-07-28T21:32:30.429+0800: 5.912: [CMS-concurrent-sweep-start]
2024-07-28T21:32:30.431+0800: 5.914: [CMS-concurrent-sweep: 0.001/0.001 secs] [Times: user=0.00 sys=0.00, real=0.00 secs] 
2024-07-28T21:32:30.431+0800: 5.914: [CMS-concurrent-reset-start]
2024-07-28T21:32:30.432+0800: 5.915: [CMS-concurrent-reset: 0.001/0.001 secs] [Times: user=0.00 sys=0.00, real=0.00 secs] 
2024-07-28T21:32:30.434+0800: 5.917: Application time: 0.0048268 seconds
2024-07-28T21:32:30.434+0800: 5.917: [GC (Allocation Failure) 2024-07-28T21:32:30.434+0800: 5.917: [ParNew: 77168K->8192K(78656K), 0.0121381 secs] 236548K->236180K(610532K), 0.0121861 secs] [Times: user=0.03 sys=0.00, real=0.01 secs] 
2024-07-28T21:32:30.446+0800: 5.929: Total time for which application threads were stopped: 0.0122825 seconds, Stopping threads took: 0.0000144 seconds
2024-07-28T21:32:30.446+0800: 5.929: Application time: 0.0001326 seconds
2024-07-28T21:32:30.447+0800: 5.929: [GC (CMS Initial Mark) [1 CMS-initial-mark: 227988K(531876K)] 239620K(610532K), 0.0007413 secs] [Times: user=0.00 sys=0.00, real=0.00 secs] 
2024-07-28T21:32:30.447+0800: 5.930: Total time for which application threads were stopped: 0.0008816 seconds, Stopping threads took: 0.0000992 seconds
2024-07-28T21:32:30.447+0800: 5.930: [CMS-concurrent-mark-start]
2024-07-28T21:32:30.449+0800: 5.932: [CMS-concurrent-mark: 0.002/0.002 secs] [Times: user=0.00 sys=0.00, real=0.00 secs] 
2024-07-28T21:32:30.449+0800: 5.932: [CMS-concurrent-preclean-start]
2024-07-28T21:32:30.450+0800: 5.933: [CMS-concurrent-preclean: 0.001/0.001 secs] [Times: user=0.00 sys=0.00, real=0.00 secs] 
2024-07-28T21:32:30.450+0800: 5.933: [CMS-concurrent-abortable-preclean-start]
2024-07-28T21:32:30.567+0800: 6.050: Application time: 0.1193262 seconds
2024-07-28T21:32:30.567+0800: 6.050: [GC (Allocation Failure) 2024-07-28T21:32:30.567+0800: 6.050: [ParNew: 77168K->8192K(78656K), 0.0124213 secs] 305157K->304789K(610532K), 0.0124796 secs] [Times: user=0.00 sys=0.00, real=0.01 secs] 
2024-07-28T21:32:30.579+0800: 6.062: Total time for which application threads were stopped: 0.0125981 seconds, Stopping threads took: 0.0000188 seconds
2024-07-28T21:32:30.689+0800: 6.172: Application time: 0.1095063 seconds
2024-07-28T21:32:30.689+0800: 6.172: [GC (Allocation Failure) 2024-07-28T21:32:30.689+0800: 6.172: [ParNew: 77168K->8192K(78656K), 0.0046519 secs] 373766K->317077K(610532K), 0.0047121 secs] [Times: user=0.03 sys=0.00, real=0.01 secs] 
2024-07-28T21:32:30.694+0800: 6.176: Total time for which application threads were stopped: 0.0048252 seconds, Stopping threads took: 0.0000223 seconds
2024-07-28T21:32:30.694+0800: 6.177: [CMS-concurrent-abortable-preclean: 0.006/0.244 secs] [Times: user=0.05 sys=0.00, real=0.24 secs] 
2024-07-28T21:32:30.694+0800: 6.177: Application time: 0.0003369 seconds
2024-07-28T21:32:30.694+0800: 6.177: [GC (CMS Final Remark) [YG occupancy: 13679 K (78656 K)]2024-07-28T21:32:30.694+0800: 6.177: [Rescan (parallel) , 0.0007608 secs]2024-07-28T21:32:30.695+0800: 6.178: [weak refs processing, 0.0000126 secs]2024-07-28T21:32:30.695+0800: 6.178: [class unloading, 0.0002259 secs]2024-07-28T21:32:30.695+0800: 6.178: [scrub symbol table, 0.0003516 secs]2024-07-28T21:32:30.695+0800: 6.178: [scrub string table, 0.0001226 secs][1 CMS-remark: 308885K(531876K)] 322565K(610532K), 0.0015395 secs] [Times: user=0.00 sys=0.00, real=0.00 secs] 
2024-07-28T21:32:30.696+0800: 6.178: Total time for which application threads were stopped: 0.0016769 seconds, Stopping threads took: 0.0001019 seconds
2024-07-28T21:32:30.696+0800: 6.179: [CMS-concurrent-sweep-start]
2024-07-28T21:32:30.697+0800: 6.180: [CMS-concurrent-sweep: 0.001/0.001 secs] [Times: user=0.00 sys=0.00, real=0.00 secs] 
2024-07-28T21:32:30.697+0800: 6.180: [CMS-concurrent-reset-start]
2024-07-28T21:32:30.698+0800: 6.181: [CMS-concurrent-reset: 0.001/0.001 secs] [Times: user=0.00 sys=0.00, real=0.00 secs] 
2024-07-28T21:32:30.700+0800: 6.183: Application time: 0.0046734 seconds
2024-07-28T21:32:30.700+0800: 6.183: [GC (Allocation Failure) 2024-07-28T21:32:30.700+0800: 6.183: [ParNew: 77168K->8192K(78656K), 0.0121636 secs] 238596K->238228K(610532K), 0.0122139 secs] [Times: user=0.03 sys=0.00, real=0.01 secs] 
2024-07-28T21:32:30.713+0800: 6.195: Total time for which application threads were stopped: 0.0123186 seconds, Stopping threads took: 0.0000123 seconds
2024-07-28T21:32:30.713+0800: 6.196: Application time: 0.0001627 seconds
2024-07-28T21:32:30.713+0800: 6.196: [GC (CMS Initial Mark) [1 CMS-initial-mark: 230036K(531876K)] 239252K(610532K), 0.0008227 secs] [Times: user=0.00 sys=0.00, real=0.00 secs] 
2024-07-28T21:32:30.714+0800: 6.197: Total time for which application threads were stopped: 0.0009792 seconds, Stopping threads took: 0.0001141 seconds
2024-07-28T21:32:30.714+0800: 6.197: [CMS-concurrent-mark-start]
2024-07-28T21:32:30.715+0800: 6.198: [CMS-concurrent-mark: 0.001/0.001 secs] [Times: user=0.00 sys=0.00, real=0.00 secs] 
2024-07-28T21:32:30.715+0800: 6.198: [CMS-concurrent-preclean-start]
2024-07-28T21:32:30.716+0800: 6.199: [CMS-concurrent-preclean: 0.001/0.001 secs] [Times: user=0.00 sys=0.00, real=0.00 secs] 
2024-07-28T21:32:30.716+0800: 6.199: [CMS-concurrent-abortable-preclean-start]
2024-07-28T21:32:30.834+0800: 6.316: Application time: 0.1198369 seconds
2024-07-28T21:32:30.834+0800: 6.317: [GC (Allocation Failure) 2024-07-28T21:32:30.834+0800: 6.317: [ParNew: 77168K->8192K(78656K), 0.0121111 secs] 307205K->306837K(610532K), 0.0121858 secs] [Times: user=0.00 sys=0.00, real=0.01 secs] 
2024-07-28T21:32:30.846+0800: 6.329: Total time for which application threads were stopped: 0.0122980 seconds, Stopping threads took: 0.0000198 seconds
2024-07-28T21:32:30.956+0800: 6.439: Application time: 0.1105389 seconds
2024-07-28T21:32:30.956+0800: 6.439: [GC (Allocation Failure) 2024-07-28T21:32:30.956+0800: 6.439: [ParNew: 77360K->8196K(78656K), 0.0042531 secs] 376006K->320154K(610532K), 0.0043126 secs] [Times: user=0.13 sys=0.00, real=0.00 secs] 
2024-07-28T21:32:30.960+0800: 6.444: Total time for which application threads were stopped: 0.0044404 seconds, Stopping threads took: 0.0000239 seconds
2024-07-28T21:32:30.960+0800: 6.444: [CMS-concurrent-abortable-preclean: 0.006/0.245 secs] [Times: user=0.16 sys=0.00, real=0.24 secs] 
2024-07-28T21:32:30.960+0800: 6.444: Application time: 0.0002175 seconds
2024-07-28T21:32:30.961+0800: 6.444: [GC (CMS Final Remark) [YG occupancy: 11634 K (78656 K)]2024-07-28T21:32:30.961+0800: 6.444: [Rescan (parallel) , 0.0007035 secs]2024-07-28T21:32:30.961+0800: 6.445: [weak refs processing, 0.0000122 secs]2024-07-28T21:32:30.961+0800: 6.445: [class unloading, 0.0002136 secs]2024-07-28T21:32:30.962+0800: 6.445: [scrub symbol table, 0.0003190 secs]2024-07-28T21:32:30.962+0800: 6.445: [scrub string table, 0.0000910 secs][1 CMS-remark: 311957K(531876K)] 323592K(610532K), 0.0014021 secs] [Times: user=0.00 sys=0.00, real=0.00 secs] 
2024-07-28T21:32:30.962+0800: 6.446: Total time for which application threads were stopped: 0.0015735 seconds, Stopping threads took: 0.0001368 seconds
2024-07-28T21:32:30.962+0800: 6.446: [CMS-concurrent-sweep-start]
2024-07-28T21:32:30.964+0800: 6.447: [CMS-concurrent-sweep: 0.001/0.001 secs] [Times: user=0.00 sys=0.00, real=0.00 secs] 
2024-07-28T21:32:30.964+0800: 6.447: [CMS-concurrent-reset-start]
2024-07-28T21:32:30.965+0800: 6.448: [CMS-concurrent-reset: 0.001/0.001 secs] [Times: user=0.00 sys=0.00, real=0.00 secs] 
2024-07-28T21:32:30.968+0800: 6.451: Application time: 0.0050026 seconds
2024-07-28T21:32:30.968+0800: 6.451: [GC (Allocation Failure) 2024-07-28T21:32:30.968+0800: 6.451: [ParNew: 77171K->8192K(78656K), 0.0123446 secs] 240647K->240276K(610532K), 0.0123920 secs] [Times: user=0.03 sys=0.00, real=0.01 secs] 
2024-07-28T21:32:30.980+0800: 6.463: Total time for which application threads were stopped: 0.0124921 seconds, Stopping threads took: 0.0000135 seconds
2024-07-28T21:32:30.980+0800: 6.463: Application time: 0.0002048 seconds
2024-07-28T21:32:30.980+0800: 6.463: [GC (CMS Initial Mark) [1 CMS-initial-mark: 232084K(531876K)] 243715K(610532K), 0.0007354 secs] [Times: user=0.00 sys=0.00, real=0.00 secs] 
2024-07-28T21:32:30.981+0800: 6.464: Total time for which application threads were stopped: 0.0008839 seconds, Stopping threads took: 0.0001054 seconds
2024-07-28T21:32:30.981+0800: 6.464: [CMS-concurrent-mark-start]
2024-07-28T21:32:30.982+0800: 6.466: [CMS-concurrent-mark: 0.001/0.001 secs] [Times: user=0.00 sys=0.00, real=0.00 secs] 
2024-07-28T21:32:30.982+0800: 6.466: [CMS-concurrent-preclean-start]
2024-07-28T21:32:30.983+0800: 6.466: [CMS-concurrent-preclean: 0.001/0.001 secs] [Times: user=0.00 sys=0.00, real=0.00 secs] 
2024-07-28T21:32:30.983+0800: 6.466: [CMS-concurrent-abortable-preclean-start]
2024-07-28T21:32:31.100+0800: 6.583: Application time: 0.1189130 seconds
2024-07-28T21:32:31.100+0800: 6.583: [GC (Allocation Failure) 2024-07-28T21:32:31.100+0800: 6.583: [ParNew: 77167K->8192K(78656K), 0.0119073 secs] 309252K->308885K(610532K), 0.0119708 secs] [Times: user=0.00 sys=0.00, real=0.01 secs] 
2024-07-28T21:32:31.112+0800: 6.595: Total time for which application threads were stopped: 0.0120874 seconds, Stopping threads took: 0.0000201 seconds
2024-07-28T21:32:31.223+0800: 6.705: Application time: 0.1101661 seconds
2024-07-28T21:32:31.223+0800: 6.705: [GC (Allocation Failure) 2024-07-28T21:32:31.223+0800: 6.705: [ParNew: 77168K->8192K(78656K), 0.0042748 secs] 377861K->323222K(610532K), 0.0043557 secs] [Times: user=0.03 sys=0.00, real=0.00 secs] 
2024-07-28T21:32:31.227+0800: 6.710: Total time for which application threads were stopped: 0.0044711 seconds, Stopping threads took: 0.0000234 seconds
2024-07-28T21:32:31.227+0800: 6.710: [CMS-concurrent-abortable-preclean: 0.006/0.243 secs] [Times: user=0.09 sys=0.00, real=0.24 secs] 
2024-07-28T21:32:31.227+0800: 6.710: Application time: 0.0002907 seconds
2024-07-28T21:32:31.228+0800: 6.710: [GC (CMS Final Remark) [YG occupancy: 12655 K (78656 K)]2024-07-28T21:32:31.228+0800: 6.710: [Rescan (parallel) , 0.0010050 secs]2024-07-28T21:32:31.229+0800: 6.711: [weak refs processing, 0.0000131 secs]2024-07-28T21:32:31.229+0800: 6.711: [class unloading, 0.0002424 secs]2024-07-28T21:32:31.229+0800: 6.711: [scrub symbol table, 0.0003370 secs]2024-07-28T21:32:31.229+0800: 6.712: [scrub string table, 0.0001003 secs][1 CMS-remark: 315029K(531876K)] 327685K(610532K), 0.0017604 secs] [Times: user=0.00 sys=0.00, real=0.00 secs] 
2024-07-28T21:32:31.229+0800: 6.712: Total time for which application threads were stopped: 0.0018858 seconds, Stopping threads took: 0.0000893 seconds
2024-07-28T21:32:31.230+0800: 6.712: [CMS-concurrent-sweep-start]
2024-07-28T21:32:31.231+0800: 6.713: [CMS-concurrent-sweep: 0.001/0.001 secs] [Times: user=0.00 sys=0.00, real=0.00 secs] 
2024-07-28T21:32:31.231+0800: 6.713: [CMS-concurrent-reset-start]
2024-07-28T21:32:31.232+0800: 6.715: [CMS-concurrent-reset: 0.002/0.002 secs] [Times: user=0.00 sys=0.00, real=0.00 secs] 
2024-07-28T21:32:31.234+0800: 6.717: Application time: 0.0048132 seconds
2024-07-28T21:32:31.234+0800: 6.717: [GC (Allocation Failure) 2024-07-28T21:32:31.234+0800: 6.717: [ParNew: 77168K->8192K(78656K), 0.0124023 secs] 242692K->242324K(610532K), 0.0124504 secs] [Times: user=0.03 sys=0.00, real=0.01 secs] 
2024-07-28T21:32:31.247+0800: 6.729: Total time for which application threads were stopped: 0.0125478 seconds, Stopping threads took: 0.0000138 seconds
2024-07-28T21:32:31.247+0800: 6.730: Application time: 0.0002453 seconds
2024-07-28T21:32:31.247+0800: 6.730: [GC (CMS Initial Mark) [1 CMS-initial-mark: 234132K(531876K)] 245764K(610532K), 0.0007111 secs] [Times: user=0.00 sys=0.00, real=0.00 secs] 
2024-07-28T21:32:31.248+0800: 6.730: Total time for which application threads were stopped: 0.0008273 seconds, Stopping threads took: 0.0000744 seconds
2024-07-28T21:32:31.248+0800: 6.731: [CMS-concurrent-mark-start]
2024-07-28T21:32:31.249+0800: 6.732: [CMS-concurrent-mark: 0.001/0.001 secs] [Times: user=0.00 sys=0.00, real=0.00 secs] 
2024-07-28T21:32:31.249+0800: 6.732: [CMS-concurrent-preclean-start]
2024-07-28T21:32:31.250+0800: 6.733: [CMS-concurrent-preclean: 0.001/0.001 secs] [Times: user=0.00 sys=0.00, real=0.00 secs] 
2024-07-28T21:32:31.250+0800: 6.733: [CMS-concurrent-abortable-preclean-start]
2024-07-28T21:32:31.367+0800: 6.850: Application time: 0.1196395 seconds
2024-07-28T21:32:31.367+0800: 6.850: [GC (Allocation Failure) 2024-07-28T21:32:31.367+0800: 6.850: [ParNew: 77168K->8192K(78656K), 0.0123579 secs] 311301K->310933K(610532K), 0.0124170 secs] [Times: user=0.03 sys=0.00, real=0.01 secs] 
2024-07-28T21:32:31.379+0800: 6.863: Total time for which application threads were stopped: 0.0125324 seconds, Stopping threads took: 0.0000198 seconds
2024-07-28T21:32:31.490+0800: 6.973: Application time: 0.1108070 seconds
2024-07-28T21:32:31.490+0800: 6.973: [GC (Allocation Failure) 2024-07-28T21:32:31.490+0800: 6.974: [ParNew: 77168K->8192K(78656K), 0.0047871 secs] 379910K->326294K(610532K), 0.0048498 secs] [Times: user=0.00 sys=0.00, real=0.00 secs] 
2024-07-28T21:32:31.495+0800: 6.978: Total time for which application threads were stopped: 0.0049915 seconds, Stopping threads took: 0.0000272 seconds
2024-07-28T21:32:31.495+0800: 6.978: [CMS-concurrent-abortable-preclean: 0.006/0.246 secs] [Times: user=0.09 sys=0.00, real=0.24 secs] 
2024-07-28T21:32:31.496+0800: 6.979: Application time: 0.0003162 seconds
2024-07-28T21:32:31.496+0800: 6.979: [GC (CMS Final Remark) [YG occupancy: 12655 K (78656 K)]2024-07-28T21:32:31.496+0800: 6.979: [Rescan (parallel) , 0.0008229 secs]2024-07-28T21:32:31.497+0800: 6.980: [weak refs processing, 0.0000127 secs]2024-07-28T21:32:31.497+0800: 6.980: [class unloading, 0.0002228 secs]2024-07-28T21:32:31.497+0800: 6.980: [scrub symbol table, 0.0003459 secs]2024-07-28T21:32:31.497+0800: 6.980: [scrub string table, 0.0001000 secs][1 CMS-remark: 318102K(531876K)] 330757K(610532K), 0.0015660 secs] [Times: user=0.00 sys=0.00, real=0.00 secs] 
2024-07-28T21:32:31.497+0800: 6.980: Total time for which application threads were stopped: 0.0016941 seconds, Stopping threads took: 0.0000831 seconds
2024-07-28T21:32:31.498+0800: 6.981: [CMS-concurrent-sweep-start]
2024-07-28T21:32:31.499+0800: 6.982: [CMS-concurrent-sweep: 0.001/0.001 secs] [Times: user=0.00 sys=0.00, real=0.00 secs] 
2024-07-28T21:32:31.499+0800: 6.982: [CMS-concurrent-reset-start]
2024-07-28T21:32:31.500+0800: 6.984: [CMS-concurrent-reset: 0.001/0.001 secs] [Times: user=0.00 sys=0.00, real=0.00 secs] 
2024-07-28T21:32:31.502+0800: 6.985: Application time: 0.0047056 seconds
2024-07-28T21:32:31.502+0800: 6.985: [GC (Allocation Failure) 2024-07-28T21:32:31.502+0800: 6.985: [ParNew: 77168K->8192K(78656K), 0.0124704 secs] 244740K->244372K(610532K), 0.0125196 secs] [Times: user=0.02 sys=0.01, real=0.01 secs] 
2024-07-28T21:32:31.515+0800: 6.998: Total time for which application threads were stopped: 0.0126229 seconds, Stopping threads took: 0.0000130 seconds
2024-07-28T21:32:31.515+0800: 6.998: Application time: 0.0002300 seconds
2024-07-28T21:32:31.515+0800: 6.998: [GC (CMS Initial Mark) [1 CMS-initial-mark: 236180K(531876K)] 247812K(610532K), 0.0006132 secs] [Times: user=0.00 sys=0.00, real=0.00 secs] 
2024-07-28T21:32:31.516+0800: 6.999: Total time for which application threads were stopped: 0.0007319 seconds, Stopping threads took: 0.0000767 seconds
2024-07-28T21:32:31.516+0800: 6.999: [CMS-concurrent-mark-start]
2024-07-28T21:32:31.517+0800: 7.000: [CMS-concurrent-mark: 0.001/0.001 secs] [Times: user=0.00 sys=0.00, real=0.00 secs] 
2024-07-28T21:32:31.517+0800: 7.000: [CMS-concurrent-preclean-start]
2024-07-28T21:32:31.518+0800: 7.001: [CMS-concurrent-preclean: 0.001/0.001 secs] [Times: user=0.00 sys=0.00, real=0.00 secs] 
2024-07-28T21:32:31.518+0800: 7.001: [CMS-concurrent-abortable-preclean-start]
2024-07-28T21:32:31.635+0800: 7.118: Application time: 0.1192342 seconds
2024-07-28T21:32:31.635+0800: 7.118: [GC (Allocation Failure) 2024-07-28T21:32:31.635+0800: 7.118: [ParNew: 77168K->8192K(78656K), 0.0131455 secs] 313349K->312981K(610532K), 0.0132041 secs] [Times: user=0.02 sys=0.02, real=0.01 secs] 
2024-07-28T21:32:31.649+0800: 7.131: Total time for which application threads were stopped: 0.0133338 seconds, Stopping threads took: 0.0000211 seconds
2024-07-28T21:32:31.759+0800: 7.242: Application time: 0.1107867 seconds
2024-07-28T21:32:31.759+0800: 7.242: [GC (Allocation Failure) 2024-07-28T21:32:31.759+0800: 7.242: [ParNew: 77168K->8192K(78656K), 0.0046580 secs] 381958K->329366K(610532K), 0.0047157 secs] [Times: user=0.00 sys=0.00, real=0.00 secs] 
2024-07-28T21:32:31.764+0800: 7.247: Total time for which application threads were stopped: 0.0048398 seconds, Stopping threads took: 0.0000189 seconds
2024-07-28T21:32:31.764+0800: 7.247: [CMS-concurrent-abortable-preclean: 0.006/0.246 secs] [Times: user=0.02 sys=0.02, real=0.25 secs] 
2024-07-28T21:32:31.764+0800: 7.247: Application time: 0.0003061 seconds
2024-07-28T21:32:31.764+0800: 7.247: [GC (CMS Final Remark) [YG occupancy: 12655 K (78656 K)]2024-07-28T21:32:31.764+0800: 7.247: [Rescan (parallel) , 0.0008785 secs]2024-07-28T21:32:31.765+0800: 7.248: [weak refs processing, 0.0000127 secs]2024-07-28T21:32:31.765+0800: 7.248: [class unloading, 0.0002315 secs]2024-07-28T21:32:31.765+0800: 7.249: [scrub symbol table, 0.0003455 secs]2024-07-28T21:32:31.765+0800: 7.249: [scrub string table, 0.0001083 secs][1 CMS-remark: 321174K(531876K)] 333829K(610532K), 0.0016392 secs] [Times: user=0.00 sys=0.00, real=0.00 secs] 
2024-07-28T21:32:31.766+0800: 7.249: Total time for which application threads were stopped: 0.0018387 seconds, Stopping threads took: 0.0001620 seconds
2024-07-28T21:32:31.766+0800: 7.249: [CMS-concurrent-sweep-start]
2024-07-28T21:32:31.768+0800: 7.251: [CMS-concurrent-sweep: 0.002/0.002 secs] [Times: user=0.00 sys=0.00, real=0.00 secs] 
2024-07-28T21:32:31.768+0800: 7.251: [CMS-concurrent-reset-start]
2024-07-28T21:32:31.769+0800: 7.252: [CMS-concurrent-reset: 0.001/0.001 secs] [Times: user=0.00 sys=0.00, real=0.00 secs] 
2024-07-28T21:32:31.770+0800: 7.254: Application time: 0.0047362 seconds
2024-07-28T21:32:31.770+0800: 7.254: [GC (Allocation Failure) 2024-07-28T21:32:31.771+0800: 7.254: [ParNew: 77168K->8192K(78656K), 0.0121186 secs] 246788K->246420K(610532K), 0.0121751 secs] [Times: user=0.00 sys=0.00, real=0.01 secs] 
2024-07-28T21:32:31.783+0800: 7.266: Total time for which application threads were stopped: 0.0122705 seconds, Stopping threads took: 0.0000138 seconds
2024-07-28T21:32:31.783+0800: 7.266: Application time: 0.0002363 seconds
2024-07-28T21:32:31.783+0800: 7.266: [GC (CMS Initial Mark) [1 CMS-initial-mark: 238228K(531876K)] 249860K(610532K), 0.0008232 secs] [Times: user=0.00 sys=0.00, real=0.00 secs] 
2024-07-28T21:32:31.784+0800: 7.267: Total time for which application threads were stopped: 0.0009407 seconds, Stopping threads took: 0.0000760 seconds
2024-07-28T21:32:31.784+0800: 7.267: [CMS-concurrent-mark-start]
2024-07-28T21:32:31.785+0800: 7.269: [CMS-concurrent-mark: 0.001/0.001 secs] [Times: user=0.00 sys=0.00, real=0.00 secs] 
2024-07-28T21:32:31.785+0800: 7.269: [CMS-concurrent-preclean-start]
2024-07-28T21:32:31.786+0800: 7.269: [CMS-concurrent-preclean: 0.001/0.001 secs] [Times: user=0.01 sys=0.02, real=0.00 secs] 
2024-07-28T21:32:31.786+0800: 7.269: [CMS-concurrent-abortable-preclean-start]
2024-07-28T21:32:31.903+0800: 7.385: Application time: 0.1181466 seconds
2024-07-28T21:32:31.903+0800: 7.385: [GC (Allocation Failure) 2024-07-28T21:32:31.903+0800: 7.386: [ParNew: 77168K->8200K(78656K), 0.0127337 secs] 315397K->315038K(610532K), 0.0128037 secs] [Times: user=0.03 sys=0.00, real=0.01 secs] 
2024-07-28T21:32:31.916+0800: 7.398: Total time for which application threads were stopped: 0.0129346 seconds, Stopping threads took: 0.0000266 seconds
2024-07-28T21:32:32.024+0800: 7.507: Application time: 0.1089237 seconds
2024-07-28T21:32:32.024+0800: 7.507: [GC (Allocation Failure) 2024-07-28T21:32:32.024+0800: 7.507: [ParNew: 77176K->8192K(78656K), 0.0051901 secs] 384014K->332438K(610532K), 0.0052485 secs] [Times: user=0.00 sys=0.00, real=0.01 secs] 
2024-07-28T21:32:32.030+0800: 7.513: Total time for which application threads were stopped: 0.0053585 seconds, Stopping threads took: 0.0000192 seconds
2024-07-28T21:32:32.030+0800: 7.513: [CMS-concurrent-abortable-preclean: 0.007/0.243 secs] [Times: user=0.03 sys=0.00, real=0.24 secs] 
2024-07-28T21:32:32.030+0800: 7.513: Application time: 0.0003345 seconds
2024-07-28T21:32:32.030+0800: 7.513: [GC (CMS Final Remark) [YG occupancy: 12655 K (78656 K)]2024-07-28T21:32:32.030+0800: 7.513: [Rescan (parallel) , 0.0010707 secs]2024-07-28T21:32:32.031+0800: 7.514: [weak refs processing, 0.0000127 secs]2024-07-28T21:32:32.031+0800: 7.514: [class unloading, 0.0002320 secs]2024-07-28T21:32:32.032+0800: 7.514: [scrub symbol table, 0.0003549 secs]2024-07-28T21:32:32.032+0800: 7.515: [scrub string table, 0.0001012 secs][1 CMS-remark: 324246K(531876K)] 336902K(610532K), 0.0018356 secs] [Times: user=0.00 sys=0.00, real=0.00 secs] 
2024-07-28T21:32:32.032+0800: 7.515: Total time for which application threads were stopped: 0.0019912 seconds, Stopping threads took: 0.0001190 seconds
2024-07-28T21:32:32.032+0800: 7.515: [CMS-concurrent-sweep-start]
2024-07-28T21:32:32.033+0800: 7.516: [CMS-concurrent-sweep: 0.001/0.001 secs] [Times: user=0.00 sys=0.00, real=0.00 secs] 
2024-07-28T21:32:32.033+0800: 7.516: [CMS-concurrent-reset-start]
2024-07-28T21:32:32.035+0800: 7.518: [CMS-concurrent-reset: 0.002/0.002 secs] [Times: user=0.00 sys=0.00, real=0.00 secs] 
2024-07-28T21:32:32.037+0800: 7.520: Application time: 0.0048349 seconds
2024-07-28T21:32:32.037+0800: 7.520: [GC (Allocation Failure) 2024-07-28T21:32:32.037+0800: 7.520: [ParNew: 77168K->8192K(78656K), 0.0125927 secs] 248837K->248469K(610532K), 0.0126410 secs] [Times: user=0.00 sys=0.00, real=0.01 secs] 
2024-07-28T21:32:32.050+0800: 7.533: Total time for which application threads were stopped: 0.0127377 seconds, Stopping threads took: 0.0000137 seconds
2024-07-28T21:32:32.050+0800: 7.533: Application time: 0.0002319 seconds
2024-07-28T21:32:32.050+0800: 7.533: [GC (CMS Initial Mark) [1 CMS-initial-mark: 240277K(531876K)] 251909K(610532K), 0.0008233 secs] [Times: user=0.00 sys=0.00, real=0.00 secs] 
2024-07-28T21:32:32.051+0800: 7.534: Total time for which application threads were stopped: 0.0010134 seconds, Stopping threads took: 0.0001471 seconds
2024-07-28T21:32:32.051+0800: 7.534: [CMS-concurrent-mark-start]
2024-07-28T21:32:32.052+0800: 7.535: [CMS-concurrent-mark: 0.001/0.001 secs] [Times: user=0.03 sys=0.00, real=0.00 secs] 
2024-07-28T21:32:32.052+0800: 7.535: [CMS-concurrent-preclean-start]
2024-07-28T21:32:32.053+0800: 7.536: [CMS-concurrent-preclean: 0.001/0.001 secs] [Times: user=0.00 sys=0.00, real=0.00 secs] 
2024-07-28T21:32:32.053+0800: 7.536: [CMS-concurrent-abortable-preclean-start]
2024-07-28T21:32:32.166+0800: 7.649: Application time: 0.1153283 seconds
2024-07-28T21:32:32.166+0800: 7.649: [GC (Allocation Failure) 2024-07-28T21:32:32.166+0800: 7.649: [ParNew: 77168K->8192K(78656K), 0.0121406 secs] 317446K->317078K(610532K), 0.0122033 secs] [Times: user=0.03 sys=0.00, real=0.01 secs] 
2024-07-28T21:32:32.178+0800: 7.661: Total time for which application threads were stopped: 0.0123204 seconds, Stopping threads took: 0.0000193 seconds
2024-07-28T21:32:32.289+0800: 7.772: Application time: 0.1106030 seconds
2024-07-28T21:32:32.289+0800: 7.772: [GC (Allocation Failure) 2024-07-28T21:32:32.289+0800: 7.772: [ParNew: 77168K->8192K(78656K), 0.0050140 secs] 386055K->335510K(610532K), 0.0050905 secs] [Times: user=0.00 sys=0.00, real=0.00 secs] 
2024-07-28T21:32:32.294+0800: 7.777: Total time for which application threads were stopped: 0.0052042 seconds, Stopping threads took: 0.0000213 seconds
2024-07-28T21:32:32.294+0800: 7.777: [CMS-concurrent-abortable-preclean: 0.006/0.241 secs] [Times: user=0.03 sys=0.00, real=0.24 secs] 
2024-07-28T21:32:32.294+0800: 7.778: Application time: 0.0003239 seconds
2024-07-28T21:32:32.294+0800: 7.778: [GC (CMS Final Remark) [YG occupancy: 12655 K (78656 K)]2024-07-28T21:32:32.294+0800: 7.778: [Rescan (parallel) , 0.0010777 secs]2024-07-28T21:32:32.295+0800: 7.779: [weak refs processing, 0.0000132 secs]2024-07-28T21:32:32.295+0800: 7.779: [class unloading, 0.0002367 secs]2024-07-28T21:32:32.296+0800: 7.779: [scrub symbol table, 0.0003433 secs]2024-07-28T21:32:32.296+0800: 7.779: [scrub string table, 0.0001000 secs][1 CMS-remark: 327318K(531876K)] 339974K(610532K), 0.0018323 secs] [Times: user=0.00 sys=0.00, real=0.00 secs] 
2024-07-28T21:32:32.296+0800: 7.780: Total time for which application threads were stopped: 0.0019510 seconds, Stopping threads took: 0.0000834 seconds
2024-07-28T21:32:32.296+0800: 7.780: [CMS-concurrent-sweep-start]
2024-07-28T21:32:32.298+0800: 7.781: [CMS-concurrent-sweep: 0.001/0.001 secs] [Times: user=0.00 sys=0.00, real=0.00 secs] 
2024-07-28T21:32:32.298+0800: 7.781: [CMS-concurrent-reset-start]
2024-07-28T21:32:32.299+0800: 7.782: [CMS-concurrent-reset: 0.001/0.001 secs] [Times: user=0.00 sys=0.00, real=0.00 secs] 
2024-07-28T21:32:32.301+0800: 7.784: Application time: 0.0047729 seconds
2024-07-28T21:32:32.301+0800: 7.784: [GC (Allocation Failure) 2024-07-28T21:32:32.301+0800: 7.784: [ParNew: 77168K->8192K(78656K), 0.0125471 secs] 250885K->250517K(610532K), 0.0125948 secs] [Times: user=0.00 sys=0.00, real=0.01 secs] 
2024-07-28T21:32:32.314+0800: 7.797: Total time for which application threads were stopped: 0.0126890 seconds, Stopping threads took: 0.0000129 seconds
2024-07-28T21:32:32.314+0800: 7.797: Application time: 0.0001787 seconds
2024-07-28T21:32:32.314+0800: 7.797: [GC (CMS Initial Mark) [1 CMS-initial-mark: 242325K(531876K)] 253957K(610532K), 0.0006474 secs] [Times: user=0.00 sys=0.00, real=0.00 secs] 
2024-07-28T21:32:32.315+0800: 7.798: Total time for which application threads were stopped: 0.0008032 seconds, Stopping threads took: 0.0001136 seconds
2024-07-28T21:32:32.315+0800: 7.798: [CMS-concurrent-mark-start]
2024-07-28T21:32:32.316+0800: 7.799: [CMS-concurrent-mark: 0.001/0.001 secs] [Times: user=0.00 sys=0.00, real=0.00 secs] 
2024-07-28T21:32:32.316+0800: 7.799: [CMS-concurrent-preclean-start]
2024-07-28T21:32:32.317+0800: 7.800: [CMS-concurrent-preclean: 0.001/0.001 secs] [Times: user=0.02 sys=0.00, real=0.00 secs] 
2024-07-28T21:32:32.317+0800: 7.800: [CMS-concurrent-abortable-preclean-start]
2024-07-28T21:32:32.433+0800: 7.916: Application time: 0.1180869 seconds
2024-07-28T21:32:32.433+0800: 7.916: [GC (Allocation Failure) 2024-07-28T21:32:32.433+0800: 7.916: [ParNew: 77168K->8192K(78656K), 0.0124938 secs] 319494K->319126K(610532K), 0.0125513 secs] [Times: user=0.03 sys=0.00, real=0.01 secs] 
2024-07-28T21:32:32.446+0800: 7.929: Total time for which application threads were stopped: 0.0126607 seconds, Stopping threads took: 0.0000189 seconds
2024-07-28T21:32:32.555+0800: 8.039: Application time: 0.1099827 seconds
2024-07-28T21:32:32.555+0800: 8.039: [GC (Allocation Failure) 2024-07-28T21:32:32.556+0800: 8.039: [ParNew: 77168K->8192K(78656K), 0.0054162 secs] 388103K->338582K(610532K), 0.0054888 secs] [Times: user=0.00 sys=0.00, real=0.01 secs] 
2024-07-28T21:32:32.561+0800: 8.044: Total time for which application threads were stopped: 0.0056062 seconds, Stopping threads took: 0.0000255 seconds
2024-07-28T21:32:32.561+0800: 8.044: [CMS-concurrent-abortable-preclean: 0.006/0.244 secs] [Times: user=0.03 sys=0.00, real=0.24 secs] 
2024-07-28T21:32:32.561+0800: 8.045: Application time: 0.0003671 seconds
2024-07-28T21:32:32.561+0800: 8.045: [GC (CMS Final Remark) [YG occupancy: 13679 K (78656 K)]2024-07-28T21:32:32.562+0800: 8.045: [Rescan (parallel) , 0.0009772 secs]2024-07-28T21:32:32.563+0800: 8.046: [weak refs processing, 0.0000128 secs]2024-07-28T21:32:32.563+0800: 8.046: [class unloading, 0.0002344 secs]2024-07-28T21:32:32.563+0800: 8.046: [scrub symbol table, 0.0003404 secs]2024-07-28T21:32:32.563+0800: 8.046: [scrub string table, 0.0000995 secs][1 CMS-remark: 330390K(531876K)] 344070K(610532K), 0.0017331 secs] [Times: user=0.00 sys=0.00, real=0.00 secs] 
2024-07-28T21:32:32.563+0800: 8.047: Total time for which application threads were stopped: 0.0018640 seconds, Stopping threads took: 0.0000938 seconds
2024-07-28T21:32:32.564+0800: 8.047: [CMS-concurrent-sweep-start]
2024-07-28T21:32:32.565+0800: 8.048: [CMS-concurrent-sweep: 0.002/0.002 secs] [Times: user=0.00 sys=0.00, real=0.00 secs] 
2024-07-28T21:32:32.565+0800: 8.048: [CMS-concurrent-reset-start]
2024-07-28T21:32:32.566+0800: 8.050: [CMS-concurrent-reset: 0.001/0.001 secs] [Times: user=0.00 sys=0.00, real=0.00 secs] 
2024-07-28T21:32:32.568+0800: 8.051: Application time: 0.0047066 seconds
2024-07-28T21:32:32.568+0800: 8.051: [GC (Allocation Failure) 2024-07-28T21:32:32.568+0800: 8.051: [ParNew: 77168K->8192K(78656K), 0.0128180 secs] 252933K->252565K(610532K), 0.0128659 secs] [Times: user=0.00 sys=0.00, real=0.01 secs] 
2024-07-28T21:32:32.581+0800: 8.064: Total time for which application threads were stopped: 0.0129597 seconds, Stopping threads took: 0.0000124 seconds
2024-07-28T21:32:32.581+0800: 8.064: Application time: 0.0002514 seconds
2024-07-28T21:32:32.581+0800: 8.065: [GC (CMS Initial Mark) [1 CMS-initial-mark: 244373K(531876K)] 256005K(610532K), 0.0008551 secs] [Times: user=0.02 sys=0.00, real=0.00 secs] 
2024-07-28T21:32:32.582+0800: 8.066: Total time for which application threads were stopped: 0.0010239 seconds, Stopping threads took: 0.0001266 seconds
2024-07-28T21:32:32.582+0800: 8.066: [CMS-concurrent-mark-start]
2024-07-28T21:32:32.583+0800: 8.067: [CMS-concurrent-mark: 0.001/0.001 secs] [Times: user=0.00 sys=0.00, real=0.00 secs] 
2024-07-28T21:32:32.583+0800: 8.067: [CMS-concurrent-preclean-start]
2024-07-28T21:32:32.584+0800: 8.067: [CMS-concurrent-preclean: 0.001/0.001 secs] [Times: user=0.00 sys=0.00, real=0.00 secs] 
2024-07-28T21:32:32.584+0800: 8.067: [CMS-concurrent-abortable-preclean-start]
2024-07-28T21:32:32.697+0800: 8.180: Application time: 0.1145854 seconds
2024-07-28T21:32:32.697+0800: 8.180: [GC (Allocation Failure) 2024-07-28T21:32:32.697+0800: 8.180: [ParNew: 77168K->8192K(78656K), 0.0126159 secs] 321542K->321174K(610532K), 0.0126809 secs] [Times: user=0.03 sys=0.00, real=0.01 secs] 
2024-07-28T21:32:32.710+0800: 8.193: Total time for which application threads were stopped: 0.0127901 seconds, Stopping threads took: 0.0000193 seconds
2024-07-28T21:32:32.822+0800: 8.305: Application time: 0.1125009 seconds
2024-07-28T21:32:32.822+0800: 8.305: [GC (Allocation Failure) 2024-07-28T21:32:32.822+0800: 8.306: [ParNew: 77168K->8192K(78656K), 0.0051638 secs] 390151K->341654K(610532K), 0.0052231 secs] [Times: user=0.00 sys=0.00, real=0.01 secs] 
2024-07-28T21:32:32.828+0800: 8.311: Total time for which application threads were stopped: 0.0053371 seconds, Stopping threads took: 0.0000217 seconds
2024-07-28T21:32:32.828+0800: 8.311: [CMS-concurrent-abortable-preclean: 0.006/0.243 secs] [Times: user=0.03 sys=0.00, real=0.24 secs] 
2024-07-28T21:32:32.828+0800: 8.311: Application time: 0.0003938 seconds
2024-07-28T21:32:32.828+0800: 8.311: [GC (CMS Final Remark) [YG occupancy: 14703 K (78656 K)]2024-07-28T21:32:32.828+0800: 8.311: [Rescan (parallel) , 0.0008160 secs]2024-07-28T21:32:32.829+0800: 8.312: [weak refs processing, 0.0000130 secs]2024-07-28T21:32:32.829+0800: 8.312: [class unloading, 0.0002301 secs]2024-07-28T21:32:32.829+0800: 8.312: [scrub symbol table, 0.0003528 secs]2024-07-28T21:32:32.830+0800: 8.313: [scrub string table, 0.0001036 secs][1 CMS-remark: 333462K(531876K)] 348166K(610532K), 0.0015815 secs] [Times: user=0.00 sys=0.00, real=0.00 secs] 
2024-07-28T21:32:32.830+0800: 8.313: Total time for which application threads were stopped: 0.0017742 seconds, Stopping threads took: 0.0001554 seconds
2024-07-28T21:32:32.830+0800: 8.313: [CMS-concurrent-sweep-start]
2024-07-28T21:32:32.831+0800: 8.315: [CMS-concurrent-sweep: 0.001/0.001 secs] [Times: user=0.00 sys=0.00, real=0.00 secs] 
2024-07-28T21:32:32.831+0800: 8.315: [CMS-concurrent-reset-start]
2024-07-28T21:32:32.833+0800: 8.316: [CMS-concurrent-reset: 0.001/0.001 secs] [Times: user=0.03 sys=0.00, real=0.00 secs] 
2024-07-28T21:32:32.834+0800: 8.318: Application time: 0.0046196 seconds
2024-07-28T21:32:32.835+0800: 8.318: [GC (Allocation Failure) 2024-07-28T21:32:32.835+0800: 8.318: [ParNew: 77168K->8192K(78656K), 0.0125752 secs] 254981K->254613K(610532K), 0.0126228 secs] [Times: user=0.00 sys=0.00, real=0.01 secs] 
2024-07-28T21:32:32.847+0800: 8.330: Total time for which application threads were stopped: 0.0127209 seconds, Stopping threads took: 0.0000127 seconds
2024-07-28T21:32:32.847+0800: 8.330: Application time: 0.0001813 seconds
2024-07-28T21:32:32.847+0800: 8.331: [GC (CMS Initial Mark) [1 CMS-initial-mark: 246421K(531876K)] 258053K(610532K), 0.0008374 secs] [Times: user=0.03 sys=0.00, real=0.00 secs] 
2024-07-28T21:32:32.848+0800: 8.331: Total time for which application threads were stopped: 0.0009570 seconds, Stopping threads took: 0.0000718 seconds
2024-07-28T21:32:32.848+0800: 8.332: [CMS-concurrent-mark-start]
2024-07-28T21:32:32.849+0800: 8.332: [CMS-concurrent-mark: 0.001/0.001 secs] [Times: user=0.00 sys=0.00, real=0.00 secs] 
2024-07-28T21:32:32.849+0800: 8.333: [CMS-concurrent-preclean-start]
2024-07-28T21:32:32.850+0800: 8.333: [CMS-concurrent-preclean: 0.001/0.001 secs] [Times: user=0.00 sys=0.00, real=0.00 secs] 
2024-07-28T21:32:32.850+0800: 8.333: [CMS-concurrent-abortable-preclean-start]
2024-07-28T21:32:32.967+0800: 8.450: Application time: 0.1183500 seconds
2024-07-28T21:32:32.967+0800: 8.450: [GC (Allocation Failure) 2024-07-28T21:32:32.967+0800: 8.450: [ParNew: 77168K->8192K(78656K), 0.0121972 secs] 323590K->323222K(610532K), 0.0122577 secs] [Times: user=0.03 sys=0.00, real=0.01 secs] 
2024-07-28T21:32:32.979+0800: 8.462: Total time for which application threads were stopped: 0.0123667 seconds, Stopping threads took: 0.0000190 seconds
2024-07-28T21:32:33.091+0800: 8.574: Application time: 0.1117906 seconds
2024-07-28T21:32:33.091+0800: 8.574: [GC (Allocation Failure) 2024-07-28T21:32:33.091+0800: 8.574: [ParNew: 77168K->8192K(78656K), 0.0053142 secs] 392199K->344726K(610532K), 0.0053771 secs] [Times: user=0.00 sys=0.00, real=0.01 secs] 
2024-07-28T21:32:33.097+0800: 8.579: Total time for which application threads were stopped: 0.0054935 seconds, Stopping threads took: 0.0000180 seconds
2024-07-28T21:32:33.097+0800: 8.579: [CMS-concurrent-abortable-preclean: 0.006/0.246 secs] [Times: user=0.03 sys=0.00, real=0.25 secs] 
2024-07-28T21:32:33.097+0800: 8.580: Application time: 0.0003124 seconds
2024-07-28T21:32:33.097+0800: 8.580: [GC (CMS Final Remark) [YG occupancy: 12655 K (78656 K)]2024-07-28T21:32:33.097+0800: 8.580: [Rescan (parallel) , 0.0010717 secs]2024-07-28T21:32:33.098+0800: 8.581: [weak refs processing, 0.0000129 secs]2024-07-28T21:32:33.098+0800: 8.581: [class unloading, 0.0002781 secs]2024-07-28T21:32:33.099+0800: 8.581: [scrub symbol table, 0.0003712 secs]2024-07-28T21:32:33.099+0800: 8.582: [scrub string table, 0.0001032 secs][1 CMS-remark: 336534K(531876K)] 349190K(610532K), 0.0019134 secs] [Times: user=0.02 sys=0.00, real=0.00 secs] 
2024-07-28T21:32:33.099+0800: 8.582: Total time for which application threads were stopped: 0.0020848 seconds, Stopping threads took: 0.0001180 seconds
2024-07-28T21:32:33.099+0800: 8.582: [CMS-concurrent-sweep-start]
2024-07-28T21:32:33.100+0800: 8.583: [CMS-concurrent-sweep: 0.001/0.001 secs] [Times: user=0.00 sys=0.00, real=0.00 secs] 
2024-07-28T21:32:33.101+0800: 8.583: [CMS-concurrent-reset-start]
2024-07-28T21:32:33.102+0800: 8.585: [CMS-concurrent-reset: 0.001/0.001 secs] [Times: user=0.00 sys=0.00, real=0.00 secs] 
2024-07-28T21:32:33.104+0800: 8.587: Application time: 0.0048185 seconds
2024-07-28T21:32:33.104+0800: 8.587: [GC (Allocation Failure) 2024-07-28T21:32:33.104+0800: 8.587: [ParNew: 77168K->8192K(78656K), 0.0125062 secs] 257029K->256661K(610532K), 0.0125549 secs] [Times: user=0.03 sys=0.00, real=0.01 secs] 
2024-07-28T21:32:33.117+0800: 8.599: Total time for which application threads were stopped: 0.0126560 seconds, Stopping threads took: 0.0000132 seconds
2024-07-28T21:32:33.117+0800: 8.599: Application time: 0.0001868 seconds
2024-07-28T21:32:33.117+0800: 8.600: [GC (CMS Initial Mark) [1 CMS-initial-mark: 248469K(531876K)] 260101K(610532K), 0.0007000 secs] [Times: user=0.00 sys=0.00, real=0.00 secs] 
2024-07-28T21:32:33.118+0800: 8.600: Total time for which application threads were stopped: 0.0009015 seconds, Stopping threads took: 0.0001591 seconds
2024-07-28T21:32:33.118+0800: 8.601: [CMS-concurrent-mark-start]
2024-07-28T21:32:33.119+0800: 8.602: [CMS-concurrent-mark: 0.001/0.001 secs] [Times: user=0.00 sys=0.00, real=0.00 secs] 
2024-07-28T21:32:33.119+0800: 8.602: [CMS-concurrent-preclean-start]
2024-07-28T21:32:33.120+0800: 8.603: [CMS-concurrent-preclean: 0.001/0.001 secs] [Times: user=0.00 sys=0.00, real=0.00 secs] 
2024-07-28T21:32:33.120+0800: 8.603: [CMS-concurrent-abortable-preclean-start]
2024-07-28T21:32:33.234+0800: 8.717: Application time: 0.1166054 seconds
2024-07-28T21:32:33.234+0800: 8.717: [GC (Allocation Failure) 2024-07-28T21:32:33.234+0800: 8.717: [ParNew: 77168K->8192K(78656K), 0.0121333 secs] 325638K->325270K(610532K), 0.0121932 secs] [Times: user=0.03 sys=0.00, real=0.01 secs] 
2024-07-28T21:32:33.246+0800: 8.729: Total time for which application threads were stopped: 0.0123169 seconds, Stopping threads took: 0.0000187 seconds
2024-07-28T21:32:33.357+0800: 8.840: Application time: 0.1105810 seconds
2024-07-28T21:32:33.357+0800: 8.840: [GC (Allocation Failure) 2024-07-28T21:32:33.357+0800: 8.840: [ParNew: 77168K->8192K(78656K), 0.0058968 secs] 394247K->347798K(610532K), 0.0059549 secs] [Times: user=0.00 sys=0.00, real=0.01 secs] 
2024-07-28T21:32:33.363+0800: 8.846: Total time for which application threads were stopped: 0.0060662 seconds, Stopping threads took: 0.0000189 seconds
2024-07-28T21:32:33.363+0800: 8.846: [CMS-concurrent-abortable-preclean: 0.006/0.243 secs] [Times: user=0.03 sys=0.00, real=0.24 secs] 
2024-07-28T21:32:33.363+0800: 8.846: Application time: 0.0005143 seconds
2024-07-28T21:32:33.364+0800: 8.847: [GC (CMS Final Remark) [YG occupancy: 15727 K (78656 K)]2024-07-28T21:32:33.364+0800: 8.847: [Rescan (parallel) , 0.0007953 secs]2024-07-28T21:32:33.364+0800: 8.848: [weak refs processing, 0.0000134 secs]2024-07-28T21:32:33.365+0800: 8.848: [class unloading, 0.0002640 secs]2024-07-28T21:32:33.365+0800: 8.848: [scrub symbol table, 0.0003531 secs]2024-07-28T21:32:33.365+0800: 8.848: [scrub string table, 0.0001007 secs][1 CMS-remark: 339606K(531876K)] 355334K(610532K), 0.0015980 secs] [Times: user=0.00 sys=0.00, real=0.00 secs] 
2024-07-28T21:32:33.365+0800: 8.848: Total time for which application threads were stopped: 0.0018036 seconds, Stopping threads took: 0.0001628 seconds
2024-07-28T21:32:33.365+0800: 8.849: [CMS-concurrent-sweep-start]
2024-07-28T21:32:33.367+0800: 8.850: [CMS-concurrent-sweep: 0.001/0.001 secs] [Times: user=0.00 sys=0.00, real=0.00 secs] 
2024-07-28T21:32:33.367+0800: 8.850: [CMS-concurrent-reset-start]
2024-07-28T21:32:33.368+0800: 8.851: [CMS-concurrent-reset: 0.001/0.001 secs] [Times: user=0.00 sys=0.00, real=0.00 secs] 
2024-07-28T21:32:33.370+0800: 8.853: Application time: 0.0048809 seconds
2024-07-28T21:32:33.370+0800: 8.853: [GC (Allocation Failure) 2024-07-28T21:32:33.370+0800: 8.853: [ParNew: 77168K->8192K(78656K), 0.0130064 secs] 259077K->258709K(610532K), 0.0130554 secs] [Times: user=0.03 sys=0.00, real=0.01 secs] 
2024-07-28T21:32:33.383+0800: 8.866: Total time for which application threads were stopped: 0.0131676 seconds, Stopping threads took: 0.0000169 seconds
2024-07-28T21:32:33.383+0800: 8.866: Application time: 0.0001248 seconds
2024-07-28T21:32:33.384+0800: 8.867: [GC (CMS Initial Mark) [1 CMS-initial-mark: 250517K(531876K)] 262149K(610532K), 0.0007215 secs] [Times: user=0.00 sys=0.00, real=0.00 secs] 
2024-07-28T21:32:33.384+0800: 8.867: Total time for which application threads were stopped: 0.0009269 seconds, Stopping threads took: 0.0001584 seconds
2024-07-28T21:32:33.384+0800: 8.868: [CMS-concurrent-mark-start]
2024-07-28T21:32:33.385+0800: 8.868: [CMS-concurrent-mark: 0.001/0.001 secs] [Times: user=0.00 sys=0.00, real=0.00 secs] 
2024-07-28T21:32:33.385+0800: 8.868: [CMS-concurrent-preclean-start]
2024-07-28T21:32:33.386+0800: 8.869: [CMS-concurrent-preclean: 0.001/0.001 secs] [Times: user=0.00 sys=0.00, real=0.00 secs] 
2024-07-28T21:32:33.386+0800: 8.869: [CMS-concurrent-abortable-preclean-start]
2024-07-28T21:32:33.501+0800: 8.984: Application time: 0.1168206 seconds
2024-07-28T21:32:33.501+0800: 8.984: [GC (Allocation Failure) 2024-07-28T21:32:33.501+0800: 8.984: [ParNew: 77168K->8192K(78656K), 0.0126057 secs] 327686K->327318K(610532K), 0.0126805 secs] [Times: user=0.03 sys=0.00, real=0.01 secs] 
2024-07-28T21:32:33.514+0800: 8.997: Total time for which application threads were stopped: 0.0127913 seconds, Stopping threads took: 0.0000182 seconds
2024-07-28T21:32:33.625+0800: 9.108: Application time: 0.1114488 seconds
2024-07-28T21:32:33.625+0800: 9.109: [GC (Allocation Failure) 2024-07-28T21:32:33.625+0800: 9.109: [ParNew: 77168K->8192K(78656K), 0.0059551 secs] 396295K->350870K(610532K), 0.0060130 secs] [Times: user=0.03 sys=0.00, real=0.01 secs] 
2024-07-28T21:32:33.631+0800: 9.115: Total time for which application threads were stopped: 0.0061237 seconds, Stopping threads took: 0.0000197 seconds
2024-07-28T21:32:33.631+0800: 9.115: [CMS-concurrent-abortable-preclean: 0.006/0.245 secs] [Times: user=0.06 sys=0.00, real=0.25 secs] 
2024-07-28T21:32:33.631+0800: 9.115: Application time: 0.0001971 seconds
2024-07-28T21:32:33.632+0800: 9.115: [GC (CMS Final Remark) [YG occupancy: 11631 K (78656 K)]2024-07-28T21:32:33.632+0800: 9.115: [Rescan (parallel) , 0.0007757 secs]2024-07-28T21:32:33.632+0800: 9.116: [weak refs processing, 0.0000128 secs]2024-07-28T21:32:33.632+0800: 9.116: [class unloading, 0.0002440 secs]2024-07-28T21:32:33.633+0800: 9.116: [scrub symbol table, 0.0003460 secs]2024-07-28T21:32:33.633+0800: 9.116: [scrub string table, 0.0001022 secs][1 CMS-remark: 342678K(531876K)] 354310K(610532K), 0.0015422 secs] [Times: user=0.00 sys=0.00, real=0.00 secs] 
2024-07-28T21:32:33.633+0800: 9.117: Total time for which application threads were stopped: 0.0017106 seconds, Stopping threads took: 0.0001321 seconds
2024-07-28T21:32:33.633+0800: 9.117: [CMS-concurrent-sweep-start]
2024-07-28T21:32:33.634+0800: 9.118: [CMS-concurrent-sweep: 0.001/0.001 secs] [Times: user=0.00 sys=0.00, real=0.00 secs] 
2024-07-28T21:32:33.634+0800: 9.118: [CMS-concurrent-reset-start]
2024-07-28T21:32:33.636+0800: 9.119: [CMS-concurrent-reset: 0.001/0.001 secs] [Times: user=0.00 sys=0.00, real=0.00 secs] 
2024-07-28T21:32:33.639+0800: 9.122: Application time: 0.0054654 seconds
2024-07-28T21:32:33.639+0800: 9.122: [GC (Allocation Failure) 2024-07-28T21:32:33.639+0800: 9.122: [ParNew: 77168K->8192K(78656K), 0.0161439 secs] 261125K->260757K(610532K), 0.0162230 secs] [Times: user=0.03 sys=0.00, real=0.02 secs] 
2024-07-28T21:32:33.655+0800: 9.138: Total time for which application threads were stopped: 0.0163851 seconds, Stopping threads took: 0.0000356 seconds
2024-07-28T21:32:33.655+0800: 9.138: Application time: 0.0000940 seconds
2024-07-28T21:32:33.656+0800: 9.139: [GC (CMS Initial Mark) [1 CMS-initial-mark: 252565K(531876K)] 261781K(610532K), 0.0001670 secs] [Times: user=0.00 sys=0.00, real=0.00 secs] 
2024-07-28T21:32:33.656+0800: 9.139: Total time for which application threads were stopped: 0.0002806 seconds, Stopping threads took: 0.0000576 seconds
2024-07-28T21:32:33.656+0800: 9.139: [CMS-concurrent-mark-start]
2024-07-28T21:32:33.657+0800: 9.140: [CMS-concurrent-mark: 0.001/0.001 secs] [Times: user=0.00 sys=0.00, real=0.00 secs] 
2024-07-28T21:32:33.657+0800: 9.140: [CMS-concurrent-preclean-start]
2024-07-28T21:32:33.658+0800: 9.141: [CMS-concurrent-preclean: 0.001/0.001 secs] [Times: user=0.00 sys=0.00, real=0.00 secs] 
2024-07-28T21:32:33.659+0800: 9.142: [CMS-concurrent-abortable-preclean-start]
2024-07-28T21:32:33.771+0800: 9.253: Application time: 0.1146467 seconds
2024-07-28T21:32:33.771+0800: 9.253: [GC (Allocation Failure) 2024-07-28T21:32:33.771+0800: 9.254: [ParNew: 77168K->8192K(78656K), 0.0129110 secs] 329734K->329366K(610532K), 0.0129720 secs] [Times: user=0.00 sys=0.00, real=0.01 secs] 
2024-07-28T21:32:33.784+0800: 9.266: Total time for which application threads were stopped: 0.0130805 seconds, Stopping threads took: 0.0000197 seconds
2024-07-28T21:32:33.892+0800: 9.376: Application time: 0.1091275 seconds
2024-07-28T21:32:33.892+0800: 9.376: [GC (Allocation Failure) 2024-07-28T21:32:33.892+0800: 9.376: [ParNew: 77168K->8192K(78656K), 0.0059853 secs] 398343K->353943K(610532K), 0.0060452 secs] [Times: user=0.03 sys=0.00, real=0.01 secs] 
2024-07-28T21:32:33.898+0800: 9.382: Total time for which application threads were stopped: 0.0061587 seconds, Stopping threads took: 0.0000184 seconds
2024-07-28T21:32:33.899+0800: 9.382: [CMS-concurrent-abortable-preclean: 0.007/0.240 secs] [Times: user=0.08 sys=0.00, real=0.24 secs] 
2024-07-28T21:32:33.899+0800: 9.382: Application time: 0.0003751 seconds
2024-07-28T21:32:33.899+0800: 9.382: [GC (CMS Final Remark) [YG occupancy: 14703 K (78656 K)]2024-07-28T21:32:33.899+0800: 9.382: [Rescan (parallel) , 0.0005601 secs]2024-07-28T21:32:33.900+0800: 9.383: [weak refs processing, 0.0000131 secs]2024-07-28T21:32:33.900+0800: 9.383: [class unloading, 0.0002362 secs]2024-07-28T21:32:33.900+0800: 9.383: [scrub symbol table, 0.0003206 secs]2024-07-28T21:32:33.900+0800: 9.384: [scrub string table, 0.0000924 secs][1 CMS-remark: 345750K(531876K)] 360454K(610532K), 0.0012947 secs] [Times: user=0.00 sys=0.00, real=0.00 secs] 
2024-07-28T21:32:33.900+0800: 9.384: Total time for which application threads were stopped: 0.0014812 seconds, Stopping threads took: 0.0001446 seconds
2024-07-28T21:32:33.900+0800: 9.384: [CMS-concurrent-sweep-start]
2024-07-28T21:32:33.902+0800: 9.385: [CMS-concurrent-sweep: 0.001/0.001 secs] [Times: user=0.00 sys=0.00, real=0.00 secs] 
2024-07-28T21:32:33.902+0800: 9.385: [CMS-concurrent-reset-start]
2024-07-28T21:32:33.903+0800: 9.386: [CMS-concurrent-reset: 0.001/0.001 secs] [Times: user=0.00 sys=0.00, real=0.00 secs] 
2024-07-28T21:32:33.905+0800: 9.389: Application time: 0.0051521 seconds
2024-07-28T21:32:33.906+0800: 9.389: [GC (Allocation Failure) 2024-07-28T21:32:33.906+0800: 9.389: [ParNew: 77168K->8192K(78656K), 0.0128519 secs] 263173K->262805K(610532K), 0.0129038 secs] [Times: user=0.03 sys=0.00, real=0.01 secs] 
2024-07-28T21:32:33.919+0800: 9.402: Total time for which application threads were stopped: 0.0130401 seconds, Stopping threads took: 0.0000319 seconds
2024-07-28T21:32:33.919+0800: 9.402: Application time: 0.0001615 seconds
2024-07-28T21:32:33.919+0800: 9.402: [GC (CMS Initial Mark) [1 CMS-initial-mark: 254613K(531876K)] 263829K(610532K), 0.0003076 secs] [Times: user=0.00 sys=0.00, real=0.00 secs] 
2024-07-28T21:32:33.919+0800: 9.402: Total time for which application threads were stopped: 0.0003775 seconds, Stopping threads took: 0.0000206 seconds
2024-07-28T21:32:33.919+0800: 9.402: [CMS-concurrent-mark-start]
2024-07-28T21:32:33.920+0800: 9.403: [CMS-concurrent-mark: 0.001/0.001 secs] [Times: user=0.00 sys=0.00, real=0.00 secs] 
2024-07-28T21:32:33.920+0800: 9.403: [CMS-concurrent-preclean-start]
2024-07-28T21:32:33.921+0800: 9.404: [CMS-concurrent-preclean: 0.001/0.001 secs] [Times: user=0.00 sys=0.00, real=0.00 secs] 
2024-07-28T21:32:33.921+0800: 9.404: [CMS-concurrent-abortable-preclean-start]
2024-07-28T21:32:34.038+0800: 9.520: Application time: 0.1179752 seconds
2024-07-28T21:32:34.038+0800: 9.520: [GC (Allocation Failure) 2024-07-28T21:32:34.038+0800: 9.520: [ParNew: 77168K->8192K(78656K), 0.0130135 secs] 331782K->331414K(610532K), 0.0130734 secs] [Times: user=0.00 sys=0.00, real=0.01 secs] 
2024-07-28T21:32:34.051+0800: 9.534: Total time for which application threads were stopped: 0.0131833 seconds, Stopping threads took: 0.0000204 seconds
2024-07-28T21:32:34.160+0800: 9.643: Application time: 0.1096939 seconds
2024-07-28T21:32:34.160+0800: 9.643: [GC (Allocation Failure) 2024-07-28T21:32:34.160+0800: 9.643: [ParNew: 77171K->8192K(78656K), 0.0060787 secs] 400393K->357015K(610532K), 0.0061487 secs] [Times: user=0.13 sys=0.00, real=0.01 secs] 
2024-07-28T21:32:34.166+0800: 9.650: Total time for which application threads were stopped: 0.0062585 seconds, Stopping threads took: 0.0000192 seconds
2024-07-28T21:32:34.166+0800: 9.650: [CMS-concurrent-abortable-preclean: 0.006/0.245 secs] [Times: user=0.17 sys=0.00, real=0.24 secs] 
2024-07-28T21:32:34.167+0800: 9.650: Application time: 0.0003409 seconds
2024-07-28T21:32:34.167+0800: 9.650: [GC (CMS Final Remark) [YG occupancy: 13674 K (78656 K)]2024-07-28T21:32:34.167+0800: 9.650: [Rescan (parallel) , 0.0006357 secs]2024-07-28T21:32:34.167+0800: 9.651: [weak refs processing, 0.0000117 secs]2024-07-28T21:32:34.167+0800: 9.651: [class unloading, 0.0003280 secs]2024-07-28T21:32:34.168+0800: 9.651: [scrub symbol table, 0.0003170 secs]2024-07-28T21:32:34.168+0800: 9.651: [scrub string table, 0.0000912 secs][1 CMS-remark: 348822K(531876K)] 362497K(610532K), 0.0014480 secs] [Times: user=0.00 sys=0.00, real=0.00 secs] 
2024-07-28T21:32:34.168+0800: 9.651: Total time for which application threads were stopped: 0.0015909 seconds, Stopping threads took: 0.0001069 seconds
2024-07-28T21:32:34.168+0800: 9.652: [CMS-concurrent-sweep-start]
2024-07-28T21:32:34.170+0800: 9.653: [CMS-concurrent-sweep: 0.001/0.001 secs] [Times: user=0.00 sys=0.00, real=0.00 secs] 
2024-07-28T21:32:34.170+0800: 9.653: [CMS-concurrent-reset-start]
2024-07-28T21:32:34.171+0800: 9.655: [CMS-concurrent-reset: 0.001/0.001 secs] [Times: user=0.00 sys=0.00, real=0.00 secs] 
2024-07-28T21:32:34.282+0800: 9.765: Application time: 0.1132642 seconds
2024-07-28T21:32:34.282+0800: 9.765: [GC (Allocation Failure) 2024-07-28T21:32:34.282+0800: 9.765: [ParNew: 77163K->8192K(78656K), 0.0135365 secs] 265215K->264853K(610532K), 0.0135975 secs] [Times: user=0.03 sys=0.00, real=0.01 secs] 
2024-07-28T21:32:34.296+0800: 9.778: Total time for which application threads were stopped: 0.0137094 seconds, Stopping threads took: 0.0000196 seconds
2024-07-28T21:32:34.296+0800: 9.779: Application time: 0.0002265 seconds
2024-07-28T21:32:34.296+0800: 9.779: [GC (CMS Initial Mark) [1 CMS-initial-mark: 256661K(531876K)] 268289K(610532K), 0.0006504 secs] [Times: user=0.00 sys=0.00, real=0.00 secs] 
2024-07-28T21:32:34.297+0800: 9.779: Total time for which application threads were stopped: 0.0007899 seconds, Stopping threads took: 0.0000980 seconds
2024-07-28T21:32:34.297+0800: 9.780: [CMS-concurrent-mark-start]
2024-07-28T21:32:34.301+0800: 9.783: [CMS-concurrent-mark: 0.004/0.004 secs] [Times: user=0.00 sys=0.00, real=0.00 secs] 
2024-07-28T21:32:34.301+0800: 9.783: [CMS-concurrent-preclean-start]
2024-07-28T21:32:34.302+0800: 9.785: [CMS-concurrent-preclean: 0.001/0.001 secs] [Times: user=0.03 sys=0.00, real=0.00 secs] 
2024-07-28T21:32:34.302+0800: 9.785: Application time: 0.0054835 seconds
2024-07-28T21:32:34.302+0800: 9.785: [GC (Allocation Failure) 2024-07-28T21:32:34.302+0800: 9.785: [ParNew: 77165K->8192K(78656K), 0.0128719 secs] 333826K->333462K(610532K), 0.0129424 secs] [Times: user=0.00 sys=0.00, real=0.01 secs] 
2024-07-28T21:32:34.315+0800: 9.798: Total time for which application threads were stopped: 0.0130389 seconds, Stopping threads took: 0.0000146 seconds
2024-07-28T21:32:34.315+0800: 9.798: Application time: 0.0002427 seconds
2024-07-28T21:32:34.316+0800: 9.798: [GC (CMS Final Remark) [YG occupancy: 11629 K (78656 K)]2024-07-28T21:32:34.316+0800: 9.798: [Rescan (parallel) , 0.0011482 secs]2024-07-28T21:32:34.317+0800: 9.800: [weak refs processing, 0.0000126 secs]2024-07-28T21:32:34.317+0800: 9.800: [class unloading, 0.0002408 secs]2024-07-28T21:32:34.317+0800: 9.800: [scrub symbol table, 0.0003586 secs]2024-07-28T21:32:34.317+0800: 9.800: [scrub string table, 0.0001221 secs][1 CMS-remark: 325270K(531876K)] 336900K(610532K), 0.0019454 secs] [Times: user=0.02 sys=0.00, real=0.00 secs] 
2024-07-28T21:32:34.317+0800: 9.800: Total time for which application threads were stopped: 0.0020777 seconds, Stopping threads took: 0.0000948 seconds
2024-07-28T21:32:34.318+0800: 9.800: [CMS-concurrent-sweep-start]
2024-07-28T21:32:34.319+0800: 9.802: [CMS-concurrent-sweep: 0.001/0.001 secs] [Times: user=0.00 sys=0.00, real=0.00 secs] 
2024-07-28T21:32:34.319+0800: 9.802: [CMS-concurrent-reset-start]
2024-07-28T21:32:34.320+0800: 9.803: [CMS-concurrent-reset: 0.001/0.001 secs] [Times: user=0.00 sys=0.00, real=0.00 secs] 
2024-07-28T21:32:34.426+0800: 9.909: Application time: 0.1090516 seconds
2024-07-28T21:32:34.426+0800: 9.909: [GC (Allocation Failure) 2024-07-28T21:32:34.426+0800: 9.909: [ParNew: 77166K->8192K(78656K), 0.0060611 secs] 240642K->198292K(610532K), 0.0061217 secs] [Times: user=0.00 sys=0.00, real=0.01 secs] 
2024-07-28T21:32:34.432+0800: 9.916: Total time for which application threads were stopped: 0.0062334 seconds, Stopping threads took: 0.0000189 seconds
2024-07-28T21:32:34.550+0800: 10.033: Application time: 0.1176962 seconds
2024-07-28T21:32:34.550+0800: 10.033: [GC (Allocation Failure) 2024-07-28T21:32:34.550+0800: 10.033: [ParNew: 77167K->8192K(78656K), 0.0123661 secs] 267267K->266901K(610532K), 0.0124272 secs] [Times: user=0.11 sys=0.00, real=0.01 secs] 
2024-07-28T21:32:34.563+0800: 10.046: Total time for which application threads were stopped: 0.0125405 seconds, Stopping threads took: 0.0000206 seconds
2024-07-28T21:32:34.567+0800: 10.050: Application time: 0.0044220 seconds
2024-07-28T21:32:34.567+0800: 10.050: [GC (Allocation Failure) 2024-07-28T21:32:34.567+0800: 10.050: [ParNew: 77167K->8192K(78656K), 0.0123837 secs] 335877K->335510K(610532K), 0.0124357 secs] [Times: user=0.00 sys=0.00, real=0.01 secs] 
2024-07-28T21:32:34.580+0800: 10.063: Total time for which application threads were stopped: 0.0125344 seconds, Stopping threads took: 0.0000146 seconds
2024-07-28T21:32:34.580+0800: 10.063: Application time: 0.0001426 seconds
2024-07-28T21:32:34.580+0800: 10.063: [GC (CMS Initial Mark) [1 CMS-initial-mark: 327318K(531876K)] 338949K(610532K), 0.0007113 secs] [Times: user=0.00 sys=0.00, real=0.00 secs] 
2024-07-28T21:32:34.581+0800: 10.064: Total time for which application threads were stopped: 0.0008633 seconds, Stopping threads took: 0.0001085 seconds
2024-07-28T21:32:34.581+0800: 10.064: [CMS-concurrent-mark-start]
2024-07-28T21:32:34.583+0800: 10.067: [CMS-concurrent-mark: 0.003/0.003 secs] [Times: user=0.05 sys=0.00, real=0.00 secs] 
2024-07-28T21:32:34.583+0800: 10.067: [CMS-concurrent-preclean-start]
2024-07-28T21:32:34.584+0800: 10.067: [CMS-concurrent-preclean: 0.001/0.001 secs] [Times: user=0.00 sys=0.00, real=0.00 secs] 
2024-07-28T21:32:34.584+0800: 10.067: [CMS-concurrent-abortable-preclean-start]
2024-07-28T21:32:34.696+0800: 10.179: Application time: 0.1147167 seconds
2024-07-28T21:32:34.696+0800: 10.179: [GC (Allocation Failure) 2024-07-28T21:32:34.696+0800: 10.179: [ParNew: 77168K->8192K(78656K), 0.0062069 secs] 404486K->363159K(610532K), 0.0062659 secs] [Times: user=0.00 sys=0.00, real=0.01 secs] 
2024-07-28T21:32:34.702+0800: 10.185: Total time for which application threads were stopped: 0.0063805 seconds, Stopping threads took: 0.0000177 seconds
2024-07-28T21:32:34.818+0800: 10.301: Application time: 0.1164705 seconds
2024-07-28T21:32:34.819+0800: 10.301: [GC (Allocation Failure) 2024-07-28T21:32:34.819+0800: 10.302: [ParNew: 77168K->8192K(78656K), 0.0123505 secs] 432135K->431768K(610532K), 0.0124322 secs] [Times: user=0.00 sys=0.00, real=0.01 secs] 
2024-07-28T21:32:34.831+0800: 10.314: Total time for which application threads were stopped: 0.0125670 seconds, Stopping threads took: 0.0000407 seconds
2024-07-28T21:32:34.835+0800: 10.318: Application time: 0.0045055 seconds
2024-07-28T21:32:34.836+0800: 10.319: [GC (Allocation Failure) 2024-07-28T21:32:34.836+0800: 10.319: [ParNew: 77168K->8192K(78656K), 0.0121085 secs] 500744K->500377K(610532K), 0.0121589 secs] [Times: user=0.00 sys=0.00, real=0.01 secs] 
2024-07-28T21:32:34.848+0800: 10.331: Total time for which application threads were stopped: 0.0122939 seconds, Stopping threads took: 0.0000495 seconds
2024-07-28T21:32:34.848+0800: 10.331: [CMS-concurrent-abortable-preclean: 0.006/0.263 secs] [Times: user=0.03 sys=0.00, real=0.26 secs] 
2024-07-28T21:32:34.848+0800: 10.331: Application time: 0.0002902 seconds
2024-07-28T21:32:34.848+0800: 10.331: [GC (CMS Final Remark) [YG occupancy: 12655 K (78656 K)]2024-07-28T21:32:34.848+0800: 10.331: [Rescan (parallel) , 0.0011048 secs]2024-07-28T21:32:34.849+0800: 10.332: [weak refs processing, 0.0000131 secs]2024-07-28T21:32:34.849+0800: 10.332: [class unloading, 0.0003788 secs]2024-07-28T21:32:34.850+0800: 10.333: [scrub symbol table, 0.0003153 secs]2024-07-28T21:32:34.850+0800: 10.333: [scrub string table, 0.0000926 secs][1 CMS-remark: 492185K(531876K)] 504840K(610532K), 0.0019771 secs] [Times: user=0.08 sys=0.00, real=0.00 secs] 
2024-07-28T21:32:34.850+0800: 10.333: Total time for which application threads were stopped: 0.0021609 seconds, Stopping threads took: 0.0001441 seconds
2024-07-28T21:32:34.851+0800: 10.333: [CMS-concurrent-sweep-start]
2024-07-28T21:32:34.852+0800: 10.335: [CMS-concurrent-sweep: 0.001/0.001 secs] [Times: user=0.00 sys=0.00, real=0.00 secs] 
2024-07-28T21:32:34.852+0800: 10.335: [CMS-concurrent-reset-start]
2024-07-28T21:32:34.853+0800: 10.336: [CMS-concurrent-reset: 0.001/0.001 secs] [Times: user=0.00 sys=0.00, real=0.00 secs] 
2024-07-28T21:32:34.962+0800: 10.445: Application time: 0.1113078 seconds
2024-07-28T21:32:34.962+0800: 10.445: [GC (Allocation Failure) 2024-07-28T21:32:34.962+0800: 10.445: [ParNew: 77168K->8192K(78656K), 0.0066100 secs] 406535K->366231K(627604K), 0.0066847 secs] [Times: user=0.00 sys=0.00, real=0.01 secs] 
2024-07-28T21:32:34.968+0800: 10.451: Total time for which application threads were stopped: 0.0067977 seconds, Stopping threads took: 0.0000195 seconds
2024-07-28T21:32:34.968+0800: 10.451: Application time: 0.0001334 seconds
2024-07-28T21:32:34.969+0800: 10.452: [GC (CMS Initial Mark) [1 CMS-initial-mark: 358039K(548948K)] 369670K(627604K), 0.0008669 secs] [Times: user=0.00 sys=0.00, real=0.00 secs] 
2024-07-28T21:32:34.970+0800: 10.453: Total time for which application threads were stopped: 0.0010643 seconds, Stopping threads took: 0.0001538 seconds
2024-07-28T21:32:34.970+0800: 10.453: [CMS-concurrent-mark-start]
2024-07-28T21:32:34.974+0800: 10.457: [CMS-concurrent-mark: 0.005/0.005 secs] [Times: user=0.05 sys=0.00, real=0.00 secs] 
2024-07-28T21:32:34.974+0800: 10.457: [CMS-concurrent-preclean-start]
2024-07-28T21:32:34.975+0800: 10.458: [CMS-concurrent-preclean: 0.001/0.001 secs] [Times: user=0.00 sys=0.00, real=0.00 secs] 
2024-07-28T21:32:34.975+0800: 10.458: [CMS-concurrent-abortable-preclean-start]
2024-07-28T21:32:35.086+0800: 10.569: Application time: 0.1164835 seconds
2024-07-28T21:32:35.086+0800: 10.569: [GC (Allocation Failure) 2024-07-28T21:32:35.086+0800: 10.569: [ParNew: 77168K->8192K(78656K), 0.0191985 secs] 435207K->434840K(627604K), 0.0192837 secs] [Times: user=0.02 sys=0.02, real=0.02 secs] 
2024-07-28T21:32:35.105+0800: 10.588: Total time for which application threads were stopped: 0.0194157 seconds, Stopping threads took: 0.0000289 seconds
2024-07-28T21:32:35.109+0800: 10.593: Application time: 0.0043857 seconds
2024-07-28T21:32:35.109+0800: 10.593: [GC (Allocation Failure) 2024-07-28T21:32:35.109+0800: 10.593: [ParNew: 77168K->8192K(78656K), 0.0123021 secs] 503816K->503449K(627604K), 0.0123527 secs] [Times: user=0.03 sys=0.00, real=0.01 secs] 
2024-07-28T21:32:35.122+0800: 10.605: Total time for which application threads were stopped: 0.0124527 seconds, Stopping threads took: 0.0000142 seconds
2024-07-28T21:32:35.230+0800: 10.713: Application time: 0.1077560 seconds
2024-07-28T21:32:35.230+0800: 10.713: [GC (Allocation Failure) 2024-07-28T21:32:35.230+0800: 10.713: [ParNew: 77168K->8192K(78656K), 0.0067507 secs] 572425K->533145K(627604K), 0.0068092 secs] [Times: user=0.00 sys=0.00, real=0.01 secs] 
2024-07-28T21:32:35.237+0800: 10.720: Total time for which application threads were stopped: 0.0069191 seconds, Stopping threads took: 0.0000194 seconds
2024-07-28T21:32:35.237+0800: 10.720: [CMS-concurrent-abortable-preclean: 0.007/0.262 secs] [Times: user=0.05 sys=0.02, real=0.26 secs] 
2024-07-28T21:32:35.237+0800: 10.720: Application time: 0.0003283 seconds
2024-07-28T21:32:35.237+0800: 10.720: [GC (CMS Final Remark) [YG occupancy: 12655 K (78656 K)]2024-07-28T21:32:35.237+0800: 10.720: [Rescan (parallel) , 0.0006422 secs]2024-07-28T21:32:35.238+0800: 10.721: [weak refs processing, 0.0000126 secs]2024-07-28T21:32:35.238+0800: 10.721: [class unloading, 0.0002237 secs]2024-07-28T21:32:35.238+0800: 10.721: [scrub symbol table, 0.0003891 secs]2024-07-28T21:32:35.238+0800: 10.722: [scrub string table, 0.0001012 secs][1 CMS-remark: 524953K(548948K)] 537609K(627604K), 0.0014394 secs] [Times: user=0.00 sys=0.02, real=0.00 secs] 
2024-07-28T21:32:35.239+0800: 10.722: Total time for which application threads were stopped: 0.0015814 seconds, Stopping threads took: 0.0000986 seconds
2024-07-28T21:32:35.239+0800: 10.722: [CMS-concurrent-sweep-start]
2024-07-28T21:32:35.241+0800: 10.724: [CMS-concurrent-sweep: 0.002/0.002 secs] [Times: user=0.00 sys=0.00, real=0.00 secs] 
2024-07-28T21:32:35.241+0800: 10.724: [CMS-concurrent-reset-start]
2024-07-28T21:32:35.242+0800: 10.725: [CMS-concurrent-reset: 0.001/0.001 secs] [Times: user=0.00 sys=0.00, real=0.00 secs] 
2024-07-28T21:32:35.353+0800: 10.836: Application time: 0.1143604 seconds
2024-07-28T21:32:35.353+0800: 10.836: [GC (Allocation Failure) 2024-07-28T21:32:35.353+0800: 10.836: [ParNew: 77168K->8192K(78656K), 0.0125261 secs] 273413K->273045K(627604K), 0.0125875 secs] [Times: user=0.03 sys=0.00, real=0.01 secs] 
2024-07-28T21:32:35.366+0800: 10.849: Total time for which application threads were stopped: 0.0127010 seconds, Stopping threads took: 0.0000202 seconds
2024-07-28T21:32:35.370+0800: 10.853: Application time: 0.0044731 seconds
2024-07-28T21:32:35.371+0800: 10.853: [GC (Allocation Failure) 2024-07-28T21:32:35.371+0800: 10.853: [ParNew: 77168K->8192K(78656K), 0.0120568 secs] 342022K->341654K(627604K), 0.0121067 secs] [Times: user=0.03 sys=0.00, real=0.01 secs] 
2024-07-28T21:32:35.383+0800: 10.866: Total time for which application threads were stopped: 0.0122187 seconds, Stopping threads took: 0.0000149 seconds
2024-07-28T21:32:35.383+0800: 10.866: Application time: 0.0002532 seconds
2024-07-28T21:32:35.383+0800: 10.866: [GC (CMS Initial Mark) [1 CMS-initial-mark: 333462K(548948K)] 345094K(627604K), 0.0008163 secs] [Times: user=0.00 sys=0.00, real=0.00 secs] 
2024-07-28T21:32:35.384+0800: 10.867: Total time for which application threads were stopped: 0.0010003 seconds, Stopping threads took: 0.0001410 seconds
2024-07-28T21:32:35.384+0800: 10.867: [CMS-concurrent-mark-start]
2024-07-28T21:32:35.387+0800: 10.870: [CMS-concurrent-mark: 0.003/0.003 secs] [Times: user=0.00 sys=0.00, real=0.00 secs] 
2024-07-28T21:32:35.387+0800: 10.870: [CMS-concurrent-preclean-start]
2024-07-28T21:32:35.388+0800: 10.870: [CMS-concurrent-preclean: 0.001/0.001 secs] [Times: user=0.00 sys=0.00, real=0.00 secs] 
2024-07-28T21:32:35.388+0800: 10.871: [CMS-concurrent-abortable-preclean-start]
2024-07-28T21:32:35.498+0800: 10.981: Application time: 0.1140497 seconds
2024-07-28T21:32:35.498+0800: 10.981: [GC (Allocation Failure) 2024-07-28T21:32:35.498+0800: 10.981: [ParNew: 77168K->8192K(78656K), 0.0068436 secs] 410631K->372375K(627604K), 0.0069057 secs] [Times: user=0.03 sys=0.00, real=0.01 secs] 
2024-07-28T21:32:35.505+0800: 10.988: Total time for which application threads were stopped: 0.0070171 seconds, Stopping threads took: 0.0000201 seconds
2024-07-28T21:32:35.621+0800: 11.105: Application time: 0.1166266 seconds
2024-07-28T21:32:35.621+0800: 11.105: [GC (Allocation Failure) 2024-07-28T21:32:35.621+0800: 11.105: [ParNew: 77168K->8192K(78656K), 0.0124339 secs] 441351K->440984K(627604K), 0.0124861 secs] [Times: user=0.03 sys=0.00, real=0.01 secs] 
2024-07-28T21:32:35.634+0800: 11.117: Total time for which application threads were stopped: 0.0126006 seconds, Stopping threads took: 0.0000185 seconds
2024-07-28T21:32:35.634+0800: 11.117: [CMS-concurrent-abortable-preclean: 0.005/0.247 secs] [Times: user=0.06 sys=0.00, real=0.25 secs] 
2024-07-28T21:32:35.634+0800: 11.117: Application time: 0.0002856 seconds
2024-07-28T21:32:35.634+0800: 11.118: [GC (CMS Final Remark) [YG occupancy: 12655 K (78656 K)]2024-07-28T21:32:35.634+0800: 11.118: [Rescan (parallel) , 0.0007311 secs]2024-07-28T21:32:35.635+0800: 11.118: [weak refs processing, 0.0000131 secs]2024-07-28T21:32:35.635+0800: 11.118: [class unloading, 0.0002289 secs]2024-07-28T21:32:35.635+0800: 11.119: [scrub symbol table, 0.0004027 secs]2024-07-28T21:32:35.636+0800: 11.119: [scrub string table, 0.0001245 secs][1 CMS-remark: 432792K(548948K)] 445448K(627604K), 0.0015796 secs] [Times: user=0.00 sys=0.00, real=0.00 secs] 
2024-07-28T21:32:35.636+0800: 11.119: Total time for which application threads were stopped: 0.0017084 seconds, Stopping threads took: 0.0000889 seconds
2024-07-28T21:32:35.636+0800: 11.119: [CMS-concurrent-sweep-start]
2024-07-28T21:32:35.638+0800: 11.121: [CMS-concurrent-sweep: 0.002/0.002 secs] [Times: user=0.00 sys=0.00, real=0.00 secs] 
2024-07-28T21:32:35.638+0800: 11.121: [CMS-concurrent-reset-start]
2024-07-28T21:32:35.640+0800: 11.123: [CMS-concurrent-reset: 0.002/0.002 secs] [Times: user=0.00 sys=0.00, real=0.00 secs] 
2024-07-28T21:32:35.642+0800: 11.125: Application time: 0.0055700 seconds
2024-07-28T21:32:35.642+0800: 11.125: [GC (Allocation Failure) 2024-07-28T21:32:35.642+0800: 11.125: [ParNew: 77168K->8192K(78656K), 0.0130956 secs] 344070K->343702K(627604K), 0.0131437 secs] [Times: user=0.03 sys=0.00, real=0.01 secs] 
2024-07-28T21:32:35.655+0800: 11.138: Total time for which application threads were stopped: 0.0132492 seconds, Stopping threads took: 0.0000199 seconds
2024-07-28T21:32:35.655+0800: 11.138: Application time: 0.0002300 seconds
2024-07-28T21:32:35.655+0800: 11.138: [GC (CMS Initial Mark) [1 CMS-initial-mark: 335510K(548948K)] 347142K(627604K), 0.0008397 secs] [Times: user=0.00 sys=0.00, real=0.00 secs] 
2024-07-28T21:32:35.656+0800: 11.139: Total time for which application threads were stopped: 0.0010283 seconds, Stopping threads took: 0.0001454 seconds
2024-07-28T21:32:35.656+0800: 11.139: [CMS-concurrent-mark-start]
2024-07-28T21:32:35.659+0800: 11.142: [CMS-concurrent-mark: 0.002/0.002 secs] [Times: user=0.00 sys=0.00, real=0.00 secs] 
2024-07-28T21:32:35.659+0800: 11.142: [CMS-concurrent-preclean-start]
2024-07-28T21:32:35.659+0800: 11.142: [CMS-concurrent-preclean: 0.001/0.001 secs] [Times: user=0.00 sys=0.00, real=0.00 secs] 
2024-07-28T21:32:35.659+0800: 11.142: [CMS-concurrent-abortable-preclean-start]
2024-07-28T21:32:35.765+0800: 11.249: Application time: 0.1096080 seconds
2024-07-28T21:32:35.766+0800: 11.249: [GC (Allocation Failure) 2024-07-28T21:32:35.766+0800: 11.249: [ParNew: 77168K->8192K(78656K), 0.0069999 secs] 412679K->375447K(627604K), 0.0070606 secs] [Times: user=0.03 sys=0.00, real=0.01 secs] 
2024-07-28T21:32:35.773+0800: 11.256: Total time for which application threads were stopped: 0.0071762 seconds, Stopping threads took: 0.0000187 seconds
2024-07-28T21:32:35.888+0800: 11.371: Application time: 0.1148148 seconds
2024-07-28T21:32:35.888+0800: 11.371: [GC (Allocation Failure) 2024-07-28T21:32:35.888+0800: 11.371: [ParNew: 77168K->8192K(78656K), 0.0123692 secs] 444423K->444056K(627604K), 0.0125306 secs] [Times: user=0.03 sys=0.00, real=0.01 secs] 
2024-07-28T21:32:35.900+0800: 11.384: Total time for which application threads were stopped: 0.0126501 seconds, Stopping threads took: 0.0000226 seconds
2024-07-28T21:32:35.905+0800: 11.388: Application time: 0.0049078 seconds
2024-07-28T21:32:35.905+0800: 11.388: [GC (Allocation Failure) 2024-07-28T21:32:35.905+0800: 11.389: [ParNew: 77168K->8192K(78656K), 0.0120615 secs] 513033K->512665K(627604K), 0.0121377 secs] [Times: user=0.03 sys=0.00, real=0.01 secs] 
2024-07-28T21:32:35.918+0800: 11.401: Total time for which application threads were stopped: 0.0122789 seconds, Stopping threads took: 0.0000159 seconds
2024-07-28T21:32:35.918+0800: 11.401: [CMS-concurrent-abortable-preclean: 0.006/0.258 secs] [Times: user=0.09 sys=0.00, real=0.26 secs] 
2024-07-28T21:32:35.918+0800: 11.401: Application time: 0.0003220 seconds
2024-07-28T21:32:35.918+0800: 11.401: [GC (CMS Final Remark) [YG occupancy: 13679 K (78656 K)]2024-07-28T21:32:35.918+0800: 11.401: [Rescan (parallel) , 0.0008526 secs]2024-07-28T21:32:35.919+0800: 11.402: [weak refs processing, 0.0000126 secs]2024-07-28T21:32:35.919+0800: 11.402: [class unloading, 0.0002377 secs]2024-07-28T21:32:35.919+0800: 11.402: [scrub symbol table, 0.0003504 secs]2024-07-28T21:32:35.920+0800: 11.403: [scrub string table, 0.0001011 secs][1 CMS-remark: 504473K(548948K)] 518153K(627604K), 0.0016172 secs] [Times: user=0.00 sys=0.00, real=0.00 secs] 
2024-07-28T21:32:35.920+0800: 11.403: Total time for which application threads were stopped: 0.0017428 seconds, Stopping threads took: 0.0000871 seconds
2024-07-28T21:32:35.920+0800: 11.403: [CMS-concurrent-sweep-start]
2024-07-28T21:32:35.922+0800: 11.405: [CMS-concurrent-sweep: 0.002/0.002 secs] [Times: user=0.00 sys=0.00, real=0.00 secs] 
2024-07-28T21:32:35.922+0800: 11.405: [CMS-concurrent-reset-start]
2024-07-28T21:32:35.922+0800: 11.406: [CMS-concurrent-reset: 0.001/0.001 secs] [Times: user=0.00 sys=0.00, real=0.00 secs] 
2024-07-28T21:32:36.032+0800: 11.515: Application time: 0.1118396 seconds
2024-07-28T21:32:36.032+0800: 11.515: [GC (Allocation Failure) 2024-07-28T21:32:36.032+0800: 11.515: [ParNew: 77168K->8192K(78656K), 0.0075848 secs] 414727K->378519K(641256K), 0.0076444 secs] [Times: user=0.02 sys=0.02, real=0.01 secs] 
2024-07-28T21:32:36.040+0800: 11.522: Total time for which application threads were stopped: 0.0077825 seconds, Stopping threads took: 0.0000346 seconds
2024-07-28T21:32:36.040+0800: 11.523: Application time: 0.0002396 seconds
2024-07-28T21:32:36.040+0800: 11.523: [GC (CMS Initial Mark) [1 CMS-initial-mark: 370327K(562600K)] 381959K(641256K), 0.0007173 secs] [Times: user=0.00 sys=0.00, real=0.00 secs] 
2024-07-28T21:32:36.041+0800: 11.524: Total time for which application threads were stopped: 0.0009254 seconds, Stopping threads took: 0.0001592 seconds
2024-07-28T21:32:36.041+0800: 11.524: [CMS-concurrent-mark-start]
2024-07-28T21:32:36.046+0800: 11.529: [CMS-concurrent-mark: 0.005/0.005 secs] [Times: user=0.00 sys=0.00, real=0.01 secs] 
2024-07-28T21:32:36.046+0800: 11.529: [CMS-concurrent-preclean-start]
2024-07-28T21:32:36.047+0800: 11.529: [CMS-concurrent-preclean: 0.001/0.001 secs] [Times: user=0.00 sys=0.00, real=0.00 secs] 
2024-07-28T21:32:36.047+0800: 11.530: [CMS-concurrent-abortable-preclean-start]
2024-07-28T21:32:36.155+0800: 11.638: Application time: 0.1140605 seconds
2024-07-28T21:32:36.155+0800: 11.638: [GC (Allocation Failure) 2024-07-28T21:32:36.155+0800: 11.638: [ParNew: 77168K->8192K(78656K), 0.0174696 secs] 447496K->447128K(641256K), 0.0175284 secs] [Times: user=0.02 sys=0.01, real=0.02 secs] 
2024-07-28T21:32:36.172+0800: 11.655: Total time for which application threads were stopped: 0.0176444 seconds, Stopping threads took: 0.0000218 seconds
2024-07-28T21:32:36.177+0800: 11.660: Application time: 0.0044889 seconds
2024-07-28T21:32:36.177+0800: 11.660: [GC (Allocation Failure) 2024-07-28T21:32:36.177+0800: 11.660: [ParNew: 77168K->8192K(78656K), 0.0126253 secs] 516105K->515737K(641256K), 0.0127332 secs] [Times: user=0.00 sys=0.00, real=0.01 secs] 
2024-07-28T21:32:36.190+0800: 11.673: Total time for which application threads were stopped: 0.0128320 seconds, Stopping threads took: 0.0000149 seconds
2024-07-28T21:32:36.299+0800: 11.782: Application time: 0.1096869 seconds
2024-07-28T21:32:36.300+0800: 11.782: [GC (Allocation Failure) 2024-07-28T21:32:36.300+0800: 11.782: [ParNew: 77168K->8192K(78656K), 0.0074755 secs] 584714K->549529K(641256K), 0.0075311 secs] [Times: user=0.02 sys=0.02, real=0.01 secs] 
2024-07-28T21:32:36.307+0800: 11.790: Total time for which application threads were stopped: 0.0076415 seconds, Stopping threads took: 0.0000205 seconds
2024-07-28T21:32:36.307+0800: 11.790: [CMS-concurrent-abortable-preclean: 0.007/0.261 secs] [Times: user=0.08 sys=0.03, real=0.26 secs] 
2024-07-28T21:32:36.307+0800: 11.790: Application time: 0.0003646 seconds
2024-07-28T21:32:36.308+0800: 11.790: [GC (CMS Final Remark) [YG occupancy: 14703 K (78656 K)]2024-07-28T21:32:36.308+0800: 11.790: [Rescan (parallel) , 0.0007802 secs]2024-07-28T21:32:36.308+0800: 11.791: [weak refs processing, 0.0000127 secs]2024-07-28T21:32:36.308+0800: 11.791: [class unloading, 0.0002315 secs]2024-07-28T21:32:36.309+0800: 11.791: [scrub symbol table, 0.0003462 secs]2024-07-28T21:32:36.309+0800: 11.792: [scrub string table, 0.0001128 secs][1 CMS-remark: 541337K(562600K)] 556041K(641256K), 0.0015453 secs] [Times: user=0.00 sys=0.00, real=0.00 secs] 
2024-07-28T21:32:36.309+0800: 11.792: Total time for which application threads were stopped: 0.0016572 seconds, Stopping threads took: 0.0000763 seconds
2024-07-28T21:32:36.309+0800: 11.792: [CMS-concurrent-sweep-start]
2024-07-28T21:32:36.311+0800: 11.794: [CMS-concurrent-sweep: 0.002/0.002 secs] [Times: user=0.00 sys=0.00, real=0.00 secs] 
2024-07-28T21:32:36.311+0800: 11.794: [CMS-concurrent-reset-start]
2024-07-28T21:32:36.312+0800: 11.795: [CMS-concurrent-reset: 0.001/0.001 secs] [Times: user=0.00 sys=0.00, real=0.00 secs] 
2024-07-28T21:32:36.424+0800: 11.907: Application time: 0.1150943 seconds
2024-07-28T21:32:36.424+0800: 11.907: [GC (Allocation Failure) 2024-07-28T21:32:36.424+0800: 11.907: [ParNew: 77168K->8192K(78656K), 0.0120655 secs] 281605K->281237K(641256K), 0.0121544 secs] [Times: user=0.03 sys=0.00, real=0.01 secs] 
2024-07-28T21:32:36.436+0800: 11.919: Total time for which application threads were stopped: 0.0122689 seconds, Stopping threads took: 0.0000207 seconds
2024-07-28T21:32:36.436+0800: 11.920: Application time: 0.0002530 seconds
2024-07-28T21:32:36.436+0800: 11.920: [GC (CMS Initial Mark) [1 CMS-initial-mark: 273045K(562600K)] 284677K(641256K), 0.0004248 secs] [Times: user=0.00 sys=0.00, real=0.00 secs] 
2024-07-28T21:32:36.437+0800: 11.920: Total time for which application threads were stopped: 0.0005769 seconds, Stopping threads took: 0.0001083 seconds
2024-07-28T21:32:36.437+0800: 11.920: [CMS-concurrent-mark-start]
2024-07-28T21:32:36.441+0800: 11.924: [CMS-concurrent-mark: 0.004/0.004 secs] [Times: user=0.00 sys=0.00, real=0.00 secs] 
2024-07-28T21:32:36.441+0800: 11.925: [CMS-concurrent-preclean-start]
2024-07-28T21:32:36.442+0800: 11.925: Application time: 0.0050293 seconds
2024-07-28T21:32:36.442+0800: 11.925: [GC (Allocation Failure) 2024-07-28T21:32:36.442+0800: 11.925: [ParNew: 77168K->8192K(78656K), 0.0125224 secs] 350214K->349846K(641256K), 0.0125719 secs] [Times: user=0.00 sys=0.00, real=0.01 secs] 
2024-07-28T21:32:36.454+0800: 11.938: Total time for which application threads were stopped: 0.0126761 seconds, Stopping threads took: 0.0000154 seconds
2024-07-28T21:32:36.456+0800: 11.939: [CMS-concurrent-preclean: 0.002/0.014 secs] [Times: user=0.03 sys=0.00, real=0.02 secs] 
2024-07-28T21:32:36.456+0800: 11.939: [CMS-concurrent-abortable-preclean-start]
2024-07-28T21:32:36.568+0800: 12.051: Application time: 0.1126344 seconds
2024-07-28T21:32:36.568+0800: 12.051: [GC (Allocation Failure) 2024-07-28T21:32:36.568+0800: 12.051: [ParNew: 77168K->8192K(78656K), 0.0075380 secs] 418823K->384663K(641256K), 0.0076024 secs] [Times: user=0.00 sys=0.00, real=0.01 secs] 
2024-07-28T21:32:36.575+0800: 12.058: Total time for which application threads were stopped: 0.0077123 seconds, Stopping threads took: 0.0000195 seconds
2024-07-28T21:32:36.575+0800: 12.058: [CMS-concurrent-abortable-preclean: 0.003/0.119 secs] [Times: user=0.03 sys=0.00, real=0.12 secs] 
2024-07-28T21:32:36.576+0800: 12.059: Application time: 0.0003120 seconds
2024-07-28T21:32:36.576+0800: 12.059: [GC (CMS Final Remark) [YG occupancy: 12655 K (78656 K)]2024-07-28T21:32:36.576+0800: 12.059: [Rescan (parallel) , 0.0009202 secs]2024-07-28T21:32:36.577+0800: 12.060: [weak refs processing, 0.0000129 secs]2024-07-28T21:32:36.577+0800: 12.060: [class unloading, 0.0002215 secs]2024-07-28T21:32:36.577+0800: 12.060: [scrub symbol table, 0.0003477 secs]2024-07-28T21:32:36.577+0800: 12.060: [scrub string table, 0.0001129 secs][1 CMS-remark: 376471K(562600K)] 389127K(641256K), 0.0016787 secs] [Times: user=0.00 sys=0.00, real=0.00 secs] 
2024-07-28T21:32:36.577+0800: 12.060: Total time for which application threads were stopped: 0.0018385 seconds, Stopping threads took: 0.0001236 seconds
2024-07-28T21:32:36.578+0800: 12.061: [CMS-concurrent-sweep-start]
2024-07-28T21:32:36.579+0800: 12.062: [CMS-concurrent-sweep: 0.002/0.002 secs] [Times: user=0.00 sys=0.00, real=0.00 secs] 
2024-07-28T21:32:36.579+0800: 12.062: [CMS-concurrent-reset-start]
2024-07-28T21:32:36.581+0800: 12.064: [CMS-concurrent-reset: 0.001/0.001 secs] [Times: user=0.00 sys=0.00, real=0.00 secs] 
2024-07-28T21:32:36.690+0800: 12.173: Application time: 0.1125779 seconds
2024-07-28T21:32:36.690+0800: 12.173: [GC (Allocation Failure) 2024-07-28T21:32:36.690+0800: 12.173: [ParNew: 77168K->8192K(78656K), 0.0123817 secs] 283653K->283285K(641256K), 0.0124397 secs] [Times: user=0.03 sys=0.00, real=0.01 secs] 
2024-07-28T21:32:36.702+0800: 12.186: Total time for which application threads were stopped: 0.0125520 seconds, Stopping threads took: 0.0000196 seconds
2024-07-28T21:32:36.707+0800: 12.190: Application time: 0.0046864 seconds
2024-07-28T21:32:36.707+0800: 12.190: [GC (Allocation Failure) 2024-07-28T21:32:36.707+0800: 12.190: [ParNew: 77168K->8192K(78656K), 0.0117367 secs] 352262K->351894K(641256K), 0.0117910 secs] [Times: user=0.00 sys=0.00, real=0.01 secs] 
2024-07-28T21:32:36.719+0800: 12.202: Total time for which application threads were stopped: 0.0118934 seconds, Stopping threads took: 0.0000158 seconds
2024-07-28T21:32:36.719+0800: 12.202: Application time: 0.0002598 seconds
2024-07-28T21:32:36.719+0800: 12.203: [GC (CMS Initial Mark) [1 CMS-initial-mark: 343702K(562600K)] 355334K(641256K), 0.0006724 secs] [Times: user=0.00 sys=0.00, real=0.00 secs] 
2024-07-28T21:32:36.720+0800: 12.203: Total time for which application threads were stopped: 0.0008477 seconds, Stopping threads took: 0.0001312 seconds
2024-07-28T21:32:36.720+0800: 12.203: [CMS-concurrent-mark-start]
2024-07-28T21:32:36.722+0800: 12.205: [CMS-concurrent-mark: 0.002/0.002 secs] [Times: user=0.00 sys=0.00, real=0.00 secs] 
2024-07-28T21:32:36.722+0800: 12.206: [CMS-concurrent-preclean-start]
2024-07-28T21:32:36.723+0800: 12.206: [CMS-concurrent-preclean: 0.001/0.001 secs] [Times: user=0.02 sys=0.00, real=0.00 secs] 
2024-07-28T21:32:36.723+0800: 12.206: [CMS-concurrent-abortable-preclean-start]
2024-07-28T21:32:36.835+0800: 12.318: Application time: 0.1150625 seconds
2024-07-28T21:32:36.835+0800: 12.318: [GC (Allocation Failure) 2024-07-28T21:32:36.835+0800: 12.318: [ParNew: 77168K->8192K(78656K), 0.0074543 secs] 420871K->387735K(641256K), 0.0075143 secs] [Times: user=0.00 sys=0.00, real=0.01 secs] 
2024-07-28T21:32:36.843+0800: 12.326: Total time for which application threads were stopped: 0.0076241 seconds, Stopping threads took: 0.0000193 seconds
2024-07-28T21:32:36.958+0800: 12.441: Application time: 0.1154770 seconds
2024-07-28T21:32:36.958+0800: 12.441: [GC (Allocation Failure) 2024-07-28T21:32:36.958+0800: 12.442: [ParNew: 77168K->8192K(78656K), 0.0125482 secs] 456712K->456344K(641256K), 0.0126701 secs] [Times: user=0.00 sys=0.00, real=0.01 secs] 
2024-07-28T21:32:36.971+0800: 12.454: Total time for which application threads were stopped: 0.0127805 seconds, Stopping threads took: 0.0000188 seconds
2024-07-28T21:32:36.971+0800: 12.454: [CMS-concurrent-abortable-preclean: 0.005/0.248 secs] [Times: user=0.00 sys=0.00, real=0.25 secs] 
2024-07-28T21:32:36.971+0800: 12.454: Application time: 0.0002953 seconds
2024-07-28T21:32:36.971+0800: 12.455: [GC (CMS Final Remark) [YG occupancy: 12655 K (78656 K)]2024-07-28T21:32:36.971+0800: 12.455: [Rescan (parallel) , 0.0009192 secs]2024-07-28T21:32:36.972+0800: 12.456: [weak refs processing, 0.0000127 secs]2024-07-28T21:32:36.972+0800: 12.456: [class unloading, 0.0002753 secs]2024-07-28T21:32:36.973+0800: 12.456: [scrub symbol table, 0.0003071 secs]2024-07-28T21:32:36.973+0800: 12.456: [scrub string table, 0.0000914 secs][1 CMS-remark: 448152K(562600K)] 460808K(641256K), 0.0016754 secs] [Times: user=0.02 sys=0.00, real=0.00 secs] 
2024-07-28T21:32:36.973+0800: 12.456: Total time for which application threads were stopped: 0.0017825 seconds, Stopping threads took: 0.0000693 seconds
2024-07-28T21:32:36.973+0800: 12.456: [CMS-concurrent-sweep-start]
2024-07-28T21:32:36.975+0800: 12.458: [CMS-concurrent-sweep: 0.002/0.002 secs] [Times: user=0.00 sys=0.00, real=0.00 secs] 
2024-07-28T21:32:36.975+0800: 12.458: [CMS-concurrent-reset-start]
2024-07-28T21:32:36.976+0800: 12.460: [CMS-concurrent-reset: 0.001/0.001 secs] [Times: user=0.00 sys=0.00, real=0.00 secs] 
2024-07-28T21:32:36.978+0800: 12.461: Application time: 0.0049422 seconds
2024-07-28T21:32:36.978+0800: 12.461: [GC (Allocation Failure) 2024-07-28T21:32:36.978+0800: 12.461: [ParNew: 77168K->8192K(78656K), 0.0123427 secs] 354310K->353943K(641256K), 0.0123866 secs] [Times: user=0.03 sys=0.00, real=0.01 secs] 
2024-07-28T21:32:36.991+0800: 12.474: Total time for which application threads were stopped: 0.0124887 seconds, Stopping threads took: 0.0000140 seconds
2024-07-28T21:32:36.991+0800: 12.474: Application time: 0.0002460 seconds
2024-07-28T21:32:36.991+0800: 12.474: [GC (CMS Initial Mark) [1 CMS-initial-mark: 345750K(562600K)] 357382K(641256K), 0.0007866 secs] [Times: user=0.00 sys=0.00, real=0.00 secs] 
2024-07-28T21:32:36.992+0800: 12.475: Total time for which application threads were stopped: 0.0008936 seconds, Stopping threads took: 0.0000651 seconds
2024-07-28T21:32:36.992+0800: 12.475: [CMS-concurrent-mark-start]
2024-07-28T21:32:36.994+0800: 12.477: [CMS-concurrent-mark: 0.002/0.002 secs] [Times: user=0.00 sys=0.00, real=0.00 secs] 
2024-07-28T21:32:36.994+0800: 12.477: [CMS-concurrent-preclean-start]
2024-07-28T21:32:36.995+0800: 12.478: [CMS-concurrent-preclean: 0.001/0.001 secs] [Times: user=0.00 sys=0.00, real=0.00 secs] 
2024-07-28T21:32:36.995+0800: 12.478: [CMS-concurrent-abortable-preclean-start]
2024-07-28T21:32:37.102+0800: 12.585: Application time: 0.1097712 seconds
2024-07-28T21:32:37.102+0800: 12.585: [GC (Allocation Failure) 2024-07-28T21:32:37.102+0800: 12.585: [ParNew: 77168K->8192K(78656K), 0.0076039 secs] 422919K->390807K(641256K), 0.0076661 secs] [Times: user=0.00 sys=0.00, real=0.01 secs] 
2024-07-28T21:32:37.110+0800: 12.592: Total time for which application threads were stopped: 0.0077922 seconds, Stopping threads took: 0.0000213 seconds
2024-07-28T21:32:37.225+0800: 12.708: Application time: 0.1151656 seconds
2024-07-28T21:32:37.225+0800: 12.708: [GC (Allocation Failure) 2024-07-28T21:32:37.225+0800: 12.708: [ParNew: 77168K->8192K(78656K), 0.0124037 secs] 459784K->459416K(641256K), 0.0124626 secs] [Times: user=0.00 sys=0.00, real=0.01 secs] 
2024-07-28T21:32:37.238+0800: 12.720: Total time for which application threads were stopped: 0.0125781 seconds, Stopping threads took: 0.0000177 seconds
2024-07-28T21:32:37.238+0800: 12.720: [CMS-concurrent-abortable-preclean: 0.006/0.242 secs] [Times: user=0.02 sys=0.00, real=0.24 secs] 
2024-07-28T21:32:37.238+0800: 12.721: Application time: 0.0005747 seconds
2024-07-28T21:32:37.238+0800: 12.721: [GC (CMS Final Remark) [YG occupancy: 17775 K (78656 K)]2024-07-28T21:32:37.238+0800: 12.721: [Rescan (parallel) , 0.0008361 secs]2024-07-28T21:32:37.239+0800: 12.722: [weak refs processing, 0.0000128 secs]2024-07-28T21:32:37.239+0800: 12.722: [class unloading, 0.0002332 secs]2024-07-28T21:32:37.239+0800: 12.722: [scrub symbol table, 0.0004028 secs]2024-07-28T21:32:37.240+0800: 12.722: [scrub string table, 0.0000931 secs][1 CMS-remark: 451224K(562600K)] 469000K(641256K), 0.0016505 secs] [Times: user=0.08 sys=0.00, real=0.00 secs] 
2024-07-28T21:32:37.240+0800: 12.723: Total time for which application threads were stopped: 0.0018434 seconds, Stopping threads took: 0.0001506 seconds
2024-07-28T21:32:37.240+0800: 12.723: [CMS-concurrent-sweep-start]
2024-07-28T21:32:37.242+0800: 12.724: [CMS-concurrent-sweep: 0.001/0.001 secs] [Times: user=0.00 sys=0.00, real=0.00 secs] 
2024-07-28T21:32:37.242+0800: 12.724: [CMS-concurrent-reset-start]
2024-07-28T21:32:37.243+0800: 12.725: [CMS-concurrent-reset: 0.001/0.001 secs] [Times: user=0.00 sys=0.00, real=0.00 secs] 
2024-07-28T21:32:37.244+0800: 12.727: Application time: 0.0045089 seconds
2024-07-28T21:32:37.245+0800: 12.727: [GC (Allocation Failure) 2024-07-28T21:32:37.245+0800: 12.727: [ParNew: 77168K->8192K(78656K), 0.0124884 secs] 356358K->355991K(641256K), 0.0125346 secs] [Times: user=0.03 sys=0.00, real=0.01 secs] 
2024-07-28T21:32:37.257+0800: 12.740: Total time for which application threads were stopped: 0.0126339 seconds, Stopping threads took: 0.0000134 seconds
2024-07-28T21:32:37.257+0800: 12.740: Application time: 0.0001841 seconds
2024-07-28T21:32:37.257+0800: 12.740: [GC (CMS Initial Mark) [1 CMS-initial-mark: 347798K(562600K)] 359430K(641256K), 0.0006255 secs] [Times: user=0.00 sys=0.00, real=0.00 secs] 
2024-07-28T21:32:37.258+0800: 12.741: Total time for which application threads were stopped: 0.0007470 seconds, Stopping threads took: 0.0000796 seconds
2024-07-28T21:32:37.258+0800: 12.741: [CMS-concurrent-mark-start]
2024-07-28T21:32:37.260+0800: 12.743: [CMS-concurrent-mark: 0.002/0.002 secs] [Times: user=0.00 sys=0.00, real=0.00 secs] 
2024-07-28T21:32:37.260+0800: 12.743: [CMS-concurrent-preclean-start]
2024-07-28T21:32:37.261+0800: 12.744: [CMS-concurrent-preclean: 0.001/0.001 secs] [Times: user=0.00 sys=0.00, real=0.00 secs] 
2024-07-28T21:32:37.261+0800: 12.744: [CMS-concurrent-abortable-preclean-start]
2024-07-28T21:32:37.369+0800: 12.852: Application time: 0.1116762 seconds
2024-07-28T21:32:37.369+0800: 12.852: [GC (Allocation Failure) 2024-07-28T21:32:37.369+0800: 12.852: [ParNew: 77168K->8192K(78656K), 0.0080810 secs] 424967K->393879K(641256K), 0.0081408 secs] [Times: user=0.00 sys=0.00, real=0.01 secs] 
2024-07-28T21:32:37.378+0800: 12.861: Total time for which application threads were stopped: 0.0082554 seconds, Stopping threads took: 0.0000190 seconds
2024-07-28T21:32:37.494+0800: 12.977: Application time: 0.1159622 seconds
2024-07-28T21:32:37.494+0800: 12.977: [GC (Allocation Failure) 2024-07-28T21:32:37.494+0800: 12.977: [ParNew: 77168K->8192K(78656K), 0.0129450 secs] 462856K->462488K(641256K), 0.0129994 secs] [Times: user=0.03 sys=0.00, real=0.01 secs] 
2024-07-28T21:32:37.507+0800: 12.990: Total time for which application threads were stopped: 0.0131193 seconds, Stopping threads took: 0.0000286 seconds
2024-07-28T21:32:37.507+0800: 12.990: [CMS-concurrent-abortable-preclean: 0.006/0.246 secs] [Times: user=0.06 sys=0.00, real=0.25 secs] 
2024-07-28T21:32:37.507+0800: 12.990: Application time: 0.0003061 seconds
2024-07-28T21:32:37.507+0800: 12.990: [GC (CMS Final Remark) [YG occupancy: 12655 K (78656 K)]2024-07-28T21:32:37.507+0800: 12.990: [Rescan (parallel) , 0.0010907 secs]2024-07-28T21:32:37.509+0800: 12.991: [weak refs processing, 0.0001010 secs]2024-07-28T21:32:37.509+0800: 12.991: [class unloading, 0.0002160 secs]2024-07-28T21:32:37.509+0800: 12.992: [scrub symbol table, 0.0003257 secs]2024-07-28T21:32:37.509+0800: 12.992: [scrub string table, 0.0001016 secs][1 CMS-remark: 454296K(562600K)] 466952K(641256K), 0.0019175 secs] [Times: user=0.00 sys=0.00, real=0.00 secs] 
2024-07-28T21:32:37.509+0800: 12.992: Total time for which application threads were stopped: 0.0020995 seconds, Stopping threads took: 0.0001421 seconds
2024-07-28T21:32:37.510+0800: 12.992: [CMS-concurrent-sweep-start]
2024-07-28T21:32:37.511+0800: 12.994: [CMS-concurrent-sweep: 0.001/0.001 secs] [Times: user=0.00 sys=0.00, real=0.00 secs] 
2024-07-28T21:32:37.511+0800: 12.994: [CMS-concurrent-reset-start]
2024-07-28T21:32:37.512+0800: 12.995: [CMS-concurrent-reset: 0.001/0.001 secs] [Times: user=0.00 sys=0.00, real=0.00 secs] 
2024-07-28T21:32:37.514+0800: 12.997: Application time: 0.0047949 seconds
2024-07-28T21:32:37.514+0800: 12.997: [GC (Allocation Failure) 2024-07-28T21:32:37.514+0800: 12.997: [ParNew: 77168K->8192K(78656K), 0.0132896 secs] 358406K->358039K(641256K), 0.0133329 secs] [Times: user=0.03 sys=0.00, real=0.01 secs] 
2024-07-28T21:32:37.528+0800: 13.010: Total time for which application threads were stopped: 0.0134331 seconds, Stopping threads took: 0.0000145 seconds
2024-07-28T21:32:37.528+0800: 13.010: Application time: 0.0001148 seconds
2024-07-28T21:32:37.528+0800: 13.011: [GC (CMS Initial Mark) [1 CMS-initial-mark: 349846K(562600K)] 361478K(641256K), 0.0007328 secs] [Times: user=0.00 sys=0.00, real=0.00 secs] 
2024-07-28T21:32:37.529+0800: 13.011: Total time for which application threads were stopped: 0.0008853 seconds, Stopping threads took: 0.0001084 seconds
2024-07-28T21:32:37.529+0800: 13.011: [CMS-concurrent-mark-start]
2024-07-28T21:32:37.531+0800: 13.014: [CMS-concurrent-mark: 0.002/0.002 secs] [Times: user=0.00 sys=0.00, real=0.00 secs] 
2024-07-28T21:32:37.531+0800: 13.014: [CMS-concurrent-preclean-start]
2024-07-28T21:32:37.532+0800: 13.014: [CMS-concurrent-preclean: 0.001/0.001 secs] [Times: user=0.00 sys=0.00, real=0.00 secs] 
2024-07-28T21:32:37.532+0800: 13.014: [CMS-concurrent-abortable-preclean-start]
2024-07-28T21:32:37.638+0800: 13.121: Application time: 0.1094955 seconds
2024-07-28T21:32:37.638+0800: 13.121: [GC (Allocation Failure) 2024-07-28T21:32:37.638+0800: 13.121: [ParNew: 77168K->8192K(78656K), 0.0092389 secs] 427015K->396951K(641256K), 0.0092997 secs] [Times: user=0.03 sys=0.00, real=0.01 secs] 
2024-07-28T21:32:37.648+0800: 13.130: Total time for which application threads were stopped: 0.0094508 seconds, Stopping threads took: 0.0000252 seconds
2024-07-28T21:32:37.762+0800: 13.245: Application time: 0.1148654 seconds
2024-07-28T21:32:37.762+0800: 13.245: [GC (Allocation Failure) 2024-07-28T21:32:37.763+0800: 13.245: [ParNew: 77168K->8192K(78656K), 0.0123382 secs] 465928K->465560K(641256K), 0.0124007 secs] [Times: user=0.03 sys=0.00, real=0.01 secs] 
2024-07-28T21:32:37.775+0800: 13.258: Total time for which application threads were stopped: 0.0125216 seconds, Stopping threads took: 0.0000180 seconds
2024-07-28T21:32:37.775+0800: 13.258: [CMS-concurrent-abortable-preclean: 0.005/0.243 secs] [Times: user=0.06 sys=0.00, real=0.24 secs] 
2024-07-28T21:32:37.775+0800: 13.258: Application time: 0.0002778 seconds
2024-07-28T21:32:37.775+0800: 13.258: [GC (CMS Final Remark) [YG occupancy: 12655 K (78656 K)]2024-07-28T21:32:37.775+0800: 13.258: [Rescan (parallel) , 0.0009682 secs]2024-07-28T21:32:37.776+0800: 13.259: [weak refs processing, 0.0000131 secs]2024-07-28T21:32:37.776+0800: 13.259: [class unloading, 0.0002136 secs]2024-07-28T21:32:37.777+0800: 13.259: [scrub symbol table, 0.0003530 secs]2024-07-28T21:32:37.777+0800: 13.260: [scrub string table, 0.0001034 secs][1 CMS-remark: 457368K(562600K)] 470024K(641256K), 0.0017227 secs] [Times: user=0.00 sys=0.00, real=0.00 secs] 
2024-07-28T21:32:37.777+0800: 13.260: Total time for which application threads were stopped: 0.0018488 seconds, Stopping threads took: 0.0000893 seconds
2024-07-28T21:32:37.777+0800: 13.260: [CMS-concurrent-sweep-start]
2024-07-28T21:32:37.779+0800: 13.262: [CMS-concurrent-sweep: 0.002/0.002 secs] [Times: user=0.00 sys=0.00, real=0.00 secs] 
2024-07-28T21:32:37.779+0800: 13.262: [CMS-concurrent-reset-start]
2024-07-28T21:32:37.780+0800: 13.263: [CMS-concurrent-reset: 0.001/0.001 secs] [Times: user=0.00 sys=0.00, real=0.00 secs] 
2024-07-28T21:32:37.782+0800: 13.265: Application time: 0.0048081 seconds
2024-07-28T21:32:37.782+0800: 13.265: [GC (Allocation Failure) 2024-07-28T21:32:37.782+0800: 13.265: [ParNew: 77168K->8192K(78656K), 0.0135637 secs] 360454K->360087K(641256K), 0.0136177 secs] [Times: user=0.02 sys=0.01, real=0.01 secs] 
2024-07-28T21:32:37.796+0800: 13.278: Total time for which application threads were stopped: 0.0137140 seconds, Stopping threads took: 0.0000134 seconds
2024-07-28T21:32:37.796+0800: 13.279: Application time: 0.0002199 seconds
2024-07-28T21:32:37.796+0800: 13.279: [GC (CMS Initial Mark) [1 CMS-initial-mark: 351894K(562600K)] 363526K(641256K), 0.0007092 secs] [Times: user=0.00 sys=0.00, real=0.00 secs] 
2024-07-28T21:32:37.797+0800: 13.279: Total time for which application threads were stopped: 0.0008056 seconds, Stopping threads took: 0.0000560 seconds
2024-07-28T21:32:37.797+0800: 13.279: [CMS-concurrent-mark-start]
2024-07-28T21:32:37.799+0800: 13.281: [CMS-concurrent-mark: 0.002/0.002 secs] [Times: user=0.00 sys=0.00, real=0.00 secs] 
2024-07-28T21:32:37.799+0800: 13.281: [CMS-concurrent-preclean-start]
2024-07-28T21:32:37.799+0800: 13.282: [CMS-concurrent-preclean: 0.001/0.001 secs] [Times: user=0.00 sys=0.00, real=0.00 secs] 
2024-07-28T21:32:37.799+0800: 13.282: [CMS-concurrent-abortable-preclean-start]
2024-07-28T21:32:37.906+0800: 13.389: Application time: 0.1093203 seconds
2024-07-28T21:32:37.906+0800: 13.389: [GC (Allocation Failure) 2024-07-28T21:32:37.906+0800: 13.389: [ParNew: 77168K->8192K(78656K), 0.0085132 secs] 429063K->400023K(641256K), 0.0085715 secs] [Times: user=0.03 sys=0.00, real=0.01 secs] 
2024-07-28T21:32:37.915+0800: 13.397: Total time for which application threads were stopped: 0.0086891 seconds, Stopping threads took: 0.0000283 seconds
2024-07-28T21:32:38.029+0800: 13.512: Application time: 0.1142518 seconds
2024-07-28T21:32:38.029+0800: 13.512: [GC (Allocation Failure) 2024-07-28T21:32:38.029+0800: 13.512: [ParNew: 77168K->8192K(78656K), 0.0129480 secs] 469000K->468632K(641256K), 0.0130273 secs] [Times: user=0.03 sys=0.00, real=0.01 secs] 
2024-07-28T21:32:38.042+0800: 13.525: Total time for which application threads were stopped: 0.0131438 seconds, Stopping threads took: 0.0000209 seconds
2024-07-28T21:32:38.042+0800: 13.525: [CMS-concurrent-abortable-preclean: 0.006/0.243 secs] [Times: user=0.06 sys=0.00, real=0.24 secs] 
2024-07-28T21:32:38.042+0800: 13.525: Application time: 0.0003167 seconds
2024-07-28T21:32:38.042+0800: 13.525: [GC (CMS Final Remark) [YG occupancy: 12655 K (78656 K)]2024-07-28T21:32:38.042+0800: 13.525: [Rescan (parallel) , 0.0009372 secs]2024-07-28T21:32:38.043+0800: 13.526: [weak refs processing, 0.0000128 secs]2024-07-28T21:32:38.043+0800: 13.526: [class unloading, 0.0002548 secs]2024-07-28T21:32:38.043+0800: 13.527: [scrub symbol table, 0.0003523 secs]2024-07-28T21:32:38.044+0800: 13.527: [scrub string table, 0.0001010 secs][1 CMS-remark: 460440K(562600K)] 473096K(641256K), 0.0017224 secs] [Times: user=0.00 sys=0.00, real=0.00 secs] 
2024-07-28T21:32:38.044+0800: 13.527: Total time for which application threads were stopped: 0.0018930 seconds, Stopping threads took: 0.0001211 seconds
2024-07-28T21:32:38.044+0800: 13.527: [CMS-concurrent-sweep-start]
2024-07-28T21:32:38.046+0800: 13.529: [CMS-concurrent-sweep: 0.002/0.002 secs] [Times: user=0.00 sys=0.00, real=0.00 secs] 
2024-07-28T21:32:38.046+0800: 13.529: [CMS-concurrent-reset-start]
2024-07-28T21:32:38.047+0800: 13.530: [CMS-concurrent-reset: 0.001/0.001 secs] [Times: user=0.00 sys=0.00, real=0.00 secs] 
2024-07-28T21:32:38.049+0800: 13.532: Application time: 0.0048102 seconds
2024-07-28T21:32:38.049+0800: 13.532: [GC (Allocation Failure) 2024-07-28T21:32:38.049+0800: 13.532: [ParNew: 77168K->8192K(78656K), 0.0131901 secs] 362502K->362135K(641256K), 0.0132555 secs] [Times: user=0.03 sys=0.00, real=0.01 secs] 
2024-07-28T21:32:38.062+0800: 13.545: Total time for which application threads were stopped: 0.0133504 seconds, Stopping threads took: 0.0000135 seconds
2024-07-28T21:32:38.062+0800: 13.545: Application time: 0.0002285 seconds
2024-07-28T21:32:38.063+0800: 13.546: [GC (CMS Initial Mark) [1 CMS-initial-mark: 353943K(562600K)] 365574K(641256K), 0.0007108 secs] [Times: user=0.00 sys=0.00, real=0.00 secs] 
2024-07-28T21:32:38.063+0800: 13.546: Total time for which application threads were stopped: 0.0009222 seconds, Stopping threads took: 0.0001698 seconds
2024-07-28T21:32:38.063+0800: 13.546: [CMS-concurrent-mark-start]
2024-07-28T21:32:38.065+0800: 13.548: [CMS-concurrent-mark: 0.002/0.002 secs] [Times: user=0.00 sys=0.00, real=0.00 secs] 
2024-07-28T21:32:38.065+0800: 13.548: [CMS-concurrent-preclean-start]
2024-07-28T21:32:38.066+0800: 13.549: [CMS-concurrent-preclean: 0.001/0.001 secs] [Times: user=0.00 sys=0.00, real=0.00 secs] 
2024-07-28T21:32:38.066+0800: 13.549: [CMS-concurrent-abortable-preclean-start]
Heap
 par new generation   total 78656K, used 29415K [0x00000000c8000000, 0x00000000cd550000, 0x00000000daaa0000)
  eden space 69952K,  30% used [0x00000000c8000000, 0x00000000c94b9d50, 0x00000000cc450000)
  from space 8704K,  94% used [0x00000000cccd0000, 0x00000000cd4d0080, 0x00000000cd550000)
  to   space 8704K,   0% used [0x00000000cc450000, 0x00000000cc450000, 0x00000000cccd0000)
 concurrent mark-sweep generation total 562600K, used 353943K [0x00000000daaa0000, 0x00000000fd00a000, 0x0000000100000000)
 Metaspace       used 3005K, capacity 4486K, committed 4864K, reserved 1056768K
  class space    used 310K, capacity 386K, committed 512K, reserved 1048576K
2024-07-28T21:32:38.168+0800: 13.651: Application time: 0.1046312 seconds
