OpenJDK 64-Bit Server VM (25.412-b1) for windows-amd64 JRE (1.8.0_412-b1), built on Apr 23 2024 12:00:37 by "Administrator" with MS VC++ 10.0 (VS2010)
Memory: 4k page, physical 16672068k(5645776k free), swap 19933956k(3709352k free)
CommandLine flags: -XX:CMSFullGCsBeforeCompaction=5 -XX:GCDrainStackTargetSize=64 -XX:InitialHeapSize=266753088 -XX:MaxHeapSize=939524096 -XX:MaxNewSize=313176064 -XX:MaxTenuringThreshold=6 -XX:OldPLABSize=16 -XX:+PrintGC -XX:+PrintGCApplicationConcurrentTime -XX:+PrintGCApplicationStoppedTime -XX:+PrintGCDateStamps -XX:+PrintGCDetails -XX:+PrintGCTimeStamps -XX:+UseCMSCompactAtFullCollection -XX:+UseCompressedClassPointers -XX:+UseCompressedOops -XX:+UseConcMarkSweepGC -XX:-UseLargePagesIndividualAllocation -XX:+UseParNewGC 
2024-07-28T21:32:38.355+0800: 0.115: Application time: 0.0381697 seconds
2024-07-28T21:32:38.355+0800: 0.115: [GC (Allocation Failure) 2024-07-28T21:32:38.383+0800: 0.142: [ParNew: 68984K->7905K(78656K), 0.0376930 secs] 68984K->68324K(253440K), 0.0652067 secs] [Times: user=0.05 sys=0.02, real=0.07 secs] 
2024-07-28T21:32:38.420+0800: 0.180: Total time for which application threads were stopped: 0.0653420 seconds, Stopping threads took: 0.0000213 seconds
2024-07-28T21:32:38.536+0800: 0.295: Application time: 0.1150257 seconds
2024-07-28T21:32:38.536+0800: 0.295: [GC (Allocation Failure) 2024-07-28T21:32:38.536+0800: 0.295: [ParNew: 76875K->8540K(78656K), 0.0322435 secs] 137294K->137195K(253440K), 0.0323520 secs] [Times: user=0.06 sys=0.03, real=0.03 secs] 
2024-07-28T21:32:38.568+0800: 0.328: Total time for which application threads were stopped: 0.0324663 seconds, Stopping threads took: 0.0000216 seconds
2024-07-28T21:32:38.569+0800: 0.328: Application time: 0.0002702 seconds
2024-07-28T21:32:38.569+0800: 0.328: [GC (CMS Initial Mark) [1 CMS-initial-mark: 128655K(174784K)] 140622K(253440K), 0.0005873 secs] [Times: user=0.00 sys=0.00, real=0.00 secs] 
2024-07-28T21:32:38.569+0800: 0.329: Total time for which application threads were stopped: 0.0007499 seconds, Stopping threads took: 0.0001139 seconds
2024-07-28T21:32:38.569+0800: 0.329: [CMS-concurrent-mark-start]
2024-07-28T21:32:38.573+0800: 0.332: [CMS-concurrent-mark: 0.004/0.004 secs] [Times: user=0.00 sys=0.00, real=0.00 secs] 
2024-07-28T21:32:38.573+0800: 0.332: [CMS-concurrent-preclean-start]
2024-07-28T21:32:38.574+0800: 0.333: [CMS-concurrent-preclean: 0.001/0.001 secs] [Times: user=0.00 sys=0.00, real=0.00 secs] 
2024-07-28T21:32:38.574+0800: 0.333: [CMS-concurrent-abortable-preclean-start]
2024-07-28T21:32:38.692+0800: 0.450: Application time: 0.1217314 seconds
2024-07-28T21:32:38.692+0800: 0.451: [GC (Allocation Failure) 2024-07-28T21:32:38.692+0800: 0.451: [ParNew: 77504K->29K(78656K), 0.0007262 secs] 206159K->128687K(253440K), 0.0008294 secs] [Times: user=0.00 sys=0.00, real=0.00 secs] 
2024-07-28T21:32:38.692+0800: 0.451: Total time for which application threads were stopped: 0.0010664 seconds, Stopping threads took: 0.0000987 seconds
2024-07-28T21:32:38.698+0800: 0.457: Application time: 0.0057681 seconds
2024-07-28T21:32:38.698+0800: 0.457: [GC (Allocation Failure) 2024-07-28T21:32:38.698+0800: 0.457: [ParNew: 68997K->8196K(78656K), 0.0351503 secs] 197655K->197271K(268860K), 0.0352188 secs] [Times: user=0.03 sys=0.05, real=0.04 secs] 
2024-07-28T21:32:38.733+0800: 0.492: Total time for which application threads were stopped: 0.0353405 seconds, Stopping threads took: 0.0000238 seconds
2024-07-28T21:32:38.850+0800: 0.609: Application time: 0.1169062 seconds
2024-07-28T21:32:38.851+0800: 0.609: [GC (Allocation Failure) 2024-07-28T21:32:38.851+0800: 0.610: [ParNew: 77168K->8192K(78656K), 0.0304204 secs] 266242K->265877K(337736K), 0.0304799 secs] [Times: user=0.05 sys=0.03, real=0.03 secs] 
2024-07-28T21:32:38.880+0800: 0.640: Total time for which application threads were stopped: 0.0306031 seconds, Stopping threads took: 0.0000321 seconds
2024-07-28T21:32:38.880+0800: 0.640: [CMS-concurrent-abortable-preclean: 0.003/0.307 secs] [Times: user=0.08 sys=0.08, real=0.31 secs] 
2024-07-28T21:32:38.881+0800: 0.640: Application time: 0.0002195 seconds
2024-07-28T21:32:38.881+0800: 0.640: [GC (CMS Final Remark) [YG occupancy: 11628 K (78656 K)]2024-07-28T21:32:38.881+0800: 0.640: [Rescan (parallel) , 0.0006895 secs]2024-07-28T21:32:38.882+0800: 0.641: [weak refs processing, 0.0000133 secs]2024-07-28T21:32:38.882+0800: 0.641: [class unloading, 0.0002117 secs]2024-07-28T21:32:38.882+0800: 0.641: [scrub symbol table, 0.0003527 secs]2024-07-28T21:32:38.882+0800: 0.642: [scrub string table, 0.0001095 secs][1 CMS-remark: 257684K(259080K)] 269313K(337736K), 0.0015079 secs] [Times: user=0.00 sys=0.00, real=0.00 secs] 
2024-07-28T21:32:38.882+0800: 0.642: Total time for which application threads were stopped: 0.0016391 seconds, Stopping threads took: 0.0000916 seconds
2024-07-28T21:32:38.882+0800: 0.642: [CMS-concurrent-sweep-start]
2024-07-28T21:32:38.884+0800: 0.643: [CMS-concurrent-sweep: 0.001/0.001 secs] [Times: user=0.00 sys=0.00, real=0.00 secs] 
2024-07-28T21:32:38.886+0800: 0.646: [CMS-concurrent-reset-start]
2024-07-28T21:32:38.891+0800: 0.651: [CMS-concurrent-reset: 0.005/0.005 secs] [Times: user=0.00 sys=0.00, real=0.01 secs] 
2024-07-28T21:32:39.007+0800: 0.766: Application time: 0.1240876 seconds
2024-07-28T21:32:39.007+0800: 0.766: [GC (Allocation Failure) 2024-07-28T21:32:39.007+0800: 0.766: [ParNew: 77165K->1024K(78656K), 0.0014961 secs] 334849K->258707K(508132K), 0.0015469 secs] [Times: user=0.00 sys=0.00, real=0.00 secs] 
2024-07-28T21:32:39.009+0800: 0.768: Total time for which application threads were stopped: 0.0016540 seconds, Stopping threads took: 0.0000191 seconds
2024-07-28T21:32:39.009+0800: 0.768: Application time: 0.0002185 seconds
2024-07-28T21:32:39.009+0800: 0.768: [GC (CMS Initial Mark) [1 CMS-initial-mark: 257683K(429476K)] 262145K(508132K), 0.0006594 secs] [Times: user=0.00 sys=0.00, real=0.00 secs] 
2024-07-28T21:32:39.010+0800: 0.769: Total time for which application threads were stopped: 0.0007696 seconds, Stopping threads took: 0.0000698 seconds
2024-07-28T21:32:39.010+0800: 0.769: [CMS-concurrent-mark-start]
2024-07-28T21:32:39.013+0800: 0.772: [CMS-concurrent-mark: 0.003/0.003 secs] [Times: user=0.00 sys=0.00, real=0.00 secs] 
2024-07-28T21:32:39.013+0800: 0.772: [CMS-concurrent-preclean-start]
2024-07-28T21:32:39.015+0800: 0.774: [CMS-concurrent-preclean: 0.001/0.001 secs] [Times: user=0.00 sys=0.00, real=0.00 secs] 
2024-07-28T21:32:39.015+0800: 0.774: Application time: 0.0049707 seconds
2024-07-28T21:32:39.015+0800: 0.774: [GC (Allocation Failure) 2024-07-28T21:32:39.015+0800: 0.774: [ParNew: 69998K->8192K(78656K), 0.0425393 secs] 327682K->327317K(508132K), 0.0425955 secs] [Times: user=0.02 sys=0.05, real=0.04 secs] 
2024-07-28T21:32:39.057+0800: 0.816: Total time for which application threads were stopped: 0.0426982 seconds, Stopping threads took: 0.0000133 seconds
2024-07-28T21:32:39.058+0800: 0.817: Application time: 0.0002857 seconds
2024-07-28T21:32:39.058+0800: 0.817: [GC (CMS Final Remark) [YG occupancy: 11630 K (78656 K)]2024-07-28T21:32:39.058+0800: 0.817: [Rescan (parallel) , 0.0006546 secs]2024-07-28T21:32:39.059+0800: 0.817: [weak refs processing, 0.0000131 secs]2024-07-28T21:32:39.059+0800: 0.817: [class unloading, 0.0002250 secs]2024-07-28T21:32:39.059+0800: 0.818: [scrub symbol table, 0.0003806 secs]2024-07-28T21:32:39.059+0800: 0.818: [scrub string table, 0.0001071 secs][1 CMS-remark: 319124K(429476K)] 330755K(508132K), 0.0014452 secs] [Times: user=0.00 sys=0.00, real=0.00 secs] 
2024-07-28T21:32:39.059+0800: 0.818: Total time for which application threads were stopped: 0.0016170 seconds, Stopping threads took: 0.0001332 seconds
2024-07-28T21:32:39.059+0800: 0.818: [CMS-concurrent-sweep-start]
2024-07-28T21:32:39.061+0800: 0.820: [CMS-concurrent-sweep: 0.001/0.001 secs] [Times: user=0.00 sys=0.00, real=0.00 secs] 
2024-07-28T21:32:39.061+0800: 0.820: [CMS-concurrent-reset-start]
2024-07-28T21:32:39.062+0800: 0.821: [CMS-concurrent-reset: 0.001/0.001 secs] [Times: user=0.00 sys=0.00, real=0.00 secs] 
2024-07-28T21:32:39.181+0800: 0.940: Application time: 0.1220584 seconds
2024-07-28T21:32:39.181+0800: 0.940: [GC (Allocation Failure) 2024-07-28T21:32:39.182+0800: 0.940: [ParNew: 77167K->8192K(78656K), 0.0127705 secs] 139264K->138898K(508132K), 0.0128385 secs] [Times: user=0.03 sys=0.00, real=0.01 secs] 
2024-07-28T21:32:39.194+0800: 0.953: Total time for which application threads were stopped: 0.0129512 seconds, Stopping threads took: 0.0000194 seconds
2024-07-28T21:32:39.306+0800: 1.065: Application time: 0.1113941 seconds
2024-07-28T21:32:39.306+0800: 1.065: [GC (Allocation Failure) 2024-07-28T21:32:39.306+0800: 1.065: [ParNew: 77167K->2048K(78656K), 0.0030935 secs] 207873K->132754K(508132K), 0.0033670 secs] [Times: user=0.00 sys=0.00, real=0.00 secs] 
2024-07-28T21:32:39.309+0800: 1.068: Total time for which application threads were stopped: 0.0037569 seconds, Stopping threads took: 0.0000990 seconds
2024-07-28T21:32:39.316+0800: 1.075: Application time: 0.0061757 seconds
2024-07-28T21:32:39.316+0800: 1.075: [GC (Allocation Failure) 2024-07-28T21:32:39.316+0800: 1.075: [ParNew: 71024K->8192K(78656K), 0.0186016 secs] 201730K->201363K(508132K), 0.0186825 secs] [Times: user=0.06 sys=0.00, real=0.02 secs] 
2024-07-28T21:32:39.335+0800: 1.093: Total time for which application threads were stopped: 0.0188028 seconds, Stopping threads took: 0.0000209 seconds
2024-07-28T21:32:39.335+0800: 1.094: Application time: 0.0001551 seconds
2024-07-28T21:32:39.335+0800: 1.094: [GC (CMS Initial Mark) [1 CMS-initial-mark: 193170K(429476K)] 204802K(508132K), 0.0006492 secs] [Times: user=0.00 sys=0.00, real=0.00 secs] 
2024-07-28T21:32:39.336+0800: 1.094: Total time for which application threads were stopped: 0.0008297 seconds, Stopping threads took: 0.0001316 seconds
2024-07-28T21:32:39.336+0800: 1.094: [CMS-concurrent-mark-start]
2024-07-28T21:32:39.339+0800: 1.097: [CMS-concurrent-mark: 0.003/0.003 secs] [Times: user=0.00 sys=0.00, real=0.00 secs] 
2024-07-28T21:32:39.339+0800: 1.097: [CMS-concurrent-preclean-start]
2024-07-28T21:32:39.339+0800: 1.098: [CMS-concurrent-preclean: 0.001/0.001 secs] [Times: user=0.00 sys=0.00, real=0.00 secs] 
2024-07-28T21:32:39.339+0800: 1.098: [CMS-concurrent-abortable-preclean-start]
2024-07-28T21:32:39.451+0800: 1.209: Application time: 0.1150808 seconds
2024-07-28T21:32:39.451+0800: 1.210: [GC (Allocation Failure) 2024-07-28T21:32:39.451+0800: 1.210: [ParNew: 77168K->8192K(78656K), 0.0412716 secs] 270339K->269972K(508132K), 0.0413297 secs] [Times: user=0.08 sys=0.01, real=0.04 secs] 
2024-07-28T21:32:39.492+0800: 1.251: Total time for which application threads were stopped: 0.0414479 seconds, Stopping threads took: 0.0000189 seconds
2024-07-28T21:32:39.605+0800: 1.364: Application time: 0.1133427 seconds
2024-07-28T21:32:39.605+0800: 1.364: [GC (Allocation Failure) 2024-07-28T21:32:39.605+0800: 1.364: [ParNew: 77168K->3072K(78656K), 0.0012653 secs] 338948K->264852K(508132K), 0.0013234 secs] [Times: user=0.00 sys=0.00, real=0.00 secs] 
2024-07-28T21:32:39.607+0800: 1.366: Total time for which application threads were stopped: 0.0014290 seconds, Stopping threads took: 0.0000188 seconds
2024-07-28T21:32:39.611+0800: 1.370: Application time: 0.0046219 seconds
2024-07-28T21:32:39.611+0800: 1.370: [GC (Allocation Failure) 2024-07-28T21:32:39.611+0800: 1.370: [ParNew: 72048K->8192K(78656K), 0.0289684 secs] 333828K->333461K(508132K), 0.0290200 secs] [Times: user=0.06 sys=0.00, real=0.03 secs] 
2024-07-28T21:32:39.641+0800: 1.399: Total time for which application threads were stopped: 0.0291350 seconds, Stopping threads took: 0.0000292 seconds
2024-07-28T21:32:39.641+0800: 1.399: [CMS-concurrent-abortable-preclean: 0.005/0.301 secs] [Times: user=0.14 sys=0.01, real=0.30 secs] 
2024-07-28T21:32:39.641+0800: 1.400: Application time: 0.0002971 seconds
2024-07-28T21:32:39.641+0800: 1.400: [GC (CMS Final Remark) [YG occupancy: 12655 K (78656 K)]2024-07-28T21:32:39.641+0800: 1.400: [Rescan (parallel) , 0.0009233 secs]2024-07-28T21:32:39.642+0800: 1.401: [weak refs processing, 0.0000131 secs]2024-07-28T21:32:39.642+0800: 1.401: [class unloading, 0.0002091 secs]2024-07-28T21:32:39.642+0800: 1.401: [scrub symbol table, 0.0003089 secs]2024-07-28T21:32:39.643+0800: 1.401: [scrub string table, 0.0000966 secs][1 CMS-remark: 325268K(429476K)] 337924K(508132K), 0.0016199 secs] [Times: user=0.00 sys=0.00, real=0.00 secs] 
2024-07-28T21:32:39.643+0800: 1.402: Total time for which application threads were stopped: 0.0017828 seconds, Stopping threads took: 0.0001214 seconds
2024-07-28T21:32:39.643+0800: 1.402: [CMS-concurrent-sweep-start]
2024-07-28T21:32:39.644+0800: 1.403: [CMS-concurrent-sweep: 0.001/0.001 secs] [Times: user=0.00 sys=0.00, real=0.00 secs] 
2024-07-28T21:32:39.644+0800: 1.403: [CMS-concurrent-reset-start]
2024-07-28T21:32:39.645+0800: 1.404: [CMS-concurrent-reset: 0.001/0.001 secs] [Times: user=0.00 sys=0.00, real=0.00 secs] 
2024-07-28T21:32:39.766+0800: 1.525: Application time: 0.1234108 seconds
2024-07-28T21:32:39.766+0800: 1.525: [GC (Allocation Failure) 2024-07-28T21:32:39.766+0800: 1.525: [ParNew: 77168K->8192K(78656K), 0.0131293 secs] 272387K->272020K(508132K), 0.0132122 secs] [Times: user=0.03 sys=0.00, real=0.01 secs] 
2024-07-28T21:32:39.779+0800: 1.538: Total time for which application threads were stopped: 0.0133398 seconds, Stopping threads took: 0.0000211 seconds
2024-07-28T21:32:39.779+0800: 1.539: Application time: 0.0003582 seconds
2024-07-28T21:32:39.779+0800: 1.539: [GC (CMS Initial Mark) [1 CMS-initial-mark: 263828K(429476K)] 276483K(508132K), 0.0008059 secs] [Times: user=0.00 sys=0.00, real=0.00 secs] 
2024-07-28T21:32:39.780+0800: 1.540: Total time for which application threads were stopped: 0.0009934 seconds, Stopping threads took: 0.0001401 seconds
2024-07-28T21:32:39.780+0800: 1.540: [CMS-concurrent-mark-start]
2024-07-28T21:32:39.784+0800: 1.544: [CMS-concurrent-mark: 0.004/0.004 secs] [Times: user=0.00 sys=0.00, real=0.00 secs] 
2024-07-28T21:32:39.784+0800: 1.544: [CMS-concurrent-preclean-start]
2024-07-28T21:32:39.786+0800: 1.545: [CMS-concurrent-preclean: 0.001/0.001 secs] [Times: user=0.03 sys=0.00, real=0.00 secs] 
2024-07-28T21:32:39.786+0800: 1.545: [CMS-concurrent-abortable-preclean-start]
2024-07-28T21:32:39.890+0800: 1.648: Application time: 0.1088010 seconds
2024-07-28T21:32:39.890+0800: 1.649: [GC (Allocation Failure) 2024-07-28T21:32:39.890+0800: 1.649: [ParNew: 77543K->3076K(78656K), 0.0013735 secs] 341371K->266904K(508132K), 0.0014499 secs] [Times: user=0.00 sys=0.00, real=0.00 secs] 
2024-07-28T21:32:39.891+0800: 1.650: Total time for which application threads were stopped: 0.0015670 seconds, Stopping threads took: 0.0000193 seconds
2024-07-28T21:32:39.896+0800: 1.655: Application time: 0.0048425 seconds
2024-07-28T21:32:39.896+0800: 1.655: [GC (Allocation Failure) 2024-07-28T21:32:39.896+0800: 1.655: [ParNew: 72042K->8196K(78656K), 0.0120851 secs] 335870K->335513K(508132K), 0.0121401 secs] [Times: user=0.00 sys=0.00, real=0.01 secs] 
2024-07-28T21:32:39.908+0800: 1.667: Total time for which application threads were stopped: 0.0122444 seconds, Stopping threads took: 0.0000168 seconds
2024-07-28T21:32:40.017+0800: 1.776: Application time: 0.1090476 seconds
2024-07-28T21:32:40.017+0800: 1.776: [GC (Allocation Failure) 2024-07-28T21:32:40.017+0800: 1.776: [ParNew: 77166K->8192K(78656K), 0.0134062 secs] 404483K->404118K(508132K), 0.0134638 secs] [Times: user=0.03 sys=0.00, real=0.01 secs] 
2024-07-28T21:32:40.031+0800: 1.790: Total time for which application threads were stopped: 0.0135867 seconds, Stopping threads took: 0.0000289 seconds
2024-07-28T21:32:40.031+0800: 1.790: [CMS-concurrent-abortable-preclean: 0.006/0.245 secs] [Times: user=0.06 sys=0.00, real=0.24 secs] 
2024-07-28T21:32:40.031+0800: 1.790: Application time: 0.0002827 seconds
2024-07-28T21:32:40.031+0800: 1.790: [GC (CMS Final Remark) [YG occupancy: 11627 K (78656 K)]2024-07-28T21:32:40.031+0800: 1.790: [Rescan (parallel) , 0.0007474 secs]2024-07-28T21:32:40.032+0800: 1.791: [weak refs processing, 0.0000121 secs]2024-07-28T21:32:40.032+0800: 1.791: [class unloading, 0.0001969 secs]2024-07-28T21:32:40.032+0800: 1.791: [scrub symbol table, 0.0003661 secs]2024-07-28T21:32:40.032+0800: 1.792: [scrub string table, 0.0000978 secs][1 CMS-remark: 395926K(429476K)] 407553K(508132K), 0.0014849 secs] [Times: user=0.00 sys=0.00, real=0.00 secs] 
2024-07-28T21:32:40.033+0800: 1.792: Total time for which application threads were stopped: 0.0016214 seconds, Stopping threads took: 0.0000999 seconds
2024-07-28T21:32:40.033+0800: 1.792: [CMS-concurrent-sweep-start]
2024-07-28T21:32:40.034+0800: 1.793: [CMS-concurrent-sweep: 0.002/0.002 secs] [Times: user=0.00 sys=0.00, real=0.00 secs] 
2024-07-28T21:32:40.035+0800: 1.794: [CMS-concurrent-reset-start]
2024-07-28T21:32:40.037+0800: 1.796: [CMS-concurrent-reset: 0.002/0.002 secs] [Times: user=0.02 sys=0.00, real=0.00 secs] 
2024-07-28T21:32:40.142+0800: 1.901: Application time: 0.1095344 seconds
2024-07-28T21:32:40.142+0800: 1.901: [GC (Allocation Failure) 2024-07-28T21:32:40.142+0800: 1.901: [ParNew: 77164K->4096K(78656K), 0.0020193 secs] 342016K->268948K(520080K), 0.0020764 secs] [Times: user=0.00 sys=0.00, real=0.00 secs] 
2024-07-28T21:32:40.144+0800: 1.903: Total time for which application threads were stopped: 0.0021929 seconds, Stopping threads took: 0.0000251 seconds
2024-07-28T21:32:40.149+0800: 1.908: Application time: 0.0045276 seconds
2024-07-28T21:32:40.149+0800: 1.908: [GC (Allocation Failure) 2024-07-28T21:32:40.149+0800: 1.908: [ParNew: 73070K->8192K(78656K), 0.0165273 secs] 337922K->337557K(520080K), 0.0165984 secs] [Times: user=0.03 sys=0.00, real=0.02 secs] 
2024-07-28T21:32:40.166+0800: 1.925: Total time for which application threads were stopped: 0.0167075 seconds, Stopping threads took: 0.0000155 seconds
2024-07-28T21:32:40.166+0800: 1.925: Application time: 0.0002239 seconds
2024-07-28T21:32:40.166+0800: 1.925: [GC (CMS Initial Mark) [1 CMS-initial-mark: 329365K(441424K)] 340995K(520080K), 0.0007395 secs] [Times: user=0.00 sys=0.00, real=0.00 secs] 
2024-07-28T21:32:40.167+0800: 1.926: Total time for which application threads were stopped: 0.0008722 seconds, Stopping threads took: 0.0000874 seconds
2024-07-28T21:32:40.167+0800: 1.926: [CMS-concurrent-mark-start]
2024-07-28T21:32:40.170+0800: 1.929: [CMS-concurrent-mark: 0.003/0.003 secs] [Times: user=0.00 sys=0.00, real=0.00 secs] 
2024-07-28T21:32:40.170+0800: 1.929: [CMS-concurrent-preclean-start]
2024-07-28T21:32:40.170+0800: 1.929: [CMS-concurrent-preclean: 0.001/0.001 secs] [Times: user=0.00 sys=0.00, real=0.00 secs] 
2024-07-28T21:32:40.170+0800: 1.929: [CMS-concurrent-abortable-preclean-start]
2024-07-28T21:32:40.288+0800: 2.047: Application time: 0.1209803 seconds
2024-07-28T21:32:40.288+0800: 2.047: [GC (Allocation Failure) 2024-07-28T21:32:40.288+0800: 2.047: [ParNew: 77866K->8194K(78656K), 0.0126150 secs] 407231K->406168K(520080K), 0.0126938 secs] [Times: user=0.00 sys=0.00, real=0.01 secs] 
2024-07-28T21:32:40.301+0800: 2.060: Total time for which application threads were stopped: 0.0128161 seconds, Stopping threads took: 0.0000214 seconds
2024-07-28T21:32:40.411+0800: 2.171: Application time: 0.1112252 seconds
2024-07-28T21:32:40.411+0800: 2.171: [GC (Allocation Failure) 2024-07-28T21:32:40.411+0800: 2.171: [ParNew: 77164K->5122K(78656K), 0.0020720 secs] 475138K->403096K(520080K), 0.0021306 secs] [Times: user=0.00 sys=0.00, real=0.00 secs] 
2024-07-28T21:32:40.414+0800: 2.173: Total time for which application threads were stopped: 0.0022536 seconds, Stopping threads took: 0.0000333 seconds
2024-07-28T21:32:40.418+0800: 2.178: Application time: 0.0045046 seconds
2024-07-28T21:32:40.418+0800: 2.178: [GC (Allocation Failure) 2024-07-28T21:32:40.418+0800: 2.178: [ParNew: 74094K->8192K(78656K), 0.0217527 secs] 472069K->471703K(543724K), 0.0218057 secs] [Times: user=0.03 sys=0.00, real=0.02 secs] 
2024-07-28T21:32:40.440+0800: 2.199: Total time for which application threads were stopped: 0.0219407 seconds, Stopping threads took: 0.0000394 seconds
2024-07-28T21:32:40.440+0800: 2.200: [CMS-concurrent-abortable-preclean: 0.006/0.270 secs] [Times: user=0.09 sys=0.00, real=0.27 secs] 
2024-07-28T21:32:40.441+0800: 2.200: Application time: 0.0004783 seconds
2024-07-28T21:32:40.441+0800: 2.200: [GC (CMS Final Remark) [YG occupancy: 14701 K (78656 K)]2024-07-28T21:32:40.441+0800: 2.200: [Rescan (parallel) , 0.0004652 secs]2024-07-28T21:32:40.441+0800: 2.201: [weak refs processing, 0.0000131 secs]2024-07-28T21:32:40.441+0800: 2.201: [class unloading, 0.0001983 secs]2024-07-28T21:32:40.441+0800: 2.201: [scrub symbol table, 0.0003567 secs]2024-07-28T21:32:40.442+0800: 2.201: [scrub string table, 0.0000993 secs][1 CMS-remark: 463511K(465068K)] 478212K(543724K), 0.0011980 secs] [Times: user=0.02 sys=0.00, real=0.00 secs] 
2024-07-28T21:32:40.442+0800: 2.201: Total time for which application threads were stopped: 0.0013499 seconds, Stopping threads took: 0.0001151 seconds
2024-07-28T21:32:40.442+0800: 2.202: [CMS-concurrent-sweep-start]
2024-07-28T21:32:40.444+0800: 2.203: [CMS-concurrent-sweep: 0.002/0.002 secs] [Times: user=0.00 sys=0.00, real=0.00 secs] 
2024-07-28T21:32:40.444+0800: 2.203: [CMS-concurrent-reset-start]
2024-07-28T21:32:40.445+0800: 2.204: [CMS-concurrent-reset: 0.001/0.001 secs] [Times: user=0.00 sys=0.00, real=0.00 secs] 
2024-07-28T21:32:40.554+0800: 2.314: Application time: 0.1124005 seconds
2024-07-28T21:32:40.555+0800: 2.314: [GC (Allocation Failure) 2024-07-28T21:32:40.555+0800: 2.314: [ParNew: 77166K->8192K(78656K), 0.0128047 secs] 276481K->276116K(543724K), 0.0128780 secs] [Times: user=0.03 sys=0.00, real=0.01 secs] 
2024-07-28T21:32:40.567+0800: 2.327: Total time for which application threads were stopped: 0.0129925 seconds, Stopping threads took: 0.0000221 seconds
2024-07-28T21:32:40.568+0800: 2.327: Application time: 0.0001095 seconds
2024-07-28T21:32:40.568+0800: 2.327: [GC (CMS Initial Mark) [1 CMS-initial-mark: 267924K(465068K)] 277140K(543724K), 0.0004582 secs] [Times: user=0.00 sys=0.00, real=0.00 secs] 
2024-07-28T21:32:40.568+0800: 2.327: Total time for which application threads were stopped: 0.0005696 seconds, Stopping threads took: 0.0000444 seconds
2024-07-28T21:32:40.568+0800: 2.327: [CMS-concurrent-mark-start]
2024-07-28T21:32:40.572+0800: 2.331: [CMS-concurrent-mark: 0.004/0.004 secs] [Times: user=0.00 sys=0.00, real=0.00 secs] 
2024-07-28T21:32:40.572+0800: 2.331: [CMS-concurrent-preclean-start]
2024-07-28T21:32:40.573+0800: 2.333: [CMS-concurrent-preclean: 0.001/0.001 secs] [Times: user=0.00 sys=0.00, real=0.00 secs] 
2024-07-28T21:32:40.573+0800: 2.333: [CMS-concurrent-abortable-preclean-start]
2024-07-28T21:32:40.679+0800: 2.438: Application time: 0.1110533 seconds
2024-07-28T21:32:40.679+0800: 2.438: [GC (Allocation Failure) 2024-07-28T21:32:40.679+0800: 2.439: [ParNew: 77167K->6144K(78656K), 0.0018425 secs] 345091K->274068K(543724K), 0.0018958 secs] [Times: user=0.00 sys=0.00, real=0.00 secs] 
2024-07-28T21:32:40.681+0800: 2.440: Total time for which application threads were stopped: 0.0020016 seconds, Stopping threads took: 0.0000187 seconds
2024-07-28T21:32:40.686+0800: 2.445: Application time: 0.0049427 seconds
2024-07-28T21:32:40.686+0800: 2.445: [GC (Allocation Failure) 2024-07-28T21:32:40.686+0800: 2.445: [ParNew: 75119K->8192K(78656K), 0.0123340 secs] 343043K->342677K(543724K), 0.0123876 secs] [Times: user=0.03 sys=0.00, real=0.01 secs] 
2024-07-28T21:32:40.699+0800: 2.458: Total time for which application threads were stopped: 0.0124932 seconds, Stopping threads took: 0.0000164 seconds
2024-07-28T21:32:40.809+0800: 2.567: Application time: 0.1095784 seconds
2024-07-28T21:32:40.809+0800: 2.568: [GC (Allocation Failure) 2024-07-28T21:32:40.809+0800: 2.568: [ParNew: 77622K->8198K(78656K), 0.0120334 secs] 412108K->411292K(543724K), 0.0120912 secs] [Times: user=0.03 sys=0.00, real=0.01 secs] 
2024-07-28T21:32:40.821+0800: 2.580: Total time for which application threads were stopped: 0.0122068 seconds, Stopping threads took: 0.0000225 seconds
2024-07-28T21:32:40.821+0800: 2.580: [CMS-concurrent-abortable-preclean: 0.005/0.247 secs] [Times: user=0.06 sys=0.00, real=0.25 secs] 
2024-07-28T21:32:40.821+0800: 2.580: Application time: 0.0003215 seconds
2024-07-28T21:32:40.821+0800: 2.580: [GC (CMS Final Remark) [YG occupancy: 13682 K (78656 K)]2024-07-28T21:32:40.821+0800: 2.580: [Rescan (parallel) , 0.0004324 secs]2024-07-28T21:32:40.822+0800: 2.581: [weak refs processing, 0.0000129 secs]2024-07-28T21:32:40.822+0800: 2.581: [class unloading, 0.0002196 secs]2024-07-28T21:32:40.822+0800: 2.581: [scrub symbol table, 0.0003245 secs]2024-07-28T21:32:40.823+0800: 2.581: [scrub string table, 0.0000917 secs][1 CMS-remark: 403094K(465068K)] 416776K(543724K), 0.0012036 secs] [Times: user=0.00 sys=0.00, real=0.00 secs] 
2024-07-28T21:32:40.823+0800: 2.581: Total time for which application threads were stopped: 0.0014101 seconds, Stopping threads took: 0.0001659 seconds
2024-07-28T21:32:40.823+0800: 2.582: [CMS-concurrent-sweep-start]
2024-07-28T21:32:40.825+0800: 2.583: [CMS-concurrent-sweep: 0.002/0.002 secs] [Times: user=0.00 sys=0.00, real=0.00 secs] 
2024-07-28T21:32:40.825+0800: 2.583: [CMS-concurrent-reset-start]
2024-07-28T21:32:40.826+0800: 2.585: [CMS-concurrent-reset: 0.001/0.001 secs] [Times: user=0.00 sys=0.00, real=0.00 secs] 
2024-07-28T21:32:40.932+0800: 2.691: Application time: 0.1091771 seconds
2024-07-28T21:32:40.932+0800: 2.691: [GC (Allocation Failure) 2024-07-28T21:32:40.932+0800: 2.691: [ParNew: 77171K->7168K(78656K), 0.0023660 secs] 347143K->277140K(543724K), 0.0024343 secs] [Times: user=0.00 sys=0.00, real=0.00 secs] 
2024-07-28T21:32:40.934+0800: 2.693: Total time for which application threads were stopped: 0.0025516 seconds, Stopping threads took: 0.0000238 seconds
2024-07-28T21:32:40.939+0800: 2.698: Application time: 0.0047161 seconds
2024-07-28T21:32:40.939+0800: 2.698: [GC (Allocation Failure) 2024-07-28T21:32:40.939+0800: 2.698: [ParNew: 76142K->8192K(78656K), 0.0119226 secs] 346114K->345749K(543724K), 0.0119721 secs] [Times: user=0.03 sys=0.00, real=0.01 secs] 
2024-07-28T21:32:40.951+0800: 2.710: Total time for which application threads were stopped: 0.0120733 seconds, Stopping threads took: 0.0000154 seconds
2024-07-28T21:32:40.951+0800: 2.710: Application time: 0.0001940 seconds
2024-07-28T21:32:40.951+0800: 2.710: [GC (CMS Initial Mark) [1 CMS-initial-mark: 337557K(465068K)] 349187K(543724K), 0.0004446 secs] [Times: user=0.00 sys=0.00, real=0.00 secs] 
2024-07-28T21:32:40.952+0800: 2.711: Total time for which application threads were stopped: 0.0005939 seconds, Stopping threads took: 0.0001020 seconds
2024-07-28T21:32:40.952+0800: 2.711: [CMS-concurrent-mark-start]
2024-07-28T21:32:40.954+0800: 2.713: [CMS-concurrent-mark: 0.002/0.002 secs] [Times: user=0.00 sys=0.00, real=0.00 secs] 
2024-07-28T21:32:40.954+0800: 2.713: [CMS-concurrent-preclean-start]
2024-07-28T21:32:40.955+0800: 2.714: [CMS-concurrent-preclean: 0.001/0.001 secs] [Times: user=0.00 sys=0.00, real=0.00 secs] 
2024-07-28T21:32:40.955+0800: 2.714: [CMS-concurrent-abortable-preclean-start]
2024-07-28T21:32:41.061+0800: 2.821: Application time: 0.1098634 seconds
2024-07-28T21:32:41.061+0800: 2.821: [GC (Allocation Failure) 2024-07-28T21:32:41.061+0800: 2.821: [ParNew: 77167K->8192K(78656K), 0.0134356 secs] 414724K->414358K(543724K), 0.0134925 secs] [Times: user=0.03 sys=0.00, real=0.01 secs] 
2024-07-28T21:32:41.075+0800: 2.834: Total time for which application threads were stopped: 0.0136083 seconds, Stopping threads took: 0.0000201 seconds
2024-07-28T21:32:41.186+0800: 2.945: Application time: 0.1111039 seconds
2024-07-28T21:32:41.186+0800: 2.945: [GC (Allocation Failure) 2024-07-28T21:32:41.186+0800: 2.945: [ParNew: 77167K->8192K(78656K), 0.0022581 secs] 483334K->414358K(543724K), 0.0023155 secs] [Times: user=0.00 sys=0.00, real=0.00 secs] 
2024-07-28T21:32:41.188+0800: 2.948: Total time for which application threads were stopped: 0.0024352 seconds, Stopping threads took: 0.0000317 seconds
2024-07-28T21:32:41.188+0800: 2.948: [CMS-concurrent-abortable-preclean: 0.006/0.234 secs] [Times: user=0.03 sys=0.00, real=0.23 secs] 
2024-07-28T21:32:41.188+0800: 2.948: Application time: 0.0003791 seconds
2024-07-28T21:32:41.189+0800: 2.948: [GC (CMS Final Remark) [YG occupancy: 14703 K (78656 K)]2024-07-28T21:32:41.189+0800: 2.948: [Rescan (parallel) , 0.0009387 secs]2024-07-28T21:32:41.190+0800: 2.949: [weak refs processing, 0.0000131 secs]2024-07-28T21:32:41.190+0800: 2.949: [class unloading, 0.0001907 secs]2024-07-28T21:32:41.190+0800: 2.949: [scrub symbol table, 0.0003199 secs]2024-07-28T21:32:41.190+0800: 2.950: [scrub string table, 0.0000906 secs][1 CMS-remark: 406166K(465068K)] 420869K(543724K), 0.0016192 secs] [Times: user=0.00 sys=0.00, real=0.00 secs] 
2024-07-28T21:32:41.190+0800: 2.950: Total time for which application threads were stopped: 0.0017423 seconds, Stopping threads took: 0.0000866 seconds
2024-07-28T21:32:41.190+0800: 2.950: [CMS-concurrent-sweep-start]
2024-07-28T21:32:41.192+0800: 2.951: [CMS-concurrent-sweep: 0.001/0.001 secs] [Times: user=0.03 sys=0.00, real=0.00 secs] 
2024-07-28T21:32:41.192+0800: 2.951: [CMS-concurrent-reset-start]
2024-07-28T21:32:41.193+0800: 2.953: [CMS-concurrent-reset: 0.001/0.001 secs] [Times: user=0.00 sys=0.00, real=0.00 secs] 
2024-07-28T21:32:41.196+0800: 2.955: Application time: 0.0047987 seconds
2024-07-28T21:32:41.196+0800: 2.955: [GC (Allocation Failure) 2024-07-28T21:32:41.196+0800: 2.955: [ParNew: 77168K->8192K(78656K), 0.0131047 secs] 214018K->213651K(543724K), 0.0131537 secs] [Times: user=0.03 sys=0.00, real=0.01 secs] 
2024-07-28T21:32:41.208+0800: 2.968: Total time for which application threads were stopped: 0.0132524 seconds, Stopping threads took: 0.0000149 seconds
2024-07-28T21:32:41.208+0800: 2.968: Application time: 0.0002488 seconds
2024-07-28T21:32:41.209+0800: 2.968: [GC (CMS Initial Mark) [1 CMS-initial-mark: 205459K(465068K)] 217090K(543724K), 0.0007717 secs] [Times: user=0.00 sys=0.00, real=0.00 secs] 
2024-07-28T21:32:41.209+0800: 2.969: Total time for which application threads were stopped: 0.0008873 seconds, Stopping threads took: 0.0000738 seconds
2024-07-28T21:32:41.209+0800: 2.969: [CMS-concurrent-mark-start]
2024-07-28T21:32:41.211+0800: 2.971: [CMS-concurrent-mark: 0.002/0.002 secs] [Times: user=0.00 sys=0.00, real=0.00 secs] 
2024-07-28T21:32:41.211+0800: 2.971: [CMS-concurrent-preclean-start]
2024-07-28T21:32:41.212+0800: 2.972: [CMS-concurrent-preclean: 0.001/0.001 secs] [Times: user=0.00 sys=0.00, real=0.00 secs] 
2024-07-28T21:32:41.212+0800: 2.972: [CMS-concurrent-abortable-preclean-start]
2024-07-28T21:32:41.330+0800: 3.089: Application time: 0.1201169 seconds
2024-07-28T21:32:41.330+0800: 3.089: [GC (Allocation Failure) 2024-07-28T21:32:41.330+0800: 3.089: [ParNew: 77168K->8192K(78656K), 0.0128871 secs] 282627K->282260K(543724K), 0.0129465 secs] [Times: user=0.03 sys=0.00, real=0.01 secs] 
2024-07-28T21:32:41.343+0800: 3.102: Total time for which application threads were stopped: 0.0130643 seconds, Stopping threads took: 0.0000182 seconds
2024-07-28T21:32:41.454+0800: 3.213: Application time: 0.1111183 seconds
2024-07-28T21:32:41.454+0800: 3.213: [GC (Allocation Failure) 2024-07-28T21:32:41.454+0800: 3.213: [ParNew: 77168K->8192K(78656K), 0.0023633 secs] 351237K->283284K(543724K), 0.0024314 secs] [Times: user=0.00 sys=0.00, real=0.00 secs] 
2024-07-28T21:32:41.456+0800: 3.216: Total time for which application threads were stopped: 0.0025409 seconds, Stopping threads took: 0.0000189 seconds
2024-07-28T21:32:41.456+0800: 3.216: [CMS-concurrent-abortable-preclean: 0.005/0.244 secs] [Times: user=0.05 sys=0.00, real=0.24 secs] 
2024-07-28T21:32:41.457+0800: 3.216: Application time: 0.0002880 seconds
2024-07-28T21:32:41.457+0800: 3.216: [GC (CMS Final Remark) [YG occupancy: 12655 K (78656 K)]2024-07-28T21:32:41.457+0800: 3.216: [Rescan (parallel) , 0.0006169 secs]2024-07-28T21:32:41.457+0800: 3.217: [weak refs processing, 0.0000130 secs]2024-07-28T21:32:41.457+0800: 3.217: [class unloading, 0.0002005 secs]2024-07-28T21:32:41.458+0800: 3.217: [scrub symbol table, 0.0003462 secs]2024-07-28T21:32:41.458+0800: 3.218: [scrub string table, 0.0001132 secs][1 CMS-remark: 275092K(465068K)] 287748K(543724K), 0.0013522 secs] [Times: user=0.00 sys=0.00, real=0.00 secs] 
2024-07-28T21:32:41.458+0800: 3.218: Total time for which application threads were stopped: 0.0015681 seconds, Stopping threads took: 0.0001754 seconds
2024-07-28T21:32:41.458+0800: 3.218: [CMS-concurrent-sweep-start]
2024-07-28T21:32:41.460+0800: 3.220: [CMS-concurrent-sweep: 0.002/0.002 secs] [Times: user=0.00 sys=0.00, real=0.00 secs] 
2024-07-28T21:32:41.460+0800: 3.220: [CMS-concurrent-reset-start]
2024-07-28T21:32:41.461+0800: 3.221: [CMS-concurrent-reset: 0.001/0.001 secs] [Times: user=0.00 sys=0.00, real=0.00 secs] 
2024-07-28T21:32:41.463+0800: 3.223: Application time: 0.0052690 seconds
2024-07-28T21:32:41.464+0800: 3.223: [GC (Allocation Failure) 2024-07-28T21:32:41.464+0800: 3.223: [ParNew: 77168K->8192K(78656K), 0.0130314 secs] 216067K->215699K(543724K), 0.0130823 secs] [Times: user=0.03 sys=0.00, real=0.01 secs] 
2024-07-28T21:32:41.477+0800: 3.236: Total time for which application threads were stopped: 0.0131896 seconds, Stopping threads took: 0.0000163 seconds
2024-07-28T21:32:41.477+0800: 3.236: Application time: 0.0002260 seconds
2024-07-28T21:32:41.477+0800: 3.237: [GC (CMS Initial Mark) [1 CMS-initial-mark: 207507K(465068K)] 219139K(543724K), 0.0008444 secs] [Times: user=0.00 sys=0.00, real=0.00 secs] 
2024-07-28T21:32:41.478+0800: 3.237: Total time for which application threads were stopped: 0.0009855 seconds, Stopping threads took: 0.0000829 seconds
2024-07-28T21:32:41.478+0800: 3.238: [CMS-concurrent-mark-start]
2024-07-28T21:32:41.480+0800: 3.239: [CMS-concurrent-mark: 0.002/0.002 secs] [Times: user=0.00 sys=0.00, real=0.00 secs] 
2024-07-28T21:32:41.480+0800: 3.239: [CMS-concurrent-preclean-start]
2024-07-28T21:32:41.480+0800: 3.240: [CMS-concurrent-preclean: 0.001/0.001 secs] [Times: user=0.00 sys=0.00, real=0.00 secs] 
2024-07-28T21:32:41.480+0800: 3.240: [CMS-concurrent-abortable-preclean-start]
2024-07-28T21:32:41.597+0800: 3.356: Application time: 0.1186336 seconds
2024-07-28T21:32:41.597+0800: 3.356: [GC (Allocation Failure) 2024-07-28T21:32:41.597+0800: 3.356: [ParNew: 77168K->8192K(78656K), 0.0123039 secs] 284676K->284308K(543724K), 0.0123625 secs] [Times: user=0.03 sys=0.00, real=0.01 secs] 
2024-07-28T21:32:41.610+0800: 3.369: Total time for which application threads were stopped: 0.0124726 seconds, Stopping threads took: 0.0000189 seconds
2024-07-28T21:32:41.721+0800: 3.480: Application time: 0.1112169 seconds
2024-07-28T21:32:41.721+0800: 3.480: [GC (Allocation Failure) 2024-07-28T21:32:41.721+0800: 3.480: [ParNew: 77168K->8192K(78656K), 0.0027364 secs] 353285K->286356K(543724K), 0.0028096 secs] [Times: user=0.00 sys=0.00, real=0.00 secs] 
2024-07-28T21:32:41.724+0800: 3.483: Total time for which application threads were stopped: 0.0029201 seconds, Stopping threads took: 0.0000187 seconds
2024-07-28T21:32:41.724+0800: 3.483: [CMS-concurrent-abortable-preclean: 0.005/0.243 secs] [Times: user=0.05 sys=0.00, real=0.24 secs] 
2024-07-28T21:32:41.724+0800: 3.483: Application time: 0.0003178 seconds
2024-07-28T21:32:41.724+0800: 3.483: [GC (CMS Final Remark) [YG occupancy: 12655 K (78656 K)]2024-07-28T21:32:41.724+0800: 3.483: [Rescan (parallel) , 0.0005303 secs]2024-07-28T21:32:41.725+0800: 3.484: [weak refs processing, 0.0000137 secs]2024-07-28T21:32:41.725+0800: 3.484: [class unloading, 0.0001933 secs]2024-07-28T21:32:41.725+0800: 3.484: [scrub symbol table, 0.0003261 secs]2024-07-28T21:32:41.726+0800: 3.484: [scrub string table, 0.0000913 secs][1 CMS-remark: 278164K(465068K)] 290820K(543724K), 0.0012235 secs] [Times: user=0.00 sys=0.00, real=0.00 secs] 
2024-07-28T21:32:41.726+0800: 3.484: Total time for which application threads were stopped: 0.0013754 seconds, Stopping threads took: 0.0001067 seconds
2024-07-28T21:32:41.726+0800: 3.485: [CMS-concurrent-sweep-start]
2024-07-28T21:32:41.727+0800: 3.486: [CMS-concurrent-sweep: 0.002/0.002 secs] [Times: user=0.00 sys=0.00, real=0.00 secs] 
2024-07-28T21:32:41.728+0800: 3.486: [CMS-concurrent-reset-start]
2024-07-28T21:32:41.729+0800: 3.488: [CMS-concurrent-reset: 0.001/0.001 secs] [Times: user=0.00 sys=0.00, real=0.00 secs] 
2024-07-28T21:32:41.730+0800: 3.489: Application time: 0.0047620 seconds
2024-07-28T21:32:41.730+0800: 3.489: [GC (Allocation Failure) 2024-07-28T21:32:41.730+0800: 3.489: [ParNew: 77168K->8192K(78656K), 0.0121492 secs] 218115K->217747K(543724K), 0.0122057 secs] [Times: user=0.03 sys=0.00, real=0.01 secs] 
2024-07-28T21:32:41.743+0800: 3.501: Total time for which application threads were stopped: 0.0123027 seconds, Stopping threads took: 0.0000140 seconds
2024-07-28T21:32:41.743+0800: 3.502: Application time: 0.0001229 seconds
2024-07-28T21:32:41.743+0800: 3.502: [GC (CMS Initial Mark) [1 CMS-initial-mark: 209555K(465068K)] 221187K(543724K), 0.0004344 secs] [Times: user=0.00 sys=0.00, real=0.00 secs] 
2024-07-28T21:32:41.743+0800: 3.502: Total time for which application threads were stopped: 0.0005644 seconds, Stopping threads took: 0.0000865 seconds
2024-07-28T21:32:41.743+0800: 3.502: [CMS-concurrent-mark-start]
2024-07-28T21:32:41.745+0800: 3.504: [CMS-concurrent-mark: 0.002/0.002 secs] [Times: user=0.00 sys=0.00, real=0.00 secs] 
2024-07-28T21:32:41.746+0800: 3.504: [CMS-concurrent-preclean-start]
2024-07-28T21:32:41.746+0800: 3.505: [CMS-concurrent-preclean: 0.001/0.001 secs] [Times: user=0.00 sys=0.00, real=0.00 secs] 
2024-07-28T21:32:41.746+0800: 3.505: [CMS-concurrent-abortable-preclean-start]
2024-07-28T21:32:41.864+0800: 3.623: Application time: 0.1208902 seconds
2024-07-28T21:32:41.864+0800: 3.623: [GC (Allocation Failure) 2024-07-28T21:32:41.864+0800: 3.623: [ParNew: 77168K->8192K(78656K), 0.0130795 secs] 286724K->286356K(543724K), 0.0131427 secs] [Times: user=0.00 sys=0.00, real=0.01 secs] 
2024-07-28T21:32:41.877+0800: 3.636: Total time for which application threads were stopped: 0.0132590 seconds, Stopping threads took: 0.0000219 seconds
2024-07-28T21:32:41.987+0800: 3.746: Application time: 0.1097942 seconds
2024-07-28T21:32:41.987+0800: 3.746: [GC (Allocation Failure) 2024-07-28T21:32:41.987+0800: 3.746: [ParNew: 77168K->8192K(78656K), 0.0031770 secs] 355333K->289428K(543724K), 0.0032373 secs] [Times: user=0.03 sys=0.00, real=0.00 secs] 
2024-07-28T21:32:41.991+0800: 3.749: Total time for which application threads were stopped: 0.0033589 seconds, Stopping threads took: 0.0000197 seconds
2024-07-28T21:32:41.991+0800: 3.750: [CMS-concurrent-abortable-preclean: 0.005/0.245 secs] [Times: user=0.06 sys=0.00, real=0.24 secs] 
2024-07-28T21:32:41.991+0800: 3.750: Application time: 0.0003295 seconds
2024-07-28T21:32:41.991+0800: 3.750: [GC (CMS Final Remark) [YG occupancy: 13679 K (78656 K)]2024-07-28T21:32:41.991+0800: 3.750: [Rescan (parallel) , 0.0006097 secs]2024-07-28T21:32:41.992+0800: 3.751: [weak refs processing, 0.0000124 secs]2024-07-28T21:32:41.992+0800: 3.751: [class unloading, 0.0001999 secs]2024-07-28T21:32:41.992+0800: 3.751: [scrub symbol table, 0.0003563 secs]2024-07-28T21:32:41.992+0800: 3.751: [scrub string table, 0.0000928 secs][1 CMS-remark: 281236K(465068K)] 294916K(543724K), 0.0013404 secs] [Times: user=0.00 sys=0.00, real=0.00 secs] 
2024-07-28T21:32:41.992+0800: 3.751: Total time for which application threads were stopped: 0.0014277 seconds, Stopping threads took: 0.0000494 seconds
2024-07-28T21:32:41.993+0800: 3.751: [CMS-concurrent-sweep-start]
2024-07-28T21:32:41.994+0800: 3.753: [CMS-concurrent-sweep: 0.001/0.001 secs] [Times: user=0.00 sys=0.00, real=0.00 secs] 
2024-07-28T21:32:41.994+0800: 3.753: [CMS-concurrent-reset-start]
2024-07-28T21:32:41.995+0800: 3.754: [CMS-concurrent-reset: 0.001/0.001 secs] [Times: user=0.00 sys=0.00, real=0.00 secs] 
2024-07-28T21:32:41.997+0800: 3.756: Application time: 0.0047675 seconds
2024-07-28T21:32:41.997+0800: 3.756: [GC (Allocation Failure) 2024-07-28T21:32:41.997+0800: 3.756: [ParNew: 77168K->8192K(78656K), 0.0121515 secs] 220163K->219795K(543724K), 0.0122006 secs] [Times: user=0.03 sys=0.00, real=0.01 secs] 
2024-07-28T21:32:42.009+0800: 3.768: Total time for which application threads were stopped: 0.0123103 seconds, Stopping threads took: 0.0000141 seconds
2024-07-28T21:32:42.010+0800: 3.769: Application time: 0.0002323 seconds
2024-07-28T21:32:42.010+0800: 3.769: [GC (CMS Initial Mark) [1 CMS-initial-mark: 211603K(465068K)] 223235K(543724K), 0.0007783 secs] [Times: user=0.00 sys=0.00, real=0.00 secs] 
2024-07-28T21:32:42.011+0800: 3.769: Total time for which application threads were stopped: 0.0009344 seconds, Stopping threads took: 0.0001102 seconds
2024-07-28T21:32:42.011+0800: 3.770: [CMS-concurrent-mark-start]
2024-07-28T21:32:42.013+0800: 3.772: [CMS-concurrent-mark: 0.002/0.002 secs] [Times: user=0.00 sys=0.00, real=0.00 secs] 
2024-07-28T21:32:42.013+0800: 3.772: [CMS-concurrent-preclean-start]
2024-07-28T21:32:42.013+0800: 3.772: [CMS-concurrent-preclean: 0.001/0.001 secs] [Times: user=0.00 sys=0.00, real=0.00 secs] 
2024-07-28T21:32:42.014+0800: 3.772: [CMS-concurrent-abortable-preclean-start]
2024-07-28T21:32:42.130+0800: 3.890: Application time: 0.1201426 seconds
2024-07-28T21:32:42.130+0800: 3.890: [GC (Allocation Failure) 2024-07-28T21:32:42.130+0800: 3.890: [ParNew: 77168K->8192K(78656K), 0.0123811 secs] 288772K->288404K(543724K), 0.0124598 secs] [Times: user=0.00 sys=0.00, real=0.01 secs] 
2024-07-28T21:32:42.143+0800: 3.902: Total time for which application threads were stopped: 0.0125875 seconds, Stopping threads took: 0.0000196 seconds
2024-07-28T21:32:42.255+0800: 4.014: Application time: 0.1119702 seconds
2024-07-28T21:32:42.255+0800: 4.014: [GC (Allocation Failure) 2024-07-28T21:32:42.255+0800: 4.014: [ParNew: 77168K->8192K(78656K), 0.0028950 secs] 357381K->292500K(543724K), 0.0029577 secs] [Times: user=0.00 sys=0.00, real=0.00 secs] 
2024-07-28T21:32:42.258+0800: 4.017: Total time for which application threads were stopped: 0.0030803 seconds, Stopping threads took: 0.0000189 seconds
2024-07-28T21:32:42.258+0800: 4.017: [CMS-concurrent-abortable-preclean: 0.006/0.245 secs] [Times: user=0.08 sys=0.00, real=0.24 secs] 
2024-07-28T21:32:42.258+0800: 4.018: Application time: 0.0002517 seconds
2024-07-28T21:32:42.258+0800: 4.018: [GC (CMS Final Remark) [YG occupancy: 11631 K (78656 K)]2024-07-28T21:32:42.258+0800: 4.018: [Rescan (parallel) , 0.0005192 secs]2024-07-28T21:32:42.259+0800: 4.018: [weak refs processing, 0.0000139 secs]2024-07-28T21:32:42.259+0800: 4.018: [class unloading, 0.0002570 secs]2024-07-28T21:32:42.259+0800: 4.019: [scrub symbol table, 0.0003477 secs]2024-07-28T21:32:42.260+0800: 4.019: [scrub string table, 0.0000939 secs][1 CMS-remark: 284308K(465068K)] 295940K(543724K), 0.0013325 secs] [Times: user=0.00 sys=0.00, real=0.00 secs] 
2024-07-28T21:32:42.260+0800: 4.019: Total time for which application threads were stopped: 0.0014859 seconds, Stopping threads took: 0.0001108 seconds
2024-07-28T21:32:42.260+0800: 4.019: [CMS-concurrent-sweep-start]
2024-07-28T21:32:42.261+0800: 4.021: [CMS-concurrent-sweep: 0.001/0.001 secs] [Times: user=0.00 sys=0.00, real=0.00 secs] 
2024-07-28T21:32:42.262+0800: 4.021: [CMS-concurrent-reset-start]
2024-07-28T21:32:42.264+0800: 4.023: [CMS-concurrent-reset: 0.002/0.002 secs] [Times: user=0.00 sys=0.00, real=0.00 secs] 
2024-07-28T21:32:42.266+0800: 4.025: Application time: 0.0058367 seconds
2024-07-28T21:32:42.266+0800: 4.025: [GC (Allocation Failure) 2024-07-28T21:32:42.266+0800: 4.025: [ParNew: 77168K->8192K(78656K), 0.0185890 secs] 222211K->221843K(543724K), 0.0186598 secs] [Times: user=0.03 sys=0.00, real=0.02 secs] 
2024-07-28T21:32:42.284+0800: 4.044: Total time for which application threads were stopped: 0.0187851 seconds, Stopping threads took: 0.0000300 seconds
2024-07-28T21:32:42.285+0800: 4.044: Application time: 0.0003019 seconds
2024-07-28T21:32:42.285+0800: 4.044: [GC (CMS Initial Mark) [1 CMS-initial-mark: 213651K(465068K)] 225283K(543724K), 0.0008102 secs] [Times: user=0.00 sys=0.00, real=0.00 secs] 
2024-07-28T21:32:42.286+0800: 4.045: Total time for which application threads were stopped: 0.0010182 seconds, Stopping threads took: 0.0001355 seconds
2024-07-28T21:32:42.286+0800: 4.045: [CMS-concurrent-mark-start]
2024-07-28T21:32:42.289+0800: 4.048: [CMS-concurrent-mark: 0.003/0.003 secs] [Times: user=0.00 sys=0.00, real=0.00 secs] 
2024-07-28T21:32:42.289+0800: 4.048: [CMS-concurrent-preclean-start]
2024-07-28T21:32:42.290+0800: 4.049: [CMS-concurrent-preclean: 0.001/0.001 secs] [Times: user=0.00 sys=0.00, real=0.00 secs] 
2024-07-28T21:32:42.290+0800: 4.049: [CMS-concurrent-abortable-preclean-start]
2024-07-28T21:32:42.366+0800: 4.125: Application time: 0.0799780 seconds
2024-07-28T21:32:42.366+0800: 4.125: Total time for which application threads were stopped: 0.0001192 seconds, Stopping threads took: 0.0000395 seconds
2024-07-28T21:32:42.401+0800: 4.161: Application time: 0.0355037 seconds
2024-07-28T21:32:42.401+0800: 4.161: [GC (Allocation Failure) 2024-07-28T21:32:42.401+0800: 4.161: [ParNew: 77168K->8192K(78656K), 0.0131935 secs] 290820K->290452K(543724K), 0.0132646 secs] [Times: user=0.03 sys=0.00, real=0.01 secs] 
2024-07-28T21:32:42.415+0800: 4.174: Total time for which application threads were stopped: 0.0133781 seconds, Stopping threads took: 0.0000205 seconds
2024-07-28T21:32:42.525+0800: 4.284: Application time: 0.1100251 seconds
2024-07-28T21:32:42.525+0800: 4.284: [GC (Allocation Failure) 2024-07-28T21:32:42.525+0800: 4.284: [ParNew: 77168K->8192K(78656K), 0.0033525 secs] 359429K->295572K(543724K), 0.0034122 secs] [Times: user=0.00 sys=0.00, real=0.00 secs] 
2024-07-28T21:32:42.529+0800: 4.288: Total time for which application threads were stopped: 0.0035354 seconds, Stopping threads took: 0.0000197 seconds
2024-07-28T21:32:42.529+0800: 4.288: [CMS-concurrent-abortable-preclean: 0.005/0.238 secs] [Times: user=0.03 sys=0.00, real=0.24 secs] 
2024-07-28T21:32:42.529+0800: 4.288: Application time: 0.0003240 seconds
2024-07-28T21:32:42.529+0800: 4.288: [GC (CMS Final Remark) [YG occupancy: 12655 K (78656 K)]2024-07-28T21:32:42.529+0800: 4.288: [Rescan (parallel) , 0.0009414 secs]2024-07-28T21:32:42.530+0800: 4.289: [weak refs processing, 0.0000132 secs]2024-07-28T21:32:42.530+0800: 4.289: [class unloading, 0.0002128 secs]2024-07-28T21:32:42.530+0800: 4.289: [scrub symbol table, 0.0003747 secs]2024-07-28T21:32:42.531+0800: 4.290: [scrub string table, 0.0001045 secs][1 CMS-remark: 287380K(465068K)] 300036K(543724K), 0.0017089 secs] [Times: user=0.00 sys=0.00, real=0.00 secs] 
2024-07-28T21:32:42.531+0800: 4.290: Total time for which application threads were stopped: 0.0018902 seconds, Stopping threads took: 0.0001443 seconds
2024-07-28T21:32:42.531+0800: 4.290: [CMS-concurrent-sweep-start]
2024-07-28T21:32:42.533+0800: 4.292: [CMS-concurrent-sweep: 0.002/0.002 secs] [Times: user=0.00 sys=0.00, real=0.00 secs] 
2024-07-28T21:32:42.533+0800: 4.292: [CMS-concurrent-reset-start]
2024-07-28T21:32:42.535+0800: 4.293: [CMS-concurrent-reset: 0.001/0.001 secs] [Times: user=0.00 sys=0.00, real=0.00 secs] 
2024-07-28T21:32:42.537+0800: 4.295: Application time: 0.0056651 seconds
2024-07-28T21:32:42.537+0800: 4.295: [GC (Allocation Failure) 2024-07-28T21:32:42.537+0800: 4.296: [ParNew: 77168K->8192K(78656K), 0.0129747 secs] 224259K->223891K(543724K), 0.0130303 secs] [Times: user=0.00 sys=0.00, real=0.01 secs] 
2024-07-28T21:32:42.550+0800: 4.309: Total time for which application threads were stopped: 0.0131346 seconds, Stopping threads took: 0.0000170 seconds
2024-07-28T21:32:42.550+0800: 4.309: Application time: 0.0001835 seconds
2024-07-28T21:32:42.550+0800: 4.309: [GC (CMS Initial Mark) [1 CMS-initial-mark: 215699K(465068K)] 227331K(543724K), 0.0004451 secs] [Times: user=0.00 sys=0.00, real=0.00 secs] 
2024-07-28T21:32:42.551+0800: 4.309: Total time for which application threads were stopped: 0.0005633 seconds, Stopping threads took: 0.0000742 seconds
2024-07-28T21:32:42.551+0800: 4.309: [CMS-concurrent-mark-start]
2024-07-28T21:32:42.553+0800: 4.311: [CMS-concurrent-mark: 0.002/0.002 secs] [Times: user=0.05 sys=0.00, real=0.00 secs] 
2024-07-28T21:32:42.553+0800: 4.311: [CMS-concurrent-preclean-start]
2024-07-28T21:32:42.553+0800: 4.312: [CMS-concurrent-preclean: 0.001/0.001 secs] [Times: user=0.00 sys=0.00, real=0.00 secs] 
2024-07-28T21:32:42.553+0800: 4.312: [CMS-concurrent-abortable-preclean-start]
2024-07-28T21:32:42.666+0800: 4.426: Application time: 0.1162106 seconds
2024-07-28T21:32:42.666+0800: 4.426: [GC (Allocation Failure) 2024-07-28T21:32:42.666+0800: 4.426: [ParNew: 77168K->8192K(78656K), 0.0137065 secs] 292868K->292500K(543724K), 0.0137823 secs] [Times: user=0.03 sys=0.00, real=0.01 secs] 
2024-07-28T21:32:42.680+0800: 4.439: Total time for which application threads were stopped: 0.0138906 seconds, Stopping threads took: 0.0000181 seconds
2024-07-28T21:32:42.792+0800: 4.551: Application time: 0.1113179 seconds
2024-07-28T21:32:42.792+0800: 4.551: [GC (Allocation Failure) 2024-07-28T21:32:42.792+0800: 4.551: [ParNew: 77168K->8192K(78656K), 0.0033396 secs] 361477K->298644K(543724K), 0.0033968 secs] [Times: user=0.00 sys=0.00, real=0.00 secs] 
2024-07-28T21:32:42.795+0800: 4.554: Total time for which application threads were stopped: 0.0035261 seconds, Stopping threads took: 0.0000198 seconds
2024-07-28T21:32:42.795+0800: 4.554: [CMS-concurrent-abortable-preclean: 0.005/0.242 secs] [Times: user=0.03 sys=0.00, real=0.24 secs] 
2024-07-28T21:32:42.796+0800: 4.555: Application time: 0.0003607 seconds
2024-07-28T21:32:42.796+0800: 4.555: [GC (CMS Final Remark) [YG occupancy: 12655 K (78656 K)]2024-07-28T21:32:42.796+0800: 4.555: [Rescan (parallel) , 0.0005478 secs]2024-07-28T21:32:42.797+0800: 4.555: [weak refs processing, 0.0000137 secs]2024-07-28T21:32:42.797+0800: 4.555: [class unloading, 0.0002259 secs]2024-07-28T21:32:42.797+0800: 4.556: [scrub symbol table, 0.0003753 secs]2024-07-28T21:32:42.797+0800: 4.556: [scrub string table, 0.0001166 secs][1 CMS-remark: 290452K(465068K)] 303108K(543724K), 0.0013558 secs] [Times: user=0.00 sys=0.00, real=0.00 secs] 
2024-07-28T21:32:42.797+0800: 4.556: Total time for which application threads were stopped: 0.0015355 seconds, Stopping threads took: 0.0001374 seconds
2024-07-28T21:32:42.798+0800: 4.556: [CMS-concurrent-sweep-start]
2024-07-28T21:32:42.799+0800: 4.558: [CMS-concurrent-sweep: 0.001/0.001 secs] [Times: user=0.00 sys=0.00, real=0.00 secs] 
2024-07-28T21:32:42.799+0800: 4.558: [CMS-concurrent-reset-start]
2024-07-28T21:32:42.800+0800: 4.559: [CMS-concurrent-reset: 0.001/0.001 secs] [Times: user=0.00 sys=0.00, real=0.00 secs] 
2024-07-28T21:32:42.803+0800: 4.562: Application time: 0.0054542 seconds
2024-07-28T21:32:42.803+0800: 4.562: [GC (Allocation Failure) 2024-07-28T21:32:42.803+0800: 4.562: [ParNew: 77168K->8192K(78656K), 0.0129356 secs] 226307K->225939K(543724K), 0.0129873 secs] [Times: user=0.00 sys=0.00, real=0.01 secs] 
2024-07-28T21:32:42.816+0800: 4.575: Total time for which application threads were stopped: 0.0130970 seconds, Stopping threads took: 0.0000180 seconds
2024-07-28T21:32:42.816+0800: 4.575: Application time: 0.0002212 seconds
2024-07-28T21:32:42.816+0800: 4.575: [GC (CMS Initial Mark) [1 CMS-initial-mark: 217747K(465068K)] 229379K(543724K), 0.0006919 secs] [Times: user=0.01 sys=0.00, real=0.00 secs] 
2024-07-28T21:32:42.817+0800: 4.576: Total time for which application threads were stopped: 0.0008234 seconds, Stopping threads took: 0.0000893 seconds
2024-07-28T21:32:42.817+0800: 4.576: [CMS-concurrent-mark-start]
2024-07-28T21:32:42.819+0800: 4.578: [CMS-concurrent-mark: 0.002/0.002 secs] [Times: user=0.00 sys=0.00, real=0.00 secs] 
2024-07-28T21:32:42.819+0800: 4.578: [CMS-concurrent-preclean-start]
2024-07-28T21:32:42.820+0800: 4.579: [CMS-concurrent-preclean: 0.001/0.001 secs] [Times: user=0.00 sys=0.00, real=0.00 secs] 
2024-07-28T21:32:42.820+0800: 4.579: [CMS-concurrent-abortable-preclean-start]
2024-07-28T21:32:42.934+0800: 4.693: Application time: 0.1175577 seconds
2024-07-28T21:32:42.934+0800: 4.693: [GC (Allocation Failure) 2024-07-28T21:32:42.934+0800: 4.693: [ParNew: 77168K->8192K(78656K), 0.0130684 secs] 294916K->294548K(543724K), 0.0131489 secs] [Times: user=0.03 sys=0.00, real=0.01 secs] 
2024-07-28T21:32:42.947+0800: 4.707: Total time for which application threads were stopped: 0.0133005 seconds, Stopping threads took: 0.0000320 seconds
2024-07-28T21:32:43.056+0800: 4.816: Application time: 0.1093014 seconds
2024-07-28T21:32:43.056+0800: 4.816: [GC (Allocation Failure) 2024-07-28T21:32:43.056+0800: 4.816: [ParNew: 77168K->8192K(78656K), 0.0031719 secs] 363525K->301716K(543724K), 0.0032330 secs] [Times: user=0.00 sys=0.00, real=0.00 secs] 
2024-07-28T21:32:43.060+0800: 4.819: Total time for which application threads were stopped: 0.0033425 seconds, Stopping threads took: 0.0000197 seconds
2024-07-28T21:32:43.060+0800: 4.819: [CMS-concurrent-abortable-preclean: 0.006/0.240 secs] [Times: user=0.03 sys=0.00, real=0.24 secs] 
2024-07-28T21:32:43.060+0800: 4.820: Application time: 0.0003729 seconds
2024-07-28T21:32:43.060+0800: 4.820: [GC (CMS Final Remark) [YG occupancy: 14703 K (78656 K)]2024-07-28T21:32:43.060+0800: 4.820: [Rescan (parallel) , 0.0010175 secs]2024-07-28T21:32:43.061+0800: 4.821: [weak refs processing, 0.0000128 secs]2024-07-28T21:32:43.061+0800: 4.821: [class unloading, 0.0002135 secs]2024-07-28T21:32:43.061+0800: 4.821: [scrub symbol table, 0.0003493 secs]2024-07-28T21:32:43.062+0800: 4.821: [scrub string table, 0.0000998 secs][1 CMS-remark: 293524K(465068K)] 308228K(543724K), 0.0017588 secs] [Times: user=0.00 sys=0.00, real=0.00 secs] 
2024-07-28T21:32:43.062+0800: 4.822: Total time for which application threads were stopped: 0.0019494 seconds, Stopping threads took: 0.0001544 seconds
2024-07-28T21:32:43.062+0800: 4.822: [CMS-concurrent-sweep-start]
2024-07-28T21:32:43.063+0800: 4.823: [CMS-concurrent-sweep: 0.001/0.001 secs] [Times: user=0.00 sys=0.00, real=0.00 secs] 
2024-07-28T21:32:43.063+0800: 4.823: [CMS-concurrent-reset-start]
2024-07-28T21:32:43.065+0800: 4.824: [CMS-concurrent-reset: 0.001/0.001 secs] [Times: user=0.00 sys=0.00, real=0.00 secs] 
2024-07-28T21:32:43.067+0800: 4.826: Application time: 0.0046310 seconds
2024-07-28T21:32:43.067+0800: 4.826: [GC (Allocation Failure) 2024-07-28T21:32:43.067+0800: 4.826: [ParNew: 77168K->8192K(78656K), 0.0118112 secs] 228355K->227987K(543724K), 0.0118614 secs] [Times: user=0.00 sys=0.00, real=0.01 secs] 
2024-07-28T21:32:43.079+0800: 4.838: Total time for which application threads were stopped: 0.0119812 seconds, Stopping threads took: 0.0000349 seconds
2024-07-28T21:32:43.079+0800: 4.838: Application time: 0.0001843 seconds
2024-07-28T21:32:43.079+0800: 4.839: [GC (CMS Initial Mark) [1 CMS-initial-mark: 219795K(465068K)] 231427K(543724K), 0.0007059 secs] [Times: user=0.00 sys=0.00, real=0.00 secs] 
2024-07-28T21:32:43.080+0800: 4.839: Total time for which application threads were stopped: 0.0008859 seconds, Stopping threads took: 0.0001373 seconds
2024-07-28T21:32:43.080+0800: 4.839: [CMS-concurrent-mark-start]
2024-07-28T21:32:43.081+0800: 4.841: [CMS-concurrent-mark: 0.002/0.002 secs] [Times: user=0.00 sys=0.00, real=0.00 secs] 
2024-07-28T21:32:43.081+0800: 4.841: [CMS-concurrent-preclean-start]
2024-07-28T21:32:43.082+0800: 4.842: [CMS-concurrent-preclean: 0.001/0.001 secs] [Times: user=0.02 sys=0.00, real=0.00 secs] 
2024-07-28T21:32:43.082+0800: 4.842: [CMS-concurrent-abortable-preclean-start]
2024-07-28T21:32:43.202+0800: 4.961: Application time: 0.1221113 seconds
2024-07-28T21:32:43.202+0800: 4.961: [GC (Allocation Failure) 2024-07-28T21:32:43.202+0800: 4.962: [ParNew: 77168K->8192K(78656K), 0.0119272 secs] 296964K->296596K(543724K), 0.0119857 secs] [Times: user=0.03 sys=0.00, real=0.01 secs] 
2024-07-28T21:32:43.214+0800: 4.974: Total time for which application threads were stopped: 0.0121119 seconds, Stopping threads took: 0.0000290 seconds
2024-07-28T21:32:43.326+0800: 5.086: Application time: 0.1122561 seconds
2024-07-28T21:32:43.326+0800: 5.086: [GC (Allocation Failure) 2024-07-28T21:32:43.326+0800: 5.086: [ParNew: 77168K->8192K(78656K), 0.0033757 secs] 365573K->304788K(543724K), 0.0034459 secs] [Times: user=0.00 sys=0.00, real=0.00 secs] 
2024-07-28T21:32:43.330+0800: 5.089: Total time for which application threads were stopped: 0.0035549 seconds, Stopping threads took: 0.0000191 seconds
2024-07-28T21:32:43.330+0800: 5.089: [CMS-concurrent-abortable-preclean: 0.005/0.248 secs] [Times: user=0.03 sys=0.00, real=0.25 secs] 
2024-07-28T21:32:43.330+0800: 5.090: Application time: 0.0002256 seconds
2024-07-28T21:32:43.330+0800: 5.090: [GC (CMS Final Remark) [YG occupancy: 11631 K (78656 K)]2024-07-28T21:32:43.330+0800: 5.090: [Rescan (parallel) , 0.0010974 secs]2024-07-28T21:32:43.331+0800: 5.091: [weak refs processing, 0.0000132 secs]2024-07-28T21:32:43.331+0800: 5.091: [class unloading, 0.0002128 secs]2024-07-28T21:32:43.332+0800: 5.091: [scrub symbol table, 0.0003416 secs]2024-07-28T21:32:43.332+0800: 5.091: [scrub string table, 0.0001002 secs][1 CMS-remark: 296596K(465068K)] 308228K(543724K), 0.0018314 secs] [Times: user=0.00 sys=0.00, real=0.00 secs] 
2024-07-28T21:32:43.332+0800: 5.092: Total time for which application threads were stopped: 0.0020282 seconds, Stopping threads took: 0.0001604 seconds
2024-07-28T21:32:43.332+0800: 5.092: [CMS-concurrent-sweep-start]
2024-07-28T21:32:43.334+0800: 5.094: [CMS-concurrent-sweep: 0.002/0.002 secs] [Times: user=0.03 sys=0.00, real=0.00 secs] 
2024-07-28T21:32:43.334+0800: 5.094: [CMS-concurrent-reset-start]
2024-07-28T21:32:43.335+0800: 5.095: [CMS-concurrent-reset: 0.001/0.001 secs] [Times: user=0.00 sys=0.00, real=0.00 secs] 
2024-07-28T21:32:43.337+0800: 5.097: Application time: 0.0050936 seconds
2024-07-28T21:32:43.337+0800: 5.097: [GC (Allocation Failure) 2024-07-28T21:32:43.337+0800: 5.097: [ParNew: 77168K->8192K(78656K), 0.0129483 secs] 230403K->230035K(543724K), 0.0129953 secs] [Times: user=0.03 sys=0.00, real=0.01 secs] 
2024-07-28T21:32:43.350+0800: 5.110: Total time for which application threads were stopped: 0.0130923 seconds, Stopping threads took: 0.0000138 seconds
2024-07-28T21:32:43.351+0800: 5.110: Application time: 0.0001912 seconds
2024-07-28T21:32:43.351+0800: 5.110: [GC (CMS Initial Mark) [1 CMS-initial-mark: 221843K(465068K)] 233475K(543724K), 0.0007305 secs] [Times: user=0.00 sys=0.00, real=0.00 secs] 
2024-07-28T21:32:43.351+0800: 5.111: Total time for which application threads were stopped: 0.0009193 seconds, Stopping threads took: 0.0001462 seconds
2024-07-28T21:32:43.352+0800: 5.111: [CMS-concurrent-mark-start]
2024-07-28T21:32:43.353+0800: 5.113: [CMS-concurrent-mark: 0.002/0.002 secs] [Times: user=0.00 sys=0.00, real=0.00 secs] 
2024-07-28T21:32:43.353+0800: 5.113: [CMS-concurrent-preclean-start]
2024-07-28T21:32:43.354+0800: 5.113: [CMS-concurrent-preclean: 0.001/0.001 secs] [Times: user=0.00 sys=0.00, real=0.00 secs] 
2024-07-28T21:32:43.354+0800: 5.113: [CMS-concurrent-abortable-preclean-start]
2024-07-28T21:32:43.472+0800: 5.231: Application time: 0.1200395 seconds
2024-07-28T21:32:43.472+0800: 5.231: [GC (Allocation Failure) 2024-07-28T21:32:43.472+0800: 5.231: [ParNew: 77464K->8202K(78656K), 0.0121105 secs] 299308K->298654K(543724K), 0.0121687 secs] [Times: user=0.03 sys=0.00, real=0.01 secs] 
2024-07-28T21:32:43.484+0800: 5.243: Total time for which application threads were stopped: 0.0122860 seconds, Stopping threads took: 0.0000196 seconds
2024-07-28T21:32:43.592+0800: 5.352: Application time: 0.1084905 seconds
2024-07-28T21:32:43.593+0800: 5.352: [GC (Allocation Failure) 2024-07-28T21:32:43.593+0800: 5.352: [ParNew: 77176K->8192K(78656K), 0.0035817 secs] 367629K->307861K(543724K), 0.0036423 secs] [Times: user=0.00 sys=0.00, real=0.00 secs] 
2024-07-28T21:32:43.596+0800: 5.356: Total time for which application threads were stopped: 0.0037805 seconds, Stopping threads took: 0.0000369 seconds
2024-07-28T21:32:43.596+0800: 5.356: [CMS-concurrent-abortable-preclean: 0.005/0.242 secs] [Times: user=0.05 sys=0.00, real=0.24 secs] 
2024-07-28T21:32:43.597+0800: 5.356: Application time: 0.0002940 seconds
2024-07-28T21:32:43.597+0800: 5.356: [GC (CMS Final Remark) [YG occupancy: 12654 K (78656 K)]2024-07-28T21:32:43.597+0800: 5.356: [Rescan (parallel) , 0.0009172 secs]2024-07-28T21:32:43.598+0800: 5.357: [weak refs processing, 0.0000131 secs]2024-07-28T21:32:43.598+0800: 5.357: [class unloading, 0.0002213 secs]2024-07-28T21:32:43.598+0800: 5.357: [scrub symbol table, 0.0003490 secs]2024-07-28T21:32:43.598+0800: 5.358: [scrub string table, 0.0001151 secs][1 CMS-remark: 299669K(465068K)] 312324K(543724K), 0.0016840 secs] [Times: user=0.00 sys=0.00, real=0.00 secs] 
2024-07-28T21:32:43.598+0800: 5.358: Total time for which application threads were stopped: 0.0018861 seconds, Stopping threads took: 0.0001650 seconds
2024-07-28T21:32:43.599+0800: 5.358: [CMS-concurrent-sweep-start]
2024-07-28T21:32:43.600+0800: 5.359: [CMS-concurrent-sweep: 0.001/0.001 secs] [Times: user=0.00 sys=0.00, real=0.00 secs] 
2024-07-28T21:32:43.600+0800: 5.359: [CMS-concurrent-reset-start]
2024-07-28T21:32:43.601+0800: 5.361: [CMS-concurrent-reset: 0.001/0.001 secs] [Times: user=0.00 sys=0.00, real=0.00 secs] 
2024-07-28T21:32:43.603+0800: 5.363: Application time: 0.0050767 seconds
2024-07-28T21:32:43.604+0800: 5.363: [GC (Allocation Failure) 2024-07-28T21:32:43.604+0800: 5.363: [ParNew: 77167K->8192K(78656K), 0.0120743 secs] 232450K->232084K(543724K), 0.0121215 secs] [Times: user=0.03 sys=0.00, real=0.01 secs] 
2024-07-28T21:32:43.616+0800: 5.375: Total time for which application threads were stopped: 0.0122229 seconds, Stopping threads took: 0.0000183 seconds
2024-07-28T21:32:43.616+0800: 5.375: Application time: 0.0001090 seconds
2024-07-28T21:32:43.616+0800: 5.375: [GC (CMS Initial Mark) [1 CMS-initial-mark: 223892K(465068K)] 235523K(543724K), 0.0003814 secs] [Times: user=0.00 sys=0.00, real=0.00 secs] 
2024-07-28T21:32:43.616+0800: 5.376: Total time for which application threads were stopped: 0.0004988 seconds, Stopping threads took: 0.0000788 seconds
2024-07-28T21:32:43.616+0800: 5.376: [CMS-concurrent-mark-start]
2024-07-28T21:32:43.618+0800: 5.377: [CMS-concurrent-mark: 0.002/0.002 secs] [Times: user=0.00 sys=0.00, real=0.00 secs] 
2024-07-28T21:32:43.618+0800: 5.377: [CMS-concurrent-preclean-start]
2024-07-28T21:32:43.619+0800: 5.378: [CMS-concurrent-preclean: 0.001/0.001 secs] [Times: user=0.00 sys=0.00, real=0.00 secs] 
2024-07-28T21:32:43.619+0800: 5.378: [CMS-concurrent-abortable-preclean-start]
2024-07-28T21:32:43.736+0800: 5.495: Application time: 0.1196328 seconds
2024-07-28T21:32:43.736+0800: 5.495: [GC (Allocation Failure) 2024-07-28T21:32:43.736+0800: 5.495: [ParNew: 77167K->8192K(78656K), 0.0118483 secs] 301060K->300693K(543724K), 0.0119077 secs] [Times: user=0.03 sys=0.00, real=0.01 secs] 
2024-07-28T21:32:43.748+0800: 5.507: Total time for which application threads were stopped: 0.0120175 seconds, Stopping threads took: 0.0000187 seconds
2024-07-28T21:32:43.861+0800: 5.620: Application time: 0.1130245 seconds
2024-07-28T21:32:43.861+0800: 5.620: [GC (Allocation Failure) 2024-07-28T21:32:43.861+0800: 5.620: [ParNew: 77168K->8192K(78656K), 0.0035979 secs] 369669K->310933K(543724K), 0.0036557 secs] [Times: user=0.03 sys=0.00, real=0.00 secs] 
2024-07-28T21:32:43.865+0800: 5.624: Total time for which application threads were stopped: 0.0037733 seconds, Stopping threads took: 0.0000192 seconds
2024-07-28T21:32:43.865+0800: 5.624: [CMS-concurrent-abortable-preclean: 0.005/0.246 secs] [Times: user=0.08 sys=0.00, real=0.25 secs] 
2024-07-28T21:32:43.865+0800: 5.624: Application time: 0.0002611 seconds
2024-07-28T21:32:43.866+0800: 5.625: [GC (CMS Final Remark) [YG occupancy: 11631 K (78656 K)]2024-07-28T21:32:43.866+0800: 5.625: [Rescan (parallel) , 0.0009863 secs]2024-07-28T21:32:43.867+0800: 5.626: [weak refs processing, 0.0000134 secs]2024-07-28T21:32:43.867+0800: 5.626: [class unloading, 0.0002875 secs]2024-07-28T21:32:43.867+0800: 5.626: [scrub symbol table, 0.0003567 secs]2024-07-28T21:32:43.867+0800: 5.626: [scrub string table, 0.0000908 secs][1 CMS-remark: 302741K(465068K)] 314373K(543724K), 0.0018050 secs] [Times: user=0.00 sys=0.00, real=0.00 secs] 
2024-07-28T21:32:43.867+0800: 5.626: Total time for which application threads were stopped: 0.0020219 seconds, Stopping threads took: 0.0001706 seconds
2024-07-28T21:32:43.868+0800: 5.627: [CMS-concurrent-sweep-start]
2024-07-28T21:32:43.869+0800: 5.628: [CMS-concurrent-sweep: 0.001/0.001 secs] [Times: user=0.00 sys=0.00, real=0.00 secs] 
2024-07-28T21:32:43.869+0800: 5.628: [CMS-concurrent-reset-start]
2024-07-28T21:32:43.870+0800: 5.629: [CMS-concurrent-reset: 0.001/0.001 secs] [Times: user=0.00 sys=0.00, real=0.00 secs] 
2024-07-28T21:32:43.872+0800: 5.631: Application time: 0.0049067 seconds
2024-07-28T21:32:43.872+0800: 5.631: [GC (Allocation Failure) 2024-07-28T21:32:43.872+0800: 5.631: [ParNew: 77168K->8192K(78656K), 0.0122996 secs] 234499K->234132K(543724K), 0.0123503 secs] [Times: user=0.03 sys=0.00, real=0.01 secs] 
2024-07-28T21:32:43.885+0800: 5.644: Total time for which application threads were stopped: 0.0124494 seconds, Stopping threads took: 0.0000139 seconds
2024-07-28T21:32:43.885+0800: 5.644: Application time: 0.0002330 seconds
2024-07-28T21:32:43.885+0800: 5.644: [GC (CMS Initial Mark) [1 CMS-initial-mark: 225940K(465068K)] 237572K(543724K), 0.0008071 secs] [Times: user=0.00 sys=0.00, real=0.00 secs] 
2024-07-28T21:32:43.886+0800: 5.645: Total time for which application threads were stopped: 0.0009228 seconds, Stopping threads took: 0.0000739 seconds
2024-07-28T21:32:43.886+0800: 5.645: [CMS-concurrent-mark-start]
2024-07-28T21:32:43.888+0800: 5.647: [CMS-concurrent-mark: 0.002/0.002 secs] [Times: user=0.00 sys=0.00, real=0.00 secs] 
2024-07-28T21:32:43.888+0800: 5.647: [CMS-concurrent-preclean-start]
2024-07-28T21:32:43.888+0800: 5.647: [CMS-concurrent-preclean: 0.001/0.001 secs] [Times: user=0.00 sys=0.00, real=0.00 secs] 
2024-07-28T21:32:43.888+0800: 5.647: [CMS-concurrent-abortable-preclean-start]
2024-07-28T21:32:44.006+0800: 5.764: Application time: 0.1195539 seconds
2024-07-28T21:32:44.006+0800: 5.765: [GC (Allocation Failure) 2024-07-28T21:32:44.006+0800: 5.765: [ParNew: 77168K->8192K(78656K), 0.0120225 secs] 303109K->302741K(543724K), 0.0120809 secs] [Times: user=0.00 sys=0.00, real=0.01 secs] 
2024-07-28T21:32:44.018+0800: 5.777: Total time for which application threads were stopped: 0.0122010 seconds, Stopping threads took: 0.0000195 seconds
2024-07-28T21:32:44.130+0800: 5.889: Application time: 0.1125572 seconds
2024-07-28T21:32:44.130+0800: 5.889: [GC (Allocation Failure) 2024-07-28T21:32:44.130+0800: 5.889: [ParNew: 77168K->8192K(78656K), 0.0039399 secs] 371718K->314005K(543724K), 0.0039936 secs] [Times: user=0.00 sys=0.00, real=0.00 secs] 
2024-07-28T21:32:44.134+0800: 5.893: Total time for which application threads were stopped: 0.0041083 seconds, Stopping threads took: 0.0000183 seconds
2024-07-28T21:32:44.134+0800: 5.893: [CMS-concurrent-abortable-preclean: 0.005/0.246 secs] [Times: user=0.06 sys=0.00, real=0.25 secs] 
2024-07-28T21:32:44.134+0800: 5.894: Application time: 0.0003815 seconds
2024-07-28T21:32:44.134+0800: 5.894: [GC (CMS Final Remark) [YG occupancy: 14703 K (78656 K)]2024-07-28T21:32:44.134+0800: 5.894: [Rescan (parallel) , 0.0007253 secs]2024-07-28T21:32:44.135+0800: 5.895: [weak refs processing, 0.0000128 secs]2024-07-28T21:32:44.135+0800: 5.895: [class unloading, 0.0002252 secs]2024-07-28T21:32:44.135+0800: 5.895: [scrub symbol table, 0.0003521 secs]2024-07-28T21:32:44.136+0800: 5.895: [scrub string table, 0.0001003 secs][1 CMS-remark: 305813K(465068K)] 320517K(543724K), 0.0014792 secs] [Times: user=0.00 sys=0.00, real=0.00 secs] 
2024-07-28T21:32:44.136+0800: 5.895: Total time for which application threads were stopped: 0.0015992 seconds, Stopping threads took: 0.0000823 seconds
2024-07-28T21:32:44.136+0800: 5.896: [CMS-concurrent-sweep-start]
2024-07-28T21:32:44.138+0800: 5.897: [CMS-concurrent-sweep: 0.001/0.001 secs] [Times: user=0.00 sys=0.00, real=0.00 secs] 
2024-07-28T21:32:44.138+0800: 5.897: [CMS-concurrent-reset-start]
2024-07-28T21:32:44.139+0800: 5.899: [CMS-concurrent-reset: 0.002/0.002 secs] [Times: user=0.00 sys=0.00, real=0.00 secs] 
2024-07-28T21:32:44.141+0800: 5.900: Application time: 0.0049390 seconds
2024-07-28T21:32:44.141+0800: 5.900: [GC (Allocation Failure) 2024-07-28T21:32:44.141+0800: 5.900: [ParNew: 77168K->8192K(78656K), 0.0121858 secs] 236548K->236180K(543724K), 0.0122339 secs] [Times: user=0.03 sys=0.00, real=0.01 secs] 
2024-07-28T21:32:44.153+0800: 5.913: Total time for which application threads were stopped: 0.0123389 seconds, Stopping threads took: 0.0000144 seconds
2024-07-28T21:32:44.153+0800: 5.913: Application time: 0.0002157 seconds
2024-07-28T21:32:44.153+0800: 5.913: [GC (CMS Initial Mark) [1 CMS-initial-mark: 227988K(465068K)] 239620K(543724K), 0.0005282 secs] [Times: user=0.00 sys=0.00, real=0.00 secs] 
2024-07-28T21:32:44.154+0800: 5.913: Total time for which application threads were stopped: 0.0006686 seconds, Stopping threads took: 0.0000979 seconds
2024-07-28T21:32:44.154+0800: 5.914: [CMS-concurrent-mark-start]
2024-07-28T21:32:44.155+0800: 5.915: [CMS-concurrent-mark: 0.001/0.001 secs] [Times: user=0.00 sys=0.00, real=0.00 secs] 
2024-07-28T21:32:44.155+0800: 5.915: [CMS-concurrent-preclean-start]
2024-07-28T21:32:44.156+0800: 5.915: [CMS-concurrent-preclean: 0.001/0.001 secs] [Times: user=0.00 sys=0.00, real=0.00 secs] 
2024-07-28T21:32:44.156+0800: 5.915: [CMS-concurrent-abortable-preclean-start]
2024-07-28T21:32:44.273+0800: 6.032: Application time: 0.1184636 seconds
2024-07-28T21:32:44.273+0800: 6.032: [GC (Allocation Failure) 2024-07-28T21:32:44.273+0800: 6.032: [ParNew: 77168K->8192K(78656K), 0.0120203 secs] 305157K->304789K(543724K), 0.0120818 secs] [Times: user=0.00 sys=0.00, real=0.01 secs] 
2024-07-28T21:32:44.285+0800: 6.044: Total time for which application threads were stopped: 0.0121907 seconds, Stopping threads took: 0.0000189 seconds
2024-07-28T21:32:44.396+0800: 6.155: Application time: 0.1108836 seconds
2024-07-28T21:32:44.396+0800: 6.155: [GC (Allocation Failure) 2024-07-28T21:32:44.396+0800: 6.155: [ParNew: 77168K->8192K(78656K), 0.0039094 secs] 373766K->317077K(543724K), 0.0039799 secs] [Times: user=0.00 sys=0.00, real=0.00 secs] 
2024-07-28T21:32:44.400+0800: 6.159: Total time for which application threads were stopped: 0.0040943 seconds, Stopping threads took: 0.0000208 seconds
2024-07-28T21:32:44.400+0800: 6.159: [CMS-concurrent-abortable-preclean: 0.005/0.244 secs] [Times: user=0.09 sys=0.00, real=0.24 secs] 
2024-07-28T21:32:44.400+0800: 6.159: Application time: 0.0001897 seconds
2024-07-28T21:32:44.400+0800: 6.159: [GC (CMS Final Remark) [YG occupancy: 11631 K (78656 K)]2024-07-28T21:32:44.400+0800: 6.159: [Rescan (parallel) , 0.0008017 secs]2024-07-28T21:32:44.401+0800: 6.160: [weak refs processing, 0.0000128 secs]2024-07-28T21:32:44.401+0800: 6.160: [class unloading, 0.0002106 secs]2024-07-28T21:32:44.401+0800: 6.161: [scrub symbol table, 0.0003444 secs]2024-07-28T21:32:44.401+0800: 6.161: [scrub string table, 0.0001185 secs][1 CMS-remark: 308885K(465068K)] 320517K(543724K), 0.0015528 secs] [Times: user=0.00 sys=0.00, real=0.00 secs] 
2024-07-28T21:32:44.402+0800: 6.161: Total time for which application threads were stopped: 0.0017423 seconds, Stopping threads took: 0.0001502 seconds
2024-07-28T21:32:44.402+0800: 6.161: [CMS-concurrent-sweep-start]
2024-07-28T21:32:44.403+0800: 6.162: [CMS-concurrent-sweep: 0.001/0.001 secs] [Times: user=0.00 sys=0.00, real=0.00 secs] 
2024-07-28T21:32:44.403+0800: 6.163: [CMS-concurrent-reset-start]
2024-07-28T21:32:44.404+0800: 6.164: [CMS-concurrent-reset: 0.001/0.001 secs] [Times: user=0.00 sys=0.00, real=0.00 secs] 
2024-07-28T21:32:44.407+0800: 6.166: Application time: 0.0049924 seconds
2024-07-28T21:32:44.407+0800: 6.166: [GC (Allocation Failure) 2024-07-28T21:32:44.407+0800: 6.166: [ParNew: 77168K->8192K(78656K), 0.0124554 secs] 238596K->238228K(543724K), 0.0125035 secs] [Times: user=0.03 sys=0.00, real=0.01 secs] 
2024-07-28T21:32:44.419+0800: 6.179: Total time for which application threads were stopped: 0.0126025 seconds, Stopping threads took: 0.0000143 seconds
2024-07-28T21:32:44.419+0800: 6.179: Application time: 0.0002450 seconds
2024-07-28T21:32:44.420+0800: 6.179: [GC (CMS Initial Mark) [1 CMS-initial-mark: 230036K(465068K)] 241668K(543724K), 0.0008565 secs] [Times: user=0.00 sys=0.00, real=0.00 secs] 
2024-07-28T21:32:44.420+0800: 6.180: Total time for which application threads were stopped: 0.0009762 seconds, Stopping threads took: 0.0000779 seconds
2024-07-28T21:32:44.421+0800: 6.180: [CMS-concurrent-mark-start]
2024-07-28T21:32:44.422+0800: 6.181: [CMS-concurrent-mark: 0.001/0.001 secs] [Times: user=0.00 sys=0.00, real=0.00 secs] 
2024-07-28T21:32:44.422+0800: 6.181: [CMS-concurrent-preclean-start]
2024-07-28T21:32:44.423+0800: 6.182: [CMS-concurrent-preclean: 0.001/0.001 secs] [Times: user=0.00 sys=0.00, real=0.00 secs] 
2024-07-28T21:32:44.423+0800: 6.182: [CMS-concurrent-abortable-preclean-start]
2024-07-28T21:32:44.541+0800: 6.300: Application time: 0.1199227 seconds
2024-07-28T21:32:44.541+0800: 6.300: [GC (Allocation Failure) 2024-07-28T21:32:44.541+0800: 6.300: [ParNew: 77168K->8192K(78656K), 0.0119755 secs] 307205K->306837K(543724K), 0.0120348 secs] [Times: user=0.03 sys=0.00, real=0.01 secs] 
2024-07-28T21:32:44.553+0800: 6.312: Total time for which application threads were stopped: 0.0121464 seconds, Stopping threads took: 0.0000192 seconds
2024-07-28T21:32:44.665+0800: 6.425: Application time: 0.1126002 seconds
2024-07-28T21:32:44.665+0800: 6.425: [GC (Allocation Failure) 2024-07-28T21:32:44.665+0800: 6.425: [ParNew: 77360K->8194K(78656K), 0.0048268 secs] 376006K->320151K(543724K), 0.0048999 secs] [Times: user=0.00 sys=0.00, real=0.01 secs] 
2024-07-28T21:32:44.670+0800: 6.430: Total time for which application threads were stopped: 0.0050277 seconds, Stopping threads took: 0.0000202 seconds
2024-07-28T21:32:44.670+0800: 6.430: [CMS-concurrent-abortable-preclean: 0.006/0.248 secs] [Times: user=0.03 sys=0.00, real=0.25 secs] 
2024-07-28T21:32:44.670+0800: 6.430: Application time: 0.0003301 seconds
2024-07-28T21:32:44.670+0800: 6.430: [GC (CMS Final Remark) [YG occupancy: 13680 K (78656 K)]2024-07-28T21:32:44.670+0800: 6.430: [Rescan (parallel) , 0.0009936 secs]2024-07-28T21:32:44.671+0800: 6.431: [weak refs processing, 0.0000129 secs]2024-07-28T21:32:44.671+0800: 6.431: [class unloading, 0.0002193 secs]2024-07-28T21:32:44.672+0800: 6.431: [scrub symbol table, 0.0003603 secs]2024-07-28T21:32:44.672+0800: 6.432: [scrub string table, 0.0001009 secs][1 CMS-remark: 311957K(465068K)] 325638K(543724K), 0.0017516 secs] [Times: user=0.00 sys=0.00, real=0.00 secs] 
2024-07-28T21:32:44.672+0800: 6.432: Total time for which application threads were stopped: 0.0018724 seconds, Stopping threads took: 0.0000828 seconds
2024-07-28T21:32:44.672+0800: 6.432: [CMS-concurrent-sweep-start]
2024-07-28T21:32:44.674+0800: 6.434: [CMS-concurrent-sweep: 0.002/0.002 secs] [Times: user=0.00 sys=0.00, real=0.00 secs] 
2024-07-28T21:32:44.674+0800: 6.434: [CMS-concurrent-reset-start]
2024-07-28T21:32:44.675+0800: 6.435: [CMS-concurrent-reset: 0.001/0.001 secs] [Times: user=0.00 sys=0.00, real=0.00 secs] 
2024-07-28T21:32:44.677+0800: 6.437: Application time: 0.0047110 seconds
2024-07-28T21:32:44.677+0800: 6.437: [GC (Allocation Failure) 2024-07-28T21:32:44.677+0800: 6.437: [ParNew: 77169K->8192K(78656K), 0.0124268 secs] 240645K->240276K(543724K), 0.0124757 secs] [Times: user=0.00 sys=0.00, real=0.01 secs] 
2024-07-28T21:32:44.689+0800: 6.449: Total time for which application threads were stopped: 0.0125703 seconds, Stopping threads took: 0.0000130 seconds
2024-07-28T21:32:44.690+0800: 6.449: Application time: 0.0001934 seconds
2024-07-28T21:32:44.690+0800: 6.449: [GC (CMS Initial Mark) [1 CMS-initial-mark: 232084K(465068K)] 243715K(543724K), 0.0007418 secs] [Times: user=0.00 sys=0.00, real=0.00 secs] 
2024-07-28T21:32:44.691+0800: 6.450: Total time for which application threads were stopped: 0.0009314 seconds, Stopping threads took: 0.0001468 seconds
2024-07-28T21:32:44.691+0800: 6.450: [CMS-concurrent-mark-start]
2024-07-28T21:32:44.692+0800: 6.452: [CMS-concurrent-mark: 0.001/0.001 secs] [Times: user=0.03 sys=0.02, real=0.00 secs] 
2024-07-28T21:32:44.692+0800: 6.452: [CMS-concurrent-preclean-start]
2024-07-28T21:32:44.693+0800: 6.452: [CMS-concurrent-preclean: 0.001/0.001 secs] [Times: user=0.00 sys=0.00, real=0.00 secs] 
2024-07-28T21:32:44.693+0800: 6.452: [CMS-concurrent-abortable-preclean-start]
2024-07-28T21:32:44.810+0800: 6.569: Application time: 0.1183822 seconds
2024-07-28T21:32:44.810+0800: 6.569: [GC (Allocation Failure) 2024-07-28T21:32:44.810+0800: 6.569: [ParNew: 77167K->8192K(78656K), 0.0118642 secs] 309252K->308885K(543724K), 0.0119264 secs] [Times: user=0.03 sys=0.00, real=0.01 secs] 
2024-07-28T21:32:44.822+0800: 6.581: Total time for which application threads were stopped: 0.0120425 seconds, Stopping threads took: 0.0000210 seconds
2024-07-28T21:32:44.932+0800: 6.691: Application time: 0.1104317 seconds
2024-07-28T21:32:44.932+0800: 6.691: [GC (Allocation Failure) 2024-07-28T21:32:44.932+0800: 6.691: [ParNew: 77168K->8192K(78656K), 0.0044856 secs] 377861K->323222K(543724K), 0.0045440 secs] [Times: user=0.00 sys=0.00, real=0.00 secs] 
2024-07-28T21:32:44.936+0800: 6.696: Total time for which application threads were stopped: 0.0046522 seconds, Stopping threads took: 0.0000195 seconds
2024-07-28T21:32:44.936+0800: 6.696: [CMS-concurrent-abortable-preclean: 0.005/0.244 secs] [Times: user=0.03 sys=0.00, real=0.24 secs] 
2024-07-28T21:32:44.937+0800: 6.696: Application time: 0.0003726 seconds
2024-07-28T21:32:44.937+0800: 6.696: [GC (CMS Final Remark) [YG occupancy: 13679 K (78656 K)]2024-07-28T21:32:44.937+0800: 6.696: [Rescan (parallel) , 0.0010583 secs]2024-07-28T21:32:44.938+0800: 6.697: [weak refs processing, 0.0000131 secs]2024-07-28T21:32:44.938+0800: 6.697: [class unloading, 0.0002013 secs]2024-07-28T21:32:44.938+0800: 6.698: [scrub symbol table, 0.0003177 secs]2024-07-28T21:32:44.938+0800: 6.698: [scrub string table, 0.0001016 secs][1 CMS-remark: 315029K(465068K)] 328709K(543724K), 0.0017610 secs] [Times: user=0.00 sys=0.00, real=0.00 secs] 
2024-07-28T21:32:44.939+0800: 6.698: Total time for which application threads were stopped: 0.0019220 seconds, Stopping threads took: 0.0001185 seconds
2024-07-28T21:32:44.939+0800: 6.698: [CMS-concurrent-sweep-start]
2024-07-28T21:32:44.940+0800: 6.699: [CMS-concurrent-sweep: 0.001/0.001 secs] [Times: user=0.00 sys=0.00, real=0.00 secs] 
2024-07-28T21:32:44.940+0800: 6.699: [CMS-concurrent-reset-start]
2024-07-28T21:32:44.941+0800: 6.701: [CMS-concurrent-reset: 0.001/0.001 secs] [Times: user=0.00 sys=0.00, real=0.00 secs] 
2024-07-28T21:32:44.943+0800: 6.703: Application time: 0.0047307 seconds
2024-07-28T21:32:44.943+0800: 6.703: [GC (Allocation Failure) 2024-07-28T21:32:44.943+0800: 6.703: [ParNew: 77168K->8192K(78656K), 0.0123090 secs] 242692K->242324K(543724K), 0.0123543 secs] [Times: user=0.00 sys=0.00, real=0.01 secs] 
2024-07-28T21:32:44.956+0800: 6.715: Total time for which application threads were stopped: 0.0124486 seconds, Stopping threads took: 0.0000128 seconds
2024-07-28T21:32:44.956+0800: 6.715: Application time: 0.0002312 seconds
2024-07-28T21:32:44.956+0800: 6.716: [GC (CMS Initial Mark) [1 CMS-initial-mark: 234132K(465068K)] 245764K(543724K), 0.0008256 secs] [Times: user=0.00 sys=0.00, real=0.00 secs] 
2024-07-28T21:32:44.957+0800: 6.716: Total time for which application threads were stopped: 0.0010248 seconds, Stopping threads took: 0.0001488 seconds
2024-07-28T21:32:44.957+0800: 6.717: [CMS-concurrent-mark-start]
2024-07-28T21:32:44.958+0800: 6.718: [CMS-concurrent-mark: 0.001/0.001 secs] [Times: user=0.05 sys=0.00, real=0.00 secs] 
2024-07-28T21:32:44.958+0800: 6.718: [CMS-concurrent-preclean-start]
2024-07-28T21:32:44.959+0800: 6.718: [CMS-concurrent-preclean: 0.001/0.001 secs] [Times: user=0.00 sys=0.00, real=0.00 secs] 
2024-07-28T21:32:44.959+0800: 6.718: [CMS-concurrent-abortable-preclean-start]
2024-07-28T21:32:45.074+0800: 6.833: Application time: 0.1168053 seconds
2024-07-28T21:32:45.074+0800: 6.833: [GC (Allocation Failure) 2024-07-28T21:32:45.074+0800: 6.833: [ParNew: 77168K->8192K(78656K), 0.0121552 secs] 311301K->310933K(543724K), 0.0122138 secs] [Times: user=0.03 sys=0.00, real=0.01 secs] 
2024-07-28T21:32:45.086+0800: 6.846: Total time for which application threads were stopped: 0.0123259 seconds, Stopping threads took: 0.0000192 seconds
2024-07-28T21:32:45.197+0800: 6.957: Application time: 0.1110314 seconds
2024-07-28T21:32:45.197+0800: 6.957: [GC (Allocation Failure) 2024-07-28T21:32:45.197+0800: 6.957: [ParNew: 77168K->8192K(78656K), 0.0043741 secs] 379910K->326294K(543724K), 0.0044377 secs] [Times: user=0.00 sys=0.00, real=0.00 secs] 
2024-07-28T21:32:45.202+0800: 6.961: Total time for which application threads were stopped: 0.0045446 seconds, Stopping threads took: 0.0000191 seconds
2024-07-28T21:32:45.202+0800: 6.961: [CMS-concurrent-abortable-preclean: 0.005/0.243 secs] [Times: user=0.03 sys=0.00, real=0.24 secs] 
2024-07-28T21:32:45.202+0800: 6.961: Application time: 0.0002106 seconds
2024-07-28T21:32:45.202+0800: 6.961: [GC (CMS Final Remark) [YG occupancy: 11631 K (78656 K)]2024-07-28T21:32:45.202+0800: 6.962: [Rescan (parallel) , 0.0004160 secs]2024-07-28T21:32:45.203+0800: 6.962: [weak refs processing, 0.0000133 secs]2024-07-28T21:32:45.203+0800: 6.962: [class unloading, 0.0002255 secs]2024-07-28T21:32:45.203+0800: 6.962: [scrub symbol table, 0.0003461 secs]2024-07-28T21:32:45.203+0800: 6.963: [scrub string table, 0.0001010 secs][1 CMS-remark: 318102K(465068K)] 329733K(543724K), 0.0011664 secs] [Times: user=0.00 sys=0.00, real=0.00 secs] 
2024-07-28T21:32:45.203+0800: 6.963: Total time for which application threads were stopped: 0.0012712 seconds, Stopping threads took: 0.0000681 seconds
2024-07-28T21:32:45.203+0800: 6.963: [CMS-concurrent-sweep-start]
2024-07-28T21:32:45.204+0800: 6.964: [CMS-concurrent-sweep: 0.001/0.001 secs] [Times: user=0.00 sys=0.00, real=0.00 secs] 
2024-07-28T21:32:45.205+0800: 6.964: [CMS-concurrent-reset-start]
2024-07-28T21:32:45.206+0800: 6.966: [CMS-concurrent-reset: 0.002/0.002 secs] [Times: user=0.00 sys=0.00, real=0.00 secs] 
2024-07-28T21:32:45.208+0800: 6.968: Application time: 0.0050218 seconds
2024-07-28T21:32:45.208+0800: 6.968: [GC (Allocation Failure) 2024-07-28T21:32:45.208+0800: 6.968: [ParNew: 77168K->8192K(78656K), 0.0124616 secs] 244740K->244372K(543724K), 0.0125101 secs] [Times: user=0.00 sys=0.00, real=0.01 secs] 
2024-07-28T21:32:45.221+0800: 6.980: Total time for which application threads were stopped: 0.0126064 seconds, Stopping threads took: 0.0000139 seconds
2024-07-28T21:32:45.221+0800: 6.981: Application time: 0.0002484 seconds
2024-07-28T21:32:45.221+0800: 6.981: [GC (CMS Initial Mark) [1 CMS-initial-mark: 236180K(465068K)] 247812K(543724K), 0.0007859 secs] [Times: user=0.00 sys=0.00, real=0.00 secs] 
2024-07-28T21:32:45.222+0800: 6.982: Total time for which application threads were stopped: 0.0009940 seconds, Stopping threads took: 0.0001653 seconds
2024-07-28T21:32:45.222+0800: 6.982: [CMS-concurrent-mark-start]
2024-07-28T21:32:45.223+0800: 6.983: [CMS-concurrent-mark: 0.001/0.001 secs] [Times: user=0.05 sys=0.00, real=0.00 secs] 
2024-07-28T21:32:45.223+0800: 6.983: [CMS-concurrent-preclean-start]
2024-07-28T21:32:45.224+0800: 6.983: [CMS-concurrent-preclean: 0.001/0.001 secs] [Times: user=0.00 sys=0.00, real=0.00 secs] 
2024-07-28T21:32:45.224+0800: 6.983: [CMS-concurrent-abortable-preclean-start]
2024-07-28T21:32:45.341+0800: 7.100: Application time: 0.1188488 seconds
2024-07-28T21:32:45.341+0800: 7.100: [GC (Allocation Failure) 2024-07-28T21:32:45.341+0800: 7.100: [ParNew: 77168K->8192K(78656K), 0.0119397 secs] 313349K->312981K(543724K), 0.0119998 secs] [Times: user=0.03 sys=0.00, real=0.01 secs] 
2024-07-28T21:32:45.353+0800: 7.113: Total time for which application threads were stopped: 0.0121095 seconds, Stopping threads took: 0.0000192 seconds
2024-07-28T21:32:45.465+0800: 7.224: Application time: 0.1119133 seconds
2024-07-28T21:32:45.465+0800: 7.224: [GC (Allocation Failure) 2024-07-28T21:32:45.465+0800: 7.225: [ParNew: 77168K->8192K(78656K), 0.0048993 secs] 381958K->329366K(543724K), 0.0049564 secs] [Times: user=0.00 sys=0.00, real=0.01 secs] 
2024-07-28T21:32:45.470+0800: 7.230: Total time for which application threads were stopped: 0.0050656 seconds, Stopping threads took: 0.0000180 seconds
2024-07-28T21:32:45.470+0800: 7.230: [CMS-concurrent-abortable-preclean: 0.005/0.246 secs] [Times: user=0.03 sys=0.00, real=0.25 secs] 
2024-07-28T21:32:45.470+0800: 7.230: Application time: 0.0004168 seconds
2024-07-28T21:32:45.470+0800: 7.230: [GC (CMS Final Remark) [YG occupancy: 14703 K (78656 K)]2024-07-28T21:32:45.470+0800: 7.230: [Rescan (parallel) , 0.0011027 secs]2024-07-28T21:32:45.472+0800: 7.231: [weak refs processing, 0.0000130 secs]2024-07-28T21:32:45.472+0800: 7.231: [class unloading, 0.0002208 secs]2024-07-28T21:32:45.472+0800: 7.231: [scrub symbol table, 0.0003424 secs]2024-07-28T21:32:45.472+0800: 7.232: [scrub string table, 0.0001004 secs][1 CMS-remark: 321174K(465068K)] 335877K(543724K), 0.0018485 secs] [Times: user=0.00 sys=0.00, real=0.00 secs] 
2024-07-28T21:32:45.472+0800: 7.232: Total time for which application threads were stopped: 0.0019312 seconds, Stopping threads took: 0.0000469 seconds
2024-07-28T21:32:45.472+0800: 7.232: [CMS-concurrent-sweep-start]
2024-07-28T21:32:45.474+0800: 7.234: [CMS-concurrent-sweep: 0.002/0.002 secs] [Times: user=0.03 sys=0.00, real=0.00 secs] 
2024-07-28T21:32:45.474+0800: 7.234: [CMS-concurrent-reset-start]
2024-07-28T21:32:45.476+0800: 7.235: [CMS-concurrent-reset: 0.001/0.001 secs] [Times: user=0.00 sys=0.00, real=0.00 secs] 
2024-07-28T21:32:45.477+0800: 7.237: Application time: 0.0047718 seconds
2024-07-28T21:32:45.477+0800: 7.237: [GC (Allocation Failure) 2024-07-28T21:32:45.477+0800: 7.237: [ParNew: 77168K->8192K(78656K), 0.0121140 secs] 246788K->246420K(543724K), 0.0121619 secs] [Times: user=0.03 sys=0.00, real=0.01 secs] 
2024-07-28T21:32:45.489+0800: 7.249: Total time for which application threads were stopped: 0.0122582 seconds, Stopping threads took: 0.0000136 seconds
2024-07-28T21:32:45.489+0800: 7.249: Application time: 0.0002226 seconds
2024-07-28T21:32:45.490+0800: 7.249: [GC (CMS Initial Mark) [1 CMS-initial-mark: 238228K(465068K)] 249860K(543724K), 0.0008032 secs] [Times: user=0.00 sys=0.00, real=0.00 secs] 
2024-07-28T21:32:45.490+0800: 7.250: Total time for which application threads were stopped: 0.0009350 seconds, Stopping threads took: 0.0000899 seconds
2024-07-28T21:32:45.491+0800: 7.250: [CMS-concurrent-mark-start]
2024-07-28T21:32:45.492+0800: 7.251: [CMS-concurrent-mark: 0.001/0.001 secs] [Times: user=0.00 sys=0.00, real=0.00 secs] 
2024-07-28T21:32:45.492+0800: 7.251: [CMS-concurrent-preclean-start]
2024-07-28T21:32:45.493+0800: 7.252: [CMS-concurrent-preclean: 0.001/0.001 secs] [Times: user=0.00 sys=0.00, real=0.00 secs] 
2024-07-28T21:32:45.493+0800: 7.252: [CMS-concurrent-abortable-preclean-start]
2024-07-28T21:32:45.609+0800: 7.367: Application time: 0.1173585 seconds
2024-07-28T21:32:45.609+0800: 7.367: [GC (Allocation Failure) 2024-07-28T21:32:45.609+0800: 7.368: [ParNew: 77168K->8202K(78656K), 0.0124730 secs] 315397K->315040K(543724K), 0.0125309 secs] [Times: user=0.03 sys=0.00, real=0.01 secs] 
2024-07-28T21:32:45.621+0800: 7.380: Total time for which application threads were stopped: 0.0126425 seconds, Stopping threads took: 0.0000235 seconds
2024-07-28T21:32:45.730+0800: 7.489: Application time: 0.1085872 seconds
2024-07-28T21:32:45.730+0800: 7.489: [GC (Allocation Failure) 2024-07-28T21:32:45.730+0800: 7.489: [ParNew: 77178K->8192K(78656K), 0.0047416 secs] 384016K->332438K(543724K), 0.0047999 secs] [Times: user=0.00 sys=0.00, real=0.00 secs] 
2024-07-28T21:32:45.734+0800: 7.494: Total time for which application threads were stopped: 0.0049099 seconds, Stopping threads took: 0.0000191 seconds
2024-07-28T21:32:45.734+0800: 7.494: [CMS-concurrent-abortable-preclean: 0.005/0.241 secs] [Times: user=0.03 sys=0.00, real=0.24 secs] 
2024-07-28T21:32:45.734+0800: 7.494: Application time: 0.0003069 seconds
2024-07-28T21:32:45.734+0800: 7.494: [GC (CMS Final Remark) [YG occupancy: 12655 K (78656 K)]2024-07-28T21:32:45.734+0800: 7.494: [Rescan (parallel) , 0.0006773 secs]2024-07-28T21:32:45.735+0800: 7.495: [weak refs processing, 0.0000129 secs]2024-07-28T21:32:45.735+0800: 7.495: [class unloading, 0.0002266 secs]2024-07-28T21:32:45.735+0800: 7.495: [scrub symbol table, 0.0003448 secs]2024-07-28T21:32:45.737+0800: 7.495: [scrub string table, 0.0001057 secs][1 CMS-remark: 324246K(465068K)] 336902K(543724K), 0.0014334 secs] [Times: user=0.00 sys=0.00, real=0.00 secs] 
2024-07-28T21:32:45.737+0800: 7.495: Total time for which application threads were stopped: 0.0016155 seconds, Stopping threads took: 0.0001451 seconds
2024-07-28T21:32:45.737+0800: 7.496: [CMS-concurrent-sweep-start]
2024-07-28T21:32:45.739+0800: 7.497: [CMS-concurrent-sweep: 0.002/0.002 secs] [Times: user=0.03 sys=0.00, real=0.00 secs] 
2024-07-28T21:32:45.739+0800: 7.497: [CMS-concurrent-reset-start]
2024-07-28T21:32:45.740+0800: 7.499: [CMS-concurrent-reset: 0.001/0.001 secs] [Times: user=0.00 sys=0.00, real=0.00 secs] 
2024-07-28T21:32:45.741+0800: 7.500: Application time: 0.0047623 seconds
2024-07-28T21:32:45.742+0800: 7.500: [GC (Allocation Failure) 2024-07-28T21:32:45.742+0800: 7.500: [ParNew: 77168K->8192K(78656K), 0.0118974 secs] 248837K->248469K(543724K), 0.0119460 secs] [Times: user=0.00 sys=0.00, real=0.01 secs] 
2024-07-28T21:32:45.753+0800: 7.512: Total time for which application threads were stopped: 0.0120502 seconds, Stopping threads took: 0.0000158 seconds
2024-07-28T21:32:45.753+0800: 7.513: Application time: 0.0002125 seconds
2024-07-28T21:32:45.753+0800: 7.513: [GC (CMS Initial Mark) [1 CMS-initial-mark: 240277K(465068K)] 251909K(543724K), 0.0008250 secs] [Times: user=0.00 sys=0.00, real=0.00 secs] 
2024-07-28T21:32:45.754+0800: 7.514: Total time for which application threads were stopped: 0.0010141 seconds, Stopping threads took: 0.0001455 seconds
2024-07-28T21:32:45.754+0800: 7.514: [CMS-concurrent-mark-start]
2024-07-28T21:32:45.755+0800: 7.515: [CMS-concurrent-mark: 0.001/0.001 secs] [Times: user=0.00 sys=0.00, real=0.00 secs] 
2024-07-28T21:32:45.755+0800: 7.515: [CMS-concurrent-preclean-start]
2024-07-28T21:32:45.756+0800: 7.515: [CMS-concurrent-preclean: 0.001/0.001 secs] [Times: user=0.00 sys=0.00, real=0.00 secs] 
2024-07-28T21:32:45.756+0800: 7.516: [CMS-concurrent-abortable-preclean-start]
2024-07-28T21:32:45.872+0800: 7.631: Application time: 0.1172156 seconds
2024-07-28T21:32:45.872+0800: 7.631: [GC (Allocation Failure) 2024-07-28T21:32:45.872+0800: 7.631: [ParNew: 77168K->8192K(78656K), 0.0123643 secs] 317446K->317078K(543724K), 0.0124285 secs] [Times: user=0.03 sys=0.00, real=0.01 secs] 
2024-07-28T21:32:45.885+0800: 7.643: Total time for which application threads were stopped: 0.0125524 seconds, Stopping threads took: 0.0000178 seconds
2024-07-28T21:32:45.994+0800: 7.754: Application time: 0.1104126 seconds
2024-07-28T21:32:45.994+0800: 7.754: [GC (Allocation Failure) 2024-07-28T21:32:45.994+0800: 7.754: [ParNew: 77168K->8192K(78656K), 0.0050178 secs] 386055K->335510K(543724K), 0.0050756 secs] [Times: user=0.00 sys=0.00, real=0.01 secs] 
2024-07-28T21:32:45.999+0800: 7.759: Total time for which application threads were stopped: 0.0051873 seconds, Stopping threads took: 0.0000200 seconds
2024-07-28T21:32:45.999+0800: 7.759: [CMS-concurrent-abortable-preclean: 0.006/0.243 secs] [Times: user=0.03 sys=0.00, real=0.24 secs] 
2024-07-28T21:32:46.000+0800: 7.759: Application time: 0.0003238 seconds
2024-07-28T21:32:46.000+0800: 7.759: [GC (CMS Final Remark) [YG occupancy: 12655 K (78656 K)]2024-07-28T21:32:46.000+0800: 7.759: [Rescan (parallel) , 0.0006702 secs]2024-07-28T21:32:46.001+0800: 7.760: [weak refs processing, 0.0000129 secs]2024-07-28T21:32:46.001+0800: 7.760: [class unloading, 0.0002187 secs]2024-07-28T21:32:46.001+0800: 7.760: [scrub symbol table, 0.0003465 secs]2024-07-28T21:32:46.001+0800: 7.761: [scrub string table, 0.0001127 secs][1 CMS-remark: 327318K(465068K)] 339974K(543724K), 0.0014237 secs] [Times: user=0.00 sys=0.00, real=0.00 secs] 
2024-07-28T21:32:46.001+0800: 7.761: Total time for which application threads were stopped: 0.0015906 seconds, Stopping threads took: 0.0001302 seconds
2024-07-28T21:32:46.002+0800: 7.761: [CMS-concurrent-sweep-start]
2024-07-28T21:32:46.003+0800: 7.763: [CMS-concurrent-sweep: 0.002/0.002 secs] [Times: user=0.00 sys=0.00, real=0.00 secs] 
2024-07-28T21:32:46.003+0800: 7.763: [CMS-concurrent-reset-start]
2024-07-28T21:32:46.004+0800: 7.764: [CMS-concurrent-reset: 0.001/0.001 secs] [Times: user=0.03 sys=0.00, real=0.00 secs] 
2024-07-28T21:32:46.006+0800: 7.766: Application time: 0.0048391 seconds
2024-07-28T21:32:46.006+0800: 7.766: [GC (Allocation Failure) 2024-07-28T21:32:46.006+0800: 7.766: [ParNew: 77168K->8192K(78656K), 0.0121076 secs] 250885K->250517K(543724K), 0.0121662 secs] [Times: user=0.00 sys=0.00, real=0.01 secs] 
2024-07-28T21:32:46.018+0800: 7.778: Total time for which application threads were stopped: 0.0122627 seconds, Stopping threads took: 0.0000132 seconds
2024-07-28T21:32:46.019+0800: 7.778: Application time: 0.0001502 seconds
2024-07-28T21:32:46.019+0800: 7.778: [GC (CMS Initial Mark) [1 CMS-initial-mark: 242325K(465068K)] 253957K(543724K), 0.0008395 secs] [Times: user=0.00 sys=0.00, real=0.00 secs] 
2024-07-28T21:32:46.020+0800: 7.779: Total time for which application threads were stopped: 0.0009971 seconds, Stopping threads took: 0.0001153 seconds
2024-07-28T21:32:46.020+0800: 7.779: [CMS-concurrent-mark-start]
2024-07-28T21:32:46.021+0800: 7.780: [CMS-concurrent-mark: 0.001/0.001 secs] [Times: user=0.00 sys=0.00, real=0.00 secs] 
2024-07-28T21:32:46.021+0800: 7.780: [CMS-concurrent-preclean-start]
2024-07-28T21:32:46.021+0800: 7.781: [CMS-concurrent-preclean: 0.001/0.001 secs] [Times: user=0.00 sys=0.00, real=0.00 secs] 
2024-07-28T21:32:46.021+0800: 7.781: [CMS-concurrent-abortable-preclean-start]
2024-07-28T21:32:46.137+0800: 7.896: Application time: 0.1172023 seconds
2024-07-28T21:32:46.137+0800: 7.896: [GC (Allocation Failure) 2024-07-28T21:32:46.137+0800: 7.896: [ParNew: 77168K->8192K(78656K), 0.0118831 secs] 319494K->319126K(543724K), 0.0119452 secs] [Times: user=0.03 sys=0.00, real=0.01 secs] 
2024-07-28T21:32:46.149+0800: 7.908: Total time for which application threads were stopped: 0.0120690 seconds, Stopping threads took: 0.0000198 seconds
2024-07-28T21:32:46.261+0800: 8.020: Application time: 0.1118487 seconds
2024-07-28T21:32:46.261+0800: 8.020: [GC (Allocation Failure) 2024-07-28T21:32:46.261+0800: 8.020: [ParNew: 77168K->8192K(78656K), 0.0051485 secs] 388103K->338582K(543724K), 0.0052059 secs] [Times: user=0.00 sys=0.00, real=0.01 secs] 
2024-07-28T21:32:46.266+0800: 8.026: Total time for which application threads were stopped: 0.0053153 seconds, Stopping threads took: 0.0000192 seconds
2024-07-28T21:32:46.267+0800: 8.026: [CMS-concurrent-abortable-preclean: 0.005/0.245 secs] [Times: user=0.03 sys=0.00, real=0.25 secs] 
2024-07-28T21:32:46.267+0800: 8.026: Application time: 0.0003027 seconds
2024-07-28T21:32:46.267+0800: 8.026: [GC (CMS Final Remark) [YG occupancy: 12655 K (78656 K)]2024-07-28T21:32:46.267+0800: 8.026: [Rescan (parallel) , 0.0010342 secs]2024-07-28T21:32:46.268+0800: 8.027: [weak refs processing, 0.0000132 secs]2024-07-28T21:32:46.268+0800: 8.027: [class unloading, 0.0002203 secs]2024-07-28T21:32:46.268+0800: 8.027: [scrub symbol table, 0.0003525 secs]2024-07-28T21:32:46.269+0800: 8.028: [scrub string table, 0.0001137 secs][1 CMS-remark: 330390K(465068K)] 343046K(543724K), 0.0017997 secs] [Times: user=0.00 sys=0.00, real=0.00 secs] 
2024-07-28T21:32:46.269+0800: 8.028: Total time for which application threads were stopped: 0.0019754 seconds, Stopping threads took: 0.0001368 seconds
2024-07-28T21:32:46.269+0800: 8.028: [CMS-concurrent-sweep-start]
2024-07-28T21:32:46.271+0800: 8.030: [CMS-concurrent-sweep: 0.002/0.002 secs] [Times: user=0.03 sys=0.00, real=0.00 secs] 
2024-07-28T21:32:46.271+0800: 8.030: [CMS-concurrent-reset-start]
2024-07-28T21:32:46.272+0800: 8.031: [CMS-concurrent-reset: 0.002/0.002 secs] [Times: user=0.00 sys=0.00, real=0.00 secs] 
2024-07-28T21:32:46.273+0800: 8.033: Application time: 0.0047697 seconds
2024-07-28T21:32:46.274+0800: 8.033: [GC (Allocation Failure) 2024-07-28T21:32:46.274+0800: 8.033: [ParNew: 77168K->8192K(78656K), 0.0119421 secs] 252933K->252565K(543724K), 0.0120020 secs] [Times: user=0.01 sys=0.00, real=0.01 secs] 
2024-07-28T21:32:46.286+0800: 8.045: Total time for which application threads were stopped: 0.0121382 seconds, Stopping threads took: 0.0000178 seconds
2024-07-28T21:32:46.286+0800: 8.045: Application time: 0.0001636 seconds
2024-07-28T21:32:46.286+0800: 8.045: [GC (CMS Initial Mark) [1 CMS-initial-mark: 244373K(465068K)] 256005K(543724K), 0.0008087 secs] [Times: user=0.00 sys=0.00, real=0.00 secs] 
2024-07-28T21:32:46.287+0800: 8.046: Total time for which application threads were stopped: 0.0010150 seconds, Stopping threads took: 0.0001582 seconds
2024-07-28T21:32:46.287+0800: 8.046: [CMS-concurrent-mark-start]
2024-07-28T21:32:46.288+0800: 8.047: [CMS-concurrent-mark: 0.001/0.001 secs] [Times: user=0.00 sys=0.00, real=0.00 secs] 
2024-07-28T21:32:46.288+0800: 8.047: [CMS-concurrent-preclean-start]
2024-07-28T21:32:46.289+0800: 8.048: [CMS-concurrent-preclean: 0.001/0.001 secs] [Times: user=0.00 sys=0.00, real=0.00 secs] 
2024-07-28T21:32:46.289+0800: 8.048: [CMS-concurrent-abortable-preclean-start]
2024-07-28T21:32:46.405+0800: 8.164: Application time: 0.1178698 seconds
2024-07-28T21:32:46.405+0800: 8.164: [GC (Allocation Failure) 2024-07-28T21:32:46.405+0800: 8.164: [ParNew: 77168K->8192K(78656K), 0.0120244 secs] 321542K->321174K(543724K), 0.0120824 secs] [Times: user=0.03 sys=0.00, real=0.01 secs] 
2024-07-28T21:32:46.417+0800: 8.176: Total time for which application threads were stopped: 0.0121928 seconds, Stopping threads took: 0.0000195 seconds
2024-07-28T21:32:46.527+0800: 8.287: Application time: 0.1107732 seconds
2024-07-28T21:32:46.527+0800: 8.287: [GC (Allocation Failure) 2024-07-28T21:32:46.527+0800: 8.287: [ParNew: 77168K->8192K(78656K), 0.0053730 secs] 390151K->341654K(543724K), 0.0054381 secs] [Times: user=0.00 sys=0.00, real=0.01 secs] 
2024-07-28T21:32:46.533+0800: 8.292: Total time for which application threads were stopped: 0.0055475 seconds, Stopping threads took: 0.0000184 seconds
2024-07-28T21:32:46.533+0800: 8.292: [CMS-concurrent-abortable-preclean: 0.005/0.245 secs] [Times: user=0.03 sys=0.00, real=0.24 secs] 
2024-07-28T21:32:46.533+0800: 8.293: Application time: 0.0003693 seconds
2024-07-28T21:32:46.533+0800: 8.293: [GC (CMS Final Remark) [YG occupancy: 14703 K (78656 K)]2024-07-28T21:32:46.533+0800: 8.293: [Rescan (parallel) , 0.0007132 secs]2024-07-28T21:32:46.534+0800: 8.294: [weak refs processing, 0.0000129 secs]2024-07-28T21:32:46.534+0800: 8.294: [class unloading, 0.0002302 secs]2024-07-28T21:32:46.534+0800: 8.294: [scrub symbol table, 0.0003664 secs]2024-07-28T21:32:46.535+0800: 8.294: [scrub string table, 0.0001015 secs][1 CMS-remark: 333462K(465068K)] 348166K(543724K), 0.0014887 secs] [Times: user=0.00 sys=0.00, real=0.00 secs] 
2024-07-28T21:32:46.535+0800: 8.294: Total time for which application threads were stopped: 0.0015972 seconds, Stopping threads took: 0.0000673 seconds
2024-07-28T21:32:46.535+0800: 8.295: [CMS-concurrent-sweep-start]
2024-07-28T21:32:46.537+0800: 8.296: [CMS-concurrent-sweep: 0.002/0.002 secs] [Times: user=0.03 sys=0.00, real=0.00 secs] 
2024-07-28T21:32:46.537+0800: 8.296: [CMS-concurrent-reset-start]
2024-07-28T21:32:46.538+0800: 8.297: [CMS-concurrent-reset: 0.001/0.001 secs] [Times: user=0.00 sys=0.00, real=0.00 secs] 
2024-07-28T21:32:46.539+0800: 8.299: Application time: 0.0047189 seconds
2024-07-28T21:32:46.540+0800: 8.299: [GC (Allocation Failure) 2024-07-28T21:32:46.540+0800: 8.299: [ParNew: 77168K->8192K(78656K), 0.0121497 secs] 254981K->254613K(543724K), 0.0121980 secs] [Times: user=0.03 sys=0.00, real=0.01 secs] 
2024-07-28T21:32:46.552+0800: 8.311: Total time for which application threads were stopped: 0.0123088 seconds, Stopping threads took: 0.0000140 seconds
2024-07-28T21:32:46.552+0800: 8.312: Application time: 0.0002493 seconds
2024-07-28T21:32:46.553+0800: 8.312: [GC (CMS Initial Mark) [1 CMS-initial-mark: 246421K(465068K)] 258053K(543724K), 0.0007302 secs] [Times: user=0.00 sys=0.00, real=0.00 secs] 
2024-07-28T21:32:46.553+0800: 8.312: Total time for which application threads were stopped: 0.0008998 seconds, Stopping threads took: 0.0001273 seconds
2024-07-28T21:32:46.553+0800: 8.313: [CMS-concurrent-mark-start]
2024-07-28T21:32:46.554+0800: 8.314: [CMS-concurrent-mark: 0.001/0.001 secs] [Times: user=0.00 sys=0.00, real=0.00 secs] 
2024-07-28T21:32:46.554+0800: 8.314: [CMS-concurrent-preclean-start]
2024-07-28T21:32:46.555+0800: 8.314: [CMS-concurrent-preclean: 0.001/0.001 secs] [Times: user=0.00 sys=0.00, real=0.00 secs] 
2024-07-28T21:32:46.555+0800: 8.314: [CMS-concurrent-abortable-preclean-start]
2024-07-28T21:32:46.671+0800: 8.430: Application time: 0.1179388 seconds
2024-07-28T21:32:46.671+0800: 8.430: [GC (Allocation Failure) 2024-07-28T21:32:46.671+0800: 8.430: [ParNew: 77168K->8192K(78656K), 0.0120657 secs] 323590K->323222K(543724K), 0.0121228 secs] [Times: user=0.03 sys=0.00, real=0.01 secs] 
2024-07-28T21:32:46.684+0800: 8.443: Total time for which application threads were stopped: 0.0122448 seconds, Stopping threads took: 0.0000196 seconds
2024-07-28T21:32:46.794+0800: 8.553: [CMS-concurrent-abortable-preclean: 0.005/0.238 secs] [Times: user=0.03 sys=0.00, real=0.24 secs] 
2024-07-28T21:32:46.794+0800: 8.553: Application time: 0.1105041 seconds
2024-07-28T21:32:46.794+0800: 8.553: [GC (CMS Final Remark) [YG occupancy: 55664 K (78656 K)]2024-07-28T21:32:46.794+0800: 8.553: [Rescan (parallel) , 0.0006601 secs]2024-07-28T21:32:46.794+0800: 8.554: [weak refs processing, 0.0000140 secs]2024-07-28T21:32:46.794+0800: 8.554: [class unloading, 0.0002373 secs]2024-07-28T21:32:46.796+0800: 8.554: [scrub symbol table, 0.0003404 secs]2024-07-28T21:32:46.796+0800: 8.555: [scrub string table, 0.0001016 secs][1 CMS-remark: 315030K(465068K)] 370694K(543724K), 0.0014243 secs] [Times: user=0.00 sys=0.00, real=0.00 secs] 
2024-07-28T21:32:46.796+0800: 8.555: Total time for which application threads were stopped: 0.0015986 seconds, Stopping threads took: 0.0001314 seconds
2024-07-28T21:32:46.796+0800: 8.555: [CMS-concurrent-sweep-start]
2024-07-28T21:32:46.798+0800: 8.556: Application time: 0.0015058 seconds
2024-07-28T21:32:46.798+0800: 8.556: [GC (Allocation Failure) 2024-07-28T21:32:46.798+0800: 8.556: [ParNew: 77168K->8192K(78656K), 0.0053607 secs] 260101K->212628K(543724K), 0.0054155 secs] [Times: user=0.03 sys=0.00, real=0.00 secs] 
2024-07-28T21:32:46.803+0800: 8.562: Total time for which application threads were stopped: 0.0055118 seconds, Stopping threads took: 0.0000138 seconds
2024-07-28T21:32:46.803+0800: 8.562: [CMS-concurrent-sweep: 0.001/0.007 secs] [Times: user=0.03 sys=0.00, real=0.01 secs] 
2024-07-28T21:32:46.803+0800: 8.562: [CMS-concurrent-reset-start]
2024-07-28T21:32:46.804+0800: 8.563: [CMS-concurrent-reset: 0.001/0.001 secs] [Times: user=0.00 sys=0.00, real=0.00 secs] 
2024-07-28T21:32:46.808+0800: 8.567: Application time: 0.0050711 seconds
2024-07-28T21:32:46.808+0800: 8.567: [GC (Allocation Failure) 2024-07-28T21:32:46.808+0800: 8.567: [ParNew: 77168K->8192K(78656K), 0.0123820 secs] 257029K->256661K(543724K), 0.0124294 secs] [Times: user=0.03 sys=0.00, real=0.01 secs] 
2024-07-28T21:32:46.820+0800: 8.579: Total time for which application threads were stopped: 0.0125294 seconds, Stopping threads took: 0.0000155 seconds
2024-07-28T21:32:46.820+0800: 8.580: Application time: 0.0002293 seconds
2024-07-28T21:32:46.820+0800: 8.580: [GC (CMS Initial Mark) [1 CMS-initial-mark: 248469K(465068K)] 260101K(543724K), 0.0007313 secs] [Times: user=0.00 sys=0.00, real=0.00 secs] 
2024-07-28T21:32:46.821+0800: 8.581: Total time for which application threads were stopped: 0.0008306 seconds, Stopping threads took: 0.0000587 seconds
2024-07-28T21:32:46.821+0800: 8.581: [CMS-concurrent-mark-start]
2024-07-28T21:32:46.822+0800: 8.582: [CMS-concurrent-mark: 0.001/0.001 secs] [Times: user=0.00 sys=0.00, real=0.00 secs] 
2024-07-28T21:32:46.822+0800: 8.582: [CMS-concurrent-preclean-start]
2024-07-28T21:32:46.823+0800: 8.582: [CMS-concurrent-preclean: 0.001/0.001 secs] [Times: user=0.00 sys=0.00, real=0.00 secs] 
2024-07-28T21:32:46.823+0800: 8.582: [CMS-concurrent-abortable-preclean-start]
2024-07-28T21:32:46.938+0800: 8.698: Application time: 0.1173854 seconds
2024-07-28T21:32:46.938+0800: 8.698: [GC (Allocation Failure) 2024-07-28T21:32:46.939+0800: 8.698: [ParNew: 77168K->8192K(78656K), 0.0124226 secs] 325638K->325270K(543724K), 0.0124880 secs] [Times: user=0.03 sys=0.00, real=0.01 secs] 
2024-07-28T21:32:46.951+0800: 8.710: Total time for which application threads were stopped: 0.0125979 seconds, Stopping threads took: 0.0000195 seconds
2024-07-28T21:32:47.061+0800: 8.820: Application time: 0.1096581 seconds
2024-07-28T21:32:47.061+0800: 8.820: [GC (Allocation Failure) 2024-07-28T21:32:47.061+0800: 8.820: [ParNew: 77168K->8192K(78656K), 0.0057076 secs] 394247K->347798K(543724K), 0.0057666 secs] [Times: user=0.00 sys=0.00, real=0.00 secs] 
2024-07-28T21:32:47.066+0800: 8.826: Total time for which application threads were stopped: 0.0058940 seconds, Stopping threads took: 0.0000227 seconds
2024-07-28T21:32:47.066+0800: 8.826: [CMS-concurrent-abortable-preclean: 0.005/0.244 secs] [Times: user=0.03 sys=0.00, real=0.24 secs] 
2024-07-28T21:32:47.067+0800: 8.826: Application time: 0.0002295 seconds
2024-07-28T21:32:47.067+0800: 8.826: [GC (CMS Final Remark) [YG occupancy: 11631 K (78656 K)]2024-07-28T21:32:47.067+0800: 8.826: [Rescan (parallel) , 0.0010865 secs]2024-07-28T21:32:47.068+0800: 8.827: [weak refs processing, 0.0000130 secs]2024-07-28T21:32:47.068+0800: 8.828: [class unloading, 0.0002176 secs]2024-07-28T21:32:47.068+0800: 8.828: [scrub symbol table, 0.0003802 secs]2024-07-28T21:32:47.068+0800: 8.828: [scrub string table, 0.0001218 secs][1 CMS-remark: 339606K(465068K)] 351238K(543724K), 0.0018820 secs] [Times: user=0.00 sys=0.00, real=0.00 secs] 
2024-07-28T21:32:47.069+0800: 8.828: Total time for which application threads were stopped: 0.0019899 seconds, Stopping threads took: 0.0000576 seconds
2024-07-28T21:32:47.069+0800: 8.829: [CMS-concurrent-sweep-start]
2024-07-28T21:32:47.071+0800: 8.830: [CMS-concurrent-sweep: 0.002/0.002 secs] [Times: user=0.00 sys=0.00, real=0.00 secs] 
2024-07-28T21:32:47.071+0800: 8.830: [CMS-concurrent-reset-start]
2024-07-28T21:32:47.072+0800: 8.832: [CMS-concurrent-reset: 0.001/0.001 secs] [Times: user=0.00 sys=0.00, real=0.00 secs] 
2024-07-28T21:32:47.074+0800: 8.833: Application time: 0.0049737 seconds
2024-07-28T21:32:47.075+0800: 8.833: [GC (Allocation Failure) 2024-07-28T21:32:47.075+0800: 8.833: [ParNew: 77168K->8192K(78656K), 0.0121654 secs] 259077K->258709K(543724K), 0.0122149 secs] [Times: user=0.03 sys=0.00, real=0.01 secs] 
2024-07-28T21:32:47.086+0800: 8.846: Total time for which application threads were stopped: 0.0123273 seconds, Stopping threads took: 0.0000153 seconds
2024-07-28T21:32:47.087+0800: 8.846: Application time: 0.0002508 seconds
2024-07-28T21:32:47.087+0800: 8.846: [GC (CMS Initial Mark) [1 CMS-initial-mark: 250517K(465068K)] 262149K(543724K), 0.0007744 secs] [Times: user=0.00 sys=0.00, real=0.00 secs] 
2024-07-28T21:32:47.088+0800: 8.847: Total time for which application threads were stopped: 0.0009485 seconds, Stopping threads took: 0.0001260 seconds
2024-07-28T21:32:47.088+0800: 8.847: [CMS-concurrent-mark-start]
2024-07-28T21:32:47.089+0800: 8.848: [CMS-concurrent-mark: 0.001/0.001 secs] [Times: user=0.00 sys=0.00, real=0.00 secs] 
2024-07-28T21:32:47.089+0800: 8.848: [CMS-concurrent-preclean-start]
2024-07-28T21:32:47.089+0800: 8.848: [CMS-concurrent-preclean: 0.001/0.001 secs] [Times: user=0.00 sys=0.00, real=0.00 secs] 
2024-07-28T21:32:47.089+0800: 8.848: [CMS-concurrent-abortable-preclean-start]
2024-07-28T21:32:47.205+0800: 8.964: Application time: 0.1175414 seconds
2024-07-28T21:32:47.206+0800: 8.964: [GC (Allocation Failure) 2024-07-28T21:32:47.206+0800: 8.964: [ParNew: 77168K->8192K(78656K), 0.0119100 secs] 327686K->327318K(543724K), 0.0119706 secs] [Times: user=0.03 sys=0.00, real=0.01 secs] 
2024-07-28T21:32:47.217+0800: 8.976: Total time for which application threads were stopped: 0.0120851 seconds, Stopping threads took: 0.0000193 seconds
2024-07-28T21:32:47.329+0800: 9.089: Application time: 0.1122427 seconds
2024-07-28T21:32:47.329+0800: 9.089: [GC (Allocation Failure) 2024-07-28T21:32:47.329+0800: 9.089: [ParNew: 77168K->8192K(78656K), 0.0060333 secs] 396295K->350870K(543724K), 0.0060970 secs] [Times: user=0.03 sys=0.00, real=0.01 secs] 
2024-07-28T21:32:47.335+0800: 9.095: Total time for which application threads were stopped: 0.0062151 seconds, Stopping threads took: 0.0000214 seconds
2024-07-28T21:32:47.335+0800: 9.095: [CMS-concurrent-abortable-preclean: 0.005/0.246 secs] [Times: user=0.06 sys=0.00, real=0.25 secs] 
2024-07-28T21:32:47.336+0800: 9.095: Application time: 0.0003218 seconds
2024-07-28T21:32:47.336+0800: 9.095: [GC (CMS Final Remark) [YG occupancy: 12655 K (78656 K)]2024-07-28T21:32:47.336+0800: 9.095: [Rescan (parallel) , 0.0008736 secs]2024-07-28T21:32:47.337+0800: 9.096: [weak refs processing, 0.0000126 secs]2024-07-28T21:32:47.337+0800: 9.096: [class unloading, 0.0002311 secs]2024-07-28T21:32:47.337+0800: 9.097: [scrub symbol table, 0.0003420 secs]2024-07-28T21:32:47.337+0800: 9.097: [scrub string table, 0.0001074 secs][1 CMS-remark: 342678K(465068K)] 355334K(543724K), 0.0016299 secs] [Times: user=0.00 sys=0.00, real=0.00 secs] 
2024-07-28T21:32:47.338+0800: 9.097: Total time for which application threads were stopped: 0.0018147 seconds, Stopping threads took: 0.0001437 seconds
2024-07-28T21:32:47.338+0800: 9.097: [CMS-concurrent-sweep-start]
2024-07-28T21:32:47.339+0800: 9.099: [CMS-concurrent-sweep: 0.002/0.002 secs] [Times: user=0.00 sys=0.00, real=0.00 secs] 
2024-07-28T21:32:47.339+0800: 9.099: [CMS-concurrent-reset-start]
2024-07-28T21:32:47.341+0800: 9.100: [CMS-concurrent-reset: 0.001/0.001 secs] [Times: user=0.00 sys=0.00, real=0.00 secs] 
2024-07-28T21:32:47.342+0800: 9.102: Application time: 0.0048402 seconds
2024-07-28T21:32:47.342+0800: 9.102: [GC (Allocation Failure) 2024-07-28T21:32:47.342+0800: 9.102: [ParNew: 77168K->8192K(78656K), 0.0119511 secs] 261125K->260757K(543724K), 0.0120127 secs] [Times: user=0.03 sys=0.00, real=0.01 secs] 
2024-07-28T21:32:47.354+0800: 9.114: Total time for which application threads were stopped: 0.0121071 seconds, Stopping threads took: 0.0000126 seconds
2024-07-28T21:32:47.355+0800: 9.114: Application time: 0.0001582 seconds
2024-07-28T21:32:47.355+0800: 9.114: [GC (CMS Initial Mark) [1 CMS-initial-mark: 252565K(465068K)] 264197K(543724K), 0.0007321 secs] [Times: user=0.00 sys=0.00, real=0.00 secs] 
2024-07-28T21:32:47.356+0800: 9.115: Total time for which application threads were stopped: 0.0008908 seconds, Stopping threads took: 0.0001151 seconds
2024-07-28T21:32:47.356+0800: 9.115: [CMS-concurrent-mark-start]
2024-07-28T21:32:47.357+0800: 9.116: [CMS-concurrent-mark: 0.001/0.001 secs] [Times: user=0.00 sys=0.00, real=0.00 secs] 
2024-07-28T21:32:47.357+0800: 9.116: [CMS-concurrent-preclean-start]
2024-07-28T21:32:47.357+0800: 9.117: [CMS-concurrent-preclean: 0.001/0.001 secs] [Times: user=0.00 sys=0.00, real=0.00 secs] 
2024-07-28T21:32:47.357+0800: 9.117: [CMS-concurrent-abortable-preclean-start]
2024-07-28T21:32:47.474+0800: 9.234: Application time: 0.1190004 seconds
2024-07-28T21:32:47.475+0800: 9.234: [GC (Allocation Failure) 2024-07-28T21:32:47.475+0800: 9.234: [ParNew: 77168K->8192K(78656K), 0.0121211 secs] 329734K->329366K(543724K), 0.0121800 secs] [Times: user=0.00 sys=0.00, real=0.01 secs] 
2024-07-28T21:32:47.487+0800: 9.246: Total time for which application threads were stopped: 0.0123033 seconds, Stopping threads took: 0.0000198 seconds
2024-07-28T21:32:47.598+0800: 9.358: Application time: 0.1114559 seconds
2024-07-28T21:32:47.598+0800: 9.358: [GC (Allocation Failure) 2024-07-28T21:32:47.598+0800: 9.358: [ParNew: 77168K->8192K(78656K), 0.0055796 secs] 398343K->353943K(543724K), 0.0056477 secs] [Times: user=0.00 sys=0.00, real=0.01 secs] 
2024-07-28T21:32:47.604+0800: 9.364: Total time for which application threads were stopped: 0.0057700 seconds, Stopping threads took: 0.0000247 seconds
2024-07-28T21:32:47.604+0800: 9.364: [CMS-concurrent-abortable-preclean: 0.006/0.247 secs] [Times: user=0.06 sys=0.00, real=0.25 secs] 
2024-07-28T21:32:47.604+0800: 9.364: Application time: 0.0003215 seconds
2024-07-28T21:32:47.605+0800: 9.364: [GC (CMS Final Remark) [YG occupancy: 12655 K (78656 K)]2024-07-28T21:32:47.605+0800: 9.364: [Rescan (parallel) , 0.0009736 secs]2024-07-28T21:32:47.606+0800: 9.365: [weak refs processing, 0.0000132 secs]2024-07-28T21:32:47.606+0800: 9.365: [class unloading, 0.0002319 secs]2024-07-28T21:32:47.606+0800: 9.365: [scrub symbol table, 0.0003457 secs]2024-07-28T21:32:47.606+0800: 9.366: [scrub string table, 0.0001008 secs][1 CMS-remark: 345750K(465068K)] 358406K(543724K), 0.0017337 secs] [Times: user=0.00 sys=0.00, real=0.00 secs] 
2024-07-28T21:32:47.606+0800: 9.366: Total time for which application threads were stopped: 0.0019226 seconds, Stopping threads took: 0.0001519 seconds
2024-07-28T21:32:47.607+0800: 9.366: [CMS-concurrent-sweep-start]
2024-07-28T21:32:47.608+0800: 9.367: [CMS-concurrent-sweep: 0.001/0.001 secs] [Times: user=0.00 sys=0.00, real=0.00 secs] 
2024-07-28T21:32:47.608+0800: 9.367: [CMS-concurrent-reset-start]
2024-07-28T21:32:47.609+0800: 9.368: [CMS-concurrent-reset: 0.001/0.001 secs] [Times: user=0.00 sys=0.00, real=0.00 secs] 
2024-07-28T21:32:47.611+0800: 9.371: Application time: 0.0047224 seconds
2024-07-28T21:32:47.611+0800: 9.371: [GC (Allocation Failure) 2024-07-28T21:32:47.611+0800: 9.371: [ParNew: 77168K->8192K(78656K), 0.0121406 secs] 263173K->262805K(543724K), 0.0121887 secs] [Times: user=0.03 sys=0.00, real=0.01 secs] 
2024-07-28T21:32:47.623+0800: 9.383: Total time for which application threads were stopped: 0.0122856 seconds, Stopping threads took: 0.0000149 seconds
2024-07-28T21:32:47.624+0800: 9.383: Application time: 0.0001108 seconds
2024-07-28T21:32:47.624+0800: 9.383: [GC (CMS Initial Mark) [1 CMS-initial-mark: 254613K(465068K)] 265221K(543724K), 0.0007635 secs] [Times: user=0.00 sys=0.00, real=0.00 secs] 
2024-07-28T21:32:47.624+0800: 9.384: Total time for which application threads were stopped: 0.0009403 seconds, Stopping threads took: 0.0001342 seconds
2024-07-28T21:32:47.625+0800: 9.384: [CMS-concurrent-mark-start]
2024-07-28T21:32:47.625+0800: 9.385: [CMS-concurrent-mark: 0.001/0.001 secs] [Times: user=0.00 sys=0.00, real=0.00 secs] 
2024-07-28T21:32:47.625+0800: 9.385: [CMS-concurrent-preclean-start]
2024-07-28T21:32:47.626+0800: 9.386: [CMS-concurrent-preclean: 0.001/0.001 secs] [Times: user=0.00 sys=0.00, real=0.00 secs] 
2024-07-28T21:32:47.626+0800: 9.386: [CMS-concurrent-abortable-preclean-start]
2024-07-28T21:32:47.742+0800: 9.501: Application time: 0.1171898 seconds
2024-07-28T21:32:47.742+0800: 9.501: [GC (Allocation Failure) 2024-07-28T21:32:47.742+0800: 9.501: [ParNew: 77168K->8192K(78656K), 0.0122681 secs] 331782K->331414K(543724K), 0.0123325 secs] [Times: user=0.00 sys=0.00, real=0.01 secs] 
2024-07-28T21:32:47.754+0800: 9.514: Total time for which application threads were stopped: 0.0124418 seconds, Stopping threads took: 0.0000192 seconds
2024-07-28T21:32:47.867+0800: 9.625: Application time: 0.1118892 seconds
2024-07-28T21:32:47.867+0800: 9.625: [GC (Allocation Failure) 2024-07-28T21:32:47.867+0800: 9.626: [ParNew: 77171K->8192K(78656K), 0.0058871 secs] 400393K->357015K(543724K), 0.0059577 secs] [Times: user=0.00 sys=0.00, real=0.01 secs] 
2024-07-28T21:32:47.873+0800: 9.631: Total time for which application threads were stopped: 0.0060750 seconds, Stopping threads took: 0.0000261 seconds
2024-07-28T21:32:47.873+0800: 9.632: [CMS-concurrent-abortable-preclean: 0.005/0.246 secs] [Times: user=0.01 sys=0.00, real=0.25 secs] 
2024-07-28T21:32:47.873+0800: 9.632: Application time: 0.0003093 seconds
2024-07-28T21:32:47.873+0800: 9.632: [GC (CMS Final Remark) [YG occupancy: 12650 K (78656 K)]2024-07-28T21:32:47.873+0800: 9.632: [Rescan (parallel) , 0.0007055 secs]2024-07-28T21:32:47.874+0800: 9.633: [weak refs processing, 0.0000130 secs]2024-07-28T21:32:47.874+0800: 9.633: [class unloading, 0.0002325 secs]2024-07-28T21:32:47.874+0800: 9.633: [scrub symbol table, 0.0003427 secs]2024-07-28T21:32:47.874+0800: 9.633: [scrub string table, 0.0001084 secs][1 CMS-remark: 348822K(465068K)] 361473K(543724K), 0.0014652 secs] [Times: user=0.00 sys=0.00, real=0.00 secs] 
2024-07-28T21:32:47.875+0800: 9.633: Total time for which application threads were stopped: 0.0016592 seconds, Stopping threads took: 0.0001493 seconds
2024-07-28T21:32:47.875+0800: 9.634: [CMS-concurrent-sweep-start]
2024-07-28T21:32:47.876+0800: 9.635: [CMS-concurrent-sweep: 0.002/0.002 secs] [Times: user=0.00 sys=0.00, real=0.00 secs] 
2024-07-28T21:32:47.876+0800: 9.635: [CMS-concurrent-reset-start]
2024-07-28T21:32:47.878+0800: 9.637: [CMS-concurrent-reset: 0.001/0.001 secs] [Times: user=0.00 sys=0.00, real=0.00 secs] 
2024-07-28T21:32:47.989+0800: 9.748: Application time: 0.1142372 seconds
2024-07-28T21:32:47.989+0800: 9.748: [GC (Allocation Failure) 2024-07-28T21:32:47.989+0800: 9.748: [ParNew: 77163K->8192K(78656K), 0.0121922 secs] 265215K->264853K(543724K), 0.0126327 secs] [Times: user=0.00 sys=0.00, real=0.01 secs] 
2024-07-28T21:32:48.001+0800: 9.760: Total time for which application threads were stopped: 0.0127598 seconds, Stopping threads took: 0.0000274 seconds
2024-07-28T21:32:48.001+0800: 9.761: Application time: 0.0002149 seconds
2024-07-28T21:32:48.001+0800: 9.761: [GC (CMS Initial Mark) [1 CMS-initial-mark: 256661K(465068K)] 268289K(543724K), 0.0008101 secs] [Times: user=0.00 sys=0.00, real=0.00 secs] 
2024-07-28T21:32:48.002+0800: 9.762: Total time for which application threads were stopped: 0.0009267 seconds, Stopping threads took: 0.0000757 seconds
2024-07-28T21:32:48.002+0800: 9.762: [CMS-concurrent-mark-start]
2024-07-28T21:32:48.006+0800: 9.766: [CMS-concurrent-mark: 0.004/0.004 secs] [Times: user=0.05 sys=0.00, real=0.00 secs] 
2024-07-28T21:32:48.006+0800: 9.766: [CMS-concurrent-preclean-start]
2024-07-28T21:32:48.007+0800: 9.767: [CMS-concurrent-preclean: 0.001/0.001 secs] [Times: user=0.00 sys=0.00, real=0.00 secs] 
2024-07-28T21:32:48.007+0800: 9.767: Application time: 0.0051779 seconds
2024-07-28T21:32:48.007+0800: 9.767: [GC (Allocation Failure) 2024-07-28T21:32:48.007+0800: 9.767: [ParNew: 77165K->8192K(78656K), 0.0120622 secs] 333826K->333462K(543724K), 0.0121098 secs] [Times: user=0.00 sys=0.00, real=0.01 secs] 
2024-07-28T21:32:48.019+0800: 9.779: Total time for which application threads were stopped: 0.0122044 seconds, Stopping threads took: 0.0000125 seconds
2024-07-28T21:32:48.020+0800: 9.779: Application time: 0.0002496 seconds
2024-07-28T21:32:48.021+0800: 9.779: [GC (CMS Final Remark) [YG occupancy: 11629 K (78656 K)]2024-07-28T21:32:48.021+0800: 9.779: [Rescan (parallel) , 0.0009641 secs]2024-07-28T21:32:48.021+0800: 9.780: [weak refs processing, 0.0000129 secs]2024-07-28T21:32:48.021+0800: 9.780: [class unloading, 0.0002322 secs]2024-07-28T21:32:48.021+0800: 9.781: [scrub symbol table, 0.0003508 secs]2024-07-28T21:32:48.021+0800: 9.781: [scrub string table, 0.0001019 secs][1 CMS-remark: 325270K(465068K)] 336900K(543724K), 0.0017296 secs] [Times: user=0.00 sys=0.00, real=0.00 secs] 
2024-07-28T21:32:48.021+0800: 9.781: Total time for which application threads were stopped: 0.0018814 seconds, Stopping threads took: 0.0001105 seconds
2024-07-28T21:32:48.022+0800: 9.781: [CMS-concurrent-sweep-start]
2024-07-28T21:32:48.023+0800: 9.783: [CMS-concurrent-sweep: 0.001/0.001 secs] [Times: user=0.00 sys=0.00, real=0.00 secs] 
2024-07-28T21:32:48.023+0800: 9.783: [CMS-concurrent-reset-start]
2024-07-28T21:32:48.024+0800: 9.784: [CMS-concurrent-reset: 0.001/0.001 secs] [Times: user=0.00 sys=0.00, real=0.00 secs] 
2024-07-28T21:32:48.133+0800: 9.892: Application time: 0.1104734 seconds
2024-07-28T21:32:48.133+0800: 9.892: [GC (Allocation Failure) 2024-07-28T21:32:48.133+0800: 9.892: [ParNew: 77166K->8192K(78656K), 0.0062384 secs] 240642K->198292K(543724K), 0.0063111 secs] [Times: user=0.00 sys=0.00, real=0.01 secs] 
2024-07-28T21:32:48.139+0800: 9.898: Total time for which application threads were stopped: 0.0064387 seconds, Stopping threads took: 0.0000204 seconds
2024-07-28T21:32:48.254+0800: 10.013: Application time: 0.1153172 seconds
2024-07-28T21:32:48.254+0800: 10.013: [GC (Allocation Failure) 2024-07-28T21:32:48.254+0800: 10.013: [ParNew: 77167K->8192K(78656K), 0.0124393 secs] 267267K->266901K(543724K), 0.0125055 secs] [Times: user=0.00 sys=0.00, real=0.01 secs] 
2024-07-28T21:32:48.267+0800: 10.026: Total time for which application threads were stopped: 0.0126175 seconds, Stopping threads took: 0.0000211 seconds
2024-07-28T21:32:48.267+0800: 10.026: Application time: 0.0002576 seconds
2024-07-28T21:32:48.267+0800: 10.026: [GC (CMS Initial Mark) [1 CMS-initial-mark: 258709K(465068K)] 270340K(543724K), 0.0007295 secs] [Times: user=0.00 sys=0.00, real=0.00 secs] 
2024-07-28T21:32:48.268+0800: 10.027: Total time for which application threads were stopped: 0.0008513 seconds, Stopping threads took: 0.0000790 seconds
2024-07-28T21:32:48.268+0800: 10.027: [CMS-concurrent-mark-start]
2024-07-28T21:32:48.272+0800: 10.031: [CMS-concurrent-mark: 0.004/0.004 secs] [Times: user=0.05 sys=0.00, real=0.00 secs] 
2024-07-28T21:32:48.272+0800: 10.031: [CMS-concurrent-preclean-start]
2024-07-28T21:32:48.273+0800: 10.032: [CMS-concurrent-preclean: 0.001/0.001 secs] [Times: user=0.00 sys=0.00, real=0.00 secs] 
2024-07-28T21:32:48.273+0800: 10.032: Application time: 0.0053881 seconds
2024-07-28T21:32:48.273+0800: 10.033: [GC (Allocation Failure) 2024-07-28T21:32:48.273+0800: 10.033: [ParNew: 77167K->8192K(78656K), 0.0118613 secs] 335877K->335510K(543724K), 0.0119099 secs] [Times: user=0.00 sys=0.00, real=0.01 secs] 
2024-07-28T21:32:48.285+0800: 10.045: Total time for which application threads were stopped: 0.0120176 seconds, Stopping threads took: 0.0000149 seconds
2024-07-28T21:32:48.286+0800: 10.045: Application time: 0.0003048 seconds
2024-07-28T21:32:48.286+0800: 10.045: [GC (CMS Final Remark) [YG occupancy: 12655 K (78656 K)]2024-07-28T21:32:48.286+0800: 10.045: [Rescan (parallel) , 0.0004051 secs]2024-07-28T21:32:48.286+0800: 10.045: [weak refs processing, 0.0000140 secs]2024-07-28T21:32:48.286+0800: 10.045: [class unloading, 0.0003025 secs]2024-07-28T21:32:48.286+0800: 10.046: [scrub symbol table, 0.0003221 secs]2024-07-28T21:32:48.287+0800: 10.046: [scrub string table, 0.0000950 secs][1 CMS-remark: 327318K(465068K)] 339973K(543724K), 0.0012147 secs] [Times: user=0.00 sys=0.00, real=0.00 secs] 
2024-07-28T21:32:48.287+0800: 10.046: Total time for which application threads were stopped: 0.0013297 seconds, Stopping threads took: 0.0000740 seconds
2024-07-28T21:32:48.287+0800: 10.046: [CMS-concurrent-sweep-start]
2024-07-28T21:32:48.289+0800: 10.048: [CMS-concurrent-sweep: 0.002/0.002 secs] [Times: user=0.00 sys=0.00, real=0.00 secs] 
2024-07-28T21:32:48.289+0800: 10.048: [CMS-concurrent-reset-start]
2024-07-28T21:32:48.290+0800: 10.049: [CMS-concurrent-reset: 0.001/0.001 secs] [Times: user=0.00 sys=0.00, real=0.00 secs] 
2024-07-28T21:32:48.396+0800: 10.156: Application time: 0.1096162 seconds
2024-07-28T21:32:48.396+0800: 10.156: [GC (Allocation Failure) 2024-07-28T21:32:48.396+0800: 10.156: [ParNew: 77168K->8192K(78656K), 0.0065160 secs] 241668K->200340K(543724K), 0.0065767 secs] [Times: user=0.00 sys=0.00, real=0.01 secs] 
2024-07-28T21:32:48.403+0800: 10.162: Total time for which application threads were stopped: 0.0066907 seconds, Stopping threads took: 0.0000198 seconds
2024-07-28T21:32:48.520+0800: 10.279: Application time: 0.1169255 seconds
2024-07-28T21:32:48.520+0800: 10.279: [GC (Allocation Failure) 2024-07-28T21:32:48.520+0800: 10.279: [ParNew: 77168K->8192K(78656K), 0.0120530 secs] 269316K->268949K(543724K), 0.0121173 secs] [Times: user=0.00 sys=0.00, real=0.01 secs] 
2024-07-28T21:32:48.533+0800: 10.292: Total time for which application threads were stopped: 0.0122424 seconds, Stopping threads took: 0.0000228 seconds
2024-07-28T21:32:48.537+0800: 10.296: Application time: 0.0044876 seconds
2024-07-28T21:32:48.537+0800: 10.296: [GC (Allocation Failure) 2024-07-28T21:32:48.537+0800: 10.296: [ParNew: 77168K->8192K(78656K), 0.0124216 secs] 337926K->337558K(543724K), 0.0124718 secs] [Times: user=0.00 sys=0.00, real=0.01 secs] 
2024-07-28T21:32:48.550+0800: 10.309: Total time for which application threads were stopped: 0.0125850 seconds, Stopping threads took: 0.0000167 seconds
2024-07-28T21:32:48.550+0800: 10.309: Application time: 0.0002345 seconds
2024-07-28T21:32:48.550+0800: 10.309: [GC (CMS Initial Mark) [1 CMS-initial-mark: 329366K(465068K)] 340998K(543724K), 0.0007893 secs] [Times: user=0.00 sys=0.00, real=0.00 secs] 
2024-07-28T21:32:48.551+0800: 10.310: Total time for which application threads were stopped: 0.0009859 seconds, Stopping threads took: 0.0001506 seconds
2024-07-28T21:32:48.551+0800: 10.310: [CMS-concurrent-mark-start]
2024-07-28T21:32:48.553+0800: 10.312: [CMS-concurrent-mark: 0.002/0.002 secs] [Times: user=0.05 sys=0.00, real=0.00 secs] 
2024-07-28T21:32:48.553+0800: 10.312: [CMS-concurrent-preclean-start]
2024-07-28T21:32:48.554+0800: 10.313: [CMS-concurrent-preclean: 0.001/0.001 secs] [Times: user=0.00 sys=0.00, real=0.00 secs] 
2024-07-28T21:32:48.554+0800: 10.313: [CMS-concurrent-abortable-preclean-start]
2024-07-28T21:32:48.665+0800: 10.424: Application time: 0.1139022 seconds
2024-07-28T21:32:48.665+0800: 10.424: [GC (Allocation Failure) 2024-07-28T21:32:48.665+0800: 10.424: [ParNew: 77168K->8192K(78656K), 0.0062447 secs] 406535K->366231K(543724K), 0.0063091 secs] [Times: user=0.00 sys=0.00, real=0.01 secs] 
2024-07-28T21:32:48.671+0800: 10.430: Total time for which application threads were stopped: 0.0064276 seconds, Stopping threads took: 0.0000249 seconds
2024-07-28T21:32:48.789+0800: 10.547: Application time: 0.1170467 seconds
2024-07-28T21:32:48.789+0800: 10.547: [GC (Allocation Failure) 2024-07-28T21:32:48.789+0800: 10.547: [ParNew: 77168K->8192K(78656K), 0.0124790 secs] 435207K->434840K(543724K), 0.0125601 secs] [Times: user=0.00 sys=0.00, real=0.01 secs] 
2024-07-28T21:32:48.801+0800: 10.560: Total time for which application threads were stopped: 0.0126850 seconds, Stopping threads took: 0.0000208 seconds
2024-07-28T21:32:48.806+0800: 10.565: Application time: 0.0045878 seconds
2024-07-28T21:32:48.806+0800: 10.565: [GC (Allocation Failure) 2024-07-28T21:32:48.806+0800: 10.565: [ParNew: 77168K->8192K(78656K), 0.0238516 secs] 503816K->503449K(574564K), 0.0239012 secs] [Times: user=0.03 sys=0.00, real=0.02 secs] 
2024-07-28T21:32:48.830+0800: 10.589: Total time for which application threads were stopped: 0.0240148 seconds, Stopping threads took: 0.0000290 seconds
2024-07-28T21:32:48.830+0800: 10.589: [CMS-concurrent-abortable-preclean: 0.005/0.276 secs] [Times: user=0.06 sys=0.00, real=0.28 secs] 
2024-07-28T21:32:48.830+0800: 10.589: Application time: 0.0002371 seconds
2024-07-28T21:32:48.830+0800: 10.589: [GC (CMS Final Remark) [YG occupancy: 11631 K (78656 K)]2024-07-28T21:32:48.830+0800: 10.589: [Rescan (parallel) , 0.0006968 secs]2024-07-28T21:32:48.831+0800: 10.590: [weak refs processing, 0.0000131 secs]2024-07-28T21:32:48.831+0800: 10.590: [class unloading, 0.0002390 secs]2024-07-28T21:32:48.831+0800: 10.590: [scrub symbol table, 0.0004068 secs]2024-07-28T21:32:48.832+0800: 10.590: [scrub string table, 0.0001048 secs][1 CMS-remark: 495257K(495908K)] 506888K(574564K), 0.0015324 secs] [Times: user=0.00 sys=0.00, real=0.00 secs] 
2024-07-28T21:32:48.832+0800: 10.591: Total time for which application threads were stopped: 0.0017201 seconds, Stopping threads took: 0.0001394 seconds
2024-07-28T21:32:48.832+0800: 10.591: [CMS-concurrent-sweep-start]
2024-07-28T21:32:48.834+0800: 10.592: [CMS-concurrent-sweep: 0.002/0.002 secs] [Times: user=0.03 sys=0.00, real=0.00 secs] 
2024-07-28T21:32:48.834+0800: 10.593: [CMS-concurrent-reset-start]
2024-07-28T21:32:48.835+0800: 10.593: [CMS-concurrent-reset: 0.001/0.001 secs] [Times: user=0.00 sys=0.00, real=0.00 secs] 
2024-07-28T21:32:48.948+0800: 10.708: Application time: 0.1169636 seconds
2024-07-28T21:32:48.949+0800: 10.708: [GC (Allocation Failure) 2024-07-28T21:32:48.949+0800: 10.708: [ParNew: 77168K->8192K(78656K), 0.0065330 secs] 408583K->369303K(631016K), 0.0066086 secs] [Times: user=0.00 sys=0.00, real=0.01 secs] 
2024-07-28T21:32:48.955+0800: 10.714: Total time for which application threads were stopped: 0.0067274 seconds, Stopping threads took: 0.0000221 seconds
2024-07-28T21:32:48.955+0800: 10.715: Application time: 0.0002327 seconds
2024-07-28T21:32:48.956+0800: 10.715: [GC (CMS Initial Mark) [1 CMS-initial-mark: 361111K(552360K)] 372742K(631016K), 0.0008257 secs] [Times: user=0.00 sys=0.00, real=0.00 secs] 
2024-07-28T21:32:48.956+0800: 10.716: Total time for which application threads were stopped: 0.0010069 seconds, Stopping threads took: 0.0001359 seconds
2024-07-28T21:32:48.957+0800: 10.716: [CMS-concurrent-mark-start]
2024-07-28T21:32:48.961+0800: 10.720: [CMS-concurrent-mark: 0.005/0.005 secs] [Times: user=0.05 sys=0.00, real=0.00 secs] 
2024-07-28T21:32:48.961+0800: 10.720: [CMS-concurrent-preclean-start]
2024-07-28T21:32:48.962+0800: 10.721: [CMS-concurrent-preclean: 0.001/0.001 secs] [Times: user=0.00 sys=0.00, real=0.00 secs] 
2024-07-28T21:32:48.962+0800: 10.721: [CMS-concurrent-abortable-preclean-start]
2024-07-28T21:32:49.073+0800: 10.832: Application time: 0.1165222 seconds
2024-07-28T21:32:49.073+0800: 10.832: [GC (Allocation Failure) 2024-07-28T21:32:49.073+0800: 10.832: [ParNew: 77168K->8192K(78656K), 0.0123783 secs] 438279K->437912K(631016K), 0.0124393 secs] [Times: user=0.03 sys=0.00, real=0.01 secs] 
2024-07-28T21:32:49.085+0800: 10.845: Total time for which application threads were stopped: 0.0125579 seconds, Stopping threads took: 0.0000230 seconds
2024-07-28T21:32:49.090+0800: 10.849: Application time: 0.0045363 seconds
2024-07-28T21:32:49.090+0800: 10.849: [GC (Allocation Failure) 2024-07-28T21:32:49.090+0800: 10.849: [ParNew: 77168K->8192K(78656K), 0.0136792 secs] 506888K->506521K(631016K), 0.0137276 secs] [Times: user=0.03 sys=0.00, real=0.01 secs] 
2024-07-28T21:32:49.104+0800: 10.863: Total time for which application threads were stopped: 0.0138361 seconds, Stopping threads took: 0.0000152 seconds
2024-07-28T21:32:49.218+0800: 10.977: Application time: 0.1139430 seconds
2024-07-28T21:32:49.218+0800: 10.977: [GC (Allocation Failure) 2024-07-28T21:32:49.218+0800: 10.977: [ParNew: 77168K->8192K(78656K), 0.0187711 secs] 575497K->537241K(631016K), 0.0188380 secs] [Times: user=0.03 sys=0.00, real=0.02 secs] 
2024-07-28T21:32:49.237+0800: 10.996: Total time for which application threads were stopped: 0.0189475 seconds, Stopping threads took: 0.0000185 seconds
2024-07-28T21:32:49.237+0800: 10.996: [CMS-concurrent-abortable-preclean: 0.007/0.275 secs] [Times: user=0.09 sys=0.00, real=0.28 secs] 
2024-07-28T21:32:49.237+0800: 10.996: Application time: 0.0003269 seconds
2024-07-28T21:32:49.237+0800: 10.996: [GC (CMS Final Remark) [YG occupancy: 12655 K (78656 K)]2024-07-28T21:32:49.237+0800: 10.996: [Rescan (parallel) , 0.0010147 secs]2024-07-28T21:32:49.238+0800: 10.997: [weak refs processing, 0.0000135 secs]2024-07-28T21:32:49.238+0800: 10.997: [class unloading, 0.0002928 secs]2024-07-28T21:32:49.238+0800: 10.998: [scrub symbol table, 0.0003643 secs]2024-07-28T21:32:49.239+0800: 10.998: [scrub string table, 0.0001017 secs][1 CMS-remark: 529049K(552360K)] 541705K(631016K), 0.0018524 secs] [Times: user=0.02 sys=0.00, real=0.00 secs] 
2024-07-28T21:32:49.239+0800: 10.998: Total time for which application threads were stopped: 0.0020267 seconds, Stopping threads took: 0.0001374 seconds
2024-07-28T21:32:49.239+0800: 10.998: [CMS-concurrent-sweep-start]
2024-07-28T21:32:49.241+0800: 11.000: [CMS-concurrent-sweep: 0.002/0.002 secs] [Times: user=0.00 sys=0.00, real=0.00 secs] 
2024-07-28T21:32:49.241+0800: 11.000: [CMS-concurrent-reset-start]
2024-07-28T21:32:49.242+0800: 11.002: [CMS-concurrent-reset: 0.001/0.001 secs] [Times: user=0.00 sys=0.00, real=0.00 secs] 
2024-07-28T21:32:49.356+0800: 11.116: Application time: 0.1173913 seconds
2024-07-28T21:32:49.357+0800: 11.116: [GC (Allocation Failure) 2024-07-28T21:32:49.357+0800: 11.116: [ParNew: 77168K->8192K(78656K), 0.0121278 secs] 275461K->275093K(631016K), 0.0121956 secs] [Times: user=0.03 sys=0.00, real=0.01 secs] 
2024-07-28T21:32:49.369+0800: 11.128: Total time for which application threads were stopped: 0.0123276 seconds, Stopping threads took: 0.0000204 seconds
2024-07-28T21:32:49.373+0800: 11.132: Application time: 0.0043421 seconds
2024-07-28T21:32:49.373+0800: 11.132: [GC (Allocation Failure) 2024-07-28T21:32:49.373+0800: 11.132: [ParNew: 77168K->8192K(78656K), 0.0203371 secs] 344070K->343702K(631016K), 0.0203897 secs] [Times: user=0.01 sys=0.02, real=0.02 secs] 
2024-07-28T21:32:49.394+0800: 11.153: Total time for which application threads were stopped: 0.0204985 seconds, Stopping threads took: 0.0000151 seconds
2024-07-28T21:32:49.394+0800: 11.153: Application time: 0.0002174 seconds
2024-07-28T21:32:49.394+0800: 11.153: [GC (CMS Initial Mark) [1 CMS-initial-mark: 335510K(552360K)] 347142K(631016K), 0.0007115 secs] [Times: user=0.00 sys=0.00, real=0.00 secs] 
2024-07-28T21:32:49.395+0800: 11.154: Total time for which application threads were stopped: 0.0009048 seconds, Stopping threads took: 0.0001504 seconds
2024-07-28T21:32:49.395+0800: 11.154: [CMS-concurrent-mark-start]
2024-07-28T21:32:49.397+0800: 11.156: [CMS-concurrent-mark: 0.002/0.002 secs] [Times: user=0.00 sys=0.00, real=0.00 secs] 
2024-07-28T21:32:49.397+0800: 11.156: [CMS-concurrent-preclean-start]
2024-07-28T21:32:49.398+0800: 11.157: [CMS-concurrent-preclean: 0.001/0.001 secs] [Times: user=0.00 sys=0.00, real=0.00 secs] 
2024-07-28T21:32:49.398+0800: 11.157: [CMS-concurrent-abortable-preclean-start]
2024-07-28T21:32:49.516+0800: 11.276: Application time: 0.1217209 seconds
2024-07-28T21:32:49.516+0800: 11.276: [GC (Allocation Failure) 2024-07-28T21:32:49.516+0800: 11.276: [ParNew: 77168K->8192K(78656K), 0.0069718 secs] 412679K->375447K(631016K), 0.0070309 secs] [Times: user=0.03 sys=0.00, real=0.01 secs] 
2024-07-28T21:32:49.523+0800: 11.283: Total time for which application threads were stopped: 0.0071422 seconds, Stopping threads took: 0.0000192 seconds
2024-07-28T21:32:49.640+0800: 11.399: Application time: 0.1157876 seconds
2024-07-28T21:32:49.640+0800: 11.399: [GC (Allocation Failure) 2024-07-28T21:32:49.640+0800: 11.399: [ParNew: 77168K->8192K(78656K), 0.0133384 secs] 444423K->444056K(631016K), 0.0134006 secs] [Times: user=0.03 sys=0.00, real=0.01 secs] 
2024-07-28T21:32:49.653+0800: 11.412: Total time for which application threads were stopped: 0.0135159 seconds, Stopping threads took: 0.0000195 seconds
2024-07-28T21:32:49.658+0800: 11.417: Application time: 0.0046482 seconds
2024-07-28T21:32:49.658+0800: 11.417: [GC (Allocation Failure) 2024-07-28T21:32:49.658+0800: 11.417: [ParNew: 77168K->8192K(78656K), 0.0122332 secs] 513033K->512665K(631016K), 0.0122831 secs] [Times: user=0.03 sys=0.00, real=0.01 secs] 
2024-07-28T21:32:49.670+0800: 11.429: Total time for which application threads were stopped: 0.0123845 seconds, Stopping threads took: 0.0000159 seconds
2024-07-28T21:32:49.670+0800: 11.429: [CMS-concurrent-abortable-preclean: 0.006/0.272 secs] [Times: user=0.09 sys=0.00, real=0.27 secs] 
2024-07-28T21:32:49.671+0800: 11.429: Application time: 0.0003358 seconds
2024-07-28T21:32:49.671+0800: 11.430: [GC (CMS Final Remark) [YG occupancy: 12655 K (78656 K)]2024-07-28T21:32:49.671+0800: 11.430: [Rescan (parallel) , 0.0009307 secs]2024-07-28T21:32:49.672+0800: 11.431: [weak refs processing, 0.0000129 secs]2024-07-28T21:32:49.672+0800: 11.431: [class unloading, 0.0002323 secs]2024-07-28T21:32:49.672+0800: 11.431: [scrub symbol table, 0.0003453 secs]2024-07-28T21:32:49.672+0800: 11.431: [scrub string table, 0.0001017 secs][1 CMS-remark: 504473K(552360K)] 517129K(631016K), 0.0016948 secs] [Times: user=0.00 sys=0.00, real=0.00 secs] 
2024-07-28T21:32:49.673+0800: 11.431: Total time for which application threads were stopped: 0.0018873 seconds, Stopping threads took: 0.0001478 seconds
2024-07-28T21:32:49.673+0800: 11.432: [CMS-concurrent-sweep-start]
2024-07-28T21:32:49.674+0800: 11.433: [CMS-concurrent-sweep: 0.001/0.001 secs] [Times: user=0.00 sys=0.00, real=0.00 secs] 
2024-07-28T21:32:49.674+0800: 11.433: [CMS-concurrent-reset-start]
2024-07-28T21:32:49.675+0800: 11.434: [CMS-concurrent-reset: 0.001/0.001 secs] [Times: user=0.00 sys=0.00, real=0.00 secs] 
2024-07-28T21:32:49.782+0800: 11.541: Application time: 0.1098948 seconds
2024-07-28T21:32:49.782+0800: 11.541: [GC (Allocation Failure) 2024-07-28T21:32:49.782+0800: 11.541: [ParNew: 77168K->8192K(78656K), 0.0069897 secs] 414727K->378519K(641256K), 0.0070524 secs] [Times: user=0.03 sys=0.00, real=0.01 secs] 
2024-07-28T21:32:49.789+0800: 11.548: Total time for which application threads were stopped: 0.0071752 seconds, Stopping threads took: 0.0000200 seconds
2024-07-28T21:32:49.789+0800: 11.549: Application time: 0.0001827 seconds
2024-07-28T21:32:49.789+0800: 11.549: [GC (CMS Initial Mark) [1 CMS-initial-mark: 370327K(562600K)] 381959K(641256K), 0.0007916 secs] [Times: user=0.00 sys=0.00, real=0.00 secs] 
2024-07-28T21:32:49.790+0800: 11.550: Total time for which application threads were stopped: 0.0008909 seconds, Stopping threads took: 0.0000548 seconds
2024-07-28T21:32:49.790+0800: 11.550: [CMS-concurrent-mark-start]
2024-07-28T21:32:49.795+0800: 11.554: [CMS-concurrent-mark: 0.005/0.005 secs] [Times: user=0.00 sys=0.00, real=0.01 secs] 
2024-07-28T21:32:49.795+0800: 11.554: [CMS-concurrent-preclean-start]
2024-07-28T21:32:49.796+0800: 11.555: [CMS-concurrent-preclean: 0.001/0.001 secs] [Times: user=0.00 sys=0.00, real=0.00 secs] 
2024-07-28T21:32:49.796+0800: 11.555: [CMS-concurrent-abortable-preclean-start]
2024-07-28T21:32:49.904+0800: 11.663: Application time: 0.1137063 seconds
2024-07-28T21:32:49.904+0800: 11.663: [GC (Allocation Failure) 2024-07-28T21:32:49.904+0800: 11.663: [ParNew: 77168K->8192K(78656K), 0.0158503 secs] 447496K->447128K(641256K), 0.0159240 secs] [Times: user=0.03 sys=0.00, real=0.02 secs] 
2024-07-28T21:32:49.920+0800: 11.679: Total time for which application threads were stopped: 0.0160418 seconds, Stopping threads took: 0.0000221 seconds
2024-07-28T21:32:49.924+0800: 11.684: Application time: 0.0043827 seconds
2024-07-28T21:32:49.924+0800: 11.684: [GC (Allocation Failure) 2024-07-28T21:32:49.924+0800: 11.684: [ParNew: 77168K->8192K(78656K), 0.0121003 secs] 516105K->515737K(641256K), 0.0121482 secs] [Times: user=0.03 sys=0.00, real=0.01 secs] 
2024-07-28T21:32:49.936+0800: 11.696: Total time for which application threads were stopped: 0.0122604 seconds, Stopping threads took: 0.0000149 seconds
2024-07-28T21:32:50.049+0800: 11.808: Application time: 0.1121296 seconds
2024-07-28T21:32:50.049+0800: 11.808: [GC (Allocation Failure) 2024-07-28T21:32:50.049+0800: 11.808: [ParNew: 77168K->8192K(78656K), 0.0078153 secs] 584714K->549529K(641256K), 0.0078824 secs] [Times: user=0.03 sys=0.00, real=0.01 secs] 
2024-07-28T21:32:50.057+0800: 11.816: Total time for which application threads were stopped: 0.0079905 seconds, Stopping threads took: 0.0000191 seconds
2024-07-28T21:32:50.057+0800: 11.816: [CMS-concurrent-abortable-preclean: 0.007/0.261 secs] [Times: user=0.09 sys=0.00, real=0.26 secs] 
2024-07-28T21:32:50.057+0800: 11.816: Application time: 0.0003257 seconds
2024-07-28T21:32:50.057+0800: 11.817: [GC (CMS Final Remark) [YG occupancy: 12655 K (78656 K)]2024-07-28T21:32:50.057+0800: 11.817: [Rescan (parallel) , 0.0009570 secs]2024-07-28T21:32:50.058+0800: 11.818: [weak refs processing, 0.0000131 secs]2024-07-28T21:32:50.058+0800: 11.818: [class unloading, 0.0002341 secs]2024-07-28T21:32:50.058+0800: 11.818: [scrub symbol table, 0.0003736 secs]2024-07-28T21:32:50.059+0800: 11.818: [scrub string table, 0.0001019 secs][1 CMS-remark: 541337K(562600K)] 553993K(641256K), 0.0017442 secs] [Times: user=0.00 sys=0.00, real=0.00 secs] 
2024-07-28T21:32:50.059+0800: 11.818: Total time for which application threads were stopped: 0.0018901 seconds, Stopping threads took: 0.0001078 seconds
2024-07-28T21:32:50.059+0800: 11.819: [CMS-concurrent-sweep-start]
2024-07-28T21:32:50.061+0800: 11.821: [CMS-concurrent-sweep: 0.002/0.002 secs] [Times: user=0.00 sys=0.00, real=0.00 secs] 
2024-07-28T21:32:50.061+0800: 11.821: [CMS-concurrent-reset-start]
2024-07-28T21:32:50.063+0800: 11.822: [CMS-concurrent-reset: 0.001/0.001 secs] [Times: user=0.00 sys=0.00, real=0.00 secs] 
2024-07-28T21:32:50.173+0800: 11.932: Application time: 0.1139676 seconds
2024-07-28T21:32:50.173+0800: 11.932: [GC (Allocation Failure) 2024-07-28T21:32:50.173+0800: 11.932: [ParNew: 77168K->8192K(78656K), 0.0125040 secs] 281605K->281237K(641256K), 0.0125664 secs] [Times: user=0.02 sys=0.02, real=0.01 secs] 
2024-07-28T21:32:50.185+0800: 11.945: Total time for which application threads were stopped: 0.0126807 seconds, Stopping threads took: 0.0000199 seconds
2024-07-28T21:32:50.186+0800: 11.945: Application time: 0.0002387 seconds
2024-07-28T21:32:50.186+0800: 11.945: [GC (CMS Initial Mark) [1 CMS-initial-mark: 273045K(562600K)] 284677K(641256K), 0.0008461 secs] [Times: user=0.00 sys=0.00, real=0.00 secs] 
2024-07-28T21:32:50.187+0800: 11.946: Total time for which application threads were stopped: 0.0009647 seconds, Stopping threads took: 0.0000733 seconds
2024-07-28T21:32:50.187+0800: 11.946: [CMS-concurrent-mark-start]
2024-07-28T21:32:50.190+0800: 11.950: [CMS-concurrent-mark: 0.004/0.004 secs] [Times: user=0.00 sys=0.00, real=0.00 secs] 
2024-07-28T21:32:50.190+0800: 11.950: [CMS-concurrent-preclean-start]
2024-07-28T21:32:50.192+0800: 11.951: [CMS-concurrent-preclean: 0.001/0.001 secs] [Times: user=0.01 sys=0.00, real=0.00 secs] 
2024-07-28T21:32:50.192+0800: 11.951: Application time: 0.0052401 seconds
2024-07-28T21:32:50.192+0800: 11.951: [GC (Allocation Failure) 2024-07-28T21:32:50.192+0800: 11.951: [ParNew: 77168K->8192K(78656K), 0.0124922 secs] 350214K->349846K(641256K), 0.0125399 secs] [Times: user=0.00 sys=0.00, real=0.01 secs] 
2024-07-28T21:32:50.204+0800: 11.964: Total time for which application threads were stopped: 0.0126342 seconds, Stopping threads took: 0.0000127 seconds
2024-07-28T21:32:50.205+0800: 11.964: Application time: 0.0002729 seconds
2024-07-28T21:32:50.205+0800: 11.964: [GC (CMS Final Remark) [YG occupancy: 11631 K (78656 K)]2024-07-28T21:32:50.205+0800: 11.964: [Rescan (parallel) , 0.0008916 secs]2024-07-28T21:32:50.206+0800: 11.965: [weak refs processing, 0.0000130 secs]2024-07-28T21:32:50.206+0800: 11.965: [class unloading, 0.0002170 secs]2024-07-28T21:32:50.206+0800: 11.966: [scrub symbol table, 0.0003491 secs]2024-07-28T21:32:50.206+0800: 11.966: [scrub string table, 0.0001154 secs][1 CMS-remark: 341654K(562600K)] 353286K(641256K), 0.0016510 secs] [Times: user=0.00 sys=0.00, real=0.00 secs] 
2024-07-28T21:32:50.206+0800: 11.966: Total time for which application threads were stopped: 0.0017783 seconds, Stopping threads took: 0.0000895 seconds
2024-07-28T21:32:50.207+0800: 11.966: [CMS-concurrent-sweep-start]
2024-07-28T21:32:50.208+0800: 11.968: [CMS-concurrent-sweep: 0.001/0.001 secs] [Times: user=0.00 sys=0.00, real=0.00 secs] 
2024-07-28T21:32:50.208+0800: 11.968: [CMS-concurrent-reset-start]
2024-07-28T21:32:50.209+0800: 11.968: [CMS-concurrent-reset: 0.001/0.001 secs] [Times: user=0.00 sys=0.00, real=0.00 secs] 
2024-07-28T21:32:50.317+0800: 12.077: Application time: 0.1104963 seconds
2024-07-28T21:32:50.317+0800: 12.077: [GC (Allocation Failure) 2024-07-28T21:32:50.317+0800: 12.077: [ParNew: 77168K->8192K(78656K), 0.0071881 secs] 248837K->214676K(641256K), 0.0072592 secs] [Times: user=0.00 sys=0.00, real=0.01 secs] 
2024-07-28T21:32:50.325+0800: 12.084: Total time for which application threads were stopped: 0.0073700 seconds, Stopping threads took: 0.0000197 seconds
2024-07-28T21:32:50.442+0800: 12.201: Application time: 0.1170878 seconds
2024-07-28T21:32:50.442+0800: 12.201: [GC (Allocation Failure) 2024-07-28T21:32:50.442+0800: 12.201: [ParNew: 77168K->8192K(78656K), 0.0125323 secs] 283653K->283285K(641256K), 0.0125913 secs] [Times: user=0.00 sys=0.00, real=0.01 secs] 
2024-07-28T21:32:50.455+0800: 12.214: Total time for which application threads were stopped: 0.0127073 seconds, Stopping threads took: 0.0000198 seconds
2024-07-28T21:32:50.459+0800: 12.218: Application time: 0.0043286 seconds
2024-07-28T21:32:50.459+0800: 12.218: [GC (Allocation Failure) 2024-07-28T21:32:50.459+0800: 12.218: [ParNew: 77168K->8192K(78656K), 0.0121538 secs] 352262K->351894K(641256K), 0.0122071 secs] [Times: user=0.00 sys=0.00, real=0.01 secs] 
2024-07-28T21:32:50.471+0800: 12.230: Total time for which application threads were stopped: 0.0123097 seconds, Stopping threads took: 0.0000151 seconds
2024-07-28T21:32:50.471+0800: 12.231: Application time: 0.0002328 seconds
2024-07-28T21:32:50.472+0800: 12.231: [GC (CMS Initial Mark) [1 CMS-initial-mark: 343702K(562600K)] 355334K(641256K), 0.0006646 secs] [Times: user=0.00 sys=0.00, real=0.00 secs] 
2024-07-28T21:32:50.472+0800: 12.231: Total time for which application threads were stopped: 0.0008547 seconds, Stopping threads took: 0.0001476 seconds
2024-07-28T21:32:50.472+0800: 12.232: [CMS-concurrent-mark-start]
2024-07-28T21:32:50.474+0800: 12.234: [CMS-concurrent-mark: 0.002/0.002 secs] [Times: user=0.05 sys=0.00, real=0.00 secs] 
2024-07-28T21:32:50.475+0800: 12.234: [CMS-concurrent-preclean-start]
2024-07-28T21:32:50.475+0800: 12.234: [CMS-concurrent-preclean: 0.001/0.001 secs] [Times: user=0.00 sys=0.00, real=0.00 secs] 
2024-07-28T21:32:50.475+0800: 12.235: [CMS-concurrent-abortable-preclean-start]
2024-07-28T21:32:50.586+0800: 12.345: Application time: 0.1134661 seconds
2024-07-28T21:32:50.586+0800: 12.345: [GC (Allocation Failure) 2024-07-28T21:32:50.586+0800: 12.345: [ParNew: 77168K->8192K(78656K), 0.0072883 secs] 420871K->387735K(641256K), 0.0073472 secs] [Times: user=0.00 sys=0.00, real=0.01 secs] 
2024-07-28T21:32:50.593+0800: 12.352: Total time for which application threads were stopped: 0.0074569 seconds, Stopping threads took: 0.0000189 seconds
2024-07-28T21:32:50.710+0800: 12.470: Application time: 0.1174962 seconds
2024-07-28T21:32:50.710+0800: 12.470: [GC (Allocation Failure) 2024-07-28T21:32:50.710+0800: 12.470: [ParNew: 77168K->8192K(78656K), 0.0122406 secs] 456712K->456344K(641256K), 0.0123027 secs] [Times: user=0.00 sys=0.00, real=0.01 secs] 
2024-07-28T21:32:50.723+0800: 12.482: Total time for which application threads were stopped: 0.0124279 seconds, Stopping threads took: 0.0000192 seconds
2024-07-28T21:32:50.723+0800: 12.482: [CMS-concurrent-abortable-preclean: 0.006/0.248 secs] [Times: user=0.00 sys=0.00, real=0.25 secs] 
2024-07-28T21:32:50.723+0800: 12.483: Application time: 0.0003562 seconds
2024-07-28T21:32:50.723+0800: 12.483: [GC (CMS Final Remark) [YG occupancy: 14703 K (78656 K)]2024-07-28T21:32:50.723+0800: 12.483: [Rescan (parallel) , 0.0010081 secs]2024-07-28T21:32:50.724+0800: 12.484: [weak refs processing, 0.0000132 secs]2024-07-28T21:32:50.724+0800: 12.484: [class unloading, 0.0002372 secs]2024-07-28T21:32:50.725+0800: 12.484: [scrub symbol table, 0.0004008 secs]2024-07-28T21:32:50.725+0800: 12.485: [scrub string table, 0.0001056 secs][1 CMS-remark: 448152K(562600K)] 462856K(641256K), 0.0018428 secs] [Times: user=0.00 sys=0.00, real=0.00 secs] 
2024-07-28T21:32:50.725+0800: 12.485: Total time for which application threads were stopped: 0.0020017 seconds, Stopping threads took: 0.0001211 seconds
2024-07-28T21:32:50.725+0800: 12.485: [CMS-concurrent-sweep-start]
2024-07-28T21:32:50.727+0800: 12.486: [CMS-concurrent-sweep: 0.001/0.001 secs] [Times: user=0.00 sys=0.00, real=0.00 secs] 
2024-07-28T21:32:50.727+0800: 12.486: [CMS-concurrent-reset-start]
2024-07-28T21:32:50.728+0800: 12.488: [CMS-concurrent-reset: 0.001/0.001 secs] [Times: user=0.00 sys=0.00, real=0.00 secs] 
2024-07-28T21:32:50.730+0800: 12.489: Application time: 0.0047365 seconds
2024-07-28T21:32:50.730+0800: 12.489: [GC (Allocation Failure) 2024-07-28T21:32:50.730+0800: 12.490: [ParNew: 77168K->8192K(78656K), 0.0124768 secs] 354310K->353943K(641256K), 0.0125398 secs] [Times: user=0.03 sys=0.00, real=0.01 secs] 
2024-07-28T21:32:50.743+0800: 12.502: Total time for which application threads were stopped: 0.0126476 seconds, Stopping threads took: 0.0000178 seconds
2024-07-28T21:32:50.743+0800: 12.502: Application time: 0.0001764 seconds
2024-07-28T21:32:50.743+0800: 12.502: [GC (CMS Initial Mark) [1 CMS-initial-mark: 345750K(562600K)] 357382K(641256K), 0.0004928 secs] [Times: user=0.00 sys=0.00, real=0.00 secs] 
2024-07-28T21:32:50.743+0800: 12.503: Total time for which application threads were stopped: 0.0005997 seconds, Stopping threads took: 0.0000643 seconds
2024-07-28T21:32:50.743+0800: 12.503: [CMS-concurrent-mark-start]
2024-07-28T21:32:50.746+0800: 12.505: [CMS-concurrent-mark: 0.002/0.002 secs] [Times: user=0.00 sys=0.00, real=0.00 secs] 
2024-07-28T21:32:50.746+0800: 12.505: [CMS-concurrent-preclean-start]
2024-07-28T21:32:50.746+0800: 12.506: [CMS-concurrent-preclean: 0.001/0.001 secs] [Times: user=0.00 sys=0.00, real=0.00 secs] 
2024-07-28T21:32:50.746+0800: 12.506: [CMS-concurrent-abortable-preclean-start]
2024-07-28T21:32:50.853+0800: 12.612: Application time: 0.1091649 seconds
2024-07-28T21:32:50.853+0800: 12.612: [GC (Allocation Failure) 2024-07-28T21:32:50.853+0800: 12.612: [ParNew: 77168K->8192K(78656K), 0.0075140 secs] 422919K->390807K(641256K), 0.0075927 secs] [Times: user=0.00 sys=0.00, real=0.01 secs] 
2024-07-28T21:32:50.861+0800: 12.620: Total time for which application threads were stopped: 0.0077040 seconds, Stopping threads took: 0.0000197 seconds
2024-07-28T21:32:50.976+0800: 12.736: Application time: 0.1158019 seconds
2024-07-28T21:32:50.976+0800: 12.736: [GC (Allocation Failure) 2024-07-28T21:32:50.976+0800: 12.736: [ParNew: 77168K->8192K(78656K), 0.0121203 secs] 459784K->459416K(641256K), 0.0121802 secs] [Times: user=0.02 sys=0.00, real=0.01 secs] 
2024-07-28T21:32:50.989+0800: 12.748: Total time for which application threads were stopped: 0.0122940 seconds, Stopping threads took: 0.0000200 seconds
2024-07-28T21:32:50.989+0800: 12.748: [CMS-concurrent-abortable-preclean: 0.006/0.242 secs] [Times: user=0.03 sys=0.00, real=0.24 secs] 
2024-07-28T21:32:50.989+0800: 12.748: Application time: 0.0002277 seconds
2024-07-28T21:32:50.989+0800: 12.748: [GC (CMS Final Remark) [YG occupancy: 11631 K (78656 K)]2024-07-28T21:32:50.989+0800: 12.748: [Rescan (parallel) , 0.0009954 secs]2024-07-28T21:32:50.990+0800: 12.749: [weak refs processing, 0.0000129 secs]2024-07-28T21:32:50.990+0800: 12.749: [class unloading, 0.0002335 secs]2024-07-28T21:32:50.990+0800: 12.750: [scrub symbol table, 0.0003771 secs]2024-07-28T21:32:50.991+0800: 12.750: [scrub string table, 0.0000936 secs][1 CMS-remark: 451224K(562600K)] 462856K(641256K), 0.0017819 secs] [Times: user=0.00 sys=0.00, real=0.00 secs] 
2024-07-28T21:32:50.991+0800: 12.750: Total time for which application threads were stopped: 0.0019554 seconds, Stopping threads took: 0.0001356 seconds
2024-07-28T21:32:50.991+0800: 12.750: [CMS-concurrent-sweep-start]
2024-07-28T21:32:50.992+0800: 12.752: [CMS-concurrent-sweep: 0.001/0.001 secs] [Times: user=0.00 sys=0.00, real=0.00 secs] 
2024-07-28T21:32:50.992+0800: 12.752: [CMS-concurrent-reset-start]
2024-07-28T21:32:50.993+0800: 12.753: [CMS-concurrent-reset: 0.001/0.001 secs] [Times: user=0.00 sys=0.00, real=0.00 secs] 
2024-07-28T21:32:50.996+0800: 12.755: Application time: 0.0048574 seconds
2024-07-28T21:32:50.996+0800: 12.755: [GC (Allocation Failure) 2024-07-28T21:32:50.996+0800: 12.755: [ParNew: 77168K->8192K(78656K), 0.0124511 secs] 356358K->355991K(641256K), 0.0124976 secs] [Times: user=0.03 sys=0.00, real=0.01 secs] 
2024-07-28T21:32:51.008+0800: 12.767: Total time for which application threads were stopped: 0.0125936 seconds, Stopping threads took: 0.0000134 seconds
2024-07-28T21:32:51.008+0800: 12.768: Application time: 0.0002290 seconds
2024-07-28T21:32:51.009+0800: 12.768: [GC (CMS Initial Mark) [1 CMS-initial-mark: 347798K(562600K)] 359430K(641256K), 0.0007537 secs] [Times: user=0.00 sys=0.00, real=0.00 secs] 
2024-07-28T21:32:51.009+0800: 12.769: Total time for which application threads were stopped: 0.0008722 seconds, Stopping threads took: 0.0000770 seconds
2024-07-28T21:32:51.009+0800: 12.769: [CMS-concurrent-mark-start]
2024-07-28T21:32:51.011+0800: 12.771: [CMS-concurrent-mark: 0.002/0.002 secs] [Times: user=0.00 sys=0.00, real=0.00 secs] 
2024-07-28T21:32:51.011+0800: 12.771: [CMS-concurrent-preclean-start]
2024-07-28T21:32:51.012+0800: 12.771: [CMS-concurrent-preclean: 0.001/0.001 secs] [Times: user=0.00 sys=0.00, real=0.00 secs] 
2024-07-28T21:32:51.012+0800: 12.771: [CMS-concurrent-abortable-preclean-start]
2024-07-28T21:32:51.120+0800: 12.879: Application time: 0.1106270 seconds
2024-07-28T21:32:51.120+0800: 12.879: [GC (Allocation Failure) 2024-07-28T21:32:51.120+0800: 12.879: [ParNew: 77168K->8192K(78656K), 0.0076519 secs] 424967K->393879K(641256K), 0.0077152 secs] [Times: user=0.00 sys=0.00, real=0.01 secs] 
2024-07-28T21:32:51.128+0800: 12.887: Total time for which application threads were stopped: 0.0078314 seconds, Stopping threads took: 0.0000205 seconds
2024-07-28T21:32:51.244+0800: 13.003: Application time: 0.1161768 seconds
2024-07-28T21:32:51.244+0800: 13.003: [GC (Allocation Failure) 2024-07-28T21:32:51.244+0800: 13.003: [ParNew: 77168K->8192K(78656K), 0.0122709 secs] 462856K->462488K(641256K), 0.0123309 secs] [Times: user=0.03 sys=0.00, real=0.01 secs] 
2024-07-28T21:32:51.257+0800: 13.016: Total time for which application threads were stopped: 0.0124573 seconds, Stopping threads took: 0.0000198 seconds
2024-07-28T21:32:51.257+0800: 13.016: [CMS-concurrent-abortable-preclean: 0.006/0.244 secs] [Times: user=0.06 sys=0.00, real=0.24 secs] 
2024-07-28T21:32:51.257+0800: 13.016: Application time: 0.0003156 seconds
2024-07-28T21:32:51.257+0800: 13.016: [GC (CMS Final Remark) [YG occupancy: 12655 K (78656 K)]2024-07-28T21:32:51.257+0800: 13.016: [Rescan (parallel) , 0.0010929 secs]2024-07-28T21:32:51.258+0800: 13.017: [weak refs processing, 0.0000126 secs]2024-07-28T21:32:51.258+0800: 13.017: [class unloading, 0.0002316 secs]2024-07-28T21:32:51.258+0800: 13.017: [scrub symbol table, 0.0004534 secs]2024-07-28T21:32:51.259+0800: 13.018: [scrub string table, 0.0000926 secs][1 CMS-remark: 454296K(562600K)] 466952K(641256K), 0.0019546 secs] [Times: user=0.00 sys=0.00, real=0.00 secs] 
2024-07-28T21:32:51.259+0800: 13.018: Total time for which application threads were stopped: 0.0020380 seconds, Stopping threads took: 0.0000462 seconds
2024-07-28T21:32:51.259+0800: 13.018: [CMS-concurrent-sweep-start]
2024-07-28T21:32:51.261+0800: 13.020: [CMS-concurrent-sweep: 0.001/0.001 secs] [Times: user=0.00 sys=0.00, real=0.00 secs] 
2024-07-28T21:32:51.261+0800: 13.020: [CMS-concurrent-reset-start]
2024-07-28T21:32:51.262+0800: 13.021: [CMS-concurrent-reset: 0.001/0.001 secs] [Times: user=0.00 sys=0.00, real=0.00 secs] 
2024-07-28T21:32:51.264+0800: 13.023: Application time: 0.0049878 seconds
2024-07-28T21:32:51.264+0800: 13.023: [GC (Allocation Failure) 2024-07-28T21:32:51.264+0800: 13.023: [ParNew: 77168K->8192K(78656K), 0.0121041 secs] 358406K->358039K(641256K), 0.0121601 secs] [Times: user=0.03 sys=0.00, real=0.01 secs] 
2024-07-28T21:32:51.276+0800: 13.035: Total time for which application threads were stopped: 0.0122819 seconds, Stopping threads took: 0.0000217 seconds
2024-07-28T21:32:51.276+0800: 13.035: Application time: 0.0001270 seconds
2024-07-28T21:32:51.277+0800: 13.036: [GC (CMS Initial Mark) [1 CMS-initial-mark: 349846K(562600K)] 359063K(641256K), 0.0002372 secs] [Times: user=0.00 sys=0.00, real=0.00 secs] 
2024-07-28T21:32:51.277+0800: 13.036: Total time for which application threads were stopped: 0.0003513 seconds, Stopping threads took: 0.0000696 seconds
2024-07-28T21:32:51.277+0800: 13.036: [CMS-concurrent-mark-start]
2024-07-28T21:32:51.279+0800: 13.038: [CMS-concurrent-mark: 0.002/0.002 secs] [Times: user=0.00 sys=0.00, real=0.00 secs] 
2024-07-28T21:32:51.279+0800: 13.038: [CMS-concurrent-preclean-start]
2024-07-28T21:32:51.280+0800: 13.039: [CMS-concurrent-preclean: 0.001/0.001 secs] [Times: user=0.00 sys=0.00, real=0.00 secs] 
2024-07-28T21:32:51.280+0800: 13.039: [CMS-concurrent-abortable-preclean-start]
2024-07-28T21:32:51.387+0800: 13.146: Application time: 0.1101793 seconds
2024-07-28T21:32:51.387+0800: 13.146: [GC (Allocation Failure) 2024-07-28T21:32:51.387+0800: 13.146: [ParNew: 77168K->8192K(78656K), 0.0079323 secs] 427015K->396951K(641256K), 0.0079910 secs] [Times: user=0.00 sys=0.00, real=0.01 secs] 
2024-07-28T21:32:51.395+0800: 13.154: Total time for which application threads were stopped: 0.0081200 seconds, Stopping threads took: 0.0000210 seconds
2024-07-28T21:32:51.510+0800: 13.270: Application time: 0.1156572 seconds
2024-07-28T21:32:51.510+0800: 13.270: [GC (Allocation Failure) 2024-07-28T21:32:51.510+0800: 13.270: [ParNew: 77168K->8192K(78656K), 0.0121343 secs] 465928K->465560K(641256K), 0.0121978 secs] [Times: user=0.03 sys=0.00, real=0.01 secs] 
2024-07-28T21:32:51.523+0800: 13.282: Total time for which application threads were stopped: 0.0123073 seconds, Stopping threads took: 0.0000190 seconds
2024-07-28T21:32:51.523+0800: 13.282: [CMS-concurrent-abortable-preclean: 0.006/0.243 secs] [Times: user=0.05 sys=0.02, real=0.24 secs] 
2024-07-28T21:32:51.523+0800: 13.282: Application time: 0.0003786 seconds
2024-07-28T21:32:51.523+0800: 13.283: [GC (CMS Final Remark) [YG occupancy: 14703 K (78656 K)]2024-07-28T21:32:51.523+0800: 13.283: [Rescan (parallel) , 0.0010899 secs]2024-07-28T21:32:51.524+0800: 13.284: [weak refs processing, 0.0000128 secs]2024-07-28T21:32:51.524+0800: 13.284: [class unloading, 0.0002156 secs]2024-07-28T21:32:51.524+0800: 13.284: [scrub symbol table, 0.0003570 secs]2024-07-28T21:32:51.525+0800: 13.284: [scrub string table, 0.0001053 secs][1 CMS-remark: 457368K(562600K)] 472072K(641256K), 0.0018547 secs] [Times: user=0.00 sys=0.00, real=0.00 secs] 
2024-07-28T21:32:51.525+0800: 13.284: Total time for which application threads were stopped: 0.0019700 seconds, Stopping threads took: 0.0000801 seconds
2024-07-28T21:32:51.525+0800: 13.285: [CMS-concurrent-sweep-start]
2024-07-28T21:32:51.527+0800: 13.286: [CMS-concurrent-sweep: 0.002/0.002 secs] [Times: user=0.00 sys=0.00, real=0.00 secs] 
2024-07-28T21:32:51.527+0800: 13.286: [CMS-concurrent-reset-start]
2024-07-28T21:32:51.528+0800: 13.288: [CMS-concurrent-reset: 0.001/0.001 secs] [Times: user=0.00 sys=0.00, real=0.00 secs] 
2024-07-28T21:32:51.530+0800: 13.289: Application time: 0.0046879 seconds
2024-07-28T21:32:51.530+0800: 13.289: [GC (Allocation Failure) 2024-07-28T21:32:51.530+0800: 13.289: [ParNew: 77168K->8192K(78656K), 0.0119202 secs] 360454K->360087K(641256K), 0.0119705 secs] [Times: user=0.03 sys=0.00, real=0.01 secs] 
2024-07-28T21:32:51.542+0800: 13.301: Total time for which application threads were stopped: 0.0120679 seconds, Stopping threads took: 0.0000152 seconds
2024-07-28T21:32:51.542+0800: 13.301: Application time: 0.0002453 seconds
2024-07-28T21:32:51.542+0800: 13.302: [GC (CMS Initial Mark) [1 CMS-initial-mark: 351894K(562600K)] 363526K(641256K), 0.0006299 secs] [Times: user=0.00 sys=0.00, real=0.00 secs] 
2024-07-28T21:32:51.543+0800: 13.302: Total time for which application threads were stopped: 0.0008362 seconds, Stopping threads took: 0.0001635 seconds
2024-07-28T21:32:51.543+0800: 13.302: [CMS-concurrent-mark-start]
2024-07-28T21:32:51.545+0800: 13.304: [CMS-concurrent-mark: 0.002/0.002 secs] [Times: user=0.00 sys=0.00, real=0.00 secs] 
2024-07-28T21:32:51.545+0800: 13.304: [CMS-concurrent-preclean-start]
2024-07-28T21:32:51.546+0800: 13.305: [CMS-concurrent-preclean: 0.001/0.001 secs] [Times: user=0.00 sys=0.00, real=0.00 secs] 
2024-07-28T21:32:51.546+0800: 13.305: [CMS-concurrent-abortable-preclean-start]
2024-07-28T21:32:51.654+0800: 13.413: Application time: 0.1107984 seconds
2024-07-28T21:32:51.654+0800: 13.413: [GC (Allocation Failure) 2024-07-28T21:32:51.654+0800: 13.413: [ParNew: 77168K->8192K(78656K), 0.0081248 secs] 429063K->400023K(641256K), 0.0081849 secs] [Times: user=0.03 sys=0.00, real=0.01 secs] 
2024-07-28T21:32:51.662+0800: 13.421: Total time for which application threads were stopped: 0.0083084 seconds, Stopping threads took: 0.0000192 seconds
2024-07-28T21:32:51.778+0800: 13.538: Application time: 0.1163191 seconds
2024-07-28T21:32:51.778+0800: 13.538: [GC (Allocation Failure) 2024-07-28T21:32:51.779+0800: 13.538: [ParNew: 77168K->8192K(78656K), 0.0122819 secs] 469000K->468632K(641256K), 0.0123469 secs] [Times: user=0.03 sys=0.00, real=0.01 secs] 
2024-07-28T21:32:51.791+0800: 13.550: Total time for which application threads were stopped: 0.0124584 seconds, Stopping threads took: 0.0000201 seconds
2024-07-28T21:32:51.791+0800: 13.550: [CMS-concurrent-abortable-preclean: 0.006/0.245 secs] [Times: user=0.06 sys=0.00, real=0.24 secs] 
2024-07-28T21:32:51.791+0800: 13.551: Application time: 0.0003483 seconds
2024-07-28T21:32:51.791+0800: 13.551: [GC (CMS Final Remark) [YG occupancy: 13679 K (78656 K)]2024-07-28T21:32:51.791+0800: 13.551: [Rescan (parallel) , 0.0008384 secs]2024-07-28T21:32:51.792+0800: 13.552: [weak refs processing, 0.0000128 secs]2024-07-28T21:32:51.792+0800: 13.552: [class unloading, 0.0002300 secs]2024-07-28T21:32:51.792+0800: 13.552: [scrub symbol table, 0.0003879 secs]2024-07-28T21:32:51.793+0800: 13.552: [scrub string table, 0.0000923 secs][1 CMS-remark: 460440K(562600K)] 474120K(641256K), 0.0016330 secs] [Times: user=0.00 sys=0.00, real=0.00 secs] 
2024-07-28T21:32:51.793+0800: 13.552: Total time for which application threads were stopped: 0.0017626 seconds, Stopping threads took: 0.0000931 seconds
2024-07-28T21:32:51.793+0800: 13.553: [CMS-concurrent-sweep-start]
2024-07-28T21:32:51.795+0800: 13.554: [CMS-concurrent-sweep: 0.002/0.002 secs] [Times: user=0.00 sys=0.00, real=0.00 secs] 
2024-07-28T21:32:51.795+0800: 13.554: [CMS-concurrent-reset-start]
2024-07-28T21:32:51.796+0800: 13.555: [CMS-concurrent-reset: 0.001/0.001 secs] [Times: user=0.00 sys=0.00, real=0.00 secs] 
2024-07-28T21:32:51.798+0800: 13.557: Application time: 0.0051111 seconds
2024-07-28T21:32:51.798+0800: 13.557: [GC (Allocation Failure) 2024-07-28T21:32:51.798+0800: 13.557: [ParNew: 77168K->8192K(78656K), 0.0118118 secs] 362502K->362135K(641256K), 0.0118567 secs] [Times: user=0.03 sys=0.00, real=0.01 secs] 
2024-07-28T21:32:51.810+0800: 13.569: Total time for which application threads were stopped: 0.0119559 seconds, Stopping threads took: 0.0000158 seconds
2024-07-28T21:32:51.810+0800: 13.570: Application time: 0.0002115 seconds
2024-07-28T21:32:51.810+0800: 13.570: [GC (CMS Initial Mark) [1 CMS-initial-mark: 353943K(562600K)] 365574K(641256K), 0.0003885 secs] [Times: user=0.00 sys=0.00, real=0.00 secs] 
2024-07-28T21:32:51.811+0800: 13.570: Total time for which application threads were stopped: 0.0004909 seconds, Stopping threads took: 0.0000590 seconds
2024-07-28T21:32:51.811+0800: 13.570: [CMS-concurrent-mark-start]
2024-07-28T21:32:51.813+0800: 13.572: [CMS-concurrent-mark: 0.002/0.002 secs] [Times: user=0.00 sys=0.00, real=0.00 secs] 
2024-07-28T21:32:51.813+0800: 13.572: [CMS-concurrent-preclean-start]
2024-07-28T21:32:51.814+0800: 13.573: [CMS-concurrent-preclean: 0.001/0.001 secs] [Times: user=0.00 sys=0.00, real=0.00 secs] 
2024-07-28T21:32:51.814+0800: 13.573: [CMS-concurrent-abortable-preclean-start]
Heap
 par new generation   total 78656K, used 29415K [0x00000000c8000000, 0x00000000cd550000, 0x00000000daaa0000)
  eden space 69952K,  30% used [0x00000000c8000000, 0x00000000c94b9d50, 0x00000000cc450000)
  from space 8704K,  94% used [0x00000000cccd0000, 0x00000000cd4d0080, 0x00000000cd550000)
  to   space 8704K,   0% used [0x00000000cc450000, 0x00000000cc450000, 0x00000000cccd0000)
 concurrent mark-sweep generation total 562600K, used 353943K [0x00000000daaa0000, 0x00000000fd00a000, 0x0000000100000000)
 Metaspace       used 3005K, capacity 4486K, committed 4864K, reserved 1056768K
  class space    used 310K, capacity 386K, committed 512K, reserved 1048576K
2024-07-28T21:32:51.918+0800: 13.677: Application time: 0.1071316 seconds
