OpenJDK 64-Bit Server VM (25.412-b1) for windows-amd64 JRE (1.8.0_412-b1), built on Apr 23 2024 12:00:37 by "Administrator" with MS VC++ 10.0 (VS2010)
Memory: 4k page, physical 16672068k(5675696k free), swap 19933956k(3749296k free)
CommandLine flags: -XX:CMSFullGCsBeforeCompaction=6 -XX:GCDrainStackTargetSize=64 -XX:InitialHeapSize=266753088 -XX:MaxHeapSize=939524096 -XX:MaxNewSize=313176064 -XX:MaxTenuringThreshold=6 -XX:OldPLABSize=16 -XX:+PrintGC -XX:+PrintGCApplicationConcurrentTime -XX:+PrintGCApplicationStoppedTime -XX:+PrintGCDateStamps -XX:+PrintGCDetails -XX:+PrintGCTimeStamps -XX:+UseCMSCompactAtFullCollection -XX:+UseCompressedClassPointers -XX:+UseCompressedOops -XX:+UseConcMarkSweepGC -XX:-UseLargePagesIndividualAllocation -XX:+UseParNewGC 
2024-07-28T21:32:52.107+0800: 0.114: Application time: 0.0390125 seconds
2024-07-28T21:32:52.107+0800: 0.114: [GC (Allocation Failure) 2024-07-28T21:32:52.107+0800: 0.114: [ParNew: 68984K->7999K(78656K), 0.0424764 secs] 68984K->68418K(253440K), 0.0426778 secs] [Times: user=0.06 sys=0.03, real=0.04 secs] 
2024-07-28T21:32:52.150+0800: 0.157: Total time for which application threads were stopped: 0.0428411 seconds, Stopping threads took: 0.0000408 seconds
2024-07-28T21:32:52.270+0800: 0.277: Application time: 0.1203793 seconds
2024-07-28T21:32:52.270+0800: 0.277: [GC (Allocation Failure) 2024-07-28T21:32:52.270+0800: 0.277: [ParNew: 76969K->8593K(78656K), 0.0259581 secs] 137388K->137248K(253440K), 0.0260256 secs] [Times: user=0.02 sys=0.03, real=0.03 secs] 
2024-07-28T21:32:52.296+0800: 0.303: Total time for which application threads were stopped: 0.0261413 seconds, Stopping threads took: 0.0000189 seconds
2024-07-28T21:32:52.297+0800: 0.304: Application time: 0.0001427 seconds
2024-07-28T21:32:52.297+0800: 0.304: [GC (CMS Initial Mark) [1 CMS-initial-mark: 128655K(174784K)] 140675K(253440K), 0.0007901 secs] [Times: user=0.00 sys=0.00, real=0.00 secs] 
2024-07-28T21:32:52.298+0800: 0.305: Total time for which application threads were stopped: 0.0009487 seconds, Stopping threads took: 0.0001117 seconds
2024-07-28T21:32:52.298+0800: 0.305: [CMS-concurrent-mark-start]
2024-07-28T21:32:52.301+0800: 0.308: [CMS-concurrent-mark: 0.003/0.003 secs] [Times: user=0.00 sys=0.00, real=0.00 secs] 
2024-07-28T21:32:52.301+0800: 0.308: [CMS-concurrent-preclean-start]
2024-07-28T21:32:52.301+0800: 0.309: [CMS-concurrent-preclean: 0.001/0.001 secs] [Times: user=0.00 sys=0.00, real=0.00 secs] 
2024-07-28T21:32:52.302+0800: 0.309: [CMS-concurrent-abortable-preclean-start]
2024-07-28T21:32:52.411+0800: 0.418: Application time: 0.1130036 seconds
2024-07-28T21:32:52.411+0800: 0.418: [GC (Allocation Failure) 2024-07-28T21:32:52.411+0800: 0.418: [ParNew: 77557K->28K(78656K), 0.0010900 secs] 206212K->128686K(253440K), 0.0011653 secs] [Times: user=0.00 sys=0.00, real=0.00 secs] 
2024-07-28T21:32:52.411+0800: 0.419: Total time for which application threads were stopped: 0.0013041 seconds, Stopping threads took: 0.0000264 seconds
2024-07-28T21:32:52.416+0800: 0.424: Application time: 0.0048182 seconds
2024-07-28T21:32:52.416+0800: 0.424: [GC (Allocation Failure) 2024-07-28T21:32:52.416+0800: 0.424: [ParNew: 68997K->8196K(78656K), 0.0297755 secs] 197655K->197271K(268860K), 0.0298254 secs] [Times: user=0.06 sys=0.02, real=0.03 secs] 
2024-07-28T21:32:52.446+0800: 0.454: Total time for which application threads were stopped: 0.0299224 seconds, Stopping threads took: 0.0000150 seconds
2024-07-28T21:32:52.553+0800: 0.561: Application time: 0.1071250 seconds
2024-07-28T21:32:52.553+0800: 0.561: [GC (Allocation Failure) 2024-07-28T21:32:52.553+0800: 0.561: [ParNew: 77168K->8192K(78656K), 0.0231729 secs] 266242K->265877K(337736K), 0.0232321 secs] [Times: user=0.02 sys=0.02, real=0.02 secs] 
2024-07-28T21:32:52.577+0800: 0.584: Total time for which application threads were stopped: 0.0233568 seconds, Stopping threads took: 0.0000194 seconds
2024-07-28T21:32:52.577+0800: 0.584: [CMS-concurrent-abortable-preclean: 0.003/0.276 secs] [Times: user=0.08 sys=0.03, real=0.27 secs] 
2024-07-28T21:32:52.577+0800: 0.584: Application time: 0.0003001 seconds
2024-07-28T21:32:52.577+0800: 0.585: [GC (CMS Final Remark) [YG occupancy: 12652 K (78656 K)]2024-07-28T21:32:52.577+0800: 0.585: [Rescan (parallel) , 0.0006190 secs]2024-07-28T21:32:52.578+0800: 0.585: [weak refs processing, 0.0000125 secs]2024-07-28T21:32:52.578+0800: 0.585: [class unloading, 0.0002060 secs]2024-07-28T21:32:52.578+0800: 0.586: [scrub symbol table, 0.0003445 secs]2024-07-28T21:32:52.578+0800: 0.586: [scrub string table, 0.0001195 secs][1 CMS-remark: 257684K(259080K)] 270337K(337736K), 0.0014228 secs] [Times: user=0.00 sys=0.00, real=0.00 secs] 
2024-07-28T21:32:52.579+0800: 0.586: Total time for which application threads were stopped: 0.0016106 seconds, Stopping threads took: 0.0001497 seconds
2024-07-28T21:32:52.579+0800: 0.586: [CMS-concurrent-sweep-start]
2024-07-28T21:32:52.580+0800: 0.588: [CMS-concurrent-sweep: 0.001/0.001 secs] [Times: user=0.00 sys=0.00, real=0.00 secs] 
2024-07-28T21:32:52.582+0800: 0.589: [CMS-concurrent-reset-start]
2024-07-28T21:32:52.586+0800: 0.593: [CMS-concurrent-reset: 0.004/0.004 secs] [Times: user=0.02 sys=0.02, real=0.00 secs] 
2024-07-28T21:32:52.694+0800: 0.700: Application time: 0.1144191 seconds
2024-07-28T21:32:52.694+0800: 0.701: [GC (Allocation Failure) 2024-07-28T21:32:52.694+0800: 0.701: [ParNew: 77165K->1024K(78656K), 0.0013787 secs] 334849K->258707K(508132K), 0.0014411 secs] [Times: user=0.00 sys=0.00, real=0.00 secs] 
2024-07-28T21:32:52.695+0800: 0.702: Total time for which application threads were stopped: 0.0015530 seconds, Stopping threads took: 0.0000211 seconds
2024-07-28T21:32:52.695+0800: 0.702: Application time: 0.0001682 seconds
2024-07-28T21:32:52.695+0800: 0.702: [GC (CMS Initial Mark) [1 CMS-initial-mark: 257683K(429476K)] 262145K(508132K), 0.0007110 secs] [Times: user=0.00 sys=0.00, real=0.00 secs] 
2024-07-28T21:32:52.696+0800: 0.703: Total time for which application threads were stopped: 0.0008881 seconds, Stopping threads took: 0.0001334 seconds
2024-07-28T21:32:52.696+0800: 0.703: [CMS-concurrent-mark-start]
2024-07-28T21:32:52.699+0800: 0.706: [CMS-concurrent-mark: 0.003/0.003 secs] [Times: user=0.00 sys=0.00, real=0.00 secs] 
2024-07-28T21:32:52.699+0800: 0.706: [CMS-concurrent-preclean-start]
2024-07-28T21:32:52.701+0800: 0.708: [CMS-concurrent-preclean: 0.001/0.001 secs] [Times: user=0.00 sys=0.00, real=0.00 secs] 
2024-07-28T21:32:52.701+0800: 0.708: [CMS-concurrent-abortable-preclean-start]
2024-07-28T21:32:52.701+0800: 0.708: Application time: 0.0053397 seconds
2024-07-28T21:32:52.701+0800: 0.708: [GC (Allocation Failure) 2024-07-28T21:32:52.701+0800: 0.708: [ParNew: 69998K->8192K(78656K), 0.0344216 secs] 327682K->327317K(508132K), 0.0344699 secs] [Times: user=0.06 sys=0.00, real=0.04 secs] 
2024-07-28T21:32:52.736+0800: 0.743: Total time for which application threads were stopped: 0.0345679 seconds, Stopping threads took: 0.0000154 seconds
2024-07-28T21:32:52.855+0800: 0.863: Application time: 0.1196216 seconds
2024-07-28T21:32:52.855+0800: 0.863: [GC (Allocation Failure) 2024-07-28T21:32:52.856+0800: 0.863: [ParNew: 77167K->8192K(78656K), 0.0372120 secs] 396292K->395926K(508132K), 0.0372744 secs] [Times: user=0.03 sys=0.03, real=0.04 secs] 
2024-07-28T21:32:52.893+0800: 0.900: Total time for which application threads were stopped: 0.0373842 seconds, Stopping threads took: 0.0000190 seconds
2024-07-28T21:32:53.011+0800: 1.018: Application time: 0.1178485 seconds
2024-07-28T21:32:53.011+0800: 1.018: [GC (Allocation Failure) 2024-07-28T21:32:53.011+0800: 1.018: [ParNew: 77167K->2048K(78656K), 0.0013022 secs] 464901K->389781K(508132K), 0.0013628 secs] [Times: user=0.00 sys=0.00, real=0.00 secs] 
2024-07-28T21:32:53.012+0800: 1.019: Total time for which application threads were stopped: 0.0014750 seconds, Stopping threads took: 0.0000197 seconds
2024-07-28T21:32:53.012+0800: 1.019: [CMS-concurrent-abortable-preclean: 0.004/0.311 secs] [Times: user=0.13 sys=0.03, real=0.31 secs] 
2024-07-28T21:32:53.012+0800: 1.020: Application time: 0.0004377 seconds
2024-07-28T21:32:53.012+0800: 1.020: [GC (CMS Final Remark) [YG occupancy: 7535 K (78656 K)]2024-07-28T21:32:53.012+0800: 1.020: [Rescan (parallel) , 0.0009969 secs]2024-07-28T21:32:53.013+0800: 1.021: [weak refs processing, 0.0000132 secs]2024-07-28T21:32:53.013+0800: 1.021: [class unloading, 0.0001939 secs]2024-07-28T21:32:53.013+0800: 1.021: [scrub symbol table, 0.0012709 secs]2024-07-28T21:32:53.015+0800: 1.022: [scrub string table, 0.0001036 secs][1 CMS-remark: 387733K(429476K)] 395269K(508132K), 0.0026569 secs] [Times: user=0.00 sys=0.00, real=0.00 secs] 
2024-07-28T21:32:53.015+0800: 1.023: Total time for which application threads were stopped: 0.0027775 seconds, Stopping threads took: 0.0000765 seconds
2024-07-28T21:32:53.015+0800: 1.023: [CMS-concurrent-sweep-start]
2024-07-28T21:32:53.017+0800: 1.025: [CMS-concurrent-sweep: 0.002/0.002 secs] [Times: user=0.00 sys=0.00, real=0.00 secs] 
2024-07-28T21:32:53.017+0800: 1.025: [CMS-concurrent-reset-start]
2024-07-28T21:32:53.019+0800: 1.026: [CMS-concurrent-reset: 0.001/0.001 secs] [Times: user=0.00 sys=0.00, real=0.00 secs] 
2024-07-28T21:32:53.021+0800: 1.028: Application time: 0.0049930 seconds
2024-07-28T21:32:53.021+0800: 1.028: [GC (Allocation Failure) 2024-07-28T21:32:53.021+0800: 1.028: [ParNew: 71024K->8192K(78656K), 0.0269613 secs] 201730K->201363K(508132K), 0.0270101 secs] [Times: user=0.02 sys=0.02, real=0.03 secs] 
2024-07-28T21:32:53.047+0800: 1.055: Total time for which application threads were stopped: 0.0271300 seconds, Stopping threads took: 0.0000147 seconds
2024-07-28T21:32:53.047+0800: 1.055: Application time: 0.0003282 seconds
2024-07-28T21:32:53.048+0800: 1.055: [GC (CMS Initial Mark) [1 CMS-initial-mark: 193170K(429476K)] 205826K(508132K), 0.0007789 secs] [Times: user=0.00 sys=0.00, real=0.00 secs] 
2024-07-28T21:32:53.048+0800: 1.056: Total time for which application threads were stopped: 0.0009621 seconds, Stopping threads took: 0.0001405 seconds
2024-07-28T21:32:53.049+0800: 1.056: [CMS-concurrent-mark-start]
2024-07-28T21:32:53.051+0800: 1.058: [CMS-concurrent-mark: 0.002/0.002 secs] [Times: user=0.05 sys=0.00, real=0.00 secs] 
2024-07-28T21:32:53.051+0800: 1.058: [CMS-concurrent-preclean-start]
2024-07-28T21:32:53.051+0800: 1.059: [CMS-concurrent-preclean: 0.001/0.001 secs] [Times: user=0.00 sys=0.00, real=0.00 secs] 
2024-07-28T21:32:53.051+0800: 1.059: [CMS-concurrent-abortable-preclean-start]
2024-07-28T21:32:53.169+0800: 1.177: Application time: 0.1207077 seconds
2024-07-28T21:32:53.169+0800: 1.177: [GC (Allocation Failure) 2024-07-28T21:32:53.169+0800: 1.177: [ParNew: 77168K->8192K(78656K), 0.0123226 secs] 270339K->269972K(508132K), 0.0123799 secs] [Times: user=0.03 sys=0.00, real=0.01 secs] 
2024-07-28T21:32:53.182+0800: 1.189: Total time for which application threads were stopped: 0.0124893 seconds, Stopping threads took: 0.0000187 seconds
2024-07-28T21:32:53.293+0800: 1.301: Application time: 0.1116600 seconds
2024-07-28T21:32:53.294+0800: 1.301: [GC (Allocation Failure) 2024-07-28T21:32:53.294+0800: 1.301: [ParNew: 77168K->3072K(78656K), 0.0017614 secs] 338948K->264852K(508132K), 0.0018181 secs] [Times: user=0.00 sys=0.00, real=0.00 secs] 
2024-07-28T21:32:53.295+0800: 1.303: Total time for which application threads were stopped: 0.0019369 seconds, Stopping threads took: 0.0000244 seconds
2024-07-28T21:32:53.300+0800: 1.307: Application time: 0.0046904 seconds
2024-07-28T21:32:53.300+0800: 1.308: [GC (Allocation Failure) 2024-07-28T21:32:53.300+0800: 1.308: [ParNew: 72048K->8192K(78656K), 0.0113663 secs] 333828K->333461K(508132K), 0.0114292 secs] [Times: user=0.11 sys=0.00, real=0.01 secs] 
2024-07-28T21:32:53.312+0800: 1.319: Total time for which application threads were stopped: 0.0115319 seconds, Stopping threads took: 0.0000159 seconds
2024-07-28T21:32:53.312+0800: 1.319: [CMS-concurrent-abortable-preclean: 0.005/0.260 secs] [Times: user=0.14 sys=0.00, real=0.26 secs] 
2024-07-28T21:32:53.312+0800: 1.319: Application time: 0.0003307 seconds
2024-07-28T21:32:53.312+0800: 1.319: [GC (CMS Final Remark) [YG occupancy: 12655 K (78656 K)]2024-07-28T21:32:53.312+0800: 1.320: [Rescan (parallel) , 0.0009312 secs]2024-07-28T21:32:53.313+0800: 1.320: [weak refs processing, 0.0000133 secs]2024-07-28T21:32:53.313+0800: 1.320: [class unloading, 0.0002022 secs]2024-07-28T21:32:53.313+0800: 1.321: [scrub symbol table, 0.0003521 secs]2024-07-28T21:32:53.314+0800: 1.321: [scrub string table, 0.0000997 secs][1 CMS-remark: 325268K(429476K)] 337924K(508132K), 0.0016691 secs] [Times: user=0.00 sys=0.00, real=0.00 secs] 
2024-07-28T21:32:53.314+0800: 1.321: Total time for which application threads were stopped: 0.0018323 seconds, Stopping threads took: 0.0001226 seconds
2024-07-28T21:32:53.314+0800: 1.321: [CMS-concurrent-sweep-start]
2024-07-28T21:32:53.316+0800: 1.323: [CMS-concurrent-sweep: 0.002/0.002 secs] [Times: user=0.00 sys=0.00, real=0.00 secs] 
2024-07-28T21:32:53.316+0800: 1.323: [CMS-concurrent-reset-start]
2024-07-28T21:32:53.316+0800: 1.324: [CMS-concurrent-reset: 0.001/0.001 secs] [Times: user=0.00 sys=0.00, real=0.00 secs] 
2024-07-28T21:32:53.420+0800: 1.428: Application time: 0.1067980 seconds
2024-07-28T21:32:53.421+0800: 1.428: [GC (Allocation Failure) 2024-07-28T21:32:53.421+0800: 1.428: [ParNew: 77168K->8192K(78656K), 0.0121479 secs] 272387K->272020K(508132K), 0.0122079 secs] [Times: user=0.03 sys=0.00, real=0.01 secs] 
2024-07-28T21:32:53.433+0800: 1.440: Total time for which application threads were stopped: 0.0123325 seconds, Stopping threads took: 0.0000233 seconds
2024-07-28T21:32:53.433+0800: 1.441: Application time: 0.0002287 seconds
2024-07-28T21:32:53.433+0800: 1.441: [GC (CMS Initial Mark) [1 CMS-initial-mark: 263828K(429476K)] 275459K(508132K), 0.0005135 secs] [Times: user=0.00 sys=0.00, real=0.00 secs] 
2024-07-28T21:32:53.434+0800: 1.441: Total time for which application threads were stopped: 0.0007079 seconds, Stopping threads took: 0.0001522 seconds
2024-07-28T21:32:53.434+0800: 1.441: [CMS-concurrent-mark-start]
2024-07-28T21:32:53.437+0800: 1.445: [CMS-concurrent-mark: 0.004/0.004 secs] [Times: user=0.00 sys=0.00, real=0.00 secs] 
2024-07-28T21:32:53.437+0800: 1.445: [CMS-concurrent-preclean-start]
2024-07-28T21:32:53.439+0800: 1.446: [CMS-concurrent-preclean: 0.001/0.001 secs] [Times: user=0.00 sys=0.00, real=0.00 secs] 
2024-07-28T21:32:53.439+0800: 1.446: [CMS-concurrent-abortable-preclean-start]
2024-07-28T21:32:53.544+0800: 1.552: Application time: 0.1103727 seconds
2024-07-28T21:32:53.545+0800: 1.552: [GC (Allocation Failure) 2024-07-28T21:32:53.545+0800: 1.552: [ParNew: 77543K->3076K(78656K), 0.0011878 secs] 341371K->266904K(508132K), 0.0012438 secs] [Times: user=0.00 sys=0.00, real=0.00 secs] 
2024-07-28T21:32:53.546+0800: 1.553: Total time for which application threads were stopped: 0.0013741 seconds, Stopping threads took: 0.0000234 seconds
2024-07-28T21:32:53.550+0800: 1.557: Application time: 0.0044327 seconds
2024-07-28T21:32:53.550+0800: 1.558: [GC (Allocation Failure) 2024-07-28T21:32:53.550+0800: 1.558: [ParNew: 72042K->8194K(78656K), 0.0117807 secs] 335870K->335511K(508132K), 0.0118449 secs] [Times: user=0.03 sys=0.00, real=0.01 secs] 
2024-07-28T21:32:53.562+0800: 1.569: Total time for which application threads were stopped: 0.0119580 seconds, Stopping threads took: 0.0000148 seconds
2024-07-28T21:32:53.672+0800: 1.679: Application time: 0.1094324 seconds
2024-07-28T21:32:53.672+0800: 1.679: [GC (Allocation Failure) 2024-07-28T21:32:53.672+0800: 1.679: [ParNew: 77164K->8192K(78656K), 0.0121223 secs] 404481K->404118K(508132K), 0.0121820 secs] [Times: user=0.03 sys=0.00, real=0.01 secs] 
2024-07-28T21:32:53.684+0800: 1.691: Total time for which application threads were stopped: 0.0122904 seconds, Stopping threads took: 0.0000189 seconds
2024-07-28T21:32:53.684+0800: 1.691: [CMS-concurrent-abortable-preclean: 0.005/0.245 secs] [Times: user=0.06 sys=0.00, real=0.25 secs] 
2024-07-28T21:32:53.684+0800: 1.691: Application time: 0.0002984 seconds
2024-07-28T21:32:53.684+0800: 1.692: [GC (CMS Final Remark) [YG occupancy: 12651 K (78656 K)]2024-07-28T21:32:53.684+0800: 1.692: [Rescan (parallel) , 0.0005677 secs]2024-07-28T21:32:53.685+0800: 1.692: [weak refs processing, 0.0000131 secs]2024-07-28T21:32:53.685+0800: 1.692: [class unloading, 0.0002012 secs]2024-07-28T21:32:53.685+0800: 1.692: [scrub symbol table, 0.0003527 secs]2024-07-28T21:32:53.686+0800: 1.693: [scrub string table, 0.0001008 secs][1 CMS-remark: 395926K(429476K)] 408577K(508132K), 0.0013075 secs] [Times: user=0.00 sys=0.00, real=0.00 secs] 
2024-07-28T21:32:53.686+0800: 1.693: Total time for which application threads were stopped: 0.0014987 seconds, Stopping threads took: 0.0001523 seconds
2024-07-28T21:32:53.686+0800: 1.693: [CMS-concurrent-sweep-start]
2024-07-28T21:32:53.688+0800: 1.695: [CMS-concurrent-sweep: 0.002/0.002 secs] [Times: user=0.00 sys=0.00, real=0.00 secs] 
2024-07-28T21:32:53.688+0800: 1.695: [CMS-concurrent-reset-start]
2024-07-28T21:32:53.689+0800: 1.696: [CMS-concurrent-reset: 0.001/0.001 secs] [Times: user=0.00 sys=0.00, real=0.00 secs] 
2024-07-28T21:32:53.794+0800: 1.801: Application time: 0.1081678 seconds
2024-07-28T21:32:53.794+0800: 1.801: [GC (Allocation Failure) 2024-07-28T21:32:53.794+0800: 1.801: [ParNew: 77164K->4096K(78656K), 0.0017710 secs] 342016K->268948K(520080K), 0.0018275 secs] [Times: user=0.00 sys=0.00, real=0.00 secs] 
2024-07-28T21:32:53.796+0800: 1.803: Total time for which application threads were stopped: 0.0019517 seconds, Stopping threads took: 0.0000200 seconds
2024-07-28T21:32:53.796+0800: 1.803: Application time: 0.0002432 seconds
2024-07-28T21:32:53.797+0800: 1.803: [GC (CMS Initial Mark) [1 CMS-initial-mark: 264852K(441424K)] 272385K(520080K), 0.0007548 secs] [Times: user=0.00 sys=0.00, real=0.00 secs] 
2024-07-28T21:32:53.797+0800: 1.804: Total time for which application threads were stopped: 0.0008710 seconds, Stopping threads took: 0.0000760 seconds
2024-07-28T21:32:53.797+0800: 1.804: [CMS-concurrent-mark-start]
2024-07-28T21:32:53.801+0800: 1.808: [CMS-concurrent-mark: 0.004/0.004 secs] [Times: user=0.00 sys=0.00, real=0.00 secs] 
2024-07-28T21:32:53.802+0800: 1.808: [CMS-concurrent-preclean-start]
2024-07-28T21:32:53.802+0800: 1.809: Application time: 0.0049366 seconds
2024-07-28T21:32:53.802+0800: 1.809: [GC (Allocation Failure) 2024-07-28T21:32:53.802+0800: 1.809: [ParNew: 73070K->8192K(78656K), 0.0115826 secs] 337922K->337557K(520080K), 0.0116300 secs] [Times: user=0.00 sys=0.00, real=0.01 secs] 
2024-07-28T21:32:53.814+0800: 1.821: Total time for which application threads were stopped: 0.0117393 seconds, Stopping threads took: 0.0000143 seconds
2024-07-28T21:32:53.815+0800: 1.822: [CMS-concurrent-preclean: 0.001/0.013 secs] [Times: user=0.00 sys=0.00, real=0.01 secs] 
2024-07-28T21:32:53.815+0800: 1.822: [CMS-concurrent-abortable-preclean-start]
2024-07-28T21:32:53.922+0800: 1.929: Application time: 0.1083944 seconds
2024-07-28T21:32:53.922+0800: 1.929: [GC (Allocation Failure) 2024-07-28T21:32:53.922+0800: 1.929: [ParNew: 77866K->8196K(78656K), 0.0121850 secs] 407231K->406170K(520080K), 0.0122433 secs] [Times: user=0.03 sys=0.00, real=0.01 secs] 
2024-07-28T21:32:53.934+0800: 1.942: Total time for which application threads were stopped: 0.0123561 seconds, Stopping threads took: 0.0000181 seconds
2024-07-28T21:32:53.934+0800: 1.942: [CMS-concurrent-abortable-preclean: 0.003/0.120 secs] [Times: user=0.06 sys=0.00, real=0.12 secs] 
2024-07-28T21:32:53.935+0800: 1.942: Application time: 0.0004163 seconds
2024-07-28T21:32:53.935+0800: 1.942: [GC (CMS Final Remark) [YG occupancy: 14701 K (78656 K)]2024-07-28T21:32:53.935+0800: 1.942: [Rescan (parallel) , 0.0010974 secs]2024-07-28T21:32:53.936+0800: 1.943: [weak refs processing, 0.0000129 secs]2024-07-28T21:32:53.936+0800: 1.943: [class unloading, 0.0001870 secs]2024-07-28T21:32:53.936+0800: 1.944: [scrub symbol table, 0.0003418 secs]2024-07-28T21:32:53.936+0800: 1.944: [scrub string table, 0.0001005 secs][1 CMS-remark: 397974K(441424K)] 412676K(520080K), 0.0018095 secs] [Times: user=0.00 sys=0.00, real=0.00 secs] 
2024-07-28T21:32:53.937+0800: 1.944: Total time for which application threads were stopped: 0.0019592 seconds, Stopping threads took: 0.0001043 seconds
2024-07-28T21:32:53.937+0800: 1.944: [CMS-concurrent-sweep-start]
2024-07-28T21:32:53.938+0800: 1.946: [CMS-concurrent-sweep: 0.001/0.001 secs] [Times: user=0.00 sys=0.00, real=0.00 secs] 
2024-07-28T21:32:53.938+0800: 1.946: [CMS-concurrent-reset-start]
2024-07-28T21:32:53.940+0800: 1.947: [CMS-concurrent-reset: 0.001/0.001 secs] [Times: user=0.00 sys=0.00, real=0.00 secs] 
2024-07-28T21:32:54.044+0800: 2.051: Application time: 0.1068538 seconds
2024-07-28T21:32:54.044+0800: 2.051: [GC (Allocation Failure) 2024-07-28T21:32:54.044+0800: 2.051: [ParNew: 77166K->5124K(78656K), 0.0019196 secs] 210944K->138902K(520080K), 0.0019958 secs] [Times: user=0.00 sys=0.00, real=0.00 secs] 
2024-07-28T21:32:54.046+0800: 2.053: Total time for which application threads were stopped: 0.0021120 seconds, Stopping threads took: 0.0000196 seconds
2024-07-28T21:32:54.050+0800: 2.057: Application time: 0.0044178 seconds
2024-07-28T21:32:54.050+0800: 2.057: [GC (Allocation Failure) 2024-07-28T21:32:54.050+0800: 2.057: [ParNew: 74096K->8192K(78656K), 0.0163158 secs] 207875K->207507K(520080K), 0.0163649 secs] [Times: user=0.06 sys=0.01, real=0.02 secs] 
2024-07-28T21:32:54.066+0800: 2.074: Total time for which application threads were stopped: 0.0164630 seconds, Stopping threads took: 0.0000148 seconds
2024-07-28T21:32:54.067+0800: 2.074: Application time: 0.0002510 seconds
2024-07-28T21:32:54.067+0800: 2.074: [GC (CMS Initial Mark) [1 CMS-initial-mark: 199315K(441424K)] 210944K(520080K), 0.0007822 secs] [Times: user=0.00 sys=0.00, real=0.00 secs] 
2024-07-28T21:32:54.068+0800: 2.075: Total time for which application threads were stopped: 0.0009015 seconds, Stopping threads took: 0.0000772 seconds
2024-07-28T21:32:54.068+0800: 2.075: [CMS-concurrent-mark-start]
2024-07-28T21:32:54.070+0800: 2.077: [CMS-concurrent-mark: 0.002/0.002 secs] [Times: user=0.00 sys=0.00, real=0.00 secs] 
2024-07-28T21:32:54.070+0800: 2.077: [CMS-concurrent-preclean-start]
2024-07-28T21:32:54.070+0800: 2.078: [CMS-concurrent-preclean: 0.001/0.001 secs] [Times: user=0.00 sys=0.00, real=0.00 secs] 
2024-07-28T21:32:54.070+0800: 2.078: [CMS-concurrent-abortable-preclean-start]
2024-07-28T21:32:54.188+0800: 2.195: Application time: 0.1199269 seconds
2024-07-28T21:32:54.188+0800: 2.195: [GC (Allocation Failure) 2024-07-28T21:32:54.188+0800: 2.195: [ParNew: 77166K->8192K(78656K), 0.0124404 secs] 276481K->276116K(520080K), 0.0124991 secs] [Times: user=0.03 sys=0.00, real=0.01 secs] 
2024-07-28T21:32:54.200+0800: 2.208: Total time for which application threads were stopped: 0.0126224 seconds, Stopping threads took: 0.0000328 seconds
2024-07-28T21:32:54.312+0800: 2.319: Application time: 0.1113160 seconds
2024-07-28T21:32:54.312+0800: 2.319: [GC (Allocation Failure) 2024-07-28T21:32:54.312+0800: 2.319: [ParNew: 77167K->6144K(78656K), 0.0020378 secs] 345091K->274068K(520080K), 0.0021064 secs] [Times: user=0.00 sys=0.00, real=0.00 secs] 
2024-07-28T21:32:54.314+0800: 2.321: Total time for which application threads were stopped: 0.0022366 seconds, Stopping threads took: 0.0000213 seconds
2024-07-28T21:32:54.319+0800: 2.326: Application time: 0.0045464 seconds
2024-07-28T21:32:54.319+0800: 2.326: [GC (Allocation Failure) 2024-07-28T21:32:54.319+0800: 2.326: [ParNew: 75119K->8192K(78656K), 0.0123026 secs] 343043K->342677K(520080K), 0.0123518 secs] [Times: user=0.00 sys=0.00, real=0.01 secs] 
2024-07-28T21:32:54.331+0800: 2.338: Total time for which application threads were stopped: 0.0124563 seconds, Stopping threads took: 0.0000186 seconds
2024-07-28T21:32:54.331+0800: 2.338: [CMS-concurrent-abortable-preclean: 0.005/0.260 secs] [Times: user=0.05 sys=0.00, real=0.26 secs] 
2024-07-28T21:32:54.331+0800: 2.338: Application time: 0.0003031 seconds
2024-07-28T21:32:54.332+0800: 2.339: [GC (CMS Final Remark) [YG occupancy: 12655 K (78656 K)]2024-07-28T21:32:54.332+0800: 2.339: [Rescan (parallel) , 0.0008045 secs]2024-07-28T21:32:54.332+0800: 2.339: [weak refs processing, 0.0000165 secs]2024-07-28T21:32:54.332+0800: 2.339: [class unloading, 0.0002187 secs]2024-07-28T21:32:54.333+0800: 2.340: [scrub symbol table, 0.0003947 secs]2024-07-28T21:32:54.333+0800: 2.340: [scrub string table, 0.0001043 secs][1 CMS-remark: 334485K(441424K)] 347140K(520080K), 0.0016121 secs] [Times: user=0.01 sys=0.00, real=0.00 secs] 
2024-07-28T21:32:54.333+0800: 2.340: Total time for which application threads were stopped: 0.0018012 seconds, Stopping threads took: 0.0001465 seconds
2024-07-28T21:32:54.333+0800: 2.340: [CMS-concurrent-sweep-start]
2024-07-28T21:32:54.335+0800: 2.342: [CMS-concurrent-sweep: 0.001/0.001 secs] [Times: user=0.00 sys=0.00, real=0.00 secs] 
2024-07-28T21:32:54.335+0800: 2.342: [CMS-concurrent-reset-start]
2024-07-28T21:32:54.335+0800: 2.343: [CMS-concurrent-reset: 0.001/0.001 secs] [Times: user=0.00 sys=0.00, real=0.00 secs] 
2024-07-28T21:32:54.454+0800: 2.461: Application time: 0.1207405 seconds
2024-07-28T21:32:54.454+0800: 2.461: [GC (Allocation Failure) 2024-07-28T21:32:54.454+0800: 2.461: [ParNew: 77622K->8200K(78656K), 0.0119039 secs] 278986K->278172K(520080K), 0.0119631 secs] [Times: user=0.03 sys=0.00, real=0.01 secs] 
2024-07-28T21:32:54.466+0800: 2.473: Total time for which application threads were stopped: 0.0120747 seconds, Stopping threads took: 0.0000202 seconds
2024-07-28T21:32:54.466+0800: 2.473: Application time: 0.0002168 seconds
2024-07-28T21:32:54.466+0800: 2.473: [GC (CMS Initial Mark) [1 CMS-initial-mark: 269972K(441424K)] 281608K(520080K), 0.0004332 secs] [Times: user=0.00 sys=0.00, real=0.00 secs] 
2024-07-28T21:32:54.467+0800: 2.474: Total time for which application threads were stopped: 0.0005516 seconds, Stopping threads took: 0.0000717 seconds
2024-07-28T21:32:54.467+0800: 2.474: [CMS-concurrent-mark-start]
2024-07-28T21:32:54.470+0800: 2.477: [CMS-concurrent-mark: 0.004/0.004 secs] [Times: user=0.00 sys=0.00, real=0.00 secs] 
2024-07-28T21:32:54.470+0800: 2.478: [CMS-concurrent-preclean-start]
2024-07-28T21:32:54.472+0800: 2.479: [CMS-concurrent-preclean: 0.001/0.001 secs] [Times: user=0.00 sys=0.00, real=0.00 secs] 
2024-07-28T21:32:54.472+0800: 2.479: [CMS-concurrent-abortable-preclean-start]
2024-07-28T21:32:54.575+0800: 2.582: Application time: 0.1079786 seconds
2024-07-28T21:32:54.575+0800: 2.582: [GC (Allocation Failure) 2024-07-28T21:32:54.575+0800: 2.582: [ParNew: 77173K->7168K(78656K), 0.0024940 secs] 347145K->277140K(520080K), 0.0025482 secs] [Times: user=0.00 sys=0.00, real=0.00 secs] 
2024-07-28T21:32:54.578+0800: 2.584: Total time for which application threads were stopped: 0.0026749 seconds, Stopping threads took: 0.0000354 seconds
2024-07-28T21:32:54.582+0800: 2.589: Application time: 0.0047585 seconds
2024-07-28T21:32:54.582+0800: 2.589: [GC (Allocation Failure) 2024-07-28T21:32:54.583+0800: 2.589: [ParNew: 76142K->8192K(78656K), 0.0123526 secs] 346114K->345749K(520080K), 0.0124295 secs] [Times: user=0.00 sys=0.02, real=0.01 secs] 
2024-07-28T21:32:54.595+0800: 2.602: Total time for which application threads were stopped: 0.0125311 seconds, Stopping threads took: 0.0000156 seconds
2024-07-28T21:32:54.702+0800: 2.709: Application time: 0.1070964 seconds
2024-07-28T21:32:54.702+0800: 2.709: [GC (Allocation Failure) 2024-07-28T21:32:54.702+0800: 2.709: [ParNew: 77167K->8192K(78656K), 0.0124937 secs] 414724K->414358K(520080K), 0.0125592 secs] [Times: user=0.03 sys=0.00, real=0.01 secs] 
2024-07-28T21:32:54.715+0800: 2.722: Total time for which application threads were stopped: 0.0126721 seconds, Stopping threads took: 0.0000176 seconds
2024-07-28T21:32:54.715+0800: 2.722: [CMS-concurrent-abortable-preclean: 0.007/0.243 secs] [Times: user=0.06 sys=0.02, real=0.24 secs] 
2024-07-28T21:32:54.715+0800: 2.722: Application time: 0.0002715 seconds
2024-07-28T21:32:54.715+0800: 2.722: [GC (CMS Final Remark) [YG occupancy: 11630 K (78656 K)]2024-07-28T21:32:54.715+0800: 2.722: [Rescan (parallel) , 0.0008940 secs]2024-07-28T21:32:54.716+0800: 2.723: [weak refs processing, 0.0000129 secs]2024-07-28T21:32:54.716+0800: 2.723: [class unloading, 0.0001877 secs]2024-07-28T21:32:54.716+0800: 2.723: [scrub symbol table, 0.0003123 secs]2024-07-28T21:32:54.717+0800: 2.723: [scrub string table, 0.0001040 secs][1 CMS-remark: 406166K(441424K)] 417797K(520080K), 0.0015775 secs] [Times: user=0.00 sys=0.00, real=0.00 secs] 
2024-07-28T21:32:54.717+0800: 2.724: Total time for which application threads were stopped: 0.0017532 seconds, Stopping threads took: 0.0001385 seconds
2024-07-28T21:32:54.717+0800: 2.724: [CMS-concurrent-sweep-start]
2024-07-28T21:32:54.719+0800: 2.725: [CMS-concurrent-sweep: 0.002/0.002 secs] [Times: user=0.00 sys=0.00, real=0.00 secs] 
2024-07-28T21:32:54.719+0800: 2.726: [CMS-concurrent-reset-start]
2024-07-28T21:32:54.720+0800: 2.727: [CMS-concurrent-reset: 0.001/0.001 secs] [Times: user=0.00 sys=0.00, real=0.00 secs] 
2024-07-28T21:32:54.823+0800: 2.830: Application time: 0.1065277 seconds
2024-07-28T21:32:54.823+0800: 2.830: [GC (Allocation Failure) 2024-07-28T21:32:54.823+0800: 2.830: [ParNew: 77167K->8192K(78656K), 0.0022680 secs] 349188K->280212K(532024K), 0.0023234 secs] [Times: user=0.00 sys=0.00, real=0.00 secs] 
2024-07-28T21:32:54.825+0800: 2.833: Total time for which application threads were stopped: 0.0024333 seconds, Stopping threads took: 0.0000197 seconds
2024-07-28T21:32:54.825+0800: 2.833: Application time: 0.0001817 seconds
2024-07-28T21:32:54.825+0800: 2.833: [GC (CMS Initial Mark) [1 CMS-initial-mark: 272020K(453368K)] 283651K(532024K), 0.0007733 secs] [Times: user=0.00 sys=0.00, real=0.00 secs] 
2024-07-28T21:32:54.826+0800: 2.834: Total time for which application threads were stopped: 0.0009486 seconds, Stopping threads took: 0.0001347 seconds
2024-07-28T21:32:54.826+0800: 2.834: [CMS-concurrent-mark-start]
2024-07-28T21:32:54.830+0800: 2.838: [CMS-concurrent-mark: 0.004/0.004 secs] [Times: user=0.00 sys=0.00, real=0.00 secs] 
2024-07-28T21:32:54.830+0800: 2.838: [CMS-concurrent-preclean-start]
2024-07-28T21:32:54.831+0800: 2.839: [CMS-concurrent-preclean: 0.001/0.001 secs] [Times: user=0.00 sys=0.00, real=0.00 secs] 
2024-07-28T21:32:54.831+0800: 2.839: Application time: 0.0052481 seconds
2024-07-28T21:32:54.831+0800: 2.839: [GC (Allocation Failure) 2024-07-28T21:32:54.831+0800: 2.839: [ParNew: 77168K->8192K(78656K), 0.0169947 secs] 349188K->348821K(532024K), 0.0170472 secs] [Times: user=0.05 sys=0.00, real=0.02 secs] 
2024-07-28T21:32:54.849+0800: 2.856: Total time for which application threads were stopped: 0.0171463 seconds, Stopping threads took: 0.0000153 seconds
2024-07-28T21:32:54.849+0800: 2.856: Application time: 0.0002986 seconds
2024-07-28T21:32:54.849+0800: 2.856: [GC (CMS Final Remark) [YG occupancy: 12655 K (78656 K)]2024-07-28T21:32:54.849+0800: 2.857: [Rescan (parallel) , 0.0008758 secs]2024-07-28T21:32:54.850+0800: 2.857: [weak refs processing, 0.0000128 secs]2024-07-28T21:32:54.850+0800: 2.857: [class unloading, 0.0001944 secs]2024-07-28T21:32:54.850+0800: 2.858: [scrub symbol table, 0.0003434 secs]2024-07-28T21:32:54.850+0800: 2.858: [scrub string table, 0.0001172 secs][1 CMS-remark: 340629K(453368K)] 353284K(532024K), 0.0016068 secs] [Times: user=0.00 sys=0.00, real=0.00 secs] 
2024-07-28T21:32:54.851+0800: 2.858: Total time for which application threads were stopped: 0.0017144 seconds, Stopping threads took: 0.0000709 seconds
2024-07-28T21:32:54.851+0800: 2.858: [CMS-concurrent-sweep-start]
2024-07-28T21:32:54.852+0800: 2.860: [CMS-concurrent-sweep: 0.001/0.001 secs] [Times: user=0.00 sys=0.00, real=0.00 secs] 
2024-07-28T21:32:54.852+0800: 2.860: [CMS-concurrent-reset-start]
2024-07-28T21:32:54.853+0800: 2.860: [CMS-concurrent-reset: 0.001/0.001 secs] [Times: user=0.00 sys=0.00, real=0.00 secs] 
2024-07-28T21:32:54.968+0800: 2.975: Application time: 0.1168917 seconds
2024-07-28T21:32:54.968+0800: 2.975: [GC (Allocation Failure) 2024-07-28T21:32:54.968+0800: 2.975: [ParNew: 77168K->8192K(78656K), 0.0118986 secs] 146433K->146066K(532024K), 0.0119565 secs] [Times: user=0.03 sys=0.00, real=0.01 secs] 
2024-07-28T21:32:54.980+0800: 2.987: Total time for which application threads were stopped: 0.0120698 seconds, Stopping threads took: 0.0000216 seconds
2024-07-28T21:32:55.091+0800: 3.098: Application time: 0.1111290 seconds
2024-07-28T21:32:55.091+0800: 3.098: [GC (Allocation Failure) 2024-07-28T21:32:55.091+0800: 3.098: [ParNew: 77168K->8192K(78656K), 0.0024262 secs] 215042K->147090K(532024K), 0.0025380 secs] [Times: user=0.00 sys=0.00, real=0.00 secs] 
2024-07-28T21:32:55.093+0800: 3.101: Total time for which application threads were stopped: 0.0026478 seconds, Stopping threads took: 0.0000187 seconds
2024-07-28T21:32:55.098+0800: 3.106: Application time: 0.0047237 seconds
2024-07-28T21:32:55.098+0800: 3.106: [GC (Allocation Failure) 2024-07-28T21:32:55.098+0800: 3.106: [ParNew: 77168K->8192K(78656K), 0.0121077 secs] 216067K->215699K(532024K), 0.0121586 secs] [Times: user=0.00 sys=0.00, real=0.01 secs] 
2024-07-28T21:32:55.110+0800: 3.118: Total time for which application threads were stopped: 0.0122692 seconds, Stopping threads took: 0.0000149 seconds
2024-07-28T21:32:55.111+0800: 3.118: Application time: 0.0001863 seconds
2024-07-28T21:32:55.111+0800: 3.118: [GC (CMS Initial Mark) [1 CMS-initial-mark: 207507K(453368K)] 219139K(532024K), 0.0007663 secs] [Times: user=0.00 sys=0.00, real=0.00 secs] 
2024-07-28T21:32:55.111+0800: 3.119: Total time for which application threads were stopped: 0.0008977 seconds, Stopping threads took: 0.0000765 seconds
2024-07-28T21:32:55.112+0800: 3.119: [CMS-concurrent-mark-start]
2024-07-28T21:32:55.113+0800: 3.121: [CMS-concurrent-mark: 0.002/0.002 secs] [Times: user=0.00 sys=0.00, real=0.00 secs] 
2024-07-28T21:32:55.113+0800: 3.121: [CMS-concurrent-preclean-start]
2024-07-28T21:32:55.114+0800: 3.121: [CMS-concurrent-preclean: 0.001/0.001 secs] [Times: user=0.02 sys=0.02, real=0.00 secs] 
2024-07-28T21:32:55.114+0800: 3.121: [CMS-concurrent-abortable-preclean-start]
2024-07-28T21:32:55.233+0800: 3.241: Application time: 0.1216263 seconds
2024-07-28T21:32:55.233+0800: 3.241: [GC (Allocation Failure) 2024-07-28T21:32:55.233+0800: 3.241: [ParNew: 77168K->8192K(78656K), 0.0120092 secs] 284676K->284308K(532024K), 0.0120661 secs] [Times: user=0.03 sys=0.00, real=0.01 secs] 
2024-07-28T21:32:55.245+0800: 3.253: Total time for which application threads were stopped: 0.0121901 seconds, Stopping threads took: 0.0000189 seconds
2024-07-28T21:32:55.358+0800: 3.366: Application time: 0.1129305 seconds
2024-07-28T21:32:55.358+0800: 3.366: [GC (Allocation Failure) 2024-07-28T21:32:55.358+0800: 3.366: [ParNew: 77168K->8192K(78656K), 0.0027505 secs] 353285K->286356K(532024K), 0.0028084 secs] [Times: user=0.00 sys=0.00, real=0.00 secs] 
2024-07-28T21:32:55.361+0800: 3.369: Total time for which application threads were stopped: 0.0029379 seconds, Stopping threads took: 0.0000179 seconds
2024-07-28T21:32:55.361+0800: 3.369: [CMS-concurrent-abortable-preclean: 0.005/0.247 secs] [Times: user=0.03 sys=0.00, real=0.25 secs] 
2024-07-28T21:32:55.362+0800: 3.369: Application time: 0.0003450 seconds
2024-07-28T21:32:55.362+0800: 3.369: [GC (CMS Final Remark) [YG occupancy: 13679 K (78656 K)]2024-07-28T21:32:55.362+0800: 3.369: [Rescan (parallel) , 0.0010437 secs]2024-07-28T21:32:55.363+0800: 3.370: [weak refs processing, 0.0000156 secs]2024-07-28T21:32:55.363+0800: 3.370: [class unloading, 0.0001931 secs]2024-07-28T21:32:55.363+0800: 3.370: [scrub symbol table, 0.0003444 secs]2024-07-28T21:32:55.363+0800: 3.371: [scrub string table, 0.0000999 secs][1 CMS-remark: 278164K(453368K)] 291844K(532024K), 0.0017759 secs] [Times: user=0.00 sys=0.00, real=0.00 secs] 
2024-07-28T21:32:55.363+0800: 3.371: Total time for which application threads were stopped: 0.0019357 seconds, Stopping threads took: 0.0001205 seconds
2024-07-28T21:32:55.364+0800: 3.371: [CMS-concurrent-sweep-start]
2024-07-28T21:32:55.365+0800: 3.372: [CMS-concurrent-sweep: 0.001/0.001 secs] [Times: user=0.00 sys=0.00, real=0.00 secs] 
2024-07-28T21:32:55.365+0800: 3.372: [CMS-concurrent-reset-start]
2024-07-28T21:32:55.366+0800: 3.374: [CMS-concurrent-reset: 0.001/0.001 secs] [Times: user=0.00 sys=0.00, real=0.00 secs] 
2024-07-28T21:32:55.368+0800: 3.376: Application time: 0.0047705 seconds
2024-07-28T21:32:55.368+0800: 3.376: [GC (Allocation Failure) 2024-07-28T21:32:55.368+0800: 3.376: [ParNew: 77168K->8192K(78656K), 0.0124850 secs] 218115K->217747K(532024K), 0.0125350 secs] [Times: user=0.03 sys=0.00, real=0.01 secs] 
2024-07-28T21:32:55.381+0800: 3.388: Total time for which application threads were stopped: 0.0126322 seconds, Stopping threads took: 0.0000137 seconds
2024-07-28T21:32:55.381+0800: 3.389: Application time: 0.0002328 seconds
2024-07-28T21:32:55.381+0800: 3.389: [GC (CMS Initial Mark) [1 CMS-initial-mark: 209555K(453368K)] 221187K(532024K), 0.0006814 secs] [Times: user=0.00 sys=0.00, real=0.00 secs] 
2024-07-28T21:32:55.382+0800: 3.389: Total time for which application threads were stopped: 0.0008671 seconds, Stopping threads took: 0.0001418 seconds
2024-07-28T21:32:55.382+0800: 3.390: [CMS-concurrent-mark-start]
2024-07-28T21:32:55.384+0800: 3.391: [CMS-concurrent-mark: 0.002/0.002 secs] [Times: user=0.00 sys=0.00, real=0.00 secs] 
2024-07-28T21:32:55.384+0800: 3.391: [CMS-concurrent-preclean-start]
2024-07-28T21:32:55.385+0800: 3.392: [CMS-concurrent-preclean: 0.001/0.001 secs] [Times: user=0.00 sys=0.00, real=0.00 secs] 
2024-07-28T21:32:55.385+0800: 3.392: [CMS-concurrent-abortable-preclean-start]
2024-07-28T21:32:55.502+0800: 3.509: Application time: 0.1196234 seconds
2024-07-28T21:32:55.502+0800: 3.509: [GC (Allocation Failure) 2024-07-28T21:32:55.502+0800: 3.509: [ParNew: 77168K->8192K(78656K), 0.0121833 secs] 286724K->286356K(532024K), 0.0122424 secs] [Times: user=0.03 sys=0.00, real=0.01 secs] 
2024-07-28T21:32:55.514+0800: 3.521: Total time for which application threads were stopped: 0.0123490 seconds, Stopping threads took: 0.0000173 seconds
2024-07-28T21:32:55.624+0800: 3.632: Application time: 0.1103974 seconds
2024-07-28T21:32:55.624+0800: 3.632: [GC (Allocation Failure) 2024-07-28T21:32:55.624+0800: 3.632: [ParNew: 77168K->8192K(78656K), 0.0029579 secs] 355333K->289428K(532024K), 0.0030131 secs] [Times: user=0.00 sys=0.00, real=0.00 secs] 
2024-07-28T21:32:55.627+0800: 3.635: Total time for which application threads were stopped: 0.0031202 seconds, Stopping threads took: 0.0000197 seconds
2024-07-28T21:32:55.627+0800: 3.635: [CMS-concurrent-abortable-preclean: 0.005/0.243 secs] [Times: user=0.03 sys=0.00, real=0.24 secs] 
2024-07-28T21:32:55.628+0800: 3.635: Application time: 0.0003079 seconds
2024-07-28T21:32:55.628+0800: 3.635: [GC (CMS Final Remark) [YG occupancy: 11631 K (78656 K)]2024-07-28T21:32:55.628+0800: 3.635: [Rescan (parallel) , 0.0010101 secs]2024-07-28T21:32:55.629+0800: 3.636: [weak refs processing, 0.0000131 secs]2024-07-28T21:32:55.629+0800: 3.636: [class unloading, 0.0001946 secs]2024-07-28T21:32:55.629+0800: 3.637: [scrub symbol table, 0.0003469 secs]2024-07-28T21:32:55.629+0800: 3.637: [scrub string table, 0.0001055 secs][1 CMS-remark: 281236K(453368K)] 292868K(532024K), 0.0017446 secs] [Times: user=0.00 sys=0.00, real=0.00 secs] 
2024-07-28T21:32:55.630+0800: 3.637: Total time for which application threads were stopped: 0.0019340 seconds, Stopping threads took: 0.0001454 seconds
2024-07-28T21:32:55.630+0800: 3.637: [CMS-concurrent-sweep-start]
2024-07-28T21:32:55.631+0800: 3.639: [CMS-concurrent-sweep: 0.002/0.002 secs] [Times: user=0.00 sys=0.00, real=0.00 secs] 
2024-07-28T21:32:55.631+0800: 3.639: [CMS-concurrent-reset-start]
2024-07-28T21:32:55.633+0800: 3.640: [CMS-concurrent-reset: 0.001/0.001 secs] [Times: user=0.00 sys=0.00, real=0.00 secs] 
2024-07-28T21:32:55.634+0800: 3.642: Application time: 0.0048541 seconds
2024-07-28T21:32:55.635+0800: 3.642: [GC (Allocation Failure) 2024-07-28T21:32:55.635+0800: 3.642: [ParNew: 77168K->8192K(78656K), 0.0132696 secs] 220163K->219795K(532024K), 0.0133177 secs] [Times: user=0.03 sys=0.00, real=0.01 secs] 
2024-07-28T21:32:55.648+0800: 3.655: Total time for which application threads were stopped: 0.0134176 seconds, Stopping threads took: 0.0000134 seconds
2024-07-28T21:32:55.648+0800: 3.656: Application time: 0.0001520 seconds
2024-07-28T21:32:55.649+0800: 3.656: [GC (CMS Initial Mark) [1 CMS-initial-mark: 211603K(453368K)] 223235K(532024K), 0.0002379 secs] [Times: user=0.00 sys=0.00, real=0.00 secs] 
2024-07-28T21:32:55.649+0800: 3.656: Total time for which application threads were stopped: 0.0004281 seconds, Stopping threads took: 0.0001329 seconds
2024-07-28T21:32:55.649+0800: 3.656: [CMS-concurrent-mark-start]
2024-07-28T21:32:55.651+0800: 3.658: [CMS-concurrent-mark: 0.002/0.002 secs] [Times: user=0.00 sys=0.00, real=0.00 secs] 
2024-07-28T21:32:55.651+0800: 3.658: [CMS-concurrent-preclean-start]
2024-07-28T21:32:55.651+0800: 3.659: [CMS-concurrent-preclean: 0.001/0.001 secs] [Times: user=0.00 sys=0.00, real=0.00 secs] 
2024-07-28T21:32:55.652+0800: 3.659: [CMS-concurrent-abortable-preclean-start]
2024-07-28T21:32:55.769+0800: 3.776: Application time: 0.1198285 seconds
2024-07-28T21:32:55.769+0800: 3.776: [GC (Allocation Failure) 2024-07-28T21:32:55.769+0800: 3.776: [ParNew: 77168K->8192K(78656K), 0.0122705 secs] 288772K->288404K(532024K), 0.0123555 secs] [Times: user=0.03 sys=0.00, real=0.01 secs] 
2024-07-28T21:32:55.782+0800: 3.788: Total time for which application threads were stopped: 0.0124904 seconds, Stopping threads took: 0.0000197 seconds
2024-07-28T21:32:55.893+0800: 3.900: Application time: 0.1115843 seconds
2024-07-28T21:32:55.893+0800: 3.900: [GC (Allocation Failure) 2024-07-28T21:32:55.893+0800: 3.900: [ParNew: 77168K->8192K(78656K), 0.0030865 secs] 357381K->292500K(532024K), 0.0031439 secs] [Times: user=0.03 sys=0.00, real=0.00 secs] 
2024-07-28T21:32:55.897+0800: 3.903: Total time for which application threads were stopped: 0.0032776 seconds, Stopping threads took: 0.0000189 seconds
2024-07-28T21:32:55.897+0800: 3.903: [CMS-concurrent-abortable-preclean: 0.005/0.245 secs] [Times: user=0.06 sys=0.00, real=0.25 secs] 
2024-07-28T21:32:55.897+0800: 3.904: Application time: 0.0003688 seconds
2024-07-28T21:32:55.897+0800: 3.904: [GC (CMS Final Remark) [YG occupancy: 14703 K (78656 K)]2024-07-28T21:32:55.897+0800: 3.904: [Rescan (parallel) , 0.0006919 secs]2024-07-28T21:32:55.898+0800: 3.904: [weak refs processing, 0.0000128 secs]2024-07-28T21:32:55.898+0800: 3.904: [class unloading, 0.0002085 secs]2024-07-28T21:32:55.898+0800: 3.905: [scrub symbol table, 0.0003465 secs]2024-07-28T21:32:55.898+0800: 3.905: [scrub string table, 0.0001009 secs][1 CMS-remark: 284308K(453368K)] 299012K(532024K), 0.0014232 secs] [Times: user=0.00 sys=0.00, real=0.00 secs] 
2024-07-28T21:32:55.898+0800: 3.905: Total time for which application threads were stopped: 0.0015307 seconds, Stopping threads took: 0.0000718 seconds
2024-07-28T21:32:55.899+0800: 3.905: [CMS-concurrent-sweep-start]
2024-07-28T21:32:55.900+0800: 3.906: [CMS-concurrent-sweep: 0.001/0.001 secs] [Times: user=0.00 sys=0.00, real=0.00 secs] 
2024-07-28T21:32:55.900+0800: 3.907: [CMS-concurrent-reset-start]
2024-07-28T21:32:55.901+0800: 3.908: [CMS-concurrent-reset: 0.001/0.001 secs] [Times: user=0.00 sys=0.00, real=0.00 secs] 
2024-07-28T21:32:55.903+0800: 3.910: Application time: 0.0047675 seconds
2024-07-28T21:32:55.903+0800: 3.910: [GC (Allocation Failure) 2024-07-28T21:32:55.903+0800: 3.910: [ParNew: 77168K->8192K(78656K), 0.0123534 secs] 222211K->221843K(532024K), 0.0124018 secs] [Times: user=0.03 sys=0.00, real=0.01 secs] 
2024-07-28T21:32:55.916+0800: 3.922: Total time for which application threads were stopped: 0.0124986 seconds, Stopping threads took: 0.0000134 seconds
2024-07-28T21:32:55.916+0800: 3.923: Application time: 0.0002427 seconds
2024-07-28T21:32:55.916+0800: 3.923: [GC (CMS Initial Mark) [1 CMS-initial-mark: 213651K(453368K)] 225283K(532024K), 0.0007587 secs] [Times: user=0.00 sys=0.00, real=0.00 secs] 
2024-07-28T21:32:55.917+0800: 3.924: Total time for which application threads were stopped: 0.0009702 seconds, Stopping threads took: 0.0001673 seconds
2024-07-28T21:32:55.917+0800: 3.924: [CMS-concurrent-mark-start]
2024-07-28T21:32:55.919+0800: 3.925: [CMS-concurrent-mark: 0.002/0.002 secs] [Times: user=0.00 sys=0.00, real=0.00 secs] 
2024-07-28T21:32:55.919+0800: 3.925: [CMS-concurrent-preclean-start]
2024-07-28T21:32:55.919+0800: 3.926: [CMS-concurrent-preclean: 0.001/0.001 secs] [Times: user=0.00 sys=0.00, real=0.00 secs] 
2024-07-28T21:32:55.919+0800: 3.926: [CMS-concurrent-abortable-preclean-start]
2024-07-28T21:32:56.036+0800: 4.043: Application time: 0.1193832 seconds
2024-07-28T21:32:56.036+0800: 4.043: [GC (Allocation Failure) 2024-07-28T21:32:56.036+0800: 4.043: [ParNew: 77168K->8192K(78656K), 0.0123660 secs] 290820K->290452K(532024K), 0.0124253 secs] [Times: user=0.00 sys=0.00, real=0.01 secs] 
2024-07-28T21:32:56.049+0800: 4.056: Total time for which application threads were stopped: 0.0125383 seconds, Stopping threads took: 0.0000195 seconds
2024-07-28T21:32:56.112+0800: 4.118: Application time: 0.0628306 seconds
2024-07-28T21:32:56.112+0800: 4.119: Total time for which application threads were stopped: 0.0001885 seconds, Stopping threads took: 0.0000595 seconds
2024-07-28T21:32:56.158+0800: 4.165: Application time: 0.0467396 seconds
2024-07-28T21:32:56.158+0800: 4.165: [GC (Allocation Failure) 2024-07-28T21:32:56.158+0800: 4.165: [ParNew: 77168K->8192K(78656K), 0.0028644 secs] 359429K->295572K(532024K), 0.0029469 secs] [Times: user=0.00 sys=0.00, real=0.00 secs] 
2024-07-28T21:32:56.161+0800: 4.168: Total time for which application threads were stopped: 0.0030599 seconds, Stopping threads took: 0.0000188 seconds
2024-07-28T21:32:56.161+0800: 4.168: [CMS-concurrent-abortable-preclean: 0.004/0.242 secs] [Times: user=0.03 sys=0.00, real=0.24 secs] 
2024-07-28T21:32:56.161+0800: 4.169: Application time: 0.0003414 seconds
2024-07-28T21:32:56.161+0800: 4.169: [GC (CMS Final Remark) [YG occupancy: 13679 K (78656 K)]2024-07-28T21:32:56.161+0800: 4.169: [Rescan (parallel) , 0.0010274 secs]2024-07-28T21:32:56.162+0800: 4.170: [weak refs processing, 0.0000170 secs]2024-07-28T21:32:56.163+0800: 4.170: [class unloading, 0.0002150 secs]2024-07-28T21:32:56.163+0800: 4.170: [scrub symbol table, 0.0003426 secs]2024-07-28T21:32:56.163+0800: 4.170: [scrub string table, 0.0000999 secs][1 CMS-remark: 287380K(453368K)] 301060K(532024K), 0.0017674 secs] [Times: user=0.00 sys=0.00, real=0.00 secs] 
2024-07-28T21:32:56.163+0800: 4.171: Total time for which application threads were stopped: 0.0018817 seconds, Stopping threads took: 0.0000774 seconds
2024-07-28T21:32:56.163+0800: 4.171: [CMS-concurrent-sweep-start]
2024-07-28T21:32:56.165+0800: 4.172: [CMS-concurrent-sweep: 0.001/0.001 secs] [Times: user=0.00 sys=0.00, real=0.00 secs] 
2024-07-28T21:32:56.165+0800: 4.172: [CMS-concurrent-reset-start]
2024-07-28T21:32:56.166+0800: 4.174: [CMS-concurrent-reset: 0.001/0.001 secs] [Times: user=0.00 sys=0.00, real=0.00 secs] 
2024-07-28T21:32:56.168+0800: 4.175: Application time: 0.0047149 seconds
2024-07-28T21:32:56.168+0800: 4.175: [GC (Allocation Failure) 2024-07-28T21:32:56.168+0800: 4.175: [ParNew: 77168K->8192K(78656K), 0.0120234 secs] 224259K->223891K(532024K), 0.0120705 secs] [Times: user=0.03 sys=0.00, real=0.01 secs] 
2024-07-28T21:32:56.180+0800: 4.188: Total time for which application threads were stopped: 0.0121666 seconds, Stopping threads took: 0.0000140 seconds
2024-07-28T21:32:56.180+0800: 4.188: Application time: 0.0001173 seconds
2024-07-28T21:32:56.180+0800: 4.188: [GC (CMS Initial Mark) [1 CMS-initial-mark: 215699K(453368K)] 227331K(532024K), 0.0008124 secs] [Times: user=0.00 sys=0.00, real=0.00 secs] 
2024-07-28T21:32:56.181+0800: 4.189: Total time for which application threads were stopped: 0.0009469 seconds, Stopping threads took: 0.0000789 seconds
2024-07-28T21:32:56.181+0800: 4.189: [CMS-concurrent-mark-start]
2024-07-28T21:32:56.183+0800: 4.191: [CMS-concurrent-mark: 0.002/0.002 secs] [Times: user=0.00 sys=0.00, real=0.00 secs] 
2024-07-28T21:32:56.183+0800: 4.191: [CMS-concurrent-preclean-start]
2024-07-28T21:32:56.184+0800: 4.191: [CMS-concurrent-preclean: 0.001/0.001 secs] [Times: user=0.00 sys=0.00, real=0.00 secs] 
2024-07-28T21:32:56.184+0800: 4.191: [CMS-concurrent-abortable-preclean-start]
2024-07-28T21:32:56.302+0800: 4.309: Application time: 0.1205571 seconds
2024-07-28T21:32:56.302+0800: 4.309: [GC (Allocation Failure) 2024-07-28T21:32:56.302+0800: 4.309: [ParNew: 77168K->8192K(78656K), 0.0124188 secs] 292868K->292500K(532024K), 0.0124782 secs] [Times: user=0.00 sys=0.00, real=0.01 secs] 
2024-07-28T21:32:56.315+0800: 4.322: Total time for which application threads were stopped: 0.0125840 seconds, Stopping threads took: 0.0000170 seconds
2024-07-28T21:32:56.425+0800: 4.433: Application time: 0.1109527 seconds
2024-07-28T21:32:56.425+0800: 4.433: [GC (Allocation Failure) 2024-07-28T21:32:56.425+0800: 4.433: [ParNew: 77168K->8192K(78656K), 0.0034852 secs] 361477K->298644K(532024K), 0.0035420 secs] [Times: user=0.03 sys=0.00, real=0.00 secs] 
2024-07-28T21:32:56.429+0800: 4.436: Total time for which application threads were stopped: 0.0036504 seconds, Stopping threads took: 0.0000180 seconds
2024-07-28T21:32:56.429+0800: 4.436: [CMS-concurrent-abortable-preclean: 0.005/0.245 secs] [Times: user=0.06 sys=0.00, real=0.24 secs] 
2024-07-28T21:32:56.429+0800: 4.437: Application time: 0.0002943 seconds
2024-07-28T21:32:56.429+0800: 4.437: [GC (CMS Final Remark) [YG occupancy: 12655 K (78656 K)]2024-07-28T21:32:56.429+0800: 4.437: [Rescan (parallel) , 0.0010937 secs]2024-07-28T21:32:56.430+0800: 4.438: [weak refs processing, 0.0000130 secs]2024-07-28T21:32:56.430+0800: 4.438: [class unloading, 0.0002059 secs]2024-07-28T21:32:56.431+0800: 4.438: [scrub symbol table, 0.0003118 secs]2024-07-28T21:32:56.431+0800: 4.438: [scrub string table, 0.0000915 secs][1 CMS-remark: 290452K(453368K)] 303108K(532024K), 0.0017778 secs] [Times: user=0.00 sys=0.00, real=0.00 secs] 
2024-07-28T21:32:56.431+0800: 4.439: Total time for which application threads were stopped: 0.0018899 seconds, Stopping threads took: 0.0000764 seconds
2024-07-28T21:32:56.431+0800: 4.439: [CMS-concurrent-sweep-start]
2024-07-28T21:32:56.433+0800: 4.440: [CMS-concurrent-sweep: 0.001/0.001 secs] [Times: user=0.00 sys=0.00, real=0.00 secs] 
2024-07-28T21:32:56.433+0800: 4.440: [CMS-concurrent-reset-start]
2024-07-28T21:32:56.434+0800: 4.441: [CMS-concurrent-reset: 0.001/0.001 secs] [Times: user=0.00 sys=0.00, real=0.00 secs] 
2024-07-28T21:32:56.436+0800: 4.443: Application time: 0.0049019 seconds
2024-07-28T21:32:56.436+0800: 4.443: [GC (Allocation Failure) 2024-07-28T21:32:56.436+0800: 4.443: [ParNew: 77168K->8192K(78656K), 0.0122902 secs] 226307K->225939K(532024K), 0.0123377 secs] [Times: user=0.03 sys=0.00, real=0.01 secs] 
2024-07-28T21:32:56.448+0800: 4.456: Total time for which application threads were stopped: 0.0124325 seconds, Stopping threads took: 0.0000135 seconds
2024-07-28T21:32:56.449+0800: 4.456: Application time: 0.0001043 seconds
2024-07-28T21:32:56.449+0800: 4.456: [GC (CMS Initial Mark) [1 CMS-initial-mark: 217747K(453368K)] 229379K(532024K), 0.0008119 secs] [Times: user=0.00 sys=0.00, real=0.00 secs] 
2024-07-28T21:32:56.450+0800: 4.457: Total time for which application threads were stopped: 0.0010169 seconds, Stopping threads took: 0.0001614 seconds
2024-07-28T21:32:56.450+0800: 4.457: [CMS-concurrent-mark-start]
2024-07-28T21:32:56.451+0800: 4.459: [CMS-concurrent-mark: 0.002/0.002 secs] [Times: user=0.00 sys=0.00, real=0.00 secs] 
2024-07-28T21:32:56.451+0800: 4.459: [CMS-concurrent-preclean-start]
2024-07-28T21:32:56.452+0800: 4.459: [CMS-concurrent-preclean: 0.001/0.001 secs] [Times: user=0.00 sys=0.00, real=0.00 secs] 
2024-07-28T21:32:56.452+0800: 4.459: [CMS-concurrent-abortable-preclean-start]
2024-07-28T21:32:56.566+0800: 4.574: Application time: 0.1166413 seconds
2024-07-28T21:32:56.566+0800: 4.574: [GC (Allocation Failure) 2024-07-28T21:32:56.567+0800: 4.574: [ParNew: 77168K->8192K(78656K), 0.0125086 secs] 294916K->294548K(532024K), 0.0125688 secs] [Times: user=0.00 sys=0.02, real=0.01 secs] 
2024-07-28T21:32:56.579+0800: 4.586: Total time for which application threads were stopped: 0.0126780 seconds, Stopping threads took: 0.0000177 seconds
2024-07-28T21:32:56.690+0800: 4.698: Application time: 0.1112750 seconds
2024-07-28T21:32:56.690+0800: 4.698: [GC (Allocation Failure) 2024-07-28T21:32:56.690+0800: 4.698: [ParNew: 77168K->8192K(78656K), 0.0034793 secs] 363525K->301716K(532024K), 0.0035400 secs] [Times: user=0.03 sys=0.00, real=0.00 secs] 
2024-07-28T21:32:56.694+0800: 4.701: Total time for which application threads were stopped: 0.0036662 seconds, Stopping threads took: 0.0000271 seconds
2024-07-28T21:32:56.694+0800: 4.701: [CMS-concurrent-abortable-preclean: 0.005/0.242 secs] [Times: user=0.05 sys=0.02, real=0.24 secs] 
2024-07-28T21:32:56.694+0800: 4.702: Application time: 0.0003388 seconds
2024-07-28T21:32:56.694+0800: 4.702: [GC (CMS Final Remark) [YG occupancy: 12655 K (78656 K)]2024-07-28T21:32:56.694+0800: 4.702: [Rescan (parallel) , 0.0011712 secs]2024-07-28T21:32:56.696+0800: 4.703: [weak refs processing, 0.0000128 secs]2024-07-28T21:32:56.696+0800: 4.703: [class unloading, 0.0002102 secs]2024-07-28T21:32:56.696+0800: 4.703: [scrub symbol table, 0.0003400 secs]2024-07-28T21:32:56.696+0800: 4.704: [scrub string table, 0.0001001 secs][1 CMS-remark: 293524K(453368K)] 306180K(532024K), 0.0019023 secs] [Times: user=0.00 sys=0.00, real=0.00 secs] 
2024-07-28T21:32:56.696+0800: 4.704: Total time for which application threads were stopped: 0.0020438 seconds, Stopping threads took: 0.0000888 seconds
2024-07-28T21:32:56.697+0800: 4.704: [CMS-concurrent-sweep-start]
2024-07-28T21:32:56.698+0800: 4.705: [CMS-concurrent-sweep: 0.001/0.001 secs] [Times: user=0.00 sys=0.00, real=0.00 secs] 
2024-07-28T21:32:56.698+0800: 4.705: [CMS-concurrent-reset-start]
2024-07-28T21:32:56.699+0800: 4.707: [CMS-concurrent-reset: 0.001/0.001 secs] [Times: user=0.00 sys=0.00, real=0.00 secs] 
2024-07-28T21:32:56.701+0800: 4.708: Application time: 0.0047867 seconds
2024-07-28T21:32:56.701+0800: 4.708: [GC (Allocation Failure) 2024-07-28T21:32:56.701+0800: 4.709: [ParNew: 77168K->8192K(78656K), 0.0127560 secs] 228355K->227987K(532024K), 0.0128029 secs] [Times: user=0.03 sys=0.00, real=0.01 secs] 
2024-07-28T21:32:56.714+0800: 4.721: Total time for which application threads were stopped: 0.0129042 seconds, Stopping threads took: 0.0000135 seconds
2024-07-28T21:32:56.714+0800: 4.722: Application time: 0.0002265 seconds
2024-07-28T21:32:56.714+0800: 4.722: [GC (CMS Initial Mark) [1 CMS-initial-mark: 219795K(453368K)] 231427K(532024K), 0.0008007 secs] [Times: user=0.00 sys=0.00, real=0.00 secs] 
2024-07-28T21:32:56.715+0800: 4.723: Total time for which application threads were stopped: 0.0009990 seconds, Stopping threads took: 0.0001565 seconds
2024-07-28T21:32:56.715+0800: 4.723: [CMS-concurrent-mark-start]
2024-07-28T21:32:56.717+0800: 4.724: [CMS-concurrent-mark: 0.002/0.002 secs] [Times: user=0.00 sys=0.00, real=0.00 secs] 
2024-07-28T21:32:56.717+0800: 4.724: [CMS-concurrent-preclean-start]
2024-07-28T21:32:56.718+0800: 4.725: [CMS-concurrent-preclean: 0.001/0.001 secs] [Times: user=0.00 sys=0.00, real=0.00 secs] 
2024-07-28T21:32:56.718+0800: 4.725: [CMS-concurrent-abortable-preclean-start]
2024-07-28T21:32:56.835+0800: 4.842: Application time: 0.1197458 seconds
2024-07-28T21:32:56.835+0800: 4.842: [GC (Allocation Failure) 2024-07-28T21:32:56.835+0800: 4.842: [ParNew: 77168K->8192K(78656K), 0.0121921 secs] 296964K->296596K(532024K), 0.0122477 secs] [Times: user=0.00 sys=0.00, real=0.01 secs] 
2024-07-28T21:32:56.848+0800: 4.855: Total time for which application threads were stopped: 0.0123558 seconds, Stopping threads took: 0.0000189 seconds
2024-07-28T21:32:56.958+0800: 4.966: Application time: 0.1112455 seconds
2024-07-28T21:32:56.958+0800: 4.966: [GC (Allocation Failure) 2024-07-28T21:32:56.959+0800: 4.966: [ParNew: 77168K->8192K(78656K), 0.0036363 secs] 365573K->304788K(532024K), 0.0036978 secs] [Times: user=0.00 sys=0.00, real=0.00 secs] 
2024-07-28T21:32:56.962+0800: 4.970: Total time for which application threads were stopped: 0.0038124 seconds, Stopping threads took: 0.0000192 seconds
2024-07-28T21:32:56.962+0800: 4.970: [CMS-concurrent-abortable-preclean: 0.005/0.245 secs] [Times: user=0.06 sys=0.00, real=0.24 secs] 
2024-07-28T21:32:56.962+0800: 4.970: Application time: 0.0003052 seconds
2024-07-28T21:32:56.963+0800: 4.970: [GC (CMS Final Remark) [YG occupancy: 12655 K (78656 K)]2024-07-28T21:32:56.963+0800: 4.970: [Rescan (parallel) , 0.0006257 secs]2024-07-28T21:32:56.963+0800: 4.971: [weak refs processing, 0.0000127 secs]2024-07-28T21:32:56.963+0800: 4.971: [class unloading, 0.0002031 secs]2024-07-28T21:32:56.964+0800: 4.971: [scrub symbol table, 0.0003476 secs]2024-07-28T21:32:56.964+0800: 4.971: [scrub string table, 0.0001142 secs][1 CMS-remark: 296596K(453368K)] 309252K(532024K), 0.0013683 secs] [Times: user=0.00 sys=0.00, real=0.00 secs] 
2024-07-28T21:32:56.964+0800: 4.972: Total time for which application threads were stopped: 0.0015443 seconds, Stopping threads took: 0.0001398 seconds
2024-07-28T21:32:56.964+0800: 4.972: [CMS-concurrent-sweep-start]
2024-07-28T21:32:56.966+0800: 4.973: [CMS-concurrent-sweep: 0.001/0.001 secs] [Times: user=0.00 sys=0.00, real=0.00 secs] 
2024-07-28T21:32:56.966+0800: 4.973: [CMS-concurrent-reset-start]
2024-07-28T21:32:56.967+0800: 4.975: [CMS-concurrent-reset: 0.001/0.001 secs] [Times: user=0.00 sys=0.00, real=0.00 secs] 
2024-07-28T21:32:56.969+0800: 4.976: Application time: 0.0047878 seconds
2024-07-28T21:32:56.969+0800: 4.976: [GC (Allocation Failure) 2024-07-28T21:32:56.969+0800: 4.976: [ParNew: 77168K->8192K(78656K), 0.0123850 secs] 230403K->230035K(532024K), 0.0124509 secs] [Times: user=0.03 sys=0.00, real=0.01 secs] 
2024-07-28T21:32:56.981+0800: 4.989: Total time for which application threads were stopped: 0.0125456 seconds, Stopping threads took: 0.0000123 seconds
2024-07-28T21:32:56.982+0800: 4.989: Application time: 0.0002462 seconds
2024-07-28T21:32:56.982+0800: 4.989: [GC (CMS Initial Mark) [1 CMS-initial-mark: 221843K(453368K)] 233475K(532024K), 0.0007096 secs] [Times: user=0.00 sys=0.00, real=0.00 secs] 
2024-07-28T21:32:56.983+0800: 4.990: Total time for which application threads were stopped: 0.0008464 seconds, Stopping threads took: 0.0000947 seconds
2024-07-28T21:32:56.983+0800: 4.990: [CMS-concurrent-mark-start]
2024-07-28T21:32:56.984+0800: 4.992: [CMS-concurrent-mark: 0.002/0.002 secs] [Times: user=0.00 sys=0.00, real=0.00 secs] 
2024-07-28T21:32:56.984+0800: 4.992: [CMS-concurrent-preclean-start]
2024-07-28T21:32:56.985+0800: 4.992: [CMS-concurrent-preclean: 0.001/0.001 secs] [Times: user=0.00 sys=0.00, real=0.00 secs] 
2024-07-28T21:32:56.985+0800: 4.992: [CMS-concurrent-abortable-preclean-start]
2024-07-28T21:32:57.102+0800: 5.109: Application time: 0.1191021 seconds
2024-07-28T21:32:57.102+0800: 5.109: [GC (Allocation Failure) 2024-07-28T21:32:57.102+0800: 5.109: [ParNew: 77464K->8204K(78656K), 0.0120444 secs] 299308K->298656K(532024K), 0.0121176 secs] [Times: user=0.00 sys=0.02, real=0.01 secs] 
2024-07-28T21:32:57.114+0800: 5.121: Total time for which application threads were stopped: 0.0122318 seconds, Stopping threads took: 0.0000190 seconds
2024-07-28T21:32:57.225+0800: 5.232: Application time: 0.1107885 seconds
2024-07-28T21:32:57.226+0800: 5.232: [GC (Allocation Failure) 2024-07-28T21:32:57.226+0800: 5.232: [ParNew: 77178K->8192K(78656K), 0.0037716 secs] 367631K->307861K(532024K), 0.0038281 secs] [Times: user=0.00 sys=0.00, real=0.00 secs] 
2024-07-28T21:32:57.229+0800: 5.236: Total time for which application threads were stopped: 0.0039556 seconds, Stopping threads took: 0.0000192 seconds
2024-07-28T21:32:57.229+0800: 5.236: [CMS-concurrent-abortable-preclean: 0.005/0.244 secs] [Times: user=0.02 sys=0.02, real=0.24 secs] 
2024-07-28T21:32:57.230+0800: 5.236: Application time: 0.0003114 seconds
2024-07-28T21:32:57.230+0800: 5.237: [GC (CMS Final Remark) [YG occupancy: 12654 K (78656 K)]2024-07-28T21:32:57.230+0800: 5.237: [Rescan (parallel) , 0.0007943 secs]2024-07-28T21:32:57.231+0800: 5.237: [weak refs processing, 0.0000128 secs]2024-07-28T21:32:57.231+0800: 5.237: [class unloading, 0.0002140 secs]2024-07-28T21:32:57.231+0800: 5.238: [scrub symbol table, 0.0003467 secs]2024-07-28T21:32:57.231+0800: 5.238: [scrub string table, 0.0001127 secs][1 CMS-remark: 299669K(453368K)] 312324K(532024K), 0.0015490 secs] [Times: user=0.00 sys=0.00, real=0.00 secs] 
2024-07-28T21:32:57.231+0800: 5.238: Total time for which application threads were stopped: 0.0017292 seconds, Stopping threads took: 0.0001437 seconds
2024-07-28T21:32:57.232+0800: 5.238: [CMS-concurrent-sweep-start]
2024-07-28T21:32:57.233+0800: 5.240: [CMS-concurrent-sweep: 0.001/0.001 secs] [Times: user=0.00 sys=0.00, real=0.00 secs] 
2024-07-28T21:32:57.233+0800: 5.240: [CMS-concurrent-reset-start]
2024-07-28T21:32:57.234+0800: 5.241: [CMS-concurrent-reset: 0.001/0.001 secs] [Times: user=0.00 sys=0.00, real=0.00 secs] 
2024-07-28T21:32:57.236+0800: 5.243: Application time: 0.0047598 seconds
2024-07-28T21:32:57.236+0800: 5.243: [GC (Allocation Failure) 2024-07-28T21:32:57.236+0800: 5.243: [ParNew: 77167K->8192K(78656K), 0.0123396 secs] 232450K->232084K(532024K), 0.0123868 secs] [Times: user=0.03 sys=0.00, real=0.01 secs] 
2024-07-28T21:32:57.249+0800: 5.255: Total time for which application threads were stopped: 0.0124807 seconds, Stopping threads took: 0.0000126 seconds
2024-07-28T21:32:57.249+0800: 5.256: Application time: 0.0002163 seconds
2024-07-28T21:32:57.249+0800: 5.256: [GC (CMS Initial Mark) [1 CMS-initial-mark: 223892K(453368K)] 235523K(532024K), 0.0007054 secs] [Times: user=0.00 sys=0.00, real=0.00 secs] 
2024-07-28T21:32:57.250+0800: 5.256: Total time for which application threads were stopped: 0.0008304 seconds, Stopping threads took: 0.0000836 seconds
2024-07-28T21:32:57.250+0800: 5.257: [CMS-concurrent-mark-start]
2024-07-28T21:32:57.251+0800: 5.258: [CMS-concurrent-mark: 0.002/0.002 secs] [Times: user=0.00 sys=0.00, real=0.00 secs] 
2024-07-28T21:32:57.251+0800: 5.258: [CMS-concurrent-preclean-start]
2024-07-28T21:32:57.252+0800: 5.259: [CMS-concurrent-preclean: 0.001/0.001 secs] [Times: user=0.00 sys=0.00, real=0.00 secs] 
2024-07-28T21:32:57.252+0800: 5.259: [CMS-concurrent-abortable-preclean-start]
2024-07-28T21:32:57.371+0800: 5.377: Application time: 0.1209998 seconds
2024-07-28T21:32:57.371+0800: 5.378: [GC (Allocation Failure) 2024-07-28T21:32:57.371+0800: 5.378: [ParNew: 77167K->8192K(78656K), 0.0119690 secs] 301060K->300693K(532024K), 0.0120284 secs] [Times: user=0.03 sys=0.00, real=0.01 secs] 
2024-07-28T21:32:57.383+0800: 5.390: Total time for which application threads were stopped: 0.0121352 seconds, Stopping threads took: 0.0000176 seconds
2024-07-28T21:32:57.493+0800: 5.500: Application time: 0.1100521 seconds
2024-07-28T21:32:57.493+0800: 5.500: [GC (Allocation Failure) 2024-07-28T21:32:57.493+0800: 5.500: [ParNew: 77168K->8192K(78656K), 0.0040815 secs] 369669K->310933K(532024K), 0.0041389 secs] [Times: user=0.00 sys=0.00, real=0.00 secs] 
2024-07-28T21:32:57.496+0800: 5.504: Total time for which application threads were stopped: 0.0042597 seconds, Stopping threads took: 0.0000198 seconds
2024-07-28T21:32:57.496+0800: 5.504: [CMS-concurrent-abortable-preclean: 0.006/0.245 secs] [Times: user=0.03 sys=0.00, real=0.24 secs] 
2024-07-28T21:32:57.497+0800: 5.504: Application time: 0.0002851 seconds
2024-07-28T21:32:57.497+0800: 5.504: [GC (CMS Final Remark) [YG occupancy: 12655 K (78656 K)]2024-07-28T21:32:57.497+0800: 5.504: [Rescan (parallel) , 0.0007746 secs]2024-07-28T21:32:57.497+0800: 5.505: [weak refs processing, 0.0000134 secs]2024-07-28T21:32:57.497+0800: 5.505: [class unloading, 0.0002347 secs]2024-07-28T21:32:57.499+0800: 5.505: [scrub symbol table, 0.0003413 secs]2024-07-28T21:32:57.499+0800: 5.506: [scrub string table, 0.0000996 secs][1 CMS-remark: 302741K(453368K)] 315397K(532024K), 0.0015292 secs] [Times: user=0.00 sys=0.00, real=0.00 secs] 
2024-07-28T21:32:57.499+0800: 5.506: Total time for which application threads were stopped: 0.0016558 seconds, Stopping threads took: 0.0000886 seconds
2024-07-28T21:32:57.499+0800: 5.506: [CMS-concurrent-sweep-start]
2024-07-28T21:32:57.500+0800: 5.508: [CMS-concurrent-sweep: 0.001/0.001 secs] [Times: user=0.00 sys=0.00, real=0.00 secs] 
2024-07-28T21:32:57.500+0800: 5.508: [CMS-concurrent-reset-start]
2024-07-28T21:32:57.502+0800: 5.509: [CMS-concurrent-reset: 0.001/0.001 secs] [Times: user=0.00 sys=0.00, real=0.00 secs] 
2024-07-28T21:32:57.504+0800: 5.511: Application time: 0.0050680 seconds
2024-07-28T21:32:57.504+0800: 5.511: [GC (Allocation Failure) 2024-07-28T21:32:57.504+0800: 5.511: [ParNew: 77168K->8192K(78656K), 0.0125922 secs] 234499K->234132K(532024K), 0.0126436 secs] [Times: user=0.03 sys=0.00, real=0.01 secs] 
2024-07-28T21:32:57.516+0800: 5.524: Total time for which application threads were stopped: 0.0127437 seconds, Stopping threads took: 0.0000150 seconds
2024-07-28T21:32:57.516+0800: 5.524: Application time: 0.0001341 seconds
2024-07-28T21:32:57.516+0800: 5.524: [GC (CMS Initial Mark) [1 CMS-initial-mark: 225940K(453368K)] 237572K(532024K), 0.0008475 secs] [Times: user=0.00 sys=0.00, real=0.00 secs] 
2024-07-28T21:32:57.517+0800: 5.525: Total time for which application threads were stopped: 0.0010011 seconds, Stopping threads took: 0.0001090 seconds
2024-07-28T21:32:57.517+0800: 5.525: [CMS-concurrent-mark-start]
2024-07-28T21:32:57.519+0800: 5.527: [CMS-concurrent-mark: 0.002/0.002 secs] [Times: user=0.00 sys=0.00, real=0.00 secs] 
2024-07-28T21:32:57.519+0800: 5.527: [CMS-concurrent-preclean-start]
2024-07-28T21:32:57.521+0800: 5.528: [CMS-concurrent-preclean: 0.001/0.001 secs] [Times: user=0.01 sys=0.00, real=0.00 secs] 
2024-07-28T21:32:57.521+0800: 5.528: [CMS-concurrent-abortable-preclean-start]
2024-07-28T21:32:57.638+0800: 5.645: Application time: 0.1203956 seconds
2024-07-28T21:32:57.638+0800: 5.645: [GC (Allocation Failure) 2024-07-28T21:32:57.638+0800: 5.645: [ParNew: 77168K->8192K(78656K), 0.0132162 secs] 303109K->302741K(532024K), 0.0132757 secs] [Times: user=0.03 sys=0.00, real=0.01 secs] 
2024-07-28T21:32:57.651+0800: 5.659: Total time for which application threads were stopped: 0.0133971 seconds, Stopping threads took: 0.0000186 seconds
2024-07-28T21:32:57.762+0800: 5.769: Application time: 0.1101260 seconds
2024-07-28T21:32:57.762+0800: 5.769: [GC (Allocation Failure) 2024-07-28T21:32:57.762+0800: 5.769: [ParNew: 77168K->8192K(78656K), 0.0039141 secs] 371718K->314005K(532024K), 0.0039714 secs] [Times: user=0.00 sys=0.00, real=0.00 secs] 
2024-07-28T21:32:57.766+0800: 5.773: Total time for which application threads were stopped: 0.0040796 seconds, Stopping threads took: 0.0000190 seconds
2024-07-28T21:32:57.766+0800: 5.773: [CMS-concurrent-abortable-preclean: 0.005/0.245 secs] [Times: user=0.03 sys=0.00, real=0.25 secs] 
2024-07-28T21:32:57.766+0800: 5.773: Application time: 0.0003271 seconds
2024-07-28T21:32:57.766+0800: 5.773: [GC (CMS Final Remark) [YG occupancy: 12655 K (78656 K)]2024-07-28T21:32:57.766+0800: 5.773: [Rescan (parallel) , 0.0007281 secs]2024-07-28T21:32:57.767+0800: 5.774: [weak refs processing, 0.0000128 secs]2024-07-28T21:32:57.767+0800: 5.774: [class unloading, 0.0002117 secs]2024-07-28T21:32:57.767+0800: 5.774: [scrub symbol table, 0.0003561 secs]2024-07-28T21:32:57.768+0800: 5.775: [scrub string table, 0.0001124 secs][1 CMS-remark: 305813K(453368K)] 318469K(532024K), 0.0014895 secs] [Times: user=0.00 sys=0.00, real=0.00 secs] 
2024-07-28T21:32:57.768+0800: 5.775: Total time for which application threads were stopped: 0.0016684 seconds, Stopping threads took: 0.0001426 seconds
2024-07-28T21:32:57.768+0800: 5.775: [CMS-concurrent-sweep-start]
2024-07-28T21:32:57.770+0800: 5.777: [CMS-concurrent-sweep: 0.001/0.001 secs] [Times: user=0.03 sys=0.00, real=0.00 secs] 
2024-07-28T21:32:57.770+0800: 5.777: [CMS-concurrent-reset-start]
2024-07-28T21:32:57.771+0800: 5.778: [CMS-concurrent-reset: 0.001/0.001 secs] [Times: user=0.00 sys=0.00, real=0.00 secs] 
2024-07-28T21:32:57.773+0800: 5.780: Application time: 0.0047487 seconds
2024-07-28T21:32:57.773+0800: 5.780: [GC (Allocation Failure) 2024-07-28T21:32:57.773+0800: 5.780: [ParNew: 77168K->8192K(78656K), 0.0123834 secs] 236548K->236180K(532024K), 0.0124321 secs] [Times: user=0.00 sys=0.00, real=0.01 secs] 
2024-07-28T21:32:57.785+0800: 5.792: Total time for which application threads were stopped: 0.0125309 seconds, Stopping threads took: 0.0000125 seconds
2024-07-28T21:32:57.785+0800: 5.792: Application time: 0.0002223 seconds
2024-07-28T21:32:57.786+0800: 5.793: [GC (CMS Initial Mark) [1 CMS-initial-mark: 227988K(453368K)] 239620K(532024K), 0.0008337 secs] [Times: user=0.00 sys=0.00, real=0.00 secs] 
2024-07-28T21:32:57.786+0800: 5.793: Total time for which application threads were stopped: 0.0010201 seconds, Stopping threads took: 0.0001442 seconds
2024-07-28T21:32:57.787+0800: 5.793: [CMS-concurrent-mark-start]
2024-07-28T21:32:57.788+0800: 5.795: [CMS-concurrent-mark: 0.001/0.001 secs] [Times: user=0.00 sys=0.00, real=0.00 secs] 
2024-07-28T21:32:57.788+0800: 5.795: [CMS-concurrent-preclean-start]
2024-07-28T21:32:57.789+0800: 5.796: [CMS-concurrent-preclean: 0.001/0.001 secs] [Times: user=0.00 sys=0.00, real=0.00 secs] 
2024-07-28T21:32:57.789+0800: 5.796: [CMS-concurrent-abortable-preclean-start]
2024-07-28T21:32:57.907+0800: 5.914: Application time: 0.1202583 seconds
2024-07-28T21:32:57.907+0800: 5.914: [GC (Allocation Failure) 2024-07-28T21:32:57.907+0800: 5.914: [ParNew: 77168K->8192K(78656K), 0.0118262 secs] 305157K->304789K(532024K), 0.0119045 secs] [Times: user=0.03 sys=0.00, real=0.01 secs] 
2024-07-28T21:32:57.919+0800: 5.926: Total time for which application threads were stopped: 0.0120485 seconds, Stopping threads took: 0.0000188 seconds
2024-07-28T21:32:58.031+0800: 6.038: Application time: 0.1122441 seconds
2024-07-28T21:32:58.031+0800: 6.038: [GC (Allocation Failure) 2024-07-28T21:32:58.031+0800: 6.038: [ParNew: 77168K->8192K(78656K), 0.0039392 secs] 373766K->317077K(532024K), 0.0039979 secs] [Times: user=0.00 sys=0.00, real=0.00 secs] 
2024-07-28T21:32:58.035+0800: 6.042: Total time for which application threads were stopped: 0.0041207 seconds, Stopping threads took: 0.0000184 seconds
2024-07-28T21:32:58.035+0800: 6.042: [CMS-concurrent-abortable-preclean: 0.005/0.247 secs] [Times: user=0.03 sys=0.00, real=0.25 secs] 
2024-07-28T21:32:58.035+0800: 6.042: Application time: 0.0003202 seconds
2024-07-28T21:32:58.035+0800: 6.043: [GC (CMS Final Remark) [YG occupancy: 12655 K (78656 K)]2024-07-28T21:32:58.035+0800: 6.043: [Rescan (parallel) , 0.0011283 secs]2024-07-28T21:32:58.036+0800: 6.044: [weak refs processing, 0.0000130 secs]2024-07-28T21:32:58.036+0800: 6.044: [class unloading, 0.0002478 secs]2024-07-28T21:32:58.037+0800: 6.044: [scrub symbol table, 0.0003484 secs]2024-07-28T21:32:58.037+0800: 6.044: [scrub string table, 0.0001071 secs][1 CMS-remark: 308885K(453368K)] 321541K(532024K), 0.0019164 secs] [Times: user=0.03 sys=0.00, real=0.00 secs] 
2024-07-28T21:32:58.037+0800: 6.045: Total time for which application threads were stopped: 0.0021282 seconds, Stopping threads took: 0.0001745 seconds
2024-07-28T21:32:58.038+0800: 6.045: [CMS-concurrent-sweep-start]
2024-07-28T21:32:58.039+0800: 6.046: [CMS-concurrent-sweep: 0.001/0.001 secs] [Times: user=0.00 sys=0.00, real=0.00 secs] 
2024-07-28T21:32:58.039+0800: 6.046: [CMS-concurrent-reset-start]
2024-07-28T21:32:58.040+0800: 6.047: [CMS-concurrent-reset: 0.001/0.001 secs] [Times: user=0.00 sys=0.00, real=0.00 secs] 
2024-07-28T21:32:58.042+0800: 6.049: Application time: 0.0047439 seconds
2024-07-28T21:32:58.042+0800: 6.049: [GC (Allocation Failure) 2024-07-28T21:32:58.042+0800: 6.049: [ParNew: 77168K->8192K(78656K), 0.0123927 secs] 238596K->238228K(532024K), 0.0124409 secs] [Times: user=0.03 sys=0.00, real=0.01 secs] 
2024-07-28T21:32:58.055+0800: 6.062: Total time for which application threads were stopped: 0.0125569 seconds, Stopping threads took: 0.0000123 seconds
2024-07-28T21:32:58.055+0800: 6.062: Application time: 0.0002405 seconds
2024-07-28T21:32:58.055+0800: 6.062: [GC (CMS Initial Mark) [1 CMS-initial-mark: 230036K(453368K)] 241668K(532024K), 0.0008130 secs] [Times: user=0.00 sys=0.00, real=0.00 secs] 
2024-07-28T21:32:58.056+0800: 6.063: Total time for which application threads were stopped: 0.0009287 seconds, Stopping threads took: 0.0000749 seconds
2024-07-28T21:32:58.056+0800: 6.063: [CMS-concurrent-mark-start]
2024-07-28T21:32:58.057+0800: 6.064: [CMS-concurrent-mark: 0.001/0.001 secs] [Times: user=0.00 sys=0.00, real=0.00 secs] 
2024-07-28T21:32:58.057+0800: 6.064: [CMS-concurrent-preclean-start]
2024-07-28T21:32:58.058+0800: 6.065: [CMS-concurrent-preclean: 0.001/0.001 secs] [Times: user=0.00 sys=0.00, real=0.00 secs] 
2024-07-28T21:32:58.058+0800: 6.065: [CMS-concurrent-abortable-preclean-start]
2024-07-28T21:32:58.173+0800: 6.180: Application time: 0.1170727 seconds
2024-07-28T21:32:58.173+0800: 6.180: [GC (Allocation Failure) 2024-07-28T21:32:58.173+0800: 6.180: [ParNew: 77168K->8192K(78656K), 0.0122851 secs] 307205K->306837K(532024K), 0.0123443 secs] [Times: user=0.02 sys=0.01, real=0.01 secs] 
2024-07-28T21:32:58.185+0800: 6.193: Total time for which application threads were stopped: 0.0124589 seconds, Stopping threads took: 0.0000216 seconds
2024-07-28T21:32:58.298+0800: 6.305: Application time: 0.1129126 seconds
2024-07-28T21:32:58.299+0800: 6.306: [GC (Allocation Failure) 2024-07-28T21:32:58.299+0800: 6.306: [ParNew: 77360K->8196K(78656K), 0.0043666 secs] 376006K->320154K(532024K), 0.0044258 secs] [Times: user=0.03 sys=0.00, real=0.00 secs] 
2024-07-28T21:32:58.303+0800: 6.310: Total time for which application threads were stopped: 0.0045464 seconds, Stopping threads took: 0.0000196 seconds
2024-07-28T21:32:58.303+0800: 6.310: [CMS-concurrent-abortable-preclean: 0.005/0.245 secs] [Times: user=0.05 sys=0.01, real=0.24 secs] 
2024-07-28T21:32:58.303+0800: 6.310: Application time: 0.0003348 seconds
2024-07-28T21:32:58.304+0800: 6.310: [GC (CMS Final Remark) [YG occupancy: 13682 K (78656 K)]2024-07-28T21:32:58.304+0800: 6.310: [Rescan (parallel) , 0.0012004 secs]2024-07-28T21:32:58.305+0800: 6.312: [weak refs processing, 0.0000135 secs]2024-07-28T21:32:58.305+0800: 6.312: [class unloading, 0.0002238 secs]2024-07-28T21:32:58.305+0800: 6.312: [scrub symbol table, 0.0003170 secs]2024-07-28T21:32:58.305+0800: 6.312: [scrub string table, 0.0000897 secs][1 CMS-remark: 311957K(453368K)] 325640K(532024K), 0.0019101 secs] [Times: user=0.00 sys=0.00, real=0.00 secs] 
2024-07-28T21:32:58.305+0800: 6.312: Total time for which application threads were stopped: 0.0020471 seconds, Stopping threads took: 0.0000993 seconds
2024-07-28T21:32:58.306+0800: 6.313: [CMS-concurrent-sweep-start]
2024-07-28T21:32:58.307+0800: 6.314: [CMS-concurrent-sweep: 0.001/0.001 secs] [Times: user=0.00 sys=0.00, real=0.00 secs] 
2024-07-28T21:32:58.307+0800: 6.314: [CMS-concurrent-reset-start]
2024-07-28T21:32:58.308+0800: 6.315: [CMS-concurrent-reset: 0.001/0.001 secs] [Times: user=0.00 sys=0.00, real=0.00 secs] 
2024-07-28T21:32:58.310+0800: 6.317: Application time: 0.0046441 seconds
2024-07-28T21:32:58.310+0800: 6.317: [GC (Allocation Failure) 2024-07-28T21:32:58.310+0800: 6.317: [ParNew: 77171K->8192K(78656K), 0.0120794 secs] 240647K->240276K(532024K), 0.0121276 secs] [Times: user=0.03 sys=0.00, real=0.01 secs] 
2024-07-28T21:32:58.322+0800: 6.329: Total time for which application threads were stopped: 0.0122322 seconds, Stopping threads took: 0.0000130 seconds
2024-07-28T21:32:58.323+0800: 6.330: Application time: 0.0002277 seconds
2024-07-28T21:32:58.323+0800: 6.330: [GC (CMS Initial Mark) [1 CMS-initial-mark: 232084K(453368K)] 243715K(532024K), 0.0007932 secs] [Times: user=0.00 sys=0.00, real=0.00 secs] 
2024-07-28T21:32:58.324+0800: 6.330: Total time for which application threads were stopped: 0.0009287 seconds, Stopping threads took: 0.0000940 seconds
2024-07-28T21:32:58.324+0800: 6.330: [CMS-concurrent-mark-start]
2024-07-28T21:32:58.325+0800: 6.332: [CMS-concurrent-mark: 0.002/0.002 secs] [Times: user=0.00 sys=0.00, real=0.00 secs] 
2024-07-28T21:32:58.325+0800: 6.332: [CMS-concurrent-preclean-start]
2024-07-28T21:32:58.326+0800: 6.333: [CMS-concurrent-preclean: 0.001/0.001 secs] [Times: user=0.00 sys=0.00, real=0.00 secs] 
2024-07-28T21:32:58.326+0800: 6.333: [CMS-concurrent-abortable-preclean-start]
2024-07-28T21:32:58.442+0800: 6.448: Application time: 0.1180080 seconds
2024-07-28T21:32:58.442+0800: 6.449: [GC (Allocation Failure) 2024-07-28T21:32:58.442+0800: 6.449: [ParNew: 77167K->8192K(78656K), 0.0120763 secs] 309252K->308885K(532024K), 0.0121398 secs] [Times: user=0.03 sys=0.00, real=0.01 secs] 
2024-07-28T21:32:58.453+0800: 6.461: Total time for which application threads were stopped: 0.0122552 seconds, Stopping threads took: 0.0000192 seconds
2024-07-28T21:32:58.567+0800: 6.573: Application time: 0.1126490 seconds
2024-07-28T21:32:58.567+0800: 6.573: [GC (Allocation Failure) 2024-07-28T21:32:58.567+0800: 6.573: [ParNew: 77168K->8192K(78656K), 0.0042369 secs] 377861K->323222K(532024K), 0.0042934 secs] [Times: user=0.03 sys=0.00, real=0.00 secs] 
2024-07-28T21:32:58.571+0800: 6.578: Total time for which application threads were stopped: 0.0044020 seconds, Stopping threads took: 0.0000185 seconds
2024-07-28T21:32:58.571+0800: 6.578: [CMS-concurrent-abortable-preclean: 0.006/0.245 secs] [Times: user=0.06 sys=0.00, real=0.25 secs] 
2024-07-28T21:32:58.571+0800: 6.578: Application time: 0.0003173 seconds
2024-07-28T21:32:58.571+0800: 6.578: [GC (CMS Final Remark) [YG occupancy: 12655 K (78656 K)]2024-07-28T21:32:58.572+0800: 6.578: [Rescan (parallel) , 0.0007986 secs]2024-07-28T21:32:58.572+0800: 6.579: [weak refs processing, 0.0000128 secs]2024-07-28T21:32:58.572+0800: 6.579: [class unloading, 0.0002299 secs]2024-07-28T21:32:58.573+0800: 6.579: [scrub symbol table, 0.0003154 secs]2024-07-28T21:32:58.573+0800: 6.580: [scrub string table, 0.0001024 secs][1 CMS-remark: 315029K(453368K)] 327685K(532024K), 0.0015292 secs] [Times: user=0.00 sys=0.00, real=0.00 secs] 
2024-07-28T21:32:58.573+0800: 6.580: Total time for which application threads were stopped: 0.0016523 seconds, Stopping threads took: 0.0000876 seconds
2024-07-28T21:32:58.573+0800: 6.580: [CMS-concurrent-sweep-start]
2024-07-28T21:32:58.574+0800: 6.581: [CMS-concurrent-sweep: 0.001/0.001 secs] [Times: user=0.00 sys=0.00, real=0.00 secs] 
2024-07-28T21:32:58.574+0800: 6.581: [CMS-concurrent-reset-start]
2024-07-28T21:32:58.576+0800: 6.582: [CMS-concurrent-reset: 0.001/0.001 secs] [Times: user=0.00 sys=0.00, real=0.00 secs] 
2024-07-28T21:32:58.578+0800: 6.585: Application time: 0.0053114 seconds
2024-07-28T21:32:58.578+0800: 6.585: [GC (Allocation Failure) 2024-07-28T21:32:58.578+0800: 6.585: [ParNew: 77168K->8192K(78656K), 0.0118837 secs] 242692K->242324K(532024K), 0.0119335 secs] [Times: user=0.03 sys=0.00, real=0.01 secs] 
2024-07-28T21:32:58.590+0800: 6.597: Total time for which application threads were stopped: 0.0120358 seconds, Stopping threads took: 0.0000163 seconds
2024-07-28T21:32:58.591+0800: 6.597: Application time: 0.0001907 seconds
2024-07-28T21:32:58.591+0800: 6.597: [GC (CMS Initial Mark) [1 CMS-initial-mark: 234132K(453368K)] 245764K(532024K), 0.0008075 secs] [Times: user=0.00 sys=0.00, real=0.00 secs] 
2024-07-28T21:32:58.592+0800: 6.598: Total time for which application threads were stopped: 0.0009508 seconds, Stopping threads took: 0.0000973 seconds
2024-07-28T21:32:58.592+0800: 6.598: [CMS-concurrent-mark-start]
2024-07-28T21:32:58.593+0800: 6.600: [CMS-concurrent-mark: 0.001/0.001 secs] [Times: user=0.00 sys=0.00, real=0.00 secs] 
2024-07-28T21:32:58.593+0800: 6.600: [CMS-concurrent-preclean-start]
2024-07-28T21:32:58.594+0800: 6.600: [CMS-concurrent-preclean: 0.001/0.001 secs] [Times: user=0.00 sys=0.00, real=0.00 secs] 
2024-07-28T21:32:58.594+0800: 6.600: [CMS-concurrent-abortable-preclean-start]
2024-07-28T21:32:58.708+0800: 6.715: Application time: 0.1170950 seconds
2024-07-28T21:32:58.708+0800: 6.715: [GC (Allocation Failure) 2024-07-28T21:32:58.708+0800: 6.715: [ParNew: 77168K->8192K(78656K), 0.0122286 secs] 311301K->310933K(532024K), 0.0122849 secs] [Times: user=0.00 sys=0.00, real=0.01 secs] 
2024-07-28T21:32:58.720+0800: 6.728: Total time for which application threads were stopped: 0.0123962 seconds, Stopping threads took: 0.0000202 seconds
2024-07-28T21:32:58.833+0800: 6.840: Application time: 0.1120902 seconds
2024-07-28T21:32:58.833+0800: 6.840: [GC (Allocation Failure) 2024-07-28T21:32:58.833+0800: 6.840: [ParNew: 77168K->8192K(78656K), 0.0047592 secs] 379910K->326294K(532024K), 0.0048225 secs] [Times: user=0.00 sys=0.00, real=0.01 secs] 
2024-07-28T21:32:58.838+0800: 6.845: Total time for which application threads were stopped: 0.0049372 seconds, Stopping threads took: 0.0000191 seconds
2024-07-28T21:32:58.838+0800: 6.845: [CMS-concurrent-abortable-preclean: 0.005/0.245 secs] [Times: user=0.05 sys=0.00, real=0.24 secs] 
2024-07-28T21:32:58.838+0800: 6.845: Application time: 0.0002956 seconds
2024-07-28T21:32:58.838+0800: 6.845: [GC (CMS Final Remark) [YG occupancy: 12655 K (78656 K)]2024-07-28T21:32:58.838+0800: 6.845: [Rescan (parallel) , 0.0009525 secs]2024-07-28T21:32:58.839+0800: 6.846: [weak refs processing, 0.0000127 secs]2024-07-28T21:32:58.839+0800: 6.846: [class unloading, 0.0002263 secs]2024-07-28T21:32:58.840+0800: 6.846: [scrub symbol table, 0.0003451 secs]2024-07-28T21:32:58.840+0800: 6.847: [scrub string table, 0.0000994 secs][1 CMS-remark: 318102K(453368K)] 330757K(532024K), 0.0016988 secs] [Times: user=0.00 sys=0.00, real=0.00 secs] 
2024-07-28T21:32:58.840+0800: 6.847: Total time for which application threads were stopped: 0.0018422 seconds, Stopping threads took: 0.0000974 seconds
2024-07-28T21:32:58.840+0800: 6.847: [CMS-concurrent-sweep-start]
2024-07-28T21:32:58.842+0800: 6.849: [CMS-concurrent-sweep: 0.002/0.002 secs] [Times: user=0.00 sys=0.00, real=0.00 secs] 
2024-07-28T21:32:58.842+0800: 6.849: [CMS-concurrent-reset-start]
2024-07-28T21:32:58.843+0800: 6.850: [CMS-concurrent-reset: 0.001/0.001 secs] [Times: user=0.00 sys=0.00, real=0.00 secs] 
2024-07-28T21:32:58.845+0800: 6.852: Application time: 0.0052200 seconds
2024-07-28T21:32:58.845+0800: 6.852: [GC (Allocation Failure) 2024-07-28T21:32:58.845+0800: 6.852: [ParNew: 77168K->8192K(78656K), 0.0118799 secs] 244740K->244372K(532024K), 0.0119306 secs] [Times: user=0.03 sys=0.00, real=0.01 secs] 
2024-07-28T21:32:58.857+0800: 6.864: Total time for which application threads were stopped: 0.0120317 seconds, Stopping threads took: 0.0000154 seconds
2024-07-28T21:32:58.858+0800: 6.864: Application time: 0.0002221 seconds
2024-07-28T21:32:58.858+0800: 6.865: [GC (CMS Initial Mark) [1 CMS-initial-mark: 236180K(453368K)] 247812K(532024K), 0.0008150 secs] [Times: user=0.00 sys=0.00, real=0.00 secs] 
2024-07-28T21:32:58.859+0800: 6.865: Total time for which application threads were stopped: 0.0010032 seconds, Stopping threads took: 0.0001280 seconds
2024-07-28T21:32:58.859+0800: 6.865: [CMS-concurrent-mark-start]
2024-07-28T21:32:58.860+0800: 6.867: [CMS-concurrent-mark: 0.001/0.001 secs] [Times: user=0.00 sys=0.00, real=0.00 secs] 
2024-07-28T21:32:58.860+0800: 6.867: [CMS-concurrent-preclean-start]
2024-07-28T21:32:58.861+0800: 6.868: [CMS-concurrent-preclean: 0.001/0.001 secs] [Times: user=0.00 sys=0.00, real=0.00 secs] 
2024-07-28T21:32:58.861+0800: 6.868: [CMS-concurrent-abortable-preclean-start]
2024-07-28T21:32:58.976+0800: 6.983: Application time: 0.1176765 seconds
2024-07-28T21:32:58.976+0800: 6.983: [GC (Allocation Failure) 2024-07-28T21:32:58.976+0800: 6.983: [ParNew: 77168K->8192K(78656K), 0.0124098 secs] 313349K->312981K(532024K), 0.0124680 secs] [Times: user=0.00 sys=0.00, real=0.01 secs] 
2024-07-28T21:32:58.989+0800: 6.996: Total time for which application threads were stopped: 0.0125885 seconds, Stopping threads took: 0.0000316 seconds
2024-07-28T21:32:59.100+0800: 7.108: Application time: 0.1118556 seconds
2024-07-28T21:32:59.100+0800: 7.108: [GC (Allocation Failure) 2024-07-28T21:32:59.100+0800: 7.108: [ParNew: 77168K->8192K(78656K), 0.0048928 secs] 381958K->329366K(532024K), 0.0049631 secs] [Times: user=0.00 sys=0.00, real=0.01 secs] 
2024-07-28T21:32:59.105+0800: 7.113: Total time for which application threads were stopped: 0.0050910 seconds, Stopping threads took: 0.0000357 seconds
2024-07-28T21:32:59.105+0800: 7.113: [CMS-concurrent-abortable-preclean: 0.005/0.245 secs] [Times: user=0.03 sys=0.00, real=0.24 secs] 
2024-07-28T21:32:59.105+0800: 7.113: Application time: 0.0003027 seconds
2024-07-28T21:32:59.105+0800: 7.113: [GC (CMS Final Remark) [YG occupancy: 11631 K (78656 K)]2024-07-28T21:32:59.105+0800: 7.113: [Rescan (parallel) , 0.0009072 secs]2024-07-28T21:32:59.106+0800: 7.114: [weak refs processing, 0.0000132 secs]2024-07-28T21:32:59.106+0800: 7.114: [class unloading, 0.0002098 secs]2024-07-28T21:32:59.107+0800: 7.114: [scrub symbol table, 0.0003138 secs]2024-07-28T21:32:59.107+0800: 7.115: [scrub string table, 0.0000905 secs][1 CMS-remark: 321174K(453368K)] 332805K(532024K), 0.0016002 secs] [Times: user=0.00 sys=0.00, real=0.00 secs] 
2024-07-28T21:32:59.107+0800: 7.115: Total time for which application threads were stopped: 0.0017563 seconds, Stopping threads took: 0.0001162 seconds
2024-07-28T21:32:59.107+0800: 7.115: [CMS-concurrent-sweep-start]
2024-07-28T21:32:59.110+0800: 7.116: [CMS-concurrent-sweep: 0.002/0.002 secs] [Times: user=0.00 sys=0.00, real=0.00 secs] 
2024-07-28T21:32:59.110+0800: 7.117: [CMS-concurrent-reset-start]
2024-07-28T21:32:59.112+0800: 7.118: [CMS-concurrent-reset: 0.002/0.002 secs] [Times: user=0.00 sys=0.00, real=0.00 secs] 
2024-07-28T21:32:59.113+0800: 7.120: Application time: 0.0050437 seconds
2024-07-28T21:32:59.113+0800: 7.120: [GC (Allocation Failure) 2024-07-28T21:32:59.113+0800: 7.120: [ParNew: 77168K->8192K(78656K), 0.0124915 secs] 246788K->246420K(532024K), 0.0125408 secs] [Times: user=0.03 sys=0.00, real=0.01 secs] 
2024-07-28T21:32:59.125+0800: 7.132: Total time for which application threads were stopped: 0.0126384 seconds, Stopping threads took: 0.0000133 seconds
2024-07-28T21:32:59.125+0800: 7.133: Application time: 0.0002285 seconds
2024-07-28T21:32:59.125+0800: 7.133: [GC (CMS Initial Mark) [1 CMS-initial-mark: 238228K(453368K)] 249860K(532024K), 0.0008738 secs] [Times: user=0.00 sys=0.00, real=0.00 secs] 
2024-07-28T21:32:59.126+0800: 7.134: Total time for which application threads were stopped: 0.0010101 seconds, Stopping threads took: 0.0000875 seconds
2024-07-28T21:32:59.126+0800: 7.134: [CMS-concurrent-mark-start]
2024-07-28T21:32:59.127+0800: 7.135: [CMS-concurrent-mark: 0.001/0.001 secs] [Times: user=0.00 sys=0.00, real=0.00 secs] 
2024-07-28T21:32:59.127+0800: 7.135: [CMS-concurrent-preclean-start]
2024-07-28T21:32:59.128+0800: 7.136: [CMS-concurrent-preclean: 0.001/0.001 secs] [Times: user=0.00 sys=0.00, real=0.00 secs] 
2024-07-28T21:32:59.128+0800: 7.136: [CMS-concurrent-abortable-preclean-start]
2024-07-28T21:32:59.246+0800: 7.254: Application time: 0.1199520 seconds
2024-07-28T21:32:59.246+0800: 7.254: [GC (Allocation Failure) 2024-07-28T21:32:59.247+0800: 7.254: [ParNew: 77168K->8204K(78656K), 0.0122477 secs] 315397K->315042K(532024K), 0.0123110 secs] [Times: user=0.03 sys=0.00, real=0.01 secs] 
2024-07-28T21:32:59.259+0800: 7.266: Total time for which application threads were stopped: 0.0124269 seconds, Stopping threads took: 0.0000233 seconds
2024-07-28T21:32:59.371+0800: 7.378: Application time: 0.1119346 seconds
2024-07-28T21:32:59.371+0800: 7.378: [GC (Allocation Failure) 2024-07-28T21:32:59.371+0800: 7.378: [ParNew: 77180K->8192K(78656K), 0.0047940 secs] 384018K->332438K(532024K), 0.0048712 secs] [Times: user=0.00 sys=0.00, real=0.00 secs] 
2024-07-28T21:32:59.376+0800: 7.383: Total time for which application threads were stopped: 0.0049903 seconds, Stopping threads took: 0.0000192 seconds
2024-07-28T21:32:59.376+0800: 7.383: [CMS-concurrent-abortable-preclean: 0.005/0.247 secs] [Times: user=0.03 sys=0.00, real=0.25 secs] 
2024-07-28T21:32:59.376+0800: 7.383: Application time: 0.0003283 seconds
2024-07-28T21:32:59.376+0800: 7.383: [GC (CMS Final Remark) [YG occupancy: 13679 K (78656 K)]2024-07-28T21:32:59.376+0800: 7.383: [Rescan (parallel) , 0.0011172 secs]2024-07-28T21:32:59.377+0800: 7.385: [weak refs processing, 0.0000135 secs]2024-07-28T21:32:59.377+0800: 7.385: [class unloading, 0.0002136 secs]2024-07-28T21:32:59.378+0800: 7.385: [scrub symbol table, 0.0003107 secs]2024-07-28T21:32:59.378+0800: 7.385: [scrub string table, 0.0000955 secs][1 CMS-remark: 324246K(453368K)] 337926K(532024K), 0.0018229 secs] [Times: user=0.00 sys=0.00, real=0.00 secs] 
2024-07-28T21:32:59.378+0800: 7.385: Total time for which application threads were stopped: 0.0020161 seconds, Stopping threads took: 0.0001530 seconds
2024-07-28T21:32:59.378+0800: 7.385: [CMS-concurrent-sweep-start]
2024-07-28T21:32:59.380+0800: 7.387: [CMS-concurrent-sweep: 0.002/0.002 secs] [Times: user=0.03 sys=0.00, real=0.00 secs] 
2024-07-28T21:32:59.380+0800: 7.387: [CMS-concurrent-reset-start]
2024-07-28T21:32:59.381+0800: 7.388: [CMS-concurrent-reset: 0.001/0.001 secs] [Times: user=0.00 sys=0.00, real=0.00 secs] 
2024-07-28T21:32:59.383+0800: 7.390: Application time: 0.0047488 seconds
2024-07-28T21:32:59.383+0800: 7.390: [GC (Allocation Failure) 2024-07-28T21:32:59.383+0800: 7.390: [ParNew: 77168K->8192K(78656K), 0.0119481 secs] 248837K->248469K(532024K), 0.0119955 secs] [Times: user=0.03 sys=0.00, real=0.01 secs] 
2024-07-28T21:32:59.395+0800: 7.402: Total time for which application threads were stopped: 0.0120944 seconds, Stopping threads took: 0.0000148 seconds
2024-07-28T21:32:59.395+0800: 7.402: Application time: 0.0001898 seconds
2024-07-28T21:32:59.395+0800: 7.402: [GC (CMS Initial Mark) [1 CMS-initial-mark: 240277K(453368K)] 251909K(532024K), 0.0005015 secs] [Times: user=0.00 sys=0.00, real=0.00 secs] 
2024-07-28T21:32:59.396+0800: 7.403: Total time for which application threads were stopped: 0.0005985 seconds, Stopping threads took: 0.0000553 seconds
2024-07-28T21:32:59.396+0800: 7.403: [CMS-concurrent-mark-start]
2024-07-28T21:32:59.397+0800: 7.404: [CMS-concurrent-mark: 0.001/0.001 secs] [Times: user=0.00 sys=0.00, real=0.00 secs] 
2024-07-28T21:32:59.397+0800: 7.404: [CMS-concurrent-preclean-start]
2024-07-28T21:32:59.398+0800: 7.405: [CMS-concurrent-preclean: 0.001/0.001 secs] [Times: user=0.00 sys=0.00, real=0.00 secs] 
2024-07-28T21:32:59.398+0800: 7.405: [CMS-concurrent-abortable-preclean-start]
2024-07-28T21:32:59.516+0800: 7.523: Application time: 0.1200718 seconds
2024-07-28T21:32:59.516+0800: 7.523: [GC (Allocation Failure) 2024-07-28T21:32:59.516+0800: 7.523: [ParNew: 77168K->8192K(78656K), 0.0117899 secs] 317446K->317078K(532024K), 0.0118607 secs] [Times: user=0.03 sys=0.00, real=0.01 secs] 
2024-07-28T21:32:59.528+0800: 7.535: Total time for which application threads were stopped: 0.0119705 seconds, Stopping threads took: 0.0000186 seconds
2024-07-28T21:32:59.639+0800: 7.647: Application time: 0.1118726 seconds
2024-07-28T21:32:59.639+0800: 7.647: [GC (Allocation Failure) 2024-07-28T21:32:59.639+0800: 7.647: [ParNew: 77168K->8192K(78656K), 0.0061088 secs] 386055K->335510K(532024K), 0.0061664 secs] [Times: user=0.03 sys=0.00, real=0.01 secs] 
2024-07-28T21:32:59.645+0800: 7.653: Total time for which application threads were stopped: 0.0062777 seconds, Stopping threads took: 0.0000185 seconds
2024-07-28T21:32:59.645+0800: 7.653: [CMS-concurrent-abortable-preclean: 0.005/0.248 secs] [Times: user=0.06 sys=0.00, real=0.25 secs] 
2024-07-28T21:32:59.646+0800: 7.653: Application time: 0.0002316 seconds
2024-07-28T21:32:59.646+0800: 7.654: [GC (CMS Final Remark) [YG occupancy: 11631 K (78656 K)]2024-07-28T21:32:59.646+0800: 7.654: [Rescan (parallel) , 0.0009388 secs]2024-07-28T21:32:59.647+0800: 7.654: [weak refs processing, 0.0000131 secs]2024-07-28T21:32:59.647+0800: 7.654: [class unloading, 0.0003193 secs]2024-07-28T21:32:59.647+0800: 7.655: [scrub symbol table, 0.0005155 secs]2024-07-28T21:32:59.648+0800: 7.655: [scrub string table, 0.0001737 secs][1 CMS-remark: 327318K(453368K)] 338950K(532024K), 0.0020562 secs] [Times: user=0.00 sys=0.00, real=0.00 secs] 
2024-07-28T21:32:59.648+0800: 7.656: Total time for which application threads were stopped: 0.0022546 seconds, Stopping threads took: 0.0001426 seconds
2024-07-28T21:32:59.648+0800: 7.656: [CMS-concurrent-sweep-start]
2024-07-28T21:32:59.651+0800: 7.658: [CMS-concurrent-sweep: 0.002/0.002 secs] [Times: user=0.00 sys=0.00, real=0.00 secs] 
2024-07-28T21:32:59.651+0800: 7.658: [CMS-concurrent-reset-start]
2024-07-28T21:32:59.652+0800: 7.659: [CMS-concurrent-reset: 0.001/0.001 secs] [Times: user=0.00 sys=0.00, real=0.00 secs] 
2024-07-28T21:32:59.654+0800: 7.661: Application time: 0.0053541 seconds
2024-07-28T21:32:59.654+0800: 7.661: [GC (Allocation Failure) 2024-07-28T21:32:59.654+0800: 7.661: [ParNew: 77168K->8192K(78656K), 0.0120998 secs] 250885K->250517K(532024K), 0.0121734 secs] [Times: user=0.03 sys=0.00, real=0.01 secs] 
2024-07-28T21:32:59.666+0800: 7.673: Total time for which application threads were stopped: 0.0123036 seconds, Stopping threads took: 0.0000229 seconds
2024-07-28T21:32:59.666+0800: 7.674: Application time: 0.0002382 seconds
2024-07-28T21:32:59.666+0800: 7.674: [GC (CMS Initial Mark) [1 CMS-initial-mark: 242325K(453368K)] 253957K(532024K), 0.0007682 secs] [Times: user=0.00 sys=0.00, real=0.00 secs] 
2024-07-28T21:32:59.667+0800: 7.674: Total time for which application threads were stopped: 0.0008659 seconds, Stopping threads took: 0.0000573 seconds
2024-07-28T21:32:59.667+0800: 7.674: [CMS-concurrent-mark-start]
2024-07-28T21:32:59.668+0800: 7.676: [CMS-concurrent-mark: 0.001/0.001 secs] [Times: user=0.00 sys=0.00, real=0.00 secs] 
2024-07-28T21:32:59.668+0800: 7.676: [CMS-concurrent-preclean-start]
2024-07-28T21:32:59.668+0800: 7.676: [CMS-concurrent-preclean: 0.001/0.001 secs] [Times: user=0.00 sys=0.00, real=0.00 secs] 
2024-07-28T21:32:59.670+0800: 7.676: [CMS-concurrent-abortable-preclean-start]
2024-07-28T21:32:59.784+0800: 7.791: Application time: 0.1165719 seconds
2024-07-28T21:32:59.784+0800: 7.791: [GC (Allocation Failure) 2024-07-28T21:32:59.784+0800: 7.791: [ParNew: 77168K->8192K(78656K), 0.0122587 secs] 319494K->319126K(532024K), 0.0123170 secs] [Times: user=0.03 sys=0.00, real=0.01 secs] 
2024-07-28T21:32:59.797+0800: 7.803: Total time for which application threads were stopped: 0.0124637 seconds, Stopping threads took: 0.0000329 seconds
2024-07-28T21:32:59.907+0800: 7.914: Application time: 0.1109565 seconds
2024-07-28T21:32:59.907+0800: 7.914: [GC (Allocation Failure) 2024-07-28T21:32:59.907+0800: 7.914: [ParNew: 77168K->8192K(78656K), 0.0052673 secs] 388103K->338582K(532024K), 0.0053260 secs] [Times: user=0.03 sys=0.00, real=0.00 secs] 
2024-07-28T21:32:59.912+0800: 7.920: Total time for which application threads were stopped: 0.0054393 seconds, Stopping threads took: 0.0000201 seconds
2024-07-28T21:32:59.913+0800: 7.920: [CMS-concurrent-abortable-preclean: 0.006/0.244 secs] [Times: user=0.08 sys=0.00, real=0.24 secs] 
2024-07-28T21:32:59.913+0800: 7.920: Application time: 0.0003828 seconds
2024-07-28T21:32:59.913+0800: 7.920: [GC (CMS Final Remark) [YG occupancy: 14703 K (78656 K)]2024-07-28T21:32:59.913+0800: 7.920: [Rescan (parallel) , 0.0006467 secs]2024-07-28T21:32:59.914+0800: 7.921: [weak refs processing, 0.0000127 secs]2024-07-28T21:32:59.914+0800: 7.921: [class unloading, 0.0002333 secs]2024-07-28T21:32:59.914+0800: 7.921: [scrub symbol table, 0.0003456 secs]2024-07-28T21:32:59.914+0800: 7.922: [scrub string table, 0.0001005 secs][1 CMS-remark: 330390K(453368K)] 345094K(532024K), 0.0014019 secs] [Times: user=0.00 sys=0.00, real=0.00 secs] 
2024-07-28T21:32:59.914+0800: 7.922: Total time for which application threads were stopped: 0.0015725 seconds, Stopping threads took: 0.0001351 seconds
2024-07-28T21:32:59.915+0800: 7.922: [CMS-concurrent-sweep-start]
2024-07-28T21:32:59.916+0800: 7.924: [CMS-concurrent-sweep: 0.002/0.002 secs] [Times: user=0.00 sys=0.00, real=0.00 secs] 
2024-07-28T21:32:59.916+0800: 7.924: [CMS-concurrent-reset-start]
2024-07-28T21:32:59.917+0800: 7.925: [CMS-concurrent-reset: 0.001/0.001 secs] [Times: user=0.00 sys=0.00, real=0.00 secs] 
2024-07-28T21:32:59.919+0800: 7.927: Application time: 0.0047666 seconds
2024-07-28T21:32:59.919+0800: 7.927: [GC (Allocation Failure) 2024-07-28T21:32:59.919+0800: 7.927: [ParNew: 77168K->8192K(78656K), 0.0120363 secs] 252933K->252565K(532024K), 0.0120843 secs] [Times: user=0.03 sys=0.00, real=0.01 secs] 
2024-07-28T21:32:59.931+0800: 7.939: Total time for which application threads were stopped: 0.0121925 seconds, Stopping threads took: 0.0000263 seconds
2024-07-28T21:32:59.931+0800: 7.939: Application time: 0.0001816 seconds
2024-07-28T21:32:59.932+0800: 7.939: [GC (CMS Initial Mark) [1 CMS-initial-mark: 244373K(453368K)] 256005K(532024K), 0.0007434 secs] [Times: user=0.00 sys=0.00, real=0.00 secs] 
2024-07-28T21:32:59.932+0800: 7.940: Total time for which application threads were stopped: 0.0008759 seconds, Stopping threads took: 0.0000887 seconds
2024-07-28T21:32:59.932+0800: 7.940: [CMS-concurrent-mark-start]
2024-07-28T21:32:59.934+0800: 7.941: [CMS-concurrent-mark: 0.001/0.001 secs] [Times: user=0.00 sys=0.00, real=0.00 secs] 
2024-07-28T21:32:59.934+0800: 7.941: [CMS-concurrent-preclean-start]
2024-07-28T21:32:59.934+0800: 7.942: [CMS-concurrent-preclean: 0.001/0.001 secs] [Times: user=0.00 sys=0.00, real=0.00 secs] 
2024-07-28T21:32:59.934+0800: 7.942: [CMS-concurrent-abortable-preclean-start]
2024-07-28T21:33:00.049+0800: 8.057: Application time: 0.1168972 seconds
2024-07-28T21:33:00.049+0800: 8.057: [GC (Allocation Failure) 2024-07-28T21:33:00.049+0800: 8.057: [ParNew: 77168K->8192K(78656K), 0.0126531 secs] 321542K->321174K(532024K), 0.0127314 secs] [Times: user=0.03 sys=0.00, real=0.01 secs] 
2024-07-28T21:33:00.062+0800: 8.070: Total time for which application threads were stopped: 0.0128396 seconds, Stopping threads took: 0.0000182 seconds
2024-07-28T21:33:00.173+0800: 8.180: Application time: 0.1104354 seconds
2024-07-28T21:33:00.173+0800: 8.180: [GC (Allocation Failure) 2024-07-28T21:33:00.173+0800: 8.180: [ParNew: 77168K->8192K(78656K), 0.0053471 secs] 390151K->341654K(532024K), 0.0054095 secs] [Times: user=0.03 sys=0.00, real=0.01 secs] 
2024-07-28T21:33:00.179+0800: 8.186: Total time for which application threads were stopped: 0.0055199 seconds, Stopping threads took: 0.0000192 seconds
2024-07-28T21:33:00.179+0800: 8.186: [CMS-concurrent-abortable-preclean: 0.005/0.244 secs] [Times: user=0.06 sys=0.00, real=0.24 secs] 
2024-07-28T21:33:00.179+0800: 8.186: Application time: 0.0002866 seconds
2024-07-28T21:33:00.179+0800: 8.186: [GC (CMS Final Remark) [YG occupancy: 12655 K (78656 K)]2024-07-28T21:33:00.179+0800: 8.186: [Rescan (parallel) , 0.0010341 secs]2024-07-28T21:33:00.180+0800: 8.187: [weak refs processing, 0.0000128 secs]2024-07-28T21:33:00.180+0800: 8.187: [class unloading, 0.0002343 secs]2024-07-28T21:33:00.180+0800: 8.187: [scrub symbol table, 0.0003512 secs]2024-07-28T21:33:00.181+0800: 8.188: [scrub string table, 0.0001002 secs][1 CMS-remark: 333462K(453368K)] 346118K(532024K), 0.0017963 secs] [Times: user=0.00 sys=0.00, real=0.00 secs] 
2024-07-28T21:33:00.181+0800: 8.188: Total time for which application threads were stopped: 0.0019074 seconds, Stopping threads took: 0.0000745 seconds
2024-07-28T21:33:00.181+0800: 8.188: [CMS-concurrent-sweep-start]
2024-07-28T21:33:00.183+0800: 8.190: [CMS-concurrent-sweep: 0.002/0.002 secs] [Times: user=0.00 sys=0.00, real=0.00 secs] 
2024-07-28T21:33:00.183+0800: 8.190: [CMS-concurrent-reset-start]
2024-07-28T21:33:00.184+0800: 8.191: [CMS-concurrent-reset: 0.001/0.001 secs] [Times: user=0.00 sys=0.00, real=0.00 secs] 
2024-07-28T21:33:00.186+0800: 8.193: Application time: 0.0048121 seconds
2024-07-28T21:33:00.186+0800: 8.193: [GC (Allocation Failure) 2024-07-28T21:33:00.186+0800: 8.193: [ParNew: 77168K->8192K(78656K), 0.0123183 secs] 254981K->254613K(532024K), 0.0123668 secs] [Times: user=0.03 sys=0.00, real=0.01 secs] 
2024-07-28T21:33:00.198+0800: 8.205: Total time for which application threads were stopped: 0.0124617 seconds, Stopping threads took: 0.0000129 seconds
2024-07-28T21:33:00.198+0800: 8.205: Application time: 0.0001401 seconds
2024-07-28T21:33:00.199+0800: 8.205: [GC (CMS Initial Mark) [1 CMS-initial-mark: 246421K(453368K)] 258053K(532024K), 0.0008656 secs] [Times: user=0.00 sys=0.00, real=0.00 secs] 
2024-07-28T21:33:00.199+0800: 8.206: Total time for which application threads were stopped: 0.0010478 seconds, Stopping threads took: 0.0001368 seconds
2024-07-28T21:33:00.199+0800: 8.206: [CMS-concurrent-mark-start]
2024-07-28T21:33:00.201+0800: 8.207: [CMS-concurrent-mark: 0.001/0.001 secs] [Times: user=0.00 sys=0.00, real=0.00 secs] 
2024-07-28T21:33:00.201+0800: 8.207: [CMS-concurrent-preclean-start]
2024-07-28T21:33:00.201+0800: 8.208: [CMS-concurrent-preclean: 0.001/0.001 secs] [Times: user=0.00 sys=0.00, real=0.00 secs] 
2024-07-28T21:33:00.201+0800: 8.208: [CMS-concurrent-abortable-preclean-start]
2024-07-28T21:33:00.314+0800: 8.321: Application time: 0.1151191 seconds
2024-07-28T21:33:00.314+0800: 8.321: [GC (Allocation Failure) 2024-07-28T21:33:00.314+0800: 8.321: [ParNew: 77168K->8192K(78656K), 0.0118154 secs] 323590K->323222K(532024K), 0.0118773 secs] [Times: user=0.03 sys=0.00, real=0.01 secs] 
2024-07-28T21:33:00.326+0800: 8.333: Total time for which application threads were stopped: 0.0119866 seconds, Stopping threads took: 0.0000184 seconds
2024-07-28T21:33:00.438+0800: 8.445: Application time: 0.1119933 seconds
2024-07-28T21:33:00.438+0800: 8.445: [GC (Allocation Failure) 2024-07-28T21:33:00.438+0800: 8.445: [ParNew: 77168K->8192K(78656K), 0.0055032 secs] 392199K->344726K(532024K), 0.0055609 secs] [Times: user=0.03 sys=0.00, real=0.01 secs] 
2024-07-28T21:33:00.444+0800: 8.451: Total time for which application threads were stopped: 0.0056749 seconds, Stopping threads took: 0.0000189 seconds
2024-07-28T21:33:00.444+0800: 8.451: [CMS-concurrent-abortable-preclean: 0.006/0.243 secs] [Times: user=0.06 sys=0.00, real=0.24 secs] 
2024-07-28T21:33:00.444+0800: 8.451: Application time: 0.0003028 seconds
2024-07-28T21:33:00.444+0800: 8.451: [GC (CMS Final Remark) [YG occupancy: 12655 K (78656 K)]2024-07-28T21:33:00.444+0800: 8.451: [Rescan (parallel) , 0.0006808 secs]2024-07-28T21:33:00.445+0800: 8.452: [weak refs processing, 0.0000128 secs]2024-07-28T21:33:00.445+0800: 8.452: [class unloading, 0.0002362 secs]2024-07-28T21:33:00.445+0800: 8.452: [scrub symbol table, 0.0003441 secs]2024-07-28T21:33:00.446+0800: 8.453: [scrub string table, 0.0001013 secs][1 CMS-remark: 336534K(453368K)] 349190K(532024K), 0.0014400 secs] [Times: user=0.00 sys=0.00, real=0.00 secs] 
2024-07-28T21:33:00.446+0800: 8.453: Total time for which application threads were stopped: 0.0016116 seconds, Stopping threads took: 0.0001341 seconds
2024-07-28T21:33:00.446+0800: 8.453: [CMS-concurrent-sweep-start]
2024-07-28T21:33:00.447+0800: 8.454: [CMS-concurrent-sweep: 0.001/0.001 secs] [Times: user=0.00 sys=0.00, real=0.00 secs] 
2024-07-28T21:33:00.447+0800: 8.454: [CMS-concurrent-reset-start]
2024-07-28T21:33:00.449+0800: 8.456: [CMS-concurrent-reset: 0.001/0.001 secs] [Times: user=0.00 sys=0.00, real=0.00 secs] 
2024-07-28T21:33:00.451+0800: 8.458: Application time: 0.0048927 seconds
2024-07-28T21:33:00.451+0800: 8.458: [GC (Allocation Failure) 2024-07-28T21:33:00.451+0800: 8.458: [ParNew: 77168K->8192K(78656K), 0.0128658 secs] 257029K->256661K(532024K), 0.0129268 secs] [Times: user=0.03 sys=0.00, real=0.01 secs] 
2024-07-28T21:33:00.464+0800: 8.471: Total time for which application threads were stopped: 0.0130226 seconds, Stopping threads took: 0.0000135 seconds
2024-07-28T21:33:00.464+0800: 8.471: Application time: 0.0001608 seconds
2024-07-28T21:33:00.464+0800: 8.471: [GC (CMS Initial Mark) [1 CMS-initial-mark: 248469K(453368K)] 260101K(532024K), 0.0007087 secs] [Times: user=0.00 sys=0.00, real=0.00 secs] 
2024-07-28T21:33:00.465+0800: 8.472: Total time for which application threads were stopped: 0.0008257 seconds, Stopping threads took: 0.0000759 seconds
2024-07-28T21:33:00.465+0800: 8.472: [CMS-concurrent-mark-start]
2024-07-28T21:33:00.466+0800: 8.473: [CMS-concurrent-mark: 0.001/0.001 secs] [Times: user=0.00 sys=0.00, real=0.00 secs] 
2024-07-28T21:33:00.466+0800: 8.473: [CMS-concurrent-preclean-start]
2024-07-28T21:33:00.467+0800: 8.474: [CMS-concurrent-preclean: 0.001/0.001 secs] [Times: user=0.00 sys=0.00, real=0.00 secs] 
2024-07-28T21:33:00.467+0800: 8.474: [CMS-concurrent-abortable-preclean-start]
2024-07-28T21:33:00.581+0800: 8.588: Application time: 0.1166598 seconds
2024-07-28T21:33:00.582+0800: 8.589: [GC (Allocation Failure) 2024-07-28T21:33:00.582+0800: 8.589: [ParNew: 77168K->8192K(78656K), 0.0120119 secs] 325638K->325270K(532024K), 0.0120741 secs] [Times: user=0.03 sys=0.00, real=0.01 secs] 
2024-07-28T21:33:00.594+0800: 8.601: Total time for which application threads were stopped: 0.0121865 seconds, Stopping threads took: 0.0000228 seconds
2024-07-28T21:33:00.705+0800: 8.712: Application time: 0.1115334 seconds
2024-07-28T21:33:00.705+0800: 8.712: [GC (Allocation Failure) 2024-07-28T21:33:00.705+0800: 8.712: [ParNew: 77168K->8192K(78656K), 0.0056348 secs] 394247K->347798K(532024K), 0.0056917 secs] [Times: user=0.03 sys=0.00, real=0.01 secs] 
2024-07-28T21:33:00.711+0800: 8.718: Total time for which application threads were stopped: 0.0058000 seconds, Stopping threads took: 0.0000184 seconds
2024-07-28T21:33:00.711+0800: 8.718: [CMS-concurrent-abortable-preclean: 0.005/0.244 secs] [Times: user=0.06 sys=0.00, real=0.24 secs] 
2024-07-28T21:33:00.711+0800: 8.718: Application time: 0.0002912 seconds
2024-07-28T21:33:00.711+0800: 8.718: [GC (CMS Final Remark) [YG occupancy: 12655 K (78656 K)]2024-07-28T21:33:00.711+0800: 8.718: [Rescan (parallel) , 0.0006449 secs]2024-07-28T21:33:00.712+0800: 8.719: [weak refs processing, 0.0000130 secs]2024-07-28T21:33:00.712+0800: 8.719: [class unloading, 0.0002095 secs]2024-07-28T21:33:00.712+0800: 8.719: [scrub symbol table, 0.0003125 secs]2024-07-28T21:33:00.712+0800: 8.720: [scrub string table, 0.0000958 secs][1 CMS-remark: 339606K(453368K)] 352262K(532024K), 0.0013439 secs] [Times: user=0.00 sys=0.00, real=0.00 secs] 
2024-07-28T21:33:00.713+0800: 8.720: Total time for which application threads were stopped: 0.0015320 seconds, Stopping threads took: 0.0001510 seconds
2024-07-28T21:33:00.713+0800: 8.720: [CMS-concurrent-sweep-start]
2024-07-28T21:33:00.714+0800: 8.722: [CMS-concurrent-sweep: 0.002/0.002 secs] [Times: user=0.00 sys=0.00, real=0.00 secs] 
2024-07-28T21:33:00.714+0800: 8.722: [CMS-concurrent-reset-start]
2024-07-28T21:33:00.716+0800: 8.723: [CMS-concurrent-reset: 0.001/0.001 secs] [Times: user=0.00 sys=0.00, real=0.00 secs] 
2024-07-28T21:33:00.717+0800: 8.725: Application time: 0.0047297 seconds
2024-07-28T21:33:00.717+0800: 8.725: [GC (Allocation Failure) 2024-07-28T21:33:00.717+0800: 8.725: [ParNew: 77168K->8192K(78656K), 0.0125257 secs] 259077K->258709K(532024K), 0.0125733 secs] [Times: user=0.03 sys=0.00, real=0.01 secs] 
2024-07-28T21:33:00.730+0800: 8.737: Total time for which application threads were stopped: 0.0126701 seconds, Stopping threads took: 0.0000129 seconds
2024-07-28T21:33:00.731+0800: 8.737: Application time: 0.0002398 seconds
2024-07-28T21:33:00.731+0800: 8.738: [GC (CMS Initial Mark) [1 CMS-initial-mark: 250517K(453368K)] 262149K(532024K), 0.0008060 secs] [Times: user=0.00 sys=0.00, real=0.00 secs] 
2024-07-28T21:33:00.732+0800: 8.738: Total time for which application threads were stopped: 0.0009221 seconds, Stopping threads took: 0.0000741 seconds
2024-07-28T21:33:00.732+0800: 8.738: [CMS-concurrent-mark-start]
2024-07-28T21:33:00.733+0800: 8.739: [CMS-concurrent-mark: 0.001/0.001 secs] [Times: user=0.00 sys=0.00, real=0.00 secs] 
2024-07-28T21:33:00.733+0800: 8.739: [CMS-concurrent-preclean-start]
2024-07-28T21:33:00.733+0800: 8.740: [CMS-concurrent-preclean: 0.001/0.001 secs] [Times: user=0.00 sys=0.00, real=0.00 secs] 
2024-07-28T21:33:00.733+0800: 8.740: [CMS-concurrent-abortable-preclean-start]
2024-07-28T21:33:00.848+0800: 8.856: Application time: 0.1175274 seconds
2024-07-28T21:33:00.848+0800: 8.856: [GC (Allocation Failure) 2024-07-28T21:33:00.848+0800: 8.856: [ParNew: 77168K->8192K(78656K), 0.0122829 secs] 327686K->327318K(532024K), 0.0123542 secs] [Times: user=0.00 sys=0.00, real=0.01 secs] 
2024-07-28T21:33:00.861+0800: 8.868: Total time for which application threads were stopped: 0.0124670 seconds, Stopping threads took: 0.0000234 seconds
2024-07-28T21:33:00.973+0800: 8.980: Application time: 0.1119229 seconds
2024-07-28T21:33:00.973+0800: 8.980: [GC (Allocation Failure) 2024-07-28T21:33:00.973+0800: 8.980: [ParNew: 77168K->8192K(78656K), 0.0056854 secs] 396295K->350870K(532024K), 0.0057501 secs] [Times: user=0.03 sys=0.00, real=0.01 secs] 
2024-07-28T21:33:00.979+0800: 8.986: Total time for which application threads were stopped: 0.0058746 seconds, Stopping threads took: 0.0000194 seconds
2024-07-28T21:33:00.979+0800: 8.986: [CMS-concurrent-abortable-preclean: 0.005/0.246 secs] [Times: user=0.06 sys=0.00, real=0.25 secs] 
2024-07-28T21:33:00.979+0800: 8.986: Application time: 0.0002856 seconds
2024-07-28T21:33:00.980+0800: 8.987: [GC (CMS Final Remark) [YG occupancy: 12655 K (78656 K)]2024-07-28T21:33:00.980+0800: 8.987: [Rescan (parallel) , 0.0009544 secs]2024-07-28T21:33:00.981+0800: 8.988: [weak refs processing, 0.0000134 secs]2024-07-28T21:33:00.981+0800: 8.988: [class unloading, 0.0002093 secs]2024-07-28T21:33:00.981+0800: 8.988: [scrub symbol table, 0.0003151 secs]2024-07-28T21:33:00.981+0800: 8.988: [scrub string table, 0.0001053 secs][1 CMS-remark: 342678K(453368K)] 355334K(532024K), 0.0016614 secs] [Times: user=0.00 sys=0.00, real=0.00 secs] 
2024-07-28T21:33:00.981+0800: 8.988: Total time for which application threads were stopped: 0.0018522 seconds, Stopping threads took: 0.0001541 seconds
2024-07-28T21:33:00.982+0800: 8.989: [CMS-concurrent-sweep-start]
2024-07-28T21:33:00.983+0800: 8.990: [CMS-concurrent-sweep: 0.002/0.002 secs] [Times: user=0.00 sys=0.00, real=0.00 secs] 
2024-07-28T21:33:00.983+0800: 8.990: [CMS-concurrent-reset-start]
2024-07-28T21:33:00.984+0800: 8.991: [CMS-concurrent-reset: 0.001/0.001 secs] [Times: user=0.00 sys=0.00, real=0.00 secs] 
2024-07-28T21:33:00.986+0800: 8.993: Application time: 0.0048059 seconds
2024-07-28T21:33:00.986+0800: 8.993: [GC (Allocation Failure) 2024-07-28T21:33:00.986+0800: 8.993: [ParNew: 77168K->8192K(78656K), 0.0121567 secs] 261125K->260757K(532024K), 0.0122195 secs] [Times: user=0.03 sys=0.00, real=0.01 secs] 
2024-07-28T21:33:00.999+0800: 9.005: Total time for which application threads were stopped: 0.0123170 seconds, Stopping threads took: 0.0000133 seconds
2024-07-28T21:33:00.999+0800: 9.006: Application time: 0.0002256 seconds
2024-07-28T21:33:00.999+0800: 9.006: [GC (CMS Initial Mark) [1 CMS-initial-mark: 252565K(453368K)] 264197K(532024K), 0.0007597 secs] [Times: user=0.00 sys=0.00, real=0.00 secs] 
2024-07-28T21:33:01.000+0800: 9.007: Total time for which application threads were stopped: 0.0008269 seconds, Stopping threads took: 0.0000231 seconds
2024-07-28T21:33:01.000+0800: 9.007: [CMS-concurrent-mark-start]
2024-07-28T21:33:01.001+0800: 9.008: [CMS-concurrent-mark: 0.001/0.001 secs] [Times: user=0.00 sys=0.00, real=0.00 secs] 
2024-07-28T21:33:01.001+0800: 9.008: [CMS-concurrent-preclean-start]
2024-07-28T21:33:01.001+0800: 9.008: [CMS-concurrent-preclean: 0.001/0.001 secs] [Times: user=0.00 sys=0.00, real=0.00 secs] 
2024-07-28T21:33:01.001+0800: 9.008: [CMS-concurrent-abortable-preclean-start]
2024-07-28T21:33:01.117+0800: 9.125: Application time: 0.1182271 seconds
2024-07-28T21:33:01.118+0800: 9.125: [GC (Allocation Failure) 2024-07-28T21:33:01.118+0800: 9.125: [ParNew: 77168K->8192K(78656K), 0.0121535 secs] 329734K->329366K(532024K), 0.0122138 secs] [Times: user=0.03 sys=0.00, real=0.01 secs] 
2024-07-28T21:33:01.130+0800: 9.137: Total time for which application threads were stopped: 0.0123383 seconds, Stopping threads took: 0.0000187 seconds
2024-07-28T21:33:01.241+0800: 9.249: Application time: 0.1118951 seconds
2024-07-28T21:33:01.242+0800: 9.249: [GC (Allocation Failure) 2024-07-28T21:33:01.242+0800: 9.249: [ParNew: 77168K->8192K(78656K), 0.0057340 secs] 398343K->353943K(532024K), 0.0058217 secs] [Times: user=0.00 sys=0.00, real=0.00 secs] 
2024-07-28T21:33:01.247+0800: 9.255: Total time for which application threads were stopped: 0.0059403 seconds, Stopping threads took: 0.0000221 seconds
2024-07-28T21:33:01.248+0800: 9.255: [CMS-concurrent-abortable-preclean: 0.005/0.247 secs] [Times: user=0.06 sys=0.00, real=0.25 secs] 
2024-07-28T21:33:01.248+0800: 9.255: Application time: 0.0003784 seconds
2024-07-28T21:33:01.248+0800: 9.255: [GC (CMS Final Remark) [YG occupancy: 13679 K (78656 K)]2024-07-28T21:33:01.248+0800: 9.255: [Rescan (parallel) , 0.0005250 secs]2024-07-28T21:33:01.249+0800: 9.256: [weak refs processing, 0.0000130 secs]2024-07-28T21:33:01.249+0800: 9.256: [class unloading, 0.0002242 secs]2024-07-28T21:33:01.249+0800: 9.256: [scrub symbol table, 0.0003802 secs]2024-07-28T21:33:01.249+0800: 9.257: [scrub string table, 0.0001001 secs][1 CMS-remark: 345750K(453368K)] 359430K(532024K), 0.0013151 secs] [Times: user=0.00 sys=0.00, real=0.00 secs] 
2024-07-28T21:33:01.249+0800: 9.257: Total time for which application threads were stopped: 0.0014753 seconds, Stopping threads took: 0.0001239 seconds
2024-07-28T21:33:01.250+0800: 9.257: [CMS-concurrent-sweep-start]
2024-07-28T21:33:01.251+0800: 9.259: [CMS-concurrent-sweep: 0.002/0.002 secs] [Times: user=0.00 sys=0.00, real=0.00 secs] 
2024-07-28T21:33:01.251+0800: 9.259: [CMS-concurrent-reset-start]
2024-07-28T21:33:01.252+0800: 9.260: [CMS-concurrent-reset: 0.001/0.001 secs] [Times: user=0.00 sys=0.00, real=0.00 secs] 
2024-07-28T21:33:01.254+0800: 9.262: Application time: 0.0047323 seconds
2024-07-28T21:33:01.254+0800: 9.262: [GC (Allocation Failure) 2024-07-28T21:33:01.254+0800: 9.262: [ParNew: 77168K->8192K(78656K), 0.0122767 secs] 263173K->262805K(532024K), 0.0123252 secs] [Times: user=0.00 sys=0.00, real=0.01 secs] 
2024-07-28T21:33:01.266+0800: 9.274: Total time for which application threads were stopped: 0.0124194 seconds, Stopping threads took: 0.0000128 seconds
2024-07-28T21:33:01.267+0800: 9.274: Application time: 0.0001315 seconds
2024-07-28T21:33:01.267+0800: 9.274: [GC (CMS Initial Mark) [1 CMS-initial-mark: 254613K(453368K)] 265221K(532024K), 0.0007697 secs] [Times: user=0.00 sys=0.00, real=0.00 secs] 
2024-07-28T21:33:01.267+0800: 9.275: Total time for which application threads were stopped: 0.0008369 seconds, Stopping threads took: 0.0000240 seconds
2024-07-28T21:33:01.268+0800: 9.275: [CMS-concurrent-mark-start]
2024-07-28T21:33:01.268+0800: 9.276: [CMS-concurrent-mark: 0.001/0.001 secs] [Times: user=0.00 sys=0.00, real=0.00 secs] 
2024-07-28T21:33:01.268+0800: 9.276: [CMS-concurrent-preclean-start]
2024-07-28T21:33:01.269+0800: 9.277: [CMS-concurrent-preclean: 0.001/0.001 secs] [Times: user=0.00 sys=0.00, real=0.00 secs] 
2024-07-28T21:33:01.269+0800: 9.277: [CMS-concurrent-abortable-preclean-start]
2024-07-28T21:33:01.386+0800: 9.392: Application time: 0.1174702 seconds
2024-07-28T21:33:01.386+0800: 9.392: [GC (Allocation Failure) 2024-07-28T21:33:01.386+0800: 9.392: [ParNew: 77168K->8192K(78656K), 0.0121722 secs] 331782K->331414K(532024K), 0.0122306 secs] [Times: user=0.03 sys=0.00, real=0.01 secs] 
2024-07-28T21:33:01.397+0800: 9.405: Total time for which application threads were stopped: 0.0123403 seconds, Stopping threads took: 0.0000186 seconds
2024-07-28T21:33:01.510+0800: 9.517: Application time: 0.1123160 seconds
2024-07-28T21:33:01.510+0800: 9.517: [GC (Allocation Failure) 2024-07-28T21:33:01.510+0800: 9.517: [ParNew: 77171K->8192K(78656K), 0.0060433 secs] 400393K->357015K(532024K), 0.0061099 secs] [Times: user=0.00 sys=0.00, real=0.01 secs] 
2024-07-28T21:33:01.516+0800: 9.523: Total time for which application threads were stopped: 0.0062323 seconds, Stopping threads took: 0.0000325 seconds
2024-07-28T21:33:01.516+0800: 9.523: [CMS-concurrent-abortable-preclean: 0.005/0.247 secs] [Times: user=0.05 sys=0.00, real=0.25 secs] 
2024-07-28T21:33:01.516+0800: 9.524: Application time: 0.0003047 seconds
2024-07-28T21:33:01.516+0800: 9.524: [GC (CMS Final Remark) [YG occupancy: 11626 K (78656 K)]2024-07-28T21:33:01.516+0800: 9.524: [Rescan (parallel) , 0.0010097 secs]2024-07-28T21:33:01.517+0800: 9.525: [weak refs processing, 0.0000128 secs]2024-07-28T21:33:01.517+0800: 9.525: [class unloading, 0.0002272 secs]2024-07-28T21:33:01.518+0800: 9.525: [scrub symbol table, 0.0002980 secs]2024-07-28T21:33:01.518+0800: 9.525: [scrub string table, 0.0000985 secs][1 CMS-remark: 348822K(453368K)] 360449K(532024K), 0.0017103 secs] [Times: user=0.00 sys=0.00, real=0.00 secs] 
2024-07-28T21:33:01.518+0800: 9.525: Total time for which application threads were stopped: 0.0018713 seconds, Stopping threads took: 0.0001178 seconds
2024-07-28T21:33:01.518+0800: 9.526: [CMS-concurrent-sweep-start]
2024-07-28T21:33:01.520+0800: 9.527: [CMS-concurrent-sweep: 0.001/0.001 secs] [Times: user=0.03 sys=0.00, real=0.00 secs] 
2024-07-28T21:33:01.520+0800: 9.527: [CMS-concurrent-reset-start]
2024-07-28T21:33:01.521+0800: 9.528: [CMS-concurrent-reset: 0.001/0.001 secs] [Times: user=0.00 sys=0.00, real=0.00 secs] 
2024-07-28T21:33:01.633+0800: 9.640: Application time: 0.1143981 seconds
2024-07-28T21:33:01.633+0800: 9.640: [GC (Allocation Failure) 2024-07-28T21:33:01.633+0800: 9.640: [ParNew: 77163K->8192K(78656K), 0.0133331 secs] 265215K->264853K(532024K), 0.0134072 secs] [Times: user=0.03 sys=0.00, real=0.01 secs] 
2024-07-28T21:33:01.647+0800: 9.653: Total time for which application threads were stopped: 0.0135661 seconds, Stopping threads took: 0.0000398 seconds
2024-07-28T21:33:01.647+0800: 9.654: Application time: 0.0002318 seconds
2024-07-28T21:33:01.647+0800: 9.654: [GC (CMS Initial Mark) [1 CMS-initial-mark: 256661K(453368K)] 268289K(532024K), 0.0008704 secs] [Times: user=0.00 sys=0.00, real=0.00 secs] 
2024-07-28T21:33:01.648+0800: 9.655: Total time for which application threads were stopped: 0.0010717 seconds, Stopping threads took: 0.0001591 seconds
2024-07-28T21:33:01.648+0800: 9.655: [CMS-concurrent-mark-start]
2024-07-28T21:33:01.651+0800: 9.658: [CMS-concurrent-mark: 0.003/0.003 secs] [Times: user=0.00 sys=0.00, real=0.00 secs] 
2024-07-28T21:33:01.651+0800: 9.658: [CMS-concurrent-preclean-start]
2024-07-28T21:33:01.653+0800: 9.660: [CMS-concurrent-preclean: 0.001/0.001 secs] [Times: user=0.00 sys=0.00, real=0.00 secs] 
2024-07-28T21:33:01.653+0800: 9.660: Application time: 0.0048710 seconds
2024-07-28T21:33:01.653+0800: 9.660: [GC (Allocation Failure) 2024-07-28T21:33:01.653+0800: 9.660: [ParNew: 77165K->8192K(78656K), 0.0119531 secs] 333826K->333462K(532024K), 0.0120021 secs] [Times: user=0.03 sys=0.00, real=0.01 secs] 
2024-07-28T21:33:01.665+0800: 9.672: Total time for which application threads were stopped: 0.0120997 seconds, Stopping threads took: 0.0000126 seconds
2024-07-28T21:33:01.665+0800: 9.672: Application time: 0.0003217 seconds
2024-07-28T21:33:01.665+0800: 9.672: [GC (CMS Final Remark) [YG occupancy: 13677 K (78656 K)]2024-07-28T21:33:01.665+0800: 9.672: [Rescan (parallel) , 0.0010583 secs]2024-07-28T21:33:01.666+0800: 9.673: [weak refs processing, 0.0000130 secs]2024-07-28T21:33:01.666+0800: 9.673: [class unloading, 0.0002469 secs]2024-07-28T21:33:01.667+0800: 9.673: [scrub symbol table, 0.0003627 secs]2024-07-28T21:33:01.667+0800: 9.674: [scrub string table, 0.0001034 secs][1 CMS-remark: 325270K(453368K)] 338948K(532024K), 0.0018505 secs] [Times: user=0.00 sys=0.00, real=0.00 secs] 
2024-07-28T21:33:01.667+0800: 9.674: Total time for which application threads were stopped: 0.0019713 seconds, Stopping threads took: 0.0000820 seconds
2024-07-28T21:33:01.667+0800: 9.674: [CMS-concurrent-sweep-start]
2024-07-28T21:33:01.669+0800: 9.676: [CMS-concurrent-sweep: 0.002/0.002 secs] [Times: user=0.00 sys=0.00, real=0.00 secs] 
2024-07-28T21:33:01.669+0800: 9.676: [CMS-concurrent-reset-start]
2024-07-28T21:33:01.670+0800: 9.677: [CMS-concurrent-reset: 0.001/0.001 secs] [Times: user=0.00 sys=0.00, real=0.00 secs] 
2024-07-28T21:33:01.778+0800: 9.785: Application time: 0.1114407 seconds
2024-07-28T21:33:01.778+0800: 9.786: [GC (Allocation Failure) 2024-07-28T21:33:01.778+0800: 9.786: [ParNew: 77166K->8192K(78656K), 0.0060629 secs] 240642K->198292K(532024K), 0.0061221 secs] [Times: user=0.00 sys=0.00, real=0.01 secs] 
2024-07-28T21:33:01.784+0800: 9.792: Total time for which application threads were stopped: 0.0062331 seconds, Stopping threads took: 0.0000196 seconds
2024-07-28T21:33:01.903+0800: 9.909: Application time: 0.1177019 seconds
2024-07-28T21:33:01.903+0800: 9.909: [GC (Allocation Failure) 2024-07-28T21:33:01.903+0800: 9.909: [ParNew: 77167K->8192K(78656K), 0.0120783 secs] 267267K->266901K(532024K), 0.0121463 secs] [Times: user=0.03 sys=0.00, real=0.01 secs] 
2024-07-28T21:33:01.914+0800: 9.922: Total time for which application threads were stopped: 0.0122740 seconds, Stopping threads took: 0.0000196 seconds
2024-07-28T21:33:01.915+0800: 9.922: Application time: 0.0002407 seconds
2024-07-28T21:33:01.915+0800: 9.922: [GC (CMS Initial Mark) [1 CMS-initial-mark: 258709K(453368K)] 270340K(532024K), 0.0008805 secs] [Times: user=0.00 sys=0.00, real=0.00 secs] 
2024-07-28T21:33:01.916+0800: 9.923: Total time for which application threads were stopped: 0.0010731 seconds, Stopping threads took: 0.0001508 seconds
2024-07-28T21:33:01.916+0800: 9.923: [CMS-concurrent-mark-start]
2024-07-28T21:33:01.919+0800: 9.927: [CMS-concurrent-mark: 0.004/0.004 secs] [Times: user=0.00 sys=0.00, real=0.00 secs] 
2024-07-28T21:33:01.919+0800: 9.927: [CMS-concurrent-preclean-start]
2024-07-28T21:33:01.920+0800: 9.928: [CMS-concurrent-preclean: 0.001/0.001 secs] [Times: user=0.00 sys=0.00, real=0.00 secs] 
2024-07-28T21:33:01.921+0800: 9.928: Application time: 0.0049937 seconds
2024-07-28T21:33:01.921+0800: 9.928: [GC (Allocation Failure) 2024-07-28T21:33:01.921+0800: 9.928: [ParNew: 77167K->8192K(78656K), 0.0118847 secs] 335877K->335510K(532024K), 0.0119332 secs] [Times: user=0.03 sys=0.00, real=0.01 secs] 
2024-07-28T21:33:01.933+0800: 9.940: Total time for which application threads were stopped: 0.0120273 seconds, Stopping threads took: 0.0000120 seconds
2024-07-28T21:33:01.933+0800: 9.940: Application time: 0.0003083 seconds
2024-07-28T21:33:01.933+0800: 9.940: [GC (CMS Final Remark) [YG occupancy: 12655 K (78656 K)]2024-07-28T21:33:01.933+0800: 9.941: [Rescan (parallel) , 0.0004878 secs]2024-07-28T21:33:01.934+0800: 9.941: [weak refs processing, 0.0000129 secs]2024-07-28T21:33:01.934+0800: 9.941: [class unloading, 0.0002099 secs]2024-07-28T21:33:01.934+0800: 9.941: [scrub symbol table, 0.0003143 secs]2024-07-28T21:33:01.934+0800: 9.942: [scrub string table, 0.0000895 secs][1 CMS-remark: 327318K(453368K)] 339973K(532024K), 0.0011794 secs] [Times: user=0.00 sys=0.00, real=0.00 secs] 
2024-07-28T21:33:01.934+0800: 9.942: Total time for which application threads were stopped: 0.0013646 seconds, Stopping threads took: 0.0001486 seconds
2024-07-28T21:33:01.935+0800: 9.942: [CMS-concurrent-sweep-start]
2024-07-28T21:33:01.936+0800: 9.944: [CMS-concurrent-sweep: 0.002/0.002 secs] [Times: user=0.00 sys=0.00, real=0.00 secs] 
2024-07-28T21:33:01.936+0800: 9.944: [CMS-concurrent-reset-start]
2024-07-28T21:33:01.937+0800: 9.944: [CMS-concurrent-reset: 0.001/0.001 secs] [Times: user=0.00 sys=0.00, real=0.00 secs] 
2024-07-28T21:33:02.046+0800: 10.054: Application time: 0.1121645 seconds
2024-07-28T21:33:02.046+0800: 10.054: [GC (Allocation Failure) 2024-07-28T21:33:02.046+0800: 10.054: [ParNew: 77168K->8192K(78656K), 0.0064322 secs] 241668K->200340K(532024K), 0.0064925 secs] [Times: user=0.03 sys=0.00, real=0.01 secs] 
2024-07-28T21:33:02.053+0800: 10.060: Total time for which application threads were stopped: 0.0066034 seconds, Stopping threads took: 0.0000191 seconds
2024-07-28T21:33:02.169+0800: 10.176: Application time: 0.1158371 seconds
2024-07-28T21:33:02.169+0800: 10.176: [GC (Allocation Failure) 2024-07-28T21:33:02.169+0800: 10.176: [ParNew: 77168K->8192K(78656K), 0.0121028 secs] 269316K->268949K(532024K), 0.0121654 secs] [Times: user=0.03 sys=0.00, real=0.01 secs] 
2024-07-28T21:33:02.182+0800: 10.189: Total time for which application threads were stopped: 0.0123152 seconds, Stopping threads took: 0.0000460 seconds
2024-07-28T21:33:02.186+0800: 10.193: Application time: 0.0044308 seconds
2024-07-28T21:33:02.186+0800: 10.193: [GC (Allocation Failure) 2024-07-28T21:33:02.186+0800: 10.193: [ParNew: 77168K->8192K(78656K), 0.0119844 secs] 337926K->337558K(532024K), 0.0120327 secs] [Times: user=0.03 sys=0.00, real=0.01 secs] 
2024-07-28T21:33:02.198+0800: 10.205: Total time for which application threads were stopped: 0.0121341 seconds, Stopping threads took: 0.0000149 seconds
2024-07-28T21:33:02.198+0800: 10.205: Application time: 0.0001858 seconds
2024-07-28T21:33:02.198+0800: 10.206: [GC (CMS Initial Mark) [1 CMS-initial-mark: 329366K(453368K)] 340998K(532024K), 0.0008106 secs] [Times: user=0.00 sys=0.00, real=0.00 secs] 
2024-07-28T21:33:02.199+0800: 10.206: Total time for which application threads were stopped: 0.0009731 seconds, Stopping threads took: 0.0001169 seconds
2024-07-28T21:33:02.199+0800: 10.206: [CMS-concurrent-mark-start]
2024-07-28T21:33:02.202+0800: 10.209: [CMS-concurrent-mark: 0.003/0.003 secs] [Times: user=0.00 sys=0.00, real=0.00 secs] 
2024-07-28T21:33:02.202+0800: 10.209: [CMS-concurrent-preclean-start]
2024-07-28T21:33:02.203+0800: 10.210: [CMS-concurrent-preclean: 0.001/0.001 secs] [Times: user=0.00 sys=0.00, real=0.00 secs] 
2024-07-28T21:33:02.203+0800: 10.210: [CMS-concurrent-abortable-preclean-start]
2024-07-28T21:33:02.315+0800: 10.321: Application time: 0.1149074 seconds
2024-07-28T21:33:02.315+0800: 10.321: [GC (Allocation Failure) 2024-07-28T21:33:02.315+0800: 10.321: [ParNew: 77168K->8192K(78656K), 0.0065879 secs] 406535K->366231K(532024K), 0.0066486 secs] [Times: user=0.03 sys=0.00, real=0.01 secs] 
2024-07-28T21:33:02.321+0800: 10.328: Total time for which application threads were stopped: 0.0067643 seconds, Stopping threads took: 0.0000200 seconds
2024-07-28T21:33:02.437+0800: 10.445: Application time: 0.1169269 seconds
2024-07-28T21:33:02.437+0800: 10.445: [GC (Allocation Failure) 2024-07-28T21:33:02.438+0800: 10.445: [ParNew: 77168K->8192K(78656K), 0.0124741 secs] 435207K->434840K(532024K), 0.0125485 secs] [Times: user=0.03 sys=0.00, real=0.01 secs] 
2024-07-28T21:33:02.450+0800: 10.458: Total time for which application threads were stopped: 0.0126583 seconds, Stopping threads took: 0.0000190 seconds
2024-07-28T21:33:02.454+0800: 10.462: Application time: 0.0044176 seconds
2024-07-28T21:33:02.455+0800: 10.462: [GC (Allocation Failure) 2024-07-28T21:33:02.455+0800: 10.462: [ParNew: 77168K->8192K(78656K), 0.0292169 secs] 503816K->503449K(575200K), 0.0292653 secs] [Times: user=0.05 sys=0.02, real=0.03 secs] 
2024-07-28T21:33:02.484+0800: 10.491: Total time for which application threads were stopped: 0.0293718 seconds, Stopping threads took: 0.0000182 seconds
2024-07-28T21:33:02.484+0800: 10.491: [CMS-concurrent-abortable-preclean: 0.005/0.282 secs] [Times: user=0.11 sys=0.02, real=0.28 secs] 
2024-07-28T21:33:02.484+0800: 10.492: Application time: 0.0003036 seconds
2024-07-28T21:33:02.484+0800: 10.492: [GC (CMS Final Remark) [YG occupancy: 12655 K (78656 K)]2024-07-28T21:33:02.484+0800: 10.492: [Rescan (parallel) , 0.0008743 secs]2024-07-28T21:33:02.485+0800: 10.493: [weak refs processing, 0.0000129 secs]2024-07-28T21:33:02.485+0800: 10.493: [class unloading, 0.0003239 secs]2024-07-28T21:33:02.485+0800: 10.493: [scrub symbol table, 0.0003509 secs]2024-07-28T21:33:02.486+0800: 10.493: [scrub string table, 0.0001001 secs][1 CMS-remark: 495257K(496544K)] 507912K(575200K), 0.0017257 secs] [Times: user=0.00 sys=0.00, real=0.00 secs] 
2024-07-28T21:33:02.486+0800: 10.494: Total time for which application threads were stopped: 0.0018305 seconds, Stopping threads took: 0.0000686 seconds
2024-07-28T21:33:02.486+0800: 10.494: [CMS-concurrent-sweep-start]
2024-07-28T21:33:02.487+0800: 10.495: [CMS-concurrent-sweep: 0.001/0.001 secs] [Times: user=0.00 sys=0.00, real=0.00 secs] 
2024-07-28T21:33:02.488+0800: 10.495: [CMS-concurrent-reset-start]
2024-07-28T21:33:02.489+0800: 10.496: [CMS-concurrent-reset: 0.001/0.001 secs] [Times: user=0.03 sys=0.00, real=0.00 secs] 
2024-07-28T21:33:02.597+0800: 10.605: Application time: 0.1113870 seconds
2024-07-28T21:33:02.598+0800: 10.605: [GC (Allocation Failure) 2024-07-28T21:33:02.598+0800: 10.605: [ParNew: 77168K->8192K(78656K), 0.0068601 secs] 408583K->369303K(631016K), 0.0069199 secs] [Times: user=0.00 sys=0.00, real=0.01 secs] 
2024-07-28T21:33:02.605+0800: 10.612: Total time for which application threads were stopped: 0.0070365 seconds, Stopping threads took: 0.0000239 seconds
2024-07-28T21:33:02.605+0800: 10.612: Application time: 0.0001824 seconds
2024-07-28T21:33:02.605+0800: 10.612: [GC (CMS Initial Mark) [1 CMS-initial-mark: 361111K(552360K)] 372742K(631016K), 0.0008753 secs] [Times: user=0.00 sys=0.00, real=0.00 secs] 
2024-07-28T21:33:02.606+0800: 10.613: Total time for which application threads were stopped: 0.0010371 seconds, Stopping threads took: 0.0001177 seconds
2024-07-28T21:33:02.606+0800: 10.613: [CMS-concurrent-mark-start]
2024-07-28T21:33:02.611+0800: 10.618: [CMS-concurrent-mark: 0.005/0.005 secs] [Times: user=0.00 sys=0.00, real=0.01 secs] 
2024-07-28T21:33:02.611+0800: 10.618: [CMS-concurrent-preclean-start]
2024-07-28T21:33:02.612+0800: 10.619: [CMS-concurrent-preclean: 0.001/0.001 secs] [Times: user=0.00 sys=0.00, real=0.00 secs] 
2024-07-28T21:33:02.612+0800: 10.619: [CMS-concurrent-abortable-preclean-start]
2024-07-28T21:33:02.721+0800: 10.728: Application time: 0.1149619 seconds
2024-07-28T21:33:02.721+0800: 10.728: [GC (Allocation Failure) 2024-07-28T21:33:02.721+0800: 10.728: [ParNew: 77168K->8192K(78656K), 0.0128731 secs] 438279K->437912K(631016K), 0.0129348 secs] [Times: user=0.03 sys=0.00, real=0.01 secs] 
2024-07-28T21:33:02.734+0800: 10.741: Total time for which application threads were stopped: 0.0130462 seconds, Stopping threads took: 0.0000199 seconds
2024-07-28T21:33:02.738+0800: 10.746: Application time: 0.0044889 seconds
2024-07-28T21:33:02.738+0800: 10.746: [GC (Allocation Failure) 2024-07-28T21:33:02.738+0800: 10.746: [ParNew: 77168K->8192K(78656K), 0.0138097 secs] 506888K->506521K(631016K), 0.0138583 secs] [Times: user=0.13 sys=0.00, real=0.01 secs] 
2024-07-28T21:33:02.752+0800: 10.760: Total time for which application threads were stopped: 0.0139564 seconds, Stopping threads took: 0.0000151 seconds
2024-07-28T21:33:02.865+0800: 10.872: Application time: 0.1127467 seconds
2024-07-28T21:33:02.865+0800: 10.872: [GC (Allocation Failure) 2024-07-28T21:33:02.865+0800: 10.873: [ParNew: 77168K->8192K(78656K), 0.0182941 secs] 575497K->537241K(631016K), 0.0183507 secs] [Times: user=0.02 sys=0.01, real=0.02 secs] 
2024-07-28T21:33:02.883+0800: 10.891: Total time for which application threads were stopped: 0.0184656 seconds, Stopping threads took: 0.0000189 seconds
2024-07-28T21:33:02.883+0800: 10.891: [CMS-concurrent-abortable-preclean: 0.007/0.272 secs] [Times: user=0.23 sys=0.01, real=0.27 secs] 
2024-07-28T21:33:02.884+0800: 10.891: Application time: 0.0003449 seconds
2024-07-28T21:33:02.884+0800: 10.891: [GC (CMS Final Remark) [YG occupancy: 13679 K (78656 K)]2024-07-28T21:33:02.884+0800: 10.891: [Rescan (parallel) , 0.0009145 secs]2024-07-28T21:33:02.885+0800: 10.892: [weak refs processing, 0.0000167 secs]2024-07-28T21:33:02.885+0800: 10.892: [class unloading, 0.0002188 secs]2024-07-28T21:33:02.885+0800: 10.893: [scrub symbol table, 0.0003418 secs]2024-07-28T21:33:02.885+0800: 10.893: [scrub string table, 0.0001001 secs][1 CMS-remark: 529049K(552360K)] 542729K(631016K), 0.0016547 secs] [Times: user=0.00 sys=0.00, real=0.00 secs] 
2024-07-28T21:33:02.885+0800: 10.893: Total time for which application threads were stopped: 0.0017779 seconds, Stopping threads took: 0.0000827 seconds
2024-07-28T21:33:02.886+0800: 10.893: [CMS-concurrent-sweep-start]
2024-07-28T21:33:02.888+0800: 10.895: [CMS-concurrent-sweep: 0.002/0.002 secs] [Times: user=0.00 sys=0.00, real=0.00 secs] 
2024-07-28T21:33:02.888+0800: 10.895: [CMS-concurrent-reset-start]
2024-07-28T21:33:02.890+0800: 10.896: [CMS-concurrent-reset: 0.001/0.001 secs] [Times: user=0.00 sys=0.00, real=0.00 secs] 
2024-07-28T21:33:03.004+0800: 11.011: Application time: 0.1184475 seconds
2024-07-28T21:33:03.004+0800: 11.012: [GC (Allocation Failure) 2024-07-28T21:33:03.004+0800: 11.012: [ParNew: 77168K->8192K(78656K), 0.0187163 secs] 275461K->275093K(631016K), 0.0187810 secs] [Times: user=0.02 sys=0.02, real=0.02 secs] 
2024-07-28T21:33:03.023+0800: 11.030: Total time for which application threads were stopped: 0.0188932 seconds, Stopping threads took: 0.0000192 seconds
2024-07-28T21:33:03.028+0800: 11.035: Application time: 0.0046704 seconds
2024-07-28T21:33:03.028+0800: 11.035: [GC (Allocation Failure) 2024-07-28T21:33:03.028+0800: 11.035: [ParNew: 77168K->8192K(78656K), 0.0145830 secs] 344070K->343702K(631016K), 0.0146826 secs] [Times: user=0.03 sys=0.00, real=0.01 secs] 
2024-07-28T21:33:03.043+0800: 11.050: Total time for which application threads were stopped: 0.0147820 seconds, Stopping threads took: 0.0000158 seconds
2024-07-28T21:33:03.043+0800: 11.050: Application time: 0.0002358 seconds
2024-07-28T21:33:03.043+0800: 11.050: [GC (CMS Initial Mark) [1 CMS-initial-mark: 335510K(552360K)] 347142K(631016K), 0.0006960 secs] [Times: user=0.00 sys=0.00, real=0.00 secs] 
2024-07-28T21:33:03.044+0800: 11.051: Total time for which application threads were stopped: 0.0008780 seconds, Stopping threads took: 0.0001402 seconds
2024-07-28T21:33:03.044+0800: 11.051: [CMS-concurrent-mark-start]
2024-07-28T21:33:03.046+0800: 11.053: [CMS-concurrent-mark: 0.002/0.002 secs] [Times: user=0.00 sys=0.00, real=0.00 secs] 
2024-07-28T21:33:03.046+0800: 11.053: [CMS-concurrent-preclean-start]
2024-07-28T21:33:03.047+0800: 11.054: [CMS-concurrent-preclean: 0.001/0.001 secs] [Times: user=0.00 sys=0.00, real=0.00 secs] 
2024-07-28T21:33:03.047+0800: 11.054: [CMS-concurrent-abortable-preclean-start]
2024-07-28T21:33:03.164+0800: 11.171: Application time: 0.1196385 seconds
2024-07-28T21:33:03.164+0800: 11.171: [GC (Allocation Failure) 2024-07-28T21:33:03.164+0800: 11.171: [ParNew: 77168K->8192K(78656K), 0.0070932 secs] 412679K->375447K(631016K), 0.0071526 secs] [Times: user=0.00 sys=0.00, real=0.01 secs] 
2024-07-28T21:33:03.171+0800: 11.178: Total time for which application threads were stopped: 0.0072613 seconds, Stopping threads took: 0.0000197 seconds
2024-07-28T21:33:03.286+0800: 11.293: Application time: 0.1154983 seconds
2024-07-28T21:33:03.286+0800: 11.293: [GC (Allocation Failure) 2024-07-28T21:33:03.286+0800: 11.293: [ParNew: 77168K->8192K(78656K), 0.0125167 secs] 444423K->444056K(631016K), 0.0125769 secs] [Times: user=0.00 sys=0.00, real=0.01 secs] 
2024-07-28T21:33:03.299+0800: 11.306: Total time for which application threads were stopped: 0.0126867 seconds, Stopping threads took: 0.0000195 seconds
2024-07-28T21:33:03.303+0800: 11.310: Application time: 0.0044656 seconds
2024-07-28T21:33:03.303+0800: 11.311: [GC (Allocation Failure) 2024-07-28T21:33:03.303+0800: 11.311: [ParNew: 77168K->8192K(78656K), 0.0125249 secs] 513033K->512665K(631016K), 0.0125735 secs] [Times: user=0.00 sys=0.00, real=0.01 secs] 
2024-07-28T21:33:03.316+0800: 11.323: Total time for which application threads were stopped: 0.0126706 seconds, Stopping threads took: 0.0000137 seconds
2024-07-28T21:33:03.316+0800: 11.323: [CMS-concurrent-abortable-preclean: 0.005/0.269 secs] [Times: user=0.02 sys=0.00, real=0.27 secs] 
2024-07-28T21:33:03.316+0800: 11.323: Application time: 0.0002981 seconds
2024-07-28T21:33:03.316+0800: 11.324: [GC (CMS Final Remark) [YG occupancy: 12655 K (78656 K)]2024-07-28T21:33:03.316+0800: 11.324: [Rescan (parallel) , 0.0010007 secs]2024-07-28T21:33:03.317+0800: 11.325: [weak refs processing, 0.0000127 secs]2024-07-28T21:33:03.317+0800: 11.325: [class unloading, 0.0003606 secs]2024-07-28T21:33:03.318+0800: 11.325: [scrub symbol table, 0.0003422 secs]2024-07-28T21:33:03.318+0800: 11.325: [scrub string table, 0.0000909 secs][1 CMS-remark: 504473K(552360K)] 517129K(631016K), 0.0018798 secs] [Times: user=0.00 sys=0.00, real=0.00 secs] 
2024-07-28T21:33:03.318+0800: 11.326: Total time for which application threads were stopped: 0.0020420 seconds, Stopping threads took: 0.0001244 seconds
2024-07-28T21:33:03.319+0800: 11.326: [CMS-concurrent-sweep-start]
2024-07-28T21:33:03.320+0800: 11.327: [CMS-concurrent-sweep: 0.001/0.001 secs] [Times: user=0.00 sys=0.00, real=0.00 secs] 
2024-07-28T21:33:03.320+0800: 11.327: [CMS-concurrent-reset-start]
2024-07-28T21:33:03.321+0800: 11.328: [CMS-concurrent-reset: 0.001/0.001 secs] [Times: user=0.00 sys=0.00, real=0.00 secs] 
2024-07-28T21:33:03.432+0800: 11.438: Application time: 0.1128728 seconds
2024-07-28T21:33:03.432+0800: 11.438: [GC (Allocation Failure) 2024-07-28T21:33:03.432+0800: 11.438: [ParNew: 77168K->8192K(78656K), 0.0074617 secs] 414727K->378519K(641256K), 0.0075246 secs] [Times: user=0.00 sys=0.00, real=0.01 secs] 
2024-07-28T21:33:03.439+0800: 11.446: Total time for which application threads were stopped: 0.0076358 seconds, Stopping threads took: 0.0000197 seconds
2024-07-28T21:33:03.439+0800: 11.446: Application time: 0.0002013 seconds
2024-07-28T21:33:03.440+0800: 11.446: [GC (CMS Initial Mark) [1 CMS-initial-mark: 370327K(562600K)] 381959K(641256K), 0.0007506 secs] [Times: user=0.00 sys=0.00, real=0.00 secs] 
2024-07-28T21:33:03.440+0800: 11.447: Total time for which application threads were stopped: 0.0008586 seconds, Stopping threads took: 0.0000660 seconds
2024-07-28T21:33:03.440+0800: 11.447: [CMS-concurrent-mark-start]
2024-07-28T21:33:03.445+0800: 11.451: [CMS-concurrent-mark: 0.004/0.004 secs] [Times: user=0.05 sys=0.00, real=0.00 secs] 
2024-07-28T21:33:03.445+0800: 11.452: [CMS-concurrent-preclean-start]
2024-07-28T21:33:03.446+0800: 11.452: [CMS-concurrent-preclean: 0.001/0.001 secs] [Times: user=0.00 sys=0.00, real=0.00 secs] 
2024-07-28T21:33:03.446+0800: 11.453: [CMS-concurrent-abortable-preclean-start]
2024-07-28T21:33:03.555+0800: 11.562: Application time: 0.1153443 seconds
2024-07-28T21:33:03.555+0800: 11.562: [GC (Allocation Failure) 2024-07-28T21:33:03.555+0800: 11.563: [ParNew: 77168K->8192K(78656K), 0.0157086 secs] 447496K->447128K(641256K), 0.0157618 secs] [Times: user=0.03 sys=0.00, real=0.02 secs] 
2024-07-28T21:33:03.571+0800: 11.578: Total time for which application threads were stopped: 0.0158734 seconds, Stopping threads took: 0.0000190 seconds
2024-07-28T21:33:03.576+0800: 11.583: Application time: 0.0048931 seconds
2024-07-28T21:33:03.576+0800: 11.583: [GC (Allocation Failure) 2024-07-28T21:33:03.576+0800: 11.583: [ParNew: 77168K->8192K(78656K), 0.0124160 secs] 516105K->515737K(641256K), 0.0124685 secs] [Times: user=0.03 sys=0.00, real=0.01 secs] 
2024-07-28T21:33:03.589+0800: 11.596: Total time for which application threads were stopped: 0.0125771 seconds, Stopping threads took: 0.0000164 seconds
2024-07-28T21:33:03.699+0800: 11.706: Application time: 0.1103764 seconds
2024-07-28T21:33:03.699+0800: 11.706: [GC (Allocation Failure) 2024-07-28T21:33:03.699+0800: 11.706: [ParNew: 77168K->8192K(78656K), 0.0073816 secs] 584714K->549529K(641256K), 0.0074418 secs] [Times: user=0.00 sys=0.00, real=0.01 secs] 
2024-07-28T21:33:03.707+0800: 11.714: Total time for which application threads were stopped: 0.0075573 seconds, Stopping threads took: 0.0000183 seconds
2024-07-28T21:33:03.707+0800: 11.714: [CMS-concurrent-abortable-preclean: 0.007/0.261 secs] [Times: user=0.06 sys=0.00, real=0.26 secs] 
2024-07-28T21:33:03.707+0800: 11.714: Application time: 0.0002967 seconds
2024-07-28T21:33:03.707+0800: 11.714: [GC (CMS Final Remark) [YG occupancy: 12655 K (78656 K)]2024-07-28T21:33:03.707+0800: 11.714: [Rescan (parallel) , 0.0007808 secs]2024-07-28T21:33:03.708+0800: 11.715: [weak refs processing, 0.0000190 secs]2024-07-28T21:33:03.708+0800: 11.715: [class unloading, 0.0002522 secs]2024-07-28T21:33:03.708+0800: 11.715: [scrub symbol table, 0.0003162 secs]2024-07-28T21:33:03.708+0800: 11.716: [scrub string table, 0.0000966 secs][1 CMS-remark: 541337K(562600K)] 553993K(641256K), 0.0015391 secs] [Times: user=0.00 sys=0.00, real=0.00 secs] 
2024-07-28T21:33:03.709+0800: 11.716: Total time for which application threads were stopped: 0.0016760 seconds, Stopping threads took: 0.0000980 seconds
2024-07-28T21:33:03.709+0800: 11.716: [CMS-concurrent-sweep-start]
2024-07-28T21:33:03.711+0800: 11.718: [CMS-concurrent-sweep: 0.002/0.002 secs] [Times: user=0.00 sys=0.00, real=0.00 secs] 
2024-07-28T21:33:03.711+0800: 11.718: [CMS-concurrent-reset-start]
2024-07-28T21:33:03.712+0800: 11.719: [CMS-concurrent-reset: 0.001/0.001 secs] [Times: user=0.00 sys=0.00, real=0.00 secs] 
2024-07-28T21:33:03.822+0800: 11.829: Application time: 0.1136029 seconds
2024-07-28T21:33:03.822+0800: 11.829: [GC (Allocation Failure) 2024-07-28T21:33:03.822+0800: 11.829: [ParNew: 77168K->8192K(78656K), 0.0121791 secs] 281605K->281237K(641256K), 0.0122602 secs] [Times: user=0.03 sys=0.00, real=0.01 secs] 
2024-07-28T21:33:03.835+0800: 11.842: Total time for which application threads were stopped: 0.0123910 seconds, Stopping threads took: 0.0000187 seconds
2024-07-28T21:33:03.835+0800: 11.842: Application time: 0.0002080 seconds
2024-07-28T21:33:03.835+0800: 11.842: [GC (CMS Initial Mark) [1 CMS-initial-mark: 273045K(562600K)] 284677K(641256K), 0.0007071 secs] [Times: user=0.00 sys=0.00, real=0.00 secs] 
2024-07-28T21:33:03.836+0800: 11.843: Total time for which application threads were stopped: 0.0008411 seconds, Stopping threads took: 0.0000917 seconds
2024-07-28T21:33:03.836+0800: 11.843: [CMS-concurrent-mark-start]
2024-07-28T21:33:03.839+0800: 11.846: [CMS-concurrent-mark: 0.004/0.004 secs] [Times: user=0.00 sys=0.00, real=0.00 secs] 
2024-07-28T21:33:03.839+0800: 11.846: [CMS-concurrent-preclean-start]
2024-07-28T21:33:03.841+0800: 11.848: [CMS-concurrent-preclean: 0.001/0.001 secs] [Times: user=0.00 sys=0.00, real=0.00 secs] 
2024-07-28T21:33:03.841+0800: 11.848: Application time: 0.0051838 seconds
2024-07-28T21:33:03.841+0800: 11.848: [GC (Allocation Failure) 2024-07-28T21:33:03.841+0800: 11.848: [ParNew: 77168K->8192K(78656K), 0.0124870 secs] 350214K->349846K(641256K), 0.0125374 secs] [Times: user=0.03 sys=0.00, real=0.01 secs] 
2024-07-28T21:33:03.853+0800: 11.861: Total time for which application threads were stopped: 0.0126410 seconds, Stopping threads took: 0.0000178 seconds
2024-07-28T21:33:03.854+0800: 11.861: Application time: 0.0002498 seconds
2024-07-28T21:33:03.854+0800: 11.861: [GC (CMS Final Remark) [YG occupancy: 11631 K (78656 K)]2024-07-28T21:33:03.854+0800: 11.861: [Rescan (parallel) , 0.0005649 secs]2024-07-28T21:33:03.854+0800: 11.862: [weak refs processing, 0.0000125 secs]2024-07-28T21:33:03.854+0800: 11.862: [class unloading, 0.0002417 secs]2024-07-28T21:33:03.855+0800: 11.862: [scrub symbol table, 0.0003460 secs]2024-07-28T21:33:03.855+0800: 11.862: [scrub string table, 0.0001014 secs][1 CMS-remark: 341654K(562600K)] 353286K(641256K), 0.0013378 secs] [Times: user=0.00 sys=0.00, real=0.00 secs] 
2024-07-28T21:33:03.855+0800: 11.862: Total time for which application threads were stopped: 0.0014794 seconds, Stopping threads took: 0.0001045 seconds
2024-07-28T21:33:03.855+0800: 11.863: [CMS-concurrent-sweep-start]
2024-07-28T21:33:03.857+0800: 11.864: [CMS-concurrent-sweep: 0.001/0.001 secs] [Times: user=0.00 sys=0.00, real=0.00 secs] 
2024-07-28T21:33:03.857+0800: 11.864: [CMS-concurrent-reset-start]
2024-07-28T21:33:03.858+0800: 11.865: [CMS-concurrent-reset: 0.001/0.001 secs] [Times: user=0.00 sys=0.00, real=0.00 secs] 
2024-07-28T21:33:03.966+0800: 11.973: Application time: 0.1109752 seconds
2024-07-28T21:33:03.966+0800: 11.973: [GC (Allocation Failure) 2024-07-28T21:33:03.966+0800: 11.973: [ParNew: 77168K->8192K(78656K), 0.0073501 secs] 248837K->214676K(641256K), 0.0074085 secs] [Times: user=0.03 sys=0.00, real=0.01 secs] 
2024-07-28T21:33:03.973+0800: 11.981: Total time for which application threads were stopped: 0.0075199 seconds, Stopping threads took: 0.0000189 seconds
2024-07-28T21:33:04.090+0800: 12.097: Application time: 0.1165964 seconds
2024-07-28T21:33:04.090+0800: 12.097: [GC (Allocation Failure) 2024-07-28T21:33:04.090+0800: 12.098: [ParNew: 77168K->8192K(78656K), 0.0123523 secs] 283653K->283285K(641256K), 0.0124131 secs] [Times: user=0.03 sys=0.00, real=0.01 secs] 
2024-07-28T21:33:04.102+0800: 12.110: Total time for which application threads were stopped: 0.0125261 seconds, Stopping threads took: 0.0000190 seconds
2024-07-28T21:33:04.107+0800: 12.114: Application time: 0.0043514 seconds
2024-07-28T21:33:04.107+0800: 12.114: [GC (Allocation Failure) 2024-07-28T21:33:04.107+0800: 12.114: [ParNew: 77168K->8192K(78656K), 0.0124526 secs] 352262K->351894K(641256K), 0.0125147 secs] [Times: user=0.03 sys=0.00, real=0.01 secs] 
2024-07-28T21:33:04.119+0800: 12.127: Total time for which application threads were stopped: 0.0126693 seconds, Stopping threads took: 0.0000149 seconds
2024-07-28T21:33:04.120+0800: 12.127: Application time: 0.0002216 seconds
2024-07-28T21:33:04.120+0800: 12.127: [GC (CMS Initial Mark) [1 CMS-initial-mark: 343702K(562600K)] 355334K(641256K), 0.0007929 secs] [Times: user=0.00 sys=0.00, real=0.00 secs] 
2024-07-28T21:33:04.121+0800: 12.128: Total time for which application threads were stopped: 0.0009385 seconds, Stopping threads took: 0.0000891 seconds
2024-07-28T21:33:04.121+0800: 12.128: [CMS-concurrent-mark-start]
2024-07-28T21:33:04.123+0800: 12.130: [CMS-concurrent-mark: 0.002/0.002 secs] [Times: user=0.00 sys=0.00, real=0.00 secs] 
2024-07-28T21:33:04.123+0800: 12.130: [CMS-concurrent-preclean-start]
2024-07-28T21:33:04.124+0800: 12.131: [CMS-concurrent-preclean: 0.001/0.001 secs] [Times: user=0.00 sys=0.00, real=0.00 secs] 
2024-07-28T21:33:04.124+0800: 12.131: [CMS-concurrent-abortable-preclean-start]
2024-07-28T21:33:04.234+0800: 12.241: Application time: 0.1131207 seconds
2024-07-28T21:33:04.234+0800: 12.241: [GC (Allocation Failure) 2024-07-28T21:33:04.234+0800: 12.241: [ParNew: 77168K->8192K(78656K), 0.0077848 secs] 420871K->387735K(641256K), 0.0078430 secs] [Times: user=0.03 sys=0.00, real=0.01 secs] 
2024-07-28T21:33:04.242+0800: 12.249: Total time for which application threads were stopped: 0.0079503 seconds, Stopping threads took: 0.0000185 seconds
2024-07-28T21:33:04.358+0800: 12.365: Application time: 0.1159687 seconds
2024-07-28T21:33:04.358+0800: 12.365: [GC (Allocation Failure) 2024-07-28T21:33:04.359+0800: 12.365: [ParNew: 77168K->8192K(78656K), 0.0125567 secs] 456712K->456344K(641256K), 0.0126215 secs] [Times: user=0.03 sys=0.00, real=0.01 secs] 
2024-07-28T21:33:04.371+0800: 12.378: Total time for which application threads were stopped: 0.0127325 seconds, Stopping threads took: 0.0000194 seconds
2024-07-28T21:33:04.371+0800: 12.378: [CMS-concurrent-abortable-preclean: 0.006/0.247 secs] [Times: user=0.06 sys=0.00, real=0.25 secs] 
2024-07-28T21:33:04.371+0800: 12.378: Application time: 0.0002825 seconds
2024-07-28T21:33:04.372+0800: 12.378: [GC (CMS Final Remark) [YG occupancy: 12655 K (78656 K)]2024-07-28T21:33:04.372+0800: 12.378: [Rescan (parallel) , 0.0007310 secs]2024-07-28T21:33:04.372+0800: 12.379: [weak refs processing, 0.0000128 secs]2024-07-28T21:33:04.372+0800: 12.379: [class unloading, 0.0003302 secs]2024-07-28T21:33:04.373+0800: 12.380: [scrub symbol table, 0.0003252 secs]2024-07-28T21:33:04.373+0800: 12.380: [scrub string table, 0.0000905 secs][1 CMS-remark: 448152K(562600K)] 460808K(641256K), 0.0015664 secs] [Times: user=0.00 sys=0.00, real=0.00 secs] 
2024-07-28T21:33:04.373+0800: 12.380: Total time for which application threads were stopped: 0.0017797 seconds, Stopping threads took: 0.0001756 seconds
2024-07-28T21:33:04.373+0800: 12.380: [CMS-concurrent-sweep-start]
2024-07-28T21:33:04.375+0800: 12.382: [CMS-concurrent-sweep: 0.002/0.002 secs] [Times: user=0.00 sys=0.00, real=0.00 secs] 
2024-07-28T21:33:04.375+0800: 12.382: [CMS-concurrent-reset-start]
2024-07-28T21:33:04.377+0800: 12.383: [CMS-concurrent-reset: 0.001/0.001 secs] [Times: user=0.00 sys=0.00, real=0.00 secs] 
2024-07-28T21:33:04.378+0800: 12.385: Application time: 0.0051141 seconds
2024-07-28T21:33:04.378+0800: 12.385: [GC (Allocation Failure) 2024-07-28T21:33:04.378+0800: 12.385: [ParNew: 77168K->8192K(78656K), 0.0124484 secs] 354310K->353943K(641256K), 0.0124965 secs] [Times: user=0.03 sys=0.00, real=0.01 secs] 
2024-07-28T21:33:04.391+0800: 12.398: Total time for which application threads were stopped: 0.0126125 seconds, Stopping threads took: 0.0000147 seconds
2024-07-28T21:33:04.391+0800: 12.398: Application time: 0.0001971 seconds
2024-07-28T21:33:04.391+0800: 12.398: [GC (CMS Initial Mark) [1 CMS-initial-mark: 345750K(562600K)] 357382K(641256K), 0.0006294 secs] [Times: user=0.00 sys=0.00, real=0.00 secs] 
2024-07-28T21:33:04.392+0800: 12.399: Total time for which application threads were stopped: 0.0008247 seconds, Stopping threads took: 0.0001036 seconds
2024-07-28T21:33:04.392+0800: 12.399: [CMS-concurrent-mark-start]
2024-07-28T21:33:04.394+0800: 12.401: [CMS-concurrent-mark: 0.002/0.002 secs] [Times: user=0.00 sys=0.00, real=0.00 secs] 
2024-07-28T21:33:04.394+0800: 12.401: [CMS-concurrent-preclean-start]
2024-07-28T21:33:04.395+0800: 12.402: [CMS-concurrent-preclean: 0.001/0.001 secs] [Times: user=0.00 sys=0.00, real=0.00 secs] 
2024-07-28T21:33:04.395+0800: 12.402: [CMS-concurrent-abortable-preclean-start]
2024-07-28T21:33:04.502+0800: 12.509: Application time: 0.1103177 seconds
2024-07-28T21:33:04.502+0800: 12.509: [GC (Allocation Failure) 2024-07-28T21:33:04.502+0800: 12.509: [ParNew: 77168K->8192K(78656K), 0.0077787 secs] 422919K->390807K(641256K), 0.0078647 secs] [Times: user=0.03 sys=0.00, real=0.01 secs] 
2024-07-28T21:33:04.510+0800: 12.517: Total time for which application threads were stopped: 0.0079749 seconds, Stopping threads took: 0.0000193 seconds
2024-07-28T21:33:04.625+0800: 12.632: Application time: 0.1154524 seconds
2024-07-28T21:33:04.625+0800: 12.633: [GC (Allocation Failure) 2024-07-28T21:33:04.625+0800: 12.633: [ParNew: 77168K->8192K(78656K), 0.0122145 secs] 459784K->459416K(641256K), 0.0122727 secs] [Times: user=0.03 sys=0.00, real=0.01 secs] 
2024-07-28T21:33:04.638+0800: 12.645: Total time for which application threads were stopped: 0.0123840 seconds, Stopping threads took: 0.0000197 seconds
2024-07-28T21:33:04.638+0800: 12.645: [CMS-concurrent-abortable-preclean: 0.006/0.243 secs] [Times: user=0.08 sys=0.00, real=0.24 secs] 
2024-07-28T21:33:04.638+0800: 12.645: Application time: 0.0003231 seconds
2024-07-28T21:33:04.638+0800: 12.645: [GC (CMS Final Remark) [YG occupancy: 12655 K (78656 K)]2024-07-28T21:33:04.638+0800: 12.645: [Rescan (parallel) , 0.0012184 secs]2024-07-28T21:33:04.639+0800: 12.647: [weak refs processing, 0.0000130 secs]2024-07-28T21:33:04.639+0800: 12.647: [class unloading, 0.0003858 secs]2024-07-28T21:33:04.640+0800: 12.647: [scrub symbol table, 0.0004401 secs]2024-07-28T21:33:04.641+0800: 12.647: [scrub string table, 0.0000943 secs][1 CMS-remark: 451224K(562600K)] 463880K(641256K), 0.0022431 secs] [Times: user=0.00 sys=0.00, real=0.00 secs] 
2024-07-28T21:33:04.641+0800: 12.648: Total time for which application threads were stopped: 0.0023519 seconds, Stopping threads took: 0.0000663 seconds
2024-07-28T21:33:04.641+0800: 12.648: [CMS-concurrent-sweep-start]
2024-07-28T21:33:04.642+0800: 12.649: [CMS-concurrent-sweep: 0.001/0.001 secs] [Times: user=0.00 sys=0.00, real=0.00 secs] 
2024-07-28T21:33:04.642+0800: 12.649: [CMS-concurrent-reset-start]
2024-07-28T21:33:04.644+0800: 12.650: [CMS-concurrent-reset: 0.001/0.001 secs] [Times: user=0.00 sys=0.00, real=0.00 secs] 
2024-07-28T21:33:04.646+0800: 12.653: Application time: 0.0055526 seconds
2024-07-28T21:33:04.646+0800: 12.653: [GC (Allocation Failure) 2024-07-28T21:33:04.646+0800: 12.653: [ParNew: 77168K->8192K(78656K), 0.0129193 secs] 356358K->355991K(641256K), 0.0129672 secs] [Times: user=0.00 sys=0.00, real=0.01 secs] 
2024-07-28T21:33:04.659+0800: 12.666: Total time for which application threads were stopped: 0.0130734 seconds, Stopping threads took: 0.0000186 seconds
2024-07-28T21:33:04.660+0800: 12.666: Application time: 0.0001706 seconds
2024-07-28T21:33:04.660+0800: 12.667: [GC (CMS Initial Mark) [1 CMS-initial-mark: 347798K(562600K)] 359430K(641256K), 0.0008103 secs] [Times: user=0.00 sys=0.00, real=0.00 secs] 
2024-07-28T21:33:04.661+0800: 12.667: Total time for which application threads were stopped: 0.0010221 seconds, Stopping threads took: 0.0001669 seconds
2024-07-28T21:33:04.661+0800: 12.667: [CMS-concurrent-mark-start]
2024-07-28T21:33:04.663+0800: 12.670: [CMS-concurrent-mark: 0.002/0.002 secs] [Times: user=0.00 sys=0.00, real=0.00 secs] 
2024-07-28T21:33:04.663+0800: 12.670: [CMS-concurrent-preclean-start]
2024-07-28T21:33:04.664+0800: 12.671: [CMS-concurrent-preclean: 0.001/0.001 secs] [Times: user=0.00 sys=0.00, real=0.00 secs] 
2024-07-28T21:33:04.664+0800: 12.671: [CMS-concurrent-abortable-preclean-start]
2024-07-28T21:33:04.769+0800: 12.777: Application time: 0.1091578 seconds
2024-07-28T21:33:04.769+0800: 12.777: [GC (Allocation Failure) 2024-07-28T21:33:04.769+0800: 12.777: [ParNew: 77168K->8192K(78656K), 0.0080883 secs] 424967K->393879K(641256K), 0.0081500 secs] [Times: user=0.13 sys=0.00, real=0.01 secs] 
2024-07-28T21:33:04.777+0800: 12.785: Total time for which application threads were stopped: 0.0082586 seconds, Stopping threads took: 0.0000193 seconds
2024-07-28T21:33:04.892+0800: 12.899: Application time: 0.1146053 seconds
2024-07-28T21:33:04.892+0800: 12.899: [GC (Allocation Failure) 2024-07-28T21:33:04.892+0800: 12.900: [ParNew: 77168K->8192K(78656K), 0.0120423 secs] 462856K->462488K(641256K), 0.0121004 secs] [Times: user=0.03 sys=0.00, real=0.01 secs] 
2024-07-28T21:33:04.904+0800: 12.912: Total time for which application threads were stopped: 0.0122107 seconds, Stopping threads took: 0.0000198 seconds
2024-07-28T21:33:04.904+0800: 12.912: [CMS-concurrent-abortable-preclean: 0.006/0.241 secs] [Times: user=0.16 sys=0.00, real=0.24 secs] 
2024-07-28T21:33:04.904+0800: 12.912: Application time: 0.0003255 seconds
2024-07-28T21:33:04.905+0800: 12.912: [GC (CMS Final Remark) [YG occupancy: 13679 K (78656 K)]2024-07-28T21:33:04.905+0800: 12.912: [Rescan (parallel) , 0.0009671 secs]2024-07-28T21:33:04.906+0800: 12.913: [weak refs processing, 0.0000263 secs]2024-07-28T21:33:04.906+0800: 12.913: [class unloading, 0.0002598 secs]2024-07-28T21:33:04.906+0800: 12.913: [scrub symbol table, 0.0003293 secs]2024-07-28T21:33:04.906+0800: 12.914: [scrub string table, 0.0000906 secs][1 CMS-remark: 454296K(562600K)] 467976K(641256K), 0.0017648 secs] [Times: user=0.00 sys=0.00, real=0.00 secs] 
2024-07-28T21:33:04.906+0800: 12.914: Total time for which application threads were stopped: 0.0018883 seconds, Stopping threads took: 0.0000779 seconds
2024-07-28T21:33:04.907+0800: 12.914: [CMS-concurrent-sweep-start]
2024-07-28T21:33:04.908+0800: 12.916: [CMS-concurrent-sweep: 0.002/0.002 secs] [Times: user=0.00 sys=0.00, real=0.00 secs] 
2024-07-28T21:33:04.908+0800: 12.916: [CMS-concurrent-reset-start]
2024-07-28T21:33:04.909+0800: 12.917: [CMS-concurrent-reset: 0.001/0.001 secs] [Times: user=0.00 sys=0.00, real=0.00 secs] 
2024-07-28T21:33:04.911+0800: 12.919: Application time: 0.0051007 seconds
2024-07-28T21:33:04.912+0800: 12.919: [GC (Allocation Failure) 2024-07-28T21:33:04.912+0800: 12.919: [ParNew: 77168K->8192K(78656K), 0.0120042 secs] 358406K->358039K(641256K), 0.0120604 secs] [Times: user=0.00 sys=0.00, real=0.01 secs] 
2024-07-28T21:33:04.924+0800: 12.931: Total time for which application threads were stopped: 0.0121892 seconds, Stopping threads took: 0.0000157 seconds
2024-07-28T21:33:04.924+0800: 12.931: Application time: 0.0002527 seconds
2024-07-28T21:33:04.924+0800: 12.932: [GC (CMS Initial Mark) [1 CMS-initial-mark: 349846K(562600K)] 361478K(641256K), 0.0007733 secs] [Times: user=0.00 sys=0.00, real=0.00 secs] 
2024-07-28T21:33:04.925+0800: 12.932: Total time for which application threads were stopped: 0.0009467 seconds, Stopping threads took: 0.0001302 seconds
2024-07-28T21:33:04.925+0800: 12.932: [CMS-concurrent-mark-start]
2024-07-28T21:33:04.927+0800: 12.935: [CMS-concurrent-mark: 0.002/0.002 secs] [Times: user=0.05 sys=0.00, real=0.00 secs] 
2024-07-28T21:33:04.927+0800: 12.935: [CMS-concurrent-preclean-start]
2024-07-28T21:33:04.928+0800: 12.935: [CMS-concurrent-preclean: 0.001/0.001 secs] [Times: user=0.00 sys=0.00, real=0.00 secs] 
2024-07-28T21:33:04.928+0800: 12.935: [CMS-concurrent-abortable-preclean-start]
2024-07-28T21:33:05.036+0800: 13.043: Application time: 0.1111395 seconds
2024-07-28T21:33:05.036+0800: 13.044: [GC (Allocation Failure) 2024-07-28T21:33:05.036+0800: 13.044: [ParNew: 77168K->8192K(78656K), 0.0083609 secs] 427015K->396951K(641256K), 0.0084195 secs] [Times: user=0.00 sys=0.00, real=0.01 secs] 
2024-07-28T21:33:05.045+0800: 13.052: Total time for which application threads were stopped: 0.0085283 seconds, Stopping threads took: 0.0000189 seconds
2024-07-28T21:33:05.161+0800: 13.168: Application time: 0.1163989 seconds
2024-07-28T21:33:05.161+0800: 13.169: [GC (Allocation Failure) 2024-07-28T21:33:05.161+0800: 13.169: [ParNew: 77168K->8192K(78656K), 0.0123531 secs] 465928K->465560K(641256K), 0.0124626 secs] [Times: user=0.00 sys=0.00, real=0.01 secs] 
2024-07-28T21:33:05.174+0800: 13.181: Total time for which application threads were stopped: 0.0125938 seconds, Stopping threads took: 0.0000325 seconds
2024-07-28T21:33:05.174+0800: 13.181: [CMS-concurrent-abortable-preclean: 0.006/0.246 secs] [Times: user=0.05 sys=0.00, real=0.25 secs] 
2024-07-28T21:33:05.174+0800: 13.181: Application time: 0.0003046 seconds
2024-07-28T21:33:05.174+0800: 13.181: [GC (CMS Final Remark) [YG occupancy: 12655 K (78656 K)]2024-07-28T21:33:05.174+0800: 13.181: [Rescan (parallel) , 0.0006178 secs]2024-07-28T21:33:05.175+0800: 13.182: [weak refs processing, 0.0000129 secs]2024-07-28T21:33:05.175+0800: 13.182: [class unloading, 0.0002363 secs]2024-07-28T21:33:05.175+0800: 13.182: [scrub symbol table, 0.0003641 secs]2024-07-28T21:33:05.176+0800: 13.183: [scrub string table, 0.0000970 secs][1 CMS-remark: 457368K(562600K)] 470024K(641256K), 0.0013989 secs] [Times: user=0.00 sys=0.00, real=0.00 secs] 
2024-07-28T21:33:05.176+0800: 13.183: Total time for which application threads were stopped: 0.0015204 seconds, Stopping threads took: 0.0000846 seconds
2024-07-28T21:33:05.176+0800: 13.183: [CMS-concurrent-sweep-start]
2024-07-28T21:33:05.178+0800: 13.185: [CMS-concurrent-sweep: 0.002/0.002 secs] [Times: user=0.03 sys=0.00, real=0.00 secs] 
2024-07-28T21:33:05.178+0800: 13.185: [CMS-concurrent-reset-start]
2024-07-28T21:33:05.179+0800: 13.186: [CMS-concurrent-reset: 0.001/0.001 secs] [Times: user=0.00 sys=0.00, real=0.00 secs] 
2024-07-28T21:33:05.181+0800: 13.188: Application time: 0.0048608 seconds
2024-07-28T21:33:05.181+0800: 13.188: [GC (Allocation Failure) 2024-07-28T21:33:05.181+0800: 13.188: [ParNew: 77168K->8192K(78656K), 0.0125410 secs] 360454K->360087K(641256K), 0.0125879 secs] [Times: user=0.03 sys=0.00, real=0.01 secs] 
2024-07-28T21:33:05.193+0800: 13.200: Total time for which application threads were stopped: 0.0126840 seconds, Stopping threads took: 0.0000142 seconds
2024-07-28T21:33:05.194+0800: 13.201: Application time: 0.0002393 seconds
2024-07-28T21:33:05.194+0800: 13.201: [GC (CMS Initial Mark) [1 CMS-initial-mark: 351894K(562600K)] 363526K(641256K), 0.0008571 secs] [Times: user=0.00 sys=0.00, real=0.00 secs] 
2024-07-28T21:33:05.195+0800: 13.202: Total time for which application threads were stopped: 0.0009837 seconds, Stopping threads took: 0.0000856 seconds
2024-07-28T21:33:05.195+0800: 13.202: [CMS-concurrent-mark-start]
2024-07-28T21:33:05.197+0800: 13.204: [CMS-concurrent-mark: 0.002/0.002 secs] [Times: user=0.00 sys=0.00, real=0.00 secs] 
2024-07-28T21:33:05.197+0800: 13.204: [CMS-concurrent-preclean-start]
2024-07-28T21:33:05.197+0800: 13.204: [CMS-concurrent-preclean: 0.001/0.001 secs] [Times: user=0.00 sys=0.00, real=0.00 secs] 
2024-07-28T21:33:05.197+0800: 13.204: [CMS-concurrent-abortable-preclean-start]
2024-07-28T21:33:05.303+0800: 13.310: Application time: 0.1085999 seconds
2024-07-28T21:33:05.303+0800: 13.310: [GC (Allocation Failure) 2024-07-28T21:33:05.303+0800: 13.310: [ParNew: 77168K->8192K(78656K), 0.0082769 secs] 429063K->400023K(641256K), 0.0083451 secs] [Times: user=0.00 sys=0.00, real=0.01 secs] 
2024-07-28T21:33:05.312+0800: 13.319: Total time for which application threads were stopped: 0.0084538 seconds, Stopping threads took: 0.0000191 seconds
2024-07-28T21:33:05.428+0800: 13.435: Application time: 0.1166216 seconds
2024-07-28T21:33:05.429+0800: 13.435: [GC (Allocation Failure) 2024-07-28T21:33:05.429+0800: 13.435: [ParNew: 77168K->8192K(78656K), 0.0120654 secs] 469000K->468632K(641256K), 0.0121463 secs] [Times: user=0.00 sys=0.00, real=0.01 secs] 
2024-07-28T21:33:05.441+0800: 13.448: Total time for which application threads were stopped: 0.0122609 seconds, Stopping threads took: 0.0000191 seconds
2024-07-28T21:33:05.441+0800: 13.448: [CMS-concurrent-abortable-preclean: 0.006/0.243 secs] [Times: user=0.03 sys=0.00, real=0.24 secs] 
2024-07-28T21:33:05.441+0800: 13.448: Application time: 0.0005872 seconds
2024-07-28T21:33:05.441+0800: 13.448: [GC (CMS Final Remark) [YG occupancy: 17775 K (78656 K)]2024-07-28T21:33:05.441+0800: 13.448: [Rescan (parallel) , 0.0010333 secs]2024-07-28T21:33:05.442+0800: 13.449: [weak refs processing, 0.0000131 secs]2024-07-28T21:33:05.442+0800: 13.449: [class unloading, 0.0002830 secs]2024-07-28T21:33:05.443+0800: 13.450: [scrub symbol table, 0.0003164 secs]2024-07-28T21:33:05.443+0800: 13.450: [scrub string table, 0.0000903 secs][1 CMS-remark: 460440K(562600K)] 478216K(641256K), 0.0018086 secs] [Times: user=0.02 sys=0.00, real=0.00 secs] 
2024-07-28T21:33:05.443+0800: 13.450: Total time for which application threads were stopped: 0.0019363 seconds, Stopping threads took: 0.0000881 seconds
2024-07-28T21:33:05.443+0800: 13.450: [CMS-concurrent-sweep-start]
2024-07-28T21:33:05.445+0800: 13.452: [CMS-concurrent-sweep: 0.001/0.001 secs] [Times: user=0.00 sys=0.00, real=0.00 secs] 
2024-07-28T21:33:05.445+0800: 13.452: [CMS-concurrent-reset-start]
2024-07-28T21:33:05.446+0800: 13.453: [CMS-concurrent-reset: 0.001/0.001 secs] [Times: user=0.00 sys=0.00, real=0.00 secs] 
2024-07-28T21:33:05.448+0800: 13.455: Application time: 0.0045910 seconds
2024-07-28T21:33:05.448+0800: 13.455: [GC (Allocation Failure) 2024-07-28T21:33:05.448+0800: 13.455: [ParNew: 77168K->8192K(78656K), 0.0121657 secs] 362502K->362135K(641256K), 0.0122127 secs] [Times: user=0.03 sys=0.00, real=0.01 secs] 
2024-07-28T21:33:05.460+0800: 13.467: Total time for which application threads were stopped: 0.0123097 seconds, Stopping threads took: 0.0000142 seconds
2024-07-28T21:33:05.460+0800: 13.467: Application time: 0.0001896 seconds
2024-07-28T21:33:05.460+0800: 13.467: [GC (CMS Initial Mark) [1 CMS-initial-mark: 353943K(562600K)] 365574K(641256K), 0.0007821 secs] [Times: user=0.00 sys=0.00, real=0.00 secs] 
2024-07-28T21:33:05.461+0800: 13.468: Total time for which application threads were stopped: 0.0008979 seconds, Stopping threads took: 0.0000741 seconds
2024-07-28T21:33:05.461+0800: 13.468: [CMS-concurrent-mark-start]
2024-07-28T21:33:05.463+0800: 13.470: [CMS-concurrent-mark: 0.002/0.002 secs] [Times: user=0.00 sys=0.00, real=0.00 secs] 
2024-07-28T21:33:05.463+0800: 13.470: [CMS-concurrent-preclean-start]
2024-07-28T21:33:05.464+0800: 13.471: [CMS-concurrent-preclean: 0.001/0.001 secs] [Times: user=0.00 sys=0.00, real=0.00 secs] 
2024-07-28T21:33:05.464+0800: 13.471: [CMS-concurrent-abortable-preclean-start]
Heap
 par new generation   total 78656K, used 29415K [0x00000000c8000000, 0x00000000cd550000, 0x00000000daaa0000)
  eden space 69952K,  30% used [0x00000000c8000000, 0x00000000c94b9d50, 0x00000000cc450000)
  from space 8704K,  94% used [0x00000000cccd0000, 0x00000000cd4d0080, 0x00000000cd550000)
  to   space 8704K,   0% used [0x00000000cc450000, 0x00000000cc450000, 0x00000000cccd0000)
 concurrent mark-sweep generation total 562600K, used 353943K [0x00000000daaa0000, 0x00000000fd00a000, 0x0000000100000000)
 Metaspace       used 3005K, capacity 4486K, committed 4864K, reserved 1056768K
  class space    used 310K, capacity 386K, committed 512K, reserved 1048576K
2024-07-28T21:33:05.568+0800: 13.575: Application time: 0.1069993 seconds
