OpenJDK 64-Bit Server VM (25.412-b1) for windows-amd64 JRE (1.8.0_412-b1), built on Apr 23 2024 12:00:37 by "Administrator" with MS VC++ 10.0 (VS2010)
Memory: 4k page, physical 16672068k(5672880k free), swap 19933956k(3745896k free)
CommandLine flags: -XX:CMSFullGCsBeforeCompaction=7 -XX:GCDrainStackTargetSize=64 -XX:InitialHeapSize=266753088 -XX:MaxHeapSize=939524096 -XX:MaxNewSize=313176064 -XX:MaxTenuringThreshold=6 -XX:OldPLABSize=16 -XX:+PrintGC -XX:+PrintGCApplicationConcurrentTime -XX:+PrintGCApplicationStoppedTime -XX:+PrintGCDateStamps -XX:+PrintGCDetails -XX:+PrintGCTimeStamps -XX:+UseCMSCompactAtFullCollection -XX:+UseCompressedClassPointers -XX:+UseCompressedOops -XX:+UseConcMarkSweepGC -XX:-UseLargePagesIndividualAllocation -XX:+UseParNewGC 
2024-07-28T21:33:05.760+0800: 0.122: Application time: 0.0373630 seconds
2024-07-28T21:33:05.760+0800: 0.122: [GC (Allocation Failure) 2024-07-28T21:33:05.760+0800: 0.122: [ParNew: 68984K->8016K(78656K), 0.0412396 secs] 68984K->68435K(253440K), 0.0414178 secs] [Times: user=0.08 sys=0.02, real=0.04 secs] 
2024-07-28T21:33:05.801+0800: 0.163: Total time for which application threads were stopped: 0.0415491 seconds, Stopping threads took: 0.0000202 seconds
2024-07-28T21:33:05.918+0800: 0.279: Application time: 0.1155064 seconds
2024-07-28T21:33:05.918+0800: 0.279: [GC (Allocation Failure) 2024-07-28T21:33:05.918+0800: 0.279: [ParNew: 76986K->8535K(78656K), 0.0296199 secs] 137405K->137190K(253440K), 0.0296786 secs] [Times: user=0.05 sys=0.05, real=0.03 secs] 
2024-07-28T21:33:05.947+0800: 0.308: Total time for which application threads were stopped: 0.0297887 seconds, Stopping threads took: 0.0000185 seconds
2024-07-28T21:33:05.948+0800: 0.309: Application time: 0.0001532 seconds
2024-07-28T21:33:05.948+0800: 0.309: [GC (CMS Initial Mark) [1 CMS-initial-mark: 128655K(174784K)] 140617K(253440K), 0.0005453 secs] [Times: user=0.00 sys=0.00, real=0.00 secs] 
2024-07-28T21:33:05.948+0800: 0.309: Total time for which application threads were stopped: 0.0007090 seconds, Stopping threads took: 0.0001208 seconds
2024-07-28T21:33:05.948+0800: 0.309: [CMS-concurrent-mark-start]
2024-07-28T21:33:05.951+0800: 0.312: [CMS-concurrent-mark: 0.003/0.003 secs] [Times: user=0.00 sys=0.00, real=0.00 secs] 
2024-07-28T21:33:05.951+0800: 0.312: [CMS-concurrent-preclean-start]
2024-07-28T21:33:05.952+0800: 0.313: [CMS-concurrent-preclean: 0.001/0.001 secs] [Times: user=0.00 sys=0.00, real=0.00 secs] 
2024-07-28T21:33:05.952+0800: 0.313: [CMS-concurrent-abortable-preclean-start]
2024-07-28T21:33:06.057+0800: 0.418: Application time: 0.1085653 seconds
2024-07-28T21:33:06.057+0800: 0.418: [GC (Allocation Failure) 2024-07-28T21:33:06.057+0800: 0.418: [ParNew: 77499K->28K(78656K), 0.0012741 secs] 206154K->128686K(253440K), 0.0013884 secs] [Times: user=0.00 sys=0.00, real=0.00 secs] 
2024-07-28T21:33:06.058+0800: 0.419: Total time for which application threads were stopped: 0.0015656 seconds, Stopping threads took: 0.0000578 seconds
2024-07-28T21:33:06.063+0800: 0.424: Application time: 0.0045459 seconds
2024-07-28T21:33:06.063+0800: 0.424: [GC (Allocation Failure) 2024-07-28T21:33:06.063+0800: 0.424: [ParNew: 68997K->8196K(78656K), 0.0373712 secs] 197655K->197271K(268860K), 0.0374402 secs] [Times: user=0.08 sys=0.03, real=0.04 secs] 
2024-07-28T21:33:06.100+0800: 0.462: Total time for which application threads were stopped: 0.0375431 seconds, Stopping threads took: 0.0000175 seconds
2024-07-28T21:33:06.218+0800: 0.580: Application time: 0.1187500 seconds
2024-07-28T21:33:06.218+0800: 0.580: [GC (Allocation Failure) 2024-07-28T21:33:06.219+0800: 0.580: [ParNew: 77168K->8192K(78656K), 0.0242575 secs] 266242K->265877K(337736K), 0.0243202 secs] [Times: user=0.06 sys=0.02, real=0.03 secs] 
2024-07-28T21:33:06.243+0800: 0.605: Total time for which application threads were stopped: 0.0244292 seconds, Stopping threads took: 0.0000198 seconds
2024-07-28T21:33:06.243+0800: 0.605: [CMS-concurrent-abortable-preclean: 0.003/0.292 secs] [Times: user=0.14 sys=0.05, real=0.29 secs] 
2024-07-28T21:33:06.243+0800: 0.605: Application time: 0.0003274 seconds
2024-07-28T21:33:06.243+0800: 0.605: [GC (CMS Final Remark) [YG occupancy: 12652 K (78656 K)]2024-07-28T21:33:06.243+0800: 0.605: [Rescan (parallel) , 0.0009130 secs]2024-07-28T21:33:06.244+0800: 0.606: [weak refs processing, 0.0000127 secs]2024-07-28T21:33:06.244+0800: 0.606: [class unloading, 0.0002171 secs]2024-07-28T21:33:06.245+0800: 0.606: [scrub symbol table, 0.0003433 secs]2024-07-28T21:33:06.245+0800: 0.607: [scrub string table, 0.0001005 secs][1 CMS-remark: 257684K(259080K)] 270337K(337736K), 0.0017047 secs] [Times: user=0.00 sys=0.00, real=0.00 secs] 
2024-07-28T21:33:06.245+0800: 0.607: Total time for which application threads were stopped: 0.0018956 seconds, Stopping threads took: 0.0001530 seconds
2024-07-28T21:33:06.245+0800: 0.607: [CMS-concurrent-sweep-start]
2024-07-28T21:33:06.248+0800: 0.609: [CMS-concurrent-sweep: 0.002/0.002 secs] [Times: user=0.00 sys=0.00, real=0.00 secs] 
2024-07-28T21:33:06.250+0800: 0.611: [CMS-concurrent-reset-start]
2024-07-28T21:33:06.252+0800: 0.614: [CMS-concurrent-reset: 0.003/0.003 secs] [Times: user=0.00 sys=0.00, real=0.00 secs] 
2024-07-28T21:33:06.360+0800: 0.721: Application time: 0.1139378 seconds
2024-07-28T21:33:06.360+0800: 0.721: [GC (Allocation Failure) 2024-07-28T21:33:06.360+0800: 0.721: [ParNew: 77165K->1024K(78656K), 0.0011727 secs] 334849K->258707K(508132K), 0.0012530 secs] [Times: user=0.00 sys=0.00, real=0.00 secs] 
2024-07-28T21:33:06.361+0800: 0.722: Total time for which application threads were stopped: 0.0013761 seconds, Stopping threads took: 0.0000233 seconds
2024-07-28T21:33:06.361+0800: 0.723: Application time: 0.0002641 seconds
2024-07-28T21:33:06.361+0800: 0.723: [GC (CMS Initial Mark) [1 CMS-initial-mark: 257683K(429476K)] 262145K(508132K), 0.0008086 secs] [Times: user=0.00 sys=0.00, real=0.00 secs] 
2024-07-28T21:33:06.362+0800: 0.724: Total time for which application threads were stopped: 0.0009823 seconds, Stopping threads took: 0.0001319 seconds
2024-07-28T21:33:06.362+0800: 0.724: [CMS-concurrent-mark-start]
2024-07-28T21:33:06.365+0800: 0.727: [CMS-concurrent-mark: 0.003/0.003 secs] [Times: user=0.05 sys=0.00, real=0.00 secs] 
2024-07-28T21:33:06.365+0800: 0.727: [CMS-concurrent-preclean-start]
2024-07-28T21:33:06.367+0800: 0.728: [CMS-concurrent-preclean: 0.001/0.001 secs] [Times: user=0.00 sys=0.00, real=0.00 secs] 
2024-07-28T21:33:06.367+0800: 0.728: Application time: 0.0048816 seconds
2024-07-28T21:33:06.367+0800: 0.728: [GC (Allocation Failure) 2024-07-28T21:33:06.367+0800: 0.728: [ParNew: 69998K->8192K(78656K), 0.0339814 secs] 327682K->327317K(508132K), 0.0340458 secs] [Times: user=0.06 sys=0.00, real=0.03 secs] 
2024-07-28T21:33:06.401+0800: 0.763: Total time for which application threads were stopped: 0.0341412 seconds, Stopping threads took: 0.0000137 seconds
2024-07-28T21:33:06.401+0800: 0.763: Application time: 0.0003067 seconds
2024-07-28T21:33:06.401+0800: 0.763: [GC (CMS Final Remark) [YG occupancy: 12654 K (78656 K)]2024-07-28T21:33:06.401+0800: 0.763: [Rescan (parallel) , 0.0007989 secs]2024-07-28T21:33:06.402+0800: 0.764: [weak refs processing, 0.0000126 secs]2024-07-28T21:33:06.402+0800: 0.764: [class unloading, 0.0001767 secs]2024-07-28T21:33:06.402+0800: 0.764: [scrub symbol table, 0.0003516 secs]2024-07-28T21:33:06.403+0800: 0.764: [scrub string table, 0.0001001 secs][1 CMS-remark: 319124K(429476K)] 331779K(508132K), 0.0015041 secs] [Times: user=0.00 sys=0.00, real=0.00 secs] 
2024-07-28T21:33:06.403+0800: 0.765: Total time for which application threads were stopped: 0.0016883 seconds, Stopping threads took: 0.0001473 seconds
2024-07-28T21:33:06.403+0800: 0.765: [CMS-concurrent-sweep-start]
2024-07-28T21:33:06.405+0800: 0.766: [CMS-concurrent-sweep: 0.002/0.002 secs] [Times: user=0.00 sys=0.00, real=0.00 secs] 
2024-07-28T21:33:06.405+0800: 0.767: [CMS-concurrent-reset-start]
2024-07-28T21:33:06.406+0800: 0.767: [CMS-concurrent-reset: 0.001/0.001 secs] [Times: user=0.00 sys=0.00, real=0.00 secs] 
2024-07-28T21:33:06.517+0800: 0.879: Application time: 0.1144397 seconds
2024-07-28T21:33:06.517+0800: 0.879: [GC (Allocation Failure) 2024-07-28T21:33:06.517+0800: 0.879: [ParNew: 77167K->8192K(78656K), 0.0121282 secs] 139264K->138898K(508132K), 0.0122054 secs] [Times: user=0.03 sys=0.00, real=0.01 secs] 
2024-07-28T21:33:06.530+0800: 0.891: Total time for which application threads were stopped: 0.0123322 seconds, Stopping threads took: 0.0000203 seconds
2024-07-28T21:33:06.642+0800: 1.003: Application time: 0.1114091 seconds
2024-07-28T21:33:06.642+0800: 1.003: [GC (Allocation Failure) 2024-07-28T21:33:06.642+0800: 1.003: [ParNew: 77167K->2048K(78656K), 0.0014463 secs] 207873K->132754K(508132K), 0.0015166 secs] [Times: user=0.00 sys=0.00, real=0.00 secs] 
2024-07-28T21:33:06.643+0800: 1.004: Total time for which application threads were stopped: 0.0016536 seconds, Stopping threads took: 0.0000385 seconds
2024-07-28T21:33:06.648+0800: 1.009: Application time: 0.0048837 seconds
2024-07-28T21:33:06.648+0800: 1.009: [GC (Allocation Failure) 2024-07-28T21:33:06.648+0800: 1.009: [ParNew: 71024K->8192K(78656K), 0.0123350 secs] 201730K->201363K(508132K), 0.0123908 secs] [Times: user=0.00 sys=0.00, real=0.01 secs] 
2024-07-28T21:33:06.660+0800: 1.022: Total time for which application threads were stopped: 0.0124959 seconds, Stopping threads took: 0.0000167 seconds
2024-07-28T21:33:06.660+0800: 1.022: Application time: 0.0002134 seconds
2024-07-28T21:33:06.661+0800: 1.022: [GC (CMS Initial Mark) [1 CMS-initial-mark: 193170K(429476K)] 204802K(508132K), 0.0006997 secs] [Times: user=0.00 sys=0.00, real=0.00 secs] 
2024-07-28T21:33:06.661+0800: 1.023: Total time for which application threads were stopped: 0.0008672 seconds, Stopping threads took: 0.0001256 seconds
2024-07-28T21:33:06.661+0800: 1.023: [CMS-concurrent-mark-start]
2024-07-28T21:33:06.664+0800: 1.025: [CMS-concurrent-mark: 0.002/0.002 secs] [Times: user=0.00 sys=0.00, real=0.00 secs] 
2024-07-28T21:33:06.664+0800: 1.025: [CMS-concurrent-preclean-start]
2024-07-28T21:33:06.665+0800: 1.026: [CMS-concurrent-preclean: 0.001/0.001 secs] [Times: user=0.00 sys=0.00, real=0.00 secs] 
2024-07-28T21:33:06.665+0800: 1.026: [CMS-concurrent-abortable-preclean-start]
2024-07-28T21:33:06.770+0800: 1.132: Application time: 0.1086907 seconds
2024-07-28T21:33:06.771+0800: 1.132: [GC (Allocation Failure) 2024-07-28T21:33:06.771+0800: 1.132: [ParNew: 77168K->8192K(78656K), 0.0364572 secs] 270339K->269972K(508132K), 0.0365171 secs] [Times: user=0.05 sys=0.02, real=0.04 secs] 
2024-07-28T21:33:06.807+0800: 1.168: Total time for which application threads were stopped: 0.0366415 seconds, Stopping threads took: 0.0000187 seconds
2024-07-28T21:33:06.926+0800: 1.287: Application time: 0.1190869 seconds
2024-07-28T21:33:06.926+0800: 1.287: [GC (Allocation Failure) 2024-07-28T21:33:06.926+0800: 1.287: [ParNew: 77168K->3072K(78656K), 0.0016168 secs] 338948K->264852K(508132K), 0.0016719 secs] [Times: user=0.02 sys=0.00, real=0.00 secs] 
2024-07-28T21:33:06.928+0800: 1.289: Total time for which application threads were stopped: 0.0017838 seconds, Stopping threads took: 0.0000209 seconds
2024-07-28T21:33:06.928+0800: 1.289: [CMS-concurrent-abortable-preclean: 0.005/0.263 secs] [Times: user=0.09 sys=0.02, real=0.26 secs] 
2024-07-28T21:33:06.928+0800: 1.289: Application time: 0.0003113 seconds
2024-07-28T21:33:06.929+0800: 1.290: [GC (CMS Final Remark) [YG occupancy: 7535 K (78656 K)]2024-07-28T21:33:06.929+0800: 1.290: [Rescan (parallel) , 0.0009775 secs]2024-07-28T21:33:06.930+0800: 1.291: [weak refs processing, 0.0000133 secs]2024-07-28T21:33:06.930+0800: 1.291: [class unloading, 0.0001888 secs]2024-07-28T21:33:06.930+0800: 1.291: [scrub symbol table, 0.0003144 secs]2024-07-28T21:33:06.930+0800: 1.291: [scrub string table, 0.0000906 secs][1 CMS-remark: 261780K(429476K)] 269315K(508132K), 0.0016472 secs] [Times: user=0.00 sys=0.00, real=0.00 secs] 
2024-07-28T21:33:06.930+0800: 1.291: Total time for which application threads were stopped: 0.0018233 seconds, Stopping threads took: 0.0001386 seconds
2024-07-28T21:33:06.930+0800: 1.291: [CMS-concurrent-sweep-start]
2024-07-28T21:33:06.931+0800: 1.292: [CMS-concurrent-sweep: 0.001/0.001 secs] [Times: user=0.00 sys=0.00, real=0.00 secs] 
2024-07-28T21:33:06.931+0800: 1.293: [CMS-concurrent-reset-start]
2024-07-28T21:33:06.933+0800: 1.294: [CMS-concurrent-reset: 0.001/0.001 secs] [Times: user=0.00 sys=0.00, real=0.00 secs] 
2024-07-28T21:33:06.935+0800: 1.296: Application time: 0.0048981 seconds
2024-07-28T21:33:06.935+0800: 1.296: [GC (Allocation Failure) 2024-07-28T21:33:06.935+0800: 1.296: [ParNew: 72048K->8192K(78656K), 0.0263867 secs] 203778K->203411K(508132K), 0.0264511 secs] [Times: user=0.05 sys=0.03, real=0.03 secs] 
2024-07-28T21:33:06.962+0800: 1.323: Total time for which application threads were stopped: 0.0265478 seconds, Stopping threads took: 0.0000137 seconds
2024-07-28T21:33:06.962+0800: 1.323: Application time: 0.0002391 seconds
2024-07-28T21:33:06.962+0800: 1.323: [GC (CMS Initial Mark) [1 CMS-initial-mark: 195218K(429476K)] 206850K(508132K), 0.0006615 secs] [Times: user=0.00 sys=0.00, real=0.00 secs] 
2024-07-28T21:33:06.963+0800: 1.324: Total time for which application threads were stopped: 0.0008793 seconds, Stopping threads took: 0.0001751 seconds
2024-07-28T21:33:06.963+0800: 1.324: [CMS-concurrent-mark-start]
2024-07-28T21:33:06.965+0800: 1.326: [CMS-concurrent-mark: 0.002/0.002 secs] [Times: user=0.00 sys=0.00, real=0.00 secs] 
2024-07-28T21:33:06.965+0800: 1.326: [CMS-concurrent-preclean-start]
2024-07-28T21:33:06.966+0800: 1.327: [CMS-concurrent-preclean: 0.001/0.001 secs] [Times: user=0.00 sys=0.00, real=0.00 secs] 
2024-07-28T21:33:06.966+0800: 1.327: [CMS-concurrent-abortable-preclean-start]
2024-07-28T21:33:07.083+0800: 1.445: Application time: 0.1210557 seconds
2024-07-28T21:33:07.083+0800: 1.445: [GC (Allocation Failure) 2024-07-28T21:33:07.083+0800: 1.445: [ParNew: 77168K->8192K(78656K), 0.0125758 secs] 272387K->272020K(508132K), 0.0126392 secs] [Times: user=0.00 sys=0.00, real=0.01 secs] 
2024-07-28T21:33:07.096+0800: 1.458: Total time for which application threads were stopped: 0.0127542 seconds, Stopping threads took: 0.0000203 seconds
2024-07-28T21:33:07.207+0800: 1.568: Application time: 0.1103372 seconds
2024-07-28T21:33:07.207+0800: 1.568: [GC (Allocation Failure) 2024-07-28T21:33:07.207+0800: 1.568: [ParNew: 77543K->3074K(78656K), 0.0017869 secs] 341371K->266902K(508132K), 0.0018383 secs] [Times: user=0.03 sys=0.00, real=0.00 secs] 
2024-07-28T21:33:07.209+0800: 1.570: Total time for which application threads were stopped: 0.0019697 seconds, Stopping threads took: 0.0000251 seconds
2024-07-28T21:33:07.213+0800: 1.574: Application time: 0.0043758 seconds
2024-07-28T21:33:07.213+0800: 1.574: [GC (Allocation Failure) 2024-07-28T21:33:07.213+0800: 1.574: [ParNew: 72040K->8196K(78656K), 0.0115615 secs] 335868K->335513K(508132K), 0.0116237 secs] [Times: user=0.03 sys=0.00, real=0.01 secs] 
2024-07-28T21:33:07.225+0800: 1.586: Total time for which application threads were stopped: 0.0117350 seconds, Stopping threads took: 0.0000209 seconds
2024-07-28T21:33:07.225+0800: 1.586: [CMS-concurrent-abortable-preclean: 0.004/0.259 secs] [Times: user=0.11 sys=0.00, real=0.26 secs] 
2024-07-28T21:33:07.225+0800: 1.586: Application time: 0.0003044 seconds
2024-07-28T21:33:07.225+0800: 1.586: [GC (CMS Final Remark) [YG occupancy: 12653 K (78656 K)]2024-07-28T21:33:07.225+0800: 1.586: [Rescan (parallel) , 0.0007723 secs]2024-07-28T21:33:07.226+0800: 1.587: [weak refs processing, 0.0000121 secs]2024-07-28T21:33:07.226+0800: 1.587: [class unloading, 0.0001879 secs]2024-07-28T21:33:07.226+0800: 1.587: [scrub symbol table, 0.0003170 secs]2024-07-28T21:33:07.227+0800: 1.588: [scrub string table, 0.0000922 secs][1 CMS-remark: 327317K(429476K)] 339970K(508132K), 0.0014431 secs] [Times: user=0.00 sys=0.00, real=0.00 secs] 
2024-07-28T21:33:07.227+0800: 1.588: Total time for which application threads were stopped: 0.0015612 seconds, Stopping threads took: 0.0000814 seconds
2024-07-28T21:33:07.227+0800: 1.588: [CMS-concurrent-sweep-start]
2024-07-28T21:33:07.228+0800: 1.590: [CMS-concurrent-sweep: 0.001/0.001 secs] [Times: user=0.00 sys=0.00, real=0.00 secs] 
2024-07-28T21:33:07.228+0800: 1.590: [CMS-concurrent-reset-start]
2024-07-28T21:33:07.229+0800: 1.590: [CMS-concurrent-reset: 0.001/0.001 secs] [Times: user=0.00 sys=0.00, real=0.00 secs] 
2024-07-28T21:33:07.336+0800: 1.698: Application time: 0.1096137 seconds
2024-07-28T21:33:07.337+0800: 1.698: [GC (Allocation Failure) 2024-07-28T21:33:07.337+0800: 1.698: [ParNew: 77166K->8192K(78656K), 0.0120042 secs] 273409K->273044K(508132K), 0.0120656 secs] [Times: user=0.00 sys=0.02, real=0.01 secs] 
2024-07-28T21:33:07.349+0800: 1.710: Total time for which application threads were stopped: 0.0121864 seconds, Stopping threads took: 0.0000262 seconds
2024-07-28T21:33:07.349+0800: 1.710: Application time: 0.0002327 seconds
2024-07-28T21:33:07.349+0800: 1.710: [GC (CMS Initial Mark) [1 CMS-initial-mark: 264852K(429476K)] 276479K(508132K), 0.0005592 secs] [Times: user=0.00 sys=0.00, real=0.00 secs] 
2024-07-28T21:33:07.350+0800: 1.711: Total time for which application threads were stopped: 0.0007669 seconds, Stopping threads took: 0.0001512 seconds
2024-07-28T21:33:07.350+0800: 1.711: [CMS-concurrent-mark-start]
2024-07-28T21:33:07.353+0800: 1.714: [CMS-concurrent-mark: 0.003/0.003 secs] [Times: user=0.00 sys=0.00, real=0.00 secs] 
2024-07-28T21:33:07.353+0800: 1.714: [CMS-concurrent-preclean-start]
2024-07-28T21:33:07.354+0800: 1.715: [CMS-concurrent-preclean: 0.001/0.001 secs] [Times: user=0.00 sys=0.00, real=0.00 secs] 
2024-07-28T21:33:07.354+0800: 1.715: [CMS-concurrent-abortable-preclean-start]
2024-07-28T21:33:07.460+0800: 1.821: Application time: 0.1107062 seconds
2024-07-28T21:33:07.460+0800: 1.821: [GC (Allocation Failure) 2024-07-28T21:33:07.460+0800: 1.822: [ParNew: 77164K->4096K(78656K), 0.0015016 secs] 342016K->268948K(508132K), 0.0015554 secs] [Times: user=0.00 sys=0.00, real=0.00 secs] 
2024-07-28T21:33:07.461+0800: 1.823: Total time for which application threads were stopped: 0.0016797 seconds, Stopping threads took: 0.0000220 seconds
2024-07-28T21:33:07.466+0800: 1.828: Application time: 0.0045132 seconds
2024-07-28T21:33:07.466+0800: 1.828: [GC (Allocation Failure) 2024-07-28T21:33:07.466+0800: 1.828: [ParNew: 73070K->8192K(78656K), 0.0117118 secs] 337922K->337557K(508132K), 0.0117739 secs] [Times: user=0.03 sys=0.00, real=0.01 secs] 
2024-07-28T21:33:07.478+0800: 1.839: Total time for which application threads were stopped: 0.0118690 seconds, Stopping threads took: 0.0000142 seconds
2024-07-28T21:33:07.587+0800: 1.949: Application time: 0.1091621 seconds
2024-07-28T21:33:07.587+0800: 1.949: [GC (Allocation Failure) 2024-07-28T21:33:07.587+0800: 1.949: [ParNew: 77866K->8196K(78656K), 0.0123470 secs] 407231K->406170K(508132K), 0.0124157 secs] [Times: user=0.03 sys=0.00, real=0.01 secs] 
2024-07-28T21:33:07.599+0800: 1.961: Total time for which application threads were stopped: 0.0125448 seconds, Stopping threads took: 0.0000178 seconds
2024-07-28T21:33:07.600+0800: 1.961: [CMS-concurrent-abortable-preclean: 0.004/0.246 secs] [Times: user=0.06 sys=0.00, real=0.25 secs] 
2024-07-28T21:33:07.600+0800: 1.961: Application time: 0.0003014 seconds
2024-07-28T21:33:07.600+0800: 1.962: [GC (CMS Final Remark) [YG occupancy: 12653 K (78656 K)]2024-07-28T21:33:07.600+0800: 1.962: [Rescan (parallel) , 0.0008791 secs]2024-07-28T21:33:07.601+0800: 1.963: [weak refs processing, 0.0000134 secs]2024-07-28T21:33:07.601+0800: 1.963: [class unloading, 0.0001853 secs]2024-07-28T21:33:07.601+0800: 1.963: [scrub symbol table, 0.0003424 secs]2024-07-28T21:33:07.601+0800: 1.963: [scrub string table, 0.0001057 secs][1 CMS-remark: 397974K(429476K)] 410627K(508132K), 0.0015984 secs] [Times: user=0.00 sys=0.00, real=0.00 secs] 
2024-07-28T21:33:07.602+0800: 1.963: Total time for which application threads were stopped: 0.0017945 seconds, Stopping threads took: 0.0001537 seconds
2024-07-28T21:33:07.602+0800: 1.964: [CMS-concurrent-sweep-start]
2024-07-28T21:33:07.604+0800: 1.965: [CMS-concurrent-sweep: 0.002/0.002 secs] [Times: user=0.00 sys=0.00, real=0.00 secs] 
2024-07-28T21:33:07.604+0800: 1.966: [CMS-concurrent-reset-start]
2024-07-28T21:33:07.605+0800: 1.967: [CMS-concurrent-reset: 0.001/0.001 secs] [Times: user=0.00 sys=0.00, real=0.00 secs] 
2024-07-28T21:33:07.710+0800: 2.071: Application time: 0.1076402 seconds
2024-07-28T21:33:07.710+0800: 2.071: [GC (Allocation Failure) 2024-07-28T21:33:07.710+0800: 2.071: [ParNew: 77166K->5124K(78656K), 0.0017777 secs] 343042K->271000K(521784K), 0.0018363 secs] [Times: user=0.00 sys=0.00, real=0.00 secs] 
2024-07-28T21:33:07.711+0800: 2.073: Total time for which application threads were stopped: 0.0019553 seconds, Stopping threads took: 0.0000212 seconds
2024-07-28T21:33:07.716+0800: 2.077: Application time: 0.0044210 seconds
2024-07-28T21:33:07.716+0800: 2.077: [GC (Allocation Failure) 2024-07-28T21:33:07.716+0800: 2.077: [ParNew: 74096K->8192K(78656K), 0.0164375 secs] 339973K->339605K(521784K), 0.0164872 secs] [Times: user=0.03 sys=0.00, real=0.02 secs] 
2024-07-28T21:33:07.732+0800: 2.094: Total time for which application threads were stopped: 0.0165841 seconds, Stopping threads took: 0.0000142 seconds
2024-07-28T21:33:07.733+0800: 2.094: Application time: 0.0001138 seconds
2024-07-28T21:33:07.733+0800: 2.094: [GC (CMS Initial Mark) [1 CMS-initial-mark: 331413K(443128K)] 343042K(521784K), 0.0007497 secs] [Times: user=0.00 sys=0.00, real=0.00 secs] 
2024-07-28T21:33:07.733+0800: 2.095: Total time for which application threads were stopped: 0.0009236 seconds, Stopping threads took: 0.0001322 seconds
2024-07-28T21:33:07.734+0800: 2.095: [CMS-concurrent-mark-start]
2024-07-28T21:33:07.736+0800: 2.097: [CMS-concurrent-mark: 0.002/0.002 secs] [Times: user=0.00 sys=0.00, real=0.00 secs] 
2024-07-28T21:33:07.736+0800: 2.097: [CMS-concurrent-preclean-start]
2024-07-28T21:33:07.737+0800: 2.098: [CMS-concurrent-preclean: 0.001/0.001 secs] [Times: user=0.00 sys=0.00, real=0.00 secs] 
2024-07-28T21:33:07.737+0800: 2.098: [CMS-concurrent-abortable-preclean-start]
2024-07-28T21:33:07.855+0800: 2.216: Application time: 0.1207027 seconds
2024-07-28T21:33:07.855+0800: 2.216: [GC (Allocation Failure) 2024-07-28T21:33:07.855+0800: 2.216: [ParNew: 77166K->8192K(78656K), 0.0122157 secs] 408579K->408214K(521784K), 0.0122751 secs] [Times: user=0.03 sys=0.00, real=0.01 secs] 
2024-07-28T21:33:07.867+0800: 2.228: Total time for which application threads were stopped: 0.0123831 seconds, Stopping threads took: 0.0000176 seconds
2024-07-28T21:33:07.978+0800: 2.339: Application time: 0.1111028 seconds
2024-07-28T21:33:07.978+0800: 2.339: [GC (Allocation Failure) 2024-07-28T21:33:07.978+0800: 2.339: [ParNew: 77167K->6144K(78656K), 0.0017818 secs] 477189K->406166K(521784K), 0.0018379 secs] [Times: user=0.00 sys=0.00, real=0.00 secs] 
2024-07-28T21:33:07.980+0800: 2.341: Total time for which application threads were stopped: 0.0019555 seconds, Stopping threads took: 0.0000241 seconds
2024-07-28T21:33:07.984+0800: 2.345: Application time: 0.0043733 seconds
2024-07-28T21:33:07.984+0800: 2.346: [GC (Allocation Failure) 2024-07-28T21:33:07.984+0800: 2.346: [ParNew: 75119K->8192K(78656K), 0.0210131 secs] 475141K->474775K(546456K), 0.0210675 secs] [Times: user=0.06 sys=0.00, real=0.02 secs] 
2024-07-28T21:33:08.005+0800: 2.367: Total time for which application threads were stopped: 0.0211656 seconds, Stopping threads took: 0.0000146 seconds
2024-07-28T21:33:08.005+0800: 2.367: [CMS-concurrent-abortable-preclean: 0.004/0.269 secs] [Times: user=0.09 sys=0.00, real=0.27 secs] 
2024-07-28T21:33:08.006+0800: 2.367: Application time: 0.0004644 seconds
2024-07-28T21:33:08.006+0800: 2.367: [GC (CMS Final Remark) [YG occupancy: 14703 K (78656 K)]2024-07-28T21:33:08.006+0800: 2.367: [Rescan (parallel) , 0.0010340 secs]2024-07-28T21:33:08.007+0800: 2.368: [weak refs processing, 0.0000127 secs]2024-07-28T21:33:08.007+0800: 2.368: [class unloading, 0.0001892 secs]2024-07-28T21:33:08.007+0800: 2.369: [scrub symbol table, 0.0003446 secs]2024-07-28T21:33:08.007+0800: 2.369: [scrub string table, 0.0001055 secs][1 CMS-remark: 466583K(467800K)] 481286K(546456K), 0.0017641 secs] [Times: user=0.00 sys=0.00, real=0.00 secs] 
2024-07-28T21:33:08.007+0800: 2.369: Total time for which application threads were stopped: 0.0019256 seconds, Stopping threads took: 0.0001211 seconds
2024-07-28T21:33:08.008+0800: 2.369: [CMS-concurrent-sweep-start]
2024-07-28T21:33:08.009+0800: 2.371: [CMS-concurrent-sweep: 0.001/0.001 secs] [Times: user=0.00 sys=0.00, real=0.00 secs] 
2024-07-28T21:33:08.009+0800: 2.371: [CMS-concurrent-reset-start]
2024-07-28T21:33:08.010+0800: 2.371: [CMS-concurrent-reset: 0.001/0.001 secs] [Times: user=0.00 sys=0.00, real=0.00 secs] 
2024-07-28T21:33:08.119+0800: 2.480: Application time: 0.1112413 seconds
2024-07-28T21:33:08.119+0800: 2.480: [GC (Allocation Failure) 2024-07-28T21:33:08.119+0800: 2.480: [ParNew: 77622K->8198K(78656K), 0.0122700 secs] 278986K->278170K(546456K), 0.0123307 secs] [Times: user=0.03 sys=0.00, real=0.01 secs] 
2024-07-28T21:33:08.131+0800: 2.493: Total time for which application threads were stopped: 0.0124441 seconds, Stopping threads took: 0.0000205 seconds
2024-07-28T21:33:08.131+0800: 2.493: Application time: 0.0002297 seconds
2024-07-28T21:33:08.132+0800: 2.493: [GC (CMS Initial Mark) [1 CMS-initial-mark: 269972K(467800K)] 281606K(546456K), 0.0005047 secs] [Times: user=0.00 sys=0.00, real=0.00 secs] 
2024-07-28T21:33:08.132+0800: 2.494: Total time for which application threads were stopped: 0.0006859 seconds, Stopping threads took: 0.0001346 seconds
2024-07-28T21:33:08.132+0800: 2.494: [CMS-concurrent-mark-start]
2024-07-28T21:33:08.136+0800: 2.498: [CMS-concurrent-mark: 0.004/0.004 secs] [Times: user=0.00 sys=0.00, real=0.00 secs] 
2024-07-28T21:33:08.136+0800: 2.498: [CMS-concurrent-preclean-start]
2024-07-28T21:33:08.137+0800: 2.499: [CMS-concurrent-preclean: 0.001/0.001 secs] [Times: user=0.00 sys=0.00, real=0.00 secs] 
2024-07-28T21:33:08.137+0800: 2.499: [CMS-concurrent-abortable-preclean-start]
2024-07-28T21:33:08.242+0800: 2.603: Application time: 0.1094728 seconds
2024-07-28T21:33:08.242+0800: 2.603: [GC (Allocation Failure) 2024-07-28T21:33:08.242+0800: 2.603: [ParNew: 77171K->7168K(78656K), 0.0020811 secs] 347143K->277140K(546456K), 0.0021364 secs] [Times: user=0.00 sys=0.00, real=0.00 secs] 
2024-07-28T21:33:08.244+0800: 2.605: Total time for which application threads were stopped: 0.0022446 seconds, Stopping threads took: 0.0000207 seconds
2024-07-28T21:33:08.248+0800: 2.610: Application time: 0.0044210 seconds
2024-07-28T21:33:08.248+0800: 2.610: [GC (Allocation Failure) 2024-07-28T21:33:08.248+0800: 2.610: [ParNew: 76142K->8192K(78656K), 0.0122852 secs] 346114K->345749K(546456K), 0.0123415 secs] [Times: user=0.03 sys=0.00, real=0.01 secs] 
2024-07-28T21:33:08.261+0800: 2.622: Total time for which application threads were stopped: 0.0124400 seconds, Stopping threads took: 0.0000150 seconds
2024-07-28T21:33:08.370+0800: 2.731: Application time: 0.1087270 seconds
2024-07-28T21:33:08.370+0800: 2.731: [GC (Allocation Failure) 2024-07-28T21:33:08.370+0800: 2.731: [ParNew: 77462K->8196K(78656K), 0.0121685 secs] 415020K->414362K(546456K), 0.0122304 secs] [Times: user=0.03 sys=0.00, real=0.01 secs] 
2024-07-28T21:33:08.382+0800: 2.743: Total time for which application threads were stopped: 0.0123575 seconds, Stopping threads took: 0.0000187 seconds
2024-07-28T21:33:08.382+0800: 2.743: [CMS-concurrent-abortable-preclean: 0.005/0.245 secs] [Times: user=0.06 sys=0.00, real=0.24 secs] 
2024-07-28T21:33:08.382+0800: 2.744: Application time: 0.0003084 seconds
2024-07-28T21:33:08.383+0800: 2.744: [GC (CMS Final Remark) [YG occupancy: 12656 K (78656 K)]2024-07-28T21:33:08.383+0800: 2.744: [Rescan (parallel) , 0.0008849 secs]2024-07-28T21:33:08.384+0800: 2.745: [weak refs processing, 0.0000129 secs]2024-07-28T21:33:08.384+0800: 2.745: [class unloading, 0.0001940 secs]2024-07-28T21:33:08.384+0800: 2.745: [scrub symbol table, 0.0003463 secs]2024-07-28T21:33:08.384+0800: 2.745: [scrub string table, 0.0001134 secs][1 CMS-remark: 406166K(467800K)] 418823K(546456K), 0.0016216 secs] [Times: user=0.00 sys=0.00, real=0.00 secs] 
2024-07-28T21:33:08.384+0800: 2.745: Total time for which application threads were stopped: 0.0017538 seconds, Stopping threads took: 0.0000815 seconds
2024-07-28T21:33:08.384+0800: 2.746: [CMS-concurrent-sweep-start]
2024-07-28T21:33:08.386+0800: 2.747: [CMS-concurrent-sweep: 0.002/0.002 secs] [Times: user=0.00 sys=0.00, real=0.00 secs] 
2024-07-28T21:33:08.386+0800: 2.747: [CMS-concurrent-reset-start]
2024-07-28T21:33:08.388+0800: 2.749: [CMS-concurrent-reset: 0.001/0.001 secs] [Times: user=0.00 sys=0.00, real=0.00 secs] 
2024-07-28T21:33:08.494+0800: 2.855: Application time: 0.1100037 seconds
2024-07-28T21:33:08.494+0800: 2.855: [GC (Allocation Failure) 2024-07-28T21:33:08.494+0800: 2.856: [ParNew: 77169K->8192K(78656K), 0.0021734 secs] 349190K->280212K(546456K), 0.0022337 secs] [Times: user=0.00 sys=0.00, real=0.00 secs] 
2024-07-28T21:33:08.496+0800: 2.858: Total time for which application threads were stopped: 0.0023496 seconds, Stopping threads took: 0.0000219 seconds
2024-07-28T21:33:08.500+0800: 2.862: Application time: 0.0044303 seconds
2024-07-28T21:33:08.500+0800: 2.862: [GC (Allocation Failure) 2024-07-28T21:33:08.500+0800: 2.862: [ParNew: 77166K->8192K(78656K), 0.0120040 secs] 349187K->348821K(546456K), 0.0120521 secs] [Times: user=0.02 sys=0.00, real=0.01 secs] 
2024-07-28T21:33:08.513+0800: 2.874: Total time for which application threads were stopped: 0.0121541 seconds, Stopping threads took: 0.0000147 seconds
2024-07-28T21:33:08.513+0800: 2.874: Application time: 0.0001422 seconds
2024-07-28T21:33:08.513+0800: 2.875: [GC (CMS Initial Mark) [1 CMS-initial-mark: 340629K(467800K)] 349845K(546456K), 0.0002501 secs] [Times: user=0.00 sys=0.00, real=0.00 secs] 
2024-07-28T21:33:08.513+0800: 2.875: Total time for which application threads were stopped: 0.0004364 seconds, Stopping threads took: 0.0001434 seconds
2024-07-28T21:33:08.513+0800: 2.875: [CMS-concurrent-mark-start]
2024-07-28T21:33:08.516+0800: 2.877: [CMS-concurrent-mark: 0.002/0.002 secs] [Times: user=0.00 sys=0.00, real=0.00 secs] 
2024-07-28T21:33:08.516+0800: 2.877: [CMS-concurrent-preclean-start]
2024-07-28T21:33:08.516+0800: 2.878: [CMS-concurrent-preclean: 0.001/0.001 secs] [Times: user=0.00 sys=0.00, real=0.00 secs] 
2024-07-28T21:33:08.516+0800: 2.878: [CMS-concurrent-abortable-preclean-start]
2024-07-28T21:33:08.622+0800: 2.983: Application time: 0.1085243 seconds
2024-07-28T21:33:08.622+0800: 2.984: [GC (Allocation Failure) 2024-07-28T21:33:08.622+0800: 2.984: [ParNew: 77167K->8192K(78656K), 0.0123872 secs] 417797K->417430K(546456K), 0.0124534 secs] [Times: user=0.03 sys=0.00, real=0.01 secs] 
2024-07-28T21:33:08.634+0800: 2.996: Total time for which application threads were stopped: 0.0125666 seconds, Stopping threads took: 0.0000199 seconds
2024-07-28T21:33:08.746+0800: 3.107: Application time: 0.1111595 seconds
2024-07-28T21:33:08.746+0800: 3.107: [GC (Allocation Failure) 2024-07-28T21:33:08.746+0800: 3.107: [ParNew: 77167K->8192K(78656K), 0.0022821 secs] 486406K->418454K(546456K), 0.0023343 secs] [Times: user=0.00 sys=0.00, real=0.00 secs] 
2024-07-28T21:33:08.749+0800: 3.110: Total time for which application threads were stopped: 0.0024537 seconds, Stopping threads took: 0.0000190 seconds
2024-07-28T21:33:08.749+0800: 3.110: [CMS-concurrent-abortable-preclean: 0.005/0.232 secs] [Times: user=0.03 sys=0.00, real=0.23 secs] 
2024-07-28T21:33:08.749+0800: 3.110: Application time: 0.0003704 seconds
2024-07-28T21:33:08.749+0800: 3.110: [GC (CMS Final Remark) [YG occupancy: 14703 K (78656 K)]2024-07-28T21:33:08.749+0800: 3.110: [Rescan (parallel) , 0.0006332 secs]2024-07-28T21:33:08.750+0800: 3.111: [weak refs processing, 0.0000129 secs]2024-07-28T21:33:08.750+0800: 3.111: [class unloading, 0.0001892 secs]2024-07-28T21:33:08.750+0800: 3.111: [scrub symbol table, 0.0003448 secs]2024-07-28T21:33:08.750+0800: 3.111: [scrub string table, 0.0001103 secs][1 CMS-remark: 410262K(467800K)] 424965K(546456K), 0.0013534 secs] [Times: user=0.00 sys=0.00, real=0.00 secs] 
2024-07-28T21:33:08.750+0800: 3.112: Total time for which application threads were stopped: 0.0015803 seconds, Stopping threads took: 0.0001351 seconds
2024-07-28T21:33:08.751+0800: 3.112: [CMS-concurrent-sweep-start]
2024-07-28T21:33:08.752+0800: 3.113: [CMS-concurrent-sweep: 0.001/0.001 secs] [Times: user=0.00 sys=0.00, real=0.00 secs] 
2024-07-28T21:33:08.752+0800: 3.113: [CMS-concurrent-reset-start]
2024-07-28T21:33:08.753+0800: 3.114: [CMS-concurrent-reset: 0.001/0.001 secs] [Times: user=0.00 sys=0.00, real=0.00 secs] 
2024-07-28T21:33:08.755+0800: 3.116: Application time: 0.0047608 seconds
2024-07-28T21:33:08.755+0800: 3.116: [GC (Allocation Failure) 2024-07-28T21:33:08.755+0800: 3.116: [ParNew: 77168K->8192K(78656K), 0.0121054 secs] 216066K->215699K(546456K), 0.0121547 secs] [Times: user=0.00 sys=0.00, real=0.01 secs] 
2024-07-28T21:33:08.768+0800: 3.129: Total time for which application threads were stopped: 0.0122544 seconds, Stopping threads took: 0.0000138 seconds
2024-07-28T21:33:08.768+0800: 3.129: Application time: 0.0001373 seconds
2024-07-28T21:33:08.768+0800: 3.129: [GC (CMS Initial Mark) [1 CMS-initial-mark: 207507K(467800K)] 219139K(546456K), 0.0007267 secs] [Times: user=0.00 sys=0.00, real=0.00 secs] 
2024-07-28T21:33:08.769+0800: 3.130: Total time for which application threads were stopped: 0.0008941 seconds, Stopping threads took: 0.0001248 seconds
2024-07-28T21:33:08.769+0800: 3.130: [CMS-concurrent-mark-start]
2024-07-28T21:33:08.771+0800: 3.132: [CMS-concurrent-mark: 0.002/0.002 secs] [Times: user=0.03 sys=0.00, real=0.00 secs] 
2024-07-28T21:33:08.771+0800: 3.132: [CMS-concurrent-preclean-start]
2024-07-28T21:33:08.771+0800: 3.132: [CMS-concurrent-preclean: 0.001/0.001 secs] [Times: user=0.00 sys=0.00, real=0.00 secs] 
2024-07-28T21:33:08.771+0800: 3.132: [CMS-concurrent-abortable-preclean-start]
2024-07-28T21:33:08.891+0800: 3.252: Application time: 0.1220203 seconds
2024-07-28T21:33:08.891+0800: 3.252: [GC (Allocation Failure) 2024-07-28T21:33:08.891+0800: 3.252: [ParNew: 77168K->8192K(78656K), 0.0122790 secs] 284676K->284308K(546456K), 0.0123401 secs] [Times: user=0.03 sys=0.00, real=0.01 secs] 
2024-07-28T21:33:08.903+0800: 3.264: Total time for which application threads were stopped: 0.0124532 seconds, Stopping threads took: 0.0000199 seconds
2024-07-28T21:33:09.013+0800: 3.374: Application time: 0.1101790 seconds
2024-07-28T21:33:09.013+0800: 3.374: [GC (Allocation Failure) 2024-07-28T21:33:09.013+0800: 3.374: [ParNew: 77168K->8192K(78656K), 0.0024679 secs] 353285K->286356K(546456K), 0.0025239 secs] [Times: user=0.00 sys=0.00, real=0.00 secs] 
2024-07-28T21:33:09.016+0800: 3.377: Total time for which application threads were stopped: 0.0026437 seconds, Stopping threads took: 0.0000325 seconds
2024-07-28T21:33:09.016+0800: 3.377: [CMS-concurrent-abortable-preclean: 0.006/0.245 secs] [Times: user=0.03 sys=0.00, real=0.25 secs] 
2024-07-28T21:33:09.016+0800: 3.377: Application time: 0.0002885 seconds
2024-07-28T21:33:09.016+0800: 3.377: [GC (CMS Final Remark) [YG occupancy: 12655 K (78656 K)]2024-07-28T21:33:09.016+0800: 3.377: [Rescan (parallel) , 0.0009129 secs]2024-07-28T21:33:09.017+0800: 3.378: [weak refs processing, 0.0000126 secs]2024-07-28T21:33:09.017+0800: 3.378: [class unloading, 0.0001908 secs]2024-07-28T21:33:09.017+0800: 3.378: [scrub symbol table, 0.0003526 secs]2024-07-28T21:33:09.018+0800: 3.379: [scrub string table, 0.0000982 secs][1 CMS-remark: 278164K(467800K)] 290820K(546456K), 0.0016379 secs] [Times: user=0.00 sys=0.00, real=0.00 secs] 
2024-07-28T21:33:09.018+0800: 3.379: Total time for which application threads were stopped: 0.0017401 seconds, Stopping threads took: 0.0000672 seconds
2024-07-28T21:33:09.018+0800: 3.379: [CMS-concurrent-sweep-start]
2024-07-28T21:33:09.020+0800: 3.381: [CMS-concurrent-sweep: 0.002/0.002 secs] [Times: user=0.03 sys=0.00, real=0.00 secs] 
2024-07-28T21:33:09.020+0800: 3.381: [CMS-concurrent-reset-start]
2024-07-28T21:33:09.021+0800: 3.382: [CMS-concurrent-reset: 0.001/0.001 secs] [Times: user=0.00 sys=0.00, real=0.00 secs] 
2024-07-28T21:33:09.023+0800: 3.384: Application time: 0.0049799 seconds
2024-07-28T21:33:09.023+0800: 3.384: [GC (Allocation Failure) 2024-07-28T21:33:09.023+0800: 3.384: [ParNew: 77168K->8192K(78656K), 0.0119868 secs] 218115K->217747K(546456K), 0.0120389 secs] [Times: user=0.00 sys=0.00, real=0.01 secs] 
2024-07-28T21:33:09.035+0800: 3.396: Total time for which application threads were stopped: 0.0121379 seconds, Stopping threads took: 0.0000148 seconds
2024-07-28T21:33:09.035+0800: 3.396: Application time: 0.0002136 seconds
2024-07-28T21:33:09.035+0800: 3.396: [GC (CMS Initial Mark) [1 CMS-initial-mark: 209555K(467800K)] 221187K(546456K), 0.0007995 secs] [Times: user=0.00 sys=0.00, real=0.00 secs] 
2024-07-28T21:33:09.036+0800: 3.397: Total time for which application threads were stopped: 0.0009364 seconds, Stopping threads took: 0.0000953 seconds
2024-07-28T21:33:09.036+0800: 3.397: [CMS-concurrent-mark-start]
2024-07-28T21:33:09.038+0800: 3.399: [CMS-concurrent-mark: 0.002/0.002 secs] [Times: user=0.00 sys=0.00, real=0.00 secs] 
2024-07-28T21:33:09.038+0800: 3.399: [CMS-concurrent-preclean-start]
2024-07-28T21:33:09.039+0800: 3.400: [CMS-concurrent-preclean: 0.001/0.001 secs] [Times: user=0.00 sys=0.00, real=0.00 secs] 
2024-07-28T21:33:09.039+0800: 3.400: [CMS-concurrent-abortable-preclean-start]
2024-07-28T21:33:09.157+0800: 3.518: Application time: 0.1211411 seconds
2024-07-28T21:33:09.157+0800: 3.518: [GC (Allocation Failure) 2024-07-28T21:33:09.157+0800: 3.519: [ParNew: 77168K->8192K(78656K), 0.0124278 secs] 286724K->286356K(546456K), 0.0124889 secs] [Times: user=0.03 sys=0.00, real=0.01 secs] 
2024-07-28T21:33:09.170+0800: 3.531: Total time for which application threads were stopped: 0.0126003 seconds, Stopping threads took: 0.0000197 seconds
2024-07-28T21:33:09.281+0800: 3.643: Application time: 0.1121708 seconds
2024-07-28T21:33:09.281+0800: 3.643: [GC (Allocation Failure) 2024-07-28T21:33:09.281+0800: 3.643: [ParNew: 77168K->8192K(78656K), 0.0026328 secs] 355333K->289428K(546456K), 0.0026878 secs] [Times: user=0.00 sys=0.00, real=0.00 secs] 
2024-07-28T21:33:09.284+0800: 3.646: Total time for which application threads were stopped: 0.0027942 seconds, Stopping threads took: 0.0000199 seconds
2024-07-28T21:33:09.284+0800: 3.646: [CMS-concurrent-abortable-preclean: 0.005/0.246 secs] [Times: user=0.03 sys=0.00, real=0.24 secs] 
2024-07-28T21:33:09.284+0800: 3.646: Application time: 0.0003209 seconds
2024-07-28T21:33:09.285+0800: 3.646: [GC (CMS Final Remark) [YG occupancy: 12655 K (78656 K)]2024-07-28T21:33:09.285+0800: 3.646: [Rescan (parallel) , 0.0010421 secs]2024-07-28T21:33:09.286+0800: 3.647: [weak refs processing, 0.0000131 secs]2024-07-28T21:33:09.286+0800: 3.647: [class unloading, 0.0002150 secs]2024-07-28T21:33:09.286+0800: 3.648: [scrub symbol table, 0.0003547 secs]2024-07-28T21:33:09.286+0800: 3.648: [scrub string table, 0.0001087 secs][1 CMS-remark: 281236K(467800K)] 293892K(546456K), 0.0017969 secs] [Times: user=0.00 sys=0.00, real=0.00 secs] 
2024-07-28T21:33:09.286+0800: 3.648: Total time for which application threads were stopped: 0.0018943 seconds, Stopping threads took: 0.0000595 seconds
2024-07-28T21:33:09.287+0800: 3.648: [CMS-concurrent-sweep-start]
2024-07-28T21:33:09.289+0800: 3.650: [CMS-concurrent-sweep: 0.002/0.002 secs] [Times: user=0.00 sys=0.00, real=0.00 secs] 
2024-07-28T21:33:09.289+0800: 3.650: [CMS-concurrent-reset-start]
2024-07-28T21:33:09.290+0800: 3.652: [CMS-concurrent-reset: 0.002/0.002 secs] [Times: user=0.00 sys=0.00, real=0.00 secs] 
2024-07-28T21:33:09.293+0800: 3.653: Application time: 0.0052644 seconds
2024-07-28T21:33:09.293+0800: 3.654: [GC (Allocation Failure) 2024-07-28T21:33:09.293+0800: 3.654: [ParNew: 77168K->8192K(78656K), 0.0120262 secs] 220163K->219795K(546456K), 0.0120748 secs] [Times: user=0.03 sys=0.00, real=0.01 secs] 
2024-07-28T21:33:09.304+0800: 3.666: Total time for which application threads were stopped: 0.0121728 seconds, Stopping threads took: 0.0000147 seconds
2024-07-28T21:33:09.304+0800: 3.666: Application time: 0.0002334 seconds
2024-07-28T21:33:09.304+0800: 3.666: [GC (CMS Initial Mark) [1 CMS-initial-mark: 211603K(467800K)] 223235K(546456K), 0.0008514 secs] [Times: user=0.00 sys=0.00, real=0.00 secs] 
2024-07-28T21:33:09.305+0800: 3.667: Total time for which application threads were stopped: 0.0010090 seconds, Stopping threads took: 0.0001088 seconds
2024-07-28T21:33:09.305+0800: 3.667: [CMS-concurrent-mark-start]
2024-07-28T21:33:09.307+0800: 3.669: [CMS-concurrent-mark: 0.002/0.002 secs] [Times: user=0.00 sys=0.00, real=0.00 secs] 
2024-07-28T21:33:09.307+0800: 3.669: [CMS-concurrent-preclean-start]
2024-07-28T21:33:09.308+0800: 3.670: [CMS-concurrent-preclean: 0.001/0.001 secs] [Times: user=0.00 sys=0.00, real=0.00 secs] 
2024-07-28T21:33:09.308+0800: 3.670: [CMS-concurrent-abortable-preclean-start]
2024-07-28T21:33:09.426+0800: 3.787: Application time: 0.1199092 seconds
2024-07-28T21:33:09.426+0800: 3.787: [GC (Allocation Failure) 2024-07-28T21:33:09.426+0800: 3.787: [ParNew: 77168K->8192K(78656K), 0.0121491 secs] 288772K->288404K(546456K), 0.0122093 secs] [Times: user=0.03 sys=0.00, real=0.01 secs] 
2024-07-28T21:33:09.438+0800: 3.799: Total time for which application threads were stopped: 0.0123204 seconds, Stopping threads took: 0.0000213 seconds
2024-07-28T21:33:09.551+0800: 3.913: Application time: 0.1134721 seconds
2024-07-28T21:33:09.551+0800: 3.913: [GC (Allocation Failure) 2024-07-28T21:33:09.551+0800: 3.913: [ParNew: 77168K->8192K(78656K), 0.0027293 secs] 357381K->292500K(546456K), 0.0027837 secs] [Times: user=0.01 sys=0.00, real=0.00 secs] 
2024-07-28T21:33:09.554+0800: 3.916: Total time for which application threads were stopped: 0.0029034 seconds, Stopping threads took: 0.0000197 seconds
2024-07-28T21:33:09.554+0800: 3.916: [CMS-concurrent-abortable-preclean: 0.005/0.246 secs] [Times: user=0.06 sys=0.00, real=0.25 secs] 
2024-07-28T21:33:09.555+0800: 3.916: Application time: 0.0003307 seconds
2024-07-28T21:33:09.555+0800: 3.916: [GC (CMS Final Remark) [YG occupancy: 12655 K (78656 K)]2024-07-28T21:33:09.555+0800: 3.916: [Rescan (parallel) , 0.0006967 secs]2024-07-28T21:33:09.555+0800: 3.917: [weak refs processing, 0.0000190 secs]2024-07-28T21:33:09.555+0800: 3.917: [class unloading, 0.0002842 secs]2024-07-28T21:33:09.556+0800: 3.917: [scrub symbol table, 0.0003270 secs]2024-07-28T21:33:09.556+0800: 3.917: [scrub string table, 0.0000909 secs][1 CMS-remark: 284308K(467800K)] 296964K(546456K), 0.0014976 secs] [Times: user=0.00 sys=0.00, real=0.00 secs] 
2024-07-28T21:33:09.556+0800: 3.918: Total time for which application threads were stopped: 0.0016527 seconds, Stopping threads took: 0.0001164 seconds
2024-07-28T21:33:09.556+0800: 3.918: [CMS-concurrent-sweep-start]
2024-07-28T21:33:09.557+0800: 3.919: [CMS-concurrent-sweep: 0.001/0.001 secs] [Times: user=0.00 sys=0.00, real=0.00 secs] 
2024-07-28T21:33:09.558+0800: 3.919: [CMS-concurrent-reset-start]
2024-07-28T21:33:09.559+0800: 3.920: [CMS-concurrent-reset: 0.001/0.001 secs] [Times: user=0.00 sys=0.00, real=0.00 secs] 
2024-07-28T21:33:09.561+0800: 3.923: Application time: 0.0050895 seconds
2024-07-28T21:33:09.561+0800: 3.923: [GC (Allocation Failure) 2024-07-28T21:33:09.561+0800: 3.923: [ParNew: 77168K->8192K(78656K), 0.0124894 secs] 222211K->221843K(546456K), 0.0125375 secs] [Times: user=0.03 sys=0.00, real=0.01 secs] 
2024-07-28T21:33:09.574+0800: 3.935: Total time for which application threads were stopped: 0.0126369 seconds, Stopping threads took: 0.0000155 seconds
2024-07-28T21:33:09.574+0800: 3.935: Application time: 0.0002420 seconds
2024-07-28T21:33:09.574+0800: 3.936: [GC (CMS Initial Mark) [1 CMS-initial-mark: 213651K(467800K)] 225283K(546456K), 0.0008021 secs] [Times: user=0.00 sys=0.00, real=0.00 secs] 
2024-07-28T21:33:09.575+0800: 3.936: Total time for which application threads were stopped: 0.0009198 seconds, Stopping threads took: 0.0000756 seconds
2024-07-28T21:33:09.575+0800: 3.937: [CMS-concurrent-mark-start]
2024-07-28T21:33:09.577+0800: 3.938: [CMS-concurrent-mark: 0.002/0.002 secs] [Times: user=0.00 sys=0.00, real=0.00 secs] 
2024-07-28T21:33:09.577+0800: 3.938: [CMS-concurrent-preclean-start]
2024-07-28T21:33:09.578+0800: 3.939: [CMS-concurrent-preclean: 0.001/0.001 secs] [Times: user=0.00 sys=0.00, real=0.00 secs] 
2024-07-28T21:33:09.578+0800: 3.939: [CMS-concurrent-abortable-preclean-start]
2024-07-28T21:33:09.692+0800: 4.053: Application time: 0.1166711 seconds
2024-07-28T21:33:09.692+0800: 4.053: [GC (Allocation Failure) 2024-07-28T21:33:09.692+0800: 4.053: [ParNew: 77168K->8192K(78656K), 0.0128799 secs] 290820K->290452K(546456K), 0.0136609 secs] [Times: user=0.00 sys=0.00, real=0.01 secs] 
2024-07-28T21:33:09.706+0800: 4.067: Total time for which application threads were stopped: 0.0138680 seconds, Stopping threads took: 0.0000241 seconds
2024-07-28T21:33:09.767+0800: 4.128: Application time: 0.0614066 seconds
2024-07-28T21:33:09.767+0800: 4.128: Total time for which application threads were stopped: 0.0001194 seconds, Stopping threads took: 0.0000706 seconds
2024-07-28T21:33:09.816+0800: 4.177: Application time: 0.0489817 seconds
2024-07-28T21:33:09.816+0800: 4.178: [GC (Allocation Failure) 2024-07-28T21:33:09.816+0800: 4.178: [ParNew: 77168K->8192K(78656K), 0.0031292 secs] 359429K->295572K(546456K), 0.0031887 secs] [Times: user=0.13 sys=0.00, real=0.00 secs] 
2024-07-28T21:33:09.819+0800: 4.181: Total time for which application threads were stopped: 0.0032993 seconds, Stopping threads took: 0.0000193 seconds
2024-07-28T21:33:09.819+0800: 4.181: [CMS-concurrent-abortable-preclean: 0.005/0.242 secs] [Times: user=0.16 sys=0.00, real=0.24 secs] 
2024-07-28T21:33:09.820+0800: 4.181: Application time: 0.0002850 seconds
2024-07-28T21:33:09.820+0800: 4.181: [GC (CMS Final Remark) [YG occupancy: 12655 K (78656 K)]2024-07-28T21:33:09.820+0800: 4.181: [Rescan (parallel) , 0.0009733 secs]2024-07-28T21:33:09.821+0800: 4.182: [weak refs processing, 0.0000130 secs]2024-07-28T21:33:09.821+0800: 4.182: [class unloading, 0.0001850 secs]2024-07-28T21:33:09.821+0800: 4.182: [scrub symbol table, 0.0003152 secs]2024-07-28T21:33:09.821+0800: 4.183: [scrub string table, 0.0001064 secs][1 CMS-remark: 287380K(467800K)] 300036K(546456K), 0.0016575 secs] [Times: user=0.00 sys=0.00, real=0.00 secs] 
2024-07-28T21:33:09.821+0800: 4.183: Total time for which application threads were stopped: 0.0018383 seconds, Stopping threads took: 0.0001443 seconds
2024-07-28T21:33:09.822+0800: 4.183: [CMS-concurrent-sweep-start]
2024-07-28T21:33:09.823+0800: 4.184: [CMS-concurrent-sweep: 0.001/0.001 secs] [Times: user=0.00 sys=0.00, real=0.00 secs] 
2024-07-28T21:33:09.823+0800: 4.184: [CMS-concurrent-reset-start]
2024-07-28T21:33:09.824+0800: 4.185: [CMS-concurrent-reset: 0.001/0.001 secs] [Times: user=0.00 sys=0.00, real=0.00 secs] 
2024-07-28T21:33:09.826+0800: 4.188: Application time: 0.0049267 seconds
2024-07-28T21:33:09.827+0800: 4.188: [GC (Allocation Failure) 2024-07-28T21:33:09.827+0800: 4.188: [ParNew: 77168K->8192K(78656K), 0.0120177 secs] 224259K->223891K(546456K), 0.0120735 secs] [Times: user=0.03 sys=0.00, real=0.01 secs] 
2024-07-28T21:33:09.839+0800: 4.200: Total time for which application threads were stopped: 0.0122029 seconds, Stopping threads took: 0.0000273 seconds
2024-07-28T21:33:09.839+0800: 4.200: Application time: 0.0002586 seconds
2024-07-28T21:33:09.839+0800: 4.200: [GC (CMS Initial Mark) [1 CMS-initial-mark: 215699K(467800K)] 227331K(546456K), 0.0006831 secs] [Times: user=0.00 sys=0.00, real=0.00 secs] 
2024-07-28T21:33:09.840+0800: 4.201: Total time for which application threads were stopped: 0.0008579 seconds, Stopping threads took: 0.0001321 seconds
2024-07-28T21:33:09.840+0800: 4.201: [CMS-concurrent-mark-start]
2024-07-28T21:33:09.842+0800: 4.203: [CMS-concurrent-mark: 0.002/0.002 secs] [Times: user=0.00 sys=0.00, real=0.00 secs] 
2024-07-28T21:33:09.842+0800: 4.203: [CMS-concurrent-preclean-start]
2024-07-28T21:33:09.843+0800: 4.204: [CMS-concurrent-preclean: 0.001/0.001 secs] [Times: user=0.00 sys=0.00, real=0.00 secs] 
2024-07-28T21:33:09.843+0800: 4.204: [CMS-concurrent-abortable-preclean-start]
2024-07-28T21:33:09.959+0800: 4.320: Application time: 0.1192262 seconds
2024-07-28T21:33:09.959+0800: 4.320: [GC (Allocation Failure) 2024-07-28T21:33:09.959+0800: 4.320: [ParNew: 77168K->8192K(78656K), 0.0119210 secs] 292868K->292500K(546456K), 0.0119858 secs] [Times: user=0.00 sys=0.00, real=0.01 secs] 
2024-07-28T21:33:09.971+0800: 4.332: Total time for which application threads were stopped: 0.0120967 seconds, Stopping threads took: 0.0000198 seconds
2024-07-28T21:33:10.082+0800: 4.444: Application time: 0.1110617 seconds
2024-07-28T21:33:10.082+0800: 4.444: [GC (Allocation Failure) 2024-07-28T21:33:10.082+0800: 4.444: [ParNew: 77168K->8192K(78656K), 0.0030243 secs] 361477K->298644K(546456K), 0.0030809 secs] [Times: user=0.06 sys=0.00, real=0.00 secs] 
2024-07-28T21:33:10.085+0800: 4.447: Total time for which application threads were stopped: 0.0031888 seconds, Stopping threads took: 0.0000197 seconds
2024-07-28T21:33:10.085+0800: 4.447: [CMS-concurrent-abortable-preclean: 0.005/0.243 secs] [Times: user=0.11 sys=0.00, real=0.24 secs] 
2024-07-28T21:33:10.086+0800: 4.447: Application time: 0.0002444 seconds
2024-07-28T21:33:10.086+0800: 4.447: [GC (CMS Final Remark) [YG occupancy: 11631 K (78656 K)]2024-07-28T21:33:10.086+0800: 4.447: [Rescan (parallel) , 0.0007529 secs]2024-07-28T21:33:10.087+0800: 4.448: [weak refs processing, 0.0000126 secs]2024-07-28T21:33:10.087+0800: 4.448: [class unloading, 0.0002114 secs]2024-07-28T21:33:10.087+0800: 4.448: [scrub symbol table, 0.0003463 secs]2024-07-28T21:33:10.087+0800: 4.448: [scrub string table, 0.0000985 secs][1 CMS-remark: 290452K(467800K)] 302084K(546456K), 0.0014843 secs] [Times: user=0.00 sys=0.00, real=0.00 secs] 
2024-07-28T21:33:10.087+0800: 4.449: Total time for which application threads were stopped: 0.0016514 seconds, Stopping threads took: 0.0001307 seconds
2024-07-28T21:33:10.088+0800: 4.449: [CMS-concurrent-sweep-start]
2024-07-28T21:33:10.089+0800: 4.451: [CMS-concurrent-sweep: 0.002/0.002 secs] [Times: user=0.00 sys=0.00, real=0.00 secs] 
2024-07-28T21:33:10.089+0800: 4.451: [CMS-concurrent-reset-start]
2024-07-28T21:33:10.091+0800: 4.452: [CMS-concurrent-reset: 0.002/0.002 secs] [Times: user=0.00 sys=0.00, real=0.00 secs] 
2024-07-28T21:33:10.092+0800: 4.454: Application time: 0.0052802 seconds
2024-07-28T21:33:10.093+0800: 4.454: [GC (Allocation Failure) 2024-07-28T21:33:10.093+0800: 4.454: [ParNew: 77168K->8192K(78656K), 0.0122363 secs] 226307K->225939K(546456K), 0.0122887 secs] [Times: user=0.03 sys=0.00, real=0.01 secs] 
2024-07-28T21:33:10.105+0800: 4.466: Total time for which application threads were stopped: 0.0123944 seconds, Stopping threads took: 0.0000194 seconds
2024-07-28T21:33:10.105+0800: 4.466: Application time: 0.0001318 seconds
2024-07-28T21:33:10.105+0800: 4.467: [GC (CMS Initial Mark) [1 CMS-initial-mark: 217747K(467800K)] 229379K(546456K), 0.0008299 secs] [Times: user=0.00 sys=0.00, real=0.00 secs] 
2024-07-28T21:33:10.106+0800: 4.467: Total time for which application threads were stopped: 0.0009733 seconds, Stopping threads took: 0.0000980 seconds
2024-07-28T21:33:10.106+0800: 4.468: [CMS-concurrent-mark-start]
2024-07-28T21:33:10.108+0800: 4.469: [CMS-concurrent-mark: 0.002/0.002 secs] [Times: user=0.00 sys=0.00, real=0.00 secs] 
2024-07-28T21:33:10.108+0800: 4.469: [CMS-concurrent-preclean-start]
2024-07-28T21:33:10.109+0800: 4.470: [CMS-concurrent-preclean: 0.001/0.001 secs] [Times: user=0.00 sys=0.00, real=0.00 secs] 
2024-07-28T21:33:10.109+0800: 4.470: [CMS-concurrent-abortable-preclean-start]
2024-07-28T21:33:10.226+0800: 4.587: Application time: 0.1196460 seconds
2024-07-28T21:33:10.226+0800: 4.587: [GC (Allocation Failure) 2024-07-28T21:33:10.226+0800: 4.587: [ParNew: 77168K->8192K(78656K), 0.0124154 secs] 294916K->294548K(546456K), 0.0124780 secs] [Times: user=0.00 sys=0.00, real=0.01 secs] 
2024-07-28T21:33:10.239+0800: 4.600: Total time for which application threads were stopped: 0.0126588 seconds, Stopping threads took: 0.0000190 seconds
2024-07-28T21:33:10.349+0800: 4.710: Application time: 0.1106592 seconds
2024-07-28T21:33:10.349+0800: 4.710: [GC (Allocation Failure) 2024-07-28T21:33:10.349+0800: 4.710: [ParNew: 77168K->8192K(78656K), 0.0034889 secs] 363525K->301717K(546456K), 0.0035480 secs] [Times: user=0.00 sys=0.00, real=0.00 secs] 
2024-07-28T21:33:10.353+0800: 4.714: Total time for which application threads were stopped: 0.0036553 seconds, Stopping threads took: 0.0000200 seconds
2024-07-28T21:33:10.353+0800: 4.714: [CMS-concurrent-abortable-preclean: 0.005/0.244 secs] [Times: user=0.03 sys=0.02, real=0.24 secs] 
2024-07-28T21:33:10.353+0800: 4.714: Application time: 0.0002958 seconds
2024-07-28T21:33:10.353+0800: 4.714: [GC (CMS Final Remark) [YG occupancy: 12655 K (78656 K)]2024-07-28T21:33:10.353+0800: 4.714: [Rescan (parallel) , 0.0009624 secs]2024-07-28T21:33:10.354+0800: 4.715: [weak refs processing, 0.0000127 secs]2024-07-28T21:33:10.354+0800: 4.715: [class unloading, 0.0002074 secs]2024-07-28T21:33:10.354+0800: 4.716: [scrub symbol table, 0.0003636 secs]2024-07-28T21:33:10.355+0800: 4.716: [scrub string table, 0.0001103 secs][1 CMS-remark: 293524K(467800K)] 306180K(546456K), 0.0017245 secs] [Times: user=0.00 sys=0.00, real=0.00 secs] 
2024-07-28T21:33:10.355+0800: 4.716: Total time for which application threads were stopped: 0.0018248 seconds, Stopping threads took: 0.0000634 seconds
2024-07-28T21:33:10.355+0800: 4.716: [CMS-concurrent-sweep-start]
2024-07-28T21:33:10.356+0800: 4.717: [CMS-concurrent-sweep: 0.001/0.001 secs] [Times: user=0.00 sys=0.00, real=0.00 secs] 
2024-07-28T21:33:10.356+0800: 4.718: [CMS-concurrent-reset-start]
2024-07-28T21:33:10.357+0800: 4.719: [CMS-concurrent-reset: 0.001/0.001 secs] [Times: user=0.00 sys=0.00, real=0.00 secs] 
2024-07-28T21:33:10.360+0800: 4.721: Application time: 0.0049320 seconds
2024-07-28T21:33:10.360+0800: 4.721: [GC (Allocation Failure) 2024-07-28T21:33:10.360+0800: 4.721: [ParNew: 77168K->8192K(78656K), 0.0120988 secs] 228355K->227987K(546456K), 0.0121465 secs] [Times: user=0.03 sys=0.00, real=0.01 secs] 
2024-07-28T21:33:10.372+0800: 4.733: Total time for which application threads were stopped: 0.0122445 seconds, Stopping threads took: 0.0000140 seconds
2024-07-28T21:33:10.372+0800: 4.734: Application time: 0.0002208 seconds
2024-07-28T21:33:10.372+0800: 4.734: [GC (CMS Initial Mark) [1 CMS-initial-mark: 219795K(467800K)] 231427K(546456K), 0.0007777 secs] [Times: user=0.00 sys=0.00, real=0.00 secs] 
2024-07-28T21:33:10.373+0800: 4.734: Total time for which application threads were stopped: 0.0008909 seconds, Stopping threads took: 0.0000725 seconds
2024-07-28T21:33:10.373+0800: 4.735: [CMS-concurrent-mark-start]
2024-07-28T21:33:10.375+0800: 4.736: [CMS-concurrent-mark: 0.002/0.002 secs] [Times: user=0.00 sys=0.00, real=0.00 secs] 
2024-07-28T21:33:10.375+0800: 4.736: [CMS-concurrent-preclean-start]
2024-07-28T21:33:10.376+0800: 4.737: [CMS-concurrent-preclean: 0.001/0.001 secs] [Times: user=0.00 sys=0.00, real=0.00 secs] 
2024-07-28T21:33:10.376+0800: 4.737: [CMS-concurrent-abortable-preclean-start]
2024-07-28T21:33:10.492+0800: 4.853: Application time: 0.1188123 seconds
2024-07-28T21:33:10.492+0800: 4.853: [GC (Allocation Failure) 2024-07-28T21:33:10.492+0800: 4.853: [ParNew: 77168K->8192K(78656K), 0.0118575 secs] 296964K->296596K(546456K), 0.0119187 secs] [Times: user=0.00 sys=0.00, real=0.01 secs] 
2024-07-28T21:33:10.504+0800: 4.865: Total time for which application threads were stopped: 0.0120266 seconds, Stopping threads took: 0.0000191 seconds
2024-07-28T21:33:10.616+0800: 4.978: Application time: 0.1127091 seconds
2024-07-28T21:33:10.616+0800: 4.978: [GC (Allocation Failure) 2024-07-28T21:33:10.616+0800: 4.978: [ParNew: 77168K->8192K(78656K), 0.0036306 secs] 365573K->304789K(546456K), 0.0036880 secs] [Times: user=0.00 sys=0.00, real=0.00 secs] 
2024-07-28T21:33:10.620+0800: 4.982: Total time for which application threads were stopped: 0.0037961 seconds, Stopping threads took: 0.0000196 seconds
2024-07-28T21:33:10.620+0800: 4.982: [CMS-concurrent-abortable-preclean: 0.005/0.245 secs] [Times: user=0.03 sys=0.00, real=0.24 secs] 
2024-07-28T21:33:10.620+0800: 4.982: Application time: 0.0003273 seconds
2024-07-28T21:33:10.621+0800: 4.982: [GC (CMS Final Remark) [YG occupancy: 12655 K (78656 K)]2024-07-28T21:33:10.621+0800: 4.982: [Rescan (parallel) , 0.0008931 secs]2024-07-28T21:33:10.622+0800: 4.983: [weak refs processing, 0.0000127 secs]2024-07-28T21:33:10.622+0800: 4.983: [class unloading, 0.0002122 secs]2024-07-28T21:33:10.622+0800: 4.983: [scrub symbol table, 0.0003403 secs]2024-07-28T21:33:10.622+0800: 4.984: [scrub string table, 0.0000989 secs][1 CMS-remark: 296596K(467800K)] 309252K(546456K), 0.0016242 secs] [Times: user=0.00 sys=0.00, real=0.00 secs] 
2024-07-28T21:33:10.622+0800: 4.984: Total time for which application threads were stopped: 0.0017835 seconds, Stopping threads took: 0.0001208 seconds
2024-07-28T21:33:10.623+0800: 4.984: [CMS-concurrent-sweep-start]
2024-07-28T21:33:10.624+0800: 4.986: [CMS-concurrent-sweep: 0.002/0.002 secs] [Times: user=0.00 sys=0.00, real=0.00 secs] 
2024-07-28T21:33:10.624+0800: 4.986: [CMS-concurrent-reset-start]
2024-07-28T21:33:10.625+0800: 4.987: [CMS-concurrent-reset: 0.001/0.001 secs] [Times: user=0.00 sys=0.00, real=0.00 secs] 
2024-07-28T21:33:10.627+0800: 4.989: Application time: 0.0048602 seconds
2024-07-28T21:33:10.627+0800: 4.989: [GC (Allocation Failure) 2024-07-28T21:33:10.627+0800: 4.989: [ParNew: 77168K->8192K(78656K), 0.0135342 secs] 230403K->230035K(546456K), 0.0135828 secs] [Times: user=0.03 sys=0.00, real=0.01 secs] 
2024-07-28T21:33:10.641+0800: 5.002: Total time for which application threads were stopped: 0.0136878 seconds, Stopping threads took: 0.0000130 seconds
2024-07-28T21:33:10.641+0800: 5.003: Application time: 0.0001473 seconds
2024-07-28T21:33:10.642+0800: 5.003: [GC (CMS Initial Mark) [1 CMS-initial-mark: 221843K(467800K)] 233475K(546456K), 0.0007328 secs] [Times: user=0.00 sys=0.00, real=0.00 secs] 
2024-07-28T21:33:10.642+0800: 5.004: Total time for which application threads were stopped: 0.0009087 seconds, Stopping threads took: 0.0001266 seconds
2024-07-28T21:33:10.642+0800: 5.004: [CMS-concurrent-mark-start]
2024-07-28T21:33:10.644+0800: 5.005: [CMS-concurrent-mark: 0.002/0.002 secs] [Times: user=0.00 sys=0.00, real=0.00 secs] 
2024-07-28T21:33:10.644+0800: 5.005: [CMS-concurrent-preclean-start]
2024-07-28T21:33:10.645+0800: 5.006: [CMS-concurrent-preclean: 0.001/0.001 secs] [Times: user=0.03 sys=0.02, real=0.00 secs] 
2024-07-28T21:33:10.645+0800: 5.006: [CMS-concurrent-abortable-preclean-start]
2024-07-28T21:33:10.758+0800: 5.119: Application time: 0.1155523 seconds
2024-07-28T21:33:10.758+0800: 5.119: [GC (Allocation Failure) 2024-07-28T21:33:10.758+0800: 5.119: [ParNew: 77360K->8200K(78656K), 0.0124987 secs] 299204K->298653K(546456K), 0.0125717 secs] [Times: user=0.03 sys=0.00, real=0.01 secs] 
2024-07-28T21:33:10.771+0800: 5.132: Total time for which application threads were stopped: 0.0126868 seconds, Stopping threads took: 0.0000191 seconds
2024-07-28T21:33:10.880+0800: 5.242: Application time: 0.1105808 seconds
2024-07-28T21:33:10.881+0800: 5.242: [GC (Allocation Failure) 2024-07-28T21:33:10.881+0800: 5.242: [ParNew: 77175K->8192K(78656K), 0.0038526 secs] 367628K->307861K(546456K), 0.0039248 secs] [Times: user=0.00 sys=0.00, real=0.00 secs] 
2024-07-28T21:33:10.885+0800: 5.246: Total time for which application threads were stopped: 0.0040555 seconds, Stopping threads took: 0.0000229 seconds
2024-07-28T21:33:10.885+0800: 5.247: [CMS-concurrent-abortable-preclean: 0.006/0.240 secs] [Times: user=0.03 sys=0.00, real=0.24 secs] 
2024-07-28T21:33:10.885+0800: 5.247: Application time: 0.0003028 seconds
2024-07-28T21:33:10.885+0800: 5.247: [GC (CMS Final Remark) [YG occupancy: 12654 K (78656 K)]2024-07-28T21:33:10.885+0800: 5.247: [Rescan (parallel) , 0.0006213 secs]2024-07-28T21:33:10.886+0800: 5.247: [weak refs processing, 0.0000131 secs]2024-07-28T21:33:10.886+0800: 5.248: [class unloading, 0.0002008 secs]2024-07-28T21:33:10.886+0800: 5.248: [scrub symbol table, 0.0003147 secs]2024-07-28T21:33:10.886+0800: 5.248: [scrub string table, 0.0000914 secs][1 CMS-remark: 299669K(467800K)] 312324K(546456K), 0.0013196 secs] [Times: user=0.00 sys=0.00, real=0.00 secs] 
2024-07-28T21:33:10.886+0800: 5.248: Total time for which application threads were stopped: 0.0014295 seconds, Stopping threads took: 0.0000741 seconds
2024-07-28T21:33:10.888+0800: 5.248: [CMS-concurrent-sweep-start]
2024-07-28T21:33:10.889+0800: 5.250: [CMS-concurrent-sweep: 0.002/0.002 secs] [Times: user=0.00 sys=0.00, real=0.00 secs] 
2024-07-28T21:33:10.889+0800: 5.250: [CMS-concurrent-reset-start]
2024-07-28T21:33:10.890+0800: 5.251: [CMS-concurrent-reset: 0.001/0.001 secs] [Times: user=0.00 sys=0.00, real=0.00 secs] 
2024-07-28T21:33:10.892+0800: 5.253: Application time: 0.0051931 seconds
2024-07-28T21:33:10.892+0800: 5.253: [GC (Allocation Failure) 2024-07-28T21:33:10.892+0800: 5.253: [ParNew: 77167K->8192K(78656K), 0.0126490 secs] 232451K->232084K(546456K), 0.0127008 secs] [Times: user=0.03 sys=0.00, real=0.01 secs] 
2024-07-28T21:33:10.905+0800: 5.266: Total time for which application threads were stopped: 0.0128042 seconds, Stopping threads took: 0.0000147 seconds
2024-07-28T21:33:10.906+0800: 5.266: Application time: 0.0002438 seconds
2024-07-28T21:33:10.906+0800: 5.267: [GC (CMS Initial Mark) [1 CMS-initial-mark: 223892K(467800K)] 235523K(546456K), 0.0007607 secs] [Times: user=0.00 sys=0.00, real=0.00 secs] 
2024-07-28T21:33:10.906+0800: 5.267: Total time for which application threads were stopped: 0.0009918 seconds, Stopping threads took: 0.0001693 seconds
2024-07-28T21:33:10.906+0800: 5.268: [CMS-concurrent-mark-start]
2024-07-28T21:33:10.908+0800: 5.269: [CMS-concurrent-mark: 0.002/0.002 secs] [Times: user=0.00 sys=0.00, real=0.00 secs] 
2024-07-28T21:33:10.908+0800: 5.269: [CMS-concurrent-preclean-start]
2024-07-28T21:33:10.909+0800: 5.270: [CMS-concurrent-preclean: 0.001/0.001 secs] [Times: user=0.00 sys=0.00, real=0.00 secs] 
2024-07-28T21:33:10.909+0800: 5.270: [CMS-concurrent-abortable-preclean-start]
2024-07-28T21:33:11.025+0800: 5.386: Application time: 0.1182381 seconds
2024-07-28T21:33:11.025+0800: 5.386: [GC (Allocation Failure) 2024-07-28T21:33:11.025+0800: 5.386: [ParNew: 77168K->8192K(78656K), 0.0125836 secs] 301060K->300693K(546456K), 0.0126420 secs] [Times: user=0.03 sys=0.00, real=0.01 secs] 
2024-07-28T21:33:11.037+0800: 5.398: Total time for which application threads were stopped: 0.0127510 seconds, Stopping threads took: 0.0000191 seconds
2024-07-28T21:33:11.149+0800: 5.510: Application time: 0.1111678 seconds
2024-07-28T21:33:11.149+0800: 5.510: [GC (Allocation Failure) 2024-07-28T21:33:11.149+0800: 5.510: [ParNew: 77168K->8192K(78656K), 0.0037050 secs] 369670K->310933K(546456K), 0.0037652 secs] [Times: user=0.00 sys=0.00, real=0.00 secs] 
2024-07-28T21:33:11.152+0800: 5.513: Total time for which application threads were stopped: 0.0038790 seconds, Stopping threads took: 0.0000216 seconds
2024-07-28T21:33:11.153+0800: 5.514: [CMS-concurrent-abortable-preclean: 0.005/0.244 secs] [Times: user=0.03 sys=0.00, real=0.24 secs] 
2024-07-28T21:33:11.153+0800: 5.514: Application time: 0.0003654 seconds
2024-07-28T21:33:11.153+0800: 5.514: [GC (CMS Final Remark) [YG occupancy: 13679 K (78656 K)]2024-07-28T21:33:11.153+0800: 5.514: [Rescan (parallel) , 0.0009294 secs]2024-07-28T21:33:11.154+0800: 5.515: [weak refs processing, 0.0000131 secs]2024-07-28T21:33:11.154+0800: 5.515: [class unloading, 0.0002235 secs]2024-07-28T21:33:11.154+0800: 5.515: [scrub symbol table, 0.0003579 secs]2024-07-28T21:33:11.155+0800: 5.516: [scrub string table, 0.0001341 secs][1 CMS-remark: 302741K(467800K)] 316421K(546456K), 0.0017347 secs] [Times: user=0.00 sys=0.00, real=0.00 secs] 
2024-07-28T21:33:11.155+0800: 5.516: Total time for which application threads were stopped: 0.0018970 seconds, Stopping threads took: 0.0001227 seconds
2024-07-28T21:33:11.155+0800: 5.516: [CMS-concurrent-sweep-start]
2024-07-28T21:33:11.156+0800: 5.517: [CMS-concurrent-sweep: 0.001/0.001 secs] [Times: user=0.00 sys=0.00, real=0.00 secs] 
2024-07-28T21:33:11.156+0800: 5.517: [CMS-concurrent-reset-start]
2024-07-28T21:33:11.158+0800: 5.519: [CMS-concurrent-reset: 0.001/0.001 secs] [Times: user=0.00 sys=0.00, real=0.00 secs] 
2024-07-28T21:33:11.160+0800: 5.521: Application time: 0.0049544 seconds
2024-07-28T21:33:11.160+0800: 5.521: [GC (Allocation Failure) 2024-07-28T21:33:11.160+0800: 5.521: [ParNew: 77168K->8192K(78656K), 0.0117862 secs] 234500K->234132K(546456K), 0.0118378 secs] [Times: user=0.03 sys=0.00, real=0.01 secs] 
2024-07-28T21:33:11.172+0800: 5.533: Total time for which application threads were stopped: 0.0119417 seconds, Stopping threads took: 0.0000145 seconds
2024-07-28T21:33:11.172+0800: 5.533: Application time: 0.0002317 seconds
2024-07-28T21:33:11.172+0800: 5.533: [GC (CMS Initial Mark) [1 CMS-initial-mark: 225940K(467800K)] 237572K(546456K), 0.0007741 secs] [Times: user=0.00 sys=0.00, real=0.00 secs] 
2024-07-28T21:33:11.173+0800: 5.534: Total time for which application threads were stopped: 0.0009914 seconds, Stopping threads took: 0.0001735 seconds
2024-07-28T21:33:11.173+0800: 5.534: [CMS-concurrent-mark-start]
2024-07-28T21:33:11.174+0800: 5.535: [CMS-concurrent-mark: 0.001/0.001 secs] [Times: user=0.00 sys=0.00, real=0.00 secs] 
2024-07-28T21:33:11.174+0800: 5.535: [CMS-concurrent-preclean-start]
2024-07-28T21:33:11.175+0800: 5.536: [CMS-concurrent-preclean: 0.001/0.001 secs] [Times: user=0.00 sys=0.00, real=0.00 secs] 
2024-07-28T21:33:11.175+0800: 5.536: [CMS-concurrent-abortable-preclean-start]
2024-07-28T21:33:11.293+0800: 5.654: Application time: 0.1206302 seconds
2024-07-28T21:33:11.293+0800: 5.655: [GC (Allocation Failure) 2024-07-28T21:33:11.293+0800: 5.655: [ParNew: 77168K->8192K(78656K), 0.0119273 secs] 303109K->302741K(546456K), 0.0119939 secs] [Times: user=0.03 sys=0.00, real=0.01 secs] 
2024-07-28T21:33:11.305+0800: 5.667: Total time for which application threads were stopped: 0.0121195 seconds, Stopping threads took: 0.0000198 seconds
2024-07-28T21:33:11.417+0800: 5.778: Application time: 0.1116819 seconds
2024-07-28T21:33:11.417+0800: 5.778: [GC (Allocation Failure) 2024-07-28T21:33:11.417+0800: 5.778: [ParNew: 77168K->8192K(78656K), 0.0038807 secs] 371718K->314005K(546456K), 0.0039440 secs] [Times: user=0.00 sys=0.00, real=0.00 secs] 
2024-07-28T21:33:11.421+0800: 5.782: Total time for which application threads were stopped: 0.0040663 seconds, Stopping threads took: 0.0000212 seconds
2024-07-28T21:33:11.421+0800: 5.782: [CMS-concurrent-abortable-preclean: 0.005/0.246 secs] [Times: user=0.03 sys=0.00, real=0.25 secs] 
2024-07-28T21:33:11.421+0800: 5.783: Application time: 0.0003620 seconds
2024-07-28T21:33:11.421+0800: 5.783: [GC (CMS Final Remark) [YG occupancy: 13679 K (78656 K)]2024-07-28T21:33:11.421+0800: 5.783: [Rescan (parallel) , 0.0007236 secs]2024-07-28T21:33:11.422+0800: 5.784: [weak refs processing, 0.0000130 secs]2024-07-28T21:33:11.422+0800: 5.784: [class unloading, 0.0002144 secs]2024-07-28T21:33:11.422+0800: 5.784: [scrub symbol table, 0.0003431 secs]2024-07-28T21:33:11.422+0800: 5.784: [scrub string table, 0.0001191 secs][1 CMS-remark: 305813K(467800K)] 319493K(546456K), 0.0014873 secs] [Times: user=0.00 sys=0.00, real=0.00 secs] 
2024-07-28T21:33:11.423+0800: 5.784: Total time for which application threads were stopped: 0.0016537 seconds, Stopping threads took: 0.0001255 seconds
2024-07-28T21:33:11.423+0800: 5.785: [CMS-concurrent-sweep-start]
2024-07-28T21:33:11.425+0800: 5.786: [CMS-concurrent-sweep: 0.002/0.002 secs] [Times: user=0.00 sys=0.00, real=0.00 secs] 
2024-07-28T21:33:11.425+0800: 5.786: [CMS-concurrent-reset-start]
2024-07-28T21:33:11.426+0800: 5.787: [CMS-concurrent-reset: 0.001/0.001 secs] [Times: user=0.03 sys=0.00, real=0.00 secs] 
2024-07-28T21:33:11.427+0800: 5.789: Application time: 0.0047039 seconds
2024-07-28T21:33:11.427+0800: 5.789: [GC (Allocation Failure) 2024-07-28T21:33:11.427+0800: 5.789: [ParNew: 77168K->8192K(78656K), 0.0125625 secs] 236548K->236180K(546456K), 0.0126106 secs] [Times: user=0.00 sys=0.00, real=0.01 secs] 
2024-07-28T21:33:11.440+0800: 5.802: Total time for which application threads were stopped: 0.0127610 seconds, Stopping threads took: 0.0000148 seconds
2024-07-28T21:33:11.440+0800: 5.802: Application time: 0.0002268 seconds
2024-07-28T21:33:11.441+0800: 5.802: [GC (CMS Initial Mark) [1 CMS-initial-mark: 227988K(467800K)] 239620K(546456K), 0.0007615 secs] [Times: user=0.00 sys=0.00, real=0.00 secs] 
2024-07-28T21:33:11.441+0800: 5.803: Total time for which application threads were stopped: 0.0009534 seconds, Stopping threads took: 0.0001467 seconds
2024-07-28T21:33:11.441+0800: 5.803: [CMS-concurrent-mark-start]
2024-07-28T21:33:11.443+0800: 5.804: [CMS-concurrent-mark: 0.001/0.001 secs] [Times: user=0.05 sys=0.00, real=0.00 secs] 
2024-07-28T21:33:11.443+0800: 5.805: [CMS-concurrent-preclean-start]
2024-07-28T21:33:11.443+0800: 5.805: [CMS-concurrent-preclean: 0.001/0.001 secs] [Times: user=0.00 sys=0.00, real=0.00 secs] 
2024-07-28T21:33:11.443+0800: 5.805: [CMS-concurrent-abortable-preclean-start]
2024-07-28T21:33:11.561+0800: 5.923: Application time: 0.1197453 seconds
2024-07-28T21:33:11.561+0800: 5.923: [GC (Allocation Failure) 2024-07-28T21:33:11.561+0800: 5.923: [ParNew: 77168K->8192K(78656K), 0.0123663 secs] 305157K->304789K(546456K), 0.0124212 secs] [Times: user=0.03 sys=0.00, real=0.01 secs] 
2024-07-28T21:33:11.574+0800: 5.935: Total time for which application threads were stopped: 0.0125437 seconds, Stopping threads took: 0.0000185 seconds
2024-07-28T21:33:11.686+0800: 6.047: Application time: 0.1115327 seconds
2024-07-28T21:33:11.686+0800: 6.047: [GC (Allocation Failure) 2024-07-28T21:33:11.686+0800: 6.047: [ParNew: 77168K->8192K(78656K), 0.0041620 secs] 373766K->317078K(546456K), 0.0042208 secs] [Times: user=0.00 sys=0.00, real=0.00 secs] 
2024-07-28T21:33:11.690+0800: 6.051: Total time for which application threads were stopped: 0.0043284 seconds, Stopping threads took: 0.0000179 seconds
2024-07-28T21:33:11.690+0800: 6.051: [CMS-concurrent-abortable-preclean: 0.005/0.246 secs] [Times: user=0.03 sys=0.00, real=0.25 secs] 
2024-07-28T21:33:11.690+0800: 6.052: Application time: 0.0003346 seconds
2024-07-28T21:33:11.690+0800: 6.052: [GC (CMS Final Remark) [YG occupancy: 13679 K (78656 K)]2024-07-28T21:33:11.690+0800: 6.052: [Rescan (parallel) , 0.0005383 secs]2024-07-28T21:33:11.691+0800: 6.052: [weak refs processing, 0.0000130 secs]2024-07-28T21:33:11.691+0800: 6.052: [class unloading, 0.0002086 secs]2024-07-28T21:33:11.691+0800: 6.052: [scrub symbol table, 0.0003372 secs]2024-07-28T21:33:11.692+0800: 6.053: [scrub string table, 0.0001124 secs][1 CMS-remark: 308885K(467800K)] 322565K(546456K), 0.0012729 secs] [Times: user=0.02 sys=0.00, real=0.00 secs] 
2024-07-28T21:33:11.692+0800: 6.053: Total time for which application threads were stopped: 0.0013875 seconds, Stopping threads took: 0.0000771 seconds
2024-07-28T21:33:11.692+0800: 6.053: [CMS-concurrent-sweep-start]
2024-07-28T21:33:11.693+0800: 6.055: [CMS-concurrent-sweep: 0.002/0.002 secs] [Times: user=0.00 sys=0.00, real=0.00 secs] 
2024-07-28T21:33:11.694+0800: 6.055: [CMS-concurrent-reset-start]
2024-07-28T21:33:11.695+0800: 6.056: [CMS-concurrent-reset: 0.001/0.001 secs] [Times: user=0.00 sys=0.00, real=0.00 secs] 
2024-07-28T21:33:11.696+0800: 6.058: Application time: 0.0047117 seconds
2024-07-28T21:33:11.697+0800: 6.058: [GC (Allocation Failure) 2024-07-28T21:33:11.697+0800: 6.058: [ParNew: 77168K->8192K(78656K), 0.0124322 secs] 238596K->238228K(546456K), 0.0124808 secs] [Times: user=0.03 sys=0.00, real=0.01 secs] 
2024-07-28T21:33:11.709+0800: 6.070: Total time for which application threads were stopped: 0.0125856 seconds, Stopping threads took: 0.0000133 seconds
2024-07-28T21:33:11.709+0800: 6.070: Application time: 0.0002219 seconds
2024-07-28T21:33:11.709+0800: 6.071: [GC (CMS Initial Mark) [1 CMS-initial-mark: 230036K(467800K)] 241668K(546456K), 0.0006995 secs] [Times: user=0.00 sys=0.00, real=0.00 secs] 
2024-07-28T21:33:11.710+0800: 6.071: Total time for which application threads were stopped: 0.0008754 seconds, Stopping threads took: 0.0001340 seconds
2024-07-28T21:33:11.710+0800: 6.071: [CMS-concurrent-mark-start]
2024-07-28T21:33:11.712+0800: 6.073: [CMS-concurrent-mark: 0.001/0.001 secs] [Times: user=0.00 sys=0.00, real=0.00 secs] 
2024-07-28T21:33:11.712+0800: 6.073: [CMS-concurrent-preclean-start]
2024-07-28T21:33:11.712+0800: 6.073: [CMS-concurrent-preclean: 0.001/0.001 secs] [Times: user=0.00 sys=0.00, real=0.00 secs] 
2024-07-28T21:33:11.712+0800: 6.074: [CMS-concurrent-abortable-preclean-start]
2024-07-28T21:33:11.828+0800: 6.189: Application time: 0.1174711 seconds
2024-07-28T21:33:11.828+0800: 6.189: [GC (Allocation Failure) 2024-07-28T21:33:11.828+0800: 6.189: [ParNew: 77168K->8192K(78656K), 0.0120339 secs] 307205K->306837K(546456K), 0.0120959 secs] [Times: user=0.03 sys=0.00, real=0.01 secs] 
2024-07-28T21:33:11.840+0800: 6.201: Total time for which application threads were stopped: 0.0122091 seconds, Stopping threads took: 0.0000195 seconds
2024-07-28T21:33:11.953+0800: 6.314: Application time: 0.1132211 seconds
2024-07-28T21:33:11.953+0800: 6.314: [GC (Allocation Failure) 2024-07-28T21:33:11.953+0800: 6.314: [ParNew: 77168K->8192K(78656K), 0.0045093 secs] 375814K->320150K(546456K), 0.0045654 secs] [Times: user=0.00 sys=0.00, real=0.00 secs] 
2024-07-28T21:33:11.957+0800: 6.319: Total time for which application threads were stopped: 0.0046855 seconds, Stopping threads took: 0.0000185 seconds
2024-07-28T21:33:11.957+0800: 6.319: [CMS-concurrent-abortable-preclean: 0.006/0.245 secs] [Times: user=0.03 sys=0.00, real=0.25 secs] 
2024-07-28T21:33:11.958+0800: 6.319: Application time: 0.0003749 seconds
2024-07-28T21:33:11.958+0800: 6.319: [GC (CMS Final Remark) [YG occupancy: 13679 K (78656 K)]2024-07-28T21:33:11.958+0800: 6.320: [Rescan (parallel) , 0.0008266 secs]2024-07-28T21:33:11.959+0800: 6.320: [weak refs processing, 0.0000126 secs]2024-07-28T21:33:11.959+0800: 6.320: [class unloading, 0.0002299 secs]2024-07-28T21:33:11.959+0800: 6.321: [scrub symbol table, 0.0003424 secs]2024-07-28T21:33:11.959+0800: 6.321: [scrub string table, 0.0000990 secs][1 CMS-remark: 311957K(467800K)] 325637K(546456K), 0.0015732 secs] [Times: user=0.00 sys=0.00, real=0.00 secs] 
2024-07-28T21:33:11.959+0800: 6.321: Total time for which application threads were stopped: 0.0017737 seconds, Stopping threads took: 0.0001642 seconds
2024-07-28T21:33:11.960+0800: 6.321: [CMS-concurrent-sweep-start]
2024-07-28T21:33:11.961+0800: 6.322: [CMS-concurrent-sweep: 0.001/0.001 secs] [Times: user=0.00 sys=0.00, real=0.00 secs] 
2024-07-28T21:33:11.961+0800: 6.323: [CMS-concurrent-reset-start]
2024-07-28T21:33:11.962+0800: 6.324: [CMS-concurrent-reset: 0.001/0.001 secs] [Times: user=0.00 sys=0.00, real=0.00 secs] 
2024-07-28T21:33:11.964+0800: 6.326: Application time: 0.0049361 seconds
2024-07-28T21:33:11.964+0800: 6.326: [GC (Allocation Failure) 2024-07-28T21:33:11.964+0800: 6.326: [ParNew: 77168K->8192K(78656K), 0.0120872 secs] 240644K->240276K(546456K), 0.0121501 secs] [Times: user=0.03 sys=0.00, real=0.01 secs] 
2024-07-28T21:33:11.977+0800: 6.338: Total time for which application threads were stopped: 0.0122471 seconds, Stopping threads took: 0.0000131 seconds
2024-07-28T21:33:11.977+0800: 6.338: Application time: 0.0001331 seconds
2024-07-28T21:33:11.977+0800: 6.339: [GC (CMS Initial Mark) [1 CMS-initial-mark: 232084K(467800K)] 243716K(546456K), 0.0007474 secs] [Times: user=0.00 sys=0.00, real=0.00 secs] 
2024-07-28T21:33:11.978+0800: 6.339: Total time for which application threads were stopped: 0.0008870 seconds, Stopping threads took: 0.0000978 seconds
2024-07-28T21:33:11.978+0800: 6.339: [CMS-concurrent-mark-start]
2024-07-28T21:33:11.979+0800: 6.341: [CMS-concurrent-mark: 0.001/0.001 secs] [Times: user=0.00 sys=0.00, real=0.00 secs] 
2024-07-28T21:33:11.979+0800: 6.341: [CMS-concurrent-preclean-start]
2024-07-28T21:33:11.980+0800: 6.341: [CMS-concurrent-preclean: 0.001/0.001 secs] [Times: user=0.00 sys=0.00, real=0.00 secs] 
2024-07-28T21:33:11.980+0800: 6.341: [CMS-concurrent-abortable-preclean-start]
2024-07-28T21:33:12.096+0800: 6.458: Application time: 0.1183028 seconds
2024-07-28T21:33:12.096+0800: 6.458: [GC (Allocation Failure) 2024-07-28T21:33:12.096+0800: 6.458: [ParNew: 77168K->8192K(78656K), 0.0119884 secs] 309253K->308885K(546456K), 0.0120504 secs] [Times: user=0.03 sys=0.00, real=0.01 secs] 
2024-07-28T21:33:12.108+0800: 6.470: Total time for which application threads were stopped: 0.0121635 seconds, Stopping threads took: 0.0000191 seconds
2024-07-28T21:33:12.220+0800: 6.581: Application time: 0.1112730 seconds
2024-07-28T21:33:12.220+0800: 6.581: [GC (Allocation Failure) 2024-07-28T21:33:12.220+0800: 6.581: [ParNew: 77168K->8192K(78656K), 0.0044604 secs] 377862K->323222K(546456K), 0.0045201 secs] [Times: user=0.03 sys=0.00, real=0.00 secs] 
2024-07-28T21:33:12.224+0800: 6.586: Total time for which application threads were stopped: 0.0046519 seconds, Stopping threads took: 0.0000187 seconds
2024-07-28T21:33:12.224+0800: 6.586: [CMS-concurrent-abortable-preclean: 0.005/0.244 secs] [Times: user=0.06 sys=0.00, real=0.24 secs] 
2024-07-28T21:33:12.225+0800: 6.586: Application time: 0.0002654 seconds
2024-07-28T21:33:12.225+0800: 6.586: [GC (CMS Final Remark) [YG occupancy: 12655 K (78656 K)]2024-07-28T21:33:12.225+0800: 6.586: [Rescan (parallel) , 0.0008288 secs]2024-07-28T21:33:12.226+0800: 6.587: [weak refs processing, 0.0000131 secs]2024-07-28T21:33:12.226+0800: 6.587: [class unloading, 0.0002256 secs]2024-07-28T21:33:12.226+0800: 6.587: [scrub symbol table, 0.0003476 secs]2024-07-28T21:33:12.226+0800: 6.588: [scrub string table, 0.0000996 secs][1 CMS-remark: 315029K(467800K)] 327685K(546456K), 0.0015785 secs] [Times: user=0.00 sys=0.00, real=0.00 secs] 
2024-07-28T21:33:12.226+0800: 6.588: Total time for which application threads were stopped: 0.0017326 seconds, Stopping threads took: 0.0001171 seconds
2024-07-28T21:33:12.227+0800: 6.588: [CMS-concurrent-sweep-start]
2024-07-28T21:33:12.228+0800: 6.590: [CMS-concurrent-sweep: 0.002/0.002 secs] [Times: user=0.00 sys=0.00, real=0.00 secs] 
2024-07-28T21:33:12.228+0800: 6.590: [CMS-concurrent-reset-start]
2024-07-28T21:33:12.230+0800: 6.591: [CMS-concurrent-reset: 0.002/0.002 secs] [Times: user=0.00 sys=0.00, real=0.00 secs] 
2024-07-28T21:33:12.231+0800: 6.593: Application time: 0.0049371 seconds
2024-07-28T21:33:12.231+0800: 6.593: [GC (Allocation Failure) 2024-07-28T21:33:12.231+0800: 6.593: [ParNew: 77168K->8192K(78656K), 0.0121938 secs] 242692K->242324K(546456K), 0.0122523 secs] [Times: user=0.03 sys=0.00, real=0.01 secs] 
2024-07-28T21:33:12.244+0800: 6.605: Total time for which application threads were stopped: 0.0123687 seconds, Stopping threads took: 0.0000152 seconds
2024-07-28T21:33:12.244+0800: 6.605: Application time: 0.0002448 seconds
2024-07-28T21:33:12.244+0800: 6.605: [GC (CMS Initial Mark) [1 CMS-initial-mark: 234132K(467800K)] 245764K(546456K), 0.0007701 secs] [Times: user=0.00 sys=0.00, real=0.00 secs] 
2024-07-28T21:33:12.245+0800: 6.606: Total time for which application threads were stopped: 0.0009706 seconds, Stopping threads took: 0.0001590 seconds
2024-07-28T21:33:12.245+0800: 6.606: [CMS-concurrent-mark-start]
2024-07-28T21:33:12.246+0800: 6.608: [CMS-concurrent-mark: 0.001/0.001 secs] [Times: user=0.00 sys=0.00, real=0.00 secs] 
2024-07-28T21:33:12.246+0800: 6.608: [CMS-concurrent-preclean-start]
2024-07-28T21:33:12.247+0800: 6.608: [CMS-concurrent-preclean: 0.001/0.001 secs] [Times: user=0.00 sys=0.00, real=0.00 secs] 
2024-07-28T21:33:12.247+0800: 6.608: [CMS-concurrent-abortable-preclean-start]
2024-07-28T21:33:12.362+0800: 6.723: Application time: 0.1170880 seconds
2024-07-28T21:33:12.362+0800: 6.723: [GC (Allocation Failure) 2024-07-28T21:33:12.362+0800: 6.723: [ParNew: 77168K->8192K(78656K), 0.0121983 secs] 311301K->310933K(546456K), 0.0122581 secs] [Times: user=0.03 sys=0.00, real=0.01 secs] 
2024-07-28T21:33:12.374+0800: 6.736: Total time for which application threads were stopped: 0.0123810 seconds, Stopping threads took: 0.0000333 seconds
2024-07-28T21:33:12.487+0800: 6.848: Application time: 0.1121144 seconds
2024-07-28T21:33:12.487+0800: 6.848: [GC (Allocation Failure) 2024-07-28T21:33:12.487+0800: 6.848: [ParNew: 77168K->8192K(78656K), 0.0046639 secs] 379910K->326294K(546456K), 0.0047473 secs] [Times: user=0.03 sys=0.00, real=0.01 secs] 
2024-07-28T21:33:12.492+0800: 6.853: Total time for which application threads were stopped: 0.0048732 seconds, Stopping threads took: 0.0000343 seconds
2024-07-28T21:33:12.492+0800: 6.853: [CMS-concurrent-abortable-preclean: 0.006/0.244 secs] [Times: user=0.06 sys=0.00, real=0.25 secs] 
2024-07-28T21:33:12.492+0800: 6.853: Application time: 0.0003363 seconds
2024-07-28T21:33:12.492+0800: 6.853: [GC (CMS Final Remark) [YG occupancy: 13679 K (78656 K)]2024-07-28T21:33:12.492+0800: 6.853: [Rescan (parallel) , 0.0009754 secs]2024-07-28T21:33:12.493+0800: 6.854: [weak refs processing, 0.0000118 secs]2024-07-28T21:33:12.493+0800: 6.854: [class unloading, 0.0002320 secs]2024-07-28T21:33:12.493+0800: 6.854: [scrub symbol table, 0.0003178 secs]2024-07-28T21:33:12.494+0800: 6.855: [scrub string table, 0.0000912 secs][1 CMS-remark: 318102K(467800K)] 331781K(546456K), 0.0016896 secs] [Times: user=0.00 sys=0.00, real=0.00 secs] 
2024-07-28T21:33:12.494+0800: 6.855: Total time for which application threads were stopped: 0.0018742 seconds, Stopping threads took: 0.0001489 seconds
2024-07-28T21:33:12.494+0800: 6.855: [CMS-concurrent-sweep-start]
2024-07-28T21:33:12.496+0800: 6.857: [CMS-concurrent-sweep: 0.001/0.001 secs] [Times: user=0.00 sys=0.00, real=0.00 secs] 
2024-07-28T21:33:12.496+0800: 6.857: [CMS-concurrent-reset-start]
2024-07-28T21:33:12.497+0800: 6.858: [CMS-concurrent-reset: 0.001/0.001 secs] [Times: user=0.00 sys=0.00, real=0.00 secs] 
2024-07-28T21:33:12.499+0800: 6.860: Application time: 0.0046768 seconds
2024-07-28T21:33:12.499+0800: 6.860: [GC (Allocation Failure) 2024-07-28T21:33:12.499+0800: 6.860: [ParNew: 77168K->8192K(78656K), 0.0122563 secs] 244740K->244372K(546456K), 0.0123033 secs] [Times: user=0.03 sys=0.00, real=0.01 secs] 
2024-07-28T21:33:12.511+0800: 6.872: Total time for which application threads were stopped: 0.0123962 seconds, Stopping threads took: 0.0000113 seconds
2024-07-28T21:33:12.511+0800: 6.872: Application time: 0.0002310 seconds
2024-07-28T21:33:12.511+0800: 6.872: [GC (CMS Initial Mark) [1 CMS-initial-mark: 236180K(467800K)] 247812K(546456K), 0.0007302 secs] [Times: user=0.00 sys=0.00, real=0.00 secs] 
2024-07-28T21:33:12.512+0800: 6.873: Total time for which application threads were stopped: 0.0009233 seconds, Stopping threads took: 0.0001510 seconds
2024-07-28T21:33:12.512+0800: 6.873: [CMS-concurrent-mark-start]
2024-07-28T21:33:12.513+0800: 6.874: [CMS-concurrent-mark: 0.001/0.001 secs] [Times: user=0.00 sys=0.00, real=0.00 secs] 
2024-07-28T21:33:12.513+0800: 6.874: [CMS-concurrent-preclean-start]
2024-07-28T21:33:12.514+0800: 6.875: [CMS-concurrent-preclean: 0.001/0.001 secs] [Times: user=0.00 sys=0.00, real=0.00 secs] 
2024-07-28T21:33:12.514+0800: 6.875: [CMS-concurrent-abortable-preclean-start]
2024-07-28T21:33:12.629+0800: 6.990: Application time: 0.1172202 seconds
2024-07-28T21:33:12.629+0800: 6.990: [GC (Allocation Failure) 2024-07-28T21:33:12.629+0800: 6.990: [ParNew: 77168K->8192K(78656K), 0.0123251 secs] 313349K->312981K(546456K), 0.0124034 secs] [Times: user=0.00 sys=0.00, real=0.01 secs] 
2024-07-28T21:33:12.642+0800: 7.003: Total time for which application threads were stopped: 0.0125163 seconds, Stopping threads took: 0.0000203 seconds
2024-07-28T21:33:12.754+0800: 7.115: Application time: 0.1119779 seconds
2024-07-28T21:33:12.754+0800: 7.115: [GC (Allocation Failure) 2024-07-28T21:33:12.754+0800: 7.115: [ParNew: 77168K->8192K(78656K), 0.0049280 secs] 381958K->329366K(546456K), 0.0049922 secs] [Times: user=0.03 sys=0.00, real=0.01 secs] 
2024-07-28T21:33:12.759+0800: 7.120: Total time for which application threads were stopped: 0.0051353 seconds, Stopping threads took: 0.0000219 seconds
2024-07-28T21:33:12.759+0800: 7.120: [CMS-concurrent-abortable-preclean: 0.006/0.245 secs] [Times: user=0.06 sys=0.00, real=0.25 secs] 
2024-07-28T21:33:12.759+0800: 7.120: Application time: 0.0002829 seconds
2024-07-28T21:33:12.759+0800: 7.120: [GC (CMS Final Remark) [YG occupancy: 12655 K (78656 K)]2024-07-28T21:33:12.759+0800: 7.120: [Rescan (parallel) , 0.0006313 secs]2024-07-28T21:33:12.760+0800: 7.121: [weak refs processing, 0.0000127 secs]2024-07-28T21:33:12.760+0800: 7.121: [class unloading, 0.0002273 secs]2024-07-28T21:33:12.760+0800: 7.121: [scrub symbol table, 0.0003436 secs]2024-07-28T21:33:12.761+0800: 7.122: [scrub string table, 0.0000999 secs][1 CMS-remark: 321174K(467800K)] 333829K(546456K), 0.0013805 secs] [Times: user=0.00 sys=0.00, real=0.00 secs] 
2024-07-28T21:33:12.761+0800: 7.122: Total time for which application threads were stopped: 0.0014959 seconds, Stopping threads took: 0.0000799 seconds
2024-07-28T21:33:12.761+0800: 7.122: [CMS-concurrent-sweep-start]
2024-07-28T21:33:12.762+0800: 7.123: [CMS-concurrent-sweep: 0.001/0.001 secs] [Times: user=0.00 sys=0.00, real=0.00 secs] 
2024-07-28T21:33:12.762+0800: 7.123: [CMS-concurrent-reset-start]
2024-07-28T21:33:12.763+0800: 7.124: [CMS-concurrent-reset: 0.001/0.001 secs] [Times: user=0.00 sys=0.00, real=0.00 secs] 
2024-07-28T21:33:12.765+0800: 7.127: Application time: 0.0048125 seconds
2024-07-28T21:33:12.766+0800: 7.127: [GC (Allocation Failure) 2024-07-28T21:33:12.766+0800: 7.127: [ParNew: 77168K->8192K(78656K), 0.0121125 secs] 246788K->246420K(546456K), 0.0121627 secs] [Times: user=0.03 sys=0.00, real=0.01 secs] 
2024-07-28T21:33:12.778+0800: 7.139: Total time for which application threads were stopped: 0.0122633 seconds, Stopping threads took: 0.0000165 seconds
2024-07-28T21:33:12.778+0800: 7.139: Application time: 0.0001888 seconds
2024-07-28T21:33:12.778+0800: 7.139: [GC (CMS Initial Mark) [1 CMS-initial-mark: 238228K(467800K)] 249860K(546456K), 0.0007615 secs] [Times: user=0.00 sys=0.00, real=0.00 secs] 
2024-07-28T21:33:12.779+0800: 7.140: Total time for which application threads were stopped: 0.0008823 seconds, Stopping threads took: 0.0000799 seconds
2024-07-28T21:33:12.779+0800: 7.140: [CMS-concurrent-mark-start]
2024-07-28T21:33:12.780+0800: 7.141: [CMS-concurrent-mark: 0.001/0.001 secs] [Times: user=0.00 sys=0.00, real=0.00 secs] 
2024-07-28T21:33:12.780+0800: 7.141: [CMS-concurrent-preclean-start]
2024-07-28T21:33:12.781+0800: 7.142: [CMS-concurrent-preclean: 0.001/0.001 secs] [Times: user=0.00 sys=0.00, real=0.00 secs] 
2024-07-28T21:33:12.781+0800: 7.142: [CMS-concurrent-abortable-preclean-start]
2024-07-28T21:33:12.895+0800: 7.256: Application time: 0.1165274 seconds
2024-07-28T21:33:12.895+0800: 7.257: [GC (Allocation Failure) 2024-07-28T21:33:12.895+0800: 7.257: [ParNew: 77168K->8198K(78656K), 0.0126160 secs] 315397K->315036K(546456K), 0.0126779 secs] [Times: user=0.00 sys=0.00, real=0.01 secs] 
2024-07-28T21:33:12.908+0800: 7.269: Total time for which application threads were stopped: 0.0128050 seconds, Stopping threads took: 0.0000390 seconds
2024-07-28T21:33:13.019+0800: 7.380: Application time: 0.1108600 seconds
2024-07-28T21:33:13.019+0800: 7.380: [GC (Allocation Failure) 2024-07-28T21:33:13.019+0800: 7.380: [ParNew: 77174K->8192K(78656K), 0.0046522 secs] 384012K->332438K(546456K), 0.0047290 secs] [Times: user=0.03 sys=0.00, real=0.00 secs] 
2024-07-28T21:33:13.024+0800: 7.385: Total time for which application threads were stopped: 0.0048401 seconds, Stopping threads took: 0.0000214 seconds
2024-07-28T21:33:13.024+0800: 7.385: [CMS-concurrent-abortable-preclean: 0.006/0.243 secs] [Times: user=0.08 sys=0.00, real=0.24 secs] 
2024-07-28T21:33:13.024+0800: 7.385: Application time: 0.0003126 seconds
2024-07-28T21:33:13.024+0800: 7.385: [GC (CMS Final Remark) [YG occupancy: 12655 K (78656 K)]2024-07-28T21:33:13.024+0800: 7.385: [Rescan (parallel) , 0.0009531 secs]2024-07-28T21:33:13.025+0800: 7.386: [weak refs processing, 0.0000132 secs]2024-07-28T21:33:13.025+0800: 7.386: [class unloading, 0.0002238 secs]2024-07-28T21:33:13.025+0800: 7.387: [scrub symbol table, 0.0003625 secs]2024-07-28T21:33:13.026+0800: 7.387: [scrub string table, 0.0001104 secs][1 CMS-remark: 324246K(467800K)] 336902K(546456K), 0.0017303 secs] [Times: user=0.00 sys=0.00, real=0.00 secs] 
2024-07-28T21:33:13.026+0800: 7.387: Total time for which application threads were stopped: 0.0019161 seconds, Stopping threads took: 0.0001487 seconds
2024-07-28T21:33:13.026+0800: 7.388: [CMS-concurrent-sweep-start]
2024-07-28T21:33:13.028+0800: 7.389: [CMS-concurrent-sweep: 0.002/0.002 secs] [Times: user=0.00 sys=0.00, real=0.00 secs] 
2024-07-28T21:33:13.028+0800: 7.389: [CMS-concurrent-reset-start]
2024-07-28T21:33:13.029+0800: 7.390: [CMS-concurrent-reset: 0.001/0.001 secs] [Times: user=0.00 sys=0.00, real=0.00 secs] 
2024-07-28T21:33:13.031+0800: 7.392: Application time: 0.0048880 seconds
2024-07-28T21:33:13.031+0800: 7.392: [GC (Allocation Failure) 2024-07-28T21:33:13.031+0800: 7.392: [ParNew: 77168K->8192K(78656K), 0.0121570 secs] 248837K->248469K(546456K), 0.0122057 secs] [Times: user=0.03 sys=0.00, real=0.01 secs] 
2024-07-28T21:33:13.043+0800: 7.404: Total time for which application threads were stopped: 0.0123020 seconds, Stopping threads took: 0.0000132 seconds
2024-07-28T21:33:13.043+0800: 7.405: Application time: 0.0003772 seconds
2024-07-28T21:33:13.044+0800: 7.405: [GC (CMS Initial Mark) [1 CMS-initial-mark: 240277K(467800K)] 253957K(546456K), 0.0008018 secs] [Times: user=0.00 sys=0.00, real=0.00 secs] 
2024-07-28T21:33:13.044+0800: 7.406: Total time for which application threads were stopped: 0.0009543 seconds, Stopping threads took: 0.0001098 seconds
2024-07-28T21:33:13.044+0800: 7.406: [CMS-concurrent-mark-start]
2024-07-28T21:33:13.045+0800: 7.407: [CMS-concurrent-mark: 0.001/0.001 secs] [Times: user=0.00 sys=0.00, real=0.00 secs] 
2024-07-28T21:33:13.046+0800: 7.407: [CMS-concurrent-preclean-start]
2024-07-28T21:33:13.046+0800: 7.408: [CMS-concurrent-preclean: 0.001/0.001 secs] [Times: user=0.00 sys=0.00, real=0.00 secs] 
2024-07-28T21:33:13.046+0800: 7.408: [CMS-concurrent-abortable-preclean-start]
2024-07-28T21:33:13.163+0800: 7.524: Application time: 0.1185760 seconds
2024-07-28T21:33:13.163+0800: 7.524: [GC (Allocation Failure) 2024-07-28T21:33:13.163+0800: 7.524: [ParNew: 77168K->8192K(78656K), 0.0124720 secs] 317446K->317078K(546456K), 0.0125321 secs] [Times: user=0.00 sys=0.00, real=0.01 secs] 
2024-07-28T21:33:13.176+0800: 7.537: Total time for which application threads were stopped: 0.0126422 seconds, Stopping threads took: 0.0000208 seconds
2024-07-28T21:33:13.286+0800: 7.648: Application time: 0.1107856 seconds
2024-07-28T21:33:13.286+0800: 7.648: [GC (Allocation Failure) 2024-07-28T21:33:13.286+0800: 7.648: [ParNew: 77168K->8192K(78656K), 0.0052935 secs] 386055K->335510K(546456K), 0.0053538 secs] [Times: user=0.00 sys=0.00, real=0.00 secs] 
2024-07-28T21:33:13.291+0800: 7.653: Total time for which application threads were stopped: 0.0054639 seconds, Stopping threads took: 0.0000196 seconds
2024-07-28T21:33:13.291+0800: 7.653: [CMS-concurrent-abortable-preclean: 0.005/0.246 secs] [Times: user=0.08 sys=0.00, real=0.24 secs] 
2024-07-28T21:33:13.292+0800: 7.654: Application time: 0.0004129 seconds
2024-07-28T21:33:13.292+0800: 7.654: [GC (CMS Final Remark) [YG occupancy: 13679 K (78656 K)]2024-07-28T21:33:13.292+0800: 7.654: [Rescan (parallel) , 0.0007835 secs]2024-07-28T21:33:13.293+0800: 7.655: [weak refs processing, 0.0000125 secs]2024-07-28T21:33:13.293+0800: 7.655: [class unloading, 0.0002314 secs]2024-07-28T21:33:13.293+0800: 7.655: [scrub symbol table, 0.0003448 secs]2024-07-28T21:33:13.293+0800: 7.655: [scrub string table, 0.0001000 secs][1 CMS-remark: 327318K(467800K)] 340998K(546456K), 0.0015347 secs] [Times: user=0.00 sys=0.00, real=0.00 secs] 
2024-07-28T21:33:13.293+0800: 7.655: Total time for which application threads were stopped: 0.0016551 seconds, Stopping threads took: 0.0000845 seconds
2024-07-28T21:33:13.294+0800: 7.656: [CMS-concurrent-sweep-start]
2024-07-28T21:33:13.295+0800: 7.657: [CMS-concurrent-sweep: 0.001/0.001 secs] [Times: user=0.00 sys=0.00, real=0.00 secs] 
2024-07-28T21:33:13.295+0800: 7.657: [CMS-concurrent-reset-start]
2024-07-28T21:33:13.297+0800: 7.659: [CMS-concurrent-reset: 0.001/0.001 secs] [Times: user=0.00 sys=0.00, real=0.00 secs] 
2024-07-28T21:33:13.298+0800: 7.660: Application time: 0.0047063 seconds
2024-07-28T21:33:13.298+0800: 7.660: [GC (Allocation Failure) 2024-07-28T21:33:13.298+0800: 7.660: [ParNew: 77168K->8192K(78656K), 0.0122970 secs] 250885K->250517K(546456K), 0.0123471 secs] [Times: user=0.03 sys=0.00, real=0.01 secs] 
2024-07-28T21:33:13.311+0800: 7.672: Total time for which application threads were stopped: 0.0124412 seconds, Stopping threads took: 0.0000125 seconds
2024-07-28T21:33:13.311+0800: 7.673: Application time: 0.0002287 seconds
2024-07-28T21:33:13.311+0800: 7.673: [GC (CMS Initial Mark) [1 CMS-initial-mark: 242325K(467800K)] 253957K(546456K), 0.0008530 secs] [Times: user=0.00 sys=0.00, real=0.00 secs] 
2024-07-28T21:33:13.312+0800: 7.674: Total time for which application threads were stopped: 0.0010478 seconds, Stopping threads took: 0.0001531 seconds
2024-07-28T21:33:13.312+0800: 7.674: [CMS-concurrent-mark-start]
2024-07-28T21:33:13.313+0800: 7.675: [CMS-concurrent-mark: 0.001/0.001 secs] [Times: user=0.00 sys=0.00, real=0.00 secs] 
2024-07-28T21:33:13.313+0800: 7.675: [CMS-concurrent-preclean-start]
2024-07-28T21:33:13.314+0800: 7.676: [CMS-concurrent-preclean: 0.001/0.001 secs] [Times: user=0.00 sys=0.00, real=0.00 secs] 
2024-07-28T21:33:13.314+0800: 7.676: [CMS-concurrent-abortable-preclean-start]
2024-07-28T21:33:13.430+0800: 7.791: Application time: 0.1175368 seconds
2024-07-28T21:33:13.430+0800: 7.791: [GC (Allocation Failure) 2024-07-28T21:33:13.430+0800: 7.791: [ParNew: 77168K->8192K(78656K), 0.0120799 secs] 319494K->319126K(546456K), 0.0121590 secs] [Times: user=0.03 sys=0.00, real=0.01 secs] 
2024-07-28T21:33:13.442+0800: 7.804: Total time for which application threads were stopped: 0.0123090 seconds, Stopping threads took: 0.0000233 seconds
2024-07-28T21:33:13.553+0800: 7.915: Application time: 0.1114212 seconds
2024-07-28T21:33:13.553+0800: 7.915: [GC (Allocation Failure) 2024-07-28T21:33:13.554+0800: 7.915: [ParNew: 77168K->8192K(78656K), 0.0052994 secs] 388103K->338582K(546456K), 0.0053700 secs] [Times: user=0.00 sys=0.00, real=0.01 secs] 
2024-07-28T21:33:13.559+0800: 7.921: Total time for which application threads were stopped: 0.0055169 seconds, Stopping threads took: 0.0000291 seconds
2024-07-28T21:33:13.559+0800: 7.921: [CMS-concurrent-abortable-preclean: 0.005/0.245 secs] [Times: user=0.03 sys=0.00, real=0.25 secs] 
2024-07-28T21:33:13.559+0800: 7.921: Application time: 0.0002983 seconds
2024-07-28T21:33:13.559+0800: 7.921: [GC (CMS Final Remark) [YG occupancy: 12655 K (78656 K)]2024-07-28T21:33:13.559+0800: 7.921: [Rescan (parallel) , 0.0010418 secs]2024-07-28T21:33:13.560+0800: 7.922: [weak refs processing, 0.0000179 secs]2024-07-28T21:33:13.560+0800: 7.922: [class unloading, 0.0002238 secs]2024-07-28T21:33:13.561+0800: 7.922: [scrub symbol table, 0.0003432 secs]2024-07-28T21:33:13.561+0800: 7.923: [scrub string table, 0.0001019 secs][1 CMS-remark: 330390K(467800K)] 343046K(546456K), 0.0018031 secs] [Times: user=0.00 sys=0.00, real=0.00 secs] 
2024-07-28T21:33:13.561+0800: 7.923: Total time for which application threads were stopped: 0.0019653 seconds, Stopping threads took: 0.0001254 seconds
2024-07-28T21:33:13.561+0800: 7.923: [CMS-concurrent-sweep-start]
2024-07-28T21:33:13.563+0800: 7.924: [CMS-concurrent-sweep: 0.001/0.001 secs] [Times: user=0.00 sys=0.00, real=0.00 secs] 
2024-07-28T21:33:13.563+0800: 7.924: [CMS-concurrent-reset-start]
2024-07-28T21:33:13.564+0800: 7.925: [CMS-concurrent-reset: 0.001/0.001 secs] [Times: user=0.00 sys=0.00, real=0.00 secs] 
2024-07-28T21:33:13.566+0800: 7.928: Application time: 0.0047838 seconds
2024-07-28T21:33:13.566+0800: 7.928: [GC (Allocation Failure) 2024-07-28T21:33:13.566+0800: 7.928: [ParNew: 77168K->8192K(78656K), 0.0129325 secs] 252933K->252565K(546456K), 0.0129803 secs] [Times: user=0.13 sys=0.00, real=0.01 secs] 
2024-07-28T21:33:13.579+0800: 7.941: Total time for which application threads were stopped: 0.0130756 seconds, Stopping threads took: 0.0000125 seconds
2024-07-28T21:33:13.579+0800: 7.941: Application time: 0.0002281 seconds
2024-07-28T21:33:13.579+0800: 7.941: [GC (CMS Initial Mark) [1 CMS-initial-mark: 244373K(467800K)] 256005K(546456K), 0.0006786 secs] [Times: user=0.00 sys=0.00, real=0.00 secs] 
2024-07-28T21:33:13.580+0800: 7.942: Total time for which application threads were stopped: 0.0008886 seconds, Stopping threads took: 0.0001635 seconds
2024-07-28T21:33:13.580+0800: 7.942: [CMS-concurrent-mark-start]
2024-07-28T21:33:13.581+0800: 7.943: [CMS-concurrent-mark: 0.001/0.001 secs] [Times: user=0.00 sys=0.00, real=0.00 secs] 
2024-07-28T21:33:13.581+0800: 7.943: [CMS-concurrent-preclean-start]
2024-07-28T21:33:13.582+0800: 7.944: [CMS-concurrent-preclean: 0.001/0.001 secs] [Times: user=0.00 sys=0.00, real=0.00 secs] 
2024-07-28T21:33:13.582+0800: 7.944: [CMS-concurrent-abortable-preclean-start]
2024-07-28T21:33:13.697+0800: 8.059: Application time: 0.1172840 seconds
2024-07-28T21:33:13.697+0800: 8.059: [GC (Allocation Failure) 2024-07-28T21:33:13.697+0800: 8.059: [ParNew: 77168K->8192K(78656K), 0.0120654 secs] 321542K->321174K(546456K), 0.0121250 secs] [Times: user=0.03 sys=0.00, real=0.01 secs] 
2024-07-28T21:33:13.710+0800: 8.071: Total time for which application threads were stopped: 0.0122492 seconds, Stopping threads took: 0.0000327 seconds
2024-07-28T21:33:13.822+0800: 8.183: Application time: 0.1117446 seconds
2024-07-28T21:33:13.822+0800: 8.183: [GC (Allocation Failure) 2024-07-28T21:33:13.822+0800: 8.183: [ParNew: 77168K->8192K(78656K), 0.0051612 secs] 390151K->341654K(546456K), 0.0052224 secs] [Times: user=0.00 sys=0.00, real=0.00 secs] 
2024-07-28T21:33:13.827+0800: 8.188: Total time for which application threads were stopped: 0.0053466 seconds, Stopping threads took: 0.0000193 seconds
2024-07-28T21:33:13.827+0800: 8.188: [CMS-concurrent-abortable-preclean: 0.006/0.245 secs] [Times: user=0.05 sys=0.00, real=0.24 secs] 
2024-07-28T21:33:13.827+0800: 8.189: Application time: 0.0002672 seconds
2024-07-28T21:33:13.827+0800: 8.189: [GC (CMS Final Remark) [YG occupancy: 11631 K (78656 K)]2024-07-28T21:33:13.827+0800: 8.189: [Rescan (parallel) , 0.0010233 secs]2024-07-28T21:33:13.828+0800: 8.190: [weak refs processing, 0.0000129 secs]2024-07-28T21:33:13.828+0800: 8.190: [class unloading, 0.0002353 secs]2024-07-28T21:33:13.829+0800: 8.190: [scrub symbol table, 0.0003677 secs]2024-07-28T21:33:13.829+0800: 8.191: [scrub string table, 0.0001033 secs][1 CMS-remark: 333462K(467800K)] 345094K(546456K), 0.0018075 secs] [Times: user=0.00 sys=0.00, real=0.00 secs] 
2024-07-28T21:33:13.829+0800: 8.191: Total time for which application threads were stopped: 0.0019611 seconds, Stopping threads took: 0.0001147 seconds
2024-07-28T21:33:13.829+0800: 8.191: [CMS-concurrent-sweep-start]
2024-07-28T21:33:13.830+0800: 8.192: [CMS-concurrent-sweep: 0.001/0.001 secs] [Times: user=0.00 sys=0.00, real=0.00 secs] 
2024-07-28T21:33:13.831+0800: 8.192: [CMS-concurrent-reset-start]
2024-07-28T21:33:13.832+0800: 8.193: [CMS-concurrent-reset: 0.001/0.001 secs] [Times: user=0.00 sys=0.00, real=0.00 secs] 
2024-07-28T21:33:13.834+0800: 8.196: Application time: 0.0049644 seconds
2024-07-28T21:33:13.834+0800: 8.196: [GC (Allocation Failure) 2024-07-28T21:33:13.834+0800: 8.196: [ParNew: 77168K->8192K(78656K), 0.0147412 secs] 254981K->254613K(546456K), 0.0147889 secs] [Times: user=0.03 sys=0.00, real=0.01 secs] 
2024-07-28T21:33:13.849+0800: 8.211: Total time for which application threads were stopped: 0.0148864 seconds, Stopping threads took: 0.0000146 seconds
2024-07-28T21:33:13.849+0800: 8.211: Application time: 0.0001551 seconds
2024-07-28T21:33:13.849+0800: 8.211: [GC (CMS Initial Mark) [1 CMS-initial-mark: 246421K(467800K)] 258053K(546456K), 0.0005848 secs] [Times: user=0.00 sys=0.00, real=0.00 secs] 
2024-07-28T21:33:13.850+0800: 8.211: Total time for which application threads were stopped: 0.0007146 seconds, Stopping threads took: 0.0000864 seconds
2024-07-28T21:33:13.850+0800: 8.211: [CMS-concurrent-mark-start]
2024-07-28T21:33:13.851+0800: 8.213: [CMS-concurrent-mark: 0.001/0.001 secs] [Times: user=0.00 sys=0.00, real=0.00 secs] 
2024-07-28T21:33:13.851+0800: 8.213: [CMS-concurrent-preclean-start]
2024-07-28T21:33:13.852+0800: 8.213: [CMS-concurrent-preclean: 0.001/0.001 secs] [Times: user=0.00 sys=0.00, real=0.00 secs] 
2024-07-28T21:33:13.852+0800: 8.213: [CMS-concurrent-abortable-preclean-start]
2024-07-28T21:33:13.964+0800: 8.325: Application time: 0.1140418 seconds
2024-07-28T21:33:13.964+0800: 8.325: [GC (Allocation Failure) 2024-07-28T21:33:13.964+0800: 8.326: [ParNew: 77168K->8192K(78656K), 0.0124507 secs] 323590K->323222K(546456K), 0.0125072 secs] [Times: user=0.03 sys=0.00, real=0.01 secs] 
2024-07-28T21:33:13.977+0800: 8.338: Total time for which application threads were stopped: 0.0126224 seconds, Stopping threads took: 0.0000197 seconds
2024-07-28T21:33:14.089+0800: 8.450: Application time: 0.1119628 seconds
2024-07-28T21:33:14.089+0800: 8.450: [GC (Allocation Failure) 2024-07-28T21:33:14.089+0800: 8.450: [ParNew: 77168K->8192K(78656K), 0.0057660 secs] 392199K->344726K(546456K), 0.0058258 secs] [Times: user=0.00 sys=0.00, real=0.01 secs] 
2024-07-28T21:33:14.095+0800: 8.456: Total time for which application threads were stopped: 0.0059407 seconds, Stopping threads took: 0.0000182 seconds
2024-07-28T21:33:14.095+0800: 8.456: [CMS-concurrent-abortable-preclean: 0.005/0.243 secs] [Times: user=0.03 sys=0.00, real=0.24 secs] 
2024-07-28T21:33:14.095+0800: 8.456: Application time: 0.0002950 seconds
2024-07-28T21:33:14.095+0800: 8.456: [GC (CMS Final Remark) [YG occupancy: 12655 K (78656 K)]2024-07-28T21:33:14.095+0800: 8.456: [Rescan (parallel) , 0.0008768 secs]2024-07-28T21:33:14.096+0800: 8.457: [weak refs processing, 0.0000128 secs]2024-07-28T21:33:14.096+0800: 8.457: [class unloading, 0.0002230 secs]2024-07-28T21:33:14.096+0800: 8.458: [scrub symbol table, 0.0003787 secs]2024-07-28T21:33:14.097+0800: 8.458: [scrub string table, 0.0001064 secs][1 CMS-remark: 336534K(467800K)] 349190K(546456K), 0.0016617 secs] [Times: user=0.00 sys=0.00, real=0.00 secs] 
2024-07-28T21:33:14.097+0800: 8.458: Total time for which application threads were stopped: 0.0018387 seconds, Stopping threads took: 0.0001409 seconds
2024-07-28T21:33:14.097+0800: 8.458: [CMS-concurrent-sweep-start]
2024-07-28T21:33:14.099+0800: 8.460: [CMS-concurrent-sweep: 0.002/0.002 secs] [Times: user=0.03 sys=0.00, real=0.00 secs] 
2024-07-28T21:33:14.099+0800: 8.460: [CMS-concurrent-reset-start]
2024-07-28T21:33:14.100+0800: 8.461: [CMS-concurrent-reset: 0.001/0.001 secs] [Times: user=0.00 sys=0.00, real=0.00 secs] 
2024-07-28T21:33:14.102+0800: 8.463: Application time: 0.0048317 seconds
2024-07-28T21:33:14.102+0800: 8.463: [GC (Allocation Failure) 2024-07-28T21:33:14.102+0800: 8.463: [ParNew: 77168K->8192K(78656K), 0.0121749 secs] 257029K->256661K(546456K), 0.0122236 secs] [Times: user=0.00 sys=0.02, real=0.01 secs] 
2024-07-28T21:33:14.114+0800: 8.475: Total time for which application threads were stopped: 0.0123184 seconds, Stopping threads took: 0.0000131 seconds
2024-07-28T21:33:14.114+0800: 8.475: Application time: 0.0002378 seconds
2024-07-28T21:33:14.114+0800: 8.476: [GC (CMS Initial Mark) [1 CMS-initial-mark: 248469K(467800K)] 260101K(546456K), 0.0007231 secs] [Times: user=0.00 sys=0.00, real=0.00 secs] 
2024-07-28T21:33:14.115+0800: 8.476: Total time for which application threads were stopped: 0.0009255 seconds, Stopping threads took: 0.0001603 seconds
2024-07-28T21:33:14.115+0800: 8.477: [CMS-concurrent-mark-start]
2024-07-28T21:33:14.116+0800: 8.477: [CMS-concurrent-mark: 0.001/0.001 secs] [Times: user=0.00 sys=0.00, real=0.00 secs] 
2024-07-28T21:33:14.116+0800: 8.478: [CMS-concurrent-preclean-start]
2024-07-28T21:33:14.117+0800: 8.478: [CMS-concurrent-preclean: 0.001/0.001 secs] [Times: user=0.00 sys=0.00, real=0.00 secs] 
2024-07-28T21:33:14.117+0800: 8.478: [CMS-concurrent-abortable-preclean-start]
2024-07-28T21:33:14.233+0800: 8.595: Application time: 0.1181489 seconds
2024-07-28T21:33:14.233+0800: 8.595: [GC (Allocation Failure) 2024-07-28T21:33:14.233+0800: 8.595: [ParNew: 77168K->8192K(78656K), 0.0124555 secs] 325638K->325270K(546456K), 0.0125337 secs] [Times: user=0.03 sys=0.00, real=0.01 secs] 
2024-07-28T21:33:14.246+0800: 8.607: Total time for which application threads were stopped: 0.0126445 seconds, Stopping threads took: 0.0000195 seconds
2024-07-28T21:33:14.354+0800: 8.716: Application time: 0.1088490 seconds
2024-07-28T21:33:14.354+0800: 8.716: [GC (Allocation Failure) 2024-07-28T21:33:14.355+0800: 8.716: [ParNew: 77168K->8192K(78656K), 0.0058132 secs] 394247K->347798K(546456K), 0.0058787 secs] [Times: user=0.00 sys=0.00, real=0.01 secs] 
2024-07-28T21:33:14.360+0800: 8.722: Total time for which application threads were stopped: 0.0059902 seconds, Stopping threads took: 0.0000197 seconds
2024-07-28T21:33:14.360+0800: 8.722: [CMS-concurrent-abortable-preclean: 0.005/0.244 secs] [Times: user=0.03 sys=0.00, real=0.24 secs] 
2024-07-28T21:33:14.361+0800: 8.722: Application time: 0.0001837 seconds
2024-07-28T21:33:14.361+0800: 8.722: [GC (CMS Final Remark) [YG occupancy: 11631 K (78656 K)]2024-07-28T21:33:14.361+0800: 8.722: [Rescan (parallel) , 0.0008000 secs]2024-07-28T21:33:14.362+0800: 8.723: [weak refs processing, 0.0000129 secs]2024-07-28T21:33:14.362+0800: 8.723: [class unloading, 0.0002474 secs]2024-07-28T21:33:14.362+0800: 8.723: [scrub symbol table, 0.0003458 secs]2024-07-28T21:33:14.362+0800: 8.724: [scrub string table, 0.0001000 secs][1 CMS-remark: 339606K(467800K)] 351238K(546456K), 0.0015709 secs] [Times: user=0.00 sys=0.00, real=0.00 secs] 
2024-07-28T21:33:14.362+0800: 8.724: Total time for which application threads were stopped: 0.0016992 seconds, Stopping threads took: 0.0000877 seconds
2024-07-28T21:33:14.363+0800: 8.724: [CMS-concurrent-sweep-start]
2024-07-28T21:33:14.364+0800: 8.726: [CMS-concurrent-sweep: 0.001/0.001 secs] [Times: user=0.03 sys=0.00, real=0.00 secs] 
2024-07-28T21:33:14.364+0800: 8.726: [CMS-concurrent-reset-start]
2024-07-28T21:33:14.365+0800: 8.727: [CMS-concurrent-reset: 0.001/0.001 secs] [Times: user=0.00 sys=0.00, real=0.00 secs] 
2024-07-28T21:33:14.367+0800: 8.729: Application time: 0.0048642 seconds
2024-07-28T21:33:14.367+0800: 8.729: [GC (Allocation Failure) 2024-07-28T21:33:14.367+0800: 8.729: [ParNew: 77168K->8192K(78656K), 0.0124825 secs] 259077K->258709K(546456K), 0.0125315 secs] [Times: user=0.03 sys=0.00, real=0.01 secs] 
2024-07-28T21:33:14.380+0800: 8.741: Total time for which application threads were stopped: 0.0126271 seconds, Stopping threads took: 0.0000136 seconds
2024-07-28T21:33:14.380+0800: 8.742: Application time: 0.0002442 seconds
2024-07-28T21:33:14.380+0800: 8.742: [GC (CMS Initial Mark) [1 CMS-initial-mark: 250517K(467800K)] 262149K(546456K), 0.0008584 secs] [Times: user=0.00 sys=0.00, real=0.00 secs] 
2024-07-28T21:33:14.381+0800: 8.743: Total time for which application threads were stopped: 0.0010397 seconds, Stopping threads took: 0.0001400 seconds
2024-07-28T21:33:14.381+0800: 8.743: [CMS-concurrent-mark-start]
2024-07-28T21:33:14.382+0800: 8.744: [CMS-concurrent-mark: 0.001/0.001 secs] [Times: user=0.00 sys=0.00, real=0.00 secs] 
2024-07-28T21:33:14.382+0800: 8.744: [CMS-concurrent-preclean-start]
2024-07-28T21:33:14.383+0800: 8.744: [CMS-concurrent-preclean: 0.001/0.001 secs] [Times: user=0.00 sys=0.00, real=0.00 secs] 
2024-07-28T21:33:14.383+0800: 8.744: [CMS-concurrent-abortable-preclean-start]
2024-07-28T21:33:14.499+0800: 8.861: Application time: 0.1181681 seconds
2024-07-28T21:33:14.499+0800: 8.861: [GC (Allocation Failure) 2024-07-28T21:33:14.499+0800: 8.861: [ParNew: 77168K->8192K(78656K), 0.0121938 secs] 327686K->327318K(546456K), 0.0122528 secs] [Times: user=0.03 sys=0.00, real=0.01 secs] 
2024-07-28T21:33:14.512+0800: 8.873: Total time for which application threads were stopped: 0.0123619 seconds, Stopping threads took: 0.0000196 seconds
2024-07-28T21:33:14.623+0800: 8.985: Application time: 0.1113671 seconds
2024-07-28T21:33:14.623+0800: 8.985: [GC (Allocation Failure) 2024-07-28T21:33:14.623+0800: 8.985: [ParNew: 77168K->8192K(78656K), 0.0056474 secs] 396295K->350870K(546456K), 0.0057120 secs] [Times: user=0.00 sys=0.00, real=0.01 secs] 
2024-07-28T21:33:14.629+0800: 8.990: Total time for which application threads were stopped: 0.0058211 seconds, Stopping threads took: 0.0000200 seconds
2024-07-28T21:33:14.629+0800: 8.991: [CMS-concurrent-abortable-preclean: 0.006/0.246 secs] [Times: user=0.03 sys=0.00, real=0.25 secs] 
2024-07-28T21:33:14.629+0800: 8.991: Application time: 0.0002912 seconds
2024-07-28T21:33:14.629+0800: 8.991: [GC (CMS Final Remark) [YG occupancy: 12655 K (78656 K)]2024-07-28T21:33:14.629+0800: 8.991: [Rescan (parallel) , 0.0007587 secs]2024-07-28T21:33:14.630+0800: 8.992: [weak refs processing, 0.0000127 secs]2024-07-28T21:33:14.630+0800: 8.992: [class unloading, 0.0002349 secs]2024-07-28T21:33:14.631+0800: 8.992: [scrub symbol table, 0.0003436 secs]2024-07-28T21:33:14.631+0800: 8.992: [scrub string table, 0.0000987 secs][1 CMS-remark: 342678K(467800K)] 355334K(546456K), 0.0015124 secs] [Times: user=0.02 sys=0.00, real=0.00 secs] 
2024-07-28T21:33:14.631+0800: 8.992: Total time for which application threads were stopped: 0.0017012 seconds, Stopping threads took: 0.0001503 seconds
2024-07-28T21:33:14.631+0800: 8.993: [CMS-concurrent-sweep-start]
2024-07-28T21:33:14.633+0800: 8.994: [CMS-concurrent-sweep: 0.002/0.002 secs] [Times: user=0.00 sys=0.00, real=0.00 secs] 
2024-07-28T21:33:14.633+0800: 8.994: [CMS-concurrent-reset-start]
2024-07-28T21:33:14.634+0800: 8.996: [CMS-concurrent-reset: 0.001/0.001 secs] [Times: user=0.00 sys=0.00, real=0.00 secs] 
2024-07-28T21:33:14.636+0800: 8.997: Application time: 0.0047482 seconds
2024-07-28T21:33:14.636+0800: 8.997: [GC (Allocation Failure) 2024-07-28T21:33:14.636+0800: 8.997: [ParNew: 77168K->8192K(78656K), 0.0137721 secs] 261125K->260757K(546456K), 0.0138363 secs] [Times: user=0.03 sys=0.00, real=0.01 secs] 
2024-07-28T21:33:14.650+0800: 9.011: Total time for which application threads were stopped: 0.0139644 seconds, Stopping threads took: 0.0000135 seconds
2024-07-28T21:33:14.650+0800: 9.011: Application time: 0.0000835 seconds
2024-07-28T21:33:14.650+0800: 9.011: [GC (CMS Initial Mark) [1 CMS-initial-mark: 252565K(467800K)] 261781K(546456K), 0.0001657 secs] [Times: user=0.00 sys=0.00, real=0.00 secs] 
2024-07-28T21:33:14.650+0800: 9.012: Total time for which application threads were stopped: 0.0002792 seconds, Stopping threads took: 0.0000650 seconds
2024-07-28T21:33:14.650+0800: 9.012: [CMS-concurrent-mark-start]
2024-07-28T21:33:14.652+0800: 9.013: [CMS-concurrent-mark: 0.001/0.001 secs] [Times: user=0.00 sys=0.00, real=0.00 secs] 
2024-07-28T21:33:14.652+0800: 9.013: [CMS-concurrent-preclean-start]
2024-07-28T21:33:14.653+0800: 9.014: [CMS-concurrent-preclean: 0.001/0.001 secs] [Times: user=0.00 sys=0.00, real=0.00 secs] 
2024-07-28T21:33:14.653+0800: 9.014: [CMS-concurrent-abortable-preclean-start]
2024-07-28T21:33:14.766+0800: 9.127: Application time: 0.1158385 seconds
2024-07-28T21:33:14.766+0800: 9.127: [GC (Allocation Failure) 2024-07-28T21:33:14.767+0800: 9.127: [ParNew: 77168K->8192K(78656K), 0.0129096 secs] 329734K->329366K(546456K), 0.0129721 secs] [Times: user=0.03 sys=0.00, real=0.01 secs] 
2024-07-28T21:33:14.780+0800: 9.140: Total time for which application threads were stopped: 0.0130937 seconds, Stopping threads took: 0.0000198 seconds
2024-07-28T21:33:14.890+0800: 9.251: Application time: 0.1107572 seconds
2024-07-28T21:33:14.890+0800: 9.251: [GC (Allocation Failure) 2024-07-28T21:33:14.890+0800: 9.251: [ParNew: 77168K->8192K(78656K), 0.0056634 secs] 398343K->353943K(546456K), 0.0057226 secs] [Times: user=0.03 sys=0.00, real=0.01 secs] 
2024-07-28T21:33:14.896+0800: 9.257: Total time for which application threads were stopped: 0.0058505 seconds, Stopping threads took: 0.0000197 seconds
2024-07-28T21:33:14.896+0800: 9.257: [CMS-concurrent-abortable-preclean: 0.005/0.243 secs] [Times: user=0.06 sys=0.00, real=0.24 secs] 
2024-07-28T21:33:14.896+0800: 9.257: Application time: 0.0002987 seconds
2024-07-28T21:33:14.897+0800: 9.258: [GC (CMS Final Remark) [YG occupancy: 12655 K (78656 K)]2024-07-28T21:33:14.897+0800: 9.258: [Rescan (parallel) , 0.0007668 secs]2024-07-28T21:33:14.897+0800: 9.258: [weak refs processing, 0.0000126 secs]2024-07-28T21:33:14.897+0800: 9.258: [class unloading, 0.0002347 secs]2024-07-28T21:33:14.898+0800: 9.259: [scrub symbol table, 0.0003410 secs]2024-07-28T21:33:14.898+0800: 9.259: [scrub string table, 0.0000994 secs][1 CMS-remark: 345750K(467800K)] 358406K(546456K), 0.0015224 secs] [Times: user=0.00 sys=0.00, real=0.00 secs] 
2024-07-28T21:33:14.898+0800: 9.259: Total time for which application threads were stopped: 0.0017169 seconds, Stopping threads took: 0.0001578 seconds
2024-07-28T21:33:14.898+0800: 9.259: [CMS-concurrent-sweep-start]
2024-07-28T21:33:14.900+0800: 9.261: [CMS-concurrent-sweep: 0.002/0.002 secs] [Times: user=0.00 sys=0.00, real=0.00 secs] 
2024-07-28T21:33:14.900+0800: 9.261: [CMS-concurrent-reset-start]
2024-07-28T21:33:14.901+0800: 9.262: [CMS-concurrent-reset: 0.001/0.001 secs] [Times: user=0.00 sys=0.00, real=0.00 secs] 
2024-07-28T21:33:14.903+0800: 9.264: Application time: 0.0049480 seconds
2024-07-28T21:33:14.903+0800: 9.264: [GC (Allocation Failure) 2024-07-28T21:33:14.903+0800: 9.264: [ParNew: 77168K->8192K(78656K), 0.0124789 secs] 263173K->262805K(546456K), 0.0125301 secs] [Times: user=0.03 sys=0.00, real=0.01 secs] 
2024-07-28T21:33:14.916+0800: 9.277: Total time for which application threads were stopped: 0.0126483 seconds, Stopping threads took: 0.0000210 seconds
2024-07-28T21:33:14.916+0800: 9.277: Application time: 0.0002034 seconds
2024-07-28T21:33:14.916+0800: 9.277: [GC (CMS Initial Mark) [1 CMS-initial-mark: 254613K(467800K)] 265221K(546456K), 0.0007007 secs] [Times: user=0.00 sys=0.00, real=0.00 secs] 
2024-07-28T21:33:14.917+0800: 9.278: Total time for which application threads were stopped: 0.0007637 seconds, Stopping threads took: 0.0000151 seconds
2024-07-28T21:33:14.917+0800: 9.278: [CMS-concurrent-mark-start]
2024-07-28T21:33:14.918+0800: 9.279: [CMS-concurrent-mark: 0.001/0.001 secs] [Times: user=0.00 sys=0.00, real=0.00 secs] 
2024-07-28T21:33:14.918+0800: 9.279: [CMS-concurrent-preclean-start]
2024-07-28T21:33:14.918+0800: 9.279: [CMS-concurrent-preclean: 0.001/0.001 secs] [Times: user=0.00 sys=0.00, real=0.00 secs] 
2024-07-28T21:33:14.918+0800: 9.279: [CMS-concurrent-abortable-preclean-start]
2024-07-28T21:33:15.033+0800: 9.395: Application time: 0.1175238 seconds
2024-07-28T21:33:15.034+0800: 9.395: [GC (Allocation Failure) 2024-07-28T21:33:15.034+0800: 9.395: [ParNew: 77168K->8192K(78656K), 0.0121587 secs] 331782K->331414K(546456K), 0.0122186 secs] [Times: user=0.03 sys=0.00, real=0.01 secs] 
2024-07-28T21:33:15.046+0800: 9.408: Total time for which application threads were stopped: 0.0123394 seconds, Stopping threads took: 0.0000193 seconds
2024-07-28T21:33:15.158+0800: 9.519: Application time: 0.1110231 seconds
2024-07-28T21:33:15.158+0800: 9.519: [GC (Allocation Failure) 2024-07-28T21:33:15.158+0800: 9.519: [ParNew: 77171K->8192K(78656K), 0.0060470 secs] 400393K->357015K(546456K), 0.0061118 secs] [Times: user=0.03 sys=0.00, real=0.01 secs] 
2024-07-28T21:33:15.164+0800: 9.525: Total time for which application threads were stopped: 0.0062198 seconds, Stopping threads took: 0.0000185 seconds
2024-07-28T21:33:15.164+0800: 9.525: [CMS-concurrent-abortable-preclean: 0.005/0.246 secs] [Times: user=0.08 sys=0.00, real=0.25 secs] 
2024-07-28T21:33:15.164+0800: 9.525: Application time: 0.0003061 seconds
2024-07-28T21:33:15.164+0800: 9.525: [GC (CMS Final Remark) [YG occupancy: 12650 K (78656 K)]2024-07-28T21:33:15.164+0800: 9.525: [Rescan (parallel) , 0.0008478 secs]2024-07-28T21:33:15.165+0800: 9.526: [weak refs processing, 0.0000128 secs]2024-07-28T21:33:15.165+0800: 9.526: [class unloading, 0.0002986 secs]2024-07-28T21:33:15.165+0800: 9.526: [scrub symbol table, 0.0003577 secs]2024-07-28T21:33:15.166+0800: 9.527: [scrub string table, 0.0000994 secs][1 CMS-remark: 348822K(467800K)] 361473K(546456K), 0.0016811 secs] [Times: user=0.00 sys=0.00, real=0.00 secs] 
2024-07-28T21:33:15.166+0800: 9.527: Total time for which application threads were stopped: 0.0017793 seconds, Stopping threads took: 0.0000487 seconds
2024-07-28T21:33:15.166+0800: 9.527: [CMS-concurrent-sweep-start]
2024-07-28T21:33:15.167+0800: 9.528: [CMS-concurrent-sweep: 0.001/0.001 secs] [Times: user=0.00 sys=0.00, real=0.00 secs] 
2024-07-28T21:33:15.167+0800: 9.528: [CMS-concurrent-reset-start]
2024-07-28T21:33:15.169+0800: 9.530: [CMS-concurrent-reset: 0.001/0.001 secs] [Times: user=0.00 sys=0.00, real=0.00 secs] 
2024-07-28T21:33:15.281+0800: 9.642: Application time: 0.1148855 seconds
2024-07-28T21:33:15.281+0800: 9.642: [GC (Allocation Failure) 2024-07-28T21:33:15.281+0800: 9.642: [ParNew: 77163K->8192K(78656K), 0.0121405 secs] 265215K->264853K(546456K), 0.0122024 secs] [Times: user=0.03 sys=0.00, real=0.01 secs] 
2024-07-28T21:33:15.292+0800: 9.654: Total time for which application threads were stopped: 0.0123146 seconds, Stopping threads took: 0.0000197 seconds
2024-07-28T21:33:15.292+0800: 9.654: Application time: 0.0001326 seconds
2024-07-28T21:33:15.293+0800: 9.654: [GC (CMS Initial Mark) [1 CMS-initial-mark: 256661K(467800K)] 268289K(546456K), 0.0008180 secs] [Times: user=0.00 sys=0.00, real=0.00 secs] 
2024-07-28T21:33:15.293+0800: 9.655: Total time for which application threads were stopped: 0.0010345 seconds, Stopping threads took: 0.0001740 seconds
2024-07-28T21:33:15.294+0800: 9.655: [CMS-concurrent-mark-start]
2024-07-28T21:33:15.297+0800: 9.659: [CMS-concurrent-mark: 0.004/0.004 secs] [Times: user=0.00 sys=0.00, real=0.00 secs] 
2024-07-28T21:33:15.297+0800: 9.659: [CMS-concurrent-preclean-start]
2024-07-28T21:33:15.299+0800: 9.660: [CMS-concurrent-preclean: 0.001/0.001 secs] [Times: user=0.00 sys=0.00, real=0.00 secs] 
2024-07-28T21:33:15.299+0800: 9.660: Application time: 0.0051438 seconds
2024-07-28T21:33:15.299+0800: 9.660: [GC (Allocation Failure) 2024-07-28T21:33:15.299+0800: 9.660: [ParNew: 77165K->8192K(78656K), 0.0119324 secs] 333826K->333462K(546456K), 0.0119845 secs] [Times: user=0.03 sys=0.00, real=0.01 secs] 
2024-07-28T21:33:15.311+0800: 9.673: Total time for which application threads were stopped: 0.0120804 seconds, Stopping threads took: 0.0000133 seconds
2024-07-28T21:33:15.311+0800: 9.673: Application time: 0.0002939 seconds
2024-07-28T21:33:15.311+0800: 9.673: [GC (CMS Final Remark) [YG occupancy: 12653 K (78656 K)]2024-07-28T21:33:15.311+0800: 9.673: [Rescan (parallel) , 0.0008582 secs]2024-07-28T21:33:15.312+0800: 9.674: [weak refs processing, 0.0000127 secs]2024-07-28T21:33:15.312+0800: 9.674: [class unloading, 0.0002183 secs]2024-07-28T21:33:15.312+0800: 9.674: [scrub symbol table, 0.0003462 secs]2024-07-28T21:33:15.313+0800: 9.674: [scrub string table, 0.0001120 secs][1 CMS-remark: 325270K(467800K)] 337924K(546456K), 0.0016117 secs] [Times: user=0.00 sys=0.00, real=0.00 secs] 
2024-07-28T21:33:15.313+0800: 9.675: Total time for which application threads were stopped: 0.0017882 seconds, Stopping threads took: 0.0001395 seconds
2024-07-28T21:33:15.313+0800: 9.675: [CMS-concurrent-sweep-start]
2024-07-28T21:33:15.315+0800: 9.676: [CMS-concurrent-sweep: 0.002/0.002 secs] [Times: user=0.00 sys=0.00, real=0.00 secs] 
2024-07-28T21:33:15.315+0800: 9.677: [CMS-concurrent-reset-start]
2024-07-28T21:33:15.315+0800: 9.677: [CMS-concurrent-reset: 0.001/0.001 secs] [Times: user=0.00 sys=0.00, real=0.00 secs] 
2024-07-28T21:33:15.423+0800: 9.784: Application time: 0.1096807 seconds
2024-07-28T21:33:15.423+0800: 9.784: [GC (Allocation Failure) 2024-07-28T21:33:15.423+0800: 9.784: [ParNew: 77166K->8192K(78656K), 0.0063852 secs] 240642K->198292K(546456K), 0.0064606 secs] [Times: user=0.03 sys=0.00, real=0.01 secs] 
2024-07-28T21:33:15.429+0800: 9.791: Total time for which application threads were stopped: 0.0065749 seconds, Stopping threads took: 0.0000192 seconds
2024-07-28T21:33:15.548+0800: 9.909: Application time: 0.1183237 seconds
2024-07-28T21:33:15.548+0800: 9.909: [GC (Allocation Failure) 2024-07-28T21:33:15.548+0800: 9.909: [ParNew: 77167K->8192K(78656K), 0.0127356 secs] 267267K->266901K(546456K), 0.0128054 secs] [Times: user=0.03 sys=0.00, real=0.01 secs] 
2024-07-28T21:33:15.561+0800: 9.922: Total time for which application threads were stopped: 0.0129174 seconds, Stopping threads took: 0.0000190 seconds
2024-07-28T21:33:15.561+0800: 9.922: Application time: 0.0002529 seconds
2024-07-28T21:33:15.561+0800: 9.923: [GC (CMS Initial Mark) [1 CMS-initial-mark: 258709K(467800K)] 270340K(546456K), 0.0006920 secs] [Times: user=0.00 sys=0.00, real=0.00 secs] 
2024-07-28T21:33:15.562+0800: 9.923: Total time for which application threads were stopped: 0.0008595 seconds, Stopping threads took: 0.0001256 seconds
2024-07-28T21:33:15.562+0800: 9.923: [CMS-concurrent-mark-start]
2024-07-28T21:33:15.566+0800: 9.927: [CMS-concurrent-mark: 0.003/0.003 secs] [Times: user=0.00 sys=0.00, real=0.00 secs] 
2024-07-28T21:33:15.566+0800: 9.927: [CMS-concurrent-preclean-start]
2024-07-28T21:33:15.567+0800: 9.928: [CMS-concurrent-preclean: 0.001/0.001 secs] [Times: user=0.03 sys=0.00, real=0.00 secs] 
2024-07-28T21:33:15.567+0800: 9.928: Application time: 0.0049644 seconds
2024-07-28T21:33:15.567+0800: 9.928: [GC (Allocation Failure) 2024-07-28T21:33:15.567+0800: 9.928: [ParNew: 77167K->8192K(78656K), 0.0125447 secs] 335877K->335510K(546456K), 0.0125926 secs] [Times: user=0.00 sys=0.00, real=0.01 secs] 
2024-07-28T21:33:15.580+0800: 9.941: Total time for which application threads were stopped: 0.0126887 seconds, Stopping threads took: 0.0000133 seconds
2024-07-28T21:33:15.580+0800: 9.941: Application time: 0.0002805 seconds
2024-07-28T21:33:15.580+0800: 9.941: [GC (CMS Final Remark) [YG occupancy: 12655 K (78656 K)]2024-07-28T21:33:15.580+0800: 9.941: [Rescan (parallel) , 0.0010848 secs]2024-07-28T21:33:15.581+0800: 9.942: [weak refs processing, 0.0000129 secs]2024-07-28T21:33:15.581+0800: 9.942: [class unloading, 0.0002356 secs]2024-07-28T21:33:15.582+0800: 9.943: [scrub symbol table, 0.0003604 secs]2024-07-28T21:33:15.582+0800: 9.943: [scrub string table, 0.0001004 secs][1 CMS-remark: 327318K(467800K)] 339973K(546456K), 0.0018575 secs] [Times: user=0.00 sys=0.00, real=0.00 secs] 
2024-07-28T21:33:15.582+0800: 9.943: Total time for which application threads were stopped: 0.0019772 seconds, Stopping threads took: 0.0000831 seconds
2024-07-28T21:33:15.582+0800: 9.943: [CMS-concurrent-sweep-start]
2024-07-28T21:33:15.584+0800: 9.945: [CMS-concurrent-sweep: 0.002/0.002 secs] [Times: user=0.03 sys=0.00, real=0.00 secs] 
2024-07-28T21:33:15.584+0800: 9.945: [CMS-concurrent-reset-start]
2024-07-28T21:33:15.585+0800: 9.946: [CMS-concurrent-reset: 0.001/0.001 secs] [Times: user=0.00 sys=0.00, real=0.00 secs] 
2024-07-28T21:33:15.692+0800: 10.053: Application time: 0.1101824 seconds
2024-07-28T21:33:15.692+0800: 10.053: [GC (Allocation Failure) 2024-07-28T21:33:15.692+0800: 10.053: [ParNew: 77168K->8192K(78656K), 0.0061037 secs] 241668K->200340K(546456K), 0.0061688 secs] [Times: user=0.00 sys=0.01, real=0.01 secs] 
2024-07-28T21:33:15.698+0800: 10.060: Total time for which application threads were stopped: 0.0062783 seconds, Stopping threads took: 0.0000184 seconds
2024-07-28T21:33:15.816+0800: 10.177: Application time: 0.1175342 seconds
2024-07-28T21:33:15.816+0800: 10.177: [GC (Allocation Failure) 2024-07-28T21:33:15.816+0800: 10.177: [ParNew: 77168K->8192K(78656K), 0.0125227 secs] 269316K->268949K(546456K), 0.0125853 secs] [Times: user=0.03 sys=0.00, real=0.01 secs] 
2024-07-28T21:33:15.828+0800: 10.190: Total time for which application threads were stopped: 0.0127091 seconds, Stopping threads took: 0.0000274 seconds
2024-07-28T21:33:15.833+0800: 10.194: Application time: 0.0045688 seconds
2024-07-28T21:33:15.834+0800: 10.194: [GC (Allocation Failure) 2024-07-28T21:33:15.834+0800: 10.195: [ParNew: 77168K->8192K(78656K), 0.0123768 secs] 337926K->337558K(546456K), 0.0124286 secs] [Times: user=0.00 sys=0.00, real=0.01 secs] 
2024-07-28T21:33:15.845+0800: 10.207: Total time for which application threads were stopped: 0.0125330 seconds, Stopping threads took: 0.0000186 seconds
2024-07-28T21:33:15.845+0800: 10.207: Application time: 0.0002000 seconds
2024-07-28T21:33:15.845+0800: 10.207: [GC (CMS Initial Mark) [1 CMS-initial-mark: 329366K(467800K)] 340998K(546456K), 0.0008690 secs] [Times: user=0.00 sys=0.00, real=0.00 secs] 
2024-07-28T21:33:15.846+0800: 10.208: Total time for which application threads were stopped: 0.0010122 seconds, Stopping threads took: 0.0000979 seconds
2024-07-28T21:33:15.846+0800: 10.208: [CMS-concurrent-mark-start]
2024-07-28T21:33:15.849+0800: 10.211: [CMS-concurrent-mark: 0.003/0.003 secs] [Times: user=0.05 sys=0.00, real=0.00 secs] 
2024-07-28T21:33:15.849+0800: 10.211: [CMS-concurrent-preclean-start]
2024-07-28T21:33:15.850+0800: 10.211: [CMS-concurrent-preclean: 0.001/0.001 secs] [Times: user=0.00 sys=0.00, real=0.00 secs] 
2024-07-28T21:33:15.850+0800: 10.211: [CMS-concurrent-abortable-preclean-start]
2024-07-28T21:33:15.959+0800: 10.320: Application time: 0.1118421 seconds
2024-07-28T21:33:15.959+0800: 10.320: [GC (Allocation Failure) 2024-07-28T21:33:15.959+0800: 10.320: [ParNew: 77168K->8192K(78656K), 0.0066768 secs] 406535K->366231K(546456K), 0.0067374 secs] [Times: user=0.00 sys=0.00, real=0.01 secs] 
2024-07-28T21:33:15.965+0800: 10.327: Total time for which application threads were stopped: 0.0068475 seconds, Stopping threads took: 0.0000189 seconds
2024-07-28T21:33:16.083+0800: 10.444: Application time: 0.1171636 seconds
2024-07-28T21:33:16.083+0800: 10.444: [GC (Allocation Failure) 2024-07-28T21:33:16.083+0800: 10.444: [ParNew: 77168K->8192K(78656K), 0.0125820 secs] 435207K->434840K(546456K), 0.0126472 secs] [Times: user=0.00 sys=0.00, real=0.01 secs] 
2024-07-28T21:33:16.095+0800: 10.457: Total time for which application threads were stopped: 0.0127667 seconds, Stopping threads took: 0.0000212 seconds
2024-07-28T21:33:16.100+0800: 10.461: Application time: 0.0045782 seconds
2024-07-28T21:33:16.100+0800: 10.461: [GC (Allocation Failure) 2024-07-28T21:33:16.100+0800: 10.461: [ParNew: 77168K->8192K(78656K), 0.0227906 secs] 503816K->503449K(575240K), 0.0228426 secs] [Times: user=0.02 sys=0.02, real=0.02 secs] 
2024-07-28T21:33:16.123+0800: 10.484: Total time for which application threads were stopped: 0.0229437 seconds, Stopping threads took: 0.0000162 seconds
2024-07-28T21:33:16.123+0800: 10.484: [CMS-concurrent-abortable-preclean: 0.005/0.273 secs] [Times: user=0.08 sys=0.02, real=0.27 secs] 
2024-07-28T21:33:16.123+0800: 10.485: Application time: 0.0002973 seconds
2024-07-28T21:33:16.123+0800: 10.485: [GC (CMS Final Remark) [YG occupancy: 12655 K (78656 K)]2024-07-28T21:33:16.123+0800: 10.485: [Rescan (parallel) , 0.0007452 secs]2024-07-28T21:33:16.124+0800: 10.486: [weak refs processing, 0.0000134 secs]2024-07-28T21:33:16.124+0800: 10.486: [class unloading, 0.0003303 secs]2024-07-28T21:33:16.125+0800: 10.486: [scrub symbol table, 0.0003609 secs]2024-07-28T21:33:16.125+0800: 10.486: [scrub string table, 0.0001117 secs][1 CMS-remark: 495257K(496584K)] 507912K(575240K), 0.0016250 secs] [Times: user=0.00 sys=0.00, real=0.00 secs] 
2024-07-28T21:33:16.125+0800: 10.486: Total time for which application threads were stopped: 0.0018304 seconds, Stopping threads took: 0.0001679 seconds
2024-07-28T21:33:16.125+0800: 10.487: [CMS-concurrent-sweep-start]
2024-07-28T21:33:16.127+0800: 10.488: [CMS-concurrent-sweep: 0.002/0.002 secs] [Times: user=0.00 sys=0.00, real=0.00 secs] 
2024-07-28T21:33:16.127+0800: 10.489: [CMS-concurrent-reset-start]
2024-07-28T21:33:16.128+0800: 10.489: [CMS-concurrent-reset: 0.001/0.001 secs] [Times: user=0.00 sys=0.00, real=0.00 secs] 
2024-07-28T21:33:16.243+0800: 10.604: Application time: 0.1175787 seconds
2024-07-28T21:33:16.243+0800: 10.604: [GC (Allocation Failure) 2024-07-28T21:33:16.243+0800: 10.604: [ParNew: 77168K->8192K(78656K), 0.0066605 secs] 408583K->369303K(631016K), 0.0067197 secs] [Times: user=0.00 sys=0.00, real=0.01 secs] 
2024-07-28T21:33:16.250+0800: 10.611: Total time for which application threads were stopped: 0.0068373 seconds, Stopping threads took: 0.0000197 seconds
2024-07-28T21:33:16.250+0800: 10.611: Application time: 0.0001409 seconds
2024-07-28T21:33:16.250+0800: 10.611: [GC (CMS Initial Mark) [1 CMS-initial-mark: 361111K(552360K)] 372742K(631016K), 0.0008192 secs] [Times: user=0.00 sys=0.00, real=0.00 secs] 
2024-07-28T21:33:16.251+0800: 10.612: Total time for which application threads were stopped: 0.0009965 seconds, Stopping threads took: 0.0001326 seconds
2024-07-28T21:33:16.251+0800: 10.612: [CMS-concurrent-mark-start]
2024-07-28T21:33:16.256+0800: 10.617: [CMS-concurrent-mark: 0.005/0.005 secs] [Times: user=0.05 sys=0.00, real=0.01 secs] 
2024-07-28T21:33:16.256+0800: 10.617: [CMS-concurrent-preclean-start]
2024-07-28T21:33:16.257+0800: 10.618: [CMS-concurrent-preclean: 0.001/0.001 secs] [Times: user=0.00 sys=0.00, real=0.00 secs] 
2024-07-28T21:33:16.257+0800: 10.618: [CMS-concurrent-abortable-preclean-start]
2024-07-28T21:33:16.367+0800: 10.728: Application time: 0.1160334 seconds
2024-07-28T21:33:16.367+0800: 10.728: [GC (Allocation Failure) 2024-07-28T21:33:16.367+0800: 10.728: [ParNew: 77168K->8192K(78656K), 0.0122160 secs] 438279K->437912K(631016K), 0.0122766 secs] [Times: user=0.02 sys=0.02, real=0.01 secs] 
2024-07-28T21:33:16.379+0800: 10.740: Total time for which application threads were stopped: 0.0123864 seconds, Stopping threads took: 0.0000197 seconds
2024-07-28T21:33:16.383+0800: 10.745: Application time: 0.0045474 seconds
2024-07-28T21:33:16.383+0800: 10.745: [GC (Allocation Failure) 2024-07-28T21:33:16.383+0800: 10.745: [ParNew: 77168K->8192K(78656K), 0.0134114 secs] 506888K->506521K(631016K), 0.0134636 secs] [Times: user=0.01 sys=0.02, real=0.01 secs] 
2024-07-28T21:33:16.397+0800: 10.759: Total time for which application threads were stopped: 0.0135642 seconds, Stopping threads took: 0.0000158 seconds
2024-07-28T21:33:16.511+0800: 10.872: Application time: 0.1134768 seconds
2024-07-28T21:33:16.511+0800: 10.872: [GC (Allocation Failure) 2024-07-28T21:33:16.511+0800: 10.872: [ParNew: 77168K->8192K(78656K), 0.0181669 secs] 575497K->537241K(631016K), 0.0182228 secs] [Times: user=0.02 sys=0.02, real=0.02 secs] 
2024-07-28T21:33:16.529+0800: 10.890: Total time for which application threads were stopped: 0.0183317 seconds, Stopping threads took: 0.0000200 seconds
2024-07-28T21:33:16.529+0800: 10.890: [CMS-concurrent-abortable-preclean: 0.007/0.272 secs] [Times: user=0.05 sys=0.05, real=0.27 secs] 
2024-07-28T21:33:16.529+0800: 10.891: Application time: 0.0002900 seconds
2024-07-28T21:33:16.529+0800: 10.891: [GC (CMS Final Remark) [YG occupancy: 12655 K (78656 K)]2024-07-28T21:33:16.529+0800: 10.891: [Rescan (parallel) , 0.0008207 secs]2024-07-28T21:33:16.530+0800: 10.892: [weak refs processing, 0.0000142 secs]2024-07-28T21:33:16.530+0800: 10.892: [class unloading, 0.0002186 secs]2024-07-28T21:33:16.530+0800: 10.892: [scrub symbol table, 0.0003480 secs]2024-07-28T21:33:16.531+0800: 10.892: [scrub string table, 0.0001094 secs][1 CMS-remark: 529049K(552360K)] 541705K(631016K), 0.0015762 secs] [Times: user=0.00 sys=0.00, real=0.00 secs] 
2024-07-28T21:33:16.531+0800: 10.892: Total time for which application threads were stopped: 0.0017489 seconds, Stopping threads took: 0.0001302 seconds
2024-07-28T21:33:16.531+0800: 10.893: [CMS-concurrent-sweep-start]
2024-07-28T21:33:16.533+0800: 10.895: [CMS-concurrent-sweep: 0.002/0.002 secs] [Times: user=0.00 sys=0.00, real=0.00 secs] 
2024-07-28T21:33:16.533+0800: 10.895: [CMS-concurrent-reset-start]
2024-07-28T21:33:16.534+0800: 10.896: [CMS-concurrent-reset: 0.001/0.001 secs] [Times: user=0.00 sys=0.00, real=0.00 secs] 
2024-07-28T21:33:16.649+0800: 11.010: Application time: 0.1178498 seconds
2024-07-28T21:33:16.649+0800: 11.010: [GC (Allocation Failure) 2024-07-28T21:33:16.649+0800: 11.010: [ParNew: 77168K->8192K(78656K), 0.0120366 secs] 275461K->275093K(631016K), 0.0121086 secs] [Times: user=0.03 sys=0.00, real=0.01 secs] 
2024-07-28T21:33:16.661+0800: 11.023: Total time for which application threads were stopped: 0.0122228 seconds, Stopping threads took: 0.0000215 seconds
2024-07-28T21:33:16.667+0800: 11.027: Application time: 0.0049397 seconds
2024-07-28T21:33:16.667+0800: 11.028: [GC (Allocation Failure) 2024-07-28T21:33:16.667+0800: 11.028: [ParNew: 77168K->8192K(78656K), 0.0206001 secs] 344070K->343702K(631016K), 0.0206568 secs] [Times: user=0.03 sys=0.00, real=0.02 secs] 
2024-07-28T21:33:16.686+0800: 11.048: Total time for which application threads were stopped: 0.0207615 seconds, Stopping threads took: 0.0000168 seconds
2024-07-28T21:33:16.687+0800: 11.048: Application time: 0.0002452 seconds
2024-07-28T21:33:16.687+0800: 11.049: [GC (CMS Initial Mark) [1 CMS-initial-mark: 335510K(552360K)] 347142K(631016K), 0.0008184 secs] [Times: user=0.00 sys=0.00, real=0.00 secs] 
2024-07-28T21:33:16.688+0800: 11.049: Total time for which application threads were stopped: 0.0009421 seconds, Stopping threads took: 0.0000826 seconds
2024-07-28T21:33:16.688+0800: 11.050: [CMS-concurrent-mark-start]
2024-07-28T21:33:16.690+0800: 11.052: [CMS-concurrent-mark: 0.002/0.002 secs] [Times: user=0.00 sys=0.00, real=0.00 secs] 
2024-07-28T21:33:16.690+0800: 11.052: [CMS-concurrent-preclean-start]
2024-07-28T21:33:16.691+0800: 11.052: [CMS-concurrent-preclean: 0.001/0.001 secs] [Times: user=0.00 sys=0.00, real=0.00 secs] 
2024-07-28T21:33:16.691+0800: 11.052: [CMS-concurrent-abortable-preclean-start]
2024-07-28T21:33:16.810+0800: 11.172: Application time: 0.1221188 seconds
2024-07-28T21:33:16.810+0800: 11.172: [GC (Allocation Failure) 2024-07-28T21:33:16.810+0800: 11.172: [ParNew: 77168K->8192K(78656K), 0.0069781 secs] 412679K->375447K(631016K), 0.0070437 secs] [Times: user=0.00 sys=0.00, real=0.01 secs] 
2024-07-28T21:33:16.817+0800: 11.179: Total time for which application threads were stopped: 0.0071552 seconds, Stopping threads took: 0.0000190 seconds
2024-07-28T21:33:16.934+0800: 11.295: Application time: 0.1166637 seconds
2024-07-28T21:33:16.934+0800: 11.295: [GC (Allocation Failure) 2024-07-28T21:33:16.934+0800: 11.295: [ParNew: 77168K->8192K(78656K), 0.0124656 secs] 444423K->444056K(631016K), 0.0125369 secs] [Times: user=0.03 sys=0.00, real=0.01 secs] 
2024-07-28T21:33:16.946+0800: 11.308: Total time for which application threads were stopped: 0.0126516 seconds, Stopping threads took: 0.0000197 seconds
2024-07-28T21:33:16.951+0800: 11.313: Application time: 0.0046202 seconds
2024-07-28T21:33:16.951+0800: 11.313: [GC (Allocation Failure) 2024-07-28T21:33:16.951+0800: 11.313: [ParNew: 77168K->8192K(78656K), 0.0122494 secs] 513033K->512665K(631016K), 0.0123077 secs] [Times: user=0.03 sys=0.00, real=0.01 secs] 
2024-07-28T21:33:16.963+0800: 11.325: Total time for which application threads were stopped: 0.0124070 seconds, Stopping threads took: 0.0000147 seconds
2024-07-28T21:33:16.963+0800: 11.325: [CMS-concurrent-abortable-preclean: 0.005/0.273 secs] [Times: user=0.06 sys=0.00, real=0.27 secs] 
2024-07-28T21:33:16.964+0800: 11.325: Application time: 0.0003410 seconds
2024-07-28T21:33:16.964+0800: 11.325: [GC (CMS Final Remark) [YG occupancy: 13679 K (78656 K)]2024-07-28T21:33:16.964+0800: 11.325: [Rescan (parallel) , 0.0008386 secs]2024-07-28T21:33:16.965+0800: 11.326: [weak refs processing, 0.0000129 secs]2024-07-28T21:33:16.965+0800: 11.326: [class unloading, 0.0002363 secs]2024-07-28T21:33:16.965+0800: 11.327: [scrub symbol table, 0.0003415 secs]2024-07-28T21:33:16.965+0800: 11.327: [scrub string table, 0.0001002 secs][1 CMS-remark: 504473K(552360K)] 518153K(631016K), 0.0015961 secs] [Times: user=0.00 sys=0.00, real=0.00 secs] 
2024-07-28T21:33:16.965+0800: 11.327: Total time for which application threads were stopped: 0.0016955 seconds, Stopping threads took: 0.0000630 seconds
2024-07-28T21:33:16.966+0800: 11.327: [CMS-concurrent-sweep-start]
2024-07-28T21:33:16.967+0800: 11.329: [CMS-concurrent-sweep: 0.001/0.001 secs] [Times: user=0.00 sys=0.00, real=0.00 secs] 
2024-07-28T21:33:16.967+0800: 11.329: [CMS-concurrent-reset-start]
2024-07-28T21:33:16.968+0800: 11.329: [CMS-concurrent-reset: 0.001/0.001 secs] [Times: user=0.00 sys=0.00, real=0.00 secs] 
2024-07-28T21:33:17.079+0800: 11.440: Application time: 0.1131502 seconds
2024-07-28T21:33:17.079+0800: 11.440: [GC (Allocation Failure) 2024-07-28T21:33:17.079+0800: 11.440: [ParNew: 77168K->8192K(78656K), 0.0113518 secs] 414727K->378519K(641256K), 0.0114165 secs] [Times: user=0.03 sys=0.00, real=0.01 secs] 
2024-07-28T21:33:17.090+0800: 11.452: Total time for which application threads were stopped: 0.0115261 seconds, Stopping threads took: 0.0000195 seconds
2024-07-28T21:33:17.091+0800: 11.452: Application time: 0.0001202 seconds
2024-07-28T21:33:17.091+0800: 11.452: [GC (CMS Initial Mark) [1 CMS-initial-mark: 370327K(562600K)] 379543K(641256K), 0.0008346 secs] [Times: user=0.00 sys=0.00, real=0.00 secs] 
2024-07-28T21:33:17.092+0800: 11.453: Total time for which application threads were stopped: 0.0009774 seconds, Stopping threads took: 0.0000942 seconds
2024-07-28T21:33:17.092+0800: 11.453: [CMS-concurrent-mark-start]
2024-07-28T21:33:17.096+0800: 11.457: [CMS-concurrent-mark: 0.004/0.004 secs] [Times: user=0.00 sys=0.00, real=0.00 secs] 
2024-07-28T21:33:17.096+0800: 11.457: [CMS-concurrent-preclean-start]
2024-07-28T21:33:17.097+0800: 11.458: [CMS-concurrent-preclean: 0.001/0.001 secs] [Times: user=0.00 sys=0.00, real=0.00 secs] 
2024-07-28T21:33:17.097+0800: 11.458: [CMS-concurrent-abortable-preclean-start]
2024-07-28T21:33:17.202+0800: 11.563: Application time: 0.1098802 seconds
2024-07-28T21:33:17.202+0800: 11.563: [GC (Allocation Failure) 2024-07-28T21:33:17.202+0800: 11.563: [ParNew: 77168K->8192K(78656K), 0.0120777 secs] 447496K->447128K(641256K), 0.0121581 secs] [Times: user=0.03 sys=0.00, real=0.01 secs] 
2024-07-28T21:33:17.214+0800: 11.575: Total time for which application threads were stopped: 0.0122820 seconds, Stopping threads took: 0.0000205 seconds
2024-07-28T21:33:17.218+0800: 11.580: Application time: 0.0045766 seconds
2024-07-28T21:33:17.219+0800: 11.580: [GC (Allocation Failure) 2024-07-28T21:33:17.219+0800: 11.580: [ParNew: 77168K->8192K(78656K), 0.0119710 secs] 516105K->515737K(641256K), 0.0120473 secs] [Times: user=0.03 sys=0.00, real=0.01 secs] 
2024-07-28T21:33:17.231+0800: 11.592: Total time for which application threads were stopped: 0.0121975 seconds, Stopping threads took: 0.0000249 seconds
2024-07-28T21:33:17.344+0800: 11.706: Application time: 0.1137074 seconds
2024-07-28T21:33:17.344+0800: 11.706: [GC (Allocation Failure) 2024-07-28T21:33:17.344+0800: 11.706: [ParNew: 77168K->8192K(78656K), 0.0074443 secs] 584714K->549529K(641256K), 0.0075140 secs] [Times: user=0.03 sys=0.00, real=0.01 secs] 
2024-07-28T21:33:17.352+0800: 11.713: Total time for which application threads were stopped: 0.0076433 seconds, Stopping threads took: 0.0000196 seconds
2024-07-28T21:33:17.352+0800: 11.713: [CMS-concurrent-abortable-preclean: 0.007/0.255 secs] [Times: user=0.09 sys=0.00, real=0.26 secs] 
2024-07-28T21:33:17.352+0800: 11.713: Application time: 0.0002389 seconds
2024-07-28T21:33:17.352+0800: 11.714: [GC (CMS Final Remark) [YG occupancy: 11631 K (78656 K)]2024-07-28T21:33:17.352+0800: 11.714: [Rescan (parallel) , 0.0007459 secs]2024-07-28T21:33:17.353+0800: 11.714: [weak refs processing, 0.0000132 secs]2024-07-28T21:33:17.353+0800: 11.714: [class unloading, 0.0002361 secs]2024-07-28T21:33:17.353+0800: 11.715: [scrub symbol table, 0.0003786 secs]2024-07-28T21:33:17.353+0800: 11.715: [scrub string table, 0.0000997 secs][1 CMS-remark: 541337K(562600K)] 552969K(641256K), 0.0015384 secs] [Times: user=0.00 sys=0.00, real=0.00 secs] 
2024-07-28T21:33:17.353+0800: 11.715: Total time for which application threads were stopped: 0.0017012 seconds, Stopping threads took: 0.0001255 seconds
2024-07-28T21:33:17.354+0800: 11.715: [CMS-concurrent-sweep-start]
2024-07-28T21:33:17.355+0800: 11.717: [CMS-concurrent-sweep: 0.002/0.002 secs] [Times: user=0.00 sys=0.00, real=0.00 secs] 
2024-07-28T21:33:17.355+0800: 11.717: [CMS-concurrent-reset-start]
2024-07-28T21:33:17.356+0800: 11.718: [CMS-concurrent-reset: 0.001/0.001 secs] [Times: user=0.00 sys=0.00, real=0.00 secs] 
2024-07-28T21:33:17.467+0800: 11.828: Application time: 0.1126026 seconds
2024-07-28T21:33:17.467+0800: 11.828: [GC (Allocation Failure) 2024-07-28T21:33:17.467+0800: 11.828: [ParNew: 77168K->8192K(78656K), 0.0123431 secs] 281605K->281237K(641256K), 0.0124069 secs] [Times: user=0.03 sys=0.00, real=0.01 secs] 
2024-07-28T21:33:17.479+0800: 11.840: Total time for which application threads were stopped: 0.0125236 seconds, Stopping threads took: 0.0000228 seconds
2024-07-28T21:33:17.479+0800: 11.840: Application time: 0.0002387 seconds
2024-07-28T21:33:17.480+0800: 11.841: [GC (CMS Initial Mark) [1 CMS-initial-mark: 273045K(562600K)] 284677K(641256K), 0.0008093 secs] [Times: user=0.00 sys=0.00, real=0.00 secs] 
2024-07-28T21:33:17.480+0800: 11.841: Total time for which application threads were stopped: 0.0010053 seconds, Stopping threads took: 0.0001553 seconds
2024-07-28T21:33:17.481+0800: 11.842: [CMS-concurrent-mark-start]
2024-07-28T21:33:17.484+0800: 11.845: [CMS-concurrent-mark: 0.004/0.004 secs] [Times: user=0.00 sys=0.00, real=0.00 secs] 
2024-07-28T21:33:17.484+0800: 11.845: [CMS-concurrent-preclean-start]
2024-07-28T21:33:17.486+0800: 11.847: [CMS-concurrent-preclean: 0.002/0.002 secs] [Times: user=0.00 sys=0.00, real=0.00 secs] 
2024-07-28T21:33:17.486+0800: 11.847: Application time: 0.0055716 seconds
2024-07-28T21:33:17.486+0800: 11.847: [GC (Allocation Failure) 2024-07-28T21:33:17.486+0800: 11.847: [ParNew: 77168K->8192K(78656K), 0.0126073 secs] 350214K->349846K(641256K), 0.0126568 secs] [Times: user=0.03 sys=0.00, real=0.01 secs] 
2024-07-28T21:33:17.499+0800: 11.860: Total time for which application threads were stopped: 0.0127602 seconds, Stopping threads took: 0.0000173 seconds
2024-07-28T21:33:17.499+0800: 11.860: Application time: 0.0003107 seconds
2024-07-28T21:33:17.499+0800: 11.860: [GC (CMS Final Remark) [YG occupancy: 12655 K (78656 K)]2024-07-28T21:33:17.499+0800: 11.860: [Rescan (parallel) , 0.0009365 secs]2024-07-28T21:33:17.500+0800: 11.861: [weak refs processing, 0.0000131 secs]2024-07-28T21:33:17.500+0800: 11.861: [class unloading, 0.0002249 secs]2024-07-28T21:33:17.500+0800: 11.862: [scrub symbol table, 0.0003706 secs]2024-07-28T21:33:17.501+0800: 11.862: [scrub string table, 0.0000925 secs][1 CMS-remark: 341654K(562600K)] 354310K(641256K), 0.0017110 secs] [Times: user=0.00 sys=0.00, real=0.00 secs] 
2024-07-28T21:33:17.501+0800: 11.862: Total time for which application threads were stopped: 0.0018956 seconds, Stopping threads took: 0.0001447 seconds
2024-07-28T21:33:17.501+0800: 11.862: [CMS-concurrent-sweep-start]
2024-07-28T21:33:17.503+0800: 11.864: [CMS-concurrent-sweep: 0.002/0.002 secs] [Times: user=0.00 sys=0.00, real=0.00 secs] 
2024-07-28T21:33:17.503+0800: 11.864: [CMS-concurrent-reset-start]
2024-07-28T21:33:17.504+0800: 11.865: [CMS-concurrent-reset: 0.001/0.001 secs] [Times: user=0.00 sys=0.00, real=0.00 secs] 
2024-07-28T21:33:17.612+0800: 11.974: Application time: 0.1115456 seconds
2024-07-28T21:33:17.612+0800: 11.974: [GC (Allocation Failure) 2024-07-28T21:33:17.612+0800: 11.974: [ParNew: 77168K->8192K(78656K), 0.0074551 secs] 248837K->214676K(641256K), 0.0075286 secs] [Times: user=0.03 sys=0.00, real=0.01 secs] 
2024-07-28T21:33:17.619+0800: 11.981: Total time for which application threads were stopped: 0.0076399 seconds, Stopping threads took: 0.0000194 seconds
2024-07-28T21:33:17.735+0800: 12.096: Application time: 0.1149196 seconds
2024-07-28T21:33:17.735+0800: 12.096: [GC (Allocation Failure) 2024-07-28T21:33:17.735+0800: 12.096: [ParNew: 77168K->8192K(78656K), 0.0119770 secs] 283653K->283285K(641256K), 0.0120413 secs] [Times: user=0.03 sys=0.00, real=0.01 secs] 
2024-07-28T21:33:17.747+0800: 12.108: Total time for which application threads were stopped: 0.0121768 seconds, Stopping threads took: 0.0000281 seconds
2024-07-28T21:33:17.751+0800: 12.113: Application time: 0.0044347 seconds
2024-07-28T21:33:17.751+0800: 12.113: [GC (Allocation Failure) 2024-07-28T21:33:17.751+0800: 12.113: [ParNew: 77168K->8192K(78656K), 0.0121131 secs] 352262K->351894K(641256K), 0.0121630 secs] [Times: user=0.03 sys=0.00, real=0.01 secs] 
2024-07-28T21:33:17.764+0800: 12.125: Total time for which application threads were stopped: 0.0122872 seconds, Stopping threads took: 0.0000312 seconds
2024-07-28T21:33:17.764+0800: 12.125: Application time: 0.0001781 seconds
2024-07-28T21:33:17.764+0800: 12.125: [GC (CMS Initial Mark) [1 CMS-initial-mark: 343702K(562600K)] 355334K(641256K), 0.0006786 secs] [Times: user=0.00 sys=0.00, real=0.00 secs] 
2024-07-28T21:33:17.765+0800: 12.126: Total time for which application threads were stopped: 0.0008621 seconds, Stopping threads took: 0.0001390 seconds
2024-07-28T21:33:17.765+0800: 12.126: [CMS-concurrent-mark-start]
2024-07-28T21:33:17.767+0800: 12.128: [CMS-concurrent-mark: 0.002/0.002 secs] [Times: user=0.00 sys=0.00, real=0.00 secs] 
2024-07-28T21:33:17.767+0800: 12.128: [CMS-concurrent-preclean-start]
2024-07-28T21:33:17.768+0800: 12.129: [CMS-concurrent-preclean: 0.001/0.001 secs] [Times: user=0.00 sys=0.00, real=0.00 secs] 
2024-07-28T21:33:17.768+0800: 12.129: [CMS-concurrent-abortable-preclean-start]
2024-07-28T21:33:17.879+0800: 12.240: Application time: 0.1143566 seconds
2024-07-28T21:33:17.879+0800: 12.241: [GC (Allocation Failure) 2024-07-28T21:33:17.879+0800: 12.241: [ParNew: 77168K->8192K(78656K), 0.0080800 secs] 420871K->387735K(641256K), 0.0081337 secs] [Times: user=0.13 sys=0.00, real=0.01 secs] 
2024-07-28T21:33:17.887+0800: 12.249: Total time for which application threads were stopped: 0.0082583 seconds, Stopping threads took: 0.0000340 seconds
2024-07-28T21:33:18.003+0800: 12.364: Application time: 0.1157075 seconds
2024-07-28T21:33:18.004+0800: 12.364: [GC (Allocation Failure) 2024-07-28T21:33:18.004+0800: 12.365: [ParNew: 77168K->8192K(78656K), 0.0126703 secs] 456712K->456344K(641256K), 0.0127455 secs] [Times: user=0.11 sys=0.00, real=0.01 secs] 
2024-07-28T21:33:18.015+0800: 12.377: Total time for which application threads were stopped: 0.0128627 seconds, Stopping threads took: 0.0000241 seconds
2024-07-28T21:33:18.015+0800: 12.377: [CMS-concurrent-abortable-preclean: 0.006/0.248 secs] [Times: user=0.23 sys=0.00, real=0.25 secs] 
2024-07-28T21:33:18.016+0800: 12.378: Application time: 0.0003921 seconds
2024-07-28T21:33:18.016+0800: 12.378: [GC (CMS Final Remark) [YG occupancy: 13679 K (78656 K)]2024-07-28T21:33:18.016+0800: 12.378: [Rescan (parallel) , 0.0006351 secs]2024-07-28T21:33:18.018+0800: 12.379: [weak refs processing, 0.0000125 secs]2024-07-28T21:33:18.018+0800: 12.379: [class unloading, 0.0002226 secs]2024-07-28T21:33:18.018+0800: 12.379: [scrub symbol table, 0.0003111 secs]2024-07-28T21:33:18.018+0800: 12.379: [scrub string table, 0.0001074 secs][1 CMS-remark: 448152K(562600K)] 461832K(641256K), 0.0013533 secs] [Times: user=0.00 sys=0.00, real=0.00 secs] 
2024-07-28T21:33:18.018+0800: 12.379: Total time for which application threads were stopped: 0.0015504 seconds, Stopping threads took: 0.0001577 seconds
2024-07-28T21:33:18.018+0800: 12.379: [CMS-concurrent-sweep-start]
2024-07-28T21:33:18.019+0800: 12.381: [CMS-concurrent-sweep: 0.001/0.001 secs] [Times: user=0.00 sys=0.00, real=0.00 secs] 
2024-07-28T21:33:18.019+0800: 12.381: [CMS-concurrent-reset-start]
2024-07-28T21:33:18.020+0800: 12.382: [CMS-concurrent-reset: 0.001/0.001 secs] [Times: user=0.03 sys=0.00, real=0.00 secs] 
2024-07-28T21:33:18.022+0800: 12.384: Application time: 0.0050356 seconds
2024-07-28T21:33:18.022+0800: 12.384: [GC (Allocation Failure) 2024-07-28T21:33:18.022+0800: 12.384: [ParNew: 77168K->8192K(78656K), 0.0122159 secs] 354310K->353943K(641256K), 0.0122715 secs] [Times: user=0.00 sys=0.00, real=0.01 secs] 
2024-07-28T21:33:18.035+0800: 12.397: Total time for which application threads were stopped: 0.0123720 seconds, Stopping threads took: 0.0000155 seconds
2024-07-28T21:33:18.035+0800: 12.397: Application time: 0.0002472 seconds
2024-07-28T21:33:18.035+0800: 12.397: [GC (CMS Initial Mark) [1 CMS-initial-mark: 345750K(562600K)] 357382K(641256K), 0.0008545 secs] [Times: user=0.00 sys=0.00, real=0.00 secs] 
2024-07-28T21:33:18.036+0800: 12.398: Total time for which application threads were stopped: 0.0009754 seconds, Stopping threads took: 0.0000763 seconds
2024-07-28T21:33:18.036+0800: 12.398: [CMS-concurrent-mark-start]
2024-07-28T21:33:18.038+0800: 12.400: [CMS-concurrent-mark: 0.002/0.002 secs] [Times: user=0.00 sys=0.00, real=0.00 secs] 
2024-07-28T21:33:18.038+0800: 12.400: [CMS-concurrent-preclean-start]
2024-07-28T21:33:18.039+0800: 12.401: [CMS-concurrent-preclean: 0.001/0.001 secs] [Times: user=0.00 sys=0.00, real=0.00 secs] 
2024-07-28T21:33:18.039+0800: 12.401: [CMS-concurrent-abortable-preclean-start]
2024-07-28T21:33:18.146+0800: 12.507: Application time: 0.1095539 seconds
2024-07-28T21:33:18.146+0800: 12.508: [GC (Allocation Failure) 2024-07-28T21:33:18.146+0800: 12.508: [ParNew: 77168K->8192K(78656K), 0.0075329 secs] 422919K->390807K(641256K), 0.0076063 secs] [Times: user=0.00 sys=0.00, real=0.01 secs] 
2024-07-28T21:33:18.154+0800: 12.515: Total time for which application threads were stopped: 0.0077241 seconds, Stopping threads took: 0.0000215 seconds
2024-07-28T21:33:18.268+0800: 12.630: Application time: 0.1147869 seconds
2024-07-28T21:33:18.268+0800: 12.630: [GC (Allocation Failure) 2024-07-28T21:33:18.268+0800: 12.630: [ParNew: 77168K->8192K(78656K), 0.0119706 secs] 459784K->459416K(641256K), 0.0120311 secs] [Times: user=0.03 sys=0.00, real=0.01 secs] 
2024-07-28T21:33:18.281+0800: 12.642: Total time for which application threads were stopped: 0.0121471 seconds, Stopping threads took: 0.0000197 seconds
2024-07-28T21:33:18.281+0800: 12.642: [CMS-concurrent-abortable-preclean: 0.006/0.241 secs] [Times: user=0.06 sys=0.00, real=0.24 secs] 
2024-07-28T21:33:18.281+0800: 12.643: Application time: 0.0004016 seconds
2024-07-28T21:33:18.281+0800: 12.643: [GC (CMS Final Remark) [YG occupancy: 14703 K (78656 K)]2024-07-28T21:33:18.281+0800: 12.643: [Rescan (parallel) , 0.0008823 secs]2024-07-28T21:33:18.282+0800: 12.644: [weak refs processing, 0.0000130 secs]2024-07-28T21:33:18.282+0800: 12.644: [class unloading, 0.0002371 secs]2024-07-28T21:33:18.282+0800: 12.644: [scrub symbol table, 0.0003591 secs]2024-07-28T21:33:18.283+0800: 12.644: [scrub string table, 0.0000992 secs][1 CMS-remark: 451224K(562600K)] 465928K(641256K), 0.0016621 secs] [Times: user=0.00 sys=0.00, real=0.00 secs] 
2024-07-28T21:33:18.283+0800: 12.644: Total time for which application threads were stopped: 0.0018278 seconds, Stopping threads took: 0.0001290 seconds
2024-07-28T21:33:18.283+0800: 12.645: [CMS-concurrent-sweep-start]
2024-07-28T21:33:18.285+0800: 12.646: [CMS-concurrent-sweep: 0.002/0.002 secs] [Times: user=0.00 sys=0.00, real=0.00 secs] 
2024-07-28T21:33:18.285+0800: 12.647: [CMS-concurrent-reset-start]
2024-07-28T21:33:18.286+0800: 12.648: [CMS-concurrent-reset: 0.001/0.001 secs] [Times: user=0.03 sys=0.00, real=0.00 secs] 
2024-07-28T21:33:18.288+0800: 12.649: Application time: 0.0050591 seconds
2024-07-28T21:33:18.288+0800: 12.649: [GC (Allocation Failure) 2024-07-28T21:33:18.288+0800: 12.649: [ParNew: 77168K->8192K(78656K), 0.0125003 secs] 356358K->355991K(641256K), 0.0125433 secs] [Times: user=0.00 sys=0.00, real=0.01 secs] 
2024-07-28T21:33:18.300+0800: 12.662: Total time for which application threads were stopped: 0.0126394 seconds, Stopping threads took: 0.0000145 seconds
2024-07-28T21:33:18.301+0800: 12.662: Application time: 0.0002561 seconds
2024-07-28T21:33:18.301+0800: 12.662: [GC (CMS Initial Mark) [1 CMS-initial-mark: 347798K(562600K)] 359430K(641256K), 0.0004760 secs] [Times: user=0.00 sys=0.00, real=0.00 secs] 
2024-07-28T21:33:18.301+0800: 12.663: Total time for which application threads were stopped: 0.0006321 seconds, Stopping threads took: 0.0001136 seconds
2024-07-28T21:33:18.301+0800: 12.663: [CMS-concurrent-mark-start]
2024-07-28T21:33:18.303+0800: 12.665: [CMS-concurrent-mark: 0.002/0.002 secs] [Times: user=0.00 sys=0.00, real=0.00 secs] 
2024-07-28T21:33:18.303+0800: 12.665: [CMS-concurrent-preclean-start]
2024-07-28T21:33:18.304+0800: 12.666: [CMS-concurrent-preclean: 0.001/0.001 secs] [Times: user=0.00 sys=0.00, real=0.00 secs] 
2024-07-28T21:33:18.304+0800: 12.666: [CMS-concurrent-abortable-preclean-start]
2024-07-28T21:33:18.411+0800: 12.773: Application time: 0.1095983 seconds
2024-07-28T21:33:18.411+0800: 12.773: [GC (Allocation Failure) 2024-07-28T21:33:18.411+0800: 12.773: [ParNew: 77168K->8192K(78656K), 0.0081288 secs] 424967K->393879K(641256K), 0.0081924 secs] [Times: user=0.00 sys=0.00, real=0.01 secs] 
2024-07-28T21:33:18.419+0800: 12.781: Total time for which application threads were stopped: 0.0083165 seconds, Stopping threads took: 0.0000190 seconds
2024-07-28T21:33:18.536+0800: 12.897: Application time: 0.1165918 seconds
2024-07-28T21:33:18.536+0800: 12.898: [GC (Allocation Failure) 2024-07-28T21:33:18.536+0800: 12.898: [ParNew: 77168K->8192K(78656K), 0.0120994 secs] 462856K->462488K(641256K), 0.0121589 secs] [Times: user=0.00 sys=0.00, real=0.01 secs] 
2024-07-28T21:33:18.548+0800: 12.910: Total time for which application threads were stopped: 0.0122770 seconds, Stopping threads took: 0.0000179 seconds
2024-07-28T21:33:18.548+0800: 12.910: [CMS-concurrent-abortable-preclean: 0.006/0.244 secs] [Times: user=0.05 sys=0.00, real=0.24 secs] 
2024-07-28T21:33:18.549+0800: 12.910: Application time: 0.0002511 seconds
2024-07-28T21:33:18.549+0800: 12.910: [GC (CMS Final Remark) [YG occupancy: 12655 K (78656 K)]2024-07-28T21:33:18.549+0800: 12.910: [Rescan (parallel) , 0.0008160 secs]2024-07-28T21:33:18.550+0800: 12.911: [weak refs processing, 0.0000125 secs]2024-07-28T21:33:18.550+0800: 12.911: [class unloading, 0.0002306 secs]2024-07-28T21:33:18.550+0800: 12.911: [scrub symbol table, 0.0003462 secs]2024-07-28T21:33:18.550+0800: 12.912: [scrub string table, 0.0000994 secs][1 CMS-remark: 454296K(562600K)] 466952K(641256K), 0.0015688 secs] [Times: user=0.00 sys=0.00, real=0.00 secs] 
2024-07-28T21:33:18.550+0800: 12.912: Total time for which application threads were stopped: 0.0017391 seconds, Stopping threads took: 0.0001333 seconds
2024-07-28T21:33:18.551+0800: 12.912: [CMS-concurrent-sweep-start]
2024-07-28T21:33:18.552+0800: 12.913: [CMS-concurrent-sweep: 0.002/0.002 secs] [Times: user=0.03 sys=0.00, real=0.00 secs] 
2024-07-28T21:33:18.552+0800: 12.914: [CMS-concurrent-reset-start]
2024-07-28T21:33:18.553+0800: 12.915: [CMS-concurrent-reset: 0.001/0.001 secs] [Times: user=0.00 sys=0.00, real=0.00 secs] 
2024-07-28T21:33:18.556+0800: 12.917: Application time: 0.0052357 seconds
2024-07-28T21:33:18.556+0800: 12.917: [GC (Allocation Failure) 2024-07-28T21:33:18.556+0800: 12.917: [ParNew: 77168K->8192K(78656K), 0.0120305 secs] 358406K->358039K(641256K), 0.0121004 secs] [Times: user=0.03 sys=0.00, real=0.01 secs] 
2024-07-28T21:33:18.568+0800: 12.929: Total time for which application threads were stopped: 0.0122332 seconds, Stopping threads took: 0.0000150 seconds
2024-07-28T21:33:18.568+0800: 12.929: Application time: 0.0001167 seconds
2024-07-28T21:33:18.568+0800: 12.929: [GC (CMS Initial Mark) [1 CMS-initial-mark: 349846K(562600K)] 361478K(641256K), 0.0008254 secs] [Times: user=0.00 sys=0.00, real=0.00 secs] 
2024-07-28T21:33:18.569+0800: 12.930: Total time for which application threads were stopped: 0.0010172 seconds, Stopping threads took: 0.0001487 seconds
2024-07-28T21:33:18.569+0800: 12.930: [CMS-concurrent-mark-start]
2024-07-28T21:33:18.571+0800: 12.932: [CMS-concurrent-mark: 0.002/0.002 secs] [Times: user=0.00 sys=0.00, real=0.00 secs] 
2024-07-28T21:33:18.571+0800: 12.933: [CMS-concurrent-preclean-start]
2024-07-28T21:33:18.572+0800: 12.933: [CMS-concurrent-preclean: 0.001/0.001 secs] [Times: user=0.00 sys=0.00, real=0.00 secs] 
2024-07-28T21:33:18.572+0800: 12.933: [CMS-concurrent-abortable-preclean-start]
2024-07-28T21:33:18.678+0800: 13.039: Application time: 0.1090834 seconds
2024-07-28T21:33:18.678+0800: 13.039: [GC (Allocation Failure) 2024-07-28T21:33:18.678+0800: 13.040: [ParNew: 77168K->8192K(78656K), 0.0082385 secs] 427015K->396951K(641256K), 0.0083129 secs] [Times: user=0.00 sys=0.00, real=0.01 secs] 
2024-07-28T21:33:18.687+0800: 13.048: Total time for which application threads were stopped: 0.0084230 seconds, Stopping threads took: 0.0000188 seconds
2024-07-28T21:33:18.803+0800: 13.164: Application time: 0.1161750 seconds
2024-07-28T21:33:18.803+0800: 13.164: [GC (Allocation Failure) 2024-07-28T21:33:18.803+0800: 13.164: [ParNew: 77168K->8192K(78656K), 0.0121256 secs] 465928K->465560K(641256K), 0.0121888 secs] [Times: user=0.00 sys=0.00, real=0.01 secs] 
2024-07-28T21:33:18.815+0800: 13.176: Total time for which application threads were stopped: 0.0122956 seconds, Stopping threads took: 0.0000198 seconds
2024-07-28T21:33:18.815+0800: 13.176: [CMS-concurrent-abortable-preclean: 0.006/0.243 secs] [Times: user=0.03 sys=0.00, real=0.24 secs] 
2024-07-28T21:33:18.815+0800: 13.177: Application time: 0.0003185 seconds
2024-07-28T21:33:18.816+0800: 13.177: [GC (CMS Final Remark) [YG occupancy: 12655 K (78656 K)]2024-07-28T21:33:18.816+0800: 13.177: [Rescan (parallel) , 0.0009784 secs]2024-07-28T21:33:18.817+0800: 13.178: [weak refs processing, 0.0000128 secs]2024-07-28T21:33:18.817+0800: 13.178: [class unloading, 0.0002188 secs]2024-07-28T21:33:18.817+0800: 13.178: [scrub symbol table, 0.0003446 secs]2024-07-28T21:33:18.817+0800: 13.178: [scrub string table, 0.0001125 secs][1 CMS-remark: 457368K(562600K)] 470024K(641256K), 0.0017314 secs] [Times: user=0.00 sys=0.00, real=0.00 secs] 
2024-07-28T21:33:18.817+0800: 13.178: Total time for which application threads were stopped: 0.0018543 seconds, Stopping threads took: 0.0000855 seconds
2024-07-28T21:33:18.818+0800: 13.179: [CMS-concurrent-sweep-start]
2024-07-28T21:33:18.819+0800: 13.180: [CMS-concurrent-sweep: 0.001/0.001 secs] [Times: user=0.00 sys=0.00, real=0.00 secs] 
2024-07-28T21:33:18.819+0800: 13.180: [CMS-concurrent-reset-start]
2024-07-28T21:33:18.820+0800: 13.182: [CMS-concurrent-reset: 0.001/0.001 secs] [Times: user=0.00 sys=0.00, real=0.00 secs] 
2024-07-28T21:33:18.823+0800: 13.184: Application time: 0.0054078 seconds
2024-07-28T21:33:18.823+0800: 13.184: [GC (Allocation Failure) 2024-07-28T21:33:18.823+0800: 13.184: [ParNew: 77168K->8192K(78656K), 0.0119452 secs] 360454K->360087K(641256K), 0.0119932 secs] [Times: user=0.03 sys=0.00, real=0.01 secs] 
2024-07-28T21:33:18.835+0800: 13.196: Total time for which application threads were stopped: 0.0120923 seconds, Stopping threads took: 0.0000161 seconds
2024-07-28T21:33:18.835+0800: 13.196: Application time: 0.0002457 seconds
2024-07-28T21:33:18.835+0800: 13.196: [GC (CMS Initial Mark) [1 CMS-initial-mark: 351894K(562600K)] 363526K(641256K), 0.0008012 secs] [Times: user=0.00 sys=0.00, real=0.00 secs] 
2024-07-28T21:33:18.836+0800: 13.197: Total time for which application threads were stopped: 0.0009192 seconds, Stopping threads took: 0.0000757 seconds
2024-07-28T21:33:18.836+0800: 13.197: [CMS-concurrent-mark-start]
2024-07-28T21:33:18.838+0800: 13.199: [CMS-concurrent-mark: 0.002/0.002 secs] [Times: user=0.00 sys=0.00, real=0.00 secs] 
2024-07-28T21:33:18.838+0800: 13.199: [CMS-concurrent-preclean-start]
2024-07-28T21:33:18.839+0800: 13.200: [CMS-concurrent-preclean: 0.001/0.001 secs] [Times: user=0.00 sys=0.00, real=0.00 secs] 
2024-07-28T21:33:18.839+0800: 13.200: [CMS-concurrent-abortable-preclean-start]
2024-07-28T21:33:18.947+0800: 13.309: Application time: 0.1117712 seconds
2024-07-28T21:33:18.947+0800: 13.309: [GC (Allocation Failure) 2024-07-28T21:33:18.948+0800: 13.309: [ParNew: 77168K->8192K(78656K), 0.0082195 secs] 429063K->400023K(641256K), 0.0082844 secs] [Times: user=0.00 sys=0.00, real=0.01 secs] 
2024-07-28T21:33:18.956+0800: 13.317: Total time for which application threads were stopped: 0.0083932 seconds, Stopping threads took: 0.0000185 seconds
2024-07-28T21:33:19.071+0800: 13.433: Application time: 0.1155987 seconds
2024-07-28T21:33:19.071+0800: 13.433: [GC (Allocation Failure) 2024-07-28T21:33:19.072+0800: 13.433: [ParNew: 77168K->8192K(78656K), 0.0126776 secs] 469000K->468632K(641256K), 0.0127418 secs] [Times: user=0.03 sys=0.00, real=0.01 secs] 
2024-07-28T21:33:19.084+0800: 13.446: Total time for which application threads were stopped: 0.0128682 seconds, Stopping threads took: 0.0000342 seconds
2024-07-28T21:33:19.084+0800: 13.446: [CMS-concurrent-abortable-preclean: 0.006/0.246 secs] [Times: user=0.06 sys=0.00, real=0.25 secs] 
2024-07-28T21:33:19.085+0800: 13.446: Application time: 0.0003131 seconds
2024-07-28T21:33:19.085+0800: 13.446: [GC (CMS Final Remark) [YG occupancy: 11631 K (78656 K)]2024-07-28T21:33:19.085+0800: 13.446: [Rescan (parallel) , 0.0007792 secs]2024-07-28T21:33:19.086+0800: 13.447: [weak refs processing, 0.0000196 secs]2024-07-28T21:33:19.086+0800: 13.447: [class unloading, 0.0002860 secs]2024-07-28T21:33:19.086+0800: 13.447: [scrub symbol table, 0.0004489 secs]2024-07-28T21:33:19.086+0800: 13.448: [scrub string table, 0.0001414 secs][1 CMS-remark: 460440K(562600K)] 472072K(641256K), 0.0017770 secs] [Times: user=0.00 sys=0.00, real=0.00 secs] 
2024-07-28T21:33:19.087+0800: 13.448: Total time for which application threads were stopped: 0.0019648 seconds, Stopping threads took: 0.0001342 seconds
2024-07-28T21:33:19.087+0800: 13.448: [CMS-concurrent-sweep-start]
2024-07-28T21:33:19.088+0800: 13.450: [CMS-concurrent-sweep: 0.001/0.001 secs] [Times: user=0.00 sys=0.00, real=0.00 secs] 
2024-07-28T21:33:19.088+0800: 13.450: [CMS-concurrent-reset-start]
2024-07-28T21:33:19.089+0800: 13.451: [CMS-concurrent-reset: 0.001/0.001 secs] [Times: user=0.00 sys=0.00, real=0.00 secs] 
2024-07-28T21:33:19.092+0800: 13.453: Application time: 0.0051840 seconds
2024-07-28T21:33:19.092+0800: 13.453: [GC (Allocation Failure) 2024-07-28T21:33:19.092+0800: 13.453: [ParNew: 77168K->8192K(78656K), 0.0121421 secs] 362502K->362135K(641256K), 0.0121899 secs] [Times: user=0.03 sys=0.00, real=0.01 secs] 
2024-07-28T21:33:19.104+0800: 13.466: Total time for which application threads were stopped: 0.0122961 seconds, Stopping threads took: 0.0000134 seconds
2024-07-28T21:33:19.104+0800: 13.466: Application time: 0.0001240 seconds
2024-07-28T21:33:19.104+0800: 13.466: [GC (CMS Initial Mark) [1 CMS-initial-mark: 353943K(562600K)] 363159K(641256K), 0.0002741 secs] [Times: user=0.00 sys=0.00, real=0.00 secs] 
2024-07-28T21:33:19.105+0800: 13.466: Total time for which application threads were stopped: 0.0004099 seconds, Stopping threads took: 0.0000971 seconds
2024-07-28T21:33:19.105+0800: 13.466: [CMS-concurrent-mark-start]
2024-07-28T21:33:19.107+0800: 13.468: [CMS-concurrent-mark: 0.002/0.002 secs] [Times: user=0.00 sys=0.00, real=0.00 secs] 
2024-07-28T21:33:19.107+0800: 13.468: [CMS-concurrent-preclean-start]
2024-07-28T21:33:19.107+0800: 13.469: [CMS-concurrent-preclean: 0.001/0.001 secs] [Times: user=0.00 sys=0.00, real=0.00 secs] 
2024-07-28T21:33:19.107+0800: 13.469: [CMS-concurrent-abortable-preclean-start]
Heap
 par new generation   total 78656K, used 29415K [0x00000000c8000000, 0x00000000cd550000, 0x00000000daaa0000)
  eden space 69952K,  30% used [0x00000000c8000000, 0x00000000c94b9d50, 0x00000000cc450000)
  from space 8704K,  94% used [0x00000000cccd0000, 0x00000000cd4d0080, 0x00000000cd550000)
  to   space 8704K,   0% used [0x00000000cc450000, 0x00000000cc450000, 0x00000000cccd0000)
 concurrent mark-sweep generation total 562600K, used 353943K [0x00000000daaa0000, 0x00000000fd00a000, 0x0000000100000000)
 Metaspace       used 3005K, capacity 4486K, committed 4864K, reserved 1056768K
  class space    used 310K, capacity 386K, committed 512K, reserved 1048576K
2024-07-28T21:33:19.212+0800: 13.574: Application time: 0.1074577 seconds
