OpenJDK 64-Bit Server VM (25.412-b1) for windows-amd64 JRE (1.8.0_412-b1), built on Apr 23 2024 12:00:37 by "Administrator" with MS VC++ 10.0 (VS2010)
Memory: 4k page, physical 16672068k(5654672k free), swap 19933956k(3727788k free)
CommandLine flags: -XX:CMSFullGCsBeforeCompaction=8 -XX:GCDrainStackTargetSize=64 -XX:InitialHeapSize=266753088 -XX:MaxHeapSize=939524096 -XX:MaxNewSize=313176064 -XX:MaxTenuringThreshold=6 -XX:OldPLABSize=16 -XX:+PrintGC -XX:+PrintGCApplicationConcurrentTime -XX:+PrintGCApplicationStoppedTime -XX:+PrintGCDateStamps -XX:+PrintGCDetails -XX:+PrintGCTimeStamps -XX:+UseCMSCompactAtFullCollection -XX:+UseCompressedClassPointers -XX:+UseCompressedOops -XX:+UseConcMarkSweepGC -XX:-UseLargePagesIndividualAllocation -XX:+UseParNewGC 
2024-07-28T21:33:19.397+0800: 0.112: Application time: 0.0371245 seconds
2024-07-28T21:33:19.397+0800: 0.112: [GC (Allocation Failure) 2024-07-28T21:33:19.397+0800: 0.112: [ParNew: 68984K->7901K(78656K), 0.0383662 secs] 68984K->68320K(253440K), 0.0385402 secs] [Times: user=0.06 sys=0.00, real=0.04 secs] 
2024-07-28T21:33:19.435+0800: 0.150: Total time for which application threads were stopped: 0.0386698 seconds, Stopping threads took: 0.0000187 seconds
2024-07-28T21:33:19.545+0800: 0.260: Application time: 0.1099446 seconds
2024-07-28T21:33:19.545+0800: 0.260: [GC (Allocation Failure) 2024-07-28T21:33:19.545+0800: 0.260: [ParNew: 76871K->8537K(78656K), 0.0270330 secs] 137290K->137192K(253440K), 0.0270874 secs] [Times: user=0.06 sys=0.05, real=0.03 secs] 
2024-07-28T21:33:19.573+0800: 0.288: Total time for which application threads were stopped: 0.0272151 seconds, Stopping threads took: 0.0000196 seconds
2024-07-28T21:33:19.573+0800: 0.288: Application time: 0.0002480 seconds
2024-07-28T21:33:19.573+0800: 0.288: [GC (CMS Initial Mark) [1 CMS-initial-mark: 128655K(174784K)] 140619K(253440K), 0.0008369 secs] [Times: user=0.00 sys=0.00, real=0.00 secs] 
2024-07-28T21:33:19.574+0800: 0.289: Total time for which application threads were stopped: 0.0009942 seconds, Stopping threads took: 0.0001152 seconds
2024-07-28T21:33:19.574+0800: 0.289: [CMS-concurrent-mark-start]
2024-07-28T21:33:19.577+0800: 0.292: [CMS-concurrent-mark: 0.003/0.003 secs] [Times: user=0.00 sys=0.00, real=0.00 secs] 
2024-07-28T21:33:19.577+0800: 0.292: [CMS-concurrent-preclean-start]
2024-07-28T21:33:19.578+0800: 0.293: [CMS-concurrent-preclean: 0.001/0.001 secs] [Times: user=0.00 sys=0.00, real=0.00 secs] 
2024-07-28T21:33:19.578+0800: 0.293: [CMS-concurrent-abortable-preclean-start]
2024-07-28T21:33:19.684+0800: 0.399: Application time: 0.1103526 seconds
2024-07-28T21:33:19.684+0800: 0.399: [GC (Allocation Failure) 2024-07-28T21:33:19.684+0800: 0.399: [ParNew: 77501K->14K(78656K), 0.0012351 secs] 206156K->128672K(253440K), 0.0013316 secs] [Times: user=0.00 sys=0.00, real=0.00 secs] 
2024-07-28T21:33:19.686+0800: 0.401: Total time for which application threads were stopped: 0.0015264 seconds, Stopping threads took: 0.0000497 seconds
2024-07-28T21:33:19.690+0800: 0.405: Application time: 0.0044715 seconds
2024-07-28T21:33:19.690+0800: 0.405: [GC (Allocation Failure) 2024-07-28T21:33:19.690+0800: 0.405: [ParNew: 68982K->8196K(78656K), 0.0312269 secs] 197640K->197271K(268860K), 0.0312708 secs] [Times: user=0.05 sys=0.03, real=0.03 secs] 
2024-07-28T21:33:19.721+0800: 0.437: Total time for which application threads were stopped: 0.0313668 seconds, Stopping threads took: 0.0000138 seconds
2024-07-28T21:33:19.843+0800: 0.559: Application time: 0.1220660 seconds
2024-07-28T21:33:19.843+0800: 0.559: [GC (Allocation Failure) 2024-07-28T21:33:19.843+0800: 0.559: [ParNew: 77168K->8192K(78656K), 0.0261973 secs] 266242K->265877K(337736K), 0.0262554 secs] [Times: user=0.03 sys=0.06, real=0.03 secs] 
2024-07-28T21:33:19.870+0800: 0.585: Total time for which application threads were stopped: 0.0263664 seconds, Stopping threads took: 0.0000199 seconds
2024-07-28T21:33:19.983+0800: 0.698: Application time: 0.1129040 seconds
2024-07-28T21:33:19.983+0800: 0.698: [GC (Allocation Failure) 2024-07-28T21:33:19.983+0800: 0.698: [ParNew: 77165K->1024K(78656K), 0.0011690 secs] 334850K->258708K(337736K), 0.0012244 secs] [Times: user=0.00 sys=0.00, real=0.00 secs] 
2024-07-28T21:33:19.984+0800: 0.699: Total time for which application threads were stopped: 0.0013282 seconds, Stopping threads took: 0.0000179 seconds
2024-07-28T21:33:19.988+0800: 0.704: Application time: 0.0043148 seconds
2024-07-28T21:33:19.988+0800: 0.704: [GC (Allocation Failure) 2024-07-28T21:33:19.988+0800: 0.704: [ParNew: 69998K->8192K(78656K), 0.0376699 secs] 327683K->327318K(398388K), 0.0377197 secs] [Times: user=0.08 sys=0.02, real=0.04 secs] 
2024-07-28T21:33:20.026+0800: 0.741: Total time for which application threads were stopped: 0.0378229 seconds, Stopping threads took: 0.0000133 seconds
2024-07-28T21:33:20.026+0800: 0.741: [CMS-concurrent-abortable-preclean: 0.005/0.448 secs] [Times: user=0.17 sys=0.11, real=0.45 secs] 
2024-07-28T21:33:20.026+0800: 0.742: Application time: 0.0003796 seconds
2024-07-28T21:33:20.026+0800: 0.742: [GC (CMS Final Remark) [YG occupancy: 14702 K (78656 K)]2024-07-28T21:33:20.026+0800: 0.742: [Rescan (parallel) , 0.0008887 secs]2024-07-28T21:33:20.027+0800: 0.743: [weak refs processing, 0.0000124 secs]2024-07-28T21:33:20.027+0800: 0.743: [class unloading, 0.0002020 secs]2024-07-28T21:33:20.027+0800: 0.743: [scrub symbol table, 0.0003440 secs]2024-07-28T21:33:20.028+0800: 0.743: [scrub string table, 0.0001016 secs][1 CMS-remark: 319125K(319732K)] 333828K(398388K), 0.0016200 secs] [Times: user=0.00 sys=0.00, real=0.00 secs] 
2024-07-28T21:33:20.028+0800: 0.744: Total time for which application threads were stopped: 0.0017727 seconds, Stopping threads took: 0.0001157 seconds
2024-07-28T21:33:20.028+0800: 0.744: [CMS-concurrent-sweep-start]
2024-07-28T21:33:20.030+0800: 0.745: [CMS-concurrent-sweep: 0.002/0.002 secs] [Times: user=0.00 sys=0.00, real=0.00 secs] 
2024-07-28T21:33:20.031+0800: 0.746: [CMS-concurrent-reset-start]
2024-07-28T21:33:20.034+0800: 0.750: [CMS-concurrent-reset: 0.004/0.004 secs] [Times: user=0.00 sys=0.00, real=0.00 secs] 
2024-07-28T21:33:20.140+0800: 0.856: Application time: 0.1123884 seconds
2024-07-28T21:33:20.140+0800: 0.856: [GC (Allocation Failure) 2024-07-28T21:33:20.140+0800: 0.856: [ParNew: 77167K->8192K(78656K), 0.0393154 secs] 396292K->395926K(610532K), 0.0393798 secs] [Times: user=0.06 sys=0.03, real=0.04 secs] 
2024-07-28T21:33:20.180+0800: 0.895: Total time for which application threads were stopped: 0.0394988 seconds, Stopping threads took: 0.0000226 seconds
2024-07-28T21:33:20.180+0800: 0.896: Application time: 0.0002388 seconds
2024-07-28T21:33:20.180+0800: 0.896: [GC (CMS Initial Mark) [1 CMS-initial-mark: 387733K(531876K)] 399364K(610532K), 0.0008551 secs] [Times: user=0.00 sys=0.00, real=0.00 secs] 
2024-07-28T21:33:20.181+0800: 0.897: Total time for which application threads were stopped: 0.0009701 seconds, Stopping threads took: 0.0000734 seconds
2024-07-28T21:33:20.181+0800: 0.897: [CMS-concurrent-mark-start]
2024-07-28T21:33:20.186+0800: 0.902: [CMS-concurrent-mark: 0.005/0.005 secs] [Times: user=0.00 sys=0.00, real=0.01 secs] 
2024-07-28T21:33:20.186+0800: 0.902: [CMS-concurrent-preclean-start]
2024-07-28T21:33:20.187+0800: 0.903: [CMS-concurrent-preclean: 0.001/0.001 secs] [Times: user=0.00 sys=0.00, real=0.00 secs] 
2024-07-28T21:33:20.187+0800: 0.903: [CMS-concurrent-abortable-preclean-start]
2024-07-28T21:33:20.296+0800: 1.012: Application time: 0.1148927 seconds
2024-07-28T21:33:20.297+0800: 1.012: [GC (Allocation Failure) 2024-07-28T21:33:20.297+0800: 1.012: [ParNew: 77167K->2048K(78656K), 0.0015313 secs] 464901K->389781K(610532K), 0.0015923 secs] [Times: user=0.00 sys=0.00, real=0.00 secs] 
2024-07-28T21:33:20.298+0800: 1.013: Total time for which application threads were stopped: 0.0017097 seconds, Stopping threads took: 0.0000219 seconds
2024-07-28T21:33:20.303+0800: 1.018: Application time: 0.0048904 seconds
2024-07-28T21:33:20.303+0800: 1.018: [GC (Allocation Failure) 2024-07-28T21:33:20.303+0800: 1.018: [ParNew: 71024K->8192K(78656K), 0.0353126 secs] 458758K->458391K(610532K), 0.0353882 secs] [Times: user=0.03 sys=0.03, real=0.04 secs] 
2024-07-28T21:33:20.339+0800: 1.054: Total time for which application threads were stopped: 0.0354989 seconds, Stopping threads took: 0.0000179 seconds
2024-07-28T21:33:20.455+0800: 1.171: Application time: 0.1169375 seconds
2024-07-28T21:33:20.456+0800: 1.171: [GC (Allocation Failure) 2024-07-28T21:33:20.456+0800: 1.171: [ParNew: 77168K->8192K(78656K), 0.0387907 secs] 527367K->527000K(610532K), 0.0388507 secs] [Times: user=0.05 sys=0.05, real=0.04 secs] 
2024-07-28T21:33:20.495+0800: 1.210: Total time for which application threads were stopped: 0.0389665 seconds, Stopping threads took: 0.0000202 seconds
2024-07-28T21:33:20.495+0800: 1.210: [CMS-concurrent-abortable-preclean: 0.006/0.307 secs] [Times: user=0.09 sys=0.08, real=0.31 secs] 
2024-07-28T21:33:20.495+0800: 1.210: Application time: 0.0004139 seconds
2024-07-28T21:33:20.495+0800: 1.210: [GC (CMS Final Remark) [YG occupancy: 15727 K (78656 K)]2024-07-28T21:33:20.495+0800: 1.210: [Rescan (parallel) , 0.0007740 secs]2024-07-28T21:33:20.496+0800: 1.211: [weak refs processing, 0.0000129 secs]2024-07-28T21:33:20.496+0800: 1.211: [class unloading, 0.0001789 secs]2024-07-28T21:33:20.496+0800: 1.211: [scrub symbol table, 0.0003432 secs]2024-07-28T21:33:20.496+0800: 1.212: [scrub string table, 0.0001184 secs][1 CMS-remark: 518807K(531876K)] 534535K(610532K), 0.0014904 secs] [Times: user=0.00 sys=0.00, real=0.00 secs] 
2024-07-28T21:33:20.497+0800: 1.212: Total time for which application threads were stopped: 0.0016967 seconds, Stopping threads took: 0.0001703 seconds
2024-07-28T21:33:20.497+0800: 1.212: [CMS-concurrent-sweep-start]
2024-07-28T21:33:20.498+0800: 1.213: [CMS-concurrent-sweep: 0.001/0.001 secs] [Times: user=0.00 sys=0.00, real=0.00 secs] 
2024-07-28T21:33:20.498+0800: 1.213: [CMS-concurrent-reset-start]
2024-07-28T21:33:20.500+0800: 1.215: [CMS-concurrent-reset: 0.001/0.001 secs] [Times: user=0.00 sys=0.00, real=0.00 secs] 
2024-07-28T21:33:20.610+0800: 1.325: Application time: 0.1137843 seconds
2024-07-28T21:33:20.610+0800: 1.326: [GC (Allocation Failure) 2024-07-28T21:33:20.611+0800: 1.326: [ParNew: 77168K->3072K(78656K), 0.0019761 secs] 338948K->264852K(610532K), 0.0028434 secs] [Times: user=0.00 sys=0.00, real=0.00 secs] 
2024-07-28T21:33:20.613+0800: 1.328: Total time for which application threads were stopped: 0.0029642 seconds, Stopping threads took: 0.0000300 seconds
2024-07-28T21:33:20.618+0800: 1.333: Application time: 0.0045987 seconds
2024-07-28T21:33:20.618+0800: 1.333: [GC (Allocation Failure) 2024-07-28T21:33:20.618+0800: 1.333: [ParNew: 72048K->8192K(78656K), 0.0154419 secs] 333828K->333461K(610532K), 0.0154967 secs] [Times: user=0.03 sys=0.00, real=0.01 secs] 
2024-07-28T21:33:20.633+0800: 1.349: Total time for which application threads were stopped: 0.0156055 seconds, Stopping threads took: 0.0000153 seconds
2024-07-28T21:33:20.634+0800: 1.349: Application time: 0.0001638 seconds
2024-07-28T21:33:20.634+0800: 1.349: [GC (CMS Initial Mark) [1 CMS-initial-mark: 325268K(531876K)] 336900K(610532K), 0.0007677 secs] [Times: user=0.00 sys=0.00, real=0.00 secs] 
2024-07-28T21:33:20.634+0800: 1.350: Total time for which application threads were stopped: 0.0008597 seconds, Stopping threads took: 0.0000495 seconds
2024-07-28T21:33:20.635+0800: 1.350: [CMS-concurrent-mark-start]
2024-07-28T21:33:20.637+0800: 1.352: [CMS-concurrent-mark: 0.003/0.003 secs] [Times: user=0.00 sys=0.00, real=0.00 secs] 
2024-07-28T21:33:20.637+0800: 1.352: [CMS-concurrent-preclean-start]
2024-07-28T21:33:20.638+0800: 1.353: [CMS-concurrent-preclean: 0.001/0.001 secs] [Times: user=0.00 sys=0.00, real=0.00 secs] 
2024-07-28T21:33:20.638+0800: 1.353: [CMS-concurrent-abortable-preclean-start]
2024-07-28T21:33:20.754+0800: 1.470: Application time: 0.1200714 seconds
2024-07-28T21:33:20.755+0800: 1.470: [GC (Allocation Failure) 2024-07-28T21:33:20.755+0800: 1.470: [ParNew: 77168K->8192K(78656K), 0.0119998 secs] 402437K->402070K(610532K), 0.0120818 secs] [Times: user=0.00 sys=0.00, real=0.01 secs] 
2024-07-28T21:33:20.767+0800: 1.482: Total time for which application threads were stopped: 0.0122113 seconds, Stopping threads took: 0.0000223 seconds
2024-07-28T21:33:20.879+0800: 1.594: Application time: 0.1125209 seconds
2024-07-28T21:33:20.879+0800: 1.595: [GC (Allocation Failure) 2024-07-28T21:33:20.879+0800: 1.595: [ParNew: 77543K->3076K(78656K), 0.0015238 secs] 471421K->396954K(610532K), 0.0015725 secs] [Times: user=0.00 sys=0.00, real=0.00 secs] 
2024-07-28T21:33:20.881+0800: 1.596: Total time for which application threads were stopped: 0.0016987 seconds, Stopping threads took: 0.0000193 seconds
2024-07-28T21:33:20.881+0800: 1.596: [CMS-concurrent-abortable-preclean: 0.005/0.243 secs] [Times: user=0.03 sys=0.02, real=0.24 secs] 
2024-07-28T21:33:20.881+0800: 1.597: Application time: 0.0003477 seconds
2024-07-28T21:33:20.881+0800: 1.597: [GC (CMS Final Remark) [YG occupancy: 9577 K (78656 K)]2024-07-28T21:33:20.881+0800: 1.597: [Rescan (parallel) , 0.0008770 secs]2024-07-28T21:33:20.882+0800: 1.598: [weak refs processing, 0.0000127 secs]2024-07-28T21:33:20.882+0800: 1.598: [class unloading, 0.0001924 secs]2024-07-28T21:33:20.882+0800: 1.598: [scrub symbol table, 0.0003356 secs]2024-07-28T21:33:20.883+0800: 1.598: [scrub string table, 0.0001200 secs][1 CMS-remark: 393878K(531876K)] 403455K(610532K), 0.0016011 secs] [Times: user=0.00 sys=0.00, real=0.00 secs] 
2024-07-28T21:33:20.883+0800: 1.598: Total time for which application threads were stopped: 0.0017417 seconds, Stopping threads took: 0.0001050 seconds
2024-07-28T21:33:20.883+0800: 1.598: [CMS-concurrent-sweep-start]
2024-07-28T21:33:20.884+0800: 1.600: [CMS-concurrent-sweep: 0.001/0.001 secs] [Times: user=0.00 sys=0.00, real=0.00 secs] 
2024-07-28T21:33:20.884+0800: 1.600: [CMS-concurrent-reset-start]
2024-07-28T21:33:20.885+0800: 1.601: [CMS-concurrent-reset: 0.001/0.001 secs] [Times: user=0.00 sys=0.00, real=0.00 secs] 
2024-07-28T21:33:20.888+0800: 1.603: Application time: 0.0050494 seconds
2024-07-28T21:33:20.888+0800: 1.603: [GC (Allocation Failure) 2024-07-28T21:33:20.888+0800: 1.603: [ParNew: 72042K->8196K(78656K), 0.0111638 secs] 204796K->204439K(610532K), 0.0112121 secs] [Times: user=0.03 sys=0.00, real=0.01 secs] 
2024-07-28T21:33:20.899+0800: 1.615: Total time for which application threads were stopped: 0.0113105 seconds, Stopping threads took: 0.0000153 seconds
2024-07-28T21:33:20.899+0800: 1.615: Application time: 0.0001351 seconds
2024-07-28T21:33:20.899+0800: 1.615: [GC (CMS Initial Mark) [1 CMS-initial-mark: 196243K(531876K)] 207872K(610532K), 0.0003940 secs] [Times: user=0.00 sys=0.00, real=0.00 secs] 
2024-07-28T21:33:20.900+0800: 1.615: Total time for which application threads were stopped: 0.0005902 seconds, Stopping threads took: 0.0001481 seconds
2024-07-28T21:33:20.900+0800: 1.615: [CMS-concurrent-mark-start]
2024-07-28T21:33:20.902+0800: 1.618: [CMS-concurrent-mark: 0.002/0.002 secs] [Times: user=0.00 sys=0.00, real=0.00 secs] 
2024-07-28T21:33:20.902+0800: 1.618: [CMS-concurrent-preclean-start]
2024-07-28T21:33:20.903+0800: 1.618: [CMS-concurrent-preclean: 0.001/0.001 secs] [Times: user=0.00 sys=0.00, real=0.00 secs] 
2024-07-28T21:33:20.903+0800: 1.618: [CMS-concurrent-abortable-preclean-start]
2024-07-28T21:33:21.022+0800: 1.737: Application time: 0.1218767 seconds
2024-07-28T21:33:21.022+0800: 1.737: [GC (Allocation Failure) 2024-07-28T21:33:21.022+0800: 1.737: [ParNew: 77166K->8192K(78656K), 0.0122706 secs] 273409K->273044K(610532K), 0.0123432 secs] [Times: user=0.00 sys=0.00, real=0.01 secs] 
2024-07-28T21:33:21.034+0800: 1.750: Total time for which application threads were stopped: 0.0124521 seconds, Stopping threads took: 0.0000192 seconds
2024-07-28T21:33:21.146+0800: 1.861: Application time: 0.1114001 seconds
2024-07-28T21:33:21.146+0800: 1.861: [GC (Allocation Failure) 2024-07-28T21:33:21.146+0800: 1.861: [ParNew: 77164K->4096K(78656K), 0.0016680 secs] 342016K->268948K(610532K), 0.0017360 secs] [Times: user=0.00 sys=0.00, real=0.00 secs] 
2024-07-28T21:33:21.147+0800: 1.863: Total time for which application threads were stopped: 0.0018455 seconds, Stopping threads took: 0.0000204 seconds
2024-07-28T21:33:21.152+0800: 1.868: Application time: 0.0045638 seconds
2024-07-28T21:33:21.152+0800: 1.868: [GC (Allocation Failure) 2024-07-28T21:33:21.152+0800: 1.868: [ParNew: 73070K->8192K(78656K), 0.0118517 secs] 337922K->337557K(610532K), 0.0119390 secs] [Times: user=0.03 sys=0.00, real=0.01 secs] 
2024-07-28T21:33:21.164+0800: 1.880: Total time for which application threads were stopped: 0.0120391 seconds, Stopping threads took: 0.0000152 seconds
2024-07-28T21:33:21.164+0800: 1.880: [CMS-concurrent-abortable-preclean: 0.006/0.261 secs] [Times: user=0.06 sys=0.00, real=0.26 secs] 
2024-07-28T21:33:21.164+0800: 1.880: Application time: 0.0002891 seconds
2024-07-28T21:33:21.164+0800: 1.880: [GC (CMS Final Remark) [YG occupancy: 12654 K (78656 K)]2024-07-28T21:33:21.164+0800: 1.880: [Rescan (parallel) , 0.0010688 secs]2024-07-28T21:33:21.166+0800: 1.881: [weak refs processing, 0.0000131 secs]2024-07-28T21:33:21.166+0800: 1.881: [class unloading, 0.0001970 secs]2024-07-28T21:33:21.166+0800: 1.881: [scrub symbol table, 0.0003737 secs]2024-07-28T21:33:21.166+0800: 1.882: [scrub string table, 0.0001063 secs][1 CMS-remark: 329365K(531876K)] 342019K(610532K), 0.0018353 secs] [Times: user=0.00 sys=0.00, real=0.00 secs] 
2024-07-28T21:33:21.166+0800: 1.882: Total time for which application threads were stopped: 0.0019499 seconds, Stopping threads took: 0.0000748 seconds
2024-07-28T21:33:21.166+0800: 1.882: [CMS-concurrent-sweep-start]
2024-07-28T21:33:21.168+0800: 1.883: [CMS-concurrent-sweep: 0.001/0.001 secs] [Times: user=0.00 sys=0.00, real=0.00 secs] 
2024-07-28T21:33:21.168+0800: 1.884: [CMS-concurrent-reset-start]
2024-07-28T21:33:21.169+0800: 1.884: [CMS-concurrent-reset: 0.001/0.001 secs] [Times: user=0.00 sys=0.00, real=0.00 secs] 
2024-07-28T21:33:21.275+0800: 1.990: Application time: 0.1080876 seconds
2024-07-28T21:33:21.275+0800: 1.990: [GC (Allocation Failure) 2024-07-28T21:33:21.275+0800: 1.990: [ParNew: 77866K->8196K(78656K), 0.0125916 secs] 275133K->274072K(610532K), 0.0126506 secs] [Times: user=0.03 sys=0.00, real=0.01 secs] 
2024-07-28T21:33:21.287+0800: 2.003: Total time for which application threads were stopped: 0.0127654 seconds, Stopping threads took: 0.0000186 seconds
2024-07-28T21:33:21.288+0800: 2.003: Application time: 0.0001892 seconds
2024-07-28T21:33:21.288+0800: 2.003: [GC (CMS Initial Mark) [1 CMS-initial-mark: 265876K(531876K)] 277505K(610532K), 0.0007283 secs] [Times: user=0.00 sys=0.00, real=0.00 secs] 
2024-07-28T21:33:21.288+0800: 2.004: Total time for which application threads were stopped: 0.0008924 seconds, Stopping threads took: 0.0001180 seconds
2024-07-28T21:33:21.289+0800: 2.004: [CMS-concurrent-mark-start]
2024-07-28T21:33:21.292+0800: 2.008: [CMS-concurrent-mark: 0.004/0.004 secs] [Times: user=0.00 sys=0.00, real=0.00 secs] 
2024-07-28T21:33:21.292+0800: 2.008: [CMS-concurrent-preclean-start]
2024-07-28T21:33:21.293+0800: 2.009: [CMS-concurrent-preclean: 0.001/0.001 secs] [Times: user=0.00 sys=0.00, real=0.00 secs] 
2024-07-28T21:33:21.293+0800: 2.009: [CMS-concurrent-abortable-preclean-start]
2024-07-28T21:33:21.399+0800: 2.113: Application time: 0.1095087 seconds
2024-07-28T21:33:21.399+0800: 2.113: [GC (Allocation Failure) 2024-07-28T21:33:21.399+0800: 2.113: [ParNew: 77166K->5124K(78656K), 0.0017881 secs] 343042K->271000K(610532K), 0.0018480 secs] [Times: user=0.00 sys=0.00, real=0.00 secs] 
2024-07-28T21:33:21.400+0800: 2.115: Total time for which application threads were stopped: 0.0019639 seconds, Stopping threads took: 0.0000211 seconds
2024-07-28T21:33:21.405+0800: 2.120: Application time: 0.0043212 seconds
2024-07-28T21:33:21.405+0800: 2.120: [GC (Allocation Failure) 2024-07-28T21:33:21.405+0800: 2.120: [ParNew: 74096K->8192K(78656K), 0.0118842 secs] 339973K->339605K(610532K), 0.0119386 secs] [Times: user=0.03 sys=0.00, real=0.01 secs] 
2024-07-28T21:33:21.416+0800: 2.132: Total time for which application threads were stopped: 0.0120373 seconds, Stopping threads took: 0.0000144 seconds
2024-07-28T21:33:21.525+0800: 2.240: Application time: 0.1088493 seconds
2024-07-28T21:33:21.525+0800: 2.241: [GC (Allocation Failure) 2024-07-28T21:33:21.525+0800: 2.241: [ParNew: 77166K->8192K(78656K), 0.0122692 secs] 408579K->408214K(610532K), 0.0123331 secs] [Times: user=0.03 sys=0.00, real=0.01 secs] 
2024-07-28T21:33:21.537+0800: 2.253: Total time for which application threads were stopped: 0.0124435 seconds, Stopping threads took: 0.0000192 seconds
2024-07-28T21:33:21.537+0800: 2.253: [CMS-concurrent-abortable-preclean: 0.006/0.244 secs] [Times: user=0.06 sys=0.00, real=0.24 secs] 
2024-07-28T21:33:21.538+0800: 2.253: Application time: 0.0003349 seconds
2024-07-28T21:33:21.538+0800: 2.253: [GC (CMS Final Remark) [YG occupancy: 12654 K (78656 K)]2024-07-28T21:33:21.538+0800: 2.253: [Rescan (parallel) , 0.0006677 secs]2024-07-28T21:33:21.538+0800: 2.254: [weak refs processing, 0.0000185 secs]2024-07-28T21:33:21.538+0800: 2.254: [class unloading, 0.0002024 secs]2024-07-28T21:33:21.539+0800: 2.254: [scrub symbol table, 0.0003142 secs]2024-07-28T21:33:21.539+0800: 2.255: [scrub string table, 0.0000923 secs][1 CMS-remark: 400022K(531876K)] 412676K(610532K), 0.0013758 secs] [Times: user=0.00 sys=0.00, real=0.00 secs] 
2024-07-28T21:33:21.539+0800: 2.255: Total time for which application threads were stopped: 0.0014976 seconds, Stopping threads took: 0.0000784 seconds
2024-07-28T21:33:21.539+0800: 2.255: [CMS-concurrent-sweep-start]
2024-07-28T21:33:21.541+0800: 2.257: [CMS-concurrent-sweep: 0.002/0.002 secs] [Times: user=0.00 sys=0.00, real=0.00 secs] 
2024-07-28T21:33:21.541+0800: 2.257: [CMS-concurrent-reset-start]
2024-07-28T21:33:21.542+0800: 2.258: [CMS-concurrent-reset: 0.001/0.001 secs] [Times: user=0.00 sys=0.00, real=0.00 secs] 
2024-07-28T21:33:21.649+0800: 2.364: Application time: 0.1091274 seconds
2024-07-28T21:33:21.649+0800: 2.364: [GC (Allocation Failure) 2024-07-28T21:33:21.649+0800: 2.364: [ParNew: 77167K->6144K(78656K), 0.0021555 secs] 345091K->274068K(610532K), 0.0022118 secs] [Times: user=0.00 sys=0.00, real=0.00 secs] 
2024-07-28T21:33:21.651+0800: 2.366: Total time for which application threads were stopped: 0.0023260 seconds, Stopping threads took: 0.0000228 seconds
2024-07-28T21:33:21.655+0800: 2.371: Application time: 0.0043385 seconds
2024-07-28T21:33:21.655+0800: 2.371: [GC (Allocation Failure) 2024-07-28T21:33:21.655+0800: 2.371: [ParNew: 75119K->8192K(78656K), 0.0117444 secs] 343043K->342677K(610532K), 0.0117907 secs] [Times: user=0.03 sys=0.00, real=0.01 secs] 
2024-07-28T21:33:21.667+0800: 2.382: Total time for which application threads were stopped: 0.0118883 seconds, Stopping threads took: 0.0000144 seconds
2024-07-28T21:33:21.667+0800: 2.383: Application time: 0.0002033 seconds
2024-07-28T21:33:21.667+0800: 2.383: [GC (CMS Initial Mark) [1 CMS-initial-mark: 334485K(531876K)] 346116K(610532K), 0.0007567 secs] [Times: user=0.00 sys=0.00, real=0.00 secs] 
2024-07-28T21:33:21.668+0800: 2.384: Total time for which application threads were stopped: 0.0009028 seconds, Stopping threads took: 0.0001030 seconds
2024-07-28T21:33:21.668+0800: 2.384: [CMS-concurrent-mark-start]
2024-07-28T21:33:21.670+0800: 2.386: [CMS-concurrent-mark: 0.002/0.002 secs] [Times: user=0.00 sys=0.00, real=0.00 secs] 
2024-07-28T21:33:21.671+0800: 2.386: [CMS-concurrent-preclean-start]
2024-07-28T21:33:21.671+0800: 2.387: [CMS-concurrent-preclean: 0.001/0.001 secs] [Times: user=0.00 sys=0.00, real=0.00 secs] 
2024-07-28T21:33:21.671+0800: 2.387: [CMS-concurrent-abortable-preclean-start]
2024-07-28T21:33:21.778+0800: 2.493: Application time: 0.1094604 seconds
2024-07-28T21:33:21.778+0800: 2.493: [GC (Allocation Failure) 2024-07-28T21:33:21.778+0800: 2.493: [ParNew: 77622K->8200K(78656K), 0.0124039 secs] 412108K->411294K(610532K), 0.0124633 secs] [Times: user=0.03 sys=0.00, real=0.01 secs] 
2024-07-28T21:33:21.790+0800: 2.506: Total time for which application threads were stopped: 0.0125731 seconds, Stopping threads took: 0.0000197 seconds
2024-07-28T21:33:21.904+0800: 2.619: Application time: 0.1132236 seconds
2024-07-28T21:33:21.904+0800: 2.619: [GC (Allocation Failure) 2024-07-28T21:33:21.904+0800: 2.619: [ParNew: 77173K->7168K(78656K), 0.0020910 secs] 480267K->410262K(610532K), 0.0021488 secs] [Times: user=0.00 sys=0.00, real=0.00 secs] 
2024-07-28T21:33:21.906+0800: 2.621: Total time for which application threads were stopped: 0.0022675 seconds, Stopping threads took: 0.0000204 seconds
2024-07-28T21:33:21.906+0800: 2.621: [CMS-concurrent-abortable-preclean: 0.005/0.235 secs] [Times: user=0.03 sys=0.00, real=0.23 secs] 
2024-07-28T21:33:21.907+0800: 2.621: Application time: 0.0003365 seconds
2024-07-28T21:33:21.907+0800: 2.622: [GC (CMS Final Remark) [YG occupancy: 12653 K (78656 K)]2024-07-28T21:33:21.907+0800: 2.622: [Rescan (parallel) , 0.0010777 secs]2024-07-28T21:33:21.908+0800: 2.623: [weak refs processing, 0.0000127 secs]2024-07-28T21:33:21.908+0800: 2.623: [class unloading, 0.0002039 secs]2024-07-28T21:33:21.908+0800: 2.623: [scrub symbol table, 0.0003446 secs]2024-07-28T21:33:21.908+0800: 2.623: [scrub string table, 0.0001055 secs][1 CMS-remark: 403094K(531876K)] 415747K(610532K), 0.0018088 secs] [Times: user=0.00 sys=0.00, real=0.00 secs] 
2024-07-28T21:33:21.909+0800: 2.623: Total time for which application threads were stopped: 0.0019330 seconds, Stopping threads took: 0.0000877 seconds
2024-07-28T21:33:21.909+0800: 2.624: [CMS-concurrent-sweep-start]
2024-07-28T21:33:21.910+0800: 2.625: [CMS-concurrent-sweep: 0.001/0.001 secs] [Times: user=0.00 sys=0.00, real=0.00 secs] 
2024-07-28T21:33:21.910+0800: 2.625: [CMS-concurrent-reset-start]
2024-07-28T21:33:21.911+0800: 2.626: [CMS-concurrent-reset: 0.001/0.001 secs] [Times: user=0.03 sys=0.00, real=0.00 secs] 
2024-07-28T21:33:21.913+0800: 2.628: Application time: 0.0047283 seconds
2024-07-28T21:33:21.913+0800: 2.628: [GC (Allocation Failure) 2024-07-28T21:33:21.913+0800: 2.628: [ParNew: 76142K->8192K(78656K), 0.0123816 secs] 211968K->211603K(610532K), 0.0124281 secs] [Times: user=0.00 sys=0.00, real=0.01 secs] 
2024-07-28T21:33:21.926+0800: 2.641: Total time for which application threads were stopped: 0.0125366 seconds, Stopping threads took: 0.0000259 seconds
2024-07-28T21:33:21.926+0800: 2.641: Application time: 0.0002260 seconds
2024-07-28T21:33:21.926+0800: 2.641: [GC (CMS Initial Mark) [1 CMS-initial-mark: 203411K(531876K)] 215041K(610532K), 0.0007384 secs] [Times: user=0.00 sys=0.00, real=0.00 secs] 
2024-07-28T21:33:21.927+0800: 2.642: Total time for which application threads were stopped: 0.0008351 seconds, Stopping threads took: 0.0000561 seconds
2024-07-28T21:33:21.927+0800: 2.642: [CMS-concurrent-mark-start]
2024-07-28T21:33:21.929+0800: 2.644: [CMS-concurrent-mark: 0.002/0.002 secs] [Times: user=0.00 sys=0.00, real=0.00 secs] 
2024-07-28T21:33:21.929+0800: 2.644: [CMS-concurrent-preclean-start]
2024-07-28T21:33:21.930+0800: 2.645: [CMS-concurrent-preclean: 0.001/0.001 secs] [Times: user=0.00 sys=0.00, real=0.00 secs] 
2024-07-28T21:33:21.930+0800: 2.645: [CMS-concurrent-abortable-preclean-start]
2024-07-28T21:33:22.048+0800: 2.763: Application time: 0.1213511 seconds
2024-07-28T21:33:22.048+0800: 2.763: [GC (Allocation Failure) 2024-07-28T21:33:22.048+0800: 2.763: [ParNew: 77167K->8192K(78656K), 0.0123516 secs] 280578K->280212K(610532K), 0.0124269 secs] [Times: user=0.03 sys=0.00, real=0.01 secs] 
2024-07-28T21:33:22.060+0800: 2.776: Total time for which application threads were stopped: 0.0125551 seconds, Stopping threads took: 0.0000332 seconds
2024-07-28T21:33:22.171+0800: 2.886: Application time: 0.1104273 seconds
2024-07-28T21:33:22.171+0800: 2.886: [GC (Allocation Failure) 2024-07-28T21:33:22.171+0800: 2.886: [ParNew: 77167K->8192K(78656K), 0.0022416 secs] 349188K->280212K(610532K), 0.0022950 secs] [Times: user=0.00 sys=0.00, real=0.00 secs] 
2024-07-28T21:33:22.174+0800: 2.888: Total time for which application threads were stopped: 0.0024109 seconds, Stopping threads took: 0.0000207 seconds
2024-07-28T21:33:22.174+0800: 2.889: [CMS-concurrent-abortable-preclean: 0.005/0.244 secs] [Times: user=0.03 sys=0.00, real=0.24 secs] 
2024-07-28T21:33:22.174+0800: 2.889: Application time: 0.0003548 seconds
2024-07-28T21:33:22.174+0800: 2.889: [GC (CMS Final Remark) [YG occupancy: 13679 K (78656 K)]2024-07-28T21:33:22.174+0800: 2.889: [Rescan (parallel) , 0.0008090 secs]2024-07-28T21:33:22.175+0800: 2.890: [weak refs processing, 0.0000128 secs]2024-07-28T21:33:22.175+0800: 2.890: [class unloading, 0.0002011 secs]2024-07-28T21:33:22.175+0800: 2.890: [scrub symbol table, 0.0003428 secs]2024-07-28T21:33:22.175+0800: 2.890: [scrub string table, 0.0001219 secs][1 CMS-remark: 272020K(531876K)] 285699K(610532K), 0.0015533 secs] [Times: user=0.00 sys=0.00, real=0.00 secs] 
2024-07-28T21:33:22.176+0800: 2.890: Total time for which application threads were stopped: 0.0017010 seconds, Stopping threads took: 0.0001136 seconds
2024-07-28T21:33:22.176+0800: 2.891: [CMS-concurrent-sweep-start]
2024-07-28T21:33:22.177+0800: 2.892: [CMS-concurrent-sweep: 0.002/0.002 secs] [Times: user=0.03 sys=0.00, real=0.00 secs] 
2024-07-28T21:33:22.177+0800: 2.892: [CMS-concurrent-reset-start]
2024-07-28T21:33:22.179+0800: 2.894: [CMS-concurrent-reset: 0.001/0.001 secs] [Times: user=0.00 sys=0.00, real=0.00 secs] 
2024-07-28T21:33:22.180+0800: 2.895: Application time: 0.0048390 seconds
2024-07-28T21:33:22.181+0800: 2.895: [GC (Allocation Failure) 2024-07-28T21:33:22.181+0800: 2.895: [ParNew: 77168K->8192K(78656K), 0.0125409 secs] 214018K->213651K(610532K), 0.0125905 secs] [Times: user=0.00 sys=0.02, real=0.01 secs] 
2024-07-28T21:33:22.193+0800: 2.908: Total time for which application threads were stopped: 0.0126933 seconds, Stopping threads took: 0.0000201 seconds
2024-07-28T21:33:22.193+0800: 2.908: Application time: 0.0002200 seconds
2024-07-28T21:33:22.193+0800: 2.908: [GC (CMS Initial Mark) [1 CMS-initial-mark: 205459K(531876K)] 217090K(610532K), 0.0007892 secs] [Times: user=0.00 sys=0.00, real=0.00 secs] 
2024-07-28T21:33:22.194+0800: 2.909: Total time for which application threads were stopped: 0.0009250 seconds, Stopping threads took: 0.0000939 seconds
2024-07-28T21:33:22.194+0800: 2.909: [CMS-concurrent-mark-start]
2024-07-28T21:33:22.196+0800: 2.911: [CMS-concurrent-mark: 0.002/0.002 secs] [Times: user=0.00 sys=0.00, real=0.00 secs] 
2024-07-28T21:33:22.196+0800: 2.911: [CMS-concurrent-preclean-start]
2024-07-28T21:33:22.197+0800: 2.912: [CMS-concurrent-preclean: 0.001/0.001 secs] [Times: user=0.00 sys=0.00, real=0.00 secs] 
2024-07-28T21:33:22.197+0800: 2.912: [CMS-concurrent-abortable-preclean-start]
2024-07-28T21:33:22.301+0800: 3.016: Application time: 0.1065594 seconds
2024-07-28T21:33:22.301+0800: 3.016: [GC (Allocation Failure) 2024-07-28T21:33:22.301+0800: 3.016: [ParNew: 77168K->8192K(78656K), 0.0122199 secs] 282627K->282260K(610532K), 0.0122804 secs] [Times: user=0.13 sys=0.00, real=0.01 secs] 
2024-07-28T21:33:22.313+0800: 3.028: Total time for which application threads were stopped: 0.0123968 seconds, Stopping threads took: 0.0000181 seconds
2024-07-28T21:33:22.424+0800: 3.140: Application time: 0.1115440 seconds
2024-07-28T21:33:22.424+0800: 3.140: [GC (Allocation Failure) 2024-07-28T21:33:22.424+0800: 3.140: [ParNew: 77168K->8192K(78656K), 0.0023978 secs] 351237K->283284K(610532K), 0.0024528 secs] [Times: user=0.03 sys=0.00, real=0.00 secs] 
2024-07-28T21:33:22.427+0800: 3.142: Total time for which application threads were stopped: 0.0025611 seconds, Stopping threads took: 0.0000200 seconds
2024-07-28T21:33:22.427+0800: 3.142: [CMS-concurrent-abortable-preclean: 0.006/0.230 secs] [Times: user=0.17 sys=0.00, real=0.23 secs] 
2024-07-28T21:33:22.427+0800: 3.143: Application time: 0.0003118 seconds
2024-07-28T21:33:22.427+0800: 3.143: [GC (CMS Final Remark) [YG occupancy: 12655 K (78656 K)]2024-07-28T21:33:22.427+0800: 3.143: [Rescan (parallel) , 0.0009226 secs]2024-07-28T21:33:22.428+0800: 3.144: [weak refs processing, 0.0000128 secs]2024-07-28T21:33:22.428+0800: 3.144: [class unloading, 0.0002029 secs]2024-07-28T21:33:22.428+0800: 3.144: [scrub symbol table, 0.0004044 secs]2024-07-28T21:33:22.429+0800: 3.144: [scrub string table, 0.0000997 secs][1 CMS-remark: 275092K(531876K)] 287748K(610532K), 0.0017094 secs] [Times: user=0.00 sys=0.00, real=0.00 secs] 
2024-07-28T21:33:22.429+0800: 3.144: Total time for which application threads were stopped: 0.0018940 seconds, Stopping threads took: 0.0001348 seconds
2024-07-28T21:33:22.429+0800: 3.145: [CMS-concurrent-sweep-start]
2024-07-28T21:33:22.431+0800: 3.146: [CMS-concurrent-sweep: 0.002/0.002 secs] [Times: user=0.00 sys=0.00, real=0.00 secs] 
2024-07-28T21:33:22.431+0800: 3.146: [CMS-concurrent-reset-start]
2024-07-28T21:33:22.432+0800: 3.148: [CMS-concurrent-reset: 0.001/0.001 secs] [Times: user=0.00 sys=0.00, real=0.00 secs] 
2024-07-28T21:33:22.434+0800: 3.150: Application time: 0.0051725 seconds
2024-07-28T21:33:22.434+0800: 3.150: [GC (Allocation Failure) 2024-07-28T21:33:22.434+0800: 3.150: [ParNew: 77168K->8192K(78656K), 0.0121940 secs] 216067K->215699K(610532K), 0.0122566 secs] [Times: user=0.03 sys=0.00, real=0.01 secs] 
2024-07-28T21:33:22.447+0800: 3.162: Total time for which application threads were stopped: 0.0123583 seconds, Stopping threads took: 0.0000153 seconds
2024-07-28T21:33:22.447+0800: 3.162: Application time: 0.0002134 seconds
2024-07-28T21:33:22.447+0800: 3.162: [GC (CMS Initial Mark) [1 CMS-initial-mark: 207507K(531876K)] 219139K(610532K), 0.0007305 secs] [Times: user=0.00 sys=0.00, real=0.00 secs] 
2024-07-28T21:33:22.448+0800: 3.163: Total time for which application threads were stopped: 0.0009055 seconds, Stopping threads took: 0.0001312 seconds
2024-07-28T21:33:22.448+0800: 3.163: [CMS-concurrent-mark-start]
2024-07-28T21:33:22.450+0800: 3.165: [CMS-concurrent-mark: 0.002/0.002 secs] [Times: user=0.00 sys=0.00, real=0.00 secs] 
2024-07-28T21:33:22.450+0800: 3.166: [CMS-concurrent-preclean-start]
2024-07-28T21:33:22.451+0800: 3.166: [CMS-concurrent-preclean: 0.001/0.001 secs] [Times: user=0.00 sys=0.00, real=0.00 secs] 
2024-07-28T21:33:22.451+0800: 3.166: [CMS-concurrent-abortable-preclean-start]
2024-07-28T21:33:22.569+0800: 3.284: Application time: 0.1209336 seconds
2024-07-28T21:33:22.569+0800: 3.284: [GC (Allocation Failure) 2024-07-28T21:33:22.569+0800: 3.284: [ParNew: 77168K->8192K(78656K), 0.0119416 secs] 284676K->284308K(610532K), 0.0120042 secs] [Times: user=0.00 sys=0.00, real=0.01 secs] 
2024-07-28T21:33:22.581+0800: 3.296: Total time for which application threads were stopped: 0.0121155 seconds, Stopping threads took: 0.0000185 seconds
2024-07-28T21:33:22.692+0800: 3.407: Application time: 0.1107583 seconds
2024-07-28T21:33:22.692+0800: 3.407: [GC (Allocation Failure) 2024-07-28T21:33:22.692+0800: 3.407: [ParNew: 77168K->8192K(78656K), 0.0026668 secs] 353285K->286356K(610532K), 0.0027221 secs] [Times: user=0.05 sys=0.00, real=0.00 secs] 
2024-07-28T21:33:22.695+0800: 3.410: Total time for which application threads were stopped: 0.0028299 seconds, Stopping threads took: 0.0000205 seconds
2024-07-28T21:33:22.695+0800: 3.410: [CMS-concurrent-abortable-preclean: 0.006/0.244 secs] [Times: user=0.11 sys=0.00, real=0.24 secs] 
2024-07-28T21:33:22.695+0800: 3.410: Application time: 0.0002968 seconds
2024-07-28T21:33:22.695+0800: 3.410: [GC (CMS Final Remark) [YG occupancy: 12655 K (78656 K)]2024-07-28T21:33:22.695+0800: 3.410: [Rescan (parallel) , 0.0007579 secs]2024-07-28T21:33:22.696+0800: 3.411: [weak refs processing, 0.0000126 secs]2024-07-28T21:33:22.696+0800: 3.411: [class unloading, 0.0002051 secs]2024-07-28T21:33:22.696+0800: 3.411: [scrub symbol table, 0.0003436 secs]2024-07-28T21:33:22.697+0800: 3.412: [scrub string table, 0.0000982 secs][1 CMS-remark: 278164K(531876K)] 290820K(610532K), 0.0014794 secs] [Times: user=0.00 sys=0.00, real=0.00 secs] 
2024-07-28T21:33:22.697+0800: 3.412: Total time for which application threads were stopped: 0.0016482 seconds, Stopping threads took: 0.0001338 seconds
2024-07-28T21:33:22.697+0800: 3.412: [CMS-concurrent-sweep-start]
2024-07-28T21:33:22.699+0800: 3.413: [CMS-concurrent-sweep: 0.001/0.001 secs] [Times: user=0.00 sys=0.00, real=0.00 secs] 
2024-07-28T21:33:22.699+0800: 3.414: [CMS-concurrent-reset-start]
2024-07-28T21:33:22.700+0800: 3.415: [CMS-concurrent-reset: 0.001/0.001 secs] [Times: user=0.00 sys=0.00, real=0.00 secs] 
2024-07-28T21:33:22.702+0800: 3.417: Application time: 0.0052021 seconds
2024-07-28T21:33:22.702+0800: 3.417: [GC (Allocation Failure) 2024-07-28T21:33:22.702+0800: 3.417: [ParNew: 77168K->8192K(78656K), 0.0121264 secs] 218115K->217747K(610532K), 0.0121856 secs] [Times: user=0.03 sys=0.00, real=0.01 secs] 
2024-07-28T21:33:22.714+0800: 3.429: Total time for which application threads were stopped: 0.0123001 seconds, Stopping threads took: 0.0000244 seconds
2024-07-28T21:33:22.715+0800: 3.429: Application time: 0.0001655 seconds
2024-07-28T21:33:22.715+0800: 3.429: [GC (CMS Initial Mark) [1 CMS-initial-mark: 209555K(531876K)] 221187K(610532K), 0.0004650 secs] [Times: user=0.00 sys=0.00, real=0.00 secs] 
2024-07-28T21:33:22.715+0800: 3.430: Total time for which application threads were stopped: 0.0005786 seconds, Stopping threads took: 0.0000705 seconds
2024-07-28T21:33:22.715+0800: 3.430: [CMS-concurrent-mark-start]
2024-07-28T21:33:22.717+0800: 3.432: [CMS-concurrent-mark: 0.002/0.002 secs] [Times: user=0.00 sys=0.00, real=0.00 secs] 
2024-07-28T21:33:22.717+0800: 3.432: [CMS-concurrent-preclean-start]
2024-07-28T21:33:22.718+0800: 3.433: [CMS-concurrent-preclean: 0.001/0.001 secs] [Times: user=0.00 sys=0.00, real=0.00 secs] 
2024-07-28T21:33:22.718+0800: 3.433: [CMS-concurrent-abortable-preclean-start]
2024-07-28T21:33:22.834+0800: 3.550: Application time: 0.1197759 seconds
2024-07-28T21:33:22.834+0800: 3.550: [GC (Allocation Failure) 2024-07-28T21:33:22.834+0800: 3.550: [ParNew: 77168K->8192K(78656K), 0.0122060 secs] 286724K->286356K(610532K), 0.0122711 secs] [Times: user=0.00 sys=0.00, real=0.01 secs] 
2024-07-28T21:33:22.847+0800: 3.562: Total time for which application threads were stopped: 0.0123930 seconds, Stopping threads took: 0.0000262 seconds
2024-07-28T21:33:22.958+0800: 3.673: Application time: 0.1112683 seconds
2024-07-28T21:33:22.958+0800: 3.673: [GC (Allocation Failure) 2024-07-28T21:33:22.958+0800: 3.674: [ParNew: 77168K->8192K(78656K), 0.0028723 secs] 355333K->289428K(610532K), 0.0029282 secs] [Times: user=0.00 sys=0.00, real=0.00 secs] 
2024-07-28T21:33:22.961+0800: 3.676: Total time for which application threads were stopped: 0.0030349 seconds, Stopping threads took: 0.0000189 seconds
2024-07-28T21:33:22.961+0800: 3.677: [CMS-concurrent-abortable-preclean: 0.006/0.244 secs] [Times: user=0.06 sys=0.00, real=0.24 secs] 
2024-07-28T21:33:22.962+0800: 3.677: Application time: 0.0003066 seconds
2024-07-28T21:33:22.962+0800: 3.677: [GC (CMS Final Remark) [YG occupancy: 12655 K (78656 K)]2024-07-28T21:33:22.962+0800: 3.677: [Rescan (parallel) , 0.0009069 secs]2024-07-28T21:33:22.963+0800: 3.678: [weak refs processing, 0.0000130 secs]2024-07-28T21:33:22.963+0800: 3.678: [class unloading, 0.0001949 secs]2024-07-28T21:33:22.963+0800: 3.678: [scrub symbol table, 0.0003440 secs]2024-07-28T21:33:22.963+0800: 3.678: [scrub string table, 0.0000989 secs][1 CMS-remark: 281236K(531876K)] 293892K(610532K), 0.0016203 secs] [Times: user=0.00 sys=0.00, real=0.00 secs] 
2024-07-28T21:33:22.963+0800: 3.679: Total time for which application threads were stopped: 0.0018098 seconds, Stopping threads took: 0.0001542 seconds
2024-07-28T21:33:22.964+0800: 3.679: [CMS-concurrent-sweep-start]
2024-07-28T21:33:22.965+0800: 3.680: [CMS-concurrent-sweep: 0.001/0.001 secs] [Times: user=0.00 sys=0.00, real=0.00 secs] 
2024-07-28T21:33:22.965+0800: 3.680: [CMS-concurrent-reset-start]
2024-07-28T21:33:22.967+0800: 3.682: [CMS-concurrent-reset: 0.001/0.001 secs] [Times: user=0.00 sys=0.00, real=0.00 secs] 
2024-07-28T21:33:22.968+0800: 3.684: Application time: 0.0051183 seconds
2024-07-28T21:33:22.969+0800: 3.684: [GC (Allocation Failure) 2024-07-28T21:33:22.969+0800: 3.684: [ParNew: 77168K->8192K(78656K), 0.0123273 secs] 220163K->219795K(610532K), 0.0123760 secs] [Times: user=0.03 sys=0.00, real=0.01 secs] 
2024-07-28T21:33:22.981+0800: 3.696: Total time for which application threads were stopped: 0.0124865 seconds, Stopping threads took: 0.0000178 seconds
2024-07-28T21:33:22.981+0800: 3.696: Application time: 0.0002424 seconds
2024-07-28T21:33:22.981+0800: 3.697: [GC (CMS Initial Mark) [1 CMS-initial-mark: 211603K(531876K)] 223235K(610532K), 0.0008331 secs] [Times: user=0.00 sys=0.00, real=0.00 secs] 
2024-07-28T21:33:22.982+0800: 3.697: Total time for which application threads were stopped: 0.0010184 seconds, Stopping threads took: 0.0001408 seconds
2024-07-28T21:33:22.982+0800: 3.697: [CMS-concurrent-mark-start]
2024-07-28T21:33:22.984+0800: 3.700: [CMS-concurrent-mark: 0.002/0.002 secs] [Times: user=0.00 sys=0.00, real=0.00 secs] 
2024-07-28T21:33:22.984+0800: 3.700: [CMS-concurrent-preclean-start]
2024-07-28T21:33:22.985+0800: 3.700: [CMS-concurrent-preclean: 0.001/0.001 secs] [Times: user=0.00 sys=0.00, real=0.00 secs] 
2024-07-28T21:33:22.985+0800: 3.700: [CMS-concurrent-abortable-preclean-start]
2024-07-28T21:33:23.101+0800: 3.817: Application time: 0.1190752 seconds
2024-07-28T21:33:23.102+0800: 3.817: [GC (Allocation Failure) 2024-07-28T21:33:23.102+0800: 3.817: [ParNew: 77168K->8192K(78656K), 0.0122741 secs] 288772K->288404K(610532K), 0.0123330 secs] [Times: user=0.00 sys=0.00, real=0.01 secs] 
2024-07-28T21:33:23.114+0800: 3.829: Total time for which application threads were stopped: 0.0124498 seconds, Stopping threads took: 0.0000249 seconds
2024-07-28T21:33:23.223+0800: 3.938: Application time: 0.1093635 seconds
2024-07-28T21:33:23.224+0800: 3.938: [GC (Allocation Failure) 2024-07-28T21:33:23.224+0800: 3.938: [ParNew: 77168K->8192K(78656K), 0.0029719 secs] 357381K->292500K(610532K), 0.0030278 secs] [Times: user=0.00 sys=0.00, real=0.00 secs] 
2024-07-28T21:33:23.227+0800: 3.942: Total time for which application threads were stopped: 0.0031739 seconds, Stopping threads took: 0.0000209 seconds
2024-07-28T21:33:23.227+0800: 3.942: [CMS-concurrent-abortable-preclean: 0.006/0.241 secs] [Times: user=0.02 sys=0.00, real=0.24 secs] 
2024-07-28T21:33:23.227+0800: 3.942: Application time: 0.0002937 seconds
2024-07-28T21:33:23.227+0800: 3.942: [GC (CMS Final Remark) [YG occupancy: 12655 K (78656 K)]2024-07-28T21:33:23.227+0800: 3.942: [Rescan (parallel) , 0.0008248 secs]2024-07-28T21:33:23.228+0800: 3.943: [weak refs processing, 0.0000132 secs]2024-07-28T21:33:23.228+0800: 3.943: [class unloading, 0.0002053 secs]2024-07-28T21:33:23.228+0800: 3.943: [scrub symbol table, 0.0003491 secs]2024-07-28T21:33:23.229+0800: 3.943: [scrub string table, 0.0001010 secs][1 CMS-remark: 284308K(531876K)] 296964K(610532K), 0.0015563 secs] [Times: user=0.00 sys=0.00, real=0.00 secs] 
2024-07-28T21:33:23.229+0800: 3.944: Total time for which application threads were stopped: 0.0017657 seconds, Stopping threads took: 0.0001729 seconds
2024-07-28T21:33:23.229+0800: 3.944: [CMS-concurrent-sweep-start]
2024-07-28T21:33:23.231+0800: 3.945: [CMS-concurrent-sweep: 0.002/0.002 secs] [Times: user=0.00 sys=0.00, real=0.00 secs] 
2024-07-28T21:33:23.231+0800: 3.945: [CMS-concurrent-reset-start]
2024-07-28T21:33:23.232+0800: 3.947: [CMS-concurrent-reset: 0.001/0.001 secs] [Times: user=0.00 sys=0.00, real=0.00 secs] 
2024-07-28T21:33:23.234+0800: 3.949: Application time: 0.0050864 seconds
2024-07-28T21:33:23.234+0800: 3.949: [GC (Allocation Failure) 2024-07-28T21:33:23.234+0800: 3.949: [ParNew: 77168K->8192K(78656K), 0.0122689 secs] 222211K->221843K(610532K), 0.0123185 secs] [Times: user=0.03 sys=0.00, real=0.01 secs] 
2024-07-28T21:33:23.246+0800: 3.961: Total time for which application threads were stopped: 0.0124307 seconds, Stopping threads took: 0.0000144 seconds
2024-07-28T21:33:23.247+0800: 3.961: Application time: 0.0002589 seconds
2024-07-28T21:33:23.247+0800: 3.961: [GC (CMS Initial Mark) [1 CMS-initial-mark: 213651K(531876K)] 225283K(610532K), 0.0006261 secs] [Times: user=0.00 sys=0.00, real=0.00 secs] 
2024-07-28T21:33:23.247+0800: 3.962: Total time for which application threads were stopped: 0.0007573 seconds, Stopping threads took: 0.0000890 seconds
2024-07-28T21:33:23.247+0800: 3.962: [CMS-concurrent-mark-start]
2024-07-28T21:33:23.249+0800: 3.964: [CMS-concurrent-mark: 0.002/0.002 secs] [Times: user=0.00 sys=0.00, real=0.00 secs] 
2024-07-28T21:33:23.249+0800: 3.964: [CMS-concurrent-preclean-start]
2024-07-28T21:33:23.250+0800: 3.965: [CMS-concurrent-preclean: 0.001/0.001 secs] [Times: user=0.00 sys=0.00, real=0.00 secs] 
2024-07-28T21:33:23.250+0800: 3.965: [CMS-concurrent-abortable-preclean-start]
2024-07-28T21:33:23.365+0800: 4.081: Application time: 0.1186294 seconds
2024-07-28T21:33:23.365+0800: 4.081: [GC (Allocation Failure) 2024-07-28T21:33:23.365+0800: 4.081: [ParNew: 77168K->8192K(78656K), 0.0118841 secs] 290820K->290452K(610532K), 0.0119494 secs] [Times: user=0.00 sys=0.00, real=0.01 secs] 
2024-07-28T21:33:23.377+0800: 4.093: Total time for which application threads were stopped: 0.0120743 seconds, Stopping threads took: 0.0000210 seconds
2024-07-28T21:33:23.393+0800: 4.108: Application time: 0.0154323 seconds
2024-07-28T21:33:23.393+0800: 4.108: Total time for which application threads were stopped: 0.0000819 seconds, Stopping threads took: 0.0000293 seconds
2024-07-28T21:33:23.488+0800: 4.204: Application time: 0.0951966 seconds
2024-07-28T21:33:23.488+0800: 4.204: [GC (Allocation Failure) 2024-07-28T21:33:23.488+0800: 4.204: [ParNew: 77168K->8192K(78656K), 0.0029131 secs] 359429K->295572K(610532K), 0.0029705 secs] [Times: user=0.13 sys=0.00, real=0.00 secs] 
2024-07-28T21:33:23.491+0800: 4.207: Total time for which application threads were stopped: 0.0030790 seconds, Stopping threads took: 0.0000192 seconds
2024-07-28T21:33:23.491+0800: 4.207: [CMS-concurrent-abortable-preclean: 0.005/0.242 secs] [Times: user=0.19 sys=0.00, real=0.24 secs] 
2024-07-28T21:33:23.491+0800: 4.207: Application time: 0.0002917 seconds
2024-07-28T21:33:23.491+0800: 4.207: [GC (CMS Final Remark) [YG occupancy: 13679 K (78656 K)]2024-07-28T21:33:23.491+0800: 4.207: [Rescan (parallel) , 0.0009718 secs]2024-07-28T21:33:23.492+0800: 4.208: [weak refs processing, 0.0000129 secs]2024-07-28T21:33:23.492+0800: 4.208: [class unloading, 0.0001981 secs]2024-07-28T21:33:23.493+0800: 4.208: [scrub symbol table, 0.0003448 secs]2024-07-28T21:33:23.493+0800: 4.209: [scrub string table, 0.0001118 secs][1 CMS-remark: 287380K(531876K)] 301060K(610532K), 0.0017020 secs] [Times: user=0.00 sys=0.00, real=0.00 secs] 
2024-07-28T21:33:23.493+0800: 4.209: Total time for which application threads were stopped: 0.0018202 seconds, Stopping threads took: 0.0000833 seconds
2024-07-28T21:33:23.493+0800: 4.209: [CMS-concurrent-sweep-start]
2024-07-28T21:33:23.494+0800: 4.210: [CMS-concurrent-sweep: 0.001/0.001 secs] [Times: user=0.00 sys=0.00, real=0.00 secs] 
2024-07-28T21:33:23.495+0800: 4.210: [CMS-concurrent-reset-start]
2024-07-28T21:33:23.497+0800: 4.211: [CMS-concurrent-reset: 0.001/0.001 secs] [Times: user=0.00 sys=0.00, real=0.00 secs] 
2024-07-28T21:33:23.498+0800: 4.213: Application time: 0.0047338 seconds
2024-07-28T21:33:23.498+0800: 4.214: [GC (Allocation Failure) 2024-07-28T21:33:23.498+0800: 4.214: [ParNew: 77168K->8192K(78656K), 0.0120945 secs] 224259K->223891K(610532K), 0.0121435 secs] [Times: user=0.03 sys=0.00, real=0.01 secs] 
2024-07-28T21:33:23.510+0800: 4.226: Total time for which application threads were stopped: 0.0122542 seconds, Stopping threads took: 0.0000181 seconds
2024-07-28T21:33:23.510+0800: 4.226: Application time: 0.0002486 seconds
2024-07-28T21:33:23.511+0800: 4.226: [GC (CMS Initial Mark) [1 CMS-initial-mark: 215699K(531876K)] 227331K(610532K), 0.0008019 secs] [Times: user=0.00 sys=0.00, real=0.00 secs] 
2024-07-28T21:33:23.511+0800: 4.227: Total time for which application threads were stopped: 0.0010050 seconds, Stopping threads took: 0.0001616 seconds
2024-07-28T21:33:23.511+0800: 4.227: [CMS-concurrent-mark-start]
2024-07-28T21:33:23.513+0800: 4.229: [CMS-concurrent-mark: 0.002/0.002 secs] [Times: user=0.00 sys=0.00, real=0.00 secs] 
2024-07-28T21:33:23.513+0800: 4.229: [CMS-concurrent-preclean-start]
2024-07-28T21:33:23.514+0800: 4.230: [CMS-concurrent-preclean: 0.001/0.001 secs] [Times: user=0.00 sys=0.00, real=0.00 secs] 
2024-07-28T21:33:23.514+0800: 4.230: [CMS-concurrent-abortable-preclean-start]
2024-07-28T21:33:23.634+0800: 4.349: Application time: 0.1223233 seconds
2024-07-28T21:33:23.634+0800: 4.349: [GC (Allocation Failure) 2024-07-28T21:33:23.634+0800: 4.349: [ParNew: 77168K->8192K(78656K), 0.0134791 secs] 292868K->292500K(610532K), 0.0135569 secs] [Times: user=0.03 sys=0.00, real=0.01 secs] 
2024-07-28T21:33:23.648+0800: 4.363: Total time for which application threads were stopped: 0.0136691 seconds, Stopping threads took: 0.0000183 seconds
2024-07-28T21:33:23.757+0800: 4.472: Application time: 0.1090798 seconds
2024-07-28T21:33:23.757+0800: 4.472: [GC (Allocation Failure) 2024-07-28T21:33:23.757+0800: 4.472: [ParNew: 77168K->8192K(78656K), 0.0031338 secs] 361477K->298644K(610532K), 0.0031916 secs] [Times: user=0.00 sys=0.00, real=0.00 secs] 
2024-07-28T21:33:23.761+0800: 4.475: Total time for which application threads were stopped: 0.0032989 seconds, Stopping threads took: 0.0000199 seconds
2024-07-28T21:33:23.761+0800: 4.475: [CMS-concurrent-abortable-preclean: 0.006/0.246 secs] [Times: user=0.03 sys=0.00, real=0.25 secs] 
2024-07-28T21:33:23.761+0800: 4.476: Application time: 0.0003057 seconds
2024-07-28T21:33:23.761+0800: 4.476: [GC (CMS Final Remark) [YG occupancy: 12655 K (78656 K)]2024-07-28T21:33:23.761+0800: 4.476: [Rescan (parallel) , 0.0011304 secs]2024-07-28T21:33:23.762+0800: 4.477: [weak refs processing, 0.0000128 secs]2024-07-28T21:33:23.762+0800: 4.477: [class unloading, 0.0002096 secs]2024-07-28T21:33:23.762+0800: 4.477: [scrub symbol table, 0.0003470 secs]2024-07-28T21:33:23.763+0800: 4.478: [scrub string table, 0.0001012 secs][1 CMS-remark: 290452K(531876K)] 303108K(610532K), 0.0018635 secs] [Times: user=0.00 sys=0.00, real=0.00 secs] 
2024-07-28T21:33:23.763+0800: 4.478: Total time for which application threads were stopped: 0.0020227 seconds, Stopping threads took: 0.0001237 seconds
2024-07-28T21:33:23.763+0800: 4.478: [CMS-concurrent-sweep-start]
2024-07-28T21:33:23.765+0800: 4.480: [CMS-concurrent-sweep: 0.002/0.002 secs] [Times: user=0.00 sys=0.00, real=0.00 secs] 
2024-07-28T21:33:23.765+0800: 4.480: [CMS-concurrent-reset-start]
2024-07-28T21:33:23.766+0800: 4.481: [CMS-concurrent-reset: 0.002/0.002 secs] [Times: user=0.00 sys=0.00, real=0.00 secs] 
2024-07-28T21:33:23.768+0800: 4.483: Application time: 0.0052122 seconds
2024-07-28T21:33:23.768+0800: 4.483: [GC (Allocation Failure) 2024-07-28T21:33:23.768+0800: 4.483: [ParNew: 77168K->8192K(78656K), 0.0124418 secs] 226307K->225939K(610532K), 0.0124907 secs] [Times: user=0.03 sys=0.00, real=0.01 secs] 
2024-07-28T21:33:23.781+0800: 4.496: Total time for which application threads were stopped: 0.0125908 seconds, Stopping threads took: 0.0000156 seconds
2024-07-28T21:33:23.781+0800: 4.496: Application time: 0.0002478 seconds
2024-07-28T21:33:23.781+0800: 4.496: [GC (CMS Initial Mark) [1 CMS-initial-mark: 217747K(531876K)] 229379K(610532K), 0.0007496 secs] [Times: user=0.00 sys=0.00, real=0.00 secs] 
2024-07-28T21:33:23.782+0800: 4.497: Total time for which application threads were stopped: 0.0009244 seconds, Stopping threads took: 0.0001322 seconds
2024-07-28T21:33:23.782+0800: 4.497: [CMS-concurrent-mark-start]
2024-07-28T21:33:23.784+0800: 4.499: [CMS-concurrent-mark: 0.002/0.002 secs] [Times: user=0.00 sys=0.00, real=0.00 secs] 
2024-07-28T21:33:23.784+0800: 4.499: [CMS-concurrent-preclean-start]
2024-07-28T21:33:23.785+0800: 4.499: [CMS-concurrent-preclean: 0.001/0.001 secs] [Times: user=0.00 sys=0.00, real=0.00 secs] 
2024-07-28T21:33:23.785+0800: 4.499: [CMS-concurrent-abortable-preclean-start]
2024-07-28T21:33:23.897+0800: 4.612: Application time: 0.1156622 seconds
2024-07-28T21:33:23.897+0800: 4.612: [GC (Allocation Failure) 2024-07-28T21:33:23.897+0800: 4.612: [ParNew: 77168K->8192K(78656K), 0.0122025 secs] 294916K->294548K(610532K), 0.0122678 secs] [Times: user=0.00 sys=0.00, real=0.01 secs] 
2024-07-28T21:33:23.910+0800: 4.625: Total time for which application threads were stopped: 0.0123878 seconds, Stopping threads took: 0.0000198 seconds
2024-07-28T21:33:24.021+0800: 4.737: Application time: 0.1119789 seconds
2024-07-28T21:33:24.021+0800: 4.737: [GC (Allocation Failure) 2024-07-28T21:33:24.021+0800: 4.737: [ParNew: 77168K->8192K(78656K), 0.0036559 secs] 363525K->301716K(610532K), 0.0037116 secs] [Times: user=0.00 sys=0.00, real=0.00 secs] 
2024-07-28T21:33:24.025+0800: 4.741: Total time for which application threads were stopped: 0.0038200 seconds, Stopping threads took: 0.0000190 seconds
2024-07-28T21:33:24.025+0800: 4.741: [CMS-concurrent-abortable-preclean: 0.006/0.241 secs] [Times: user=0.06 sys=0.00, real=0.24 secs] 
2024-07-28T21:33:24.025+0800: 4.741: Application time: 0.0003539 seconds
2024-07-28T21:33:24.026+0800: 4.741: [GC (CMS Final Remark) [YG occupancy: 13679 K (78656 K)]2024-07-28T21:33:24.026+0800: 4.741: [Rescan (parallel) , 0.0010518 secs]2024-07-28T21:33:24.027+0800: 4.742: [weak refs processing, 0.0000128 secs]2024-07-28T21:33:24.027+0800: 4.742: [class unloading, 0.0001984 secs]2024-07-28T21:33:24.027+0800: 4.742: [scrub symbol table, 0.0003446 secs]2024-07-28T21:33:24.027+0800: 4.743: [scrub string table, 0.0001134 secs][1 CMS-remark: 293524K(531876K)] 307204K(610532K), 0.0017829 secs] [Times: user=0.00 sys=0.00, real=0.00 secs] 
2024-07-28T21:33:24.027+0800: 4.743: Total time for which application threads were stopped: 0.0019088 seconds, Stopping threads took: 0.0000819 seconds
2024-07-28T21:33:24.027+0800: 4.743: [CMS-concurrent-sweep-start]
2024-07-28T21:33:24.029+0800: 4.744: [CMS-concurrent-sweep: 0.001/0.001 secs] [Times: user=0.00 sys=0.00, real=0.00 secs] 
2024-07-28T21:33:24.029+0800: 4.744: [CMS-concurrent-reset-start]
2024-07-28T21:33:24.030+0800: 4.745: [CMS-concurrent-reset: 0.001/0.001 secs] [Times: user=0.00 sys=0.00, real=0.00 secs] 
2024-07-28T21:33:24.032+0800: 4.748: Application time: 0.0049607 seconds
2024-07-28T21:33:24.032+0800: 4.748: [GC (Allocation Failure) 2024-07-28T21:33:24.032+0800: 4.748: [ParNew: 77168K->8192K(78656K), 0.0120131 secs] 228355K->227987K(610532K), 0.0120622 secs] [Times: user=0.03 sys=0.00, real=0.01 secs] 
2024-07-28T21:33:24.044+0800: 4.760: Total time for which application threads were stopped: 0.0121638 seconds, Stopping threads took: 0.0000163 seconds
2024-07-28T21:33:24.045+0800: 4.760: Application time: 0.0001415 seconds
2024-07-28T21:33:24.045+0800: 4.760: [GC (CMS Initial Mark) [1 CMS-initial-mark: 219795K(531876K)] 231427K(610532K), 0.0008199 secs] [Times: user=0.00 sys=0.00, real=0.00 secs] 
2024-07-28T21:33:24.046+0800: 4.761: Total time for which application threads were stopped: 0.0010445 seconds, Stopping threads took: 0.0001801 seconds
2024-07-28T21:33:24.046+0800: 4.761: [CMS-concurrent-mark-start]
2024-07-28T21:33:24.047+0800: 4.763: [CMS-concurrent-mark: 0.002/0.002 secs] [Times: user=0.00 sys=0.00, real=0.00 secs] 
2024-07-28T21:33:24.047+0800: 4.763: [CMS-concurrent-preclean-start]
2024-07-28T21:33:24.048+0800: 4.764: [CMS-concurrent-preclean: 0.001/0.001 secs] [Times: user=0.00 sys=0.00, real=0.00 secs] 
2024-07-28T21:33:24.048+0800: 4.764: [CMS-concurrent-abortable-preclean-start]
2024-07-28T21:33:24.163+0800: 4.878: Application time: 0.1170494 seconds
2024-07-28T21:33:24.164+0800: 4.878: [GC (Allocation Failure) 2024-07-28T21:33:24.164+0800: 4.878: [ParNew: 77168K->8192K(78656K), 0.0121680 secs] 296964K->296596K(610532K), 0.0122276 secs] [Times: user=0.00 sys=0.00, real=0.01 secs] 
2024-07-28T21:33:24.176+0800: 4.891: Total time for which application threads were stopped: 0.0123389 seconds, Stopping threads took: 0.0000186 seconds
2024-07-28T21:33:24.285+0800: 5.000: Application time: 0.1095167 seconds
2024-07-28T21:33:24.285+0800: 5.000: [GC (Allocation Failure) 2024-07-28T21:33:24.285+0800: 5.000: [ParNew: 77168K->8192K(78656K), 0.0037373 secs] 365573K->304788K(610532K), 0.0037944 secs] [Times: user=0.09 sys=0.01, real=0.00 secs] 
2024-07-28T21:33:24.289+0800: 5.004: Total time for which application threads were stopped: 0.0039156 seconds, Stopping threads took: 0.0000196 seconds
2024-07-28T21:33:24.289+0800: 5.004: [CMS-concurrent-abortable-preclean: 0.006/0.240 secs] [Times: user=0.16 sys=0.01, real=0.24 secs] 
2024-07-28T21:33:24.289+0800: 5.004: Application time: 0.0003875 seconds
2024-07-28T21:33:24.290+0800: 5.005: [GC (CMS Final Remark) [YG occupancy: 13679 K (78656 K)]2024-07-28T21:33:24.290+0800: 5.005: [Rescan (parallel) , 0.0011116 secs]2024-07-28T21:33:24.291+0800: 5.006: [weak refs processing, 0.0000130 secs]2024-07-28T21:33:24.291+0800: 5.006: [class unloading, 0.0002084 secs]2024-07-28T21:33:24.291+0800: 5.006: [scrub symbol table, 0.0003420 secs]2024-07-28T21:33:24.291+0800: 5.006: [scrub string table, 0.0001008 secs][1 CMS-remark: 296596K(531876K)] 310276K(610532K), 0.0018463 secs] [Times: user=0.00 sys=0.00, real=0.00 secs] 
2024-07-28T21:33:24.291+0800: 5.006: Total time for which application threads were stopped: 0.0020271 seconds, Stopping threads took: 0.0001372 seconds
2024-07-28T21:33:24.292+0800: 5.007: [CMS-concurrent-sweep-start]
2024-07-28T21:33:24.293+0800: 5.008: [CMS-concurrent-sweep: 0.002/0.002 secs] [Times: user=0.00 sys=0.00, real=0.00 secs] 
2024-07-28T21:33:24.293+0800: 5.008: [CMS-concurrent-reset-start]
2024-07-28T21:33:24.295+0800: 5.010: [CMS-concurrent-reset: 0.001/0.001 secs] [Times: user=0.00 sys=0.00, real=0.00 secs] 
2024-07-28T21:33:24.296+0800: 5.011: Application time: 0.0046591 seconds
2024-07-28T21:33:24.296+0800: 5.011: [GC (Allocation Failure) 2024-07-28T21:33:24.296+0800: 5.011: [ParNew: 77168K->8192K(78656K), 0.0135403 secs] 230403K->230035K(610532K), 0.0135881 secs] [Times: user=0.02 sys=0.00, real=0.01 secs] 
2024-07-28T21:33:24.310+0800: 5.025: Total time for which application threads were stopped: 0.0136972 seconds, Stopping threads took: 0.0000258 seconds
2024-07-28T21:33:24.310+0800: 5.025: Application time: 0.0002580 seconds
2024-07-28T21:33:24.310+0800: 5.025: [GC (CMS Initial Mark) [1 CMS-initial-mark: 221843K(531876K)] 233475K(610532K), 0.0007988 secs] [Times: user=0.00 sys=0.00, real=0.00 secs] 
2024-07-28T21:33:24.311+0800: 5.026: Total time for which application threads were stopped: 0.0009156 seconds, Stopping threads took: 0.0000756 seconds
2024-07-28T21:33:24.311+0800: 5.026: [CMS-concurrent-mark-start]
2024-07-28T21:33:24.313+0800: 5.028: [CMS-concurrent-mark: 0.002/0.002 secs] [Times: user=0.00 sys=0.00, real=0.00 secs] 
2024-07-28T21:33:24.313+0800: 5.028: [CMS-concurrent-preclean-start]
2024-07-28T21:33:24.314+0800: 5.029: [CMS-concurrent-preclean: 0.001/0.001 secs] [Times: user=0.00 sys=0.00, real=0.00 secs] 
2024-07-28T21:33:24.314+0800: 5.029: [CMS-concurrent-abortable-preclean-start]
2024-07-28T21:33:24.427+0800: 5.142: Application time: 0.1161538 seconds
2024-07-28T21:33:24.427+0800: 5.142: [GC (Allocation Failure) 2024-07-28T21:33:24.427+0800: 5.142: [ParNew: 77464K->8198K(78656K), 0.0120675 secs] 299308K->298650K(610532K), 0.0121483 secs] [Times: user=0.00 sys=0.00, real=0.01 secs] 
2024-07-28T21:33:24.440+0800: 5.154: Total time for which application threads were stopped: 0.0123103 seconds, Stopping threads took: 0.0000310 seconds
2024-07-28T21:33:24.550+0800: 5.265: Application time: 0.1103630 seconds
2024-07-28T21:33:24.550+0800: 5.265: [GC (Allocation Failure) 2024-07-28T21:33:24.550+0800: 5.265: [ParNew: 77172K->8192K(78656K), 0.0035838 secs] 367625K->307861K(610532K), 0.0036593 secs] [Times: user=0.03 sys=0.00, real=0.00 secs] 
2024-07-28T21:33:24.554+0800: 5.269: Total time for which application threads were stopped: 0.0037886 seconds, Stopping threads took: 0.0000192 seconds
2024-07-28T21:33:24.554+0800: 5.269: [CMS-concurrent-abortable-preclean: 0.006/0.240 secs] [Times: user=0.08 sys=0.00, real=0.24 secs] 
2024-07-28T21:33:24.554+0800: 5.269: Application time: 0.0003562 seconds
2024-07-28T21:33:24.554+0800: 5.269: [GC (CMS Final Remark) [YG occupancy: 14702 K (78656 K)]2024-07-28T21:33:24.554+0800: 5.269: [Rescan (parallel) , 0.0009623 secs]2024-07-28T21:33:24.555+0800: 5.270: [weak refs processing, 0.0000156 secs]2024-07-28T21:33:24.555+0800: 5.270: [class unloading, 0.0002330 secs]2024-07-28T21:33:24.555+0800: 5.270: [scrub symbol table, 0.0003486 secs]2024-07-28T21:33:24.556+0800: 5.271: [scrub string table, 0.0001010 secs][1 CMS-remark: 299669K(531876K)] 314372K(610532K), 0.0017284 secs] [Times: user=0.00 sys=0.00, real=0.00 secs] 
2024-07-28T21:33:24.556+0800: 5.271: Total time for which application threads were stopped: 0.0018427 seconds, Stopping threads took: 0.0000782 seconds
2024-07-28T21:33:24.556+0800: 5.271: [CMS-concurrent-sweep-start]
2024-07-28T21:33:24.557+0800: 5.272: [CMS-concurrent-sweep: 0.001/0.001 secs] [Times: user=0.00 sys=0.00, real=0.00 secs] 
2024-07-28T21:33:24.557+0800: 5.273: [CMS-concurrent-reset-start]
2024-07-28T21:33:24.558+0800: 5.274: [CMS-concurrent-reset: 0.001/0.001 secs] [Times: user=0.00 sys=0.00, real=0.00 secs] 
2024-07-28T21:33:24.560+0800: 5.275: Application time: 0.0047166 seconds
2024-07-28T21:33:24.560+0800: 5.276: [GC (Allocation Failure) 2024-07-28T21:33:24.561+0800: 5.276: [ParNew: 77167K->8192K(78656K), 0.0121883 secs] 232450K->232084K(610532K), 0.0122400 secs] [Times: user=0.03 sys=0.00, real=0.01 secs] 
2024-07-28T21:33:24.573+0800: 5.288: Total time for which application threads were stopped: 0.0123397 seconds, Stopping threads took: 0.0000127 seconds
2024-07-28T21:33:24.573+0800: 5.288: Application time: 0.0002407 seconds
2024-07-28T21:33:24.573+0800: 5.288: [GC (CMS Initial Mark) [1 CMS-initial-mark: 223892K(531876K)] 235523K(610532K), 0.0007311 secs] [Times: user=0.00 sys=0.00, real=0.00 secs] 
2024-07-28T21:33:24.574+0800: 5.289: Total time for which application threads were stopped: 0.0009372 seconds, Stopping threads took: 0.0001559 seconds
2024-07-28T21:33:24.574+0800: 5.289: [CMS-concurrent-mark-start]
2024-07-28T21:33:24.576+0800: 5.291: [CMS-concurrent-mark: 0.002/0.002 secs] [Times: user=0.00 sys=0.00, real=0.00 secs] 
2024-07-28T21:33:24.576+0800: 5.291: [CMS-concurrent-preclean-start]
2024-07-28T21:33:24.576+0800: 5.291: [CMS-concurrent-preclean: 0.001/0.001 secs] [Times: user=0.00 sys=0.00, real=0.00 secs] 
2024-07-28T21:33:24.576+0800: 5.291: [CMS-concurrent-abortable-preclean-start]
2024-07-28T21:33:24.693+0800: 5.407: Application time: 0.1183610 seconds
2024-07-28T21:33:24.693+0800: 5.407: [GC (Allocation Failure) 2024-07-28T21:33:24.693+0800: 5.407: [ParNew: 77167K->8192K(78656K), 0.0129238 secs] 301060K->300693K(610532K), 0.0129782 secs] [Times: user=0.00 sys=0.00, real=0.01 secs] 
2024-07-28T21:33:24.705+0800: 5.420: Total time for which application threads were stopped: 0.0130876 seconds, Stopping threads took: 0.0000186 seconds
2024-07-28T21:33:24.815+0800: 5.530: Application time: 0.1097816 seconds
2024-07-28T21:33:24.815+0800: 5.530: [GC (Allocation Failure) 2024-07-28T21:33:24.815+0800: 5.530: [ParNew: 77168K->8192K(78656K), 0.0037818 secs] 369669K->310933K(610532K), 0.0038414 secs] [Times: user=0.03 sys=0.00, real=0.00 secs] 
2024-07-28T21:33:24.819+0800: 5.534: Total time for which application threads were stopped: 0.0039706 seconds, Stopping threads took: 0.0000247 seconds
2024-07-28T21:33:24.819+0800: 5.534: [CMS-concurrent-abortable-preclean: 0.007/0.243 secs] [Times: user=0.08 sys=0.00, real=0.24 secs] 
2024-07-28T21:33:24.820+0800: 5.535: Application time: 0.0003887 seconds
2024-07-28T21:33:24.820+0800: 5.535: [GC (CMS Final Remark) [YG occupancy: 13679 K (78656 K)]2024-07-28T21:33:24.820+0800: 5.535: [Rescan (parallel) , 0.0007207 secs]2024-07-28T21:33:24.820+0800: 5.536: [weak refs processing, 0.0000128 secs]2024-07-28T21:33:24.820+0800: 5.536: [class unloading, 0.0002355 secs]2024-07-28T21:33:24.821+0800: 5.536: [scrub symbol table, 0.0003425 secs]2024-07-28T21:33:24.821+0800: 5.536: [scrub string table, 0.0001009 secs][1 CMS-remark: 302741K(531876K)] 316421K(610532K), 0.0014762 secs] [Times: user=0.00 sys=0.00, real=0.00 secs] 
2024-07-28T21:33:24.821+0800: 5.536: Total time for which application threads were stopped: 0.0016377 seconds, Stopping threads took: 0.0001248 seconds
2024-07-28T21:33:24.821+0800: 5.537: [CMS-concurrent-sweep-start]
2024-07-28T21:33:24.823+0800: 5.538: [CMS-concurrent-sweep: 0.002/0.002 secs] [Times: user=0.00 sys=0.00, real=0.00 secs] 
2024-07-28T21:33:24.823+0800: 5.538: [CMS-concurrent-reset-start]
2024-07-28T21:33:24.824+0800: 5.540: [CMS-concurrent-reset: 0.001/0.001 secs] [Times: user=0.00 sys=0.00, real=0.00 secs] 
2024-07-28T21:33:24.826+0800: 5.541: Application time: 0.0049245 seconds
2024-07-28T21:33:24.826+0800: 5.541: [GC (Allocation Failure) 2024-07-28T21:33:24.826+0800: 5.541: [ParNew: 77168K->8192K(78656K), 0.0121961 secs] 234499K->234132K(610532K), 0.0122492 secs] [Times: user=0.03 sys=0.00, real=0.01 secs] 
2024-07-28T21:33:24.838+0800: 5.554: Total time for which application threads were stopped: 0.0123468 seconds, Stopping threads took: 0.0000138 seconds
2024-07-28T21:33:24.839+0800: 5.554: Application time: 0.0001275 seconds
2024-07-28T21:33:24.839+0800: 5.554: [GC (CMS Initial Mark) [1 CMS-initial-mark: 225940K(531876K)] 237572K(610532K), 0.0007689 secs] [Times: user=0.00 sys=0.00, real=0.00 secs] 
2024-07-28T21:33:24.839+0800: 5.555: Total time for which application threads were stopped: 0.0008792 seconds, Stopping threads took: 0.0000638 seconds
2024-07-28T21:33:24.840+0800: 5.555: [CMS-concurrent-mark-start]
2024-07-28T21:33:24.841+0800: 5.556: [CMS-concurrent-mark: 0.002/0.002 secs] [Times: user=0.00 sys=0.00, real=0.00 secs] 
2024-07-28T21:33:24.841+0800: 5.556: [CMS-concurrent-preclean-start]
2024-07-28T21:33:24.842+0800: 5.557: [CMS-concurrent-preclean: 0.001/0.001 secs] [Times: user=0.00 sys=0.00, real=0.00 secs] 
2024-07-28T21:33:24.842+0800: 5.557: [CMS-concurrent-abortable-preclean-start]
2024-07-28T21:33:24.958+0800: 5.673: Application time: 0.1181946 seconds
2024-07-28T21:33:24.958+0800: 5.673: [GC (Allocation Failure) 2024-07-28T21:33:24.958+0800: 5.673: [ParNew: 77168K->8192K(78656K), 0.0120398 secs] 303109K->302741K(610532K), 0.0121008 secs] [Times: user=0.00 sys=0.00, real=0.01 secs] 
2024-07-28T21:33:24.970+0800: 5.685: Total time for which application threads were stopped: 0.0122095 seconds, Stopping threads took: 0.0000187 seconds
2024-07-28T21:33:25.082+0800: 5.797: Application time: 0.1117097 seconds
2024-07-28T21:33:25.082+0800: 5.797: [GC (Allocation Failure) 2024-07-28T21:33:25.082+0800: 5.797: [ParNew: 77168K->8192K(78656K), 0.0038562 secs] 371718K->314005K(610532K), 0.0039287 secs] [Times: user=0.03 sys=0.00, real=0.00 secs] 
2024-07-28T21:33:25.086+0800: 5.801: Total time for which application threads were stopped: 0.0040453 seconds, Stopping threads took: 0.0000222 seconds
2024-07-28T21:33:25.086+0800: 5.801: [CMS-concurrent-abortable-preclean: 0.006/0.244 secs] [Times: user=0.06 sys=0.00, real=0.24 secs] 
2024-07-28T21:33:25.086+0800: 5.801: Application time: 0.0003659 seconds
2024-07-28T21:33:25.086+0800: 5.801: [GC (CMS Final Remark) [YG occupancy: 14703 K (78656 K)]2024-07-28T21:33:25.086+0800: 5.801: [Rescan (parallel) , 0.0009898 secs]2024-07-28T21:33:25.087+0800: 5.802: [weak refs processing, 0.0000124 secs]2024-07-28T21:33:25.087+0800: 5.802: [class unloading, 0.0002222 secs]2024-07-28T21:33:25.087+0800: 5.802: [scrub symbol table, 0.0003227 secs]2024-07-28T21:33:25.088+0800: 5.803: [scrub string table, 0.0000917 secs][1 CMS-remark: 305813K(531876K)] 320517K(610532K), 0.0017022 secs] [Times: user=0.00 sys=0.00, real=0.00 secs] 
2024-07-28T21:33:25.088+0800: 5.803: Total time for which application threads were stopped: 0.0018106 seconds, Stopping threads took: 0.0000734 seconds
2024-07-28T21:33:25.088+0800: 5.803: [CMS-concurrent-sweep-start]
2024-07-28T21:33:25.089+0800: 5.805: [CMS-concurrent-sweep: 0.002/0.002 secs] [Times: user=0.00 sys=0.00, real=0.00 secs] 
2024-07-28T21:33:25.090+0800: 5.805: [CMS-concurrent-reset-start]
2024-07-28T21:33:25.091+0800: 5.806: [CMS-concurrent-reset: 0.001/0.001 secs] [Times: user=0.00 sys=0.00, real=0.00 secs] 
2024-07-28T21:33:25.092+0800: 5.808: Application time: 0.0046025 seconds
2024-07-28T21:33:25.092+0800: 5.808: [GC (Allocation Failure) 2024-07-28T21:33:25.092+0800: 5.808: [ParNew: 77168K->8192K(78656K), 0.0128814 secs] 236548K->236180K(610532K), 0.0129326 secs] [Times: user=0.03 sys=0.00, real=0.01 secs] 
2024-07-28T21:33:25.105+0800: 5.821: Total time for which application threads were stopped: 0.0130240 seconds, Stopping threads took: 0.0000125 seconds
2024-07-28T21:33:25.106+0800: 5.821: Application time: 0.0002568 seconds
2024-07-28T21:33:25.106+0800: 5.821: [GC (CMS Initial Mark) [1 CMS-initial-mark: 227988K(531876K)] 239620K(610532K), 0.0008339 secs] [Times: user=0.00 sys=0.00, real=0.00 secs] 
2024-07-28T21:33:25.107+0800: 5.822: Total time for which application threads were stopped: 0.0010345 seconds, Stopping threads took: 0.0001585 seconds
2024-07-28T21:33:25.107+0800: 5.822: [CMS-concurrent-mark-start]
2024-07-28T21:33:25.108+0800: 5.823: [CMS-concurrent-mark: 0.001/0.001 secs] [Times: user=0.00 sys=0.00, real=0.00 secs] 
2024-07-28T21:33:25.108+0800: 5.823: [CMS-concurrent-preclean-start]
2024-07-28T21:33:25.109+0800: 5.824: [CMS-concurrent-preclean: 0.001/0.001 secs] [Times: user=0.00 sys=0.00, real=0.00 secs] 
2024-07-28T21:33:25.109+0800: 5.824: [CMS-concurrent-abortable-preclean-start]
2024-07-28T21:33:25.223+0800: 5.938: Application time: 0.1159044 seconds
2024-07-28T21:33:25.223+0800: 5.938: [GC (Allocation Failure) 2024-07-28T21:33:25.223+0800: 5.938: [ParNew: 77168K->8192K(78656K), 0.0120124 secs] 305157K->304789K(610532K), 0.0120704 secs] [Times: user=0.00 sys=0.00, real=0.01 secs] 
2024-07-28T21:33:25.235+0800: 5.950: Total time for which application threads were stopped: 0.0121874 seconds, Stopping threads took: 0.0000241 seconds
2024-07-28T21:33:25.348+0800: 6.063: Application time: 0.1127571 seconds
2024-07-28T21:33:25.348+0800: 6.063: [GC (Allocation Failure) 2024-07-28T21:33:25.348+0800: 6.063: [ParNew: 77168K->8192K(78656K), 0.0041183 secs] 373766K->317077K(610532K), 0.0041939 secs] [Times: user=0.06 sys=0.00, real=0.00 secs] 
2024-07-28T21:33:25.352+0800: 6.067: Total time for which application threads were stopped: 0.0043203 seconds, Stopping threads took: 0.0000279 seconds
2024-07-28T21:33:25.352+0800: 6.067: [CMS-concurrent-abortable-preclean: 0.006/0.243 secs] [Times: user=0.08 sys=0.00, real=0.24 secs] 
2024-07-28T21:33:25.352+0800: 6.067: Application time: 0.0003105 seconds
2024-07-28T21:33:25.352+0800: 6.067: [GC (CMS Final Remark) [YG occupancy: 12655 K (78656 K)]2024-07-28T21:33:25.352+0800: 6.068: [Rescan (parallel) , 0.0009844 secs]2024-07-28T21:33:25.353+0800: 6.069: [weak refs processing, 0.0000129 secs]2024-07-28T21:33:25.353+0800: 6.069: [class unloading, 0.0002196 secs]2024-07-28T21:33:25.354+0800: 6.069: [scrub symbol table, 0.0003509 secs]2024-07-28T21:33:25.354+0800: 6.069: [scrub string table, 0.0001003 secs][1 CMS-remark: 308885K(531876K)] 321541K(610532K), 0.0017332 secs] [Times: user=0.00 sys=0.00, real=0.00 secs] 
2024-07-28T21:33:25.354+0800: 6.069: Total time for which application threads were stopped: 0.0019210 seconds, Stopping threads took: 0.0001509 seconds
2024-07-28T21:33:25.354+0800: 6.070: [CMS-concurrent-sweep-start]
2024-07-28T21:33:25.356+0800: 6.071: [CMS-concurrent-sweep: 0.001/0.001 secs] [Times: user=0.00 sys=0.00, real=0.00 secs] 
2024-07-28T21:33:25.356+0800: 6.071: [CMS-concurrent-reset-start]
2024-07-28T21:33:25.357+0800: 6.073: [CMS-concurrent-reset: 0.001/0.001 secs] [Times: user=0.00 sys=0.00, real=0.00 secs] 
2024-07-28T21:33:25.359+0800: 6.074: Application time: 0.0047443 seconds
2024-07-28T21:33:25.359+0800: 6.074: [GC (Allocation Failure) 2024-07-28T21:33:25.359+0800: 6.074: [ParNew: 77168K->8192K(78656K), 0.0125029 secs] 238596K->238228K(610532K), 0.0125546 secs] [Times: user=0.03 sys=0.00, real=0.01 secs] 
2024-07-28T21:33:25.372+0800: 6.087: Total time for which application threads were stopped: 0.0126503 seconds, Stopping threads took: 0.0000131 seconds
2024-07-28T21:33:25.372+0800: 6.087: Application time: 0.0001821 seconds
2024-07-28T21:33:25.372+0800: 6.087: [GC (CMS Initial Mark) [1 CMS-initial-mark: 230036K(531876K)] 241668K(610532K), 0.0007566 secs] [Times: user=0.00 sys=0.00, real=0.00 secs] 
2024-07-28T21:33:25.373+0800: 6.088: Total time for which application threads were stopped: 0.0009186 seconds, Stopping threads took: 0.0001119 seconds
2024-07-28T21:33:25.373+0800: 6.088: [CMS-concurrent-mark-start]
2024-07-28T21:33:25.374+0800: 6.089: [CMS-concurrent-mark: 0.001/0.001 secs] [Times: user=0.00 sys=0.00, real=0.00 secs] 
2024-07-28T21:33:25.374+0800: 6.089: [CMS-concurrent-preclean-start]
2024-07-28T21:33:25.375+0800: 6.090: [CMS-concurrent-preclean: 0.001/0.001 secs] [Times: user=0.00 sys=0.00, real=0.00 secs] 
2024-07-28T21:33:25.375+0800: 6.090: [CMS-concurrent-abortable-preclean-start]
2024-07-28T21:33:25.492+0800: 6.207: Application time: 0.1193082 seconds
2024-07-28T21:33:25.492+0800: 6.207: [GC (Allocation Failure) 2024-07-28T21:33:25.492+0800: 6.207: [ParNew: 77168K->8192K(78656K), 0.0126778 secs] 307205K->306837K(610532K), 0.0127363 secs] [Times: user=0.00 sys=0.02, real=0.01 secs] 
2024-07-28T21:33:25.505+0800: 6.220: Total time for which application threads were stopped: 0.0128703 seconds, Stopping threads took: 0.0000189 seconds
2024-07-28T21:33:25.615+0800: 6.330: Application time: 0.1105428 seconds
2024-07-28T21:33:25.615+0800: 6.331: [GC (Allocation Failure) 2024-07-28T21:33:25.615+0800: 6.331: [ParNew: 77360K->8196K(78656K), 0.0042301 secs] 376006K->320154K(610532K), 0.0042893 secs] [Times: user=0.00 sys=0.00, real=0.00 secs] 
2024-07-28T21:33:25.619+0800: 6.335: Total time for which application threads were stopped: 0.0044271 seconds, Stopping threads took: 0.0000338 seconds
2024-07-28T21:33:25.619+0800: 6.335: [CMS-concurrent-abortable-preclean: 0.006/0.245 secs] [Times: user=0.03 sys=0.02, real=0.24 secs] 
2024-07-28T21:33:25.620+0800: 6.335: Application time: 0.0002835 seconds
2024-07-28T21:33:25.620+0800: 6.335: [GC (CMS Final Remark) [YG occupancy: 12658 K (78656 K)]2024-07-28T21:33:25.620+0800: 6.335: [Rescan (parallel) , 0.0010338 secs]2024-07-28T21:33:25.621+0800: 6.336: [weak refs processing, 0.0000127 secs]2024-07-28T21:33:25.621+0800: 6.336: [class unloading, 0.0002117 secs]2024-07-28T21:33:25.621+0800: 6.337: [scrub symbol table, 0.0003244 secs]2024-07-28T21:33:25.621+0800: 6.337: [scrub string table, 0.0001000 secs][1 CMS-remark: 311957K(531876K)] 324616K(610532K), 0.0017521 secs] [Times: user=0.00 sys=0.00, real=0.00 secs] 
2024-07-28T21:33:25.622+0800: 6.337: Total time for which application threads were stopped: 0.0019572 seconds, Stopping threads took: 0.0001661 seconds
2024-07-28T21:33:25.622+0800: 6.337: [CMS-concurrent-sweep-start]
2024-07-28T21:33:25.623+0800: 6.338: [CMS-concurrent-sweep: 0.001/0.001 secs] [Times: user=0.00 sys=0.00, real=0.00 secs] 
2024-07-28T21:33:25.623+0800: 6.339: [CMS-concurrent-reset-start]
2024-07-28T21:33:25.624+0800: 6.340: [CMS-concurrent-reset: 0.001/0.001 secs] [Times: user=0.00 sys=0.00, real=0.00 secs] 
2024-07-28T21:33:25.626+0800: 6.342: Application time: 0.0047988 seconds
2024-07-28T21:33:25.626+0800: 6.342: [GC (Allocation Failure) 2024-07-28T21:33:25.626+0800: 6.342: [ParNew: 77171K->8192K(78656K), 0.0124200 secs] 240647K->240276K(610532K), 0.0124682 secs] [Times: user=0.03 sys=0.00, real=0.01 secs] 
2024-07-28T21:33:25.639+0800: 6.355: Total time for which application threads were stopped: 0.0125662 seconds, Stopping threads took: 0.0000140 seconds
2024-07-28T21:33:25.639+0800: 6.355: Application time: 0.0002697 seconds
2024-07-28T21:33:25.639+0800: 6.355: [GC (CMS Initial Mark) [1 CMS-initial-mark: 232084K(531876K)] 243715K(610532K), 0.0008379 secs] [Times: user=0.00 sys=0.00, real=0.00 secs] 
2024-07-28T21:33:25.640+0800: 6.356: Total time for which application threads were stopped: 0.0010034 seconds, Stopping threads took: 0.0001233 seconds
2024-07-28T21:33:25.640+0800: 6.356: [CMS-concurrent-mark-start]
2024-07-28T21:33:25.642+0800: 6.357: [CMS-concurrent-mark: 0.001/0.001 secs] [Times: user=0.00 sys=0.00, real=0.00 secs] 
2024-07-28T21:33:25.642+0800: 6.357: [CMS-concurrent-preclean-start]
2024-07-28T21:33:25.642+0800: 6.358: [CMS-concurrent-preclean: 0.001/0.001 secs] [Times: user=0.00 sys=0.00, real=0.00 secs] 
2024-07-28T21:33:25.642+0800: 6.358: [CMS-concurrent-abortable-preclean-start]
2024-07-28T21:33:25.758+0800: 6.473: Application time: 0.1174081 seconds
2024-07-28T21:33:25.759+0800: 6.473: [GC (Allocation Failure) 2024-07-28T21:33:25.759+0800: 6.473: [ParNew: 77167K->8192K(78656K), 0.0123690 secs] 309252K->308885K(610532K), 0.0124312 secs] [Times: user=0.02 sys=0.00, real=0.01 secs] 
2024-07-28T21:33:25.771+0800: 6.486: Total time for which application threads were stopped: 0.0125443 seconds, Stopping threads took: 0.0000224 seconds
2024-07-28T21:33:25.884+0800: 6.598: Application time: 0.1127219 seconds
2024-07-28T21:33:25.884+0800: 6.599: [GC (Allocation Failure) 2024-07-28T21:33:25.884+0800: 6.599: [ParNew: 77168K->8192K(78656K), 0.0045399 secs] 377861K->323222K(610532K), 0.0046056 secs] [Times: user=0.00 sys=0.00, real=0.00 secs] 
2024-07-28T21:33:25.888+0800: 6.603: Total time for which application threads were stopped: 0.0047229 seconds, Stopping threads took: 0.0000188 seconds
2024-07-28T21:33:25.888+0800: 6.603: [CMS-concurrent-abortable-preclean: 0.006/0.245 secs] [Times: user=0.02 sys=0.00, real=0.25 secs] 
2024-07-28T21:33:25.889+0800: 6.604: Application time: 0.0003916 seconds
2024-07-28T21:33:25.889+0800: 6.604: [GC (CMS Final Remark) [YG occupancy: 14703 K (78656 K)]2024-07-28T21:33:25.889+0800: 6.604: [Rescan (parallel) , 0.0008475 secs]2024-07-28T21:33:25.890+0800: 6.605: [weak refs processing, 0.0000128 secs]2024-07-28T21:33:25.890+0800: 6.605: [class unloading, 0.0002156 secs]2024-07-28T21:33:25.890+0800: 6.605: [scrub symbol table, 0.0003474 secs]2024-07-28T21:33:25.890+0800: 6.605: [scrub string table, 0.0001125 secs][1 CMS-remark: 315029K(531876K)] 329733K(610532K), 0.0016005 secs] [Times: user=0.00 sys=0.00, real=0.00 secs] 
2024-07-28T21:33:25.890+0800: 6.605: Total time for which application threads were stopped: 0.0017134 seconds, Stopping threads took: 0.0000765 seconds
2024-07-28T21:33:25.891+0800: 6.606: [CMS-concurrent-sweep-start]
2024-07-28T21:33:25.892+0800: 6.607: [CMS-concurrent-sweep: 0.002/0.002 secs] [Times: user=0.00 sys=0.00, real=0.00 secs] 
2024-07-28T21:33:25.892+0800: 6.607: [CMS-concurrent-reset-start]
2024-07-28T21:33:25.894+0800: 6.609: [CMS-concurrent-reset: 0.001/0.001 secs] [Times: user=0.00 sys=0.00, real=0.00 secs] 
2024-07-28T21:33:25.895+0800: 6.610: Application time: 0.0048084 seconds
2024-07-28T21:33:25.895+0800: 6.610: [GC (Allocation Failure) 2024-07-28T21:33:25.895+0800: 6.610: [ParNew: 77168K->8192K(78656K), 0.0121261 secs] 242692K->242324K(610532K), 0.0121873 secs] [Times: user=0.03 sys=0.00, real=0.01 secs] 
2024-07-28T21:33:25.908+0800: 6.622: Total time for which application threads were stopped: 0.0122843 seconds, Stopping threads took: 0.0000137 seconds
2024-07-28T21:33:25.908+0800: 6.623: Application time: 0.0002517 seconds
2024-07-28T21:33:25.908+0800: 6.623: [GC (CMS Initial Mark) [1 CMS-initial-mark: 234132K(531876K)] 245764K(610532K), 0.0007064 secs] [Times: user=0.00 sys=0.00, real=0.00 secs] 
2024-07-28T21:33:25.909+0800: 6.624: Total time for which application threads were stopped: 0.0008914 seconds, Stopping threads took: 0.0001428 seconds
2024-07-28T21:33:25.909+0800: 6.624: [CMS-concurrent-mark-start]
2024-07-28T21:33:25.910+0800: 6.625: [CMS-concurrent-mark: 0.001/0.001 secs] [Times: user=0.00 sys=0.00, real=0.00 secs] 
2024-07-28T21:33:25.910+0800: 6.625: [CMS-concurrent-preclean-start]
2024-07-28T21:33:25.911+0800: 6.626: [CMS-concurrent-preclean: 0.001/0.001 secs] [Times: user=0.02 sys=0.00, real=0.00 secs] 
2024-07-28T21:33:25.911+0800: 6.626: [CMS-concurrent-abortable-preclean-start]
2024-07-28T21:33:26.026+0800: 6.741: Application time: 0.1178877 seconds
2024-07-28T21:33:26.026+0800: 6.742: [GC (Allocation Failure) 2024-07-28T21:33:26.026+0800: 6.742: [ParNew: 77168K->8192K(78656K), 0.0124539 secs] 311301K->310933K(610532K), 0.0125219 secs] [Times: user=0.03 sys=0.00, real=0.01 secs] 
2024-07-28T21:33:26.039+0800: 6.754: Total time for which application threads were stopped: 0.0126331 seconds, Stopping threads took: 0.0000191 seconds
2024-07-28T21:33:26.150+0800: 6.865: Application time: 0.1113415 seconds
2024-07-28T21:33:26.151+0800: 6.865: [GC (Allocation Failure) 2024-07-28T21:33:26.151+0800: 6.866: [ParNew: 77168K->8192K(78656K), 0.0048289 secs] 379910K->326294K(610532K), 0.0048931 secs] [Times: user=0.00 sys=0.00, real=0.00 secs] 
2024-07-28T21:33:26.156+0800: 6.870: Total time for which application threads were stopped: 0.0050092 seconds, Stopping threads took: 0.0000213 seconds
2024-07-28T21:33:26.156+0800: 6.871: [CMS-concurrent-abortable-preclean: 0.008/0.245 secs] [Times: user=0.03 sys=0.00, real=0.24 secs] 
2024-07-28T21:33:26.156+0800: 6.871: Application time: 0.0002896 seconds
2024-07-28T21:33:26.156+0800: 6.871: [GC (CMS Final Remark) [YG occupancy: 12655 K (78656 K)]2024-07-28T21:33:26.156+0800: 6.871: [Rescan (parallel) , 0.0009323 secs]2024-07-28T21:33:26.157+0800: 6.872: [weak refs processing, 0.0000130 secs]2024-07-28T21:33:26.157+0800: 6.872: [class unloading, 0.0002125 secs]2024-07-28T21:33:26.157+0800: 6.872: [scrub symbol table, 0.0003449 secs]2024-07-28T21:33:26.157+0800: 6.872: [scrub string table, 0.0001203 secs][1 CMS-remark: 318102K(531876K)] 330757K(610532K), 0.0016856 secs] [Times: user=0.00 sys=0.00, real=0.00 secs] 
2024-07-28T21:33:26.158+0800: 6.873: Total time for which application threads were stopped: 0.0018581 seconds, Stopping threads took: 0.0001366 seconds
2024-07-28T21:33:26.158+0800: 6.873: [CMS-concurrent-sweep-start]
2024-07-28T21:33:26.159+0800: 6.874: [CMS-concurrent-sweep: 0.002/0.002 secs] [Times: user=0.00 sys=0.00, real=0.00 secs] 
2024-07-28T21:33:26.159+0800: 6.874: [CMS-concurrent-reset-start]
2024-07-28T21:33:26.161+0800: 6.876: [CMS-concurrent-reset: 0.001/0.001 secs] [Times: user=0.03 sys=0.00, real=0.00 secs] 
2024-07-28T21:33:26.162+0800: 6.877: Application time: 0.0047132 seconds
2024-07-28T21:33:26.162+0800: 6.877: [GC (Allocation Failure) 2024-07-28T21:33:26.162+0800: 6.877: [ParNew: 77168K->8192K(78656K), 0.0123962 secs] 244740K->244372K(610532K), 0.0124449 secs] [Times: user=0.00 sys=0.00, real=0.01 secs] 
2024-07-28T21:33:26.175+0800: 6.890: Total time for which application threads were stopped: 0.0125378 seconds, Stopping threads took: 0.0000121 seconds
2024-07-28T21:33:26.175+0800: 6.890: Application time: 0.0002252 seconds
2024-07-28T21:33:26.175+0800: 6.890: [GC (CMS Initial Mark) [1 CMS-initial-mark: 236180K(531876K)] 247812K(610532K), 0.0007755 secs] [Times: user=0.00 sys=0.00, real=0.00 secs] 
2024-07-28T21:33:26.176+0800: 6.891: Total time for which application threads were stopped: 0.0008939 seconds, Stopping threads took: 0.0000768 seconds
2024-07-28T21:33:26.176+0800: 6.891: [CMS-concurrent-mark-start]
2024-07-28T21:33:26.177+0800: 6.892: [CMS-concurrent-mark: 0.001/0.001 secs] [Times: user=0.05 sys=0.00, real=0.00 secs] 
2024-07-28T21:33:26.177+0800: 6.892: [CMS-concurrent-preclean-start]
2024-07-28T21:33:26.178+0800: 6.893: [CMS-concurrent-preclean: 0.001/0.001 secs] [Times: user=0.00 sys=0.00, real=0.00 secs] 
2024-07-28T21:33:26.178+0800: 6.893: [CMS-concurrent-abortable-preclean-start]
2024-07-28T21:33:26.293+0800: 7.008: Application time: 0.1168156 seconds
2024-07-28T21:33:26.293+0800: 7.008: [GC (Allocation Failure) 2024-07-28T21:33:26.293+0800: 7.008: [ParNew: 77168K->8192K(78656K), 0.0125635 secs] 313349K->312981K(610532K), 0.0126172 secs] [Times: user=0.03 sys=0.00, real=0.01 secs] 
2024-07-28T21:33:26.306+0800: 7.021: Total time for which application threads were stopped: 0.0127276 seconds, Stopping threads took: 0.0000196 seconds
2024-07-28T21:33:26.416+0800: 7.132: Application time: 0.1111338 seconds
2024-07-28T21:33:26.416+0800: 7.132: [GC (Allocation Failure) 2024-07-28T21:33:26.417+0800: 7.132: [ParNew: 77168K->8192K(78656K), 0.0050181 secs] 381958K->329366K(610532K), 0.0050844 secs] [Times: user=0.00 sys=0.00, real=0.01 secs] 
2024-07-28T21:33:26.422+0800: 7.137: Total time for which application threads were stopped: 0.0051929 seconds, Stopping threads took: 0.0000194 seconds
2024-07-28T21:33:26.422+0800: 7.137: [CMS-concurrent-abortable-preclean: 0.006/0.244 secs] [Times: user=0.03 sys=0.00, real=0.24 secs] 
2024-07-28T21:33:26.422+0800: 7.137: Application time: 0.0003989 seconds
2024-07-28T21:33:26.422+0800: 7.137: [GC (CMS Final Remark) [YG occupancy: 13679 K (78656 K)]2024-07-28T21:33:26.422+0800: 7.137: [Rescan (parallel) , 0.0006394 secs]2024-07-28T21:33:26.423+0800: 7.138: [weak refs processing, 0.0000128 secs]2024-07-28T21:33:26.423+0800: 7.138: [class unloading, 0.0002174 secs]2024-07-28T21:33:26.423+0800: 7.138: [scrub symbol table, 0.0003463 secs]2024-07-28T21:33:26.423+0800: 7.139: [scrub string table, 0.0001181 secs][1 CMS-remark: 321174K(531876K)] 334853K(610532K), 0.0013994 secs] [Times: user=0.00 sys=0.00, real=0.00 secs] 
2024-07-28T21:33:26.424+0800: 7.139: Total time for which application threads were stopped: 0.0015796 seconds, Stopping threads took: 0.0001431 seconds
2024-07-28T21:33:26.424+0800: 7.139: [CMS-concurrent-sweep-start]
2024-07-28T21:33:26.425+0800: 7.141: [CMS-concurrent-sweep: 0.002/0.002 secs] [Times: user=0.00 sys=0.00, real=0.00 secs] 
2024-07-28T21:33:26.425+0800: 7.141: [CMS-concurrent-reset-start]
2024-07-28T21:33:26.427+0800: 7.142: [CMS-concurrent-reset: 0.001/0.001 secs] [Times: user=0.03 sys=0.00, real=0.00 secs] 
2024-07-28T21:33:26.428+0800: 7.144: Application time: 0.0046766 seconds
2024-07-28T21:33:26.428+0800: 7.144: [GC (Allocation Failure) 2024-07-28T21:33:26.428+0800: 7.144: [ParNew: 77168K->8192K(78656K), 0.0123522 secs] 246788K->246420K(610532K), 0.0124005 secs] [Times: user=0.00 sys=0.00, real=0.01 secs] 
2024-07-28T21:33:26.441+0800: 7.156: Total time for which application threads were stopped: 0.0124946 seconds, Stopping threads took: 0.0000122 seconds
2024-07-28T21:33:26.441+0800: 7.156: Application time: 0.0001883 seconds
2024-07-28T21:33:26.441+0800: 7.156: [GC (CMS Initial Mark) [1 CMS-initial-mark: 238228K(531876K)] 249860K(610532K), 0.0008649 secs] [Times: user=0.00 sys=0.00, real=0.00 secs] 
2024-07-28T21:33:26.442+0800: 7.157: Total time for which application threads were stopped: 0.0009558 seconds, Stopping threads took: 0.0000483 seconds
2024-07-28T21:33:26.442+0800: 7.157: [CMS-concurrent-mark-start]
2024-07-28T21:33:26.443+0800: 7.159: [CMS-concurrent-mark: 0.001/0.001 secs] [Times: user=0.00 sys=0.00, real=0.00 secs] 
2024-07-28T21:33:26.443+0800: 7.159: [CMS-concurrent-preclean-start]
2024-07-28T21:33:26.444+0800: 7.159: [CMS-concurrent-preclean: 0.001/0.001 secs] [Times: user=0.00 sys=0.00, real=0.00 secs] 
2024-07-28T21:33:26.444+0800: 7.159: [CMS-concurrent-abortable-preclean-start]
2024-07-28T21:33:26.561+0800: 7.276: Application time: 0.1188417 seconds
2024-07-28T21:33:26.561+0800: 7.276: [GC (Allocation Failure) 2024-07-28T21:33:26.561+0800: 7.276: [ParNew: 77168K->8202K(78656K), 0.0123080 secs] 315397K->315040K(610532K), 0.0123810 secs] [Times: user=0.03 sys=0.00, real=0.01 secs] 
2024-07-28T21:33:26.574+0800: 7.289: Total time for which application threads were stopped: 0.0124942 seconds, Stopping threads took: 0.0000226 seconds
2024-07-28T21:33:26.683+0800: 7.399: Application time: 0.1100005 seconds
2024-07-28T21:33:26.684+0800: 7.399: [GC (Allocation Failure) 2024-07-28T21:33:26.684+0800: 7.399: [ParNew: 77178K->8192K(78656K), 0.0048192 secs] 384016K->332438K(610532K), 0.0048924 secs] [Times: user=0.00 sys=0.00, real=0.00 secs] 
2024-07-28T21:33:26.688+0800: 7.404: Total time for which application threads were stopped: 0.0050052 seconds, Stopping threads took: 0.0000192 seconds
2024-07-28T21:33:26.689+0800: 7.404: [CMS-concurrent-abortable-preclean: 0.006/0.244 secs] [Times: user=0.03 sys=0.00, real=0.24 secs] 
2024-07-28T21:33:26.689+0800: 7.404: Application time: 0.0003733 seconds
2024-07-28T21:33:26.689+0800: 7.404: [GC (CMS Final Remark) [YG occupancy: 13679 K (78656 K)]2024-07-28T21:33:26.689+0800: 7.404: [Rescan (parallel) , 0.0009129 secs]2024-07-28T21:33:26.690+0800: 7.405: [weak refs processing, 0.0000166 secs]2024-07-28T21:33:26.690+0800: 7.405: [class unloading, 0.0002146 secs]2024-07-28T21:33:26.690+0800: 7.405: [scrub symbol table, 0.0003456 secs]2024-07-28T21:33:26.690+0800: 7.406: [scrub string table, 0.0001137 secs][1 CMS-remark: 324246K(531876K)] 337926K(610532K), 0.0016721 secs] [Times: user=0.00 sys=0.00, real=0.00 secs] 
2024-07-28T21:33:26.691+0800: 7.406: Total time for which application threads were stopped: 0.0018028 seconds, Stopping threads took: 0.0000935 seconds
2024-07-28T21:33:26.691+0800: 7.406: [CMS-concurrent-sweep-start]
2024-07-28T21:33:26.692+0800: 7.407: [CMS-concurrent-sweep: 0.001/0.001 secs] [Times: user=0.03 sys=0.00, real=0.00 secs] 
2024-07-28T21:33:26.692+0800: 7.407: [CMS-concurrent-reset-start]
2024-07-28T21:33:26.693+0800: 7.408: [CMS-concurrent-reset: 0.001/0.001 secs] [Times: user=0.00 sys=0.00, real=0.00 secs] 
2024-07-28T21:33:26.695+0800: 7.410: Application time: 0.0046682 seconds
2024-07-28T21:33:26.695+0800: 7.410: [GC (Allocation Failure) 2024-07-28T21:33:26.695+0800: 7.410: [ParNew: 77168K->8192K(78656K), 0.0125662 secs] 248837K->248469K(610532K), 0.0126146 secs] [Times: user=0.00 sys=0.00, real=0.01 secs] 
2024-07-28T21:33:26.708+0800: 7.423: Total time for which application threads were stopped: 0.0127155 seconds, Stopping threads took: 0.0000126 seconds
2024-07-28T21:33:26.708+0800: 7.423: Application time: 0.0001902 seconds
2024-07-28T21:33:26.708+0800: 7.423: [GC (CMS Initial Mark) [1 CMS-initial-mark: 240277K(531876K)] 251909K(610532K), 0.0007545 secs] [Times: user=0.00 sys=0.00, real=0.00 secs] 
2024-07-28T21:33:26.709+0800: 7.424: Total time for which application threads were stopped: 0.0009620 seconds, Stopping threads took: 0.0001643 seconds
2024-07-28T21:33:26.709+0800: 7.424: [CMS-concurrent-mark-start]
2024-07-28T21:33:26.710+0800: 7.426: [CMS-concurrent-mark: 0.001/0.001 secs] [Times: user=0.00 sys=0.00, real=0.00 secs] 
2024-07-28T21:33:26.710+0800: 7.426: [CMS-concurrent-preclean-start]
2024-07-28T21:33:26.711+0800: 7.426: [CMS-concurrent-preclean: 0.001/0.001 secs] [Times: user=0.00 sys=0.00, real=0.00 secs] 
2024-07-28T21:33:26.711+0800: 7.426: [CMS-concurrent-abortable-preclean-start]
2024-07-28T21:33:26.827+0800: 7.543: Application time: 0.1182574 seconds
2024-07-28T21:33:26.827+0800: 7.543: [GC (Allocation Failure) 2024-07-28T21:33:26.827+0800: 7.543: [ParNew: 77168K->8192K(78656K), 0.0123326 secs] 317446K->317078K(610532K), 0.0123955 secs] [Times: user=0.03 sys=0.00, real=0.01 secs] 
2024-07-28T21:33:26.840+0800: 7.555: Total time for which application threads were stopped: 0.0125062 seconds, Stopping threads took: 0.0000195 seconds
2024-07-28T21:33:26.951+0800: 7.667: Application time: 0.1116541 seconds
2024-07-28T21:33:26.951+0800: 7.667: [GC (Allocation Failure) 2024-07-28T21:33:26.951+0800: 7.667: [ParNew: 77168K->8192K(78656K), 0.0048732 secs] 386055K->335510K(610532K), 0.0049339 secs] [Times: user=0.00 sys=0.00, real=0.01 secs] 
2024-07-28T21:33:26.956+0800: 7.672: Total time for which application threads were stopped: 0.0050455 seconds, Stopping threads took: 0.0000202 seconds
2024-07-28T21:33:26.956+0800: 7.672: [CMS-concurrent-abortable-preclean: 0.006/0.245 secs] [Times: user=0.03 sys=0.00, real=0.25 secs] 
2024-07-28T21:33:26.957+0800: 7.672: Application time: 0.0003885 seconds
2024-07-28T21:33:26.957+0800: 7.672: [GC (CMS Final Remark) [YG occupancy: 13679 K (78656 K)]2024-07-28T21:33:26.957+0800: 7.672: [Rescan (parallel) , 0.0007773 secs]2024-07-28T21:33:26.958+0800: 7.673: [weak refs processing, 0.0000126 secs]2024-07-28T21:33:26.958+0800: 7.673: [class unloading, 0.0002363 secs]2024-07-28T21:33:26.958+0800: 7.673: [scrub symbol table, 0.0003363 secs]2024-07-28T21:33:26.958+0800: 7.674: [scrub string table, 0.0001014 secs][1 CMS-remark: 327318K(531876K)] 340998K(610532K), 0.0015272 secs] [Times: user=0.00 sys=0.00, real=0.00 secs] 
2024-07-28T21:33:26.958+0800: 7.674: Total time for which application threads were stopped: 0.0016921 seconds, Stopping threads took: 0.0001206 seconds
2024-07-28T21:33:26.958+0800: 7.674: [CMS-concurrent-sweep-start]
2024-07-28T21:33:26.960+0800: 7.676: [CMS-concurrent-sweep: 0.002/0.002 secs] [Times: user=0.00 sys=0.00, real=0.00 secs] 
2024-07-28T21:33:26.960+0800: 7.676: [CMS-concurrent-reset-start]
2024-07-28T21:33:26.961+0800: 7.677: [CMS-concurrent-reset: 0.001/0.001 secs] [Times: user=0.00 sys=0.00, real=0.00 secs] 
2024-07-28T21:33:26.963+0800: 7.679: Application time: 0.0048048 seconds
2024-07-28T21:33:26.963+0800: 7.679: [GC (Allocation Failure) 2024-07-28T21:33:26.963+0800: 7.679: [ParNew: 77168K->8192K(78656K), 0.0125107 secs] 250885K->250517K(610532K), 0.0125590 secs] [Times: user=0.03 sys=0.00, real=0.01 secs] 
2024-07-28T21:33:26.976+0800: 7.691: Total time for which application threads were stopped: 0.0126552 seconds, Stopping threads took: 0.0000125 seconds
2024-07-28T21:33:26.976+0800: 7.692: Application time: 0.0002409 seconds
2024-07-28T21:33:26.976+0800: 7.692: [GC (CMS Initial Mark) [1 CMS-initial-mark: 242325K(531876K)] 253957K(610532K), 0.0008032 secs] [Times: user=0.00 sys=0.00, real=0.00 secs] 
2024-07-28T21:33:26.977+0800: 7.692: Total time for which application threads were stopped: 0.0009204 seconds, Stopping threads took: 0.0000762 seconds
2024-07-28T21:33:26.977+0800: 7.693: [CMS-concurrent-mark-start]
2024-07-28T21:33:26.978+0800: 7.694: [CMS-concurrent-mark: 0.001/0.001 secs] [Times: user=0.00 sys=0.00, real=0.00 secs] 
2024-07-28T21:33:26.978+0800: 7.694: [CMS-concurrent-preclean-start]
2024-07-28T21:33:26.979+0800: 7.694: [CMS-concurrent-preclean: 0.001/0.001 secs] [Times: user=0.00 sys=0.00, real=0.00 secs] 
2024-07-28T21:33:26.979+0800: 7.694: [CMS-concurrent-abortable-preclean-start]
2024-07-28T21:33:27.095+0800: 7.810: Application time: 0.1179021 seconds
2024-07-28T21:33:27.095+0800: 7.810: [GC (Allocation Failure) 2024-07-28T21:33:27.095+0800: 7.810: [ParNew: 77168K->8192K(78656K), 0.0129015 secs] 319494K->319126K(610532K), 0.0129615 secs] [Times: user=0.03 sys=0.00, real=0.01 secs] 
2024-07-28T21:33:27.108+0800: 7.823: Total time for which application threads were stopped: 0.0130690 seconds, Stopping threads took: 0.0000191 seconds
2024-07-28T21:33:27.218+0800: 7.933: Application time: 0.1096910 seconds
2024-07-28T21:33:27.218+0800: 7.933: [GC (Allocation Failure) 2024-07-28T21:33:27.218+0800: 7.933: [ParNew: 77168K->8192K(78656K), 0.0053726 secs] 388103K->338582K(610532K), 0.0054324 secs] [Times: user=0.03 sys=0.00, real=0.01 secs] 
2024-07-28T21:33:27.223+0800: 7.939: Total time for which application threads were stopped: 0.0055427 seconds, Stopping threads took: 0.0000198 seconds
2024-07-28T21:33:27.224+0800: 7.939: [CMS-concurrent-abortable-preclean: 0.006/0.244 secs] [Times: user=0.06 sys=0.00, real=0.24 secs] 
2024-07-28T21:33:27.224+0800: 7.939: Application time: 0.0003698 seconds
2024-07-28T21:33:27.224+0800: 7.939: [GC (CMS Final Remark) [YG occupancy: 13679 K (78656 K)]2024-07-28T21:33:27.224+0800: 7.939: [Rescan (parallel) , 0.0005864 secs]2024-07-28T21:33:27.225+0800: 7.940: [weak refs processing, 0.0000135 secs]2024-07-28T21:33:27.225+0800: 7.940: [class unloading, 0.0002381 secs]2024-07-28T21:33:27.225+0800: 7.940: [scrub symbol table, 0.0003484 secs]2024-07-28T21:33:27.225+0800: 7.940: [scrub string table, 0.0000919 secs][1 CMS-remark: 330390K(531876K)] 344070K(610532K), 0.0013458 secs] [Times: user=0.00 sys=0.00, real=0.00 secs] 
2024-07-28T21:33:27.225+0800: 7.941: Total time for which application threads were stopped: 0.0015634 seconds, Stopping threads took: 0.0001803 seconds
2024-07-28T21:33:27.226+0800: 7.941: [CMS-concurrent-sweep-start]
2024-07-28T21:33:27.227+0800: 7.942: [CMS-concurrent-sweep: 0.001/0.001 secs] [Times: user=0.00 sys=0.00, real=0.00 secs] 
2024-07-28T21:33:27.227+0800: 7.942: [CMS-concurrent-reset-start]
2024-07-28T21:33:27.228+0800: 7.943: [CMS-concurrent-reset: 0.001/0.001 secs] [Times: user=0.00 sys=0.00, real=0.00 secs] 
2024-07-28T21:33:27.230+0800: 7.945: Application time: 0.0047345 seconds
2024-07-28T21:33:27.230+0800: 7.945: [GC (Allocation Failure) 2024-07-28T21:33:27.230+0800: 7.945: [ParNew: 77168K->8192K(78656K), 0.0119604 secs] 252933K->252565K(610532K), 0.0120121 secs] [Times: user=0.03 sys=0.00, real=0.01 secs] 
2024-07-28T21:33:27.242+0800: 7.957: Total time for which application threads were stopped: 0.0121085 seconds, Stopping threads took: 0.0000136 seconds
2024-07-28T21:33:27.242+0800: 7.958: Application time: 0.0001728 seconds
2024-07-28T21:33:27.243+0800: 7.958: [GC (CMS Initial Mark) [1 CMS-initial-mark: 244373K(531876K)] 256005K(610532K), 0.0007630 secs] [Times: user=0.00 sys=0.00, real=0.00 secs] 
2024-07-28T21:33:27.243+0800: 7.959: Total time for which application threads were stopped: 0.0009399 seconds, Stopping threads took: 0.0001355 seconds
2024-07-28T21:33:27.243+0800: 7.959: [CMS-concurrent-mark-start]
2024-07-28T21:33:27.245+0800: 7.960: [CMS-concurrent-mark: 0.001/0.001 secs] [Times: user=0.00 sys=0.00, real=0.00 secs] 
2024-07-28T21:33:27.245+0800: 7.960: [CMS-concurrent-preclean-start]
2024-07-28T21:33:27.245+0800: 7.960: [CMS-concurrent-preclean: 0.001/0.001 secs] [Times: user=0.00 sys=0.00, real=0.00 secs] 
2024-07-28T21:33:27.245+0800: 7.960: [CMS-concurrent-abortable-preclean-start]
2024-07-28T21:33:27.361+0800: 8.077: Application time: 0.1180182 seconds
2024-07-28T21:33:27.361+0800: 8.077: [GC (Allocation Failure) 2024-07-28T21:33:27.361+0800: 8.077: [ParNew: 77168K->8192K(78656K), 0.0123391 secs] 321542K->321174K(610532K), 0.0123983 secs] [Times: user=0.03 sys=0.00, real=0.01 secs] 
2024-07-28T21:33:27.374+0800: 8.089: Total time for which application threads were stopped: 0.0125102 seconds, Stopping threads took: 0.0000201 seconds
2024-07-28T21:33:27.485+0800: 8.201: Application time: 0.1114937 seconds
2024-07-28T21:33:27.485+0800: 8.201: [GC (Allocation Failure) 2024-07-28T21:33:27.485+0800: 8.201: [ParNew: 77168K->8192K(78656K), 0.0051505 secs] 390151K->341654K(610532K), 0.0052107 secs] [Times: user=0.03 sys=0.00, real=0.01 secs] 
2024-07-28T21:33:27.491+0800: 8.206: Total time for which application threads were stopped: 0.0053279 seconds, Stopping threads took: 0.0000198 seconds
2024-07-28T21:33:27.491+0800: 8.206: [CMS-concurrent-abortable-preclean: 0.006/0.246 secs] [Times: user=0.08 sys=0.00, real=0.25 secs] 
2024-07-28T21:33:27.491+0800: 8.206: Application time: 0.0003123 seconds
2024-07-28T21:33:27.491+0800: 8.206: [GC (CMS Final Remark) [YG occupancy: 12655 K (78656 K)]2024-07-28T21:33:27.491+0800: 8.206: [Rescan (parallel) , 0.0007865 secs]2024-07-28T21:33:27.492+0800: 8.207: [weak refs processing, 0.0000128 secs]2024-07-28T21:33:27.492+0800: 8.207: [class unloading, 0.0002161 secs]2024-07-28T21:33:27.492+0800: 8.207: [scrub symbol table, 0.0003453 secs]2024-07-28T21:33:27.492+0800: 8.208: [scrub string table, 0.0001135 secs][1 CMS-remark: 333462K(531876K)] 346118K(610532K), 0.0015370 secs] [Times: user=0.00 sys=0.00, real=0.00 secs] 
2024-07-28T21:33:27.493+0800: 8.208: Total time for which application threads were stopped: 0.0017259 seconds, Stopping threads took: 0.0001485 seconds
2024-07-28T21:33:27.493+0800: 8.208: [CMS-concurrent-sweep-start]
2024-07-28T21:33:27.494+0800: 8.210: [CMS-concurrent-sweep: 0.002/0.002 secs] [Times: user=0.00 sys=0.00, real=0.00 secs] 
2024-07-28T21:33:27.494+0800: 8.210: [CMS-concurrent-reset-start]
2024-07-28T21:33:27.496+0800: 8.211: [CMS-concurrent-reset: 0.001/0.001 secs] [Times: user=0.00 sys=0.00, real=0.00 secs] 
2024-07-28T21:33:27.498+0800: 8.213: Application time: 0.0049457 seconds
2024-07-28T21:33:27.498+0800: 8.213: [GC (Allocation Failure) 2024-07-28T21:33:27.498+0800: 8.213: [ParNew: 77168K->8192K(78656K), 0.0128038 secs] 254981K->254613K(610532K), 0.0128571 secs] [Times: user=0.03 sys=0.00, real=0.01 secs] 
2024-07-28T21:33:27.511+0800: 8.226: Total time for which application threads were stopped: 0.0129882 seconds, Stopping threads took: 0.0000176 seconds
2024-07-28T21:33:27.511+0800: 8.226: Application time: 0.0001796 seconds
2024-07-28T21:33:27.511+0800: 8.226: [GC (CMS Initial Mark) [1 CMS-initial-mark: 246421K(531876K)] 258053K(610532K), 0.0006283 secs] [Times: user=0.00 sys=0.00, real=0.00 secs] 
2024-07-28T21:33:27.511+0800: 8.227: Total time for which application threads were stopped: 0.0007561 seconds, Stopping threads took: 0.0000758 seconds
2024-07-28T21:33:27.511+0800: 8.227: [CMS-concurrent-mark-start]
2024-07-28T21:33:27.513+0800: 8.228: [CMS-concurrent-mark: 0.001/0.001 secs] [Times: user=0.00 sys=0.00, real=0.00 secs] 
2024-07-28T21:33:27.513+0800: 8.228: [CMS-concurrent-preclean-start]
2024-07-28T21:33:27.513+0800: 8.229: [CMS-concurrent-preclean: 0.001/0.001 secs] [Times: user=0.00 sys=0.00, real=0.00 secs] 
2024-07-28T21:33:27.513+0800: 8.229: [CMS-concurrent-abortable-preclean-start]
2024-07-28T21:33:27.630+0800: 8.346: Application time: 0.1190066 seconds
2024-07-28T21:33:27.631+0800: 8.346: [GC (Allocation Failure) 2024-07-28T21:33:27.631+0800: 8.346: [ParNew: 77168K->8192K(78656K), 0.0125034 secs] 323590K->323222K(610532K), 0.0125649 secs] [Times: user=0.00 sys=0.00, real=0.01 secs] 
2024-07-28T21:33:27.643+0800: 8.359: Total time for which application threads were stopped: 0.0126859 seconds, Stopping threads took: 0.0000215 seconds
2024-07-28T21:33:27.754+0800: 8.469: Application time: 0.1103637 seconds
2024-07-28T21:33:27.754+0800: 8.469: [GC (Allocation Failure) 2024-07-28T21:33:27.754+0800: 8.469: [ParNew: 77168K->8192K(78656K), 0.0054444 secs] 392199K->344726K(610532K), 0.0055183 secs] [Times: user=0.05 sys=0.00, real=0.01 secs] 
2024-07-28T21:33:27.760+0800: 8.475: Total time for which application threads were stopped: 0.0056445 seconds, Stopping threads took: 0.0000203 seconds
2024-07-28T21:33:27.760+0800: 8.475: [CMS-concurrent-abortable-preclean: 0.006/0.246 secs] [Times: user=0.09 sys=0.00, real=0.25 secs] 
2024-07-28T21:33:27.760+0800: 8.475: Application time: 0.0003196 seconds
2024-07-28T21:33:27.760+0800: 8.475: [GC (CMS Final Remark) [YG occupancy: 12655 K (78656 K)]2024-07-28T21:33:27.760+0800: 8.475: [Rescan (parallel) , 0.0012658 secs]2024-07-28T21:33:27.761+0800: 8.476: [weak refs processing, 0.0000192 secs]2024-07-28T21:33:27.762+0800: 8.476: [class unloading, 0.0002165 secs]2024-07-28T21:33:27.762+0800: 8.476: [scrub symbol table, 0.0003458 secs]2024-07-28T21:33:27.762+0800: 8.477: [scrub string table, 0.0001016 secs][1 CMS-remark: 336534K(531876K)] 349190K(610532K), 0.0020118 secs] [Times: user=0.00 sys=0.00, real=0.00 secs] 
2024-07-28T21:33:27.762+0800: 8.477: Total time for which application threads were stopped: 0.0020984 seconds, Stopping threads took: 0.0000478 seconds
2024-07-28T21:33:27.762+0800: 8.477: [CMS-concurrent-sweep-start]
2024-07-28T21:33:27.764+0800: 8.479: [CMS-concurrent-sweep: 0.001/0.001 secs] [Times: user=0.00 sys=0.00, real=0.00 secs] 
2024-07-28T21:33:27.764+0800: 8.479: [CMS-concurrent-reset-start]
2024-07-28T21:33:27.765+0800: 8.480: [CMS-concurrent-reset: 0.001/0.001 secs] [Times: user=0.00 sys=0.00, real=0.00 secs] 
2024-07-28T21:33:27.767+0800: 8.482: Application time: 0.0051696 seconds
2024-07-28T21:33:27.767+0800: 8.482: [GC (Allocation Failure) 2024-07-28T21:33:27.767+0800: 8.482: [ParNew: 77168K->8192K(78656K), 0.0120517 secs] 257029K->256661K(610532K), 0.0121036 secs] [Times: user=0.03 sys=0.00, real=0.01 secs] 
2024-07-28T21:33:27.780+0800: 8.494: Total time for which application threads were stopped: 0.0122099 seconds, Stopping threads took: 0.0000148 seconds
2024-07-28T21:33:27.780+0800: 8.495: Application time: 0.0001789 seconds
2024-07-28T21:33:27.780+0800: 8.495: [GC (CMS Initial Mark) [1 CMS-initial-mark: 248469K(531876K)] 260101K(610532K), 0.0003171 secs] [Times: user=0.00 sys=0.00, real=0.00 secs] 
2024-07-28T21:33:27.780+0800: 8.495: Total time for which application threads were stopped: 0.0004279 seconds, Stopping threads took: 0.0000681 seconds
2024-07-28T21:33:27.780+0800: 8.495: [CMS-concurrent-mark-start]
2024-07-28T21:33:27.781+0800: 8.496: [CMS-concurrent-mark: 0.001/0.001 secs] [Times: user=0.00 sys=0.00, real=0.00 secs] 
2024-07-28T21:33:27.781+0800: 8.496: [CMS-concurrent-preclean-start]
2024-07-28T21:33:27.782+0800: 8.497: [CMS-concurrent-preclean: 0.001/0.001 secs] [Times: user=0.00 sys=0.00, real=0.00 secs] 
2024-07-28T21:33:27.782+0800: 8.497: [CMS-concurrent-abortable-preclean-start]
2024-07-28T21:33:27.897+0800: 8.613: Application time: 0.1176068 seconds
2024-07-28T21:33:27.897+0800: 8.613: [GC (Allocation Failure) 2024-07-28T21:33:27.897+0800: 8.613: [ParNew: 77168K->8192K(78656K), 0.0121651 secs] 325638K->325270K(610532K), 0.0122448 secs] [Times: user=0.00 sys=0.00, real=0.01 secs] 
2024-07-28T21:33:27.910+0800: 8.625: Total time for which application threads were stopped: 0.0123588 seconds, Stopping threads took: 0.0000220 seconds
2024-07-28T21:33:28.021+0800: 8.737: Application time: 0.1118001 seconds
2024-07-28T21:33:28.021+0800: 8.737: [GC (Allocation Failure) 2024-07-28T21:33:28.021+0800: 8.737: [ParNew: 77168K->8192K(78656K), 0.0054835 secs] 394247K->347798K(610532K), 0.0055437 secs] [Times: user=0.00 sys=0.00, real=0.01 secs] 
2024-07-28T21:33:28.027+0800: 8.742: Total time for which application threads were stopped: 0.0056505 seconds, Stopping threads took: 0.0000190 seconds
2024-07-28T21:33:28.027+0800: 8.742: [CMS-concurrent-abortable-preclean: 0.006/0.246 secs] [Times: user=0.08 sys=0.00, real=0.24 secs] 
2024-07-28T21:33:28.027+0800: 8.743: Application time: 0.0002957 seconds
2024-07-28T21:33:28.027+0800: 8.743: [GC (CMS Final Remark) [YG occupancy: 12655 K (78656 K)]2024-07-28T21:33:28.027+0800: 8.743: [Rescan (parallel) , 0.0010992 secs]2024-07-28T21:33:28.028+0800: 8.744: [weak refs processing, 0.0000128 secs]2024-07-28T21:33:28.028+0800: 8.744: [class unloading, 0.0002276 secs]2024-07-28T21:33:28.029+0800: 8.744: [scrub symbol table, 0.0003448 secs]2024-07-28T21:33:28.029+0800: 8.745: [scrub string table, 0.0001150 secs][1 CMS-remark: 339606K(531876K)] 352262K(610532K), 0.0018629 secs] [Times: user=0.00 sys=0.00, real=0.00 secs] 
2024-07-28T21:33:28.029+0800: 8.745: Total time for which application threads were stopped: 0.0020366 seconds, Stopping threads took: 0.0001366 seconds
2024-07-28T21:33:28.029+0800: 8.745: [CMS-concurrent-sweep-start]
2024-07-28T21:33:28.031+0800: 8.746: [CMS-concurrent-sweep: 0.001/0.001 secs] [Times: user=0.00 sys=0.00, real=0.00 secs] 
2024-07-28T21:33:28.031+0800: 8.747: [CMS-concurrent-reset-start]
2024-07-28T21:33:28.032+0800: 8.748: [CMS-concurrent-reset: 0.001/0.001 secs] [Times: user=0.00 sys=0.00, real=0.00 secs] 
2024-07-28T21:33:28.034+0800: 8.750: Application time: 0.0051527 seconds
2024-07-28T21:33:28.034+0800: 8.750: [GC (Allocation Failure) 2024-07-28T21:33:28.034+0800: 8.750: [ParNew: 77168K->8192K(78656K), 0.0121867 secs] 259077K->258709K(610532K), 0.0122482 secs] [Times: user=0.03 sys=0.00, real=0.01 secs] 
2024-07-28T21:33:28.047+0800: 8.762: Total time for which application threads were stopped: 0.0123518 seconds, Stopping threads took: 0.0000145 seconds
2024-07-28T21:33:28.047+0800: 8.762: Application time: 0.0002509 seconds
2024-07-28T21:33:28.047+0800: 8.763: [GC (CMS Initial Mark) [1 CMS-initial-mark: 250517K(531876K)] 262149K(610532K), 0.0007374 secs] [Times: user=0.00 sys=0.00, real=0.00 secs] 
2024-07-28T21:33:28.048+0800: 8.763: Total time for which application threads were stopped: 0.0008513 seconds, Stopping threads took: 0.0000713 seconds
2024-07-28T21:33:28.048+0800: 8.763: [CMS-concurrent-mark-start]
2024-07-28T21:33:28.049+0800: 8.764: [CMS-concurrent-mark: 0.001/0.001 secs] [Times: user=0.00 sys=0.00, real=0.00 secs] 
2024-07-28T21:33:28.049+0800: 8.765: [CMS-concurrent-preclean-start]
2024-07-28T21:33:28.050+0800: 8.765: [CMS-concurrent-preclean: 0.001/0.001 secs] [Times: user=0.00 sys=0.00, real=0.00 secs] 
2024-07-28T21:33:28.050+0800: 8.765: [CMS-concurrent-abortable-preclean-start]
2024-07-28T21:33:28.165+0800: 8.880: Application time: 0.1166415 seconds
2024-07-28T21:33:28.165+0800: 8.880: [GC (Allocation Failure) 2024-07-28T21:33:28.165+0800: 8.880: [ParNew: 77168K->8192K(78656K), 0.0125792 secs] 327686K->327318K(610532K), 0.0126369 secs] [Times: user=0.03 sys=0.00, real=0.01 secs] 
2024-07-28T21:33:28.177+0800: 8.893: Total time for which application threads were stopped: 0.0127458 seconds, Stopping threads took: 0.0000192 seconds
2024-07-28T21:33:28.288+0800: 9.004: Application time: 0.1109047 seconds
2024-07-28T21:33:28.289+0800: 9.004: [GC (Allocation Failure) 2024-07-28T21:33:28.289+0800: 9.004: [ParNew: 77168K->8192K(78656K), 0.0059503 secs] 396295K->350870K(610532K), 0.0060146 secs] [Times: user=0.00 sys=0.00, real=0.01 secs] 
2024-07-28T21:33:28.295+0800: 9.010: Total time for which application threads were stopped: 0.0061322 seconds, Stopping threads took: 0.0000225 seconds
2024-07-28T21:33:28.295+0800: 9.010: [CMS-concurrent-abortable-preclean: 0.006/0.245 secs] [Times: user=0.03 sys=0.00, real=0.25 secs] 
2024-07-28T21:33:28.295+0800: 9.010: Application time: 0.0003476 seconds
2024-07-28T21:33:28.295+0800: 9.010: [GC (CMS Final Remark) [YG occupancy: 12655 K (78656 K)]2024-07-28T21:33:28.295+0800: 9.010: [Rescan (parallel) , 0.0009350 secs]2024-07-28T21:33:28.296+0800: 9.011: [weak refs processing, 0.0000131 secs]2024-07-28T21:33:28.296+0800: 9.011: [class unloading, 0.0002995 secs]2024-07-28T21:33:28.296+0800: 9.012: [scrub symbol table, 0.0004173 secs]2024-07-28T21:33:28.297+0800: 9.012: [scrub string table, 0.0000955 secs][1 CMS-remark: 342678K(531876K)] 355334K(610532K), 0.0018301 secs] [Times: user=0.00 sys=0.00, real=0.00 secs] 
2024-07-28T21:33:28.297+0800: 9.012: Total time for which application threads were stopped: 0.0020040 seconds, Stopping threads took: 0.0001365 seconds
2024-07-28T21:33:28.297+0800: 9.012: [CMS-concurrent-sweep-start]
2024-07-28T21:33:28.298+0800: 9.014: [CMS-concurrent-sweep: 0.001/0.001 secs] [Times: user=0.00 sys=0.00, real=0.00 secs] 
2024-07-28T21:33:28.299+0800: 9.014: [CMS-concurrent-reset-start]
2024-07-28T21:33:28.300+0800: 9.015: [CMS-concurrent-reset: 0.001/0.001 secs] [Times: user=0.00 sys=0.00, real=0.00 secs] 
2024-07-28T21:33:28.302+0800: 9.017: Application time: 0.0049094 seconds
2024-07-28T21:33:28.302+0800: 9.017: [GC (Allocation Failure) 2024-07-28T21:33:28.302+0800: 9.017: [ParNew: 77168K->8192K(78656K), 0.0124619 secs] 261125K->260757K(610532K), 0.0125096 secs] [Times: user=0.00 sys=0.00, real=0.01 secs] 
2024-07-28T21:33:28.315+0800: 9.030: Total time for which application threads were stopped: 0.0126223 seconds, Stopping threads took: 0.0000155 seconds
2024-07-28T21:33:28.315+0800: 9.030: Application time: 0.0002427 seconds
2024-07-28T21:33:28.315+0800: 9.030: [GC (CMS Initial Mark) [1 CMS-initial-mark: 252565K(531876K)] 264197K(610532K), 0.0006398 secs] [Times: user=0.00 sys=0.00, real=0.00 secs] 
2024-07-28T21:33:28.315+0800: 9.031: Total time for which application threads were stopped: 0.0007040 seconds, Stopping threads took: 0.0000217 seconds
2024-07-28T21:33:28.316+0800: 9.031: [CMS-concurrent-mark-start]
2024-07-28T21:33:28.316+0800: 9.032: [CMS-concurrent-mark: 0.001/0.001 secs] [Times: user=0.00 sys=0.00, real=0.00 secs] 
2024-07-28T21:33:28.317+0800: 9.032: [CMS-concurrent-preclean-start]
2024-07-28T21:33:28.317+0800: 9.032: [CMS-concurrent-preclean: 0.001/0.001 secs] [Times: user=0.00 sys=0.00, real=0.00 secs] 
2024-07-28T21:33:28.317+0800: 9.032: [CMS-concurrent-abortable-preclean-start]
2024-07-28T21:33:28.431+0800: 9.146: Application time: 0.1158518 seconds
2024-07-28T21:33:28.431+0800: 9.147: [GC (Allocation Failure) 2024-07-28T21:33:28.431+0800: 9.147: [ParNew: 77168K->8192K(78656K), 0.0123135 secs] 329734K->329366K(610532K), 0.0123741 secs] [Times: user=0.03 sys=0.00, real=0.01 secs] 
2024-07-28T21:33:28.443+0800: 9.159: Total time for which application threads were stopped: 0.0124917 seconds, Stopping threads took: 0.0000194 seconds
2024-07-28T21:33:28.556+0800: 9.271: Application time: 0.1122010 seconds
2024-07-28T21:33:28.556+0800: 9.271: [GC (Allocation Failure) 2024-07-28T21:33:28.557+0800: 9.271: [ParNew: 77168K->8192K(78656K), 0.0058230 secs] 398343K->353943K(610532K), 0.0058827 secs] [Times: user=0.00 sys=0.00, real=0.01 secs] 
2024-07-28T21:33:28.562+0800: 9.277: Total time for which application threads were stopped: 0.0059960 seconds, Stopping threads took: 0.0000196 seconds
2024-07-28T21:33:28.562+0800: 9.277: [CMS-concurrent-abortable-preclean: 0.006/0.245 secs] [Times: user=0.03 sys=0.00, real=0.25 secs] 
2024-07-28T21:33:28.563+0800: 9.278: Application time: 0.0003995 seconds
2024-07-28T21:33:28.563+0800: 9.278: [GC (CMS Final Remark) [YG occupancy: 14703 K (78656 K)]2024-07-28T21:33:28.563+0800: 9.278: [Rescan (parallel) , 0.0007182 secs]2024-07-28T21:33:28.564+0800: 9.278: [weak refs processing, 0.0000145 secs]2024-07-28T21:33:28.564+0800: 9.278: [class unloading, 0.0002216 secs]2024-07-28T21:33:28.564+0800: 9.279: [scrub symbol table, 0.0003468 secs]2024-07-28T21:33:28.564+0800: 9.279: [scrub string table, 0.0001076 secs][1 CMS-remark: 345750K(531876K)] 360454K(610532K), 0.0014860 secs] [Times: user=0.00 sys=0.00, real=0.00 secs] 
2024-07-28T21:33:28.564+0800: 9.279: Total time for which application threads were stopped: 0.0016466 seconds, Stopping threads took: 0.0001216 seconds
2024-07-28T21:33:28.565+0800: 9.279: [CMS-concurrent-sweep-start]
2024-07-28T21:33:28.566+0800: 9.281: [CMS-concurrent-sweep: 0.001/0.001 secs] [Times: user=0.00 sys=0.00, real=0.00 secs] 
2024-07-28T21:33:28.566+0800: 9.281: [CMS-concurrent-reset-start]
2024-07-28T21:33:28.567+0800: 9.282: [CMS-concurrent-reset: 0.001/0.001 secs] [Times: user=0.00 sys=0.00, real=0.00 secs] 
2024-07-28T21:33:28.569+0800: 9.284: Application time: 0.0046456 seconds
2024-07-28T21:33:28.569+0800: 9.284: [GC (Allocation Failure) 2024-07-28T21:33:28.569+0800: 9.284: [ParNew: 77168K->8192K(78656K), 0.0125988 secs] 263173K->262805K(610532K), 0.0126450 secs] [Times: user=0.00 sys=0.00, real=0.01 secs] 
2024-07-28T21:33:28.582+0800: 9.297: Total time for which application threads were stopped: 0.0127549 seconds, Stopping threads took: 0.0000128 seconds
2024-07-28T21:33:28.582+0800: 9.297: Application time: 0.0002116 seconds
2024-07-28T21:33:28.582+0800: 9.297: [GC (CMS Initial Mark) [1 CMS-initial-mark: 254613K(531876K)] 265221K(610532K), 0.0006420 secs] [Times: user=0.00 sys=0.00, real=0.00 secs] 
2024-07-28T21:33:28.583+0800: 9.298: Total time for which application threads were stopped: 0.0007010 seconds, Stopping threads took: 0.0000159 seconds
2024-07-28T21:33:28.583+0800: 9.298: [CMS-concurrent-mark-start]
2024-07-28T21:33:28.584+0800: 9.299: [CMS-concurrent-mark: 0.001/0.001 secs] [Times: user=0.00 sys=0.00, real=0.00 secs] 
2024-07-28T21:33:28.584+0800: 9.299: [CMS-concurrent-preclean-start]
2024-07-28T21:33:28.585+0800: 9.299: [CMS-concurrent-preclean: 0.001/0.001 secs] [Times: user=0.00 sys=0.00, real=0.00 secs] 
2024-07-28T21:33:28.585+0800: 9.299: [CMS-concurrent-abortable-preclean-start]
2024-07-28T21:33:28.702+0800: 9.417: Application time: 0.1196332 seconds
2024-07-28T21:33:28.702+0800: 9.417: [GC (Allocation Failure) 2024-07-28T21:33:28.703+0800: 9.417: [ParNew: 77168K->8192K(78656K), 0.0123611 secs] 331782K->331414K(610532K), 0.0124580 secs] [Times: user=0.03 sys=0.00, real=0.01 secs] 
2024-07-28T21:33:28.715+0800: 9.430: Total time for which application threads were stopped: 0.0125681 seconds, Stopping threads took: 0.0000204 seconds
2024-07-28T21:33:28.825+0800: 9.540: Application time: 0.1103240 seconds
2024-07-28T21:33:28.825+0800: 9.540: [GC (Allocation Failure) 2024-07-28T21:33:28.825+0800: 9.540: [ParNew: 77171K->8192K(78656K), 0.0060645 secs] 400393K->357015K(610532K), 0.0061242 secs] [Times: user=0.00 sys=0.00, real=0.01 secs] 
2024-07-28T21:33:28.831+0800: 9.546: Total time for which application threads were stopped: 0.0062334 seconds, Stopping threads took: 0.0000187 seconds
2024-07-28T21:33:28.831+0800: 9.546: [CMS-concurrent-abortable-preclean: 0.006/0.247 secs] [Times: user=0.03 sys=0.00, real=0.25 secs] 
2024-07-28T21:33:28.831+0800: 9.547: Application time: 0.0003877 seconds
2024-07-28T21:33:28.831+0800: 9.547: [GC (CMS Final Remark) [YG occupancy: 14698 K (78656 K)]2024-07-28T21:33:28.831+0800: 9.547: [Rescan (parallel) , 0.0006706 secs]2024-07-28T21:33:28.832+0800: 9.548: [weak refs processing, 0.0000129 secs]2024-07-28T21:33:28.832+0800: 9.548: [class unloading, 0.0002375 secs]2024-07-28T21:33:28.832+0800: 9.548: [scrub symbol table, 0.0003638 secs]2024-07-28T21:33:28.833+0800: 9.548: [scrub string table, 0.0001157 secs][1 CMS-remark: 348822K(531876K)] 363521K(610532K), 0.0014707 secs] [Times: user=0.09 sys=0.00, real=0.00 secs] 
2024-07-28T21:33:28.833+0800: 9.548: Total time for which application threads were stopped: 0.0015901 seconds, Stopping threads took: 0.0000830 seconds
2024-07-28T21:33:28.833+0800: 9.549: [CMS-concurrent-sweep-start]
2024-07-28T21:33:28.834+0800: 9.550: [CMS-concurrent-sweep: 0.001/0.001 secs] [Times: user=0.00 sys=0.00, real=0.00 secs] 
2024-07-28T21:33:28.834+0800: 9.550: [CMS-concurrent-reset-start]
2024-07-28T21:33:28.836+0800: 9.551: [CMS-concurrent-reset: 0.001/0.001 secs] [Times: user=0.00 sys=0.00, real=0.00 secs] 
2024-07-28T21:33:28.948+0800: 9.663: Application time: 0.1151335 seconds
2024-07-28T21:33:28.948+0800: 9.663: [GC (Allocation Failure) 2024-07-28T21:33:28.948+0800: 9.664: [ParNew: 77163K->8192K(78656K), 0.0123333 secs] 265215K->264853K(610532K), 0.0123961 secs] [Times: user=0.03 sys=0.00, real=0.01 secs] 
2024-07-28T21:33:28.961+0800: 9.676: Total time for which application threads were stopped: 0.0125144 seconds, Stopping threads took: 0.0000233 seconds
2024-07-28T21:33:28.961+0800: 9.676: Application time: 0.0002507 seconds
2024-07-28T21:33:28.961+0800: 9.676: [GC (CMS Initial Mark) [1 CMS-initial-mark: 256661K(531876K)] 268289K(610532K), 0.0007990 secs] [Times: user=0.00 sys=0.00, real=0.00 secs] 
2024-07-28T21:33:28.962+0800: 9.677: Total time for which application threads were stopped: 0.0009889 seconds, Stopping threads took: 0.0001487 seconds
2024-07-28T21:33:28.962+0800: 9.677: [CMS-concurrent-mark-start]
2024-07-28T21:33:28.966+0800: 9.681: [CMS-concurrent-mark: 0.004/0.004 secs] [Times: user=0.00 sys=0.00, real=0.00 secs] 
2024-07-28T21:33:28.966+0800: 9.681: [CMS-concurrent-preclean-start]
2024-07-28T21:33:28.967+0800: 9.683: [CMS-concurrent-preclean: 0.001/0.001 secs] [Times: user=0.00 sys=0.00, real=0.00 secs] 
2024-07-28T21:33:28.967+0800: 9.683: Application time: 0.0054383 seconds
2024-07-28T21:33:28.967+0800: 9.683: [GC (Allocation Failure) 2024-07-28T21:33:28.967+0800: 9.683: [ParNew: 77165K->8192K(78656K), 0.0120864 secs] 333826K->333462K(610532K), 0.0121707 secs] [Times: user=0.03 sys=0.00, real=0.01 secs] 
2024-07-28T21:33:28.980+0800: 9.695: Total time for which application threads were stopped: 0.0123005 seconds, Stopping threads took: 0.0000142 seconds
2024-07-28T21:33:28.980+0800: 9.695: Application time: 0.0001208 seconds
2024-07-28T21:33:28.980+0800: 9.695: [GC (CMS Final Remark) [YG occupancy: 11629 K (78656 K)]2024-07-28T21:33:28.980+0800: 9.695: [Rescan (parallel) , 0.0008562 secs]2024-07-28T21:33:28.981+0800: 9.696: [weak refs processing, 0.0000131 secs]2024-07-28T21:33:28.981+0800: 9.696: [class unloading, 0.0002332 secs]2024-07-28T21:33:28.981+0800: 9.696: [scrub symbol table, 0.0003411 secs]2024-07-28T21:33:28.981+0800: 9.697: [scrub string table, 0.0001007 secs][1 CMS-remark: 325270K(531876K)] 336900K(610532K), 0.0016106 secs] [Times: user=0.00 sys=0.00, real=0.00 secs] 
2024-07-28T21:33:28.982+0800: 9.697: Total time for which application threads were stopped: 0.0018056 seconds, Stopping threads took: 0.0001511 seconds
2024-07-28T21:33:28.982+0800: 9.697: [CMS-concurrent-sweep-start]
2024-07-28T21:33:28.983+0800: 9.699: [CMS-concurrent-sweep: 0.002/0.002 secs] [Times: user=0.00 sys=0.00, real=0.00 secs] 
2024-07-28T21:33:28.983+0800: 9.699: [CMS-concurrent-reset-start]
2024-07-28T21:33:28.984+0800: 9.700: [CMS-concurrent-reset: 0.001/0.001 secs] [Times: user=0.00 sys=0.00, real=0.00 secs] 
2024-07-28T21:33:29.090+0800: 9.806: Application time: 0.1091817 seconds
2024-07-28T21:33:29.091+0800: 9.806: [GC (Allocation Failure) 2024-07-28T21:33:29.091+0800: 9.806: [ParNew: 77166K->8192K(78656K), 0.0064288 secs] 240642K->198292K(610532K), 0.0064883 secs] [Times: user=0.00 sys=0.00, real=0.01 secs] 
2024-07-28T21:33:29.097+0800: 9.813: Total time for which application threads were stopped: 0.0066013 seconds, Stopping threads took: 0.0000194 seconds
2024-07-28T21:33:29.213+0800: 9.928: Application time: 0.1155458 seconds
2024-07-28T21:33:29.213+0800: 9.928: [GC (Allocation Failure) 2024-07-28T21:33:29.213+0800: 9.928: [ParNew: 77167K->8192K(78656K), 0.0123782 secs] 267267K->266901K(610532K), 0.0124532 secs] [Times: user=0.03 sys=0.00, real=0.01 secs] 
2024-07-28T21:33:29.226+0800: 9.941: Total time for which application threads were stopped: 0.0125972 seconds, Stopping threads took: 0.0000425 seconds
2024-07-28T21:33:29.231+0800: 9.946: Application time: 0.0048027 seconds
2024-07-28T21:33:29.231+0800: 9.946: [GC (Allocation Failure) 2024-07-28T21:33:29.231+0800: 9.946: [ParNew: 77167K->8192K(78656K), 0.0119565 secs] 335877K->335510K(610532K), 0.0120175 secs] [Times: user=0.03 sys=0.00, real=0.01 secs] 
2024-07-28T21:33:29.243+0800: 9.958: Total time for which application threads were stopped: 0.0121306 seconds, Stopping threads took: 0.0000186 seconds
2024-07-28T21:33:29.243+0800: 9.958: Application time: 0.0001893 seconds
2024-07-28T21:33:29.243+0800: 9.958: [GC (CMS Initial Mark) [1 CMS-initial-mark: 327318K(531876K)] 338949K(610532K), 0.0007801 secs] [Times: user=0.00 sys=0.00, real=0.00 secs] 
2024-07-28T21:33:29.244+0800: 9.959: Total time for which application threads were stopped: 0.0009297 seconds, Stopping threads took: 0.0001074 seconds
2024-07-28T21:33:29.244+0800: 9.959: [CMS-concurrent-mark-start]
2024-07-28T21:33:29.247+0800: 9.962: [CMS-concurrent-mark: 0.003/0.003 secs] [Times: user=0.00 sys=0.00, real=0.00 secs] 
2024-07-28T21:33:29.247+0800: 9.962: [CMS-concurrent-preclean-start]
2024-07-28T21:33:29.248+0800: 9.963: [CMS-concurrent-preclean: 0.001/0.001 secs] [Times: user=0.00 sys=0.00, real=0.00 secs] 
2024-07-28T21:33:29.248+0800: 9.963: [CMS-concurrent-abortable-preclean-start]
2024-07-28T21:33:29.355+0800: 10.070: Application time: 0.1113495 seconds
2024-07-28T21:33:29.355+0800: 10.070: [GC (Allocation Failure) 2024-07-28T21:33:29.355+0800: 10.070: [ParNew: 77168K->8192K(78656K), 0.0061479 secs] 404486K->363159K(610532K), 0.0062084 secs] [Times: user=0.00 sys=0.00, real=0.01 secs] 
2024-07-28T21:33:29.361+0800: 10.077: Total time for which application threads were stopped: 0.0063189 seconds, Stopping threads took: 0.0000191 seconds
2024-07-28T21:33:29.480+0800: 10.195: Application time: 0.1180778 seconds
2024-07-28T21:33:29.480+0800: 10.195: [GC (Allocation Failure) 2024-07-28T21:33:29.480+0800: 10.195: [ParNew: 77168K->8192K(78656K), 0.0118582 secs] 432135K->431768K(610532K), 0.0119435 secs] [Times: user=0.03 sys=0.00, real=0.01 secs] 
2024-07-28T21:33:29.491+0800: 10.207: Total time for which application threads were stopped: 0.0121168 seconds, Stopping threads took: 0.0000519 seconds
2024-07-28T21:33:29.491+0800: 10.207: [CMS-concurrent-abortable-preclean: 0.005/0.244 secs] [Times: user=0.05 sys=0.00, real=0.24 secs] 
2024-07-28T21:33:29.492+0800: 10.207: Application time: 0.0003826 seconds
2024-07-28T21:33:29.492+0800: 10.207: [GC (CMS Final Remark) [YG occupancy: 14703 K (78656 K)]2024-07-28T21:33:29.492+0800: 10.207: [Rescan (parallel) , 0.0009109 secs]2024-07-28T21:33:29.493+0800: 10.208: [weak refs processing, 0.0000138 secs]2024-07-28T21:33:29.493+0800: 10.208: [class unloading, 0.0003026 secs]2024-07-28T21:33:29.493+0800: 10.209: [scrub symbol table, 0.0003606 secs]2024-07-28T21:33:29.494+0800: 10.209: [scrub string table, 0.0001008 secs][1 CMS-remark: 423576K(531876K)] 438279K(610532K), 0.0017510 secs] [Times: user=0.00 sys=0.00, real=0.00 secs] 
2024-07-28T21:33:29.494+0800: 10.209: Total time for which application threads were stopped: 0.0019294 seconds, Stopping threads took: 0.0001424 seconds
2024-07-28T21:33:29.494+0800: 10.209: [CMS-concurrent-sweep-start]
2024-07-28T21:33:29.495+0800: 10.211: [CMS-concurrent-sweep: 0.001/0.001 secs] [Times: user=0.00 sys=0.00, real=0.00 secs] 
2024-07-28T21:33:29.495+0800: 10.211: [CMS-concurrent-reset-start]
2024-07-28T21:33:29.497+0800: 10.212: [CMS-concurrent-reset: 0.001/0.001 secs] [Times: user=0.00 sys=0.00, real=0.00 secs] 
2024-07-28T21:33:29.499+0800: 10.214: Application time: 0.0050332 seconds
2024-07-28T21:33:29.499+0800: 10.214: [GC (Allocation Failure) 2024-07-28T21:33:29.499+0800: 10.214: [ParNew: 77168K->8192K(78656K), 0.0118298 secs] 337926K->337558K(610532K), 0.0118890 secs] [Times: user=0.03 sys=0.00, real=0.01 secs] 
2024-07-28T21:33:29.511+0800: 10.226: Total time for which application threads were stopped: 0.0119918 seconds, Stopping threads took: 0.0000157 seconds
2024-07-28T21:33:29.511+0800: 10.226: Application time: 0.0001759 seconds
2024-07-28T21:33:29.511+0800: 10.226: [GC (CMS Initial Mark) [1 CMS-initial-mark: 329366K(531876K)] 340998K(610532K), 0.0007751 secs] [Times: user=0.00 sys=0.00, real=0.00 secs] 
2024-07-28T21:33:29.512+0800: 10.227: Total time for which application threads were stopped: 0.0009028 seconds, Stopping threads took: 0.0000862 seconds
2024-07-28T21:33:29.512+0800: 10.228: [CMS-concurrent-mark-start]
2024-07-28T21:33:29.515+0800: 10.230: [CMS-concurrent-mark: 0.003/0.003 secs] [Times: user=0.00 sys=0.00, real=0.00 secs] 
2024-07-28T21:33:29.515+0800: 10.230: [CMS-concurrent-preclean-start]
2024-07-28T21:33:29.515+0800: 10.231: [CMS-concurrent-preclean: 0.001/0.001 secs] [Times: user=0.00 sys=0.00, real=0.00 secs] 
2024-07-28T21:33:29.515+0800: 10.231: [CMS-concurrent-abortable-preclean-start]
2024-07-28T21:33:29.623+0800: 10.339: Application time: 0.1116576 seconds
2024-07-28T21:33:29.624+0800: 10.339: [GC (Allocation Failure) 2024-07-28T21:33:29.624+0800: 10.339: [ParNew: 77168K->8192K(78656K), 0.0066121 secs] 406535K->366231K(610532K), 0.0066714 secs] [Times: user=0.03 sys=0.00, real=0.01 secs] 
2024-07-28T21:33:29.630+0800: 10.346: Total time for which application threads were stopped: 0.0067867 seconds, Stopping threads took: 0.0000195 seconds
2024-07-28T21:33:29.746+0800: 10.461: Application time: 0.1151860 seconds
2024-07-28T21:33:29.746+0800: 10.461: [GC (Allocation Failure) 2024-07-28T21:33:29.746+0800: 10.461: [ParNew: 77168K->8192K(78656K), 0.0121608 secs] 435207K->434840K(610532K), 0.0122284 secs] [Times: user=0.03 sys=0.00, real=0.01 secs] 
2024-07-28T21:33:29.758+0800: 10.473: Total time for which application threads were stopped: 0.0123406 seconds, Stopping threads took: 0.0000204 seconds
2024-07-28T21:33:29.762+0800: 10.478: Application time: 0.0046147 seconds
2024-07-28T21:33:29.762+0800: 10.478: [GC (Allocation Failure) 2024-07-28T21:33:29.762+0800: 10.478: [ParNew: 77168K->8192K(78656K), 0.0123426 secs] 503816K->503449K(610532K), 0.0123972 secs] [Times: user=0.03 sys=0.00, real=0.01 secs] 
2024-07-28T21:33:29.775+0800: 10.490: Total time for which application threads were stopped: 0.0125139 seconds, Stopping threads took: 0.0000241 seconds
2024-07-28T21:33:29.775+0800: 10.490: [CMS-concurrent-abortable-preclean: 0.005/0.260 secs] [Times: user=0.09 sys=0.00, real=0.26 secs] 
2024-07-28T21:33:29.775+0800: 10.491: Application time: 0.0004251 seconds
2024-07-28T21:33:29.775+0800: 10.491: [GC (CMS Final Remark) [YG occupancy: 14703 K (78656 K)]2024-07-28T21:33:29.775+0800: 10.491: [Rescan (parallel) , 0.0010844 secs]2024-07-28T21:33:29.777+0800: 10.492: [weak refs processing, 0.0000171 secs]2024-07-28T21:33:29.777+0800: 10.492: [class unloading, 0.0002646 secs]2024-07-28T21:33:29.777+0800: 10.492: [scrub symbol table, 0.0003195 secs]2024-07-28T21:33:29.777+0800: 10.493: [scrub string table, 0.0000909 secs][1 CMS-remark: 495257K(531876K)] 509960K(610532K), 0.0018581 secs] [Times: user=0.00 sys=0.00, real=0.00 secs] 
2024-07-28T21:33:29.777+0800: 10.493: Total time for which application threads were stopped: 0.0019728 seconds, Stopping threads took: 0.0000768 seconds
2024-07-28T21:33:29.778+0800: 10.493: [CMS-concurrent-sweep-start]
2024-07-28T21:33:29.779+0800: 10.495: [CMS-concurrent-sweep: 0.002/0.002 secs] [Times: user=0.00 sys=0.00, real=0.00 secs] 
2024-07-28T21:33:29.779+0800: 10.495: [CMS-concurrent-reset-start]
2024-07-28T21:33:29.780+0800: 10.495: [CMS-concurrent-reset: 0.001/0.001 secs] [Times: user=0.00 sys=0.00, real=0.00 secs] 
2024-07-28T21:33:29.888+0800: 10.603: Application time: 0.1104976 seconds
2024-07-28T21:33:29.888+0800: 10.603: [GC (Allocation Failure) 2024-07-28T21:33:29.888+0800: 10.603: [ParNew: 77168K->8192K(78656K), 0.0066011 secs] 408583K->369303K(631016K), 0.0066737 secs] [Times: user=0.00 sys=0.00, real=0.01 secs] 
2024-07-28T21:33:29.894+0800: 10.610: Total time for which application threads were stopped: 0.0068002 seconds, Stopping threads took: 0.0000350 seconds
2024-07-28T21:33:29.894+0800: 10.610: Application time: 0.0001825 seconds
2024-07-28T21:33:29.896+0800: 10.610: [GC (CMS Initial Mark) [1 CMS-initial-mark: 361111K(552360K)] 372742K(631016K), 0.0007206 secs] [Times: user=0.00 sys=0.00, real=0.00 secs] 
2024-07-28T21:33:29.896+0800: 10.611: Total time for which application threads were stopped: 0.0008242 seconds, Stopping threads took: 0.0000554 seconds
2024-07-28T21:33:29.896+0800: 10.611: [CMS-concurrent-mark-start]
2024-07-28T21:33:29.901+0800: 10.616: [CMS-concurrent-mark: 0.005/0.005 secs] [Times: user=0.00 sys=0.00, real=0.01 secs] 
2024-07-28T21:33:29.901+0800: 10.616: [CMS-concurrent-preclean-start]
2024-07-28T21:33:29.901+0800: 10.617: [CMS-concurrent-preclean: 0.001/0.001 secs] [Times: user=0.00 sys=0.00, real=0.00 secs] 
2024-07-28T21:33:29.901+0800: 10.617: [CMS-concurrent-abortable-preclean-start]
2024-07-28T21:33:30.012+0800: 10.727: Application time: 0.1160192 seconds
2024-07-28T21:33:30.012+0800: 10.727: [GC (Allocation Failure) 2024-07-28T21:33:30.012+0800: 10.727: [ParNew: 77168K->8192K(78656K), 0.0213033 secs] 438279K->437912K(631016K), 0.0213564 secs] [Times: user=0.03 sys=0.00, real=0.02 secs] 
2024-07-28T21:33:30.033+0800: 10.749: Total time for which application threads were stopped: 0.0214755 seconds, Stopping threads took: 0.0000196 seconds
2024-07-28T21:33:30.039+0800: 10.753: Application time: 0.0047625 seconds
2024-07-28T21:33:30.039+0800: 10.753: [GC (Allocation Failure) 2024-07-28T21:33:30.039+0800: 10.753: [ParNew: 77168K->8192K(78656K), 0.0127661 secs] 506888K->506521K(631016K), 0.0128306 secs] [Times: user=0.00 sys=0.00, real=0.01 secs] 
2024-07-28T21:33:30.051+0800: 10.766: Total time for which application threads were stopped: 0.0129338 seconds, Stopping threads took: 0.0000155 seconds
2024-07-28T21:33:30.173+0800: 10.888: Application time: 0.1213400 seconds
2024-07-28T21:33:30.173+0800: 10.888: [GC (Allocation Failure) 2024-07-28T21:33:30.173+0800: 10.888: [ParNew: 77168K->8192K(78656K), 0.0066281 secs] 575497K->537241K(631016K), 0.0066951 secs] [Times: user=0.03 sys=0.00, real=0.01 secs] 
2024-07-28T21:33:30.179+0800: 10.894: Total time for which application threads were stopped: 0.0068091 seconds, Stopping threads took: 0.0000230 seconds
2024-07-28T21:33:30.179+0800: 10.894: [CMS-concurrent-abortable-preclean: 0.007/0.278 secs] [Times: user=0.09 sys=0.02, real=0.28 secs] 
2024-07-28T21:33:30.179+0800: 10.895: Application time: 0.0002840 seconds
2024-07-28T21:33:30.179+0800: 10.895: [GC (CMS Final Remark) [YG occupancy: 11631 K (78656 K)]2024-07-28T21:33:30.179+0800: 10.895: [Rescan (parallel) , 0.0006024 secs]2024-07-28T21:33:30.180+0800: 10.895: [weak refs processing, 0.0000132 secs]2024-07-28T21:33:30.180+0800: 10.895: [class unloading, 0.0002426 secs]2024-07-28T21:33:30.180+0800: 10.896: [scrub symbol table, 0.0003701 secs]2024-07-28T21:33:30.180+0800: 10.896: [scrub string table, 0.0001018 secs][1 CMS-remark: 529049K(552360K)] 540681K(631016K), 0.0013972 secs] [Times: user=0.00 sys=0.00, real=0.00 secs] 
2024-07-28T21:33:30.180+0800: 10.896: Total time for which application threads were stopped: 0.0015676 seconds, Stopping threads took: 0.0001271 seconds
2024-07-28T21:33:30.182+0800: 10.896: [CMS-concurrent-sweep-start]
2024-07-28T21:33:30.183+0800: 10.898: [CMS-concurrent-sweep: 0.002/0.002 secs] [Times: user=0.00 sys=0.00, real=0.00 secs] 
2024-07-28T21:33:30.183+0800: 10.899: [CMS-concurrent-reset-start]
2024-07-28T21:33:30.184+0800: 10.900: [CMS-concurrent-reset: 0.001/0.001 secs] [Times: user=0.00 sys=0.00, real=0.00 secs] 
2024-07-28T21:33:30.295+0800: 11.010: Application time: 0.1142678 seconds
2024-07-28T21:33:30.295+0800: 11.011: [GC (Allocation Failure) 2024-07-28T21:33:30.296+0800: 11.011: [ParNew: 77168K->8192K(78656K), 0.0123706 secs] 275461K->275093K(631016K), 0.0124410 secs] [Times: user=0.03 sys=0.00, real=0.01 secs] 
2024-07-28T21:33:30.308+0800: 11.023: Total time for which application threads were stopped: 0.0125610 seconds, Stopping threads took: 0.0000248 seconds
2024-07-28T21:33:30.308+0800: 11.023: Application time: 0.0002470 seconds
2024-07-28T21:33:30.308+0800: 11.023: [GC (CMS Initial Mark) [1 CMS-initial-mark: 266901K(552360K)] 278533K(631016K), 0.0006705 secs] [Times: user=0.00 sys=0.00, real=0.00 secs] 
2024-07-28T21:33:30.309+0800: 11.024: Total time for which application threads were stopped: 0.0008743 seconds, Stopping threads took: 0.0001626 seconds
2024-07-28T21:33:30.309+0800: 11.024: [CMS-concurrent-mark-start]
2024-07-28T21:33:30.313+0800: 11.028: [CMS-concurrent-mark: 0.004/0.004 secs] [Times: user=0.00 sys=0.00, real=0.00 secs] 
2024-07-28T21:33:30.313+0800: 11.028: [CMS-concurrent-preclean-start]
2024-07-28T21:33:30.314+0800: 11.030: [CMS-concurrent-preclean: 0.001/0.001 secs] [Times: user=0.00 sys=0.00, real=0.00 secs] 
2024-07-28T21:33:30.315+0800: 11.030: Application time: 0.0054936 seconds
2024-07-28T21:33:30.315+0800: 11.030: [GC (Allocation Failure) 2024-07-28T21:33:30.315+0800: 11.030: [ParNew: 77168K->8192K(78656K), 0.0119635 secs] 344070K->343702K(631016K), 0.0120245 secs] [Times: user=0.03 sys=0.00, real=0.01 secs] 
2024-07-28T21:33:30.327+0800: 11.042: Total time for which application threads were stopped: 0.0121247 seconds, Stopping threads took: 0.0000147 seconds
2024-07-28T21:33:30.327+0800: 11.042: Application time: 0.0003024 seconds
2024-07-28T21:33:30.327+0800: 11.042: [GC (CMS Final Remark) [YG occupancy: 12655 K (78656 K)]2024-07-28T21:33:30.327+0800: 11.042: [Rescan (parallel) , 0.0010675 secs]2024-07-28T21:33:30.328+0800: 11.043: [weak refs processing, 0.0000133 secs]2024-07-28T21:33:30.328+0800: 11.043: [class unloading, 0.0002061 secs]2024-07-28T21:33:30.328+0800: 11.044: [scrub symbol table, 0.0003211 secs]2024-07-28T21:33:30.329+0800: 11.044: [scrub string table, 0.0001005 secs][1 CMS-remark: 335510K(552360K)] 348166K(631016K), 0.0017821 secs] [Times: user=0.00 sys=0.00, real=0.00 secs] 
2024-07-28T21:33:30.329+0800: 11.044: Total time for which application threads were stopped: 0.0019666 seconds, Stopping threads took: 0.0001434 seconds
2024-07-28T21:33:30.329+0800: 11.044: [CMS-concurrent-sweep-start]
2024-07-28T21:33:30.330+0800: 11.046: [CMS-concurrent-sweep: 0.001/0.001 secs] [Times: user=0.00 sys=0.00, real=0.00 secs] 
2024-07-28T21:33:30.330+0800: 11.046: [CMS-concurrent-reset-start]
2024-07-28T21:33:30.331+0800: 11.047: [CMS-concurrent-reset: 0.001/0.001 secs] [Times: user=0.00 sys=0.00, real=0.00 secs] 
2024-07-28T21:33:30.439+0800: 11.154: Application time: 0.1095185 seconds
2024-07-28T21:33:30.439+0800: 11.154: [GC (Allocation Failure) 2024-07-28T21:33:30.439+0800: 11.154: [ParNew: 77168K->8192K(78656K), 0.0070951 secs] 245764K->208532K(631016K), 0.0071585 secs] [Times: user=0.03 sys=0.00, real=0.01 secs] 
2024-07-28T21:33:30.446+0800: 11.161: Total time for which application threads were stopped: 0.0072907 seconds, Stopping threads took: 0.0000194 seconds
2024-07-28T21:33:30.562+0800: 11.277: Application time: 0.1164124 seconds
2024-07-28T21:33:30.563+0800: 11.277: [GC (Allocation Failure) 2024-07-28T21:33:30.563+0800: 11.277: [ParNew: 77168K->8192K(78656K), 0.0121541 secs] 277509K->277141K(631016K), 0.0122398 secs] [Times: user=0.03 sys=0.00, real=0.01 secs] 
2024-07-28T21:33:30.575+0800: 11.290: Total time for which application threads were stopped: 0.0124042 seconds, Stopping threads took: 0.0000396 seconds
2024-07-28T21:33:30.579+0800: 11.294: Application time: 0.0046139 seconds
2024-07-28T21:33:30.580+0800: 11.294: [GC (Allocation Failure) 2024-07-28T21:33:30.580+0800: 11.294: [ParNew: 77168K->8192K(78656K), 0.0124501 secs] 346118K->345750K(631016K), 0.0125522 secs] [Times: user=0.03 sys=0.00, real=0.01 secs] 
2024-07-28T21:33:30.592+0800: 11.307: Total time for which application threads were stopped: 0.0126732 seconds, Stopping threads took: 0.0000244 seconds
2024-07-28T21:33:30.592+0800: 11.307: Application time: 0.0002535 seconds
2024-07-28T21:33:30.592+0800: 11.307: [GC (CMS Initial Mark) [1 CMS-initial-mark: 337558K(552360K)] 349190K(631016K), 0.0007508 secs] [Times: user=0.00 sys=0.00, real=0.00 secs] 
2024-07-28T21:33:30.593+0800: 11.308: Total time for which application threads were stopped: 0.0008656 seconds, Stopping threads took: 0.0000735 seconds
2024-07-28T21:33:30.593+0800: 11.308: [CMS-concurrent-mark-start]
2024-07-28T21:33:30.596+0800: 11.310: [CMS-concurrent-mark: 0.002/0.002 secs] [Times: user=0.00 sys=0.00, real=0.00 secs] 
2024-07-28T21:33:30.596+0800: 11.310: [CMS-concurrent-preclean-start]
2024-07-28T21:33:30.596+0800: 11.311: [CMS-concurrent-preclean: 0.001/0.001 secs] [Times: user=0.00 sys=0.00, real=0.00 secs] 
2024-07-28T21:33:30.596+0800: 11.311: [CMS-concurrent-abortable-preclean-start]
2024-07-28T21:33:30.707+0800: 11.421: Application time: 0.1133302 seconds
2024-07-28T21:33:30.707+0800: 11.422: [GC (Allocation Failure) 2024-07-28T21:33:30.707+0800: 11.422: [ParNew: 77168K->8192K(78656K), 0.0073319 secs] 414727K->378519K(631016K), 0.0073901 secs] [Times: user=0.03 sys=0.00, real=0.01 secs] 
2024-07-28T21:33:30.714+0800: 11.429: Total time for which application threads were stopped: 0.0074985 seconds, Stopping threads took: 0.0000188 seconds
2024-07-28T21:33:30.830+0800: 11.545: Application time: 0.1163428 seconds
2024-07-28T21:33:30.830+0800: 11.545: [GC (Allocation Failure) 2024-07-28T21:33:30.830+0800: 11.545: [ParNew: 77168K->8192K(78656K), 0.0120047 secs] 447496K->447128K(631016K), 0.0120640 secs] [Times: user=0.03 sys=0.00, real=0.01 secs] 
2024-07-28T21:33:30.842+0800: 11.557: Total time for which application threads were stopped: 0.0121765 seconds, Stopping threads took: 0.0000199 seconds
2024-07-28T21:33:30.842+0800: 11.558: [CMS-concurrent-abortable-preclean: 0.005/0.246 secs] [Times: user=0.06 sys=0.00, real=0.25 secs] 
2024-07-28T21:33:30.843+0800: 11.558: Application time: 0.0002528 seconds
2024-07-28T21:33:30.843+0800: 11.558: [GC (CMS Final Remark) [YG occupancy: 11631 K (78656 K)]2024-07-28T21:33:30.843+0800: 11.558: [Rescan (parallel) , 0.0010657 secs]2024-07-28T21:33:30.844+0800: 11.559: [weak refs processing, 0.0000131 secs]2024-07-28T21:33:30.844+0800: 11.559: [class unloading, 0.0002341 secs]2024-07-28T21:33:30.844+0800: 11.559: [scrub symbol table, 0.0003429 secs]2024-07-28T21:33:30.844+0800: 11.560: [scrub string table, 0.0001243 secs][1 CMS-remark: 438936K(552360K)] 450568K(631016K), 0.0018775 secs] [Times: user=0.00 sys=0.00, real=0.00 secs] 
2024-07-28T21:33:30.845+0800: 11.560: Total time for which application threads were stopped: 0.0020540 seconds, Stopping threads took: 0.0001299 seconds
2024-07-28T21:33:30.845+0800: 11.560: [CMS-concurrent-sweep-start]
2024-07-28T21:33:30.847+0800: 11.562: [CMS-concurrent-sweep: 0.002/0.002 secs] [Times: user=0.00 sys=0.00, real=0.00 secs] 
2024-07-28T21:33:30.847+0800: 11.562: [CMS-concurrent-reset-start]
2024-07-28T21:33:30.848+0800: 11.563: [CMS-concurrent-reset: 0.001/0.001 secs] [Times: user=0.00 sys=0.00, real=0.00 secs] 
2024-07-28T21:33:30.850+0800: 11.565: Application time: 0.0053177 seconds
2024-07-28T21:33:30.850+0800: 11.565: [GC (Allocation Failure) 2024-07-28T21:33:30.850+0800: 11.565: [ParNew: 77168K->8192K(78656K), 0.0121060 secs] 348166K->347798K(631016K), 0.0121684 secs] [Times: user=0.00 sys=0.00, real=0.01 secs] 
2024-07-28T21:33:30.863+0800: 11.577: Total time for which application threads were stopped: 0.0123028 seconds, Stopping threads took: 0.0000156 seconds
2024-07-28T21:33:30.863+0800: 11.578: Application time: 0.0001649 seconds
2024-07-28T21:33:30.863+0800: 11.578: [GC (CMS Initial Mark) [1 CMS-initial-mark: 339606K(552360K)] 351238K(631016K), 0.0008313 secs] [Times: user=0.00 sys=0.00, real=0.00 secs] 
2024-07-28T21:33:30.864+0800: 11.579: Total time for which application threads were stopped: 0.0009780 seconds, Stopping threads took: 0.0000548 seconds
2024-07-28T21:33:30.864+0800: 11.579: [CMS-concurrent-mark-start]
2024-07-28T21:33:30.866+0800: 11.581: [CMS-concurrent-mark: 0.002/0.002 secs] [Times: user=0.00 sys=0.00, real=0.00 secs] 
2024-07-28T21:33:30.866+0800: 11.581: [CMS-concurrent-preclean-start]
2024-07-28T21:33:30.867+0800: 11.582: [CMS-concurrent-preclean: 0.001/0.001 secs] [Times: user=0.00 sys=0.00, real=0.00 secs] 
2024-07-28T21:33:30.867+0800: 11.582: [CMS-concurrent-abortable-preclean-start]
2024-07-28T21:33:30.975+0800: 11.690: Application time: 0.1111480 seconds
2024-07-28T21:33:30.975+0800: 11.690: [GC (Allocation Failure) 2024-07-28T21:33:30.975+0800: 11.690: [ParNew: 77168K->8192K(78656K), 0.0076451 secs] 416775K->381591K(631016K), 0.0077030 secs] [Times: user=0.00 sys=0.00, real=0.01 secs] 
2024-07-28T21:33:30.983+0800: 11.698: Total time for which application threads were stopped: 0.0078100 seconds, Stopping threads took: 0.0000189 seconds
2024-07-28T21:33:31.098+0800: 11.814: Application time: 0.1160524 seconds
2024-07-28T21:33:31.098+0800: 11.814: [GC (Allocation Failure) 2024-07-28T21:33:31.098+0800: 11.814: [ParNew: 77168K->8192K(78656K), 0.0125316 secs] 450568K->450200K(631016K), 0.0125919 secs] [Times: user=0.00 sys=0.00, real=0.01 secs] 
2024-07-28T21:33:31.111+0800: 11.826: Total time for which application threads were stopped: 0.0127054 seconds, Stopping threads took: 0.0000181 seconds
2024-07-28T21:33:31.111+0800: 11.826: [CMS-concurrent-abortable-preclean: 0.006/0.245 secs] [Times: user=0.05 sys=0.00, real=0.24 secs] 
2024-07-28T21:33:31.111+0800: 11.827: Application time: 0.0002993 seconds
2024-07-28T21:33:31.111+0800: 11.827: [GC (CMS Final Remark) [YG occupancy: 12655 K (78656 K)]2024-07-28T21:33:31.111+0800: 11.827: [Rescan (parallel) , 0.0008559 secs]2024-07-28T21:33:31.112+0800: 11.828: [weak refs processing, 0.0000131 secs]2024-07-28T21:33:31.112+0800: 11.828: [class unloading, 0.0003032 secs]2024-07-28T21:33:31.113+0800: 11.828: [scrub symbol table, 0.0003155 secs]2024-07-28T21:33:31.113+0800: 11.828: [scrub string table, 0.0000928 secs][1 CMS-remark: 442008K(552360K)] 454664K(631016K), 0.0016507 secs] [Times: user=0.00 sys=0.00, real=0.00 secs] 
2024-07-28T21:33:31.113+0800: 11.828: Total time for which application threads were stopped: 0.0017650 seconds, Stopping threads took: 0.0000730 seconds
2024-07-28T21:33:31.113+0800: 11.829: [CMS-concurrent-sweep-start]
2024-07-28T21:33:31.115+0800: 11.830: [CMS-concurrent-sweep: 0.002/0.002 secs] [Times: user=0.03 sys=0.00, real=0.00 secs] 
2024-07-28T21:33:31.115+0800: 11.830: [CMS-concurrent-reset-start]
2024-07-28T21:33:31.116+0800: 11.832: [CMS-concurrent-reset: 0.001/0.001 secs] [Times: user=0.00 sys=0.00, real=0.00 secs] 
2024-07-28T21:33:31.118+0800: 11.833: Application time: 0.0048928 seconds
2024-07-28T21:33:31.118+0800: 11.833: [GC (Allocation Failure) 2024-07-28T21:33:31.118+0800: 11.833: [ParNew: 77168K->8192K(78656K), 0.0124459 secs] 350214K->349846K(631016K), 0.0124961 secs] [Times: user=0.03 sys=0.00, real=0.01 secs] 
2024-07-28T21:33:31.131+0800: 11.846: Total time for which application threads were stopped: 0.0125945 seconds, Stopping threads took: 0.0000143 seconds
2024-07-28T21:33:31.131+0800: 11.846: Application time: 0.0002575 seconds
2024-07-28T21:33:31.131+0800: 11.846: [GC (CMS Initial Mark) [1 CMS-initial-mark: 341654K(552360K)] 353286K(631016K), 0.0007072 secs] [Times: user=0.00 sys=0.00, real=0.00 secs] 
2024-07-28T21:33:31.132+0800: 11.847: Total time for which application threads were stopped: 0.0009080 seconds, Stopping threads took: 0.0001479 seconds
2024-07-28T21:33:31.132+0800: 11.847: [CMS-concurrent-mark-start]
2024-07-28T21:33:31.134+0800: 11.849: [CMS-concurrent-mark: 0.002/0.002 secs] [Times: user=0.00 sys=0.00, real=0.00 secs] 
2024-07-28T21:33:31.134+0800: 11.849: [CMS-concurrent-preclean-start]
2024-07-28T21:33:31.135+0800: 11.850: [CMS-concurrent-preclean: 0.001/0.001 secs] [Times: user=0.00 sys=0.00, real=0.00 secs] 
2024-07-28T21:33:31.135+0800: 11.850: [CMS-concurrent-abortable-preclean-start]
2024-07-28T21:33:31.241+0800: 11.956: Application time: 0.1090111 seconds
2024-07-28T21:33:31.241+0800: 11.956: [GC (Allocation Failure) 2024-07-28T21:33:31.241+0800: 11.956: [ParNew: 77168K->8192K(78656K), 0.0074916 secs] 418823K->384663K(631016K), 0.0075589 secs] [Times: user=0.00 sys=0.00, real=0.01 secs] 
2024-07-28T21:33:31.249+0800: 11.964: Total time for which application threads were stopped: 0.0076848 seconds, Stopping threads took: 0.0000194 seconds
2024-07-28T21:33:31.366+0800: 12.082: Application time: 0.1178333 seconds
2024-07-28T21:33:31.366+0800: 12.082: [GC (Allocation Failure) 2024-07-28T21:33:31.366+0800: 12.082: [ParNew: 77168K->8192K(78656K), 0.0121665 secs] 453640K->453272K(631016K), 0.0122342 secs] [Times: user=0.00 sys=0.00, real=0.01 secs] 
2024-07-28T21:33:31.379+0800: 12.094: Total time for which application threads were stopped: 0.0123523 seconds, Stopping threads took: 0.0000191 seconds
2024-07-28T21:33:31.379+0800: 12.094: [CMS-concurrent-abortable-preclean: 0.006/0.244 secs] [Times: user=0.05 sys=0.00, real=0.24 secs] 
2024-07-28T21:33:31.379+0800: 12.094: Application time: 0.0003447 seconds
2024-07-28T21:33:31.379+0800: 12.094: [GC (CMS Final Remark) [YG occupancy: 13679 K (78656 K)]2024-07-28T21:33:31.379+0800: 12.094: [Rescan (parallel) , 0.0011174 secs]2024-07-28T21:33:31.380+0800: 12.096: [weak refs processing, 0.0000128 secs]2024-07-28T21:33:31.380+0800: 12.096: [class unloading, 0.0002179 secs]2024-07-28T21:33:31.380+0800: 12.096: [scrub symbol table, 0.0004073 secs]2024-07-28T21:33:31.381+0800: 12.096: [scrub string table, 0.0000934 secs][1 CMS-remark: 445080K(552360K)] 458760K(631016K), 0.0019194 secs] [Times: user=0.00 sys=0.00, real=0.00 secs] 
2024-07-28T21:33:31.381+0800: 12.096: Total time for which application threads were stopped: 0.0020892 seconds, Stopping threads took: 0.0001303 seconds
2024-07-28T21:33:31.381+0800: 12.097: [CMS-concurrent-sweep-start]
2024-07-28T21:33:31.383+0800: 12.098: [CMS-concurrent-sweep: 0.002/0.002 secs] [Times: user=0.00 sys=0.00, real=0.00 secs] 
2024-07-28T21:33:31.383+0800: 12.098: [CMS-concurrent-reset-start]
2024-07-28T21:33:31.384+0800: 12.100: [CMS-concurrent-reset: 0.001/0.001 secs] [Times: user=0.00 sys=0.00, real=0.00 secs] 
2024-07-28T21:33:31.386+0800: 12.101: Application time: 0.0047763 seconds
2024-07-28T21:33:31.386+0800: 12.101: [GC (Allocation Failure) 2024-07-28T21:33:31.386+0800: 12.101: [ParNew: 77168K->8192K(78656K), 0.0123987 secs] 352262K->351894K(631016K), 0.0124459 secs] [Times: user=0.03 sys=0.00, real=0.01 secs] 
2024-07-28T21:33:31.398+0800: 12.114: Total time for which application threads were stopped: 0.0125547 seconds, Stopping threads took: 0.0000263 seconds
2024-07-28T21:33:31.398+0800: 12.114: Application time: 0.0001614 seconds
2024-07-28T21:33:31.399+0800: 12.114: [GC (CMS Initial Mark) [1 CMS-initial-mark: 343702K(552360K)] 355334K(631016K), 0.0005337 secs] [Times: user=0.00 sys=0.00, real=0.00 secs] 
2024-07-28T21:33:31.399+0800: 12.115: Total time for which application threads were stopped: 0.0006665 seconds, Stopping threads took: 0.0000918 seconds
2024-07-28T21:33:31.399+0800: 12.115: [CMS-concurrent-mark-start]
2024-07-28T21:33:31.401+0800: 12.117: [CMS-concurrent-mark: 0.002/0.002 secs] [Times: user=0.00 sys=0.00, real=0.00 secs] 
2024-07-28T21:33:31.401+0800: 12.117: [CMS-concurrent-preclean-start]
2024-07-28T21:33:31.402+0800: 12.117: [CMS-concurrent-preclean: 0.001/0.001 secs] [Times: user=0.00 sys=0.00, real=0.00 secs] 
2024-07-28T21:33:31.402+0800: 12.117: [CMS-concurrent-abortable-preclean-start]
2024-07-28T21:33:31.510+0800: 12.225: Application time: 0.1107416 seconds
2024-07-28T21:33:31.510+0800: 12.225: [GC (Allocation Failure) 2024-07-28T21:33:31.510+0800: 12.225: [ParNew: 77168K->8192K(78656K), 0.0075366 secs] 420871K->387735K(631016K), 0.0075884 secs] [Times: user=0.00 sys=0.00, real=0.01 secs] 
2024-07-28T21:33:31.518+0800: 12.233: Total time for which application threads were stopped: 0.0076977 seconds, Stopping threads took: 0.0000175 seconds
2024-07-28T21:33:31.635+0800: 12.351: Application time: 0.1175632 seconds
2024-07-28T21:33:31.635+0800: 12.351: [GC (Allocation Failure) 2024-07-28T21:33:31.635+0800: 12.351: [ParNew: 77168K->8192K(78656K), 0.0137203 secs] 456712K->456344K(631016K), 0.0138293 secs] [Times: user=0.03 sys=0.00, real=0.01 secs] 
2024-07-28T21:33:31.649+0800: 12.364: Total time for which application threads were stopped: 0.0139406 seconds, Stopping threads took: 0.0000185 seconds
2024-07-28T21:33:31.649+0800: 12.365: [CMS-concurrent-abortable-preclean: 0.006/0.247 secs] [Times: user=0.06 sys=0.00, real=0.25 secs] 
2024-07-28T21:33:31.650+0800: 12.365: Application time: 0.0003406 seconds
2024-07-28T21:33:31.650+0800: 12.365: [GC (CMS Final Remark) [YG occupancy: 11631 K (78656 K)]2024-07-28T21:33:31.650+0800: 12.365: [Rescan (parallel) , 0.0008793 secs]2024-07-28T21:33:31.651+0800: 12.366: [weak refs processing, 0.0000127 secs]2024-07-28T21:33:31.651+0800: 12.366: [class unloading, 0.0002321 secs]2024-07-28T21:33:31.651+0800: 12.366: [scrub symbol table, 0.0003579 secs]2024-07-28T21:33:31.651+0800: 12.366: [scrub string table, 0.0001020 secs][1 CMS-remark: 448152K(552360K)] 459784K(631016K), 0.0016563 secs] [Times: user=0.00 sys=0.00, real=0.00 secs] 
2024-07-28T21:33:31.651+0800: 12.367: Total time for which application threads were stopped: 0.0017770 seconds, Stopping threads took: 0.0000798 seconds
2024-07-28T21:33:31.652+0800: 12.367: [CMS-concurrent-sweep-start]
2024-07-28T21:33:31.653+0800: 12.368: [CMS-concurrent-sweep: 0.002/0.002 secs] [Times: user=0.00 sys=0.00, real=0.00 secs] 
2024-07-28T21:33:31.653+0800: 12.369: [CMS-concurrent-reset-start]
2024-07-28T21:33:31.654+0800: 12.370: [CMS-concurrent-reset: 0.001/0.001 secs] [Times: user=0.00 sys=0.00, real=0.00 secs] 
2024-07-28T21:33:31.656+0800: 12.371: Application time: 0.0048920 seconds
2024-07-28T21:33:31.656+0800: 12.372: [GC (Allocation Failure) 2024-07-28T21:33:31.656+0800: 12.372: [ParNew: 77168K->8192K(78656K), 0.0125267 secs] 354310K->353943K(631016K), 0.0125750 secs] [Times: user=0.03 sys=0.00, real=0.01 secs] 
2024-07-28T21:33:31.669+0800: 12.384: Total time for which application threads were stopped: 0.0126732 seconds, Stopping threads took: 0.0000141 seconds
2024-07-28T21:33:31.669+0800: 12.384: Application time: 0.0002261 seconds
2024-07-28T21:33:31.669+0800: 12.385: [GC (CMS Initial Mark) [1 CMS-initial-mark: 345750K(552360K)] 357382K(631016K), 0.0007945 secs] [Times: user=0.00 sys=0.00, real=0.00 secs] 
2024-07-28T21:33:31.670+0800: 12.385: Total time for which application threads were stopped: 0.0009271 seconds, Stopping threads took: 0.0000906 seconds
2024-07-28T21:33:31.670+0800: 12.385: [CMS-concurrent-mark-start]
2024-07-28T21:33:31.672+0800: 12.387: [CMS-concurrent-mark: 0.002/0.002 secs] [Times: user=0.00 sys=0.00, real=0.00 secs] 
2024-07-28T21:33:31.672+0800: 12.388: [CMS-concurrent-preclean-start]
2024-07-28T21:33:31.673+0800: 12.388: [CMS-concurrent-preclean: 0.001/0.001 secs] [Times: user=0.00 sys=0.00, real=0.00 secs] 
2024-07-28T21:33:31.673+0800: 12.388: [CMS-concurrent-abortable-preclean-start]
2024-07-28T21:33:31.778+0800: 12.494: Application time: 0.1084558 seconds
2024-07-28T21:33:31.778+0800: 12.494: [GC (Allocation Failure) 2024-07-28T21:33:31.778+0800: 12.494: [ParNew: 77168K->8192K(78656K), 0.0078771 secs] 422919K->390807K(631016K), 0.0079380 secs] [Times: user=0.03 sys=0.00, real=0.01 secs] 
2024-07-28T21:33:31.786+0800: 12.502: Total time for which application threads were stopped: 0.0080534 seconds, Stopping threads took: 0.0000216 seconds
2024-07-28T21:33:31.903+0800: 12.618: Application time: 0.1157283 seconds
2024-07-28T21:33:31.903+0800: 12.618: [GC (Allocation Failure) 2024-07-28T21:33:31.903+0800: 12.618: [ParNew: 77168K->8192K(78656K), 0.0142074 secs] 459784K->459416K(631016K), 0.0142864 secs] [Times: user=0.03 sys=0.00, real=0.01 secs] 
2024-07-28T21:33:31.917+0800: 12.632: Total time for which application threads were stopped: 0.0144659 seconds, Stopping threads took: 0.0000206 seconds
2024-07-28T21:33:31.917+0800: 12.632: [CMS-concurrent-abortable-preclean: 0.005/0.244 secs] [Times: user=0.06 sys=0.00, real=0.24 secs] 
2024-07-28T21:33:31.918+0800: 12.632: Application time: 0.0004312 seconds
2024-07-28T21:33:31.918+0800: 12.633: [GC (CMS Final Remark) [YG occupancy: 12655 K (78656 K)]2024-07-28T21:33:31.918+0800: 12.633: [Rescan (parallel) , 0.0007144 secs]2024-07-28T21:33:31.919+0800: 12.633: [weak refs processing, 0.0000135 secs]2024-07-28T21:33:31.919+0800: 12.633: [class unloading, 0.0002369 secs]2024-07-28T21:33:31.919+0800: 12.634: [scrub symbol table, 0.0003584 secs]2024-07-28T21:33:31.919+0800: 12.634: [scrub string table, 0.0001027 secs][1 CMS-remark: 451224K(552360K)] 463880K(631016K), 0.0015115 secs] [Times: user=0.00 sys=0.00, real=0.00 secs] 
2024-07-28T21:33:31.919+0800: 12.634: Total time for which application threads were stopped: 0.0016219 seconds, Stopping threads took: 0.0000663 seconds
2024-07-28T21:33:31.919+0800: 12.634: [CMS-concurrent-sweep-start]
2024-07-28T21:33:31.921+0800: 12.636: [CMS-concurrent-sweep: 0.001/0.001 secs] [Times: user=0.00 sys=0.00, real=0.00 secs] 
2024-07-28T21:33:31.921+0800: 12.636: [CMS-concurrent-reset-start]
2024-07-28T21:33:31.922+0800: 12.637: [CMS-concurrent-reset: 0.001/0.001 secs] [Times: user=0.00 sys=0.00, real=0.00 secs] 
2024-07-28T21:33:31.925+0800: 12.640: Application time: 0.0058456 seconds
2024-07-28T21:33:31.925+0800: 12.640: [GC (Allocation Failure) 2024-07-28T21:33:31.925+0800: 12.640: [ParNew: 77168K->8192K(78656K), 0.0143557 secs] 356358K->355991K(631016K), 0.0144087 secs] [Times: user=0.03 sys=0.00, real=0.02 secs] 
2024-07-28T21:33:31.940+0800: 12.654: Total time for which application threads were stopped: 0.0145246 seconds, Stopping threads took: 0.0000192 seconds
2024-07-28T21:33:31.940+0800: 12.655: Application time: 0.0001149 seconds
2024-07-28T21:33:31.940+0800: 12.655: [GC (CMS Initial Mark) [1 CMS-initial-mark: 347798K(552360K)] 357015K(631016K), 0.0003637 secs] [Times: user=0.00 sys=0.00, real=0.00 secs] 
2024-07-28T21:33:31.940+0800: 12.655: Total time for which application threads were stopped: 0.0004468 seconds, Stopping threads took: 0.0000422 seconds
2024-07-28T21:33:31.940+0800: 12.655: [CMS-concurrent-mark-start]
2024-07-28T21:33:31.943+0800: 12.658: [CMS-concurrent-mark: 0.003/0.003 secs] [Times: user=0.03 sys=0.00, real=0.00 secs] 
2024-07-28T21:33:31.943+0800: 12.658: [CMS-concurrent-preclean-start]
2024-07-28T21:33:31.944+0800: 12.659: [CMS-concurrent-preclean: 0.001/0.001 secs] [Times: user=0.00 sys=0.00, real=0.00 secs] 
2024-07-28T21:33:31.944+0800: 12.659: [CMS-concurrent-abortable-preclean-start]
2024-07-28T21:33:32.047+0800: 12.762: Application time: 0.1070850 seconds
2024-07-28T21:33:32.047+0800: 12.762: [GC (Allocation Failure) 2024-07-28T21:33:32.047+0800: 12.762: [ParNew: 77168K->8192K(78656K), 0.0085208 secs] 424967K->393879K(631016K), 0.0085822 secs] [Times: user=0.03 sys=0.00, real=0.01 secs] 
2024-07-28T21:33:32.056+0800: 12.771: Total time for which application threads were stopped: 0.0086970 seconds, Stopping threads took: 0.0000202 seconds
2024-07-28T21:33:32.172+0800: 12.887: Application time: 0.1162245 seconds
2024-07-28T21:33:32.172+0800: 12.887: [GC (Allocation Failure) 2024-07-28T21:33:32.172+0800: 12.887: [ParNew: 77168K->8192K(78656K), 0.0136529 secs] 462856K->462488K(631016K), 0.0137211 secs] [Times: user=0.03 sys=0.00, real=0.01 secs] 
2024-07-28T21:33:32.186+0800: 12.901: Total time for which application threads were stopped: 0.0138562 seconds, Stopping threads took: 0.0000197 seconds
2024-07-28T21:33:32.186+0800: 12.901: [CMS-concurrent-abortable-preclean: 0.004/0.242 secs] [Times: user=0.06 sys=0.00, real=0.24 secs] 
2024-07-28T21:33:32.186+0800: 12.901: Application time: 0.0002846 seconds
2024-07-28T21:33:32.187+0800: 12.901: [GC (CMS Final Remark) [YG occupancy: 12655 K (78656 K)]2024-07-28T21:33:32.187+0800: 12.901: [Rescan (parallel) , 0.0004981 secs]2024-07-28T21:33:32.187+0800: 12.902: [weak refs processing, 0.0000132 secs]2024-07-28T21:33:32.187+0800: 12.902: [class unloading, 0.0002371 secs]2024-07-28T21:33:32.187+0800: 12.902: [scrub symbol table, 0.0003297 secs]2024-07-28T21:33:32.188+0800: 12.903: [scrub string table, 0.0000921 secs][1 CMS-remark: 454296K(552360K)] 466952K(631016K), 0.0012533 secs] [Times: user=0.00 sys=0.00, real=0.00 secs] 
2024-07-28T21:33:32.188+0800: 12.903: Total time for which application threads were stopped: 0.0014472 seconds, Stopping threads took: 0.0001517 seconds
2024-07-28T21:33:32.188+0800: 12.903: [CMS-concurrent-sweep-start]
2024-07-28T21:33:32.189+0800: 12.904: [CMS-concurrent-sweep: 0.001/0.001 secs] [Times: user=0.00 sys=0.00, real=0.00 secs] 
2024-07-28T21:33:32.189+0800: 12.904: [CMS-concurrent-reset-start]
2024-07-28T21:33:32.191+0800: 12.906: [CMS-concurrent-reset: 0.001/0.001 secs] [Times: user=0.00 sys=0.00, real=0.00 secs] 
2024-07-28T21:33:32.193+0800: 12.908: Application time: 0.0056121 seconds
2024-07-28T21:33:32.194+0800: 12.908: [GC (Allocation Failure) 2024-07-28T21:33:32.194+0800: 12.908: [ParNew: 77168K->8192K(78656K), 0.0143280 secs] 358406K->358039K(631016K), 0.0143792 secs] [Times: user=0.00 sys=0.00, real=0.01 secs] 
2024-07-28T21:33:32.208+0800: 12.923: Total time for which application threads were stopped: 0.0144854 seconds, Stopping threads took: 0.0000165 seconds
2024-07-28T21:33:32.208+0800: 12.923: Application time: 0.0001712 seconds
2024-07-28T21:33:32.208+0800: 12.923: [GC (CMS Initial Mark) [1 CMS-initial-mark: 349846K(552360K)] 361478K(631016K), 0.0005786 secs] [Times: user=0.00 sys=0.00, real=0.00 secs] 
2024-07-28T21:33:32.209+0800: 12.924: Total time for which application threads were stopped: 0.0007533 seconds, Stopping threads took: 0.0001316 seconds
2024-07-28T21:33:32.209+0800: 12.924: [CMS-concurrent-mark-start]
2024-07-28T21:33:32.211+0800: 12.926: [CMS-concurrent-mark: 0.002/0.002 secs] [Times: user=0.00 sys=0.00, real=0.00 secs] 
2024-07-28T21:33:32.211+0800: 12.926: [CMS-concurrent-preclean-start]
2024-07-28T21:33:32.212+0800: 12.927: [CMS-concurrent-preclean: 0.001/0.001 secs] [Times: user=0.00 sys=0.00, real=0.00 secs] 
2024-07-28T21:33:32.212+0800: 12.927: [CMS-concurrent-abortable-preclean-start]
2024-07-28T21:33:32.317+0800: 13.032: Application time: 0.1079748 seconds
2024-07-28T21:33:32.317+0800: 13.032: [GC (Allocation Failure) 2024-07-28T21:33:32.317+0800: 13.032: [ParNew: 77168K->8192K(78656K), 0.0104666 secs] 427015K->396951K(631016K), 0.0105361 secs] [Times: user=0.02 sys=0.00, real=0.01 secs] 
2024-07-28T21:33:32.328+0800: 13.042: Total time for which application threads were stopped: 0.0106911 seconds, Stopping threads took: 0.0000252 seconds
2024-07-28T21:33:32.439+0800: 13.154: Application time: 0.1116087 seconds
2024-07-28T21:33:32.439+0800: 13.154: [GC (Allocation Failure) 2024-07-28T21:33:32.439+0800: 13.154: [ParNew: 77168K->8192K(78656K), 0.0185442 secs] 465928K->465560K(631016K), 0.0186151 secs] [Times: user=0.06 sys=0.00, real=0.02 secs] 
2024-07-28T21:33:32.458+0800: 13.173: Total time for which application threads were stopped: 0.0187450 seconds, Stopping threads took: 0.0000339 seconds
2024-07-28T21:33:32.458+0800: 13.173: [CMS-concurrent-abortable-preclean: 0.004/0.246 secs] [Times: user=0.09 sys=0.00, real=0.25 secs] 
2024-07-28T21:33:32.458+0800: 13.173: Application time: 0.0002369 seconds
2024-07-28T21:33:32.458+0800: 13.173: [GC (CMS Final Remark) [YG occupancy: 11631 K (78656 K)]2024-07-28T21:33:32.458+0800: 13.173: [Rescan (parallel) , 0.0006675 secs]2024-07-28T21:33:32.459+0800: 13.174: [weak refs processing, 0.0000135 secs]2024-07-28T21:33:32.459+0800: 13.174: [class unloading, 0.0003007 secs]2024-07-28T21:33:32.459+0800: 13.174: [scrub symbol table, 0.0004205 secs]2024-07-28T21:33:32.460+0800: 13.174: [scrub string table, 0.0001317 secs][1 CMS-remark: 457368K(552360K)] 469000K(631016K), 0.0016074 secs] [Times: user=0.00 sys=0.00, real=0.00 secs] 
2024-07-28T21:33:32.460+0800: 13.175: Total time for which application threads were stopped: 0.0017054 seconds, Stopping threads took: 0.0000534 seconds
2024-07-28T21:33:32.460+0800: 13.175: [CMS-concurrent-sweep-start]
2024-07-28T21:33:32.462+0800: 13.176: [CMS-concurrent-sweep: 0.002/0.002 secs] [Times: user=0.00 sys=0.00, real=0.00 secs] 
2024-07-28T21:33:32.462+0800: 13.177: [CMS-concurrent-reset-start]
2024-07-28T21:33:32.463+0800: 13.178: [CMS-concurrent-reset: 0.002/0.002 secs] [Times: user=0.00 sys=0.00, real=0.00 secs] 
2024-07-28T21:33:32.468+0800: 13.182: Application time: 0.0076669 seconds
2024-07-28T21:33:32.468+0800: 13.182: [GC (Allocation Failure) 2024-07-28T21:33:32.468+0800: 13.182: [ParNew: 77168K->8192K(78656K), 0.0191311 secs] 360454K->360087K(631016K), 0.0192124 secs] [Times: user=0.03 sys=0.00, real=0.02 secs] 
2024-07-28T21:33:32.487+0800: 13.202: Total time for which application threads were stopped: 0.0193734 seconds, Stopping threads took: 0.0000420 seconds
2024-07-28T21:33:32.487+0800: 13.202: Application time: 0.0001136 seconds
2024-07-28T21:33:32.487+0800: 13.202: [GC (CMS Initial Mark) [1 CMS-initial-mark: 351894K(552360K)] 361111K(631016K), 0.0002151 secs] [Times: user=0.00 sys=0.00, real=0.00 secs] 
2024-07-28T21:33:32.487+0800: 13.202: Total time for which application threads were stopped: 0.0003178 seconds, Stopping threads took: 0.0000436 seconds
2024-07-28T21:33:32.487+0800: 13.202: [CMS-concurrent-mark-start]
2024-07-28T21:33:32.490+0800: 13.205: [CMS-concurrent-mark: 0.003/0.003 secs] [Times: user=0.05 sys=0.00, real=0.00 secs] 
2024-07-28T21:33:32.490+0800: 13.205: [CMS-concurrent-preclean-start]
2024-07-28T21:33:32.491+0800: 13.206: [CMS-concurrent-preclean: 0.001/0.001 secs] [Times: user=0.00 sys=0.00, real=0.00 secs] 
2024-07-28T21:33:32.491+0800: 13.206: [CMS-concurrent-abortable-preclean-start]
2024-07-28T21:33:32.598+0800: 13.313: Application time: 0.1110097 seconds
2024-07-28T21:33:32.598+0800: 13.313: [GC (Allocation Failure) 2024-07-28T21:33:32.598+0800: 13.313: [ParNew: 77168K->8192K(78656K), 0.0080926 secs] 429063K->400023K(631016K), 0.0081519 secs] [Times: user=0.00 sys=0.00, real=0.01 secs] 
2024-07-28T21:33:32.607+0800: 13.321: Total time for which application threads were stopped: 0.0082610 seconds, Stopping threads took: 0.0000189 seconds
2024-07-28T21:33:32.721+0800: 13.437: Application time: 0.1154009 seconds
2024-07-28T21:33:32.722+0800: 13.437: [GC (Allocation Failure) 2024-07-28T21:33:32.722+0800: 13.437: [ParNew: 77168K->8192K(78656K), 0.0120182 secs] 469000K->468632K(631016K), 0.0120836 secs] [Times: user=0.03 sys=0.00, real=0.01 secs] 
2024-07-28T21:33:32.734+0800: 13.449: Total time for which application threads were stopped: 0.0122006 seconds, Stopping threads took: 0.0000197 seconds
2024-07-28T21:33:32.734+0800: 13.449: [CMS-concurrent-abortable-preclean: 0.006/0.243 secs] [Times: user=0.03 sys=0.00, real=0.24 secs] 
2024-07-28T21:33:32.734+0800: 13.449: Application time: 0.0003157 seconds
2024-07-28T21:33:32.734+0800: 13.450: [GC (CMS Final Remark) [YG occupancy: 13679 K (78656 K)]2024-07-28T21:33:32.734+0800: 13.450: [Rescan (parallel) , 0.0010428 secs]2024-07-28T21:33:32.735+0800: 13.451: [weak refs processing, 0.0000129 secs]2024-07-28T21:33:32.735+0800: 13.451: [class unloading, 0.0002301 secs]2024-07-28T21:33:32.735+0800: 13.451: [scrub symbol table, 0.0003755 secs]2024-07-28T21:33:32.736+0800: 13.451: [scrub string table, 0.0000920 secs][1 CMS-remark: 460440K(552360K)] 474120K(631016K), 0.0018214 secs] [Times: user=0.00 sys=0.00, real=0.00 secs] 
2024-07-28T21:33:32.736+0800: 13.451: Total time for which application threads were stopped: 0.0020097 seconds, Stopping threads took: 0.0001522 seconds
2024-07-28T21:33:32.736+0800: 13.452: [CMS-concurrent-sweep-start]
2024-07-28T21:33:32.738+0800: 13.453: [CMS-concurrent-sweep: 0.002/0.002 secs] [Times: user=0.00 sys=0.00, real=0.00 secs] 
2024-07-28T21:33:32.738+0800: 13.453: [CMS-concurrent-reset-start]
2024-07-28T21:33:32.739+0800: 13.455: [CMS-concurrent-reset: 0.001/0.001 secs] [Times: user=0.03 sys=0.00, real=0.00 secs] 
2024-07-28T21:33:32.741+0800: 13.456: Application time: 0.0048023 seconds
2024-07-28T21:33:32.741+0800: 13.456: [GC (Allocation Failure) 2024-07-28T21:33:32.741+0800: 13.456: [ParNew: 77168K->8192K(78656K), 0.0122527 secs] 362502K->362135K(631016K), 0.0123484 secs] [Times: user=0.00 sys=0.00, real=0.01 secs] 
2024-07-28T21:33:32.753+0800: 13.469: Total time for which application threads were stopped: 0.0124410 seconds, Stopping threads took: 0.0000124 seconds
2024-07-28T21:33:32.753+0800: 13.469: Application time: 0.0002347 seconds
2024-07-28T21:33:32.754+0800: 13.469: [GC (CMS Initial Mark) [1 CMS-initial-mark: 353943K(552360K)] 365574K(631016K), 0.0008152 secs] [Times: user=0.00 sys=0.00, real=0.00 secs] 
2024-07-28T21:33:32.754+0800: 13.470: Total time for which application threads were stopped: 0.0009663 seconds, Stopping threads took: 0.0001097 seconds
2024-07-28T21:33:32.755+0800: 13.470: [CMS-concurrent-mark-start]
2024-07-28T21:33:32.757+0800: 13.472: [CMS-concurrent-mark: 0.002/0.002 secs] [Times: user=0.00 sys=0.00, real=0.00 secs] 
2024-07-28T21:33:32.757+0800: 13.472: [CMS-concurrent-preclean-start]
2024-07-28T21:33:32.757+0800: 13.473: [CMS-concurrent-preclean: 0.001/0.001 secs] [Times: user=0.00 sys=0.00, real=0.00 secs] 
2024-07-28T21:33:32.757+0800: 13.473: [CMS-concurrent-abortable-preclean-start]
Heap
 par new generation   total 78656K, used 29415K [0x00000000c8000000, 0x00000000cd550000, 0x00000000daaa0000)
  eden space 69952K,  30% used [0x00000000c8000000, 0x00000000c94b9d50, 0x00000000cc450000)
  from space 8704K,  94% used [0x00000000cccd0000, 0x00000000cd4d0080, 0x00000000cd550000)
  to   space 8704K,   0% used [0x00000000cc450000, 0x00000000cc450000, 0x00000000cccd0000)
 concurrent mark-sweep generation total 552360K, used 353943K [0x00000000daaa0000, 0x00000000fc60a000, 0x0000000100000000)
 Metaspace       used 3005K, capacity 4486K, committed 4864K, reserved 1056768K
  class space    used 310K, capacity 386K, committed 512K, reserved 1048576K
2024-07-28T21:33:32.863+0800: 13.578: Application time: 0.1080291 seconds
