OpenJDK 64-Bit Server VM (25.412-b1) for windows-amd64 JRE (1.8.0_412-b1), built on Apr 23 2024 12:00:37 by "Administrator" with MS VC++ 10.0 (VS2010)
Memory: 4k page, physical 16672068k(5645192k free), swap 19933956k(3713864k free)
CommandLine flags: -XX:CMSFullGCsBeforeCompaction=9 -XX:GCDrainStackTargetSize=64 -XX:InitialHeapSize=266753088 -XX:MaxHeapSize=939524096 -XX:MaxNewSize=313176064 -XX:MaxTenuringThreshold=6 -XX:OldPLABSize=16 -XX:+PrintGC -XX:+PrintGCApplicationConcurrentTime -XX:+PrintGCApplicationStoppedTime -XX:+PrintGCDateStamps -XX:+PrintGCDetails -XX:+PrintGCTimeStamps -XX:+UseCMSCompactAtFullCollection -XX:+UseCompressedClassPointers -XX:+UseCompressedOops -XX:+UseConcMarkSweepGC -XX:-UseLargePagesIndividualAllocation -XX:+UseParNewGC 
2024-07-28T21:33:33.049+0800: 0.113: Application time: 0.0385758 seconds
2024-07-28T21:33:33.049+0800: 0.113: [GC (Allocation Failure) 2024-07-28T21:33:33.050+0800: 0.113: [ParNew: 68984K->7897K(78656K), 0.0374309 secs] 68984K->68316K(253440K), 0.0376105 secs] [Times: user=0.05 sys=0.05, real=0.04 secs] 
2024-07-28T21:33:33.087+0800: 0.151: Total time for which application threads were stopped: 0.0377385 seconds, Stopping threads took: 0.0000195 seconds
2024-07-28T21:33:33.197+0800: 0.261: Application time: 0.1101846 seconds
2024-07-28T21:33:33.197+0800: 0.261: [GC (Allocation Failure) 2024-07-28T21:33:33.197+0800: 0.261: [ParNew: 76867K->8656K(78656K), 0.0251715 secs] 137286K->137312K(253440K), 0.0252364 secs] [Times: user=0.03 sys=0.02, real=0.03 secs] 
2024-07-28T21:33:33.223+0800: 0.286: Total time for which application threads were stopped: 0.0253526 seconds, Stopping threads took: 0.0000223 seconds
2024-07-28T21:33:33.223+0800: 0.286: Application time: 0.0002136 seconds
2024-07-28T21:33:33.223+0800: 0.287: [GC (CMS Initial Mark) [1 CMS-initial-mark: 128655K(174784K)] 140738K(253440K), 0.0005655 secs] [Times: user=0.00 sys=0.00, real=0.00 secs] 
2024-07-28T21:33:33.224+0800: 0.287: Total time for which application threads were stopped: 0.0006606 seconds, Stopping threads took: 0.0000515 seconds
2024-07-28T21:33:33.224+0800: 0.287: [CMS-concurrent-mark-start]
2024-07-28T21:33:33.227+0800: 0.290: [CMS-concurrent-mark: 0.003/0.003 secs] [Times: user=0.00 sys=0.00, real=0.00 secs] 
2024-07-28T21:33:33.227+0800: 0.290: [CMS-concurrent-preclean-start]
2024-07-28T21:33:33.228+0800: 0.291: [CMS-concurrent-preclean: 0.001/0.001 secs] [Times: user=0.00 sys=0.00, real=0.00 secs] 
2024-07-28T21:33:33.228+0800: 0.291: [CMS-concurrent-abortable-preclean-start]
2024-07-28T21:33:33.338+0800: 0.402: Application time: 0.1144147 seconds
2024-07-28T21:33:33.338+0800: 0.402: [GC (Allocation Failure) 2024-07-28T21:33:33.338+0800: 0.402: [ParNew: 77620K->14K(78656K), 0.0012004 secs] 206275K->128672K(253440K), 0.0012756 secs] [Times: user=0.00 sys=0.00, real=0.00 secs] 
2024-07-28T21:33:33.339+0800: 0.403: Total time for which application threads were stopped: 0.0014075 seconds, Stopping threads took: 0.0000313 seconds
2024-07-28T21:33:33.344+0800: 0.407: Application time: 0.0044884 seconds
2024-07-28T21:33:33.344+0800: 0.408: [GC (Allocation Failure) 2024-07-28T21:33:33.344+0800: 0.408: [ParNew: 68983K->8196K(78656K), 0.0277959 secs] 197640K->197271K(268860K), 0.0278428 secs] [Times: user=0.05 sys=0.03, real=0.03 secs] 
2024-07-28T21:33:33.372+0800: 0.435: Total time for which application threads were stopped: 0.0279383 seconds, Stopping threads took: 0.0000143 seconds
2024-07-28T21:33:33.480+0800: 0.544: Application time: 0.1089837 seconds
2024-07-28T21:33:33.480+0800: 0.544: [GC (Allocation Failure) 2024-07-28T21:33:33.480+0800: 0.545: [ParNew: 77168K->8192K(78656K), 0.0236051 secs] 266242K->265877K(337736K), 0.0236630 secs] [Times: user=0.05 sys=0.00, real=0.02 secs] 
2024-07-28T21:33:33.504+0800: 0.568: Total time for which application threads were stopped: 0.0237855 seconds, Stopping threads took: 0.0000327 seconds
2024-07-28T21:33:33.504+0800: 0.568: [CMS-concurrent-abortable-preclean: 0.003/0.277 secs] [Times: user=0.09 sys=0.03, real=0.28 secs] 
2024-07-28T21:33:33.504+0800: 0.569: Application time: 0.0003695 seconds
2024-07-28T21:33:33.504+0800: 0.569: [GC (CMS Final Remark) [YG occupancy: 14700 K (78656 K)]2024-07-28T21:33:33.505+0800: 0.569: [Rescan (parallel) , 0.0009364 secs]2024-07-28T21:33:33.505+0800: 0.570: [weak refs processing, 0.0000212 secs]2024-07-28T21:33:33.505+0800: 0.570: [class unloading, 0.0001890 secs]2024-07-28T21:33:33.506+0800: 0.570: [scrub symbol table, 0.0003432 secs]2024-07-28T21:33:33.506+0800: 0.570: [scrub string table, 0.0001085 secs][1 CMS-remark: 257684K(259080K)] 272385K(337736K), 0.0017217 secs] [Times: user=0.00 sys=0.00, real=0.00 secs] 
2024-07-28T21:33:33.506+0800: 0.570: Total time for which application threads were stopped: 0.0018408 seconds, Stopping threads took: 0.0000826 seconds
2024-07-28T21:33:33.506+0800: 0.571: [CMS-concurrent-sweep-start]
2024-07-28T21:33:33.508+0800: 0.572: [CMS-concurrent-sweep: 0.002/0.002 secs] [Times: user=0.00 sys=0.00, real=0.00 secs] 
2024-07-28T21:33:33.510+0800: 0.574: [CMS-concurrent-reset-start]
2024-07-28T21:33:33.513+0800: 0.578: [CMS-concurrent-reset: 0.004/0.004 secs] [Times: user=0.00 sys=0.00, real=0.00 secs] 
2024-07-28T21:33:33.619+0800: 0.683: Application time: 0.1121841 seconds
2024-07-28T21:33:33.619+0800: 0.683: [GC (Allocation Failure) 2024-07-28T21:33:33.619+0800: 0.683: [ParNew: 77165K->1024K(78656K), 0.0012940 secs] 334849K->258707K(508132K), 0.0013510 secs] [Times: user=0.00 sys=0.00, real=0.00 secs] 
2024-07-28T21:33:33.620+0800: 0.684: Total time for which application threads were stopped: 0.0014555 seconds, Stopping threads took: 0.0000207 seconds
2024-07-28T21:33:33.620+0800: 0.684: Application time: 0.0001799 seconds
2024-07-28T21:33:33.621+0800: 0.684: [GC (CMS Initial Mark) [1 CMS-initial-mark: 257683K(429476K)] 262145K(508132K), 0.0008061 secs] [Times: user=0.00 sys=0.00, real=0.00 secs] 
2024-07-28T21:33:33.621+0800: 0.685: Total time for which application threads were stopped: 0.0009665 seconds, Stopping threads took: 0.0001245 seconds
2024-07-28T21:33:33.621+0800: 0.685: [CMS-concurrent-mark-start]
2024-07-28T21:33:33.625+0800: 0.688: [CMS-concurrent-mark: 0.003/0.003 secs] [Times: user=0.00 sys=0.00, real=0.00 secs] 
2024-07-28T21:33:33.625+0800: 0.689: [CMS-concurrent-preclean-start]
2024-07-28T21:33:33.626+0800: 0.690: [CMS-concurrent-preclean: 0.001/0.001 secs] [Times: user=0.00 sys=0.00, real=0.00 secs] 
2024-07-28T21:33:33.626+0800: 0.690: [CMS-concurrent-abortable-preclean-start]
2024-07-28T21:33:33.626+0800: 0.690: Application time: 0.0049759 seconds
2024-07-28T21:33:33.626+0800: 0.690: [GC (Allocation Failure) 2024-07-28T21:33:33.626+0800: 0.690: [ParNew: 69998K->8192K(78656K), 0.0345137 secs] 327682K->327317K(508132K), 0.0345799 secs] [Times: user=0.08 sys=0.02, real=0.04 secs] 
2024-07-28T21:33:33.661+0800: 0.725: Total time for which application threads were stopped: 0.0346801 seconds, Stopping threads took: 0.0000136 seconds
2024-07-28T21:33:33.779+0800: 0.842: Application time: 0.1174142 seconds
2024-07-28T21:33:33.779+0800: 0.842: [GC (Allocation Failure) 2024-07-28T21:33:33.779+0800: 0.842: [ParNew: 77167K->8192K(78656K), 0.0371137 secs] 396292K->395926K(508132K), 0.0371857 secs] [Times: user=0.03 sys=0.03, real=0.04 secs] 
2024-07-28T21:33:33.816+0800: 0.880: Total time for which application threads were stopped: 0.0373042 seconds, Stopping threads took: 0.0000197 seconds
2024-07-28T21:33:33.816+0800: 0.880: [CMS-concurrent-abortable-preclean: 0.003/0.190 secs] [Times: user=0.11 sys=0.05, real=0.19 secs] 
2024-07-28T21:33:33.816+0800: 0.880: Application time: 0.0003224 seconds
2024-07-28T21:33:33.817+0800: 0.880: [GC (CMS Final Remark) [YG occupancy: 12654 K (78656 K)]2024-07-28T21:33:33.817+0800: 0.880: [Rescan (parallel) , 0.0009490 secs]2024-07-28T21:33:33.818+0800: 0.881: [weak refs processing, 0.0000126 secs]2024-07-28T21:33:33.818+0800: 0.881: [class unloading, 0.0001826 secs]2024-07-28T21:33:33.818+0800: 0.881: [scrub symbol table, 0.0003448 secs]2024-07-28T21:33:33.818+0800: 0.882: [scrub string table, 0.0001131 secs][1 CMS-remark: 387733K(429476K)] 400388K(508132K), 0.0016707 secs] [Times: user=0.00 sys=0.00, real=0.00 secs] 
2024-07-28T21:33:33.818+0800: 0.882: Total time for which application threads were stopped: 0.0018623 seconds, Stopping threads took: 0.0001482 seconds
2024-07-28T21:33:33.819+0800: 0.882: [CMS-concurrent-sweep-start]
2024-07-28T21:33:33.820+0800: 0.884: [CMS-concurrent-sweep: 0.002/0.002 secs] [Times: user=0.00 sys=0.00, real=0.00 secs] 
2024-07-28T21:33:33.820+0800: 0.884: [CMS-concurrent-reset-start]
2024-07-28T21:33:33.822+0800: 0.885: [CMS-concurrent-reset: 0.001/0.001 secs] [Times: user=0.00 sys=0.00, real=0.00 secs] 
2024-07-28T21:33:33.933+0800: 0.996: Application time: 0.1147059 seconds
2024-07-28T21:33:33.933+0800: 0.997: [GC (Allocation Failure) 2024-07-28T21:33:33.933+0800: 0.997: [ParNew: 77167K->2048K(78656K), 0.0013987 secs] 207873K->132754K(508132K), 0.0014492 secs] [Times: user=0.00 sys=0.00, real=0.00 secs] 
2024-07-28T21:33:33.935+0800: 0.998: Total time for which application threads were stopped: 0.0015552 seconds, Stopping threads took: 0.0000191 seconds
2024-07-28T21:33:33.939+0800: 1.002: Application time: 0.0043220 seconds
2024-07-28T21:33:33.939+0800: 1.002: [GC (Allocation Failure) 2024-07-28T21:33:33.939+0800: 1.002: [ParNew: 71024K->8192K(78656K), 0.0271092 secs] 201730K->201363K(508132K), 0.0271562 secs] [Times: user=0.03 sys=0.03, real=0.03 secs] 
2024-07-28T21:33:33.966+0800: 1.030: Total time for which application threads were stopped: 0.0272588 seconds, Stopping threads took: 0.0000130 seconds
2024-07-28T21:33:33.966+0800: 1.030: Application time: 0.0002312 seconds
2024-07-28T21:33:33.967+0800: 1.030: [GC (CMS Initial Mark) [1 CMS-initial-mark: 193170K(429476K)] 204802K(508132K), 0.0007690 secs] [Times: user=0.00 sys=0.00, real=0.00 secs] 
2024-07-28T21:33:33.967+0800: 1.031: Total time for which application threads were stopped: 0.0009490 seconds, Stopping threads took: 0.0001378 seconds
2024-07-28T21:33:33.967+0800: 1.031: [CMS-concurrent-mark-start]
2024-07-28T21:33:33.970+0800: 1.033: [CMS-concurrent-mark: 0.002/0.002 secs] [Times: user=0.00 sys=0.00, real=0.00 secs] 
2024-07-28T21:33:33.970+0800: 1.033: [CMS-concurrent-preclean-start]
2024-07-28T21:33:33.970+0800: 1.034: [CMS-concurrent-preclean: 0.001/0.001 secs] [Times: user=0.00 sys=0.00, real=0.00 secs] 
2024-07-28T21:33:33.970+0800: 1.034: [CMS-concurrent-abortable-preclean-start]
2024-07-28T21:33:34.075+0800: 1.138: Application time: 0.1076033 seconds
2024-07-28T21:33:34.075+0800: 1.138: [GC (Allocation Failure) 2024-07-28T21:33:34.075+0800: 1.139: [ParNew: 77168K->8192K(78656K), 0.0121010 secs] 270339K->269972K(508132K), 0.0121641 secs] [Times: user=0.03 sys=0.00, real=0.01 secs] 
2024-07-28T21:33:34.087+0800: 1.151: Total time for which application threads were stopped: 0.0122772 seconds, Stopping threads took: 0.0000202 seconds
2024-07-28T21:33:34.199+0800: 1.263: Application time: 0.1122126 seconds
2024-07-28T21:33:34.200+0800: 1.263: [GC (Allocation Failure) 2024-07-28T21:33:34.200+0800: 1.263: [ParNew: 77168K->3072K(78656K), 0.0012338 secs] 338948K->264852K(508132K), 0.0012907 secs] [Times: user=0.00 sys=0.00, real=0.00 secs] 
2024-07-28T21:33:34.201+0800: 1.264: Total time for which application threads were stopped: 0.0014079 seconds, Stopping threads took: 0.0000257 seconds
2024-07-28T21:33:34.205+0800: 1.269: Application time: 0.0044089 seconds
2024-07-28T21:33:34.205+0800: 1.269: [GC (Allocation Failure) 2024-07-28T21:33:34.205+0800: 1.269: [ParNew: 72048K->8192K(78656K), 0.0115130 secs] 333828K->333461K(508132K), 0.0115682 secs] [Times: user=0.03 sys=0.00, real=0.01 secs] 
2024-07-28T21:33:34.217+0800: 1.280: Total time for which application threads were stopped: 0.0116654 seconds, Stopping threads took: 0.0000147 seconds
2024-07-28T21:33:34.217+0800: 1.280: [CMS-concurrent-abortable-preclean: 0.005/0.247 secs] [Times: user=0.06 sys=0.00, real=0.25 secs] 
2024-07-28T21:33:34.217+0800: 1.281: Application time: 0.0003917 seconds
2024-07-28T21:33:34.217+0800: 1.281: [GC (CMS Final Remark) [YG occupancy: 14703 K (78656 K)]2024-07-28T21:33:34.218+0800: 1.281: [Rescan (parallel) , 0.0009200 secs]2024-07-28T21:33:34.218+0800: 1.282: [weak refs processing, 0.0000131 secs]2024-07-28T21:33:34.218+0800: 1.282: [class unloading, 0.0001997 secs]2024-07-28T21:33:34.219+0800: 1.282: [scrub symbol table, 0.0003108 secs]2024-07-28T21:33:34.219+0800: 1.282: [scrub string table, 0.0000909 secs][1 CMS-remark: 325268K(429476K)] 339972K(508132K), 0.0016062 secs] [Times: user=0.00 sys=0.00, real=0.00 secs] 
2024-07-28T21:33:34.219+0800: 1.283: Total time for which application threads were stopped: 0.0017537 seconds, Stopping threads took: 0.0001105 seconds
2024-07-28T21:33:34.219+0800: 1.283: [CMS-concurrent-sweep-start]
2024-07-28T21:33:34.221+0800: 1.284: [CMS-concurrent-sweep: 0.001/0.001 secs] [Times: user=0.00 sys=0.00, real=0.00 secs] 
2024-07-28T21:33:34.221+0800: 1.284: [CMS-concurrent-reset-start]
2024-07-28T21:33:34.221+0800: 1.285: [CMS-concurrent-reset: 0.001/0.001 secs] [Times: user=0.00 sys=0.00, real=0.00 secs] 
2024-07-28T21:33:34.328+0800: 1.392: Application time: 0.1095400 seconds
2024-07-28T21:33:34.328+0800: 1.392: [GC (Allocation Failure) 2024-07-28T21:33:34.328+0800: 1.392: [ParNew: 77168K->8192K(78656K), 0.0125570 secs] 272387K->272020K(508132K), 0.0126513 secs] [Times: user=0.03 sys=0.00, real=0.01 secs] 
2024-07-28T21:33:34.341+0800: 1.405: Total time for which application threads were stopped: 0.0128077 seconds, Stopping threads took: 0.0000338 seconds
2024-07-28T21:33:34.341+0800: 1.405: Application time: 0.0001077 seconds
2024-07-28T21:33:34.341+0800: 1.405: [GC (CMS Initial Mark) [1 CMS-initial-mark: 263828K(429476K)] 275459K(508132K), 0.0007597 secs] [Times: user=0.00 sys=0.00, real=0.00 secs] 
2024-07-28T21:33:34.342+0800: 1.406: Total time for which application threads were stopped: 0.0009104 seconds, Stopping threads took: 0.0001088 seconds
2024-07-28T21:33:34.342+0800: 1.406: [CMS-concurrent-mark-start]
2024-07-28T21:33:34.346+0800: 1.410: [CMS-concurrent-mark: 0.004/0.004 secs] [Times: user=0.00 sys=0.00, real=0.00 secs] 
2024-07-28T21:33:34.346+0800: 1.410: [CMS-concurrent-preclean-start]
2024-07-28T21:33:34.347+0800: 1.411: [CMS-concurrent-preclean: 0.001/0.001 secs] [Times: user=0.00 sys=0.00, real=0.00 secs] 
2024-07-28T21:33:34.347+0800: 1.411: [CMS-concurrent-abortable-preclean-start]
2024-07-28T21:33:34.453+0800: 1.517: Application time: 0.1106181 seconds
2024-07-28T21:33:34.453+0800: 1.517: [GC (Allocation Failure) 2024-07-28T21:33:34.453+0800: 1.517: [ParNew: 77543K->3076K(78656K), 0.0013533 secs] 341371K->266904K(508132K), 0.0014070 secs] [Times: user=0.00 sys=0.00, real=0.00 secs] 
2024-07-28T21:33:34.454+0800: 1.518: Total time for which application threads were stopped: 0.0015454 seconds, Stopping threads took: 0.0000321 seconds
2024-07-28T21:33:34.458+0800: 1.522: Application time: 0.0043140 seconds
2024-07-28T21:33:34.458+0800: 1.522: [GC (Allocation Failure) 2024-07-28T21:33:34.458+0800: 1.522: [ParNew: 72042K->8196K(78656K), 0.0114018 secs] 335870K->335513K(508132K), 0.0114505 secs] [Times: user=0.00 sys=0.00, real=0.01 secs] 
2024-07-28T21:33:34.470+0800: 1.534: Total time for which application threads were stopped: 0.0115473 seconds, Stopping threads took: 0.0000139 seconds
2024-07-28T21:33:34.580+0800: 1.645: Application time: 0.1106106 seconds
2024-07-28T21:33:34.581+0800: 1.645: [GC (Allocation Failure) 2024-07-28T21:33:34.581+0800: 1.645: [ParNew: 77166K->8192K(78656K), 0.0119722 secs] 404483K->404118K(508132K), 0.0120449 secs] [Times: user=0.03 sys=0.00, real=0.01 secs] 
2024-07-28T21:33:34.593+0800: 1.657: Total time for which application threads were stopped: 0.0121677 seconds, Stopping threads took: 0.0000217 seconds
2024-07-28T21:33:34.704+0800: 1.767: Application time: 0.1105244 seconds
2024-07-28T21:33:34.704+0800: 1.767: [GC (Allocation Failure) 2024-07-28T21:33:34.704+0800: 1.767: [ParNew: 77164K->4096K(78656K), 0.0015740 secs] 473090K->400022K(508132K), 0.0016278 secs] [Times: user=0.00 sys=0.00, real=0.00 secs] 
2024-07-28T21:33:34.705+0800: 1.769: Total time for which application threads were stopped: 0.0017405 seconds, Stopping threads took: 0.0000223 seconds
2024-07-28T21:33:34.710+0800: 1.773: Application time: 0.0042947 seconds
2024-07-28T21:33:34.710+0800: 1.773: [GC (Allocation Failure) 2024-07-28T21:33:34.710+0800: 1.773: [ParNew: 73070K->8192K(78656K), 0.0259537 secs] 468996K->468631K(540000K), 0.0260535 secs] [Times: user=0.01 sys=0.02, real=0.03 secs] 
2024-07-28T21:33:34.736+0800: 1.799: Total time for which application threads were stopped: 0.0261517 seconds, Stopping threads took: 0.0000135 seconds
2024-07-28T21:33:34.736+0800: 1.799: [CMS-concurrent-abortable-preclean: 0.007/0.388 secs] [Times: user=0.11 sys=0.02, real=0.39 secs] 
2024-07-28T21:33:34.736+0800: 1.800: Application time: 0.0002240 seconds
2024-07-28T21:33:34.736+0800: 1.800: [GC (CMS Final Remark) [YG occupancy: 11630 K (78656 K)]2024-07-28T21:33:34.736+0800: 1.800: [Rescan (parallel) , 0.0009736 secs]2024-07-28T21:33:34.737+0800: 1.801: [weak refs processing, 0.0000131 secs]2024-07-28T21:33:34.737+0800: 1.801: [class unloading, 0.0002014 secs]2024-07-28T21:33:34.737+0800: 1.801: [scrub symbol table, 0.0003474 secs]2024-07-28T21:33:34.738+0800: 1.801: [scrub string table, 0.0001006 secs][1 CMS-remark: 460439K(461344K)] 472069K(540000K), 0.0017019 secs] [Times: user=0.00 sys=0.00, real=0.00 secs] 
2024-07-28T21:33:34.738+0800: 1.802: Total time for which application threads were stopped: 0.0018528 seconds, Stopping threads took: 0.0001117 seconds
2024-07-28T21:33:34.738+0800: 1.802: [CMS-concurrent-sweep-start]
2024-07-28T21:33:34.739+0800: 1.803: [CMS-concurrent-sweep: 0.001/0.001 secs] [Times: user=0.03 sys=0.00, real=0.00 secs] 
2024-07-28T21:33:34.740+0800: 1.804: [CMS-concurrent-reset-start]
2024-07-28T21:33:34.741+0800: 1.804: [CMS-concurrent-reset: 0.001/0.001 secs] [Times: user=0.00 sys=0.00, real=0.00 secs] 
2024-07-28T21:33:34.847+0800: 1.911: Application time: 0.1096050 seconds
2024-07-28T21:33:34.847+0800: 1.911: [GC (Allocation Failure) 2024-07-28T21:33:34.847+0800: 1.911: [ParNew: 77866K->8196K(78656K), 0.0120298 secs] 407231K->406170K(627600K), 0.0120949 secs] [Times: user=0.00 sys=0.00, real=0.01 secs] 
2024-07-28T21:33:34.860+0800: 1.923: Total time for which application threads were stopped: 0.0122109 seconds, Stopping threads took: 0.0000187 seconds
2024-07-28T21:33:34.860+0800: 1.924: Application time: 0.0002395 seconds
2024-07-28T21:33:34.860+0800: 1.924: [GC (CMS Initial Mark) [1 CMS-initial-mark: 397974K(548944K)] 409603K(627600K), 0.0005808 secs] [Times: user=0.00 sys=0.00, real=0.00 secs] 
2024-07-28T21:33:34.861+0800: 1.924: Total time for which application threads were stopped: 0.0007909 seconds, Stopping threads took: 0.0001436 seconds
2024-07-28T21:33:34.861+0800: 1.924: [CMS-concurrent-mark-start]
2024-07-28T21:33:34.866+0800: 1.929: [CMS-concurrent-mark: 0.005/0.005 secs] [Times: user=0.05 sys=0.00, real=0.00 secs] 
2024-07-28T21:33:34.866+0800: 1.929: [CMS-concurrent-preclean-start]
2024-07-28T21:33:34.867+0800: 1.930: [CMS-concurrent-preclean: 0.001/0.001 secs] [Times: user=0.00 sys=0.00, real=0.00 secs] 
2024-07-28T21:33:34.867+0800: 1.930: [CMS-concurrent-abortable-preclean-start]
2024-07-28T21:33:34.972+0800: 2.035: Application time: 0.1107984 seconds
2024-07-28T21:33:34.972+0800: 2.035: [GC (Allocation Failure) 2024-07-28T21:33:34.972+0800: 2.035: [ParNew: 77166K->5124K(78656K), 0.0017191 secs] 475140K->403098K(627600K), 0.0017863 secs] [Times: user=0.02 sys=0.00, real=0.00 secs] 
2024-07-28T21:33:34.974+0800: 2.037: Total time for which application threads were stopped: 0.0019028 seconds, Stopping threads took: 0.0000199 seconds
2024-07-28T21:33:34.978+0800: 2.042: Application time: 0.0045041 seconds
2024-07-28T21:33:34.978+0800: 2.042: [GC (Allocation Failure) 2024-07-28T21:33:34.978+0800: 2.042: [ParNew: 74096K->8192K(78656K), 0.0135839 secs] 472071K->471703K(627600K), 0.0136323 secs] [Times: user=0.03 sys=0.00, real=0.01 secs] 
2024-07-28T21:33:34.992+0800: 2.055: Total time for which application threads were stopped: 0.0137299 seconds, Stopping threads took: 0.0000143 seconds
2024-07-28T21:33:35.101+0800: 2.164: Application time: 0.1090599 seconds
2024-07-28T21:33:35.101+0800: 2.164: [GC (Allocation Failure) 2024-07-28T21:33:35.101+0800: 2.165: [ParNew: 77166K->8192K(78656K), 0.0406676 secs] 540677K->540312K(627600K), 0.0407870 secs] [Times: user=0.06 sys=0.00, real=0.04 secs] 
2024-07-28T21:33:35.142+0800: 2.205: Total time for which application threads were stopped: 0.0408990 seconds, Stopping threads took: 0.0000197 seconds
2024-07-28T21:33:35.142+0800: 2.205: [CMS-concurrent-abortable-preclean: 0.006/0.275 secs] [Times: user=0.14 sys=0.00, real=0.27 secs] 
2024-07-28T21:33:35.142+0800: 2.206: Application time: 0.0003025 seconds
2024-07-28T21:33:35.142+0800: 2.206: [GC (CMS Final Remark) [YG occupancy: 12654 K (78656 K)]2024-07-28T21:33:35.142+0800: 2.206: [Rescan (parallel) , 0.0009550 secs]2024-07-28T21:33:35.143+0800: 2.207: [weak refs processing, 0.0000129 secs]2024-07-28T21:33:35.143+0800: 2.207: [class unloading, 0.0002033 secs]2024-07-28T21:33:35.143+0800: 2.207: [scrub symbol table, 0.0003945 secs]2024-07-28T21:33:35.144+0800: 2.207: [scrub string table, 0.0001181 secs][1 CMS-remark: 532120K(548944K)] 544774K(627600K), 0.0017584 secs] [Times: user=0.00 sys=0.00, real=0.00 secs] 
2024-07-28T21:33:35.144+0800: 2.208: Total time for which application threads were stopped: 0.0019341 seconds, Stopping threads took: 0.0001335 seconds
2024-07-28T21:33:35.144+0800: 2.208: [CMS-concurrent-sweep-start]
2024-07-28T21:33:35.146+0800: 2.209: [CMS-concurrent-sweep: 0.002/0.002 secs] [Times: user=0.03 sys=0.00, real=0.00 secs] 
2024-07-28T21:33:35.146+0800: 2.209: [CMS-concurrent-reset-start]
2024-07-28T21:33:35.147+0800: 2.211: [CMS-concurrent-reset: 0.001/0.001 secs] [Times: user=0.00 sys=0.00, real=0.00 secs] 
2024-07-28T21:33:35.257+0800: 2.321: Application time: 0.1131681 seconds
2024-07-28T21:33:35.257+0800: 2.321: [GC (Allocation Failure) 2024-07-28T21:33:35.257+0800: 2.321: [ParNew: 77167K->6144K(78656K), 0.0022392 secs] 345091K->274068K(627600K), 0.0022938 secs] [Times: user=0.00 sys=0.00, real=0.00 secs] 
2024-07-28T21:33:35.260+0800: 2.323: Total time for which application threads were stopped: 0.0024165 seconds, Stopping threads took: 0.0000336 seconds
2024-07-28T21:33:35.264+0800: 2.328: Application time: 0.0046176 seconds
2024-07-28T21:33:35.264+0800: 2.328: [GC (Allocation Failure) 2024-07-28T21:33:35.264+0800: 2.328: [ParNew: 75119K->8192K(78656K), 0.0183236 secs] 343043K->342677K(627600K), 0.0183825 secs] [Times: user=0.02 sys=0.01, real=0.02 secs] 
2024-07-28T21:33:35.283+0800: 2.346: Total time for which application threads were stopped: 0.0184851 seconds, Stopping threads took: 0.0000150 seconds
2024-07-28T21:33:35.283+0800: 2.346: Application time: 0.0002161 seconds
2024-07-28T21:33:35.283+0800: 2.347: [GC (CMS Initial Mark) [1 CMS-initial-mark: 334485K(548944K)] 346116K(627600K), 0.0006254 secs] [Times: user=0.00 sys=0.00, real=0.00 secs] 
2024-07-28T21:33:35.284+0800: 2.347: Total time for which application threads were stopped: 0.0007782 seconds, Stopping threads took: 0.0000991 seconds
2024-07-28T21:33:35.284+0800: 2.347: [CMS-concurrent-mark-start]
2024-07-28T21:33:35.286+0800: 2.350: [CMS-concurrent-mark: 0.002/0.002 secs] [Times: user=0.05 sys=0.00, real=0.00 secs] 
2024-07-28T21:33:35.286+0800: 2.350: [CMS-concurrent-preclean-start]
2024-07-28T21:33:35.287+0800: 2.350: [CMS-concurrent-preclean: 0.001/0.001 secs] [Times: user=0.00 sys=0.00, real=0.00 secs] 
2024-07-28T21:33:35.287+0800: 2.350: [CMS-concurrent-abortable-preclean-start]
2024-07-28T21:33:35.403+0800: 2.466: Application time: 0.1192481 seconds
2024-07-28T21:33:35.403+0800: 2.467: [GC (Allocation Failure) 2024-07-28T21:33:35.403+0800: 2.467: [ParNew: 77622K->8198K(78656K), 0.0124689 secs] 412108K->411292K(627600K), 0.0125355 secs] [Times: user=0.03 sys=0.00, real=0.01 secs] 
2024-07-28T21:33:35.415+0800: 2.479: Total time for which application threads were stopped: 0.0126450 seconds, Stopping threads took: 0.0000193 seconds
2024-07-28T21:33:35.526+0800: 2.590: Application time: 0.1109433 seconds
2024-07-28T21:33:35.526+0800: 2.590: [GC (Allocation Failure) 2024-07-28T21:33:35.526+0800: 2.590: [ParNew: 77171K->7168K(78656K), 0.0026012 secs] 480265K->410262K(627600K), 0.0027108 secs] [Times: user=0.00 sys=0.00, real=0.00 secs] 
2024-07-28T21:33:35.529+0800: 2.593: Total time for which application threads were stopped: 0.0028196 seconds, Stopping threads took: 0.0000191 seconds
2024-07-28T21:33:35.529+0800: 2.593: [CMS-concurrent-abortable-preclean: 0.006/0.243 secs] [Times: user=0.03 sys=0.00, real=0.24 secs] 
2024-07-28T21:33:35.529+0800: 2.593: Application time: 0.0003158 seconds
2024-07-28T21:33:35.529+0800: 2.593: [GC (CMS Final Remark) [YG occupancy: 11629 K (78656 K)]2024-07-28T21:33:35.529+0800: 2.593: [Rescan (parallel) , 0.0008055 secs]2024-07-28T21:33:35.530+0800: 2.594: [weak refs processing, 0.0000133 secs]2024-07-28T21:33:35.530+0800: 2.594: [class unloading, 0.0001998 secs]2024-07-28T21:33:35.531+0800: 2.594: [scrub symbol table, 0.0003538 secs]2024-07-28T21:33:35.531+0800: 2.595: [scrub string table, 0.0000991 secs][1 CMS-remark: 403094K(548944K)] 414723K(627600K), 0.0015365 secs] [Times: user=0.00 sys=0.00, real=0.00 secs] 
2024-07-28T21:33:35.531+0800: 2.595: Total time for which application threads were stopped: 0.0017119 seconds, Stopping threads took: 0.0001388 seconds
2024-07-28T21:33:35.531+0800: 2.595: [CMS-concurrent-sweep-start]
2024-07-28T21:33:35.533+0800: 2.597: [CMS-concurrent-sweep: 0.001/0.001 secs] [Times: user=0.00 sys=0.00, real=0.00 secs] 
2024-07-28T21:33:35.533+0800: 2.597: [CMS-concurrent-reset-start]
2024-07-28T21:33:35.534+0800: 2.598: [CMS-concurrent-reset: 0.001/0.001 secs] [Times: user=0.00 sys=0.00, real=0.00 secs] 
2024-07-28T21:33:35.536+0800: 2.600: Application time: 0.0047307 seconds
2024-07-28T21:33:35.536+0800: 2.600: [GC (Allocation Failure) 2024-07-28T21:33:35.536+0800: 2.600: [ParNew: 76142K->8192K(78656K), 0.0135222 secs] 211968K->211603K(627600K), 0.0135667 secs] [Times: user=0.00 sys=0.00, real=0.01 secs] 
2024-07-28T21:33:35.549+0800: 2.613: Total time for which application threads were stopped: 0.0136624 seconds, Stopping threads took: 0.0000130 seconds
2024-07-28T21:33:35.550+0800: 2.613: Application time: 0.0001349 seconds
2024-07-28T21:33:35.550+0800: 2.614: [GC (CMS Initial Mark) [1 CMS-initial-mark: 203411K(548944K)] 215041K(627600K), 0.0006001 secs] [Times: user=0.00 sys=0.00, real=0.00 secs] 
2024-07-28T21:33:35.550+0800: 2.614: Total time for which application threads were stopped: 0.0007535 seconds, Stopping threads took: 0.0000998 seconds
2024-07-28T21:33:35.550+0800: 2.614: [CMS-concurrent-mark-start]
2024-07-28T21:33:35.553+0800: 2.616: [CMS-concurrent-mark: 0.002/0.002 secs] [Times: user=0.03 sys=0.00, real=0.00 secs] 
2024-07-28T21:33:35.553+0800: 2.617: [CMS-concurrent-preclean-start]
2024-07-28T21:33:35.553+0800: 2.617: [CMS-concurrent-preclean: 0.001/0.001 secs] [Times: user=0.00 sys=0.00, real=0.00 secs] 
2024-07-28T21:33:35.553+0800: 2.617: [CMS-concurrent-abortable-preclean-start]
2024-07-28T21:33:35.669+0800: 2.732: Application time: 0.1182565 seconds
2024-07-28T21:33:35.669+0800: 2.733: [GC (Allocation Failure) 2024-07-28T21:33:35.669+0800: 2.733: [ParNew: 77167K->8192K(78656K), 0.0122691 secs] 280578K->280212K(627600K), 0.0123293 secs] [Times: user=0.03 sys=0.00, real=0.01 secs] 
2024-07-28T21:33:35.681+0800: 2.745: Total time for which application threads were stopped: 0.0124529 seconds, Stopping threads took: 0.0000193 seconds
2024-07-28T21:33:35.790+0800: 2.854: Application time: 0.1090678 seconds
2024-07-28T21:33:35.790+0800: 2.854: [GC (Allocation Failure) 2024-07-28T21:33:35.790+0800: 2.854: [ParNew: 77167K->8192K(78656K), 0.0022161 secs] 349188K->280212K(627600K), 0.0022717 secs] [Times: user=0.00 sys=0.00, real=0.00 secs] 
2024-07-28T21:33:35.792+0800: 2.856: Total time for which application threads were stopped: 0.0023880 seconds, Stopping threads took: 0.0000214 seconds
2024-07-28T21:33:35.797+0800: 2.861: Application time: 0.0047201 seconds
2024-07-28T21:33:35.797+0800: 2.861: [GC (Allocation Failure) 2024-07-28T21:33:35.797+0800: 2.861: [ParNew: 77168K->8192K(78656K), 0.0121414 secs] 349188K->348821K(627600K), 0.0122126 secs] [Times: user=0.03 sys=0.00, real=0.01 secs] 
2024-07-28T21:33:35.809+0800: 2.873: Total time for which application threads were stopped: 0.0123118 seconds, Stopping threads took: 0.0000147 seconds
2024-07-28T21:33:35.809+0800: 2.874: [CMS-concurrent-abortable-preclean: 0.006/0.256 secs] [Times: user=0.06 sys=0.00, real=0.26 secs] 
2024-07-28T21:33:35.810+0800: 2.874: Application time: 0.0003806 seconds
2024-07-28T21:33:35.810+0800: 2.874: [GC (CMS Final Remark) [YG occupancy: 12655 K (78656 K)]2024-07-28T21:33:35.810+0800: 2.874: [Rescan (parallel) , 0.0008314 secs]2024-07-28T21:33:35.811+0800: 2.875: [weak refs processing, 0.0000124 secs]2024-07-28T21:33:35.811+0800: 2.875: [class unloading, 0.0001958 secs]2024-07-28T21:33:35.811+0800: 2.875: [scrub symbol table, 0.0003132 secs]2024-07-28T21:33:35.811+0800: 2.875: [scrub string table, 0.0000923 secs][1 CMS-remark: 340629K(548944K)] 353284K(627600K), 0.0015184 secs] [Times: user=0.00 sys=0.00, real=0.00 secs] 
2024-07-28T21:33:35.811+0800: 2.875: Total time for which application threads were stopped: 0.0016461 seconds, Stopping threads took: 0.0000880 seconds
2024-07-28T21:33:35.811+0800: 2.876: [CMS-concurrent-sweep-start]
2024-07-28T21:33:35.813+0800: 2.877: [CMS-concurrent-sweep: 0.001/0.001 secs] [Times: user=0.00 sys=0.00, real=0.00 secs] 
2024-07-28T21:33:35.813+0800: 2.877: [CMS-concurrent-reset-start]
2024-07-28T21:33:35.814+0800: 2.878: [CMS-concurrent-reset: 0.001/0.001 secs] [Times: user=0.00 sys=0.00, real=0.00 secs] 
2024-07-28T21:33:35.933+0800: 2.997: Application time: 0.1212158 seconds
2024-07-28T21:33:35.933+0800: 2.997: [GC (Allocation Failure) 2024-07-28T21:33:35.933+0800: 2.997: [ParNew: 77168K->8192K(78656K), 0.0124610 secs] 282627K->282260K(627600K), 0.0125210 secs] [Times: user=0.03 sys=0.00, real=0.01 secs] 
2024-07-28T21:33:35.946+0800: 3.009: Total time for which application threads were stopped: 0.0126449 seconds, Stopping threads took: 0.0000174 seconds
2024-07-28T21:33:35.946+0800: 3.010: Application time: 0.0001786 seconds
2024-07-28T21:33:35.946+0800: 3.010: [GC (CMS Initial Mark) [1 CMS-initial-mark: 274068K(548944K)] 285700K(627600K), 0.0008863 secs] [Times: user=0.00 sys=0.00, real=0.00 secs] 
2024-07-28T21:33:35.947+0800: 3.011: Total time for which application threads were stopped: 0.0010134 seconds, Stopping threads took: 0.0000853 seconds
2024-07-28T21:33:35.947+0800: 3.011: [CMS-concurrent-mark-start]
2024-07-28T21:33:35.951+0800: 3.015: [CMS-concurrent-mark: 0.004/0.004 secs] [Times: user=0.00 sys=0.00, real=0.00 secs] 
2024-07-28T21:33:35.951+0800: 3.015: [CMS-concurrent-preclean-start]
2024-07-28T21:33:35.952+0800: 3.015: [CMS-concurrent-preclean: 0.001/0.001 secs] [Times: user=0.00 sys=0.00, real=0.00 secs] 
2024-07-28T21:33:35.952+0800: 3.015: [CMS-concurrent-abortable-preclean-start]
2024-07-28T21:33:36.058+0800: 3.121: Application time: 0.1109132 seconds
2024-07-28T21:33:36.058+0800: 3.122: [GC (Allocation Failure) 2024-07-28T21:33:36.058+0800: 3.122: [ParNew: 77168K->8192K(78656K), 0.0025419 secs] 351237K->283284K(627600K), 0.0026055 secs] [Times: user=0.00 sys=0.00, real=0.00 secs] 
2024-07-28T21:33:36.061+0800: 3.124: Total time for which application threads were stopped: 0.0027283 seconds, Stopping threads took: 0.0000319 seconds
2024-07-28T21:33:36.065+0800: 3.129: Application time: 0.0044875 seconds
2024-07-28T21:33:36.065+0800: 3.129: [GC (Allocation Failure) 2024-07-28T21:33:36.065+0800: 3.129: [ParNew: 77168K->8192K(78656K), 0.0120493 secs] 352261K->351893K(627600K), 0.0120976 secs] [Times: user=0.03 sys=0.00, real=0.01 secs] 
2024-07-28T21:33:36.077+0800: 3.141: Total time for which application threads were stopped: 0.0121982 seconds, Stopping threads took: 0.0000157 seconds
2024-07-28T21:33:36.185+0800: 3.249: Application time: 0.1082089 seconds
2024-07-28T21:33:36.185+0800: 3.249: [GC (Allocation Failure) 2024-07-28T21:33:36.185+0800: 3.249: [ParNew: 77168K->8192K(78656K), 0.0122932 secs] 420870K->420502K(627600K), 0.0123563 secs] [Times: user=0.03 sys=0.00, real=0.01 secs] 
2024-07-28T21:33:36.198+0800: 3.262: Total time for which application threads were stopped: 0.0124814 seconds, Stopping threads took: 0.0000202 seconds
2024-07-28T21:33:36.309+0800: 3.373: Application time: 0.1113200 seconds
2024-07-28T21:33:36.309+0800: 3.373: [GC (Allocation Failure) 2024-07-28T21:33:36.309+0800: 3.373: [ParNew: 77168K->8192K(78656K), 0.0027738 secs] 489479K->422550K(627600K), 0.0028299 secs] [Times: user=0.00 sys=0.00, real=0.00 secs] 
2024-07-28T21:33:36.312+0800: 3.376: Total time for which application threads were stopped: 0.0029369 seconds, Stopping threads took: 0.0000176 seconds
2024-07-28T21:33:36.312+0800: 3.376: [CMS-concurrent-abortable-preclean: 0.010/0.360 secs] [Times: user=0.06 sys=0.00, real=0.36 secs] 
2024-07-28T21:33:36.312+0800: 3.376: Application time: 0.0002799 seconds
2024-07-28T21:33:36.313+0800: 3.376: [GC (CMS Final Remark) [YG occupancy: 12655 K (78656 K)]2024-07-28T21:33:36.313+0800: 3.376: [Rescan (parallel) , 0.0010021 secs]2024-07-28T21:33:36.314+0800: 3.377: [weak refs processing, 0.0000130 secs]2024-07-28T21:33:36.314+0800: 3.377: [class unloading, 0.0001996 secs]2024-07-28T21:33:36.314+0800: 3.378: [scrub symbol table, 0.0003071 secs]2024-07-28T21:33:36.314+0800: 3.378: [scrub string table, 0.0000912 secs][1 CMS-remark: 414358K(548944K)] 427014K(627600K), 0.0016785 secs] [Times: user=0.00 sys=0.00, real=0.00 secs] 
2024-07-28T21:33:36.314+0800: 3.378: Total time for which application threads were stopped: 0.0018450 seconds, Stopping threads took: 0.0001285 seconds
2024-07-28T21:33:36.314+0800: 3.378: [CMS-concurrent-sweep-start]
2024-07-28T21:33:36.316+0800: 3.380: [CMS-concurrent-sweep: 0.001/0.001 secs] [Times: user=0.00 sys=0.00, real=0.00 secs] 
2024-07-28T21:33:36.316+0800: 3.380: [CMS-concurrent-reset-start]
2024-07-28T21:33:36.317+0800: 3.381: [CMS-concurrent-reset: 0.001/0.001 secs] [Times: user=0.03 sys=0.00, real=0.00 secs] 
2024-07-28T21:33:36.319+0800: 3.383: Application time: 0.0047642 seconds
2024-07-28T21:33:36.319+0800: 3.383: [GC (Allocation Failure) 2024-07-28T21:33:36.319+0800: 3.383: [ParNew: 77168K->8192K(78656K), 0.0124033 secs] 355333K->354965K(627600K), 0.0124551 secs] [Times: user=0.00 sys=0.00, real=0.01 secs] 
2024-07-28T21:33:36.332+0800: 3.395: Total time for which application threads were stopped: 0.0125521 seconds, Stopping threads took: 0.0000128 seconds
2024-07-28T21:33:36.332+0800: 3.395: Application time: 0.0001499 seconds
2024-07-28T21:33:36.332+0800: 3.396: [GC (CMS Initial Mark) [1 CMS-initial-mark: 346773K(548944K)] 358405K(627600K), 0.0006319 secs] [Times: user=0.00 sys=0.02, real=0.00 secs] 
2024-07-28T21:33:36.333+0800: 3.396: Total time for which application threads were stopped: 0.0008516 seconds, Stopping threads took: 0.0001762 seconds
2024-07-28T21:33:36.333+0800: 3.396: [CMS-concurrent-mark-start]
2024-07-28T21:33:36.335+0800: 3.399: [CMS-concurrent-mark: 0.002/0.002 secs] [Times: user=0.00 sys=0.00, real=0.00 secs] 
2024-07-28T21:33:36.335+0800: 3.399: [CMS-concurrent-preclean-start]
2024-07-28T21:33:36.336+0800: 3.399: [CMS-concurrent-preclean: 0.001/0.001 secs] [Times: user=0.00 sys=0.00, real=0.00 secs] 
2024-07-28T21:33:36.336+0800: 3.399: [CMS-concurrent-abortable-preclean-start]
2024-07-28T21:33:36.454+0800: 3.518: Application time: 0.1216833 seconds
2024-07-28T21:33:36.454+0800: 3.518: [GC (Allocation Failure) 2024-07-28T21:33:36.454+0800: 3.518: [ParNew: 77168K->8192K(78656K), 0.0122698 secs] 423942K->423574K(627600K), 0.0123302 secs] [Times: user=0.03 sys=0.00, real=0.01 secs] 
2024-07-28T21:33:36.467+0800: 3.530: Total time for which application threads were stopped: 0.0125193 seconds, Stopping threads took: 0.0000197 seconds
2024-07-28T21:33:36.578+0800: 3.642: Application time: 0.1112449 seconds
2024-07-28T21:33:36.578+0800: 3.642: [GC (Allocation Failure) 2024-07-28T21:33:36.578+0800: 3.642: [ParNew: 77168K->8192K(78656K), 0.0026003 secs] 492551K->426646K(627600K), 0.0026626 secs] [Times: user=0.00 sys=0.00, real=0.00 secs] 
2024-07-28T21:33:36.581+0800: 3.645: Total time for which application threads were stopped: 0.0027720 seconds, Stopping threads took: 0.0000200 seconds
2024-07-28T21:33:36.581+0800: 3.645: [CMS-concurrent-abortable-preclean: 0.005/0.245 secs] [Times: user=0.03 sys=0.00, real=0.25 secs] 
2024-07-28T21:33:36.581+0800: 3.645: Application time: 0.0002349 seconds
2024-07-28T21:33:36.581+0800: 3.645: [GC (CMS Final Remark) [YG occupancy: 11631 K (78656 K)]2024-07-28T21:33:36.581+0800: 3.645: [Rescan (parallel) , 0.0012299 secs]2024-07-28T21:33:36.582+0800: 3.646: [weak refs processing, 0.0000133 secs]2024-07-28T21:33:36.582+0800: 3.646: [class unloading, 0.0001964 secs]2024-07-28T21:33:36.582+0800: 3.646: [scrub symbol table, 0.0003428 secs]2024-07-28T21:33:36.583+0800: 3.647: [scrub string table, 0.0001124 secs][1 CMS-remark: 418454K(548944K)] 430086K(627600K), 0.0019615 secs] [Times: user=0.01 sys=0.00, real=0.00 secs] 
2024-07-28T21:33:36.583+0800: 3.647: Total time for which application threads were stopped: 0.0021599 seconds, Stopping threads took: 0.0001603 seconds
2024-07-28T21:33:36.583+0800: 3.647: [CMS-concurrent-sweep-start]
2024-07-28T21:33:36.585+0800: 3.649: [CMS-concurrent-sweep: 0.002/0.002 secs] [Times: user=0.00 sys=0.00, real=0.00 secs] 
2024-07-28T21:33:36.585+0800: 3.649: [CMS-concurrent-reset-start]
2024-07-28T21:33:36.586+0800: 3.650: [CMS-concurrent-reset: 0.001/0.001 secs] [Times: user=0.00 sys=0.00, real=0.00 secs] 
2024-07-28T21:33:36.588+0800: 3.652: Application time: 0.0050710 seconds
2024-07-28T21:33:36.588+0800: 3.652: [GC (Allocation Failure) 2024-07-28T21:33:36.588+0800: 3.652: [ParNew: 77168K->8192K(78656K), 0.0128795 secs] 220163K->219795K(627600K), 0.0129281 secs] [Times: user=0.03 sys=0.00, real=0.01 secs] 
2024-07-28T21:33:36.601+0800: 3.665: Total time for which application threads were stopped: 0.0130282 seconds, Stopping threads took: 0.0000157 seconds
2024-07-28T21:33:36.601+0800: 3.665: Application time: 0.0002252 seconds
2024-07-28T21:33:36.601+0800: 3.665: [GC (CMS Initial Mark) [1 CMS-initial-mark: 211603K(548944K)] 223235K(627600K), 0.0008209 secs] [Times: user=0.00 sys=0.00, real=0.00 secs] 
2024-07-28T21:33:36.602+0800: 3.666: Total time for which application threads were stopped: 0.0009535 seconds, Stopping threads took: 0.0000899 seconds
2024-07-28T21:33:36.602+0800: 3.666: [CMS-concurrent-mark-start]
2024-07-28T21:33:36.604+0800: 3.668: [CMS-concurrent-mark: 0.002/0.002 secs] [Times: user=0.00 sys=0.00, real=0.00 secs] 
2024-07-28T21:33:36.604+0800: 3.668: [CMS-concurrent-preclean-start]
2024-07-28T21:33:36.605+0800: 3.669: [CMS-concurrent-preclean: 0.001/0.001 secs] [Times: user=0.00 sys=0.00, real=0.00 secs] 
2024-07-28T21:33:36.605+0800: 3.669: [CMS-concurrent-abortable-preclean-start]
2024-07-28T21:33:36.722+0800: 3.786: Application time: 0.1198678 seconds
2024-07-28T21:33:36.722+0800: 3.786: [GC (Allocation Failure) 2024-07-28T21:33:36.722+0800: 3.786: [ParNew: 77168K->8192K(78656K), 0.0126921 secs] 288772K->288404K(627600K), 0.0127511 secs] [Times: user=0.09 sys=0.02, real=0.01 secs] 
2024-07-28T21:33:36.735+0800: 3.799: Total time for which application threads were stopped: 0.0128616 seconds, Stopping threads took: 0.0000196 seconds
2024-07-28T21:33:36.845+0800: 3.909: Application time: 0.1097149 seconds
2024-07-28T21:33:36.845+0800: 3.909: [GC (Allocation Failure) 2024-07-28T21:33:36.845+0800: 3.909: [ParNew: 77464K->8196K(78656K), 0.0031900 secs] 357676K->292504K(627600K), 0.0032446 secs] [Times: user=0.00 sys=0.00, real=0.00 secs] 
2024-07-28T21:33:36.848+0800: 3.912: Total time for which application threads were stopped: 0.0033672 seconds, Stopping threads took: 0.0000193 seconds
2024-07-28T21:33:36.848+0800: 3.912: [CMS-concurrent-abortable-preclean: 0.006/0.243 secs] [Times: user=0.11 sys=0.02, real=0.24 secs] 
2024-07-28T21:33:36.849+0800: 3.912: Application time: 0.0002910 seconds
2024-07-28T21:33:36.849+0800: 3.912: [GC (CMS Final Remark) [YG occupancy: 12657 K (78656 K)]2024-07-28T21:33:36.849+0800: 3.912: [Rescan (parallel) , 0.0007712 secs]2024-07-28T21:33:36.850+0800: 3.913: [weak refs processing, 0.0000113 secs]2024-07-28T21:33:36.850+0800: 3.913: [class unloading, 0.0001840 secs]2024-07-28T21:33:36.850+0800: 3.913: [scrub symbol table, 0.0003102 secs]2024-07-28T21:33:36.850+0800: 3.914: [scrub string table, 0.0000917 secs][1 CMS-remark: 284308K(548944K)] 296966K(627600K), 0.0014356 secs] [Times: user=0.00 sys=0.00, real=0.00 secs] 
2024-07-28T21:33:36.850+0800: 3.914: Total time for which application threads were stopped: 0.0015933 seconds, Stopping threads took: 0.0001226 seconds
2024-07-28T21:33:36.850+0800: 3.914: [CMS-concurrent-sweep-start]
2024-07-28T21:33:36.852+0800: 3.916: [CMS-concurrent-sweep: 0.001/0.001 secs] [Times: user=0.00 sys=0.00, real=0.00 secs] 
2024-07-28T21:33:36.852+0800: 3.916: [CMS-concurrent-reset-start]
2024-07-28T21:33:36.853+0800: 3.917: [CMS-concurrent-reset: 0.001/0.001 secs] [Times: user=0.00 sys=0.00, real=0.00 secs] 
2024-07-28T21:33:36.855+0800: 3.919: Application time: 0.0047931 seconds
2024-07-28T21:33:36.855+0800: 3.919: [GC (Allocation Failure) 2024-07-28T21:33:36.855+0800: 3.919: [ParNew: 77170K->8192K(78656K), 0.0122847 secs] 222213K->221843K(627600K), 0.0123324 secs] [Times: user=0.03 sys=0.00, real=0.01 secs] 
2024-07-28T21:33:36.868+0800: 3.931: Total time for which application threads were stopped: 0.0124451 seconds, Stopping threads took: 0.0000255 seconds
2024-07-28T21:33:36.868+0800: 3.931: Application time: 0.0002105 seconds
2024-07-28T21:33:36.868+0800: 3.932: [GC (CMS Initial Mark) [1 CMS-initial-mark: 213651K(548944K)] 225282K(627600K), 0.0007426 secs] [Times: user=0.00 sys=0.00, real=0.00 secs] 
2024-07-28T21:33:36.869+0800: 3.932: Total time for which application threads were stopped: 0.0009532 seconds, Stopping threads took: 0.0001692 seconds
2024-07-28T21:33:36.869+0800: 3.932: [CMS-concurrent-mark-start]
2024-07-28T21:33:36.871+0800: 3.934: [CMS-concurrent-mark: 0.002/0.002 secs] [Times: user=0.00 sys=0.00, real=0.00 secs] 
2024-07-28T21:33:36.871+0800: 3.934: [CMS-concurrent-preclean-start]
2024-07-28T21:33:36.871+0800: 3.935: [CMS-concurrent-preclean: 0.001/0.001 secs] [Times: user=0.00 sys=0.00, real=0.00 secs] 
2024-07-28T21:33:36.872+0800: 3.935: [CMS-concurrent-abortable-preclean-start]
2024-07-28T21:33:36.988+0800: 4.053: Application time: 0.1202090 seconds
2024-07-28T21:33:36.988+0800: 4.053: [GC (Allocation Failure) 2024-07-28T21:33:36.988+0800: 4.053: [ParNew: 77167K->8192K(78656K), 0.0120581 secs] 290819K->290452K(627600K), 0.0121189 secs] [Times: user=0.03 sys=0.00, real=0.01 secs] 
2024-07-28T21:33:37.000+0800: 4.065: Total time for which application threads were stopped: 0.0122374 seconds, Stopping threads took: 0.0000272 seconds
2024-07-28T21:33:37.064+0800: 4.128: Application time: 0.0631015 seconds
2024-07-28T21:33:37.064+0800: 4.128: Total time for which application threads were stopped: 0.0000671 seconds, Stopping threads took: 0.0000223 seconds
2024-07-28T21:33:37.112+0800: 4.177: Application time: 0.0486287 seconds
2024-07-28T21:33:37.112+0800: 4.177: [GC (Allocation Failure) 2024-07-28T21:33:37.112+0800: 4.177: [ParNew: 77167K->8192K(78656K), 0.0031459 secs] 359428K->295572K(627600K), 0.0032028 secs] [Times: user=0.03 sys=0.00, real=0.00 secs] 
2024-07-28T21:33:37.116+0800: 4.180: Total time for which application threads were stopped: 0.0033243 seconds, Stopping threads took: 0.0000196 seconds
2024-07-28T21:33:37.116+0800: 4.180: [CMS-concurrent-abortable-preclean: 0.005/0.245 secs] [Times: user=0.08 sys=0.00, real=0.24 secs] 
2024-07-28T21:33:37.116+0800: 4.180: Application time: 0.0002509 seconds
2024-07-28T21:33:37.116+0800: 4.180: [GC (CMS Final Remark) [YG occupancy: 11631 K (78656 K)]2024-07-28T21:33:37.116+0800: 4.180: [Rescan (parallel) , 0.0007567 secs]2024-07-28T21:33:37.117+0800: 4.181: [weak refs processing, 0.0000131 secs]2024-07-28T21:33:37.117+0800: 4.181: [class unloading, 0.0002033 secs]2024-07-28T21:33:37.117+0800: 4.181: [scrub symbol table, 0.0003429 secs]2024-07-28T21:33:37.117+0800: 4.182: [scrub string table, 0.0001120 secs][1 CMS-remark: 287380K(548944K)] 299012K(627600K), 0.0014936 secs] [Times: user=0.00 sys=0.00, real=0.00 secs] 
2024-07-28T21:33:37.117+0800: 4.182: Total time for which application threads were stopped: 0.0016500 seconds, Stopping threads took: 0.0001202 seconds
2024-07-28T21:33:37.118+0800: 4.182: [CMS-concurrent-sweep-start]
2024-07-28T21:33:37.120+0800: 4.184: [CMS-concurrent-sweep: 0.002/0.002 secs] [Times: user=0.00 sys=0.00, real=0.00 secs] 
2024-07-28T21:33:37.120+0800: 4.184: [CMS-concurrent-reset-start]
2024-07-28T21:33:37.122+0800: 4.185: [CMS-concurrent-reset: 0.001/0.001 secs] [Times: user=0.00 sys=0.00, real=0.00 secs] 
2024-07-28T21:33:37.123+0800: 4.187: Application time: 0.0048244 seconds
2024-07-28T21:33:37.123+0800: 4.187: [GC (Allocation Failure) 2024-07-28T21:33:37.123+0800: 4.187: [ParNew: 77168K->8192K(78656K), 0.0125560 secs] 224258K->223891K(627600K), 0.0126029 secs] [Times: user=0.03 sys=0.00, real=0.01 secs] 
2024-07-28T21:33:37.135+0800: 4.199: Total time for which application threads were stopped: 0.0126970 seconds, Stopping threads took: 0.0000123 seconds
2024-07-28T21:33:37.135+0800: 4.200: Application time: 0.0002196 seconds
2024-07-28T21:33:37.135+0800: 4.200: [GC (CMS Initial Mark) [1 CMS-initial-mark: 215699K(548944K)] 227331K(627600K), 0.0007994 secs] [Times: user=0.00 sys=0.00, real=0.00 secs] 
2024-07-28T21:33:37.136+0800: 4.200: Total time for which application threads were stopped: 0.0009194 seconds, Stopping threads took: 0.0000785 seconds
2024-07-28T21:33:37.136+0800: 4.201: [CMS-concurrent-mark-start]
2024-07-28T21:33:37.138+0800: 4.202: [CMS-concurrent-mark: 0.002/0.002 secs] [Times: user=0.00 sys=0.00, real=0.00 secs] 
2024-07-28T21:33:37.138+0800: 4.202: [CMS-concurrent-preclean-start]
2024-07-28T21:33:37.139+0800: 4.203: [CMS-concurrent-preclean: 0.001/0.001 secs] [Times: user=0.00 sys=0.00, real=0.00 secs] 
2024-07-28T21:33:37.139+0800: 4.203: [CMS-concurrent-abortable-preclean-start]
2024-07-28T21:33:37.255+0800: 4.319: Application time: 0.1187965 seconds
2024-07-28T21:33:37.255+0800: 4.319: [GC (Allocation Failure) 2024-07-28T21:33:37.255+0800: 4.319: [ParNew: 77168K->8192K(78656K), 0.0122526 secs] 292868K->292500K(627600K), 0.0123130 secs] [Times: user=0.00 sys=0.00, real=0.01 secs] 
2024-07-28T21:33:37.268+0800: 4.332: Total time for which application threads were stopped: 0.0124209 seconds, Stopping threads took: 0.0000191 seconds
2024-07-28T21:33:37.376+0800: 4.440: Application time: 0.1086582 seconds
2024-07-28T21:33:37.376+0800: 4.440: [GC (Allocation Failure) 2024-07-28T21:33:37.377+0800: 4.440: [ParNew: 77168K->8192K(78656K), 0.0034125 secs] 361477K->298644K(627600K), 0.0034826 secs] [Times: user=0.00 sys=0.00, real=0.00 secs] 
2024-07-28T21:33:37.380+0800: 4.444: Total time for which application threads were stopped: 0.0035964 seconds, Stopping threads took: 0.0000189 seconds
2024-07-28T21:33:37.380+0800: 4.444: [CMS-concurrent-abortable-preclean: 0.006/0.241 secs] [Times: user=0.05 sys=0.00, real=0.24 secs] 
2024-07-28T21:33:37.380+0800: 4.444: Application time: 0.0003074 seconds
2024-07-28T21:33:37.381+0800: 4.444: [GC (CMS Final Remark) [YG occupancy: 12655 K (78656 K)]2024-07-28T21:33:37.381+0800: 4.444: [Rescan (parallel) , 0.0010071 secs]2024-07-28T21:33:37.382+0800: 4.445: [weak refs processing, 0.0000131 secs]2024-07-28T21:33:37.382+0800: 4.446: [class unloading, 0.0002095 secs]2024-07-28T21:33:37.382+0800: 4.446: [scrub symbol table, 0.0003012 secs]2024-07-28T21:33:37.382+0800: 4.446: [scrub string table, 0.0001059 secs][1 CMS-remark: 290452K(548944K)] 303108K(627600K), 0.0017049 secs] [Times: user=0.00 sys=0.00, real=0.00 secs] 
2024-07-28T21:33:37.382+0800: 4.446: Total time for which application threads were stopped: 0.0018943 seconds, Stopping threads took: 0.0001528 seconds
2024-07-28T21:33:37.382+0800: 4.446: [CMS-concurrent-sweep-start]
2024-07-28T21:33:37.384+0800: 4.448: [CMS-concurrent-sweep: 0.002/0.002 secs] [Times: user=0.00 sys=0.00, real=0.00 secs] 
2024-07-28T21:33:37.384+0800: 4.448: [CMS-concurrent-reset-start]
2024-07-28T21:33:37.386+0800: 4.450: [CMS-concurrent-reset: 0.001/0.001 secs] [Times: user=0.00 sys=0.00, real=0.00 secs] 
2024-07-28T21:33:37.387+0800: 4.451: Application time: 0.0049423 seconds
2024-07-28T21:33:37.387+0800: 4.451: [GC (Allocation Failure) 2024-07-28T21:33:37.387+0800: 4.451: [ParNew: 77168K->8192K(78656K), 0.0121689 secs] 226307K->225939K(627600K), 0.0122186 secs] [Times: user=0.03 sys=0.00, real=0.01 secs] 
2024-07-28T21:33:37.399+0800: 4.463: Total time for which application threads were stopped: 0.0123162 seconds, Stopping threads took: 0.0000139 seconds
2024-07-28T21:33:37.400+0800: 4.464: Application time: 0.0001773 seconds
2024-07-28T21:33:37.400+0800: 4.464: [GC (CMS Initial Mark) [1 CMS-initial-mark: 217747K(548944K)] 229379K(627600K), 0.0007251 secs] [Times: user=0.00 sys=0.00, real=0.00 secs] 
2024-07-28T21:33:37.401+0800: 4.464: Total time for which application threads were stopped: 0.0008522 seconds, Stopping threads took: 0.0000785 seconds
2024-07-28T21:33:37.401+0800: 4.465: [CMS-concurrent-mark-start]
2024-07-28T21:33:37.402+0800: 4.466: [CMS-concurrent-mark: 0.002/0.002 secs] [Times: user=0.00 sys=0.00, real=0.00 secs] 
2024-07-28T21:33:37.402+0800: 4.466: [CMS-concurrent-preclean-start]
2024-07-28T21:33:37.403+0800: 4.467: [CMS-concurrent-preclean: 0.001/0.001 secs] [Times: user=0.00 sys=0.00, real=0.00 secs] 
2024-07-28T21:33:37.403+0800: 4.467: [CMS-concurrent-abortable-preclean-start]
2024-07-28T21:33:37.521+0800: 4.585: Application time: 0.1202187 seconds
2024-07-28T21:33:37.521+0800: 4.585: [GC (Allocation Failure) 2024-07-28T21:33:37.521+0800: 4.585: [ParNew: 77168K->8192K(78656K), 0.0125468 secs] 294916K->294548K(627600K), 0.0126125 secs] [Times: user=0.00 sys=0.00, real=0.01 secs] 
2024-07-28T21:33:37.534+0800: 4.597: Total time for which application threads were stopped: 0.0127231 seconds, Stopping threads took: 0.0000190 seconds
2024-07-28T21:33:37.643+0800: 4.707: Application time: 0.1098471 seconds
2024-07-28T21:33:37.643+0800: 4.707: [GC (Allocation Failure) 2024-07-28T21:33:37.643+0800: 4.707: [ParNew: 77168K->8192K(78656K), 0.0041142 secs] 363525K->301717K(627600K), 0.0041747 secs] [Times: user=0.02 sys=0.02, real=0.00 secs] 
2024-07-28T21:33:37.648+0800: 4.712: Total time for which application threads were stopped: 0.0042925 seconds, Stopping threads took: 0.0000196 seconds
2024-07-28T21:33:37.648+0800: 4.712: [CMS-concurrent-abortable-preclean: 0.007/0.245 secs] [Times: user=0.06 sys=0.02, real=0.24 secs] 
2024-07-28T21:33:37.648+0800: 4.712: Application time: 0.0001867 seconds
2024-07-28T21:33:37.648+0800: 4.712: [GC (CMS Final Remark) [YG occupancy: 11631 K (78656 K)]2024-07-28T21:33:37.648+0800: 4.712: [Rescan (parallel) , 0.0006350 secs]2024-07-28T21:33:37.648+0800: 4.713: [weak refs processing, 0.0000129 secs]2024-07-28T21:33:37.648+0800: 4.713: [class unloading, 0.0002130 secs]2024-07-28T21:33:37.649+0800: 4.713: [scrub symbol table, 0.0003469 secs]2024-07-28T21:33:37.649+0800: 4.713: [scrub string table, 0.0001116 secs][1 CMS-remark: 293524K(548944K)] 305156K(627600K), 0.0013837 secs] [Times: user=0.00 sys=0.00, real=0.00 secs] 
2024-07-28T21:33:37.649+0800: 4.713: Total time for which application threads were stopped: 0.0014821 seconds, Stopping threads took: 0.0000601 seconds
2024-07-28T21:33:37.649+0800: 4.713: [CMS-concurrent-sweep-start]
2024-07-28T21:33:37.651+0800: 4.715: [CMS-concurrent-sweep: 0.001/0.001 secs] [Times: user=0.00 sys=0.00, real=0.00 secs] 
2024-07-28T21:33:37.651+0800: 4.715: [CMS-concurrent-reset-start]
2024-07-28T21:33:37.652+0800: 4.716: [CMS-concurrent-reset: 0.001/0.001 secs] [Times: user=0.00 sys=0.00, real=0.00 secs] 
2024-07-28T21:33:37.655+0800: 4.719: Application time: 0.0054421 seconds
2024-07-28T21:33:37.655+0800: 4.719: [GC (Allocation Failure) 2024-07-28T21:33:37.655+0800: 4.719: [ParNew: 77168K->8192K(78656K), 0.0121925 secs] 228355K->227987K(627600K), 0.0122554 secs] [Times: user=0.03 sys=0.00, real=0.01 secs] 
2024-07-28T21:33:37.667+0800: 4.731: Total time for which application threads were stopped: 0.0123690 seconds, Stopping threads took: 0.0000186 seconds
2024-07-28T21:33:37.667+0800: 4.731: Application time: 0.0002351 seconds
2024-07-28T21:33:37.667+0800: 4.731: [GC (CMS Initial Mark) [1 CMS-initial-mark: 219795K(548944K)] 231427K(627600K), 0.0007690 secs] [Times: user=0.00 sys=0.00, real=0.00 secs] 
2024-07-28T21:33:37.668+0800: 4.732: Total time for which application threads were stopped: 0.0009829 seconds, Stopping threads took: 0.0001714 seconds
2024-07-28T21:33:37.668+0800: 4.732: [CMS-concurrent-mark-start]
2024-07-28T21:33:37.670+0800: 4.734: [CMS-concurrent-mark: 0.002/0.002 secs] [Times: user=0.00 sys=0.00, real=0.00 secs] 
2024-07-28T21:33:37.670+0800: 4.734: [CMS-concurrent-preclean-start]
2024-07-28T21:33:37.671+0800: 4.735: [CMS-concurrent-preclean: 0.001/0.001 secs] [Times: user=0.00 sys=0.00, real=0.00 secs] 
2024-07-28T21:33:37.671+0800: 4.735: [CMS-concurrent-abortable-preclean-start]
2024-07-28T21:33:37.785+0800: 4.849: Application time: 0.1168896 seconds
2024-07-28T21:33:37.785+0800: 4.849: [GC (Allocation Failure) 2024-07-28T21:33:37.785+0800: 4.849: [ParNew: 77168K->8192K(78656K), 0.0122665 secs] 296964K->296596K(627600K), 0.0123652 secs] [Times: user=0.13 sys=0.00, real=0.01 secs] 
2024-07-28T21:33:37.798+0800: 4.862: Total time for which application threads were stopped: 0.0124797 seconds, Stopping threads took: 0.0000194 seconds
2024-07-28T21:33:37.908+0800: 4.972: Application time: 0.1106685 seconds
2024-07-28T21:33:37.908+0800: 4.972: [GC (Allocation Failure) 2024-07-28T21:33:37.908+0800: 4.972: [ParNew: 77168K->8192K(78656K), 0.0037104 secs] 365573K->304789K(627600K), 0.0037691 secs] [Times: user=0.03 sys=0.00, real=0.00 secs] 
2024-07-28T21:33:37.912+0800: 4.976: Total time for which application threads were stopped: 0.0038786 seconds, Stopping threads took: 0.0000199 seconds
2024-07-28T21:33:37.912+0800: 4.976: [CMS-concurrent-abortable-preclean: 0.006/0.241 secs] [Times: user=0.17 sys=0.00, real=0.24 secs] 
2024-07-28T21:33:37.913+0800: 4.977: Application time: 0.0003519 seconds
2024-07-28T21:33:37.913+0800: 4.977: [GC (CMS Final Remark) [YG occupancy: 13679 K (78656 K)]2024-07-28T21:33:37.913+0800: 4.977: [Rescan (parallel) , 0.0010881 secs]2024-07-28T21:33:37.914+0800: 4.978: [weak refs processing, 0.0000129 secs]2024-07-28T21:33:37.914+0800: 4.978: [class unloading, 0.0001956 secs]2024-07-28T21:33:37.914+0800: 4.978: [scrub symbol table, 0.0003105 secs]2024-07-28T21:33:37.914+0800: 4.978: [scrub string table, 0.0000921 secs][1 CMS-remark: 296596K(548944K)] 310276K(627600K), 0.0017669 secs] [Times: user=0.00 sys=0.00, real=0.00 secs] 
2024-07-28T21:33:37.915+0800: 4.978: Total time for which application threads were stopped: 0.0019161 seconds, Stopping threads took: 0.0001115 seconds
2024-07-28T21:33:37.915+0800: 4.979: [CMS-concurrent-sweep-start]
2024-07-28T21:33:37.916+0800: 4.980: [CMS-concurrent-sweep: 0.001/0.001 secs] [Times: user=0.00 sys=0.00, real=0.00 secs] 
2024-07-28T21:33:37.916+0800: 4.980: [CMS-concurrent-reset-start]
2024-07-28T21:33:37.917+0800: 4.981: [CMS-concurrent-reset: 0.001/0.001 secs] [Times: user=0.00 sys=0.00, real=0.00 secs] 
2024-07-28T21:33:37.919+0800: 4.983: Application time: 0.0047595 seconds
2024-07-28T21:33:37.919+0800: 4.983: [GC (Allocation Failure) 2024-07-28T21:33:37.919+0800: 4.983: [ParNew: 77168K->8192K(78656K), 0.0126400 secs] 230403K->230035K(627600K), 0.0126887 secs] [Times: user=0.03 sys=0.00, real=0.01 secs] 
2024-07-28T21:33:37.932+0800: 4.996: Total time for which application threads were stopped: 0.0127988 seconds, Stopping threads took: 0.0000269 seconds
2024-07-28T21:33:37.932+0800: 4.996: Application time: 0.0002451 seconds
2024-07-28T21:33:37.932+0800: 4.996: [GC (CMS Initial Mark) [1 CMS-initial-mark: 221843K(548944K)] 233475K(627600K), 0.0007958 secs] [Times: user=0.00 sys=0.00, real=0.00 secs] 
2024-07-28T21:33:37.933+0800: 4.997: Total time for which application threads were stopped: 0.0009162 seconds, Stopping threads took: 0.0000785 seconds
2024-07-28T21:33:37.933+0800: 4.997: [CMS-concurrent-mark-start]
2024-07-28T21:33:37.935+0800: 4.999: [CMS-concurrent-mark: 0.002/0.002 secs] [Times: user=0.00 sys=0.00, real=0.00 secs] 
2024-07-28T21:33:37.935+0800: 4.999: [CMS-concurrent-preclean-start]
2024-07-28T21:33:37.936+0800: 5.000: [CMS-concurrent-preclean: 0.001/0.001 secs] [Times: user=0.00 sys=0.00, real=0.00 secs] 
2024-07-28T21:33:37.936+0800: 5.000: [CMS-concurrent-abortable-preclean-start]
2024-07-28T21:33:38.052+0800: 5.116: Application time: 0.1191656 seconds
2024-07-28T21:33:38.052+0800: 5.116: [GC (Allocation Failure) 2024-07-28T21:33:38.052+0800: 5.116: [ParNew: 77360K->8204K(78656K), 0.0124037 secs] 299204K->298657K(627600K), 0.0124633 secs] [Times: user=0.00 sys=0.00, real=0.01 secs] 
2024-07-28T21:33:38.065+0800: 5.129: Total time for which application threads were stopped: 0.0125734 seconds, Stopping threads took: 0.0000196 seconds
2024-07-28T21:33:38.174+0800: 5.239: Application time: 0.1095955 seconds
2024-07-28T21:33:38.175+0800: 5.239: [GC (Allocation Failure) 2024-07-28T21:33:38.175+0800: 5.239: [ParNew: 77179K->8192K(78656K), 0.0038141 secs] 367632K->307861K(627600K), 0.0038754 secs] [Times: user=0.03 sys=0.00, real=0.00 secs] 
2024-07-28T21:33:38.179+0800: 5.243: Total time for which application threads were stopped: 0.0039965 seconds, Stopping threads took: 0.0000219 seconds
2024-07-28T21:33:38.179+0800: 5.243: [CMS-concurrent-abortable-preclean: 0.006/0.243 secs] [Times: user=0.09 sys=0.00, real=0.24 secs] 
2024-07-28T21:33:38.179+0800: 5.243: Application time: 0.0002546 seconds
2024-07-28T21:33:38.179+0800: 5.243: [GC (CMS Final Remark) [YG occupancy: 11630 K (78656 K)]2024-07-28T21:33:38.179+0800: 5.243: [Rescan (parallel) , 0.0011398 secs]2024-07-28T21:33:38.180+0800: 5.244: [weak refs processing, 0.0000136 secs]2024-07-28T21:33:38.180+0800: 5.244: [class unloading, 0.0002385 secs]2024-07-28T21:33:38.180+0800: 5.244: [scrub symbol table, 0.0003612 secs]2024-07-28T21:33:38.181+0800: 5.245: [scrub string table, 0.0000994 secs][1 CMS-remark: 299669K(548944K)] 311300K(627600K), 0.0019190 secs] [Times: user=0.00 sys=0.00, real=0.00 secs] 
2024-07-28T21:33:38.181+0800: 5.245: Total time for which application threads were stopped: 0.0020112 seconds, Stopping threads took: 0.0000537 seconds
2024-07-28T21:33:38.181+0800: 5.245: [CMS-concurrent-sweep-start]
2024-07-28T21:33:38.183+0800: 5.247: [CMS-concurrent-sweep: 0.002/0.002 secs] [Times: user=0.00 sys=0.00, real=0.00 secs] 
2024-07-28T21:33:38.183+0800: 5.247: [CMS-concurrent-reset-start]
2024-07-28T21:33:38.184+0800: 5.248: [CMS-concurrent-reset: 0.002/0.002 secs] [Times: user=0.00 sys=0.00, real=0.00 secs] 
2024-07-28T21:33:38.186+0800: 5.250: Application time: 0.0049302 seconds
2024-07-28T21:33:38.186+0800: 5.250: [GC (Allocation Failure) 2024-07-28T21:33:38.186+0800: 5.250: [ParNew: 77167K->8192K(78656K), 0.0122727 secs] 232451K->232084K(627600K), 0.0123212 secs] [Times: user=0.03 sys=0.00, real=0.01 secs] 
2024-07-28T21:33:38.198+0800: 5.262: Total time for which application threads were stopped: 0.0124193 seconds, Stopping threads took: 0.0000144 seconds
2024-07-28T21:33:38.198+0800: 5.262: Application time: 0.0001898 seconds
2024-07-28T21:33:38.199+0800: 5.263: [GC (CMS Initial Mark) [1 CMS-initial-mark: 223892K(548944K)] 235523K(627600K), 0.0008103 secs] [Times: user=0.00 sys=0.00, real=0.00 secs] 
2024-07-28T21:33:38.199+0800: 5.263: Total time for which application threads were stopped: 0.0009989 seconds, Stopping threads took: 0.0001464 seconds
2024-07-28T21:33:38.199+0800: 5.263: [CMS-concurrent-mark-start]
2024-07-28T21:33:38.201+0800: 5.265: [CMS-concurrent-mark: 0.002/0.002 secs] [Times: user=0.00 sys=0.00, real=0.00 secs] 
2024-07-28T21:33:38.201+0800: 5.265: [CMS-concurrent-preclean-start]
2024-07-28T21:33:38.202+0800: 5.266: [CMS-concurrent-preclean: 0.001/0.001 secs] [Times: user=0.00 sys=0.00, real=0.00 secs] 
2024-07-28T21:33:38.202+0800: 5.266: [CMS-concurrent-abortable-preclean-start]
2024-07-28T21:33:38.319+0800: 5.383: Application time: 0.1191644 seconds
2024-07-28T21:33:38.319+0800: 5.383: [GC (Allocation Failure) 2024-07-28T21:33:38.319+0800: 5.383: [ParNew: 77168K->8192K(78656K), 0.0121339 secs] 301060K->300693K(627600K), 0.0126899 secs] [Times: user=0.00 sys=0.00, real=0.01 secs] 
2024-07-28T21:33:38.332+0800: 5.395: Total time for which application threads were stopped: 0.0128931 seconds, Stopping threads took: 0.0000179 seconds
2024-07-28T21:33:38.443+0800: 5.506: Application time: 0.1106282 seconds
2024-07-28T21:33:38.443+0800: 5.506: [GC (Allocation Failure) 2024-07-28T21:33:38.443+0800: 5.506: [ParNew: 77168K->8192K(78656K), 0.0041782 secs] 369670K->310933K(627600K), 0.0042441 secs] [Times: user=0.00 sys=0.00, real=0.00 secs] 
2024-07-28T21:33:38.447+0800: 5.510: Total time for which application threads were stopped: 0.0043581 seconds, Stopping threads took: 0.0000207 seconds
2024-07-28T21:33:38.447+0800: 5.510: [CMS-concurrent-abortable-preclean: 0.006/0.245 secs] [Times: user=0.08 sys=0.00, real=0.25 secs] 
2024-07-28T21:33:38.447+0800: 5.511: Application time: 0.0003072 seconds
2024-07-28T21:33:38.447+0800: 5.511: [GC (CMS Final Remark) [YG occupancy: 12655 K (78656 K)]2024-07-28T21:33:38.447+0800: 5.511: [Rescan (parallel) , 0.0008716 secs]2024-07-28T21:33:38.448+0800: 5.512: [weak refs processing, 0.0000132 secs]2024-07-28T21:33:38.448+0800: 5.512: [class unloading, 0.0002080 secs]2024-07-28T21:33:38.449+0800: 5.512: [scrub symbol table, 0.0003147 secs]2024-07-28T21:33:38.449+0800: 5.512: [scrub string table, 0.0001043 secs][1 CMS-remark: 302741K(548944K)] 315397K(627600K), 0.0015750 secs] [Times: user=0.00 sys=0.00, real=0.00 secs] 
2024-07-28T21:33:38.449+0800: 5.512: Total time for which application threads were stopped: 0.0017392 seconds, Stopping threads took: 0.0001273 seconds
2024-07-28T21:33:38.449+0800: 5.513: [CMS-concurrent-sweep-start]
2024-07-28T21:33:38.451+0800: 5.514: [CMS-concurrent-sweep: 0.001/0.001 secs] [Times: user=0.00 sys=0.00, real=0.00 secs] 
2024-07-28T21:33:38.451+0800: 5.514: [CMS-concurrent-reset-start]
2024-07-28T21:33:38.452+0800: 5.515: [CMS-concurrent-reset: 0.001/0.001 secs] [Times: user=0.00 sys=0.00, real=0.00 secs] 
2024-07-28T21:33:38.454+0800: 5.517: Application time: 0.0048115 seconds
2024-07-28T21:33:38.454+0800: 5.517: [GC (Allocation Failure) 2024-07-28T21:33:38.454+0800: 5.517: [ParNew: 77168K->8192K(78656K), 0.0122377 secs] 234500K->234132K(627600K), 0.0122877 secs] [Times: user=0.03 sys=0.00, real=0.01 secs] 
2024-07-28T21:33:38.466+0800: 5.530: Total time for which application threads were stopped: 0.0123855 seconds, Stopping threads took: 0.0000142 seconds
2024-07-28T21:33:38.466+0800: 5.530: Application time: 0.0001777 seconds
2024-07-28T21:33:38.467+0800: 5.530: [GC (CMS Initial Mark) [1 CMS-initial-mark: 225940K(548944K)] 237572K(627600K), 0.0008135 secs] [Times: user=0.00 sys=0.00, real=0.00 secs] 
2024-07-28T21:33:38.467+0800: 5.531: Total time for which application threads were stopped: 0.0010181 seconds, Stopping threads took: 0.0001633 seconds
2024-07-28T21:33:38.468+0800: 5.531: [CMS-concurrent-mark-start]
2024-07-28T21:33:38.469+0800: 5.533: [CMS-concurrent-mark: 0.002/0.002 secs] [Times: user=0.00 sys=0.00, real=0.00 secs] 
2024-07-28T21:33:38.469+0800: 5.533: [CMS-concurrent-preclean-start]
2024-07-28T21:33:38.470+0800: 5.533: [CMS-concurrent-preclean: 0.001/0.001 secs] [Times: user=0.00 sys=0.00, real=0.00 secs] 
2024-07-28T21:33:38.470+0800: 5.533: [CMS-concurrent-abortable-preclean-start]
2024-07-28T21:33:38.586+0800: 5.650: Application time: 0.1193368 seconds
2024-07-28T21:33:38.586+0800: 5.650: [GC (Allocation Failure) 2024-07-28T21:33:38.586+0800: 5.650: [ParNew: 77168K->8192K(78656K), 0.0120784 secs] 303109K->302741K(627600K), 0.0121360 secs] [Times: user=0.03 sys=0.00, real=0.01 secs] 
2024-07-28T21:33:38.599+0800: 5.662: Total time for which application threads were stopped: 0.0122654 seconds, Stopping threads took: 0.0000321 seconds
2024-07-28T21:33:38.708+0800: 5.772: Application time: 0.1092184 seconds
2024-07-28T21:33:38.708+0800: 5.772: [GC (Allocation Failure) 2024-07-28T21:33:38.708+0800: 5.772: [ParNew: 77168K->8192K(78656K), 0.0040750 secs] 371718K->314005K(627600K), 0.0041401 secs] [Times: user=0.00 sys=0.00, real=0.00 secs] 
2024-07-28T21:33:38.712+0800: 5.776: Total time for which application threads were stopped: 0.0042650 seconds, Stopping threads took: 0.0000192 seconds
2024-07-28T21:33:38.712+0800: 5.776: [CMS-concurrent-abortable-preclean: 0.006/0.243 secs] [Times: user=0.06 sys=0.00, real=0.24 secs] 
2024-07-28T21:33:38.712+0800: 5.776: Application time: 0.0003500 seconds
2024-07-28T21:33:38.712+0800: 5.776: [GC (CMS Final Remark) [YG occupancy: 14703 K (78656 K)]2024-07-28T21:33:38.712+0800: 5.776: [Rescan (parallel) , 0.0011000 secs]2024-07-28T21:33:38.713+0800: 5.778: [weak refs processing, 0.0000128 secs]2024-07-28T21:33:38.713+0800: 5.778: [class unloading, 0.0002383 secs]2024-07-28T21:33:38.714+0800: 5.778: [scrub symbol table, 0.0003445 secs]2024-07-28T21:33:38.714+0800: 5.778: [scrub string table, 0.0001012 secs][1 CMS-remark: 305813K(548944K)] 320517K(627600K), 0.0018599 secs] [Times: user=0.00 sys=0.00, real=0.00 secs] 
2024-07-28T21:33:38.714+0800: 5.778: Total time for which application threads were stopped: 0.0019849 seconds, Stopping threads took: 0.0000846 seconds
2024-07-28T21:33:38.714+0800: 5.779: [CMS-concurrent-sweep-start]
2024-07-28T21:33:38.716+0800: 5.780: [CMS-concurrent-sweep: 0.001/0.001 secs] [Times: user=0.00 sys=0.00, real=0.00 secs] 
2024-07-28T21:33:38.716+0800: 5.780: [CMS-concurrent-reset-start]
2024-07-28T21:33:38.717+0800: 5.781: [CMS-concurrent-reset: 0.001/0.001 secs] [Times: user=0.00 sys=0.00, real=0.00 secs] 
2024-07-28T21:33:38.719+0800: 5.783: Application time: 0.0045941 seconds
2024-07-28T21:33:38.719+0800: 5.783: [GC (Allocation Failure) 2024-07-28T21:33:38.719+0800: 5.783: [ParNew: 77168K->8192K(78656K), 0.0122664 secs] 236548K->236180K(627600K), 0.0123145 secs] [Times: user=0.03 sys=0.00, real=0.01 secs] 
2024-07-28T21:33:38.731+0800: 5.795: Total time for which application threads were stopped: 0.0124091 seconds, Stopping threads took: 0.0000132 seconds
2024-07-28T21:33:38.731+0800: 5.796: Application time: 0.0002347 seconds
2024-07-28T21:33:38.732+0800: 5.796: [GC (CMS Initial Mark) [1 CMS-initial-mark: 227988K(548944K)] 239620K(627600K), 0.0008200 secs] [Times: user=0.00 sys=0.00, real=0.00 secs] 
2024-07-28T21:33:38.732+0800: 5.797: Total time for which application threads were stopped: 0.0009874 seconds, Stopping threads took: 0.0001261 seconds
2024-07-28T21:33:38.732+0800: 5.797: [CMS-concurrent-mark-start]
2024-07-28T21:33:38.734+0800: 5.798: [CMS-concurrent-mark: 0.002/0.002 secs] [Times: user=0.00 sys=0.00, real=0.00 secs] 
2024-07-28T21:33:38.734+0800: 5.798: [CMS-concurrent-preclean-start]
2024-07-28T21:33:38.735+0800: 5.799: [CMS-concurrent-preclean: 0.001/0.001 secs] [Times: user=0.00 sys=0.00, real=0.00 secs] 
2024-07-28T21:33:38.735+0800: 5.799: [CMS-concurrent-abortable-preclean-start]
2024-07-28T21:33:38.851+0800: 5.914: Application time: 0.1178014 seconds
2024-07-28T21:33:38.851+0800: 5.914: [GC (Allocation Failure) 2024-07-28T21:33:38.851+0800: 5.914: [ParNew: 77168K->8192K(78656K), 0.0122534 secs] 305157K->304789K(627600K), 0.0123119 secs] [Times: user=0.00 sys=0.00, real=0.01 secs] 
2024-07-28T21:33:38.863+0800: 5.927: Total time for which application threads were stopped: 0.0124195 seconds, Stopping threads took: 0.0000194 seconds
2024-07-28T21:33:38.975+0800: 6.038: Application time: 0.1111379 seconds
2024-07-28T21:33:38.975+0800: 6.038: [GC (Allocation Failure) 2024-07-28T21:33:38.975+0800: 6.038: [ParNew: 77168K->8192K(78656K), 0.0043143 secs] 373766K->317078K(627600K), 0.0043733 secs] [Times: user=0.00 sys=0.00, real=0.00 secs] 
2024-07-28T21:33:38.979+0800: 6.042: Total time for which application threads were stopped: 0.0044860 seconds, Stopping threads took: 0.0000221 seconds
2024-07-28T21:33:38.979+0800: 6.043: [CMS-concurrent-abortable-preclean: 0.006/0.243 secs] [Times: user=0.09 sys=0.00, real=0.24 secs] 
2024-07-28T21:33:38.979+0800: 6.043: Application time: 0.0003897 seconds
2024-07-28T21:33:38.980+0800: 6.043: [GC (CMS Final Remark) [YG occupancy: 14703 K (78656 K)]2024-07-28T21:33:38.980+0800: 6.043: [Rescan (parallel) , 0.0007781 secs]2024-07-28T21:33:38.980+0800: 6.044: [weak refs processing, 0.0000128 secs]2024-07-28T21:33:38.980+0800: 6.044: [class unloading, 0.0002346 secs]2024-07-28T21:33:38.981+0800: 6.044: [scrub symbol table, 0.0003426 secs]2024-07-28T21:33:38.981+0800: 6.044: [scrub string table, 0.0000999 secs][1 CMS-remark: 308885K(548944K)] 323589K(627600K), 0.0015340 secs] [Times: user=0.00 sys=0.00, real=0.00 secs] 
2024-07-28T21:33:38.981+0800: 6.045: Total time for which application threads were stopped: 0.0017503 seconds, Stopping threads took: 0.0001752 seconds
2024-07-28T21:33:38.981+0800: 6.045: [CMS-concurrent-sweep-start]
2024-07-28T21:33:38.983+0800: 6.046: [CMS-concurrent-sweep: 0.001/0.001 secs] [Times: user=0.00 sys=0.00, real=0.00 secs] 
2024-07-28T21:33:38.983+0800: 6.046: [CMS-concurrent-reset-start]
2024-07-28T21:33:38.984+0800: 6.047: [CMS-concurrent-reset: 0.001/0.001 secs] [Times: user=0.00 sys=0.00, real=0.00 secs] 
2024-07-28T21:33:38.986+0800: 6.049: Application time: 0.0046424 seconds
2024-07-28T21:33:38.986+0800: 6.049: [GC (Allocation Failure) 2024-07-28T21:33:38.986+0800: 6.049: [ParNew: 77168K->8192K(78656K), 0.0123651 secs] 238596K->238228K(627600K), 0.0124114 secs] [Times: user=0.03 sys=0.00, real=0.01 secs] 
2024-07-28T21:33:38.998+0800: 6.062: Total time for which application threads were stopped: 0.0125296 seconds, Stopping threads took: 0.0000139 seconds
2024-07-28T21:33:38.999+0800: 6.062: Application time: 0.0002008 seconds
2024-07-28T21:33:38.999+0800: 6.062: [GC (CMS Initial Mark) [1 CMS-initial-mark: 230036K(548944K)] 241668K(627600K), 0.0008091 secs] [Times: user=0.00 sys=0.00, real=0.00 secs] 
2024-07-28T21:33:39.000+0800: 6.063: Total time for which application threads were stopped: 0.0010131 seconds, Stopping threads took: 0.0001616 seconds
2024-07-28T21:33:39.000+0800: 6.063: [CMS-concurrent-mark-start]
2024-07-28T21:33:39.001+0800: 6.064: [CMS-concurrent-mark: 0.001/0.001 secs] [Times: user=0.00 sys=0.00, real=0.00 secs] 
2024-07-28T21:33:39.001+0800: 6.064: [CMS-concurrent-preclean-start]
2024-07-28T21:33:39.002+0800: 6.065: [CMS-concurrent-preclean: 0.001/0.001 secs] [Times: user=0.00 sys=0.00, real=0.00 secs] 
2024-07-28T21:33:39.002+0800: 6.065: [CMS-concurrent-abortable-preclean-start]
2024-07-28T21:33:39.119+0800: 6.182: Application time: 0.1192832 seconds
2024-07-28T21:33:39.119+0800: 6.182: [GC (Allocation Failure) 2024-07-28T21:33:39.119+0800: 6.182: [ParNew: 77168K->8192K(78656K), 0.0120153 secs] 307205K->306837K(627600K), 0.0120824 secs] [Times: user=0.03 sys=0.00, real=0.01 secs] 
2024-07-28T21:33:39.131+0800: 6.194: Total time for which application threads were stopped: 0.0122210 seconds, Stopping threads took: 0.0000194 seconds
2024-07-28T21:33:39.243+0800: 6.307: Application time: 0.1125305 seconds
2024-07-28T21:33:39.243+0800: 6.307: [GC (Allocation Failure) 2024-07-28T21:33:39.243+0800: 6.307: [ParNew: 77168K->8192K(78656K), 0.0041006 secs] 375814K->320150K(627600K), 0.0041594 secs] [Times: user=0.00 sys=0.00, real=0.00 secs] 
2024-07-28T21:33:39.248+0800: 6.311: Total time for which application threads were stopped: 0.0042833 seconds, Stopping threads took: 0.0000200 seconds
2024-07-28T21:33:39.248+0800: 6.311: [CMS-concurrent-abortable-preclean: 0.006/0.246 secs] [Times: user=0.03 sys=0.00, real=0.25 secs] 
2024-07-28T21:33:39.248+0800: 6.312: Application time: 0.0003633 seconds
2024-07-28T21:33:39.248+0800: 6.312: [GC (CMS Final Remark) [YG occupancy: 14703 K (78656 K)]2024-07-28T21:33:39.248+0800: 6.312: [Rescan (parallel) , 0.0008901 secs]2024-07-28T21:33:39.249+0800: 6.313: [weak refs processing, 0.0000131 secs]2024-07-28T21:33:39.249+0800: 6.313: [class unloading, 0.0002269 secs]2024-07-28T21:33:39.249+0800: 6.313: [scrub symbol table, 0.0003650 secs]2024-07-28T21:33:39.250+0800: 6.313: [scrub string table, 0.0001015 secs][1 CMS-remark: 311957K(548944K)] 326661K(627600K), 0.0016641 secs] [Times: user=0.00 sys=0.00, real=0.00 secs] 
2024-07-28T21:33:39.250+0800: 6.314: Total time for which application threads were stopped: 0.0018767 seconds, Stopping threads took: 0.0001755 seconds
2024-07-28T21:33:39.250+0800: 6.314: [CMS-concurrent-sweep-start]
2024-07-28T21:33:39.252+0800: 6.315: [CMS-concurrent-sweep: 0.002/0.002 secs] [Times: user=0.00 sys=0.00, real=0.00 secs] 
2024-07-28T21:33:39.252+0800: 6.315: [CMS-concurrent-reset-start]
2024-07-28T21:33:39.253+0800: 6.317: [CMS-concurrent-reset: 0.001/0.001 secs] [Times: user=0.00 sys=0.00, real=0.00 secs] 
2024-07-28T21:33:39.254+0800: 6.318: Application time: 0.0045992 seconds
2024-07-28T21:33:39.255+0800: 6.318: [GC (Allocation Failure) 2024-07-28T21:33:39.255+0800: 6.318: [ParNew: 77168K->8192K(78656K), 0.0123098 secs] 240644K->240276K(627600K), 0.0123578 secs] [Times: user=0.00 sys=0.00, real=0.01 secs] 
2024-07-28T21:33:39.267+0800: 6.331: Total time for which application threads were stopped: 0.0124575 seconds, Stopping threads took: 0.0000132 seconds
2024-07-28T21:33:39.267+0800: 6.331: Application time: 0.0002019 seconds
2024-07-28T21:33:39.267+0800: 6.331: [GC (CMS Initial Mark) [1 CMS-initial-mark: 232084K(548944K)] 243716K(627600K), 0.0007042 secs] [Times: user=0.00 sys=0.00, real=0.00 secs] 
2024-07-28T21:33:39.268+0800: 6.332: Total time for which application threads were stopped: 0.0008952 seconds, Stopping threads took: 0.0001493 seconds
2024-07-28T21:33:39.268+0800: 6.332: [CMS-concurrent-mark-start]
2024-07-28T21:33:39.270+0800: 6.333: [CMS-concurrent-mark: 0.001/0.001 secs] [Times: user=0.00 sys=0.00, real=0.00 secs] 
2024-07-28T21:33:39.270+0800: 6.333: [CMS-concurrent-preclean-start]
2024-07-28T21:33:39.270+0800: 6.334: [CMS-concurrent-preclean: 0.001/0.001 secs] [Times: user=0.00 sys=0.00, real=0.00 secs] 
2024-07-28T21:33:39.270+0800: 6.334: [CMS-concurrent-abortable-preclean-start]
2024-07-28T21:33:39.387+0800: 6.450: Application time: 0.1184290 seconds
2024-07-28T21:33:39.387+0800: 6.450: [GC (Allocation Failure) 2024-07-28T21:33:39.387+0800: 6.450: [ParNew: 77168K->8192K(78656K), 0.0125876 secs] 309253K->308885K(627600K), 0.0126492 secs] [Times: user=0.03 sys=0.00, real=0.01 secs] 
2024-07-28T21:33:39.399+0800: 6.463: Total time for which application threads were stopped: 0.0127647 seconds, Stopping threads took: 0.0000192 seconds
2024-07-28T21:33:39.509+0800: 6.573: Application time: 0.1102021 seconds
2024-07-28T21:33:39.509+0800: 6.573: [GC (Allocation Failure) 2024-07-28T21:33:39.509+0800: 6.573: [ParNew: 77168K->8192K(78656K), 0.0044174 secs] 377862K->323222K(627600K), 0.0044898 secs] [Times: user=0.00 sys=0.00, real=0.00 secs] 
2024-07-28T21:33:39.513+0800: 6.578: Total time for which application threads were stopped: 0.0046016 seconds, Stopping threads took: 0.0000204 seconds
2024-07-28T21:33:39.514+0800: 6.578: [CMS-concurrent-abortable-preclean: 0.006/0.244 secs] [Times: user=0.06 sys=0.00, real=0.24 secs] 
2024-07-28T21:33:39.514+0800: 6.578: Application time: 0.0003751 seconds
2024-07-28T21:33:39.514+0800: 6.578: [GC (CMS Final Remark) [YG occupancy: 14703 K (78656 K)]2024-07-28T21:33:39.514+0800: 6.578: [Rescan (parallel) , 0.0009610 secs]2024-07-28T21:33:39.515+0800: 6.579: [weak refs processing, 0.0000128 secs]2024-07-28T21:33:39.515+0800: 6.579: [class unloading, 0.0002159 secs]2024-07-28T21:33:39.515+0800: 6.579: [scrub symbol table, 0.0003489 secs]2024-07-28T21:33:39.516+0800: 6.580: [scrub string table, 0.0001136 secs][1 CMS-remark: 315029K(548944K)] 329733K(627600K), 0.0017151 secs] [Times: user=0.00 sys=0.00, real=0.00 secs] 
2024-07-28T21:33:39.516+0800: 6.580: Total time for which application threads were stopped: 0.0019142 seconds, Stopping threads took: 0.0001620 seconds
2024-07-28T21:33:39.516+0800: 6.580: [CMS-concurrent-sweep-start]
2024-07-28T21:33:39.517+0800: 6.582: [CMS-concurrent-sweep: 0.001/0.001 secs] [Times: user=0.00 sys=0.00, real=0.00 secs] 
2024-07-28T21:33:39.517+0800: 6.582: [CMS-concurrent-reset-start]
2024-07-28T21:33:39.519+0800: 6.583: [CMS-concurrent-reset: 0.001/0.001 secs] [Times: user=0.00 sys=0.00, real=0.00 secs] 
2024-07-28T21:33:39.520+0800: 6.585: Application time: 0.0045909 seconds
2024-07-28T21:33:39.520+0800: 6.585: [GC (Allocation Failure) 2024-07-28T21:33:39.520+0800: 6.585: [ParNew: 77168K->8192K(78656K), 0.0124764 secs] 242692K->242324K(627600K), 0.0125249 secs] [Times: user=0.00 sys=0.00, real=0.01 secs] 
2024-07-28T21:33:39.533+0800: 6.597: Total time for which application threads were stopped: 0.0126193 seconds, Stopping threads took: 0.0000124 seconds
2024-07-28T21:33:39.533+0800: 6.597: Application time: 0.0002449 seconds
2024-07-28T21:33:39.533+0800: 6.598: [GC (CMS Initial Mark) [1 CMS-initial-mark: 234132K(548944K)] 245764K(627600K), 0.0007593 secs] [Times: user=0.00 sys=0.00, real=0.00 secs] 
2024-07-28T21:33:39.534+0800: 6.598: Total time for which application threads were stopped: 0.0008771 seconds, Stopping threads took: 0.0000766 seconds
2024-07-28T21:33:39.534+0800: 6.598: [CMS-concurrent-mark-start]
2024-07-28T21:33:39.535+0800: 6.600: [CMS-concurrent-mark: 0.001/0.001 secs] [Times: user=0.02 sys=0.00, real=0.00 secs] 
2024-07-28T21:33:39.536+0800: 6.600: [CMS-concurrent-preclean-start]
2024-07-28T21:33:39.536+0800: 6.600: [CMS-concurrent-preclean: 0.001/0.001 secs] [Times: user=0.00 sys=0.00, real=0.00 secs] 
2024-07-28T21:33:39.536+0800: 6.601: [CMS-concurrent-abortable-preclean-start]
2024-07-28T21:33:39.654+0800: 6.718: Application time: 0.1196582 seconds
2024-07-28T21:33:39.654+0800: 6.718: [GC (Allocation Failure) 2024-07-28T21:33:39.654+0800: 6.718: [ParNew: 77168K->8192K(78656K), 0.0145005 secs] 311301K->310933K(627600K), 0.0145749 secs] [Times: user=0.03 sys=0.00, real=0.01 secs] 
2024-07-28T21:33:39.669+0800: 6.733: Total time for which application threads were stopped: 0.0147219 seconds, Stopping threads took: 0.0000204 seconds
2024-07-28T21:33:39.791+0800: 6.854: Application time: 0.1214975 seconds
2024-07-28T21:33:39.791+0800: 6.854: [GC (Allocation Failure) 2024-07-28T21:33:39.791+0800: 6.854: [ParNew: 77168K->8192K(78656K), 0.0047962 secs] 379910K->326294K(627600K), 0.0048564 secs] [Times: user=0.00 sys=0.00, real=0.00 secs] 
2024-07-28T21:33:39.795+0800: 6.859: Total time for which application threads were stopped: 0.0049722 seconds, Stopping threads took: 0.0000194 seconds
2024-07-28T21:33:39.796+0800: 6.859: [CMS-concurrent-abortable-preclean: 0.006/0.259 secs] [Times: user=0.03 sys=0.00, real=0.26 secs] 
2024-07-28T21:33:39.796+0800: 6.860: Application time: 0.0003257 seconds
2024-07-28T21:33:39.796+0800: 6.860: [GC (CMS Final Remark) [YG occupancy: 13679 K (78656 K)]2024-07-28T21:33:39.796+0800: 6.860: [Rescan (parallel) , 0.0006937 secs]2024-07-28T21:33:39.797+0800: 6.860: [weak refs processing, 0.0000129 secs]2024-07-28T21:33:39.797+0800: 6.860: [class unloading, 0.0002411 secs]2024-07-28T21:33:39.797+0800: 6.861: [scrub symbol table, 0.0003487 secs]2024-07-28T21:33:39.797+0800: 6.861: [scrub string table, 0.0001019 secs][1 CMS-remark: 318102K(548944K)] 331781K(627600K), 0.0014649 secs] [Times: user=0.00 sys=0.00, real=0.00 secs] 
2024-07-28T21:33:39.797+0800: 6.861: Total time for which application threads were stopped: 0.0016694 seconds, Stopping threads took: 0.0001561 seconds
2024-07-28T21:33:39.798+0800: 6.861: [CMS-concurrent-sweep-start]
2024-07-28T21:33:39.799+0800: 6.863: [CMS-concurrent-sweep: 0.001/0.001 secs] [Times: user=0.00 sys=0.00, real=0.00 secs] 
2024-07-28T21:33:39.799+0800: 6.863: [CMS-concurrent-reset-start]
2024-07-28T21:33:39.800+0800: 6.864: [CMS-concurrent-reset: 0.001/0.001 secs] [Times: user=0.00 sys=0.00, real=0.00 secs] 
2024-07-28T21:33:39.802+0800: 6.866: Application time: 0.0047403 seconds
2024-07-28T21:33:39.802+0800: 6.866: [GC (Allocation Failure) 2024-07-28T21:33:39.802+0800: 6.866: [ParNew: 77168K->8192K(78656K), 0.0122252 secs] 244740K->244372K(627600K), 0.0122758 secs] [Times: user=0.00 sys=0.00, real=0.01 secs] 
2024-07-28T21:33:39.815+0800: 6.878: Total time for which application threads were stopped: 0.0123831 seconds, Stopping threads took: 0.0000140 seconds
2024-07-28T21:33:39.815+0800: 6.878: Application time: 0.0001619 seconds
2024-07-28T21:33:39.815+0800: 6.879: [GC (CMS Initial Mark) [1 CMS-initial-mark: 236180K(548944K)] 247812K(627600K), 0.0007243 secs] [Times: user=0.00 sys=0.00, real=0.00 secs] 
2024-07-28T21:33:39.816+0800: 6.879: Total time for which application threads were stopped: 0.0009453 seconds, Stopping threads took: 0.0001735 seconds
2024-07-28T21:33:39.816+0800: 6.880: [CMS-concurrent-mark-start]
2024-07-28T21:33:39.817+0800: 6.881: [CMS-concurrent-mark: 0.001/0.001 secs] [Times: user=0.03 sys=0.00, real=0.00 secs] 
2024-07-28T21:33:39.817+0800: 6.881: [CMS-concurrent-preclean-start]
2024-07-28T21:33:39.818+0800: 6.882: [CMS-concurrent-preclean: 0.001/0.001 secs] [Times: user=0.00 sys=0.00, real=0.00 secs] 
2024-07-28T21:33:39.818+0800: 6.882: [CMS-concurrent-abortable-preclean-start]
2024-07-28T21:33:39.935+0800: 6.999: Application time: 0.1196522 seconds
2024-07-28T21:33:39.935+0800: 6.999: [GC (Allocation Failure) 2024-07-28T21:33:39.935+0800: 6.999: [ParNew: 77168K->8192K(78656K), 0.0123586 secs] 313349K->312981K(627600K), 0.0124333 secs] [Times: user=0.03 sys=0.00, real=0.01 secs] 
2024-07-28T21:33:39.948+0800: 7.012: Total time for which application threads were stopped: 0.0125435 seconds, Stopping threads took: 0.0000190 seconds
2024-07-28T21:33:40.059+0800: 7.123: Application time: 0.1113035 seconds
2024-07-28T21:33:40.059+0800: 7.123: [GC (Allocation Failure) 2024-07-28T21:33:40.059+0800: 7.123: [ParNew: 77168K->8192K(78656K), 0.0045891 secs] 381958K->329366K(627600K), 0.0046486 secs] [Times: user=0.00 sys=0.00, real=0.00 secs] 
2024-07-28T21:33:40.064+0800: 7.128: Total time for which application threads were stopped: 0.0047721 seconds, Stopping threads took: 0.0000261 seconds
2024-07-28T21:33:40.064+0800: 7.128: [CMS-concurrent-abortable-preclean: 0.006/0.246 secs] [Times: user=0.03 sys=0.00, real=0.25 secs] 
2024-07-28T21:33:40.064+0800: 7.128: Application time: 0.0002955 seconds
2024-07-28T21:33:40.064+0800: 7.128: [GC (CMS Final Remark) [YG occupancy: 12655 K (78656 K)]2024-07-28T21:33:40.064+0800: 7.128: [Rescan (parallel) , 0.0010751 secs]2024-07-28T21:33:40.065+0800: 7.129: [weak refs processing, 0.0000192 secs]2024-07-28T21:33:40.066+0800: 7.129: [class unloading, 0.0002482 secs]2024-07-28T21:33:40.066+0800: 7.130: [scrub symbol table, 0.0003446 secs]2024-07-28T21:33:40.066+0800: 7.130: [scrub string table, 0.0001130 secs][1 CMS-remark: 321174K(548944K)] 333829K(627600K), 0.0018661 secs] [Times: user=0.00 sys=0.00, real=0.00 secs] 
2024-07-28T21:33:40.066+0800: 7.130: Total time for which application threads were stopped: 0.0020616 seconds, Stopping threads took: 0.0001582 seconds
2024-07-28T21:33:40.067+0800: 7.130: [CMS-concurrent-sweep-start]
2024-07-28T21:33:40.068+0800: 7.132: [CMS-concurrent-sweep: 0.001/0.001 secs] [Times: user=0.02 sys=0.00, real=0.00 secs] 
2024-07-28T21:33:40.068+0800: 7.132: [CMS-concurrent-reset-start]
2024-07-28T21:33:40.069+0800: 7.133: [CMS-concurrent-reset: 0.001/0.001 secs] [Times: user=0.00 sys=0.00, real=0.00 secs] 
2024-07-28T21:33:40.071+0800: 7.135: Application time: 0.0047105 seconds
2024-07-28T21:33:40.071+0800: 7.135: [GC (Allocation Failure) 2024-07-28T21:33:40.071+0800: 7.135: [ParNew: 77168K->8192K(78656K), 0.0124106 secs] 246788K->246420K(627600K), 0.0124593 secs] [Times: user=0.03 sys=0.00, real=0.01 secs] 
2024-07-28T21:33:40.084+0800: 7.147: Total time for which application threads were stopped: 0.0125587 seconds, Stopping threads took: 0.0000138 seconds
2024-07-28T21:33:40.084+0800: 7.148: Application time: 0.0001939 seconds
2024-07-28T21:33:40.084+0800: 7.148: [GC (CMS Initial Mark) [1 CMS-initial-mark: 238228K(548944K)] 249860K(627600K), 0.0008019 secs] [Times: user=0.00 sys=0.00, real=0.00 secs] 
2024-07-28T21:33:40.085+0800: 7.148: Total time for which application threads were stopped: 0.0009581 seconds, Stopping threads took: 0.0001142 seconds
2024-07-28T21:33:40.085+0800: 7.149: [CMS-concurrent-mark-start]
2024-07-28T21:33:40.086+0800: 7.150: [CMS-concurrent-mark: 0.001/0.001 secs] [Times: user=0.00 sys=0.00, real=0.00 secs] 
2024-07-28T21:33:40.086+0800: 7.150: [CMS-concurrent-preclean-start]
2024-07-28T21:33:40.087+0800: 7.151: [CMS-concurrent-preclean: 0.001/0.001 secs] [Times: user=0.00 sys=0.00, real=0.00 secs] 
2024-07-28T21:33:40.087+0800: 7.151: [CMS-concurrent-abortable-preclean-start]
2024-07-28T21:33:40.202+0800: 7.266: Application time: 0.1170154 seconds
2024-07-28T21:33:40.202+0800: 7.266: [GC (Allocation Failure) 2024-07-28T21:33:40.202+0800: 7.266: [ParNew: 77168K->8202K(78656K), 0.0123142 secs] 315397K->315040K(627600K), 0.0123727 secs] [Times: user=0.03 sys=0.00, real=0.01 secs] 
2024-07-28T21:33:40.214+0800: 7.278: Total time for which application threads were stopped: 0.0124856 seconds, Stopping threads took: 0.0000238 seconds
2024-07-28T21:33:40.326+0800: 7.389: Application time: 0.1114316 seconds
2024-07-28T21:33:40.326+0800: 7.389: [GC (Allocation Failure) 2024-07-28T21:33:40.326+0800: 7.390: [ParNew: 77178K->8192K(78656K), 0.0047293 secs] 384016K->332438K(627600K), 0.0047880 secs] [Times: user=0.00 sys=0.00, real=0.01 secs] 
2024-07-28T21:33:40.331+0800: 7.394: Total time for which application threads were stopped: 0.0048979 seconds, Stopping threads took: 0.0000191 seconds
2024-07-28T21:33:40.331+0800: 7.394: [CMS-concurrent-abortable-preclean: 0.006/0.244 secs] [Times: user=0.03 sys=0.00, real=0.24 secs] 
2024-07-28T21:33:40.331+0800: 7.395: Application time: 0.0003490 seconds
2024-07-28T21:33:40.331+0800: 7.395: [GC (CMS Final Remark) [YG occupancy: 13679 K (78656 K)]2024-07-28T21:33:40.331+0800: 7.395: [Rescan (parallel) , 0.0009521 secs]2024-07-28T21:33:40.332+0800: 7.396: [weak refs processing, 0.0000127 secs]2024-07-28T21:33:40.332+0800: 7.396: [class unloading, 0.0002438 secs]2024-07-28T21:33:40.333+0800: 7.396: [scrub symbol table, 0.0003394 secs]2024-07-28T21:33:40.333+0800: 7.396: [scrub string table, 0.0001007 secs][1 CMS-remark: 324246K(548944K)] 337926K(627600K), 0.0017121 secs] [Times: user=0.02 sys=0.00, real=0.00 secs] 
2024-07-28T21:33:40.333+0800: 7.397: Total time for which application threads were stopped: 0.0018295 seconds, Stopping threads took: 0.0000810 seconds
2024-07-28T21:33:40.333+0800: 7.397: [CMS-concurrent-sweep-start]
2024-07-28T21:33:40.335+0800: 7.398: [CMS-concurrent-sweep: 0.001/0.001 secs] [Times: user=0.00 sys=0.00, real=0.00 secs] 
2024-07-28T21:33:40.335+0800: 7.398: [CMS-concurrent-reset-start]
2024-07-28T21:33:40.336+0800: 7.400: [CMS-concurrent-reset: 0.002/0.002 secs] [Times: user=0.00 sys=0.00, real=0.00 secs] 
2024-07-28T21:33:40.338+0800: 7.401: Application time: 0.0046556 seconds
2024-07-28T21:33:40.338+0800: 7.401: [GC (Allocation Failure) 2024-07-28T21:33:40.338+0800: 7.401: [ParNew: 77168K->8192K(78656K), 0.0125833 secs] 248837K->248469K(627600K), 0.0126310 secs] [Times: user=0.03 sys=0.00, real=0.01 secs] 
2024-07-28T21:33:40.350+0800: 7.414: Total time for which application threads were stopped: 0.0127256 seconds, Stopping threads took: 0.0000124 seconds
2024-07-28T21:33:40.351+0800: 7.414: Application time: 0.0002423 seconds
2024-07-28T21:33:40.351+0800: 7.414: [GC (CMS Initial Mark) [1 CMS-initial-mark: 240277K(548944K)] 251909K(627600K), 0.0006588 secs] [Times: user=0.00 sys=0.00, real=0.00 secs] 
2024-07-28T21:33:40.351+0800: 7.415: Total time for which application threads were stopped: 0.0007773 seconds, Stopping threads took: 0.0000772 seconds
2024-07-28T21:33:40.352+0800: 7.415: [CMS-concurrent-mark-start]
2024-07-28T21:33:40.353+0800: 7.416: [CMS-concurrent-mark: 0.001/0.001 secs] [Times: user=0.00 sys=0.00, real=0.00 secs] 
2024-07-28T21:33:40.353+0800: 7.416: [CMS-concurrent-preclean-start]
2024-07-28T21:33:40.353+0800: 7.417: [CMS-concurrent-preclean: 0.001/0.001 secs] [Times: user=0.00 sys=0.00, real=0.00 secs] 
2024-07-28T21:33:40.353+0800: 7.417: [CMS-concurrent-abortable-preclean-start]
2024-07-28T21:33:40.470+0800: 7.534: Application time: 0.1189026 seconds
2024-07-28T21:33:40.470+0800: 7.534: [GC (Allocation Failure) 2024-07-28T21:33:40.470+0800: 7.534: [ParNew: 77168K->8192K(78656K), 0.0123261 secs] 317446K->317078K(627600K), 0.0123898 secs] [Times: user=0.03 sys=0.00, real=0.01 secs] 
2024-07-28T21:33:40.482+0800: 7.546: Total time for which application threads were stopped: 0.0124995 seconds, Stopping threads took: 0.0000190 seconds
2024-07-28T21:33:40.595+0800: 7.659: Application time: 0.1126922 seconds
2024-07-28T21:33:40.595+0800: 7.659: [GC (Allocation Failure) 2024-07-28T21:33:40.595+0800: 7.659: [ParNew: 77168K->8192K(78656K), 0.0050433 secs] 386055K->335510K(627600K), 0.0051006 secs] [Times: user=0.03 sys=0.00, real=0.00 secs] 
2024-07-28T21:33:40.600+0800: 7.664: Total time for which application threads were stopped: 0.0052108 seconds, Stopping threads took: 0.0000188 seconds
2024-07-28T21:33:40.600+0800: 7.664: [CMS-concurrent-abortable-preclean: 0.006/0.247 secs] [Times: user=0.06 sys=0.00, real=0.25 secs] 
2024-07-28T21:33:40.601+0800: 7.665: Application time: 0.0002922 seconds
2024-07-28T21:33:40.601+0800: 7.665: [GC (CMS Final Remark) [YG occupancy: 12655 K (78656 K)]2024-07-28T21:33:40.601+0800: 7.665: [Rescan (parallel) , 0.0007470 secs]2024-07-28T21:33:40.602+0800: 7.665: [weak refs processing, 0.0000127 secs]2024-07-28T21:33:40.602+0800: 7.665: [class unloading, 0.0002218 secs]2024-07-28T21:33:40.602+0800: 7.666: [scrub symbol table, 0.0003436 secs]2024-07-28T21:33:40.602+0800: 7.666: [scrub string table, 0.0001084 secs][1 CMS-remark: 327318K(548944K)] 339974K(627600K), 0.0014971 secs] [Times: user=0.00 sys=0.00, real=0.00 secs] 
2024-07-28T21:33:40.602+0800: 7.666: Total time for which application threads were stopped: 0.0016731 seconds, Stopping threads took: 0.0001395 seconds
2024-07-28T21:33:40.603+0800: 7.666: [CMS-concurrent-sweep-start]
2024-07-28T21:33:40.604+0800: 7.668: [CMS-concurrent-sweep: 0.002/0.002 secs] [Times: user=0.00 sys=0.00, real=0.00 secs] 
2024-07-28T21:33:40.604+0800: 7.668: [CMS-concurrent-reset-start]
2024-07-28T21:33:40.605+0800: 7.669: [CMS-concurrent-reset: 0.001/0.001 secs] [Times: user=0.00 sys=0.00, real=0.00 secs] 
2024-07-28T21:33:40.607+0800: 7.671: Application time: 0.0049997 seconds
2024-07-28T21:33:40.607+0800: 7.671: [GC (Allocation Failure) 2024-07-28T21:33:40.607+0800: 7.671: [ParNew: 77168K->8192K(78656K), 0.0126016 secs] 250885K->250517K(627600K), 0.0126491 secs] [Times: user=0.03 sys=0.00, real=0.01 secs] 
2024-07-28T21:33:40.620+0800: 7.684: Total time for which application threads were stopped: 0.0127460 seconds, Stopping threads took: 0.0000142 seconds
2024-07-28T21:33:40.620+0800: 7.684: Application time: 0.0001733 seconds
2024-07-28T21:33:40.620+0800: 7.684: [GC (CMS Initial Mark) [1 CMS-initial-mark: 242325K(548944K)] 253957K(627600K), 0.0007106 secs] [Times: user=0.00 sys=0.00, real=0.00 secs] 
2024-07-28T21:33:40.621+0800: 7.685: Total time for which application threads were stopped: 0.0008647 seconds, Stopping threads took: 0.0001108 seconds
2024-07-28T21:33:40.621+0800: 7.685: [CMS-concurrent-mark-start]
2024-07-28T21:33:40.622+0800: 7.686: [CMS-concurrent-mark: 0.001/0.001 secs] [Times: user=0.00 sys=0.00, real=0.00 secs] 
2024-07-28T21:33:40.622+0800: 7.686: [CMS-concurrent-preclean-start]
2024-07-28T21:33:40.623+0800: 7.687: [CMS-concurrent-preclean: 0.001/0.001 secs] [Times: user=0.00 sys=0.00, real=0.00 secs] 
2024-07-28T21:33:40.623+0800: 7.687: [CMS-concurrent-abortable-preclean-start]
2024-07-28T21:33:40.740+0800: 7.804: Application time: 0.1189073 seconds
2024-07-28T21:33:40.740+0800: 7.804: [GC (Allocation Failure) 2024-07-28T21:33:40.740+0800: 7.804: [ParNew: 77168K->8192K(78656K), 0.0127584 secs] 319494K->319126K(627600K), 0.0128135 secs] [Times: user=0.00 sys=0.00, real=0.01 secs] 
2024-07-28T21:33:40.753+0800: 7.817: Total time for which application threads were stopped: 0.0129229 seconds, Stopping threads took: 0.0000195 seconds
2024-07-28T21:33:40.864+0800: 7.928: Application time: 0.1110383 seconds
2024-07-28T21:33:40.864+0800: 7.928: [GC (Allocation Failure) 2024-07-28T21:33:40.864+0800: 7.928: [ParNew: 77168K->8192K(78656K), 0.0051052 secs] 388103K->338582K(627600K), 0.0051773 secs] [Times: user=0.00 sys=0.00, real=0.00 secs] 
2024-07-28T21:33:40.869+0800: 7.933: Total time for which application threads were stopped: 0.0053094 seconds, Stopping threads took: 0.0000255 seconds
2024-07-28T21:33:40.870+0800: 7.933: [CMS-concurrent-abortable-preclean: 0.006/0.246 secs] [Times: user=0.06 sys=0.00, real=0.25 secs] 
2024-07-28T21:33:40.870+0800: 7.934: Application time: 0.0004973 seconds
2024-07-28T21:33:40.870+0800: 7.934: [GC (CMS Final Remark) [YG occupancy: 15727 K (78656 K)]2024-07-28T21:33:40.870+0800: 7.934: [Rescan (parallel) , 0.0010179 secs]2024-07-28T21:33:40.871+0800: 7.935: [weak refs processing, 0.0000124 secs]2024-07-28T21:33:40.871+0800: 7.935: [class unloading, 0.0002058 secs]2024-07-28T21:33:40.871+0800: 7.935: [scrub symbol table, 0.0003209 secs]2024-07-28T21:33:40.872+0800: 7.935: [scrub string table, 0.0001026 secs][1 CMS-remark: 330390K(548944K)] 346118K(627600K), 0.0017243 secs] [Times: user=0.00 sys=0.00, real=0.00 secs] 
2024-07-28T21:33:40.872+0800: 7.936: Total time for which application threads were stopped: 0.0018932 seconds, Stopping threads took: 0.0001327 seconds
2024-07-28T21:33:40.872+0800: 7.936: [CMS-concurrent-sweep-start]
2024-07-28T21:33:40.873+0800: 7.937: [CMS-concurrent-sweep: 0.001/0.001 secs] [Times: user=0.00 sys=0.00, real=0.00 secs] 
2024-07-28T21:33:40.873+0800: 7.937: [CMS-concurrent-reset-start]
2024-07-28T21:33:40.875+0800: 7.939: [CMS-concurrent-reset: 0.001/0.001 secs] [Times: user=0.00 sys=0.00, real=0.00 secs] 
2024-07-28T21:33:40.877+0800: 7.941: Application time: 0.0049252 seconds
2024-07-28T21:33:40.877+0800: 7.941: [GC (Allocation Failure) 2024-07-28T21:33:40.877+0800: 7.941: [ParNew: 77168K->8192K(78656K), 0.0123832 secs] 252933K->252565K(627600K), 0.0124311 secs] [Times: user=0.03 sys=0.00, real=0.01 secs] 
2024-07-28T21:33:40.889+0800: 7.953: Total time for which application threads were stopped: 0.0125278 seconds, Stopping threads took: 0.0000152 seconds
2024-07-28T21:33:40.889+0800: 7.953: Application time: 0.0002249 seconds
2024-07-28T21:33:40.890+0800: 7.953: [GC (CMS Initial Mark) [1 CMS-initial-mark: 244373K(548944K)] 256005K(627600K), 0.0008100 secs] [Times: user=0.00 sys=0.00, real=0.00 secs] 
2024-07-28T21:33:40.890+0800: 7.954: Total time for which application threads were stopped: 0.0009420 seconds, Stopping threads took: 0.0000910 seconds
2024-07-28T21:33:40.891+0800: 7.954: [CMS-concurrent-mark-start]
2024-07-28T21:33:40.892+0800: 7.955: [CMS-concurrent-mark: 0.001/0.001 secs] [Times: user=0.00 sys=0.00, real=0.00 secs] 
2024-07-28T21:33:40.892+0800: 7.956: [CMS-concurrent-preclean-start]
2024-07-28T21:33:40.892+0800: 7.956: [CMS-concurrent-preclean: 0.001/0.001 secs] [Times: user=0.00 sys=0.00, real=0.00 secs] 
2024-07-28T21:33:40.892+0800: 7.956: [CMS-concurrent-abortable-preclean-start]
2024-07-28T21:33:41.008+0800: 8.071: Application time: 0.1172602 seconds
2024-07-28T21:33:41.008+0800: 8.072: [GC (Allocation Failure) 2024-07-28T21:33:41.008+0800: 8.072: [ParNew: 77168K->8192K(78656K), 0.0122059 secs] 321542K->321174K(627600K), 0.0122711 secs] [Times: user=0.03 sys=0.00, real=0.01 secs] 
2024-07-28T21:33:41.020+0800: 8.084: Total time for which application threads were stopped: 0.0123908 seconds, Stopping threads took: 0.0000265 seconds
2024-07-28T21:33:41.131+0800: 8.195: Application time: 0.1115026 seconds
2024-07-28T21:33:41.131+0800: 8.195: [GC (Allocation Failure) 2024-07-28T21:33:41.131+0800: 8.195: [ParNew: 77168K->8192K(78656K), 0.0056007 secs] 390151K->341654K(627600K), 0.0056612 secs] [Times: user=0.00 sys=0.00, real=0.01 secs] 
2024-07-28T21:33:41.137+0800: 8.201: Total time for which application threads were stopped: 0.0057703 seconds, Stopping threads took: 0.0000188 seconds
2024-07-28T21:33:41.137+0800: 8.201: [CMS-concurrent-abortable-preclean: 0.006/0.245 secs] [Times: user=0.06 sys=0.00, real=0.25 secs] 
2024-07-28T21:33:41.137+0800: 8.201: Application time: 0.0003351 seconds
2024-07-28T21:33:41.137+0800: 8.202: [GC (CMS Final Remark) [YG occupancy: 12655 K (78656 K)]2024-07-28T21:33:41.137+0800: 8.202: [Rescan (parallel) , 0.0008384 secs]2024-07-28T21:33:41.138+0800: 8.203: [weak refs processing, 0.0000129 secs]2024-07-28T21:33:41.138+0800: 8.203: [class unloading, 0.0002356 secs]2024-07-28T21:33:41.138+0800: 8.203: [scrub symbol table, 0.0003921 secs]2024-07-28T21:33:41.139+0800: 8.203: [scrub string table, 0.0000994 secs][1 CMS-remark: 333462K(548944K)] 346118K(627600K), 0.0016444 secs] [Times: user=0.00 sys=0.00, real=0.00 secs] 
2024-07-28T21:33:41.139+0800: 8.203: Total time for which application threads were stopped: 0.0018101 seconds, Stopping threads took: 0.0001291 seconds
2024-07-28T21:33:41.139+0800: 8.204: [CMS-concurrent-sweep-start]
2024-07-28T21:33:41.141+0800: 8.205: [CMS-concurrent-sweep: 0.002/0.002 secs] [Times: user=0.00 sys=0.00, real=0.00 secs] 
2024-07-28T21:33:41.141+0800: 8.205: [CMS-concurrent-reset-start]
2024-07-28T21:33:41.142+0800: 8.207: [CMS-concurrent-reset: 0.001/0.001 secs] [Times: user=0.00 sys=0.00, real=0.00 secs] 
2024-07-28T21:33:41.144+0800: 8.208: Application time: 0.0051032 seconds
2024-07-28T21:33:41.144+0800: 8.208: [GC (Allocation Failure) 2024-07-28T21:33:41.144+0800: 8.208: [ParNew: 77168K->8192K(78656K), 0.0143130 secs] 254981K->254613K(627600K), 0.0143599 secs] [Times: user=0.13 sys=0.00, real=0.01 secs] 
2024-07-28T21:33:41.159+0800: 8.223: Total time for which application threads were stopped: 0.0144572 seconds, Stopping threads took: 0.0000150 seconds
2024-07-28T21:33:41.159+0800: 8.223: Application time: 0.0002196 seconds
2024-07-28T21:33:41.159+0800: 8.223: [GC (CMS Initial Mark) [1 CMS-initial-mark: 246421K(548944K)] 258053K(627600K), 0.0008267 secs] [Times: user=0.00 sys=0.00, real=0.00 secs] 
2024-07-28T21:33:41.160+0800: 8.224: Total time for which application threads were stopped: 0.0010313 seconds, Stopping threads took: 0.0001618 seconds
2024-07-28T21:33:41.160+0800: 8.224: [CMS-concurrent-mark-start]
2024-07-28T21:33:41.161+0800: 8.225: [CMS-concurrent-mark: 0.001/0.001 secs] [Times: user=0.03 sys=0.00, real=0.00 secs] 
2024-07-28T21:33:41.161+0800: 8.225: [CMS-concurrent-preclean-start]
2024-07-28T21:33:41.162+0800: 8.226: [CMS-concurrent-preclean: 0.001/0.001 secs] [Times: user=0.00 sys=0.00, real=0.00 secs] 
2024-07-28T21:33:41.162+0800: 8.226: [CMS-concurrent-abortable-preclean-start]
2024-07-28T21:33:41.276+0800: 8.339: Application time: 0.1153599 seconds
2024-07-28T21:33:41.276+0800: 8.340: [GC (Allocation Failure) 2024-07-28T21:33:41.276+0800: 8.340: [ParNew: 77168K->8192K(78656K), 0.0119903 secs] 323590K->323222K(627600K), 0.0120483 secs] [Times: user=0.03 sys=0.00, real=0.01 secs] 
2024-07-28T21:33:41.288+0800: 8.352: Total time for which application threads were stopped: 0.0121608 seconds, Stopping threads took: 0.0000203 seconds
2024-07-28T21:33:41.399+0800: 8.464: Application time: 0.1119084 seconds
2024-07-28T21:33:41.399+0800: 8.464: [GC (Allocation Failure) 2024-07-28T21:33:41.399+0800: 8.464: [ParNew: 77168K->8192K(78656K), 0.0054087 secs] 392199K->344726K(627600K), 0.0054642 secs] [Times: user=0.00 sys=0.00, real=0.01 secs] 
2024-07-28T21:33:41.405+0800: 8.469: Total time for which application threads were stopped: 0.0055749 seconds, Stopping threads took: 0.0000193 seconds
2024-07-28T21:33:41.405+0800: 8.469: [CMS-concurrent-abortable-preclean: 0.006/0.243 secs] [Times: user=0.03 sys=0.00, real=0.24 secs] 
2024-07-28T21:33:41.405+0800: 8.469: Application time: 0.0003151 seconds
2024-07-28T21:33:41.405+0800: 8.470: [GC (CMS Final Remark) [YG occupancy: 12655 K (78656 K)]2024-07-28T21:33:41.405+0800: 8.470: [Rescan (parallel) , 0.0007025 secs]2024-07-28T21:33:41.406+0800: 8.470: [weak refs processing, 0.0000130 secs]2024-07-28T21:33:41.406+0800: 8.470: [class unloading, 0.0002338 secs]2024-07-28T21:33:41.406+0800: 8.471: [scrub symbol table, 0.0003468 secs]2024-07-28T21:33:41.407+0800: 8.471: [scrub string table, 0.0001133 secs][1 CMS-remark: 336534K(548944K)] 349190K(627600K), 0.0014779 secs] [Times: user=0.00 sys=0.00, real=0.00 secs] 
2024-07-28T21:33:41.407+0800: 8.471: Total time for which application threads were stopped: 0.0016387 seconds, Stopping threads took: 0.0001217 seconds
2024-07-28T21:33:41.407+0800: 8.471: [CMS-concurrent-sweep-start]
2024-07-28T21:33:41.408+0800: 8.473: [CMS-concurrent-sweep: 0.001/0.001 secs] [Times: user=0.00 sys=0.00, real=0.00 secs] 
2024-07-28T21:33:41.408+0800: 8.473: [CMS-concurrent-reset-start]
2024-07-28T21:33:41.409+0800: 8.474: [CMS-concurrent-reset: 0.001/0.001 secs] [Times: user=0.03 sys=0.00, real=0.00 secs] 
2024-07-28T21:33:41.412+0800: 8.476: Application time: 0.0050803 seconds
2024-07-28T21:33:41.412+0800: 8.476: [GC (Allocation Failure) 2024-07-28T21:33:41.412+0800: 8.476: [ParNew: 77168K->8192K(78656K), 0.0124956 secs] 257029K->256661K(627600K), 0.0125433 secs] [Times: user=0.00 sys=0.00, real=0.01 secs] 
2024-07-28T21:33:41.425+0800: 8.489: Total time for which application threads were stopped: 0.0126434 seconds, Stopping threads took: 0.0000156 seconds
2024-07-28T21:33:41.425+0800: 8.489: Application time: 0.0002399 seconds
2024-07-28T21:33:41.425+0800: 8.489: [GC (CMS Initial Mark) [1 CMS-initial-mark: 248469K(548944K)] 260101K(627600K), 0.0006735 secs] [Times: user=0.00 sys=0.01, real=0.00 secs] 
2024-07-28T21:33:41.426+0800: 8.490: Total time for which application threads were stopped: 0.0008565 seconds, Stopping threads took: 0.0001400 seconds
2024-07-28T21:33:41.426+0800: 8.490: [CMS-concurrent-mark-start]
2024-07-28T21:33:41.427+0800: 8.491: [CMS-concurrent-mark: 0.001/0.001 secs] [Times: user=0.00 sys=0.00, real=0.00 secs] 
2024-07-28T21:33:41.427+0800: 8.491: [CMS-concurrent-preclean-start]
2024-07-28T21:33:41.428+0800: 8.492: [CMS-concurrent-preclean: 0.001/0.001 secs] [Times: user=0.00 sys=0.00, real=0.00 secs] 
2024-07-28T21:33:41.428+0800: 8.492: [CMS-concurrent-abortable-preclean-start]
2024-07-28T21:33:41.544+0800: 8.607: Application time: 0.1172964 seconds
2024-07-28T21:33:41.544+0800: 8.607: [GC (Allocation Failure) 2024-07-28T21:33:41.544+0800: 8.607: [ParNew: 77168K->8192K(78656K), 0.0123724 secs] 325638K->325270K(627600K), 0.0124301 secs] [Times: user=0.03 sys=0.00, real=0.01 secs] 
2024-07-28T21:33:41.556+0800: 8.620: Total time for which application threads were stopped: 0.0125516 seconds, Stopping threads took: 0.0000187 seconds
2024-07-28T21:33:41.666+0800: 8.730: Application time: 0.1105118 seconds
2024-07-28T21:33:41.666+0800: 8.730: [GC (Allocation Failure) 2024-07-28T21:33:41.666+0800: 8.730: [ParNew: 77168K->8192K(78656K), 0.0055935 secs] 394247K->347798K(627600K), 0.0056529 secs] [Times: user=0.00 sys=0.00, real=0.01 secs] 
2024-07-28T21:33:41.672+0800: 8.736: Total time for which application threads were stopped: 0.0057763 seconds, Stopping threads took: 0.0000198 seconds
2024-07-28T21:33:41.672+0800: 8.736: [CMS-concurrent-abortable-preclean: 0.006/0.244 secs] [Times: user=0.03 sys=0.00, real=0.24 secs] 
2024-07-28T21:33:41.672+0800: 8.736: Application time: 0.0003096 seconds
2024-07-28T21:33:41.672+0800: 8.737: [GC (CMS Final Remark) [YG occupancy: 12655 K (78656 K)]2024-07-28T21:33:41.672+0800: 8.737: [Rescan (parallel) , 0.0007877 secs]2024-07-28T21:33:41.673+0800: 8.737: [weak refs processing, 0.0000127 secs]2024-07-28T21:33:41.673+0800: 8.737: [class unloading, 0.0002763 secs]2024-07-28T21:33:41.674+0800: 8.738: [scrub symbol table, 0.0003569 secs]2024-07-28T21:33:41.674+0800: 8.738: [scrub string table, 0.0001038 secs][1 CMS-remark: 339606K(548944K)] 352262K(627600K), 0.0016077 secs] [Times: user=0.00 sys=0.00, real=0.00 secs] 
2024-07-28T21:33:41.674+0800: 8.738: Total time for which application threads were stopped: 0.0017966 seconds, Stopping threads took: 0.0001504 seconds
2024-07-28T21:33:41.674+0800: 8.738: [CMS-concurrent-sweep-start]
2024-07-28T21:33:41.676+0800: 8.740: [CMS-concurrent-sweep: 0.001/0.001 secs] [Times: user=0.03 sys=0.00, real=0.00 secs] 
2024-07-28T21:33:41.676+0800: 8.740: [CMS-concurrent-reset-start]
2024-07-28T21:33:41.677+0800: 8.741: [CMS-concurrent-reset: 0.001/0.001 secs] [Times: user=0.00 sys=0.00, real=0.00 secs] 
2024-07-28T21:33:41.679+0800: 8.743: Application time: 0.0047944 seconds
2024-07-28T21:33:41.679+0800: 8.743: [GC (Allocation Failure) 2024-07-28T21:33:41.679+0800: 8.743: [ParNew: 77168K->8192K(78656K), 0.0122996 secs] 259077K->258709K(627600K), 0.0123470 secs] [Times: user=0.00 sys=0.00, real=0.01 secs] 
2024-07-28T21:33:41.691+0800: 8.755: Total time for which application threads were stopped: 0.0124433 seconds, Stopping threads took: 0.0000127 seconds
2024-07-28T21:33:41.692+0800: 8.756: Application time: 0.0001778 seconds
2024-07-28T21:33:41.692+0800: 8.756: [GC (CMS Initial Mark) [1 CMS-initial-mark: 250517K(548944K)] 262149K(627600K), 0.0007646 secs] [Times: user=0.00 sys=0.00, real=0.00 secs] 
2024-07-28T21:33:41.692+0800: 8.756: Total time for which application threads were stopped: 0.0008893 seconds, Stopping threads took: 0.0000835 seconds
2024-07-28T21:33:41.692+0800: 8.757: [CMS-concurrent-mark-start]
2024-07-28T21:33:41.693+0800: 8.757: [CMS-concurrent-mark: 0.001/0.001 secs] [Times: user=0.00 sys=0.00, real=0.00 secs] 
2024-07-28T21:33:41.693+0800: 8.757: [CMS-concurrent-preclean-start]
2024-07-28T21:33:41.694+0800: 8.758: [CMS-concurrent-preclean: 0.001/0.001 secs] [Times: user=0.00 sys=0.00, real=0.00 secs] 
2024-07-28T21:33:41.694+0800: 8.758: [CMS-concurrent-abortable-preclean-start]
2024-07-28T21:33:41.812+0800: 8.876: Application time: 0.1192524 seconds
2024-07-28T21:33:41.812+0800: 8.876: [GC (Allocation Failure) 2024-07-28T21:33:41.812+0800: 8.876: [ParNew: 77168K->8192K(78656K), 0.0121113 secs] 327686K->327318K(627600K), 0.0121694 secs] [Times: user=0.03 sys=0.00, real=0.01 secs] 
2024-07-28T21:33:41.824+0800: 8.888: Total time for which application threads were stopped: 0.0122806 seconds, Stopping threads took: 0.0000196 seconds
2024-07-28T21:33:41.935+0800: 8.999: Application time: 0.1106999 seconds
2024-07-28T21:33:41.935+0800: 8.999: [GC (Allocation Failure) 2024-07-28T21:33:41.935+0800: 8.999: [ParNew: 77168K->8192K(78656K), 0.0057824 secs] 396295K->350870K(627600K), 0.0058633 secs] [Times: user=0.00 sys=0.00, real=0.01 secs] 
2024-07-28T21:33:41.941+0800: 9.005: Total time for which application threads were stopped: 0.0059893 seconds, Stopping threads took: 0.0000196 seconds
2024-07-28T21:33:41.941+0800: 9.005: [CMS-concurrent-abortable-preclean: 0.006/0.247 secs] [Times: user=0.03 sys=0.00, real=0.25 secs] 
2024-07-28T21:33:41.941+0800: 9.005: Application time: 0.0003859 seconds
2024-07-28T21:33:41.941+0800: 9.005: [GC (CMS Final Remark) [YG occupancy: 14703 K (78656 K)]2024-07-28T21:33:41.941+0800: 9.005: [Rescan (parallel) , 0.0011520 secs]2024-07-28T21:33:41.942+0800: 9.006: [weak refs processing, 0.0000126 secs]2024-07-28T21:33:41.942+0800: 9.006: [class unloading, 0.0002265 secs]2024-07-28T21:33:41.943+0800: 9.007: [scrub symbol table, 0.0003458 secs]2024-07-28T21:33:41.943+0800: 9.007: [scrub string table, 0.0001132 secs][1 CMS-remark: 342678K(548944K)] 357382K(627600K), 0.0019169 secs] [Times: user=0.02 sys=0.00, real=0.00 secs] 
2024-07-28T21:33:41.943+0800: 9.007: Total time for which application threads were stopped: 0.0020875 seconds, Stopping threads took: 0.0001334 seconds
2024-07-28T21:33:41.943+0800: 9.007: [CMS-concurrent-sweep-start]
2024-07-28T21:33:41.945+0800: 9.009: [CMS-concurrent-sweep: 0.002/0.002 secs] [Times: user=0.00 sys=0.00, real=0.00 secs] 
2024-07-28T21:33:41.945+0800: 9.009: [CMS-concurrent-reset-start]
2024-07-28T21:33:41.946+0800: 9.010: [CMS-concurrent-reset: 0.001/0.001 secs] [Times: user=0.00 sys=0.00, real=0.00 secs] 
2024-07-28T21:33:41.948+0800: 9.012: Application time: 0.0048119 seconds
2024-07-28T21:33:41.948+0800: 9.012: [GC (Allocation Failure) 2024-07-28T21:33:41.948+0800: 9.012: [ParNew: 77168K->8192K(78656K), 0.0122312 secs] 261125K->260757K(627600K), 0.0122788 secs] [Times: user=0.01 sys=0.00, real=0.01 secs] 
2024-07-28T21:33:41.960+0800: 9.024: Total time for which application threads were stopped: 0.0123767 seconds, Stopping threads took: 0.0000145 seconds
2024-07-28T21:33:41.960+0800: 9.025: Application time: 0.0002331 seconds
2024-07-28T21:33:41.961+0800: 9.025: [GC (CMS Initial Mark) [1 CMS-initial-mark: 252565K(548944K)] 264197K(627600K), 0.0008319 secs] [Times: user=0.00 sys=0.00, real=0.00 secs] 
2024-07-28T21:33:41.961+0800: 9.026: Total time for which application threads were stopped: 0.0008936 seconds, Stopping threads took: 0.0000189 seconds
2024-07-28T21:33:41.961+0800: 9.026: [CMS-concurrent-mark-start]
2024-07-28T21:33:41.962+0800: 9.027: [CMS-concurrent-mark: 0.001/0.001 secs] [Times: user=0.00 sys=0.00, real=0.00 secs] 
2024-07-28T21:33:41.962+0800: 9.027: [CMS-concurrent-preclean-start]
2024-07-28T21:33:41.963+0800: 9.027: [CMS-concurrent-preclean: 0.001/0.001 secs] [Times: user=0.00 sys=0.00, real=0.00 secs] 
2024-07-28T21:33:41.963+0800: 9.027: [CMS-concurrent-abortable-preclean-start]
2024-07-28T21:33:42.079+0800: 9.143: Application time: 0.1178757 seconds
2024-07-28T21:33:42.079+0800: 9.143: [GC (Allocation Failure) 2024-07-28T21:33:42.079+0800: 9.144: [ParNew: 77168K->8192K(78656K), 0.0121177 secs] 329734K->329366K(627600K), 0.0121806 secs] [Times: user=0.03 sys=0.00, real=0.01 secs] 
2024-07-28T21:33:42.092+0800: 9.156: Total time for which application threads were stopped: 0.0123031 seconds, Stopping threads took: 0.0000193 seconds
2024-07-28T21:33:42.202+0800: 9.266: Application time: 0.1104874 seconds
2024-07-28T21:33:42.202+0800: 9.266: [GC (Allocation Failure) 2024-07-28T21:33:42.202+0800: 9.266: [ParNew: 77168K->8192K(78656K), 0.0060674 secs] 398343K->353943K(627600K), 0.0061257 secs] [Times: user=0.03 sys=0.00, real=0.01 secs] 
2024-07-28T21:33:42.209+0800: 9.272: Total time for which application threads were stopped: 0.0062446 seconds, Stopping threads took: 0.0000191 seconds
2024-07-28T21:33:42.209+0800: 9.273: [CMS-concurrent-abortable-preclean: 0.006/0.245 secs] [Times: user=0.06 sys=0.00, real=0.25 secs] 
2024-07-28T21:33:42.209+0800: 9.273: Application time: 0.0003243 seconds
2024-07-28T21:33:42.209+0800: 9.273: [GC (CMS Final Remark) [YG occupancy: 12655 K (78656 K)]2024-07-28T21:33:42.209+0800: 9.273: [Rescan (parallel) , 0.0008544 secs]2024-07-28T21:33:42.210+0800: 9.274: [weak refs processing, 0.0000126 secs]2024-07-28T21:33:42.210+0800: 9.274: [class unloading, 0.0003483 secs]2024-07-28T21:33:42.210+0800: 9.274: [scrub symbol table, 0.0003498 secs]2024-07-28T21:33:42.211+0800: 9.275: [scrub string table, 0.0001037 secs][1 CMS-remark: 345750K(548944K)] 358406K(627600K), 0.0017334 secs] [Times: user=0.00 sys=0.00, real=0.00 secs] 
2024-07-28T21:33:42.211+0800: 9.275: Total time for which application threads were stopped: 0.0019055 seconds, Stopping threads took: 0.0001345 seconds
2024-07-28T21:33:42.211+0800: 9.275: [CMS-concurrent-sweep-start]
2024-07-28T21:33:42.212+0800: 9.276: [CMS-concurrent-sweep: 0.001/0.001 secs] [Times: user=0.00 sys=0.00, real=0.00 secs] 
2024-07-28T21:33:42.212+0800: 9.276: [CMS-concurrent-reset-start]
2024-07-28T21:33:42.214+0800: 9.278: [CMS-concurrent-reset: 0.001/0.001 secs] [Times: user=0.00 sys=0.00, real=0.00 secs] 
2024-07-28T21:33:42.216+0800: 9.280: Application time: 0.0052775 seconds
2024-07-28T21:33:42.216+0800: 9.280: [GC (Allocation Failure) 2024-07-28T21:33:42.216+0800: 9.280: [ParNew: 77168K->8192K(78656K), 0.0126786 secs] 263173K->262805K(627600K), 0.0127279 secs] [Times: user=0.03 sys=0.00, real=0.01 secs] 
2024-07-28T21:33:42.229+0800: 9.293: Total time for which application threads were stopped: 0.0128308 seconds, Stopping threads took: 0.0000167 seconds
2024-07-28T21:33:42.229+0800: 9.293: Application time: 0.0002479 seconds
2024-07-28T21:33:42.229+0800: 9.293: [GC (CMS Initial Mark) [1 CMS-initial-mark: 254613K(548944K)] 265221K(627600K), 0.0007006 secs] [Times: user=0.00 sys=0.00, real=0.00 secs] 
2024-07-28T21:33:42.230+0800: 9.294: Total time for which application threads were stopped: 0.0007624 seconds, Stopping threads took: 0.0000169 seconds
2024-07-28T21:33:42.230+0800: 9.294: [CMS-concurrent-mark-start]
2024-07-28T21:33:42.231+0800: 9.295: [CMS-concurrent-mark: 0.001/0.001 secs] [Times: user=0.00 sys=0.00, real=0.00 secs] 
2024-07-28T21:33:42.231+0800: 9.295: [CMS-concurrent-preclean-start]
2024-07-28T21:33:42.232+0800: 9.296: [CMS-concurrent-preclean: 0.001/0.001 secs] [Times: user=0.00 sys=0.00, real=0.00 secs] 
2024-07-28T21:33:42.232+0800: 9.296: [CMS-concurrent-abortable-preclean-start]
2024-07-28T21:33:42.347+0800: 9.411: Application time: 0.1174584 seconds
2024-07-28T21:33:42.347+0800: 9.411: [GC (Allocation Failure) 2024-07-28T21:33:42.347+0800: 9.411: [ParNew: 77168K->8192K(78656K), 0.0121283 secs] 331782K->331414K(627600K), 0.0122097 secs] [Times: user=0.00 sys=0.00, real=0.01 secs] 
2024-07-28T21:33:42.360+0800: 9.424: Total time for which application threads were stopped: 0.0123195 seconds, Stopping threads took: 0.0000197 seconds
2024-07-28T21:33:42.470+0800: 9.535: Application time: 0.1109990 seconds
2024-07-28T21:33:42.470+0800: 9.535: [GC (Allocation Failure) 2024-07-28T21:33:42.470+0800: 9.535: [ParNew: 77171K->8192K(78656K), 0.0063412 secs] 400393K->357015K(627600K), 0.0064009 secs] [Times: user=0.03 sys=0.00, real=0.01 secs] 
2024-07-28T21:33:42.477+0800: 9.541: Total time for which application threads were stopped: 0.0065097 seconds, Stopping threads took: 0.0000193 seconds
2024-07-28T21:33:42.477+0800: 9.541: [CMS-concurrent-abortable-preclean: 0.006/0.245 secs] [Times: user=0.05 sys=0.00, real=0.24 secs] 
2024-07-28T21:33:42.477+0800: 9.541: Application time: 0.0003096 seconds
2024-07-28T21:33:42.477+0800: 9.542: [GC (CMS Final Remark) [YG occupancy: 12650 K (78656 K)]2024-07-28T21:33:42.477+0800: 9.542: [Rescan (parallel) , 0.0008429 secs]2024-07-28T21:33:42.478+0800: 9.542: [weak refs processing, 0.0000130 secs]2024-07-28T21:33:42.478+0800: 9.543: [class unloading, 0.0002320 secs]2024-07-28T21:33:42.479+0800: 9.543: [scrub symbol table, 0.0003340 secs]2024-07-28T21:33:42.479+0800: 9.543: [scrub string table, 0.0001051 secs][1 CMS-remark: 348822K(548944K)] 361473K(627600K), 0.0015938 secs] [Times: user=0.00 sys=0.00, real=0.00 secs] 
2024-07-28T21:33:42.479+0800: 9.543: Total time for which application threads were stopped: 0.0017975 seconds, Stopping threads took: 0.0001670 seconds
2024-07-28T21:33:42.479+0800: 9.543: [CMS-concurrent-sweep-start]
2024-07-28T21:33:42.480+0800: 9.545: [CMS-concurrent-sweep: 0.001/0.001 secs] [Times: user=0.00 sys=0.00, real=0.00 secs] 
2024-07-28T21:33:42.480+0800: 9.545: [CMS-concurrent-reset-start]
2024-07-28T21:33:42.482+0800: 9.546: [CMS-concurrent-reset: 0.001/0.001 secs] [Times: user=0.00 sys=0.00, real=0.00 secs] 
2024-07-28T21:33:42.595+0800: 9.658: Application time: 0.1150102 seconds
2024-07-28T21:33:42.595+0800: 9.658: [GC (Allocation Failure) 2024-07-28T21:33:42.595+0800: 9.658: [ParNew: 77163K->8192K(78656K), 0.0119802 secs] 265215K->264853K(627600K), 0.0120415 secs] [Times: user=0.03 sys=0.00, real=0.01 secs] 
2024-07-28T21:33:42.606+0800: 9.670: Total time for which application threads were stopped: 0.0121870 seconds, Stopping threads took: 0.0000410 seconds
2024-07-28T21:33:42.611+0800: 9.675: Application time: 0.0046305 seconds
2024-07-28T21:33:42.611+0800: 9.675: [GC (Allocation Failure) 2024-07-28T21:33:42.611+0800: 9.675: [ParNew: 77165K->8192K(78656K), 0.0121368 secs] 333826K->333462K(627600K), 0.0122006 secs] [Times: user=0.03 sys=0.00, real=0.01 secs] 
2024-07-28T21:33:42.623+0800: 9.687: Total time for which application threads were stopped: 0.0123284 seconds, Stopping threads took: 0.0000160 seconds
2024-07-28T21:33:42.623+0800: 9.688: Application time: 0.0001100 seconds
2024-07-28T21:33:42.623+0800: 9.688: [GC (CMS Initial Mark) [1 CMS-initial-mark: 325270K(548944K)] 336900K(627600K), 0.0007842 secs] [Times: user=0.00 sys=0.00, real=0.00 secs] 
2024-07-28T21:33:42.624+0800: 9.688: Total time for which application threads were stopped: 0.0009594 seconds, Stopping threads took: 0.0001294 seconds
2024-07-28T21:33:42.624+0800: 9.689: [CMS-concurrent-mark-start]
2024-07-28T21:33:42.627+0800: 9.691: [CMS-concurrent-mark: 0.003/0.003 secs] [Times: user=0.00 sys=0.00, real=0.00 secs] 
2024-07-28T21:33:42.627+0800: 9.691: [CMS-concurrent-preclean-start]
2024-07-28T21:33:42.628+0800: 9.692: [CMS-concurrent-preclean: 0.001/0.001 secs] [Times: user=0.00 sys=0.00, real=0.00 secs] 
2024-07-28T21:33:42.628+0800: 9.692: [CMS-concurrent-abortable-preclean-start]
2024-07-28T21:33:42.738+0800: 9.802: Application time: 0.1137067 seconds
2024-07-28T21:33:42.738+0800: 9.802: [GC (Allocation Failure) 2024-07-28T21:33:42.738+0800: 9.802: [ParNew: 77166K->8192K(78656K), 0.0060832 secs] 402437K->360087K(627600K), 0.0061454 secs] [Times: user=0.00 sys=0.02, real=0.01 secs] 
2024-07-28T21:33:42.745+0800: 9.808: Total time for which application threads were stopped: 0.0062673 seconds, Stopping threads took: 0.0000197 seconds
2024-07-28T21:33:42.863+0800: 9.927: Application time: 0.1181297 seconds
2024-07-28T21:33:42.863+0800: 9.927: [GC (Allocation Failure) 2024-07-28T21:33:42.863+0800: 9.927: [ParNew: 77167K->8192K(78656K), 0.0120181 secs] 429062K->428696K(627600K), 0.0120760 secs] [Times: user=0.03 sys=0.00, real=0.01 secs] 
2024-07-28T21:33:42.875+0800: 9.939: Total time for which application threads were stopped: 0.0121867 seconds, Stopping threads took: 0.0000197 seconds
2024-07-28T21:33:42.875+0800: 9.939: [CMS-concurrent-abortable-preclean: 0.005/0.247 secs] [Times: user=0.06 sys=0.02, real=0.25 secs] 
2024-07-28T21:33:42.876+0800: 9.939: Application time: 0.0002583 seconds
2024-07-28T21:33:42.876+0800: 9.939: [GC (CMS Final Remark) [YG occupancy: 11630 K (78656 K)]2024-07-28T21:33:42.876+0800: 9.939: [Rescan (parallel) , 0.0009810 secs]2024-07-28T21:33:42.877+0800: 9.940: [weak refs processing, 0.0000126 secs]2024-07-28T21:33:42.877+0800: 9.940: [class unloading, 0.0002329 secs]2024-07-28T21:33:42.877+0800: 9.940: [scrub symbol table, 0.0003433 secs]2024-07-28T21:33:42.877+0800: 9.941: [scrub string table, 0.0001014 secs][1 CMS-remark: 420504K(548944K)] 432134K(627600K), 0.0017393 secs] [Times: user=0.00 sys=0.00, real=0.00 secs] 
2024-07-28T21:33:42.878+0800: 9.941: Total time for which application threads were stopped: 0.0019392 seconds, Stopping threads took: 0.0001622 seconds
2024-07-28T21:33:42.878+0800: 9.941: [CMS-concurrent-sweep-start]
2024-07-28T21:33:42.879+0800: 9.943: [CMS-concurrent-sweep: 0.001/0.001 secs] [Times: user=0.00 sys=0.00, real=0.00 secs] 
2024-07-28T21:33:42.879+0800: 9.943: [CMS-concurrent-reset-start]
2024-07-28T21:33:42.881+0800: 9.944: [CMS-concurrent-reset: 0.001/0.001 secs] [Times: user=0.03 sys=0.00, real=0.00 secs] 
2024-07-28T21:33:42.883+0800: 9.946: Application time: 0.0051030 seconds
2024-07-28T21:33:42.883+0800: 9.946: [GC (Allocation Failure) 2024-07-28T21:33:42.883+0800: 9.946: [ParNew: 77167K->8192K(78656K), 0.0122462 secs] 335877K->335510K(627600K), 0.0122940 secs] [Times: user=0.00 sys=0.00, real=0.01 secs] 
2024-07-28T21:33:42.895+0800: 9.958: Total time for which application threads were stopped: 0.0123984 seconds, Stopping threads took: 0.0000144 seconds
2024-07-28T21:33:42.895+0800: 9.959: Application time: 0.0001779 seconds
2024-07-28T21:33:42.895+0800: 9.959: [GC (CMS Initial Mark) [1 CMS-initial-mark: 327318K(548944K)] 338949K(627600K), 0.0007428 secs] [Times: user=0.03 sys=0.00, real=0.00 secs] 
2024-07-28T21:33:42.896+0800: 9.960: Total time for which application threads were stopped: 0.0009422 seconds, Stopping threads took: 0.0001472 seconds
2024-07-28T21:33:42.896+0800: 9.960: [CMS-concurrent-mark-start]
2024-07-28T21:33:42.899+0800: 9.962: [CMS-concurrent-mark: 0.003/0.003 secs] [Times: user=0.00 sys=0.00, real=0.00 secs] 
2024-07-28T21:33:42.899+0800: 9.962: [CMS-concurrent-preclean-start]
2024-07-28T21:33:42.900+0800: 9.963: [CMS-concurrent-preclean: 0.001/0.001 secs] [Times: user=0.00 sys=0.00, real=0.00 secs] 
2024-07-28T21:33:42.900+0800: 9.963: [CMS-concurrent-abortable-preclean-start]
2024-07-28T21:33:43.005+0800: 10.069: Application time: 0.1096275 seconds
2024-07-28T21:33:43.006+0800: 10.069: [GC (Allocation Failure) 2024-07-28T21:33:43.006+0800: 10.069: [ParNew: 77168K->8192K(78656K), 0.0065048 secs] 404486K->363159K(627600K), 0.0065682 secs] [Times: user=0.00 sys=0.00, real=0.01 secs] 
2024-07-28T21:33:43.012+0800: 10.076: Total time for which application threads were stopped: 0.0066829 seconds, Stopping threads took: 0.0000246 seconds
2024-07-28T21:33:43.130+0800: 10.194: Application time: 0.1175886 seconds
2024-07-28T21:33:43.130+0800: 10.194: [GC (Allocation Failure) 2024-07-28T21:33:43.130+0800: 10.194: [ParNew: 77168K->8192K(78656K), 0.0123829 secs] 432135K->431768K(627600K), 0.0124438 secs] [Times: user=0.00 sys=0.00, real=0.01 secs] 
2024-07-28T21:33:43.142+0800: 10.206: Total time for which application threads were stopped: 0.0125607 seconds, Stopping threads took: 0.0000232 seconds
2024-07-28T21:33:43.142+0800: 10.206: [CMS-concurrent-abortable-preclean: 0.005/0.243 secs] [Times: user=0.03 sys=0.00, real=0.24 secs] 
2024-07-28T21:33:43.142+0800: 10.206: Application time: 0.0003409 seconds
2024-07-28T21:33:43.142+0800: 10.207: [GC (CMS Final Remark) [YG occupancy: 13679 K (78656 K)]2024-07-28T21:33:43.142+0800: 10.207: [Rescan (parallel) , 0.0005213 secs]2024-07-28T21:33:43.143+0800: 10.207: [weak refs processing, 0.0000245 secs]2024-07-28T21:33:43.143+0800: 10.207: [class unloading, 0.0002765 secs]2024-07-28T21:33:43.143+0800: 10.207: [scrub symbol table, 0.0003447 secs]2024-07-28T21:33:43.143+0800: 10.208: [scrub string table, 0.0001302 secs][1 CMS-remark: 423576K(548944K)] 437255K(627600K), 0.0013880 secs] [Times: user=0.00 sys=0.00, real=0.00 secs] 
2024-07-28T21:33:43.144+0800: 10.208: Total time for which application threads were stopped: 0.0015500 seconds, Stopping threads took: 0.0001228 seconds
2024-07-28T21:33:43.144+0800: 10.208: [CMS-concurrent-sweep-start]
2024-07-28T21:33:43.145+0800: 10.209: [CMS-concurrent-sweep: 0.001/0.001 secs] [Times: user=0.03 sys=0.00, real=0.00 secs] 
2024-07-28T21:33:43.145+0800: 10.209: [CMS-concurrent-reset-start]
2024-07-28T21:33:43.146+0800: 10.211: [CMS-concurrent-reset: 0.001/0.001 secs] [Times: user=0.00 sys=0.00, real=0.00 secs] 
2024-07-28T21:33:43.149+0800: 10.213: Application time: 0.0048785 seconds
2024-07-28T21:33:43.149+0800: 10.213: [GC (Allocation Failure) 2024-07-28T21:33:43.149+0800: 10.213: [ParNew: 77168K->8192K(78656K), 0.0127848 secs] 337926K->337558K(627600K), 0.0128297 secs] [Times: user=0.03 sys=0.00, real=0.01 secs] 
2024-07-28T21:33:43.162+0800: 10.226: Total time for which application threads were stopped: 0.0129355 seconds, Stopping threads took: 0.0000153 seconds
2024-07-28T21:33:43.162+0800: 10.226: Application time: 0.0001802 seconds
2024-07-28T21:33:43.162+0800: 10.226: [GC (CMS Initial Mark) [1 CMS-initial-mark: 329366K(548944K)] 340998K(627600K), 0.0022712 secs] [Times: user=0.00 sys=0.00, real=0.00 secs] 
2024-07-28T21:33:43.165+0800: 10.228: Total time for which application threads were stopped: 0.0023823 seconds, Stopping threads took: 0.0000678 seconds
2024-07-28T21:33:43.165+0800: 10.228: [CMS-concurrent-mark-start]
2024-07-28T21:33:43.168+0800: 10.231: [CMS-concurrent-mark: 0.002/0.002 secs] [Times: user=0.00 sys=0.00, real=0.00 secs] 
2024-07-28T21:33:43.168+0800: 10.231: [CMS-concurrent-preclean-start]
2024-07-28T21:33:43.168+0800: 10.232: [CMS-concurrent-preclean: 0.001/0.001 secs] [Times: user=0.00 sys=0.00, real=0.00 secs] 
2024-07-28T21:33:43.168+0800: 10.232: [CMS-concurrent-abortable-preclean-start]
2024-07-28T21:33:43.275+0800: 10.339: Application time: 0.1101848 seconds
2024-07-28T21:33:43.275+0800: 10.339: [GC (Allocation Failure) 2024-07-28T21:33:43.275+0800: 10.339: [ParNew: 77168K->8192K(78656K), 0.0066025 secs] 406535K->366231K(627600K), 0.0066750 secs] [Times: user=0.00 sys=0.00, real=0.01 secs] 
2024-07-28T21:33:43.282+0800: 10.345: Total time for which application threads were stopped: 0.0067849 seconds, Stopping threads took: 0.0000189 seconds
2024-07-28T21:33:43.397+0800: 10.460: Application time: 0.1147165 seconds
2024-07-28T21:33:43.397+0800: 10.460: [GC (Allocation Failure) 2024-07-28T21:33:43.397+0800: 10.460: [ParNew: 77168K->8192K(78656K), 0.0121932 secs] 435207K->434840K(627600K), 0.0122601 secs] [Times: user=0.00 sys=0.00, real=0.01 secs] 
2024-07-28T21:33:43.409+0800: 10.472: Total time for which application threads were stopped: 0.0123792 seconds, Stopping threads took: 0.0000219 seconds
2024-07-28T21:33:43.414+0800: 10.477: Application time: 0.0047467 seconds
2024-07-28T21:33:43.414+0800: 10.477: [GC (Allocation Failure) 2024-07-28T21:33:43.414+0800: 10.477: [ParNew: 77168K->8192K(78656K), 0.0123338 secs] 503816K->503449K(627600K), 0.0123848 secs] [Times: user=0.00 sys=0.00, real=0.01 secs] 
2024-07-28T21:33:43.426+0800: 10.490: Total time for which application threads were stopped: 0.0124844 seconds, Stopping threads took: 0.0000154 seconds
2024-07-28T21:33:43.426+0800: 10.490: [CMS-concurrent-abortable-preclean: 0.006/0.258 secs] [Times: user=0.03 sys=0.00, real=0.26 secs] 
2024-07-28T21:33:43.427+0800: 10.490: Application time: 0.0003417 seconds
2024-07-28T21:33:43.427+0800: 10.490: [GC (CMS Final Remark) [YG occupancy: 12655 K (78656 K)]2024-07-28T21:33:43.427+0800: 10.490: [Rescan (parallel) , 0.0008758 secs]2024-07-28T21:33:43.428+0800: 10.491: [weak refs processing, 0.0000207 secs]2024-07-28T21:33:43.428+0800: 10.491: [class unloading, 0.0002322 secs]2024-07-28T21:33:43.428+0800: 10.491: [scrub symbol table, 0.0003162 secs]2024-07-28T21:33:43.428+0800: 10.492: [scrub string table, 0.0000917 secs][1 CMS-remark: 495257K(548944K)] 507912K(627600K), 0.0016093 secs] [Times: user=0.00 sys=0.00, real=0.00 secs] 
2024-07-28T21:33:43.428+0800: 10.492: Total time for which application threads were stopped: 0.0017808 seconds, Stopping threads took: 0.0001333 seconds
2024-07-28T21:33:43.429+0800: 10.492: [CMS-concurrent-sweep-start]
2024-07-28T21:33:43.430+0800: 10.494: [CMS-concurrent-sweep: 0.002/0.002 secs] [Times: user=0.00 sys=0.00, real=0.00 secs] 
2024-07-28T21:33:43.430+0800: 10.494: [CMS-concurrent-reset-start]
2024-07-28T21:33:43.431+0800: 10.494: [CMS-concurrent-reset: 0.001/0.001 secs] [Times: user=0.00 sys=0.00, real=0.00 secs] 
2024-07-28T21:33:43.539+0800: 10.602: Application time: 0.1102685 seconds
2024-07-28T21:33:43.539+0800: 10.602: [GC (Allocation Failure) 2024-07-28T21:33:43.539+0800: 10.602: [ParNew: 77168K->8192K(78656K), 0.0078643 secs] 408583K->369303K(631016K), 0.0079242 secs] [Times: user=0.00 sys=0.00, real=0.01 secs] 
2024-07-28T21:33:43.547+0800: 10.610: Total time for which application threads were stopped: 0.0080360 seconds, Stopping threads took: 0.0000190 seconds
2024-07-28T21:33:43.547+0800: 10.610: Application time: 0.0002286 seconds
2024-07-28T21:33:43.547+0800: 10.610: [GC (CMS Initial Mark) [1 CMS-initial-mark: 361111K(552360K)] 372742K(631016K), 0.0007390 secs] [Times: user=0.00 sys=0.00, real=0.00 secs] 
2024-07-28T21:33:43.548+0800: 10.611: Total time for which application threads were stopped: 0.0008553 seconds, Stopping threads took: 0.0000744 seconds
2024-07-28T21:33:43.548+0800: 10.611: [CMS-concurrent-mark-start]
2024-07-28T21:33:43.553+0800: 10.616: [CMS-concurrent-mark: 0.005/0.005 secs] [Times: user=0.05 sys=0.00, real=0.00 secs] 
2024-07-28T21:33:43.553+0800: 10.616: [CMS-concurrent-preclean-start]
2024-07-28T21:33:43.553+0800: 10.617: [CMS-concurrent-preclean: 0.001/0.001 secs] [Times: user=0.00 sys=0.00, real=0.00 secs] 
2024-07-28T21:33:43.553+0800: 10.617: [CMS-concurrent-abortable-preclean-start]
2024-07-28T21:33:43.661+0800: 10.725: Application time: 0.1135295 seconds
2024-07-28T21:33:43.661+0800: 10.725: [GC (Allocation Failure) 2024-07-28T21:33:43.661+0800: 10.725: [ParNew: 77168K->8192K(78656K), 0.0129872 secs] 438279K->437912K(631016K), 0.0130461 secs] [Times: user=0.00 sys=0.00, real=0.01 secs] 
2024-07-28T21:33:43.674+0800: 10.738: Total time for which application threads were stopped: 0.0131618 seconds, Stopping threads took: 0.0000202 seconds
2024-07-28T21:33:43.678+0800: 10.743: Application time: 0.0047366 seconds
2024-07-28T21:33:43.678+0800: 10.743: [GC (Allocation Failure) 2024-07-28T21:33:43.678+0800: 10.743: [ParNew: 77168K->8192K(78656K), 0.0122131 secs] 506888K->506521K(631016K), 0.0123560 secs] [Times: user=0.00 sys=0.00, real=0.01 secs] 
2024-07-28T21:33:43.692+0800: 10.755: Total time for which application threads were stopped: 0.0124893 seconds, Stopping threads took: 0.0000159 seconds
2024-07-28T21:33:43.805+0800: 10.869: Application time: 0.1140314 seconds
2024-07-28T21:33:43.805+0800: 10.869: [GC (Allocation Failure) 2024-07-28T21:33:43.805+0800: 10.869: [ParNew: 77168K->8192K(78656K), 0.0068333 secs] 575497K->537241K(631016K), 0.0068939 secs] [Times: user=0.00 sys=0.00, real=0.01 secs] 
2024-07-28T21:33:43.812+0800: 10.876: Total time for which application threads were stopped: 0.0070034 seconds, Stopping threads took: 0.0000189 seconds
2024-07-28T21:33:43.812+0800: 10.876: [CMS-concurrent-abortable-preclean: 0.020/0.260 secs] [Times: user=0.05 sys=0.00, real=0.26 secs] 
2024-07-28T21:33:43.812+0800: 10.876: Application time: 0.0003262 seconds
2024-07-28T21:33:43.812+0800: 10.877: [GC (CMS Final Remark) [YG occupancy: 12655 K (78656 K)]2024-07-28T21:33:43.812+0800: 10.877: [Rescan (parallel) , 0.0009153 secs]2024-07-28T21:33:43.813+0800: 10.878: [weak refs processing, 0.0000129 secs]2024-07-28T21:33:43.813+0800: 10.878: [class unloading, 0.0002205 secs]2024-07-28T21:33:43.813+0800: 10.878: [scrub symbol table, 0.0003430 secs]2024-07-28T21:33:43.815+0800: 10.878: [scrub string table, 0.0001092 secs][1 CMS-remark: 529049K(552360K)] 541705K(631016K), 0.0016644 secs] [Times: user=0.00 sys=0.00, real=0.00 secs] 
2024-07-28T21:33:43.815+0800: 10.878: Total time for which application threads were stopped: 0.0018218 seconds, Stopping threads took: 0.0001210 seconds
2024-07-28T21:33:43.815+0800: 10.879: [CMS-concurrent-sweep-start]
2024-07-28T21:33:43.817+0800: 10.880: [CMS-concurrent-sweep: 0.002/0.002 secs] [Times: user=0.00 sys=0.00, real=0.00 secs] 
2024-07-28T21:33:43.817+0800: 10.880: [CMS-concurrent-reset-start]
2024-07-28T21:33:43.818+0800: 10.882: [CMS-concurrent-reset: 0.001/0.001 secs] [Times: user=0.03 sys=0.00, real=0.00 secs] 
2024-07-28T21:33:43.929+0800: 10.993: Application time: 0.1143374 seconds
2024-07-28T21:33:43.929+0800: 10.993: [GC (Allocation Failure) 2024-07-28T21:33:43.929+0800: 10.993: [ParNew: 77168K->8192K(78656K), 0.0123758 secs] 275461K->275093K(631016K), 0.0124429 secs] [Times: user=0.00 sys=0.00, real=0.01 secs] 
2024-07-28T21:33:43.941+0800: 11.005: Total time for which application threads were stopped: 0.0125559 seconds, Stopping threads took: 0.0000211 seconds
2024-07-28T21:33:43.941+0800: 11.005: Application time: 0.0001845 seconds
2024-07-28T21:33:43.941+0800: 11.006: [GC (CMS Initial Mark) [1 CMS-initial-mark: 266901K(552360K)] 278533K(631016K), 0.0007984 secs] [Times: user=0.00 sys=0.00, real=0.00 secs] 
2024-07-28T21:33:43.942+0800: 11.006: Total time for which application threads were stopped: 0.0009673 seconds, Stopping threads took: 0.0001266 seconds
2024-07-28T21:33:43.942+0800: 11.006: [CMS-concurrent-mark-start]
2024-07-28T21:33:43.946+0800: 11.010: [CMS-concurrent-mark: 0.004/0.004 secs] [Times: user=0.00 sys=0.00, real=0.00 secs] 
2024-07-28T21:33:43.946+0800: 11.010: [CMS-concurrent-preclean-start]
2024-07-28T21:33:43.948+0800: 11.012: [CMS-concurrent-preclean: 0.002/0.002 secs] [Times: user=0.00 sys=0.00, real=0.00 secs] 
2024-07-28T21:33:43.948+0800: 11.012: Application time: 0.0057322 seconds
2024-07-28T21:33:43.948+0800: 11.012: [GC (Allocation Failure) 2024-07-28T21:33:43.948+0800: 11.012: [ParNew: 77168K->8192K(78656K), 0.0142686 secs] 344070K->343702K(631016K), 0.0143163 secs] [Times: user=0.03 sys=0.00, real=0.01 secs] 
2024-07-28T21:33:43.962+0800: 11.027: Total time for which application threads were stopped: 0.0144192 seconds, Stopping threads took: 0.0000170 seconds
2024-07-28T21:33:43.962+0800: 11.027: Application time: 0.0001010 seconds
2024-07-28T21:33:43.962+0800: 11.027: [GC (CMS Final Remark) [YG occupancy: 11631 K (78656 K)]2024-07-28T21:33:43.962+0800: 11.027: [Rescan (parallel) , 0.0006390 secs]2024-07-28T21:33:43.963+0800: 11.027: [weak refs processing, 0.0000129 secs]2024-07-28T21:33:43.963+0800: 11.027: [class unloading, 0.0002176 secs]2024-07-28T21:33:43.963+0800: 11.028: [scrub symbol table, 0.0003084 secs]2024-07-28T21:33:43.964+0800: 11.028: [scrub string table, 0.0001045 secs][1 CMS-remark: 335510K(552360K)] 347142K(631016K), 0.0013485 secs] [Times: user=0.00 sys=0.00, real=0.00 secs] 
2024-07-28T21:33:43.964+0800: 11.028: Total time for which application threads were stopped: 0.0014721 seconds, Stopping threads took: 0.0000872 seconds
2024-07-28T21:33:43.964+0800: 11.028: [CMS-concurrent-sweep-start]
2024-07-28T21:33:43.965+0800: 11.030: [CMS-concurrent-sweep: 0.001/0.001 secs] [Times: user=0.00 sys=0.00, real=0.00 secs] 
2024-07-28T21:33:43.965+0800: 11.030: [CMS-concurrent-reset-start]
2024-07-28T21:33:43.966+0800: 11.031: [CMS-concurrent-reset: 0.001/0.001 secs] [Times: user=0.00 sys=0.00, real=0.00 secs] 
2024-07-28T21:33:44.074+0800: 11.138: Application time: 0.1094490 seconds
2024-07-28T21:33:44.074+0800: 11.138: [GC (Allocation Failure) 2024-07-28T21:33:44.074+0800: 11.138: [ParNew: 77168K->8192K(78656K), 0.0068180 secs] 245764K->208532K(631016K), 0.0068898 secs] [Times: user=0.00 sys=0.00, real=0.01 secs] 
2024-07-28T21:33:44.081+0800: 11.145: Total time for which application threads were stopped: 0.0070007 seconds, Stopping threads took: 0.0000194 seconds
2024-07-28T21:33:44.195+0800: 11.259: Application time: 0.1142174 seconds
2024-07-28T21:33:44.195+0800: 11.259: [GC (Allocation Failure) 2024-07-28T21:33:44.195+0800: 11.259: [ParNew: 77168K->8192K(78656K), 0.0123893 secs] 277509K->277141K(631016K), 0.0124524 secs] [Times: user=0.00 sys=0.00, real=0.01 secs] 
2024-07-28T21:33:44.207+0800: 11.271: Total time for which application threads were stopped: 0.0125699 seconds, Stopping threads took: 0.0000210 seconds
2024-07-28T21:33:44.212+0800: 11.276: Application time: 0.0044308 seconds
2024-07-28T21:33:44.212+0800: 11.276: [GC (Allocation Failure) 2024-07-28T21:33:44.212+0800: 11.276: [ParNew: 77168K->8192K(78656K), 0.0119858 secs] 346118K->345750K(631016K), 0.0120349 secs] [Times: user=0.03 sys=0.00, real=0.01 secs] 
2024-07-28T21:33:44.224+0800: 11.288: Total time for which application threads were stopped: 0.0121387 seconds, Stopping threads took: 0.0000178 seconds
2024-07-28T21:33:44.224+0800: 11.288: Application time: 0.0001757 seconds
2024-07-28T21:33:44.224+0800: 11.288: [GC (CMS Initial Mark) [1 CMS-initial-mark: 337558K(552360K)] 349190K(631016K), 0.0009155 secs] [Times: user=0.00 sys=0.00, real=0.00 secs] 
2024-07-28T21:33:44.225+0800: 11.289: Total time for which application threads were stopped: 0.0010981 seconds, Stopping threads took: 0.0001396 seconds
2024-07-28T21:33:44.225+0800: 11.289: [CMS-concurrent-mark-start]
2024-07-28T21:33:44.227+0800: 11.292: [CMS-concurrent-mark: 0.002/0.002 secs] [Times: user=0.00 sys=0.00, real=0.00 secs] 
2024-07-28T21:33:44.227+0800: 11.292: [CMS-concurrent-preclean-start]
2024-07-28T21:33:44.228+0800: 11.292: [CMS-concurrent-preclean: 0.001/0.001 secs] [Times: user=0.00 sys=0.00, real=0.00 secs] 
2024-07-28T21:33:44.228+0800: 11.292: [CMS-concurrent-abortable-preclean-start]
2024-07-28T21:33:44.339+0800: 11.403: Application time: 0.1139288 seconds
2024-07-28T21:33:44.339+0800: 11.403: [GC (Allocation Failure) 2024-07-28T21:33:44.339+0800: 11.403: [ParNew: 77168K->8192K(78656K), 0.0067752 secs] 414727K->378519K(631016K), 0.0068380 secs] [Times: user=0.00 sys=0.00, real=0.01 secs] 
2024-07-28T21:33:44.346+0800: 11.410: Total time for which application threads were stopped: 0.0069693 seconds, Stopping threads took: 0.0000241 seconds
2024-07-28T21:33:44.464+0800: 11.528: Application time: 0.1177570 seconds
2024-07-28T21:33:44.464+0800: 11.528: [GC (Allocation Failure) 2024-07-28T21:33:44.464+0800: 11.528: [ParNew: 77168K->8192K(78656K), 0.0122618 secs] 447496K->447128K(631016K), 0.0123218 secs] [Times: user=0.03 sys=0.00, real=0.01 secs] 
2024-07-28T21:33:44.476+0800: 11.540: Total time for which application threads were stopped: 0.0124345 seconds, Stopping threads took: 0.0000201 seconds
2024-07-28T21:33:44.481+0800: 11.545: Application time: 0.0045150 seconds
2024-07-28T21:33:44.481+0800: 11.545: [GC (Allocation Failure) 2024-07-28T21:33:44.481+0800: 11.545: [ParNew: 77168K->8192K(78656K), 0.0123042 secs] 516105K->515737K(631016K), 0.0124326 secs] [Times: user=0.03 sys=0.00, real=0.01 secs] 
2024-07-28T21:33:44.493+0800: 11.557: Total time for which application threads were stopped: 0.0125473 seconds, Stopping threads took: 0.0000157 seconds
2024-07-28T21:33:44.493+0800: 11.557: [CMS-concurrent-abortable-preclean: 0.006/0.265 secs] [Times: user=0.09 sys=0.00, real=0.27 secs] 
2024-07-28T21:33:44.493+0800: 11.558: Application time: 0.0003283 seconds
2024-07-28T21:33:44.494+0800: 11.558: [GC (CMS Final Remark) [YG occupancy: 12655 K (78656 K)]2024-07-28T21:33:44.494+0800: 11.558: [Rescan (parallel) , 0.0009405 secs]2024-07-28T21:33:44.495+0800: 11.559: [weak refs processing, 0.0000230 secs]2024-07-28T21:33:44.495+0800: 11.559: [class unloading, 0.0002406 secs]2024-07-28T21:33:44.495+0800: 11.559: [scrub symbol table, 0.0003183 secs]2024-07-28T21:33:44.495+0800: 11.559: [scrub string table, 0.0000903 secs][1 CMS-remark: 507545K(552360K)] 520201K(631016K), 0.0016840 secs] [Times: user=0.00 sys=0.00, real=0.00 secs] 
2024-07-28T21:33:44.495+0800: 11.560: Total time for which application threads were stopped: 0.0018583 seconds, Stopping threads took: 0.0001358 seconds
2024-07-28T21:33:44.496+0800: 11.560: [CMS-concurrent-sweep-start]
2024-07-28T21:33:44.497+0800: 11.561: [CMS-concurrent-sweep: 0.001/0.001 secs] [Times: user=0.00 sys=0.00, real=0.00 secs] 
2024-07-28T21:33:44.497+0800: 11.561: [CMS-concurrent-reset-start]
2024-07-28T21:33:44.498+0800: 11.562: [CMS-concurrent-reset: 0.001/0.001 secs] [Times: user=0.00 sys=0.00, real=0.00 secs] 
2024-07-28T21:33:44.607+0800: 11.670: Application time: 0.1108730 seconds
2024-07-28T21:33:44.607+0800: 11.671: [GC (Allocation Failure) 2024-07-28T21:33:44.607+0800: 11.671: [ParNew: 77168K->8192K(78656K), 0.0075250 secs] 416775K->381591K(644668K), 0.0075939 secs] [Times: user=0.03 sys=0.00, real=0.01 secs] 
2024-07-28T21:33:44.614+0800: 11.678: Total time for which application threads were stopped: 0.0077170 seconds, Stopping threads took: 0.0000235 seconds
2024-07-28T21:33:44.615+0800: 11.678: Application time: 0.0002467 seconds
2024-07-28T21:33:44.615+0800: 11.679: [GC (CMS Initial Mark) [1 CMS-initial-mark: 373399K(566012K)] 385031K(644668K), 0.0007584 secs] [Times: user=0.00 sys=0.00, real=0.00 secs] 
2024-07-28T21:33:44.616+0800: 11.679: Total time for which application threads were stopped: 0.0009129 seconds, Stopping threads took: 0.0001101 seconds
2024-07-28T21:33:44.616+0800: 11.679: [CMS-concurrent-mark-start]
2024-07-28T21:33:44.620+0800: 11.684: [CMS-concurrent-mark: 0.004/0.004 secs] [Times: user=0.00 sys=0.00, real=0.00 secs] 
2024-07-28T21:33:44.620+0800: 11.684: [CMS-concurrent-preclean-start]
2024-07-28T21:33:44.621+0800: 11.685: [CMS-concurrent-preclean: 0.001/0.001 secs] [Times: user=0.00 sys=0.00, real=0.00 secs] 
2024-07-28T21:33:44.621+0800: 11.685: [CMS-concurrent-abortable-preclean-start]
2024-07-28T21:33:44.732+0800: 11.795: Application time: 0.1158743 seconds
2024-07-28T21:33:44.732+0800: 11.795: [GC (Allocation Failure) 2024-07-28T21:33:44.732+0800: 11.795: [ParNew: 77168K->8192K(78656K), 0.0174049 secs] 450568K->450200K(644668K), 0.0174726 secs] [Times: user=0.03 sys=0.00, real=0.02 secs] 
2024-07-28T21:33:44.749+0800: 11.813: Total time for which application threads were stopped: 0.0176254 seconds, Stopping threads took: 0.0000427 seconds
2024-07-28T21:33:44.754+0800: 11.817: Application time: 0.0045195 seconds
2024-07-28T21:33:44.754+0800: 11.817: [GC (Allocation Failure) 2024-07-28T21:33:44.754+0800: 11.817: [ParNew: 77168K->8192K(78656K), 0.0126346 secs] 519177K->518809K(644668K), 0.0126838 secs] [Times: user=0.13 sys=0.00, real=0.01 secs] 
2024-07-28T21:33:44.767+0800: 11.830: Total time for which application threads were stopped: 0.0127818 seconds, Stopping threads took: 0.0000149 seconds
2024-07-28T21:33:44.889+0800: 11.952: Application time: 0.1221364 seconds
2024-07-28T21:33:44.889+0800: 11.952: [GC (Allocation Failure) 2024-07-28T21:33:44.889+0800: 11.952: [ParNew: 77168K->8192K(78656K), 0.0076342 secs] 587786K->553626K(644668K), 0.0076991 secs] [Times: user=0.03 sys=0.00, real=0.01 secs] 
2024-07-28T21:33:44.897+0800: 11.960: Total time for which application threads were stopped: 0.0078175 seconds, Stopping threads took: 0.0000231 seconds
2024-07-28T21:33:45.011+0800: 12.074: [CMS-concurrent-abortable-preclean: 0.008/0.390 secs] [Times: user=0.19 sys=0.00, real=0.39 secs] 
2024-07-28T21:33:45.011+0800: 12.075: Application time: 0.1145907 seconds
2024-07-28T21:33:45.011+0800: 12.075: [GC (CMS Final Remark) [YG occupancy: 74096 K (78656 K)]2024-07-28T21:33:45.011+0800: 12.075: [Rescan (parallel) , 0.0009929 secs]2024-07-28T21:33:45.012+0800: 12.076: [weak refs processing, 0.0000143 secs]2024-07-28T21:33:45.012+0800: 12.076: [class unloading, 0.0002161 secs]2024-07-28T21:33:45.012+0800: 12.076: [scrub symbol table, 0.0003422 secs]2024-07-28T21:33:45.012+0800: 12.076: [scrub string table, 0.0001125 secs][1 CMS-remark: 545433K(566012K)] 619530K(644668K), 0.0017665 secs] [Times: user=0.00 sys=0.00, real=0.00 secs] 
2024-07-28T21:33:45.012+0800: 12.077: Total time for which application threads were stopped: 0.0019173 seconds, Stopping threads took: 0.0001026 seconds
2024-07-28T21:33:45.013+0800: 12.077: [CMS-concurrent-sweep-start]
2024-07-28T21:33:45.013+0800: 12.077: Application time: 0.0003891 seconds
2024-07-28T21:33:45.013+0800: 12.077: [GC (Allocation Failure) 2024-07-28T21:33:45.013+0800: 12.077: [ParNew: 77168K->8192K(78656K), 0.0248755 secs] 607242K->606874K(678592K), 0.0249235 secs] [Times: user=0.06 sys=0.00, real=0.03 secs] 
2024-07-28T21:33:45.038+0800: 12.102: Total time for which application threads were stopped: 0.0250243 seconds, Stopping threads took: 0.0000168 seconds
2024-07-28T21:33:45.040+0800: 12.104: [CMS-concurrent-sweep: 0.002/0.027 secs] [Times: user=0.06 sys=0.00, real=0.03 secs] 
2024-07-28T21:33:45.040+0800: 12.104: [CMS-concurrent-reset-start]
2024-07-28T21:33:45.041+0800: 12.105: [CMS-concurrent-reset: 0.001/0.001 secs] [Times: user=0.00 sys=0.00, real=0.00 secs] 
2024-07-28T21:33:45.043+0800: 12.108: Application time: 0.0056358 seconds
2024-07-28T21:33:45.043+0800: 12.108: [GC (Allocation Failure) 2024-07-28T21:33:45.043+0800: 12.108: [ParNew: 77168K->8192K(78656K), 0.0122377 secs] 352262K->351894K(678592K), 0.0122900 secs] [Times: user=0.03 sys=0.00, real=0.01 secs] 
2024-07-28T21:33:45.056+0800: 12.120: Total time for which application threads were stopped: 0.0123948 seconds, Stopping threads took: 0.0000172 seconds
2024-07-28T21:33:45.056+0800: 12.120: Application time: 0.0002526 seconds
2024-07-28T21:33:45.056+0800: 12.120: [GC (CMS Initial Mark) [1 CMS-initial-mark: 343702K(599936K)] 355334K(678592K), 0.0007998 secs] [Times: user=0.00 sys=0.00, real=0.00 secs] 
2024-07-28T21:33:45.057+0800: 12.121: Total time for which application threads were stopped: 0.0009046 seconds, Stopping threads took: 0.0000625 seconds
2024-07-28T21:33:45.057+0800: 12.121: [CMS-concurrent-mark-start]
2024-07-28T21:33:45.059+0800: 12.123: [CMS-concurrent-mark: 0.002/0.002 secs] [Times: user=0.00 sys=0.00, real=0.00 secs] 
2024-07-28T21:33:45.059+0800: 12.123: [CMS-concurrent-preclean-start]
2024-07-28T21:33:45.060+0800: 12.124: [CMS-concurrent-preclean: 0.001/0.001 secs] [Times: user=0.00 sys=0.00, real=0.00 secs] 
2024-07-28T21:33:45.060+0800: 12.124: [CMS-concurrent-abortable-preclean-start]
2024-07-28T21:33:45.171+0800: 12.235: Application time: 0.1140261 seconds
2024-07-28T21:33:45.171+0800: 12.235: [GC (Allocation Failure) 2024-07-28T21:33:45.171+0800: 12.235: [ParNew: 77168K->8192K(78656K), 0.0075251 secs] 420871K->387735K(678592K), 0.0075854 secs] [Times: user=0.03 sys=0.00, real=0.01 secs] 
2024-07-28T21:33:45.179+0800: 12.243: Total time for which application threads were stopped: 0.0077006 seconds, Stopping threads took: 0.0000207 seconds
2024-07-28T21:33:45.295+0800: 12.360: Application time: 0.1165899 seconds
2024-07-28T21:33:45.295+0800: 12.360: [GC (Allocation Failure) 2024-07-28T21:33:45.296+0800: 12.360: [ParNew: 77168K->8192K(78656K), 0.0121301 secs] 456712K->456344K(678592K), 0.0121951 secs] [Times: user=0.03 sys=0.00, real=0.01 secs] 
2024-07-28T21:33:45.308+0800: 12.372: Total time for which application threads were stopped: 0.0123072 seconds, Stopping threads took: 0.0000199 seconds
2024-07-28T21:33:45.308+0800: 12.372: [CMS-concurrent-abortable-preclean: 0.006/0.248 secs] [Times: user=0.06 sys=0.00, real=0.25 secs] 
2024-07-28T21:33:45.308+0800: 12.372: Application time: 0.0003190 seconds
2024-07-28T21:33:45.308+0800: 12.372: [GC (CMS Final Remark) [YG occupancy: 13679 K (78656 K)]2024-07-28T21:33:45.308+0800: 12.372: [Rescan (parallel) , 0.0009997 secs]2024-07-28T21:33:45.309+0800: 12.373: [weak refs processing, 0.0000127 secs]2024-07-28T21:33:45.309+0800: 12.373: [class unloading, 0.0002214 secs]2024-07-28T21:33:45.309+0800: 12.374: [scrub symbol table, 0.0004317 secs]2024-07-28T21:33:45.310+0800: 12.374: [scrub string table, 0.0000921 secs][1 CMS-remark: 448152K(599936K)] 461832K(678592K), 0.0018276 secs] [Times: user=0.00 sys=0.00, real=0.00 secs] 
2024-07-28T21:33:45.310+0800: 12.374: Total time for which application threads were stopped: 0.0020041 seconds, Stopping threads took: 0.0001386 seconds
2024-07-28T21:33:45.310+0800: 12.374: [CMS-concurrent-sweep-start]
2024-07-28T21:33:45.312+0800: 12.376: [CMS-concurrent-sweep: 0.002/0.002 secs] [Times: user=0.00 sys=0.00, real=0.00 secs] 
2024-07-28T21:33:45.312+0800: 12.376: [CMS-concurrent-reset-start]
2024-07-28T21:33:45.313+0800: 12.377: [CMS-concurrent-reset: 0.001/0.001 secs] [Times: user=0.00 sys=0.00, real=0.00 secs] 
2024-07-28T21:33:45.315+0800: 12.379: Application time: 0.0047485 seconds
2024-07-28T21:33:45.315+0800: 12.379: [GC (Allocation Failure) 2024-07-28T21:33:45.315+0800: 12.379: [ParNew: 77168K->8192K(78656K), 0.0126904 secs] 354310K->353943K(678592K), 0.0127334 secs] [Times: user=0.03 sys=0.00, real=0.01 secs] 
2024-07-28T21:33:45.328+0800: 12.392: Total time for which application threads were stopped: 0.0128427 seconds, Stopping threads took: 0.0000146 seconds
2024-07-28T21:33:45.328+0800: 12.392: Application time: 0.0001529 seconds
2024-07-28T21:33:45.328+0800: 12.392: [GC (CMS Initial Mark) [1 CMS-initial-mark: 345750K(599936K)] 354967K(678592K), 0.0004424 secs] [Times: user=0.00 sys=0.00, real=0.00 secs] 
2024-07-28T21:33:45.328+0800: 12.393: Total time for which application threads were stopped: 0.0005824 seconds, Stopping threads took: 0.0000968 seconds
2024-07-28T21:33:45.328+0800: 12.393: [CMS-concurrent-mark-start]
2024-07-28T21:33:45.331+0800: 12.395: [CMS-concurrent-mark: 0.002/0.002 secs] [Times: user=0.00 sys=0.00, real=0.00 secs] 
2024-07-28T21:33:45.331+0800: 12.395: [CMS-concurrent-preclean-start]
2024-07-28T21:33:45.331+0800: 12.396: [CMS-concurrent-preclean: 0.001/0.001 secs] [Times: user=0.00 sys=0.00, real=0.00 secs] 
2024-07-28T21:33:45.331+0800: 12.396: [CMS-concurrent-abortable-preclean-start]
2024-07-28T21:33:45.439+0800: 12.503: Application time: 0.1107317 seconds
2024-07-28T21:33:45.439+0800: 12.503: [GC (Allocation Failure) 2024-07-28T21:33:45.439+0800: 12.503: [ParNew: 77168K->8192K(78656K), 0.0078780 secs] 422919K->390807K(678592K), 0.0079389 secs] [Times: user=0.03 sys=0.00, real=0.01 secs] 
2024-07-28T21:33:45.447+0800: 12.511: Total time for which application threads were stopped: 0.0080530 seconds, Stopping threads took: 0.0000212 seconds
2024-07-28T21:33:45.563+0800: 12.627: Application time: 0.1159501 seconds
2024-07-28T21:33:45.563+0800: 12.627: [GC (Allocation Failure) 2024-07-28T21:33:45.563+0800: 12.627: [ParNew: 77168K->8192K(78656K), 0.0124700 secs] 459784K->459416K(678592K), 0.0125437 secs] [Times: user=0.03 sys=0.00, real=0.01 secs] 
2024-07-28T21:33:45.576+0800: 12.640: Total time for which application threads were stopped: 0.0126683 seconds, Stopping threads took: 0.0000198 seconds
2024-07-28T21:33:45.576+0800: 12.640: [CMS-concurrent-abortable-preclean: 0.006/0.244 secs] [Times: user=0.06 sys=0.00, real=0.24 secs] 
2024-07-28T21:33:45.576+0800: 12.640: Application time: 0.0003286 seconds
2024-07-28T21:33:45.576+0800: 12.640: [GC (CMS Final Remark) [YG occupancy: 12655 K (78656 K)]2024-07-28T21:33:45.576+0800: 12.640: [Rescan (parallel) , 0.0007477 secs]2024-07-28T21:33:45.577+0800: 12.641: [weak refs processing, 0.0000130 secs]2024-07-28T21:33:45.577+0800: 12.641: [class unloading, 0.0002310 secs]2024-07-28T21:33:45.577+0800: 12.641: [scrub symbol table, 0.0003788 secs]2024-07-28T21:33:45.578+0800: 12.642: [scrub string table, 0.0000974 secs][1 CMS-remark: 451224K(599936K)] 463880K(678592K), 0.0015401 secs] [Times: user=0.00 sys=0.00, real=0.00 secs] 
2024-07-28T21:33:45.578+0800: 12.642: Total time for which application threads were stopped: 0.0017148 seconds, Stopping threads took: 0.0001371 seconds
2024-07-28T21:33:45.578+0800: 12.642: [CMS-concurrent-sweep-start]
2024-07-28T21:33:45.580+0800: 12.644: [CMS-concurrent-sweep: 0.001/0.001 secs] [Times: user=0.00 sys=0.00, real=0.00 secs] 
2024-07-28T21:33:45.580+0800: 12.644: [CMS-concurrent-reset-start]
2024-07-28T21:33:45.581+0800: 12.645: [CMS-concurrent-reset: 0.001/0.001 secs] [Times: user=0.00 sys=0.00, real=0.00 secs] 
2024-07-28T21:33:45.583+0800: 12.647: Application time: 0.0048989 seconds
2024-07-28T21:33:45.583+0800: 12.647: [GC (Allocation Failure) 2024-07-28T21:33:45.583+0800: 12.647: [ParNew: 77168K->8192K(78656K), 0.0131847 secs] 356358K->355991K(678592K), 0.0132324 secs] [Times: user=0.00 sys=0.00, real=0.01 secs] 
2024-07-28T21:33:45.596+0800: 12.660: Total time for which application threads were stopped: 0.0133287 seconds, Stopping threads took: 0.0000138 seconds
2024-07-28T21:33:45.596+0800: 12.660: Application time: 0.0002273 seconds
2024-07-28T21:33:45.597+0800: 12.661: [GC (CMS Initial Mark) [1 CMS-initial-mark: 347798K(599936K)] 359430K(678592K), 0.0008083 secs] [Times: user=0.00 sys=0.00, real=0.00 secs] 
2024-07-28T21:33:45.597+0800: 12.661: Total time for which application threads were stopped: 0.0010002 seconds, Stopping threads took: 0.0001506 seconds
2024-07-28T21:33:45.597+0800: 12.662: [CMS-concurrent-mark-start]
2024-07-28T21:33:45.599+0800: 12.663: [CMS-concurrent-mark: 0.002/0.002 secs] [Times: user=0.01 sys=0.00, real=0.00 secs] 
2024-07-28T21:33:45.599+0800: 12.663: [CMS-concurrent-preclean-start]
2024-07-28T21:33:45.600+0800: 12.664: [CMS-concurrent-preclean: 0.001/0.001 secs] [Times: user=0.00 sys=0.00, real=0.00 secs] 
2024-07-28T21:33:45.600+0800: 12.664: [CMS-concurrent-abortable-preclean-start]
2024-07-28T21:33:45.708+0800: 12.772: Application time: 0.1103709 seconds
2024-07-28T21:33:45.708+0800: 12.772: [GC (Allocation Failure) 2024-07-28T21:33:45.708+0800: 12.772: [ParNew: 77168K->8192K(78656K), 0.0079190 secs] 424967K->393879K(678592K), 0.0079787 secs] [Times: user=0.00 sys=0.00, real=0.01 secs] 
2024-07-28T21:33:45.716+0800: 12.780: Total time for which application threads were stopped: 0.0080872 seconds, Stopping threads took: 0.0000191 seconds
2024-07-28T21:33:45.832+0800: 12.897: Application time: 0.1166697 seconds
2024-07-28T21:33:45.832+0800: 12.897: [GC (Allocation Failure) 2024-07-28T21:33:45.832+0800: 12.897: [ParNew: 77168K->8192K(78656K), 0.0124200 secs] 462856K->462488K(678592K), 0.0124795 secs] [Times: user=0.00 sys=0.00, real=0.01 secs] 
2024-07-28T21:33:45.845+0800: 12.909: Total time for which application threads were stopped: 0.0125906 seconds, Stopping threads took: 0.0000200 seconds
2024-07-28T21:33:45.845+0800: 12.909: [CMS-concurrent-abortable-preclean: 0.006/0.245 secs] [Times: user=0.05 sys=0.00, real=0.25 secs] 
2024-07-28T21:33:45.845+0800: 12.909: Application time: 0.0003112 seconds
2024-07-28T21:33:45.845+0800: 12.910: [GC (CMS Final Remark) [YG occupancy: 12655 K (78656 K)]2024-07-28T21:33:45.845+0800: 12.910: [Rescan (parallel) , 0.0008319 secs]2024-07-28T21:33:45.846+0800: 12.911: [weak refs processing, 0.0000128 secs]2024-07-28T21:33:45.846+0800: 12.911: [class unloading, 0.0002806 secs]2024-07-28T21:33:45.847+0800: 12.911: [scrub symbol table, 0.0003433 secs]2024-07-28T21:33:45.847+0800: 12.911: [scrub string table, 0.0000919 secs][1 CMS-remark: 454296K(599936K)] 466952K(678592K), 0.0016390 secs] [Times: user=0.00 sys=0.00, real=0.00 secs] 
2024-07-28T21:33:45.847+0800: 12.911: Total time for which application threads were stopped: 0.0018140 seconds, Stopping threads took: 0.0001293 seconds
2024-07-28T21:33:45.847+0800: 12.912: [CMS-concurrent-sweep-start]
2024-07-28T21:33:45.849+0800: 12.913: [CMS-concurrent-sweep: 0.001/0.001 secs] [Times: user=0.03 sys=0.00, real=0.00 secs] 
2024-07-28T21:33:45.849+0800: 12.913: [CMS-concurrent-reset-start]
2024-07-28T21:33:45.850+0800: 12.914: [CMS-concurrent-reset: 0.001/0.001 secs] [Times: user=0.00 sys=0.00, real=0.00 secs] 
2024-07-28T21:33:45.852+0800: 12.916: Application time: 0.0048239 seconds
2024-07-28T21:33:45.852+0800: 12.916: [GC (Allocation Failure) 2024-07-28T21:33:45.852+0800: 12.916: [ParNew: 77168K->8192K(78656K), 0.0125634 secs] 358406K->358039K(678592K), 0.0126110 secs] [Times: user=0.03 sys=0.00, real=0.01 secs] 
2024-07-28T21:33:45.865+0800: 12.929: Total time for which application threads were stopped: 0.0127179 seconds, Stopping threads took: 0.0000134 seconds
2024-07-28T21:33:45.865+0800: 12.929: Application time: 0.0002366 seconds
2024-07-28T21:33:45.865+0800: 12.929: [GC (CMS Initial Mark) [1 CMS-initial-mark: 349846K(599936K)] 361478K(678592K), 0.0007495 secs] [Times: user=0.00 sys=0.00, real=0.00 secs] 
2024-07-28T21:33:45.866+0800: 12.930: Total time for which application threads were stopped: 0.0009404 seconds, Stopping threads took: 0.0001490 seconds
2024-07-28T21:33:45.866+0800: 12.930: [CMS-concurrent-mark-start]
2024-07-28T21:33:45.868+0800: 12.932: [CMS-concurrent-mark: 0.002/0.002 secs] [Times: user=0.00 sys=0.00, real=0.00 secs] 
2024-07-28T21:33:45.868+0800: 12.932: [CMS-concurrent-preclean-start]
2024-07-28T21:33:45.869+0800: 12.933: [CMS-concurrent-preclean: 0.001/0.001 secs] [Times: user=0.00 sys=0.00, real=0.00 secs] 
2024-07-28T21:33:45.869+0800: 12.933: [CMS-concurrent-abortable-preclean-start]
2024-07-28T21:33:45.976+0800: 13.040: Application time: 0.1096102 seconds
2024-07-28T21:33:45.976+0800: 13.040: [GC (Allocation Failure) 2024-07-28T21:33:45.976+0800: 13.040: [ParNew: 77168K->8192K(78656K), 0.0083817 secs] 427015K->396951K(678592K), 0.0084407 secs] [Times: user=0.00 sys=0.00, real=0.01 secs] 
2024-07-28T21:33:45.985+0800: 13.048: Total time for which application threads were stopped: 0.0085512 seconds, Stopping threads took: 0.0000194 seconds
2024-07-28T21:33:46.100+0800: 13.164: Application time: 0.1156651 seconds
2024-07-28T21:33:46.100+0800: 13.164: [GC (Allocation Failure) 2024-07-28T21:33:46.100+0800: 13.164: [ParNew: 77168K->8192K(78656K), 0.0125568 secs] 465928K->465560K(678592K), 0.0126352 secs] [Times: user=0.00 sys=0.00, real=0.01 secs] 
2024-07-28T21:33:46.112+0800: 13.177: Total time for which application threads were stopped: 0.0127561 seconds, Stopping threads took: 0.0000236 seconds
2024-07-28T21:33:46.112+0800: 13.177: [CMS-concurrent-abortable-preclean: 0.006/0.244 secs] [Times: user=0.03 sys=0.00, real=0.24 secs] 
2024-07-28T21:33:46.113+0800: 13.177: Application time: 0.0003023 seconds
2024-07-28T21:33:46.113+0800: 13.177: [GC (CMS Final Remark) [YG occupancy: 12655 K (78656 K)]2024-07-28T21:33:46.113+0800: 13.177: [Rescan (parallel) , 0.0009657 secs]2024-07-28T21:33:46.115+0800: 13.178: [weak refs processing, 0.0000130 secs]2024-07-28T21:33:46.115+0800: 13.178: [class unloading, 0.0002247 secs]2024-07-28T21:33:46.115+0800: 13.178: [scrub symbol table, 0.0002998 secs]2024-07-28T21:33:46.115+0800: 13.179: [scrub string table, 0.0001038 secs][1 CMS-remark: 457368K(599936K)] 470024K(678592K), 0.0016717 secs] [Times: user=0.00 sys=0.00, real=0.00 secs] 
2024-07-28T21:33:46.115+0800: 13.179: Total time for which application threads were stopped: 0.0018736 seconds, Stopping threads took: 0.0001640 seconds
2024-07-28T21:33:46.116+0800: 13.179: [CMS-concurrent-sweep-start]
2024-07-28T21:33:46.117+0800: 13.181: [CMS-concurrent-sweep: 0.002/0.002 secs] [Times: user=0.00 sys=0.00, real=0.00 secs] 
2024-07-28T21:33:46.118+0800: 13.181: [CMS-concurrent-reset-start]
2024-07-28T21:33:46.119+0800: 13.182: [CMS-concurrent-reset: 0.001/0.001 secs] [Times: user=0.00 sys=0.00, real=0.00 secs] 
2024-07-28T21:33:46.119+0800: 13.184: Application time: 0.0049085 seconds
2024-07-28T21:33:46.119+0800: 13.184: [GC (Allocation Failure) 2024-07-28T21:33:46.119+0800: 13.184: [ParNew: 77168K->8192K(78656K), 0.0123469 secs] 360454K->360087K(678592K), 0.0123944 secs] [Times: user=0.03 sys=0.00, real=0.01 secs] 
2024-07-28T21:33:46.132+0800: 13.196: Total time for which application threads were stopped: 0.0124893 seconds, Stopping threads took: 0.0000136 seconds
2024-07-28T21:33:46.132+0800: 13.196: Application time: 0.0002241 seconds
2024-07-28T21:33:46.132+0800: 13.197: [GC (CMS Initial Mark) [1 CMS-initial-mark: 351894K(599936K)] 363526K(678592K), 0.0008676 secs] [Times: user=0.00 sys=0.00, real=0.00 secs] 
2024-07-28T21:33:46.133+0800: 13.197: Total time for which application threads were stopped: 0.0009988 seconds, Stopping threads took: 0.0000899 seconds
2024-07-28T21:33:46.133+0800: 13.198: [CMS-concurrent-mark-start]
2024-07-28T21:33:46.135+0800: 13.199: [CMS-concurrent-mark: 0.002/0.002 secs] [Times: user=0.00 sys=0.00, real=0.00 secs] 
2024-07-28T21:33:46.135+0800: 13.199: [CMS-concurrent-preclean-start]
2024-07-28T21:33:46.136+0800: 13.200: [CMS-concurrent-preclean: 0.001/0.001 secs] [Times: user=0.00 sys=0.00, real=0.00 secs] 
2024-07-28T21:33:46.136+0800: 13.200: [CMS-concurrent-abortable-preclean-start]
2024-07-28T21:33:46.243+0800: 13.307: Application time: 0.1095513 seconds
2024-07-28T21:33:46.243+0800: 13.307: [GC (Allocation Failure) 2024-07-28T21:33:46.243+0800: 13.307: [ParNew: 77168K->8192K(78656K), 0.0079880 secs] 429063K->400023K(678592K), 0.0080468 secs] [Times: user=0.00 sys=0.00, real=0.01 secs] 
2024-07-28T21:33:46.251+0800: 13.315: Total time for which application threads were stopped: 0.0081545 seconds, Stopping threads took: 0.0000196 seconds
2024-07-28T21:33:46.368+0800: 13.432: Application time: 0.1171057 seconds
2024-07-28T21:33:46.369+0800: 13.432: [GC (Allocation Failure) 2024-07-28T21:33:46.369+0800: 13.432: [ParNew: 77168K->8192K(78656K), 0.0124537 secs] 469000K->468632K(678592K), 0.0125177 secs] [Times: user=0.03 sys=0.00, real=0.01 secs] 
2024-07-28T21:33:46.381+0800: 13.445: Total time for which application threads were stopped: 0.0126455 seconds, Stopping threads took: 0.0000179 seconds
2024-07-28T21:33:46.381+0800: 13.445: [CMS-concurrent-abortable-preclean: 0.006/0.245 secs] [Times: user=0.05 sys=0.00, real=0.25 secs] 
2024-07-28T21:33:46.381+0800: 13.445: Application time: 0.0003274 seconds
2024-07-28T21:33:46.382+0800: 13.445: [GC (CMS Final Remark) [YG occupancy: 13679 K (78656 K)]2024-07-28T21:33:46.382+0800: 13.445: [Rescan (parallel) , 0.0010047 secs]2024-07-28T21:33:46.383+0800: 13.446: [weak refs processing, 0.0000197 secs]2024-07-28T21:33:46.383+0800: 13.446: [class unloading, 0.0002135 secs]2024-07-28T21:33:46.383+0800: 13.447: [scrub symbol table, 0.0003137 secs]2024-07-28T21:33:46.383+0800: 13.447: [scrub string table, 0.0001027 secs][1 CMS-remark: 460440K(599936K)] 474120K(678592K), 0.0017311 secs] [Times: user=0.00 sys=0.00, real=0.00 secs] 
2024-07-28T21:33:46.383+0800: 13.447: Total time for which application threads were stopped: 0.0018646 seconds, Stopping threads took: 0.0000960 seconds
2024-07-28T21:33:46.383+0800: 13.447: [CMS-concurrent-sweep-start]
2024-07-28T21:33:46.385+0800: 13.449: [CMS-concurrent-sweep: 0.001/0.001 secs] [Times: user=0.00 sys=0.00, real=0.00 secs] 
2024-07-28T21:33:46.385+0800: 13.449: [CMS-concurrent-reset-start]
2024-07-28T21:33:46.386+0800: 13.450: [CMS-concurrent-reset: 0.001/0.001 secs] [Times: user=0.00 sys=0.00, real=0.00 secs] 
2024-07-28T21:33:46.388+0800: 13.452: Application time: 0.0047825 seconds
2024-07-28T21:33:46.388+0800: 13.452: [GC (Allocation Failure) 2024-07-28T21:33:46.388+0800: 13.452: [ParNew: 77168K->8192K(78656K), 0.0126332 secs] 362502K->362135K(678592K), 0.0126850 secs] [Times: user=0.03 sys=0.00, real=0.01 secs] 
2024-07-28T21:33:46.401+0800: 13.465: Total time for which application threads were stopped: 0.0127790 seconds, Stopping threads took: 0.0000133 seconds
2024-07-28T21:33:46.401+0800: 13.465: Application time: 0.0002419 seconds
2024-07-28T21:33:46.401+0800: 13.465: [GC (CMS Initial Mark) [1 CMS-initial-mark: 353943K(599936K)] 365574K(678592K), 0.0007772 secs] [Times: user=0.00 sys=0.00, real=0.00 secs] 
2024-07-28T21:33:46.402+0800: 13.466: Total time for which application threads were stopped: 0.0009650 seconds, Stopping threads took: 0.0001422 seconds
2024-07-28T21:33:46.402+0800: 13.466: [CMS-concurrent-mark-start]
2024-07-28T21:33:46.404+0800: 13.468: [CMS-concurrent-mark: 0.002/0.002 secs] [Times: user=0.00 sys=0.00, real=0.00 secs] 
2024-07-28T21:33:46.404+0800: 13.468: [CMS-concurrent-preclean-start]
2024-07-28T21:33:46.405+0800: 13.469: [CMS-concurrent-preclean: 0.001/0.001 secs] [Times: user=0.00 sys=0.00, real=0.00 secs] 
2024-07-28T21:33:46.405+0800: 13.469: [CMS-concurrent-abortable-preclean-start]
Heap
 par new generation   total 78656K, used 29415K [0x00000000c8000000, 0x00000000cd550000, 0x00000000daaa0000)
  eden space 69952K,  30% used [0x00000000c8000000, 0x00000000c94b9d50, 0x00000000cc450000)
  from space 8704K,  94% used [0x00000000cccd0000, 0x00000000cd4d0080, 0x00000000cd550000)
  to   space 8704K,   0% used [0x00000000cc450000, 0x00000000cc450000, 0x00000000cccd0000)
 concurrent mark-sweep generation total 599936K, used 353943K [0x00000000daaa0000, 0x00000000ff480000, 0x0000000100000000)
 Metaspace       used 3005K, capacity 4486K, committed 4864K, reserved 1056768K
  class space    used 310K, capacity 386K, committed 512K, reserved 1048576K
2024-07-28T21:33:46.509+0800: 13.572: Application time: 0.1065426 seconds
