OpenJDK 64-Bit Server VM (25.412-b1) for windows-amd64 JRE (1.8.0_412-b1), built on Apr 23 2024 12:00:37 by "Administrator" with MS VC++ 10.0 (VS2010)
Memory: 4k page, physical 16672068k(5680788k free), swap 19933956k(3759588k free)
CommandLine flags: -XX:CMSFullGCsBeforeCompaction=10 -XX:GCDrainStackTargetSize=64 -XX:InitialHeapSize=266753088 -XX:MaxHeapSize=939524096 -XX:MaxNewSize=313176064 -XX:MaxTenuringThreshold=6 -XX:OldPLABSize=16 -XX:+PrintGC -XX:+PrintGCApplicationConcurrentTime -XX:+PrintGCApplicationStoppedTime -XX:+PrintGCDateStamps -XX:+PrintGCDetails -XX:+PrintGCTimeStamps -XX:+UseCMSCompactAtFullCollection -XX:+UseCompressedClassPointers -XX:+UseCompressedOops -XX:+UseConcMarkSweepGC -XX:-UseLargePagesIndividualAllocation -XX:+UseParNewGC 
2024-07-28T21:33:46.699+0800: 0.114: Application time: 0.0367273 seconds
2024-07-28T21:33:46.699+0800: 0.114: [GC (Allocation Failure) 2024-07-28T21:33:46.699+0800: 0.114: [ParNew: 68984K->7899K(78656K), 0.0366324 secs] 68984K->68318K(253440K), 0.0368026 secs] [Times: user=0.05 sys=0.01, real=0.04 secs] 
2024-07-28T21:33:46.736+0800: 0.151: Total time for which application threads were stopped: 0.0369408 seconds, Stopping threads took: 0.0000202 seconds
2024-07-28T21:33:46.858+0800: 0.272: Application time: 0.1212641 seconds
2024-07-28T21:33:46.858+0800: 0.272: [GC (Allocation Failure) 2024-07-28T21:33:46.858+0800: 0.272: [ParNew: 76869K->8539K(78656K), 0.0295024 secs] 137288K->137194K(253440K), 0.0295616 secs] [Times: user=0.06 sys=0.05, real=0.03 secs] 
2024-07-28T21:33:46.887+0800: 0.302: Total time for which application threads were stopped: 0.0296763 seconds, Stopping threads took: 0.0000195 seconds
2024-07-28T21:33:46.887+0800: 0.302: Application time: 0.0002197 seconds
2024-07-28T21:33:46.887+0800: 0.302: [GC (CMS Initial Mark) [1 CMS-initial-mark: 128655K(174784K)] 140621K(253440K), 0.0007319 secs] [Times: user=0.00 sys=0.00, real=0.00 secs] 
2024-07-28T21:33:46.888+0800: 0.303: Total time for which application threads were stopped: 0.0008408 seconds, Stopping threads took: 0.0000614 seconds
2024-07-28T21:33:46.888+0800: 0.303: [CMS-concurrent-mark-start]
2024-07-28T21:33:46.891+0800: 0.306: [CMS-concurrent-mark: 0.003/0.003 secs] [Times: user=0.00 sys=0.00, real=0.00 secs] 
2024-07-28T21:33:46.891+0800: 0.306: [CMS-concurrent-preclean-start]
2024-07-28T21:33:46.892+0800: 0.308: [CMS-concurrent-preclean: 0.001/0.001 secs] [Times: user=0.00 sys=0.00, real=0.00 secs] 
2024-07-28T21:33:46.892+0800: 0.308: [CMS-concurrent-abortable-preclean-start]
2024-07-28T21:33:46.996+0800: 0.410: Application time: 0.1072452 seconds
2024-07-28T21:33:46.996+0800: 0.410: [GC (Allocation Failure) 2024-07-28T21:33:46.996+0800: 0.410: [ParNew: 77503K->14K(78656K), 0.0013297 secs] 206158K->128672K(253440K), 0.0013896 secs] [Times: user=0.00 sys=0.00, real=0.00 secs] 
2024-07-28T21:33:46.997+0800: 0.412: Total time for which application threads were stopped: 0.0015149 seconds, Stopping threads took: 0.0000270 seconds
2024-07-28T21:33:47.001+0800: 0.416: Application time: 0.0044471 seconds
2024-07-28T21:33:47.001+0800: 0.416: [GC (Allocation Failure) 2024-07-28T21:33:47.001+0800: 0.416: [ParNew: 68983K->8196K(78656K), 0.0311263 secs] 197640K->197271K(268860K), 0.0311889 secs] [Times: user=0.03 sys=0.05, real=0.03 secs] 
2024-07-28T21:33:47.032+0800: 0.447: Total time for which application threads were stopped: 0.0312844 seconds, Stopping threads took: 0.0000139 seconds
2024-07-28T21:33:47.141+0800: 0.555: Application time: 0.1078796 seconds
2024-07-28T21:33:47.141+0800: 0.555: [GC (Allocation Failure) 2024-07-28T21:33:47.141+0800: 0.555: [ParNew: 77168K->8192K(78656K), 0.0289910 secs] 266242K->265877K(337736K), 0.0290758 secs] [Times: user=0.03 sys=0.06, real=0.03 secs] 
2024-07-28T21:33:47.170+0800: 0.584: Total time for which application threads were stopped: 0.0291975 seconds, Stopping threads took: 0.0000229 seconds
2024-07-28T21:33:47.170+0800: 0.585: [CMS-concurrent-abortable-preclean: 0.003/0.277 secs] [Times: user=0.06 sys=0.11, real=0.28 secs] 
2024-07-28T21:33:47.170+0800: 0.585: Application time: 0.0004252 seconds
2024-07-28T21:33:47.170+0800: 0.585: [GC (CMS Final Remark) [YG occupancy: 14700 K (78656 K)]2024-07-28T21:33:47.170+0800: 0.585: [Rescan (parallel) , 0.0010147 secs]2024-07-28T21:33:47.171+0800: 0.586: [weak refs processing, 0.0000266 secs]2024-07-28T21:33:47.172+0800: 0.586: [class unloading, 0.0003787 secs]2024-07-28T21:33:47.172+0800: 0.587: [scrub symbol table, 0.0004175 secs]2024-07-28T21:33:47.172+0800: 0.587: [scrub string table, 0.0000997 secs][1 CMS-remark: 257684K(259080K)] 272385K(337736K), 0.0020937 secs] [Times: user=0.00 sys=0.00, real=0.00 secs] 
2024-07-28T21:33:47.172+0800: 0.587: Total time for which application threads were stopped: 0.0022684 seconds, Stopping threads took: 0.0001301 seconds
2024-07-28T21:33:47.173+0800: 0.587: [CMS-concurrent-sweep-start]
2024-07-28T21:33:47.174+0800: 0.589: [CMS-concurrent-sweep: 0.001/0.001 secs] [Times: user=0.00 sys=0.00, real=0.00 secs] 
2024-07-28T21:33:47.175+0800: 0.590: [CMS-concurrent-reset-start]
2024-07-28T21:33:47.180+0800: 0.595: [CMS-concurrent-reset: 0.005/0.005 secs] [Times: user=0.01 sys=0.02, real=0.01 secs] 
2024-07-28T21:33:47.281+0800: 0.696: Application time: 0.1087836 seconds
2024-07-28T21:33:47.281+0800: 0.696: [GC (Allocation Failure) 2024-07-28T21:33:47.281+0800: 0.696: [ParNew: 77165K->1024K(78656K), 0.0013046 secs] 334849K->258707K(508132K), 0.0013656 secs] [Times: user=0.00 sys=0.00, real=0.00 secs] 
2024-07-28T21:33:47.283+0800: 0.697: Total time for which application threads were stopped: 0.0014775 seconds, Stopping threads took: 0.0000220 seconds
2024-07-28T21:33:47.283+0800: 0.698: Application time: 0.0002224 seconds
2024-07-28T21:33:47.283+0800: 0.698: [GC (CMS Initial Mark) [1 CMS-initial-mark: 257683K(429476K)] 262145K(508132K), 0.0008221 secs] [Times: user=0.00 sys=0.00, real=0.00 secs] 
2024-07-28T21:33:47.284+0800: 0.699: Total time for which application threads were stopped: 0.0010244 seconds, Stopping threads took: 0.0001600 seconds
2024-07-28T21:33:47.284+0800: 0.699: [CMS-concurrent-mark-start]
2024-07-28T21:33:47.287+0800: 0.702: [CMS-concurrent-mark: 0.003/0.003 secs] [Times: user=0.05 sys=0.00, real=0.00 secs] 
2024-07-28T21:33:47.287+0800: 0.702: [CMS-concurrent-preclean-start]
2024-07-28T21:33:47.289+0800: 0.703: [CMS-concurrent-preclean: 0.001/0.001 secs] [Times: user=0.00 sys=0.00, real=0.00 secs] 
2024-07-28T21:33:47.289+0800: 0.704: [CMS-concurrent-abortable-preclean-start]
2024-07-28T21:33:47.289+0800: 0.704: Application time: 0.0052547 seconds
2024-07-28T21:33:47.289+0800: 0.704: [GC (Allocation Failure) 2024-07-28T21:33:47.289+0800: 0.704: [ParNew: 69998K->8192K(78656K), 0.0340124 secs] 327682K->327317K(508132K), 0.0340752 secs] [Times: user=0.05 sys=0.02, real=0.03 secs] 
2024-07-28T21:33:47.323+0800: 0.738: Total time for which application threads were stopped: 0.0341751 seconds, Stopping threads took: 0.0000170 seconds
2024-07-28T21:33:47.440+0800: 0.855: Application time: 0.1164907 seconds
2024-07-28T21:33:47.440+0800: 0.855: [GC (Allocation Failure) 2024-07-28T21:33:47.440+0800: 0.855: [ParNew: 77167K->8192K(78656K), 0.0366089 secs] 396292K->395926K(508132K), 0.0366694 secs] [Times: user=0.06 sys=0.03, real=0.04 secs] 
2024-07-28T21:33:47.476+0800: 0.891: Total time for which application threads were stopped: 0.0367812 seconds, Stopping threads took: 0.0000209 seconds
2024-07-28T21:33:47.477+0800: 0.892: [CMS-concurrent-abortable-preclean: 0.003/0.188 secs] [Times: user=0.11 sys=0.05, real=0.19 secs] 
2024-07-28T21:33:47.477+0800: 0.892: Application time: 0.0003805 seconds
2024-07-28T21:33:47.477+0800: 0.892: [GC (CMS Final Remark) [YG occupancy: 14702 K (78656 K)]2024-07-28T21:33:47.477+0800: 0.892: [Rescan (parallel) , 0.0006730 secs]2024-07-28T21:33:47.478+0800: 0.893: [weak refs processing, 0.0000125 secs]2024-07-28T21:33:47.478+0800: 0.893: [class unloading, 0.0001913 secs]2024-07-28T21:33:47.478+0800: 0.893: [scrub symbol table, 0.0003395 secs]2024-07-28T21:33:47.478+0800: 0.893: [scrub string table, 0.0000997 secs][1 CMS-remark: 387733K(429476K)] 402436K(508132K), 0.0013840 secs] [Times: user=0.00 sys=0.00, real=0.00 secs] 
2024-07-28T21:33:47.478+0800: 0.893: Total time for which application threads were stopped: 0.0015467 seconds, Stopping threads took: 0.0001243 seconds
2024-07-28T21:33:47.479+0800: 0.894: [CMS-concurrent-sweep-start]
2024-07-28T21:33:47.480+0800: 0.895: [CMS-concurrent-sweep: 0.002/0.002 secs] [Times: user=0.00 sys=0.00, real=0.00 secs] 
2024-07-28T21:33:47.480+0800: 0.895: [CMS-concurrent-reset-start]
2024-07-28T21:33:47.482+0800: 0.897: [CMS-concurrent-reset: 0.001/0.001 secs] [Times: user=0.00 sys=0.00, real=0.00 secs] 
2024-07-28T21:33:47.594+0800: 1.009: Application time: 0.1157216 seconds
2024-07-28T21:33:47.594+0800: 1.009: [GC (Allocation Failure) 2024-07-28T21:33:47.594+0800: 1.009: [ParNew: 77167K->2048K(78656K), 0.0014626 secs] 207873K->132754K(508132K), 0.0015220 secs] [Times: user=0.00 sys=0.00, real=0.00 secs] 
2024-07-28T21:33:47.596+0800: 1.011: Total time for which application threads were stopped: 0.0016301 seconds, Stopping threads took: 0.0000197 seconds
2024-07-28T21:33:47.600+0800: 1.015: Application time: 0.0043274 seconds
2024-07-28T21:33:47.600+0800: 1.015: [GC (Allocation Failure) 2024-07-28T21:33:47.600+0800: 1.015: [ParNew: 71024K->8192K(78656K), 0.0265636 secs] 201730K->201363K(508132K), 0.0266111 secs] [Times: user=0.02 sys=0.02, real=0.03 secs] 
2024-07-28T21:33:47.627+0800: 1.042: Total time for which application threads were stopped: 0.0267118 seconds, Stopping threads took: 0.0000133 seconds
2024-07-28T21:33:47.627+0800: 1.042: Application time: 0.0002268 seconds
2024-07-28T21:33:47.627+0800: 1.042: [GC (CMS Initial Mark) [1 CMS-initial-mark: 193170K(429476K)] 204802K(508132K), 0.0007622 secs] [Times: user=0.00 sys=0.00, real=0.00 secs] 
2024-07-28T21:33:47.628+0800: 1.043: Total time for which application threads were stopped: 0.0009691 seconds, Stopping threads took: 0.0001593 seconds
2024-07-28T21:33:47.628+0800: 1.043: [CMS-concurrent-mark-start]
2024-07-28T21:33:47.630+0800: 1.045: [CMS-concurrent-mark: 0.002/0.002 secs] [Times: user=0.05 sys=0.00, real=0.00 secs] 
2024-07-28T21:33:47.630+0800: 1.045: [CMS-concurrent-preclean-start]
2024-07-28T21:33:47.631+0800: 1.046: [CMS-concurrent-preclean: 0.001/0.001 secs] [Times: user=0.00 sys=0.00, real=0.00 secs] 
2024-07-28T21:33:47.631+0800: 1.046: [CMS-concurrent-abortable-preclean-start]
2024-07-28T21:33:47.738+0800: 1.153: Application time: 0.1096757 seconds
2024-07-28T21:33:47.738+0800: 1.153: [GC (Allocation Failure) 2024-07-28T21:33:47.738+0800: 1.153: [ParNew: 77168K->8192K(78656K), 0.0123646 secs] 270339K->269972K(508132K), 0.0124363 secs] [Times: user=0.06 sys=0.00, real=0.01 secs] 
2024-07-28T21:33:47.750+0800: 1.165: Total time for which application threads were stopped: 0.0125721 seconds, Stopping threads took: 0.0000219 seconds
2024-07-28T21:33:47.861+0800: 1.275: Application time: 0.1101270 seconds
2024-07-28T21:33:47.861+0800: 1.275: [GC (Allocation Failure) 2024-07-28T21:33:47.861+0800: 1.275: [ParNew: 77168K->3072K(78656K), 0.0014250 secs] 338948K->264852K(508132K), 0.0014915 secs] [Times: user=0.00 sys=0.00, real=0.00 secs] 
2024-07-28T21:33:47.862+0800: 1.277: Total time for which application threads were stopped: 0.0016071 seconds, Stopping threads took: 0.0000257 seconds
2024-07-28T21:33:47.867+0800: 1.281: Application time: 0.0044309 seconds
2024-07-28T21:33:47.867+0800: 1.281: [GC (Allocation Failure) 2024-07-28T21:33:47.867+0800: 1.281: [ParNew: 72048K->8192K(78656K), 0.0114247 secs] 333828K->333461K(508132K), 0.0114689 secs] [Times: user=0.00 sys=0.00, real=0.01 secs] 
2024-07-28T21:33:47.878+0800: 1.293: Total time for which application threads were stopped: 0.0115649 seconds, Stopping threads took: 0.0000153 seconds
2024-07-28T21:33:47.878+0800: 1.293: [CMS-concurrent-abortable-preclean: 0.004/0.247 secs] [Times: user=0.09 sys=0.00, real=0.25 secs] 
2024-07-28T21:33:47.878+0800: 1.293: Application time: 0.0003130 seconds
2024-07-28T21:33:47.879+0800: 1.293: [GC (CMS Final Remark) [YG occupancy: 12655 K (78656 K)]2024-07-28T21:33:47.879+0800: 1.293: [Rescan (parallel) , 0.0008720 secs]2024-07-28T21:33:47.880+0800: 1.294: [weak refs processing, 0.0000129 secs]2024-07-28T21:33:47.880+0800: 1.294: [class unloading, 0.0001995 secs]2024-07-28T21:33:47.880+0800: 1.295: [scrub symbol table, 0.0003438 secs]2024-07-28T21:33:47.880+0800: 1.295: [scrub string table, 0.0001116 secs][1 CMS-remark: 325268K(429476K)] 337924K(508132K), 0.0016075 secs] [Times: user=0.00 sys=0.00, real=0.00 secs] 
2024-07-28T21:33:47.880+0800: 1.295: Total time for which application threads were stopped: 0.0017863 seconds, Stopping threads took: 0.0001411 seconds
2024-07-28T21:33:47.880+0800: 1.295: [CMS-concurrent-sweep-start]
2024-07-28T21:33:47.882+0800: 1.296: [CMS-concurrent-sweep: 0.001/0.001 secs] [Times: user=0.00 sys=0.00, real=0.00 secs] 
2024-07-28T21:33:47.882+0800: 1.296: [CMS-concurrent-reset-start]
2024-07-28T21:33:47.883+0800: 1.298: [CMS-concurrent-reset: 0.001/0.001 secs] [Times: user=0.00 sys=0.00, real=0.00 secs] 
2024-07-28T21:33:48.002+0800: 1.417: Application time: 0.1215555 seconds
2024-07-28T21:33:48.002+0800: 1.417: [GC (Allocation Failure) 2024-07-28T21:33:48.002+0800: 1.417: [ParNew: 77168K->8192K(78656K), 0.0130166 secs] 272387K->272020K(508132K), 0.0130756 secs] [Times: user=0.03 sys=0.00, real=0.01 secs] 
2024-07-28T21:33:48.015+0800: 1.430: Total time for which application threads were stopped: 0.0131885 seconds, Stopping threads took: 0.0000197 seconds
2024-07-28T21:33:48.015+0800: 1.430: Application time: 0.0001376 seconds
2024-07-28T21:33:48.016+0800: 1.430: [GC (CMS Initial Mark) [1 CMS-initial-mark: 263828K(429476K)] 275459K(508132K), 0.0001853 secs] [Times: user=0.00 sys=0.00, real=0.00 secs] 
2024-07-28T21:33:48.016+0800: 1.430: Total time for which application threads were stopped: 0.0004183 seconds, Stopping threads took: 0.0001619 seconds
2024-07-28T21:33:48.016+0800: 1.430: [CMS-concurrent-mark-start]
2024-07-28T21:33:48.019+0800: 1.434: [CMS-concurrent-mark: 0.003/0.003 secs] [Times: user=0.00 sys=0.00, real=0.00 secs] 
2024-07-28T21:33:48.019+0800: 1.434: [CMS-concurrent-preclean-start]
2024-07-28T21:33:48.020+0800: 1.435: [CMS-concurrent-preclean: 0.001/0.001 secs] [Times: user=0.00 sys=0.00, real=0.00 secs] 
2024-07-28T21:33:48.020+0800: 1.435: [CMS-concurrent-abortable-preclean-start]
2024-07-28T21:33:48.125+0800: 1.540: Application time: 0.1097341 seconds
2024-07-28T21:33:48.126+0800: 1.540: [GC (Allocation Failure) 2024-07-28T21:33:48.126+0800: 1.540: [ParNew: 77543K->3076K(78656K), 0.0016972 secs] 341371K->266904K(508132K), 0.0017501 secs] [Times: user=0.00 sys=0.00, real=0.00 secs] 
2024-07-28T21:33:48.127+0800: 1.542: Total time for which application threads were stopped: 0.0018838 seconds, Stopping threads took: 0.0000244 seconds
2024-07-28T21:33:48.132+0800: 1.546: Application time: 0.0042976 seconds
2024-07-28T21:33:48.132+0800: 1.546: [GC (Allocation Failure) 2024-07-28T21:33:48.132+0800: 1.546: [ParNew: 72042K->8196K(78656K), 0.0117967 secs] 335870K->335513K(508132K), 0.0118461 secs] [Times: user=0.00 sys=0.00, real=0.01 secs] 
2024-07-28T21:33:48.144+0800: 1.558: Total time for which application threads were stopped: 0.0119522 seconds, Stopping threads took: 0.0000256 seconds
2024-07-28T21:33:48.254+0800: 1.668: Application time: 0.1099034 seconds
2024-07-28T21:33:48.254+0800: 1.668: [GC (Allocation Failure) 2024-07-28T21:33:48.254+0800: 1.668: [ParNew: 77166K->8192K(78656K), 0.0124193 secs] 404483K->404118K(508132K), 0.0124803 secs] [Times: user=0.03 sys=0.00, real=0.01 secs] 
2024-07-28T21:33:48.266+0800: 1.681: Total time for which application threads were stopped: 0.0125909 seconds, Stopping threads took: 0.0000198 seconds
2024-07-28T21:33:48.266+0800: 1.681: [CMS-concurrent-abortable-preclean: 0.005/0.246 secs] [Times: user=0.09 sys=0.00, real=0.25 secs] 
2024-07-28T21:33:48.266+0800: 1.681: Application time: 0.0003023 seconds
2024-07-28T21:33:48.267+0800: 1.681: [GC (CMS Final Remark) [YG occupancy: 12651 K (78656 K)]2024-07-28T21:33:48.267+0800: 1.681: [Rescan (parallel) , 0.0008889 secs]2024-07-28T21:33:48.268+0800: 1.682: [weak refs processing, 0.0000131 secs]2024-07-28T21:33:48.268+0800: 1.682: [class unloading, 0.0002022 secs]2024-07-28T21:33:48.268+0800: 1.682: [scrub symbol table, 0.0003444 secs]2024-07-28T21:33:48.268+0800: 1.683: [scrub string table, 0.0000997 secs][1 CMS-remark: 395926K(429476K)] 408577K(508132K), 0.0016315 secs] [Times: user=0.00 sys=0.00, real=0.00 secs] 
2024-07-28T21:33:48.268+0800: 1.683: Total time for which application threads were stopped: 0.0017876 seconds, Stopping threads took: 0.0001084 seconds
2024-07-28T21:33:48.269+0800: 1.683: [CMS-concurrent-sweep-start]
2024-07-28T21:33:48.270+0800: 1.684: [CMS-concurrent-sweep: 0.001/0.001 secs] [Times: user=0.00 sys=0.00, real=0.00 secs] 
2024-07-28T21:33:48.270+0800: 1.685: [CMS-concurrent-reset-start]
2024-07-28T21:33:48.272+0800: 1.686: [CMS-concurrent-reset: 0.002/0.002 secs] [Times: user=0.03 sys=0.00, real=0.00 secs] 
2024-07-28T21:33:48.378+0800: 1.793: Application time: 0.1100208 seconds
2024-07-28T21:33:48.378+0800: 1.793: [GC (Allocation Failure) 2024-07-28T21:33:48.378+0800: 1.793: [ParNew: 77164K->4096K(78656K), 0.0016717 secs] 342016K->268948K(520080K), 0.0017298 secs] [Times: user=0.03 sys=0.00, real=0.00 secs] 
2024-07-28T21:33:48.380+0800: 1.795: Total time for which application threads were stopped: 0.0018445 seconds, Stopping threads took: 0.0000202 seconds
2024-07-28T21:33:48.385+0800: 1.799: Application time: 0.0044537 seconds
2024-07-28T21:33:48.385+0800: 1.799: [GC (Allocation Failure) 2024-07-28T21:33:48.385+0800: 1.799: [ParNew: 73070K->8192K(78656K), 0.0117722 secs] 337922K->337557K(520080K), 0.0118213 secs] [Times: user=0.03 sys=0.00, real=0.01 secs] 
2024-07-28T21:33:48.397+0800: 1.811: Total time for which application threads were stopped: 0.0119232 seconds, Stopping threads took: 0.0000156 seconds
2024-07-28T21:33:48.397+0800: 1.811: Application time: 0.0002502 seconds
2024-07-28T21:33:48.397+0800: 1.811: [GC (CMS Initial Mark) [1 CMS-initial-mark: 329365K(441424K)] 340995K(520080K), 0.0006704 secs] [Times: user=0.00 sys=0.00, real=0.00 secs] 
2024-07-28T21:33:48.398+0800: 1.812: Total time for which application threads were stopped: 0.0007779 seconds, Stopping threads took: 0.0000664 seconds
2024-07-28T21:33:48.398+0800: 1.812: [CMS-concurrent-mark-start]
2024-07-28T21:33:48.400+0800: 1.815: [CMS-concurrent-mark: 0.002/0.002 secs] [Times: user=0.00 sys=0.00, real=0.00 secs] 
2024-07-28T21:33:48.400+0800: 1.815: [CMS-concurrent-preclean-start]
2024-07-28T21:33:48.401+0800: 1.815: [CMS-concurrent-preclean: 0.001/0.001 secs] [Times: user=0.00 sys=0.00, real=0.00 secs] 
2024-07-28T21:33:48.401+0800: 1.815: [CMS-concurrent-abortable-preclean-start]
2024-07-28T21:33:48.506+0800: 1.921: Application time: 0.1085691 seconds
2024-07-28T21:33:48.506+0800: 1.921: [GC (Allocation Failure) 2024-07-28T21:33:48.506+0800: 1.921: [ParNew: 77866K->8194K(78656K), 0.0119471 secs] 407231K->406168K(520080K), 0.0120059 secs] [Times: user=0.00 sys=0.00, real=0.01 secs] 
2024-07-28T21:33:48.518+0800: 1.933: Total time for which application threads were stopped: 0.0121186 seconds, Stopping threads took: 0.0000187 seconds
2024-07-28T21:33:48.628+0800: 2.043: Application time: 0.1106409 seconds
2024-07-28T21:33:48.628+0800: 2.044: [GC (Allocation Failure) 2024-07-28T21:33:48.628+0800: 2.044: [ParNew: 77164K->5122K(78656K), 0.0019961 secs] 475138K->403096K(520080K), 0.0020582 secs] [Times: user=0.00 sys=0.00, real=0.00 secs] 
2024-07-28T21:33:48.631+0800: 2.046: Total time for which application threads were stopped: 0.0021713 seconds, Stopping threads took: 0.0000203 seconds
2024-07-28T21:33:48.635+0800: 2.050: Application time: 0.0044712 seconds
2024-07-28T21:33:48.635+0800: 2.050: [GC (Allocation Failure) 2024-07-28T21:33:48.635+0800: 2.050: [ParNew: 74094K->8192K(78656K), 0.0282454 secs] 472069K->471703K(542696K), 0.0283144 secs] [Times: user=0.03 sys=0.01, real=0.03 secs] 
2024-07-28T21:33:48.664+0800: 2.079: Total time for which application threads were stopped: 0.0284322 seconds, Stopping threads took: 0.0000147 seconds
2024-07-28T21:33:48.664+0800: 2.079: [CMS-concurrent-abortable-preclean: 0.005/0.263 secs] [Times: user=0.08 sys=0.01, real=0.26 secs] 
2024-07-28T21:33:48.664+0800: 2.079: Application time: 0.0002651 seconds
2024-07-28T21:33:48.664+0800: 2.079: [GC (CMS Final Remark) [YG occupancy: 11629 K (78656 K)]2024-07-28T21:33:48.664+0800: 2.079: [Rescan (parallel) , 0.0003923 secs]2024-07-28T21:33:48.665+0800: 2.079: [weak refs processing, 0.0000217 secs]2024-07-28T21:33:48.665+0800: 2.079: [class unloading, 0.0003054 secs]2024-07-28T21:33:48.665+0800: 2.080: [scrub symbol table, 0.0004855 secs]2024-07-28T21:33:48.665+0800: 2.080: [scrub string table, 0.0001665 secs][1 CMS-remark: 463511K(464040K)] 475140K(542696K), 0.0014622 secs] [Times: user=0.00 sys=0.00, real=0.00 secs] 
2024-07-28T21:33:48.666+0800: 2.080: Total time for which application threads were stopped: 0.0016029 seconds, Stopping threads took: 0.0000864 seconds
2024-07-28T21:33:48.666+0800: 2.081: [CMS-concurrent-sweep-start]
2024-07-28T21:33:48.668+0800: 2.082: [CMS-concurrent-sweep: 0.002/0.002 secs] [Times: user=0.00 sys=0.00, real=0.00 secs] 
2024-07-28T21:33:48.668+0800: 2.083: [CMS-concurrent-reset-start]
2024-07-28T21:33:48.669+0800: 2.084: [CMS-concurrent-reset: 0.001/0.001 secs] [Times: user=0.00 sys=0.00, real=0.00 secs] 
2024-07-28T21:33:48.789+0800: 2.204: Application time: 0.1231219 seconds
2024-07-28T21:33:48.789+0800: 2.204: [GC (Allocation Failure) 2024-07-28T21:33:48.789+0800: 2.204: [ParNew: 77166K->8192K(78656K), 0.0117519 secs] 276481K->276116K(542696K), 0.0118256 secs] [Times: user=0.00 sys=0.00, real=0.01 secs] 
2024-07-28T21:33:48.801+0800: 2.215: Total time for which application threads were stopped: 0.0119358 seconds, Stopping threads took: 0.0000189 seconds
2024-07-28T21:33:48.801+0800: 2.216: Application time: 0.0002200 seconds
2024-07-28T21:33:48.801+0800: 2.216: [GC (CMS Initial Mark) [1 CMS-initial-mark: 267924K(464040K)] 279554K(542696K), 0.0005671 secs] [Times: user=0.00 sys=0.02, real=0.00 secs] 
2024-07-28T21:33:48.802+0800: 2.216: Total time for which application threads were stopped: 0.0007822 seconds, Stopping threads took: 0.0001687 seconds
2024-07-28T21:33:48.802+0800: 2.217: [CMS-concurrent-mark-start]
2024-07-28T21:33:48.806+0800: 2.220: [CMS-concurrent-mark: 0.004/0.004 secs] [Times: user=0.00 sys=0.00, real=0.00 secs] 
2024-07-28T21:33:48.806+0800: 2.221: [CMS-concurrent-preclean-start]
2024-07-28T21:33:48.807+0800: 2.222: [CMS-concurrent-preclean: 0.001/0.001 secs] [Times: user=0.00 sys=0.00, real=0.00 secs] 
2024-07-28T21:33:48.807+0800: 2.222: [CMS-concurrent-abortable-preclean-start]
2024-07-28T21:33:48.912+0800: 2.327: Application time: 0.1107554 seconds
2024-07-28T21:33:48.912+0800: 2.327: [GC (Allocation Failure) 2024-07-28T21:33:48.912+0800: 2.327: [ParNew: 77167K->6144K(78656K), 0.0018273 secs] 345091K->274068K(542696K), 0.0018778 secs] [Times: user=0.00 sys=0.00, real=0.00 secs] 
2024-07-28T21:33:48.914+0800: 2.329: Total time for which application threads were stopped: 0.0019812 seconds, Stopping threads took: 0.0000198 seconds
2024-07-28T21:33:48.918+0800: 2.334: Application time: 0.0043434 seconds
2024-07-28T21:33:48.919+0800: 2.334: [GC (Allocation Failure) 2024-07-28T21:33:48.919+0800: 2.334: [ParNew: 75119K->8192K(78656K), 0.0118645 secs] 343043K->342677K(542696K), 0.0119175 secs] [Times: user=0.03 sys=0.00, real=0.01 secs] 
2024-07-28T21:33:48.931+0800: 2.346: Total time for which application threads were stopped: 0.0120160 seconds, Stopping threads took: 0.0000166 seconds
2024-07-28T21:33:49.042+0800: 2.456: Application time: 0.1108064 seconds
2024-07-28T21:33:49.042+0800: 2.456: [GC (Allocation Failure) 2024-07-28T21:33:49.042+0800: 2.456: [ParNew: 77622K->8198K(78656K), 0.0119544 secs] 412108K->411292K(542696K), 0.0120154 secs] [Times: user=0.03 sys=0.00, real=0.01 secs] 
2024-07-28T21:33:49.054+0800: 2.469: Total time for which application threads were stopped: 0.0121311 seconds, Stopping threads took: 0.0000203 seconds
2024-07-28T21:33:49.054+0800: 2.469: [CMS-concurrent-abortable-preclean: 0.005/0.247 secs] [Times: user=0.06 sys=0.00, real=0.25 secs] 
2024-07-28T21:33:49.054+0800: 2.469: Application time: 0.0003432 seconds
2024-07-28T21:33:49.054+0800: 2.469: [GC (CMS Final Remark) [YG occupancy: 11634 K (78656 K)]2024-07-28T21:33:49.055+0800: 2.469: [Rescan (parallel) , 0.0003794 secs]2024-07-28T21:33:49.055+0800: 2.469: [weak refs processing, 0.0000277 secs]2024-07-28T21:33:49.055+0800: 2.469: [class unloading, 0.0002271 secs]2024-07-28T21:33:49.055+0800: 2.470: [scrub symbol table, 0.0003447 secs]2024-07-28T21:33:49.056+0800: 2.470: [scrub string table, 0.0000911 secs][1 CMS-remark: 403094K(464040K)] 414728K(542696K), 0.0011655 secs] [Times: user=0.00 sys=0.00, real=0.00 secs] 
2024-07-28T21:33:49.056+0800: 2.470: Total time for which application threads were stopped: 0.0012694 seconds, Stopping threads took: 0.0000629 seconds
2024-07-28T21:33:49.056+0800: 2.470: [CMS-concurrent-sweep-start]
2024-07-28T21:33:49.058+0800: 2.472: [CMS-concurrent-sweep: 0.002/0.002 secs] [Times: user=0.00 sys=0.00, real=0.00 secs] 
2024-07-28T21:33:49.058+0800: 2.472: [CMS-concurrent-reset-start]
2024-07-28T21:33:49.059+0800: 2.473: [CMS-concurrent-reset: 0.001/0.001 secs] [Times: user=0.00 sys=0.00, real=0.00 secs] 
2024-07-28T21:33:49.164+0800: 2.579: Application time: 0.1085178 seconds
2024-07-28T21:33:49.164+0800: 2.579: [GC (Allocation Failure) 2024-07-28T21:33:49.164+0800: 2.579: [ParNew: 77171K->7168K(78656K), 0.0021875 secs] 347143K->277140K(542696K), 0.0022459 secs] [Times: user=0.00 sys=0.00, real=0.00 secs] 
2024-07-28T21:33:49.166+0800: 2.581: Total time for which application threads were stopped: 0.0023678 seconds, Stopping threads took: 0.0000214 seconds
2024-07-28T21:33:49.170+0800: 2.585: Application time: 0.0043549 seconds
2024-07-28T21:33:49.170+0800: 2.585: [GC (Allocation Failure) 2024-07-28T21:33:49.170+0800: 2.585: [ParNew: 76142K->8192K(78656K), 0.0119328 secs] 346114K->345749K(542696K), 0.0119846 secs] [Times: user=0.03 sys=0.00, real=0.01 secs] 
2024-07-28T21:33:49.182+0800: 2.598: Total time for which application threads were stopped: 0.0121015 seconds, Stopping threads took: 0.0000177 seconds
2024-07-28T21:33:49.183+0800: 2.598: Application time: 0.0001160 seconds
2024-07-28T21:33:49.183+0800: 2.598: [GC (CMS Initial Mark) [1 CMS-initial-mark: 337557K(464040K)] 349187K(542696K), 0.0008284 secs] [Times: user=0.00 sys=0.00, real=0.00 secs] 
2024-07-28T21:33:49.183+0800: 2.599: Total time for which application threads were stopped: 0.0009651 seconds, Stopping threads took: 0.0000906 seconds
2024-07-28T21:33:49.184+0800: 2.599: [CMS-concurrent-mark-start]
2024-07-28T21:33:49.186+0800: 2.601: [CMS-concurrent-mark: 0.002/0.002 secs] [Times: user=0.00 sys=0.00, real=0.00 secs] 
2024-07-28T21:33:49.186+0800: 2.601: [CMS-concurrent-preclean-start]
2024-07-28T21:33:49.187+0800: 2.602: [CMS-concurrent-preclean: 0.001/0.001 secs] [Times: user=0.00 sys=0.00, real=0.00 secs] 
2024-07-28T21:33:49.187+0800: 2.602: [CMS-concurrent-abortable-preclean-start]
2024-07-28T21:33:49.290+0800: 2.706: Application time: 0.1069919 seconds
2024-07-28T21:33:49.291+0800: 2.706: [GC (Allocation Failure) 2024-07-28T21:33:49.291+0800: 2.706: [ParNew: 77167K->8192K(78656K), 0.0118970 secs] 414724K->414358K(542696K), 0.0119611 secs] [Times: user=0.03 sys=0.00, real=0.01 secs] 
2024-07-28T21:33:49.303+0800: 2.718: Total time for which application threads were stopped: 0.0120743 seconds, Stopping threads took: 0.0000196 seconds
2024-07-28T21:33:49.415+0800: 2.830: Application time: 0.1125400 seconds
2024-07-28T21:33:49.415+0800: 2.830: [GC (Allocation Failure) 2024-07-28T21:33:49.415+0800: 2.830: [ParNew: 77167K->8192K(78656K), 0.0022367 secs] 483334K->414358K(542696K), 0.0022906 secs] [Times: user=0.00 sys=0.00, real=0.00 secs] 
2024-07-28T21:33:49.418+0800: 2.833: Total time for which application threads were stopped: 0.0024144 seconds, Stopping threads took: 0.0000207 seconds
2024-07-28T21:33:49.418+0800: 2.833: [CMS-concurrent-abortable-preclean: 0.005/0.231 secs] [Times: user=0.03 sys=0.00, real=0.23 secs] 
2024-07-28T21:33:49.418+0800: 2.833: Application time: 0.0003897 seconds
2024-07-28T21:33:49.418+0800: 2.833: [GC (CMS Final Remark) [YG occupancy: 14703 K (78656 K)]2024-07-28T21:33:49.418+0800: 2.833: [Rescan (parallel) , 0.0009746 secs]2024-07-28T21:33:49.419+0800: 2.834: [weak refs processing, 0.0000129 secs]2024-07-28T21:33:49.419+0800: 2.834: [class unloading, 0.0001929 secs]2024-07-28T21:33:49.419+0800: 2.834: [scrub symbol table, 0.0003497 secs]2024-07-28T21:33:49.420+0800: 2.835: [scrub string table, 0.0000976 secs][1 CMS-remark: 406166K(464040K)] 420869K(542696K), 0.0016947 secs] [Times: user=0.00 sys=0.00, real=0.00 secs] 
2024-07-28T21:33:49.420+0800: 2.835: Total time for which application threads were stopped: 0.0018944 seconds, Stopping threads took: 0.0001624 seconds
2024-07-28T21:33:49.420+0800: 2.835: [CMS-concurrent-sweep-start]
2024-07-28T21:33:49.422+0800: 2.837: [CMS-concurrent-sweep: 0.001/0.001 secs] [Times: user=0.00 sys=0.00, real=0.00 secs] 
2024-07-28T21:33:49.422+0800: 2.837: [CMS-concurrent-reset-start]
2024-07-28T21:33:49.423+0800: 2.838: [CMS-concurrent-reset: 0.001/0.001 secs] [Times: user=0.00 sys=0.00, real=0.00 secs] 
2024-07-28T21:33:49.425+0800: 2.840: Application time: 0.0049801 seconds
2024-07-28T21:33:49.425+0800: 2.840: [GC (Allocation Failure) 2024-07-28T21:33:49.425+0800: 2.840: [ParNew: 77168K->8192K(78656K), 0.0119610 secs] 214018K->213651K(542696K), 0.0120130 secs] [Times: user=0.05 sys=0.00, real=0.01 secs] 
2024-07-28T21:33:49.437+0800: 2.852: Total time for which application threads were stopped: 0.0121139 seconds, Stopping threads took: 0.0000150 seconds
2024-07-28T21:33:49.437+0800: 2.852: Application time: 0.0001480 seconds
2024-07-28T21:33:49.437+0800: 2.852: [GC (CMS Initial Mark) [1 CMS-initial-mark: 205459K(464040K)] 217090K(542696K), 0.0007206 secs] [Times: user=0.00 sys=0.00, real=0.00 secs] 
2024-07-28T21:33:49.438+0800: 2.853: Total time for which application threads were stopped: 0.0009245 seconds, Stopping threads took: 0.0001611 seconds
2024-07-28T21:33:49.438+0800: 2.853: [CMS-concurrent-mark-start]
2024-07-28T21:33:49.440+0800: 2.855: [CMS-concurrent-mark: 0.002/0.002 secs] [Times: user=0.00 sys=0.00, real=0.00 secs] 
2024-07-28T21:33:49.440+0800: 2.855: [CMS-concurrent-preclean-start]
2024-07-28T21:33:49.441+0800: 2.856: [CMS-concurrent-preclean: 0.001/0.001 secs] [Times: user=0.00 sys=0.00, real=0.00 secs] 
2024-07-28T21:33:49.441+0800: 2.856: [CMS-concurrent-abortable-preclean-start]
2024-07-28T21:33:49.559+0800: 2.974: Application time: 0.1205416 seconds
2024-07-28T21:33:49.559+0800: 2.974: [GC (Allocation Failure) 2024-07-28T21:33:49.559+0800: 2.974: [ParNew: 77168K->8192K(78656K), 0.0123200 secs] 282627K->282260K(542696K), 0.0123964 secs] [Times: user=0.03 sys=0.00, real=0.01 secs] 
2024-07-28T21:33:49.572+0800: 2.986: Total time for which application threads were stopped: 0.0125424 seconds, Stopping threads took: 0.0000193 seconds
2024-07-28T21:33:49.682+0800: 3.097: Application time: 0.1105162 seconds
2024-07-28T21:33:49.682+0800: 3.097: [GC (Allocation Failure) 2024-07-28T21:33:49.682+0800: 3.097: [ParNew: 77168K->8192K(78656K), 0.0023563 secs] 351237K->283284K(542696K), 0.0024244 secs] [Times: user=0.00 sys=0.00, real=0.00 secs] 
2024-07-28T21:33:49.685+0800: 3.099: Total time for which application threads were stopped: 0.0025320 seconds, Stopping threads took: 0.0000201 seconds
2024-07-28T21:33:49.685+0800: 3.099: [CMS-concurrent-abortable-preclean: 0.005/0.243 secs] [Times: user=0.03 sys=0.00, real=0.24 secs] 
2024-07-28T21:33:49.685+0800: 3.100: Application time: 0.0003292 seconds
2024-07-28T21:33:49.685+0800: 3.100: [GC (CMS Final Remark) [YG occupancy: 13679 K (78656 K)]2024-07-28T21:33:49.685+0800: 3.100: [Rescan (parallel) , 0.0009970 secs]2024-07-28T21:33:49.686+0800: 3.101: [weak refs processing, 0.0000146 secs]2024-07-28T21:33:49.686+0800: 3.101: [class unloading, 0.0001902 secs]2024-07-28T21:33:49.686+0800: 3.101: [scrub symbol table, 0.0003995 secs]2024-07-28T21:33:49.687+0800: 3.101: [scrub string table, 0.0001108 secs][1 CMS-remark: 275092K(464040K)] 288772K(542696K), 0.0017799 secs] [Times: user=0.00 sys=0.00, real=0.00 secs] 
2024-07-28T21:33:49.687+0800: 3.101: Total time for which application threads were stopped: 0.0019064 seconds, Stopping threads took: 0.0000921 seconds
2024-07-28T21:33:49.687+0800: 3.102: [CMS-concurrent-sweep-start]
2024-07-28T21:33:49.688+0800: 3.103: [CMS-concurrent-sweep: 0.001/0.001 secs] [Times: user=0.00 sys=0.00, real=0.00 secs] 
2024-07-28T21:33:49.688+0800: 3.103: [CMS-concurrent-reset-start]
2024-07-28T21:33:49.690+0800: 3.104: [CMS-concurrent-reset: 0.001/0.001 secs] [Times: user=0.00 sys=0.00, real=0.00 secs] 
2024-07-28T21:33:49.692+0800: 3.106: Application time: 0.0049769 seconds
2024-07-28T21:33:49.692+0800: 3.106: [GC (Allocation Failure) 2024-07-28T21:33:49.692+0800: 3.107: [ParNew: 77168K->8192K(78656K), 0.0120092 secs] 216067K->215699K(542696K), 0.0120625 secs] [Times: user=0.00 sys=0.00, real=0.01 secs] 
2024-07-28T21:33:49.704+0800: 3.119: Total time for which application threads were stopped: 0.0121741 seconds, Stopping threads took: 0.0000147 seconds
2024-07-28T21:33:49.704+0800: 3.119: Application time: 0.0001059 seconds
2024-07-28T21:33:49.704+0800: 3.119: [GC (CMS Initial Mark) [1 CMS-initial-mark: 207507K(464040K)] 219139K(542696K), 0.0007805 secs] [Times: user=0.00 sys=0.00, real=0.00 secs] 
2024-07-28T21:33:49.705+0800: 3.120: Total time for which application threads were stopped: 0.0009743 seconds, Stopping threads took: 0.0001509 seconds
2024-07-28T21:33:49.705+0800: 3.120: [CMS-concurrent-mark-start]
2024-07-28T21:33:49.707+0800: 3.122: [CMS-concurrent-mark: 0.002/0.002 secs] [Times: user=0.00 sys=0.00, real=0.00 secs] 
2024-07-28T21:33:49.707+0800: 3.122: [CMS-concurrent-preclean-start]
2024-07-28T21:33:49.708+0800: 3.122: [CMS-concurrent-preclean: 0.001/0.001 secs] [Times: user=0.03 sys=0.00, real=0.00 secs] 
2024-07-28T21:33:49.708+0800: 3.122: [CMS-concurrent-abortable-preclean-start]
2024-07-28T21:33:49.824+0800: 3.239: Application time: 0.1196911 seconds
2024-07-28T21:33:49.824+0800: 3.239: [GC (Allocation Failure) 2024-07-28T21:33:49.824+0800: 3.239: [ParNew: 77168K->8192K(78656K), 0.0122639 secs] 284676K->284308K(542696K), 0.0123298 secs] [Times: user=0.03 sys=0.00, real=0.01 secs] 
2024-07-28T21:33:49.836+0800: 3.252: Total time for which application threads were stopped: 0.0124403 seconds, Stopping threads took: 0.0000197 seconds
2024-07-28T21:33:49.949+0800: 3.364: Application time: 0.1126410 seconds
2024-07-28T21:33:49.949+0800: 3.365: [GC (Allocation Failure) 2024-07-28T21:33:49.949+0800: 3.365: [ParNew: 77168K->8192K(78656K), 0.0025011 secs] 353285K->286356K(542696K), 0.0025692 secs] [Times: user=0.00 sys=0.00, real=0.00 secs] 
2024-07-28T21:33:49.952+0800: 3.367: Total time for which application threads were stopped: 0.0026753 seconds, Stopping threads took: 0.0000198 seconds
2024-07-28T21:33:49.952+0800: 3.367: [CMS-concurrent-abortable-preclean: 0.005/0.245 secs] [Times: user=0.03 sys=0.00, real=0.24 secs] 
2024-07-28T21:33:49.952+0800: 3.367: Application time: 0.0003125 seconds
2024-07-28T21:33:49.952+0800: 3.368: [GC (CMS Final Remark) [YG occupancy: 12655 K (78656 K)]2024-07-28T21:33:49.952+0800: 3.368: [Rescan (parallel) , 0.0006813 secs]2024-07-28T21:33:49.953+0800: 3.368: [weak refs processing, 0.0000154 secs]2024-07-28T21:33:49.953+0800: 3.368: [class unloading, 0.0002538 secs]2024-07-28T21:33:49.953+0800: 3.369: [scrub symbol table, 0.0003269 secs]2024-07-28T21:33:49.954+0800: 3.369: [scrub string table, 0.0000945 secs][1 CMS-remark: 278164K(464040K)] 290820K(542696K), 0.0014505 secs] [Times: user=0.00 sys=0.00, real=0.00 secs] 
2024-07-28T21:33:49.954+0800: 3.369: Total time for which application threads were stopped: 0.0015786 seconds, Stopping threads took: 0.0000884 seconds
2024-07-28T21:33:49.954+0800: 3.369: [CMS-concurrent-sweep-start]
2024-07-28T21:33:49.956+0800: 3.371: [CMS-concurrent-sweep: 0.001/0.001 secs] [Times: user=0.00 sys=0.00, real=0.00 secs] 
2024-07-28T21:33:49.956+0800: 3.371: [CMS-concurrent-reset-start]
2024-07-28T21:33:49.957+0800: 3.372: [CMS-concurrent-reset: 0.001/0.001 secs] [Times: user=0.03 sys=0.00, real=0.00 secs] 
2024-07-28T21:33:49.959+0800: 3.374: Application time: 0.0048529 seconds
2024-07-28T21:33:49.959+0800: 3.374: [GC (Allocation Failure) 2024-07-28T21:33:49.959+0800: 3.374: [ParNew: 77168K->8192K(78656K), 0.0125317 secs] 218115K->217747K(542696K), 0.0125794 secs] [Times: user=0.00 sys=0.00, real=0.01 secs] 
2024-07-28T21:33:49.971+0800: 3.387: Total time for which application threads were stopped: 0.0126791 seconds, Stopping threads took: 0.0000158 seconds
2024-07-28T21:33:49.972+0800: 3.387: Application time: 0.0002507 seconds
2024-07-28T21:33:49.972+0800: 3.387: [GC (CMS Initial Mark) [1 CMS-initial-mark: 209555K(464040K)] 221187K(542696K), 0.0008332 secs] [Times: user=0.00 sys=0.00, real=0.00 secs] 
2024-07-28T21:33:49.973+0800: 3.388: Total time for which application threads were stopped: 0.0010236 seconds, Stopping threads took: 0.0001407 seconds
2024-07-28T21:33:49.973+0800: 3.388: [CMS-concurrent-mark-start]
2024-07-28T21:33:49.975+0800: 3.390: [CMS-concurrent-mark: 0.002/0.002 secs] [Times: user=0.00 sys=0.00, real=0.00 secs] 
2024-07-28T21:33:49.975+0800: 3.390: [CMS-concurrent-preclean-start]
2024-07-28T21:33:49.975+0800: 3.390: [CMS-concurrent-preclean: 0.001/0.001 secs] [Times: user=0.00 sys=0.00, real=0.00 secs] 
2024-07-28T21:33:49.975+0800: 3.390: [CMS-concurrent-abortable-preclean-start]
2024-07-28T21:33:50.092+0800: 3.507: Application time: 0.1194348 seconds
2024-07-28T21:33:50.092+0800: 3.507: [GC (Allocation Failure) 2024-07-28T21:33:50.092+0800: 3.507: [ParNew: 77168K->8192K(78656K), 0.0121039 secs] 286724K->286356K(542696K), 0.0121617 secs] [Times: user=0.03 sys=0.00, real=0.01 secs] 
2024-07-28T21:33:50.104+0800: 3.520: Total time for which application threads were stopped: 0.0122803 seconds, Stopping threads took: 0.0000204 seconds
2024-07-28T21:33:50.215+0800: 3.630: Application time: 0.1108147 seconds
2024-07-28T21:33:50.215+0800: 3.630: [GC (Allocation Failure) 2024-07-28T21:33:50.215+0800: 3.631: [ParNew: 77168K->8192K(78656K), 0.0028327 secs] 355333K->289428K(542696K), 0.0028881 secs] [Times: user=0.00 sys=0.00, real=0.00 secs] 
2024-07-28T21:33:50.218+0800: 3.633: Total time for which application threads were stopped: 0.0029959 seconds, Stopping threads took: 0.0000202 seconds
2024-07-28T21:33:50.218+0800: 3.634: [CMS-concurrent-abortable-preclean: 0.005/0.243 secs] [Times: user=0.03 sys=0.00, real=0.24 secs] 
2024-07-28T21:33:50.218+0800: 3.634: Application time: 0.0003917 seconds
2024-07-28T21:33:50.219+0800: 3.634: [GC (CMS Final Remark) [YG occupancy: 13679 K (78656 K)]2024-07-28T21:33:50.219+0800: 3.634: [Rescan (parallel) , 0.0009477 secs]2024-07-28T21:33:50.220+0800: 3.635: [weak refs processing, 0.0000128 secs]2024-07-28T21:33:50.220+0800: 3.635: [class unloading, 0.0002386 secs]2024-07-28T21:33:50.220+0800: 3.635: [scrub symbol table, 0.0003011 secs]2024-07-28T21:33:50.220+0800: 3.636: [scrub string table, 0.0001028 secs][1 CMS-remark: 281236K(464040K)] 294916K(542696K), 0.0016792 secs] [Times: user=0.00 sys=0.00, real=0.00 secs] 
2024-07-28T21:33:50.220+0800: 3.636: Total time for which application threads were stopped: 0.0018644 seconds, Stopping threads took: 0.0001478 seconds
2024-07-28T21:33:50.221+0800: 3.636: [CMS-concurrent-sweep-start]
2024-07-28T21:33:50.222+0800: 3.637: [CMS-concurrent-sweep: 0.001/0.001 secs] [Times: user=0.00 sys=0.00, real=0.00 secs] 
2024-07-28T21:33:50.222+0800: 3.637: [CMS-concurrent-reset-start]
2024-07-28T21:33:50.223+0800: 3.639: [CMS-concurrent-reset: 0.001/0.001 secs] [Times: user=0.03 sys=0.00, real=0.00 secs] 
2024-07-28T21:33:50.225+0800: 3.641: Application time: 0.0048846 seconds
2024-07-28T21:33:50.225+0800: 3.641: [GC (Allocation Failure) 2024-07-28T21:33:50.225+0800: 3.641: [ParNew: 77168K->8192K(78656K), 0.0123802 secs] 220163K->219795K(542696K), 0.0124438 secs] [Times: user=0.00 sys=0.00, real=0.01 secs] 
2024-07-28T21:33:50.238+0800: 3.653: Total time for which application threads were stopped: 0.0126006 seconds, Stopping threads took: 0.0000187 seconds
2024-07-28T21:33:50.238+0800: 3.653: Application time: 0.0002488 seconds
2024-07-28T21:33:50.238+0800: 3.654: [GC (CMS Initial Mark) [1 CMS-initial-mark: 211603K(464040K)] 223235K(542696K), 0.0007167 secs] [Times: user=0.00 sys=0.00, real=0.00 secs] 
2024-07-28T21:33:50.239+0800: 3.654: Total time for which application threads were stopped: 0.0009129 seconds, Stopping threads took: 0.0001519 seconds
2024-07-28T21:33:50.239+0800: 3.654: [CMS-concurrent-mark-start]
2024-07-28T21:33:50.241+0800: 3.656: [CMS-concurrent-mark: 0.002/0.002 secs] [Times: user=0.00 sys=0.00, real=0.00 secs] 
2024-07-28T21:33:50.241+0800: 3.656: [CMS-concurrent-preclean-start]
2024-07-28T21:33:50.242+0800: 3.657: [CMS-concurrent-preclean: 0.001/0.001 secs] [Times: user=0.00 sys=0.00, real=0.00 secs] 
2024-07-28T21:33:50.242+0800: 3.657: [CMS-concurrent-abortable-preclean-start]
2024-07-28T21:33:50.357+0800: 3.772: Application time: 0.1177111 seconds
2024-07-28T21:33:50.357+0800: 3.772: [GC (Allocation Failure) 2024-07-28T21:33:50.357+0800: 3.772: [ParNew: 77168K->8192K(78656K), 0.0119128 secs] 288772K->288404K(542696K), 0.0119719 secs] [Times: user=0.03 sys=0.00, real=0.01 secs] 
2024-07-28T21:33:50.369+0800: 3.784: Total time for which application threads were stopped: 0.0120970 seconds, Stopping threads took: 0.0000333 seconds
2024-07-28T21:33:50.481+0800: 3.896: Application time: 0.1117018 seconds
2024-07-28T21:33:50.481+0800: 3.896: [GC (Allocation Failure) 2024-07-28T21:33:50.481+0800: 3.896: [ParNew: 77464K->8196K(78656K), 0.0027425 secs] 357676K->292504K(542696K), 0.0027965 secs] [Times: user=0.00 sys=0.00, real=0.00 secs] 
2024-07-28T21:33:50.484+0800: 3.899: Total time for which application threads were stopped: 0.0029225 seconds, Stopping threads took: 0.0000202 seconds
2024-07-28T21:33:50.484+0800: 3.899: [CMS-concurrent-abortable-preclean: 0.005/0.242 secs] [Times: user=0.03 sys=0.00, real=0.24 secs] 
2024-07-28T21:33:50.484+0800: 3.899: Application time: 0.0003312 seconds
2024-07-28T21:33:50.485+0800: 3.899: [GC (CMS Final Remark) [YG occupancy: 12657 K (78656 K)]2024-07-28T21:33:50.485+0800: 3.899: [Rescan (parallel) , 0.0008952 secs]2024-07-28T21:33:50.486+0800: 3.900: [weak refs processing, 0.0000136 secs]2024-07-28T21:33:50.486+0800: 3.900: [class unloading, 0.0001851 secs]2024-07-28T21:33:50.486+0800: 3.900: [scrub symbol table, 0.0003169 secs]2024-07-28T21:33:50.486+0800: 3.901: [scrub string table, 0.0001023 secs][1 CMS-remark: 284308K(464040K)] 296966K(542696K), 0.0015803 secs] [Times: user=0.00 sys=0.00, real=0.00 secs] 
2024-07-28T21:33:50.486+0800: 3.901: Total time for which application threads were stopped: 0.0017442 seconds, Stopping threads took: 0.0001262 seconds
2024-07-28T21:33:50.486+0800: 3.901: [CMS-concurrent-sweep-start]
2024-07-28T21:33:50.488+0800: 3.903: [CMS-concurrent-sweep: 0.001/0.001 secs] [Times: user=0.00 sys=0.00, real=0.00 secs] 
2024-07-28T21:33:50.488+0800: 3.903: [CMS-concurrent-reset-start]
2024-07-28T21:33:50.489+0800: 3.904: [CMS-concurrent-reset: 0.001/0.001 secs] [Times: user=0.03 sys=0.00, real=0.00 secs] 
2024-07-28T21:33:50.491+0800: 3.906: Application time: 0.0051190 seconds
2024-07-28T21:33:50.491+0800: 3.906: [GC (Allocation Failure) 2024-07-28T21:33:50.491+0800: 3.906: [ParNew: 77170K->8192K(78656K), 0.0120964 secs] 222213K->221843K(542696K), 0.0121744 secs] [Times: user=0.00 sys=0.00, real=0.01 secs] 
2024-07-28T21:33:50.504+0800: 3.918: Total time for which application threads were stopped: 0.0122768 seconds, Stopping threads took: 0.0000160 seconds
2024-07-28T21:33:50.504+0800: 3.918: Application time: 0.0002364 seconds
2024-07-28T21:33:50.504+0800: 3.919: [GC (CMS Initial Mark) [1 CMS-initial-mark: 213651K(464040K)] 225282K(542696K), 0.0007113 secs] [Times: user=0.00 sys=0.00, real=0.00 secs] 
2024-07-28T21:33:50.505+0800: 3.919: Total time for which application threads were stopped: 0.0009099 seconds, Stopping threads took: 0.0001540 seconds
2024-07-28T21:33:50.505+0800: 3.920: [CMS-concurrent-mark-start]
2024-07-28T21:33:50.507+0800: 3.921: [CMS-concurrent-mark: 0.002/0.002 secs] [Times: user=0.00 sys=0.00, real=0.00 secs] 
2024-07-28T21:33:50.507+0800: 3.921: [CMS-concurrent-preclean-start]
2024-07-28T21:33:50.507+0800: 3.922: [CMS-concurrent-preclean: 0.001/0.001 secs] [Times: user=0.00 sys=0.00, real=0.00 secs] 
2024-07-28T21:33:50.507+0800: 3.922: [CMS-concurrent-abortable-preclean-start]
2024-07-28T21:33:50.622+0800: 4.037: Application time: 0.1178074 seconds
2024-07-28T21:33:50.622+0800: 4.037: [GC (Allocation Failure) 2024-07-28T21:33:50.623+0800: 4.037: [ParNew: 77167K->8192K(78656K), 0.0121299 secs] 290819K->290452K(542696K), 0.0122197 secs] [Times: user=0.03 sys=0.00, real=0.01 secs] 
2024-07-28T21:33:50.635+0800: 4.050: Total time for which application threads were stopped: 0.0123808 seconds, Stopping threads took: 0.0000191 seconds
2024-07-28T21:33:50.699+0800: 4.113: Application time: 0.0635901 seconds
2024-07-28T21:33:50.699+0800: 4.113: Total time for which application threads were stopped: 0.0000634 seconds, Stopping threads took: 0.0000286 seconds
2024-07-28T21:33:50.745+0800: 4.160: Application time: 0.0468589 seconds
2024-07-28T21:33:50.745+0800: 4.160: [GC (Allocation Failure) 2024-07-28T21:33:50.745+0800: 4.160: [ParNew: 77167K->8192K(78656K), 0.0031592 secs] 359428K->295572K(542696K), 0.0032146 secs] [Times: user=0.00 sys=0.00, real=0.00 secs] 
2024-07-28T21:33:50.748+0800: 4.163: Total time for which application threads were stopped: 0.0033217 seconds, Stopping threads took: 0.0000198 seconds
2024-07-28T21:33:50.748+0800: 4.164: [CMS-concurrent-abortable-preclean: 0.005/0.241 secs] [Times: user=0.03 sys=0.00, real=0.24 secs] 
2024-07-28T21:33:50.749+0800: 4.164: Application time: 0.0003162 seconds
2024-07-28T21:33:50.749+0800: 4.164: [GC (CMS Final Remark) [YG occupancy: 12655 K (78656 K)]2024-07-28T21:33:50.749+0800: 4.164: [Rescan (parallel) , 0.0007636 secs]2024-07-28T21:33:50.750+0800: 4.165: [weak refs processing, 0.0000128 secs]2024-07-28T21:33:50.750+0800: 4.165: [class unloading, 0.0002087 secs]2024-07-28T21:33:50.750+0800: 4.165: [scrub symbol table, 0.0003435 secs]2024-07-28T21:33:50.750+0800: 4.165: [scrub string table, 0.0000982 secs][1 CMS-remark: 287380K(464040K)] 300036K(542696K), 0.0014900 secs] [Times: user=0.00 sys=0.00, real=0.00 secs] 
2024-07-28T21:33:50.750+0800: 4.165: Total time for which application threads were stopped: 0.0016589 seconds, Stopping threads took: 0.0001344 seconds
2024-07-28T21:33:50.751+0800: 4.166: [CMS-concurrent-sweep-start]
2024-07-28T21:33:50.752+0800: 4.168: [CMS-concurrent-sweep: 0.002/0.002 secs] [Times: user=0.00 sys=0.00, real=0.00 secs] 
2024-07-28T21:33:50.752+0800: 4.168: [CMS-concurrent-reset-start]
2024-07-28T21:33:50.754+0800: 4.169: [CMS-concurrent-reset: 0.002/0.002 secs] [Times: user=0.03 sys=0.00, real=0.00 secs] 
2024-07-28T21:33:50.755+0800: 4.171: Application time: 0.0052820 seconds
2024-07-28T21:33:50.756+0800: 4.171: [GC (Allocation Failure) 2024-07-28T21:33:50.756+0800: 4.171: [ParNew: 77168K->8192K(78656K), 0.0120472 secs] 224258K->223891K(542696K), 0.0120961 secs] [Times: user=0.00 sys=0.00, real=0.01 secs] 
2024-07-28T21:33:50.768+0800: 4.183: Total time for which application threads were stopped: 0.0122013 seconds, Stopping threads took: 0.0000204 seconds
2024-07-28T21:33:50.768+0800: 4.183: Application time: 0.0002452 seconds
2024-07-28T21:33:50.768+0800: 4.183: [GC (CMS Initial Mark) [1 CMS-initial-mark: 215699K(464040K)] 227331K(542696K), 0.0008209 secs] [Times: user=0.00 sys=0.00, real=0.00 secs] 
2024-07-28T21:33:50.769+0800: 4.184: Total time for which application threads were stopped: 0.0009884 seconds, Stopping threads took: 0.0001242 seconds
2024-07-28T21:33:50.769+0800: 4.184: [CMS-concurrent-mark-start]
2024-07-28T21:33:50.771+0800: 4.186: [CMS-concurrent-mark: 0.002/0.002 secs] [Times: user=0.05 sys=0.00, real=0.00 secs] 
2024-07-28T21:33:50.771+0800: 4.186: [CMS-concurrent-preclean-start]
2024-07-28T21:33:50.772+0800: 4.187: [CMS-concurrent-preclean: 0.001/0.001 secs] [Times: user=0.00 sys=0.00, real=0.00 secs] 
2024-07-28T21:33:50.772+0800: 4.187: [CMS-concurrent-abortable-preclean-start]
2024-07-28T21:33:50.890+0800: 4.304: Application time: 0.1202406 seconds
2024-07-28T21:33:50.890+0800: 4.304: [GC (Allocation Failure) 2024-07-28T21:33:50.890+0800: 4.304: [ParNew: 77168K->8192K(78656K), 0.0119536 secs] 292868K->292500K(542696K), 0.0120423 secs] [Times: user=0.03 sys=0.00, real=0.01 secs] 
2024-07-28T21:33:50.902+0800: 4.317: Total time for which application threads were stopped: 0.0121565 seconds, Stopping threads took: 0.0000200 seconds
2024-07-28T21:33:51.011+0800: 4.426: Application time: 0.1094078 seconds
2024-07-28T21:33:51.011+0800: 4.426: [GC (Allocation Failure) 2024-07-28T21:33:51.011+0800: 4.426: [ParNew: 77168K->8192K(78656K), 0.0033519 secs] 361477K->298644K(542696K), 0.0034093 secs] [Times: user=0.00 sys=0.00, real=0.00 secs] 
2024-07-28T21:33:51.015+0800: 4.429: Total time for which application threads were stopped: 0.0035209 seconds, Stopping threads took: 0.0000202 seconds
2024-07-28T21:33:51.015+0800: 4.430: [CMS-concurrent-abortable-preclean: 0.006/0.243 secs] [Times: user=0.03 sys=0.00, real=0.24 secs] 
2024-07-28T21:33:51.015+0800: 4.430: Application time: 0.0003187 seconds
2024-07-28T21:33:51.015+0800: 4.430: [GC (CMS Final Remark) [YG occupancy: 12655 K (78656 K)]2024-07-28T21:33:51.015+0800: 4.430: [Rescan (parallel) , 0.0007074 secs]2024-07-28T21:33:51.016+0800: 4.431: [weak refs processing, 0.0000130 secs]2024-07-28T21:33:51.016+0800: 4.431: [class unloading, 0.0002104 secs]2024-07-28T21:33:51.016+0800: 4.431: [scrub symbol table, 0.0003508 secs]2024-07-28T21:33:51.017+0800: 4.431: [scrub string table, 0.0000993 secs][1 CMS-remark: 290452K(464040K)] 303108K(542696K), 0.0014446 secs] [Times: user=0.00 sys=0.00, real=0.00 secs] 
2024-07-28T21:33:51.017+0800: 4.431: Total time for which application threads were stopped: 0.0016094 seconds, Stopping threads took: 0.0001289 seconds
2024-07-28T21:33:51.017+0800: 4.432: [CMS-concurrent-sweep-start]
2024-07-28T21:33:51.018+0800: 4.433: [CMS-concurrent-sweep: 0.001/0.001 secs] [Times: user=0.00 sys=0.00, real=0.00 secs] 
2024-07-28T21:33:51.018+0800: 4.433: [CMS-concurrent-reset-start]
2024-07-28T21:33:51.020+0800: 4.434: [CMS-concurrent-reset: 0.001/0.001 secs] [Times: user=0.03 sys=0.00, real=0.00 secs] 
2024-07-28T21:33:51.022+0800: 4.436: Application time: 0.0050403 seconds
2024-07-28T21:33:51.022+0800: 4.437: [GC (Allocation Failure) 2024-07-28T21:33:51.022+0800: 4.437: [ParNew: 77168K->8192K(78656K), 0.0118367 secs] 226307K->225939K(542696K), 0.0118850 secs] [Times: user=0.00 sys=0.00, real=0.01 secs] 
2024-07-28T21:33:51.034+0800: 4.448: Total time for which application threads were stopped: 0.0119855 seconds, Stopping threads took: 0.0000161 seconds
2024-07-28T21:33:51.034+0800: 4.449: Application time: 0.0002167 seconds
2024-07-28T21:33:51.034+0800: 4.449: [GC (CMS Initial Mark) [1 CMS-initial-mark: 217747K(464040K)] 229379K(542696K), 0.0007789 secs] [Times: user=0.00 sys=0.00, real=0.00 secs] 
2024-07-28T21:33:51.035+0800: 4.450: Total time for which application threads were stopped: 0.0009855 seconds, Stopping threads took: 0.0001610 seconds
2024-07-28T21:33:51.035+0800: 4.450: [CMS-concurrent-mark-start]
2024-07-28T21:33:51.037+0800: 4.452: [CMS-concurrent-mark: 0.002/0.002 secs] [Times: user=0.05 sys=0.00, real=0.00 secs] 
2024-07-28T21:33:51.037+0800: 4.452: [CMS-concurrent-preclean-start]
2024-07-28T21:33:51.038+0800: 4.452: [CMS-concurrent-preclean: 0.001/0.001 secs] [Times: user=0.00 sys=0.00, real=0.00 secs] 
2024-07-28T21:33:51.038+0800: 4.452: [CMS-concurrent-abortable-preclean-start]
2024-07-28T21:33:51.155+0800: 4.570: Application time: 0.1200155 seconds
2024-07-28T21:33:51.155+0800: 4.570: [GC (Allocation Failure) 2024-07-28T21:33:51.155+0800: 4.570: [ParNew: 77168K->8192K(78656K), 0.0119858 secs] 294916K->294548K(542696K), 0.0120453 secs] [Times: user=0.03 sys=0.00, real=0.01 secs] 
2024-07-28T21:33:51.167+0800: 4.582: Total time for which application threads were stopped: 0.0122255 seconds, Stopping threads took: 0.0000202 seconds
2024-07-28T21:33:51.276+0800: 4.691: Application time: 0.1089703 seconds
2024-07-28T21:33:51.276+0800: 4.691: [GC (Allocation Failure) 2024-07-28T21:33:51.276+0800: 4.691: [ParNew: 77168K->8192K(78656K), 0.0031503 secs] 363525K->301717K(542696K), 0.0032080 secs] [Times: user=0.00 sys=0.00, real=0.00 secs] 
2024-07-28T21:33:51.280+0800: 4.694: Total time for which application threads were stopped: 0.0033169 seconds, Stopping threads took: 0.0000197 seconds
2024-07-28T21:33:51.280+0800: 4.694: [CMS-concurrent-abortable-preclean: 0.005/0.242 secs] [Times: user=0.03 sys=0.00, real=0.24 secs] 
2024-07-28T21:33:51.280+0800: 4.695: Application time: 0.0003408 seconds
2024-07-28T21:33:51.280+0800: 4.695: [GC (CMS Final Remark) [YG occupancy: 13679 K (78656 K)]2024-07-28T21:33:51.280+0800: 4.695: [Rescan (parallel) , 0.0004865 secs]2024-07-28T21:33:51.281+0800: 4.695: [weak refs processing, 0.0000129 secs]2024-07-28T21:33:51.281+0800: 4.695: [class unloading, 0.0001990 secs]2024-07-28T21:33:51.281+0800: 4.695: [scrub symbol table, 0.0003352 secs]2024-07-28T21:33:51.281+0800: 4.696: [scrub string table, 0.0000992 secs][1 CMS-remark: 293524K(464040K)] 307204K(542696K), 0.0011980 secs] [Times: user=0.00 sys=0.00, real=0.00 secs] 
2024-07-28T21:33:51.281+0800: 4.696: Total time for which application threads were stopped: 0.0013473 seconds, Stopping threads took: 0.0001125 seconds
2024-07-28T21:33:51.282+0800: 4.696: [CMS-concurrent-sweep-start]
2024-07-28T21:33:51.283+0800: 4.698: [CMS-concurrent-sweep: 0.001/0.001 secs] [Times: user=0.00 sys=0.00, real=0.00 secs] 
2024-07-28T21:33:51.283+0800: 4.698: [CMS-concurrent-reset-start]
2024-07-28T21:33:51.284+0800: 4.699: [CMS-concurrent-reset: 0.001/0.001 secs] [Times: user=0.00 sys=0.00, real=0.00 secs] 
2024-07-28T21:33:51.286+0800: 4.701: Application time: 0.0047966 seconds
2024-07-28T21:33:51.286+0800: 4.701: [GC (Allocation Failure) 2024-07-28T21:33:51.286+0800: 4.701: [ParNew: 77168K->8192K(78656K), 0.0121069 secs] 228355K->227987K(542696K), 0.0121559 secs] [Times: user=0.00 sys=0.00, real=0.01 secs] 
2024-07-28T21:33:51.298+0800: 4.713: Total time for which application threads were stopped: 0.0122657 seconds, Stopping threads took: 0.0000147 seconds
2024-07-28T21:33:51.299+0800: 4.713: Application time: 0.0001663 seconds
2024-07-28T21:33:51.299+0800: 4.713: [GC (CMS Initial Mark) [1 CMS-initial-mark: 219795K(464040K)] 231427K(542696K), 0.0008182 secs] [Times: user=0.00 sys=0.00, real=0.00 secs] 
2024-07-28T21:33:51.300+0800: 4.714: Total time for which application threads were stopped: 0.0009935 seconds, Stopping threads took: 0.0001293 seconds
2024-07-28T21:33:51.300+0800: 4.714: [CMS-concurrent-mark-start]
2024-07-28T21:33:51.301+0800: 4.716: [CMS-concurrent-mark: 0.002/0.002 secs] [Times: user=0.00 sys=0.00, real=0.00 secs] 
2024-07-28T21:33:51.301+0800: 4.716: [CMS-concurrent-preclean-start]
2024-07-28T21:33:51.302+0800: 4.717: [CMS-concurrent-preclean: 0.001/0.001 secs] [Times: user=0.01 sys=0.00, real=0.00 secs] 
2024-07-28T21:33:51.302+0800: 4.717: [CMS-concurrent-abortable-preclean-start]
2024-07-28T21:33:51.418+0800: 4.834: Application time: 0.1195024 seconds
2024-07-28T21:33:51.419+0800: 4.834: [GC (Allocation Failure) 2024-07-28T21:33:51.419+0800: 4.834: [ParNew: 77168K->8192K(78656K), 0.0120519 secs] 296964K->296596K(542696K), 0.0121258 secs] [Times: user=0.03 sys=0.00, real=0.01 secs] 
2024-07-28T21:33:51.431+0800: 4.846: Total time for which application threads were stopped: 0.0122523 seconds, Stopping threads took: 0.0000200 seconds
2024-07-28T21:33:51.542+0800: 4.957: Application time: 0.1112603 seconds
2024-07-28T21:33:51.542+0800: 4.957: [GC (Allocation Failure) 2024-07-28T21:33:51.542+0800: 4.957: [ParNew: 77168K->8192K(78656K), 0.0034343 secs] 365573K->304789K(542696K), 0.0034951 secs] [Times: user=0.00 sys=0.00, real=0.00 secs] 
2024-07-28T21:33:51.546+0800: 4.961: Total time for which application threads were stopped: 0.0036583 seconds, Stopping threads took: 0.0000195 seconds
2024-07-28T21:33:51.546+0800: 4.961: [CMS-concurrent-abortable-preclean: 0.005/0.244 secs] [Times: user=0.03 sys=0.00, real=0.24 secs] 
2024-07-28T21:33:51.546+0800: 4.961: Application time: 0.0003642 seconds
2024-07-28T21:33:51.546+0800: 4.961: [GC (CMS Final Remark) [YG occupancy: 13679 K (78656 K)]2024-07-28T21:33:51.546+0800: 4.961: [Rescan (parallel) , 0.0009714 secs]2024-07-28T21:33:51.547+0800: 4.962: [weak refs processing, 0.0000130 secs]2024-07-28T21:33:51.547+0800: 4.962: [class unloading, 0.0001961 secs]2024-07-28T21:33:51.547+0800: 4.963: [scrub symbol table, 0.0003495 secs]2024-07-28T21:33:51.548+0800: 4.963: [scrub string table, 0.0000986 secs][1 CMS-remark: 296596K(464040K)] 310276K(542696K), 0.0016990 secs] [Times: user=0.00 sys=0.00, real=0.00 secs] 
2024-07-28T21:33:51.548+0800: 4.963: Total time for which application threads were stopped: 0.0018674 seconds, Stopping threads took: 0.0001325 seconds
2024-07-28T21:33:51.548+0800: 4.963: [CMS-concurrent-sweep-start]
2024-07-28T21:33:51.550+0800: 4.965: [CMS-concurrent-sweep: 0.001/0.001 secs] [Times: user=0.00 sys=0.00, real=0.00 secs] 
2024-07-28T21:33:51.550+0800: 4.965: [CMS-concurrent-reset-start]
2024-07-28T21:33:51.551+0800: 4.966: [CMS-concurrent-reset: 0.001/0.001 secs] [Times: user=0.03 sys=0.00, real=0.00 secs] 
2024-07-28T21:33:51.553+0800: 4.968: Application time: 0.0048884 seconds
2024-07-28T21:33:51.553+0800: 4.968: [GC (Allocation Failure) 2024-07-28T21:33:51.553+0800: 4.968: [ParNew: 77168K->8192K(78656K), 0.0120924 secs] 230403K->230035K(542696K), 0.0121427 secs] [Times: user=0.00 sys=0.00, real=0.01 secs] 
2024-07-28T21:33:51.565+0800: 4.980: Total time for which application threads were stopped: 0.0122436 seconds, Stopping threads took: 0.0000178 seconds
2024-07-28T21:33:51.565+0800: 4.980: Application time: 0.0001548 seconds
2024-07-28T21:33:51.565+0800: 4.981: [GC (CMS Initial Mark) [1 CMS-initial-mark: 221843K(464040K)] 233475K(542696K), 0.0007644 secs] [Times: user=0.00 sys=0.00, real=0.00 secs] 
2024-07-28T21:33:51.566+0800: 4.981: Total time for which application threads were stopped: 0.0009689 seconds, Stopping threads took: 0.0001576 seconds
2024-07-28T21:33:51.566+0800: 4.981: [CMS-concurrent-mark-start]
2024-07-28T21:33:51.568+0800: 4.983: [CMS-concurrent-mark: 0.001/0.001 secs] [Times: user=0.05 sys=0.00, real=0.00 secs] 
2024-07-28T21:33:51.568+0800: 4.983: [CMS-concurrent-preclean-start]
2024-07-28T21:33:51.568+0800: 4.983: [CMS-concurrent-preclean: 0.001/0.001 secs] [Times: user=0.00 sys=0.00, real=0.00 secs] 
2024-07-28T21:33:51.568+0800: 4.984: [CMS-concurrent-abortable-preclean-start]
2024-07-28T21:33:51.684+0800: 5.099: Application time: 0.1177385 seconds
2024-07-28T21:33:51.684+0800: 5.099: [GC (Allocation Failure) 2024-07-28T21:33:51.684+0800: 5.099: [ParNew: 77360K->8202K(78656K), 0.0121708 secs] 299204K->298655K(542696K), 0.0122330 secs] [Times: user=0.03 sys=0.00, real=0.01 secs] 
2024-07-28T21:33:51.697+0800: 5.111: Total time for which application threads were stopped: 0.0123432 seconds, Stopping threads took: 0.0000202 seconds
2024-07-28T21:33:51.807+0800: 5.222: Application time: 0.1105347 seconds
2024-07-28T21:33:51.808+0800: 5.222: [GC (Allocation Failure) 2024-07-28T21:33:51.808+0800: 5.222: [ParNew: 77177K->8192K(78656K), 0.0037463 secs] 367630K->307861K(542696K), 0.0038036 secs] [Times: user=0.00 sys=0.00, real=0.00 secs] 
2024-07-28T21:33:51.811+0800: 5.226: Total time for which application threads were stopped: 0.0039268 seconds, Stopping threads took: 0.0000183 seconds
2024-07-28T21:33:51.811+0800: 5.226: [CMS-concurrent-abortable-preclean: 0.006/0.242 secs] [Times: user=0.03 sys=0.00, real=0.24 secs] 
2024-07-28T21:33:51.812+0800: 5.226: Application time: 0.0002998 seconds
2024-07-28T21:33:51.812+0800: 5.226: [GC (CMS Final Remark) [YG occupancy: 12654 K (78656 K)]2024-07-28T21:33:51.812+0800: 5.226: [Rescan (parallel) , 0.0009436 secs]2024-07-28T21:33:51.813+0800: 5.227: [weak refs processing, 0.0000152 secs]2024-07-28T21:33:51.813+0800: 5.227: [class unloading, 0.0002291 secs]2024-07-28T21:33:51.813+0800: 5.228: [scrub symbol table, 0.0003403 secs]2024-07-28T21:33:51.813+0800: 5.228: [scrub string table, 0.0000977 secs][1 CMS-remark: 299669K(464040K)] 312324K(542696K), 0.0016942 secs] [Times: user=0.00 sys=0.00, real=0.00 secs] 
2024-07-28T21:33:51.813+0800: 5.228: Total time for which application threads were stopped: 0.0018575 seconds, Stopping threads took: 0.0001279 seconds
2024-07-28T21:33:51.814+0800: 5.228: [CMS-concurrent-sweep-start]
2024-07-28T21:33:51.815+0800: 5.230: [CMS-concurrent-sweep: 0.002/0.002 secs] [Times: user=0.00 sys=0.00, real=0.00 secs] 
2024-07-28T21:33:51.815+0800: 5.230: [CMS-concurrent-reset-start]
2024-07-28T21:33:51.816+0800: 5.231: [CMS-concurrent-reset: 0.001/0.001 secs] [Times: user=0.00 sys=0.00, real=0.00 secs] 
2024-07-28T21:33:51.818+0800: 5.233: Application time: 0.0047187 seconds
2024-07-28T21:33:51.818+0800: 5.233: [GC (Allocation Failure) 2024-07-28T21:33:51.818+0800: 5.233: [ParNew: 77167K->8192K(78656K), 0.0121688 secs] 232451K->232084K(542696K), 0.0122172 secs] [Times: user=0.00 sys=0.00, real=0.01 secs] 
2024-07-28T21:33:51.831+0800: 5.245: Total time for which application threads were stopped: 0.0123165 seconds, Stopping threads took: 0.0000126 seconds
2024-07-28T21:33:51.831+0800: 5.245: Application time: 0.0002347 seconds
2024-07-28T21:33:51.831+0800: 5.245: [GC (CMS Initial Mark) [1 CMS-initial-mark: 223892K(464040K)] 235523K(542696K), 0.0008784 secs] [Times: user=0.00 sys=0.00, real=0.00 secs] 
2024-07-28T21:33:51.832+0800: 5.246: Total time for which application threads were stopped: 0.0010828 seconds, Stopping threads took: 0.0001563 seconds
2024-07-28T21:33:51.832+0800: 5.246: [CMS-concurrent-mark-start]
2024-07-28T21:33:51.833+0800: 5.248: [CMS-concurrent-mark: 0.001/0.001 secs] [Times: user=0.05 sys=0.00, real=0.00 secs] 
2024-07-28T21:33:51.834+0800: 5.248: [CMS-concurrent-preclean-start]
2024-07-28T21:33:51.834+0800: 5.249: [CMS-concurrent-preclean: 0.001/0.001 secs] [Times: user=0.00 sys=0.00, real=0.00 secs] 
2024-07-28T21:33:51.834+0800: 5.249: [CMS-concurrent-abortable-preclean-start]
2024-07-28T21:33:51.953+0800: 5.367: Application time: 0.1209331 seconds
2024-07-28T21:33:51.953+0800: 5.367: [GC (Allocation Failure) 2024-07-28T21:33:51.953+0800: 5.367: [ParNew: 77168K->8192K(78656K), 0.0120242 secs] 301060K->300693K(542696K), 0.0120992 secs] [Times: user=0.03 sys=0.00, real=0.01 secs] 
2024-07-28T21:33:51.965+0800: 5.380: Total time for which application threads were stopped: 0.0122320 seconds, Stopping threads took: 0.0000226 seconds
2024-07-28T21:33:52.076+0800: 5.491: Application time: 0.1119457 seconds
2024-07-28T21:33:52.076+0800: 5.492: [GC (Allocation Failure) 2024-07-28T21:33:52.076+0800: 5.492: [ParNew: 77168K->8192K(78656K), 0.0038025 secs] 369670K->310933K(542696K), 0.0038560 secs] [Times: user=0.00 sys=0.00, real=0.00 secs] 
2024-07-28T21:33:52.080+0800: 5.495: Total time for which application threads were stopped: 0.0039630 seconds, Stopping threads took: 0.0000185 seconds
2024-07-28T21:33:52.080+0800: 5.496: [CMS-concurrent-abortable-preclean: 0.005/0.247 secs] [Times: user=0.03 sys=0.00, real=0.25 secs] 
2024-07-28T21:33:52.080+0800: 5.496: Application time: 0.0004459 seconds
2024-07-28T21:33:52.081+0800: 5.496: [GC (CMS Final Remark) [YG occupancy: 14703 K (78656 K)]2024-07-28T21:33:52.081+0800: 5.496: [Rescan (parallel) , 0.0006976 secs]2024-07-28T21:33:52.081+0800: 5.497: [weak refs processing, 0.0000126 secs]2024-07-28T21:33:52.081+0800: 5.497: [class unloading, 0.0002206 secs]2024-07-28T21:33:52.082+0800: 5.497: [scrub symbol table, 0.0003410 secs]2024-07-28T21:33:52.082+0800: 5.497: [scrub string table, 0.0001132 secs][1 CMS-remark: 302741K(464040K)] 317445K(542696K), 0.0014486 secs] [Times: user=0.01 sys=0.00, real=0.00 secs] 
2024-07-28T21:33:52.082+0800: 5.497: Total time for which application threads were stopped: 0.0015789 seconds, Stopping threads took: 0.0000925 seconds
2024-07-28T21:33:52.082+0800: 5.498: [CMS-concurrent-sweep-start]
2024-07-28T21:33:52.085+0800: 5.499: [CMS-concurrent-sweep: 0.002/0.002 secs] [Times: user=0.00 sys=0.00, real=0.00 secs] 
2024-07-28T21:33:52.085+0800: 5.499: [CMS-concurrent-reset-start]
2024-07-28T21:33:52.086+0800: 5.501: [CMS-concurrent-reset: 0.001/0.001 secs] [Times: user=0.00 sys=0.00, real=0.00 secs] 
2024-07-28T21:33:52.087+0800: 5.502: Application time: 0.0049510 seconds
2024-07-28T21:33:52.087+0800: 5.503: [GC (Allocation Failure) 2024-07-28T21:33:52.087+0800: 5.503: [ParNew: 77168K->8192K(78656K), 0.0119829 secs] 234500K->234132K(542696K), 0.0120325 secs] [Times: user=0.03 sys=0.00, real=0.01 secs] 
2024-07-28T21:33:52.100+0800: 5.515: Total time for which application threads were stopped: 0.0121309 seconds, Stopping threads took: 0.0000148 seconds
2024-07-28T21:33:52.100+0800: 5.515: Application time: 0.0002634 seconds
2024-07-28T21:33:52.101+0800: 5.515: [GC (CMS Initial Mark) [1 CMS-initial-mark: 225940K(464040K)] 237572K(542696K), 0.0008238 secs] [Times: user=0.00 sys=0.00, real=0.00 secs] 
2024-07-28T21:33:52.101+0800: 5.516: Total time for which application threads were stopped: 0.0009523 seconds, Stopping threads took: 0.0000862 seconds
2024-07-28T21:33:52.101+0800: 5.516: [CMS-concurrent-mark-start]
2024-07-28T21:33:52.102+0800: 5.517: [CMS-concurrent-mark: 0.001/0.001 secs] [Times: user=0.00 sys=0.00, real=0.00 secs] 
2024-07-28T21:33:52.102+0800: 5.517: [CMS-concurrent-preclean-start]
2024-07-28T21:33:52.103+0800: 5.518: [CMS-concurrent-preclean: 0.001/0.001 secs] [Times: user=0.00 sys=0.00, real=0.00 secs] 
2024-07-28T21:33:52.103+0800: 5.518: [CMS-concurrent-abortable-preclean-start]
2024-07-28T21:33:52.221+0800: 5.636: Application time: 0.1199609 seconds
2024-07-28T21:33:52.221+0800: 5.636: [GC (Allocation Failure) 2024-07-28T21:33:52.221+0800: 5.636: [ParNew: 77168K->8192K(78656K), 0.0118891 secs] 303109K->302741K(542696K), 0.0119461 secs] [Times: user=0.03 sys=0.00, real=0.01 secs] 
2024-07-28T21:33:52.233+0800: 5.648: Total time for which application threads were stopped: 0.0120701 seconds, Stopping threads took: 0.0000239 seconds
2024-07-28T21:33:52.344+0800: 5.758: Application time: 0.1103543 seconds
2024-07-28T21:33:52.344+0800: 5.758: [GC (Allocation Failure) 2024-07-28T21:33:52.344+0800: 5.758: [ParNew: 77168K->8192K(78656K), 0.0041362 secs] 371718K->314005K(542696K), 0.0041937 secs] [Times: user=0.00 sys=0.00, real=0.00 secs] 
2024-07-28T21:33:52.348+0800: 5.763: Total time for which application threads were stopped: 0.0043031 seconds, Stopping threads took: 0.0000187 seconds
2024-07-28T21:33:52.348+0800: 5.763: [CMS-concurrent-abortable-preclean: 0.005/0.244 secs] [Times: user=0.05 sys=0.00, real=0.25 secs] 
2024-07-28T21:33:52.348+0800: 5.763: Application time: 0.0004723 seconds
2024-07-28T21:33:52.348+0800: 5.763: [GC (CMS Final Remark) [YG occupancy: 15727 K (78656 K)]2024-07-28T21:33:52.348+0800: 5.763: [Rescan (parallel) , 0.0007646 secs]2024-07-28T21:33:52.349+0800: 5.764: [weak refs processing, 0.0000130 secs]2024-07-28T21:33:52.349+0800: 5.764: [class unloading, 0.0002305 secs]2024-07-28T21:33:52.350+0800: 5.764: [scrub symbol table, 0.0003625 secs]2024-07-28T21:33:52.350+0800: 5.765: [scrub string table, 0.0001025 secs][1 CMS-remark: 305813K(464040K)] 321541K(542696K), 0.0015372 secs] [Times: user=0.00 sys=0.02, real=0.00 secs] 
2024-07-28T21:33:52.350+0800: 5.765: Total time for which application threads were stopped: 0.0016649 seconds, Stopping threads took: 0.0000899 seconds
2024-07-28T21:33:52.350+0800: 5.765: [CMS-concurrent-sweep-start]
2024-07-28T21:33:52.352+0800: 5.767: [CMS-concurrent-sweep: 0.002/0.002 secs] [Times: user=0.00 sys=0.00, real=0.00 secs] 
2024-07-28T21:33:52.352+0800: 5.767: [CMS-concurrent-reset-start]
2024-07-28T21:33:52.354+0800: 5.768: [CMS-concurrent-reset: 0.002/0.002 secs] [Times: user=0.00 sys=0.00, real=0.00 secs] 
2024-07-28T21:33:52.355+0800: 5.770: Application time: 0.0048562 seconds
2024-07-28T21:33:52.355+0800: 5.770: [GC (Allocation Failure) 2024-07-28T21:33:52.355+0800: 5.770: [ParNew: 77168K->8192K(78656K), 0.0122687 secs] 236548K->236180K(542696K), 0.0123256 secs] [Times: user=0.03 sys=0.00, real=0.01 secs] 
2024-07-28T21:33:52.367+0800: 5.782: Total time for which application threads were stopped: 0.0124262 seconds, Stopping threads took: 0.0000167 seconds
2024-07-28T21:33:52.368+0800: 5.782: Application time: 0.0002602 seconds
2024-07-28T21:33:52.368+0800: 5.782: [GC (CMS Initial Mark) [1 CMS-initial-mark: 227988K(464040K)] 239620K(542696K), 0.0005943 secs] [Times: user=0.00 sys=0.00, real=0.00 secs] 
2024-07-28T21:33:52.368+0800: 5.783: Total time for which application threads were stopped: 0.0007307 seconds, Stopping threads took: 0.0000942 seconds
2024-07-28T21:33:52.368+0800: 5.783: [CMS-concurrent-mark-start]
2024-07-28T21:33:52.370+0800: 5.785: [CMS-concurrent-mark: 0.002/0.002 secs] [Times: user=0.00 sys=0.00, real=0.00 secs] 
2024-07-28T21:33:52.370+0800: 5.785: [CMS-concurrent-preclean-start]
2024-07-28T21:33:52.371+0800: 5.785: [CMS-concurrent-preclean: 0.001/0.001 secs] [Times: user=0.00 sys=0.00, real=0.00 secs] 
2024-07-28T21:33:52.371+0800: 5.785: [CMS-concurrent-abortable-preclean-start]
2024-07-28T21:33:52.488+0800: 5.903: Application time: 0.1203026 seconds
2024-07-28T21:33:52.488+0800: 5.903: [GC (Allocation Failure) 2024-07-28T21:33:52.488+0800: 5.903: [ParNew: 77168K->8192K(78656K), 0.0117937 secs] 305157K->304789K(542696K), 0.0118548 secs] [Times: user=0.06 sys=0.00, real=0.01 secs] 
2024-07-28T21:33:52.500+0800: 5.915: Total time for which application threads were stopped: 0.0119721 seconds, Stopping threads took: 0.0000204 seconds
2024-07-28T21:33:52.610+0800: 6.025: Application time: 0.1097343 seconds
2024-07-28T21:33:52.610+0800: 6.025: [GC (Allocation Failure) 2024-07-28T21:33:52.610+0800: 6.025: [ParNew: 77168K->8192K(78656K), 0.0041038 secs] 373766K->317078K(542696K), 0.0041634 secs] [Times: user=0.00 sys=0.00, real=0.00 secs] 
2024-07-28T21:33:52.614+0800: 6.029: Total time for which application threads were stopped: 0.0042905 seconds, Stopping threads took: 0.0000351 seconds
2024-07-28T21:33:52.614+0800: 6.029: [CMS-concurrent-abortable-preclean: 0.005/0.244 secs] [Times: user=0.06 sys=0.00, real=0.24 secs] 
2024-07-28T21:33:52.614+0800: 6.030: Application time: 0.0002942 seconds
2024-07-28T21:33:52.615+0800: 6.030: [GC (CMS Final Remark) [YG occupancy: 12655 K (78656 K)]2024-07-28T21:33:52.615+0800: 6.030: [Rescan (parallel) , 0.0008205 secs]2024-07-28T21:33:52.615+0800: 6.031: [weak refs processing, 0.0000127 secs]2024-07-28T21:33:52.615+0800: 6.031: [class unloading, 0.0002203 secs]2024-07-28T21:33:52.616+0800: 6.031: [scrub symbol table, 0.0003459 secs]2024-07-28T21:33:52.616+0800: 6.031: [scrub string table, 0.0001129 secs][1 CMS-remark: 308885K(464040K)] 321541K(542696K), 0.0015752 secs] [Times: user=0.00 sys=0.00, real=0.00 secs] 
2024-07-28T21:33:52.616+0800: 6.031: Total time for which application threads were stopped: 0.0017831 seconds, Stopping threads took: 0.0001672 seconds
2024-07-28T21:33:52.616+0800: 6.032: [CMS-concurrent-sweep-start]
2024-07-28T21:33:52.617+0800: 6.033: [CMS-concurrent-sweep: 0.001/0.001 secs] [Times: user=0.00 sys=0.00, real=0.00 secs] 
2024-07-28T21:33:52.617+0800: 6.033: [CMS-concurrent-reset-start]
2024-07-28T21:33:52.619+0800: 6.034: [CMS-concurrent-reset: 0.001/0.001 secs] [Times: user=0.00 sys=0.00, real=0.00 secs] 
2024-07-28T21:33:52.621+0800: 6.036: Application time: 0.0050501 seconds
2024-07-28T21:33:52.621+0800: 6.036: [GC (Allocation Failure) 2024-07-28T21:33:52.621+0800: 6.036: [ParNew: 77168K->8192K(78656K), 0.0121578 secs] 238596K->238228K(542696K), 0.0122061 secs] [Times: user=0.03 sys=0.00, real=0.01 secs] 
2024-07-28T21:33:52.633+0800: 6.049: Total time for which application threads were stopped: 0.0123158 seconds, Stopping threads took: 0.0000142 seconds
2024-07-28T21:33:52.634+0800: 6.049: Application time: 0.0002571 seconds
2024-07-28T21:33:52.634+0800: 6.049: [GC (CMS Initial Mark) [1 CMS-initial-mark: 230036K(464040K)] 241668K(542696K), 0.0007431 secs] [Times: user=0.00 sys=0.00, real=0.00 secs] 
2024-07-28T21:33:52.635+0800: 6.050: Total time for which application threads were stopped: 0.0009347 seconds, Stopping threads took: 0.0001413 seconds
2024-07-28T21:33:52.635+0800: 6.050: [CMS-concurrent-mark-start]
2024-07-28T21:33:52.636+0800: 6.051: [CMS-concurrent-mark: 0.001/0.001 secs] [Times: user=0.00 sys=0.00, real=0.00 secs] 
2024-07-28T21:33:52.636+0800: 6.051: [CMS-concurrent-preclean-start]
2024-07-28T21:33:52.637+0800: 6.052: [CMS-concurrent-preclean: 0.001/0.001 secs] [Times: user=0.00 sys=0.00, real=0.00 secs] 
2024-07-28T21:33:52.637+0800: 6.052: [CMS-concurrent-abortable-preclean-start]
2024-07-28T21:33:52.753+0800: 6.168: Application time: 0.1182589 seconds
2024-07-28T21:33:52.753+0800: 6.168: [GC (Allocation Failure) 2024-07-28T21:33:52.753+0800: 6.168: [ParNew: 77168K->8192K(78656K), 0.0125809 secs] 307205K->306837K(542696K), 0.0126398 secs] [Times: user=0.13 sys=0.00, real=0.01 secs] 
2024-07-28T21:33:52.766+0800: 6.181: Total time for which application threads were stopped: 0.0127830 seconds, Stopping threads took: 0.0000264 seconds
2024-07-28T21:33:52.877+0800: 6.292: Application time: 0.1107895 seconds
2024-07-28T21:33:52.877+0800: 6.292: [GC (Allocation Failure) 2024-07-28T21:33:52.877+0800: 6.292: [ParNew: 77168K->8192K(78656K), 0.0044468 secs] 375814K->320150K(542696K), 0.0045064 secs] [Times: user=0.03 sys=0.00, real=0.00 secs] 
2024-07-28T21:33:52.881+0800: 6.296: Total time for which application threads were stopped: 0.0046288 seconds, Stopping threads took: 0.0000194 seconds
2024-07-28T21:33:52.881+0800: 6.296: [CMS-concurrent-abortable-preclean: 0.006/0.244 secs] [Times: user=0.16 sys=0.00, real=0.24 secs] 
2024-07-28T21:33:52.882+0800: 6.297: Application time: 0.0003221 seconds
2024-07-28T21:33:52.882+0800: 6.297: [GC (CMS Final Remark) [YG occupancy: 12655 K (78656 K)]2024-07-28T21:33:52.882+0800: 6.297: [Rescan (parallel) , 0.0008028 secs]2024-07-28T21:33:52.883+0800: 6.298: [weak refs processing, 0.0000131 secs]2024-07-28T21:33:52.883+0800: 6.298: [class unloading, 0.0002500 secs]2024-07-28T21:33:52.883+0800: 6.298: [scrub symbol table, 0.0003444 secs]2024-07-28T21:33:52.883+0800: 6.298: [scrub string table, 0.0000993 secs][1 CMS-remark: 311957K(464040K)] 324613K(542696K), 0.0015747 secs] [Times: user=0.00 sys=0.00, real=0.00 secs] 
2024-07-28T21:33:52.883+0800: 6.298: Total time for which application threads were stopped: 0.0016913 seconds, Stopping threads took: 0.0000801 seconds
2024-07-28T21:33:52.884+0800: 6.299: [CMS-concurrent-sweep-start]
2024-07-28T21:33:52.885+0800: 6.300: [CMS-concurrent-sweep: 0.001/0.001 secs] [Times: user=0.00 sys=0.00, real=0.00 secs] 
2024-07-28T21:33:52.885+0800: 6.300: [CMS-concurrent-reset-start]
2024-07-28T21:33:52.887+0800: 6.302: [CMS-concurrent-reset: 0.001/0.001 secs] [Times: user=0.00 sys=0.00, real=0.00 secs] 
2024-07-28T21:33:52.888+0800: 6.303: Application time: 0.0050500 seconds
2024-07-28T21:33:52.888+0800: 6.303: [GC (Allocation Failure) 2024-07-28T21:33:52.888+0800: 6.303: [ParNew: 77168K->8192K(78656K), 0.0118489 secs] 240644K->240276K(542696K), 0.0118974 secs] [Times: user=0.03 sys=0.00, real=0.01 secs] 
2024-07-28T21:33:52.900+0800: 6.315: Total time for which application threads were stopped: 0.0119976 seconds, Stopping threads took: 0.0000158 seconds
2024-07-28T21:33:52.901+0800: 6.316: Application time: 0.0001610 seconds
2024-07-28T21:33:52.901+0800: 6.316: [GC (CMS Initial Mark) [1 CMS-initial-mark: 232084K(464040K)] 243716K(542696K), 0.0007863 secs] [Times: user=0.00 sys=0.00, real=0.00 secs] 
2024-07-28T21:33:52.902+0800: 6.317: Total time for which application threads were stopped: 0.0010162 seconds, Stopping threads took: 0.0001876 seconds
2024-07-28T21:33:52.902+0800: 6.317: [CMS-concurrent-mark-start]
2024-07-28T21:33:52.903+0800: 6.318: [CMS-concurrent-mark: 0.002/0.002 secs] [Times: user=0.00 sys=0.00, real=0.00 secs] 
2024-07-28T21:33:52.903+0800: 6.318: [CMS-concurrent-preclean-start]
2024-07-28T21:33:52.904+0800: 6.319: [CMS-concurrent-preclean: 0.001/0.001 secs] [Times: user=0.00 sys=0.00, real=0.00 secs] 
2024-07-28T21:33:52.904+0800: 6.319: [CMS-concurrent-abortable-preclean-start]
2024-07-28T21:33:53.021+0800: 6.436: Application time: 0.1194559 seconds
2024-07-28T21:33:53.021+0800: 6.436: [GC (Allocation Failure) 2024-07-28T21:33:53.021+0800: 6.436: [ParNew: 77168K->8192K(78656K), 0.0122335 secs] 309253K->308885K(542696K), 0.0122969 secs] [Times: user=0.00 sys=0.00, real=0.01 secs] 
2024-07-28T21:33:53.033+0800: 6.448: Total time for which application threads were stopped: 0.0124201 seconds, Stopping threads took: 0.0000185 seconds
2024-07-28T21:33:53.143+0800: 6.558: Application time: 0.1097058 seconds
2024-07-28T21:33:53.143+0800: 6.558: [GC (Allocation Failure) 2024-07-28T21:33:53.143+0800: 6.558: [ParNew: 77168K->8192K(78656K), 0.0050978 secs] 377862K->323222K(542696K), 0.0051538 secs] [Times: user=0.03 sys=0.00, real=0.01 secs] 
2024-07-28T21:33:53.148+0800: 6.563: Total time for which application threads were stopped: 0.0052779 seconds, Stopping threads took: 0.0000182 seconds
2024-07-28T21:33:53.148+0800: 6.564: [CMS-concurrent-abortable-preclean: 0.006/0.244 secs] [Times: user=0.06 sys=0.00, real=0.24 secs] 
2024-07-28T21:33:53.148+0800: 6.564: Application time: 0.0002842 seconds
2024-07-28T21:33:53.149+0800: 6.564: [GC (CMS Final Remark) [YG occupancy: 12655 K (78656 K)]2024-07-28T21:33:53.149+0800: 6.564: [Rescan (parallel) , 0.0009321 secs]2024-07-28T21:33:53.150+0800: 6.565: [weak refs processing, 0.0000127 secs]2024-07-28T21:33:53.150+0800: 6.565: [class unloading, 0.0002139 secs]2024-07-28T21:33:53.150+0800: 6.565: [scrub symbol table, 0.0003453 secs]2024-07-28T21:33:53.150+0800: 6.565: [scrub string table, 0.0001120 secs][1 CMS-remark: 315029K(464040K)] 327685K(542696K), 0.0016812 secs] [Times: user=0.00 sys=0.00, real=0.00 secs] 
2024-07-28T21:33:53.150+0800: 6.566: Total time for which application threads were stopped: 0.0018414 seconds, Stopping threads took: 0.0001214 seconds
2024-07-28T21:33:53.151+0800: 6.566: [CMS-concurrent-sweep-start]
2024-07-28T21:33:53.152+0800: 6.567: [CMS-concurrent-sweep: 0.001/0.001 secs] [Times: user=0.00 sys=0.00, real=0.00 secs] 
2024-07-28T21:33:53.152+0800: 6.567: [CMS-concurrent-reset-start]
2024-07-28T21:33:53.154+0800: 6.569: [CMS-concurrent-reset: 0.001/0.001 secs] [Times: user=0.00 sys=0.00, real=0.00 secs] 
2024-07-28T21:33:53.155+0800: 6.571: Application time: 0.0051900 seconds
2024-07-28T21:33:53.156+0800: 6.571: [GC (Allocation Failure) 2024-07-28T21:33:53.156+0800: 6.571: [ParNew: 77168K->8192K(78656K), 0.0121851 secs] 242692K->242324K(542696K), 0.0122359 secs] [Times: user=0.03 sys=0.00, real=0.01 secs] 
2024-07-28T21:33:53.168+0800: 6.583: Total time for which application threads were stopped: 0.0123565 seconds, Stopping threads took: 0.0000208 seconds
2024-07-28T21:33:53.168+0800: 6.583: Application time: 0.0002958 seconds
2024-07-28T21:33:53.168+0800: 6.584: [GC (CMS Initial Mark) [1 CMS-initial-mark: 234132K(464040K)] 245764K(542696K), 0.0006451 secs] [Times: user=0.00 sys=0.00, real=0.00 secs] 
2024-07-28T21:33:53.169+0800: 6.584: Total time for which application threads were stopped: 0.0007884 seconds, Stopping threads took: 0.0000941 seconds
2024-07-28T21:33:53.169+0800: 6.584: [CMS-concurrent-mark-start]
2024-07-28T21:33:53.170+0800: 6.586: [CMS-concurrent-mark: 0.001/0.001 secs] [Times: user=0.00 sys=0.00, real=0.00 secs] 
2024-07-28T21:33:53.170+0800: 6.586: [CMS-concurrent-preclean-start]
2024-07-28T21:33:53.171+0800: 6.586: [CMS-concurrent-preclean: 0.001/0.001 secs] [Times: user=0.00 sys=0.00, real=0.00 secs] 
2024-07-28T21:33:53.171+0800: 6.586: [CMS-concurrent-abortable-preclean-start]
2024-07-28T21:33:53.285+0800: 6.700: Application time: 0.1157156 seconds
2024-07-28T21:33:53.285+0800: 6.700: [GC (Allocation Failure) 2024-07-28T21:33:53.285+0800: 6.700: [ParNew: 77168K->8192K(78656K), 0.0125110 secs] 311301K->310933K(542696K), 0.0125881 secs] [Times: user=0.13 sys=0.00, real=0.01 secs] 
2024-07-28T21:33:53.298+0800: 6.713: Total time for which application threads were stopped: 0.0127409 seconds, Stopping threads took: 0.0000284 seconds
2024-07-28T21:33:53.409+0800: 6.823: Application time: 0.1106685 seconds
2024-07-28T21:33:53.409+0800: 6.823: [GC (Allocation Failure) 2024-07-28T21:33:53.409+0800: 6.823: [ParNew: 77168K->8192K(78656K), 0.0047446 secs] 379910K->326294K(542696K), 0.0048228 secs] [Times: user=0.03 sys=0.00, real=0.01 secs] 
2024-07-28T21:33:53.414+0800: 6.828: Total time for which application threads were stopped: 0.0049336 seconds, Stopping threads took: 0.0000195 seconds
2024-07-28T21:33:53.414+0800: 6.828: [CMS-concurrent-abortable-preclean: 0.005/0.242 secs] [Times: user=0.17 sys=0.00, real=0.24 secs] 
2024-07-28T21:33:53.414+0800: 6.829: Application time: 0.0003193 seconds
2024-07-28T21:33:53.414+0800: 6.829: [GC (CMS Final Remark) [YG occupancy: 12655 K (78656 K)]2024-07-28T21:33:53.414+0800: 6.829: [Rescan (parallel) , 0.0007964 secs]2024-07-28T21:33:53.415+0800: 6.830: [weak refs processing, 0.0000127 secs]2024-07-28T21:33:53.415+0800: 6.830: [class unloading, 0.0002290 secs]2024-07-28T21:33:53.415+0800: 6.830: [scrub symbol table, 0.0003359 secs]2024-07-28T21:33:53.416+0800: 6.830: [scrub string table, 0.0001355 secs][1 CMS-remark: 318102K(464040K)] 330757K(542696K), 0.0015755 secs] [Times: user=0.00 sys=0.00, real=0.00 secs] 
2024-07-28T21:33:53.416+0800: 6.830: Total time for which application threads were stopped: 0.0017980 seconds, Stopping threads took: 0.0001831 seconds
2024-07-28T21:33:53.416+0800: 6.831: [CMS-concurrent-sweep-start]
2024-07-28T21:33:53.417+0800: 6.832: [CMS-concurrent-sweep: 0.001/0.001 secs] [Times: user=0.00 sys=0.00, real=0.00 secs] 
2024-07-28T21:33:53.417+0800: 6.832: [CMS-concurrent-reset-start]
2024-07-28T21:33:53.418+0800: 6.833: [CMS-concurrent-reset: 0.001/0.001 secs] [Times: user=0.00 sys=0.00, real=0.00 secs] 
2024-07-28T21:33:53.421+0800: 6.836: Application time: 0.0050793 seconds
2024-07-28T21:33:53.421+0800: 6.836: [GC (Allocation Failure) 2024-07-28T21:33:53.421+0800: 6.836: [ParNew: 77168K->8192K(78656K), 0.0119797 secs] 244740K->244372K(542696K), 0.0120300 secs] [Times: user=0.03 sys=0.00, real=0.01 secs] 
2024-07-28T21:33:53.433+0800: 6.848: Total time for which application threads were stopped: 0.0121314 seconds, Stopping threads took: 0.0000165 seconds
2024-07-28T21:33:53.433+0800: 6.848: Application time: 0.0002278 seconds
2024-07-28T21:33:53.433+0800: 6.848: [GC (CMS Initial Mark) [1 CMS-initial-mark: 236180K(464040K)] 247812K(542696K), 0.0007248 secs] [Times: user=0.00 sys=0.00, real=0.00 secs] 
2024-07-28T21:33:53.434+0800: 6.849: Total time for which application threads were stopped: 0.0009323 seconds, Stopping threads took: 0.0001535 seconds
2024-07-28T21:33:53.434+0800: 6.849: [CMS-concurrent-mark-start]
2024-07-28T21:33:53.436+0800: 6.850: [CMS-concurrent-mark: 0.001/0.001 secs] [Times: user=0.00 sys=0.00, real=0.00 secs] 
2024-07-28T21:33:53.436+0800: 6.850: [CMS-concurrent-preclean-start]
2024-07-28T21:33:53.436+0800: 6.851: [CMS-concurrent-preclean: 0.001/0.001 secs] [Times: user=0.00 sys=0.00, real=0.00 secs] 
2024-07-28T21:33:53.436+0800: 6.851: [CMS-concurrent-abortable-preclean-start]
2024-07-28T21:33:53.552+0800: 6.967: Application time: 0.1180049 seconds
2024-07-28T21:33:53.552+0800: 6.967: [GC (Allocation Failure) 2024-07-28T21:33:53.552+0800: 6.967: [ParNew: 77168K->8192K(78656K), 0.0122923 secs] 313349K->312981K(542696K), 0.0123554 secs] [Times: user=0.00 sys=0.00, real=0.01 secs] 
2024-07-28T21:33:53.564+0800: 6.979: Total time for which application threads were stopped: 0.0124683 seconds, Stopping threads took: 0.0000226 seconds
2024-07-28T21:33:53.674+0800: 7.089: Application time: 0.1099544 seconds
2024-07-28T21:33:53.674+0800: 7.089: [GC (Allocation Failure) 2024-07-28T21:33:53.674+0800: 7.089: [ParNew: 77168K->8192K(78656K), 0.0045777 secs] 381958K->329366K(542696K), 0.0046365 secs] [Times: user=0.03 sys=0.00, real=0.00 secs] 
2024-07-28T21:33:53.679+0800: 7.094: Total time for which application threads were stopped: 0.0047451 seconds, Stopping threads took: 0.0000196 seconds
2024-07-28T21:33:53.679+0800: 7.094: [CMS-concurrent-abortable-preclean: 0.006/0.243 secs] [Times: user=0.06 sys=0.00, real=0.24 secs] 
2024-07-28T21:33:53.679+0800: 7.094: Application time: 0.0003010 seconds
2024-07-28T21:33:53.680+0800: 7.094: [GC (CMS Final Remark) [YG occupancy: 12655 K (78656 K)]2024-07-28T21:33:53.680+0800: 7.094: [Rescan (parallel) , 0.0007093 secs]2024-07-28T21:33:53.680+0800: 7.095: [weak refs processing, 0.0000133 secs]2024-07-28T21:33:53.680+0800: 7.095: [class unloading, 0.0002132 secs]2024-07-28T21:33:53.681+0800: 7.095: [scrub symbol table, 0.0003160 secs]2024-07-28T21:33:53.681+0800: 7.096: [scrub string table, 0.0000915 secs][1 CMS-remark: 321174K(464040K)] 333829K(542696K), 0.0014102 secs] [Times: user=0.00 sys=0.00, real=0.00 secs] 
2024-07-28T21:33:53.681+0800: 7.096: Total time for which application threads were stopped: 0.0015571 seconds, Stopping threads took: 0.0001020 seconds
2024-07-28T21:33:53.681+0800: 7.096: [CMS-concurrent-sweep-start]
2024-07-28T21:33:53.683+0800: 7.098: [CMS-concurrent-sweep: 0.002/0.002 secs] [Times: user=0.00 sys=0.00, real=0.00 secs] 
2024-07-28T21:33:53.683+0800: 7.098: [CMS-concurrent-reset-start]
2024-07-28T21:33:53.684+0800: 7.099: [CMS-concurrent-reset: 0.001/0.001 secs] [Times: user=0.00 sys=0.00, real=0.00 secs] 
2024-07-28T21:33:53.686+0800: 7.101: Application time: 0.0048741 seconds
2024-07-28T21:33:53.686+0800: 7.101: [GC (Allocation Failure) 2024-07-28T21:33:53.686+0800: 7.101: [ParNew: 77168K->8192K(78656K), 0.0122306 secs] 246788K->246420K(542696K), 0.0122801 secs] [Times: user=0.03 sys=0.00, real=0.01 secs] 
2024-07-28T21:33:53.698+0800: 7.113: Total time for which application threads were stopped: 0.0123820 seconds, Stopping threads took: 0.0000168 seconds
2024-07-28T21:33:53.698+0800: 7.113: Application time: 0.0001842 seconds
2024-07-28T21:33:53.699+0800: 7.113: [GC (CMS Initial Mark) [1 CMS-initial-mark: 238228K(464040K)] 249860K(542696K), 0.0008418 secs] [Times: user=0.00 sys=0.00, real=0.00 secs] 
2024-07-28T21:33:53.699+0800: 7.114: Total time for which application threads were stopped: 0.0010411 seconds, Stopping threads took: 0.0001574 seconds
2024-07-28T21:33:53.700+0800: 7.114: [CMS-concurrent-mark-start]
2024-07-28T21:33:53.701+0800: 7.116: [CMS-concurrent-mark: 0.001/0.001 secs] [Times: user=0.00 sys=0.00, real=0.00 secs] 
2024-07-28T21:33:53.701+0800: 7.116: [CMS-concurrent-preclean-start]
2024-07-28T21:33:53.702+0800: 7.116: [CMS-concurrent-preclean: 0.001/0.001 secs] [Times: user=0.00 sys=0.00, real=0.00 secs] 
2024-07-28T21:33:53.702+0800: 7.117: [CMS-concurrent-abortable-preclean-start]
2024-07-28T21:33:53.819+0800: 7.234: Application time: 0.1200514 seconds
2024-07-28T21:33:53.819+0800: 7.234: [GC (Allocation Failure) 2024-07-28T21:33:53.819+0800: 7.235: [ParNew: 77168K->8198K(78656K), 0.0123786 secs] 315397K->315036K(542696K), 0.0124378 secs] [Times: user=0.00 sys=0.00, real=0.01 secs] 
2024-07-28T21:33:53.832+0800: 7.247: Total time for which application threads were stopped: 0.0125529 seconds, Stopping threads took: 0.0000245 seconds
2024-07-28T21:33:53.943+0800: 7.358: Application time: 0.1113167 seconds
2024-07-28T21:33:53.943+0800: 7.358: [GC (Allocation Failure) 2024-07-28T21:33:53.943+0800: 7.358: [ParNew: 77174K->8192K(78656K), 0.0049238 secs] 384012K->332438K(542696K), 0.0049844 secs] [Times: user=0.00 sys=0.00, real=0.00 secs] 
2024-07-28T21:33:53.948+0800: 7.363: Total time for which application threads were stopped: 0.0051020 seconds, Stopping threads took: 0.0000270 seconds
2024-07-28T21:33:53.948+0800: 7.363: [CMS-concurrent-abortable-preclean: 0.006/0.247 secs] [Times: user=0.05 sys=0.00, real=0.25 secs] 
2024-07-28T21:33:53.948+0800: 7.364: Application time: 0.0002945 seconds
2024-07-28T21:33:53.948+0800: 7.364: [GC (CMS Final Remark) [YG occupancy: 12655 K (78656 K)]2024-07-28T21:33:53.949+0800: 7.364: [Rescan (parallel) , 0.0007366 secs]2024-07-28T21:33:53.949+0800: 7.365: [weak refs processing, 0.0000170 secs]2024-07-28T21:33:53.949+0800: 7.365: [class unloading, 0.0002212 secs]2024-07-28T21:33:53.950+0800: 7.365: [scrub symbol table, 0.0003321 secs]2024-07-28T21:33:53.950+0800: 7.365: [scrub string table, 0.0001132 secs][1 CMS-remark: 324246K(464040K)] 336902K(542696K), 0.0014886 secs] [Times: user=0.00 sys=0.00, real=0.00 secs] 
2024-07-28T21:33:53.950+0800: 7.365: Total time for which application threads were stopped: 0.0016753 seconds, Stopping threads took: 0.0001502 seconds
2024-07-28T21:33:53.950+0800: 7.366: [CMS-concurrent-sweep-start]
2024-07-28T21:33:53.952+0800: 7.367: [CMS-concurrent-sweep: 0.001/0.001 secs] [Times: user=0.00 sys=0.00, real=0.00 secs] 
2024-07-28T21:33:53.952+0800: 7.367: [CMS-concurrent-reset-start]
2024-07-28T21:33:53.953+0800: 7.368: [CMS-concurrent-reset: 0.001/0.001 secs] [Times: user=0.00 sys=0.00, real=0.00 secs] 
2024-07-28T21:33:53.955+0800: 7.371: Application time: 0.0051454 seconds
2024-07-28T21:33:53.955+0800: 7.371: [GC (Allocation Failure) 2024-07-28T21:33:53.955+0800: 7.371: [ParNew: 77168K->8192K(78656K), 0.0120004 secs] 248837K->248469K(542696K), 0.0120512 secs] [Times: user=0.03 sys=0.00, real=0.01 secs] 
2024-07-28T21:33:53.967+0800: 7.383: Total time for which application threads were stopped: 0.0121637 seconds, Stopping threads took: 0.0000157 seconds
2024-07-28T21:33:53.968+0800: 7.383: Application time: 0.0001847 seconds
2024-07-28T21:33:53.968+0800: 7.383: [GC (CMS Initial Mark) [1 CMS-initial-mark: 240277K(464040K)] 251909K(542696K), 0.0007792 secs] [Times: user=0.00 sys=0.00, real=0.00 secs] 
2024-07-28T21:33:53.968+0800: 7.384: Total time for which application threads were stopped: 0.0009691 seconds, Stopping threads took: 0.0001435 seconds
2024-07-28T21:33:53.969+0800: 7.384: [CMS-concurrent-mark-start]
2024-07-28T21:33:53.970+0800: 7.385: [CMS-concurrent-mark: 0.001/0.001 secs] [Times: user=0.00 sys=0.00, real=0.00 secs] 
2024-07-28T21:33:53.970+0800: 7.385: [CMS-concurrent-preclean-start]
2024-07-28T21:33:53.970+0800: 7.386: [CMS-concurrent-preclean: 0.001/0.001 secs] [Times: user=0.00 sys=0.00, real=0.00 secs] 
2024-07-28T21:33:53.970+0800: 7.386: [CMS-concurrent-abortable-preclean-start]
2024-07-28T21:33:54.088+0800: 7.503: Application time: 0.1187344 seconds
2024-07-28T21:33:54.088+0800: 7.503: [GC (Allocation Failure) 2024-07-28T21:33:54.088+0800: 7.503: [ParNew: 77168K->8192K(78656K), 0.0123041 secs] 317446K->317078K(542696K), 0.0123640 secs] [Times: user=0.03 sys=0.00, real=0.01 secs] 
2024-07-28T21:33:54.100+0800: 7.515: Total time for which application threads were stopped: 0.0124963 seconds, Stopping threads took: 0.0000199 seconds
2024-07-28T21:33:54.211+0800: 7.625: Application time: 0.1103393 seconds
2024-07-28T21:33:54.211+0800: 7.625: [GC (Allocation Failure) 2024-07-28T21:33:54.211+0800: 7.626: [ParNew: 77168K->8192K(78656K), 0.0052148 secs] 386055K->335510K(542696K), 0.0052751 secs] [Times: user=0.00 sys=0.00, real=0.01 secs] 
2024-07-28T21:33:54.216+0800: 7.631: Total time for which application threads were stopped: 0.0053851 seconds, Stopping threads took: 0.0000198 seconds
2024-07-28T21:33:54.216+0800: 7.631: [CMS-concurrent-abortable-preclean: 0.006/0.245 secs] [Times: user=0.03 sys=0.00, real=0.25 secs] 
2024-07-28T21:33:54.217+0800: 7.631: Application time: 0.0003010 seconds
2024-07-28T21:33:54.217+0800: 7.631: [GC (CMS Final Remark) [YG occupancy: 12655 K (78656 K)]2024-07-28T21:33:54.217+0800: 7.631: [Rescan (parallel) , 0.0011438 secs]2024-07-28T21:33:54.218+0800: 7.632: [weak refs processing, 0.0000128 secs]2024-07-28T21:33:54.218+0800: 7.632: [class unloading, 0.0002350 secs]2024-07-28T21:33:54.218+0800: 7.633: [scrub symbol table, 0.0003704 secs]2024-07-28T21:33:54.219+0800: 7.633: [scrub string table, 0.0001051 secs][1 CMS-remark: 327318K(464040K)] 339974K(542696K), 0.0019404 secs] [Times: user=0.00 sys=0.00, real=0.00 secs] 
2024-07-28T21:33:54.219+0800: 7.633: Total time for which application threads were stopped: 0.0020858 seconds, Stopping threads took: 0.0001083 seconds
2024-07-28T21:33:54.219+0800: 7.633: [CMS-concurrent-sweep-start]
2024-07-28T21:33:54.220+0800: 7.635: [CMS-concurrent-sweep: 0.001/0.001 secs] [Times: user=0.00 sys=0.00, real=0.00 secs] 
2024-07-28T21:33:54.220+0800: 7.635: [CMS-concurrent-reset-start]
2024-07-28T21:33:54.222+0800: 7.636: [CMS-concurrent-reset: 0.001/0.001 secs] [Times: user=0.00 sys=0.00, real=0.00 secs] 
2024-07-28T21:33:54.223+0800: 7.638: Application time: 0.0048358 seconds
2024-07-28T21:33:54.224+0800: 7.638: [GC (Allocation Failure) 2024-07-28T21:33:54.224+0800: 7.638: [ParNew: 77168K->8192K(78656K), 0.0122576 secs] 250885K->250517K(542696K), 0.0123060 secs] [Times: user=0.00 sys=0.00, real=0.01 secs] 
2024-07-28T21:33:54.236+0800: 7.650: Total time for which application threads were stopped: 0.0124083 seconds, Stopping threads took: 0.0000191 seconds
2024-07-28T21:33:54.236+0800: 7.651: Application time: 0.0002363 seconds
2024-07-28T21:33:54.236+0800: 7.651: [GC (CMS Initial Mark) [1 CMS-initial-mark: 242325K(464040K)] 253957K(542696K), 0.0008098 secs] [Times: user=0.00 sys=0.00, real=0.00 secs] 
2024-07-28T21:33:54.237+0800: 7.652: Total time for which application threads were stopped: 0.0009240 seconds, Stopping threads took: 0.0000721 seconds
2024-07-28T21:33:54.237+0800: 7.652: [CMS-concurrent-mark-start]
2024-07-28T21:33:54.238+0800: 7.653: [CMS-concurrent-mark: 0.001/0.001 secs] [Times: user=0.00 sys=0.00, real=0.00 secs] 
2024-07-28T21:33:54.238+0800: 7.653: [CMS-concurrent-preclean-start]
2024-07-28T21:33:54.239+0800: 7.653: [CMS-concurrent-preclean: 0.001/0.001 secs] [Times: user=0.02 sys=0.00, real=0.00 secs] 
2024-07-28T21:33:54.239+0800: 7.653: [CMS-concurrent-abortable-preclean-start]
2024-07-28T21:33:54.356+0800: 7.771: Application time: 0.1192822 seconds
2024-07-28T21:33:54.356+0800: 7.771: [GC (Allocation Failure) 2024-07-28T21:33:54.356+0800: 7.771: [ParNew: 77168K->8192K(78656K), 0.0121416 secs] 319494K->319126K(542696K), 0.0122022 secs] [Times: user=0.03 sys=0.00, real=0.01 secs] 
2024-07-28T21:33:54.369+0800: 7.783: Total time for which application threads were stopped: 0.0123268 seconds, Stopping threads took: 0.0000324 seconds
2024-07-28T21:33:54.480+0800: 7.895: Application time: 0.1114606 seconds
2024-07-28T21:33:54.480+0800: 7.895: [GC (Allocation Failure) 2024-07-28T21:33:54.480+0800: 7.895: [ParNew: 77168K->8192K(78656K), 0.0048662 secs] 388103K->338582K(542696K), 0.0049353 secs] [Times: user=0.00 sys=0.00, real=0.00 secs] 
2024-07-28T21:33:54.485+0800: 7.900: Total time for which application threads were stopped: 0.0050577 seconds, Stopping threads took: 0.0000201 seconds
2024-07-28T21:33:54.485+0800: 7.900: [CMS-concurrent-abortable-preclean: 0.006/0.246 secs] [Times: user=0.03 sys=0.00, real=0.25 secs] 
2024-07-28T21:33:54.485+0800: 7.900: Application time: 0.0003614 seconds
2024-07-28T21:33:54.486+0800: 7.900: [GC (CMS Final Remark) [YG occupancy: 13679 K (78656 K)]2024-07-28T21:33:54.486+0800: 7.900: [Rescan (parallel) , 0.0010588 secs]2024-07-28T21:33:54.487+0800: 7.901: [weak refs processing, 0.0000129 secs]2024-07-28T21:33:54.487+0800: 7.901: [class unloading, 0.0002344 secs]2024-07-28T21:33:54.487+0800: 7.902: [scrub symbol table, 0.0003390 secs]2024-07-28T21:33:54.487+0800: 7.902: [scrub string table, 0.0001011 secs][1 CMS-remark: 330390K(464040K)] 344070K(542696K), 0.0018098 secs] [Times: user=0.00 sys=0.00, real=0.00 secs] 
2024-07-28T21:33:54.487+0800: 7.902: Total time for which application threads were stopped: 0.0020256 seconds, Stopping threads took: 0.0001785 seconds
2024-07-28T21:33:54.488+0800: 7.902: [CMS-concurrent-sweep-start]
2024-07-28T21:33:54.489+0800: 7.904: [CMS-concurrent-sweep: 0.001/0.001 secs] [Times: user=0.03 sys=0.00, real=0.00 secs] 
2024-07-28T21:33:54.489+0800: 7.904: [CMS-concurrent-reset-start]
2024-07-28T21:33:54.490+0800: 7.905: [CMS-concurrent-reset: 0.001/0.001 secs] [Times: user=0.00 sys=0.00, real=0.00 secs] 
2024-07-28T21:33:54.492+0800: 7.907: Application time: 0.0047677 seconds
2024-07-28T21:33:54.492+0800: 7.907: [GC (Allocation Failure) 2024-07-28T21:33:54.492+0800: 7.907: [ParNew: 77168K->8192K(78656K), 0.0124600 secs] 252933K->252565K(542696K), 0.0125161 secs] [Times: user=0.00 sys=0.00, real=0.01 secs] 
2024-07-28T21:33:54.505+0800: 7.920: Total time for which application threads were stopped: 0.0126260 seconds, Stopping threads took: 0.0000277 seconds
2024-07-28T21:33:54.505+0800: 7.920: Application time: 0.0002146 seconds
2024-07-28T21:33:54.505+0800: 7.920: [GC (CMS Initial Mark) [1 CMS-initial-mark: 244373K(464040K)] 256005K(542696K), 0.0009202 secs] [Times: user=0.00 sys=0.00, real=0.00 secs] 
2024-07-28T21:33:54.506+0800: 7.921: Total time for which application threads were stopped: 0.0011110 seconds, Stopping threads took: 0.0001466 seconds
2024-07-28T21:33:54.506+0800: 7.921: [CMS-concurrent-mark-start]
2024-07-28T21:33:54.507+0800: 7.922: [CMS-concurrent-mark: 0.001/0.001 secs] [Times: user=0.00 sys=0.00, real=0.00 secs] 
2024-07-28T21:33:54.507+0800: 7.922: [CMS-concurrent-preclean-start]
2024-07-28T21:33:54.508+0800: 7.923: [CMS-concurrent-preclean: 0.001/0.001 secs] [Times: user=0.00 sys=0.00, real=0.00 secs] 
2024-07-28T21:33:54.508+0800: 7.923: [CMS-concurrent-abortable-preclean-start]
2024-07-28T21:33:54.625+0800: 8.040: Application time: 0.1188721 seconds
2024-07-28T21:33:54.625+0800: 8.040: [GC (Allocation Failure) 2024-07-28T21:33:54.625+0800: 8.040: [ParNew: 77168K->8192K(78656K), 0.0125112 secs] 321542K->321174K(542696K), 0.0125759 secs] [Times: user=0.03 sys=0.00, real=0.01 secs] 
2024-07-28T21:33:54.637+0800: 8.052: Total time for which application threads were stopped: 0.0126871 seconds, Stopping threads took: 0.0000203 seconds
2024-07-28T21:33:54.747+0800: 8.162: Application time: 0.1094458 seconds
2024-07-28T21:33:54.747+0800: 8.162: [GC (Allocation Failure) 2024-07-28T21:33:54.747+0800: 8.162: [ParNew: 77168K->8192K(78656K), 0.0052666 secs] 390151K->341654K(542696K), 0.0053267 secs] [Times: user=0.00 sys=0.00, real=0.01 secs] 
2024-07-28T21:33:54.753+0800: 8.167: Total time for which application threads were stopped: 0.0054373 seconds, Stopping threads took: 0.0000200 seconds
2024-07-28T21:33:54.753+0800: 8.167: [CMS-concurrent-abortable-preclean: 0.006/0.245 secs] [Times: user=0.03 sys=0.00, real=0.25 secs] 
2024-07-28T21:33:54.753+0800: 8.168: Application time: 0.0002875 seconds
2024-07-28T21:33:54.753+0800: 8.168: [GC (CMS Final Remark) [YG occupancy: 12655 K (78656 K)]2024-07-28T21:33:54.753+0800: 8.168: [Rescan (parallel) , 0.0007075 secs]2024-07-28T21:33:54.754+0800: 8.168: [weak refs processing, 0.0000129 secs]2024-07-28T21:33:54.754+0800: 8.168: [class unloading, 0.0002324 secs]2024-07-28T21:33:54.754+0800: 8.169: [scrub symbol table, 0.0003434 secs]2024-07-28T21:33:54.754+0800: 8.169: [scrub string table, 0.0001000 secs][1 CMS-remark: 333462K(464040K)] 346118K(542696K), 0.0014601 secs] [Times: user=0.00 sys=0.00, real=0.00 secs] 
2024-07-28T21:33:54.754+0800: 8.169: Total time for which application threads were stopped: 0.0015817 seconds, Stopping threads took: 0.0000858 seconds
2024-07-28T21:33:54.755+0800: 8.169: [CMS-concurrent-sweep-start]
2024-07-28T21:33:54.756+0800: 8.171: [CMS-concurrent-sweep: 0.001/0.001 secs] [Times: user=0.00 sys=0.00, real=0.00 secs] 
2024-07-28T21:33:54.756+0800: 8.171: [CMS-concurrent-reset-start]
2024-07-28T21:33:54.757+0800: 8.172: [CMS-concurrent-reset: 0.001/0.001 secs] [Times: user=0.00 sys=0.00, real=0.00 secs] 
2024-07-28T21:33:54.759+0800: 8.174: Application time: 0.0048136 seconds
2024-07-28T21:33:54.759+0800: 8.174: [GC (Allocation Failure) 2024-07-28T21:33:54.759+0800: 8.174: [ParNew: 77168K->8192K(78656K), 0.0123608 secs] 254981K->254613K(542696K), 0.0124086 secs] [Times: user=0.03 sys=0.00, real=0.01 secs] 
2024-07-28T21:33:54.772+0800: 8.187: Total time for which application threads were stopped: 0.0125051 seconds, Stopping threads took: 0.0000141 seconds
2024-07-28T21:33:54.772+0800: 8.187: Application time: 0.0002381 seconds
2024-07-28T21:33:54.772+0800: 8.187: [GC (CMS Initial Mark) [1 CMS-initial-mark: 246421K(464040K)] 258053K(542696K), 0.0006166 secs] [Times: user=0.00 sys=0.00, real=0.00 secs] 
2024-07-28T21:33:54.773+0800: 8.188: Total time for which application threads were stopped: 0.0007505 seconds, Stopping threads took: 0.0000844 seconds
2024-07-28T21:33:54.773+0800: 8.188: [CMS-concurrent-mark-start]
2024-07-28T21:33:54.774+0800: 8.189: [CMS-concurrent-mark: 0.001/0.001 secs] [Times: user=0.00 sys=0.00, real=0.00 secs] 
2024-07-28T21:33:54.774+0800: 8.189: [CMS-concurrent-preclean-start]
2024-07-28T21:33:54.775+0800: 8.189: [CMS-concurrent-preclean: 0.001/0.001 secs] [Times: user=0.00 sys=0.00, real=0.00 secs] 
2024-07-28T21:33:54.775+0800: 8.189: [CMS-concurrent-abortable-preclean-start]
2024-07-28T21:33:54.890+0800: 8.305: Application time: 0.1179293 seconds
2024-07-28T21:33:54.890+0800: 8.306: [GC (Allocation Failure) 2024-07-28T21:33:54.890+0800: 8.306: [ParNew: 77168K->8192K(78656K), 0.0123283 secs] 323590K->323222K(542696K), 0.0123888 secs] [Times: user=0.03 sys=0.00, real=0.01 secs] 
2024-07-28T21:33:54.903+0800: 8.318: Total time for which application threads were stopped: 0.0125004 seconds, Stopping threads took: 0.0000207 seconds
2024-07-28T21:33:55.015+0800: 8.430: Application time: 0.1116130 seconds
2024-07-28T21:33:55.015+0800: 8.430: [GC (Allocation Failure) 2024-07-28T21:33:55.015+0800: 8.430: [ParNew: 77168K->8192K(78656K), 0.0053091 secs] 392199K->344726K(542696K), 0.0053826 secs] [Times: user=0.01 sys=0.02, real=0.01 secs] 
2024-07-28T21:33:55.021+0800: 8.435: Total time for which application threads were stopped: 0.0054929 seconds, Stopping threads took: 0.0000196 seconds
2024-07-28T21:33:55.021+0800: 8.435: [CMS-concurrent-abortable-preclean: 0.005/0.246 secs] [Times: user=0.05 sys=0.02, real=0.25 secs] 
2024-07-28T21:33:55.021+0800: 8.435: Application time: 0.0002820 seconds
2024-07-28T21:33:55.021+0800: 8.435: [GC (CMS Final Remark) [YG occupancy: 12655 K (78656 K)]2024-07-28T21:33:55.021+0800: 8.436: [Rescan (parallel) , 0.0008710 secs]2024-07-28T21:33:55.022+0800: 8.436: [weak refs processing, 0.0000128 secs]2024-07-28T21:33:55.022+0800: 8.436: [class unloading, 0.0002361 secs]2024-07-28T21:33:55.022+0800: 8.437: [scrub symbol table, 0.0003442 secs]2024-07-28T21:33:55.023+0800: 8.437: [scrub string table, 0.0001040 secs][1 CMS-remark: 336534K(464040K)] 349190K(542696K), 0.0016372 secs] [Times: user=0.00 sys=0.00, real=0.00 secs] 
2024-07-28T21:33:55.023+0800: 8.437: Total time for which application threads were stopped: 0.0018008 seconds, Stopping threads took: 0.0001244 seconds
2024-07-28T21:33:55.023+0800: 8.437: [CMS-concurrent-sweep-start]
2024-07-28T21:33:55.024+0800: 8.439: [CMS-concurrent-sweep: 0.002/0.002 secs] [Times: user=0.00 sys=0.00, real=0.00 secs] 
2024-07-28T21:33:55.024+0800: 8.439: [CMS-concurrent-reset-start]
2024-07-28T21:33:55.026+0800: 8.440: [CMS-concurrent-reset: 0.001/0.001 secs] [Times: user=0.00 sys=0.00, real=0.00 secs] 
2024-07-28T21:33:55.027+0800: 8.442: Application time: 0.0048243 seconds
2024-07-28T21:33:55.028+0800: 8.442: [GC (Allocation Failure) 2024-07-28T21:33:55.028+0800: 8.442: [ParNew: 77168K->8192K(78656K), 0.0124197 secs] 257029K->256661K(542696K), 0.0124689 secs] [Times: user=0.03 sys=0.00, real=0.01 secs] 
2024-07-28T21:33:55.040+0800: 8.455: Total time for which application threads were stopped: 0.0125713 seconds, Stopping threads took: 0.0000156 seconds
2024-07-28T21:33:55.040+0800: 8.455: Application time: 0.0002405 seconds
2024-07-28T21:33:55.040+0800: 8.455: [GC (CMS Initial Mark) [1 CMS-initial-mark: 248469K(464040K)] 260101K(542696K), 0.0007453 secs] [Times: user=0.00 sys=0.00, real=0.00 secs] 
2024-07-28T21:33:55.041+0800: 8.456: Total time for which application threads were stopped: 0.0009610 seconds, Stopping threads took: 0.0001722 seconds
2024-07-28T21:33:55.041+0800: 8.456: [CMS-concurrent-mark-start]
2024-07-28T21:33:55.042+0800: 8.457: [CMS-concurrent-mark: 0.001/0.001 secs] [Times: user=0.00 sys=0.00, real=0.00 secs] 
2024-07-28T21:33:55.042+0800: 8.457: [CMS-concurrent-preclean-start]
2024-07-28T21:33:55.043+0800: 8.457: [CMS-concurrent-preclean: 0.001/0.001 secs] [Times: user=0.00 sys=0.00, real=0.00 secs] 
2024-07-28T21:33:55.043+0800: 8.457: [CMS-concurrent-abortable-preclean-start]
2024-07-28T21:33:55.158+0800: 8.573: Application time: 0.1173643 seconds
2024-07-28T21:33:55.158+0800: 8.573: [GC (Allocation Failure) 2024-07-28T21:33:55.158+0800: 8.573: [ParNew: 77168K->8192K(78656K), 0.0121974 secs] 325638K->325270K(542696K), 0.0122601 secs] [Times: user=0.03 sys=0.00, real=0.01 secs] 
2024-07-28T21:33:55.171+0800: 8.585: Total time for which application threads were stopped: 0.0123686 seconds, Stopping threads took: 0.0000197 seconds
2024-07-28T21:33:55.281+0800: 8.696: Application time: 0.1105426 seconds
2024-07-28T21:33:55.281+0800: 8.696: [GC (Allocation Failure) 2024-07-28T21:33:55.281+0800: 8.696: [ParNew: 77168K->8192K(78656K), 0.0060227 secs] 394247K->347798K(542696K), 0.0060820 secs] [Times: user=0.03 sys=0.00, real=0.01 secs] 
2024-07-28T21:33:55.287+0800: 8.702: Total time for which application threads were stopped: 0.0061919 seconds, Stopping threads took: 0.0000193 seconds
2024-07-28T21:33:55.288+0800: 8.702: [CMS-concurrent-abortable-preclean: 0.005/0.245 secs] [Times: user=0.06 sys=0.00, real=0.25 secs] 
2024-07-28T21:33:55.288+0800: 8.703: Application time: 0.0003341 seconds
2024-07-28T21:33:55.288+0800: 8.703: [GC (CMS Final Remark) [YG occupancy: 12655 K (78656 K)]2024-07-28T21:33:55.288+0800: 8.703: [Rescan (parallel) , 0.0008783 secs]2024-07-28T21:33:55.289+0800: 8.704: [weak refs processing, 0.0000127 secs]2024-07-28T21:33:55.289+0800: 8.704: [class unloading, 0.0002332 secs]2024-07-28T21:33:55.289+0800: 8.704: [scrub symbol table, 0.0003725 secs]2024-07-28T21:33:55.289+0800: 8.704: [scrub string table, 0.0001095 secs][1 CMS-remark: 339606K(464040K)] 352262K(542696K), 0.0016706 secs] [Times: user=0.00 sys=0.00, real=0.00 secs] 
2024-07-28T21:33:55.290+0800: 8.704: Total time for which application threads were stopped: 0.0018326 seconds, Stopping threads took: 0.0001246 seconds
2024-07-28T21:33:55.290+0800: 8.705: [CMS-concurrent-sweep-start]
2024-07-28T21:33:55.291+0800: 8.706: [CMS-concurrent-sweep: 0.002/0.002 secs] [Times: user=0.00 sys=0.00, real=0.00 secs] 
2024-07-28T21:33:55.291+0800: 8.706: [CMS-concurrent-reset-start]
2024-07-28T21:33:55.293+0800: 8.708: [CMS-concurrent-reset: 0.001/0.001 secs] [Times: user=0.00 sys=0.00, real=0.00 secs] 
2024-07-28T21:33:55.295+0800: 8.709: Application time: 0.0049422 seconds
2024-07-28T21:33:55.295+0800: 8.709: [GC (Allocation Failure) 2024-07-28T21:33:55.295+0800: 8.709: [ParNew: 77168K->8192K(78656K), 0.0120020 secs] 259077K->258709K(542696K), 0.0120613 secs] [Times: user=0.03 sys=0.00, real=0.01 secs] 
2024-07-28T21:33:55.307+0800: 8.722: Total time for which application threads were stopped: 0.0121743 seconds, Stopping threads took: 0.0000215 seconds
2024-07-28T21:33:55.307+0800: 8.722: Application time: 0.0001740 seconds
2024-07-28T21:33:55.307+0800: 8.722: [GC (CMS Initial Mark) [1 CMS-initial-mark: 250517K(464040K)] 262149K(542696K), 0.0007180 secs] [Times: user=0.00 sys=0.00, real=0.00 secs] 
2024-07-28T21:33:55.308+0800: 8.723: Total time for which application threads were stopped: 0.0009105 seconds, Stopping threads took: 0.0001484 seconds
2024-07-28T21:33:55.308+0800: 8.723: [CMS-concurrent-mark-start]
2024-07-28T21:33:55.309+0800: 8.724: [CMS-concurrent-mark: 0.001/0.001 secs] [Times: user=0.00 sys=0.00, real=0.00 secs] 
2024-07-28T21:33:55.309+0800: 8.724: [CMS-concurrent-preclean-start]
2024-07-28T21:33:55.310+0800: 8.724: [CMS-concurrent-preclean: 0.001/0.001 secs] [Times: user=0.00 sys=0.00, real=0.00 secs] 
2024-07-28T21:33:55.310+0800: 8.724: [CMS-concurrent-abortable-preclean-start]
2024-07-28T21:33:55.424+0800: 8.839: Application time: 0.1163894 seconds
2024-07-28T21:33:55.424+0800: 8.839: [GC (Allocation Failure) 2024-07-28T21:33:55.424+0800: 8.839: [ParNew: 77168K->8192K(78656K), 0.0121164 secs] 327686K->327318K(542696K), 0.0121724 secs] [Times: user=0.03 sys=0.00, real=0.01 secs] 
2024-07-28T21:33:55.437+0800: 8.851: Total time for which application threads were stopped: 0.0123115 seconds, Stopping threads took: 0.0000197 seconds
2024-07-28T21:33:55.549+0800: 8.964: Application time: 0.1126621 seconds
2024-07-28T21:33:55.549+0800: 8.964: [GC (Allocation Failure) 2024-07-28T21:33:55.549+0800: 8.964: [ParNew: 77168K->8192K(78656K), 0.0058012 secs] 396295K->350870K(542696K), 0.0058660 secs] [Times: user=0.03 sys=0.00, real=0.01 secs] 
2024-07-28T21:33:55.555+0800: 8.970: Total time for which application threads were stopped: 0.0059782 seconds, Stopping threads took: 0.0000200 seconds
2024-07-28T21:33:55.555+0800: 8.970: [CMS-concurrent-abortable-preclean: 0.005/0.246 secs] [Times: user=0.06 sys=0.00, real=0.25 secs] 
2024-07-28T21:33:55.555+0800: 8.970: Application time: 0.0002648 seconds
2024-07-28T21:33:55.556+0800: 8.970: [GC (CMS Final Remark) [YG occupancy: 11631 K (78656 K)]2024-07-28T21:33:55.556+0800: 8.970: [Rescan (parallel) , 0.0009765 secs]2024-07-28T21:33:55.557+0800: 8.971: [weak refs processing, 0.0000135 secs]2024-07-28T21:33:55.557+0800: 8.971: [class unloading, 0.0002185 secs]2024-07-28T21:33:55.557+0800: 8.972: [scrub symbol table, 0.0003300 secs]2024-07-28T21:33:55.557+0800: 8.972: [scrub string table, 0.0000919 secs][1 CMS-remark: 342678K(464040K)] 354310K(542696K), 0.0016989 secs] [Times: user=0.00 sys=0.00, real=0.00 secs] 
2024-07-28T21:33:55.557+0800: 8.972: Total time for which application threads were stopped: 0.0018618 seconds, Stopping threads took: 0.0001257 seconds
2024-07-28T21:33:55.558+0800: 8.972: [CMS-concurrent-sweep-start]
2024-07-28T21:33:55.559+0800: 8.974: [CMS-concurrent-sweep: 0.001/0.001 secs] [Times: user=0.00 sys=0.00, real=0.00 secs] 
2024-07-28T21:33:55.559+0800: 8.974: [CMS-concurrent-reset-start]
2024-07-28T21:33:55.560+0800: 8.975: [CMS-concurrent-reset: 0.001/0.001 secs] [Times: user=0.00 sys=0.00, real=0.00 secs] 
2024-07-28T21:33:55.562+0800: 8.977: Application time: 0.0050129 seconds
2024-07-28T21:33:55.562+0800: 8.977: [GC (Allocation Failure) 2024-07-28T21:33:55.562+0800: 8.977: [ParNew: 77168K->8192K(78656K), 0.0122854 secs] 261125K->260757K(542696K), 0.0123324 secs] [Times: user=0.03 sys=0.00, real=0.01 secs] 
2024-07-28T21:33:55.575+0800: 8.990: Total time for which application threads were stopped: 0.0124294 seconds, Stopping threads took: 0.0000141 seconds
2024-07-28T21:33:55.575+0800: 8.990: Application time: 0.0002227 seconds
2024-07-28T21:33:55.575+0800: 8.990: [GC (CMS Initial Mark) [1 CMS-initial-mark: 252565K(464040K)] 264197K(542696K), 0.0008449 secs] [Times: user=0.00 sys=0.00, real=0.00 secs] 
2024-07-28T21:33:55.576+0800: 8.991: Total time for which application threads were stopped: 0.0009116 seconds, Stopping threads took: 0.0000227 seconds
2024-07-28T21:33:55.576+0800: 8.991: [CMS-concurrent-mark-start]
2024-07-28T21:33:55.577+0800: 8.992: [CMS-concurrent-mark: 0.001/0.001 secs] [Times: user=0.00 sys=0.00, real=0.00 secs] 
2024-07-28T21:33:55.577+0800: 8.992: [CMS-concurrent-preclean-start]
2024-07-28T21:33:55.578+0800: 8.993: [CMS-concurrent-preclean: 0.001/0.001 secs] [Times: user=0.00 sys=0.00, real=0.00 secs] 
2024-07-28T21:33:55.578+0800: 8.993: [CMS-concurrent-abortable-preclean-start]
2024-07-28T21:33:55.693+0800: 9.108: Application time: 0.1174294 seconds
2024-07-28T21:33:55.694+0800: 9.108: [GC (Allocation Failure) 2024-07-28T21:33:55.694+0800: 9.108: [ParNew: 77168K->8192K(78656K), 0.0120725 secs] 329734K->329366K(542696K), 0.0121332 secs] [Times: user=0.00 sys=0.00, real=0.01 secs] 
2024-07-28T21:33:55.706+0800: 9.120: Total time for which application threads were stopped: 0.0122463 seconds, Stopping threads took: 0.0000229 seconds
2024-07-28T21:33:55.817+0800: 9.232: Application time: 0.1112829 seconds
2024-07-28T21:33:55.817+0800: 9.232: [GC (Allocation Failure) 2024-07-28T21:33:55.817+0800: 9.232: [ParNew: 77168K->8192K(78656K), 0.0058387 secs] 398343K->353943K(542696K), 0.0058992 secs] [Times: user=0.03 sys=0.00, real=0.01 secs] 
2024-07-28T21:33:55.822+0800: 9.238: Total time for which application threads were stopped: 0.0060297 seconds, Stopping threads took: 0.0000261 seconds
2024-07-28T21:33:55.822+0800: 9.238: [CMS-concurrent-abortable-preclean: 0.006/0.245 secs] [Times: user=0.08 sys=0.00, real=0.24 secs] 
2024-07-28T21:33:55.823+0800: 9.238: Application time: 0.0002863 seconds
2024-07-28T21:33:55.823+0800: 9.238: [GC (CMS Final Remark) [YG occupancy: 12655 K (78656 K)]2024-07-28T21:33:55.823+0800: 9.238: [Rescan (parallel) , 0.0009349 secs]2024-07-28T21:33:55.824+0800: 9.239: [weak refs processing, 0.0000127 secs]2024-07-28T21:33:55.824+0800: 9.239: [class unloading, 0.0002187 secs]2024-07-28T21:33:55.824+0800: 9.239: [scrub symbol table, 0.0003448 secs]2024-07-28T21:33:55.824+0800: 9.240: [scrub string table, 0.0001131 secs][1 CMS-remark: 345750K(464040K)] 358406K(542696K), 0.0016897 secs] [Times: user=0.00 sys=0.00, real=0.00 secs] 
2024-07-28T21:33:55.824+0800: 9.240: Total time for which application threads were stopped: 0.0019102 seconds, Stopping threads took: 0.0001842 seconds
2024-07-28T21:33:55.826+0800: 9.240: [CMS-concurrent-sweep-start]
2024-07-28T21:33:55.826+0800: 9.241: [CMS-concurrent-sweep: 0.001/0.001 secs] [Times: user=0.00 sys=0.00, real=0.00 secs] 
2024-07-28T21:33:55.826+0800: 9.241: [CMS-concurrent-reset-start]
2024-07-28T21:33:55.828+0800: 9.242: [CMS-concurrent-reset: 0.001/0.001 secs] [Times: user=0.00 sys=0.00, real=0.00 secs] 
2024-07-28T21:33:55.830+0800: 9.245: Application time: 0.0049553 seconds
2024-07-28T21:33:55.830+0800: 9.245: [GC (Allocation Failure) 2024-07-28T21:33:55.830+0800: 9.245: [ParNew: 77168K->8192K(78656K), 0.0120243 secs] 263173K->262805K(542696K), 0.0120732 secs] [Times: user=0.03 sys=0.00, real=0.01 secs] 
2024-07-28T21:33:55.842+0800: 9.257: Total time for which application threads were stopped: 0.0121704 seconds, Stopping threads took: 0.0000142 seconds
2024-07-28T21:33:55.842+0800: 9.257: Application time: 0.0002117 seconds
2024-07-28T21:33:55.842+0800: 9.257: [GC (CMS Initial Mark) [1 CMS-initial-mark: 254613K(464040K)] 265221K(542696K), 0.0007432 secs] [Times: user=0.00 sys=0.00, real=0.00 secs] 
2024-07-28T21:33:55.844+0800: 9.258: Total time for which application threads were stopped: 0.0008077 seconds, Stopping threads took: 0.0000193 seconds
2024-07-28T21:33:55.844+0800: 9.258: [CMS-concurrent-mark-start]
2024-07-28T21:33:55.845+0800: 9.259: [CMS-concurrent-mark: 0.001/0.001 secs] [Times: user=0.00 sys=0.00, real=0.00 secs] 
2024-07-28T21:33:55.845+0800: 9.259: [CMS-concurrent-preclean-start]
2024-07-28T21:33:55.845+0800: 9.260: [CMS-concurrent-preclean: 0.001/0.001 secs] [Times: user=0.00 sys=0.00, real=0.00 secs] 
2024-07-28T21:33:55.845+0800: 9.260: [CMS-concurrent-abortable-preclean-start]
2024-07-28T21:33:55.961+0800: 9.375: Application time: 0.1172743 seconds
2024-07-28T21:33:55.961+0800: 9.375: [GC (Allocation Failure) 2024-07-28T21:33:55.961+0800: 9.375: [ParNew: 77168K->8192K(78656K), 0.0123629 secs] 331782K->331414K(542696K), 0.0124228 secs] [Times: user=0.00 sys=0.00, real=0.01 secs] 
2024-07-28T21:33:55.973+0800: 9.388: Total time for which application threads were stopped: 0.0125406 seconds, Stopping threads took: 0.0000204 seconds
2024-07-28T21:33:56.082+0800: 9.497: Application time: 0.1094297 seconds
2024-07-28T21:33:56.082+0800: 9.497: [GC (Allocation Failure) 2024-07-28T21:33:56.082+0800: 9.497: [ParNew: 77171K->8192K(78656K), 0.0062594 secs] 400393K->357015K(542696K), 0.0063207 secs] [Times: user=0.00 sys=0.00, real=0.01 secs] 
2024-07-28T21:33:56.089+0800: 9.504: Total time for which application threads were stopped: 0.0064298 seconds, Stopping threads took: 0.0000189 seconds
2024-07-28T21:33:56.089+0800: 9.504: [CMS-concurrent-abortable-preclean: 0.005/0.244 secs] [Times: user=0.06 sys=0.00, real=0.24 secs] 
2024-07-28T21:33:56.089+0800: 9.504: Application time: 0.0002877 seconds
2024-07-28T21:33:56.089+0800: 9.504: [GC (CMS Final Remark) [YG occupancy: 12650 K (78656 K)]2024-07-28T21:33:56.089+0800: 9.504: [Rescan (parallel) , 0.0008285 secs]2024-07-28T21:33:56.090+0800: 9.505: [weak refs processing, 0.0000132 secs]2024-07-28T21:33:56.090+0800: 9.505: [class unloading, 0.0002264 secs]2024-07-28T21:33:56.090+0800: 9.505: [scrub symbol table, 0.0003547 secs]2024-07-28T21:33:56.091+0800: 9.506: [scrub string table, 0.0001120 secs][1 CMS-remark: 348822K(464040K)] 361473K(542696K), 0.0015994 secs] [Times: user=0.00 sys=0.00, real=0.00 secs] 
2024-07-28T21:33:56.091+0800: 9.506: Total time for which application threads were stopped: 0.0017812 seconds, Stopping threads took: 0.0001465 seconds
2024-07-28T21:33:56.091+0800: 9.506: [CMS-concurrent-sweep-start]
2024-07-28T21:33:56.093+0800: 9.508: [CMS-concurrent-sweep: 0.002/0.002 secs] [Times: user=0.00 sys=0.00, real=0.00 secs] 
2024-07-28T21:33:56.093+0800: 9.508: [CMS-concurrent-reset-start]
2024-07-28T21:33:56.094+0800: 9.509: [CMS-concurrent-reset: 0.001/0.001 secs] [Times: user=0.00 sys=0.00, real=0.00 secs] 
2024-07-28T21:33:56.207+0800: 9.622: Application time: 0.1160732 seconds
2024-07-28T21:33:56.207+0800: 9.622: [GC (Allocation Failure) 2024-07-28T21:33:56.207+0800: 9.622: [ParNew: 77163K->8192K(78656K), 0.0123593 secs] 265215K->264853K(542696K), 0.0124265 secs] [Times: user=0.11 sys=0.00, real=0.01 secs] 
2024-07-28T21:33:56.220+0800: 9.634: Total time for which application threads were stopped: 0.0125470 seconds, Stopping threads took: 0.0000241 seconds
2024-07-28T21:33:56.220+0800: 9.635: Application time: 0.0002353 seconds
2024-07-28T21:33:56.220+0800: 9.635: [GC (CMS Initial Mark) [1 CMS-initial-mark: 256661K(464040K)] 268289K(542696K), 0.0007386 secs] [Times: user=0.00 sys=0.00, real=0.00 secs] 
2024-07-28T21:33:56.221+0800: 9.636: Total time for which application threads were stopped: 0.0009423 seconds, Stopping threads took: 0.0001603 seconds
2024-07-28T21:33:56.221+0800: 9.636: [CMS-concurrent-mark-start]
2024-07-28T21:33:56.225+0800: 9.640: [CMS-concurrent-mark: 0.004/0.004 secs] [Times: user=0.05 sys=0.00, real=0.00 secs] 
2024-07-28T21:33:56.225+0800: 9.640: [CMS-concurrent-preclean-start]
2024-07-28T21:33:56.226+0800: 9.641: [CMS-concurrent-preclean: 0.001/0.001 secs] [Times: user=0.00 sys=0.00, real=0.00 secs] 
2024-07-28T21:33:56.226+0800: 9.641: Application time: 0.0052389 seconds
2024-07-28T21:33:56.226+0800: 9.641: [GC (Allocation Failure) 2024-07-28T21:33:56.226+0800: 9.641: [ParNew: 77165K->8192K(78656K), 0.0121851 secs] 333826K->333462K(542696K), 0.0122345 secs] [Times: user=0.00 sys=0.00, real=0.01 secs] 
2024-07-28T21:33:56.238+0800: 9.653: Total time for which application threads were stopped: 0.0123292 seconds, Stopping threads took: 0.0000134 seconds
2024-07-28T21:33:56.239+0800: 9.653: Application time: 0.0001768 seconds
2024-07-28T21:33:56.239+0800: 9.653: [GC (CMS Final Remark) [YG occupancy: 11629 K (78656 K)]2024-07-28T21:33:56.239+0800: 9.654: [Rescan (parallel) , 0.0011409 secs]2024-07-28T21:33:56.240+0800: 9.655: [weak refs processing, 0.0000132 secs]2024-07-28T21:33:56.240+0800: 9.655: [class unloading, 0.0003173 secs]2024-07-28T21:33:56.240+0800: 9.655: [scrub symbol table, 0.0003540 secs]2024-07-28T21:33:56.241+0800: 9.655: [scrub string table, 0.0001013 secs][1 CMS-remark: 325270K(464040K)] 336900K(542696K), 0.0020061 secs] [Times: user=0.00 sys=0.00, real=0.00 secs] 
2024-07-28T21:33:56.241+0800: 9.656: Total time for which application threads were stopped: 0.0021624 seconds, Stopping threads took: 0.0001160 seconds
2024-07-28T21:33:56.241+0800: 9.656: [CMS-concurrent-sweep-start]
2024-07-28T21:33:56.242+0800: 9.657: [CMS-concurrent-sweep: 0.002/0.002 secs] [Times: user=0.00 sys=0.00, real=0.00 secs] 
2024-07-28T21:33:56.243+0800: 9.657: [CMS-concurrent-reset-start]
2024-07-28T21:33:56.243+0800: 9.658: [CMS-concurrent-reset: 0.001/0.001 secs] [Times: user=0.00 sys=0.00, real=0.00 secs] 
2024-07-28T21:33:56.350+0800: 9.765: Application time: 0.1094137 seconds
2024-07-28T21:33:56.350+0800: 9.765: [GC (Allocation Failure) 2024-07-28T21:33:56.350+0800: 9.765: [ParNew: 77166K->8192K(78656K), 0.0060765 secs] 240642K->198292K(542696K), 0.0061360 secs] [Times: user=0.00 sys=0.00, real=0.01 secs] 
2024-07-28T21:33:56.357+0800: 9.771: Total time for which application threads were stopped: 0.0062542 seconds, Stopping threads took: 0.0000191 seconds
2024-07-28T21:33:56.474+0800: 9.888: Application time: 0.1168397 seconds
2024-07-28T21:33:56.474+0800: 9.888: [GC (Allocation Failure) 2024-07-28T21:33:56.474+0800: 9.888: [ParNew: 77167K->8192K(78656K), 0.0122198 secs] 267267K->266901K(542696K), 0.0122875 secs] [Times: user=0.00 sys=0.00, real=0.01 secs] 
2024-07-28T21:33:56.486+0800: 9.900: Total time for which application threads were stopped: 0.0124006 seconds, Stopping threads took: 0.0000216 seconds
2024-07-28T21:33:56.486+0800: 9.901: Application time: 0.0002333 seconds
2024-07-28T21:33:56.486+0800: 9.901: [GC (CMS Initial Mark) [1 CMS-initial-mark: 258709K(464040K)] 270340K(542696K), 0.0008640 secs] [Times: user=0.00 sys=0.00, real=0.00 secs] 
2024-07-28T21:33:56.487+0800: 9.902: Total time for which application threads were stopped: 0.0010808 seconds, Stopping threads took: 0.0001745 seconds
2024-07-28T21:33:56.487+0800: 9.902: [CMS-concurrent-mark-start]
2024-07-28T21:33:56.491+0800: 9.905: [CMS-concurrent-mark: 0.004/0.004 secs] [Times: user=0.05 sys=0.00, real=0.00 secs] 
2024-07-28T21:33:56.491+0800: 9.906: [CMS-concurrent-preclean-start]
2024-07-28T21:33:56.492+0800: 9.907: [CMS-concurrent-preclean: 0.001/0.001 secs] [Times: user=0.00 sys=0.00, real=0.00 secs] 
2024-07-28T21:33:56.492+0800: 9.907: Application time: 0.0051552 seconds
2024-07-28T21:33:56.492+0800: 9.907: [GC (Allocation Failure) 2024-07-28T21:33:56.492+0800: 9.907: [ParNew: 77167K->8192K(78656K), 0.0120674 secs] 335877K->335510K(542696K), 0.0121159 secs] [Times: user=0.00 sys=0.00, real=0.01 secs] 
2024-07-28T21:33:56.504+0800: 9.919: Total time for which application threads were stopped: 0.0122138 seconds, Stopping threads took: 0.0000146 seconds
2024-07-28T21:33:56.505+0800: 9.919: Application time: 0.0003045 seconds
2024-07-28T21:33:56.505+0800: 9.920: [GC (CMS Final Remark) [YG occupancy: 12655 K (78656 K)]2024-07-28T21:33:56.505+0800: 9.920: [Rescan (parallel) , 0.0006422 secs]2024-07-28T21:33:56.505+0800: 9.920: [weak refs processing, 0.0000131 secs]2024-07-28T21:33:56.505+0800: 9.920: [class unloading, 0.0002476 secs]2024-07-28T21:33:56.506+0800: 9.920: [scrub symbol table, 0.0003459 secs]2024-07-28T21:33:56.506+0800: 9.921: [scrub string table, 0.0001017 secs][1 CMS-remark: 327318K(464040K)] 339973K(542696K), 0.0014282 secs] [Times: user=0.00 sys=0.00, real=0.00 secs] 
2024-07-28T21:33:56.506+0800: 9.921: Total time for which application threads were stopped: 0.0015391 seconds, Stopping threads took: 0.0000609 seconds
2024-07-28T21:33:56.506+0800: 9.921: [CMS-concurrent-sweep-start]
2024-07-28T21:33:56.508+0800: 9.923: [CMS-concurrent-sweep: 0.002/0.002 secs] [Times: user=0.00 sys=0.00, real=0.00 secs] 
2024-07-28T21:33:56.508+0800: 9.923: [CMS-concurrent-reset-start]
2024-07-28T21:33:56.509+0800: 9.924: [CMS-concurrent-reset: 0.001/0.001 secs] [Times: user=0.00 sys=0.00, real=0.00 secs] 
2024-07-28T21:33:56.619+0800: 10.034: Application time: 0.1126174 seconds
2024-07-28T21:33:56.619+0800: 10.034: [GC (Allocation Failure) 2024-07-28T21:33:56.619+0800: 10.034: [ParNew: 77168K->8192K(78656K), 0.0062040 secs] 241668K->200340K(542696K), 0.0062759 secs] [Times: user=0.00 sys=0.00, real=0.01 secs] 
2024-07-28T21:33:56.625+0800: 10.040: Total time for which application threads were stopped: 0.0063885 seconds, Stopping threads took: 0.0000212 seconds
2024-07-28T21:33:56.742+0800: 10.157: Application time: 0.1167425 seconds
2024-07-28T21:33:56.742+0800: 10.157: [GC (Allocation Failure) 2024-07-28T21:33:56.742+0800: 10.157: [ParNew: 77168K->8192K(78656K), 0.0122293 secs] 269316K->268949K(542696K), 0.0122932 secs] [Times: user=0.00 sys=0.00, real=0.01 secs] 
2024-07-28T21:33:56.755+0800: 10.169: Total time for which application threads were stopped: 0.0124179 seconds, Stopping threads took: 0.0000209 seconds
2024-07-28T21:33:56.759+0800: 10.174: Application time: 0.0045394 seconds
2024-07-28T21:33:56.759+0800: 10.174: [GC (Allocation Failure) 2024-07-28T21:33:56.759+0800: 10.174: [ParNew: 77168K->8192K(78656K), 0.0123190 secs] 337926K->337558K(542696K), 0.0123727 secs] [Times: user=0.03 sys=0.00, real=0.01 secs] 
2024-07-28T21:33:56.772+0800: 10.186: Total time for which application threads were stopped: 0.0124865 seconds, Stopping threads took: 0.0000154 seconds
2024-07-28T21:33:56.772+0800: 10.186: Application time: 0.0002242 seconds
2024-07-28T21:33:56.772+0800: 10.187: [GC (CMS Initial Mark) [1 CMS-initial-mark: 329366K(464040K)] 340998K(542696K), 0.0006912 secs] [Times: user=0.00 sys=0.00, real=0.00 secs] 
2024-07-28T21:33:56.773+0800: 10.187: Total time for which application threads were stopped: 0.0008942 seconds, Stopping threads took: 0.0001559 seconds
2024-07-28T21:33:56.773+0800: 10.187: [CMS-concurrent-mark-start]
2024-07-28T21:33:56.776+0800: 10.190: [CMS-concurrent-mark: 0.003/0.003 secs] [Times: user=0.00 sys=0.00, real=0.00 secs] 
2024-07-28T21:33:56.776+0800: 10.190: [CMS-concurrent-preclean-start]
2024-07-28T21:33:56.776+0800: 10.191: [CMS-concurrent-preclean: 0.001/0.001 secs] [Times: user=0.00 sys=0.00, real=0.00 secs] 
2024-07-28T21:33:56.776+0800: 10.191: [CMS-concurrent-abortable-preclean-start]
2024-07-28T21:33:56.887+0800: 10.302: Application time: 0.1143115 seconds
2024-07-28T21:33:56.887+0800: 10.302: [GC (Allocation Failure) 2024-07-28T21:33:56.887+0800: 10.302: [ParNew: 77168K->8192K(78656K), 0.0066669 secs] 406535K->366231K(542696K), 0.0067236 secs] [Times: user=0.00 sys=0.00, real=0.01 secs] 
2024-07-28T21:33:56.894+0800: 10.308: Total time for which application threads were stopped: 0.0068371 seconds, Stopping threads took: 0.0000213 seconds
2024-07-28T21:33:57.010+0800: 10.425: Application time: 0.1162020 seconds
2024-07-28T21:33:57.010+0800: 10.425: [GC (Allocation Failure) 2024-07-28T21:33:57.010+0800: 10.425: [ParNew: 77168K->8192K(78656K), 0.0120359 secs] 435207K->434840K(542696K), 0.0121135 secs] [Times: user=0.03 sys=0.00, real=0.01 secs] 
2024-07-28T21:33:57.022+0800: 10.437: Total time for which application threads were stopped: 0.0122316 seconds, Stopping threads took: 0.0000258 seconds
2024-07-28T21:33:57.026+0800: 10.442: Application time: 0.0046775 seconds
2024-07-28T21:33:57.026+0800: 10.442: [GC (Allocation Failure) 2024-07-28T21:33:57.027+0800: 10.442: [ParNew: 77168K->8192K(78656K), 0.0241155 secs] 503816K->503449K(574564K), 0.0241704 secs] [Times: user=0.03 sys=0.01, real=0.03 secs] 
2024-07-28T21:33:57.051+0800: 10.466: Total time for which application threads were stopped: 0.0242725 seconds, Stopping threads took: 0.0000168 seconds
2024-07-28T21:33:57.051+0800: 10.466: [CMS-concurrent-abortable-preclean: 0.005/0.275 secs] [Times: user=0.09 sys=0.01, real=0.28 secs] 
2024-07-28T21:33:57.051+0800: 10.466: Application time: 0.0003729 seconds
2024-07-28T21:33:57.051+0800: 10.466: [GC (CMS Final Remark) [YG occupancy: 14703 K (78656 K)]2024-07-28T21:33:57.051+0800: 10.466: [Rescan (parallel) , 0.0010597 secs]2024-07-28T21:33:57.052+0800: 10.468: [weak refs processing, 0.0000133 secs]2024-07-28T21:33:57.052+0800: 10.468: [class unloading, 0.0002399 secs]2024-07-28T21:33:57.053+0800: 10.468: [scrub symbol table, 0.0003094 secs]2024-07-28T21:33:57.053+0800: 10.468: [scrub string table, 0.0000923 secs][1 CMS-remark: 495257K(495908K)] 509960K(574564K), 0.0017811 secs] [Times: user=0.00 sys=0.00, real=0.00 secs] 
2024-07-28T21:33:57.053+0800: 10.468: Total time for which application threads were stopped: 0.0019907 seconds, Stopping threads took: 0.0001725 seconds
2024-07-28T21:33:57.053+0800: 10.468: [CMS-concurrent-sweep-start]
2024-07-28T21:33:57.055+0800: 10.470: [CMS-concurrent-sweep: 0.002/0.002 secs] [Times: user=0.00 sys=0.00, real=0.00 secs] 
2024-07-28T21:33:57.055+0800: 10.470: [CMS-concurrent-reset-start]
2024-07-28T21:33:57.056+0800: 10.471: [CMS-concurrent-reset: 0.001/0.001 secs] [Times: user=0.00 sys=0.00, real=0.00 secs] 
2024-07-28T21:33:57.168+0800: 10.583: Application time: 0.1146473 seconds
2024-07-28T21:33:57.168+0800: 10.583: [GC (Allocation Failure) 2024-07-28T21:33:57.168+0800: 10.583: [ParNew: 77168K->8192K(78656K), 0.0068452 secs] 408583K->369303K(631016K), 0.0069126 secs] [Times: user=0.00 sys=0.00, real=0.01 secs] 
2024-07-28T21:33:57.175+0800: 10.590: Total time for which application threads were stopped: 0.0070390 seconds, Stopping threads took: 0.0000200 seconds
2024-07-28T21:33:57.175+0800: 10.590: Application time: 0.0002108 seconds
2024-07-28T21:33:57.175+0800: 10.590: [GC (CMS Initial Mark) [1 CMS-initial-mark: 361111K(552360K)] 372742K(631016K), 0.0008771 secs] [Times: user=0.00 sys=0.00, real=0.00 secs] 
2024-07-28T21:33:57.176+0800: 10.591: Total time for which application threads were stopped: 0.0010654 seconds, Stopping threads took: 0.0001459 seconds
2024-07-28T21:33:57.176+0800: 10.591: [CMS-concurrent-mark-start]
2024-07-28T21:33:57.181+0800: 10.596: [CMS-concurrent-mark: 0.004/0.004 secs] [Times: user=0.00 sys=0.00, real=0.00 secs] 
2024-07-28T21:33:57.181+0800: 10.596: [CMS-concurrent-preclean-start]
2024-07-28T21:33:57.182+0800: 10.597: [CMS-concurrent-preclean: 0.001/0.001 secs] [Times: user=0.00 sys=0.00, real=0.00 secs] 
2024-07-28T21:33:57.182+0800: 10.597: [CMS-concurrent-abortable-preclean-start]
2024-07-28T21:33:57.292+0800: 10.706: Application time: 0.1150612 seconds
2024-07-28T21:33:57.292+0800: 10.706: [GC (Allocation Failure) 2024-07-28T21:33:57.292+0800: 10.706: [ParNew: 77168K->8192K(78656K), 0.0127732 secs] 438279K->437912K(631016K), 0.0128360 secs] [Times: user=0.03 sys=0.00, real=0.01 secs] 
2024-07-28T21:33:57.305+0800: 10.719: Total time for which application threads were stopped: 0.0129575 seconds, Stopping threads took: 0.0000210 seconds
2024-07-28T21:33:57.309+0800: 10.724: Application time: 0.0044903 seconds
2024-07-28T21:33:57.309+0800: 10.724: [GC (Allocation Failure) 2024-07-28T21:33:57.309+0800: 10.724: [ParNew: 77168K->8192K(78656K), 0.0135164 secs] 506888K->506521K(631016K), 0.0135832 secs] [Times: user=0.03 sys=0.00, real=0.01 secs] 
2024-07-28T21:33:57.323+0800: 10.737: Total time for which application threads were stopped: 0.0136949 seconds, Stopping threads took: 0.0000152 seconds
2024-07-28T21:33:57.436+0800: 10.851: Application time: 0.1137994 seconds
2024-07-28T21:33:57.436+0800: 10.851: [GC (Allocation Failure) 2024-07-28T21:33:57.436+0800: 10.851: [ParNew: 77168K->8192K(78656K), 0.0185349 secs] 575497K->537241K(631016K), 0.0185901 secs] [Times: user=0.02 sys=0.02, real=0.02 secs] 
2024-07-28T21:33:57.455+0800: 10.870: Total time for which application threads were stopped: 0.0186983 seconds, Stopping threads took: 0.0000181 seconds
2024-07-28T21:33:57.455+0800: 10.870: [CMS-concurrent-abortable-preclean: 0.007/0.273 secs] [Times: user=0.08 sys=0.02, real=0.27 secs] 
2024-07-28T21:33:57.455+0800: 10.870: Application time: 0.0002935 seconds
2024-07-28T21:33:57.455+0800: 10.870: [GC (CMS Final Remark) [YG occupancy: 12655 K (78656 K)]2024-07-28T21:33:57.455+0800: 10.870: [Rescan (parallel) , 0.0009720 secs]2024-07-28T21:33:57.456+0800: 10.871: [weak refs processing, 0.0000131 secs]2024-07-28T21:33:57.456+0800: 10.871: [class unloading, 0.0003192 secs]2024-07-28T21:33:57.457+0800: 10.872: [scrub symbol table, 0.0003422 secs]2024-07-28T21:33:57.457+0800: 10.872: [scrub string table, 0.0000992 secs][1 CMS-remark: 529049K(552360K)] 541705K(631016K), 0.0018092 secs] [Times: user=0.00 sys=0.00, real=0.00 secs] 
2024-07-28T21:33:57.457+0800: 10.872: Total time for which application threads were stopped: 0.0019290 seconds, Stopping threads took: 0.0000840 seconds
2024-07-28T21:33:57.457+0800: 10.872: [CMS-concurrent-sweep-start]
2024-07-28T21:33:57.459+0800: 10.874: [CMS-concurrent-sweep: 0.002/0.002 secs] [Times: user=0.03 sys=0.00, real=0.00 secs] 
2024-07-28T21:33:57.459+0800: 10.874: [CMS-concurrent-reset-start]
2024-07-28T21:33:57.460+0800: 10.875: [CMS-concurrent-reset: 0.001/0.001 secs] [Times: user=0.00 sys=0.00, real=0.00 secs] 
2024-07-28T21:33:57.576+0800: 10.990: Application time: 0.1183480 seconds
2024-07-28T21:33:57.576+0800: 10.991: [GC (Allocation Failure) 2024-07-28T21:33:57.576+0800: 10.991: [ParNew: 77168K->8192K(78656K), 0.0207129 secs] 275461K->275093K(631016K), 0.0208184 secs] [Times: user=0.03 sys=0.00, real=0.02 secs] 
2024-07-28T21:33:57.596+0800: 11.011: Total time for which application threads were stopped: 0.0209349 seconds, Stopping threads took: 0.0000212 seconds
2024-07-28T21:33:57.601+0800: 11.016: Application time: 0.0045442 seconds
2024-07-28T21:33:57.601+0800: 11.016: [GC (Allocation Failure) 2024-07-28T21:33:57.601+0800: 11.016: [ParNew: 77168K->8192K(78656K), 0.0120041 secs] 344070K->343702K(631016K), 0.0120529 secs] [Times: user=0.00 sys=0.00, real=0.01 secs] 
2024-07-28T21:33:57.613+0800: 11.028: Total time for which application threads were stopped: 0.0121537 seconds, Stopping threads took: 0.0000173 seconds
2024-07-28T21:33:57.613+0800: 11.028: Application time: 0.0002259 seconds
2024-07-28T21:33:57.613+0800: 11.029: [GC (CMS Initial Mark) [1 CMS-initial-mark: 335510K(552360K)] 347142K(631016K), 0.0007856 secs] [Times: user=0.00 sys=0.00, real=0.00 secs] 
2024-07-28T21:33:57.614+0800: 11.029: Total time for which application threads were stopped: 0.0009927 seconds, Stopping threads took: 0.0001645 seconds
2024-07-28T21:33:57.614+0800: 11.029: [CMS-concurrent-mark-start]
2024-07-28T21:33:57.617+0800: 11.032: [CMS-concurrent-mark: 0.002/0.002 secs] [Times: user=0.00 sys=0.00, real=0.00 secs] 
2024-07-28T21:33:57.617+0800: 11.032: [CMS-concurrent-preclean-start]
2024-07-28T21:33:57.618+0800: 11.033: [CMS-concurrent-preclean: 0.001/0.001 secs] [Times: user=0.00 sys=0.00, real=0.00 secs] 
2024-07-28T21:33:57.618+0800: 11.033: [CMS-concurrent-abortable-preclean-start]
2024-07-28T21:33:57.721+0800: 11.136: Application time: 0.1069174 seconds
2024-07-28T21:33:57.721+0800: 11.136: [GC (Allocation Failure) 2024-07-28T21:33:57.721+0800: 11.136: [ParNew: 77168K->8192K(78656K), 0.0068735 secs] 412679K->375447K(631016K), 0.0069330 secs] [Times: user=0.03 sys=0.00, real=0.01 secs] 
2024-07-28T21:33:57.728+0800: 11.143: Total time for which application threads were stopped: 0.0070440 seconds, Stopping threads took: 0.0000194 seconds
2024-07-28T21:33:57.845+0800: 11.260: Application time: 0.1163082 seconds
2024-07-28T21:33:57.845+0800: 11.260: [GC (Allocation Failure) 2024-07-28T21:33:57.845+0800: 11.260: [ParNew: 77168K->8192K(78656K), 0.0125715 secs] 444423K->444056K(631016K), 0.0126474 secs] [Times: user=0.03 sys=0.00, real=0.01 secs] 
2024-07-28T21:33:57.857+0800: 11.272: Total time for which application threads were stopped: 0.0127665 seconds, Stopping threads took: 0.0000246 seconds
2024-07-28T21:33:57.862+0800: 11.277: Application time: 0.0046004 seconds
2024-07-28T21:33:57.862+0800: 11.277: [GC (Allocation Failure) 2024-07-28T21:33:57.862+0800: 11.277: [ParNew: 77168K->8192K(78656K), 0.0128682 secs] 513033K->512665K(631016K), 0.0129184 secs] [Times: user=0.03 sys=0.00, real=0.01 secs] 
2024-07-28T21:33:57.875+0800: 11.290: Total time for which application threads were stopped: 0.0130172 seconds, Stopping threads took: 0.0000157 seconds
2024-07-28T21:33:57.875+0800: 11.290: [CMS-concurrent-abortable-preclean: 0.006/0.257 secs] [Times: user=0.09 sys=0.00, real=0.26 secs] 
2024-07-28T21:33:57.875+0800: 11.290: Application time: 0.0003040 seconds
2024-07-28T21:33:57.876+0800: 11.290: [GC (CMS Final Remark) [YG occupancy: 12655 K (78656 K)]2024-07-28T21:33:57.876+0800: 11.290: [Rescan (parallel) , 0.0006775 secs]2024-07-28T21:33:57.877+0800: 11.291: [weak refs processing, 0.0000127 secs]2024-07-28T21:33:57.877+0800: 11.291: [class unloading, 0.0002220 secs]2024-07-28T21:33:57.877+0800: 11.291: [scrub symbol table, 0.0003434 secs]2024-07-28T21:33:57.877+0800: 11.292: [scrub string table, 0.0001122 secs][1 CMS-remark: 504473K(552360K)] 517129K(631016K), 0.0014620 secs] [Times: user=0.00 sys=0.00, real=0.00 secs] 
2024-07-28T21:33:57.877+0800: 11.292: Total time for which application threads were stopped: 0.0015813 seconds, Stopping threads took: 0.0000692 seconds
2024-07-28T21:33:57.878+0800: 11.292: [CMS-concurrent-sweep-start]
2024-07-28T21:33:57.879+0800: 11.293: [CMS-concurrent-sweep: 0.001/0.001 secs] [Times: user=0.00 sys=0.00, real=0.00 secs] 
2024-07-28T21:33:57.879+0800: 11.294: [CMS-concurrent-reset-start]
2024-07-28T21:33:57.880+0800: 11.294: [CMS-concurrent-reset: 0.001/0.001 secs] [Times: user=0.02 sys=0.00, real=0.00 secs] 
2024-07-28T21:33:57.989+0800: 11.404: Application time: 0.1116645 seconds
2024-07-28T21:33:57.989+0800: 11.404: [GC (Allocation Failure) 2024-07-28T21:33:57.989+0800: 11.404: [ParNew: 77168K->8192K(78656K), 0.0110723 secs] 414727K->378519K(641256K), 0.0111489 secs] [Times: user=0.00 sys=0.00, real=0.01 secs] 
2024-07-28T21:33:58.000+0800: 11.415: Total time for which application threads were stopped: 0.0112607 seconds, Stopping threads took: 0.0000197 seconds
2024-07-28T21:33:58.000+0800: 11.415: Application time: 0.0001459 seconds
2024-07-28T21:33:58.000+0800: 11.415: [GC (CMS Initial Mark) [1 CMS-initial-mark: 370327K(562600K)] 381959K(641256K), 0.0007630 secs] [Times: user=0.00 sys=0.00, real=0.00 secs] 
2024-07-28T21:33:58.001+0800: 11.416: Total time for which application threads were stopped: 0.0010320 seconds, Stopping threads took: 0.0002256 seconds
2024-07-28T21:33:58.001+0800: 11.416: [CMS-concurrent-mark-start]
2024-07-28T21:33:58.005+0800: 11.420: [CMS-concurrent-mark: 0.004/0.004 secs] [Times: user=0.05 sys=0.00, real=0.00 secs] 
2024-07-28T21:33:58.005+0800: 11.420: [CMS-concurrent-preclean-start]
2024-07-28T21:33:58.006+0800: 11.421: [CMS-concurrent-preclean: 0.001/0.001 secs] [Times: user=0.00 sys=0.00, real=0.00 secs] 
2024-07-28T21:33:58.006+0800: 11.421: [CMS-concurrent-abortable-preclean-start]
2024-07-28T21:33:58.112+0800: 11.526: Application time: 0.1100170 seconds
2024-07-28T21:33:58.112+0800: 11.526: [GC (Allocation Failure) 2024-07-28T21:33:58.112+0800: 11.526: [ParNew: 77168K->8192K(78656K), 0.0123163 secs] 447496K->447128K(641256K), 0.0123788 secs] [Times: user=0.03 sys=0.00, real=0.01 secs] 
2024-07-28T21:33:58.123+0800: 11.539: Total time for which application threads were stopped: 0.0125060 seconds, Stopping threads took: 0.0000216 seconds
2024-07-28T21:33:58.128+0800: 11.543: Application time: 0.0045875 seconds
2024-07-28T21:33:58.128+0800: 11.543: [GC (Allocation Failure) 2024-07-28T21:33:58.128+0800: 11.543: [ParNew: 77168K->8192K(78656K), 0.0129824 secs] 516105K->515737K(641256K), 0.0130360 secs] [Times: user=0.11 sys=0.00, real=0.01 secs] 
2024-07-28T21:33:58.142+0800: 11.556: Total time for which application threads were stopped: 0.0131428 seconds, Stopping threads took: 0.0000156 seconds
2024-07-28T21:33:58.256+0800: 11.670: Application time: 0.1139745 seconds
2024-07-28T21:33:58.256+0800: 11.670: [GC (Allocation Failure) 2024-07-28T21:33:58.256+0800: 11.670: [ParNew: 77168K->8192K(78656K), 0.0069893 secs] 584714K->549529K(641256K), 0.0070618 secs] [Times: user=0.00 sys=0.00, real=0.01 secs] 
2024-07-28T21:33:58.263+0800: 11.677: Total time for which application threads were stopped: 0.0071711 seconds, Stopping threads took: 0.0000199 seconds
2024-07-28T21:33:58.378+0800: 11.794: Application time: 0.1162824 seconds
2024-07-28T21:33:58.378+0800: 11.794: [GC (Allocation Failure) 2024-07-28T21:33:58.378+0800: 11.794: [ParNew: 77168K->77168K(78656K), 0.0000189 secs]2024-07-28T21:33:58.378+0800: 11.794: [CMS2024-07-28T21:33:58.379+0800: 11.794: [CMS-concurrent-abortable-preclean: 0.010/0.373 secs] [Times: user=0.20 sys=0.00, real=0.37 secs] 
 (concurrent mode failure): 541337K->111234K(562600K), 0.0185042 secs] 618506K->111234K(886976K), [Metaspace: 2996K->2996K(1056768K)], 0.0192795 secs] [Times: user=0.03 sys=0.00, real=0.02 secs] 
2024-07-28T21:33:58.399+0800: 11.813: Total time for which application threads were stopped: 0.0193978 seconds, Stopping threads took: 0.0000201 seconds
2024-07-28T21:33:58.694+0800: 12.108: Application time: 0.2951405 seconds
2024-07-28T21:33:58.694+0800: 12.108: [GC (Allocation Failure) 2024-07-28T21:33:58.694+0800: 12.108: [ParNew: 244488K->29696K(275264K), 0.0347947 secs] 355723K->260743K(886976K), 0.0348550 secs] [Times: user=0.05 sys=0.02, real=0.04 secs] 
2024-07-28T21:33:58.729+0800: 12.143: Total time for which application threads were stopped: 0.0349817 seconds, Stopping threads took: 0.0000331 seconds
2024-07-28T21:33:58.965+0800: 12.380: Application time: 0.2367008 seconds
2024-07-28T21:33:58.965+0800: 12.380: [GC (Allocation Failure) 2024-07-28T21:33:58.966+0800: 12.380: [ParNew: 274167K->29696K(275264K), 0.0415107 secs] 505213K->419467K(886976K), 0.0416239 secs] [Times: user=0.08 sys=0.02, real=0.04 secs] 
2024-07-28T21:33:59.007+0800: 12.422: Total time for which application threads were stopped: 0.0417357 seconds, Stopping threads took: 0.0000199 seconds
2024-07-28T21:33:59.007+0800: 12.422: Application time: 0.0001253 seconds
2024-07-28T21:33:59.007+0800: 12.422: [GC (CMS Initial Mark) [1 CMS-initial-mark: 389771K(611712K)] 426376K(886976K), 0.0006867 secs] [Times: user=0.00 sys=0.00, real=0.00 secs] 
2024-07-28T21:33:59.008+0800: 12.423: Total time for which application threads were stopped: 0.0009144 seconds, Stopping threads took: 0.0001812 seconds
2024-07-28T21:33:59.008+0800: 12.423: [CMS-concurrent-mark-start]
2024-07-28T21:33:59.010+0800: 12.424: [CMS-concurrent-mark: 0.002/0.002 secs] [Times: user=0.00 sys=0.00, real=0.00 secs] 
2024-07-28T21:33:59.010+0800: 12.424: [CMS-concurrent-preclean-start]
2024-07-28T21:33:59.011+0800: 12.425: [CMS-concurrent-preclean: 0.001/0.001 secs] [Times: user=0.00 sys=0.00, real=0.00 secs] 
2024-07-28T21:33:59.011+0800: 12.425: [CMS-concurrent-abortable-preclean-start]
2024-07-28T21:33:59.341+0800: 12.756: [CMS-concurrent-abortable-preclean: 0.004/0.330 secs] [Times: user=0.02 sys=0.00, real=0.33 secs] 
2024-07-28T21:33:59.341+0800: 12.756: Application time: 0.3333083 seconds
2024-07-28T21:33:59.342+0800: 12.756: [GC (CMS Final Remark) [YG occupancy: 257792 K (275264 K)]2024-07-28T21:33:59.342+0800: 12.756: [Rescan (parallel) , 0.0011264 secs]2024-07-28T21:33:59.343+0800: 12.757: [weak refs processing, 0.0000145 secs]2024-07-28T21:33:59.343+0800: 12.757: [class unloading, 0.0002397 secs]2024-07-28T21:33:59.343+0800: 12.758: [scrub symbol table, 0.0003516 secs]2024-07-28T21:33:59.343+0800: 12.758: [scrub string table, 0.0001057 secs][1 CMS-remark: 389771K(611712K)] 647564K(886976K), 0.0019203 secs] [Times: user=0.00 sys=0.00, real=0.00 secs] 
2024-07-28T21:33:59.344+0800: 12.758: Total time for which application threads were stopped: 0.0021608 seconds, Stopping threads took: 0.0001893 seconds
2024-07-28T21:33:59.344+0800: 12.758: [CMS-concurrent-sweep-start]
2024-07-28T21:33:59.345+0800: 12.760: Application time: 0.0014222 seconds
2024-07-28T21:33:59.345+0800: 12.760: [GC (Allocation Failure) 2024-07-28T21:33:59.345+0800: 12.760: [ParNew: 274177K->22528K(275264K), 0.0048107 secs] 433544K->181896K(886976K), 0.0048708 secs] [Times: user=0.03 sys=0.00, real=0.00 secs] 
2024-07-28T21:33:59.350+0800: 12.765: Total time for which application threads were stopped: 0.0049710 seconds, Stopping threads took: 0.0000155 seconds
2024-07-28T21:33:59.350+0800: 12.765: [CMS-concurrent-sweep: 0.001/0.006 secs] [Times: user=0.03 sys=0.00, real=0.01 secs] 
2024-07-28T21:33:59.350+0800: 12.765: [CMS-concurrent-reset-start]
2024-07-28T21:33:59.351+0800: 12.766: [CMS-concurrent-reset: 0.001/0.001 secs] [Times: user=0.00 sys=0.00, real=0.00 secs] 
2024-07-28T21:33:59.596+0800: 13.011: Application time: 0.2459723 seconds
2024-07-28T21:33:59.596+0800: 13.011: [GC (Allocation Failure) 2024-07-28T21:33:59.596+0800: 13.011: [ParNew: 267015K->29696K(275264K), 0.0101925 secs] 426383K->220810K(886976K), 0.0102615 secs] [Times: user=0.03 sys=0.00, real=0.01 secs] 
2024-07-28T21:33:59.606+0800: 13.021: Total time for which application threads were stopped: 0.0104080 seconds, Stopping threads took: 0.0000216 seconds
2024-07-28T21:33:59.834+0800: 13.249: Application time: 0.2281496 seconds
2024-07-28T21:33:59.835+0800: 13.249: [GC (Allocation Failure) 2024-07-28T21:33:59.835+0800: 13.249: [ParNew: 274187K->29696K(275264K), 0.0155832 secs] 465302K->291469K(886976K), 0.0156412 secs] [Times: user=0.03 sys=0.00, real=0.01 secs] 
2024-07-28T21:33:59.850+0800: 13.265: Total time for which application threads were stopped: 0.0157568 seconds, Stopping threads took: 0.0000242 seconds
Heap
 par new generation   total 275264K, used 139819K [0x00000000c8000000, 0x00000000daaa0000, 0x00000000daaa0000)
  eden space 244736K,  44% used [0x00000000c8000000, 0x00000000ceb8abf8, 0x00000000d6f00000)
  from space 30528K,  97% used [0x00000000d8cd0000, 0x00000000da9d01d0, 0x00000000daaa0000)
  to   space 30528K,   0% used [0x00000000d6f00000, 0x00000000d6f00000, 0x00000000d8cd0000)
 concurrent mark-sweep generation total 611712K, used 261773K [0x00000000daaa0000, 0x0000000100000000, 0x0000000100000000)
 Metaspace       used 3005K, capacity 4486K, committed 4864K, reserved 1056768K
  class space    used 310K, capacity 386K, committed 512K, reserved 1048576K
2024-07-28T21:34:00.066+0800: 13.480: Application time: 0.2154971 seconds
