OpenJDK 64-Bit Server VM (25.412-b1) for windows-amd64 JRE (1.8.0_412-b1), built on Apr 23 2024 12:00:37 by "Administrator" with MS VC++ 10.0 (VS2010)
Memory: 4k page, physical 16672068k(3862848k free), swap 19811428k(4123480k free)
CommandLine flags: -XX:-CMSParallelRemarkEnabled -XX:GCDrainStackTargetSize=64 -XX:InitialHeapSize=810758960 -XX:InitialTenuringThreshold=4 -XX:MaxHeapSize=939524096 -XX:MaxNewSize=805306368 -XX:MaxTenuringThreshold=4 -XX:NewSize=805306368 -XX:OldPLABSize=16 -XX:+PrintGC -XX:+PrintGCApplicationConcurrentTime -XX:+PrintGCApplicationStoppedTime -XX:+PrintGCDateStamps -XX:+PrintGCDetails -XX:+PrintGCTimeStamps -XX:+UseCompressedClassPointers -XX:+UseCompressedOops -XX:+UseConcMarkSweepGC -XX:-UseLargePagesIndividualAllocation -XX:+UseParNewGC 
2024-07-29T19:18:47.558+0800: 1.029: Application time: 0.9441942 seconds
2024-07-29T19:18:47.558+0800: 1.029: Total time for which application threads were stopped: 0.0001076 seconds, Stopping threads took: 0.0000450 seconds
2024-07-29T19:18:47.579+0800: 1.050: Application time: 0.0211328 seconds
2024-07-29T19:18:47.579+0800: 1.050: [GC (Allocation Failure) 2024-07-29T19:18:47.579+0800: 1.050: [ParNew: 629042K->13988K(707840K), 0.0091042 secs] 629042K->13988K(713984K), 0.0092880 secs] [Times: user=0.02 sys=0.01, real=0.01 secs] 
2024-07-29T19:18:47.588+0800: 1.060: Total time for which application threads were stopped: 0.0094012 seconds, Stopping threads took: 0.0000180 seconds
2024-07-29T19:18:48.251+0800: 1.722: Application time: 0.6620754 seconds
2024-07-29T19:18:48.251+0800: 1.722: [GC (Allocation Failure) 2024-07-29T19:18:48.251+0800: 1.722: [ParNew: 643236K->8091K(707840K), 0.0049527 secs] 643236K->8091K(713984K), 0.0050779 secs] [Times: user=0.03 sys=0.00, real=0.01 secs] 
2024-07-29T19:18:48.256+0800: 1.727: Total time for which application threads were stopped: 0.0052014 seconds, Stopping threads took: 0.0000258 seconds
2024-07-29T19:18:48.929+0800: 2.401: Application time: 0.6737124 seconds
2024-07-29T19:18:48.929+0800: 2.401: [GC (Allocation Failure) 2024-07-29T19:18:48.929+0800: 2.401: [ParNew: 637339K->12212K(707840K), 0.0027766 secs] 637339K->12212K(713984K), 0.0028310 secs] [Times: user=0.00 sys=0.00, real=0.00 secs] 
2024-07-29T19:18:48.932+0800: 2.403: Total time for which application threads were stopped: 0.0029557 seconds, Stopping threads took: 0.0000197 seconds
2024-07-29T19:18:49.605+0800: 3.076: Application time: 0.6727911 seconds
2024-07-29T19:18:49.605+0800: 3.076: [GC (Allocation Failure) 2024-07-29T19:18:49.623+0800: 3.094: [ParNew: 641460K->19437K(707840K), 0.0091310 secs] 641460K->19437K(713984K), 0.0272921 secs] [Times: user=0.03 sys=0.00, real=0.03 secs] 
2024-07-29T19:18:49.632+0800: 3.104: Total time for which application threads were stopped: 0.0274069 seconds, Stopping threads took: 0.0000199 seconds
2024-07-29T19:18:50.301+0800: 3.773: Application time: 0.6689777 seconds
2024-07-29T19:18:50.301+0800: 3.773: [GC (Allocation Failure) 2024-07-29T19:18:50.301+0800: 3.773: [ParNew: 648685K->24772K(707840K), 0.0096126 secs] 648685K->25429K(713984K), 0.0096733 secs] [Times: user=0.00 sys=0.00, real=0.01 secs] 
2024-07-29T19:18:50.311+0800: 3.782: Total time for which application threads were stopped: 0.0097883 seconds, Stopping threads took: 0.0000205 seconds
2024-07-29T19:18:50.664+0800: 4.134: Application time: 0.3519995 seconds
2024-07-29T19:18:50.664+0800: 4.135: Total time for which application threads were stopped: 0.0000786 seconds, Stopping threads took: 0.0000297 seconds
2024-07-29T19:18:50.995+0800: 4.467: Application time: 0.3321447 seconds
2024-07-29T19:18:50.995+0800: 4.467: [GC (Allocation Failure) 2024-07-29T19:18:50.995+0800: 4.467: [ParNew: 654020K->33890K(707840K), 0.0113172 secs] 654677K->34547K(713984K), 0.0113821 secs] [Times: user=0.03 sys=0.00, real=0.01 secs] 
2024-07-29T19:18:51.007+0800: 4.478: Total time for which application threads were stopped: 0.0114976 seconds, Stopping threads took: 0.0000214 seconds
2024-07-29T19:18:51.686+0800: 5.157: Application time: 0.6791633 seconds
2024-07-29T19:18:51.686+0800: 5.157: [GC (Allocation Failure) 2024-07-29T19:18:51.687+0800: 5.158: [ParNew: 663138K->39965K(707840K), 0.0130984 secs] 663795K->40622K(713984K), 0.0132455 secs] [Times: user=0.02 sys=0.01, real=0.01 secs] 
2024-07-29T19:18:51.700+0800: 5.171: Total time for which application threads were stopped: 0.0133605 seconds, Stopping threads took: 0.0000201 seconds
2024-07-29T19:18:52.379+0800: 5.849: Application time: 0.6786465 seconds
2024-07-29T19:18:52.379+0800: 5.849: [GC (Allocation Failure) 2024-07-29T19:18:52.379+0800: 5.849: [ParNew: 669213K->48128K(707840K), 0.0139020 secs] 669870K->48786K(713984K), 0.0139633 secs] [Times: user=0.03 sys=0.00, real=0.01 secs] 
2024-07-29T19:18:52.392+0800: 5.863: Total time for which application threads were stopped: 0.0140870 seconds, Stopping threads took: 0.0000193 seconds
2024-07-29T19:18:53.057+0800: 6.528: Application time: 0.6648982 seconds
2024-07-29T19:18:53.057+0800: 6.528: [GC (Allocation Failure) 2024-07-29T19:18:53.057+0800: 6.528: [ParNew: 677376K->56330K(707840K), 0.0158445 secs] 678034K->56989K(713984K), 0.0159022 secs] [Times: user=0.01 sys=0.02, real=0.02 secs] 
2024-07-29T19:18:53.073+0800: 6.544: Total time for which application threads were stopped: 0.0160137 seconds, Stopping threads took: 0.0000209 seconds
2024-07-29T19:18:53.750+0800: 7.221: Application time: 0.6769126 seconds
2024-07-29T19:18:53.750+0800: 7.221: [GC (Allocation Failure) 2024-07-29T19:18:53.750+0800: 7.221: [ParNew: 685578K->64512K(707840K), 0.0162742 secs] 686237K->65171K(713984K), 0.0163355 secs] [Times: user=0.03 sys=0.00, real=0.02 secs] 
2024-07-29T19:18:53.766+0800: 7.238: Total time for which application threads were stopped: 0.0164498 seconds, Stopping threads took: 0.0000208 seconds
2024-07-29T19:18:54.443+0800: 7.914: Application time: 0.6760332 seconds
2024-07-29T19:18:54.443+0800: 7.914: [GC (Allocation Failure) 2024-07-29T19:18:54.443+0800: 7.914: [ParNew: 693383K->76801K(707840K), 0.0196131 secs] 694041K->77459K(713984K), 0.0196726 secs] [Times: user=0.02 sys=0.02, real=0.02 secs] 
2024-07-29T19:18:54.462+0800: 7.934: Total time for which application threads were stopped: 0.0197875 seconds, Stopping threads took: 0.0000191 seconds
2024-07-29T19:18:55.141+0800: 8.611: Application time: 0.6777766 seconds
2024-07-29T19:18:55.141+0800: 8.611: [GC (Allocation Failure) 2024-07-29T19:18:55.141+0800: 8.611: [ParNew: 706049K->77825K(707840K), 0.0215620 secs] 706707K->85651K(717068K), 0.0216202 secs] [Times: user=0.06 sys=0.00, real=0.02 secs] 
2024-07-29T19:18:55.162+0800: 8.633: Total time for which application threads were stopped: 0.0217306 seconds, Stopping threads took: 0.0000190 seconds
2024-07-29T19:18:55.162+0800: 8.633: Application time: 0.0001683 seconds
2024-07-29T19:18:55.163+0800: 8.633: [GC (CMS Initial Mark) [1 CMS-initial-mark: 7826K(9228K)] 86675K(717068K), 0.0007999 secs] [Times: user=0.00 sys=0.00, real=0.00 secs] 
2024-07-29T19:18:55.163+0800: 8.634: Total time for which application threads were stopped: 0.0009369 seconds, Stopping threads took: 0.0000945 seconds
2024-07-29T19:18:55.164+0800: 8.634: [CMS-concurrent-mark-start]
2024-07-29T19:18:55.165+0800: 8.636: [CMS-concurrent-mark: 0.001/0.001 secs] [Times: user=0.00 sys=0.00, real=0.00 secs] 
2024-07-29T19:18:55.165+0800: 8.636: [CMS-concurrent-preclean-start]
2024-07-29T19:18:55.165+0800: 8.636: [CMS-concurrent-preclean: 0.000/0.000 secs] [Times: user=0.00 sys=0.00, real=0.00 secs] 
2024-07-29T19:18:55.165+0800: 8.636: [CMS-concurrent-abortable-preclean-start]
2024-07-29T19:18:55.716+0800: 9.186: [CMS-concurrent-abortable-preclean: 0.001/0.550 secs] [Times: user=0.00 sys=0.00, real=0.55 secs] 
2024-07-29T19:18:55.716+0800: 9.187: Application time: 0.5524367 seconds
2024-07-29T19:18:55.716+0800: 9.187: [GC (CMS Final Remark) [YG occupancy: 523654 K (707840 K)]2024-07-29T19:18:55.716+0800: 9.187: [Rescan (non-parallel) 2024-07-29T19:18:55.716+0800: 9.187: [grey object rescan, 0.0000220 secs]2024-07-29T19:18:55.716+0800: 9.187: [root rescan, 0.0001630 secs]2024-07-29T19:18:55.716+0800: 9.187: [visit unhandled CLDs, 0.0000129 secs]2024-07-29T19:18:55.716+0800: 9.187: [dirty klass scan, 0.0000317 secs], 0.0002618 secs]2024-07-29T19:18:55.716+0800: 9.187: [weak refs processing, 0.0000151 secs]2024-07-29T19:18:55.716+0800: 9.187: [class unloading, 0.0003645 secs]2024-07-29T19:18:55.716+0800: 9.187: [scrub symbol table, 0.0003706 secs]2024-07-29T19:18:55.716+0800: 9.188: [scrub string table, 0.0001000 secs][1 CMS-remark: 7826K(9228K)] 531480K(717068K), 0.0011806 secs] [Times: user=0.00 sys=0.00, real=0.00 secs] 
2024-07-29T19:18:55.716+0800: 9.188: Total time for which application threads were stopped: 0.0013723 seconds, Stopping threads took: 0.0001498 seconds
2024-07-29T19:18:55.717+0800: 9.188: [CMS-concurrent-sweep-start]
2024-07-29T19:18:55.719+0800: 9.190: [CMS-concurrent-sweep: 0.002/0.002 secs] [Times: user=0.00 sys=0.00, real=0.00 secs] 
2024-07-29T19:18:55.719+0800: 9.190: [CMS-concurrent-reset-start]
2024-07-29T19:18:55.720+0800: 9.192: [CMS-concurrent-reset: 0.002/0.002 secs] [Times: user=0.00 sys=0.00, real=0.00 secs] 
2024-07-29T19:18:55.847+0800: 9.318: Application time: 0.1301445 seconds
2024-07-29T19:18:55.847+0800: 9.318: [GC (Allocation Failure) 2024-07-29T19:18:55.847+0800: 9.318: [ParNew: 707073K->77825K(707840K), 0.0231964 secs] 714898K->99987K(731164K), 0.0232544 secs] [Times: user=0.05 sys=0.02, real=0.02 secs] 
2024-07-29T19:18:55.870+0800: 9.342: Total time for which application threads were stopped: 0.0233631 seconds, Stopping threads took: 0.0000181 seconds
2024-07-29T19:18:55.871+0800: 9.342: Application time: 0.0001709 seconds
2024-07-29T19:18:55.871+0800: 9.342: [GC (CMS Initial Mark) [1 CMS-initial-mark: 22161K(23324K)] 114535K(731164K), 0.0005862 secs] [Times: user=0.00 sys=0.00, real=0.00 secs] 
2024-07-29T19:18:55.871+0800: 9.342: Total time for which application threads were stopped: 0.0007277 seconds, Stopping threads took: 0.0000979 seconds
2024-07-29T19:18:55.871+0800: 9.342: [CMS-concurrent-mark-start]
2024-07-29T19:18:55.873+0800: 9.343: [CMS-concurrent-mark: 0.001/0.001 secs] [Times: user=0.00 sys=0.00, real=0.00 secs] 
2024-07-29T19:18:55.873+0800: 9.343: [CMS-concurrent-preclean-start]
2024-07-29T19:18:55.873+0800: 9.343: [CMS-concurrent-preclean: 0.000/0.000 secs] [Times: user=0.00 sys=0.00, real=0.00 secs] 
2024-07-29T19:18:55.873+0800: 9.343: [CMS-concurrent-abortable-preclean-start]
2024-07-29T19:18:56.419+0800: 9.890: [CMS-concurrent-abortable-preclean: 0.001/0.546 secs] [Times: user=0.03 sys=0.00, real=0.55 secs] 
2024-07-29T19:18:56.419+0800: 9.890: Application time: 0.5474300 seconds
2024-07-29T19:18:56.419+0800: 9.890: [GC (CMS Final Remark) [YG occupancy: 498096 K (707840 K)]2024-07-29T19:18:56.419+0800: 9.890: [Rescan (non-parallel) 2024-07-29T19:18:56.419+0800: 9.890: [grey object rescan, 0.0000417 secs]2024-07-29T19:18:56.419+0800: 9.890: [root rescan, 0.0002091 secs]2024-07-29T19:18:56.419+0800: 9.890: [visit unhandled CLDs, 0.0000085 secs]2024-07-29T19:18:56.419+0800: 9.890: [dirty klass scan, 0.0000352 secs], 0.0003346 secs]2024-07-29T19:18:56.419+0800: 9.890: [weak refs processing, 0.0000113 secs]2024-07-29T19:18:56.419+0800: 9.890: [class unloading, 0.0002718 secs]2024-07-29T19:18:56.420+0800: 9.891: [scrub symbol table, 0.0003154 secs]2024-07-29T19:18:56.420+0800: 9.891: [scrub string table, 0.0000915 secs][1 CMS-remark: 22161K(23324K)] 520258K(731164K), 0.0010958 secs] [Times: user=0.00 sys=0.00, real=0.00 secs] 
2024-07-29T19:18:56.420+0800: 9.891: Total time for which application threads were stopped: 0.0011718 seconds, Stopping threads took: 0.0000292 seconds
2024-07-29T19:18:56.420+0800: 9.891: [CMS-concurrent-sweep-start]
2024-07-29T19:18:56.420+0800: 9.891: [CMS-concurrent-sweep: 0.000/0.000 secs] [Times: user=0.00 sys=0.00, real=0.00 secs] 
2024-07-29T19:18:56.420+0800: 9.891: [CMS-concurrent-reset-start]
2024-07-29T19:18:56.421+0800: 9.892: [CMS-concurrent-reset: 0.000/0.000 secs] [Times: user=0.00 sys=0.00, real=0.00 secs] 
2024-07-29T19:18:56.698+0800: 10.169: Application time: 0.2780531 seconds
2024-07-29T19:18:56.698+0800: 10.169: [GC (Allocation Failure) 2024-07-29T19:18:56.698+0800: 10.169: [ParNew: 706183K->77825K(707840K), 0.0274087 secs] 721177K->120467K(752364K), 0.0274936 secs] [Times: user=0.05 sys=0.02, real=0.03 secs] 
2024-07-29T19:18:56.726+0800: 10.197: Total time for which application threads were stopped: 0.0276377 seconds, Stopping threads took: 0.0000325 seconds
2024-07-29T19:18:56.726+0800: 10.197: Application time: 0.0001708 seconds
2024-07-29T19:18:56.726+0800: 10.197: [GC (CMS Initial Mark) [1 CMS-initial-mark: 42642K(44524K)] 134947K(752364K), 0.0006873 secs] [Times: user=0.00 sys=0.00, real=0.00 secs] 
2024-07-29T19:18:56.727+0800: 10.198: Total time for which application threads were stopped: 0.0008753 seconds, Stopping threads took: 0.0001454 seconds
2024-07-29T19:18:56.727+0800: 10.198: [CMS-concurrent-mark-start]
2024-07-29T19:18:56.728+0800: 10.199: [CMS-concurrent-mark: 0.001/0.001 secs] [Times: user=0.00 sys=0.00, real=0.00 secs] 
2024-07-29T19:18:56.728+0800: 10.199: [CMS-concurrent-preclean-start]
2024-07-29T19:18:56.728+0800: 10.199: [CMS-concurrent-preclean: 0.000/0.000 secs] [Times: user=0.00 sys=0.00, real=0.00 secs] 
2024-07-29T19:18:56.728+0800: 10.199: [CMS-concurrent-abortable-preclean-start]
2024-07-29T19:18:57.280+0800: 10.751: [CMS-concurrent-abortable-preclean: 0.002/0.551 secs] [Times: user=0.03 sys=0.00, real=0.55 secs] 
2024-07-29T19:18:57.280+0800: 10.751: Application time: 0.5530480 seconds
2024-07-29T19:18:57.280+0800: 10.751: [GC (CMS Final Remark) [YG occupancy: 603648 K (707840 K)]2024-07-29T19:18:57.280+0800: 10.751: [Rescan (non-parallel) 2024-07-29T19:18:57.280+0800: 10.751: [grey object rescan, 0.0000776 secs]2024-07-29T19:18:57.280+0800: 10.751: [root rescan, 0.0001757 secs]2024-07-29T19:18:57.280+0800: 10.751: [visit unhandled CLDs, 0.0000250 secs]2024-07-29T19:18:57.280+0800: 10.751: [dirty klass scan, 0.0000458 secs], 0.0004155 secs]2024-07-29T19:18:57.280+0800: 10.751: [weak refs processing, 0.0000128 secs]2024-07-29T19:18:57.280+0800: 10.751: [class unloading, 0.0003089 secs]2024-07-29T19:18:57.280+0800: 10.752: [scrub symbol table, 0.0004197 secs]2024-07-29T19:18:57.280+0800: 10.752: [scrub string table, 0.0001048 secs][1 CMS-remark: 42642K(44524K)] 646290K(752364K), 0.0013513 secs] [Times: user=0.00 sys=0.00, real=0.00 secs] 
2024-07-29T19:18:57.281+0800: 10.752: Total time for which application threads were stopped: 0.0014376 seconds, Stopping threads took: 0.0000342 seconds
2024-07-29T19:18:57.281+0800: 10.753: [CMS-concurrent-sweep-start]
2024-07-29T19:18:57.281+0800: 10.753: [CMS-concurrent-sweep: 0.000/0.000 secs] [Times: user=0.00 sys=0.00, real=0.00 secs] 
2024-07-29T19:18:57.281+0800: 10.753: [CMS-concurrent-reset-start]
2024-07-29T19:18:57.281+0800: 10.753: [CMS-concurrent-reset: 0.000/0.000 secs] [Times: user=0.00 sys=0.00, real=0.00 secs] 
2024-07-29T19:18:57.421+0800: 10.892: Application time: 0.1400020 seconds
2024-07-29T19:18:57.422+0800: 10.892: [GC (Allocation Failure) 2024-07-29T19:18:57.422+0800: 10.892: [ParNew: 707073K->77825K(707840K), 0.0528982 secs] 735379K->141971K(774552K), 0.0529979 secs] [Times: user=0.08 sys=0.05, real=0.05 secs] 
2024-07-29T19:18:57.475+0800: 10.945: Total time for which application threads were stopped: 0.0531939 seconds, Stopping threads took: 0.0000233 seconds
2024-07-29T19:18:57.475+0800: 10.946: Application time: 0.0008448 seconds
2024-07-29T19:18:57.476+0800: 10.947: [GC (CMS Initial Mark) [1 CMS-initial-mark: 64146K(66712K)] 156505K(774552K), 0.0005183 secs] [Times: user=0.00 sys=0.00, real=0.00 secs] 
2024-07-29T19:18:57.476+0800: 10.947: Total time for which application threads were stopped: 0.0008692 seconds, Stopping threads took: 0.0001374 seconds
2024-07-29T19:18:57.476+0800: 10.947: [CMS-concurrent-mark-start]
2024-07-29T19:18:57.479+0800: 10.949: [CMS-concurrent-mark: 0.002/0.002 secs] [Times: user=0.00 sys=0.00, real=0.00 secs] 
2024-07-29T19:18:57.479+0800: 10.950: [CMS-concurrent-preclean-start]
2024-07-29T19:18:57.479+0800: 10.950: [CMS-concurrent-preclean: 0.000/0.000 secs] [Times: user=0.00 sys=0.00, real=0.00 secs] 
2024-07-29T19:18:57.480+0800: 10.950: [CMS-concurrent-abortable-preclean-start]
2024-07-29T19:18:58.018+0800: 11.489: [CMS-concurrent-abortable-preclean: 0.001/0.538 secs] [Times: user=0.06 sys=0.00, real=0.54 secs] 
2024-07-29T19:18:58.018+0800: 11.489: Application time: 0.5417154 seconds
2024-07-29T19:18:58.018+0800: 11.489: [GC (CMS Final Remark) [YG occupancy: 586293 K (707840 K)]2024-07-29T19:18:58.018+0800: 11.489: [Rescan (non-parallel) 2024-07-29T19:18:58.018+0800: 11.489: [grey object rescan, 0.0000925 secs]2024-07-29T19:18:58.018+0800: 11.489: [root rescan, 0.0001872 secs]2024-07-29T19:18:58.018+0800: 11.489: [visit unhandled CLDs, 0.0000076 secs]2024-07-29T19:18:58.018+0800: 11.489: [dirty klass scan, 0.0000343 secs], 0.0003534 secs]2024-07-29T19:18:58.018+0800: 11.489: [weak refs processing, 0.0000106 secs]2024-07-29T19:18:58.018+0800: 11.489: [class unloading, 0.0002922 secs]2024-07-29T19:18:58.018+0800: 11.490: [scrub symbol table, 0.0003386 secs]2024-07-29T19:18:58.019+0800: 11.490: [scrub string table, 0.0000912 secs][1 CMS-remark: 64146K(66712K)] 650440K(774552K), 0.0011616 secs] [Times: user=0.00 sys=0.00, real=0.00 secs] 
2024-07-29T19:18:58.019+0800: 11.490: Total time for which application threads were stopped: 0.0012432 seconds, Stopping threads took: 0.0000359 seconds
2024-07-29T19:18:58.019+0800: 11.490: [CMS-concurrent-sweep-start]
2024-07-29T19:18:58.019+0800: 11.491: [CMS-concurrent-sweep: 0.000/0.000 secs] [Times: user=0.00 sys=0.00, real=0.00 secs] 
2024-07-29T19:18:58.019+0800: 11.491: [CMS-concurrent-reset-start]
2024-07-29T19:18:58.019+0800: 11.491: [CMS-concurrent-reset: 0.000/0.000 secs] [Times: user=0.02 sys=0.00, real=0.00 secs] 
2024-07-29T19:18:58.191+0800: 11.662: Application time: 0.1722230 seconds
2024-07-29T19:18:58.192+0800: 11.662: [GC (Allocation Failure) 2024-07-29T19:18:58.192+0800: 11.663: [ParNew: 707073K->77825K(707840K), 0.0352491 secs] 743571K->162452K(794084K), 0.0353263 secs] [Times: user=0.09 sys=0.00, real=0.04 secs] 
2024-07-29T19:18:58.227+0800: 11.698: Total time for which application threads were stopped: 0.0354711 seconds, Stopping threads took: 0.0000372 seconds
2024-07-29T19:18:58.227+0800: 11.698: Application time: 0.0002484 seconds
2024-07-29T19:18:58.227+0800: 11.698: [GC (CMS Initial Mark) [1 CMS-initial-mark: 84626K(86244K)] 176924K(794084K), 0.0008592 secs] [Times: user=0.00 sys=0.00, real=0.00 secs] 
2024-07-29T19:18:58.228+0800: 11.699: Total time for which application threads were stopped: 0.0009889 seconds, Stopping threads took: 0.0000865 seconds
2024-07-29T19:18:58.228+0800: 11.699: [CMS-concurrent-mark-start]
2024-07-29T19:18:58.229+0800: 11.700: [CMS-concurrent-mark: 0.001/0.001 secs] [Times: user=0.00 sys=0.00, real=0.00 secs] 
2024-07-29T19:18:58.230+0800: 11.700: [CMS-concurrent-preclean-start]
2024-07-29T19:18:58.230+0800: 11.701: [CMS-concurrent-preclean: 0.000/0.000 secs] [Times: user=0.00 sys=0.00, real=0.00 secs] 
2024-07-29T19:18:58.230+0800: 11.701: [CMS-concurrent-abortable-preclean-start]
2024-07-29T19:18:58.230+0800: 11.701: [CMS-concurrent-abortable-preclean: 0.000/0.000 secs] [Times: user=0.00 sys=0.00, real=0.00 secs] 
2024-07-29T19:18:58.230+0800: 11.701: Application time: 0.0018191 seconds
2024-07-29T19:18:58.230+0800: 11.701: [GC (CMS Final Remark) [YG occupancy: 105745 K (707840 K)]2024-07-29T19:18:58.230+0800: 11.701: [Rescan (non-parallel) 2024-07-29T19:18:58.230+0800: 11.701: [grey object rescan, 0.0001262 secs]2024-07-29T19:18:58.230+0800: 11.701: [root rescan, 0.0000545 secs]2024-07-29T19:18:58.230+0800: 11.701: [visit unhandled CLDs, 0.0000072 secs]2024-07-29T19:18:58.230+0800: 11.701: [dirty klass scan, 0.0000245 secs], 0.0002432 secs]2024-07-29T19:18:58.230+0800: 11.701: [weak refs processing, 0.0000167 secs]2024-07-29T19:18:58.230+0800: 11.701: [class unloading, 0.0003624 secs]2024-07-29T19:18:58.231+0800: 11.702: [scrub symbol table, 0.0004315 secs]2024-07-29T19:18:58.231+0800: 11.702: [scrub string table, 0.0001295 secs][1 CMS-remark: 84626K(86244K)] 190372K(794084K), 0.0012657 secs] [Times: user=0.00 sys=0.00, real=0.00 secs] 
2024-07-29T19:18:58.231+0800: 11.702: Total time for which application threads were stopped: 0.0013806 seconds, Stopping threads took: 0.0000631 seconds
2024-07-29T19:18:58.231+0800: 11.702: [CMS-concurrent-sweep-start]
2024-07-29T19:18:58.233+0800: 11.704: [CMS-concurrent-sweep: 0.001/0.001 secs] [Times: user=0.00 sys=0.00, real=0.00 secs] 
2024-07-29T19:18:58.233+0800: 11.704: [CMS-concurrent-reset-start]
2024-07-29T19:18:58.233+0800: 11.704: [CMS-concurrent-reset: 0.000/0.000 secs] [Times: user=0.00 sys=0.00, real=0.00 secs] 
Heap
 par new generation   total 707840K, used 387289K [0x00000000c8000000, 0x00000000f8000000, 0x00000000f8000000)
  eden space 629248K,  49% used [0x00000000c8000000, 0x00000000dae36138, 0x00000000ee680000)
  from space 78592K,  99% used [0x00000000ee680000, 0x00000000f32804c0, 0x00000000f3340000)
  to   space 78592K,   0% used [0x00000000f3340000, 0x00000000f3340000, 0x00000000f8000000)
 concurrent mark-sweep generation total 86244K, used 48786K [0x00000000f8000000, 0x00000000fd439000, 0x0000000100000000)
 Metaspace       used 3005K, capacity 4486K, committed 4864K, reserved 1056768K
  class space    used 310K, capacity 386K, committed 512K, reserved 1048576K
2024-07-29T19:18:58.571+0800: 12.042: Application time: 0.3393262 seconds
