OpenJDK 64-Bit Server VM (25.412-b1) for windows-amd64 JRE (1.8.0_412-b1), built on Apr 23 2024 12:00:37 by "Administrator" with MS VC++ 10.0 (VS2010)
Memory: 4k page, physical 16672068k(4525776k free), swap 19811428k(4625852k free)
CommandLine flags: -XX:+CMSParallelRemarkEnabled -XX:GCDrainStackTargetSize=64 -XX:InitialHeapSize=810758960 -XX:InitialTenuringThreshold=4 -XX:MaxHeapSize=939524096 -XX:MaxNewSize=805306368 -XX:MaxTenuringThreshold=4 -XX:NewSize=805306368 -XX:OldPLABSize=16 -XX:+PrintGC -XX:+PrintGCApplicationConcurrentTime -XX:+PrintGCApplicationStoppedTime -XX:+PrintGCDateStamps -XX:+PrintGCDetails -XX:+PrintGCTimeStamps -XX:+UseCompressedClassPointers -XX:+UseCompressedOops -XX:+UseConcMarkSweepGC -XX:-UseLargePagesIndividualAllocation -XX:+UseParNewGC 
2024-07-29T19:12:15.446+0800: 1.039: Application time: 0.9657938 seconds
2024-07-29T19:12:15.448+0800: 1.040: Total time for which application threads were stopped: 0.0000536 seconds, Stopping threads took: 0.0000205 seconds
2024-07-29T19:12:15.576+0800: 1.168: Application time: 0.1278184 seconds
2024-07-29T19:12:15.576+0800: 1.168: [GC (Allocation Failure) 2024-07-29T19:12:15.586+0800: 1.178: [ParNew: 629042K->14049K(707840K), 0.0430275 secs] 629042K->14049K(713984K), 0.0529959 secs] [Times: user=0.00 sys=0.00, real=0.05 secs] 
2024-07-29T19:12:15.629+0800: 1.221: Total time for which application threads were stopped: 0.0531272 seconds, Stopping threads took: 0.0000196 seconds
2024-07-29T19:12:16.301+0800: 1.893: Application time: 0.6717655 seconds
2024-07-29T19:12:16.301+0800: 1.893: [GC (Allocation Failure) 2024-07-29T19:12:16.301+0800: 1.893: [ParNew: 643297K->8140K(707840K), 0.0048966 secs] 643297K->8140K(713984K), 0.0049567 secs] [Times: user=0.02 sys=0.02, real=0.00 secs] 
2024-07-29T19:12:16.306+0800: 1.898: Total time for which application threads were stopped: 0.0050643 seconds, Stopping threads took: 0.0000204 seconds
2024-07-29T19:12:16.980+0800: 2.572: Application time: 0.6741219 seconds
2024-07-29T19:12:16.980+0800: 2.572: [GC (Allocation Failure) 2024-07-29T19:12:16.980+0800: 2.572: [ParNew: 637388K->12258K(707840K), 0.0024305 secs] 637388K->12258K(713984K), 0.0024798 secs] [Times: user=0.00 sys=0.00, real=0.00 secs] 
2024-07-29T19:12:16.982+0800: 2.574: Total time for which application threads were stopped: 0.0025997 seconds, Stopping threads took: 0.0000178 seconds
2024-07-29T19:12:17.657+0800: 3.249: Application time: 0.6745558 seconds
2024-07-29T19:12:17.657+0800: 3.249: [GC (Allocation Failure) 2024-07-29T19:12:17.657+0800: 3.249: [ParNew: 641506K->15341K(707840K), 0.0058808 secs] 641506K->15341K(713984K), 0.0059333 secs] [Times: user=0.02 sys=0.01, real=0.01 secs] 
2024-07-29T19:12:17.663+0800: 3.255: Total time for which application threads were stopped: 0.0060577 seconds, Stopping threads took: 0.0000187 seconds
2024-07-29T19:12:18.335+0800: 3.927: Application time: 0.6721834 seconds
2024-07-29T19:12:18.335+0800: 3.927: [GC (Allocation Failure) 2024-07-29T19:12:18.335+0800: 3.927: [ParNew: 644589K->24969K(707840K), 0.0102174 secs] 644589K->25626K(713984K), 0.0102788 secs] [Times: user=0.00 sys=0.00, real=0.01 secs] 
2024-07-29T19:12:18.345+0800: 3.938: Total time for which application threads were stopped: 0.0103894 seconds, Stopping threads took: 0.0000197 seconds
2024-07-29T19:12:18.524+0800: 4.117: Application time: 0.1788680 seconds
2024-07-29T19:12:18.524+0800: 4.117: Total time for which application threads were stopped: 0.0000539 seconds, Stopping threads took: 0.0000211 seconds
2024-07-29T19:12:19.016+0800: 4.609: Application time: 0.4921079 seconds
2024-07-29T19:12:19.016+0800: 4.609: [GC (Allocation Failure) 2024-07-29T19:12:19.016+0800: 4.609: [ParNew: 654217K->34882K(707840K), 0.0140318 secs] 654874K->35539K(713984K), 0.0140873 secs] [Times: user=0.03 sys=0.00, real=0.01 secs] 
2024-07-29T19:12:19.030+0800: 4.623: Total time for which application threads were stopped: 0.0141972 seconds, Stopping threads took: 0.0000193 seconds
2024-07-29T19:12:19.694+0800: 5.286: Application time: 0.6634602 seconds
2024-07-29T19:12:19.694+0800: 5.286: [GC (Allocation Failure) 2024-07-29T19:12:19.694+0800: 5.287: [ParNew: 664130K->40981K(707840K), 0.0131143 secs] 664787K->41638K(713984K), 0.0132511 secs] [Times: user=0.02 sys=0.00, real=0.01 secs] 
2024-07-29T19:12:19.708+0800: 5.300: Total time for which application threads were stopped: 0.0133660 seconds, Stopping threads took: 0.0000217 seconds
2024-07-29T19:12:20.371+0800: 5.963: Application time: 0.6630599 seconds
2024-07-29T19:12:20.371+0800: 5.963: [GC (Allocation Failure) 2024-07-29T19:12:20.371+0800: 5.963: [ParNew: 670229K->48128K(707840K), 0.0148218 secs] 670886K->48786K(713984K), 0.0148769 secs] [Times: user=0.03 sys=0.00, real=0.01 secs] 
2024-07-29T19:12:20.386+0800: 5.978: Total time for which application threads were stopped: 0.0149922 seconds, Stopping threads took: 0.0000197 seconds
2024-07-29T19:12:21.048+0800: 6.640: Application time: 0.6626698 seconds
2024-07-29T19:12:21.048+0800: 6.641: [GC (Allocation Failure) 2024-07-29T19:12:21.048+0800: 6.641: [ParNew: 677376K->56332K(707840K), 0.0169549 secs] 678034K->56991K(713984K), 0.0170111 secs] [Times: user=0.03 sys=0.00, real=0.02 secs] 
2024-07-29T19:12:21.065+0800: 6.658: Total time for which application threads were stopped: 0.0171298 seconds, Stopping threads took: 0.0000254 seconds
2024-07-29T19:12:21.757+0800: 7.349: Application time: 0.6918196 seconds
2024-07-29T19:12:21.757+0800: 7.349: [GC (Allocation Failure) 2024-07-29T19:12:21.757+0800: 7.349: [ParNew: 684557K->67585K(707840K), 0.0185783 secs] 685215K->68243K(713984K), 0.0186351 secs] [Times: user=0.01 sys=0.02, real=0.02 secs] 
2024-07-29T19:12:21.776+0800: 7.368: Total time for which application threads were stopped: 0.0187484 seconds, Stopping threads took: 0.0000197 seconds
2024-07-29T19:12:22.469+0800: 8.061: Application time: 0.6927862 seconds
2024-07-29T19:12:22.469+0800: 8.061: [GC (Allocation Failure) 2024-07-29T19:12:22.469+0800: 8.061: [ParNew: 696833K->76801K(707840K), 0.0294407 secs] 697491K->77459K(713984K), 0.0295310 secs] [Times: user=0.06 sys=0.00, real=0.03 secs] 
2024-07-29T19:12:22.498+0800: 8.091: Total time for which application threads were stopped: 0.0296797 seconds, Stopping threads took: 0.0000283 seconds
2024-07-29T19:12:23.166+0800: 8.759: Application time: 0.6684459 seconds
2024-07-29T19:12:23.166+0800: 8.759: [GC (Allocation Failure) 2024-07-29T19:12:23.166+0800: 8.759: [ParNew: 706049K->77825K(707840K), 0.0203491 secs] 706707K->83603K(715012K), 0.0204057 secs] [Times: user=0.03 sys=0.00, real=0.02 secs] 
2024-07-29T19:12:23.187+0800: 8.780: Total time for which application threads were stopped: 0.0205325 seconds, Stopping threads took: 0.0000204 seconds
2024-07-29T19:12:23.187+0800: 8.780: Application time: 0.0005318 seconds
2024-07-29T19:12:23.187+0800: 8.780: [GC (CMS Initial Mark) [1 CMS-initial-mark: 5778K(7172K)] 98051K(715012K), 0.0328495 secs] [Times: user=0.00 sys=0.00, real=0.03 secs] 
2024-07-29T19:12:23.220+0800: 8.813: Total time for which application threads were stopped: 0.0330032 seconds, Stopping threads took: 0.0000818 seconds
2024-07-29T19:12:23.220+0800: 8.813: [CMS-concurrent-mark-start]
2024-07-29T19:12:23.226+0800: 8.819: [CMS-concurrent-mark: 0.006/0.006 secs] [Times: user=0.05 sys=0.00, real=0.01 secs] 
2024-07-29T19:12:23.226+0800: 8.819: [CMS-concurrent-preclean-start]
2024-07-29T19:12:23.226+0800: 8.819: [CMS-concurrent-preclean: 0.000/0.000 secs] [Times: user=0.00 sys=0.00, real=0.00 secs] 
2024-07-29T19:12:23.226+0800: 8.819: [CMS-concurrent-abortable-preclean-start]
2024-07-29T19:12:23.775+0800: 9.367: [CMS-concurrent-abortable-preclean: 0.001/0.548 secs] [Times: user=0.00 sys=0.00, real=0.55 secs] 
2024-07-29T19:12:23.775+0800: 9.368: Application time: 0.5544644 seconds
2024-07-29T19:12:23.775+0800: 9.368: [GC (CMS Final Remark) [YG occupancy: 521826 K (707840 K)]2024-07-29T19:12:23.775+0800: 9.368: [Rescan (parallel) , 0.0009132 secs]2024-07-29T19:12:23.776+0800: 9.369: [weak refs processing, 0.0000156 secs]2024-07-29T19:12:23.776+0800: 9.369: [class unloading, 0.0002440 secs]2024-07-29T19:12:23.776+0800: 9.369: [scrub symbol table, 0.0003395 secs]2024-07-29T19:12:23.777+0800: 9.369: [scrub string table, 0.0000913 secs][1 CMS-remark: 5778K(7172K)] 527604K(715012K), 0.0028444 secs] [Times: user=0.00 sys=0.00, real=0.00 secs] 
2024-07-29T19:12:23.778+0800: 9.371: Total time for which application threads were stopped: 0.0029532 seconds, Stopping threads took: 0.0000230 seconds
2024-07-29T19:12:23.778+0800: 9.371: [CMS-concurrent-sweep-start]
2024-07-29T19:12:23.778+0800: 9.371: [CMS-concurrent-sweep: 0.000/0.000 secs] [Times: user=0.00 sys=0.00, real=0.00 secs] 
2024-07-29T19:12:23.779+0800: 9.371: [CMS-concurrent-reset-start]
2024-07-29T19:12:23.779+0800: 9.372: [CMS-concurrent-reset: 0.001/0.001 secs] [Times: user=0.00 sys=0.00, real=0.00 secs] 
2024-07-29T19:12:23.907+0800: 9.499: Application time: 0.1289325 seconds
2024-07-29T19:12:23.907+0800: 9.500: [GC (Allocation Failure) 2024-07-29T19:12:23.907+0800: 9.500: [ParNew: 707073K->77825K(707840K), 0.0205812 secs] 712850K->97939K(728780K), 0.0206406 secs] [Times: user=0.05 sys=0.02, real=0.02 secs] 
2024-07-29T19:12:23.928+0800: 9.520: Total time for which application threads were stopped: 0.0207635 seconds, Stopping threads took: 0.0000325 seconds
2024-07-29T19:12:23.928+0800: 9.521: Application time: 0.0002666 seconds
2024-07-29T19:12:23.928+0800: 9.521: [GC (CMS Initial Mark) [1 CMS-initial-mark: 20113K(20940K)] 112390K(728780K), 0.0008077 secs] [Times: user=0.00 sys=0.00, real=0.00 secs] 
2024-07-29T19:12:23.929+0800: 9.522: Total time for which application threads were stopped: 0.0010077 seconds, Stopping threads took: 0.0001563 seconds
2024-07-29T19:12:23.929+0800: 9.522: [CMS-concurrent-mark-start]
2024-07-29T19:12:23.930+0800: 9.523: [CMS-concurrent-mark: 0.001/0.001 secs] [Times: user=0.00 sys=0.00, real=0.00 secs] 
2024-07-29T19:12:23.930+0800: 9.523: [CMS-concurrent-preclean-start]
2024-07-29T19:12:23.930+0800: 9.523: [CMS-concurrent-preclean: 0.000/0.000 secs] [Times: user=0.00 sys=0.00, real=0.00 secs] 
2024-07-29T19:12:23.930+0800: 9.523: [CMS-concurrent-abortable-preclean-start]
2024-07-29T19:12:24.480+0800: 10.072: [CMS-concurrent-abortable-preclean: 0.001/0.549 secs] [Times: user=0.00 sys=0.00, real=0.55 secs] 
2024-07-29T19:12:24.480+0800: 10.072: Application time: 0.5506271 seconds
2024-07-29T19:12:24.480+0800: 10.072: [GC (CMS Final Remark) [YG occupancy: 508536 K (707840 K)]2024-07-29T19:12:24.480+0800: 10.072: [Rescan (parallel) , 0.0011442 secs]2024-07-29T19:12:24.480+0800: 10.073: [weak refs processing, 0.0000154 secs]2024-07-29T19:12:24.480+0800: 10.073: [class unloading, 0.0002756 secs]2024-07-29T19:12:24.481+0800: 10.074: [scrub symbol table, 0.0004044 secs]2024-07-29T19:12:24.481+0800: 10.074: [scrub string table, 0.0001207 secs][1 CMS-remark: 20113K(20940K)] 528650K(728780K), 0.0020459 secs] [Times: user=0.00 sys=0.00, real=0.00 secs] 
2024-07-29T19:12:24.481+0800: 10.074: Total time for which application threads were stopped: 0.0021126 seconds, Stopping threads took: 0.0000209 seconds
2024-07-29T19:12:24.481+0800: 10.074: [CMS-concurrent-sweep-start]
2024-07-29T19:12:24.482+0800: 10.075: [CMS-concurrent-sweep: 0.000/0.000 secs] [Times: user=0.00 sys=0.00, real=0.00 secs] 
2024-07-29T19:12:24.482+0800: 10.075: [CMS-concurrent-reset-start]
2024-07-29T19:12:24.482+0800: 10.075: [CMS-concurrent-reset: 0.000/0.000 secs] [Times: user=0.00 sys=0.00, real=0.00 secs] 
2024-07-29T19:12:24.624+0800: 10.217: Application time: 0.1427009 seconds
2024-07-29T19:12:24.624+0800: 10.217: [GC (Allocation Failure) 2024-07-29T19:12:24.625+0800: 10.217: [ParNew: 707073K->77825K(707840K), 0.0238638 secs] 722067K->116371K(747224K), 0.0239180 secs] [Times: user=0.05 sys=0.02, real=0.02 secs] 
2024-07-29T19:12:24.648+0800: 10.241: Total time for which application threads were stopped: 0.0240270 seconds, Stopping threads took: 0.0000186 seconds
2024-07-29T19:12:24.649+0800: 10.241: Application time: 0.0002141 seconds
2024-07-29T19:12:24.649+0800: 10.241: [GC (CMS Initial Mark) [1 CMS-initial-mark: 38546K(39384K)] 129823K(747224K), 0.0008227 secs] [Times: user=0.00 sys=0.00, real=0.00 secs] 
2024-07-29T19:12:24.650+0800: 10.242: Total time for which application threads were stopped: 0.0009513 seconds, Stopping threads took: 0.0000144 seconds
2024-07-29T19:12:24.650+0800: 10.242: [CMS-concurrent-mark-start]
2024-07-29T19:12:24.650+0800: 10.243: [CMS-concurrent-mark: 0.001/0.001 secs] [Times: user=0.00 sys=0.00, real=0.00 secs] 
2024-07-29T19:12:24.650+0800: 10.243: [CMS-concurrent-preclean-start]
2024-07-29T19:12:24.650+0800: 10.243: [CMS-concurrent-preclean: 0.000/0.000 secs] [Times: user=0.00 sys=0.00, real=0.00 secs] 
2024-07-29T19:12:24.650+0800: 10.243: [CMS-concurrent-abortable-preclean-start]
2024-07-29T19:12:25.205+0800: 10.797: [CMS-concurrent-abortable-preclean: 0.002/0.554 secs] [Times: user=0.03 sys=0.02, real=0.55 secs] 
2024-07-29T19:12:25.205+0800: 10.798: Application time: 0.5553697 seconds
2024-07-29T19:12:25.206+0800: 10.798: [GC (CMS Final Remark) [YG occupancy: 508287 K (707840 K)]2024-07-29T19:12:25.206+0800: 10.798: [Rescan (parallel) , 0.0011465 secs]2024-07-29T19:12:25.207+0800: 10.799: [weak refs processing, 0.0000140 secs]2024-07-29T19:12:25.207+0800: 10.799: [class unloading, 0.0002356 secs]2024-07-29T19:12:25.207+0800: 10.799: [scrub symbol table, 0.0003399 secs]2024-07-29T19:12:25.207+0800: 10.800: [scrub string table, 0.0001126 secs][1 CMS-remark: 38546K(39384K)] 546833K(747224K), 0.0019276 secs] [Times: user=0.00 sys=0.00, real=0.00 secs] 
2024-07-29T19:12:25.207+0800: 10.800: Total time for which application threads were stopped: 0.0020983 seconds, Stopping threads took: 0.0001273 seconds
2024-07-29T19:12:25.208+0800: 10.800: [CMS-concurrent-sweep-start]
2024-07-29T19:12:25.209+0800: 10.801: [CMS-concurrent-sweep: 0.001/0.001 secs] [Times: user=0.00 sys=0.00, real=0.00 secs] 
2024-07-29T19:12:25.209+0800: 10.801: [CMS-concurrent-reset-start]
2024-07-29T19:12:25.209+0800: 10.802: [CMS-concurrent-reset: 0.000/0.000 secs] [Times: user=0.00 sys=0.00, real=0.00 secs] 
2024-07-29T19:12:25.441+0800: 11.034: Application time: 0.2338939 seconds
2024-07-29T19:12:25.441+0800: 11.034: [GC (Allocation Failure) 2024-07-29T19:12:25.441+0800: 11.034: [ParNew: 707073K->77825K(707840K), 0.0267767 secs] 731283K->133779K(764640K), 0.0268449 secs] [Times: user=0.06 sys=0.00, real=0.03 secs] 
2024-07-29T19:12:25.468+0800: 11.061: Total time for which application threads were stopped: 0.0269833 seconds, Stopping threads took: 0.0000225 seconds
2024-07-29T19:12:25.468+0800: 11.061: Application time: 0.0001848 seconds
2024-07-29T19:12:25.468+0800: 11.061: [GC (CMS Initial Mark) [1 CMS-initial-mark: 55954K(56800K)] 148264K(764640K), 0.0004457 secs] [Times: user=0.00 sys=0.00, real=0.00 secs] 
2024-07-29T19:12:25.468+0800: 11.061: Total time for which application threads were stopped: 0.0005583 seconds, Stopping threads took: 0.0000549 seconds
2024-07-29T19:12:25.468+0800: 11.061: [CMS-concurrent-mark-start]
2024-07-29T19:12:25.470+0800: 11.063: [CMS-concurrent-mark: 0.001/0.001 secs] [Times: user=0.00 sys=0.00, real=0.00 secs] 
2024-07-29T19:12:25.470+0800: 11.063: [CMS-concurrent-preclean-start]
2024-07-29T19:12:25.470+0800: 11.063: [CMS-concurrent-preclean: 0.000/0.000 secs] [Times: user=0.00 sys=0.00, real=0.00 secs] 
2024-07-29T19:12:25.470+0800: 11.063: [CMS-concurrent-abortable-preclean-start]
2024-07-29T19:12:26.026+0800: 11.618: [CMS-concurrent-abortable-preclean: 0.002/0.555 secs] [Times: user=0.02 sys=0.00, real=0.56 secs] 
2024-07-29T19:12:26.026+0800: 11.618: Application time: 0.5570319 seconds
2024-07-29T19:12:26.026+0800: 11.618: [GC (CMS Final Remark) [YG occupancy: 590349 K (707840 K)]2024-07-29T19:12:26.026+0800: 11.618: [Rescan (parallel) , 0.0005127 secs]2024-07-29T19:12:26.027+0800: 11.619: [weak refs processing, 0.0000135 secs]2024-07-29T19:12:26.027+0800: 11.619: [class unloading, 0.0002449 secs]2024-07-29T19:12:26.027+0800: 11.619: [scrub symbol table, 0.0003294 secs]2024-07-29T19:12:26.027+0800: 11.620: [scrub string table, 0.0000927 secs][1 CMS-remark: 55954K(56800K)] 646303K(764640K), 0.0012611 secs] [Times: user=0.00 sys=0.00, real=0.00 secs] 
2024-07-29T19:12:26.027+0800: 11.620: Total time for which application threads were stopped: 0.0013819 seconds, Stopping threads took: 0.0000196 seconds
2024-07-29T19:12:26.028+0800: 11.620: [CMS-concurrent-sweep-start]
2024-07-29T19:12:26.028+0800: 11.620: [CMS-concurrent-sweep: 0.000/0.000 secs] [Times: user=0.00 sys=0.00, real=0.00 secs] 
2024-07-29T19:12:26.028+0800: 11.620: [CMS-concurrent-reset-start]
2024-07-29T19:12:26.028+0800: 11.620: [CMS-concurrent-reset: 0.000/0.000 secs] [Times: user=0.00 sys=0.00, real=0.00 secs] 
2024-07-29T19:12:26.154+0800: 11.746: Application time: 0.1265859 seconds
2024-07-29T19:12:26.154+0800: 11.746: [GC (Allocation Failure) 2024-07-29T19:12:26.154+0800: 11.746: [ParNew: 707073K->77825K(707840K), 0.0256735 secs] 739475K->149139K(780060K), 0.0257283 secs] [Times: user=0.06 sys=0.00, real=0.03 secs] 
2024-07-29T19:12:26.180+0800: 11.772: Total time for which application threads were stopped: 0.0258358 seconds, Stopping threads took: 0.0000192 seconds
2024-07-29T19:12:26.180+0800: 11.772: Application time: 0.0001682 seconds
2024-07-29T19:12:26.180+0800: 11.772: [GC (CMS Initial Mark) [1 CMS-initial-mark: 71314K(72220K)] 163637K(780060K), 0.0006928 secs] [Times: user=0.00 sys=0.00, real=0.00 secs] 
2024-07-29T19:12:26.181+0800: 11.773: Total time for which application threads were stopped: 0.0008738 seconds, Stopping threads took: 0.0001339 seconds
2024-07-29T19:12:26.181+0800: 11.773: [CMS-concurrent-mark-start]
2024-07-29T19:12:26.182+0800: 11.775: [CMS-concurrent-mark: 0.002/0.002 secs] [Times: user=0.00 sys=0.00, real=0.00 secs] 
2024-07-29T19:12:26.182+0800: 11.775: [CMS-concurrent-preclean-start]
2024-07-29T19:12:26.183+0800: 11.775: [CMS-concurrent-preclean: 0.000/0.000 secs] [Times: user=0.00 sys=0.00, real=0.00 secs] 
2024-07-29T19:12:26.183+0800: 11.775: [CMS-concurrent-abortable-preclean-start]
Heap
 par new generation   total 707840K, used 387847K [0x00000000c8000000, 0x00000000f8000000, 0x00000000f8000000)
  eden space 629248K,  49% used [0x00000000c8000000, 0x00000000daec1828, 0x00000000ee680000)
  from space 78592K,  99% used [0x00000000ee680000, 0x00000000f32804c0, 0x00000000f3340000)
  to   space 78592K,   0% used [0x00000000f3340000, 0x00000000f3340000, 0x00000000f8000000)
 concurrent mark-sweep generation total 72220K, used 71314K [0x00000000f8000000, 0x00000000fc687000, 0x0000000100000000)
 Metaspace       used 3005K, capacity 4486K, committed 4864K, reserved 1056768K
  class space    used 310K, capacity 386K, committed 512K, reserved 1048576K
2024-07-29T19:12:26.518+0800: 12.111: Application time: 0.3377044 seconds
