OpenJDK 64-Bit Server VM (25.412-b1) for windows-amd64 JRE (1.8.0_412-b1), built on Apr 23 2024 12:00:37 by "Administrator" with MS VC++ 10.0 (VS2010)
Memory: 4k page, physical 16672068k(3746072k free), swap 19811428k(4049300k free)
CommandLine flags: -XX:-CMSParallelRemarkEnabled -XX:GCDrainStackTargetSize=64 -XX:InitialHeapSize=810758960 -XX:InitialTenuringThreshold=4 -XX:MaxHeapSize=939524096 -XX:MaxNewSize=805306368 -XX:MaxTenuringThreshold=4 -XX:NewSize=805306368 -XX:OldPLABSize=16 -XX:+PrintGC -XX:+PrintGCApplicationConcurrentTime -XX:+PrintGCApplicationStoppedTime -XX:+PrintGCDateStamps -XX:+PrintGCDetails -XX:+PrintGCTimeStamps -XX:+UseCompressedClassPointers -XX:+UseCompressedOops -XX:+UseConcMarkSweepGC -XX:-UseLargePagesIndividualAllocation -XX:+UseParNewGC 
2024-07-29T19:18:59.700+0800: 1.035: Application time: 0.9379949 seconds
2024-07-29T19:18:59.700+0800: 1.035: Total time for which application threads were stopped: 0.0001052 seconds, Stopping threads took: 0.0000388 seconds
2024-07-29T19:18:59.738+0800: 1.072: Application time: 0.0372778 seconds
2024-07-29T19:18:59.738+0800: 1.072: [GC (Allocation Failure) 2024-07-29T19:18:59.738+0800: 1.072: [ParNew: 629042K->14097K(707840K), 0.0089167 secs] 629042K->14097K(713984K), 0.0091540 secs] [Times: user=0.02 sys=0.02, real=0.01 secs] 
2024-07-29T19:18:59.746+0800: 1.081: Total time for which application threads were stopped: 0.0092816 seconds, Stopping threads took: 0.0000264 seconds
2024-07-29T19:19:00.457+0800: 1.791: Application time: 0.7101932 seconds
2024-07-29T19:19:00.458+0800: 1.792: [GC (Allocation Failure) 2024-07-29T19:19:00.458+0800: 1.792: [ParNew: 643345K->8099K(707840K), 0.0050760 secs] 643345K->8099K(713984K), 0.0051487 secs] [Times: user=0.00 sys=0.01, real=0.01 secs] 
2024-07-29T19:19:00.463+0800: 1.797: Total time for which application threads were stopped: 0.0052975 seconds, Stopping threads took: 0.0000308 seconds
2024-07-29T19:19:01.212+0800: 2.546: Application time: 0.7497467 seconds
2024-07-29T19:19:01.212+0800: 2.547: [GC (Allocation Failure) 2024-07-29T19:19:01.212+0800: 2.547: [ParNew: 637347K->12091K(707840K), 0.0034043 secs] 637347K->12091K(713984K), 0.0034950 secs] [Times: user=0.00 sys=0.00, real=0.00 secs] 
2024-07-29T19:19:01.216+0800: 2.550: Total time for which application threads were stopped: 0.0036812 seconds, Stopping threads took: 0.0000256 seconds
2024-07-29T19:19:01.919+0800: 3.254: Application time: 0.7036116 seconds
2024-07-29T19:19:01.919+0800: 3.254: [GC (Allocation Failure) 2024-07-29T19:19:01.919+0800: 3.254: [ParNew: 641339K->19285K(707840K), 0.0088324 secs] 641339K->19285K(713984K), 0.0089399 secs] [Times: user=0.02 sys=0.02, real=0.01 secs] 
2024-07-29T19:19:01.928+0800: 3.263: Total time for which application threads were stopped: 0.0090582 seconds, Stopping threads took: 0.0000195 seconds
2024-07-29T19:19:02.678+0800: 4.012: Application time: 0.7493916 seconds
2024-07-29T19:19:02.678+0800: 4.012: [GC (Allocation Failure) 2024-07-29T19:19:02.678+0800: 4.012: [ParNew: 648533K->24641K(707840K), 0.0219062 secs] 648533K->25298K(713984K), 0.0220220 secs] [Times: user=0.08 sys=0.00, real=0.02 secs] 
2024-07-29T19:19:02.700+0800: 4.034: Total time for which application threads were stopped: 0.0221997 seconds, Stopping threads took: 0.0000199 seconds
2024-07-29T19:19:02.801+0800: 4.135: Application time: 0.1005069 seconds
2024-07-29T19:19:02.801+0800: 4.135: Total time for which application threads were stopped: 0.0000918 seconds, Stopping threads took: 0.0000322 seconds
2024-07-29T19:19:03.447+0800: 4.782: Application time: 0.6470886 seconds
2024-07-29T19:19:03.448+0800: 4.782: [GC (Allocation Failure) 2024-07-29T19:19:03.448+0800: 4.782: [ParNew: 653889K->33841K(707840K), 0.0165697 secs] 654546K->34498K(713984K), 0.0166482 secs] [Times: user=0.02 sys=0.02, real=0.02 secs] 
2024-07-29T19:19:03.464+0800: 4.799: Total time for which application threads were stopped: 0.0168008 seconds, Stopping threads took: 0.0000362 seconds
2024-07-29T19:19:04.167+0800: 5.501: Application time: 0.7025183 seconds
2024-07-29T19:19:04.167+0800: 5.502: [GC (Allocation Failure) 2024-07-29T19:19:04.167+0800: 5.502: [ParNew: 663089K->39952K(707840K), 0.0130425 secs] 663746K->40610K(713984K), 0.0131614 secs] [Times: user=0.03 sys=0.00, real=0.01 secs] 
2024-07-29T19:19:04.180+0800: 5.515: Total time for which application threads were stopped: 0.0132866 seconds, Stopping threads took: 0.0000214 seconds
2024-07-29T19:19:04.843+0800: 6.177: Application time: 0.6622220 seconds
2024-07-29T19:19:04.843+0800: 6.177: [GC (Allocation Failure) 2024-07-29T19:19:04.843+0800: 6.177: [ParNew: 669200K->48128K(707840K), 0.0143540 secs] 669858K->48786K(713984K), 0.0144241 secs] [Times: user=0.02 sys=0.02, real=0.01 secs] 
2024-07-29T19:19:04.857+0800: 6.192: Total time for which application threads were stopped: 0.0145746 seconds, Stopping threads took: 0.0000255 seconds
2024-07-29T19:19:05.521+0800: 6.856: Application time: 0.6646484 seconds
2024-07-29T19:19:05.521+0800: 6.856: [GC (Allocation Failure) 2024-07-29T19:19:05.521+0800: 6.856: [ParNew: 677376K->56334K(707840K), 0.0155951 secs] 678034K->56993K(713984K), 0.0156567 secs] [Times: user=0.03 sys=0.00, real=0.02 secs] 
2024-07-29T19:19:05.538+0800: 6.872: Total time for which application threads were stopped: 0.0157683 seconds, Stopping threads took: 0.0000211 seconds
2024-07-29T19:19:06.199+0800: 7.534: Application time: 0.6616685 seconds
2024-07-29T19:19:06.199+0800: 7.534: [GC (Allocation Failure) 2024-07-29T19:19:06.200+0800: 7.534: [ParNew: 685582K->64512K(707840K), 0.0168082 secs] 686241K->65171K(713984K), 0.0168745 secs] [Times: user=0.03 sys=0.00, real=0.02 secs] 
2024-07-29T19:19:06.216+0800: 7.551: Total time for which application threads were stopped: 0.0169921 seconds, Stopping threads took: 0.0000168 seconds
2024-07-29T19:19:06.876+0800: 8.211: Application time: 0.6601689 seconds
2024-07-29T19:19:06.876+0800: 8.211: [GC (Allocation Failure) 2024-07-29T19:19:06.876+0800: 8.211: [ParNew: 693383K->76801K(707840K), 0.0201281 secs] 694041K->77459K(713984K), 0.0201932 secs] [Times: user=0.06 sys=0.00, real=0.02 secs] 
2024-07-29T19:19:06.896+0800: 8.231: Total time for which application threads were stopped: 0.0203105 seconds, Stopping threads took: 0.0000228 seconds
2024-07-29T19:19:07.574+0800: 8.908: Application time: 0.6772228 seconds
2024-07-29T19:19:07.574+0800: 8.908: [GC (Allocation Failure) 2024-07-29T19:19:07.574+0800: 8.908: [ParNew: 706049K->77825K(707840K), 0.0221511 secs] 706707K->85651K(717068K), 0.0222036 secs] [Times: user=0.03 sys=0.00, real=0.02 secs] 
2024-07-29T19:19:07.596+0800: 8.931: Total time for which application threads were stopped: 0.0223157 seconds, Stopping threads took: 0.0000173 seconds
2024-07-29T19:19:07.596+0800: 8.931: Application time: 0.0002527 seconds
2024-07-29T19:19:07.596+0800: 8.931: [GC (CMS Initial Mark) [1 CMS-initial-mark: 7826K(9228K)] 100154K(717068K), 0.0007714 secs] [Times: user=0.00 sys=0.00, real=0.00 secs] 
2024-07-29T19:19:07.597+0800: 8.932: Total time for which application threads were stopped: 0.0008804 seconds, Stopping threads took: 0.0000667 seconds
2024-07-29T19:19:07.597+0800: 8.932: [CMS-concurrent-mark-start]
2024-07-29T19:19:07.599+0800: 8.933: [CMS-concurrent-mark: 0.001/0.001 secs] [Times: user=0.03 sys=0.01, real=0.00 secs] 
2024-07-29T19:19:07.599+0800: 8.933: [CMS-concurrent-preclean-start]
2024-07-29T19:19:07.599+0800: 8.933: [CMS-concurrent-preclean: 0.000/0.000 secs] [Times: user=0.00 sys=0.00, real=0.00 secs] 
2024-07-29T19:19:07.599+0800: 8.933: [CMS-concurrent-abortable-preclean-start]
2024-07-29T19:19:08.149+0800: 9.483: [CMS-concurrent-abortable-preclean: 0.001/0.549 secs] [Times: user=0.00 sys=0.00, real=0.55 secs] 
2024-07-29T19:19:08.149+0800: 9.483: Application time: 0.5509304 seconds
2024-07-29T19:19:08.149+0800: 9.483: [GC (CMS Final Remark) [YG occupancy: 510175 K (707840 K)]2024-07-29T19:19:08.149+0800: 9.483: [Rescan (non-parallel) 2024-07-29T19:19:08.149+0800: 9.483: [grey object rescan, 0.0000236 secs]2024-07-29T19:19:08.149+0800: 9.483: [root rescan, 0.0002621 secs]2024-07-29T19:19:08.149+0800: 9.483: [visit unhandled CLDs, 0.0000126 secs]2024-07-29T19:19:08.149+0800: 9.483: [dirty klass scan, 0.0000391 secs], 0.0003836 secs]2024-07-29T19:19:08.149+0800: 9.483: [weak refs processing, 0.0000138 secs]2024-07-29T19:19:08.149+0800: 9.483: [class unloading, 0.0004810 secs]2024-07-29T19:19:08.150+0800: 9.484: [scrub symbol table, 0.0004490 secs]2024-07-29T19:19:08.150+0800: 9.484: [scrub string table, 0.0001236 secs][1 CMS-remark: 7826K(9228K)] 518001K(717068K), 0.0015569 secs] [Times: user=0.00 sys=0.00, real=0.00 secs] 
2024-07-29T19:19:08.150+0800: 9.484: Total time for which application threads were stopped: 0.0016359 seconds, Stopping threads took: 0.0000279 seconds
2024-07-29T19:19:08.150+0800: 9.485: [CMS-concurrent-sweep-start]
2024-07-29T19:19:08.151+0800: 9.485: [CMS-concurrent-sweep: 0.000/0.000 secs] [Times: user=0.00 sys=0.00, real=0.00 secs] 
2024-07-29T19:19:08.151+0800: 9.485: [CMS-concurrent-reset-start]
2024-07-29T19:19:08.152+0800: 9.486: [CMS-concurrent-reset: 0.001/0.001 secs] [Times: user=0.00 sys=0.00, real=0.00 secs] 
2024-07-29T19:19:08.292+0800: 9.627: Application time: 0.1422476 seconds
2024-07-29T19:19:08.292+0800: 9.627: [GC (Allocation Failure) 2024-07-29T19:19:08.292+0800: 9.627: [ParNew: 707073K->77825K(707840K), 0.0212527 secs] 714898K->99987K(731164K), 0.0213246 secs] [Times: user=0.03 sys=0.00, real=0.02 secs] 
2024-07-29T19:19:08.313+0800: 9.648: Total time for which application threads were stopped: 0.0214590 seconds, Stopping threads took: 0.0000302 seconds
2024-07-29T19:19:08.314+0800: 9.648: Application time: 0.0001733 seconds
2024-07-29T19:19:08.314+0800: 9.648: [GC (CMS Initial Mark) [1 CMS-initial-mark: 22161K(23324K)] 114535K(731164K), 0.0008289 secs] [Times: user=0.00 sys=0.00, real=0.00 secs] 
2024-07-29T19:19:08.315+0800: 9.649: Total time for which application threads were stopped: 0.0010422 seconds, Stopping threads took: 0.0001709 seconds
2024-07-29T19:19:08.315+0800: 9.649: [CMS-concurrent-mark-start]
2024-07-29T19:19:08.316+0800: 9.650: [CMS-concurrent-mark: 0.001/0.001 secs] [Times: user=0.00 sys=0.00, real=0.00 secs] 
2024-07-29T19:19:08.316+0800: 9.650: [CMS-concurrent-preclean-start]
2024-07-29T19:19:08.316+0800: 9.651: [CMS-concurrent-preclean: 0.000/0.000 secs] [Times: user=0.00 sys=0.00, real=0.00 secs] 
2024-07-29T19:19:08.316+0800: 9.651: [CMS-concurrent-abortable-preclean-start]
2024-07-29T19:19:08.865+0800: 10.199: [CMS-concurrent-abortable-preclean: 0.001/0.549 secs] [Times: user=0.02 sys=0.00, real=0.55 secs] 
2024-07-29T19:19:08.865+0800: 10.200: Application time: 0.5502496 seconds
2024-07-29T19:19:08.865+0800: 10.200: [GC (CMS Final Remark) [YG occupancy: 498096 K (707840 K)]2024-07-29T19:19:08.865+0800: 10.200: [Rescan (non-parallel) 2024-07-29T19:19:08.865+0800: 10.200: [grey object rescan, 0.0000461 secs]2024-07-29T19:19:08.865+0800: 10.200: [root rescan, 0.0001652 secs]2024-07-29T19:19:08.866+0800: 10.200: [visit unhandled CLDs, 0.0000103 secs]2024-07-29T19:19:08.866+0800: 10.200: [dirty klass scan, 0.0000718 secs], 0.0003446 secs]2024-07-29T19:19:08.866+0800: 10.200: [weak refs processing, 0.0000140 secs]2024-07-29T19:19:08.866+0800: 10.200: [class unloading, 0.0002435 secs]2024-07-29T19:19:08.866+0800: 10.200: [scrub symbol table, 0.0003260 secs]2024-07-29T19:19:08.866+0800: 10.201: [scrub string table, 0.0001067 secs][1 CMS-remark: 22161K(23324K)] 520258K(731164K), 0.0011132 secs] [Times: user=0.00 sys=0.00, real=0.00 secs] 
2024-07-29T19:19:08.866+0800: 10.201: Total time for which application threads were stopped: 0.0012090 seconds, Stopping threads took: 0.0000205 seconds
2024-07-29T19:19:08.867+0800: 10.201: [CMS-concurrent-sweep-start]
2024-07-29T19:19:08.867+0800: 10.201: [CMS-concurrent-sweep: 0.000/0.000 secs] [Times: user=0.00 sys=0.00, real=0.00 secs] 
2024-07-29T19:19:08.867+0800: 10.201: [CMS-concurrent-reset-start]
2024-07-29T19:19:08.867+0800: 10.201: [CMS-concurrent-reset: 0.000/0.000 secs] [Times: user=0.00 sys=0.00, real=0.00 secs] 
2024-07-29T19:19:09.102+0800: 10.436: Application time: 0.2353738 seconds
2024-07-29T19:19:09.102+0800: 10.436: [GC (Allocation Failure) 2024-07-29T19:19:09.102+0800: 10.436: [ParNew: 706183K->77825K(707840K), 0.0254034 secs] 721177K->120467K(752364K), 0.0254709 secs] [Times: user=0.03 sys=0.00, real=0.03 secs] 
2024-07-29T19:19:09.127+0800: 10.462: Total time for which application threads were stopped: 0.0255827 seconds, Stopping threads took: 0.0000190 seconds
2024-07-29T19:19:09.127+0800: 10.462: Application time: 0.0001564 seconds
2024-07-29T19:19:09.127+0800: 10.462: [GC (CMS Initial Mark) [1 CMS-initial-mark: 42642K(44524K)] 134947K(752364K), 0.0007867 secs] [Times: user=0.00 sys=0.00, real=0.00 secs] 
2024-07-29T19:19:09.128+0800: 10.463: Total time for which application threads were stopped: 0.0009282 seconds, Stopping threads took: 0.0000981 seconds
2024-07-29T19:19:09.128+0800: 10.463: [CMS-concurrent-mark-start]
2024-07-29T19:19:09.130+0800: 10.464: [CMS-concurrent-mark: 0.001/0.001 secs] [Times: user=0.05 sys=0.00, real=0.00 secs] 
2024-07-29T19:19:09.130+0800: 10.464: [CMS-concurrent-preclean-start]
2024-07-29T19:19:09.130+0800: 10.465: [CMS-concurrent-preclean: 0.000/0.000 secs] [Times: user=0.00 sys=0.00, real=0.00 secs] 
2024-07-29T19:19:09.130+0800: 10.465: [CMS-concurrent-abortable-preclean-start]
2024-07-29T19:19:09.683+0800: 11.017: [CMS-concurrent-abortable-preclean: 0.002/0.553 secs] [Times: user=0.00 sys=0.00, real=0.55 secs] 
2024-07-29T19:19:09.684+0800: 11.018: Application time: 0.5548606 seconds
2024-07-29T19:19:09.684+0800: 11.018: [GC (CMS Final Remark) [YG occupancy: 603648 K (707840 K)]2024-07-29T19:19:09.684+0800: 11.018: [Rescan (non-parallel) 2024-07-29T19:19:09.684+0800: 11.018: [grey object rescan, 0.0000657 secs]2024-07-29T19:19:09.684+0800: 11.018: [root rescan, 0.0001640 secs]2024-07-29T19:19:09.684+0800: 11.018: [visit unhandled CLDs, 0.0000129 secs]2024-07-29T19:19:09.684+0800: 11.018: [dirty klass scan, 0.0000349 secs], 0.0003145 secs]2024-07-29T19:19:09.684+0800: 11.018: [weak refs processing, 0.0000116 secs]2024-07-29T19:19:09.684+0800: 11.018: [class unloading, 0.0002374 secs]2024-07-29T19:19:09.684+0800: 11.018: [scrub symbol table, 0.0003188 secs]2024-07-29T19:19:09.684+0800: 11.019: [scrub string table, 0.0000925 secs][1 CMS-remark: 42642K(44524K)] 646290K(752364K), 0.0010469 secs] [Times: user=0.00 sys=0.00, real=0.00 secs] 
2024-07-29T19:19:09.684+0800: 11.019: Total time for which application threads were stopped: 0.0011657 seconds, Stopping threads took: 0.0000688 seconds
2024-07-29T19:19:09.685+0800: 11.019: [CMS-concurrent-sweep-start]
2024-07-29T19:19:09.686+0800: 11.020: [CMS-concurrent-sweep: 0.001/0.001 secs] [Times: user=0.00 sys=0.00, real=0.00 secs] 
2024-07-29T19:19:09.686+0800: 11.021: [CMS-concurrent-reset-start]
2024-07-29T19:19:09.686+0800: 11.021: [CMS-concurrent-reset: 0.000/0.000 secs] [Times: user=0.00 sys=0.00, real=0.00 secs] 
2024-07-29T19:19:09.796+0800: 11.130: Application time: 0.1110395 seconds
2024-07-29T19:19:09.796+0800: 11.130: [GC (Allocation Failure) 2024-07-29T19:19:09.796+0800: 11.130: [ParNew: 707073K->77825K(707840K), 0.0280062 secs] 735379K->141971K(774552K), 0.0280655 secs] [Times: user=0.06 sys=0.00, real=0.03 secs] 
2024-07-29T19:19:09.823+0800: 11.158: Total time for which application threads were stopped: 0.0281884 seconds, Stopping threads took: 0.0000275 seconds
2024-07-29T19:19:09.824+0800: 11.158: Application time: 0.0001675 seconds
2024-07-29T19:19:09.824+0800: 11.158: [GC (CMS Initial Mark) [1 CMS-initial-mark: 64146K(66712K)] 156505K(774552K), 0.0008337 secs] [Times: user=0.00 sys=0.00, real=0.00 secs] 
2024-07-29T19:19:09.825+0800: 11.159: Total time for which application threads were stopped: 0.0010094 seconds, Stopping threads took: 0.0001315 seconds
2024-07-29T19:19:09.825+0800: 11.159: [CMS-concurrent-mark-start]
2024-07-29T19:19:09.826+0800: 11.160: [CMS-concurrent-mark: 0.001/0.001 secs] [Times: user=0.00 sys=0.00, real=0.00 secs] 
2024-07-29T19:19:09.826+0800: 11.160: [CMS-concurrent-preclean-start]
2024-07-29T19:19:09.826+0800: 11.161: [CMS-concurrent-preclean: 0.000/0.000 secs] [Times: user=0.00 sys=0.00, real=0.00 secs] 
2024-07-29T19:19:09.826+0800: 11.161: [CMS-concurrent-abortable-preclean-start]
2024-07-29T19:19:10.375+0800: 11.709: [CMS-concurrent-abortable-preclean: 0.002/0.548 secs] [Times: user=0.03 sys=0.00, real=0.55 secs] 
2024-07-29T19:19:10.375+0800: 11.710: Application time: 0.5503937 seconds
2024-07-29T19:19:10.375+0800: 11.710: [GC (CMS Final Remark) [YG occupancy: 586293 K (707840 K)]2024-07-29T19:19:10.375+0800: 11.710: [Rescan (non-parallel) 2024-07-29T19:19:10.375+0800: 11.710: [grey object rescan, 0.0000927 secs]2024-07-29T19:19:10.375+0800: 11.710: [root rescan, 0.0001348 secs]2024-07-29T19:19:10.375+0800: 11.710: [visit unhandled CLDs, 0.0000072 secs]2024-07-29T19:19:10.375+0800: 11.710: [dirty klass scan, 0.0000311 secs], 0.0002956 secs]2024-07-29T19:19:10.375+0800: 11.710: [weak refs processing, 0.0000176 secs]2024-07-29T19:19:10.375+0800: 11.710: [class unloading, 0.0002186 secs]2024-07-29T19:19:10.376+0800: 11.710: [scrub symbol table, 0.0003304 secs]2024-07-29T19:19:10.376+0800: 11.711: [scrub string table, 0.0000913 secs][1 CMS-remark: 64146K(66712K)] 650440K(774552K), 0.0010126 secs] [Times: user=0.00 sys=0.00, real=0.00 secs] 
2024-07-29T19:19:10.376+0800: 11.711: Total time for which application threads were stopped: 0.0012132 seconds, Stopping threads took: 0.0001482 seconds
2024-07-29T19:19:10.376+0800: 11.711: [CMS-concurrent-sweep-start]
2024-07-29T19:19:10.378+0800: 11.712: [CMS-concurrent-sweep: 0.001/0.001 secs] [Times: user=0.00 sys=0.00, real=0.00 secs] 
2024-07-29T19:19:10.378+0800: 11.712: [CMS-concurrent-reset-start]
2024-07-29T19:19:10.378+0800: 11.713: [CMS-concurrent-reset: 0.000/0.000 secs] [Times: user=0.00 sys=0.00, real=0.00 secs] 
2024-07-29T19:19:10.486+0800: 11.821: Application time: 0.1100311 seconds
2024-07-29T19:19:10.486+0800: 11.821: [GC (Allocation Failure) 2024-07-29T19:19:10.486+0800: 11.821: [ParNew: 707073K->77825K(707840K), 0.0331077 secs] 743571K->162452K(794084K), 0.0331624 secs] [Times: user=0.06 sys=0.00, real=0.03 secs] 
2024-07-29T19:19:10.519+0800: 11.854: Total time for which application threads were stopped: 0.0332819 seconds, Stopping threads took: 0.0000174 seconds
2024-07-29T19:19:10.520+0800: 11.854: Application time: 0.0002420 seconds
2024-07-29T19:19:10.520+0800: 11.855: [GC (CMS Initial Mark) [1 CMS-initial-mark: 84626K(86244K)] 176924K(794084K), 0.0006649 secs] [Times: user=0.00 sys=0.00, real=0.00 secs] 
2024-07-29T19:19:10.520+0800: 11.855: Total time for which application threads were stopped: 0.0007899 seconds, Stopping threads took: 0.0000796 seconds
2024-07-29T19:19:10.521+0800: 11.855: [CMS-concurrent-mark-start]
2024-07-29T19:19:10.523+0800: 11.857: [CMS-concurrent-mark: 0.002/0.002 secs] [Times: user=0.00 sys=0.00, real=0.00 secs] 
2024-07-29T19:19:10.523+0800: 11.857: [CMS-concurrent-preclean-start]
2024-07-29T19:19:10.523+0800: 11.858: [CMS-concurrent-preclean: 0.000/0.000 secs] [Times: user=0.00 sys=0.00, real=0.00 secs] 
2024-07-29T19:19:10.523+0800: 11.858: [CMS-concurrent-abortable-preclean-start]
2024-07-29T19:19:10.523+0800: 11.858: [CMS-concurrent-abortable-preclean: 0.000/0.000 secs] [Times: user=0.00 sys=0.00, real=0.00 secs] 
2024-07-29T19:19:10.523+0800: 11.858: Application time: 0.0028721 seconds
2024-07-29T19:19:10.524+0800: 11.858: [GC (CMS Final Remark) [YG occupancy: 119193 K (707840 K)]2024-07-29T19:19:10.524+0800: 11.858: [Rescan (non-parallel) 2024-07-29T19:19:10.524+0800: 11.858: [grey object rescan, 0.0001503 secs]2024-07-29T19:19:10.524+0800: 11.858: [root rescan, 0.0000688 secs]2024-07-29T19:19:10.524+0800: 11.859: [visit unhandled CLDs, 0.0000084 secs]2024-07-29T19:19:10.524+0800: 11.859: [dirty klass scan, 0.0000391 secs], 0.0003052 secs]2024-07-29T19:19:10.524+0800: 11.859: [weak refs processing, 0.0000104 secs]2024-07-29T19:19:10.524+0800: 11.859: [class unloading, 0.0002177 secs]2024-07-29T19:19:10.524+0800: 11.859: [scrub symbol table, 0.0003305 secs]2024-07-29T19:19:10.524+0800: 11.859: [scrub string table, 0.0000987 secs][1 CMS-remark: 84626K(86244K)] 203819K(794084K), 0.0010304 secs] [Times: user=0.00 sys=0.00, real=0.00 secs] 
2024-07-29T19:19:10.525+0800: 11.859: Total time for which application threads were stopped: 0.0012342 seconds, Stopping threads took: 0.0001595 seconds
2024-07-29T19:19:10.525+0800: 11.860: [CMS-concurrent-sweep-start]
2024-07-29T19:19:10.526+0800: 11.861: [CMS-concurrent-sweep: 0.001/0.001 secs] [Times: user=0.00 sys=0.00, real=0.00 secs] 
2024-07-29T19:19:10.526+0800: 11.861: [CMS-concurrent-reset-start]
2024-07-29T19:19:10.526+0800: 11.861: [CMS-concurrent-reset: 0.000/0.000 secs] [Times: user=0.00 sys=0.00, real=0.00 secs] 
Heap
 par new generation   total 707840K, used 387289K [0x00000000c8000000, 0x00000000f8000000, 0x00000000f8000000)
  eden space 629248K,  49% used [0x00000000c8000000, 0x00000000dae36138, 0x00000000ee680000)
  from space 78592K,  99% used [0x00000000ee680000, 0x00000000f32804c0, 0x00000000f3340000)
  to   space 78592K,   0% used [0x00000000f3340000, 0x00000000f3340000, 0x00000000f8000000)
 concurrent mark-sweep generation total 86244K, used 48786K [0x00000000f8000000, 0x00000000fd439000, 0x0000000100000000)
 Metaspace       used 3005K, capacity 4486K, committed 4864K, reserved 1056768K
  class space    used 310K, capacity 386K, committed 512K, reserved 1048576K
2024-07-29T19:19:10.866+0800: 12.200: Application time: 0.3404773 seconds
