OpenJDK 64-Bit Server VM (25.412-b1) for windows-amd64 JRE (1.8.0_412-b1), built on Apr 23 2024 12:00:37 by "Administrator" with MS VC++ 10.0 (VS2010)
Memory: 4k page, physical 16672068k(3887620k free), swap 19811428k(4090848k free)
CommandLine flags: -XX:-CMSParallelRemarkEnabled -XX:GCDrainStackTargetSize=64 -XX:InitialHeapSize=810758960 -XX:InitialTenuringThreshold=4 -XX:MaxHeapSize=939524096 -XX:MaxNewSize=805306368 -XX:MaxTenuringThreshold=4 -XX:NewSize=805306368 -XX:OldPLABSize=16 -XX:+PrintGC -XX:+PrintGCApplicationConcurrentTime -XX:+PrintGCApplicationStoppedTime -XX:+PrintGCDateStamps -XX:+PrintGCDetails -XX:+PrintGCTimeStamps -XX:+UseCompressedClassPointers -XX:+UseCompressedOops -XX:+UseConcMarkSweepGC -XX:-UseLargePagesIndividualAllocation -XX:+UseParNewGC 
2024-07-29T19:19:35.934+0800: 1.038: Application time: 0.9647082 seconds
2024-07-29T19:19:35.934+0800: 1.038: [GC (Allocation Failure) 2024-07-29T19:19:35.934+0800: 1.038: [ParNew: 629042K->14053K(707840K), 0.0080313 secs] 629042K->14053K(713984K), 0.0082279 secs] [Times: user=0.02 sys=0.02, real=0.01 secs] 
2024-07-29T19:19:35.942+0800: 1.046: Total time for which application threads were stopped: 0.0083552 seconds, Stopping threads took: 0.0000187 seconds
2024-07-29T19:19:36.605+0800: 1.709: Application time: 0.6626639 seconds
2024-07-29T19:19:36.605+0800: 1.709: [GC (Allocation Failure) 2024-07-29T19:19:36.605+0800: 1.709: [ParNew: 643301K->8145K(707840K), 0.0044872 secs] 643301K->8145K(713984K), 0.0045419 secs] [Times: user=0.00 sys=0.00, real=0.00 secs] 
2024-07-29T19:19:36.609+0800: 1.714: Total time for which application threads were stopped: 0.0046531 seconds, Stopping threads took: 0.0000206 seconds
2024-07-29T19:19:37.283+0800: 2.387: Application time: 0.6735418 seconds
2024-07-29T19:19:37.283+0800: 2.387: [GC (Allocation Failure) 2024-07-29T19:19:37.283+0800: 2.387: [ParNew: 637393K->12260K(707840K), 0.0028215 secs] 637393K->12260K(713984K), 0.0028756 secs] [Times: user=0.00 sys=0.02, real=0.00 secs] 
2024-07-29T19:19:37.286+0800: 2.390: Total time for which application threads were stopped: 0.0030123 seconds, Stopping threads took: 0.0000184 seconds
2024-07-29T19:19:37.973+0800: 3.078: Application time: 0.6876700 seconds
2024-07-29T19:19:37.973+0800: 3.078: [GC (Allocation Failure) 2024-07-29T19:19:37.973+0800: 3.078: [ParNew: 641508K->15173K(707840K), 0.0061375 secs] 641508K->15173K(713984K), 0.0061977 secs] [Times: user=0.00 sys=0.00, real=0.01 secs] 
2024-07-29T19:19:37.980+0800: 3.084: Total time for which application threads were stopped: 0.0063340 seconds, Stopping threads took: 0.0000192 seconds
2024-07-29T19:19:38.656+0800: 3.760: Application time: 0.6756602 seconds
2024-07-29T19:19:38.656+0800: 3.760: [GC (Allocation Failure) 2024-07-29T19:19:38.656+0800: 3.760: [ParNew: 644421K->24788K(707840K), 0.0103433 secs] 644421K->25445K(713984K), 0.0104089 secs] [Times: user=0.03 sys=0.00, real=0.01 secs] 
2024-07-29T19:19:38.666+0800: 3.770: Total time for which application threads were stopped: 0.0105249 seconds, Stopping threads took: 0.0000196 seconds
2024-07-29T19:19:39.019+0800: 4.123: Application time: 0.3522799 seconds
2024-07-29T19:19:39.019+0800: 4.123: Total time for which application threads were stopped: 0.0000865 seconds, Stopping threads took: 0.0000327 seconds
2024-07-29T19:19:39.335+0800: 4.439: Application time: 0.3166925 seconds
2024-07-29T19:19:39.335+0800: 4.439: [GC (Allocation Failure) 2024-07-29T19:19:39.335+0800: 4.439: [ParNew: 654036K->34922K(707840K), 0.0131692 secs] 654693K->35579K(713984K), 0.0132430 secs] [Times: user=0.02 sys=0.00, real=0.01 secs] 
2024-07-29T19:19:39.349+0800: 4.453: Total time for which application threads were stopped: 0.0133840 seconds, Stopping threads took: 0.0000322 seconds
2024-07-29T19:19:40.028+0800: 5.133: Application time: 0.6797446 seconds
2024-07-29T19:19:40.028+0800: 5.133: [GC (Allocation Failure) 2024-07-29T19:19:40.028+0800: 5.133: [ParNew: 664170K->40991K(707840K), 0.0144010 secs] 664827K->41648K(713984K), 0.0144569 secs] [Times: user=0.03 sys=0.00, real=0.01 secs] 
2024-07-29T19:19:40.042+0800: 5.147: Total time for which application threads were stopped: 0.0146211 seconds, Stopping threads took: 0.0000182 seconds
2024-07-29T19:19:40.719+0800: 5.823: Application time: 0.6760145 seconds
2024-07-29T19:19:40.719+0800: 5.823: [GC (Allocation Failure) 2024-07-29T19:19:40.719+0800: 5.823: [ParNew: 670239K->48128K(707840K), 0.0125097 secs] 670896K->48786K(713984K), 0.0126086 secs] [Times: user=0.03 sys=0.00, real=0.01 secs] 
2024-07-29T19:19:40.732+0800: 5.836: Total time for which application threads were stopped: 0.0127756 seconds, Stopping threads took: 0.0000187 seconds
2024-07-29T19:19:41.396+0800: 6.501: Application time: 0.6647556 seconds
2024-07-29T19:19:41.396+0800: 6.501: [GC (Allocation Failure) 2024-07-29T19:19:41.396+0800: 6.501: [ParNew: 677376K->56334K(707840K), 0.0152387 secs] 678034K->56993K(713984K), 0.0153022 secs] [Times: user=0.01 sys=0.02, real=0.02 secs] 
2024-07-29T19:19:41.412+0800: 6.516: Total time for which application threads were stopped: 0.0154173 seconds, Stopping threads took: 0.0000202 seconds
2024-07-29T19:19:42.090+0800: 7.194: Application time: 0.6782572 seconds
2024-07-29T19:19:42.090+0800: 7.194: [GC (Allocation Failure) 2024-07-29T19:19:42.091+0800: 7.194: [ParNew: 684559K->67585K(707840K), 0.0178312 secs] 685217K->68243K(713984K), 0.0178958 secs] [Times: user=0.03 sys=0.00, real=0.02 secs] 
2024-07-29T19:19:42.108+0800: 7.212: Total time for which application threads were stopped: 0.0180084 seconds, Stopping threads took: 0.0000190 seconds
2024-07-29T19:19:42.786+0800: 7.890: Application time: 0.6778183 seconds
2024-07-29T19:19:42.786+0800: 7.890: [GC (Allocation Failure) 2024-07-29T19:19:42.786+0800: 7.890: [ParNew: 696833K->76801K(707840K), 0.0205830 secs] 697491K->77459K(713984K), 0.0206484 secs] [Times: user=0.03 sys=0.00, real=0.02 secs] 
2024-07-29T19:19:42.807+0800: 7.911: Total time for which application threads were stopped: 0.0207723 seconds, Stopping threads took: 0.0000315 seconds
2024-07-29T19:19:43.478+0800: 8.582: Application time: 0.6713712 seconds
2024-07-29T19:19:43.478+0800: 8.582: [GC (Allocation Failure) 2024-07-29T19:19:43.478+0800: 8.582: [ParNew: 706049K->77825K(707840K), 0.0181429 secs] 706707K->83603K(715012K), 0.0182021 secs] [Times: user=0.03 sys=0.00, real=0.02 secs] 
2024-07-29T19:19:43.496+0800: 8.601: Total time for which application threads were stopped: 0.0183148 seconds, Stopping threads took: 0.0000189 seconds
2024-07-29T19:19:43.496+0800: 8.601: Application time: 0.0002756 seconds
2024-07-29T19:19:43.496+0800: 8.601: [GC (CMS Initial Mark) [1 CMS-initial-mark: 5778K(7172K)] 98051K(715012K), 0.0008023 secs] [Times: user=0.00 sys=0.00, real=0.00 secs] 
2024-07-29T19:19:43.497+0800: 8.602: Total time for which application threads were stopped: 0.0009233 seconds, Stopping threads took: 0.0000794 seconds
2024-07-29T19:19:43.497+0800: 8.602: [CMS-concurrent-mark-start]
2024-07-29T19:19:43.498+0800: 8.603: [CMS-concurrent-mark: 0.001/0.001 secs] [Times: user=0.00 sys=0.00, real=0.00 secs] 
2024-07-29T19:19:43.499+0800: 8.603: [CMS-concurrent-preclean-start]
2024-07-29T19:19:43.499+0800: 8.603: [CMS-concurrent-preclean: 0.000/0.000 secs] [Times: user=0.00 sys=0.00, real=0.00 secs] 
2024-07-29T19:19:43.499+0800: 8.603: [CMS-concurrent-abortable-preclean-start]
2024-07-29T19:19:44.058+0800: 9.162: [CMS-concurrent-abortable-preclean: 0.001/0.559 secs] [Times: user=0.00 sys=0.00, real=0.56 secs] 
2024-07-29T19:19:44.058+0800: 9.162: Application time: 0.5603540 seconds
2024-07-29T19:19:44.059+0800: 9.162: [GC (CMS Final Remark) [YG occupancy: 521826 K (707840 K)]2024-07-29T19:19:44.059+0800: 9.162: [Rescan (non-parallel) 2024-07-29T19:19:44.059+0800: 9.163: [grey object rescan, 0.0000412 secs]2024-07-29T19:19:44.059+0800: 9.163: [root rescan, 0.0001426 secs]2024-07-29T19:19:44.059+0800: 9.163: [visit unhandled CLDs, 0.0000079 secs]2024-07-29T19:19:44.059+0800: 9.163: [dirty klass scan, 0.0000339 secs], 0.0002611 secs]2024-07-29T19:19:44.059+0800: 9.163: [weak refs processing, 0.0000165 secs]2024-07-29T19:19:44.059+0800: 9.163: [class unloading, 0.0004217 secs]2024-07-29T19:19:44.059+0800: 9.163: [scrub symbol table, 0.0004286 secs]2024-07-29T19:19:44.060+0800: 9.164: [scrub string table, 0.0001018 secs][1 CMS-remark: 5778K(7172K)] 527604K(715012K), 0.0013378 secs] [Times: user=0.00 sys=0.00, real=0.00 secs] 
2024-07-29T19:19:44.060+0800: 9.164: Total time for which application threads were stopped: 0.0015992 seconds, Stopping threads took: 0.0002071 seconds
2024-07-29T19:19:44.060+0800: 9.164: [CMS-concurrent-sweep-start]
2024-07-29T19:19:44.062+0800: 9.165: [CMS-concurrent-sweep: 0.001/0.001 secs] [Times: user=0.00 sys=0.00, real=0.00 secs] 
2024-07-29T19:19:44.062+0800: 9.166: [CMS-concurrent-reset-start]
2024-07-29T19:19:44.064+0800: 9.168: [CMS-concurrent-reset: 0.002/0.002 secs] [Times: user=0.00 sys=0.00, real=0.00 secs] 
2024-07-29T19:19:44.176+0800: 9.280: Application time: 0.1160525 seconds
2024-07-29T19:19:44.176+0800: 9.280: [GC (Allocation Failure) 2024-07-29T19:19:44.176+0800: 9.280: [ParNew: 707073K->77825K(707840K), 0.0195423 secs] 712850K->97939K(728780K), 0.0196030 secs] [Times: user=0.06 sys=0.00, real=0.02 secs] 
2024-07-29T19:19:44.196+0800: 9.300: Total time for which application threads were stopped: 0.0197163 seconds, Stopping threads took: 0.0000204 seconds
2024-07-29T19:19:44.196+0800: 9.300: Application time: 0.0002182 seconds
2024-07-29T19:19:44.196+0800: 9.300: [GC (CMS Initial Mark) [1 CMS-initial-mark: 20113K(20940K)] 112390K(728780K), 0.0006497 secs] [Times: user=0.00 sys=0.00, real=0.00 secs] 
2024-07-29T19:19:44.197+0800: 9.301: Total time for which application threads were stopped: 0.0008048 seconds, Stopping threads took: 0.0001117 seconds
2024-07-29T19:19:44.197+0800: 9.301: [CMS-concurrent-mark-start]
2024-07-29T19:19:44.198+0800: 9.302: [CMS-concurrent-mark: 0.001/0.001 secs] [Times: user=0.00 sys=0.00, real=0.00 secs] 
2024-07-29T19:19:44.198+0800: 9.302: [CMS-concurrent-preclean-start]
2024-07-29T19:19:44.198+0800: 9.302: [CMS-concurrent-preclean: 0.000/0.000 secs] [Times: user=0.00 sys=0.00, real=0.00 secs] 
2024-07-29T19:19:44.198+0800: 9.302: [CMS-concurrent-abortable-preclean-start]
2024-07-29T19:19:44.751+0800: 9.855: [CMS-concurrent-abortable-preclean: 0.001/0.553 secs] [Times: user=0.05 sys=0.01, real=0.55 secs] 
2024-07-29T19:19:44.751+0800: 9.855: Application time: 0.5545729 seconds
2024-07-29T19:19:44.751+0800: 9.855: [GC (CMS Final Remark) [YG occupancy: 508536 K (707840 K)]2024-07-29T19:19:44.751+0800: 9.855: [Rescan (non-parallel) 2024-07-29T19:19:44.751+0800: 9.855: [grey object rescan, 0.0000394 secs]2024-07-29T19:19:44.751+0800: 9.855: [root rescan, 0.0001420 secs]2024-07-29T19:19:44.752+0800: 9.856: [visit unhandled CLDs, 0.0000079 secs]2024-07-29T19:19:44.752+0800: 9.856: [dirty klass scan, 0.0000495 secs], 0.0002732 secs]2024-07-29T19:19:44.752+0800: 9.856: [weak refs processing, 0.0000113 secs]2024-07-29T19:19:44.752+0800: 9.856: [class unloading, 0.0002203 secs]2024-07-29T19:19:44.752+0800: 9.856: [scrub symbol table, 0.0003427 secs]2024-07-29T19:19:44.752+0800: 9.856: [scrub string table, 0.0001129 secs][1 CMS-remark: 20113K(20940K)] 528650K(728780K), 0.0010258 secs] [Times: user=0.00 sys=0.00, real=0.00 secs] 
2024-07-29T19:19:44.752+0800: 9.856: Total time for which application threads were stopped: 0.0012211 seconds, Stopping threads took: 0.0001487 seconds
2024-07-29T19:19:44.753+0800: 9.857: [CMS-concurrent-sweep-start]
2024-07-29T19:19:44.754+0800: 9.858: [CMS-concurrent-sweep: 0.001/0.001 secs] [Times: user=0.00 sys=0.00, real=0.00 secs] 
2024-07-29T19:19:44.754+0800: 9.858: [CMS-concurrent-reset-start]
2024-07-29T19:19:44.754+0800: 9.858: [CMS-concurrent-reset: 0.000/0.000 secs] [Times: user=0.00 sys=0.00, real=0.00 secs] 
2024-07-29T19:19:44.868+0800: 9.972: Application time: 0.1156960 seconds
2024-07-29T19:19:44.868+0800: 9.972: [GC (Allocation Failure) 2024-07-29T19:19:44.868+0800: 9.972: [ParNew: 707073K->77825K(707840K), 0.0225553 secs] 722067K->116371K(747224K), 0.0226152 secs] [Times: user=0.03 sys=0.00, real=0.02 secs] 
2024-07-29T19:19:44.890+0800: 9.995: Total time for which application threads were stopped: 0.0227267 seconds, Stopping threads took: 0.0000184 seconds
2024-07-29T19:19:44.891+0800: 9.995: Application time: 0.0001968 seconds
2024-07-29T19:19:44.891+0800: 9.995: [GC (CMS Initial Mark) [1 CMS-initial-mark: 38546K(39384K)] 129823K(747224K), 0.0006335 secs] [Times: user=0.00 sys=0.00, real=0.00 secs] 
2024-07-29T19:19:44.891+0800: 9.996: Total time for which application threads were stopped: 0.0007001 seconds, Stopping threads took: 0.0000196 seconds
2024-07-29T19:19:44.891+0800: 9.996: [CMS-concurrent-mark-start]
2024-07-29T19:19:44.892+0800: 9.997: [CMS-concurrent-mark: 0.001/0.001 secs] [Times: user=0.00 sys=0.00, real=0.00 secs] 
2024-07-29T19:19:44.892+0800: 9.997: [CMS-concurrent-preclean-start]
2024-07-29T19:19:44.892+0800: 9.997: [CMS-concurrent-preclean: 0.000/0.000 secs] [Times: user=0.00 sys=0.00, real=0.00 secs] 
2024-07-29T19:19:44.892+0800: 9.997: [CMS-concurrent-abortable-preclean-start]
2024-07-29T19:19:45.444+0800: 10.547: [CMS-concurrent-abortable-preclean: 0.002/0.551 secs] [Times: user=0.05 sys=0.00, real=0.55 secs] 
2024-07-29T19:19:45.444+0800: 10.548: Application time: 0.5519142 seconds
2024-07-29T19:19:45.444+0800: 10.548: [GC (CMS Final Remark) [YG occupancy: 494835 K (707840 K)]2024-07-29T19:19:45.444+0800: 10.548: [Rescan (non-parallel) 2024-07-29T19:19:45.444+0800: 10.548: [grey object rescan, 0.0000622 secs]2024-07-29T19:19:45.444+0800: 10.548: [root rescan, 0.0001524 secs]2024-07-29T19:19:45.444+0800: 10.548: [visit unhandled CLDs, 0.0000114 secs]2024-07-29T19:19:45.444+0800: 10.548: [dirty klass scan, 0.0000440 secs], 0.0003128 secs]2024-07-29T19:19:45.444+0800: 10.548: [weak refs processing, 0.0000136 secs]2024-07-29T19:19:45.444+0800: 10.548: [class unloading, 0.0002736 secs]2024-07-29T19:19:45.444+0800: 10.548: [scrub symbol table, 0.0003410 secs]2024-07-29T19:19:45.444+0800: 10.549: [scrub string table, 0.0001008 secs][1 CMS-remark: 38546K(39384K)] 533381K(747224K), 0.0011183 secs] [Times: user=0.00 sys=0.00, real=0.00 secs] 
2024-07-29T19:19:45.444+0800: 10.549: Total time for which application threads were stopped: 0.0013072 seconds, Stopping threads took: 0.0001400 seconds
2024-07-29T19:19:45.445+0800: 10.549: [CMS-concurrent-sweep-start]
2024-07-29T19:19:45.446+0800: 10.551: [CMS-concurrent-sweep: 0.001/0.001 secs] [Times: user=0.00 sys=0.00, real=0.00 secs] 
2024-07-29T19:19:45.446+0800: 10.551: [CMS-concurrent-reset-start]
2024-07-29T19:19:45.446+0800: 10.551: [CMS-concurrent-reset: 0.000/0.000 secs] [Times: user=0.00 sys=0.00, real=0.00 secs] 
2024-07-29T19:19:45.664+0800: 10.768: Application time: 0.2193788 seconds
2024-07-29T19:19:45.665+0800: 10.768: [GC (Allocation Failure) 2024-07-29T19:19:45.665+0800: 10.769: [ParNew: 707073K->77825K(707840K), 0.0234698 secs] 731283K->133779K(764640K), 0.0235491 secs] [Times: user=0.03 sys=0.00, real=0.02 secs] 
2024-07-29T19:19:45.688+0800: 10.792: Total time for which application threads were stopped: 0.0236787 seconds, Stopping threads took: 0.0000289 seconds
2024-07-29T19:19:45.688+0800: 10.792: Application time: 0.0002443 seconds
2024-07-29T19:19:45.688+0800: 10.792: [GC (CMS Initial Mark) [1 CMS-initial-mark: 55954K(56800K)] 148264K(764640K), 0.0007951 secs] [Times: user=0.00 sys=0.00, real=0.00 secs] 
2024-07-29T19:19:45.689+0800: 10.793: Total time for which application threads were stopped: 0.0009108 seconds, Stopping threads took: 0.0000722 seconds
2024-07-29T19:19:45.689+0800: 10.793: [CMS-concurrent-mark-start]
2024-07-29T19:19:45.691+0800: 10.795: [CMS-concurrent-mark: 0.002/0.002 secs] [Times: user=0.00 sys=0.00, real=0.00 secs] 
2024-07-29T19:19:45.691+0800: 10.795: [CMS-concurrent-preclean-start]
2024-07-29T19:19:45.691+0800: 10.795: [CMS-concurrent-preclean: 0.000/0.000 secs] [Times: user=0.00 sys=0.00, real=0.00 secs] 
2024-07-29T19:19:45.691+0800: 10.795: [CMS-concurrent-abortable-preclean-start]
2024-07-29T19:19:46.247+0800: 11.351: [CMS-concurrent-abortable-preclean: 0.002/0.556 secs] [Times: user=0.01 sys=0.00, real=0.56 secs] 
2024-07-29T19:19:46.248+0800: 11.352: Application time: 0.5590169 seconds
2024-07-29T19:19:46.248+0800: 11.352: [GC (CMS Final Remark) [YG occupancy: 603809 K (707840 K)]2024-07-29T19:19:46.248+0800: 11.352: [Rescan (non-parallel) 2024-07-29T19:19:46.248+0800: 11.352: [grey object rescan, 0.0000834 secs]2024-07-29T19:19:46.248+0800: 11.353: [root rescan, 0.0001641 secs]2024-07-29T19:19:46.249+0800: 11.353: [visit unhandled CLDs, 0.0000080 secs]2024-07-29T19:19:46.249+0800: 11.353: [dirty klass scan, 0.0000334 secs], 0.0003197 secs]2024-07-29T19:19:46.249+0800: 11.353: [weak refs processing, 0.0000105 secs]2024-07-29T19:19:46.249+0800: 11.353: [class unloading, 0.0002308 secs]2024-07-29T19:19:46.249+0800: 11.353: [scrub symbol table, 0.0003405 secs]2024-07-29T19:19:46.249+0800: 11.353: [scrub string table, 0.0001004 secs][1 CMS-remark: 55954K(56800K)] 659764K(764640K), 0.0010654 secs] [Times: user=0.00 sys=0.00, real=0.00 secs] 
2024-07-29T19:19:46.249+0800: 11.353: Total time for which application threads were stopped: 0.0012649 seconds, Stopping threads took: 0.0001598 seconds
2024-07-29T19:19:46.250+0800: 11.354: [CMS-concurrent-sweep-start]
2024-07-29T19:19:46.251+0800: 11.355: [CMS-concurrent-sweep: 0.001/0.001 secs] [Times: user=0.00 sys=0.00, real=0.00 secs] 
2024-07-29T19:19:46.251+0800: 11.355: [CMS-concurrent-reset-start]
2024-07-29T19:19:46.251+0800: 11.355: [CMS-concurrent-reset: 0.000/0.000 secs] [Times: user=0.00 sys=0.00, real=0.00 secs] 
2024-07-29T19:19:46.359+0800: 11.464: Application time: 0.1103559 seconds
2024-07-29T19:19:46.359+0800: 11.464: [GC (Allocation Failure) 2024-07-29T19:19:46.359+0800: 11.464: [ParNew: 707073K->77825K(707840K), 0.0239443 secs] 739475K->149139K(780060K), 0.0239987 secs] [Times: user=0.05 sys=0.02, real=0.02 secs] 
2024-07-29T19:19:46.383+0800: 11.488: Total time for which application threads were stopped: 0.0241124 seconds, Stopping threads took: 0.0000204 seconds
2024-07-29T19:19:46.383+0800: 11.488: Application time: 0.0002059 seconds
2024-07-29T19:19:46.384+0800: 11.488: [GC (CMS Initial Mark) [1 CMS-initial-mark: 71314K(72220K)] 163637K(780060K), 0.0007673 secs] [Times: user=0.00 sys=0.00, real=0.00 secs] 
2024-07-29T19:19:46.384+0800: 11.489: Total time for which application threads were stopped: 0.0008957 seconds, Stopping threads took: 0.0000855 seconds
2024-07-29T19:19:46.384+0800: 11.489: [CMS-concurrent-mark-start]
2024-07-29T19:19:46.386+0800: 11.490: [CMS-concurrent-mark: 0.001/0.001 secs] [Times: user=0.00 sys=0.00, real=0.00 secs] 
2024-07-29T19:19:46.386+0800: 11.490: [CMS-concurrent-preclean-start]
2024-07-29T19:19:46.386+0800: 11.491: [CMS-concurrent-preclean: 0.000/0.000 secs] [Times: user=0.00 sys=0.00, real=0.00 secs] 
2024-07-29T19:19:46.386+0800: 11.491: [CMS-concurrent-abortable-preclean-start]
Heap
 par new generation   total 707840K, used 387847K [0x00000000c8000000, 0x00000000f8000000, 0x00000000f8000000)
  eden space 629248K,  49% used [0x00000000c8000000, 0x00000000daec1828, 0x00000000ee680000)
  from space 78592K,  99% used [0x00000000ee680000, 0x00000000f32804c0, 0x00000000f3340000)
  to   space 78592K,   0% used [0x00000000f3340000, 0x00000000f3340000, 0x00000000f8000000)
 concurrent mark-sweep generation total 72220K, used 71314K [0x00000000f8000000, 0x00000000fc687000, 0x0000000100000000)
 Metaspace       used 3005K, capacity 4486K, committed 4864K, reserved 1056768K
  class space    used 310K, capacity 386K, committed 512K, reserved 1048576K
2024-07-29T19:19:46.721+0800: 11.825: Application time: 0.3361624 seconds
