OpenJDK 64-Bit Server VM (25.412-b1) for windows-amd64 JRE (1.8.0_412-b1), built on Apr 23 2024 12:00:37 by "Administrator" with MS VC++ 10.0 (VS2010)
Memory: 4k page, physical 16672068k(4467988k free), swap 19811428k(4536660k free)
CommandLine flags: -XX:+CMSParallelRemarkEnabled -XX:GCDrainStackTargetSize=64 -XX:InitialHeapSize=810758960 -XX:InitialTenuringThreshold=4 -XX:MaxHeapSize=939524096 -XX:MaxNewSize=805306368 -XX:MaxTenuringThreshold=4 -XX:NewSize=805306368 -XX:OldPLABSize=16 -XX:+PrintGC -XX:+PrintGCApplicationConcurrentTime -XX:+PrintGCApplicationStoppedTime -XX:+PrintGCDateStamps -XX:+PrintGCDetails -XX:+PrintGCTimeStamps -XX:+UseCompressedClassPointers -XX:+UseCompressedOops -XX:+UseConcMarkSweepGC -XX:-UseLargePagesIndividualAllocation -XX:+UseParNewGC 
2024-07-29T19:13:15.764+0800: 1.024: Application time: 0.9465769 seconds
2024-07-29T19:13:15.764+0800: 1.024: Total time for which application threads were stopped: 0.0001013 seconds, Stopping threads took: 0.0000519 seconds
2024-07-29T19:13:15.785+0800: 1.045: Application time: 0.0210483 seconds
2024-07-29T19:13:15.785+0800: 1.045: [GC (Allocation Failure) 2024-07-29T19:13:15.785+0800: 1.045: [ParNew: 629042K->14096K(707840K), 0.0085599 secs] 629042K->14096K(713984K), 0.0087858 secs] [Times: user=0.06 sys=0.02, real=0.01 secs] 
2024-07-29T19:13:15.794+0800: 1.054: Total time for which application threads were stopped: 0.0089045 seconds, Stopping threads took: 0.0000206 seconds
2024-07-29T19:13:16.473+0800: 1.733: Application time: 0.6791733 seconds
2024-07-29T19:13:16.473+0800: 1.733: [GC (Allocation Failure) 2024-07-29T19:13:16.473+0800: 1.733: [ParNew: 643344K->8111K(707840K), 0.0046523 secs] 643344K->8111K(713984K), 0.0047280 secs] [Times: user=0.00 sys=0.00, real=0.00 secs] 
2024-07-29T19:13:16.477+0800: 1.738: Total time for which application threads were stopped: 0.0048418 seconds, Stopping threads took: 0.0000227 seconds
2024-07-29T19:13:17.156+0800: 2.417: Application time: 0.6784934 seconds
2024-07-29T19:13:17.156+0800: 2.417: [GC (Allocation Failure) 2024-07-29T19:13:17.156+0800: 2.417: [ParNew: 637359K->12186K(707840K), 0.0027338 secs] 637359K->12186K(713984K), 0.0027868 secs] [Times: user=0.00 sys=0.00, real=0.00 secs] 
2024-07-29T19:13:17.159+0800: 2.420: Total time for which application threads were stopped: 0.0029108 seconds, Stopping threads took: 0.0000193 seconds
2024-07-29T19:13:17.847+0800: 3.107: Application time: 0.6876931 seconds
2024-07-29T19:13:17.847+0800: 3.107: [GC (Allocation Failure) 2024-07-29T19:13:17.847+0800: 3.107: [ParNew: 641434K->19458K(707840K), 0.0083407 secs] 641434K->19458K(713984K), 0.0084098 secs] [Times: user=0.03 sys=0.00, real=0.01 secs] 
2024-07-29T19:13:17.855+0800: 3.116: Total time for which application threads were stopped: 0.0085302 seconds, Stopping threads took: 0.0000208 seconds
2024-07-29T19:13:18.542+0800: 3.802: Application time: 0.6857887 seconds
2024-07-29T19:13:18.542+0800: 3.802: [GC (Allocation Failure) 2024-07-29T19:13:18.542+0800: 3.802: [ParNew: 648706K->24832K(707840K), 0.0095303 secs] 648706K->25489K(713984K), 0.0095912 secs] [Times: user=0.00 sys=0.00, real=0.01 secs] 
2024-07-29T19:13:18.550+0800: 3.811: Total time for which application threads were stopped: 0.0097020 seconds, Stopping threads took: 0.0000207 seconds
2024-07-29T19:13:18.857+0800: 4.117: Application time: 0.3058203 seconds
2024-07-29T19:13:18.857+0800: 4.117: Total time for which application threads were stopped: 0.0000988 seconds, Stopping threads took: 0.0000580 seconds
2024-07-29T19:13:19.219+0800: 4.480: Application time: 0.3627985 seconds
2024-07-29T19:13:19.219+0800: 4.480: [GC (Allocation Failure) 2024-07-29T19:13:19.219+0800: 4.480: [ParNew: 654080K->33856K(707840K), 0.0111940 secs] 654737K->34513K(713984K), 0.0112762 secs] [Times: user=0.02 sys=0.02, real=0.01 secs] 
2024-07-29T19:13:19.231+0800: 4.491: Total time for which application threads were stopped: 0.0113891 seconds, Stopping threads took: 0.0000198 seconds
2024-07-29T19:13:19.896+0800: 5.156: Application time: 0.6647183 seconds
2024-07-29T19:13:19.896+0800: 5.156: [GC (Allocation Failure) 2024-07-29T19:13:19.896+0800: 5.156: [ParNew: 663104K->39952K(707840K), 0.0124067 secs] 663761K->40609K(713984K), 0.0125192 secs] [Times: user=0.00 sys=0.00, real=0.01 secs] 
2024-07-29T19:13:19.908+0800: 5.169: Total time for which application threads were stopped: 0.0126395 seconds, Stopping threads took: 0.0000196 seconds
2024-07-29T19:13:20.572+0800: 5.833: Application time: 0.6640472 seconds
2024-07-29T19:13:20.572+0800: 5.833: [GC (Allocation Failure) 2024-07-29T19:13:20.572+0800: 5.833: [ParNew: 669200K->48128K(707840K), 0.0127481 secs] 669857K->48786K(713984K), 0.0128054 secs] [Times: user=0.02 sys=0.01, real=0.01 secs] 
2024-07-29T19:13:20.585+0800: 5.846: Total time for which application threads were stopped: 0.0129216 seconds, Stopping threads took: 0.0000196 seconds
2024-07-29T19:13:21.250+0800: 6.510: Application time: 0.6645883 seconds
2024-07-29T19:13:21.250+0800: 6.510: [GC (Allocation Failure) 2024-07-29T19:13:21.250+0800: 6.510: [ParNew: 677376K->56330K(707840K), 0.0153674 secs] 678034K->56989K(713984K), 0.0154387 secs] [Times: user=0.03 sys=0.00, real=0.02 secs] 
2024-07-29T19:13:21.265+0800: 6.526: Total time for which application threads were stopped: 0.0155470 seconds, Stopping threads took: 0.0000191 seconds
2024-07-29T19:13:21.931+0800: 7.191: Application time: 0.6651351 seconds
2024-07-29T19:13:21.931+0800: 7.191: [GC (Allocation Failure) 2024-07-29T19:13:21.931+0800: 7.191: [ParNew: 685578K->64512K(707840K), 0.0160328 secs] 686237K->65171K(713984K), 0.0160903 secs] [Times: user=0.03 sys=0.00, real=0.02 secs] 
2024-07-29T19:13:21.947+0800: 7.207: Total time for which application threads were stopped: 0.0161988 seconds, Stopping threads took: 0.0000168 seconds
2024-07-29T19:13:22.613+0800: 7.874: Application time: 0.6668640 seconds
2024-07-29T19:13:22.614+0800: 7.874: [GC (Allocation Failure) 2024-07-29T19:13:22.614+0800: 7.874: [ParNew: 693383K->76801K(707840K), 0.0236389 secs] 694041K->77459K(713984K), 0.0237111 secs] [Times: user=0.02 sys=0.01, real=0.02 secs] 
2024-07-29T19:13:22.637+0800: 7.898: Total time for which application threads were stopped: 0.0238433 seconds, Stopping threads took: 0.0000189 seconds
2024-07-29T19:13:23.309+0800: 8.570: Application time: 0.6719935 seconds
2024-07-29T19:13:23.309+0800: 8.570: [GC (Allocation Failure) 2024-07-29T19:13:23.309+0800: 8.570: [ParNew: 706049K->77825K(707840K), 0.0252261 secs] 706707K->85651K(717068K), 0.0252894 secs] [Times: user=0.06 sys=0.00, real=0.03 secs] 
2024-07-29T19:13:23.335+0800: 8.595: Total time for which application threads were stopped: 0.0254214 seconds, Stopping threads took: 0.0000191 seconds
2024-07-29T19:13:23.335+0800: 8.596: Application time: 0.0002618 seconds
2024-07-29T19:13:23.335+0800: 8.596: [GC (CMS Initial Mark) [1 CMS-initial-mark: 7826K(9228K)] 100154K(717068K), 0.0007405 secs] [Times: user=0.00 sys=0.00, real=0.00 secs] 
2024-07-29T19:13:23.336+0800: 8.597: Total time for which application threads were stopped: 0.0008923 seconds, Stopping threads took: 0.0000970 seconds
2024-07-29T19:13:23.336+0800: 8.597: [CMS-concurrent-mark-start]
2024-07-29T19:13:23.337+0800: 8.598: [CMS-concurrent-mark: 0.001/0.001 secs] [Times: user=0.00 sys=0.00, real=0.00 secs] 
2024-07-29T19:13:23.337+0800: 8.598: [CMS-concurrent-preclean-start]
2024-07-29T19:13:23.337+0800: 8.598: [CMS-concurrent-preclean: 0.000/0.000 secs] [Times: user=0.00 sys=0.00, real=0.00 secs] 
2024-07-29T19:13:23.337+0800: 8.598: [CMS-concurrent-abortable-preclean-start]
2024-07-29T19:13:23.887+0800: 9.147: [CMS-concurrent-abortable-preclean: 0.001/0.549 secs] [Times: user=0.00 sys=0.00, real=0.55 secs] 
2024-07-29T19:13:23.887+0800: 9.147: Application time: 0.5509010 seconds
2024-07-29T19:13:23.887+0800: 9.148: [GC (CMS Final Remark) [YG occupancy: 523654 K (707840 K)]2024-07-29T19:13:23.887+0800: 9.148: [Rescan (parallel) , 0.0007944 secs]2024-07-29T19:13:23.888+0800: 9.148: [weak refs processing, 0.0000134 secs]2024-07-29T19:13:23.888+0800: 9.148: [class unloading, 0.0002130 secs]2024-07-29T19:13:23.888+0800: 9.149: [scrub symbol table, 0.0003224 secs]2024-07-29T19:13:23.889+0800: 9.149: [scrub string table, 0.0000918 secs][1 CMS-remark: 7826K(9228K)] 531480K(717068K), 0.0015167 secs] [Times: user=0.00 sys=0.00, real=0.00 secs] 
2024-07-29T19:13:23.889+0800: 9.149: Total time for which application threads were stopped: 0.0017141 seconds, Stopping threads took: 0.0001450 seconds
2024-07-29T19:13:23.889+0800: 9.149: [CMS-concurrent-sweep-start]
2024-07-29T19:13:23.890+0800: 9.151: [CMS-concurrent-sweep: 0.001/0.001 secs] [Times: user=0.00 sys=0.00, real=0.00 secs] 
2024-07-29T19:13:23.891+0800: 9.151: [CMS-concurrent-reset-start]
2024-07-29T19:13:23.892+0800: 9.153: [CMS-concurrent-reset: 0.002/0.002 secs] [Times: user=0.00 sys=0.00, real=0.00 secs] 
2024-07-29T19:13:24.017+0800: 9.277: Application time: 0.1278384 seconds
2024-07-29T19:13:24.017+0800: 9.277: [GC (Allocation Failure) 2024-07-29T19:13:24.017+0800: 9.277: [ParNew: 707073K->77825K(707840K), 0.0208330 secs] 714898K->99987K(731164K), 0.0208906 secs] [Times: user=0.05 sys=0.02, real=0.02 secs] 
2024-07-29T19:13:24.038+0800: 9.298: Total time for which application threads were stopped: 0.0209998 seconds, Stopping threads took: 0.0000191 seconds
2024-07-29T19:13:24.038+0800: 9.298: Application time: 0.0001444 seconds
2024-07-29T19:13:24.038+0800: 9.298: [GC (CMS Initial Mark) [1 CMS-initial-mark: 22161K(23324K)] 114535K(731164K), 0.0006981 secs] [Times: user=0.00 sys=0.00, real=0.00 secs] 
2024-07-29T19:13:24.039+0800: 9.299: Total time for which application threads were stopped: 0.0008910 seconds, Stopping threads took: 0.0001503 seconds
2024-07-29T19:13:24.039+0800: 9.299: [CMS-concurrent-mark-start]
2024-07-29T19:13:24.040+0800: 9.300: [CMS-concurrent-mark: 0.001/0.001 secs] [Times: user=0.00 sys=0.00, real=0.00 secs] 
2024-07-29T19:13:24.040+0800: 9.300: [CMS-concurrent-preclean-start]
2024-07-29T19:13:24.040+0800: 9.300: [CMS-concurrent-preclean: 0.000/0.000 secs] [Times: user=0.00 sys=0.00, real=0.00 secs] 
2024-07-29T19:13:24.040+0800: 9.300: [CMS-concurrent-abortable-preclean-start]
2024-07-29T19:13:24.596+0800: 9.856: [CMS-concurrent-abortable-preclean: 0.002/0.556 secs] [Times: user=0.05 sys=0.00, real=0.56 secs] 
2024-07-29T19:13:24.596+0800: 9.857: Application time: 0.5575427 seconds
2024-07-29T19:13:24.596+0800: 9.857: [GC (CMS Final Remark) [YG occupancy: 502192 K (707840 K)]2024-07-29T19:13:24.596+0800: 9.857: [Rescan (parallel) , 0.0009731 secs]2024-07-29T19:13:24.597+0800: 9.858: [weak refs processing, 0.0000147 secs]2024-07-29T19:13:24.597+0800: 9.858: [class unloading, 0.0002266 secs]2024-07-29T19:13:24.598+0800: 9.858: [scrub symbol table, 0.0003092 secs]2024-07-29T19:13:24.598+0800: 9.858: [scrub string table, 0.0001041 secs][1 CMS-remark: 22161K(23324K)] 524354K(731164K), 0.0017209 secs] [Times: user=0.00 sys=0.00, real=0.00 secs] 
2024-07-29T19:13:24.598+0800: 9.858: Total time for which application threads were stopped: 0.0018614 seconds, Stopping threads took: 0.0000924 seconds
2024-07-29T19:13:24.598+0800: 9.859: [CMS-concurrent-sweep-start]
2024-07-29T19:13:24.600+0800: 9.860: [CMS-concurrent-sweep: 0.001/0.001 secs] [Times: user=0.03 sys=0.00, real=0.00 secs] 
2024-07-29T19:13:24.600+0800: 9.860: [CMS-concurrent-reset-start]
2024-07-29T19:13:24.600+0800: 9.860: [CMS-concurrent-reset: 0.000/0.000 secs] [Times: user=0.00 sys=0.00, real=0.00 secs] 
2024-07-29T19:13:24.833+0800: 10.093: Application time: 0.2344047 seconds
2024-07-29T19:13:24.833+0800: 10.093: [GC (Allocation Failure) 2024-07-29T19:13:24.833+0800: 10.093: [ParNew: 706183K->77825K(707840K), 0.0263608 secs] 721177K->120467K(752364K), 0.0264181 secs] [Times: user=0.02 sys=0.02, real=0.03 secs] 
2024-07-29T19:13:24.858+0800: 10.119: Total time for which application threads were stopped: 0.0265288 seconds, Stopping threads took: 0.0000191 seconds
2024-07-29T19:13:24.859+0800: 10.120: Application time: 0.0002719 seconds
2024-07-29T19:13:24.859+0800: 10.120: [GC (CMS Initial Mark) [1 CMS-initial-mark: 42642K(44524K)] 134947K(752364K), 0.0006052 secs] [Times: user=0.00 sys=0.00, real=0.00 secs] 
2024-07-29T19:13:24.859+0800: 10.120: Total time for which application threads were stopped: 0.0007302 seconds, Stopping threads took: 0.0000767 seconds
2024-07-29T19:13:24.860+0800: 10.120: [CMS-concurrent-mark-start]
2024-07-29T19:13:24.861+0800: 10.122: [CMS-concurrent-mark: 0.001/0.001 secs] [Times: user=0.00 sys=0.00, real=0.00 secs] 
2024-07-29T19:13:24.861+0800: 10.122: [CMS-concurrent-preclean-start]
2024-07-29T19:13:24.861+0800: 10.122: [CMS-concurrent-preclean: 0.000/0.000 secs] [Times: user=0.00 sys=0.00, real=0.00 secs] 
2024-07-29T19:13:24.861+0800: 10.122: [CMS-concurrent-abortable-preclean-start]
2024-07-29T19:13:25.419+0800: 10.679: [CMS-concurrent-abortable-preclean: 0.002/0.557 secs] [Times: user=0.02 sys=0.00, real=0.56 secs] 
2024-07-29T19:13:25.419+0800: 10.680: Application time: 0.5592967 seconds
2024-07-29T19:13:25.419+0800: 10.680: [GC (CMS Final Remark) [YG occupancy: 603648 K (707840 K)]2024-07-29T19:13:25.420+0800: 10.680: [Rescan (parallel) , 0.0011903 secs]2024-07-29T19:13:25.421+0800: 10.681: [weak refs processing, 0.0000146 secs]2024-07-29T19:13:25.421+0800: 10.681: [class unloading, 0.0002404 secs]2024-07-29T19:13:25.421+0800: 10.681: [scrub symbol table, 0.0003386 secs]2024-07-29T19:13:25.421+0800: 10.682: [scrub string table, 0.0000995 secs][1 CMS-remark: 42642K(44524K)] 646290K(752364K), 0.0019713 secs] [Times: user=0.00 sys=0.00, real=0.00 secs] 
2024-07-29T19:13:25.421+0800: 10.682: Total time for which application threads were stopped: 0.0021841 seconds, Stopping threads took: 0.0001666 seconds
2024-07-29T19:13:25.422+0800: 10.682: [CMS-concurrent-sweep-start]
2024-07-29T19:13:25.422+0800: 10.683: [CMS-concurrent-sweep: 0.001/0.001 secs] [Times: user=0.00 sys=0.00, real=0.00 secs] 
2024-07-29T19:13:25.423+0800: 10.683: [CMS-concurrent-reset-start]
2024-07-29T19:13:25.423+0800: 10.683: [CMS-concurrent-reset: 0.000/0.000 secs] [Times: user=0.00 sys=0.00, real=0.00 secs] 
2024-07-29T19:13:25.544+0800: 10.805: Application time: 0.1229372 seconds
2024-07-29T19:13:25.544+0800: 10.805: [GC (Allocation Failure) 2024-07-29T19:13:25.544+0800: 10.805: [ParNew: 707073K->77825K(707840K), 0.0261302 secs] 735379K->141971K(774552K), 0.0261884 secs] [Times: user=0.05 sys=0.02, real=0.03 secs] 
2024-07-29T19:13:25.570+0800: 10.831: Total time for which application threads were stopped: 0.0262971 seconds, Stopping threads took: 0.0000191 seconds
2024-07-29T19:13:25.570+0800: 10.831: Application time: 0.0002068 seconds
2024-07-29T19:13:25.570+0800: 10.831: [GC (CMS Initial Mark) [1 CMS-initial-mark: 64146K(66712K)] 156505K(774552K), 0.0008177 secs] [Times: user=0.00 sys=0.00, real=0.00 secs] 
2024-07-29T19:13:25.571+0800: 10.832: Total time for which application threads were stopped: 0.0009170 seconds, Stopping threads took: 0.0000565 seconds
2024-07-29T19:13:25.571+0800: 10.832: [CMS-concurrent-mark-start]
2024-07-29T19:13:25.573+0800: 10.834: [CMS-concurrent-mark: 0.002/0.002 secs] [Times: user=0.00 sys=0.00, real=0.00 secs] 
2024-07-29T19:13:25.573+0800: 10.834: [CMS-concurrent-preclean-start]
2024-07-29T19:13:25.573+0800: 10.834: [CMS-concurrent-preclean: 0.000/0.000 secs] [Times: user=0.00 sys=0.00, real=0.00 secs] 
2024-07-29T19:13:25.574+0800: 10.834: [CMS-concurrent-abortable-preclean-start]
2024-07-29T19:13:26.128+0800: 11.388: [CMS-concurrent-abortable-preclean: 0.002/0.553 secs] [Times: user=0.05 sys=0.00, real=0.55 secs] 
2024-07-29T19:13:26.128+0800: 11.388: Application time: 0.5559444 seconds
2024-07-29T19:13:26.128+0800: 11.388: [GC (CMS Final Remark) [YG occupancy: 586293 K (707840 K)]2024-07-29T19:13:26.128+0800: 11.388: [Rescan (parallel) , 0.0010797 secs]2024-07-29T19:13:26.129+0800: 11.389: [weak refs processing, 0.0000158 secs]2024-07-29T19:13:26.129+0800: 11.389: [class unloading, 0.0002190 secs]2024-07-29T19:13:26.129+0800: 11.390: [scrub symbol table, 0.0003427 secs]2024-07-29T19:13:26.129+0800: 11.390: [scrub string table, 0.0001156 secs][1 CMS-remark: 64146K(66712K)] 650440K(774552K), 0.0018603 secs] [Times: user=0.00 sys=0.02, real=0.00 secs] 
2024-07-29T19:13:26.129+0800: 11.390: Total time for which application threads were stopped: 0.0021160 seconds, Stopping threads took: 0.0001445 seconds
2024-07-29T19:13:26.130+0800: 11.391: [CMS-concurrent-sweep-start]
2024-07-29T19:13:26.131+0800: 11.392: [CMS-concurrent-sweep: 0.001/0.001 secs] [Times: user=0.00 sys=0.00, real=0.00 secs] 
2024-07-29T19:13:26.131+0800: 11.392: [CMS-concurrent-reset-start]
2024-07-29T19:13:26.131+0800: 11.392: [CMS-concurrent-reset: 0.000/0.000 secs] [Times: user=0.00 sys=0.00, real=0.00 secs] 
2024-07-29T19:13:26.255+0800: 11.515: Application time: 0.1246225 seconds
2024-07-29T19:13:26.255+0800: 11.515: [GC (Allocation Failure) 2024-07-29T19:13:26.255+0800: 11.515: [ParNew: 707073K->77825K(707840K), 0.0282645 secs] 743571K->162452K(794084K), 0.0283185 secs] [Times: user=0.03 sys=0.00, real=0.03 secs] 
2024-07-29T19:13:26.283+0800: 11.543: Total time for which application threads were stopped: 0.0284368 seconds, Stopping threads took: 0.0000203 seconds
2024-07-29T19:13:26.283+0800: 11.544: Application time: 0.0002512 seconds
2024-07-29T19:13:26.283+0800: 11.544: [GC (CMS Initial Mark) [1 CMS-initial-mark: 84626K(86244K)] 176924K(794084K), 0.0005054 secs] [Times: user=0.00 sys=0.00, real=0.00 secs] 
2024-07-29T19:13:26.284+0800: 11.544: Total time for which application threads were stopped: 0.0006478 seconds, Stopping threads took: 0.0001006 seconds
2024-07-29T19:13:26.284+0800: 11.544: [CMS-concurrent-mark-start]
2024-07-29T19:13:26.286+0800: 11.547: [CMS-concurrent-mark: 0.002/0.002 secs] [Times: user=0.05 sys=0.00, real=0.00 secs] 
2024-07-29T19:13:26.286+0800: 11.547: [CMS-concurrent-preclean-start]
2024-07-29T19:13:26.287+0800: 11.547: [CMS-concurrent-preclean: 0.000/0.000 secs] [Times: user=0.00 sys=0.00, real=0.00 secs] 
2024-07-29T19:13:26.287+0800: 11.547: [CMS-concurrent-abortable-preclean-start]
2024-07-29T19:13:26.287+0800: 11.547: [CMS-concurrent-abortable-preclean: 0.000/0.000 secs] [Times: user=0.00 sys=0.00, real=0.00 secs] 
2024-07-29T19:13:26.287+0800: 11.547: Application time: 0.0030207 seconds
2024-07-29T19:13:26.287+0800: 11.547: [GC (CMS Final Remark) [YG occupancy: 132641 K (707840 K)]2024-07-29T19:13:26.287+0800: 11.547: [Rescan (parallel) , 0.0009606 secs]2024-07-29T19:13:26.288+0800: 11.548: [weak refs processing, 0.0000131 secs]2024-07-29T19:13:26.288+0800: 11.548: [class unloading, 0.0002145 secs]2024-07-29T19:13:26.288+0800: 11.549: [scrub symbol table, 0.0003501 secs]2024-07-29T19:13:26.289+0800: 11.549: [scrub string table, 0.0001218 secs][1 CMS-remark: 84626K(86244K)] 217267K(794084K), 0.0017228 secs] [Times: user=0.00 sys=0.00, real=0.00 secs] 
2024-07-29T19:13:26.289+0800: 11.549: Total time for which application threads were stopped: 0.0018799 seconds, Stopping threads took: 0.0001233 seconds
2024-07-29T19:13:26.289+0800: 11.549: [CMS-concurrent-sweep-start]
2024-07-29T19:13:26.290+0800: 11.550: [CMS-concurrent-sweep: 0.001/0.001 secs] [Times: user=0.00 sys=0.00, real=0.00 secs] 
2024-07-29T19:13:26.290+0800: 11.550: [CMS-concurrent-reset-start]
2024-07-29T19:13:26.290+0800: 11.551: [CMS-concurrent-reset: 0.000/0.000 secs] [Times: user=0.00 sys=0.00, real=0.00 secs] 
Heap
 par new generation   total 707840K, used 387289K [0x00000000c8000000, 0x00000000f8000000, 0x00000000f8000000)
  eden space 629248K,  49% used [0x00000000c8000000, 0x00000000dae36138, 0x00000000ee680000)
  from space 78592K,  99% used [0x00000000ee680000, 0x00000000f32804c0, 0x00000000f3340000)
  to   space 78592K,   0% used [0x00000000f3340000, 0x00000000f3340000, 0x00000000f8000000)
 concurrent mark-sweep generation total 86244K, used 48786K [0x00000000f8000000, 0x00000000fd439000, 0x0000000100000000)
 Metaspace       used 3005K, capacity 4486K, committed 4864K, reserved 1056768K
  class space    used 310K, capacity 386K, committed 512K, reserved 1048576K
2024-07-29T19:13:26.617+0800: 11.877: Application time: 0.3281257 seconds
