OpenJDK 64-Bit Server VM (25.412-b1) for windows-amd64 JRE (1.8.0_412-b1), built on Apr 23 2024 12:00:37 by "Administrator" with MS VC++ 10.0 (VS2010)
Memory: 4k page, physical 16672068k(4355444k free), swap 19162436k(3536176k free)
CommandLine flags: -XX:GCDrainStackTargetSize=64 -XX:InitialHeapSize=810758960 -XX:MaxHeapSize=939524096 -XX:MaxNewSize=805306368 -XX:MaxTenuringThreshold=6 -XX:NewSize=805306368 -XX:OldPLABSize=16 -XX:+PrintGC -XX:+PrintGCApplicationConcurrentTime -XX:+PrintGCApplicationStoppedTime -XX:+PrintGCDateStamps -XX:+PrintGCDetails -XX:+PrintGCTimeStamps -XX:+UseCompressedClassPointers -XX:+UseCompressedOops -XX:+UseConcMarkSweepGC -XX:-UseLargePagesIndividualAllocation -XX:+UseParNewGC 
2024-07-28T13:56:18.440+0800: 1.039: Application time: 0.8693007 seconds
2024-07-28T13:56:18.536+0800: 1.135: Total time for which application threads were stopped: 0.0961088 seconds, Stopping threads took: 0.0959729 seconds
2024-07-28T13:56:18.674+0800: 1.274: Application time: 0.1386590 seconds
2024-07-28T13:56:18.674+0800: 1.274: [GC (Allocation Failure) 2024-07-28T13:56:18.971+0800: 1.570: [ParNew: 628908K->78310K(707840K), 0.0852994 secs] 628908K->179695K(809588K), 0.3815446 secs] [Times: user=0.11 sys=0.09, real=0.38 secs] 
2024-07-28T13:56:19.056+0800: 1.655: Total time for which application threads were stopped: 0.3816664 seconds, Stopping threads took: 0.0000204 seconds
2024-07-28T13:56:19.056+0800: 1.656: Application time: 0.0005049 seconds
2024-07-28T13:56:19.056+0800: 1.656: [GC (CMS Initial Mark) [1 CMS-initial-mark: 101385K(101748K)] 193825K(809588K), 0.0011006 secs] [Times: user=0.00 sys=0.00, real=0.00 secs] 
2024-07-28T13:56:19.058+0800: 1.657: Total time for which application threads were stopped: 0.0012376 seconds, Stopping threads took: 0.0000923 seconds
2024-07-28T13:56:19.058+0800: 1.657: [CMS-concurrent-mark-start]
2024-07-28T13:56:19.060+0800: 1.659: [CMS-concurrent-mark: 0.002/0.002 secs] [Times: user=0.00 sys=0.00, real=0.00 secs] 
2024-07-28T13:56:19.060+0800: 1.659: [CMS-concurrent-preclean-start]
2024-07-28T13:56:19.060+0800: 1.659: [CMS-concurrent-preclean: 0.000/0.000 secs] [Times: user=0.00 sys=0.00, real=0.00 secs] 
2024-07-28T13:56:19.060+0800: 1.659: [CMS-concurrent-abortable-preclean-start]
2024-07-28T13:56:19.060+0800: 1.659: [CMS-concurrent-abortable-preclean: 0.000/0.000 secs] [Times: user=0.00 sys=0.00, real=0.00 secs] 
2024-07-28T13:56:19.060+0800: 1.659: Application time: 0.0019615 seconds
2024-07-28T13:56:19.060+0800: 1.659: [GC (CMS Final Remark) [YG occupancy: 94487 K (707840 K)]2024-07-28T13:56:19.060+0800: 1.659: [Rescan (parallel) , 0.0004244 secs]2024-07-28T13:56:19.061+0800: 1.660: [weak refs processing, 0.0000212 secs]2024-07-28T13:56:19.061+0800: 1.660: [class unloading, 0.0004535 secs]2024-07-28T13:56:19.061+0800: 1.660: [scrub symbol table, 0.0006356 secs]2024-07-28T13:56:19.062+0800: 1.661: [scrub string table, 0.0001734 secs][1 CMS-remark: 101385K(101748K)] 195873K(809588K), 0.0018399 secs] [Times: user=0.00 sys=0.00, real=0.00 secs] 
2024-07-28T13:56:19.062+0800: 1.661: Total time for which application threads were stopped: 0.0021627 seconds, Stopping threads took: 0.0002686 seconds
2024-07-28T13:56:19.062+0800: 1.661: [CMS-concurrent-sweep-start]
2024-07-28T13:56:19.062+0800: 1.661: [CMS-concurrent-sweep: 0.000/0.000 secs] [Times: user=0.00 sys=0.00, real=0.00 secs] 
2024-07-28T13:56:19.063+0800: 1.662: [CMS-concurrent-reset-start]
2024-07-28T13:56:19.063+0800: 1.662: [CMS-concurrent-reset: 0.000/0.000 secs] [Times: user=0.00 sys=0.00, real=0.00 secs] 
2024-07-28T13:56:19.769+0800: 2.369: Application time: 0.7074991 seconds
2024-07-28T13:56:19.769+0800: 2.369: [GC (Allocation Failure) 2024-07-28T13:56:19.769+0800: 2.369: [ParNew: 706848K->706848K(707840K), 0.0000291 secs]2024-07-28T13:56:19.769+0800: 2.369: [CMS: 101385K->130049K(131072K), 0.1644065 secs] 808234K->192670K(838912K), [Metaspace: 4201K->4201K(1056768K)], 0.1645395 secs] [Times: user=0.03 sys=0.01, real=0.16 secs] 
2024-07-28T13:56:19.934+0800: 2.533: Total time for which application threads were stopped: 0.1646885 seconds, Stopping threads took: 0.0000362 seconds
2024-07-28T13:56:19.934+0800: 2.534: Application time: 0.0002196 seconds
2024-07-28T13:56:19.934+0800: 2.534: [GC (CMS Initial Mark) [1 CMS-initial-mark: 130049K(131072K)] 206970K(838912K), 0.0008470 secs] [Times: user=0.00 sys=0.00, real=0.00 secs] 
2024-07-28T13:56:19.935+0800: 2.535: Total time for which application threads were stopped: 0.0009790 seconds, Stopping threads took: 0.0000865 seconds
2024-07-28T13:56:19.935+0800: 2.535: [CMS-concurrent-mark-start]
2024-07-28T13:56:19.936+0800: 2.536: [CMS-concurrent-mark: 0.001/0.001 secs] [Times: user=0.00 sys=0.00, real=0.00 secs] 
2024-07-28T13:56:19.936+0800: 2.536: [CMS-concurrent-preclean-start]
2024-07-28T13:56:19.936+0800: 2.536: [CMS-concurrent-preclean: 0.000/0.000 secs] [Times: user=0.00 sys=0.00, real=0.00 secs] 
2024-07-28T13:56:19.936+0800: 2.536: [CMS-concurrent-abortable-preclean-start]
2024-07-28T13:56:19.936+0800: 2.536: [CMS-concurrent-abortable-preclean: 0.000/0.000 secs] [Times: user=0.00 sys=0.00, real=0.00 secs] 
2024-07-28T13:56:19.937+0800: 2.536: Application time: 0.0014471 seconds
2024-07-28T13:56:19.937+0800: 2.536: [GC (CMS Final Remark) [YG occupancy: 89505 K (707840 K)]2024-07-28T13:56:19.937+0800: 2.536: [Rescan (parallel) , 0.0009425 secs]2024-07-28T13:56:19.938+0800: 2.537: [weak refs processing, 0.0000133 secs]2024-07-28T13:56:19.938+0800: 2.537: [class unloading, 0.0002691 secs]2024-07-28T13:56:19.938+0800: 2.537: [scrub symbol table, 0.0004521 secs]2024-07-28T13:56:19.938+0800: 2.538: [scrub string table, 0.0001280 secs][1 CMS-remark: 130049K(131072K)] 219555K(838912K), 0.0018930 secs] [Times: user=0.00 sys=0.00, real=0.00 secs] 
2024-07-28T13:56:19.938+0800: 2.538: Total time for which application threads were stopped: 0.0019425 seconds, Stopping threads took: 0.0000144 seconds
2024-07-28T13:56:19.939+0800: 2.538: [CMS-concurrent-sweep-start]
2024-07-28T13:56:19.939+0800: 2.538: [CMS-concurrent-sweep: 0.000/0.000 secs] [Times: user=0.00 sys=0.00, real=0.00 secs] 
2024-07-28T13:56:19.939+0800: 2.538: [CMS-concurrent-reset-start]
2024-07-28T13:56:19.939+0800: 2.538: [CMS-concurrent-reset: 0.000/0.000 secs] [Times: user=0.00 sys=0.00, real=0.00 secs] 
2024-07-28T13:56:20.604+0800: 3.204: Application time: 0.6655303 seconds
2024-07-28T13:56:20.604+0800: 3.204: [GC (Allocation Failure) 2024-07-28T13:56:20.604+0800: 3.204: [ParNew: 706110K->706110K(707840K), 0.0000218 secs]2024-07-28T13:56:20.604+0800: 3.204: [CMS: 130049K->130206K(131072K), 0.0596186 secs] 836160K->201887K(838912K), [Metaspace: 4206K->4206K(1056768K)], 0.0597634 secs] [Times: user=0.06 sys=0.00, real=0.06 secs] 
2024-07-28T13:56:20.664+0800: 3.263: Total time for which application threads were stopped: 0.0599484 seconds, Stopping threads took: 0.0000243 seconds
2024-07-28T13:56:20.664+0800: 3.264: Application time: 0.0001602 seconds
2024-07-28T13:56:20.665+0800: 3.264: [GC (CMS Initial Mark) [1 CMS-initial-mark: 130206K(131072K)] 216271K(838912K), 0.0002946 secs] [Times: user=0.00 sys=0.00, real=0.00 secs] 
2024-07-28T13:56:20.665+0800: 3.264: Total time for which application threads were stopped: 0.0005591 seconds, Stopping threads took: 0.0002157 seconds
2024-07-28T13:56:20.665+0800: 3.264: [CMS-concurrent-mark-start]
2024-07-28T13:56:20.721+0800: 3.320: [CMS-concurrent-mark: 0.056/0.056 secs] [Times: user=0.00 sys=0.00, real=0.06 secs] 
2024-07-28T13:56:20.721+0800: 3.320: [CMS-concurrent-preclean-start]
2024-07-28T13:56:20.721+0800: 3.321: [CMS-concurrent-preclean: 0.001/0.001 secs] [Times: user=0.00 sys=0.00, real=0.00 secs] 
2024-07-28T13:56:20.721+0800: 3.321: [CMS-concurrent-abortable-preclean-start]
2024-07-28T13:56:20.721+0800: 3.321: [CMS-concurrent-abortable-preclean: 0.000/0.000 secs] [Times: user=0.00 sys=0.00, real=0.00 secs] 
2024-07-28T13:56:20.721+0800: 3.321: Application time: 0.0565909 seconds
2024-07-28T13:56:20.722+0800: 3.321: [GC (CMS Final Remark) [YG occupancy: 86065 K (707840 K)]2024-07-28T13:56:20.722+0800: 3.321: [Rescan (parallel) , 0.0006223 secs]2024-07-28T13:56:20.722+0800: 3.322: [weak refs processing, 0.0000145 secs]2024-07-28T13:56:20.722+0800: 3.322: [class unloading, 0.0002977 secs]2024-07-28T13:56:20.723+0800: 3.322: [scrub symbol table, 0.0004681 secs]2024-07-28T13:56:20.723+0800: 3.322: [scrub string table, 0.0001396 secs][1 CMS-remark: 130206K(131072K)] 216271K(838912K), 0.0016330 secs] [Times: user=0.00 sys=0.00, real=0.00 secs] 
2024-07-28T13:56:20.723+0800: 3.323: Total time for which application threads were stopped: 0.0017044 seconds, Stopping threads took: 0.0000263 seconds
2024-07-28T13:56:20.723+0800: 3.323: [CMS-concurrent-sweep-start]
2024-07-28T13:56:20.724+0800: 3.323: [CMS-concurrent-sweep: 0.000/0.000 secs] [Times: user=0.02 sys=0.00, real=0.00 secs] 
2024-07-28T13:56:20.724+0800: 3.323: [CMS-concurrent-reset-start]
2024-07-28T13:56:20.724+0800: 3.323: [CMS-concurrent-reset: 0.000/0.000 secs] [Times: user=0.00 sys=0.00, real=0.00 secs] 
2024-07-28T13:56:21.437+0800: 4.036: Application time: 0.7134414 seconds
2024-07-28T13:56:21.437+0800: 4.036: [GC (Allocation Failure) 2024-07-28T13:56:21.437+0800: 4.036: [ParNew: 707073K->14336K(707840K), 0.0171727 secs] 708254K->15517K(838912K), 0.0172429 secs] [Times: user=0.03 sys=0.00, real=0.02 secs] 
2024-07-28T13:56:21.454+0800: 4.053: Total time for which application threads were stopped: 0.0173765 seconds, Stopping threads took: 0.0000205 seconds
2024-07-28T13:56:21.610+0800: 4.209: Application time: 0.1555542 seconds
2024-07-28T13:56:21.610+0800: 4.209: Total time for which application threads were stopped: 0.0000814 seconds, Stopping threads took: 0.0000425 seconds
2024-07-28T13:56:22.154+0800: 4.753: Application time: 0.5444696 seconds
2024-07-28T13:56:22.154+0800: 4.754: [GC (Allocation Failure) 2024-07-28T13:56:22.154+0800: 4.754: [ParNew: 707073K->77825K(707840K), 0.0142548 secs] 708254K->87200K(838912K), 0.0143267 secs] [Times: user=0.03 sys=0.00, real=0.01 secs] 
2024-07-28T13:56:22.168+0800: 4.768: Total time for which application threads were stopped: 0.0144409 seconds, Stopping threads took: 0.0000190 seconds
2024-07-28T13:56:22.834+0800: 5.433: Application time: 0.6654162 seconds
2024-07-28T13:56:22.834+0800: 5.433: [GC (Allocation Failure) 2024-07-28T13:56:22.834+0800: 5.433: [ParNew: 707073K->77825K(707840K), 0.0156016 secs] 716448K->100514K(838912K), 0.0156626 secs] [Times: user=0.03 sys=0.00, real=0.02 secs] 
2024-07-28T13:56:22.850+0800: 5.449: Total time for which application threads were stopped: 0.0157743 seconds, Stopping threads took: 0.0000203 seconds
2024-07-28T13:56:23.515+0800: 6.115: Application time: 0.6657621 seconds
2024-07-28T13:56:23.515+0800: 6.115: [GC (Allocation Failure) 2024-07-28T13:56:23.515+0800: 6.115: [ParNew: 707073K->77835K(707840K), 0.0150192 secs] 729762K->115886K(838912K), 0.0150830 secs] [Times: user=0.03 sys=0.00, real=0.01 secs] 
2024-07-28T13:56:23.530+0800: 6.130: Total time for which application threads were stopped: 0.0152187 seconds, Stopping threads took: 0.0000351 seconds
2024-07-28T13:56:24.199+0800: 6.798: Application time: 0.6677919 seconds
2024-07-28T13:56:24.199+0800: 6.798: [GC (Allocation Failure) 2024-07-28T13:56:24.199+0800: 6.798: [ParNew: 707083K->77825K(707840K), 0.0158656 secs] 745134K->138414K(838912K), 0.0159290 secs] [Times: user=0.03 sys=0.00, real=0.02 secs] 
2024-07-28T13:56:24.215+0800: 6.814: Total time for which application threads were stopped: 0.0160487 seconds, Stopping threads took: 0.0000223 seconds
2024-07-28T13:56:24.980+0800: 7.580: Application time: 0.7658258 seconds
2024-07-28T13:56:24.980+0800: 7.580: [GC (Allocation Failure) 2024-07-28T13:56:24.980+0800: 7.580: [ParNew: 707073K->77835K(707840K), 0.0272855 secs] 767662K->170168K(838912K), 0.0274793 secs] [Times: user=0.06 sys=0.00, real=0.03 secs] 
2024-07-28T13:56:25.008+0800: 7.608: Total time for which application threads were stopped: 0.0278212 seconds, Stopping threads took: 0.0001142 seconds
2024-07-28T13:56:25.008+0800: 7.608: Application time: 0.0003653 seconds
2024-07-28T13:56:25.008+0800: 7.608: [GC (CMS Initial Mark) [1 CMS-initial-mark: 92333K(131072K)] 184629K(838912K), 0.0005741 secs] [Times: user=0.00 sys=0.00, real=0.00 secs] 
2024-07-28T13:56:25.009+0800: 7.609: Total time for which application threads were stopped: 0.0009005 seconds, Stopping threads took: 0.0002522 seconds
2024-07-28T13:56:25.009+0800: 7.609: [CMS-concurrent-mark-start]
2024-07-28T13:56:25.015+0800: 7.615: [CMS-concurrent-mark: 0.006/0.006 secs] [Times: user=0.00 sys=0.00, real=0.01 secs] 
2024-07-28T13:56:25.015+0800: 7.615: [CMS-concurrent-preclean-start]
2024-07-28T13:56:25.016+0800: 7.616: [CMS-concurrent-preclean: 0.001/0.001 secs] [Times: user=0.00 sys=0.00, real=0.00 secs] 
2024-07-28T13:56:25.016+0800: 7.616: [CMS-concurrent-abortable-preclean-start]
2024-07-28T13:56:25.016+0800: 7.616: [CMS-concurrent-abortable-preclean: 0.000/0.000 secs] [Times: user=0.00 sys=0.00, real=0.00 secs] 
2024-07-28T13:56:25.016+0800: 7.616: Application time: 0.0072523 seconds
2024-07-28T13:56:25.017+0800: 7.616: [GC (CMS Final Remark) [YG occupancy: 159482 K (707840 K)]2024-07-28T13:56:25.017+0800: 7.616: [Rescan (parallel) , 0.0006091 secs]2024-07-28T13:56:25.017+0800: 7.617: [weak refs processing, 0.0000277 secs]2024-07-28T13:56:25.017+0800: 7.617: [class unloading, 0.0012047 secs]2024-07-28T13:56:25.018+0800: 7.618: [scrub symbol table, 0.0006346 secs]2024-07-28T13:56:25.019+0800: 7.619: [scrub string table, 0.0001493 secs][1 CMS-remark: 92333K(131072K)] 251815K(838912K), 0.0027809 secs] [Times: user=0.00 sys=0.00, real=0.00 secs] 
2024-07-28T13:56:25.019+0800: 7.619: Total time for which application threads were stopped: 0.0029958 seconds, Stopping threads took: 0.0001605 seconds
2024-07-28T13:56:25.020+0800: 7.619: [CMS-concurrent-sweep-start]
2024-07-28T13:56:25.021+0800: 7.621: [CMS-concurrent-sweep: 0.001/0.001 secs] [Times: user=0.00 sys=0.00, real=0.00 secs] 
2024-07-28T13:56:25.021+0800: 7.621: [CMS-concurrent-reset-start]
2024-07-28T13:56:25.021+0800: 7.621: [CMS-concurrent-reset: 0.000/0.000 secs] [Times: user=0.00 sys=0.00, real=0.00 secs] 
2024-07-28T13:56:25.681+0800: 8.280: Application time: 0.6612058 seconds
2024-07-28T13:56:25.681+0800: 8.280: [GC (Allocation Failure) 2024-07-28T13:56:25.681+0800: 8.280: [ParNew: 707083K->77825K(707840K), 0.0337984 secs] 740023K->150704K(838912K), 0.0339301 secs] [Times: user=0.06 sys=0.00, real=0.03 secs] 
2024-07-28T13:56:25.715+0800: 8.314: Total time for which application threads were stopped: 0.0340902 seconds, Stopping threads took: 0.0000320 seconds
2024-07-28T13:56:25.716+0800: 8.315: Application time: 0.0002190 seconds
2024-07-28T13:56:25.716+0800: 8.315: [GC (CMS Initial Mark) [1 CMS-initial-mark: 72879K(131072K)] 165186K(838912K), 0.0005437 secs] [Times: user=0.00 sys=0.00, real=0.00 secs] 
2024-07-28T13:56:25.716+0800: 8.316: Total time for which application threads were stopped: 0.0009207 seconds, Stopping threads took: 0.0002848 seconds
2024-07-28T13:56:25.717+0800: 8.316: [CMS-concurrent-mark-start]
2024-07-28T13:56:25.720+0800: 8.320: [CMS-concurrent-mark: 0.004/0.004 secs] [Times: user=0.00 sys=0.00, real=0.00 secs] 
2024-07-28T13:56:25.721+0800: 8.320: [CMS-concurrent-preclean-start]
2024-07-28T13:56:25.721+0800: 8.320: [CMS-concurrent-preclean: 0.001/0.001 secs] [Times: user=0.00 sys=0.00, real=0.00 secs] 
2024-07-28T13:56:25.721+0800: 8.320: [CMS-concurrent-abortable-preclean-start]
2024-07-28T13:56:26.278+0800: 8.877: [CMS-concurrent-abortable-preclean: 0.004/0.557 secs] [Times: user=0.05 sys=0.01, real=0.56 secs] 
2024-07-28T13:56:26.278+0800: 8.877: Application time: 0.5617213 seconds
2024-07-28T13:56:26.278+0800: 8.877: [GC (CMS Final Remark) [YG occupancy: 590256 K (707840 K)]2024-07-28T13:56:26.278+0800: 8.877: [Rescan (parallel) , 0.0005492 secs]2024-07-28T13:56:26.279+0800: 8.878: [weak refs processing, 0.0000244 secs]2024-07-28T13:56:26.279+0800: 8.878: [class unloading, 0.0004156 secs]2024-07-28T13:56:26.279+0800: 8.878: [scrub symbol table, 0.0004891 secs]2024-07-28T13:56:26.279+0800: 8.879: [scrub string table, 0.0001672 secs][1 CMS-remark: 72879K(131072K)] 663136K(838912K), 0.0017507 secs] [Times: user=0.00 sys=0.00, real=0.00 secs] 
2024-07-28T13:56:26.280+0800: 8.879: Total time for which application threads were stopped: 0.0019638 seconds, Stopping threads took: 0.0000338 seconds
2024-07-28T13:56:26.280+0800: 8.879: [CMS-concurrent-sweep-start]
2024-07-28T13:56:26.280+0800: 8.880: [CMS-concurrent-sweep: 0.001/0.001 secs] [Times: user=0.00 sys=0.00, real=0.00 secs] 
2024-07-28T13:56:26.280+0800: 8.880: [CMS-concurrent-reset-start]
2024-07-28T13:56:26.281+0800: 8.880: [CMS-concurrent-reset: 0.000/0.000 secs] [Times: user=0.00 sys=0.00, real=0.00 secs] 
2024-07-28T13:56:26.407+0800: 9.006: Application time: 0.1267272 seconds
2024-07-28T13:56:26.407+0800: 9.006: [GC (Allocation Failure) 2024-07-28T13:56:26.407+0800: 9.006: [ParNew: 707073K->77825K(707840K), 0.0305220 secs] 748208K->166064K(838912K), 0.0306313 secs] [Times: user=0.06 sys=0.00, real=0.03 secs] 
2024-07-28T13:56:26.437+0800: 9.037: Total time for which application threads were stopped: 0.0307671 seconds, Stopping threads took: 0.0000269 seconds
2024-07-28T13:56:26.438+0800: 9.037: Application time: 0.0002871 seconds
2024-07-28T13:56:26.438+0800: 9.037: [GC (CMS Initial Mark) [1 CMS-initial-mark: 88239K(131072K)] 180553K(838912K), 0.0008710 secs] [Times: user=0.00 sys=0.00, real=0.00 secs] 
2024-07-28T13:56:26.439+0800: 9.038: Total time for which application threads were stopped: 0.0012878 seconds, Stopping threads took: 0.0002974 seconds
2024-07-28T13:56:26.439+0800: 9.038: [CMS-concurrent-mark-start]
2024-07-28T13:56:26.442+0800: 9.042: [CMS-concurrent-mark: 0.003/0.003 secs] [Times: user=0.05 sys=0.00, real=0.00 secs] 
2024-07-28T13:56:26.443+0800: 9.042: [CMS-concurrent-preclean-start]
2024-07-28T13:56:26.443+0800: 9.043: [CMS-concurrent-preclean: 0.001/0.001 secs] [Times: user=0.00 sys=0.00, real=0.00 secs] 
2024-07-28T13:56:26.443+0800: 9.043: [CMS-concurrent-abortable-preclean-start]
2024-07-28T13:56:26.443+0800: 9.043: [CMS-concurrent-abortable-preclean: 0.000/0.000 secs] [Times: user=0.00 sys=0.00, real=0.00 secs] 
2024-07-28T13:56:26.444+0800: 9.043: Application time: 0.0046676 seconds
2024-07-28T13:56:26.444+0800: 9.043: [GC (CMS Final Remark) [YG occupancy: 146171 K (707840 K)]2024-07-28T13:56:26.444+0800: 9.043: [Rescan (parallel) , 0.0007525 secs]2024-07-28T13:56:26.445+0800: 9.044: [weak refs processing, 0.0000241 secs]2024-07-28T13:56:26.445+0800: 9.044: [class unloading, 0.0003839 secs]2024-07-28T13:56:26.445+0800: 9.044: [scrub symbol table, 0.0004632 secs]2024-07-28T13:56:26.445+0800: 9.045: [scrub string table, 0.0001426 secs][1 CMS-remark: 88239K(131072K)] 234411K(838912K), 0.0018560 secs] [Times: user=0.00 sys=0.00, real=0.00 secs] 
2024-07-28T13:56:26.446+0800: 9.045: Total time for which application threads were stopped: 0.0021087 seconds, Stopping threads took: 0.0002021 seconds
2024-07-28T13:56:26.446+0800: 9.045: [CMS-concurrent-sweep-start]
2024-07-28T13:56:26.448+0800: 9.048: [CMS-concurrent-sweep: 0.002/0.002 secs] [Times: user=0.00 sys=0.00, real=0.00 secs] 
2024-07-28T13:56:26.448+0800: 9.048: [CMS-concurrent-reset-start]
2024-07-28T13:56:26.448+0800: 9.048: [CMS-concurrent-reset: 0.000/0.000 secs] [Times: user=0.00 sys=0.00, real=0.00 secs] 
2024-07-28T13:56:27.134+0800: 9.734: Application time: 0.6888496 seconds
2024-07-28T13:56:27.134+0800: 9.734: [GC (Allocation Failure) 2024-07-28T13:56:27.134+0800: 9.734: [ParNew: 707073K->77825K(707840K), 0.0371414 secs] 755376K->180401K(838912K), 0.0372058 secs] [Times: user=0.06 sys=0.00, real=0.04 secs] 
2024-07-28T13:56:27.172+0800: 9.771: Total time for which application threads were stopped: 0.0373630 seconds, Stopping threads took: 0.0000267 seconds
2024-07-28T13:56:27.172+0800: 9.772: Application time: 0.0003313 seconds
2024-07-28T13:56:27.172+0800: 9.772: [GC (CMS Initial Mark) [1 CMS-initial-mark: 102575K(131072K)] 194886K(838912K), 0.0006441 secs] [Times: user=0.00 sys=0.00, real=0.00 secs] 
2024-07-28T13:56:27.173+0800: 9.773: Total time for which application threads were stopped: 0.0008942 seconds, Stopping threads took: 0.0001298 seconds
2024-07-28T13:56:27.173+0800: 9.773: [CMS-concurrent-mark-start]
2024-07-28T13:56:27.178+0800: 9.777: [CMS-concurrent-mark: 0.004/0.004 secs] [Times: user=0.05 sys=0.00, real=0.00 secs] 
2024-07-28T13:56:27.178+0800: 9.777: [CMS-concurrent-preclean-start]
2024-07-28T13:56:27.178+0800: 9.778: [CMS-concurrent-preclean: 0.001/0.001 secs] [Times: user=0.00 sys=0.00, real=0.00 secs] 
2024-07-28T13:56:27.178+0800: 9.778: [CMS-concurrent-abortable-preclean-start]
2024-07-28T13:56:27.178+0800: 9.778: [CMS-concurrent-abortable-preclean: 0.000/0.000 secs] [Times: user=0.00 sys=0.00, real=0.00 secs] 
2024-07-28T13:56:27.179+0800: 9.778: Application time: 0.0058346 seconds
2024-07-28T13:56:27.179+0800: 9.779: [GC (CMS Final Remark) [YG occupancy: 146156 K (707840 K)]2024-07-28T13:56:27.179+0800: 9.779: [Rescan (parallel) , 0.0007503 secs]2024-07-28T13:56:27.180+0800: 9.779: [weak refs processing, 0.0000159 secs]2024-07-28T13:56:27.180+0800: 9.779: [class unloading, 0.0008259 secs]2024-07-28T13:56:27.181+0800: 9.780: [scrub symbol table, 0.0017612 secs]2024-07-28T13:56:27.182+0800: 9.782: [scrub string table, 0.0001460 secs][1 CMS-remark: 102575K(131072K)] 248732K(838912K), 0.0037689 secs] [Times: user=0.00 sys=0.00, real=0.00 secs] 
2024-07-28T13:56:27.183+0800: 9.782: Total time for which application threads were stopped: 0.0039087 seconds, Stopping threads took: 0.0000864 seconds
2024-07-28T13:56:27.183+0800: 9.783: [CMS-concurrent-sweep-start]
2024-07-28T13:56:27.184+0800: 9.784: [CMS-concurrent-sweep: 0.001/0.001 secs] [Times: user=0.00 sys=0.00, real=0.00 secs] 
2024-07-28T13:56:27.184+0800: 9.784: [CMS-concurrent-reset-start]
2024-07-28T13:56:27.184+0800: 9.784: [CMS-concurrent-reset: 0.000/0.000 secs] [Times: user=0.00 sys=0.00, real=0.00 secs] 
2024-07-28T13:56:27.846+0800: 10.445: Application time: 0.6624673 seconds
2024-07-28T13:56:27.846+0800: 10.445: [GC (Allocation Failure) 2024-07-28T13:56:27.846+0800: 10.445: [ParNew: 707073K->77825K(707840K), 0.0374647 secs] 762544K->194737K(838912K), 0.0375391 secs] [Times: user=0.09 sys=0.00, real=0.04 secs] 
2024-07-28T13:56:27.883+0800: 10.482: Total time for which application threads were stopped: 0.0376513 seconds, Stopping threads took: 0.0000204 seconds
2024-07-28T13:56:27.883+0800: 10.483: Application time: 0.0001477 seconds
2024-07-28T13:56:27.883+0800: 10.483: [GC (CMS Initial Mark) [1 CMS-initial-mark: 116912K(131072K)] 209220K(838912K), 0.0005839 secs] [Times: user=0.00 sys=0.00, real=0.00 secs] 
2024-07-28T13:56:27.884+0800: 10.483: Total time for which application threads were stopped: 0.0008083 seconds, Stopping threads took: 0.0001760 seconds
2024-07-28T13:56:27.884+0800: 10.484: [CMS-concurrent-mark-start]
2024-07-28T13:56:27.887+0800: 10.487: [CMS-concurrent-mark: 0.003/0.003 secs] [Times: user=0.00 sys=0.00, real=0.00 secs] 
2024-07-28T13:56:27.888+0800: 10.487: [CMS-concurrent-preclean-start]
2024-07-28T13:56:27.889+0800: 10.488: [CMS-concurrent-preclean: 0.001/0.001 secs] [Times: user=0.00 sys=0.00, real=0.00 secs] 
2024-07-28T13:56:27.889+0800: 10.488: [CMS-concurrent-abortable-preclean-start]
2024-07-28T13:56:27.889+0800: 10.489: [CMS-concurrent-abortable-preclean: 0.000/0.000 secs] [Times: user=0.00 sys=0.00, real=0.00 secs] 
2024-07-28T13:56:27.889+0800: 10.489: Application time: 0.0053606 seconds
2024-07-28T13:56:27.889+0800: 10.489: [GC (CMS Final Remark) [YG occupancy: 132687 K (707840 K)]2024-07-28T13:56:27.889+0800: 10.489: [Rescan (parallel) , 0.0007331 secs]2024-07-28T13:56:27.890+0800: 10.490: [weak refs processing, 0.0000141 secs]2024-07-28T13:56:27.890+0800: 10.490: [class unloading, 0.0003866 secs]2024-07-28T13:56:27.890+0800: 10.490: [scrub symbol table, 0.0007326 secs]2024-07-28T13:56:27.891+0800: 10.491: [scrub string table, 0.0001939 secs][1 CMS-remark: 116912K(131072K)] 249599K(838912K), 0.0021504 secs] [Times: user=0.00 sys=0.00, real=0.00 secs] 
2024-07-28T13:56:27.891+0800: 10.491: Total time for which application threads were stopped: 0.0023036 seconds, Stopping threads took: 0.0000913 seconds
2024-07-28T13:56:27.892+0800: 10.491: [CMS-concurrent-sweep-start]
2024-07-28T13:56:27.893+0800: 10.493: [CMS-concurrent-sweep: 0.002/0.002 secs] [Times: user=0.00 sys=0.00, real=0.00 secs] 
2024-07-28T13:56:27.893+0800: 10.493: [CMS-concurrent-reset-start]
2024-07-28T13:56:27.893+0800: 10.493: [CMS-concurrent-reset: 0.000/0.000 secs] [Times: user=0.00 sys=0.00, real=0.00 secs] 
2024-07-28T13:56:28.560+0800: 11.159: Application time: 0.6681878 seconds
2024-07-28T13:56:28.560+0800: 11.159: [GC (Allocation Failure) 2024-07-28T13:56:28.560+0800: 11.159: [ParNew: 707073K->707073K(707840K), 0.0000192 secs]2024-07-28T13:56:28.560+0800: 11.159: [CMS: 62639K->130207K(131072K), 0.0408538 secs] 769712K->147616K(838912K), [Metaspace: 4239K->4239K(1056768K)], 0.0409691 secs] [Times: user=0.05 sys=0.00, real=0.04 secs] 
2024-07-28T13:56:28.601+0800: 11.200: Total time for which application threads were stopped: 0.0411169 seconds, Stopping threads took: 0.0000302 seconds
2024-07-28T13:56:28.601+0800: 11.201: Application time: 0.0001585 seconds
2024-07-28T13:56:28.602+0800: 11.201: [GC (CMS Initial Mark) [1 CMS-initial-mark: 130207K(131072K)] 162098K(838912K), 0.0003748 secs] [Times: user=0.00 sys=0.00, real=0.00 secs] 
2024-07-28T13:56:28.602+0800: 11.201: Total time for which application threads were stopped: 0.0005566 seconds, Stopping threads took: 0.0001300 seconds
2024-07-28T13:56:28.602+0800: 11.201: [CMS-concurrent-mark-start]
2024-07-28T13:56:28.606+0800: 11.205: [CMS-concurrent-mark: 0.004/0.004 secs] [Times: user=0.00 sys=0.00, real=0.00 secs] 
2024-07-28T13:56:28.606+0800: 11.205: [CMS-concurrent-preclean-start]
2024-07-28T13:56:28.608+0800: 11.207: [CMS-concurrent-preclean: 0.002/0.002 secs] [Times: user=0.00 sys=0.00, real=0.00 secs] 
2024-07-28T13:56:28.608+0800: 11.207: [CMS-concurrent-abortable-preclean-start]
2024-07-28T13:56:28.608+0800: 11.207: [CMS-concurrent-abortable-preclean: 0.000/0.000 secs] [Times: user=0.00 sys=0.00, real=0.00 secs] 
2024-07-28T13:56:28.608+0800: 11.207: Application time: 0.0059646 seconds
2024-07-28T13:56:28.608+0800: 11.207: [GC (CMS Final Remark) [YG occupancy: 85723 K (707840 K)]2024-07-28T13:56:28.608+0800: 11.207: [Rescan (parallel) , 0.0005904 secs]2024-07-28T13:56:28.609+0800: 11.208: [weak refs processing, 0.0000166 secs]2024-07-28T13:56:28.609+0800: 11.208: [class unloading, 0.0005583 secs]2024-07-28T13:56:28.609+0800: 11.208: [scrub symbol table, 0.0005197 secs]2024-07-28T13:56:28.610+0800: 11.209: [scrub string table, 0.0001335 secs][1 CMS-remark: 130207K(131072K)] 215931K(838912K), 0.0019083 secs] [Times: user=0.00 sys=0.00, real=0.00 secs] 
2024-07-28T13:56:28.610+0800: 11.209: Total time for which application threads were stopped: 0.0019832 seconds, Stopping threads took: 0.0000184 seconds
2024-07-28T13:56:28.610+0800: 11.209: [CMS-concurrent-sweep-start]
2024-07-28T13:56:28.611+0800: 11.210: [CMS-concurrent-sweep: 0.001/0.001 secs] [Times: user=0.00 sys=0.00, real=0.00 secs] 
2024-07-28T13:56:28.611+0800: 11.210: [CMS-concurrent-reset-start]
2024-07-28T13:56:28.611+0800: 11.210: [CMS-concurrent-reset: 0.000/0.000 secs] [Times: user=0.00 sys=0.00, real=0.00 secs] 
2024-07-28T13:56:29.392+0800: 11.992: Application time: 0.7826500 seconds
2024-07-28T13:56:29.392+0800: 11.992: [GC (Allocation Failure) 2024-07-28T13:56:29.392+0800: 11.992: [ParNew: 707076K->707076K(707840K), 0.0000191 secs]2024-07-28T13:56:29.392+0800: 11.992: [CMS: 130207K->11422K(131072K), 0.0047247 secs] 837284K->11422K(838912K), [Metaspace: 4239K->4239K(1056768K)], 0.0048144 secs] [Times: user=0.02 sys=0.00, real=0.01 secs] 
2024-07-28T13:56:29.397+0800: 11.997: Total time for which application threads were stopped: 0.0049391 seconds, Stopping threads took: 0.0000201 seconds
2024-07-28T13:56:30.088+0800: 12.687: Application time: 0.6907645 seconds
2024-07-28T13:56:30.088+0800: 12.687: [GC (Allocation Failure) 2024-07-28T13:56:30.088+0800: 12.688: [ParNew: 629113K->23562K(707840K), 0.0043546 secs] 640535K->34984K(838912K), 0.0044212 secs] [Times: user=0.00 sys=0.00, real=0.00 secs] 
2024-07-28T13:56:30.092+0800: 12.692: Total time for which application threads were stopped: 0.0045453 seconds, Stopping threads took: 0.0000185 seconds
Heap
 par new generation   total 707840K, used 225367K [0x00000000c8000000, 0x00000000f8000000, 0x00000000f8000000)
  eden space 629248K,  32% used [0x00000000c8000000, 0x00000000d45132a8, 0x00000000ee680000)
  from space 78592K,  29% used [0x00000000ee680000, 0x00000000efd829c0, 0x00000000f3340000)
  to   space 78592K,   0% used [0x00000000f3340000, 0x00000000f3340000, 0x00000000f8000000)
 concurrent mark-sweep generation total 131072K, used 11422K [0x00000000f8000000, 0x0000000100000000, 0x0000000100000000)
 Metaspace       used 4248K, capacity 4668K, committed 4864K, reserved 1056768K
  class space    used 460K, capacity 492K, committed 512K, reserved 1048576K
2024-07-28T13:56:30.326+0800: 12.925: Application time: 0.2334303 seconds
