OpenJDK 64-Bit Server VM (25.412-b1) for windows-amd64 JRE (1.8.0_412-b1), built on Apr 23 2024 12:00:37 by "Administrator" with MS VC++ 10.0 (VS2010)
Memory: 4k page, physical 16672068k(4451604k free), swap 19811428k(4498212k free)
CommandLine flags: -XX:+CMSParallelRemarkEnabled -XX:GCDrainStackTargetSize=64 -XX:InitialHeapSize=810758960 -XX:InitialTenuringThreshold=4 -XX:MaxHeapSize=939524096 -XX:MaxNewSize=805306368 -XX:MaxTenuringThreshold=4 -XX:NewSize=805306368 -XX:OldPLABSize=16 -XX:+PrintGC -XX:+PrintGCApplicationConcurrentTime -XX:+PrintGCApplicationStoppedTime -XX:+PrintGCDateStamps -XX:+PrintGCDetails -XX:+PrintGCTimeStamps -XX:+UseCompressedClassPointers -XX:+UseCompressedOops -XX:+UseConcMarkSweepGC -XX:-UseLargePagesIndividualAllocation -XX:+UseParNewGC 
2024-07-29T19:13:27.738+0800: 1.025: Application time: 0.9500750 seconds
2024-07-29T19:13:27.738+0800: 1.025: Total time for which application threads were stopped: 0.0006000 seconds, Stopping threads took: 0.0005438 seconds
2024-07-29T19:13:27.743+0800: 1.030: Application time: 0.0051511 seconds
2024-07-29T19:13:27.743+0800: 1.030: [GC (Allocation Failure) 2024-07-29T19:13:27.743+0800: 1.031: [ParNew: 629042K->14037K(707840K), 0.0082172 secs] 629042K->14037K(713984K), 0.0084075 secs] [Times: user=0.00 sys=0.00, real=0.01 secs] 
2024-07-29T19:13:27.751+0800: 1.039: Total time for which application threads were stopped: 0.0085129 seconds, Stopping threads took: 0.0000135 seconds
2024-07-29T19:13:28.426+0800: 1.713: Application time: 0.6743807 seconds
2024-07-29T19:13:28.426+0800: 1.713: [GC (Allocation Failure) 2024-07-29T19:13:28.426+0800: 1.713: [ParNew: 643285K->8145K(707840K), 0.0046398 secs] 643285K->8145K(713984K), 0.0047018 secs] [Times: user=0.00 sys=0.00, real=0.00 secs] 
2024-07-29T19:13:28.430+0800: 1.718: Total time for which application threads were stopped: 0.0048175 seconds, Stopping threads took: 0.0000194 seconds
2024-07-29T19:13:29.121+0800: 2.408: Application time: 0.6899605 seconds
2024-07-29T19:13:29.121+0800: 2.408: [GC (Allocation Failure) 2024-07-29T19:13:29.121+0800: 2.408: [ParNew: 637393K->12196K(707840K), 0.0027591 secs] 637393K->12196K(713984K), 0.0028129 secs] [Times: user=0.00 sys=0.00, real=0.00 secs] 
2024-07-29T19:13:29.124+0800: 2.411: Total time for which application threads were stopped: 0.0029496 seconds, Stopping threads took: 0.0000183 seconds
2024-07-29T19:13:29.799+0800: 3.086: Application time: 0.6749443 seconds
2024-07-29T19:13:29.799+0800: 3.086: [GC (Allocation Failure) 2024-07-29T19:13:29.799+0800: 3.086: [ParNew: 641444K->15424K(707840K), 0.0057300 secs] 641444K->15424K(713984K), 0.0057884 secs] [Times: user=0.03 sys=0.00, real=0.01 secs] 
2024-07-29T19:13:29.805+0800: 3.092: Total time for which application threads were stopped: 0.0059146 seconds, Stopping threads took: 0.0000195 seconds
2024-07-29T19:13:30.478+0800: 3.765: Application time: 0.6729527 seconds
2024-07-29T19:13:30.478+0800: 3.765: [GC (Allocation Failure) 2024-07-29T19:13:30.478+0800: 3.765: [ParNew: 644672K->24697K(707840K), 0.0098401 secs] 644672K->25354K(713984K), 0.0099199 secs] [Times: user=0.00 sys=0.00, real=0.01 secs] 
2024-07-29T19:13:30.488+0800: 3.775: Total time for which application threads were stopped: 0.0100347 seconds, Stopping threads took: 0.0000199 seconds
2024-07-29T19:13:30.823+0800: 4.110: Application time: 0.3350822 seconds
2024-07-29T19:13:30.823+0800: 4.110: Total time for which application threads were stopped: 0.0001961 seconds, Stopping threads took: 0.0001581 seconds
2024-07-29T19:13:31.157+0800: 4.445: Application time: 0.3347190 seconds
2024-07-29T19:13:31.157+0800: 4.445: [GC (Allocation Failure) 2024-07-29T19:13:31.157+0800: 4.445: [ParNew: 653945K->34877K(707840K), 0.0128166 secs] 654602K->35534K(713984K), 0.0128762 secs] [Times: user=0.02 sys=0.01, real=0.01 secs] 
2024-07-29T19:13:31.170+0800: 4.458: Total time for which application threads were stopped: 0.0129883 seconds, Stopping threads took: 0.0000195 seconds
2024-07-29T19:13:31.837+0800: 5.124: Application time: 0.6662135 seconds
2024-07-29T19:13:31.837+0800: 5.124: [GC (Allocation Failure) 2024-07-29T19:13:31.837+0800: 5.124: [ParNew: 664125K->40970K(707840K), 0.0126146 secs] 664782K->41628K(713984K), 0.0127274 secs] [Times: user=0.02 sys=0.02, real=0.01 secs] 
2024-07-29T19:13:31.850+0800: 5.137: Total time for which application threads were stopped: 0.0128605 seconds, Stopping threads took: 0.0000176 seconds
2024-07-29T19:13:32.514+0800: 5.801: Application time: 0.6639722 seconds
2024-07-29T19:13:32.514+0800: 5.801: [GC (Allocation Failure) 2024-07-29T19:13:32.514+0800: 5.801: [ParNew: 670218K->48128K(707840K), 0.0124189 secs] 670876K->48786K(713984K), 0.0124842 secs] [Times: user=0.03 sys=0.00, real=0.01 secs] 
2024-07-29T19:13:32.526+0800: 5.814: Total time for which application threads were stopped: 0.0126001 seconds, Stopping threads took: 0.0000197 seconds
2024-07-29T19:13:33.192+0800: 6.478: Application time: 0.6648799 seconds
2024-07-29T19:13:33.192+0800: 6.478: [GC (Allocation Failure) 2024-07-29T19:13:33.192+0800: 6.478: [ParNew: 677376K->56330K(707840K), 0.0141799 secs] 678034K->56989K(713984K), 0.0142519 secs] [Times: user=0.03 sys=0.00, real=0.01 secs] 
2024-07-29T19:13:33.205+0800: 6.493: Total time for which application threads were stopped: 0.0143603 seconds, Stopping threads took: 0.0000194 seconds
2024-07-29T19:13:33.868+0800: 7.156: Application time: 0.6633627 seconds
2024-07-29T19:13:33.869+0800: 7.156: [GC (Allocation Failure) 2024-07-29T19:13:33.869+0800: 7.156: [ParNew: 684555K->67585K(707840K), 0.0192559 secs] 685213K->68243K(713984K), 0.0193245 secs] [Times: user=0.03 sys=0.00, real=0.02 secs] 
2024-07-29T19:13:33.888+0800: 7.176: Total time for which application threads were stopped: 0.0194340 seconds, Stopping threads took: 0.0000192 seconds
2024-07-29T19:13:34.574+0800: 7.861: Application time: 0.6858424 seconds
2024-07-29T19:13:34.574+0800: 7.861: [GC (Allocation Failure) 2024-07-29T19:13:34.574+0800: 7.862: [ParNew: 696833K->76801K(707840K), 0.0211800 secs] 697491K->77459K(713984K), 0.0212419 secs] [Times: user=0.03 sys=0.00, real=0.02 secs] 
2024-07-29T19:13:34.595+0800: 7.883: Total time for which application threads were stopped: 0.0213722 seconds, Stopping threads took: 0.0000193 seconds
2024-07-29T19:13:35.271+0800: 8.558: Application time: 0.6754691 seconds
2024-07-29T19:13:35.271+0800: 8.558: [GC (Allocation Failure) 2024-07-29T19:13:35.271+0800: 8.558: [ParNew: 706049K->77825K(707840K), 0.0183709 secs] 706707K->83603K(715012K), 0.0184313 secs] [Times: user=0.02 sys=0.02, real=0.02 secs] 
2024-07-29T19:13:35.290+0800: 8.577: Total time for which application threads were stopped: 0.0185560 seconds, Stopping threads took: 0.0000194 seconds
2024-07-29T19:13:35.290+0800: 8.577: Application time: 0.0002267 seconds
2024-07-29T19:13:35.290+0800: 8.577: [GC (CMS Initial Mark) [1 CMS-initial-mark: 5778K(7172K)] 98051K(715012K), 0.0006640 secs] [Times: user=0.00 sys=0.00, real=0.00 secs] 
2024-07-29T19:13:35.291+0800: 8.578: Total time for which application threads were stopped: 0.0008603 seconds, Stopping threads took: 0.0001533 seconds
2024-07-29T19:13:35.291+0800: 8.578: [CMS-concurrent-mark-start]
2024-07-29T19:13:35.292+0800: 8.579: [CMS-concurrent-mark: 0.001/0.001 secs] [Times: user=0.00 sys=0.00, real=0.00 secs] 
2024-07-29T19:13:35.292+0800: 8.579: [CMS-concurrent-preclean-start]
2024-07-29T19:13:35.292+0800: 8.579: [CMS-concurrent-preclean: 0.000/0.000 secs] [Times: user=0.00 sys=0.00, real=0.00 secs] 
2024-07-29T19:13:35.292+0800: 8.579: [CMS-concurrent-abortable-preclean-start]
2024-07-29T19:13:35.848+0800: 9.135: [CMS-concurrent-abortable-preclean: 0.001/0.556 secs] [Times: user=0.06 sys=0.00, real=0.56 secs] 
2024-07-29T19:13:35.848+0800: 9.135: Application time: 0.5573861 seconds
2024-07-29T19:13:35.848+0800: 9.135: [GC (CMS Final Remark) [YG occupancy: 521826 K (707840 K)]2024-07-29T19:13:35.848+0800: 9.135: [Rescan (parallel) , 0.0009055 secs]2024-07-29T19:13:35.849+0800: 9.136: [weak refs processing, 0.0000146 secs]2024-07-29T19:13:35.849+0800: 9.136: [class unloading, 0.0002350 secs]2024-07-29T19:13:35.849+0800: 9.137: [scrub symbol table, 0.0003224 secs]2024-07-29T19:13:35.850+0800: 9.137: [scrub string table, 0.0000909 secs][1 CMS-remark: 5778K(7172K)] 527604K(715012K), 0.0016704 secs] [Times: user=0.00 sys=0.00, real=0.00 secs] 
2024-07-29T19:13:35.850+0800: 9.137: Total time for which application threads were stopped: 0.0018384 seconds, Stopping threads took: 0.0001157 seconds
2024-07-29T19:13:35.850+0800: 9.137: [CMS-concurrent-sweep-start]
2024-07-29T19:13:35.852+0800: 9.139: [CMS-concurrent-sweep: 0.001/0.001 secs] [Times: user=0.00 sys=0.00, real=0.00 secs] 
2024-07-29T19:13:35.852+0800: 9.139: [CMS-concurrent-reset-start]
2024-07-29T19:13:35.853+0800: 9.140: [CMS-concurrent-reset: 0.001/0.001 secs] [Times: user=0.00 sys=0.00, real=0.00 secs] 
2024-07-29T19:13:35.979+0800: 9.267: Application time: 0.1295125 seconds
2024-07-29T19:13:35.979+0800: 9.267: [GC (Allocation Failure) 2024-07-29T19:13:35.979+0800: 9.267: [ParNew: 707073K->77825K(707840K), 0.0204191 secs] 712850K->97939K(728780K), 0.0204745 secs] [Times: user=0.03 sys=0.00, real=0.02 secs] 
2024-07-29T19:13:36.000+0800: 9.287: Total time for which application threads were stopped: 0.0205832 seconds, Stopping threads took: 0.0000182 seconds
2024-07-29T19:13:36.000+0800: 9.287: Application time: 0.0002394 seconds
2024-07-29T19:13:36.000+0800: 9.288: [GC (CMS Initial Mark) [1 CMS-initial-mark: 20113K(20940K)] 112390K(728780K), 0.0007127 secs] [Times: user=0.00 sys=0.00, real=0.00 secs] 
2024-07-29T19:13:36.001+0800: 9.288: Total time for which application threads were stopped: 0.0008312 seconds, Stopping threads took: 0.0000766 seconds
2024-07-29T19:13:36.001+0800: 9.288: [CMS-concurrent-mark-start]
2024-07-29T19:13:36.002+0800: 9.289: [CMS-concurrent-mark: 0.001/0.001 secs] [Times: user=0.00 sys=0.00, real=0.00 secs] 
2024-07-29T19:13:36.002+0800: 9.289: [CMS-concurrent-preclean-start]
2024-07-29T19:13:36.002+0800: 9.289: [CMS-concurrent-preclean: 0.000/0.000 secs] [Times: user=0.00 sys=0.00, real=0.00 secs] 
2024-07-29T19:13:36.002+0800: 9.289: [CMS-concurrent-abortable-preclean-start]
2024-07-29T19:13:36.559+0800: 9.846: [CMS-concurrent-abortable-preclean: 0.002/0.556 secs] [Times: user=0.00 sys=0.00, real=0.56 secs] 
2024-07-29T19:13:36.559+0800: 9.846: Application time: 0.5578663 seconds
2024-07-29T19:13:36.559+0800: 9.846: [GC (CMS Final Remark) [YG occupancy: 508536 K (707840 K)]2024-07-29T19:13:36.559+0800: 9.846: [Rescan (parallel) , 0.0008275 secs]2024-07-29T19:13:36.560+0800: 9.847: [weak refs processing, 0.0000146 secs]2024-07-29T19:13:36.560+0800: 9.847: [class unloading, 0.0002028 secs]2024-07-29T19:13:36.560+0800: 9.847: [scrub symbol table, 0.0003246 secs]2024-07-29T19:13:36.561+0800: 9.848: [scrub string table, 0.0001033 secs][1 CMS-remark: 20113K(20940K)] 528650K(728780K), 0.0015596 secs] [Times: user=0.00 sys=0.00, real=0.00 secs] 
2024-07-29T19:13:36.561+0800: 9.848: Total time for which application threads were stopped: 0.0017907 seconds, Stopping threads took: 0.0001839 seconds
2024-07-29T19:13:36.561+0800: 9.848: [CMS-concurrent-sweep-start]
2024-07-29T19:13:36.562+0800: 9.850: [CMS-concurrent-sweep: 0.001/0.001 secs] [Times: user=0.00 sys=0.00, real=0.00 secs] 
2024-07-29T19:13:36.562+0800: 9.850: [CMS-concurrent-reset-start]
2024-07-29T19:13:36.563+0800: 9.850: [CMS-concurrent-reset: 0.000/0.000 secs] [Times: user=0.00 sys=0.00, real=0.00 secs] 
2024-07-29T19:13:36.676+0800: 9.964: Application time: 0.1158486 seconds
2024-07-29T19:13:36.676+0800: 9.964: [GC (Allocation Failure) 2024-07-29T19:13:36.676+0800: 9.964: [ParNew: 707073K->77825K(707840K), 0.0222602 secs] 722067K->116371K(747224K), 0.0223302 secs] [Times: user=0.02 sys=0.02, real=0.02 secs] 
2024-07-29T19:13:36.699+0800: 9.986: Total time for which application threads were stopped: 0.0224510 seconds, Stopping threads took: 0.0000200 seconds
2024-07-29T19:13:36.699+0800: 9.986: Application time: 0.0001998 seconds
2024-07-29T19:13:36.699+0800: 9.987: [GC (CMS Initial Mark) [1 CMS-initial-mark: 38546K(39384K)] 129823K(747224K), 0.0005035 secs] [Times: user=0.00 sys=0.00, real=0.00 secs] 
2024-07-29T19:13:36.699+0800: 9.987: Total time for which application threads were stopped: 0.0005675 seconds, Stopping threads took: 0.0000159 seconds
2024-07-29T19:13:36.699+0800: 9.987: [CMS-concurrent-mark-start]
2024-07-29T19:13:36.700+0800: 9.988: [CMS-concurrent-mark: 0.001/0.001 secs] [Times: user=0.00 sys=0.00, real=0.00 secs] 
2024-07-29T19:13:36.700+0800: 9.988: [CMS-concurrent-preclean-start]
2024-07-29T19:13:36.700+0800: 9.988: [CMS-concurrent-preclean: 0.000/0.000 secs] [Times: user=0.00 sys=0.00, real=0.00 secs] 
2024-07-29T19:13:36.700+0800: 9.988: [CMS-concurrent-abortable-preclean-start]
2024-07-29T19:13:37.252+0800: 10.539: [CMS-concurrent-abortable-preclean: 0.002/0.551 secs] [Times: user=0.06 sys=0.00, real=0.55 secs] 
2024-07-29T19:13:37.252+0800: 10.539: Application time: 0.5517695 seconds
2024-07-29T19:13:37.252+0800: 10.539: [GC (CMS Final Remark) [YG occupancy: 494835 K (707840 K)]2024-07-29T19:13:37.252+0800: 10.539: [Rescan (parallel) , 0.0005648 secs]2024-07-29T19:13:37.252+0800: 10.539: [weak refs processing, 0.0000161 secs]2024-07-29T19:13:37.252+0800: 10.540: [class unloading, 0.0002437 secs]2024-07-29T19:13:37.252+0800: 10.540: [scrub symbol table, 0.0003423 secs]2024-07-29T19:13:37.252+0800: 10.540: [scrub string table, 0.0001085 secs][1 CMS-remark: 38546K(39384K)] 533381K(747224K), 0.0013670 secs] [Times: user=0.00 sys=0.00, real=0.00 secs] 
2024-07-29T19:13:37.253+0800: 10.540: Total time for which application threads were stopped: 0.0014573 seconds, Stopping threads took: 0.0000364 seconds
2024-07-29T19:13:37.253+0800: 10.540: [CMS-concurrent-sweep-start]
2024-07-29T19:13:37.253+0800: 10.541: [CMS-concurrent-sweep: 0.000/0.000 secs] [Times: user=0.00 sys=0.00, real=0.00 secs] 
2024-07-29T19:13:37.253+0800: 10.541: [CMS-concurrent-reset-start]
2024-07-29T19:13:37.253+0800: 10.541: [CMS-concurrent-reset: 0.000/0.000 secs] [Times: user=0.00 sys=0.00, real=0.00 secs] 
2024-07-29T19:13:37.487+0800: 10.773: Application time: 0.2331562 seconds
2024-07-29T19:13:37.487+0800: 10.773: [GC (Allocation Failure) 2024-07-29T19:13:37.487+0800: 10.774: [ParNew: 707073K->77825K(707840K), 0.0232468 secs] 731283K->133779K(764640K), 0.0233071 secs] [Times: user=0.06 sys=0.00, real=0.02 secs] 
2024-07-29T19:13:37.509+0800: 10.797: Total time for which application threads were stopped: 0.0234158 seconds, Stopping threads took: 0.0000185 seconds
2024-07-29T19:13:37.510+0800: 10.797: Application time: 0.0002419 seconds
2024-07-29T19:13:37.510+0800: 10.797: [GC (CMS Initial Mark) [1 CMS-initial-mark: 55954K(56800K)] 148264K(764640K), 0.0007929 secs] [Times: user=0.00 sys=0.00, real=0.00 secs] 
2024-07-29T19:13:37.511+0800: 10.798: Total time for which application threads were stopped: 0.0010022 seconds, Stopping threads took: 0.0001669 seconds
2024-07-29T19:13:37.511+0800: 10.798: [CMS-concurrent-mark-start]
2024-07-29T19:13:37.512+0800: 10.800: [CMS-concurrent-mark: 0.002/0.002 secs] [Times: user=0.00 sys=0.00, real=0.00 secs] 
2024-07-29T19:13:37.512+0800: 10.800: [CMS-concurrent-preclean-start]
2024-07-29T19:13:37.513+0800: 10.800: [CMS-concurrent-preclean: 0.000/0.000 secs] [Times: user=0.00 sys=0.00, real=0.00 secs] 
2024-07-29T19:13:37.513+0800: 10.800: [CMS-concurrent-abortable-preclean-start]
2024-07-29T19:13:38.067+0800: 11.354: [CMS-concurrent-abortable-preclean: 0.002/0.553 secs] [Times: user=0.06 sys=0.00, real=0.55 secs] 
2024-07-29T19:13:38.067+0800: 11.354: Application time: 0.5557087 seconds
2024-07-29T19:13:38.067+0800: 11.354: [GC (CMS Final Remark) [YG occupancy: 603809 K (707840 K)]2024-07-29T19:13:38.067+0800: 11.354: [Rescan (parallel) , 0.0005277 secs]2024-07-29T19:13:38.067+0800: 11.355: [weak refs processing, 0.0000147 secs]2024-07-29T19:13:38.067+0800: 11.355: [class unloading, 0.0002190 secs]2024-07-29T19:13:38.067+0800: 11.355: [scrub symbol table, 0.0003159 secs]2024-07-29T19:13:38.068+0800: 11.355: [scrub string table, 0.0000920 secs][1 CMS-remark: 55954K(56800K)] 659764K(764640K), 0.0012569 secs] [Times: user=0.03 sys=0.00, real=0.00 secs] 
2024-07-29T19:13:38.068+0800: 11.355: Total time for which application threads were stopped: 0.0015241 seconds, Stopping threads took: 0.0001443 seconds
2024-07-29T19:13:38.068+0800: 11.356: [CMS-concurrent-sweep-start]
2024-07-29T19:13:38.069+0800: 11.357: [CMS-concurrent-sweep: 0.001/0.001 secs] [Times: user=0.00 sys=0.00, real=0.00 secs] 
2024-07-29T19:13:38.069+0800: 11.357: [CMS-concurrent-reset-start]
2024-07-29T19:13:38.070+0800: 11.357: [CMS-concurrent-reset: 0.000/0.000 secs] [Times: user=0.00 sys=0.00, real=0.00 secs] 
2024-07-29T19:13:38.192+0800: 11.479: Application time: 0.1240392 seconds
2024-07-29T19:13:38.192+0800: 11.479: [GC (Allocation Failure) 2024-07-29T19:13:38.192+0800: 11.479: [ParNew: 707073K->77825K(707840K), 0.0236425 secs] 739475K->149139K(780060K), 0.0237035 secs] [Times: user=0.03 sys=0.00, real=0.02 secs] 
2024-07-29T19:13:38.216+0800: 11.503: Total time for which application threads were stopped: 0.0238141 seconds, Stopping threads took: 0.0000199 seconds
2024-07-29T19:13:38.216+0800: 11.503: Application time: 0.0001264 seconds
2024-07-29T19:13:38.216+0800: 11.503: [GC (CMS Initial Mark) [1 CMS-initial-mark: 71314K(72220K)] 163637K(780060K), 0.0007375 secs] [Times: user=0.00 sys=0.00, real=0.00 secs] 
2024-07-29T19:13:38.217+0800: 11.504: Total time for which application threads were stopped: 0.0009202 seconds, Stopping threads took: 0.0001395 seconds
2024-07-29T19:13:38.217+0800: 11.504: [CMS-concurrent-mark-start]
2024-07-29T19:13:38.219+0800: 11.506: [CMS-concurrent-mark: 0.002/0.002 secs] [Times: user=0.00 sys=0.00, real=0.00 secs] 
2024-07-29T19:13:38.219+0800: 11.506: [CMS-concurrent-preclean-start]
2024-07-29T19:13:38.219+0800: 11.506: [CMS-concurrent-preclean: 0.000/0.000 secs] [Times: user=0.00 sys=0.00, real=0.00 secs] 
2024-07-29T19:13:38.219+0800: 11.506: [CMS-concurrent-abortable-preclean-start]
Heap
 par new generation   total 707840K, used 387847K [0x00000000c8000000, 0x00000000f8000000, 0x00000000f8000000)
  eden space 629248K,  49% used [0x00000000c8000000, 0x00000000daec1828, 0x00000000ee680000)
  from space 78592K,  99% used [0x00000000ee680000, 0x00000000f32804c0, 0x00000000f3340000)
  to   space 78592K,   0% used [0x00000000f3340000, 0x00000000f3340000, 0x00000000f8000000)
 concurrent mark-sweep generation total 72220K, used 71314K [0x00000000f8000000, 0x00000000fc687000, 0x0000000100000000)
 Metaspace       used 3005K, capacity 4486K, committed 4864K, reserved 1056768K
  class space    used 310K, capacity 386K, committed 512K, reserved 1048576K
2024-07-29T19:13:38.555+0800: 11.842: Application time: 0.3375772 seconds
