OpenJDK 64-Bit Server VM (25.412-b1) for windows-amd64 JRE (1.8.0_412-b1), built on Apr 23 2024 12:00:37 by "Administrator" with MS VC++ 10.0 (VS2010)
Memory: 4k page, physical 16672068k(4480708k free), swap 19811428k(4537244k free)
CommandLine flags: -XX:+CMSParallelRemarkEnabled -XX:GCDrainStackTargetSize=64 -XX:InitialHeapSize=810758960 -XX:InitialTenuringThreshold=4 -XX:MaxHeapSize=939524096 -XX:MaxNewSize=805306368 -XX:MaxTenuringThreshold=4 -XX:NewSize=805306368 -XX:OldPLABSize=16 -XX:+PrintGC -XX:+PrintGCApplicationConcurrentTime -XX:+PrintGCApplicationStoppedTime -XX:+PrintGCDateStamps -XX:+PrintGCDetails -XX:+PrintGCTimeStamps -XX:+UseCompressedClassPointers -XX:+UseCompressedOops -XX:+UseConcMarkSweepGC -XX:-UseLargePagesIndividualAllocation -XX:+UseParNewGC 
2024-07-29T19:13:51.661+0800: 1.031: Application time: 0.9577417 seconds
2024-07-29T19:13:51.662+0800: 1.031: Total time for which application threads were stopped: 0.0005056 seconds, Stopping threads took: 0.0004427 seconds
2024-07-29T19:13:51.667+0800: 1.037: Application time: 0.0052464 seconds
2024-07-29T19:13:51.667+0800: 1.037: [GC (Allocation Failure) 2024-07-29T19:13:51.667+0800: 1.037: [ParNew: 629042K->14044K(707840K), 0.0096703 secs] 629042K->14044K(713984K), 0.0098540 secs] [Times: user=0.00 sys=0.00, real=0.01 secs] 
2024-07-29T19:13:51.677+0800: 1.047: Total time for which application threads were stopped: 0.0099795 seconds, Stopping threads took: 0.0000140 seconds
2024-07-29T19:13:52.342+0800: 1.712: Application time: 0.6653758 seconds
2024-07-29T19:13:52.342+0800: 1.712: [GC (Allocation Failure) 2024-07-29T19:13:52.342+0800: 1.712: [ParNew: 643292K->8167K(707840K), 0.0045816 secs] 643292K->8167K(713984K), 0.0046341 secs] [Times: user=0.00 sys=0.00, real=0.00 secs] 
2024-07-29T19:13:52.346+0800: 1.717: Total time for which application threads were stopped: 0.0047421 seconds, Stopping threads took: 0.0000223 seconds
2024-07-29T19:13:53.020+0800: 2.390: Application time: 0.6732082 seconds
2024-07-29T19:13:53.020+0800: 2.390: [GC (Allocation Failure) 2024-07-29T19:13:53.020+0800: 2.390: [ParNew: 637415K->12044K(707840K), 0.0026753 secs] 637415K->12044K(713984K), 0.0027286 secs] [Times: user=0.00 sys=0.00, real=0.00 secs] 
2024-07-29T19:13:53.023+0800: 2.393: Total time for which application threads were stopped: 0.0028536 seconds, Stopping threads took: 0.0000206 seconds
2024-07-29T19:13:53.700+0800: 3.071: Application time: 0.6778780 seconds
2024-07-29T19:13:53.700+0800: 3.071: [GC (Allocation Failure) 2024-07-29T19:13:53.700+0800: 3.071: [ParNew: 641292K->19458K(707840K), 0.0079945 secs] 641292K->19458K(713984K), 0.0080546 secs] [Times: user=0.03 sys=0.00, real=0.01 secs] 
2024-07-29T19:13:53.709+0800: 3.079: Total time for which application threads were stopped: 0.0081914 seconds, Stopping threads took: 0.0000333 seconds
2024-07-29T19:13:54.394+0800: 3.764: Application time: 0.6846369 seconds
2024-07-29T19:13:54.394+0800: 3.764: [GC (Allocation Failure) 2024-07-29T19:13:54.394+0800: 3.764: [ParNew: 648706K->24767K(707840K), 0.0101159 secs] 648706K->25424K(713984K), 0.0101772 secs] [Times: user=0.00 sys=0.02, real=0.01 secs] 
2024-07-29T19:13:54.404+0800: 3.774: Total time for which application threads were stopped: 0.0103085 seconds, Stopping threads took: 0.0000217 seconds
2024-07-29T19:13:54.752+0800: 4.122: Application time: 0.3485649 seconds
2024-07-29T19:13:54.752+0800: 4.123: Total time for which application threads were stopped: 0.0001432 seconds, Stopping threads took: 0.0000533 seconds
2024-07-29T19:13:55.070+0800: 4.441: Application time: 0.3182363 seconds
2024-07-29T19:13:55.070+0800: 4.441: [GC (Allocation Failure) 2024-07-29T19:13:55.070+0800: 4.441: [ParNew: 654015K->33871K(707840K), 0.0104907 secs] 654672K->34529K(713984K), 0.0105525 secs] [Times: user=0.00 sys=0.00, real=0.01 secs] 
2024-07-29T19:13:55.081+0800: 4.452: Total time for which application threads were stopped: 0.0106709 seconds, Stopping threads took: 0.0000215 seconds
2024-07-29T19:13:55.748+0800: 5.118: Application time: 0.6667239 seconds
2024-07-29T19:13:55.748+0800: 5.118: [GC (Allocation Failure) 2024-07-29T19:13:55.748+0800: 5.118: [ParNew: 663119K->39956K(707840K), 0.0123211 secs] 663777K->40613K(713984K), 0.0124361 secs] [Times: user=0.02 sys=0.02, real=0.01 secs] 
2024-07-29T19:13:55.760+0800: 5.131: Total time for which application threads were stopped: 0.0125595 seconds, Stopping threads took: 0.0000200 seconds
2024-07-29T19:13:56.424+0800: 5.794: Application time: 0.6630645 seconds
2024-07-29T19:13:56.424+0800: 5.794: [GC (Allocation Failure) 2024-07-29T19:13:56.424+0800: 5.794: [ParNew: 669204K->48128K(707840K), 0.0127095 secs] 669861K->48786K(713984K), 0.0127715 secs] [Times: user=0.03 sys=0.00, real=0.01 secs] 
2024-07-29T19:13:56.437+0800: 5.807: Total time for which application threads were stopped: 0.0128964 seconds, Stopping threads took: 0.0000223 seconds
2024-07-29T19:13:57.105+0800: 6.474: Application time: 0.6676949 seconds
2024-07-29T19:13:57.105+0800: 6.475: [GC (Allocation Failure) 2024-07-29T19:13:57.105+0800: 6.475: [ParNew: 677376K->56330K(707840K), 0.0148395 secs] 678034K->56989K(713984K), 0.0149149 secs] [Times: user=0.03 sys=0.00, real=0.01 secs] 
2024-07-29T19:13:57.120+0800: 6.490: Total time for which application threads were stopped: 0.0150256 seconds, Stopping threads took: 0.0000206 seconds
2024-07-29T19:13:57.785+0800: 7.155: Application time: 0.6655686 seconds
2024-07-29T19:13:57.785+0800: 7.155: [GC (Allocation Failure) 2024-07-29T19:13:57.785+0800: 7.155: [ParNew: 685578K->64512K(707840K), 0.0165411 secs] 686237K->65171K(713984K), 0.0165970 secs] [Times: user=0.03 sys=0.01, real=0.02 secs] 
2024-07-29T19:13:57.802+0800: 7.172: Total time for which application threads were stopped: 0.0167155 seconds, Stopping threads took: 0.0000204 seconds
2024-07-29T19:13:58.461+0800: 7.831: Application time: 0.6595123 seconds
2024-07-29T19:13:58.461+0800: 7.831: [GC (Allocation Failure) 2024-07-29T19:13:58.461+0800: 7.831: [ParNew: 693383K->76801K(707840K), 0.0192312 secs] 694041K->77459K(713984K), 0.0192941 secs] [Times: user=0.03 sys=0.00, real=0.02 secs] 
2024-07-29T19:13:58.480+0800: 7.851: Total time for which application threads were stopped: 0.0194049 seconds, Stopping threads took: 0.0000203 seconds
2024-07-29T19:13:59.154+0800: 8.524: Application time: 0.6728902 seconds
2024-07-29T19:13:59.154+0800: 8.524: [GC (Allocation Failure) 2024-07-29T19:13:59.154+0800: 8.524: [ParNew: 706049K->77825K(707840K), 0.0199620 secs] 706707K->85651K(717068K), 0.0200224 secs] [Times: user=0.03 sys=0.00, real=0.02 secs] 
2024-07-29T19:13:59.174+0800: 8.544: Total time for which application threads were stopped: 0.0201412 seconds, Stopping threads took: 0.0000195 seconds
2024-07-29T19:13:59.174+0800: 8.544: Application time: 0.0002764 seconds
2024-07-29T19:13:59.174+0800: 8.544: [GC (CMS Initial Mark) [1 CMS-initial-mark: 7826K(9228K)] 100154K(717068K), 0.0006681 secs] [Times: user=0.00 sys=0.00, real=0.00 secs] 
2024-07-29T19:13:59.175+0800: 8.545: Total time for which application threads were stopped: 0.0008340 seconds, Stopping threads took: 0.0001235 seconds
2024-07-29T19:13:59.175+0800: 8.545: [CMS-concurrent-mark-start]
2024-07-29T19:13:59.176+0800: 8.546: [CMS-concurrent-mark: 0.001/0.001 secs] [Times: user=0.00 sys=0.00, real=0.00 secs] 
2024-07-29T19:13:59.176+0800: 8.546: [CMS-concurrent-preclean-start]
2024-07-29T19:13:59.176+0800: 8.546: [CMS-concurrent-preclean: 0.000/0.000 secs] [Times: user=0.00 sys=0.00, real=0.00 secs] 
2024-07-29T19:13:59.176+0800: 8.546: [CMS-concurrent-abortable-preclean-start]
2024-07-29T19:13:59.733+0800: 9.103: [CMS-concurrent-abortable-preclean: 0.001/0.557 secs] [Times: user=0.00 sys=0.00, real=0.56 secs] 
2024-07-29T19:13:59.733+0800: 9.104: Application time: 0.5588702 seconds
2024-07-29T19:13:59.734+0800: 9.104: [GC (CMS Final Remark) [YG occupancy: 523654 K (707840 K)]2024-07-29T19:13:59.734+0800: 9.104: [Rescan (parallel) , 0.0008836 secs]2024-07-29T19:13:59.734+0800: 9.105: [weak refs processing, 0.0000143 secs]2024-07-29T19:13:59.734+0800: 9.105: [class unloading, 0.0002388 secs]2024-07-29T19:13:59.735+0800: 9.105: [scrub symbol table, 0.0002986 secs]2024-07-29T19:13:59.735+0800: 9.105: [scrub string table, 0.0001022 secs][1 CMS-remark: 7826K(9228K)] 531480K(717068K), 0.0016309 secs] [Times: user=0.00 sys=0.00, real=0.00 secs] 
2024-07-29T19:13:59.735+0800: 9.106: Total time for which application threads were stopped: 0.0017674 seconds, Stopping threads took: 0.0000919 seconds
2024-07-29T19:13:59.735+0800: 9.106: [CMS-concurrent-sweep-start]
2024-07-29T19:13:59.737+0800: 9.107: [CMS-concurrent-sweep: 0.001/0.001 secs] [Times: user=0.00 sys=0.00, real=0.00 secs] 
2024-07-29T19:13:59.737+0800: 9.107: [CMS-concurrent-reset-start]
2024-07-29T19:13:59.738+0800: 9.109: [CMS-concurrent-reset: 0.001/0.001 secs] [Times: user=0.00 sys=0.00, real=0.00 secs] 
2024-07-29T19:13:59.865+0800: 9.235: Application time: 0.1296677 seconds
2024-07-29T19:13:59.865+0800: 9.235: [GC (Allocation Failure) 2024-07-29T19:13:59.865+0800: 9.235: [ParNew: 707073K->77825K(707840K), 0.0199215 secs] 714898K->99987K(731164K), 0.0199935 secs] [Times: user=0.02 sys=0.02, real=0.02 secs] 
2024-07-29T19:13:59.885+0800: 9.255: Total time for which application threads were stopped: 0.0201034 seconds, Stopping threads took: 0.0000200 seconds
2024-07-29T19:13:59.885+0800: 9.255: Application time: 0.0001838 seconds
2024-07-29T19:13:59.885+0800: 9.256: [GC (CMS Initial Mark) [1 CMS-initial-mark: 22161K(23324K)] 114535K(731164K), 0.0007704 secs] [Times: user=0.00 sys=0.00, real=0.00 secs] 
2024-07-29T19:13:59.886+0800: 9.256: Total time for which application threads were stopped: 0.0009501 seconds, Stopping threads took: 0.0001373 seconds
2024-07-29T19:13:59.886+0800: 9.257: [CMS-concurrent-mark-start]
2024-07-29T19:13:59.887+0800: 9.258: [CMS-concurrent-mark: 0.001/0.001 secs] [Times: user=0.00 sys=0.00, real=0.00 secs] 
2024-07-29T19:13:59.887+0800: 9.258: [CMS-concurrent-preclean-start]
2024-07-29T19:13:59.887+0800: 9.258: [CMS-concurrent-preclean: 0.000/0.000 secs] [Times: user=0.00 sys=0.00, real=0.00 secs] 
2024-07-29T19:13:59.887+0800: 9.258: [CMS-concurrent-abortable-preclean-start]
2024-07-29T19:14:00.444+0800: 9.814: [CMS-concurrent-abortable-preclean: 0.001/0.557 secs] [Times: user=0.03 sys=0.00, real=0.56 secs] 
2024-07-29T19:14:00.445+0800: 9.815: Application time: 0.5582092 seconds
2024-07-29T19:14:00.445+0800: 9.815: [GC (CMS Final Remark) [YG occupancy: 498096 K (707840 K)]2024-07-29T19:14:00.445+0800: 9.815: [Rescan (parallel) , 0.0011213 secs]2024-07-29T19:14:00.445+0800: 9.816: [weak refs processing, 0.0000137 secs]2024-07-29T19:14:00.445+0800: 9.816: [class unloading, 0.0002506 secs]2024-07-29T19:14:00.446+0800: 9.816: [scrub symbol table, 0.0003021 secs]2024-07-29T19:14:00.446+0800: 9.816: [scrub string table, 0.0001038 secs][1 CMS-remark: 22161K(23324K)] 520258K(731164K), 0.0018621 secs] [Times: user=0.00 sys=0.00, real=0.00 secs] 
2024-07-29T19:14:00.446+0800: 9.817: Total time for which application threads were stopped: 0.0019339 seconds, Stopping threads took: 0.0000196 seconds
2024-07-29T19:14:00.446+0800: 9.817: [CMS-concurrent-sweep-start]
2024-07-29T19:14:00.446+0800: 9.817: [CMS-concurrent-sweep: 0.000/0.000 secs] [Times: user=0.00 sys=0.00, real=0.00 secs] 
2024-07-29T19:14:00.446+0800: 9.817: [CMS-concurrent-reset-start]
2024-07-29T19:14:00.447+0800: 9.817: [CMS-concurrent-reset: 0.000/0.000 secs] [Times: user=0.00 sys=0.00, real=0.00 secs] 
2024-07-29T19:14:00.682+0800: 10.053: Application time: 0.2359954 seconds
2024-07-29T19:14:00.682+0800: 10.053: [GC (Allocation Failure) 2024-07-29T19:14:00.682+0800: 10.053: [ParNew: 706183K->77825K(707840K), 0.0238312 secs] 721177K->120467K(752364K), 0.0238968 secs] [Times: user=0.03 sys=0.00, real=0.02 secs] 
2024-07-29T19:14:00.706+0800: 10.077: Total time for which application threads were stopped: 0.0240123 seconds, Stopping threads took: 0.0000229 seconds
2024-07-29T19:14:00.706+0800: 10.077: Application time: 0.0001802 seconds
2024-07-29T19:14:00.706+0800: 10.077: [GC (CMS Initial Mark) [1 CMS-initial-mark: 42642K(44524K)] 134947K(752364K), 0.0008302 secs] [Times: user=0.00 sys=0.00, real=0.00 secs] 
2024-07-29T19:14:00.707+0800: 10.078: Total time for which application threads were stopped: 0.0009153 seconds, Stopping threads took: 0.0000384 seconds
2024-07-29T19:14:00.707+0800: 10.078: [CMS-concurrent-mark-start]
2024-07-29T19:14:00.709+0800: 10.080: [CMS-concurrent-mark: 0.002/0.002 secs] [Times: user=0.03 sys=0.00, real=0.00 secs] 
2024-07-29T19:14:00.709+0800: 10.080: [CMS-concurrent-preclean-start]
2024-07-29T19:14:00.709+0800: 10.080: [CMS-concurrent-preclean: 0.000/0.000 secs] [Times: user=0.00 sys=0.00, real=0.00 secs] 
2024-07-29T19:14:00.709+0800: 10.080: [CMS-concurrent-abortable-preclean-start]
2024-07-29T19:14:01.270+0800: 10.640: [CMS-concurrent-abortable-preclean: 0.002/0.560 secs] [Times: user=0.03 sys=0.00, real=0.56 secs] 
2024-07-29T19:14:01.270+0800: 10.640: Application time: 0.5622876 seconds
2024-07-29T19:14:01.270+0800: 10.640: [GC (CMS Final Remark) [YG occupancy: 603648 K (707840 K)]2024-07-29T19:14:01.270+0800: 10.640: [Rescan (parallel) , 0.0008099 secs]2024-07-29T19:14:01.270+0800: 10.641: [weak refs processing, 0.0000148 secs]2024-07-29T19:14:01.270+0800: 10.641: [class unloading, 0.0002442 secs]2024-07-29T19:14:01.271+0800: 10.641: [scrub symbol table, 0.0003108 secs]2024-07-29T19:14:01.271+0800: 10.642: [scrub string table, 0.0000911 secs][1 CMS-remark: 42642K(44524K)] 646290K(752364K), 0.0015650 secs] [Times: user=0.00 sys=0.00, real=0.00 secs] 
2024-07-29T19:14:01.271+0800: 10.642: Total time for which application threads were stopped: 0.0017743 seconds, Stopping threads took: 0.0001647 seconds
2024-07-29T19:14:01.271+0800: 10.642: [CMS-concurrent-sweep-start]
2024-07-29T19:14:01.272+0800: 10.643: [CMS-concurrent-sweep: 0.001/0.001 secs] [Times: user=0.00 sys=0.00, real=0.00 secs] 
2024-07-29T19:14:01.273+0800: 10.643: [CMS-concurrent-reset-start]
2024-07-29T19:14:01.273+0800: 10.644: [CMS-concurrent-reset: 0.000/0.000 secs] [Times: user=0.00 sys=0.00, real=0.00 secs] 
2024-07-29T19:14:01.382+0800: 10.752: Application time: 0.1101286 seconds
2024-07-29T19:14:01.382+0800: 10.752: [GC (Allocation Failure) 2024-07-29T19:14:01.382+0800: 10.752: [ParNew: 707073K->77825K(707840K), 0.0252250 secs] 735379K->141971K(774552K), 0.0252855 secs] [Times: user=0.03 sys=0.00, real=0.03 secs] 
2024-07-29T19:14:01.407+0800: 10.777: Total time for which application threads were stopped: 0.0253973 seconds, Stopping threads took: 0.0000210 seconds
2024-07-29T19:14:01.407+0800: 10.778: Application time: 0.0002197 seconds
2024-07-29T19:14:01.408+0800: 10.778: [GC (CMS Initial Mark) [1 CMS-initial-mark: 64146K(66712K)] 156505K(774552K), 0.0007825 secs] [Times: user=0.00 sys=0.00, real=0.00 secs] 
2024-07-29T19:14:01.408+0800: 10.778: Total time for which application threads were stopped: 0.0009312 seconds, Stopping threads took: 0.0001061 seconds
2024-07-29T19:14:01.408+0800: 10.779: [CMS-concurrent-mark-start]
2024-07-29T19:14:01.410+0800: 10.780: [CMS-concurrent-mark: 0.002/0.002 secs] [Times: user=0.00 sys=0.00, real=0.00 secs] 
2024-07-29T19:14:01.410+0800: 10.780: [CMS-concurrent-preclean-start]
2024-07-29T19:14:01.411+0800: 10.781: [CMS-concurrent-preclean: 0.000/0.000 secs] [Times: user=0.03 sys=0.00, real=0.00 secs] 
2024-07-29T19:14:01.411+0800: 10.781: [CMS-concurrent-abortable-preclean-start]
2024-07-29T19:14:01.961+0800: 11.331: [CMS-concurrent-abortable-preclean: 0.002/0.550 secs] [Times: user=0.00 sys=0.00, real=0.55 secs] 
2024-07-29T19:14:01.961+0800: 11.331: Application time: 0.5525599 seconds
2024-07-29T19:14:01.961+0800: 11.331: [GC (CMS Final Remark) [YG occupancy: 586293 K (707840 K)]2024-07-29T19:14:01.961+0800: 11.331: [Rescan (parallel) , 0.0006016 secs]2024-07-29T19:14:01.961+0800: 11.332: [weak refs processing, 0.0000155 secs]2024-07-29T19:14:01.961+0800: 11.332: [class unloading, 0.0002454 secs]2024-07-29T19:14:01.961+0800: 11.332: [scrub symbol table, 0.0003832 secs]2024-07-29T19:14:01.962+0800: 11.332: [scrub string table, 0.0001036 secs][1 CMS-remark: 64146K(66712K)] 650440K(774552K), 0.0014520 secs] [Times: user=0.00 sys=0.00, real=0.00 secs] 
2024-07-29T19:14:01.962+0800: 11.333: Total time for which application threads were stopped: 0.0016766 seconds, Stopping threads took: 0.0000927 seconds
2024-07-29T19:14:01.962+0800: 11.333: [CMS-concurrent-sweep-start]
2024-07-29T19:14:01.964+0800: 11.334: [CMS-concurrent-sweep: 0.001/0.001 secs] [Times: user=0.00 sys=0.00, real=0.00 secs] 
2024-07-29T19:14:01.964+0800: 11.335: [CMS-concurrent-reset-start]
2024-07-29T19:14:01.964+0800: 11.335: [CMS-concurrent-reset: 0.000/0.000 secs] [Times: user=0.00 sys=0.00, real=0.00 secs] 
2024-07-29T19:14:02.088+0800: 11.458: Application time: 0.1251529 seconds
2024-07-29T19:14:02.088+0800: 11.458: [GC (Allocation Failure) 2024-07-29T19:14:02.088+0800: 11.458: [ParNew: 707073K->77825K(707840K), 0.0268185 secs] 743571K->162452K(794084K), 0.0268786 secs] [Times: user=0.06 sys=0.00, real=0.03 secs] 
2024-07-29T19:14:02.115+0800: 11.485: Total time for which application threads were stopped: 0.0269978 seconds, Stopping threads took: 0.0000205 seconds
2024-07-29T19:14:02.115+0800: 11.485: Application time: 0.0002568 seconds
2024-07-29T19:14:02.115+0800: 11.485: [GC (CMS Initial Mark) [1 CMS-initial-mark: 84626K(86244K)] 176924K(794084K), 0.0007442 secs] [Times: user=0.00 sys=0.00, real=0.00 secs] 
2024-07-29T19:14:02.116+0800: 11.486: Total time for which application threads were stopped: 0.0009175 seconds, Stopping threads took: 0.0001306 seconds
2024-07-29T19:14:02.116+0800: 11.486: [CMS-concurrent-mark-start]
2024-07-29T19:14:02.118+0800: 11.488: [CMS-concurrent-mark: 0.002/0.002 secs] [Times: user=0.00 sys=0.00, real=0.00 secs] 
2024-07-29T19:14:02.118+0800: 11.488: [CMS-concurrent-preclean-start]
2024-07-29T19:14:02.118+0800: 11.488: [CMS-concurrent-preclean: 0.000/0.000 secs] [Times: user=0.00 sys=0.00, real=0.00 secs] 
2024-07-29T19:14:02.118+0800: 11.488: [CMS-concurrent-abortable-preclean-start]
2024-07-29T19:14:02.118+0800: 11.488: [CMS-concurrent-abortable-preclean: 0.000/0.000 secs] [Times: user=0.00 sys=0.00, real=0.00 secs] 
2024-07-29T19:14:02.119+0800: 11.489: Application time: 0.0026519 seconds
2024-07-29T19:14:02.119+0800: 11.489: [GC (CMS Final Remark) [YG occupancy: 132641 K (707840 K)]2024-07-29T19:14:02.119+0800: 11.489: [Rescan (parallel) , 0.0006733 secs]2024-07-29T19:14:02.120+0800: 11.490: [weak refs processing, 0.0000126 secs]2024-07-29T19:14:02.120+0800: 11.490: [class unloading, 0.0002159 secs]2024-07-29T19:14:02.120+0800: 11.490: [scrub symbol table, 0.0003120 secs]2024-07-29T19:14:02.120+0800: 11.490: [scrub string table, 0.0001026 secs][1 CMS-remark: 84626K(86244K)] 217267K(794084K), 0.0013778 secs] [Times: user=0.00 sys=0.00, real=0.00 secs] 
2024-07-29T19:14:02.120+0800: 11.490: Total time for which application threads were stopped: 0.0015256 seconds, Stopping threads took: 0.0001149 seconds
2024-07-29T19:14:02.120+0800: 11.490: [CMS-concurrent-sweep-start]
2024-07-29T19:14:02.121+0800: 11.491: [CMS-concurrent-sweep: 0.001/0.001 secs] [Times: user=0.00 sys=0.00, real=0.00 secs] 
2024-07-29T19:14:02.122+0800: 11.492: [CMS-concurrent-reset-start]
2024-07-29T19:14:02.122+0800: 11.492: [CMS-concurrent-reset: 0.000/0.000 secs] [Times: user=0.00 sys=0.00, real=0.00 secs] 
Heap
 par new generation   total 707840K, used 387289K [0x00000000c8000000, 0x00000000f8000000, 0x00000000f8000000)
  eden space 629248K,  49% used [0x00000000c8000000, 0x00000000dae36138, 0x00000000ee680000)
  from space 78592K,  99% used [0x00000000ee680000, 0x00000000f32804c0, 0x00000000f3340000)
  to   space 78592K,   0% used [0x00000000f3340000, 0x00000000f3340000, 0x00000000f8000000)
 concurrent mark-sweep generation total 86244K, used 48786K [0x00000000f8000000, 0x00000000fd439000, 0x0000000100000000)
 Metaspace       used 3005K, capacity 4486K, committed 4864K, reserved 1056768K
  class space    used 310K, capacity 386K, committed 512K, reserved 1048576K
2024-07-29T19:14:02.448+0800: 11.818: Application time: 0.3281136 seconds
