OpenJDK 64-Bit Server VM (25.412-b1) for windows-amd64 JRE (1.8.0_412-b1), built on Apr 23 2024 12:00:37 by "Administrator" with MS VC++ 10.0 (VS2010)
Memory: 4k page, physical 16672068k(3917940k free), swap 19811428k(4146044k free)
CommandLine flags: -XX:-CMSParallelRemarkEnabled -XX:GCDrainStackTargetSize=64 -XX:InitialHeapSize=810758960 -XX:InitialTenuringThreshold=4 -XX:MaxHeapSize=939524096 -XX:MaxNewSize=805306368 -XX:MaxTenuringThreshold=4 -XX:NewSize=805306368 -XX:OldPLABSize=16 -XX:+PrintGC -XX:+PrintGCApplicationConcurrentTime -XX:+PrintGCApplicationStoppedTime -XX:+PrintGCDateStamps -XX:+PrintGCDetails -XX:+PrintGCTimeStamps -XX:+UseCompressedClassPointers -XX:+UseCompressedOops -XX:+UseConcMarkSweepGC -XX:-UseLargePagesIndividualAllocation -XX:+UseParNewGC 
2024-07-29T19:20:35.404+0800: 1.030: Application time: 0.9548465 seconds
2024-07-29T19:20:35.405+0800: 1.031: Total time for which application threads were stopped: 0.0007039 seconds, Stopping threads took: 0.0006469 seconds
2024-07-29T19:20:35.410+0800: 1.036: Application time: 0.0055043 seconds
2024-07-29T19:20:35.410+0800: 1.036: [GC (Allocation Failure) 2024-07-29T19:20:35.410+0800: 1.036: [ParNew: 629042K->13993K(707840K), 0.0084813 secs] 629042K->13993K(713984K), 0.0086752 secs] [Times: user=0.05 sys=0.00, real=0.01 secs] 
2024-07-29T19:20:35.419+0800: 1.045: Total time for which application threads were stopped: 0.0087890 seconds, Stopping threads took: 0.0000186 seconds
2024-07-29T19:20:36.093+0800: 1.719: Application time: 0.6743982 seconds
2024-07-29T19:20:36.093+0800: 1.719: [GC (Allocation Failure) 2024-07-29T19:20:36.093+0800: 1.719: [ParNew: 643241K->8210K(707840K), 0.0050717 secs] 643241K->8210K(713984K), 0.0051334 secs] [Times: user=0.00 sys=0.02, real=0.01 secs] 
2024-07-29T19:20:36.098+0800: 1.724: Total time for which application threads were stopped: 0.0052858 seconds, Stopping threads took: 0.0000377 seconds
2024-07-29T19:20:36.771+0800: 2.397: Application time: 0.6728297 seconds
2024-07-29T19:20:36.771+0800: 2.397: [GC (Allocation Failure) 2024-07-29T19:20:36.771+0800: 2.397: [ParNew: 637458K->12190K(707840K), 0.0028364 secs] 637458K->12190K(713984K), 0.0029059 secs] [Times: user=0.00 sys=0.00, real=0.00 secs] 
2024-07-29T19:20:36.774+0800: 2.400: Total time for which application threads were stopped: 0.0030255 seconds, Stopping threads took: 0.0000177 seconds
2024-07-29T19:20:37.463+0800: 3.089: Application time: 0.6886540 seconds
2024-07-29T19:20:37.463+0800: 3.089: [GC (Allocation Failure) 2024-07-29T19:20:37.463+0800: 3.089: [ParNew: 641438K->19407K(707840K), 0.0085525 secs] 641438K->19407K(713984K), 0.0086143 secs] [Times: user=0.00 sys=0.00, real=0.01 secs] 
2024-07-29T19:20:37.472+0800: 3.098: Total time for which application threads were stopped: 0.0087319 seconds, Stopping threads took: 0.0000197 seconds
2024-07-29T19:20:38.161+0800: 3.787: Application time: 0.6887873 seconds
2024-07-29T19:20:38.161+0800: 3.787: [GC (Allocation Failure) 2024-07-29T19:20:38.161+0800: 3.787: [ParNew: 648655K->24896K(707840K), 0.0119337 secs] 648655K->25553K(713984K), 0.0120066 secs] [Times: user=0.00 sys=0.00, real=0.01 secs] 
2024-07-29T19:20:38.173+0800: 3.799: Total time for which application threads were stopped: 0.0121269 seconds, Stopping threads took: 0.0000239 seconds
2024-07-29T19:20:38.493+0800: 4.118: Application time: 0.3197159 seconds
2024-07-29T19:20:38.493+0800: 4.118: Total time for which application threads were stopped: 0.0000471 seconds, Stopping threads took: 0.0000168 seconds
2024-07-29T19:20:38.842+0800: 4.468: Application time: 0.3498251 seconds
2024-07-29T19:20:38.842+0800: 4.468: [GC (Allocation Failure) 2024-07-29T19:20:38.842+0800: 4.468: [ParNew: 654144K->33888K(707840K), 0.0108404 secs] 654801K->34545K(713984K), 0.0109015 secs] [Times: user=0.03 sys=0.00, real=0.01 secs] 
2024-07-29T19:20:38.853+0800: 4.479: Total time for which application threads were stopped: 0.0110090 seconds, Stopping threads took: 0.0000201 seconds
2024-07-29T19:20:39.534+0800: 5.160: Application time: 0.6808041 seconds
2024-07-29T19:20:39.534+0800: 5.160: [GC (Allocation Failure) 2024-07-29T19:20:39.534+0800: 5.160: [ParNew: 663136K->39952K(707840K), 0.0122379 secs] 663793K->40609K(713984K), 0.0123667 secs] [Times: user=0.03 sys=0.00, real=0.01 secs] 
2024-07-29T19:20:39.546+0800: 5.173: Total time for which application threads were stopped: 0.0124764 seconds, Stopping threads took: 0.0000208 seconds
2024-07-29T19:20:40.224+0800: 5.850: Application time: 0.6778179 seconds
2024-07-29T19:20:40.224+0800: 5.850: [GC (Allocation Failure) 2024-07-29T19:20:40.224+0800: 5.850: [ParNew: 669200K->48128K(707840K), 0.0133920 secs] 669857K->48786K(713984K), 0.0134672 secs] [Times: user=0.00 sys=0.00, real=0.01 secs] 
2024-07-29T19:20:40.238+0800: 5.864: Total time for which application threads were stopped: 0.0135828 seconds, Stopping threads took: 0.0000201 seconds
2024-07-29T19:20:40.902+0800: 6.529: Application time: 0.6647147 seconds
2024-07-29T19:20:40.903+0800: 6.529: [GC (Allocation Failure) 2024-07-29T19:20:40.903+0800: 6.529: [ParNew: 677376K->56334K(707840K), 0.0146050 secs] 678034K->56993K(713984K), 0.0146657 secs] [Times: user=0.03 sys=0.00, real=0.01 secs] 
2024-07-29T19:20:40.917+0800: 6.543: Total time for which application threads were stopped: 0.0147900 seconds, Stopping threads took: 0.0000206 seconds
2024-07-29T19:20:41.583+0800: 7.209: Application time: 0.6656223 seconds
2024-07-29T19:20:41.583+0800: 7.209: [GC (Allocation Failure) 2024-07-29T19:20:41.583+0800: 7.209: [ParNew: 685582K->64512K(707840K), 0.0162678 secs] 686241K->65171K(713984K), 0.0163342 secs] [Times: user=0.02 sys=0.02, real=0.02 secs] 
2024-07-29T19:20:41.600+0800: 7.226: Total time for which application threads were stopped: 0.0164589 seconds, Stopping threads took: 0.0000195 seconds
2024-07-29T19:20:42.262+0800: 7.888: Application time: 0.6620551 seconds
2024-07-29T19:20:42.262+0800: 7.888: [GC (Allocation Failure) 2024-07-29T19:20:42.262+0800: 7.888: [ParNew: 693383K->76801K(707840K), 0.0191533 secs] 694041K->77459K(713984K), 0.0192283 secs] [Times: user=0.01 sys=0.01, real=0.02 secs] 
2024-07-29T19:20:42.280+0800: 7.907: Total time for which application threads were stopped: 0.0193524 seconds, Stopping threads took: 0.0000203 seconds
2024-07-29T19:20:42.958+0800: 8.584: Application time: 0.6774839 seconds
2024-07-29T19:20:42.958+0800: 8.585: [GC (Allocation Failure) 2024-07-29T19:20:42.958+0800: 8.585: [ParNew: 706049K->77825K(707840K), 0.0228470 secs] 706707K->85651K(717068K), 0.0229194 secs] [Times: user=0.02 sys=0.02, real=0.02 secs] 
2024-07-29T19:20:42.982+0800: 8.608: Total time for which application threads were stopped: 0.0230524 seconds, Stopping threads took: 0.0000213 seconds
2024-07-29T19:20:42.982+0800: 8.608: Application time: 0.0002014 seconds
2024-07-29T19:20:42.982+0800: 8.608: [GC (CMS Initial Mark) [1 CMS-initial-mark: 7826K(9228K)] 86675K(717068K), 0.0007600 secs] [Times: user=0.00 sys=0.00, real=0.00 secs] 
2024-07-29T19:20:42.983+0800: 8.609: Total time for which application threads were stopped: 0.0009387 seconds, Stopping threads took: 0.0001257 seconds
2024-07-29T19:20:42.983+0800: 8.609: [CMS-concurrent-mark-start]
2024-07-29T19:20:42.984+0800: 8.610: [CMS-concurrent-mark: 0.001/0.001 secs] [Times: user=0.00 sys=0.00, real=0.00 secs] 
2024-07-29T19:20:42.984+0800: 8.610: [CMS-concurrent-preclean-start]
2024-07-29T19:20:42.984+0800: 8.610: [CMS-concurrent-preclean: 0.000/0.000 secs] [Times: user=0.00 sys=0.00, real=0.00 secs] 
2024-07-29T19:20:42.984+0800: 8.610: [CMS-concurrent-abortable-preclean-start]
2024-07-29T19:20:43.538+0800: 9.163: [CMS-concurrent-abortable-preclean: 0.002/0.553 secs] [Times: user=0.03 sys=0.00, real=0.55 secs] 
2024-07-29T19:20:43.538+0800: 9.164: Application time: 0.5549763 seconds
2024-07-29T19:20:43.538+0800: 9.164: [GC (CMS Final Remark) [YG occupancy: 510175 K (707840 K)]2024-07-29T19:20:43.538+0800: 9.164: [Rescan (non-parallel) 2024-07-29T19:20:43.538+0800: 9.164: [grey object rescan, 0.0000569 secs]2024-07-29T19:20:43.538+0800: 9.164: [root rescan, 0.0003453 secs]2024-07-29T19:20:43.538+0800: 9.164: [visit unhandled CLDs, 0.0000144 secs]2024-07-29T19:20:43.538+0800: 9.164: [dirty klass scan, 0.0000318 secs], 0.0005075 secs]2024-07-29T19:20:43.538+0800: 9.164: [weak refs processing, 0.0000141 secs]2024-07-29T19:20:43.538+0800: 9.164: [class unloading, 0.0003493 secs]2024-07-29T19:20:43.538+0800: 9.165: [scrub symbol table, 0.0003612 secs]2024-07-29T19:20:43.539+0800: 9.165: [scrub string table, 0.0001055 secs][1 CMS-remark: 7826K(9228K)] 518001K(717068K), 0.0014341 secs] [Times: user=0.00 sys=0.00, real=0.00 secs] 
2024-07-29T19:20:43.539+0800: 9.165: Total time for which application threads were stopped: 0.0015484 seconds, Stopping threads took: 0.0000437 seconds
2024-07-29T19:20:43.539+0800: 9.165: [CMS-concurrent-sweep-start]
2024-07-29T19:20:43.539+0800: 9.166: [CMS-concurrent-sweep: 0.000/0.000 secs] [Times: user=0.00 sys=0.00, real=0.00 secs] 
2024-07-29T19:20:43.539+0800: 9.166: [CMS-concurrent-reset-start]
2024-07-29T19:20:43.540+0800: 9.166: [CMS-concurrent-reset: 0.001/0.001 secs] [Times: user=0.00 sys=0.00, real=0.00 secs] 
2024-07-29T19:20:43.668+0800: 9.294: Application time: 0.1289883 seconds
2024-07-29T19:20:43.668+0800: 9.294: [GC (Allocation Failure) 2024-07-29T19:20:43.668+0800: 9.294: [ParNew: 707073K->77825K(707840K), 0.0197238 secs] 714898K->99987K(731164K), 0.0197830 secs] [Times: user=0.03 sys=0.00, real=0.02 secs] 
2024-07-29T19:20:43.688+0800: 9.314: Total time for which application threads were stopped: 0.0198895 seconds, Stopping threads took: 0.0000185 seconds
2024-07-29T19:20:43.688+0800: 9.314: Application time: 0.0002149 seconds
2024-07-29T19:20:43.688+0800: 9.314: [GC (CMS Initial Mark) [1 CMS-initial-mark: 22161K(23324K)] 114535K(731164K), 0.0007836 secs] [Times: user=0.00 sys=0.00, real=0.00 secs] 
2024-07-29T19:20:43.689+0800: 9.315: Total time for which application threads were stopped: 0.0009999 seconds, Stopping threads took: 0.0001746 seconds
2024-07-29T19:20:43.689+0800: 9.315: [CMS-concurrent-mark-start]
2024-07-29T19:20:43.690+0800: 9.316: [CMS-concurrent-mark: 0.001/0.001 secs] [Times: user=0.00 sys=0.00, real=0.00 secs] 
2024-07-29T19:20:43.690+0800: 9.316: [CMS-concurrent-preclean-start]
2024-07-29T19:20:43.690+0800: 9.316: [CMS-concurrent-preclean: 0.000/0.000 secs] [Times: user=0.00 sys=0.00, real=0.00 secs] 
2024-07-29T19:20:43.690+0800: 9.316: [CMS-concurrent-abortable-preclean-start]
2024-07-29T19:20:44.245+0800: 9.871: [CMS-concurrent-abortable-preclean: 0.002/0.555 secs] [Times: user=0.00 sys=0.00, real=0.55 secs] 
2024-07-29T19:20:44.245+0800: 9.871: Application time: 0.5559865 seconds
2024-07-29T19:20:44.245+0800: 9.871: [GC (CMS Final Remark) [YG occupancy: 501168 K (707840 K)]2024-07-29T19:20:44.245+0800: 9.871: [Rescan (non-parallel) 2024-07-29T19:20:44.245+0800: 9.871: [grey object rescan, 0.0000438 secs]2024-07-29T19:20:44.246+0800: 9.872: [root rescan, 0.0001342 secs]2024-07-29T19:20:44.246+0800: 9.872: [visit unhandled CLDs, 0.0000082 secs]2024-07-29T19:20:44.246+0800: 9.872: [dirty klass scan, 0.0000343 secs], 0.0002639 secs]2024-07-29T19:20:44.246+0800: 9.872: [weak refs processing, 0.0000111 secs]2024-07-29T19:20:44.246+0800: 9.872: [class unloading, 0.0002328 secs]2024-07-29T19:20:44.246+0800: 9.872: [scrub symbol table, 0.0003396 secs]2024-07-29T19:20:44.246+0800: 9.872: [scrub string table, 0.0000997 secs][1 CMS-remark: 22161K(23324K)] 523330K(731164K), 0.0010184 secs] [Times: user=0.00 sys=0.00, real=0.00 secs] 
2024-07-29T19:20:44.246+0800: 9.872: Total time for which application threads were stopped: 0.0012123 seconds, Stopping threads took: 0.0001398 seconds
2024-07-29T19:20:44.247+0800: 9.873: [CMS-concurrent-sweep-start]
2024-07-29T19:20:44.248+0800: 9.874: [CMS-concurrent-sweep: 0.001/0.001 secs] [Times: user=0.00 sys=0.00, real=0.00 secs] 
2024-07-29T19:20:44.248+0800: 9.874: [CMS-concurrent-reset-start]
2024-07-29T19:20:44.248+0800: 9.875: [CMS-concurrent-reset: 0.000/0.000 secs] [Times: user=0.00 sys=0.00, real=0.00 secs] 
2024-07-29T19:20:44.480+0800: 10.106: Application time: 0.2336825 seconds
2024-07-29T19:20:44.480+0800: 10.106: [GC (Allocation Failure) 2024-07-29T19:20:44.480+0800: 10.106: [ParNew: 706183K->77825K(707840K), 0.0236804 secs] 721177K->120467K(752364K), 0.0237582 secs] [Times: user=0.03 sys=0.00, real=0.02 secs] 
2024-07-29T19:20:44.504+0800: 10.130: Total time for which application threads were stopped: 0.0238856 seconds, Stopping threads took: 0.0000230 seconds
2024-07-29T19:20:44.504+0800: 10.130: Application time: 0.0001591 seconds
2024-07-29T19:20:44.505+0800: 10.130: [GC (CMS Initial Mark) [1 CMS-initial-mark: 42642K(44524K)] 134947K(752364K), 0.0008179 secs] [Times: user=0.00 sys=0.00, real=0.00 secs] 
2024-07-29T19:20:44.505+0800: 10.131: Total time for which application threads were stopped: 0.0009710 seconds, Stopping threads took: 0.0001106 seconds
2024-07-29T19:20:44.505+0800: 10.131: [CMS-concurrent-mark-start]
2024-07-29T19:20:44.507+0800: 10.132: [CMS-concurrent-mark: 0.001/0.001 secs] [Times: user=0.00 sys=0.00, real=0.00 secs] 
2024-07-29T19:20:44.507+0800: 10.132: [CMS-concurrent-preclean-start]
2024-07-29T19:20:44.507+0800: 10.133: [CMS-concurrent-preclean: 0.000/0.000 secs] [Times: user=0.00 sys=0.00, real=0.00 secs] 
2024-07-29T19:20:44.507+0800: 10.133: [CMS-concurrent-abortable-preclean-start]
2024-07-29T19:20:45.061+0800: 10.687: [CMS-concurrent-abortable-preclean: 0.002/0.554 secs] [Times: user=0.02 sys=0.01, real=0.55 secs] 
2024-07-29T19:20:45.061+0800: 10.687: Application time: 0.5560260 seconds
2024-07-29T19:20:45.061+0800: 10.687: [GC (CMS Final Remark) [YG occupancy: 603648 K (707840 K)]2024-07-29T19:20:45.061+0800: 10.687: [Rescan (non-parallel) 2024-07-29T19:20:45.061+0800: 10.687: [grey object rescan, 0.0000756 secs]2024-07-29T19:20:45.062+0800: 10.688: [root rescan, 0.0001548 secs]2024-07-29T19:20:45.062+0800: 10.688: [visit unhandled CLDs, 0.0000084 secs]2024-07-29T19:20:45.062+0800: 10.688: [dirty klass scan, 0.0000326 secs], 0.0003115 secs]2024-07-29T19:20:45.062+0800: 10.688: [weak refs processing, 0.0000107 secs]2024-07-29T19:20:45.062+0800: 10.688: [class unloading, 0.0002233 secs]2024-07-29T19:20:45.062+0800: 10.688: [scrub symbol table, 0.0003121 secs]2024-07-29T19:20:45.062+0800: 10.688: [scrub string table, 0.0000903 secs][1 CMS-remark: 42642K(44524K)] 646290K(752364K), 0.0010324 secs] [Times: user=0.00 sys=0.00, real=0.00 secs] 
2024-07-29T19:20:45.062+0800: 10.688: Total time for which application threads were stopped: 0.0011799 seconds, Stopping threads took: 0.0001032 seconds
2024-07-29T19:20:45.063+0800: 10.689: [CMS-concurrent-sweep-start]
2024-07-29T19:20:45.064+0800: 10.690: [CMS-concurrent-sweep: 0.001/0.001 secs] [Times: user=0.00 sys=0.00, real=0.00 secs] 
2024-07-29T19:20:45.064+0800: 10.690: [CMS-concurrent-reset-start]
2024-07-29T19:20:45.064+0800: 10.690: [CMS-concurrent-reset: 0.000/0.000 secs] [Times: user=0.00 sys=0.00, real=0.00 secs] 
2024-07-29T19:20:45.172+0800: 10.798: Application time: 0.1099194 seconds
2024-07-29T19:20:45.172+0800: 10.798: [GC (Allocation Failure) 2024-07-29T19:20:45.172+0800: 10.798: [ParNew: 707073K->77825K(707840K), 0.0253906 secs] 735379K->141971K(774552K), 0.0254515 secs] [Times: user=0.06 sys=0.00, real=0.03 secs] 
2024-07-29T19:20:45.197+0800: 10.824: Total time for which application threads were stopped: 0.0255595 seconds, Stopping threads took: 0.0000187 seconds
2024-07-29T19:20:45.198+0800: 10.824: Application time: 0.0002262 seconds
2024-07-29T19:20:45.198+0800: 10.824: [GC (CMS Initial Mark) [1 CMS-initial-mark: 64146K(66712K)] 156505K(774552K), 0.0007583 secs] [Times: user=0.00 sys=0.00, real=0.00 secs] 
2024-07-29T19:20:45.199+0800: 10.825: Total time for which application threads were stopped: 0.0008783 seconds, Stopping threads took: 0.0000776 seconds
2024-07-29T19:20:45.199+0800: 10.825: [CMS-concurrent-mark-start]
2024-07-29T19:20:45.200+0800: 10.826: [CMS-concurrent-mark: 0.001/0.001 secs] [Times: user=0.00 sys=0.00, real=0.00 secs] 
2024-07-29T19:20:45.200+0800: 10.826: [CMS-concurrent-preclean-start]
2024-07-29T19:20:45.200+0800: 10.827: [CMS-concurrent-preclean: 0.000/0.000 secs] [Times: user=0.00 sys=0.00, real=0.00 secs] 
2024-07-29T19:20:45.201+0800: 10.827: [CMS-concurrent-abortable-preclean-start]
2024-07-29T19:20:45.756+0800: 11.381: [CMS-concurrent-abortable-preclean: 0.002/0.554 secs] [Times: user=0.06 sys=0.00, real=0.56 secs] 
2024-07-29T19:20:45.756+0800: 11.382: Application time: 0.5566939 seconds
2024-07-29T19:20:45.756+0800: 11.382: [GC (CMS Final Remark) [YG occupancy: 586293 K (707840 K)]2024-07-29T19:20:45.756+0800: 11.382: [Rescan (non-parallel) 2024-07-29T19:20:45.756+0800: 11.382: [grey object rescan, 0.0001155 secs]2024-07-29T19:20:45.756+0800: 11.382: [root rescan, 0.0001612 secs]2024-07-29T19:20:45.756+0800: 11.382: [visit unhandled CLDs, 0.0000078 secs]2024-07-29T19:20:45.756+0800: 11.382: [dirty klass scan, 0.0000315 secs], 0.0003842 secs]2024-07-29T19:20:45.756+0800: 11.382: [weak refs processing, 0.0000110 secs]2024-07-29T19:20:45.756+0800: 11.382: [class unloading, 0.0002109 secs]2024-07-29T19:20:45.756+0800: 11.383: [scrub symbol table, 0.0003117 secs]2024-07-29T19:20:45.756+0800: 11.383: [scrub string table, 0.0001163 secs][1 CMS-remark: 64146K(66712K)] 650440K(774552K), 0.0011255 secs] [Times: user=0.00 sys=0.00, real=0.00 secs] 
2024-07-29T19:20:45.757+0800: 11.383: Total time for which application threads were stopped: 0.0012901 seconds, Stopping threads took: 0.0001080 seconds
2024-07-29T19:20:45.757+0800: 11.383: [CMS-concurrent-sweep-start]
2024-07-29T19:20:45.758+0800: 11.385: [CMS-concurrent-sweep: 0.001/0.001 secs] [Times: user=0.00 sys=0.00, real=0.00 secs] 
2024-07-29T19:20:45.758+0800: 11.385: [CMS-concurrent-reset-start]
2024-07-29T19:20:45.758+0800: 11.385: [CMS-concurrent-reset: 0.000/0.000 secs] [Times: user=0.00 sys=0.00, real=0.00 secs] 
2024-07-29T19:20:45.868+0800: 11.494: Application time: 0.1109925 seconds
2024-07-29T19:20:45.868+0800: 11.494: [GC (Allocation Failure) 2024-07-29T19:20:45.868+0800: 11.494: [ParNew: 707073K->77825K(707840K), 0.0266261 secs] 743571K->162452K(794084K), 0.0266850 secs] [Times: user=0.03 sys=0.00, real=0.03 secs] 
2024-07-29T19:20:45.894+0800: 11.521: Total time for which application threads were stopped: 0.0268050 seconds, Stopping threads took: 0.0000197 seconds
2024-07-29T19:20:45.895+0800: 11.521: Application time: 0.0002173 seconds
2024-07-29T19:20:45.895+0800: 11.521: [GC (CMS Initial Mark) [1 CMS-initial-mark: 84626K(86244K)] 176924K(794084K), 0.0007644 secs] [Times: user=0.00 sys=0.00, real=0.00 secs] 
2024-07-29T19:20:45.895+0800: 11.522: Total time for which application threads were stopped: 0.0008816 seconds, Stopping threads took: 0.0000754 seconds
2024-07-29T19:20:45.896+0800: 11.522: [CMS-concurrent-mark-start]
2024-07-29T19:20:45.897+0800: 11.523: [CMS-concurrent-mark: 0.001/0.001 secs] [Times: user=0.00 sys=0.00, real=0.00 secs] 
2024-07-29T19:20:45.897+0800: 11.523: [CMS-concurrent-preclean-start]
2024-07-29T19:20:45.898+0800: 11.524: [CMS-concurrent-preclean: 0.001/0.001 secs] [Times: user=0.00 sys=0.00, real=0.00 secs] 
2024-07-29T19:20:45.898+0800: 11.524: [CMS-concurrent-abortable-preclean-start]
2024-07-29T19:20:45.898+0800: 11.524: [CMS-concurrent-abortable-preclean: 0.000/0.000 secs] [Times: user=0.00 sys=0.00, real=0.00 secs] 
2024-07-29T19:20:45.898+0800: 11.524: Application time: 0.0021966 seconds
2024-07-29T19:20:45.898+0800: 11.524: [GC (CMS Final Remark) [YG occupancy: 119193 K (707840 K)]2024-07-29T19:20:45.898+0800: 11.524: [Rescan (non-parallel) 2024-07-29T19:20:45.898+0800: 11.524: [grey object rescan, 0.0001268 secs]2024-07-29T19:20:45.898+0800: 11.524: [root rescan, 0.0000436 secs]2024-07-29T19:20:45.898+0800: 11.524: [visit unhandled CLDs, 0.0000077 secs]2024-07-29T19:20:45.898+0800: 11.524: [dirty klass scan, 0.0000207 secs], 0.0002295 secs]2024-07-29T19:20:45.898+0800: 11.524: [weak refs processing, 0.0000099 secs]2024-07-29T19:20:45.898+0800: 11.525: [class unloading, 0.0002442 secs]2024-07-29T19:20:45.898+0800: 11.525: [scrub symbol table, 0.0003635 secs]2024-07-29T19:20:45.899+0800: 11.525: [scrub string table, 0.0001021 secs][1 CMS-remark: 84626K(86244K)] 203819K(794084K), 0.0010087 secs] [Times: user=0.00 sys=0.00, real=0.00 secs] 
2024-07-29T19:20:45.899+0800: 11.525: Total time for which application threads were stopped: 0.0011673 seconds, Stopping threads took: 0.0001193 seconds
2024-07-29T19:20:45.899+0800: 11.526: [CMS-concurrent-sweep-start]
2024-07-29T19:20:45.900+0800: 11.527: [CMS-concurrent-sweep: 0.001/0.001 secs] [Times: user=0.00 sys=0.00, real=0.00 secs] 
2024-07-29T19:20:45.900+0800: 11.527: [CMS-concurrent-reset-start]
2024-07-29T19:20:45.901+0800: 11.527: [CMS-concurrent-reset: 0.000/0.000 secs] [Times: user=0.00 sys=0.00, real=0.00 secs] 
Heap
 par new generation   total 707840K, used 387289K [0x00000000c8000000, 0x00000000f8000000, 0x00000000f8000000)
  eden space 629248K,  49% used [0x00000000c8000000, 0x00000000dae36138, 0x00000000ee680000)
  from space 78592K,  99% used [0x00000000ee680000, 0x00000000f32804c0, 0x00000000f3340000)
  to   space 78592K,   0% used [0x00000000f3340000, 0x00000000f3340000, 0x00000000f8000000)
 concurrent mark-sweep generation total 86244K, used 48786K [0x00000000f8000000, 0x00000000fd439000, 0x0000000100000000)
 Metaspace       used 3005K, capacity 4486K, committed 4864K, reserved 1056768K
  class space    used 310K, capacity 386K, committed 512K, reserved 1048576K
2024-07-29T19:20:46.229+0800: 11.855: Application time: 0.3296250 seconds
