OpenJDK 64-Bit Server VM (25.412-b1) for windows-amd64 JRE (1.8.0_412-b1), built on Apr 23 2024 12:00:37 by "Administrator" with MS VC++ 10.0 (VS2010)
Memory: 4k page, physical 16672068k(4482260k free), swap 19811428k(4533036k free)
CommandLine flags: -XX:+CMSParallelRemarkEnabled -XX:GCDrainStackTargetSize=64 -XX:InitialHeapSize=810758960 -XX:InitialTenuringThreshold=4 -XX:MaxHeapSize=939524096 -XX:MaxNewSize=805306368 -XX:MaxTenuringThreshold=4 -XX:NewSize=805306368 -XX:OldPLABSize=16 -XX:+PrintGC -XX:+PrintGCApplicationConcurrentTime -XX:+PrintGCApplicationStoppedTime -XX:+PrintGCDateStamps -XX:+PrintGCDetails -XX:+PrintGCTimeStamps -XX:+UseCompressedClassPointers -XX:+UseCompressedOops -XX:+UseConcMarkSweepGC -XX:-UseLargePagesIndividualAllocation -XX:+UseParNewGC 
2024-07-29T19:14:03.575+0800: 1.036: Application time: 0.9608543 seconds
2024-07-29T19:14:03.576+0800: 1.036: Total time for which application threads were stopped: 0.0000929 seconds, Stopping threads took: 0.0000348 seconds
2024-07-29T19:14:03.659+0800: 1.120: Application time: 0.0835129 seconds
2024-07-29T19:14:03.659+0800: 1.120: [GC (Allocation Failure) 2024-07-29T19:14:03.659+0800: 1.120: [ParNew: 629042K->13969K(707840K), 0.0114124 secs] 629042K->13969K(713984K), 0.0117532 secs] [Times: user=0.02 sys=0.00, real=0.01 secs] 
2024-07-29T19:14:03.672+0800: 1.132: Total time for which application threads were stopped: 0.0119409 seconds, Stopping threads took: 0.0000381 seconds
2024-07-29T19:14:04.430+0800: 1.890: Application time: 0.7580562 seconds
2024-07-29T19:14:04.430+0800: 1.890: [GC (Allocation Failure) 2024-07-29T19:14:04.430+0800: 1.890: [ParNew: 643217K->8093K(707840K), 0.0047971 secs] 643217K->8093K(713984K), 0.0048659 secs] [Times: user=0.00 sys=0.00, real=0.00 secs] 
2024-07-29T19:14:04.435+0800: 1.895: Total time for which application threads were stopped: 0.0050141 seconds, Stopping threads took: 0.0000362 seconds
2024-07-29T19:14:05.142+0800: 2.602: Application time: 0.7069213 seconds
2024-07-29T19:14:05.142+0800: 2.602: [GC (Allocation Failure) 2024-07-29T19:14:05.142+0800: 2.602: [ParNew: 637341K->12253K(707840K), 0.0026820 secs] 637341K->12253K(713984K), 0.0027518 secs] [Times: user=0.00 sys=0.00, real=0.00 secs] 
2024-07-29T19:14:05.145+0800: 2.605: Total time for which application threads were stopped: 0.0028908 seconds, Stopping threads took: 0.0000189 seconds
2024-07-29T19:14:05.854+0800: 3.315: Application time: 0.7099215 seconds
2024-07-29T19:14:05.855+0800: 3.315: [GC (Allocation Failure) 2024-07-29T19:14:05.855+0800: 3.315: [ParNew: 641501K->19455K(707840K), 0.0085147 secs] 641501K->19455K(713984K), 0.0085875 secs] [Times: user=0.00 sys=0.00, real=0.01 secs] 
2024-07-29T19:14:05.863+0800: 3.323: Total time for which application threads were stopped: 0.0087269 seconds, Stopping threads took: 0.0000178 seconds
2024-07-29T19:14:06.554+0800: 4.015: Application time: 0.6914664 seconds
2024-07-29T19:14:06.554+0800: 4.015: [GC (Allocation Failure) 2024-07-29T19:14:06.554+0800: 4.015: [ParNew: 648703K->24835K(707840K), 0.0098460 secs] 648703K->25492K(713984K), 0.0099070 secs] [Times: user=0.00 sys=0.00, real=0.01 secs] 
2024-07-29T19:14:06.564+0800: 4.025: Total time for which application threads were stopped: 0.0100362 seconds, Stopping threads took: 0.0000209 seconds
2024-07-29T19:14:06.664+0800: 4.124: Application time: 0.0993812 seconds
2024-07-29T19:14:06.664+0800: 4.124: Total time for which application threads were stopped: 0.0000845 seconds, Stopping threads took: 0.0000294 seconds
2024-07-29T19:14:07.233+0800: 4.694: Application time: 0.5695237 seconds
2024-07-29T19:14:07.233+0800: 4.694: [GC (Allocation Failure) 2024-07-29T19:14:07.233+0800: 4.694: [ParNew: 654083K->33905K(707840K), 0.0113689 secs] 654740K->34562K(713984K), 0.0114345 secs] [Times: user=0.02 sys=0.02, real=0.01 secs] 
2024-07-29T19:14:07.244+0800: 4.705: Total time for which application threads were stopped: 0.0115425 seconds, Stopping threads took: 0.0000169 seconds
2024-07-29T19:14:07.920+0800: 5.381: Application time: 0.6752818 seconds
2024-07-29T19:14:07.920+0800: 5.381: [GC (Allocation Failure) 2024-07-29T19:14:07.920+0800: 5.381: [ParNew: 663153K->39960K(707840K), 0.0142658 secs] 663810K->40618K(713984K), 0.0143762 secs] [Times: user=0.03 sys=0.00, real=0.01 secs] 
2024-07-29T19:14:07.935+0800: 5.395: Total time for which application threads were stopped: 0.0144891 seconds, Stopping threads took: 0.0000169 seconds
2024-07-29T19:14:08.608+0800: 6.068: Application time: 0.6732421 seconds
2024-07-29T19:14:08.608+0800: 6.068: [GC (Allocation Failure) 2024-07-29T19:14:08.608+0800: 6.068: [ParNew: 669208K->48128K(707840K), 0.0155542 secs] 669866K->48786K(713984K), 0.0156052 secs] [Times: user=0.03 sys=0.00, real=0.02 secs] 
2024-07-29T19:14:08.624+0800: 6.084: Total time for which application threads were stopped: 0.0157316 seconds, Stopping threads took: 0.0000185 seconds
2024-07-29T19:14:09.304+0800: 6.765: Application time: 0.6807641 seconds
2024-07-29T19:14:09.304+0800: 6.765: [GC (Allocation Failure) 2024-07-29T19:14:09.304+0800: 6.765: [ParNew: 677376K->56332K(707840K), 0.0170336 secs] 678034K->56991K(713984K), 0.0170889 secs] [Times: user=0.03 sys=0.00, real=0.02 secs] 
2024-07-29T19:14:09.321+0800: 6.782: Total time for which application threads were stopped: 0.0172049 seconds, Stopping threads took: 0.0000202 seconds
2024-07-29T19:14:09.992+0800: 7.452: Application time: 0.6697724 seconds
2024-07-29T19:14:09.992+0800: 7.452: [GC (Allocation Failure) 2024-07-29T19:14:09.992+0800: 7.452: [ParNew: 685580K->64512K(707840K), 0.0238794 secs] 686239K->65171K(713984K), 0.0239642 secs] [Times: user=0.03 sys=0.00, real=0.02 secs] 
2024-07-29T19:14:10.016+0800: 7.476: Total time for which application threads were stopped: 0.0241013 seconds, Stopping threads took: 0.0000329 seconds
2024-07-29T19:14:10.710+0800: 8.170: Application time: 0.6939803 seconds
2024-07-29T19:14:10.710+0800: 8.170: [GC (Allocation Failure) 2024-07-29T19:14:10.710+0800: 8.170: [ParNew: 693383K->76801K(707840K), 0.0213299 secs] 694041K->77459K(713984K), 0.0214028 secs] [Times: user=0.01 sys=0.02, real=0.02 secs] 
2024-07-29T19:14:10.731+0800: 8.191: Total time for which application threads were stopped: 0.0215196 seconds, Stopping threads took: 0.0000224 seconds
2024-07-29T19:14:11.428+0800: 8.888: Application time: 0.6967047 seconds
2024-07-29T19:14:11.428+0800: 8.888: [GC (Allocation Failure) 2024-07-29T19:14:11.428+0800: 8.888: [ParNew: 706049K->77825K(707840K), 0.0359692 secs] 706707K->85651K(717068K), 0.0360479 secs] [Times: user=0.05 sys=0.02, real=0.04 secs] 
2024-07-29T19:14:11.464+0800: 8.924: Total time for which application threads were stopped: 0.0362031 seconds, Stopping threads took: 0.0000301 seconds
2024-07-29T19:14:11.464+0800: 8.924: Application time: 0.0001115 seconds
2024-07-29T19:14:11.464+0800: 8.925: [GC (CMS Initial Mark) [1 CMS-initial-mark: 7826K(9228K)] 86675K(717068K), 0.0002025 secs] [Times: user=0.00 sys=0.00, real=0.00 secs] 
2024-07-29T19:14:11.464+0800: 8.925: Total time for which application threads were stopped: 0.0003043 seconds, Stopping threads took: 0.0000454 seconds
2024-07-29T19:14:11.464+0800: 8.925: [CMS-concurrent-mark-start]
2024-07-29T19:14:11.466+0800: 8.926: [CMS-concurrent-mark: 0.001/0.001 secs] [Times: user=0.00 sys=0.00, real=0.00 secs] 
2024-07-29T19:14:11.466+0800: 8.926: [CMS-concurrent-preclean-start]
2024-07-29T19:14:11.466+0800: 8.927: [CMS-concurrent-preclean: 0.000/0.000 secs] [Times: user=0.00 sys=0.00, real=0.00 secs] 
2024-07-29T19:14:11.466+0800: 8.927: [CMS-concurrent-abortable-preclean-start]
2024-07-29T19:14:12.018+0800: 9.478: [CMS-concurrent-abortable-preclean: 0.001/0.552 secs] [Times: user=0.06 sys=0.00, real=0.55 secs] 
2024-07-29T19:14:12.018+0800: 9.479: Application time: 0.5538224 seconds
2024-07-29T19:14:12.018+0800: 9.479: [GC (CMS Final Remark) [YG occupancy: 510175 K (707840 K)]2024-07-29T19:14:12.018+0800: 9.479: [Rescan (parallel) , 0.0003182 secs]2024-07-29T19:14:12.018+0800: 9.479: [weak refs processing, 0.0000147 secs]2024-07-29T19:14:12.018+0800: 9.479: [class unloading, 0.0003898 secs]2024-07-29T19:14:12.019+0800: 9.479: [scrub symbol table, 0.0004023 secs]2024-07-29T19:14:12.019+0800: 9.480: [scrub string table, 0.0001206 secs][1 CMS-remark: 7826K(9228K)] 518001K(717068K), 0.0013340 secs] [Times: user=0.00 sys=0.00, real=0.00 secs] 
2024-07-29T19:14:12.019+0800: 9.480: Total time for which application threads were stopped: 0.0014061 seconds, Stopping threads took: 0.0000233 seconds
2024-07-29T19:14:12.019+0800: 9.480: [CMS-concurrent-sweep-start]
2024-07-29T19:14:12.020+0800: 9.480: [CMS-concurrent-sweep: 0.000/0.000 secs] [Times: user=0.02 sys=0.00, real=0.00 secs] 
2024-07-29T19:14:12.020+0800: 9.481: [CMS-concurrent-reset-start]
2024-07-29T19:14:12.020+0800: 9.481: [CMS-concurrent-reset: 0.001/0.001 secs] [Times: user=0.00 sys=0.00, real=0.00 secs] 
2024-07-29T19:14:12.168+0800: 9.629: Application time: 0.1491641 seconds
2024-07-29T19:14:12.168+0800: 9.629: [GC (Allocation Failure) 2024-07-29T19:14:12.168+0800: 9.629: [ParNew: 707073K->77825K(707840K), 0.0263642 secs] 714898K->99987K(731164K), 0.0264485 secs] [Times: user=0.06 sys=0.00, real=0.03 secs] 
2024-07-29T19:14:12.195+0800: 9.656: Total time for which application threads were stopped: 0.0265732 seconds, Stopping threads took: 0.0000198 seconds
2024-07-29T19:14:12.195+0800: 9.656: Application time: 0.0001549 seconds
2024-07-29T19:14:12.195+0800: 9.656: [GC (CMS Initial Mark) [1 CMS-initial-mark: 22161K(23324K)] 114535K(731164K), 0.0003178 secs] [Times: user=0.00 sys=0.00, real=0.00 secs] 
2024-07-29T19:14:12.196+0800: 9.656: Total time for which application threads were stopped: 0.0004597 seconds, Stopping threads took: 0.0000845 seconds
2024-07-29T19:14:12.196+0800: 9.656: [CMS-concurrent-mark-start]
2024-07-29T19:14:12.197+0800: 9.658: [CMS-concurrent-mark: 0.001/0.001 secs] [Times: user=0.00 sys=0.00, real=0.00 secs] 
2024-07-29T19:14:12.197+0800: 9.658: [CMS-concurrent-preclean-start]
2024-07-29T19:14:12.197+0800: 9.658: [CMS-concurrent-preclean: 0.000/0.000 secs] [Times: user=0.00 sys=0.00, real=0.00 secs] 
2024-07-29T19:14:12.197+0800: 9.658: [CMS-concurrent-abortable-preclean-start]
2024-07-29T19:14:12.748+0800: 10.208: [CMS-concurrent-abortable-preclean: 0.001/0.551 secs] [Times: user=0.03 sys=0.00, real=0.55 secs] 
2024-07-29T19:14:12.748+0800: 10.209: Application time: 0.5522645 seconds
2024-07-29T19:14:12.748+0800: 10.209: [GC (CMS Final Remark) [YG occupancy: 498096 K (707840 K)]2024-07-29T19:14:12.748+0800: 10.209: [Rescan (parallel) , 0.0008437 secs]2024-07-29T19:14:12.749+0800: 10.210: [weak refs processing, 0.0000198 secs]2024-07-29T19:14:12.749+0800: 10.210: [class unloading, 0.0003058 secs]2024-07-29T19:14:12.749+0800: 10.210: [scrub symbol table, 0.0004447 secs]2024-07-29T19:14:12.750+0800: 10.210: [scrub string table, 0.0001543 secs][1 CMS-remark: 22161K(23324K)] 520258K(731164K), 0.0018649 secs] [Times: user=0.00 sys=0.00, real=0.00 secs] 
2024-07-29T19:14:12.750+0800: 10.211: Total time for which application threads were stopped: 0.0019436 seconds, Stopping threads took: 0.0000222 seconds
2024-07-29T19:14:12.750+0800: 10.211: [CMS-concurrent-sweep-start]
2024-07-29T19:14:12.750+0800: 10.211: [CMS-concurrent-sweep: 0.000/0.000 secs] [Times: user=0.00 sys=0.00, real=0.00 secs] 
2024-07-29T19:14:12.750+0800: 10.211: [CMS-concurrent-reset-start]
2024-07-29T19:14:12.750+0800: 10.211: [CMS-concurrent-reset: 0.000/0.000 secs] [Times: user=0.00 sys=0.00, real=0.00 secs] 
2024-07-29T19:14:12.998+0800: 10.458: Application time: 0.2478852 seconds
2024-07-29T19:14:12.998+0800: 10.459: [GC (Allocation Failure) 2024-07-29T19:14:12.998+0800: 10.459: [ParNew: 706183K->77825K(707840K), 0.0238278 secs] 721177K->120467K(752364K), 0.0238885 secs] [Times: user=0.05 sys=0.01, real=0.02 secs] 
2024-07-29T19:14:13.022+0800: 10.483: Total time for which application threads were stopped: 0.0240149 seconds, Stopping threads took: 0.0000212 seconds
2024-07-29T19:14:13.022+0800: 10.483: Application time: 0.0001799 seconds
2024-07-29T19:14:13.023+0800: 10.483: [GC (CMS Initial Mark) [1 CMS-initial-mark: 42642K(44524K)] 134947K(752364K), 0.0007653 secs] [Times: user=0.00 sys=0.00, real=0.00 secs] 
2024-07-29T19:14:13.023+0800: 10.484: Total time for which application threads were stopped: 0.0009594 seconds, Stopping threads took: 0.0001462 seconds
2024-07-29T19:14:13.023+0800: 10.484: [CMS-concurrent-mark-start]
2024-07-29T19:14:13.025+0800: 10.485: [CMS-concurrent-mark: 0.001/0.001 secs] [Times: user=0.00 sys=0.00, real=0.00 secs] 
2024-07-29T19:14:13.025+0800: 10.485: [CMS-concurrent-preclean-start]
2024-07-29T19:14:13.025+0800: 10.485: [CMS-concurrent-preclean: 0.000/0.000 secs] [Times: user=0.00 sys=0.00, real=0.00 secs] 
2024-07-29T19:14:13.025+0800: 10.485: [CMS-concurrent-abortable-preclean-start]
2024-07-29T19:14:13.581+0800: 11.042: [CMS-concurrent-abortable-preclean: 0.002/0.556 secs] [Times: user=0.06 sys=0.00, real=0.56 secs] 
2024-07-29T19:14:13.582+0800: 11.042: Application time: 0.5584281 seconds
2024-07-29T19:14:13.582+0800: 11.042: [GC (CMS Final Remark) [YG occupancy: 603648 K (707840 K)]2024-07-29T19:14:13.582+0800: 11.042: [Rescan (parallel) , 0.0009747 secs]2024-07-29T19:14:13.583+0800: 11.043: [weak refs processing, 0.0000185 secs]2024-07-29T19:14:13.583+0800: 11.043: [class unloading, 0.0001985 secs]2024-07-29T19:14:13.583+0800: 11.043: [scrub symbol table, 0.0003216 secs]2024-07-29T19:14:13.583+0800: 11.044: [scrub string table, 0.0001132 secs][1 CMS-remark: 42642K(44524K)] 646290K(752364K), 0.0017124 secs] [Times: user=0.00 sys=0.00, real=0.00 secs] 
2024-07-29T19:14:13.583+0800: 11.044: Total time for which application threads were stopped: 0.0018429 seconds, Stopping threads took: 0.0000823 seconds
2024-07-29T19:14:13.584+0800: 11.044: [CMS-concurrent-sweep-start]
2024-07-29T19:14:13.585+0800: 11.045: [CMS-concurrent-sweep: 0.001/0.001 secs] [Times: user=0.00 sys=0.00, real=0.00 secs] 
2024-07-29T19:14:13.585+0800: 11.045: [CMS-concurrent-reset-start]
2024-07-29T19:14:13.585+0800: 11.046: [CMS-concurrent-reset: 0.000/0.000 secs] [Times: user=0.00 sys=0.00, real=0.00 secs] 
2024-07-29T19:14:13.707+0800: 11.168: Application time: 0.1237891 seconds
2024-07-29T19:14:13.707+0800: 11.168: [GC (Allocation Failure) 2024-07-29T19:14:13.707+0800: 11.168: [ParNew: 707073K->77825K(707840K), 0.0260974 secs] 735379K->141971K(774552K), 0.0261645 secs] [Times: user=0.03 sys=0.00, real=0.03 secs] 
2024-07-29T19:14:13.733+0800: 11.194: Total time for which application threads were stopped: 0.0262778 seconds, Stopping threads took: 0.0000197 seconds
2024-07-29T19:14:13.733+0800: 11.194: Application time: 0.0002203 seconds
2024-07-29T19:14:13.733+0800: 11.194: [GC (CMS Initial Mark) [1 CMS-initial-mark: 64146K(66712K)] 156505K(774552K), 0.0008197 secs] [Times: user=0.00 sys=0.00, real=0.00 secs] 
2024-07-29T19:14:13.734+0800: 11.195: Total time for which application threads were stopped: 0.0009370 seconds, Stopping threads took: 0.0000753 seconds
2024-07-29T19:14:13.734+0800: 11.195: [CMS-concurrent-mark-start]
2024-07-29T19:14:13.736+0800: 11.197: [CMS-concurrent-mark: 0.001/0.001 secs] [Times: user=0.00 sys=0.00, real=0.00 secs] 
2024-07-29T19:14:13.736+0800: 11.197: [CMS-concurrent-preclean-start]
2024-07-29T19:14:13.736+0800: 11.197: [CMS-concurrent-preclean: 0.000/0.000 secs] [Times: user=0.00 sys=0.00, real=0.00 secs] 
2024-07-29T19:14:13.736+0800: 11.197: [CMS-concurrent-abortable-preclean-start]
2024-07-29T19:14:14.290+0800: 11.750: [CMS-concurrent-abortable-preclean: 0.001/0.553 secs] [Times: user=0.02 sys=0.00, real=0.55 secs] 
2024-07-29T19:14:14.290+0800: 11.750: Application time: 0.5547300 seconds
2024-07-29T19:14:14.290+0800: 11.750: [GC (CMS Final Remark) [YG occupancy: 586293 K (707840 K)]2024-07-29T19:14:14.290+0800: 11.750: [Rescan (parallel) , 0.0003552 secs]2024-07-29T19:14:14.290+0800: 11.750: [weak refs processing, 0.0000142 secs]2024-07-29T19:14:14.290+0800: 11.750: [class unloading, 0.0002456 secs]2024-07-29T19:14:14.290+0800: 11.751: [scrub symbol table, 0.0003600 secs]2024-07-29T19:14:14.291+0800: 11.751: [scrub string table, 0.0001003 secs][1 CMS-remark: 64146K(66712K)] 650440K(774552K), 0.0011507 secs] [Times: user=0.00 sys=0.00, real=0.00 secs] 
2024-07-29T19:14:14.291+0800: 11.751: Total time for which application threads were stopped: 0.0012851 seconds, Stopping threads took: 0.0000231 seconds
2024-07-29T19:14:14.291+0800: 11.751: [CMS-concurrent-sweep-start]
2024-07-29T19:14:14.292+0800: 11.752: [CMS-concurrent-sweep: 0.000/0.000 secs] [Times: user=0.00 sys=0.00, real=0.00 secs] 
2024-07-29T19:14:14.292+0800: 11.752: [CMS-concurrent-reset-start]
2024-07-29T19:14:14.292+0800: 11.752: [CMS-concurrent-reset: 0.000/0.000 secs] [Times: user=0.00 sys=0.00, real=0.00 secs] 
2024-07-29T19:14:14.439+0800: 11.899: Application time: 0.1480857 seconds
2024-07-29T19:14:14.439+0800: 11.899: [GC (Allocation Failure) 2024-07-29T19:14:14.439+0800: 11.899: [ParNew: 707073K->77825K(707840K), 0.0640236 secs] 743571K->162452K(794084K), 0.0641662 secs] [Times: user=0.09 sys=0.00, real=0.07 secs] 
2024-07-29T19:14:14.504+0800: 11.964: Total time for which application threads were stopped: 0.0644271 seconds, Stopping threads took: 0.0000728 seconds
2024-07-29T19:14:14.504+0800: 11.964: Application time: 0.0001280 seconds
2024-07-29T19:14:14.504+0800: 11.964: [GC (CMS Initial Mark) [1 CMS-initial-mark: 84626K(86244K)] 163476K(794084K), 0.0002120 secs] [Times: user=0.00 sys=0.00, real=0.00 secs] 
2024-07-29T19:14:14.504+0800: 11.964: Total time for which application threads were stopped: 0.0003336 seconds, Stopping threads took: 0.0000702 seconds
2024-07-29T19:14:14.504+0800: 11.964: [CMS-concurrent-mark-start]
2024-07-29T19:14:14.505+0800: 11.965: [CMS-concurrent-mark: 0.001/0.001 secs] [Times: user=0.05 sys=0.00, real=0.00 secs] 
2024-07-29T19:14:14.505+0800: 11.965: [CMS-concurrent-preclean-start]
2024-07-29T19:14:14.506+0800: 11.966: [CMS-concurrent-preclean: 0.000/0.000 secs] [Times: user=0.00 sys=0.00, real=0.00 secs] 
2024-07-29T19:14:14.506+0800: 11.966: [CMS-concurrent-abortable-preclean-start]
2024-07-29T19:14:14.506+0800: 11.966: [CMS-concurrent-abortable-preclean: 0.000/0.000 secs] [Times: user=0.00 sys=0.00, real=0.00 secs] 
2024-07-29T19:14:14.540+0800: 12.000: Application time: 0.0363115 seconds
2024-07-29T19:14:14.540+0800: 12.001: [GC (CMS Final Remark) [YG occupancy: 159536 K (707840 K)]2024-07-29T19:14:14.540+0800: 12.001: [Rescan (parallel) , 0.0003529 secs]2024-07-29T19:14:14.541+0800: 12.001: [weak refs processing, 0.0000254 secs]2024-07-29T19:14:14.541+0800: 12.001: [class unloading, 0.0003999 secs]2024-07-29T19:14:14.541+0800: 12.001: [scrub symbol table, 0.0007178 secs]2024-07-29T19:14:14.542+0800: 12.002: [scrub string table, 0.0001997 secs][1 CMS-remark: 84626K(86244K)] 244163K(794084K), 0.0018434 secs] [Times: user=0.00 sys=0.00, real=0.00 secs] 
2024-07-29T19:14:14.542+0800: 12.002: Total time for which application threads were stopped: 0.0019666 seconds, Stopping threads took: 0.0000371 seconds
2024-07-29T19:14:14.543+0800: 12.003: [CMS-concurrent-sweep-start]
2024-07-29T19:14:14.543+0800: 12.004: [CMS-concurrent-sweep: 0.000/0.000 secs] [Times: user=0.00 sys=0.00, real=0.00 secs] 
2024-07-29T19:14:14.544+0800: 12.004: [CMS-concurrent-reset-start]
2024-07-29T19:14:14.544+0800: 12.004: [CMS-concurrent-reset: 0.000/0.000 secs] [Times: user=0.00 sys=0.00, real=0.00 secs] 
Heap
 par new generation   total 707840K, used 387289K [0x00000000c8000000, 0x00000000f8000000, 0x00000000f8000000)
  eden space 629248K,  49% used [0x00000000c8000000, 0x00000000dae36138, 0x00000000ee680000)
  from space 78592K,  99% used [0x00000000ee680000, 0x00000000f32804c0, 0x00000000f3340000)
  to   space 78592K,   0% used [0x00000000f3340000, 0x00000000f3340000, 0x00000000f8000000)
 concurrent mark-sweep generation total 86244K, used 48786K [0x00000000f8000000, 0x00000000fd439000, 0x0000000100000000)
 Metaspace       used 3005K, capacity 4486K, committed 4864K, reserved 1056768K
  class space    used 310K, capacity 386K, committed 512K, reserved 1048576K
2024-07-29T19:14:14.931+0800: 12.391: Application time: 0.3886121 seconds
