OpenJDK 64-Bit Server VM (25.412-b1) for windows-amd64 JRE (1.8.0_412-b1), built on Apr 23 2024 12:00:37 by "Administrator" with MS VC++ 10.0 (VS2010)
Memory: 4k page, physical 16672068k(4950020k free), swap 19162436k(3463876k free)
CommandLine flags: -XX:GCDrainStackTargetSize=64 -XX:InitialHeapSize=266753088 -XX:MaxHeapSize=939524096 -XX:MaxTenuringThreshold=6 -XX:NewRatio=2 -XX:OldPLABSize=16 -XX:+PrintGC -XX:+PrintGCApplicationConcurrentTime -XX:+PrintGCApplicationStoppedTime -XX:+PrintGCDateStamps -XX:+PrintGCDetails -XX:+PrintGCTimeStamps -XX:+UseCompressedClassPointers -XX:+UseCompressedOops -XX:+UseConcMarkSweepGC -XX:-UseLargePagesIndividualAllocation -XX:+UseParNewGC 
2024-07-28T11:23:08.221+0800: 0.122: Application time: 0.0407822 seconds
2024-07-28T11:23:08.222+0800: 0.122: [GC (Allocation Failure) 2024-07-28T11:23:08.222+0800: 0.122: [ParNew: 68984K->7897K(78656K), 0.0375653 secs] 68984K->68316K(253440K), 0.0378040 secs] [Times: user=0.13 sys=0.05, real=0.04 secs] 
2024-07-28T11:23:08.259+0800: 0.160: Total time for which application threads were stopped: 0.0379592 seconds, Stopping threads took: 0.0000266 seconds
2024-07-28T11:23:08.368+0800: 0.268: Application time: 0.1082181 seconds
2024-07-28T11:23:08.368+0800: 0.268: [GC (Allocation Failure) 2024-07-28T11:23:08.368+0800: 0.268: [ParNew: 76867K->8480K(78656K), 0.0242863 secs] 137286K->137131K(253440K), 0.0243457 secs] [Times: user=0.03 sys=0.02, real=0.02 secs] 
2024-07-28T11:23:08.393+0800: 0.292: Total time for which application threads were stopped: 0.0244561 seconds, Stopping threads took: 0.0000192 seconds
2024-07-28T11:23:08.393+0800: 0.293: Application time: 0.0002688 seconds
2024-07-28T11:23:08.393+0800: 0.293: [GC (CMS Initial Mark) [1 CMS-initial-mark: 128651K(174784K)] 140558K(253440K), 0.0007218 secs] [Times: user=0.00 sys=0.00, real=0.00 secs] 
2024-07-28T11:23:08.394+0800: 0.293: Total time for which application threads were stopped: 0.0008233 seconds, Stopping threads took: 0.0000600 seconds
2024-07-28T11:23:08.394+0800: 0.293: [CMS-concurrent-mark-start]
2024-07-28T11:23:08.397+0800: 0.296: [CMS-concurrent-mark: 0.003/0.003 secs] [Times: user=0.05 sys=0.00, real=0.00 secs] 
2024-07-28T11:23:08.397+0800: 0.297: [CMS-concurrent-preclean-start]
2024-07-28T11:23:08.398+0800: 0.297: [CMS-concurrent-preclean: 0.001/0.001 secs] [Times: user=0.00 sys=0.00, real=0.00 secs] 
2024-07-28T11:23:08.398+0800: 0.297: [CMS-concurrent-abortable-preclean-start]
2024-07-28T11:23:08.509+0800: 0.409: Application time: 0.1152474 seconds
2024-07-28T11:23:08.509+0800: 0.409: [GC (Allocation Failure) 2024-07-28T11:23:08.509+0800: 0.409: [ParNew: 77443K->28K(78656K), 0.0007671 secs] 206095K->128682K(253440K), 0.0008465 secs] [Times: user=0.00 sys=0.00, real=0.00 secs] 
2024-07-28T11:23:08.510+0800: 0.410: Total time for which application threads were stopped: 0.0009848 seconds, Stopping threads took: 0.0000313 seconds
2024-07-28T11:23:08.515+0800: 0.414: Application time: 0.0044884 seconds
2024-07-28T11:23:08.515+0800: 0.414: [GC (Allocation Failure) 2024-07-28T11:23:08.515+0800: 0.414: [ParNew: 68997K->8196K(78656K), 0.0290931 secs] 197650K->197266K(268860K), 0.0291405 secs] [Times: user=0.06 sys=0.01, real=0.03 secs] 
2024-07-28T11:23:08.544+0800: 0.443: Total time for which application threads were stopped: 0.0292369 seconds, Stopping threads took: 0.0000155 seconds
2024-07-28T11:23:08.654+0800: 0.554: Application time: 0.1108159 seconds
2024-07-28T11:23:08.654+0800: 0.554: [GC (Allocation Failure) 2024-07-28T11:23:08.654+0800: 0.554: [ParNew: 77168K->8192K(78656K), 0.0254757 secs] 266238K->265872K(337736K), 0.0255339 secs] [Times: user=0.08 sys=0.00, real=0.02 secs] 
2024-07-28T11:23:08.679+0800: 0.580: Total time for which application threads were stopped: 0.0256449 seconds, Stopping threads took: 0.0000199 seconds
2024-07-28T11:23:08.680+0800: 0.580: [CMS-concurrent-abortable-preclean: 0.003/0.282 secs] [Times: user=0.14 sys=0.01, real=0.28 secs] 
2024-07-28T11:23:08.680+0800: 0.580: Application time: 0.0002251 seconds
2024-07-28T11:23:08.680+0800: 0.580: [GC (CMS Final Remark) [YG occupancy: 11628 K (78656 K)]2024-07-28T11:23:08.680+0800: 0.580: [Rescan (parallel) , 0.0007096 secs]2024-07-28T11:23:08.681+0800: 0.581: [weak refs processing, 0.0000127 secs]2024-07-28T11:23:08.681+0800: 0.581: [class unloading, 0.0002074 secs]2024-07-28T11:23:08.681+0800: 0.581: [scrub symbol table, 0.0003487 secs]2024-07-28T11:23:08.681+0800: 0.582: [scrub string table, 0.0001119 secs][1 CMS-remark: 257680K(259080K)] 269308K(337736K), 0.0015297 secs] [Times: user=0.00 sys=0.00, real=0.00 secs] 
2024-07-28T11:23:08.681+0800: 0.582: Total time for which application threads were stopped: 0.0017052 seconds, Stopping threads took: 0.0001393 seconds
2024-07-28T11:23:08.682+0800: 0.582: [CMS-concurrent-sweep-start]
2024-07-28T11:23:08.683+0800: 0.583: [CMS-concurrent-sweep: 0.001/0.001 secs] [Times: user=0.00 sys=0.00, real=0.00 secs] 
2024-07-28T11:23:08.684+0800: 0.585: [CMS-concurrent-reset-start]
2024-07-28T11:23:08.689+0800: 0.589: [CMS-concurrent-reset: 0.004/0.004 secs] [Times: user=0.00 sys=0.00, real=0.00 secs] 
2024-07-28T11:23:08.794+0800: 0.693: Application time: 0.1116988 seconds
2024-07-28T11:23:08.794+0800: 0.693: [GC (Allocation Failure) 2024-07-28T11:23:08.794+0800: 0.694: [ParNew: 77165K->1024K(78656K), 0.0012857 secs] 334844K->258703K(508124K), 0.0013551 secs] [Times: user=0.00 sys=0.00, real=0.00 secs] 
2024-07-28T11:23:08.795+0800: 0.695: Total time for which application threads were stopped: 0.0014700 seconds, Stopping threads took: 0.0000218 seconds
2024-07-28T11:23:08.795+0800: 0.695: Application time: 0.0001270 seconds
2024-07-28T11:23:08.795+0800: 0.695: [GC (CMS Initial Mark) [1 CMS-initial-mark: 257679K(429468K)] 262140K(508124K), 0.0007256 secs] [Times: user=0.00 sys=0.00, real=0.00 secs] 
2024-07-28T11:23:08.796+0800: 0.696: Total time for which application threads were stopped: 0.0008293 seconds, Stopping threads took: 0.0000625 seconds
2024-07-28T11:23:08.796+0800: 0.696: [CMS-concurrent-mark-start]
2024-07-28T11:23:08.800+0800: 0.699: [CMS-concurrent-mark: 0.003/0.003 secs] [Times: user=0.00 sys=0.00, real=0.00 secs] 
2024-07-28T11:23:08.800+0800: 0.699: [CMS-concurrent-preclean-start]
2024-07-28T11:23:08.801+0800: 0.700: [CMS-concurrent-preclean: 0.001/0.001 secs] [Times: user=0.00 sys=0.00, real=0.00 secs] 
2024-07-28T11:23:08.801+0800: 0.701: [CMS-concurrent-abortable-preclean-start]
2024-07-28T11:23:08.802+0800: 0.701: Application time: 0.0054783 seconds
2024-07-28T11:23:08.802+0800: 0.701: [GC (Allocation Failure) 2024-07-28T11:23:08.802+0800: 0.701: [ParNew: 69998K->8192K(78656K), 0.0359886 secs] 327677K->327312K(508124K), 0.0360424 secs] [Times: user=0.05 sys=0.02, real=0.04 secs] 
2024-07-28T11:23:08.838+0800: 0.737: Total time for which application threads were stopped: 0.0361581 seconds, Stopping threads took: 0.0000179 seconds
2024-07-28T11:23:08.957+0800: 0.856: Application time: 0.1188749 seconds
2024-07-28T11:23:08.957+0800: 0.856: [GC (Allocation Failure) 2024-07-28T11:23:08.957+0800: 0.856: [ParNew: 77167K->8192K(78656K), 0.0368662 secs] 396287K->395921K(508124K), 0.0369249 secs] [Times: user=0.16 sys=0.03, real=0.04 secs] 
2024-07-28T11:23:08.994+0800: 0.893: Total time for which application threads were stopped: 0.0370363 seconds, Stopping threads took: 0.0000196 seconds
2024-07-28T11:23:08.994+0800: 0.893: [CMS-concurrent-abortable-preclean: 0.004/0.193 secs] [Times: user=0.22 sys=0.05, real=0.19 secs] 
2024-07-28T11:23:08.994+0800: 0.894: Application time: 0.0002766 seconds
2024-07-28T11:23:08.994+0800: 0.894: [GC (CMS Final Remark) [YG occupancy: 13678 K (78656 K)]2024-07-28T11:23:08.994+0800: 0.894: [Rescan (parallel) , 0.0009677 secs]2024-07-28T11:23:08.995+0800: 0.895: [weak refs processing, 0.0000125 secs]2024-07-28T11:23:08.995+0800: 0.895: [class unloading, 0.0001747 secs]2024-07-28T11:23:08.995+0800: 0.895: [scrub symbol table, 0.0003485 secs]2024-07-28T11:23:08.996+0800: 0.895: [scrub string table, 0.0001133 secs][1 CMS-remark: 387729K(429468K)] 401408K(508124K), 0.0016788 secs] [Times: user=0.00 sys=0.00, real=0.00 secs] 
2024-07-28T11:23:08.996+0800: 0.895: Total time for which application threads were stopped: 0.0018008 seconds, Stopping threads took: 0.0000818 seconds
2024-07-28T11:23:08.996+0800: 0.896: [CMS-concurrent-sweep-start]
2024-07-28T11:23:08.997+0800: 0.897: [CMS-concurrent-sweep: 0.001/0.001 secs] [Times: user=0.00 sys=0.00, real=0.00 secs] 
2024-07-28T11:23:08.997+0800: 0.897: [CMS-concurrent-reset-start]
2024-07-28T11:23:08.999+0800: 0.898: [CMS-concurrent-reset: 0.001/0.001 secs] [Times: user=0.00 sys=0.00, real=0.00 secs] 
2024-07-28T11:23:09.112+0800: 1.012: Application time: 0.1162555 seconds
2024-07-28T11:23:09.112+0800: 1.012: [GC (Allocation Failure) 2024-07-28T11:23:09.112+0800: 1.012: [ParNew: 77167K->2048K(78656K), 0.0012937 secs] 207869K->132749K(508124K), 0.0013528 secs] [Times: user=0.00 sys=0.00, real=0.00 secs] 
2024-07-28T11:23:09.114+0800: 1.013: Total time for which application threads were stopped: 0.0014756 seconds, Stopping threads took: 0.0000219 seconds
2024-07-28T11:23:09.118+0800: 1.018: Application time: 0.0045751 seconds
2024-07-28T11:23:09.118+0800: 1.018: [GC (Allocation Failure) 2024-07-28T11:23:09.118+0800: 1.018: [ParNew: 71024K->8192K(78656K), 0.0250006 secs] 201725K->201358K(508124K), 0.0250469 secs] [Times: user=0.03 sys=0.00, real=0.02 secs] 
2024-07-28T11:23:09.144+0800: 1.043: Total time for which application threads were stopped: 0.0251557 seconds, Stopping threads took: 0.0000160 seconds
2024-07-28T11:23:09.144+0800: 1.043: Application time: 0.0000895 seconds
2024-07-28T11:23:09.144+0800: 1.043: [GC (CMS Initial Mark) [1 CMS-initial-mark: 193166K(429468K)] 202382K(508124K), 0.0006829 secs] [Times: user=0.00 sys=0.00, real=0.00 secs] 
2024-07-28T11:23:09.144+0800: 1.044: Total time for which application threads were stopped: 0.0008708 seconds, Stopping threads took: 0.0001414 seconds
2024-07-28T11:23:09.145+0800: 1.044: [CMS-concurrent-mark-start]
2024-07-28T11:23:09.147+0800: 1.046: [CMS-concurrent-mark: 0.002/0.002 secs] [Times: user=0.05 sys=0.00, real=0.00 secs] 
2024-07-28T11:23:09.147+0800: 1.046: [CMS-concurrent-preclean-start]
2024-07-28T11:23:09.147+0800: 1.047: [CMS-concurrent-preclean: 0.001/0.001 secs] [Times: user=0.00 sys=0.00, real=0.00 secs] 
2024-07-28T11:23:09.147+0800: 1.047: [CMS-concurrent-abortable-preclean-start]
2024-07-28T11:23:09.258+0800: 1.157: Application time: 0.1131813 seconds
2024-07-28T11:23:09.258+0800: 1.157: [GC (Allocation Failure) 2024-07-28T11:23:09.258+0800: 1.157: [ParNew: 77168K->8192K(78656K), 0.0121536 secs] 270334K->269967K(508124K), 0.0122113 secs] [Times: user=0.00 sys=0.00, real=0.01 secs] 
2024-07-28T11:23:09.270+0800: 1.169: Total time for which application threads were stopped: 0.0123251 seconds, Stopping threads took: 0.0000187 seconds
2024-07-28T11:23:09.381+0800: 1.281: Application time: 0.1114753 seconds
2024-07-28T11:23:09.382+0800: 1.281: [GC (Allocation Failure) 2024-07-28T11:23:09.382+0800: 1.281: [ParNew: 77168K->3072K(78656K), 0.0017435 secs] 338943K->264847K(508124K), 0.0018007 secs] [Times: user=0.00 sys=0.00, real=0.00 secs] 
2024-07-28T11:23:09.383+0800: 1.283: Total time for which application threads were stopped: 0.0019197 seconds, Stopping threads took: 0.0000240 seconds
2024-07-28T11:23:09.388+0800: 1.287: Application time: 0.0043545 seconds
2024-07-28T11:23:09.388+0800: 1.287: [GC (Allocation Failure) 2024-07-28T11:23:09.388+0800: 1.287: [ParNew: 72048K->8192K(78656K), 0.0114888 secs] 333823K->333456K(508124K), 0.0115359 secs] [Times: user=0.03 sys=0.00, real=0.01 secs] 
2024-07-28T11:23:09.399+0800: 1.299: Total time for which application threads were stopped: 0.0116328 seconds, Stopping threads took: 0.0000147 seconds
2024-07-28T11:23:09.399+0800: 1.299: [CMS-concurrent-abortable-preclean: 0.004/0.252 secs] [Times: user=0.06 sys=0.00, real=0.25 secs] 
2024-07-28T11:23:09.400+0800: 1.299: Application time: 0.0002482 seconds
2024-07-28T11:23:09.400+0800: 1.299: [GC (CMS Final Remark) [YG occupancy: 11631 K (78656 K)]2024-07-28T11:23:09.400+0800: 1.299: [Rescan (parallel) , 0.0008346 secs]2024-07-28T11:23:09.401+0800: 1.300: [weak refs processing, 0.0000170 secs]2024-07-28T11:23:09.401+0800: 1.300: [class unloading, 0.0001747 secs]2024-07-28T11:23:09.401+0800: 1.300: [scrub symbol table, 0.0003431 secs]2024-07-28T11:23:09.401+0800: 1.301: [scrub string table, 0.0001018 secs][1 CMS-remark: 325264K(429468K)] 336895K(508124K), 0.0015349 secs] [Times: user=0.00 sys=0.00, real=0.00 secs] 
2024-07-28T11:23:09.401+0800: 1.301: Total time for which application threads were stopped: 0.0016503 seconds, Stopping threads took: 0.0000800 seconds
2024-07-28T11:23:09.402+0800: 1.301: [CMS-concurrent-sweep-start]
2024-07-28T11:23:09.403+0800: 1.303: [CMS-concurrent-sweep: 0.002/0.002 secs] [Times: user=0.00 sys=0.00, real=0.00 secs] 
2024-07-28T11:23:09.403+0800: 1.303: [CMS-concurrent-reset-start]
2024-07-28T11:23:09.404+0800: 1.303: [CMS-concurrent-reset: 0.001/0.001 secs] [Times: user=0.00 sys=0.00, real=0.00 secs] 
2024-07-28T11:23:09.508+0800: 1.408: Application time: 0.1072801 seconds
2024-07-28T11:23:09.509+0800: 1.408: [GC (Allocation Failure) 2024-07-28T11:23:09.509+0800: 1.408: [ParNew: 77168K->8192K(78656K), 0.0142058 secs] 272383K->272015K(508124K), 0.0142597 secs] [Times: user=0.03 sys=0.00, real=0.01 secs] 
2024-07-28T11:23:09.523+0800: 1.422: Total time for which application threads were stopped: 0.0143882 seconds, Stopping threads took: 0.0000285 seconds
2024-07-28T11:23:09.523+0800: 1.423: Application time: 0.0002247 seconds
2024-07-28T11:23:09.523+0800: 1.423: [GC (CMS Initial Mark) [1 CMS-initial-mark: 263823K(429468K)] 275455K(508124K), 0.0002921 secs] [Times: user=0.00 sys=0.00, real=0.00 secs] 
2024-07-28T11:23:09.523+0800: 1.423: Total time for which application threads were stopped: 0.0004165 seconds, Stopping threads took: 0.0000797 seconds
2024-07-28T11:23:09.524+0800: 1.423: [CMS-concurrent-mark-start]
2024-07-28T11:23:09.527+0800: 1.427: [CMS-concurrent-mark: 0.004/0.004 secs] [Times: user=0.00 sys=0.00, real=0.00 secs] 
2024-07-28T11:23:09.527+0800: 1.427: [CMS-concurrent-preclean-start]
2024-07-28T11:23:09.528+0800: 1.428: [CMS-concurrent-preclean: 0.001/0.001 secs] [Times: user=0.00 sys=0.00, real=0.00 secs] 
2024-07-28T11:23:09.528+0800: 1.428: [CMS-concurrent-abortable-preclean-start]
2024-07-28T11:23:09.634+0800: 1.533: Application time: 0.1101394 seconds
2024-07-28T11:23:09.634+0800: 1.533: [GC (Allocation Failure) 2024-07-28T11:23:09.634+0800: 1.533: [ParNew: 77168K->4096K(78656K), 0.0016205 secs] 340992K->267919K(508124K), 0.0016886 secs] [Times: user=0.00 sys=0.00, real=0.00 secs] 
2024-07-28T11:23:09.636+0800: 1.535: Total time for which application threads were stopped: 0.0018281 seconds, Stopping threads took: 0.0000215 seconds
2024-07-28T11:23:09.641+0800: 1.541: Application time: 0.0059367 seconds
2024-07-28T11:23:09.641+0800: 1.541: [GC (Allocation Failure) 2024-07-28T11:23:09.642+0800: 1.541: [ParNew: 73072K->8192K(78656K), 0.0121496 secs] 336896K->336528K(508124K), 0.0122275 secs] [Times: user=0.03 sys=0.00, real=0.01 secs] 
2024-07-28T11:23:09.654+0800: 1.553: Total time for which application threads were stopped: 0.0123403 seconds, Stopping threads took: 0.0000195 seconds
2024-07-28T11:23:09.761+0800: 1.660: Application time: 0.1069969 seconds
2024-07-28T11:23:09.761+0800: 1.660: [GC (Allocation Failure) 2024-07-28T11:23:09.761+0800: 1.660: [ParNew: 77168K->8192K(78656K), 0.0118315 secs] 405505K->405137K(508124K), 0.0119197 secs] [Times: user=0.03 sys=0.00, real=0.01 secs] 
2024-07-28T11:23:09.773+0800: 1.672: Total time for which application threads were stopped: 0.0120342 seconds, Stopping threads took: 0.0000191 seconds
2024-07-28T11:23:09.773+0800: 1.672: [CMS-concurrent-abortable-preclean: 0.005/0.244 secs] [Times: user=0.06 sys=0.00, real=0.24 secs] 
2024-07-28T11:23:09.773+0800: 1.672: Application time: 0.0001255 seconds
2024-07-28T11:23:09.773+0800: 1.673: [GC (CMS Final Remark) [YG occupancy: 9216 K (78656 K)]2024-07-28T11:23:09.773+0800: 1.673: [Rescan (parallel) , 0.0004254 secs]2024-07-28T11:23:09.774+0800: 1.673: [weak refs processing, 0.0001051 secs]2024-07-28T11:23:09.774+0800: 1.673: [class unloading, 0.0001858 secs]2024-07-28T11:23:09.774+0800: 1.673: [scrub symbol table, 0.0003549 secs]2024-07-28T11:23:09.774+0800: 1.674: [scrub string table, 0.0000923 secs][1 CMS-remark: 396945K(429468K)] 406161K(508124K), 0.0012443 secs] [Times: user=0.00 sys=0.00, real=0.00 secs] 
2024-07-28T11:23:09.774+0800: 1.674: Total time for which application threads were stopped: 0.0013969 seconds, Stopping threads took: 0.0001127 seconds
2024-07-28T11:23:09.774+0800: 1.674: [CMS-concurrent-sweep-start]
2024-07-28T11:23:09.776+0800: 1.675: [CMS-concurrent-sweep: 0.001/0.001 secs] [Times: user=0.00 sys=0.00, real=0.00 secs] 
2024-07-28T11:23:09.776+0800: 1.675: [CMS-concurrent-reset-start]
2024-07-28T11:23:09.777+0800: 1.677: [CMS-concurrent-reset: 0.001/0.001 secs] [Times: user=0.00 sys=0.00, real=0.00 secs] 
2024-07-28T11:23:09.885+0800: 1.784: Application time: 0.1102051 seconds
2024-07-28T11:23:09.885+0800: 1.784: [GC (Allocation Failure) 2024-07-28T11:23:09.885+0800: 1.784: [ParNew: 77168K->5120K(78656K), 0.0021471 secs] 343040K->270991K(521776K), 0.0022147 secs] [Times: user=0.00 sys=0.00, real=0.00 secs] 
2024-07-28T11:23:09.887+0800: 1.786: Total time for which application threads were stopped: 0.0023258 seconds, Stopping threads took: 0.0000214 seconds
2024-07-28T11:23:09.887+0800: 1.787: Application time: 0.0002194 seconds
2024-07-28T11:23:09.887+0800: 1.787: [GC (CMS Initial Mark) [1 CMS-initial-mark: 265871K(443120K)] 274431K(521776K), 0.0007767 secs] [Times: user=0.00 sys=0.00, real=0.00 secs] 
2024-07-28T11:23:09.888+0800: 1.788: Total time for which application threads were stopped: 0.0009068 seconds, Stopping threads took: 0.0000897 seconds
2024-07-28T11:23:09.888+0800: 1.788: [CMS-concurrent-mark-start]
2024-07-28T11:23:09.892+0800: 1.791: [CMS-concurrent-mark: 0.004/0.004 secs] [Times: user=0.00 sys=0.00, real=0.00 secs] 
2024-07-28T11:23:09.892+0800: 1.791: [CMS-concurrent-preclean-start]
2024-07-28T11:23:09.893+0800: 1.792: [CMS-concurrent-preclean: 0.001/0.001 secs] [Times: user=0.00 sys=0.00, real=0.00 secs] 
2024-07-28T11:23:09.893+0800: 1.792: Application time: 0.0049447 seconds
2024-07-28T11:23:09.893+0800: 1.793: [GC (Allocation Failure) 2024-07-28T11:23:09.893+0800: 1.793: [ParNew: 74096K->8192K(78656K), 0.0120236 secs] 339968K->339600K(521776K), 0.0120704 secs] [Times: user=0.03 sys=0.00, real=0.01 secs] 
2024-07-28T11:23:09.905+0800: 1.805: Total time for which application threads were stopped: 0.0121639 seconds, Stopping threads took: 0.0000123 seconds
2024-07-28T11:23:09.905+0800: 1.805: Application time: 0.0003267 seconds
2024-07-28T11:23:09.906+0800: 1.805: [GC (CMS Final Remark) [YG occupancy: 12655 K (78656 K)]2024-07-28T11:23:09.906+0800: 1.805: [Rescan (parallel) , 0.0008297 secs]2024-07-28T11:23:09.906+0800: 1.806: [weak refs processing, 0.0000126 secs]2024-07-28T11:23:09.906+0800: 1.806: [class unloading, 0.0001827 secs]2024-07-28T11:23:09.907+0800: 1.806: [scrub symbol table, 0.0003419 secs]2024-07-28T11:23:09.907+0800: 1.807: [scrub string table, 0.0001142 secs][1 CMS-remark: 331408K(443120K)] 344064K(521776K), 0.0015433 secs] [Times: user=0.00 sys=0.00, real=0.00 secs] 
2024-07-28T11:23:09.907+0800: 1.807: Total time for which application threads were stopped: 0.0016647 seconds, Stopping threads took: 0.0000847 seconds
2024-07-28T11:23:09.907+0800: 1.807: [CMS-concurrent-sweep-start]
2024-07-28T11:23:09.909+0800: 1.808: [CMS-concurrent-sweep: 0.001/0.001 secs] [Times: user=0.00 sys=0.00, real=0.00 secs] 
2024-07-28T11:23:09.909+0800: 1.808: [CMS-concurrent-reset-start]
2024-07-28T11:23:09.910+0800: 1.809: [CMS-concurrent-reset: 0.001/0.001 secs] [Times: user=0.00 sys=0.00, real=0.00 secs] 
2024-07-28T11:23:10.014+0800: 1.913: Application time: 0.1065666 seconds
2024-07-28T11:23:10.014+0800: 1.913: [GC (Allocation Failure) 2024-07-28T11:23:10.014+0800: 1.913: [ParNew: 77168K->8192K(78656K), 0.0121672 secs] 143357K->142989K(521776K), 0.0122257 secs] [Times: user=0.03 sys=0.00, real=0.01 secs] 
2024-07-28T11:23:10.026+0800: 1.926: Total time for which application threads were stopped: 0.0123514 seconds, Stopping threads took: 0.0000198 seconds
2024-07-28T11:23:10.139+0800: 2.038: Application time: 0.1127580 seconds
2024-07-28T11:23:10.139+0800: 2.038: [GC (Allocation Failure) 2024-07-28T11:23:10.139+0800: 2.038: [ParNew: 77168K->6144K(78656K), 0.0023157 secs] 211966K->140941K(521776K), 0.0023765 secs] [Times: user=0.00 sys=0.00, real=0.00 secs] 
2024-07-28T11:23:10.141+0800: 2.041: Total time for which application threads were stopped: 0.0024890 seconds, Stopping threads took: 0.0000223 seconds
2024-07-28T11:23:10.146+0800: 2.045: Application time: 0.0043328 seconds
2024-07-28T11:23:10.146+0800: 2.045: [GC (Allocation Failure) 2024-07-28T11:23:10.146+0800: 2.045: [ParNew: 75120K->8192K(78656K), 0.0123593 secs] 209918K->209550K(521776K), 0.0124072 secs] [Times: user=0.00 sys=0.00, real=0.01 secs] 
2024-07-28T11:23:10.158+0800: 2.058: Total time for which application threads were stopped: 0.0125053 seconds, Stopping threads took: 0.0000149 seconds
2024-07-28T11:23:10.158+0800: 2.058: Application time: 0.0002160 seconds
2024-07-28T11:23:10.159+0800: 2.058: [GC (CMS Initial Mark) [1 CMS-initial-mark: 201358K(443120K)] 212990K(521776K), 0.0007466 secs] [Times: user=0.00 sys=0.00, real=0.00 secs] 
2024-07-28T11:23:10.159+0800: 2.059: Total time for which application threads were stopped: 0.0009714 seconds, Stopping threads took: 0.0001830 seconds
2024-07-28T11:23:10.159+0800: 2.059: [CMS-concurrent-mark-start]
2024-07-28T11:23:10.162+0800: 2.061: [CMS-concurrent-mark: 0.002/0.002 secs] [Times: user=0.05 sys=0.00, real=0.00 secs] 
2024-07-28T11:23:10.162+0800: 2.061: [CMS-concurrent-preclean-start]
2024-07-28T11:23:10.162+0800: 2.062: [CMS-concurrent-preclean: 0.001/0.001 secs] [Times: user=0.00 sys=0.00, real=0.00 secs] 
2024-07-28T11:23:10.162+0800: 2.062: [CMS-concurrent-abortable-preclean-start]
2024-07-28T11:23:10.268+0800: 2.167: Application time: 0.1085139 seconds
2024-07-28T11:23:10.268+0800: 2.167: [GC (Allocation Failure) 2024-07-28T11:23:10.268+0800: 2.168: [ParNew: 77168K->8192K(78656K), 0.0119386 secs] 278527K->278159K(521776K), 0.0120005 secs] [Times: user=0.03 sys=0.00, real=0.01 secs] 
2024-07-28T11:23:10.280+0800: 2.180: Total time for which application threads were stopped: 0.0121394 seconds, Stopping threads took: 0.0000398 seconds
2024-07-28T11:23:10.390+0800: 2.290: Application time: 0.1104479 seconds
2024-07-28T11:23:10.390+0800: 2.290: [GC (Allocation Failure) 2024-07-28T11:23:10.390+0800: 2.290: [ParNew: 77168K->7168K(78656K), 0.0023441 secs] 347136K->277135K(521776K), 0.0023975 secs] [Times: user=0.00 sys=0.00, real=0.00 secs] 
2024-07-28T11:23:10.393+0800: 2.292: Total time for which application threads were stopped: 0.0025177 seconds, Stopping threads took: 0.0000201 seconds
2024-07-28T11:23:10.393+0800: 2.293: [CMS-concurrent-abortable-preclean: 0.005/0.231 secs] [Times: user=0.03 sys=0.00, real=0.23 secs] 
2024-07-28T11:23:10.393+0800: 2.293: Application time: 0.0003188 seconds
2024-07-28T11:23:10.393+0800: 2.293: [GC (CMS Final Remark) [YG occupancy: 11631 K (78656 K)]2024-07-28T11:23:10.393+0800: 2.293: [Rescan (parallel) , 0.0007902 secs]2024-07-28T11:23:10.394+0800: 2.294: [weak refs processing, 0.0000131 secs]2024-07-28T11:23:10.394+0800: 2.294: [class unloading, 0.0001973 secs]2024-07-28T11:23:10.394+0800: 2.294: [scrub symbol table, 0.0003293 secs]2024-07-28T11:23:10.394+0800: 2.294: [scrub string table, 0.0001133 secs][1 CMS-remark: 269967K(443120K)] 281599K(521776K), 0.0015052 secs] [Times: user=0.00 sys=0.00, real=0.00 secs] 
2024-07-28T11:23:10.394+0800: 2.294: Total time for which application threads were stopped: 0.0016123 seconds, Stopping threads took: 0.0000719 seconds
2024-07-28T11:23:10.395+0800: 2.295: [CMS-concurrent-sweep-start]
2024-07-28T11:23:10.396+0800: 2.296: [CMS-concurrent-sweep: 0.001/0.001 secs] [Times: user=0.00 sys=0.00, real=0.00 secs] 
2024-07-28T11:23:10.396+0800: 2.296: [CMS-concurrent-reset-start]
2024-07-28T11:23:10.397+0800: 2.297: [CMS-concurrent-reset: 0.001/0.001 secs] [Times: user=0.00 sys=0.00, real=0.00 secs] 
2024-07-28T11:23:10.399+0800: 2.299: Application time: 0.0047302 seconds
2024-07-28T11:23:10.399+0800: 2.299: [GC (Allocation Failure) 2024-07-28T11:23:10.399+0800: 2.299: [ParNew: 76144K->8192K(78656K), 0.0115938 secs] 211966K->211598K(521776K), 0.0116445 secs] [Times: user=0.03 sys=0.00, real=0.01 secs] 
2024-07-28T11:23:10.411+0800: 2.311: Total time for which application threads were stopped: 0.0117396 seconds, Stopping threads took: 0.0000129 seconds
2024-07-28T11:23:10.411+0800: 2.311: Application time: 0.0002169 seconds
2024-07-28T11:23:10.411+0800: 2.311: [GC (CMS Initial Mark) [1 CMS-initial-mark: 203406K(443120K)] 215038K(521776K), 0.0007837 secs] [Times: user=0.00 sys=0.00, real=0.00 secs] 
2024-07-28T11:23:10.412+0800: 2.312: Total time for which application threads were stopped: 0.0009056 seconds, Stopping threads took: 0.0000808 seconds
2024-07-28T11:23:10.412+0800: 2.312: [CMS-concurrent-mark-start]
2024-07-28T11:23:10.414+0800: 2.314: [CMS-concurrent-mark: 0.002/0.002 secs] [Times: user=0.00 sys=0.00, real=0.00 secs] 
2024-07-28T11:23:10.414+0800: 2.314: [CMS-concurrent-preclean-start]
2024-07-28T11:23:10.415+0800: 2.315: [CMS-concurrent-preclean: 0.001/0.001 secs] [Times: user=0.00 sys=0.00, real=0.00 secs] 
2024-07-28T11:23:10.415+0800: 2.315: [CMS-concurrent-abortable-preclean-start]
2024-07-28T11:23:10.518+0800: 2.417: Application time: 0.1053220 seconds
2024-07-28T11:23:10.518+0800: 2.417: [GC (Allocation Failure) 2024-07-28T11:23:10.518+0800: 2.417: [ParNew: 77168K->8192K(78656K), 0.0119387 secs] 280575K->280207K(521776K), 0.0119991 secs] [Times: user=0.01 sys=0.02, real=0.01 secs] 
2024-07-28T11:23:10.530+0800: 2.429: Total time for which application threads were stopped: 0.0121146 seconds, Stopping threads took: 0.0000235 seconds
2024-07-28T11:23:10.642+0800: 2.543: Application time: 0.1130537 seconds
2024-07-28T11:23:10.642+0800: 2.543: [GC (Allocation Failure) 2024-07-28T11:23:10.642+0800: 2.543: [ParNew: 77168K->8192K(78656K), 0.0028123 secs] 349184K->280207K(521776K), 0.0028708 secs] [Times: user=0.00 sys=0.02, real=0.00 secs] 
2024-07-28T11:23:10.645+0800: 2.546: Total time for which application threads were stopped: 0.0029819 seconds, Stopping threads took: 0.0000194 seconds
2024-07-28T11:23:10.645+0800: 2.546: [CMS-concurrent-abortable-preclean: 0.003/0.231 secs] [Times: user=0.01 sys=0.03, real=0.23 secs] 
2024-07-28T11:23:10.645+0800: 2.546: Application time: 0.0003346 seconds
2024-07-28T11:23:10.646+0800: 2.546: [GC (CMS Final Remark) [YG occupancy: 12655 K (78656 K)]2024-07-28T11:23:10.646+0800: 2.546: [Rescan (parallel) , 0.0009941 secs]2024-07-28T11:23:10.647+0800: 2.547: [weak refs processing, 0.0000129 secs]2024-07-28T11:23:10.647+0800: 2.547: [class unloading, 0.0001754 secs]2024-07-28T11:23:10.647+0800: 2.547: [scrub symbol table, 0.0003187 secs]2024-07-28T11:23:10.647+0800: 2.548: [scrub string table, 0.0000917 secs][1 CMS-remark: 272015K(443120K)] 284671K(521776K), 0.0016561 secs] [Times: user=0.00 sys=0.00, real=0.00 secs] 
2024-07-28T11:23:10.647+0800: 2.548: Total time for which application threads were stopped: 0.0018589 seconds, Stopping threads took: 0.0001651 seconds
2024-07-28T11:23:10.648+0800: 2.548: [CMS-concurrent-sweep-start]
2024-07-28T11:23:10.649+0800: 2.549: [CMS-concurrent-sweep: 0.001/0.001 secs] [Times: user=0.00 sys=0.00, real=0.00 secs] 
2024-07-28T11:23:10.649+0800: 2.549: [CMS-concurrent-reset-start]
2024-07-28T11:23:10.651+0800: 2.550: [CMS-concurrent-reset: 0.001/0.001 secs] [Times: user=0.00 sys=0.00, real=0.00 secs] 
2024-07-28T11:23:10.654+0800: 2.553: Application time: 0.0053626 seconds
2024-07-28T11:23:10.654+0800: 2.553: [GC (Allocation Failure) 2024-07-28T11:23:10.654+0800: 2.553: [ParNew: 77168K->8192K(78656K), 0.0123619 secs] 214014K->213646K(521776K), 0.0124151 secs] [Times: user=0.03 sys=0.00, real=0.01 secs] 
2024-07-28T11:23:10.665+0800: 2.566: Total time for which application threads were stopped: 0.0125344 seconds, Stopping threads took: 0.0000306 seconds
2024-07-28T11:23:10.665+0800: 2.566: Application time: 0.0002632 seconds
2024-07-28T11:23:10.666+0800: 2.566: [GC (CMS Initial Mark) [1 CMS-initial-mark: 205454K(443120K)] 217086K(521776K), 0.0008332 secs] [Times: user=0.00 sys=0.00, real=0.00 secs] 
2024-07-28T11:23:10.666+0800: 2.567: Total time for which application threads were stopped: 0.0009632 seconds, Stopping threads took: 0.0000864 seconds
2024-07-28T11:23:10.667+0800: 2.567: [CMS-concurrent-mark-start]
2024-07-28T11:23:10.669+0800: 2.569: [CMS-concurrent-mark: 0.002/0.002 secs] [Times: user=0.00 sys=0.00, real=0.00 secs] 
2024-07-28T11:23:10.669+0800: 2.569: [CMS-concurrent-preclean-start]
2024-07-28T11:23:10.669+0800: 2.570: [CMS-concurrent-preclean: 0.001/0.001 secs] [Times: user=0.00 sys=0.00, real=0.00 secs] 
2024-07-28T11:23:10.670+0800: 2.570: [CMS-concurrent-abortable-preclean-start]
2024-07-28T11:23:10.787+0800: 2.688: Application time: 0.1206870 seconds
2024-07-28T11:23:10.787+0800: 2.688: [GC (Allocation Failure) 2024-07-28T11:23:10.787+0800: 2.688: [ParNew: 77168K->8192K(78656K), 0.0121361 secs] 282623K->282255K(521776K), 0.0121954 secs] [Times: user=0.00 sys=0.00, real=0.01 secs] 
2024-07-28T11:23:10.799+0800: 2.700: Total time for which application threads were stopped: 0.0123058 seconds, Stopping threads took: 0.0000188 seconds
2024-07-28T11:23:10.912+0800: 2.812: Application time: 0.1125060 seconds
2024-07-28T11:23:10.912+0800: 2.812: [GC (Allocation Failure) 2024-07-28T11:23:10.912+0800: 2.812: [ParNew: 77168K->8192K(78656K), 0.0025933 secs] 351232K->283279K(521776K), 0.0026552 secs] [Times: user=0.00 sys=0.00, real=0.00 secs] 
2024-07-28T11:23:10.915+0800: 2.815: Total time for which application threads were stopped: 0.0027592 seconds, Stopping threads took: 0.0000195 seconds
2024-07-28T11:23:10.915+0800: 2.815: [CMS-concurrent-abortable-preclean: 0.005/0.245 secs] [Times: user=0.06 sys=0.00, real=0.24 secs] 
2024-07-28T11:23:10.915+0800: 2.815: Application time: 0.0003006 seconds
2024-07-28T11:23:10.915+0800: 2.816: [GC (CMS Final Remark) [YG occupancy: 12655 K (78656 K)]2024-07-28T11:23:10.915+0800: 2.816: [Rescan (parallel) , 0.0006937 secs]2024-07-28T11:23:10.916+0800: 2.816: [weak refs processing, 0.0000128 secs]2024-07-28T11:23:10.916+0800: 2.816: [class unloading, 0.0001738 secs]2024-07-28T11:23:10.916+0800: 2.816: [scrub symbol table, 0.0003463 secs]2024-07-28T11:23:10.916+0800: 2.817: [scrub string table, 0.0001149 secs][1 CMS-remark: 275087K(443120K)] 287743K(521776K), 0.0014030 secs] [Times: user=0.00 sys=0.00, real=0.00 secs] 
2024-07-28T11:23:10.917+0800: 2.817: Total time for which application threads were stopped: 0.0015130 seconds, Stopping threads took: 0.0000757 seconds
2024-07-28T11:23:10.917+0800: 2.817: [CMS-concurrent-sweep-start]
2024-07-28T11:23:10.918+0800: 2.818: [CMS-concurrent-sweep: 0.001/0.001 secs] [Times: user=0.00 sys=0.00, real=0.00 secs] 
2024-07-28T11:23:10.918+0800: 2.819: [CMS-concurrent-reset-start]
2024-07-28T11:23:10.919+0800: 2.820: [CMS-concurrent-reset: 0.001/0.001 secs] [Times: user=0.00 sys=0.00, real=0.00 secs] 
2024-07-28T11:23:10.922+0800: 2.822: Application time: 0.0048870 seconds
2024-07-28T11:23:10.922+0800: 2.822: [GC (Allocation Failure) 2024-07-28T11:23:10.922+0800: 2.822: [ParNew: 77168K->8192K(78656K), 0.0118178 secs] 216062K->215694K(521776K), 0.0118669 secs] [Times: user=0.03 sys=0.00, real=0.01 secs] 
2024-07-28T11:23:10.933+0800: 2.834: Total time for which application threads were stopped: 0.0119720 seconds, Stopping threads took: 0.0000165 seconds
2024-07-28T11:23:10.934+0800: 2.834: Application time: 0.0002079 seconds
2024-07-28T11:23:10.934+0800: 2.834: [GC (CMS Initial Mark) [1 CMS-initial-mark: 207502K(443120K)] 219134K(521776K), 0.0008204 secs] [Times: user=0.00 sys=0.00, real=0.00 secs] 
2024-07-28T11:23:10.935+0800: 2.835: Total time for which application threads were stopped: 0.0010208 seconds, Stopping threads took: 0.0001590 seconds
2024-07-28T11:23:10.935+0800: 2.835: [CMS-concurrent-mark-start]
2024-07-28T11:23:10.937+0800: 2.837: [CMS-concurrent-mark: 0.002/0.002 secs] [Times: user=0.00 sys=0.00, real=0.00 secs] 
2024-07-28T11:23:10.937+0800: 2.837: [CMS-concurrent-preclean-start]
2024-07-28T11:23:10.937+0800: 2.838: [CMS-concurrent-preclean: 0.001/0.001 secs] [Times: user=0.00 sys=0.00, real=0.00 secs] 
2024-07-28T11:23:10.937+0800: 2.838: [CMS-concurrent-abortable-preclean-start]
2024-07-28T11:23:11.055+0800: 2.956: Application time: 0.1205584 seconds
2024-07-28T11:23:11.055+0800: 2.956: [GC (Allocation Failure) 2024-07-28T11:23:11.055+0800: 2.956: [ParNew: 77168K->8192K(78656K), 0.0117389 secs] 284671K->284303K(521776K), 0.0118159 secs] [Times: user=0.03 sys=0.00, real=0.01 secs] 
2024-07-28T11:23:11.068+0800: 2.968: Total time for which application threads were stopped: 0.0119556 seconds, Stopping threads took: 0.0000202 seconds
2024-07-28T11:23:11.177+0800: 3.078: Application time: 0.1100873 seconds
2024-07-28T11:23:11.177+0800: 3.078: [GC (Allocation Failure) 2024-07-28T11:23:11.177+0800: 3.078: [ParNew: 77168K->8192K(78656K), 0.0027382 secs] 353280K->286351K(521776K), 0.0027942 secs] [Times: user=0.00 sys=0.00, real=0.00 secs] 
2024-07-28T11:23:11.180+0800: 3.081: Total time for which application threads were stopped: 0.0029014 seconds, Stopping threads took: 0.0000175 seconds
2024-07-28T11:23:11.180+0800: 3.081: [CMS-concurrent-abortable-preclean: 0.005/0.243 secs] [Times: user=0.03 sys=0.00, real=0.24 secs] 
2024-07-28T11:23:11.181+0800: 3.081: Application time: 0.0003085 seconds
2024-07-28T11:23:11.181+0800: 3.081: [GC (CMS Final Remark) [YG occupancy: 12655 K (78656 K)]2024-07-28T11:23:11.181+0800: 3.081: [Rescan (parallel) , 0.0007393 secs]2024-07-28T11:23:11.181+0800: 3.082: [weak refs processing, 0.0000131 secs]2024-07-28T11:23:11.181+0800: 3.082: [class unloading, 0.0001845 secs]2024-07-28T11:23:11.182+0800: 3.082: [scrub symbol table, 0.0003405 secs]2024-07-28T11:23:11.182+0800: 3.082: [scrub string table, 0.0001119 secs][1 CMS-remark: 278159K(443120K)] 290815K(521776K), 0.0014509 secs] [Times: user=0.00 sys=0.00, real=0.00 secs] 
2024-07-28T11:23:11.182+0800: 3.082: Total time for which application threads were stopped: 0.0015414 seconds, Stopping threads took: 0.0000466 seconds
2024-07-28T11:23:11.182+0800: 3.083: [CMS-concurrent-sweep-start]
2024-07-28T11:23:11.184+0800: 3.084: [CMS-concurrent-sweep: 0.001/0.001 secs] [Times: user=0.00 sys=0.00, real=0.00 secs] 
2024-07-28T11:23:11.184+0800: 3.084: [CMS-concurrent-reset-start]
2024-07-28T11:23:11.185+0800: 3.085: [CMS-concurrent-reset: 0.001/0.001 secs] [Times: user=0.00 sys=0.00, real=0.00 secs] 
2024-07-28T11:23:11.187+0800: 3.087: Application time: 0.0050125 seconds
2024-07-28T11:23:11.187+0800: 3.087: [GC (Allocation Failure) 2024-07-28T11:23:11.187+0800: 3.087: [ParNew: 77168K->8192K(78656K), 0.0125915 secs] 218110K->217742K(521776K), 0.0126530 secs] [Times: user=0.03 sys=0.00, real=0.01 secs] 
2024-07-28T11:23:11.200+0800: 3.100: Total time for which application threads were stopped: 0.0127470 seconds, Stopping threads took: 0.0000132 seconds
2024-07-28T11:23:11.200+0800: 3.101: Application time: 0.0004109 seconds
2024-07-28T11:23:11.200+0800: 3.101: [GC (CMS Initial Mark) [1 CMS-initial-mark: 209550K(443120K)] 222206K(521776K), 0.0007208 secs] [Times: user=0.00 sys=0.00, real=0.00 secs] 
2024-07-28T11:23:11.201+0800: 3.101: Total time for which application threads were stopped: 0.0008576 seconds, Stopping threads took: 0.0000942 seconds
2024-07-28T11:23:11.201+0800: 3.102: [CMS-concurrent-mark-start]
2024-07-28T11:23:11.203+0800: 3.103: [CMS-concurrent-mark: 0.002/0.002 secs] [Times: user=0.00 sys=0.00, real=0.00 secs] 
2024-07-28T11:23:11.203+0800: 3.103: [CMS-concurrent-preclean-start]
2024-07-28T11:23:11.204+0800: 3.104: [CMS-concurrent-preclean: 0.001/0.001 secs] [Times: user=0.00 sys=0.00, real=0.00 secs] 
2024-07-28T11:23:11.204+0800: 3.104: [CMS-concurrent-abortable-preclean-start]
2024-07-28T11:23:11.321+0800: 3.221: Application time: 0.1190738 seconds
2024-07-28T11:23:11.321+0800: 3.221: [GC (Allocation Failure) 2024-07-28T11:23:11.321+0800: 3.221: [ParNew: 77168K->8192K(78656K), 0.0119198 secs] 286719K->286351K(521776K), 0.0119843 secs] [Times: user=0.00 sys=0.00, real=0.01 secs] 
2024-07-28T11:23:11.333+0800: 3.233: Total time for which application threads were stopped: 0.0120955 seconds, Stopping threads took: 0.0000206 seconds
2024-07-28T11:23:11.446+0800: 3.346: Application time: 0.1129727 seconds
2024-07-28T11:23:11.446+0800: 3.346: [GC (Allocation Failure) 2024-07-28T11:23:11.446+0800: 3.346: [ParNew: 77168K->8192K(78656K), 0.0026498 secs] 355328K->289423K(521776K), 0.0027026 secs] [Times: user=0.00 sys=0.00, real=0.00 secs] 
2024-07-28T11:23:11.449+0800: 3.348: Total time for which application threads were stopped: 0.0028088 seconds, Stopping threads took: 0.0000206 seconds
2024-07-28T11:23:11.449+0800: 3.348: [CMS-concurrent-abortable-preclean: 0.005/0.244 secs] [Times: user=0.00 sys=0.00, real=0.24 secs] 
2024-07-28T11:23:11.449+0800: 3.349: Application time: 0.0003249 seconds
2024-07-28T11:23:11.449+0800: 3.349: [GC (CMS Final Remark) [YG occupancy: 12655 K (78656 K)]2024-07-28T11:23:11.449+0800: 3.349: [Rescan (parallel) , 0.0008253 secs]2024-07-28T11:23:11.450+0800: 3.350: [weak refs processing, 0.0000125 secs]2024-07-28T11:23:11.450+0800: 3.350: [class unloading, 0.0001732 secs]2024-07-28T11:23:11.450+0800: 3.350: [scrub symbol table, 0.0003549 secs]2024-07-28T11:23:11.451+0800: 3.350: [scrub string table, 0.0001029 secs][1 CMS-remark: 281231K(443120K)] 293887K(521776K), 0.0015433 secs] [Times: user=0.00 sys=0.00, real=0.00 secs] 
2024-07-28T11:23:11.451+0800: 3.350: Total time for which application threads were stopped: 0.0016403 seconds, Stopping threads took: 0.0000630 seconds
2024-07-28T11:23:11.451+0800: 3.351: [CMS-concurrent-sweep-start]
2024-07-28T11:23:11.453+0800: 3.352: [CMS-concurrent-sweep: 0.001/0.001 secs] [Times: user=0.00 sys=0.00, real=0.00 secs] 
2024-07-28T11:23:11.453+0800: 3.352: [CMS-concurrent-reset-start]
2024-07-28T11:23:11.454+0800: 3.353: [CMS-concurrent-reset: 0.001/0.001 secs] [Times: user=0.00 sys=0.00, real=0.00 secs] 
2024-07-28T11:23:11.456+0800: 3.355: Application time: 0.0047098 seconds
2024-07-28T11:23:11.456+0800: 3.355: [GC (Allocation Failure) 2024-07-28T11:23:11.456+0800: 3.355: [ParNew: 77168K->8192K(78656K), 0.0119261 secs] 220158K->219790K(521776K), 0.0119748 secs] [Times: user=0.03 sys=0.00, real=0.01 secs] 
2024-07-28T11:23:11.468+0800: 3.367: Total time for which application threads were stopped: 0.0120677 seconds, Stopping threads took: 0.0000123 seconds
2024-07-28T11:23:11.468+0800: 3.367: Application time: 0.0002755 seconds
2024-07-28T11:23:11.468+0800: 3.368: [GC (CMS Initial Mark) [1 CMS-initial-mark: 211598K(443120K)] 223230K(521776K), 0.0006079 secs] [Times: user=0.00 sys=0.00, real=0.00 secs] 
2024-07-28T11:23:11.469+0800: 3.368: Total time for which application threads were stopped: 0.0007742 seconds, Stopping threads took: 0.0001239 seconds
2024-07-28T11:23:11.469+0800: 3.368: [CMS-concurrent-mark-start]
2024-07-28T11:23:11.471+0800: 3.370: [CMS-concurrent-mark: 0.002/0.002 secs] [Times: user=0.00 sys=0.00, real=0.00 secs] 
2024-07-28T11:23:11.471+0800: 3.370: [CMS-concurrent-preclean-start]
2024-07-28T11:23:11.471+0800: 3.371: [CMS-concurrent-preclean: 0.001/0.001 secs] [Times: user=0.00 sys=0.00, real=0.00 secs] 
2024-07-28T11:23:11.471+0800: 3.371: [CMS-concurrent-abortable-preclean-start]
2024-07-28T11:23:11.574+0800: 3.473: Application time: 0.1052596 seconds
2024-07-28T11:23:11.574+0800: 3.474: [GC (Allocation Failure) 2024-07-28T11:23:11.574+0800: 3.474: [ParNew: 77168K->8192K(78656K), 0.0120765 secs] 288767K->288399K(521776K), 0.0121354 secs] [Times: user=0.03 sys=0.00, real=0.01 secs] 
2024-07-28T11:23:11.586+0800: 3.486: Total time for which application threads were stopped: 0.0122529 seconds, Stopping threads took: 0.0000197 seconds
2024-07-28T11:23:11.697+0800: 3.597: Application time: 0.1110334 seconds
2024-07-28T11:23:11.697+0800: 3.597: [GC (Allocation Failure) 2024-07-28T11:23:11.697+0800: 3.597: [ParNew: 77168K->8192K(78656K), 0.0029110 secs] 357376K->292495K(521776K), 0.0029710 secs] [Times: user=0.00 sys=0.00, real=0.00 secs] 
2024-07-28T11:23:11.700+0800: 3.600: Total time for which application threads were stopped: 0.0030797 seconds, Stopping threads took: 0.0000197 seconds
2024-07-28T11:23:11.700+0800: 3.600: [CMS-concurrent-abortable-preclean: 0.004/0.229 secs] [Times: user=0.03 sys=0.00, real=0.23 secs] 
2024-07-28T11:23:11.701+0800: 3.600: Application time: 0.0004116 seconds
2024-07-28T11:23:11.701+0800: 3.600: [GC (CMS Final Remark) [YG occupancy: 12655 K (78656 K)]2024-07-28T11:23:11.701+0800: 3.600: [Rescan (parallel) , 0.0010260 secs]2024-07-28T11:23:11.702+0800: 3.601: [weak refs processing, 0.0000128 secs]2024-07-28T11:23:11.702+0800: 3.601: [class unloading, 0.0001759 secs]2024-07-28T11:23:11.702+0800: 3.602: [scrub symbol table, 0.0003338 secs]2024-07-28T11:23:11.702+0800: 3.602: [scrub string table, 0.0001203 secs][1 CMS-remark: 284303K(443120K)] 296959K(521776K), 0.0017317 secs] [Times: user=0.00 sys=0.00, real=0.00 secs] 
2024-07-28T11:23:11.703+0800: 3.602: Total time for which application threads were stopped: 0.0018832 seconds, Stopping threads took: 0.0001153 seconds
2024-07-28T11:23:11.703+0800: 3.602: [CMS-concurrent-sweep-start]
2024-07-28T11:23:11.704+0800: 3.604: [CMS-concurrent-sweep: 0.001/0.001 secs] [Times: user=0.00 sys=0.00, real=0.00 secs] 
2024-07-28T11:23:11.704+0800: 3.604: [CMS-concurrent-reset-start]
2024-07-28T11:23:11.706+0800: 3.605: [CMS-concurrent-reset: 0.001/0.001 secs] [Times: user=0.00 sys=0.00, real=0.00 secs] 
2024-07-28T11:23:11.707+0800: 3.607: Application time: 0.0048216 seconds
2024-07-28T11:23:11.708+0800: 3.607: [GC (Allocation Failure) 2024-07-28T11:23:11.708+0800: 3.607: [ParNew: 77168K->8192K(78656K), 0.0122134 secs] 222206K->221838K(521776K), 0.0122617 secs] [Times: user=0.02 sys=0.00, real=0.01 secs] 
2024-07-28T11:23:11.720+0800: 3.619: Total time for which application threads were stopped: 0.0123736 seconds, Stopping threads took: 0.0000140 seconds
2024-07-28T11:23:11.720+0800: 3.620: Application time: 0.0002264 seconds
2024-07-28T11:23:11.720+0800: 3.620: [GC (CMS Initial Mark) [1 CMS-initial-mark: 213646K(443120K)] 225278K(521776K), 0.0008902 secs] [Times: user=0.00 sys=0.00, real=0.00 secs] 
2024-07-28T11:23:11.721+0800: 3.621: Total time for which application threads were stopped: 0.0010057 seconds, Stopping threads took: 0.0000747 seconds
2024-07-28T11:23:11.721+0800: 3.621: [CMS-concurrent-mark-start]
2024-07-28T11:23:11.723+0800: 3.622: [CMS-concurrent-mark: 0.002/0.002 secs] [Times: user=0.00 sys=0.00, real=0.00 secs] 
2024-07-28T11:23:11.723+0800: 3.623: [CMS-concurrent-preclean-start]
2024-07-28T11:23:11.724+0800: 3.623: [CMS-concurrent-preclean: 0.001/0.001 secs] [Times: user=0.02 sys=0.00, real=0.00 secs] 
2024-07-28T11:23:11.724+0800: 3.623: [CMS-concurrent-abortable-preclean-start]
2024-07-28T11:23:11.840+0800: 3.740: Application time: 0.1192264 seconds
2024-07-28T11:23:11.840+0800: 3.740: [GC (Allocation Failure) 2024-07-28T11:23:11.840+0800: 3.740: [ParNew: 77168K->8192K(78656K), 0.0120508 secs] 290815K->290447K(521776K), 0.0121110 secs] [Times: user=0.03 sys=0.00, real=0.01 secs] 
2024-07-28T11:23:11.853+0800: 3.752: Total time for which application threads were stopped: 0.0122439 seconds, Stopping threads took: 0.0000197 seconds
2024-07-28T11:23:11.965+0800: 3.865: Application time: 0.1127122 seconds
2024-07-28T11:23:11.965+0800: 3.865: [GC (Allocation Failure) 2024-07-28T11:23:11.965+0800: 3.865: [ParNew: 77168K->8192K(78656K), 0.0030575 secs] 359424K->295567K(521776K), 0.0031142 secs] [Times: user=0.00 sys=0.00, real=0.00 secs] 
2024-07-28T11:23:11.968+0800: 3.868: Total time for which application threads were stopped: 0.0032223 seconds, Stopping threads took: 0.0000200 seconds
2024-07-28T11:23:11.969+0800: 3.868: [CMS-concurrent-abortable-preclean: 0.005/0.245 secs] [Times: user=0.03 sys=0.00, real=0.25 secs] 
2024-07-28T11:23:11.969+0800: 3.868: Application time: 0.0002752 seconds
2024-07-28T11:23:11.969+0800: 3.868: [GC (CMS Final Remark) [YG occupancy: 12655 K (78656 K)]2024-07-28T11:23:11.969+0800: 3.868: [Rescan (parallel) , 0.0005801 secs]2024-07-28T11:23:11.970+0800: 3.869: [weak refs processing, 0.0000126 secs]2024-07-28T11:23:11.970+0800: 3.869: [class unloading, 0.0001750 secs]2024-07-28T11:23:11.970+0800: 3.869: [scrub symbol table, 0.0003438 secs]2024-07-28T11:23:11.970+0800: 3.870: [scrub string table, 0.0001122 secs][1 CMS-remark: 287375K(443120K)] 300031K(521776K), 0.0012896 secs] [Times: user=0.00 sys=0.00, real=0.00 secs] 
2024-07-28T11:23:11.970+0800: 3.870: Total time for which application threads were stopped: 0.0014559 seconds, Stopping threads took: 0.0001303 seconds
2024-07-28T11:23:11.970+0800: 3.870: [CMS-concurrent-sweep-start]
2024-07-28T11:23:11.972+0800: 3.871: [CMS-concurrent-sweep: 0.001/0.001 secs] [Times: user=0.00 sys=0.00, real=0.00 secs] 
2024-07-28T11:23:11.972+0800: 3.871: [CMS-concurrent-reset-start]
2024-07-28T11:23:11.973+0800: 3.873: [CMS-concurrent-reset: 0.001/0.001 secs] [Times: user=0.00 sys=0.00, real=0.00 secs] 
2024-07-28T11:23:11.975+0800: 3.875: Application time: 0.0048589 seconds
2024-07-28T11:23:11.975+0800: 3.875: [GC (Allocation Failure) 2024-07-28T11:23:11.975+0800: 3.875: [ParNew: 77168K->8192K(78656K), 0.0119690 secs] 224254K->223886K(521776K), 0.0120166 secs] [Times: user=0.00 sys=0.00, real=0.01 secs] 
2024-07-28T11:23:11.987+0800: 3.887: Total time for which application threads were stopped: 0.0121227 seconds, Stopping threads took: 0.0000138 seconds
2024-07-28T11:23:11.987+0800: 3.887: Application time: 0.0002408 seconds
2024-07-28T11:23:11.988+0800: 3.887: [GC (CMS Initial Mark) [1 CMS-initial-mark: 215694K(443120K)] 227326K(521776K), 0.0006907 secs] [Times: user=0.00 sys=0.00, real=0.00 secs] 
2024-07-28T11:23:11.988+0800: 3.888: Total time for which application threads were stopped: 0.0008001 seconds, Stopping threads took: 0.0000684 seconds
2024-07-28T11:23:11.988+0800: 3.888: [CMS-concurrent-mark-start]
2024-07-28T11:23:11.990+0800: 3.889: [CMS-concurrent-mark: 0.002/0.002 secs] [Times: user=0.05 sys=0.00, real=0.00 secs] 
2024-07-28T11:23:11.990+0800: 3.889: [CMS-concurrent-preclean-start]
2024-07-28T11:23:11.991+0800: 3.890: [CMS-concurrent-preclean: 0.001/0.001 secs] [Times: user=0.00 sys=0.00, real=0.00 secs] 
2024-07-28T11:23:11.991+0800: 3.890: [CMS-concurrent-abortable-preclean-start]
2024-07-28T11:23:12.093+0800: 3.993: Application time: 0.1049175 seconds
2024-07-28T11:23:12.093+0800: 3.993: [GC (Allocation Failure) 2024-07-28T11:23:12.093+0800: 3.993: [ParNew: 77168K->8192K(78656K), 0.0122260 secs] 292863K->292495K(521776K), 0.0122936 secs] [Times: user=0.03 sys=0.00, real=0.01 secs] 
2024-07-28T11:23:12.106+0800: 4.005: Total time for which application threads were stopped: 0.0124282 seconds, Stopping threads took: 0.0000196 seconds
2024-07-28T11:23:12.217+0800: 4.117: Application time: 0.1117506 seconds
2024-07-28T11:23:12.217+0800: 4.117: [GC (Allocation Failure) 2024-07-28T11:23:12.217+0800: 4.117: [ParNew: 77168K->8192K(78656K), 0.0030720 secs] 361472K->298639K(521776K), 0.0031272 secs] [Times: user=0.00 sys=0.00, real=0.00 secs] 
2024-07-28T11:23:12.221+0800: 4.120: Total time for which application threads were stopped: 0.0032642 seconds, Stopping threads took: 0.0000349 seconds
2024-07-28T11:23:12.221+0800: 4.120: [CMS-concurrent-abortable-preclean: 0.004/0.230 secs] [Times: user=0.03 sys=0.00, real=0.23 secs] 
2024-07-28T11:23:12.221+0800: 4.120: Application time: 0.0003551 seconds
2024-07-28T11:23:12.221+0800: 4.121: [GC (CMS Final Remark) [YG occupancy: 13679 K (78656 K)]2024-07-28T11:23:12.221+0800: 4.121: [Rescan (parallel) , 0.0006160 secs]2024-07-28T11:23:12.222+0800: 4.121: [weak refs processing, 0.0000130 secs]2024-07-28T11:23:12.222+0800: 4.121: [class unloading, 0.0001978 secs]2024-07-28T11:23:12.222+0800: 4.122: [scrub symbol table, 0.0003402 secs]2024-07-28T11:23:12.222+0800: 4.122: [scrub string table, 0.0000999 secs][1 CMS-remark: 290447K(443120K)] 304127K(521776K), 0.0013305 secs] [Times: user=0.00 sys=0.00, real=0.00 secs] 
2024-07-28T11:23:12.222+0800: 4.122: Total time for which application threads were stopped: 0.0015368 seconds, Stopping threads took: 0.0001619 seconds
2024-07-28T11:23:12.223+0800: 4.122: [CMS-concurrent-sweep-start]
2024-07-28T11:23:12.224+0800: 4.124: [CMS-concurrent-sweep: 0.001/0.001 secs] [Times: user=0.03 sys=0.00, real=0.00 secs] 
2024-07-28T11:23:12.224+0800: 4.124: [CMS-concurrent-reset-start]
2024-07-28T11:23:12.226+0800: 4.125: [CMS-concurrent-reset: 0.001/0.001 secs] [Times: user=0.00 sys=0.00, real=0.00 secs] 
2024-07-28T11:23:12.227+0800: 4.127: Application time: 0.0046555 seconds
2024-07-28T11:23:12.227+0800: 4.127: [GC (Allocation Failure) 2024-07-28T11:23:12.227+0800: 4.127: [ParNew: 77168K->8192K(78656K), 0.0119637 secs] 226302K->225934K(521776K), 0.0120256 secs] [Times: user=0.03 sys=0.00, real=0.01 secs] 
2024-07-28T11:23:12.239+0800: 4.139: Total time for which application threads were stopped: 0.0121384 seconds, Stopping threads took: 0.0000136 seconds
2024-07-28T11:23:12.240+0800: 4.139: Application time: 0.0001865 seconds
2024-07-28T11:23:12.240+0800: 4.139: [GC (CMS Initial Mark) [1 CMS-initial-mark: 217742K(443120K)] 229374K(521776K), 0.0008001 secs] [Times: user=0.00 sys=0.00, real=0.00 secs] 
2024-07-28T11:23:12.240+0800: 4.140: Total time for which application threads were stopped: 0.0009911 seconds, Stopping threads took: 0.0001450 seconds
2024-07-28T11:23:12.241+0800: 4.140: [CMS-concurrent-mark-start]
2024-07-28T11:23:12.242+0800: 4.142: [CMS-concurrent-mark: 0.002/0.002 secs] [Times: user=0.00 sys=0.00, real=0.00 secs] 
2024-07-28T11:23:12.242+0800: 4.142: [CMS-concurrent-preclean-start]
2024-07-28T11:23:12.243+0800: 4.142: [CMS-concurrent-preclean: 0.001/0.001 secs] [Times: user=0.00 sys=0.00, real=0.00 secs] 
2024-07-28T11:23:12.243+0800: 4.143: [CMS-concurrent-abortable-preclean-start]
2024-07-28T11:23:12.359+0800: 4.259: Application time: 0.1193258 seconds
2024-07-28T11:23:12.360+0800: 4.259: [GC (Allocation Failure) 2024-07-28T11:23:12.360+0800: 4.259: [ParNew: 77168K->8192K(78656K), 0.0118888 secs] 294911K->294543K(521776K), 0.0119461 secs] [Times: user=0.03 sys=0.00, real=0.01 secs] 
2024-07-28T11:23:12.372+0800: 4.271: Total time for which application threads were stopped: 0.0120656 seconds, Stopping threads took: 0.0000206 seconds
2024-07-28T11:23:12.481+0800: 4.381: Application time: 0.1098790 seconds
2024-07-28T11:23:12.481+0800: 4.381: [GC (Allocation Failure) 2024-07-28T11:23:12.481+0800: 4.381: [ParNew: 77168K->8192K(78656K), 0.0033963 secs] 363520K->301711K(521776K), 0.0034529 secs] [Times: user=0.00 sys=0.00, real=0.00 secs] 
2024-07-28T11:23:12.485+0800: 4.385: Total time for which application threads were stopped: 0.0035840 seconds, Stopping threads took: 0.0000200 seconds
2024-07-28T11:23:12.485+0800: 4.385: [CMS-concurrent-abortable-preclean: 0.005/0.242 secs] [Times: user=0.03 sys=0.00, real=0.24 secs] 
2024-07-28T11:23:12.485+0800: 4.385: Application time: 0.0003077 seconds
2024-07-28T11:23:12.485+0800: 4.385: [GC (CMS Final Remark) [YG occupancy: 12655 K (78656 K)]2024-07-28T11:23:12.485+0800: 4.385: [Rescan (parallel) , 0.0008978 secs]2024-07-28T11:23:12.486+0800: 4.386: [weak refs processing, 0.0000124 secs]2024-07-28T11:23:12.486+0800: 4.386: [class unloading, 0.0001761 secs]2024-07-28T11:23:12.486+0800: 4.386: [scrub symbol table, 0.0003426 secs]2024-07-28T11:23:12.486+0800: 4.387: [scrub string table, 0.0001204 secs][1 CMS-remark: 293519K(443120K)] 306175K(521776K), 0.0016119 secs] [Times: user=0.00 sys=0.00, real=0.00 secs] 
2024-07-28T11:23:12.487+0800: 4.387: Total time for which application threads were stopped: 0.0017859 seconds, Stopping threads took: 0.0001373 seconds
2024-07-28T11:23:12.487+0800: 4.387: [CMS-concurrent-sweep-start]
2024-07-28T11:23:12.488+0800: 4.389: [CMS-concurrent-sweep: 0.001/0.001 secs] [Times: user=0.00 sys=0.00, real=0.00 secs] 
2024-07-28T11:23:12.488+0800: 4.389: [CMS-concurrent-reset-start]
2024-07-28T11:23:12.490+0800: 4.390: [CMS-concurrent-reset: 0.001/0.001 secs] [Times: user=0.03 sys=0.00, real=0.00 secs] 
2024-07-28T11:23:12.492+0800: 4.392: Application time: 0.0048533 seconds
2024-07-28T11:23:12.492+0800: 4.392: [GC (Allocation Failure) 2024-07-28T11:23:12.492+0800: 4.392: [ParNew: 77168K->8192K(78656K), 0.0122516 secs] 228350K->227982K(521776K), 0.0123019 secs] [Times: user=0.00 sys=0.00, real=0.01 secs] 
2024-07-28T11:23:12.504+0800: 4.404: Total time for which application threads were stopped: 0.0124047 seconds, Stopping threads took: 0.0000161 seconds
2024-07-28T11:23:12.504+0800: 4.404: Application time: 0.0002246 seconds
2024-07-28T11:23:12.504+0800: 4.405: [GC (CMS Initial Mark) [1 CMS-initial-mark: 219790K(443120K)] 231422K(521776K), 0.0008426 secs] [Times: user=0.00 sys=0.00, real=0.00 secs] 
2024-07-28T11:23:12.505+0800: 4.405: Total time for which application threads were stopped: 0.0009619 seconds, Stopping threads took: 0.0000782 seconds
2024-07-28T11:23:12.505+0800: 4.406: [CMS-concurrent-mark-start]
2024-07-28T11:23:12.507+0800: 4.407: [CMS-concurrent-mark: 0.002/0.002 secs] [Times: user=0.00 sys=0.00, real=0.00 secs] 
2024-07-28T11:23:12.507+0800: 4.407: [CMS-concurrent-preclean-start]
2024-07-28T11:23:12.507+0800: 4.408: [CMS-concurrent-preclean: 0.001/0.001 secs] [Times: user=0.00 sys=0.00, real=0.00 secs] 
2024-07-28T11:23:12.507+0800: 4.408: [CMS-concurrent-abortable-preclean-start]
2024-07-28T11:23:12.625+0800: 4.526: Application time: 0.1203010 seconds
2024-07-28T11:23:12.625+0800: 4.526: [GC (Allocation Failure) 2024-07-28T11:23:12.625+0800: 4.526: [ParNew: 77168K->8192K(78656K), 0.0121951 secs] 296959K->296591K(521776K), 0.0122873 secs] [Times: user=0.03 sys=0.00, real=0.01 secs] 
2024-07-28T11:23:12.639+0800: 4.538: Total time for which application threads were stopped: 0.0123983 seconds, Stopping threads took: 0.0000204 seconds
2024-07-28T11:23:12.752+0800: 4.651: Application time: 0.1128700 seconds
2024-07-28T11:23:12.752+0800: 4.651: [GC (Allocation Failure) 2024-07-28T11:23:12.752+0800: 4.651: [ParNew: 77168K->8192K(78656K), 0.0036133 secs] 365568K->304784K(521776K), 0.0036711 secs] [Times: user=0.03 sys=0.00, real=0.00 secs] 
2024-07-28T11:23:12.755+0800: 4.655: Total time for which application threads were stopped: 0.0037788 seconds, Stopping threads took: 0.0000183 seconds
2024-07-28T11:23:12.755+0800: 4.655: [CMS-concurrent-abortable-preclean: 0.005/0.247 secs] [Times: user=0.06 sys=0.00, real=0.25 secs] 
2024-07-28T11:23:12.756+0800: 4.655: Application time: 0.0003302 seconds
2024-07-28T11:23:12.756+0800: 4.655: [GC (CMS Final Remark) [YG occupancy: 12655 K (78656 K)]2024-07-28T11:23:12.756+0800: 4.655: [Rescan (parallel) , 0.0006022 secs]2024-07-28T11:23:12.756+0800: 4.656: [weak refs processing, 0.0000126 secs]2024-07-28T11:23:12.756+0800: 4.656: [class unloading, 0.0002050 secs]2024-07-28T11:23:12.757+0800: 4.656: [scrub symbol table, 0.0003422 secs]2024-07-28T11:23:12.757+0800: 4.656: [scrub string table, 0.0001004 secs][1 CMS-remark: 296591K(443120K)] 309247K(521776K), 0.0013261 secs] [Times: user=0.00 sys=0.00, real=0.00 secs] 
2024-07-28T11:23:12.757+0800: 4.657: Total time for which application threads were stopped: 0.0014373 seconds, Stopping threads took: 0.0000755 seconds
2024-07-28T11:23:12.757+0800: 4.657: [CMS-concurrent-sweep-start]
2024-07-28T11:23:12.759+0800: 4.658: [CMS-concurrent-sweep: 0.001/0.001 secs] [Times: user=0.00 sys=0.00, real=0.00 secs] 
2024-07-28T11:23:12.759+0800: 4.658: [CMS-concurrent-reset-start]
2024-07-28T11:23:12.760+0800: 4.659: [CMS-concurrent-reset: 0.001/0.001 secs] [Times: user=0.00 sys=0.00, real=0.00 secs] 
2024-07-28T11:23:12.762+0800: 4.661: Application time: 0.0048749 seconds
2024-07-28T11:23:12.762+0800: 4.661: [GC (Allocation Failure) 2024-07-28T11:23:12.762+0800: 4.661: [ParNew: 77168K->8192K(78656K), 0.0122074 secs] 230398K->230030K(521776K), 0.0122557 secs] [Times: user=0.03 sys=0.00, real=0.01 secs] 
2024-07-28T11:23:12.774+0800: 4.674: Total time for which application threads were stopped: 0.0123497 seconds, Stopping threads took: 0.0000133 seconds
2024-07-28T11:23:12.774+0800: 4.674: Application time: 0.0002094 seconds
2024-07-28T11:23:12.775+0800: 4.674: [GC (CMS Initial Mark) [1 CMS-initial-mark: 221838K(443120K)] 233470K(521776K), 0.0008267 secs] [Times: user=0.00 sys=0.00, real=0.00 secs] 
2024-07-28T11:23:12.775+0800: 4.675: Total time for which application threads were stopped: 0.0009776 seconds, Stopping threads took: 0.0001073 seconds
2024-07-28T11:23:12.776+0800: 4.675: [CMS-concurrent-mark-start]
2024-07-28T11:23:12.777+0800: 4.677: [CMS-concurrent-mark: 0.002/0.002 secs] [Times: user=0.00 sys=0.00, real=0.00 secs] 
2024-07-28T11:23:12.777+0800: 4.677: [CMS-concurrent-preclean-start]
2024-07-28T11:23:12.778+0800: 4.677: [CMS-concurrent-preclean: 0.001/0.001 secs] [Times: user=0.00 sys=0.00, real=0.00 secs] 
2024-07-28T11:23:12.778+0800: 4.677: [CMS-concurrent-abortable-preclean-start]
2024-07-28T11:23:12.896+0800: 4.795: Application time: 0.1200294 seconds
2024-07-28T11:23:12.896+0800: 4.795: [GC (Allocation Failure) 2024-07-28T11:23:12.896+0800: 4.795: [ParNew: 77168K->8192K(78656K), 0.0117845 secs] 299007K->298639K(521776K), 0.0118570 secs] [Times: user=0.00 sys=0.00, real=0.01 secs] 
2024-07-28T11:23:12.907+0800: 4.807: Total time for which application threads were stopped: 0.0119942 seconds, Stopping threads took: 0.0000202 seconds
2024-07-28T11:23:13.019+0800: 4.918: Application time: 0.1109795 seconds
2024-07-28T11:23:13.019+0800: 4.918: [GC (Allocation Failure) 2024-07-28T11:23:13.019+0800: 4.918: [ParNew: 77168K->8192K(78656K), 0.0035286 secs] 367616K->307856K(521776K), 0.0035843 secs] [Times: user=0.03 sys=0.00, real=0.00 secs] 
2024-07-28T11:23:13.022+0800: 4.922: Total time for which application threads were stopped: 0.0037022 seconds, Stopping threads took: 0.0000222 seconds
2024-07-28T11:23:13.022+0800: 4.922: [CMS-concurrent-abortable-preclean: 0.005/0.244 secs] [Times: user=0.05 sys=0.00, real=0.24 secs] 
2024-07-28T11:23:13.023+0800: 4.922: Application time: 0.0002705 seconds
2024-07-28T11:23:13.023+0800: 4.922: [GC (CMS Final Remark) [YG occupancy: 12655 K (78656 K)]2024-07-28T11:23:13.023+0800: 4.922: [Rescan (parallel) , 0.0007542 secs]2024-07-28T11:23:13.023+0800: 4.923: [weak refs processing, 0.0000127 secs]2024-07-28T11:23:13.023+0800: 4.923: [class unloading, 0.0001804 secs]2024-07-28T11:23:13.023+0800: 4.923: [scrub symbol table, 0.0003425 secs]2024-07-28T11:23:13.023+0800: 4.923: [scrub string table, 0.0001123 secs][1 CMS-remark: 299663K(443120K)] 312319K(521776K), 0.0014628 secs] [Times: user=0.00 sys=0.00, real=0.00 secs] 
2024-07-28T11:23:13.023+0800: 4.924: Total time for which application threads were stopped: 0.0015645 seconds, Stopping threads took: 0.0000672 seconds
2024-07-28T11:23:13.023+0800: 4.924: [CMS-concurrent-sweep-start]
2024-07-28T11:23:13.026+0800: 4.925: [CMS-concurrent-sweep: 0.001/0.001 secs] [Times: user=0.00 sys=0.00, real=0.00 secs] 
2024-07-28T11:23:13.026+0800: 4.925: [CMS-concurrent-reset-start]
2024-07-28T11:23:13.027+0800: 4.926: [CMS-concurrent-reset: 0.001/0.001 secs] [Times: user=0.00 sys=0.00, real=0.00 secs] 
2024-07-28T11:23:13.029+0800: 4.928: Application time: 0.0047527 seconds
2024-07-28T11:23:13.029+0800: 4.928: [GC (Allocation Failure) 2024-07-28T11:23:13.029+0800: 4.928: [ParNew: 77168K->8192K(78656K), 0.0123657 secs] 232446K->232078K(521776K), 0.0124133 secs] [Times: user=0.03 sys=0.00, real=0.01 secs] 
2024-07-28T11:23:13.041+0800: 4.941: Total time for which application threads were stopped: 0.0125097 seconds, Stopping threads took: 0.0000135 seconds
2024-07-28T11:23:13.042+0800: 4.941: Application time: 0.0001848 seconds
2024-07-28T11:23:13.042+0800: 4.941: [GC (CMS Initial Mark) [1 CMS-initial-mark: 223886K(443120K)] 235518K(521776K), 0.0008082 secs] [Times: user=0.00 sys=0.00, real=0.00 secs] 
2024-07-28T11:23:13.042+0800: 4.942: Total time for which application threads were stopped: 0.0009388 seconds, Stopping threads took: 0.0000893 seconds
2024-07-28T11:23:13.042+0800: 4.942: [CMS-concurrent-mark-start]
2024-07-28T11:23:13.044+0800: 4.943: [CMS-concurrent-mark: 0.001/0.001 secs] [Times: user=0.00 sys=0.00, real=0.00 secs] 
2024-07-28T11:23:13.044+0800: 4.944: [CMS-concurrent-preclean-start]
2024-07-28T11:23:13.045+0800: 4.944: [CMS-concurrent-preclean: 0.001/0.001 secs] [Times: user=0.00 sys=0.00, real=0.00 secs] 
2024-07-28T11:23:13.045+0800: 4.944: [CMS-concurrent-abortable-preclean-start]
2024-07-28T11:23:13.147+0800: 5.047: Application time: 0.1049070 seconds
2024-07-28T11:23:13.147+0800: 5.047: [GC (Allocation Failure) 2024-07-28T11:23:13.147+0800: 5.047: [ParNew2024-07-28T11:23:13.159+0800: 5.059: [CMS-concurrent-abortable-preclean: 0.001/0.115 secs] [Times: user=0.01 sys=0.00, real=0.11 secs] 
: 77168K->8192K(78656K), 0.0120988 secs] 301055K->300687K(521776K), 0.0121482 secs] [Times: user=0.00 sys=0.00, real=0.01 secs] 
2024-07-28T11:23:13.160+0800: 5.059: Total time for which application threads were stopped: 0.0122666 seconds, Stopping threads took: 0.0000276 seconds
2024-07-28T11:23:13.160+0800: 5.059: Application time: 0.0002377 seconds
2024-07-28T11:23:13.160+0800: 5.060: [GC (CMS Final Remark) [YG occupancy: 11631 K (78656 K)]2024-07-28T11:23:13.160+0800: 5.060: [Rescan (parallel) , 0.0007373 secs]2024-07-28T11:23:13.160+0800: 5.060: [weak refs processing, 0.0000133 secs]2024-07-28T11:23:13.160+0800: 5.060: [class unloading, 0.0001808 secs]2024-07-28T11:23:13.160+0800: 5.061: [scrub symbol table, 0.0003406 secs]2024-07-28T11:23:13.160+0800: 5.061: [scrub string table, 0.0001183 secs][1 CMS-remark: 292495K(443120K)] 304127K(521776K), 0.0014549 secs] [Times: user=0.13 sys=0.00, real=0.00 secs] 
2024-07-28T11:23:13.162+0800: 5.061: Total time for which application threads were stopped: 0.0016770 seconds, Stopping threads took: 0.0001826 seconds
2024-07-28T11:23:13.162+0800: 5.061: [CMS-concurrent-sweep-start]
2024-07-28T11:23:13.163+0800: 5.062: [CMS-concurrent-sweep: 0.001/0.001 secs] [Times: user=0.00 sys=0.00, real=0.00 secs] 
2024-07-28T11:23:13.163+0800: 5.063: [CMS-concurrent-reset-start]
2024-07-28T11:23:13.165+0800: 5.064: [CMS-concurrent-reset: 0.002/0.002 secs] [Times: user=0.00 sys=0.00, real=0.00 secs] 
2024-07-28T11:23:13.272+0800: 5.172: Application time: 0.1107380 seconds
2024-07-28T11:23:13.272+0800: 5.172: [GC (Allocation Failure) 2024-07-28T11:23:13.272+0800: 5.172: [ParNew: 77168K->8192K(78656K), 0.0037968 secs] 224254K->165517K(521776K), 0.0038618 secs] [Times: user=0.00 sys=0.00, real=0.00 secs] 
2024-07-28T11:23:13.276+0800: 5.176: Total time for which application threads were stopped: 0.0039893 seconds, Stopping threads took: 0.0000355 seconds
2024-07-28T11:23:13.280+0800: 5.180: Application time: 0.0042906 seconds
2024-07-28T11:23:13.280+0800: 5.180: [GC (Allocation Failure) 2024-07-28T11:23:13.280+0800: 5.180: [ParNew: 77168K->8192K(78656K), 0.0118263 secs] 234494K->234126K(521776K), 0.0118753 secs] [Times: user=0.03 sys=0.00, real=0.01 secs] 
2024-07-28T11:23:13.292+0800: 5.192: Total time for which application threads were stopped: 0.0119751 seconds, Stopping threads took: 0.0000151 seconds
2024-07-28T11:23:13.292+0800: 5.192: Application time: 0.0001879 seconds
2024-07-28T11:23:13.292+0800: 5.192: [GC (CMS Initial Mark) [1 CMS-initial-mark: 225934K(443120K)] 237566K(521776K), 0.0008538 secs] [Times: user=0.00 sys=0.00, real=0.00 secs] 
2024-07-28T11:23:13.293+0800: 5.193: Total time for which application threads were stopped: 0.0010352 seconds, Stopping threads took: 0.0001390 seconds
2024-07-28T11:23:13.293+0800: 5.193: [CMS-concurrent-mark-start]
2024-07-28T11:23:13.295+0800: 5.195: [CMS-concurrent-mark: 0.002/0.002 secs] [Times: user=0.00 sys=0.00, real=0.00 secs] 
2024-07-28T11:23:13.295+0800: 5.195: [CMS-concurrent-preclean-start]
2024-07-28T11:23:13.295+0800: 5.196: [CMS-concurrent-preclean: 0.001/0.001 secs] [Times: user=0.00 sys=0.00, real=0.00 secs] 
2024-07-28T11:23:13.295+0800: 5.196: [CMS-concurrent-abortable-preclean-start]
2024-07-28T11:23:13.401+0800: 5.301: Application time: 0.1073662 seconds
2024-07-28T11:23:13.401+0800: 5.301: [GC (Allocation Failure) 2024-07-28T11:23:13.401+0800: 5.301: [ParNew: 77168K->8192K(78656K), 0.0118228 secs] 303103K->302735K(521776K), 0.0118832 secs] [Times: user=0.03 sys=0.00, real=0.01 secs] 
2024-07-28T11:23:13.413+0800: 5.313: Total time for which application threads were stopped: 0.0120046 seconds, Stopping threads took: 0.0000198 seconds
2024-07-28T11:23:13.525+0800: 5.424: Application time: 0.1116006 seconds
2024-07-28T11:23:13.525+0800: 5.424: [GC (Allocation Failure) 2024-07-28T11:23:13.525+0800: 5.424: [ParNew: 77168K->8192K(78656K), 0.0038592 secs] 371712K->314000K(521776K), 0.0039170 secs] [Times: user=0.00 sys=0.00, real=0.00 secs] 
2024-07-28T11:23:13.529+0800: 5.428: Total time for which application threads were stopped: 0.0040257 seconds, Stopping threads took: 0.0000194 seconds
2024-07-28T11:23:13.529+0800: 5.428: [CMS-concurrent-abortable-preclean: 0.005/0.233 secs] [Times: user=0.03 sys=0.00, real=0.23 secs] 
2024-07-28T11:23:13.529+0800: 5.429: Application time: 0.0003731 seconds
2024-07-28T11:23:13.529+0800: 5.429: [GC (CMS Final Remark) [YG occupancy: 13679 K (78656 K)]2024-07-28T11:23:13.529+0800: 5.429: [Rescan (parallel) , 0.0010032 secs]2024-07-28T11:23:13.530+0800: 5.430: [weak refs processing, 0.0000129 secs]2024-07-28T11:23:13.530+0800: 5.430: [class unloading, 0.0001921 secs]2024-07-28T11:23:13.530+0800: 5.430: [scrub symbol table, 0.0003491 secs]2024-07-28T11:23:13.531+0800: 5.430: [scrub string table, 0.0001002 secs][1 CMS-remark: 305808K(443120K)] 319487K(521776K), 0.0017202 secs] [Times: user=0.00 sys=0.00, real=0.00 secs] 
2024-07-28T11:23:13.531+0800: 5.431: Total time for which application threads were stopped: 0.0018808 seconds, Stopping threads took: 0.0001248 seconds
2024-07-28T11:23:13.531+0800: 5.431: [CMS-concurrent-sweep-start]
2024-07-28T11:23:13.533+0800: 5.432: [CMS-concurrent-sweep: 0.002/0.002 secs] [Times: user=0.00 sys=0.00, real=0.00 secs] 
2024-07-28T11:23:13.533+0800: 5.432: [CMS-concurrent-reset-start]
2024-07-28T11:23:13.534+0800: 5.434: [CMS-concurrent-reset: 0.001/0.001 secs] [Times: user=0.00 sys=0.00, real=0.00 secs] 
2024-07-28T11:23:13.536+0800: 5.435: Application time: 0.0047338 seconds
2024-07-28T11:23:13.536+0800: 5.435: [GC (Allocation Failure) 2024-07-28T11:23:13.536+0800: 5.435: [ParNew: 77168K->8192K(78656K), 0.0120738 secs] 236542K->236174K(521776K), 0.0121212 secs] [Times: user=0.00 sys=0.00, real=0.01 secs] 
2024-07-28T11:23:13.548+0800: 5.447: Total time for which application threads were stopped: 0.0122155 seconds, Stopping threads took: 0.0000129 seconds
2024-07-28T11:23:13.548+0800: 5.448: Application time: 0.0001860 seconds
2024-07-28T11:23:13.548+0800: 5.448: [GC (CMS Initial Mark) [1 CMS-initial-mark: 227982K(443120K)] 239614K(521776K), 0.0006744 secs] [Times: user=0.00 sys=0.00, real=0.00 secs] 
2024-07-28T11:23:13.549+0800: 5.448: Total time for which application threads were stopped: 0.0007988 seconds, Stopping threads took: 0.0000826 seconds
2024-07-28T11:23:13.549+0800: 5.449: [CMS-concurrent-mark-start]
2024-07-28T11:23:13.550+0800: 5.450: [CMS-concurrent-mark: 0.001/0.001 secs] [Times: user=0.00 sys=0.00, real=0.00 secs] 
2024-07-28T11:23:13.550+0800: 5.450: [CMS-concurrent-preclean-start]
2024-07-28T11:23:13.551+0800: 5.451: [CMS-concurrent-preclean: 0.001/0.001 secs] [Times: user=0.00 sys=0.00, real=0.00 secs] 
2024-07-28T11:23:13.551+0800: 5.451: [CMS-concurrent-abortable-preclean-start]
2024-07-28T11:23:13.654+0800: 5.553: Application time: 0.1048339 seconds
2024-07-28T11:23:13.654+0800: 5.553: [GC (Allocation Failure) 2024-07-28T11:23:13.654+0800: 5.553: [ParNew2024-07-28T11:23:13.666+0800: 5.565: [CMS-concurrent-abortable-preclean: 0.001/0.115 secs] [Times: user=0.05 sys=0.00, real=0.11 secs] 
: 77168K->8192K(78656K), 0.0120322 secs] 305151K->304784K(521776K), 0.0120800 secs] [Times: user=0.03 sys=0.00, real=0.01 secs] 
2024-07-28T11:23:13.666+0800: 5.566: Total time for which application threads were stopped: 0.0121926 seconds, Stopping threads took: 0.0000257 seconds
2024-07-28T11:23:13.666+0800: 5.566: Application time: 0.0002784 seconds
2024-07-28T11:23:13.666+0800: 5.566: [GC (CMS Final Remark) [YG occupancy: 11631 K (78656 K)]2024-07-28T11:23:13.666+0800: 5.566: [Rescan (parallel) , 0.0008378 secs]2024-07-28T11:23:13.667+0800: 5.567: [weak refs processing, 0.0000131 secs]2024-07-28T11:23:13.667+0800: 5.567: [class unloading, 0.0001904 secs]2024-07-28T11:23:13.667+0800: 5.567: [scrub symbol table, 0.0003657 secs]2024-07-28T11:23:13.668+0800: 5.567: [scrub string table, 0.0001137 secs][1 CMS-remark: 296591K(443120K)] 308223K(521776K), 0.0015935 secs] [Times: user=0.00 sys=0.00, real=0.00 secs] 
2024-07-28T11:23:13.668+0800: 5.568: Total time for which application threads were stopped: 0.0017713 seconds, Stopping threads took: 0.0001325 seconds
2024-07-28T11:23:13.668+0800: 5.568: [CMS-concurrent-sweep-start]
2024-07-28T11:23:13.670+0800: 5.569: [CMS-concurrent-sweep: 0.002/0.002 secs] [Times: user=0.00 sys=0.00, real=0.00 secs] 
2024-07-28T11:23:13.670+0800: 5.570: [CMS-concurrent-reset-start]
2024-07-28T11:23:13.671+0800: 5.571: [CMS-concurrent-reset: 0.001/0.001 secs] [Times: user=0.00 sys=0.00, real=0.00 secs] 
2024-07-28T11:23:13.777+0800: 5.677: Application time: 0.1091916 seconds
2024-07-28T11:23:13.777+0800: 5.677: [GC (Allocation Failure) 2024-07-28T11:23:13.777+0800: 5.677: [ParNew: 77168K->8192K(78656K), 0.0039010 secs] 226302K->169613K(521776K), 0.0039576 secs] [Times: user=0.00 sys=0.00, real=0.00 secs] 
2024-07-28T11:23:13.781+0800: 5.681: Total time for which application threads were stopped: 0.0040676 seconds, Stopping threads took: 0.0000195 seconds
2024-07-28T11:23:13.785+0800: 5.685: Application time: 0.0043773 seconds
2024-07-28T11:23:13.786+0800: 5.685: [GC (Allocation Failure) 2024-07-28T11:23:13.786+0800: 5.685: [ParNew: 77168K->8192K(78656K), 0.0118943 secs] 238590K->238223K(521776K), 0.0119443 secs] [Times: user=0.00 sys=0.00, real=0.01 secs] 
2024-07-28T11:23:13.798+0800: 5.697: Total time for which application threads were stopped: 0.0120532 seconds, Stopping threads took: 0.0000200 seconds
2024-07-28T11:23:13.798+0800: 5.697: Application time: 0.0001732 seconds
2024-07-28T11:23:13.798+0800: 5.698: [GC (CMS Initial Mark) [1 CMS-initial-mark: 230030K(443120K)] 241662K(521776K), 0.0007725 secs] [Times: user=0.00 sys=0.00, real=0.00 secs] 
2024-07-28T11:23:13.799+0800: 5.698: Total time for which application threads were stopped: 0.0008917 seconds, Stopping threads took: 0.0000781 seconds
2024-07-28T11:23:13.799+0800: 5.698: [CMS-concurrent-mark-start]
2024-07-28T11:23:13.800+0800: 5.700: [CMS-concurrent-mark: 0.002/0.002 secs] [Times: user=0.00 sys=0.00, real=0.00 secs] 
2024-07-28T11:23:13.800+0800: 5.700: [CMS-concurrent-preclean-start]
2024-07-28T11:23:13.801+0800: 5.701: [CMS-concurrent-preclean: 0.001/0.001 secs] [Times: user=0.00 sys=0.00, real=0.00 secs] 
2024-07-28T11:23:13.801+0800: 5.701: [CMS-concurrent-abortable-preclean-start]
2024-07-28T11:23:13.904+0800: 5.804: Application time: 0.1056287 seconds
2024-07-28T11:23:13.904+0800: 5.804: [GC (Allocation Failure) 2024-07-28T11:23:13.904+0800: 5.804: [ParNew2024-07-28T11:23:13.916+0800: 5.816: [CMS-concurrent-abortable-preclean: 0.001/0.115 secs] [Times: user=0.03 sys=0.00, real=0.11 secs] 
: 77168K->8192K(78656K), 0.0119754 secs] 307199K->306832K(521776K), 0.0120351 secs] [Times: user=0.03 sys=0.00, real=0.01 secs] 
2024-07-28T11:23:13.917+0800: 5.816: Total time for which application threads were stopped: 0.0121705 seconds, Stopping threads took: 0.0000202 seconds
2024-07-28T11:23:13.917+0800: 5.816: Application time: 0.0001905 seconds
2024-07-28T11:23:13.917+0800: 5.816: [GC (CMS Final Remark) [YG occupancy: 11631 K (78656 K)]2024-07-28T11:23:13.917+0800: 5.816: [Rescan (parallel) , 0.0011279 secs]2024-07-28T11:23:13.917+0800: 5.818: [weak refs processing, 0.0000132 secs]2024-07-28T11:23:13.917+0800: 5.818: [class unloading, 0.0002015 secs]2024-07-28T11:23:13.918+0800: 5.818: [scrub symbol table, 0.0003481 secs]2024-07-28T11:23:13.918+0800: 5.818: [scrub string table, 0.0001003 secs][1 CMS-remark: 298639K(443120K)] 310271K(521776K), 0.0018572 secs] [Times: user=0.00 sys=0.00, real=0.00 secs] 
2024-07-28T11:23:13.918+0800: 5.818: Total time for which application threads were stopped: 0.0020364 seconds, Stopping threads took: 0.0001326 seconds
2024-07-28T11:23:13.918+0800: 5.819: [CMS-concurrent-sweep-start]
2024-07-28T11:23:13.920+0800: 5.820: [CMS-concurrent-sweep: 0.002/0.002 secs] [Times: user=0.00 sys=0.00, real=0.00 secs] 
2024-07-28T11:23:13.920+0800: 5.820: [CMS-concurrent-reset-start]
2024-07-28T11:23:13.921+0800: 5.822: [CMS-concurrent-reset: 0.001/0.001 secs] [Times: user=0.00 sys=0.00, real=0.00 secs] 
2024-07-28T11:23:14.027+0800: 5.928: Application time: 0.1093877 seconds
2024-07-28T11:23:14.028+0800: 5.928: [GC (Allocation Failure) 2024-07-28T11:23:14.028+0800: 5.928: [ParNew: 77168K->8192K(78656K), 0.0040461 secs] 227326K->171661K(521776K), 0.0041027 secs] [Times: user=0.00 sys=0.00, real=0.00 secs] 
2024-07-28T11:23:14.032+0800: 5.932: Total time for which application threads were stopped: 0.0042191 seconds, Stopping threads took: 0.0000202 seconds
2024-07-28T11:23:14.036+0800: 5.936: Application time: 0.0043571 seconds
2024-07-28T11:23:14.036+0800: 5.936: [GC (Allocation Failure) 2024-07-28T11:23:14.036+0800: 5.936: [ParNew: 77168K->8192K(78656K), 0.0122928 secs] 240638K->240271K(521776K), 0.0123408 secs] [Times: user=0.00 sys=0.00, real=0.01 secs] 
2024-07-28T11:23:14.048+0800: 5.949: Total time for which application threads were stopped: 0.0124396 seconds, Stopping threads took: 0.0000158 seconds
2024-07-28T11:23:14.049+0800: 5.949: Application time: 0.0001883 seconds
2024-07-28T11:23:14.049+0800: 5.949: [GC (CMS Initial Mark) [1 CMS-initial-mark: 232078K(443120K)] 243710K(521776K), 0.0007282 secs] [Times: user=0.00 sys=0.00, real=0.00 secs] 
2024-07-28T11:23:14.050+0800: 5.950: Total time for which application threads were stopped: 0.0009273 seconds, Stopping threads took: 0.0001561 seconds
2024-07-28T11:23:14.050+0800: 5.950: [CMS-concurrent-mark-start]
2024-07-28T11:23:14.051+0800: 5.951: [CMS-concurrent-mark: 0.001/0.001 secs] [Times: user=0.03 sys=0.00, real=0.00 secs] 
2024-07-28T11:23:14.051+0800: 5.951: [CMS-concurrent-preclean-start]
2024-07-28T11:23:14.052+0800: 5.952: [CMS-concurrent-preclean: 0.001/0.001 secs] [Times: user=0.00 sys=0.00, real=0.00 secs] 
2024-07-28T11:23:14.052+0800: 5.952: [CMS-concurrent-abortable-preclean-start]
2024-07-28T11:23:14.156+0800: 6.055: Application time: 0.1052138 seconds
2024-07-28T11:23:14.156+0800: 6.055: [GC (Allocation Failure) 2024-07-28T11:23:14.156+0800: 6.055: [ParNew: 77168K->8192K(78656K), 0.0119216 secs] 309247K->308880K(521776K), 0.0119943 secs] [Times: user=0.03 sys=0.00, real=0.01 secs] 
2024-07-28T11:23:14.168+0800: 6.067: Total time for which application threads were stopped: 0.0121074 seconds, Stopping threads took: 0.0000200 seconds
2024-07-28T11:23:14.279+0800: 6.179: Application time: 0.1117923 seconds
2024-07-28T11:23:14.279+0800: 6.179: [GC (Allocation Failure) 2024-07-28T11:23:14.279+0800: 6.179: [ParNew: 77168K->8192K(78656K), 0.0043343 secs] 377856K->323216K(521776K), 0.0043974 secs] [Times: user=0.00 sys=0.00, real=0.00 secs] 
2024-07-28T11:23:14.284+0800: 6.184: Total time for which application threads were stopped: 0.0045098 seconds, Stopping threads took: 0.0000193 seconds
2024-07-28T11:23:14.284+0800: 6.184: [CMS-concurrent-abortable-preclean: 0.004/0.232 secs] [Times: user=0.03 sys=0.00, real=0.23 secs] 
2024-07-28T11:23:14.284+0800: 6.184: Application time: 0.0002643 seconds
2024-07-28T11:23:14.284+0800: 6.184: [GC (CMS Final Remark) [YG occupancy: 11631 K (78656 K)]2024-07-28T11:23:14.284+0800: 6.184: [Rescan (parallel) , 0.0011056 secs]2024-07-28T11:23:14.285+0800: 6.185: [weak refs processing, 0.0000132 secs]2024-07-28T11:23:14.285+0800: 6.185: [class unloading, 0.0001808 secs]2024-07-28T11:23:14.285+0800: 6.185: [scrub symbol table, 0.0003482 secs]2024-07-28T11:23:14.286+0800: 6.186: [scrub string table, 0.0001007 secs][1 CMS-remark: 315024K(443120K)] 326655K(521776K), 0.0018145 secs] [Times: user=0.02 sys=0.00, real=0.00 secs] 
2024-07-28T11:23:14.286+0800: 6.186: Total time for which application threads were stopped: 0.0019611 seconds, Stopping threads took: 0.0001052 seconds
2024-07-28T11:23:14.286+0800: 6.186: [CMS-concurrent-sweep-start]
2024-07-28T11:23:14.288+0800: 6.188: [CMS-concurrent-sweep: 0.002/0.002 secs] [Times: user=0.00 sys=0.00, real=0.00 secs] 
2024-07-28T11:23:14.288+0800: 6.188: [CMS-concurrent-reset-start]
2024-07-28T11:23:14.289+0800: 6.189: [CMS-concurrent-reset: 0.001/0.001 secs] [Times: user=0.00 sys=0.00, real=0.00 secs] 
2024-07-28T11:23:14.291+0800: 6.191: Application time: 0.0047916 seconds
2024-07-28T11:23:14.291+0800: 6.191: [GC (Allocation Failure) 2024-07-28T11:23:14.291+0800: 6.191: [ParNew: 77168K->8192K(78656K), 0.0120693 secs] 242686K->242319K(521776K), 0.0121185 secs] [Times: user=0.03 sys=0.00, real=0.01 secs] 
2024-07-28T11:23:14.303+0800: 6.203: Total time for which application threads were stopped: 0.0122156 seconds, Stopping threads took: 0.0000144 seconds
2024-07-28T11:23:14.303+0800: 6.203: Application time: 0.0002453 seconds
2024-07-28T11:23:14.303+0800: 6.203: [GC (CMS Initial Mark) [1 CMS-initial-mark: 234126K(443120K)] 245758K(521776K), 0.0008414 secs] [Times: user=0.00 sys=0.00, real=0.00 secs] 
2024-07-28T11:23:14.304+0800: 6.204: Total time for which application threads were stopped: 0.0009631 seconds, Stopping threads took: 0.0000804 seconds
2024-07-28T11:23:14.304+0800: 6.204: [CMS-concurrent-mark-start]
2024-07-28T11:23:14.306+0800: 6.205: [CMS-concurrent-mark: 0.001/0.001 secs] [Times: user=0.00 sys=0.00, real=0.00 secs] 
2024-07-28T11:23:14.306+0800: 6.205: [CMS-concurrent-preclean-start]
2024-07-28T11:23:14.306+0800: 6.206: [CMS-concurrent-preclean: 0.001/0.001 secs] [Times: user=0.00 sys=0.00, real=0.00 secs] 
2024-07-28T11:23:14.306+0800: 6.206: [CMS-concurrent-abortable-preclean-start]
2024-07-28T11:23:14.423+0800: 6.323: Application time: 0.1191904 seconds
2024-07-28T11:23:14.423+0800: 6.323: [GC (Allocation Failure) 2024-07-28T11:23:14.423+0800: 6.323: [ParNew: 77168K->8192K(78656K), 0.0122040 secs] 311295K->310928K(521776K), 0.0122609 secs] [Times: user=0.03 sys=0.00, real=0.01 secs] 
2024-07-28T11:23:14.435+0800: 6.336: Total time for which application threads were stopped: 0.0123872 seconds, Stopping threads took: 0.0000196 seconds
2024-07-28T11:23:14.547+0800: 6.447: Application time: 0.1112394 seconds
2024-07-28T11:23:14.547+0800: 6.447: [GC (Allocation Failure) 2024-07-28T11:23:14.547+0800: 6.447: [ParNew: 77168K->8192K(78656K), 0.0044479 secs] 379904K->326288K(521776K), 0.0045187 secs] [Times: user=0.03 sys=0.00, real=0.00 secs] 
2024-07-28T11:23:14.551+0800: 6.451: Total time for which application threads were stopped: 0.0046258 seconds, Stopping threads took: 0.0000201 seconds
2024-07-28T11:23:14.551+0800: 6.452: [CMS-concurrent-abortable-preclean: 0.006/0.245 secs] [Times: user=0.06 sys=0.00, real=0.25 secs] 
2024-07-28T11:23:14.552+0800: 6.452: Application time: 0.0003772 seconds
2024-07-28T11:23:14.552+0800: 6.452: [GC (CMS Final Remark) [YG occupancy: 14703 K (78656 K)]2024-07-28T11:23:14.552+0800: 6.452: [Rescan (parallel) , 0.0006851 secs]2024-07-28T11:23:14.553+0800: 6.453: [weak refs processing, 0.0000129 secs]2024-07-28T11:23:14.553+0800: 6.453: [class unloading, 0.0001895 secs]2024-07-28T11:23:14.553+0800: 6.453: [scrub symbol table, 0.0003399 secs]2024-07-28T11:23:14.553+0800: 6.453: [scrub string table, 0.0001012 secs][1 CMS-remark: 318096K(443120K)] 332800K(521776K), 0.0013911 secs] [Times: user=0.00 sys=0.00, real=0.00 secs] 
2024-07-28T11:23:14.553+0800: 6.453: Total time for which application threads were stopped: 0.0015768 seconds, Stopping threads took: 0.0001498 seconds
2024-07-28T11:23:14.554+0800: 6.454: [CMS-concurrent-sweep-start]
2024-07-28T11:23:14.555+0800: 6.455: [CMS-concurrent-sweep: 0.001/0.001 secs] [Times: user=0.00 sys=0.00, real=0.00 secs] 
2024-07-28T11:23:14.555+0800: 6.455: [CMS-concurrent-reset-start]
2024-07-28T11:23:14.556+0800: 6.456: [CMS-concurrent-reset: 0.001/0.001 secs] [Times: user=0.00 sys=0.00, real=0.00 secs] 
2024-07-28T11:23:14.558+0800: 6.458: Application time: 0.0045967 seconds
2024-07-28T11:23:14.558+0800: 6.458: [GC (Allocation Failure) 2024-07-28T11:23:14.558+0800: 6.458: [ParNew: 77168K->8192K(78656K), 0.0119816 secs] 244734K->244367K(521776K), 0.0120321 secs] [Times: user=0.03 sys=0.00, real=0.01 secs] 
2024-07-28T11:23:14.570+0800: 6.470: Total time for which application threads were stopped: 0.0121390 seconds, Stopping threads took: 0.0000124 seconds
2024-07-28T11:23:14.570+0800: 6.470: Application time: 0.0002077 seconds
2024-07-28T11:23:14.570+0800: 6.470: [GC (CMS Initial Mark) [1 CMS-initial-mark: 236174K(443120K)] 247806K(521776K), 0.0008341 secs] [Times: user=0.00 sys=0.00, real=0.00 secs] 
2024-07-28T11:23:14.571+0800: 6.471: Total time for which application threads were stopped: 0.0009390 seconds, Stopping threads took: 0.0000629 seconds
2024-07-28T11:23:14.571+0800: 6.471: [CMS-concurrent-mark-start]
2024-07-28T11:23:14.573+0800: 6.473: [CMS-concurrent-mark: 0.001/0.001 secs] [Times: user=0.00 sys=0.00, real=0.00 secs] 
2024-07-28T11:23:14.573+0800: 6.473: [CMS-concurrent-preclean-start]
2024-07-28T11:23:14.573+0800: 6.473: [CMS-concurrent-preclean: 0.001/0.001 secs] [Times: user=0.00 sys=0.00, real=0.00 secs] 
2024-07-28T11:23:14.573+0800: 6.473: [CMS-concurrent-abortable-preclean-start]
2024-07-28T11:23:14.691+0800: 6.591: Application time: 0.1197671 seconds
2024-07-28T11:23:14.691+0800: 6.591: [GC (Allocation Failure) 2024-07-28T11:23:14.691+0800: 6.591: [ParNew: 77168K->8192K(78656K), 0.0120851 secs] 313343K->312976K(521776K), 0.0121472 secs] [Times: user=0.13 sys=0.00, real=0.01 secs] 
2024-07-28T11:23:14.703+0800: 6.603: Total time for which application threads were stopped: 0.0122593 seconds, Stopping threads took: 0.0000226 seconds
2024-07-28T11:23:14.814+0800: 6.714: Application time: 0.1109454 seconds
2024-07-28T11:23:14.814+0800: 6.714: [GC (Allocation Failure) 2024-07-28T11:23:14.814+0800: 6.714: [ParNew: 77168K->8192K(78656K), 0.0046961 secs] 381952K->329360K(521776K), 0.0047548 secs] [Times: user=0.03 sys=0.00, real=0.01 secs] 
2024-07-28T11:23:14.819+0800: 6.719: Total time for which application threads were stopped: 0.0048634 seconds, Stopping threads took: 0.0000183 seconds
2024-07-28T11:23:14.819+0800: 6.719: [CMS-concurrent-abortable-preclean: 0.006/0.246 secs] [Times: user=0.16 sys=0.00, real=0.25 secs] 
2024-07-28T11:23:14.819+0800: 6.719: Application time: 0.0002970 seconds
2024-07-28T11:23:14.819+0800: 6.720: [GC (CMS Final Remark) [YG occupancy: 12655 K (78656 K)]2024-07-28T11:23:14.819+0800: 6.720: [Rescan (parallel) , 0.0005727 secs]2024-07-28T11:23:14.820+0800: 6.720: [weak refs processing, 0.0000130 secs]2024-07-28T11:23:14.820+0800: 6.720: [class unloading, 0.0001972 secs]2024-07-28T11:23:14.820+0800: 6.720: [scrub symbol table, 0.0003506 secs]2024-07-28T11:23:14.821+0800: 6.721: [scrub string table, 0.0000998 secs][1 CMS-remark: 321168K(443120K)] 333824K(521776K), 0.0012977 secs] [Times: user=0.00 sys=0.00, real=0.00 secs] 
2024-07-28T11:23:14.821+0800: 6.721: Total time for which application threads were stopped: 0.0014949 seconds, Stopping threads took: 0.0001590 seconds
2024-07-28T11:23:14.821+0800: 6.721: [CMS-concurrent-sweep-start]
2024-07-28T11:23:14.822+0800: 6.723: [CMS-concurrent-sweep: 0.001/0.001 secs] [Times: user=0.00 sys=0.00, real=0.00 secs] 
2024-07-28T11:23:14.823+0800: 6.723: [CMS-concurrent-reset-start]
2024-07-28T11:23:14.824+0800: 6.724: [CMS-concurrent-reset: 0.001/0.001 secs] [Times: user=0.00 sys=0.00, real=0.00 secs] 
2024-07-28T11:23:14.825+0800: 6.726: Application time: 0.0047519 seconds
2024-07-28T11:23:14.826+0800: 6.726: [GC (Allocation Failure) 2024-07-28T11:23:14.826+0800: 6.726: [ParNew: 77168K->8192K(78656K), 0.0116990 secs] 246782K->246415K(521776K), 0.0117477 secs] [Times: user=0.03 sys=0.00, real=0.01 secs] 
2024-07-28T11:23:14.837+0800: 6.738: Total time for which application threads were stopped: 0.0118587 seconds, Stopping threads took: 0.0000186 seconds
2024-07-28T11:23:14.838+0800: 6.738: Application time: 0.0001833 seconds
2024-07-28T11:23:14.838+0800: 6.738: [GC (CMS Initial Mark) [1 CMS-initial-mark: 238223K(443120K)] 249854K(521776K), 0.0008168 secs] [Times: user=0.00 sys=0.00, real=0.00 secs] 
2024-07-28T11:23:14.839+0800: 6.739: Total time for which application threads were stopped: 0.0009848 seconds, Stopping threads took: 0.0001229 seconds
2024-07-28T11:23:14.839+0800: 6.739: [CMS-concurrent-mark-start]
2024-07-28T11:23:14.840+0800: 6.740: [CMS-concurrent-mark: 0.001/0.001 secs] [Times: user=0.00 sys=0.00, real=0.00 secs] 
2024-07-28T11:23:14.840+0800: 6.740: [CMS-concurrent-preclean-start]
2024-07-28T11:23:14.841+0800: 6.741: [CMS-concurrent-preclean: 0.001/0.001 secs] [Times: user=0.00 sys=0.00, real=0.00 secs] 
2024-07-28T11:23:14.841+0800: 6.741: [CMS-concurrent-abortable-preclean-start]
2024-07-28T11:23:14.957+0800: 6.857: Application time: 0.1182655 seconds
2024-07-28T11:23:14.957+0800: 6.857: [GC (Allocation Failure) 2024-07-28T11:23:14.957+0800: 6.857: [ParNew: 77168K->8192K(78656K), 0.0115235 secs] 315391K->315024K(521776K), 0.0115820 secs] [Times: user=0.13 sys=0.00, real=0.01 secs] 
2024-07-28T11:23:14.969+0800: 6.869: Total time for which application threads were stopped: 0.0116921 seconds, Stopping threads took: 0.0000201 seconds
2024-07-28T11:23:15.081+0800: 6.980: Application time: 0.1114332 seconds
2024-07-28T11:23:15.081+0800: 6.980: [GC (Allocation Failure) 2024-07-28T11:23:15.081+0800: 6.980: [ParNew: 77168K->8192K(78656K), 0.0046563 secs] 384000K->332432K(521776K), 0.0047138 secs] [Times: user=0.03 sys=0.00, real=0.00 secs] 
2024-07-28T11:23:15.086+0800: 6.985: Total time for which application threads were stopped: 0.0048277 seconds, Stopping threads took: 0.0000198 seconds
2024-07-28T11:23:15.086+0800: 6.985: [CMS-concurrent-abortable-preclean: 0.005/0.244 secs] [Times: user=0.16 sys=0.00, real=0.24 secs] 
2024-07-28T11:23:15.086+0800: 6.985: Application time: 0.0005513 seconds
2024-07-28T11:23:15.086+0800: 6.986: [GC (CMS Final Remark) [YG occupancy: 15727 K (78656 K)]2024-07-28T11:23:15.086+0800: 6.986: [Rescan (parallel) , 0.0008780 secs]2024-07-28T11:23:15.087+0800: 6.987: [weak refs processing, 0.0000190 secs]2024-07-28T11:23:15.087+0800: 6.987: [class unloading, 0.0001766 secs]2024-07-28T11:23:15.087+0800: 6.987: [scrub symbol table, 0.0003462 secs]2024-07-28T11:23:15.088+0800: 6.987: [scrub string table, 0.0001015 secs][1 CMS-remark: 324240K(443120K)] 339968K(521776K), 0.0015849 secs] [Times: user=0.00 sys=0.00, real=0.00 secs] 
2024-07-28T11:23:15.088+0800: 6.987: Total time for which application threads were stopped: 0.0017779 seconds, Stopping threads took: 0.0001560 seconds
2024-07-28T11:23:15.088+0800: 6.988: [CMS-concurrent-sweep-start]
2024-07-28T11:23:15.090+0800: 6.989: [CMS-concurrent-sweep: 0.002/0.002 secs] [Times: user=0.00 sys=0.00, real=0.00 secs] 
2024-07-28T11:23:15.090+0800: 6.989: [CMS-concurrent-reset-start]
2024-07-28T11:23:15.091+0800: 6.991: [CMS-concurrent-reset: 0.002/0.002 secs] [Times: user=0.00 sys=0.00, real=0.00 secs] 
2024-07-28T11:23:15.092+0800: 6.992: Application time: 0.0046877 seconds
2024-07-28T11:23:15.093+0800: 6.992: [GC (Allocation Failure) 2024-07-28T11:23:15.093+0800: 6.992: [ParNew: 77168K->8192K(78656K), 0.0121820 secs] 248830K->248463K(521776K), 0.0122310 secs] [Times: user=0.03 sys=0.00, real=0.01 secs] 
2024-07-28T11:23:15.105+0800: 7.004: Total time for which application threads were stopped: 0.0123299 seconds, Stopping threads took: 0.0000172 seconds
2024-07-28T11:23:15.105+0800: 7.005: Application time: 0.0002376 seconds
2024-07-28T11:23:15.105+0800: 7.005: [GC (CMS Initial Mark) [1 CMS-initial-mark: 240271K(443120K)] 251902K(521776K), 0.0008621 secs] [Times: user=0.00 sys=0.00, real=0.00 secs] 
2024-07-28T11:23:15.106+0800: 7.006: Total time for which application threads were stopped: 0.0009847 seconds, Stopping threads took: 0.0000812 seconds
2024-07-28T11:23:15.106+0800: 7.006: [CMS-concurrent-mark-start]
2024-07-28T11:23:15.107+0800: 7.007: [CMS-concurrent-mark: 0.001/0.001 secs] [Times: user=0.00 sys=0.00, real=0.00 secs] 
2024-07-28T11:23:15.107+0800: 7.007: [CMS-concurrent-preclean-start]
2024-07-28T11:23:15.108+0800: 7.007: [CMS-concurrent-preclean: 0.001/0.001 secs] [Times: user=0.00 sys=0.00, real=0.00 secs] 
2024-07-28T11:23:15.108+0800: 7.007: [CMS-concurrent-abortable-preclean-start]
2024-07-28T11:23:15.227+0800: 7.126: Application time: 0.1205098 seconds
2024-07-28T11:23:15.227+0800: 7.126: [GC (Allocation Failure) 2024-07-28T11:23:15.227+0800: 7.126: [ParNew: 77168K->8206K(78656K), 0.0120172 secs] 317439K->317086K(521776K), 0.0120840 secs] [Times: user=0.00 sys=0.00, real=0.01 secs] 
2024-07-28T11:23:15.239+0800: 7.138: Total time for which application threads were stopped: 0.0121986 seconds, Stopping threads took: 0.0000258 seconds
2024-07-28T11:23:15.350+0800: 7.250: Application time: 0.1118336 seconds
2024-07-28T11:23:15.350+0800: 7.250: [GC (Allocation Failure) 2024-07-28T11:23:15.350+0800: 7.250: [ParNew: 77182K->8192K(78656K), 0.0049117 secs] 386062K->335504K(521776K), 0.0049705 secs] [Times: user=0.00 sys=0.00, real=0.01 secs] 
2024-07-28T11:23:15.355+0800: 7.255: Total time for which application threads were stopped: 0.0050929 seconds, Stopping threads took: 0.0000194 seconds
2024-07-28T11:23:15.355+0800: 7.255: [CMS-concurrent-abortable-preclean: 0.006/0.248 secs] [Times: user=0.01 sys=0.00, real=0.25 secs] 
2024-07-28T11:23:15.355+0800: 7.255: Application time: 0.0002694 seconds
2024-07-28T11:23:15.356+0800: 7.256: [GC (CMS Final Remark) [YG occupancy: 11631 K (78656 K)]2024-07-28T11:23:15.356+0800: 7.256: [Rescan (parallel) , 0.0008280 secs]2024-07-28T11:23:15.357+0800: 7.256: [weak refs processing, 0.0000127 secs]2024-07-28T11:23:15.357+0800: 7.256: [class unloading, 0.0001789 secs]2024-07-28T11:23:15.357+0800: 7.257: [scrub symbol table, 0.0003434 secs]2024-07-28T11:23:15.357+0800: 7.257: [scrub string table, 0.0001125 secs][1 CMS-remark: 327312K(443120K)] 338944K(521776K), 0.0015426 secs] [Times: user=0.00 sys=0.00, real=0.00 secs] 
2024-07-28T11:23:15.357+0800: 7.257: Total time for which application threads were stopped: 0.0016986 seconds, Stopping threads took: 0.0001192 seconds
2024-07-28T11:23:15.357+0800: 7.257: [CMS-concurrent-sweep-start]
2024-07-28T11:23:15.359+0800: 7.259: [CMS-concurrent-sweep: 0.002/0.002 secs] [Times: user=0.00 sys=0.00, real=0.00 secs] 
2024-07-28T11:23:15.359+0800: 7.259: [CMS-concurrent-reset-start]
2024-07-28T11:23:15.360+0800: 7.260: [CMS-concurrent-reset: 0.001/0.001 secs] [Times: user=0.00 sys=0.00, real=0.00 secs] 
2024-07-28T11:23:15.362+0800: 7.262: Application time: 0.0048374 seconds
2024-07-28T11:23:15.362+0800: 7.262: [GC (Allocation Failure) 2024-07-28T11:23:15.362+0800: 7.262: [ParNew: 77168K->8192K(78656K), 0.0122339 secs] 250879K->250511K(521776K), 0.0122845 secs] [Times: user=0.03 sys=0.00, real=0.01 secs] 
2024-07-28T11:23:15.374+0800: 7.274: Total time for which application threads were stopped: 0.0123945 seconds, Stopping threads took: 0.0000136 seconds
2024-07-28T11:23:15.375+0800: 7.275: Application time: 0.0002520 seconds
2024-07-28T11:23:15.375+0800: 7.275: [GC (CMS Initial Mark) [1 CMS-initial-mark: 242319K(443120K)] 253951K(521776K), 0.0009132 secs] [Times: user=0.00 sys=0.00, real=0.00 secs] 
2024-07-28T11:23:15.376+0800: 7.276: Total time for which application threads were stopped: 0.0010298 seconds, Stopping threads took: 0.0000755 seconds
2024-07-28T11:23:15.376+0800: 7.276: [CMS-concurrent-mark-start]
2024-07-28T11:23:15.377+0800: 7.277: [CMS-concurrent-mark: 0.001/0.001 secs] [Times: user=0.00 sys=0.00, real=0.00 secs] 
2024-07-28T11:23:15.377+0800: 7.277: [CMS-concurrent-preclean-start]
2024-07-28T11:23:15.378+0800: 7.277: [CMS-concurrent-preclean: 0.001/0.001 secs] [Times: user=0.00 sys=0.00, real=0.00 secs] 
2024-07-28T11:23:15.378+0800: 7.277: [CMS-concurrent-abortable-preclean-start]
2024-07-28T11:23:15.494+0800: 7.394: Application time: 0.1179046 seconds
2024-07-28T11:23:15.494+0800: 7.394: [GC (Allocation Failure) 2024-07-28T11:23:15.494+0800: 7.394: [ParNew: 77168K->8192K(78656K), 0.0124174 secs] 319488K->319120K(521776K), 0.0124811 secs] [Times: user=0.03 sys=0.00, real=0.01 secs] 
2024-07-28T11:23:15.507+0800: 7.406: Total time for which application threads were stopped: 0.0126134 seconds, Stopping threads took: 0.0000211 seconds
2024-07-28T11:23:15.619+0800: 7.519: Application time: 0.1125428 seconds
2024-07-28T11:23:15.619+0800: 7.519: [GC (Allocation Failure) 2024-07-28T11:23:15.619+0800: 7.519: [ParNew: 77168K->8192K(78656K), 0.0050801 secs] 388097K->338577K(521776K), 0.0051353 secs] [Times: user=0.00 sys=0.00, real=0.01 secs] 
2024-07-28T11:23:15.624+0800: 7.524: Total time for which application threads were stopped: 0.0052431 seconds, Stopping threads took: 0.0000179 seconds
2024-07-28T11:23:15.625+0800: 7.524: [CMS-concurrent-abortable-preclean: 0.005/0.247 secs] [Times: user=0.03 sys=0.00, real=0.25 secs] 
2024-07-28T11:23:15.625+0800: 7.524: Application time: 0.0003672 seconds
2024-07-28T11:23:15.625+0800: 7.524: [GC (CMS Final Remark) [YG occupancy: 14703 K (78656 K)]2024-07-28T11:23:15.625+0800: 7.524: [Rescan (parallel) , 0.0010110 secs]2024-07-28T11:23:15.626+0800: 7.526: [weak refs processing, 0.0000128 secs]2024-07-28T11:23:15.626+0800: 7.526: [class unloading, 0.0001793 secs]2024-07-28T11:23:15.626+0800: 7.526: [scrub symbol table, 0.0003398 secs]2024-07-28T11:23:15.626+0800: 7.526: [scrub string table, 0.0001236 secs][1 CMS-remark: 330384K(443120K)] 345088K(521776K), 0.0017296 secs] [Times: user=0.00 sys=0.00, real=0.00 secs] 
2024-07-28T11:23:15.627+0800: 7.526: Total time for which application threads were stopped: 0.0018629 seconds, Stopping threads took: 0.0000978 seconds
2024-07-28T11:23:15.627+0800: 7.526: [CMS-concurrent-sweep-start]
2024-07-28T11:23:15.628+0800: 7.528: [CMS-concurrent-sweep: 0.002/0.002 secs] [Times: user=0.00 sys=0.00, real=0.00 secs] 
2024-07-28T11:23:15.628+0800: 7.528: [CMS-concurrent-reset-start]
2024-07-28T11:23:15.630+0800: 7.529: [CMS-concurrent-reset: 0.001/0.001 secs] [Times: user=0.03 sys=0.00, real=0.00 secs] 
2024-07-28T11:23:15.631+0800: 7.531: Application time: 0.0047271 seconds
2024-07-28T11:23:15.631+0800: 7.531: [GC (Allocation Failure) 2024-07-28T11:23:15.631+0800: 7.531: [ParNew: 77168K->8192K(78656K), 0.0132806 secs] 252927K->252559K(521776K), 0.0133285 secs] [Times: user=0.00 sys=0.00, real=0.01 secs] 
2024-07-28T11:23:15.644+0800: 7.544: Total time for which application threads were stopped: 0.0134241 seconds, Stopping threads took: 0.0000133 seconds
2024-07-28T11:23:15.644+0800: 7.545: Application time: 0.0002229 seconds
2024-07-28T11:23:15.644+0800: 7.545: [GC (CMS Initial Mark) [1 CMS-initial-mark: 244367K(443120K)] 255999K(521776K), 0.0008577 secs] [Times: user=0.02 sys=0.00, real=0.00 secs] 
2024-07-28T11:23:15.645+0800: 7.546: Total time for which application threads were stopped: 0.0009940 seconds, Stopping threads took: 0.0000945 seconds
2024-07-28T11:23:15.645+0800: 7.546: [CMS-concurrent-mark-start]
2024-07-28T11:23:15.646+0800: 7.547: [CMS-concurrent-mark: 0.001/0.001 secs] [Times: user=0.00 sys=0.00, real=0.00 secs] 
2024-07-28T11:23:15.646+0800: 7.547: [CMS-concurrent-preclean-start]
2024-07-28T11:23:15.647+0800: 7.547: [CMS-concurrent-preclean: 0.001/0.001 secs] [Times: user=0.00 sys=0.00, real=0.00 secs] 
2024-07-28T11:23:15.647+0800: 7.547: [CMS-concurrent-abortable-preclean-start]
2024-07-28T11:23:15.763+0800: 7.664: Application time: 0.1179369 seconds
2024-07-28T11:23:15.763+0800: 7.664: [GC (Allocation Failure) 2024-07-28T11:23:15.763+0800: 7.664: [ParNew: 77168K->8192K(78656K), 0.0116747 secs] 321536K->321168K(521776K), 0.0117303 secs] [Times: user=0.03 sys=0.00, real=0.01 secs] 
2024-07-28T11:23:15.775+0800: 7.675: Total time for which application threads were stopped: 0.0118411 seconds, Stopping threads took: 0.0000200 seconds
2024-07-28T11:23:15.888+0800: 7.788: Application time: 0.1125484 seconds
2024-07-28T11:23:15.888+0800: 7.788: [GC (Allocation Failure) 2024-07-28T11:23:15.888+0800: 7.788: [ParNew: 77168K->8192K(78656K), 0.0053905 secs] 390145K->341649K(521776K), 0.0054645 secs] [Times: user=0.00 sys=0.00, real=0.01 secs] 
2024-07-28T11:23:15.894+0800: 7.794: Total time for which application threads were stopped: 0.0055841 seconds, Stopping threads took: 0.0000208 seconds
2024-07-28T11:23:15.894+0800: 7.794: [CMS-concurrent-abortable-preclean: 0.005/0.246 secs] [Times: user=0.03 sys=0.00, real=0.25 secs] 
2024-07-28T11:23:15.894+0800: 7.794: Application time: 0.0003843 seconds
2024-07-28T11:23:15.894+0800: 7.794: [GC (CMS Final Remark) [YG occupancy: 14703 K (78656 K)]2024-07-28T11:23:15.894+0800: 7.794: [Rescan (parallel) , 0.0009066 secs]2024-07-28T11:23:15.895+0800: 7.795: [weak refs processing, 0.0000133 secs]2024-07-28T11:23:15.895+0800: 7.795: [class unloading, 0.0001848 secs]2024-07-28T11:23:15.896+0800: 7.795: [scrub symbol table, 0.0003395 secs]2024-07-28T11:23:15.896+0800: 7.796: [scrub string table, 0.0001139 secs][1 CMS-remark: 333456K(443120K)] 348160K(521776K), 0.0016209 secs] [Times: user=0.02 sys=0.00, real=0.00 secs] 
2024-07-28T11:23:15.896+0800: 7.796: Total time for which application threads were stopped: 0.0017956 seconds, Stopping threads took: 0.0001386 seconds
2024-07-28T11:23:15.896+0800: 7.796: [CMS-concurrent-sweep-start]
2024-07-28T11:23:15.898+0800: 7.798: [CMS-concurrent-sweep: 0.002/0.002 secs] [Times: user=0.00 sys=0.00, real=0.00 secs] 
2024-07-28T11:23:15.898+0800: 7.798: [CMS-concurrent-reset-start]
2024-07-28T11:23:15.899+0800: 7.799: [CMS-concurrent-reset: 0.001/0.001 secs] [Times: user=0.00 sys=0.00, real=0.00 secs] 
2024-07-28T11:23:15.901+0800: 7.801: Application time: 0.0048009 seconds
2024-07-28T11:23:15.901+0800: 7.801: [GC (Allocation Failure) 2024-07-28T11:23:15.901+0800: 7.801: [ParNew: 77168K->8192K(78656K), 0.0120952 secs] 254975K->254607K(521776K), 0.0121444 secs] [Times: user=0.03 sys=0.00, real=0.01 secs] 
2024-07-28T11:23:15.913+0800: 7.813: Total time for which application threads were stopped: 0.0122394 seconds, Stopping threads took: 0.0000129 seconds
2024-07-28T11:23:15.913+0800: 7.813: Application time: 0.0002513 seconds
2024-07-28T11:23:15.914+0800: 7.813: [GC (CMS Initial Mark) [1 CMS-initial-mark: 246415K(443120K)] 258047K(521776K), 0.0008104 secs] [Times: user=0.00 sys=0.00, real=0.00 secs] 
2024-07-28T11:23:15.914+0800: 7.814: Total time for which application threads were stopped: 0.0010006 seconds, Stopping threads took: 0.0001487 seconds
2024-07-28T11:23:15.914+0800: 7.814: [CMS-concurrent-mark-start]
2024-07-28T11:23:15.915+0800: 7.815: [CMS-concurrent-mark: 0.001/0.001 secs] [Times: user=0.00 sys=0.00, real=0.00 secs] 
2024-07-28T11:23:15.916+0800: 7.815: [CMS-concurrent-preclean-start]
2024-07-28T11:23:15.916+0800: 7.816: [CMS-concurrent-preclean: 0.001/0.001 secs] [Times: user=0.00 sys=0.00, real=0.00 secs] 
2024-07-28T11:23:15.916+0800: 7.816: [CMS-concurrent-abortable-preclean-start]
2024-07-28T11:23:16.032+0800: 7.932: Application time: 0.1177380 seconds
2024-07-28T11:23:16.032+0800: 7.932: [GC (Allocation Failure) 2024-07-28T11:23:16.032+0800: 7.932: [ParNew: 77168K->8192K(78656K), 0.0120329 secs] 323584K->323216K(521776K), 0.0120919 secs] [Times: user=0.03 sys=0.00, real=0.01 secs] 
2024-07-28T11:23:16.044+0800: 7.944: Total time for which application threads were stopped: 0.0122104 seconds, Stopping threads took: 0.0000202 seconds
2024-07-28T11:23:16.156+0800: 8.056: Application time: 0.1118799 seconds
2024-07-28T11:23:16.156+0800: 8.056: [GC (Allocation Failure) 2024-07-28T11:23:16.156+0800: 8.056: [ParNew: 77168K->8192K(78656K), 0.0054181 secs] 392193K->344721K(521776K), 0.0054901 secs] [Times: user=0.03 sys=0.00, real=0.01 secs] 
2024-07-28T11:23:16.162+0800: 8.061: Total time for which application threads were stopped: 0.0056007 seconds, Stopping threads took: 0.0000195 seconds
2024-07-28T11:23:16.162+0800: 8.062: [CMS-concurrent-abortable-preclean: 0.005/0.246 secs] [Times: user=0.06 sys=0.00, real=0.25 secs] 
2024-07-28T11:23:16.162+0800: 8.062: Application time: 0.0003975 seconds
2024-07-28T11:23:16.162+0800: 8.062: [GC (CMS Final Remark) [YG occupancy: 14703 K (78656 K)]2024-07-28T11:23:16.162+0800: 8.062: [Rescan (parallel) , 0.0008849 secs]2024-07-28T11:23:16.163+0800: 8.063: [weak refs processing, 0.0000133 secs]2024-07-28T11:23:16.163+0800: 8.063: [class unloading, 0.0001921 secs]2024-07-28T11:23:16.163+0800: 8.063: [scrub symbol table, 0.0003487 secs]2024-07-28T11:23:16.164+0800: 8.063: [scrub string table, 0.0000996 secs][1 CMS-remark: 336528K(443120K)] 351232K(521776K), 0.0016042 secs] [Times: user=0.00 sys=0.00, real=0.00 secs] 
2024-07-28T11:23:16.164+0800: 8.064: Total time for which application threads were stopped: 0.0017830 seconds, Stopping threads took: 0.0001403 seconds
2024-07-28T11:23:16.164+0800: 8.064: [CMS-concurrent-sweep-start]
2024-07-28T11:23:16.166+0800: 8.066: [CMS-concurrent-sweep: 0.002/0.002 secs] [Times: user=0.00 sys=0.00, real=0.00 secs] 
2024-07-28T11:23:16.166+0800: 8.066: [CMS-concurrent-reset-start]
2024-07-28T11:23:16.168+0800: 8.068: [CMS-concurrent-reset: 0.002/0.002 secs] [Times: user=0.00 sys=0.00, real=0.00 secs] 
2024-07-28T11:23:16.169+0800: 8.069: Application time: 0.0051469 seconds
2024-07-28T11:23:16.169+0800: 8.069: [GC (Allocation Failure) 2024-07-28T11:23:16.169+0800: 8.069: [ParNew: 77168K->8192K(78656K), 0.0122041 secs] 257023K->256655K(521776K), 0.0122539 secs] [Times: user=0.03 sys=0.00, real=0.01 secs] 
2024-07-28T11:23:16.181+0800: 8.081: Total time for which application threads were stopped: 0.0123566 seconds, Stopping threads took: 0.0000178 seconds
2024-07-28T11:23:16.182+0800: 8.081: Application time: 0.0001468 seconds
2024-07-28T11:23:16.182+0800: 8.081: [GC (CMS Initial Mark) [1 CMS-initial-mark: 248463K(443120K)] 260095K(521776K), 0.0007817 secs] [Times: user=0.00 sys=0.00, real=0.00 secs] 
2024-07-28T11:23:16.183+0800: 8.082: Total time for which application threads were stopped: 0.0010092 seconds, Stopping threads took: 0.0001820 seconds
2024-07-28T11:23:16.183+0800: 8.082: [CMS-concurrent-mark-start]
2024-07-28T11:23:16.184+0800: 8.083: [CMS-concurrent-mark: 0.001/0.001 secs] [Times: user=0.00 sys=0.00, real=0.00 secs] 
2024-07-28T11:23:16.184+0800: 8.083: [CMS-concurrent-preclean-start]
2024-07-28T11:23:16.184+0800: 8.084: [CMS-concurrent-preclean: 0.001/0.001 secs] [Times: user=0.00 sys=0.00, real=0.00 secs] 
2024-07-28T11:23:16.184+0800: 8.084: [CMS-concurrent-abortable-preclean-start]
2024-07-28T11:23:16.298+0800: 8.199: Application time: 0.1162339 seconds
2024-07-28T11:23:16.299+0800: 8.199: [GC (Allocation Failure) 2024-07-28T11:23:16.299+0800: 8.199: [ParNew: 77168K->8192K(78656K), 0.0124392 secs] 325632K->325264K(521776K), 0.0124967 secs] [Times: user=0.03 sys=0.00, real=0.01 secs] 
2024-07-28T11:23:16.311+0800: 8.211: Total time for which application threads were stopped: 0.0126133 seconds, Stopping threads took: 0.0000211 seconds
2024-07-28T11:23:16.423+0800: 8.323: Application time: 0.1117064 seconds
2024-07-28T11:23:16.423+0800: 8.323: [GC (Allocation Failure) 2024-07-28T11:23:16.423+0800: 8.323: [ParNew: 77168K->8192K(78656K), 0.0053567 secs] 394241K->347793K(521776K), 0.0054156 secs] [Times: user=0.03 sys=0.00, real=0.01 secs] 
2024-07-28T11:23:16.429+0800: 8.328: Total time for which application threads were stopped: 0.0055241 seconds, Stopping threads took: 0.0000194 seconds
2024-07-28T11:23:16.429+0800: 8.328: [CMS-concurrent-abortable-preclean: 0.005/0.244 secs] [Times: user=0.06 sys=0.00, real=0.24 secs] 
2024-07-28T11:23:16.429+0800: 8.329: Application time: 0.0002908 seconds
2024-07-28T11:23:16.429+0800: 8.329: [GC (CMS Final Remark) [YG occupancy: 12655 K (78656 K)]2024-07-28T11:23:16.429+0800: 8.329: [Rescan (parallel) , 0.0010842 secs]2024-07-28T11:23:16.430+0800: 8.330: [weak refs processing, 0.0000132 secs]2024-07-28T11:23:16.430+0800: 8.330: [class unloading, 0.0001729 secs]2024-07-28T11:23:16.431+0800: 8.330: [scrub symbol table, 0.0003112 secs]2024-07-28T11:23:16.431+0800: 8.330: [scrub string table, 0.0000917 secs][1 CMS-remark: 339601K(443120K)] 352256K(521776K), 0.0017407 secs] [Times: user=0.00 sys=0.00, real=0.00 secs] 
2024-07-28T11:23:16.431+0800: 8.331: Total time for which application threads were stopped: 0.0019334 seconds, Stopping threads took: 0.0001547 seconds
2024-07-28T11:23:16.431+0800: 8.331: [CMS-concurrent-sweep-start]
2024-07-28T11:23:16.433+0800: 8.332: [CMS-concurrent-sweep: 0.001/0.001 secs] [Times: user=0.00 sys=0.00, real=0.00 secs] 
2024-07-28T11:23:16.433+0800: 8.332: [CMS-concurrent-reset-start]
2024-07-28T11:23:16.434+0800: 8.334: [CMS-concurrent-reset: 0.002/0.002 secs] [Times: user=0.00 sys=0.00, real=0.00 secs] 
2024-07-28T11:23:16.436+0800: 8.335: Application time: 0.0048786 seconds
2024-07-28T11:23:16.436+0800: 8.336: [GC (Allocation Failure) 2024-07-28T11:23:16.436+0800: 8.336: [ParNew: 77168K->8192K(78656K), 0.0121750 secs] 259071K->258703K(521776K), 0.0122232 secs] [Times: user=0.03 sys=0.00, real=0.01 secs] 
2024-07-28T11:23:16.448+0800: 8.348: Total time for which application threads were stopped: 0.0123167 seconds, Stopping threads took: 0.0000127 seconds
2024-07-28T11:23:16.448+0800: 8.348: Application time: 0.0002171 seconds
2024-07-28T11:23:16.449+0800: 8.348: [GC (CMS Initial Mark) [1 CMS-initial-mark: 250511K(443120K)] 262143K(521776K), 0.0007578 secs] [Times: user=0.00 sys=0.00, real=0.00 secs] 
2024-07-28T11:23:16.449+0800: 8.349: Total time for which application threads were stopped: 0.0009378 seconds, Stopping threads took: 0.0001382 seconds
2024-07-28T11:23:16.450+0800: 8.349: [CMS-concurrent-mark-start]
2024-07-28T11:23:16.450+0800: 8.350: [CMS-concurrent-mark: 0.001/0.001 secs] [Times: user=0.00 sys=0.00, real=0.00 secs] 
2024-07-28T11:23:16.451+0800: 8.350: [CMS-concurrent-preclean-start]
2024-07-28T11:23:16.451+0800: 8.351: [CMS-concurrent-preclean: 0.001/0.001 secs] [Times: user=0.00 sys=0.00, real=0.00 secs] 
2024-07-28T11:23:16.451+0800: 8.351: [CMS-concurrent-abortable-preclean-start]
2024-07-28T11:23:16.567+0800: 8.466: Application time: 0.1172302 seconds
2024-07-28T11:23:16.567+0800: 8.466: [GC (Allocation Failure) 2024-07-28T11:23:16.567+0800: 8.466: [ParNew: 77168K->8192K(78656K), 0.0117480 secs] 327680K->327312K(521776K), 0.0118217 secs] [Times: user=0.03 sys=0.00, real=0.01 secs] 
2024-07-28T11:23:16.579+0800: 8.478: Total time for which application threads were stopped: 0.0119479 seconds, Stopping threads took: 0.0000260 seconds
2024-07-28T11:23:16.690+0800: 8.590: Application time: 0.1116636 seconds
2024-07-28T11:23:16.690+0800: 8.590: [GC (Allocation Failure) 2024-07-28T11:23:16.690+0800: 8.590: [ParNew: 77543K->8196K(78656K), 0.0055147 secs] 396664K->349845K(521776K), 0.0055742 secs] [Times: user=0.03 sys=0.00, real=0.01 secs] 
2024-07-28T11:23:16.696+0800: 8.596: Total time for which application threads were stopped: 0.0056885 seconds, Stopping threads took: 0.0000189 seconds
2024-07-28T11:23:16.696+0800: 8.596: [CMS-concurrent-abortable-preclean: 0.005/0.245 secs] [Times: user=0.08 sys=0.00, real=0.25 secs] 
2024-07-28T11:23:16.696+0800: 8.596: Application time: 0.0003824 seconds
2024-07-28T11:23:16.697+0800: 8.596: [GC (CMS Final Remark) [YG occupancy: 14697 K (78656 K)]2024-07-28T11:23:16.697+0800: 8.596: [Rescan (parallel) , 0.0009648 secs]2024-07-28T11:23:16.698+0800: 8.597: [weak refs processing, 0.0000129 secs]2024-07-28T11:23:16.698+0800: 8.597: [class unloading, 0.0002230 secs]2024-07-28T11:23:16.698+0800: 8.597: [scrub symbol table, 0.0003481 secs]2024-07-28T11:23:16.698+0800: 8.598: [scrub string table, 0.0001000 secs][1 CMS-remark: 341649K(443120K)] 356347K(521776K), 0.0017132 secs] [Times: user=0.00 sys=0.00, real=0.00 secs] 
2024-07-28T11:23:16.698+0800: 8.598: Total time for which application threads were stopped: 0.0019175 seconds, Stopping threads took: 0.0001632 seconds
2024-07-28T11:23:16.698+0800: 8.598: [CMS-concurrent-sweep-start]
2024-07-28T11:23:16.700+0800: 8.599: [CMS-concurrent-sweep: 0.001/0.001 secs] [Times: user=0.00 sys=0.00, real=0.00 secs] 
2024-07-28T11:23:16.700+0800: 8.599: [CMS-concurrent-reset-start]
2024-07-28T11:23:16.701+0800: 8.600: [CMS-concurrent-reset: 0.001/0.001 secs] [Times: user=0.00 sys=0.00, real=0.00 secs] 
2024-07-28T11:23:16.703+0800: 8.603: Application time: 0.0048990 seconds
2024-07-28T11:23:16.703+0800: 8.603: [GC (Allocation Failure) 2024-07-28T11:23:16.703+0800: 8.603: [ParNew: 77162K->8192K(78656K), 0.0127680 secs] 260089K->259727K(521776K), 0.0128195 secs] [Times: user=0.03 sys=0.00, real=0.01 secs] 
2024-07-28T11:23:16.716+0800: 8.616: Total time for which application threads were stopped: 0.0129256 seconds, Stopping threads took: 0.0000139 seconds
2024-07-28T11:23:16.716+0800: 8.616: Application time: 0.0002386 seconds
2024-07-28T11:23:16.716+0800: 8.616: [GC (CMS Initial Mark) [1 CMS-initial-mark: 251535K(443120K)] 263161K(521776K), 0.0008174 secs] [Times: user=0.00 sys=0.00, real=0.00 secs] 
2024-07-28T11:23:16.717+0800: 8.617: Total time for which application threads were stopped: 0.0009565 seconds, Stopping threads took: 0.0000974 seconds
2024-07-28T11:23:16.717+0800: 8.617: [CMS-concurrent-mark-start]
2024-07-28T11:23:16.718+0800: 8.618: [CMS-concurrent-mark: 0.001/0.001 secs] [Times: user=0.00 sys=0.00, real=0.00 secs] 
2024-07-28T11:23:16.718+0800: 8.618: [CMS-concurrent-preclean-start]
2024-07-28T11:23:16.719+0800: 8.618: [CMS-concurrent-preclean: 0.001/0.001 secs] [Times: user=0.00 sys=0.00, real=0.00 secs] 
2024-07-28T11:23:16.719+0800: 8.618: [CMS-concurrent-abortable-preclean-start]
2024-07-28T11:23:16.834+0800: 8.733: Application time: 0.1163748 seconds
2024-07-28T11:23:16.834+0800: 8.733: [GC (Allocation Failure) 2024-07-28T11:23:16.834+0800: 8.733: [ParNew: 77162K->8192K(78656K), 0.0119485 secs] 328698K->328336K(521776K), 0.0120062 secs] [Times: user=0.00 sys=0.00, real=0.01 secs] 
2024-07-28T11:23:16.846+0800: 8.745: Total time for which application threads were stopped: 0.0121240 seconds, Stopping threads took: 0.0000275 seconds
2024-07-28T11:23:16.957+0800: 8.857: Application time: 0.1114859 seconds
2024-07-28T11:23:16.957+0800: 8.857: [GC (Allocation Failure) 2024-07-28T11:23:16.957+0800: 8.857: [ParNew: 77164K->8192K(78656K), 0.0058718 secs] 397309K->351889K(521776K), 0.0059428 secs] [Times: user=0.00 sys=0.00, real=0.01 secs] 
2024-07-28T11:23:16.963+0800: 8.863: Total time for which application threads were stopped: 0.0060535 seconds, Stopping threads took: 0.0000203 seconds
2024-07-28T11:23:16.963+0800: 8.863: [CMS-concurrent-abortable-preclean: 0.006/0.244 secs] [Times: user=0.01 sys=0.00, real=0.24 secs] 
2024-07-28T11:23:16.964+0800: 8.863: Application time: 0.0003092 seconds
2024-07-28T11:23:16.964+0800: 8.863: [GC (CMS Final Remark) [YG occupancy: 12653 K (78656 K)]2024-07-28T11:23:16.964+0800: 8.863: [Rescan (parallel) , 0.0010523 secs]2024-07-28T11:23:16.965+0800: 8.864: [weak refs processing, 0.0000131 secs]2024-07-28T11:23:16.965+0800: 8.864: [class unloading, 0.0001829 secs]2024-07-28T11:23:16.965+0800: 8.865: [scrub symbol table, 0.0003152 secs]2024-07-28T11:23:16.965+0800: 8.865: [scrub string table, 0.0000921 secs][1 CMS-remark: 343697K(443120K)] 356350K(521776K), 0.0017243 secs] [Times: user=0.00 sys=0.00, real=0.00 secs] 
2024-07-28T11:23:16.966+0800: 8.865: Total time for which application threads were stopped: 0.0018427 seconds, Stopping threads took: 0.0000784 seconds
2024-07-28T11:23:16.966+0800: 8.865: [CMS-concurrent-sweep-start]
2024-07-28T11:23:16.967+0800: 8.867: [CMS-concurrent-sweep: 0.002/0.002 secs] [Times: user=0.00 sys=0.00, real=0.00 secs] 
2024-07-28T11:23:16.967+0800: 8.867: [CMS-concurrent-reset-start]
2024-07-28T11:23:16.969+0800: 8.868: [CMS-concurrent-reset: 0.001/0.001 secs] [Times: user=0.00 sys=0.00, real=0.00 secs] 
2024-07-28T11:23:16.970+0800: 8.870: Application time: 0.0047020 seconds
2024-07-28T11:23:16.970+0800: 8.870: [GC (Allocation Failure) 2024-07-28T11:23:16.970+0800: 8.870: [ParNew: 77166K->8192K(78656K), 0.0119196 secs] 261116K->260751K(521776K), 0.0119673 secs] [Times: user=0.03 sys=0.00, real=0.01 secs] 
2024-07-28T11:23:16.982+0800: 8.882: Total time for which application threads were stopped: 0.0120738 seconds, Stopping threads took: 0.0000137 seconds
2024-07-28T11:23:16.983+0800: 8.882: Application time: 0.0001915 seconds
2024-07-28T11:23:16.983+0800: 8.882: [GC (CMS Initial Mark) [1 CMS-initial-mark: 252559K(443120K)] 264189K(521776K), 0.0008259 secs] [Times: user=0.00 sys=0.00, real=0.00 secs] 
2024-07-28T11:23:16.984+0800: 8.883: Total time for which application threads were stopped: 0.0010183 seconds, Stopping threads took: 0.0001475 seconds
2024-07-28T11:23:16.984+0800: 8.883: [CMS-concurrent-mark-start]
2024-07-28T11:23:16.985+0800: 8.884: [CMS-concurrent-mark: 0.001/0.001 secs] [Times: user=0.00 sys=0.00, real=0.00 secs] 
2024-07-28T11:23:16.985+0800: 8.884: [CMS-concurrent-preclean-start]
2024-07-28T11:23:16.985+0800: 8.885: [CMS-concurrent-preclean: 0.001/0.001 secs] [Times: user=0.00 sys=0.00, real=0.00 secs] 
2024-07-28T11:23:16.985+0800: 8.885: [CMS-concurrent-abortable-preclean-start]
2024-07-28T11:23:17.102+0800: 9.002: Application time: 0.1187551 seconds
2024-07-28T11:23:17.102+0800: 9.002: [GC (Allocation Failure) 2024-07-28T11:23:17.102+0800: 9.002: [ParNew: 77167K->8192K(78656K), 0.0121454 secs] 329726K->329360K(521776K), 0.0122051 secs] [Times: user=0.03 sys=0.00, real=0.01 secs] 
2024-07-28T11:23:17.115+0800: 9.014: Total time for which application threads were stopped: 0.0123139 seconds, Stopping threads took: 0.0000197 seconds
2024-07-28T11:23:17.226+0800: 9.126: Application time: 0.1118789 seconds
2024-07-28T11:23:17.227+0800: 9.126: [GC (Allocation Failure) 2024-07-28T11:23:17.227+0800: 9.126: [ParNew: 77167K->8192K(78656K), 0.0057048 secs] 398336K->353937K(521776K), 0.0057638 secs] [Times: user=0.00 sys=0.00, real=0.01 secs] 
2024-07-28T11:23:17.232+0800: 9.132: Total time for which application threads were stopped: 0.0058742 seconds, Stopping threads took: 0.0000193 seconds
2024-07-28T11:23:17.232+0800: 9.132: [CMS-concurrent-abortable-preclean: 0.005/0.247 secs] [Times: user=0.06 sys=0.00, real=0.25 secs] 
2024-07-28T11:23:17.233+0800: 9.132: Application time: 0.0001820 seconds
2024-07-28T11:23:17.233+0800: 9.132: [GC (CMS Final Remark) [YG occupancy: 11631 K (78656 K)]2024-07-28T11:23:17.233+0800: 9.132: [Rescan (parallel) , 0.0009635 secs]2024-07-28T11:23:17.234+0800: 9.133: [weak refs processing, 0.0000129 secs]2024-07-28T11:23:17.234+0800: 9.133: [class unloading, 0.0001985 secs]2024-07-28T11:23:17.234+0800: 9.133: [scrub symbol table, 0.0003763 secs]2024-07-28T11:23:17.234+0800: 9.134: [scrub string table, 0.0000993 secs][1 CMS-remark: 345745K(443120K)] 357376K(521776K), 0.0017135 secs] [Times: user=0.00 sys=0.00, real=0.00 secs] 
2024-07-28T11:23:17.234+0800: 9.134: Total time for which application threads were stopped: 0.0018778 seconds, Stopping threads took: 0.0001281 seconds
2024-07-28T11:23:17.235+0800: 9.134: [CMS-concurrent-sweep-start]
2024-07-28T11:23:17.236+0800: 9.135: [CMS-concurrent-sweep: 0.001/0.001 secs] [Times: user=0.00 sys=0.00, real=0.00 secs] 
2024-07-28T11:23:17.236+0800: 9.135: [CMS-concurrent-reset-start]
2024-07-28T11:23:17.237+0800: 9.137: [CMS-concurrent-reset: 0.001/0.001 secs] [Times: user=0.00 sys=0.00, real=0.00 secs] 
2024-07-28T11:23:17.239+0800: 9.139: Application time: 0.0048353 seconds
2024-07-28T11:23:17.239+0800: 9.139: [GC (Allocation Failure) 2024-07-28T11:23:17.239+0800: 9.139: [ParNew: 77168K->8192K(78656K), 0.0120901 secs] 263166K->262799K(521776K), 0.0121384 secs] [Times: user=0.00 sys=0.00, real=0.01 secs] 
2024-07-28T11:23:17.252+0800: 9.151: Total time for which application threads were stopped: 0.0122377 seconds, Stopping threads took: 0.0000127 seconds
2024-07-28T11:23:17.252+0800: 9.151: Application time: 0.0001440 seconds
2024-07-28T11:23:17.252+0800: 9.151: [GC (CMS Initial Mark) [1 CMS-initial-mark: 254607K(443120K)] 265215K(521776K), 0.0007482 secs] [Times: user=0.00 sys=0.00, real=0.00 secs] 
2024-07-28T11:23:17.253+0800: 9.152: Total time for which application threads were stopped: 0.0009219 seconds, Stopping threads took: 0.0001245 seconds
2024-07-28T11:23:17.253+0800: 9.152: [CMS-concurrent-mark-start]
2024-07-28T11:23:17.254+0800: 9.153: [CMS-concurrent-mark: 0.001/0.001 secs] [Times: user=0.00 sys=0.00, real=0.00 secs] 
2024-07-28T11:23:17.254+0800: 9.153: [CMS-concurrent-preclean-start]
2024-07-28T11:23:17.254+0800: 9.154: [CMS-concurrent-preclean: 0.001/0.001 secs] [Times: user=0.00 sys=0.00, real=0.00 secs] 
2024-07-28T11:23:17.254+0800: 9.154: [CMS-concurrent-abortable-preclean-start]
2024-07-28T11:23:17.372+0800: 9.271: Application time: 0.1189246 seconds
2024-07-28T11:23:17.372+0800: 9.271: [GC (Allocation Failure) 2024-07-28T11:23:17.372+0800: 9.271: [ParNew: 77168K->8192K(78656K), 0.0117519 secs] 331776K->331408K(521776K), 0.0118277 secs] [Times: user=0.03 sys=0.00, real=0.01 secs] 
2024-07-28T11:23:17.384+0800: 9.283: Total time for which application threads were stopped: 0.0119425 seconds, Stopping threads took: 0.0000201 seconds
2024-07-28T11:23:17.495+0800: 9.396: Application time: 0.1126539 seconds
2024-07-28T11:23:17.496+0800: 9.396: [GC (Allocation Failure) 2024-07-28T11:23:17.496+0800: 9.396: [ParNew: 77171K->8192K(78656K), 0.0058129 secs] 400387K->357009K(521776K), 0.0058728 secs] [Times: user=0.00 sys=0.00, real=0.00 secs] 
2024-07-28T11:23:17.501+0800: 9.402: Total time for which application threads were stopped: 0.0059931 seconds, Stopping threads took: 0.0000235 seconds
2024-07-28T11:23:17.502+0800: 9.402: [CMS-concurrent-abortable-preclean: 0.005/0.248 secs] [Times: user=0.05 sys=0.00, real=0.25 secs] 
2024-07-28T11:23:17.502+0800: 9.402: Application time: 0.0003750 seconds
2024-07-28T11:23:17.502+0800: 9.402: [GC (CMS Final Remark) [YG occupancy: 14698 K (78656 K)]2024-07-28T11:23:17.502+0800: 9.402: [Rescan (parallel) , 0.0007417 secs]2024-07-28T11:23:17.503+0800: 9.403: [weak refs processing, 0.0000132 secs]2024-07-28T11:23:17.503+0800: 9.403: [class unloading, 0.0001853 secs]2024-07-28T11:23:17.503+0800: 9.403: [scrub symbol table, 0.0003427 secs]2024-07-28T11:23:17.503+0800: 9.403: [scrub string table, 0.0001121 secs][1 CMS-remark: 348817K(443120K)] 363515K(521776K), 0.0014577 secs] [Times: user=0.00 sys=0.00, real=0.00 secs] 
2024-07-28T11:23:17.503+0800: 9.404: Total time for which application threads were stopped: 0.0016152 seconds, Stopping threads took: 0.0001210 seconds
2024-07-28T11:23:17.504+0800: 9.404: [CMS-concurrent-sweep-start]
2024-07-28T11:23:17.505+0800: 9.405: [CMS-concurrent-sweep: 0.001/0.001 secs] [Times: user=0.00 sys=0.00, real=0.00 secs] 
2024-07-28T11:23:17.505+0800: 9.405: [CMS-concurrent-reset-start]
2024-07-28T11:23:17.506+0800: 9.406: [CMS-concurrent-reset: 0.001/0.001 secs] [Times: user=0.00 sys=0.00, real=0.00 secs] 
2024-07-28T11:23:17.621+0800: 9.520: Application time: 0.1165642 seconds
2024-07-28T11:23:17.621+0800: 9.520: [GC (Allocation Failure) 2024-07-28T11:23:17.621+0800: 9.520: [ParNew: 77162K->8192K(78656K), 0.0122194 secs] 265209K->264847K(521776K), 0.0122881 secs] [Times: user=0.03 sys=0.00, real=0.01 secs] 
2024-07-28T11:23:17.633+0800: 9.533: Total time for which application threads were stopped: 0.0124512 seconds, Stopping threads took: 0.0000524 seconds
2024-07-28T11:23:17.633+0800: 9.533: Application time: 0.0002294 seconds
2024-07-28T11:23:17.633+0800: 9.533: [GC (CMS Initial Mark) [1 CMS-initial-mark: 256655K(443120K)] 268283K(521776K), 0.0007516 secs] [Times: user=0.00 sys=0.00, real=0.00 secs] 
2024-07-28T11:23:17.634+0800: 9.534: Total time for which application threads were stopped: 0.0009506 seconds, Stopping threads took: 0.0001432 seconds
2024-07-28T11:23:17.634+0800: 9.534: [CMS-concurrent-mark-start]
2024-07-28T11:23:17.638+0800: 9.538: [CMS-concurrent-mark: 0.004/0.004 secs] [Times: user=0.00 sys=0.00, real=0.00 secs] 
2024-07-28T11:23:17.638+0800: 9.538: [CMS-concurrent-preclean-start]
2024-07-28T11:23:17.639+0800: 9.539: [CMS-concurrent-preclean: 0.001/0.001 secs]2024-07-28T11:23:17.639+0800:  [Times: user=0.00 sys=0.00, real=0.00 secs] 
9.539: Application time: 0.0051387 seconds
2024-07-28T11:23:17.639+0800: 9.539: [GC (Allocation Failure) 2024-07-28T11:23:17.639+0800: 9.539: [ParNew: 77165K->8192K(78656K), 0.0125354 secs] 333820K->333457K(521776K), 0.0125870 secs] [Times: user=0.03 sys=0.00, real=0.01 secs] 
2024-07-28T11:23:17.652+0800: 9.552: Total time for which application threads were stopped: 0.0126996 seconds, Stopping threads took: 0.0000183 seconds
2024-07-28T11:23:17.652+0800: 9.552: Application time: 0.0002758 seconds
2024-07-28T11:23:17.652+0800: 9.552: [GC (CMS Final Remark) [YG occupancy: 13677 K (78656 K)]2024-07-28T11:23:17.652+0800: 9.552: [Rescan (parallel) , 0.0011592 secs]2024-07-28T11:23:17.653+0800: 9.553: [weak refs processing, 0.0000129 secs]2024-07-28T11:23:17.653+0800: 9.553: [class unloading, 0.0002076 secs]2024-07-28T11:23:17.654+0800: 9.553: [scrub symbol table, 0.0003398 secs]2024-07-28T11:23:17.654+0800: 9.554: [scrub string table, 0.0001017 secs][1 CMS-remark: 325264K(443120K)] 338942K(521776K), 0.0018892 secs] [Times: user=0.00 sys=0.00, real=0.00 secs] 
2024-07-28T11:23:17.654+0800: 9.554: Total time for which application threads were stopped: 0.0020126 seconds, Stopping threads took: 0.0000867 seconds
2024-07-28T11:23:17.654+0800: 9.554: [CMS-concurrent-sweep-start]
2024-07-28T11:23:17.656+0800: 9.556: [CMS-concurrent-sweep: 0.001/0.001 secs] [Times: user=0.00 sys=0.00, real=0.00 secs] 
2024-07-28T11:23:17.656+0800: 9.556: [CMS-concurrent-reset-start]
2024-07-28T11:23:17.657+0800: 9.557: [CMS-concurrent-reset: 0.001/0.001 secs] [Times: user=0.00 sys=0.00, real=0.00 secs] 
2024-07-28T11:23:17.764+0800: 9.664: Application time: 0.1096418 seconds
2024-07-28T11:23:17.764+0800: 9.664: [GC (Allocation Failure) 2024-07-28T11:23:17.764+0800: 9.664: [ParNew: 77166K->8192K(78656K), 0.0060067 secs] 240636K->198286K(521776K), 0.0060654 secs] [Times: user=0.00 sys=0.00, real=0.01 secs] 
2024-07-28T11:23:17.769+0800: 9.670: Total time for which application threads were stopped: 0.0061819 seconds, Stopping threads took: 0.0000193 seconds
2024-07-28T11:23:17.889+0800: 9.789: Application time: 0.1190945 seconds
2024-07-28T11:23:17.889+0800: 9.789: [GC (Allocation Failure) 2024-07-28T11:23:17.889+0800: 9.789: [ParNew: 77167K->8192K(78656K), 0.0123377 secs] 267262K->266896K(521776K), 0.0123989 secs] [Times: user=0.03 sys=0.00, real=0.01 secs] 
2024-07-28T11:23:17.901+0800: 9.801: Total time for which application threads were stopped: 0.0125108 seconds, Stopping threads took: 0.0000212 seconds
2024-07-28T11:23:17.902+0800: 9.802: Application time: 0.0002396 seconds
2024-07-28T11:23:17.902+0800: 9.802: [GC (CMS Initial Mark) [1 CMS-initial-mark: 258703K(443120K)] 270334K(521776K), 0.0007712 secs] [Times: user=0.00 sys=0.00, real=0.00 secs] 
2024-07-28T11:23:17.902+0800: 9.803: Total time for which application threads were stopped: 0.0008997 seconds, Stopping threads took: 0.0000880 seconds
2024-07-28T11:23:17.903+0800: 9.803: [CMS-concurrent-mark-start]
2024-07-28T11:23:17.906+0800: 9.806: [CMS-concurrent-mark: 0.003/0.003 secs] [Times: user=0.00 sys=0.00, real=0.00 secs] 
2024-07-28T11:23:17.906+0800: 9.806: [CMS-concurrent-preclean-start]
2024-07-28T11:23:17.907+0800: 9.808: [CMS-concurrent-preclean: 0.001/0.001 secs] [Times: user=0.00 sys=0.00, real=0.00 secs] 
2024-07-28T11:23:17.907+0800: 9.808: Application time: 0.0050680 seconds
2024-07-28T11:23:17.908+0800: 9.808: [GC (Allocation Failure) 2024-07-28T11:23:17.908+0800: 9.808: [ParNew: 77167K->8192K(78656K), 0.0118699 secs] 335871K->335505K(521776K), 0.0119330 secs] [Times: user=0.03 sys=0.00, real=0.01 secs] 
2024-07-28T11:23:17.920+0800: 9.820: Total time for which application threads were stopped: 0.0120343 seconds, Stopping threads took: 0.0000160 seconds
2024-07-28T11:23:17.920+0800: 9.820: Application time: 0.0003100 seconds
2024-07-28T11:23:17.920+0800: 9.820: [GC (CMS Final Remark) [YG occupancy: 12655 K (78656 K)]2024-07-28T11:23:17.920+0800: 9.820: [Rescan (parallel) , 0.0007245 secs]2024-07-28T11:23:17.921+0800: 9.821: [weak refs processing, 0.0000128 secs]2024-07-28T11:23:17.921+0800: 9.821: [class unloading, 0.0002008 secs]2024-07-28T11:23:17.921+0800: 9.821: [scrub symbol table, 0.0003406 secs]2024-07-28T11:23:17.921+0800: 9.821: [scrub string table, 0.0001000 secs][1 CMS-remark: 327312K(443120K)] 339968K(521776K), 0.0014424 secs] [Times: user=0.00 sys=0.00, real=0.00 secs] 
2024-07-28T11:23:17.921+0800: 9.822: Total time for which application threads were stopped: 0.0016058 seconds, Stopping threads took: 0.0001223 seconds
2024-07-28T11:23:17.922+0800: 9.822: [CMS-concurrent-sweep-start]
2024-07-28T11:23:17.923+0800: 9.823: [CMS-concurrent-sweep: 0.002/0.002 secs] [Times: user=0.00 sys=0.00, real=0.00 secs] 
2024-07-28T11:23:17.923+0800: 9.824: [CMS-concurrent-reset-start]
2024-07-28T11:23:17.924+0800: 9.824: [CMS-concurrent-reset: 0.001/0.001 secs] [Times: user=0.00 sys=0.00, real=0.00 secs] 
2024-07-28T11:23:18.034+0800: 9.935: Application time: 0.1129864 seconds
2024-07-28T11:23:18.035+0800: 9.935: [GC (Allocation Failure) 2024-07-28T11:23:18.035+0800: 9.935: [ParNew: 77168K->8192K(78656K), 0.0060408 secs] 241662K->200334K(521776K), 0.0060988 secs] [Times: user=0.03 sys=0.00, real=0.01 secs] 
2024-07-28T11:23:18.041+0800: 9.941: Total time for which application threads were stopped: 0.0062314 seconds, Stopping threads took: 0.0000196 seconds
2024-07-28T11:23:18.158+0800: 10.058: Application time: 0.1168867 seconds
2024-07-28T11:23:18.158+0800: 10.058: [GC (Allocation Failure) 2024-07-28T11:23:18.158+0800: 10.058: [ParNew: 77168K->8192K(78656K), 0.0131848 secs] 269311K->268944K(521776K), 0.0132606 secs] [Times: user=0.03 sys=0.00, real=0.01 secs] 
2024-07-28T11:23:18.172+0800: 10.071: Total time for which application threads were stopped: 0.0133961 seconds, Stopping threads took: 0.0000239 seconds
2024-07-28T11:23:18.172+0800: 10.071: Application time: 0.0001777 seconds
2024-07-28T11:23:18.172+0800: 10.071: [GC (CMS Initial Mark) [1 CMS-initial-mark: 260751K(443120K)] 272383K(521776K), 0.0006446 secs] [Times: user=0.00 sys=0.00, real=0.00 secs] 
2024-07-28T11:23:18.173+0800: 10.072: Total time for which application threads were stopped: 0.0008078 seconds, Stopping threads took: 0.0001201 seconds
2024-07-28T11:23:18.173+0800: 10.072: [CMS-concurrent-mark-start]
2024-07-28T11:23:18.176+0800: 10.076: [CMS-concurrent-mark: 0.004/0.004 secs] [Times: user=0.00 sys=0.00, real=0.00 secs] 
2024-07-28T11:23:18.176+0800: 10.076: [CMS-concurrent-preclean-start]
2024-07-28T11:23:18.178+0800: 10.077: [CMS-concurrent-preclean: 0.002/0.002 secs] [Times: user=0.03 sys=0.00, real=0.00 secs] 
2024-07-28T11:23:18.178+0800: 10.078: Application time: 0.0054276 seconds
2024-07-28T11:23:18.178+0800: 10.078: [GC (Allocation Failure) 2024-07-28T11:23:18.178+0800: 10.078: [ParNew: 77168K->8192K(78656K), 0.0125296 secs] 337920K->337553K(521776K), 0.0125778 secs] [Times: user=0.00 sys=0.00, real=0.01 secs] 
2024-07-28T11:23:18.191+0800: 10.090: Total time for which application threads were stopped: 0.0126822 seconds, Stopping threads took: 0.0000181 seconds
2024-07-28T11:23:18.191+0800: 10.090: Application time: 0.0003067 seconds
2024-07-28T11:23:18.191+0800: 10.091: [GC (CMS Final Remark) [YG occupancy: 12655 K (78656 K)]2024-07-28T11:23:18.191+0800: 10.091: [Rescan (parallel) , 0.0007622 secs]2024-07-28T11:23:18.192+0800: 10.091: [weak refs processing, 0.0000131 secs]2024-07-28T11:23:18.192+0800: 10.091: [class unloading, 0.0002623 secs]2024-07-28T11:23:18.192+0800: 10.092: [scrub symbol table, 0.0003480 secs]2024-07-28T11:23:18.193+0800: 10.092: [scrub string table, 0.0001004 secs][1 CMS-remark: 329360K(443120K)] 342016K(521776K), 0.0015509 secs] [Times: user=0.02 sys=0.00, real=0.00 secs] 
2024-07-28T11:23:18.193+0800: 10.092: Total time for which application threads were stopped: 0.0016731 seconds, Stopping threads took: 0.0000844 seconds
2024-07-28T11:23:18.193+0800: 10.092: [CMS-concurrent-sweep-start]
2024-07-28T11:23:18.195+0800: 10.094: [CMS-concurrent-sweep: 0.002/0.002 secs] [Times: user=0.00 sys=0.00, real=0.00 secs] 
2024-07-28T11:23:18.195+0800: 10.094: [CMS-concurrent-reset-start]
2024-07-28T11:23:18.195+0800: 10.095: [CMS-concurrent-reset: 0.001/0.001 secs] [Times: user=0.00 sys=0.00, real=0.00 secs] 
2024-07-28T11:23:18.302+0800: 10.202: Application time: 0.1100413 seconds
2024-07-28T11:23:18.302+0800: 10.202: [GC (Allocation Failure) 2024-07-28T11:23:18.302+0800: 10.202: [ParNew: 77168K->8192K(78656K), 0.0061900 secs] 242687K->202383K(521776K), 0.0062568 secs] [Times: user=0.00 sys=0.00, real=0.01 secs] 
2024-07-28T11:23:18.309+0800: 10.209: Total time for which application threads were stopped: 0.0063822 seconds, Stopping threads took: 0.0000193 seconds
2024-07-28T11:23:18.426+0800: 10.326: Application time: 0.1175380 seconds
2024-07-28T11:23:18.426+0800: 10.326: [GC (Allocation Failure) 2024-07-28T11:23:18.426+0800: 10.326: [ParNew: 77168K->8192K(78656K), 0.0118483 secs] 271359K->270992K(521776K), 0.0119253 secs] [Times: user=0.00 sys=0.00, real=0.01 secs] 
2024-07-28T11:23:18.438+0800: 10.338: Total time for which application threads were stopped: 0.0120475 seconds, Stopping threads took: 0.0000210 seconds
2024-07-28T11:23:18.443+0800: 10.343: Application time: 0.0046936 seconds
2024-07-28T11:23:18.443+0800: 10.343: [GC (Allocation Failure) 2024-07-28T11:23:18.443+0800: 10.343: [ParNew: 77168K->8192K(78656K), 0.0119185 secs] 339968K->339601K(521776K), 0.0119699 secs] [Times: user=0.00 sys=0.00, real=0.01 secs] 
2024-07-28T11:23:18.455+0800: 10.355: Total time for which application threads were stopped: 0.0120704 seconds, Stopping threads took: 0.0000163 seconds
2024-07-28T11:23:18.455+0800: 10.355: Application time: 0.0001789 seconds
2024-07-28T11:23:18.455+0800: 10.355: [GC (CMS Initial Mark) [1 CMS-initial-mark: 331408K(443120K)] 343040K(521776K), 0.0007628 secs] [Times: user=0.00 sys=0.00, real=0.00 secs] 
2024-07-28T11:23:18.456+0800: 10.356: Total time for which application threads were stopped: 0.0009522 seconds, Stopping threads took: 0.0001473 seconds
2024-07-28T11:23:18.456+0800: 10.356: [CMS-concurrent-mark-start]
2024-07-28T11:23:18.459+0800: 10.359: [CMS-concurrent-mark: 0.003/0.003 secs] [Times: user=0.05 sys=0.00, real=0.00 secs] 
2024-07-28T11:23:18.459+0800: 10.359: [CMS-concurrent-preclean-start]
2024-07-28T11:23:18.459+0800: 10.359: [CMS-concurrent-preclean: 0.001/0.001 secs] [Times: user=0.00 sys=0.00, real=0.00 secs] 
2024-07-28T11:23:18.459+0800: 10.359: [CMS-concurrent-abortable-preclean-start]
2024-07-28T11:23:18.571+0800: 10.471: Application time: 0.1145660 seconds
2024-07-28T11:23:18.571+0800: 10.471: [GC (Allocation Failure) 2024-07-28T11:23:18.571+0800: 10.471: [ParNew: 77168K->8192K(78656K), 0.0065143 secs] 408577K->369297K(521776K), 0.0065743 secs] [Times: user=0.00 sys=0.00, real=0.01 secs] 
2024-07-28T11:23:18.577+0800: 10.477: Total time for which application threads were stopped: 0.0066883 seconds, Stopping threads took: 0.0000186 seconds
2024-07-28T11:23:18.694+0800: 10.594: Application time: 0.1167662 seconds
2024-07-28T11:23:18.694+0800: 10.594: [GC (Allocation Failure) 2024-07-28T11:23:18.694+0800: 10.594: [ParNew: 77168K->8192K(78656K), 0.0130953 secs] 438274K->437906K(521776K), 0.0131510 secs] [Times: user=0.00 sys=0.00, real=0.01 secs] 
2024-07-28T11:23:18.707+0800: 10.607: Total time for which application threads were stopped: 0.0132585 seconds, Stopping threads took: 0.0000181 seconds
2024-07-28T11:23:18.712+0800: 10.612: Application time: 0.0047195 seconds
2024-07-28T11:23:18.712+0800: 10.612: [GC (Allocation Failure) 2024-07-28T11:23:18.712+0800: 10.612: [ParNew: 77168K->8192K(78656K), 0.0378833 secs] 506883K->506515K(578316K), 0.0379316 secs] [Times: user=0.06 sys=0.00, real=0.04 secs] 
2024-07-28T11:23:18.750+0800: 10.650: Total time for which application threads were stopped: 0.0380298 seconds, Stopping threads took: 0.0000154 seconds
2024-07-28T11:23:18.750+0800: 10.650: [CMS-concurrent-abortable-preclean: 0.005/0.291 secs] [Times: user=0.09 sys=0.00, real=0.29 secs] 
2024-07-28T11:23:18.750+0800: 10.650: Application time: 0.0003314 seconds
2024-07-28T11:23:18.751+0800: 10.651: [GC (CMS Final Remark) [YG occupancy: 13679 K (78656 K)]2024-07-28T11:23:18.751+0800: 10.651: [Rescan (parallel) , 0.0010735 secs]2024-07-28T11:23:18.752+0800: 10.652: [weak refs processing, 0.0000131 secs]2024-07-28T11:23:18.752+0800: 10.652: [class unloading, 0.0001871 secs]2024-07-28T11:23:18.752+0800: 10.652: [scrub symbol table, 0.0003189 secs]2024-07-28T11:23:18.752+0800: 10.652: [scrub string table, 0.0000911 secs][1 CMS-remark: 498323K(499660K)] 512003K(578316K), 0.0017494 secs] [Times: user=0.00 sys=0.00, real=0.00 secs] 
2024-07-28T11:23:18.752+0800: 10.652: Total time for which application threads were stopped: 0.0018870 seconds, Stopping threads took: 0.0000850 seconds
2024-07-28T11:23:18.753+0800: 10.653: [CMS-concurrent-sweep-start]
2024-07-28T11:23:18.754+0800: 10.654: [CMS-concurrent-sweep: 0.001/0.001 secs] [Times: user=0.00 sys=0.00, real=0.00 secs] 
2024-07-28T11:23:18.754+0800: 10.654: [CMS-concurrent-reset-start]
2024-07-28T11:23:18.755+0800: 10.655: [CMS-concurrent-reset: 0.001/0.001 secs] [Times: user=0.01 sys=0.00, real=0.00 secs] 
2024-07-28T11:23:18.870+0800: 10.771: Application time: 0.1181791 seconds
2024-07-28T11:23:18.871+0800: 10.771: [GC (Allocation Failure) 2024-07-28T11:23:18.871+0800: 10.771: [ParNew: 77168K->8192K(78656K), 0.0069344 secs] 410625K->372369K(634420K), 0.0069979 secs] [Times: user=0.00 sys=0.00, real=0.01 secs] 
2024-07-28T11:23:18.878+0800: 10.778: Total time for which application threads were stopped: 0.0071254 seconds, Stopping threads took: 0.0000204 seconds
2024-07-28T11:23:18.878+0800: 10.778: Application time: 0.0001884 seconds
2024-07-28T11:23:18.878+0800: 10.778: [GC (CMS Initial Mark) [1 CMS-initial-mark: 364177K(555764K)] 375809K(634420K), 0.0008160 secs] [Times: user=0.00 sys=0.00, real=0.00 secs] 
2024-07-28T11:23:18.879+0800: 10.779: Total time for which application threads were stopped: 0.0010252 seconds, Stopping threads took: 0.0001672 seconds
2024-07-28T11:23:18.879+0800: 10.779: [CMS-concurrent-mark-start]
2024-07-28T11:23:18.883+0800: 10.784: [CMS-concurrent-mark: 0.005/0.005 secs] [Times: user=0.05 sys=0.00, real=0.00 secs] 
2024-07-28T11:23:18.883+0800: 10.784: [CMS-concurrent-preclean-start]
2024-07-28T11:23:18.884+0800: 10.784: [CMS-concurrent-preclean: 0.001/0.001 secs] [Times: user=0.00 sys=0.00, real=0.00 secs] 
2024-07-28T11:23:18.884+0800: 10.784: [CMS-concurrent-abortable-preclean-start]
2024-07-28T11:23:18.995+0800: 10.895: Application time: 0.1158471 seconds
2024-07-28T11:23:18.995+0800: 10.895: [GC (Allocation Failure) 2024-07-28T11:23:18.995+0800: 10.895: [ParNew: 77168K->8192K(78656K), 0.0122077 secs] 441346K->440978K(634420K), 0.0122685 secs] [Times: user=0.03 sys=0.00, real=0.01 secs] 
2024-07-28T11:23:19.007+0800: 10.907: Total time for which application threads were stopped: 0.0123948 seconds, Stopping threads took: 0.0000205 seconds
2024-07-28T11:23:19.012+0800: 10.912: Application time: 0.0045425 seconds
2024-07-28T11:23:19.012+0800: 10.912: [GC (Allocation Failure) 2024-07-28T11:23:19.012+0800: 10.912: [ParNew: 77168K->8192K(78656K), 0.0132693 secs] 509955K->509587K(634420K), 0.0133190 secs] [Times: user=0.03 sys=0.00, real=0.01 secs] 
2024-07-28T11:23:19.025+0800: 10.925: Total time for which application threads were stopped: 0.0134188 seconds, Stopping threads took: 0.0000161 seconds
2024-07-28T11:23:19.138+0800: 11.038: Application time: 0.1128365 seconds
2024-07-28T11:23:19.138+0800: 11.038: [GC (Allocation Failure) 2024-07-28T11:23:19.138+0800: 11.038: [ParNew: 77168K->8192K(78656K), 0.0189698 secs] 578564K->541332K(634420K), 0.0190303 secs] [Times: user=0.01 sys=0.01, real=0.02 secs] 
2024-07-28T11:23:19.157+0800: 11.057: Total time for which application threads were stopped: 0.0191404 seconds, Stopping threads took: 0.0000195 seconds
2024-07-28T11:23:19.157+0800: 11.057: [CMS-concurrent-abortable-preclean: 0.006/0.273 secs] [Times: user=0.08 sys=0.01, real=0.27 secs] 
2024-07-28T11:23:19.157+0800: 11.057: Application time: 0.0002898 seconds
2024-07-28T11:23:19.157+0800: 11.057: [GC (CMS Final Remark) [YG occupancy: 12655 K (78656 K)]2024-07-28T11:23:19.157+0800: 11.057: [Rescan (parallel) , 0.0009559 secs]2024-07-28T11:23:19.158+0800: 11.058: [weak refs processing, 0.0000129 secs]2024-07-28T11:23:19.158+0800: 11.058: [class unloading, 0.0002785 secs]2024-07-28T11:23:19.159+0800: 11.059: [scrub symbol table, 0.0003489 secs]2024-07-28T11:23:19.159+0800: 11.059: [scrub string table, 0.0001161 secs][1 CMS-remark: 533140K(555764K)] 545795K(634420K), 0.0017802 secs] [Times: user=0.00 sys=0.00, real=0.00 secs] 
2024-07-28T11:23:19.159+0800: 11.059: Total time for which application threads were stopped: 0.0018757 seconds, Stopping threads took: 0.0000571 seconds
2024-07-28T11:23:19.159+0800: 11.059: [CMS-concurrent-sweep-start]
2024-07-28T11:23:19.161+0800: 11.061: [CMS-concurrent-sweep: 0.002/0.002 secs] [Times: user=0.03 sys=0.00, real=0.00 secs] 
2024-07-28T11:23:19.161+0800: 11.062: [CMS-concurrent-reset-start]
2024-07-28T11:23:19.163+0800: 11.063: [CMS-concurrent-reset: 0.001/0.001 secs] [Times: user=0.00 sys=0.00, real=0.00 secs] 
2024-07-28T11:23:19.279+0800: 11.178: Application time: 0.1191687 seconds
2024-07-28T11:23:19.279+0800: 11.178: [GC (Allocation Failure) 2024-07-28T11:23:19.279+0800: 11.179: [ParNew: 77168K->8192K(78656K), 0.0123242 secs] 277503K->277136K(634420K), 0.0123803 secs] [Times: user=0.03 sys=0.00, real=0.01 secs] 
2024-07-28T11:23:19.291+0800: 11.191: Total time for which application threads were stopped: 0.0124945 seconds, Stopping threads took: 0.0000229 seconds
2024-07-28T11:23:19.296+0800: 11.195: Application time: 0.0044022 seconds
2024-07-28T11:23:19.296+0800: 11.195: [GC (Allocation Failure) 2024-07-28T11:23:19.296+0800: 11.195: [ParNew: 77168K->8192K(78656K), 0.0203225 secs] 346112K->345745K(634420K), 0.0203721 secs] [Times: user=0.02 sys=0.02, real=0.02 secs] 
2024-07-28T11:23:19.316+0800: 11.216: Total time for which application threads were stopped: 0.0204720 seconds, Stopping threads took: 0.0000158 seconds
2024-07-28T11:23:19.316+0800: 11.216: Application time: 0.0002340 seconds
2024-07-28T11:23:19.316+0800: 11.216: [GC (CMS Initial Mark) [1 CMS-initial-mark: 337553K(555764K)] 349184K(634420K), 0.0006922 secs] [Times: user=0.03 sys=0.00, real=0.00 secs] 
2024-07-28T11:23:19.317+0800: 11.217: Total time for which application threads were stopped: 0.0008936 seconds, Stopping threads took: 0.0001596 seconds
2024-07-28T11:23:19.317+0800: 11.217: [CMS-concurrent-mark-start]
2024-07-28T11:23:19.319+0800: 11.219: [CMS-concurrent-mark: 0.002/0.002 secs] [Times: user=0.00 sys=0.00, real=0.00 secs] 
2024-07-28T11:23:19.319+0800: 11.219: [CMS-concurrent-preclean-start]
2024-07-28T11:23:19.320+0800: 11.220: [CMS-concurrent-preclean: 0.001/0.001 secs] [Times: user=0.00 sys=0.00, real=0.00 secs] 
2024-07-28T11:23:19.320+0800: 11.220: [CMS-concurrent-abortable-preclean-start]
2024-07-28T11:23:19.423+0800: 11.323: Application time: 0.1058060 seconds
2024-07-28T11:23:19.423+0800: 11.323: [GC (Allocation Failure) 2024-07-28T11:23:19.423+0800: 11.323: [ParNew: 77168K->8192K(78656K), 0.0072557 secs] 414721K->378513K(634420K), 0.0073159 secs] [Times: user=0.03 sys=0.00, real=0.01 secs] 
2024-07-28T11:23:19.430+0800: 11.330: Total time for which application threads were stopped: 0.0074282 seconds, Stopping threads took: 0.0000202 seconds
2024-07-28T11:23:19.548+0800: 11.448: Application time: 0.1180766 seconds
2024-07-28T11:23:19.548+0800: 11.448: [GC (Allocation Failure) 2024-07-28T11:23:19.548+0800: 11.448: [ParNew: 77168K->8192K(78656K), 0.0119437 secs] 447490K->447122K(634420K), 0.0120031 secs] [Times: user=0.03 sys=0.00, real=0.01 secs] 
2024-07-28T11:23:19.560+0800: 11.460: Total time for which application threads were stopped: 0.0121289 seconds, Stopping threads took: 0.0000202 seconds
2024-07-28T11:23:19.560+0800: 11.460: [CMS-concurrent-abortable-preclean: 0.004/0.240 secs] [Times: user=0.06 sys=0.00, real=0.24 secs] 
2024-07-28T11:23:19.561+0800: 11.461: Application time: 0.0002419 seconds
2024-07-28T11:23:19.561+0800: 11.461: [GC (CMS Final Remark) [YG occupancy: 11631 K (78656 K)]2024-07-28T11:23:19.561+0800: 11.461: [Rescan (parallel) , 0.0008917 secs]2024-07-28T11:23:19.562+0800: 11.462: [weak refs processing, 0.0000128 secs]2024-07-28T11:23:19.562+0800: 11.462: [class unloading, 0.0001837 secs]2024-07-28T11:23:19.562+0800: 11.462: [scrub symbol table, 0.0003416 secs]2024-07-28T11:23:19.562+0800: 11.462: [scrub string table, 0.0001168 secs][1 CMS-remark: 438930K(555764K)] 450562K(634420K), 0.0016136 secs] [Times: user=0.00 sys=0.00, real=0.00 secs] 
2024-07-28T11:23:19.562+0800: 11.462: Total time for which application threads were stopped: 0.0018022 seconds, Stopping threads took: 0.0001513 seconds
2024-07-28T11:23:19.563+0800: 11.463: [CMS-concurrent-sweep-start]
2024-07-28T11:23:19.564+0800: 11.464: [CMS-concurrent-sweep: 0.001/0.001 secs] [Times: user=0.00 sys=0.00, real=0.00 secs] 
2024-07-28T11:23:19.564+0800: 11.464: [CMS-concurrent-reset-start]
2024-07-28T11:23:19.565+0800: 11.465: [CMS-concurrent-reset: 0.001/0.001 secs] [Times: user=0.00 sys=0.00, real=0.00 secs] 
2024-07-28T11:23:19.567+0800: 11.467: Application time: 0.0049835 seconds
2024-07-28T11:23:19.567+0800: 11.467: [GC (Allocation Failure) 2024-07-28T11:23:19.567+0800: 11.467: [ParNew: 77168K->8192K(78656K), 0.0119760 secs] 348160K->347793K(634420K), 0.0120225 secs] [Times: user=0.00 sys=0.00, real=0.01 secs] 
2024-07-28T11:23:19.579+0800: 11.480: Total time for which application threads were stopped: 0.0121177 seconds, Stopping threads took: 0.0000132 seconds
2024-07-28T11:23:19.580+0800: 11.480: Application time: 0.0002541 seconds
2024-07-28T11:23:19.580+0800: 11.480: [GC (CMS Initial Mark) [1 CMS-initial-mark: 339601K(555764K)] 351232K(634420K), 0.0007517 secs] [Times: user=0.00 sys=0.00, real=0.00 secs] 
2024-07-28T11:23:19.581+0800: 11.481: Total time for which application threads were stopped: 0.0008894 seconds, Stopping threads took: 0.0000939 seconds
2024-07-28T11:23:19.581+0800: 11.481: [CMS-concurrent-mark-start]
2024-07-28T11:23:19.583+0800: 11.483: [CMS-concurrent-mark: 0.002/0.002 secs] [Times: user=0.03 sys=0.01, real=0.00 secs] 
2024-07-28T11:23:19.583+0800: 11.483: [CMS-concurrent-preclean-start]
2024-07-28T11:23:19.584+0800: 11.484: [CMS-concurrent-preclean: 0.001/0.001 secs] [Times: user=0.00 sys=0.00, real=0.00 secs] 
2024-07-28T11:23:19.584+0800: 11.484: [CMS-concurrent-abortable-preclean-start]
2024-07-28T11:23:19.691+0800: 11.590: Application time: 0.1094808 seconds
2024-07-28T11:23:19.691+0800: 11.590: [GC (Allocation Failure) 2024-07-28T11:23:19.691+0800: 11.590: [ParNew: 77168K->8192K(78656K), 0.0074789 secs] 416769K->381585K(634420K), 0.0075379 secs] [Times: user=0.03 sys=0.00, real=0.01 secs] 
2024-07-28T11:23:19.697+0800: 11.598: Total time for which application threads were stopped: 0.0076527 seconds, Stopping threads took: 0.0000198 seconds
2024-07-28T11:23:19.816+0800: 11.716: Application time: 0.1177367 seconds
2024-07-28T11:23:19.816+0800: 11.716: [GC (Allocation Failure) 2024-07-28T11:23:19.816+0800: 11.716: [ParNew: 77168K->8192K(78656K), 0.0120625 secs] 450562K->450194K(634420K), 0.0121229 secs] [Times: user=0.03 sys=0.00, real=0.01 secs] 
2024-07-28T11:23:19.827+0800: 11.728: Total time for which application threads were stopped: 0.0122498 seconds, Stopping threads took: 0.0000319 seconds
2024-07-28T11:23:19.828+0800: 11.728: [CMS-concurrent-abortable-preclean: 0.005/0.244 secs] [Times: user=0.06 sys=0.00, real=0.24 secs] 
2024-07-28T11:23:19.828+0800: 11.728: Application time: 0.0003692 seconds
2024-07-28T11:23:19.828+0800: 11.728: [GC (CMS Final Remark) [YG occupancy: 13679 K (78656 K)]2024-07-28T11:23:19.828+0800: 11.728: [Rescan (parallel) , 0.0007451 secs]2024-07-28T11:23:19.829+0800: 11.729: [weak refs processing, 0.0000129 secs]2024-07-28T11:23:19.829+0800: 11.729: [class unloading, 0.0002015 secs]2024-07-28T11:23:19.829+0800: 11.729: [scrub symbol table, 0.0003391 secs]2024-07-28T11:23:19.829+0800: 11.730: [scrub string table, 0.0001103 secs][1 CMS-remark: 442002K(555764K)] 455682K(634420K), 0.0014712 secs] [Times: user=0.00 sys=0.00, real=0.00 secs] 
2024-07-28T11:23:19.829+0800: 11.730: Total time for which application threads were stopped: 0.0016574 seconds, Stopping threads took: 0.0001499 seconds
2024-07-28T11:23:19.831+0800: 11.730: [CMS-concurrent-sweep-start]
2024-07-28T11:23:19.831+0800: 11.732: [CMS-concurrent-sweep: 0.001/0.001 secs] [Times: user=0.00 sys=0.00, real=0.00 secs] 
2024-07-28T11:23:19.831+0800: 11.732: [CMS-concurrent-reset-start]
2024-07-28T11:23:19.832+0800: 11.733: [CMS-concurrent-reset: 0.001/0.001 secs] [Times: user=0.03 sys=0.00, real=0.00 secs] 
2024-07-28T11:23:19.835+0800: 11.735: Application time: 0.0049646 seconds
2024-07-28T11:23:19.835+0800: 11.735: [GC (Allocation Failure) 2024-07-28T11:23:19.835+0800: 11.735: [ParNew: 77168K->8192K(78656K), 0.0119624 secs] 350208K->349841K(634420K), 0.0120137 secs] [Times: user=0.00 sys=0.00, real=0.01 secs] 
2024-07-28T11:23:19.847+0800: 11.747: Total time for which application threads were stopped: 0.0121147 seconds, Stopping threads took: 0.0000139 seconds
2024-07-28T11:23:19.847+0800: 11.747: Application time: 0.0001710 seconds
2024-07-28T11:23:19.847+0800: 11.747: [GC (CMS Initial Mark) [1 CMS-initial-mark: 341649K(555764K)] 353280K(634420K), 0.0008016 secs] [Times: user=0.00 sys=0.00, real=0.00 secs] 
2024-07-28T11:23:19.848+0800: 11.748: Total time for which application threads were stopped: 0.0009242 seconds, Stopping threads took: 0.0000816 seconds
2024-07-28T11:23:19.848+0800: 11.748: [CMS-concurrent-mark-start]
2024-07-28T11:23:19.850+0800: 11.750: [CMS-concurrent-mark: 0.002/0.002 secs] [Times: user=0.00 sys=0.00, real=0.00 secs] 
2024-07-28T11:23:19.850+0800: 11.750: [CMS-concurrent-preclean-start]
2024-07-28T11:23:19.852+0800: 11.751: [CMS-concurrent-preclean: 0.001/0.001 secs] [Times: user=0.00 sys=0.00, real=0.00 secs] 
2024-07-28T11:23:19.852+0800: 11.751: [CMS-concurrent-abortable-preclean-start]
2024-07-28T11:23:19.958+0800: 11.857: Application time: 0.1093654 seconds
2024-07-28T11:23:19.958+0800: 11.857: [GC (Allocation Failure) 2024-07-28T11:23:19.958+0800: 11.857: [ParNew: 77168K->8192K(78656K), 0.0072314 secs] 418817K->384657K(634420K), 0.0072908 secs] [Times: user=0.00 sys=0.00, real=0.01 secs] 
2024-07-28T11:23:19.965+0800: 11.865: Total time for which application threads were stopped: 0.0074131 seconds, Stopping threads took: 0.0000334 seconds
2024-07-28T11:23:20.084+0800: 11.983: Application time: 0.1183751 seconds
2024-07-28T11:23:20.084+0800: 11.983: [GC (Allocation Failure) 2024-07-28T11:23:20.084+0800: 11.983: [ParNew: 77168K->8192K(78656K), 0.0122747 secs] 453634K->453266K(634420K), 0.0123351 secs] [Times: user=0.00 sys=0.00, real=0.01 secs] 
2024-07-28T11:23:20.096+0800: 11.996: Total time for which application threads were stopped: 0.0124623 seconds, Stopping threads took: 0.0000324 seconds
2024-07-28T11:23:20.096+0800: 11.996: [CMS-concurrent-abortable-preclean: 0.005/0.245 secs] [Times: user=0.02 sys=0.00, real=0.24 secs] 
2024-07-28T11:23:20.096+0800: 11.996: Application time: 0.0002810 seconds
2024-07-28T11:23:20.097+0800: 11.996: [GC (CMS Final Remark) [YG occupancy: 11631 K (78656 K)]2024-07-28T11:23:20.097+0800: 11.996: [Rescan (parallel) , 0.0009899 secs]2024-07-28T11:23:20.098+0800: 11.997: [weak refs processing, 0.0000134 secs]2024-07-28T11:23:20.098+0800: 11.997: [class unloading, 0.0001936 secs]2024-07-28T11:23:20.098+0800: 11.997: [scrub symbol table, 0.0003397 secs]2024-07-28T11:23:20.098+0800: 11.998: [scrub string table, 0.0000906 secs][1 CMS-remark: 445074K(555764K)] 456706K(634420K), 0.0016897 secs] [Times: user=0.00 sys=0.00, real=0.00 secs] 
2024-07-28T11:23:20.098+0800: 11.998: Total time for which application threads were stopped: 0.0018533 seconds, Stopping threads took: 0.0001274 seconds
2024-07-28T11:23:20.099+0800: 11.998: [CMS-concurrent-sweep-start]
2024-07-28T11:23:20.100+0800: 11.999: [CMS-concurrent-sweep: 0.001/0.001 secs] [Times: user=0.00 sys=0.00, real=0.00 secs] 
2024-07-28T11:23:20.100+0800: 11.999: [CMS-concurrent-reset-start]
2024-07-28T11:23:20.101+0800: 12.001: [CMS-concurrent-reset: 0.001/0.001 secs] [Times: user=0.00 sys=0.00, real=0.00 secs] 
2024-07-28T11:23:20.103+0800: 12.003: Application time: 0.0051447 seconds
2024-07-28T11:23:20.104+0800: 12.003: [GC (Allocation Failure) 2024-07-28T11:23:20.104+0800: 12.003: [ParNew: 77168K->8192K(78656K), 0.0119093 secs] 352256K->351889K(634420K), 0.0119584 secs] [Times: user=0.03 sys=0.00, real=0.01 secs] 
2024-07-28T11:23:20.116+0800: 12.015: Total time for which application threads were stopped: 0.0120756 seconds, Stopping threads took: 0.0000150 seconds
2024-07-28T11:23:20.116+0800: 12.015: Application time: 0.0002337 seconds
2024-07-28T11:23:20.116+0800: 12.015: [GC (CMS Initial Mark) [1 CMS-initial-mark: 343697K(555764K)] 355328K(634420K), 0.0005727 secs] [Times: user=0.00 sys=0.00, real=0.00 secs] 
2024-07-28T11:23:20.117+0800: 12.016: Total time for which application threads were stopped: 0.0007673 seconds, Stopping threads took: 0.0001488 seconds
2024-07-28T11:23:20.117+0800: 12.016: [CMS-concurrent-mark-start]
2024-07-28T11:23:20.119+0800: 12.018: [CMS-concurrent-mark: 0.002/0.002 secs] [Times: user=0.00 sys=0.00, real=0.00 secs] 
2024-07-28T11:23:20.119+0800: 12.018: [CMS-concurrent-preclean-start]
2024-07-28T11:23:20.119+0800: 12.019: [CMS-concurrent-preclean: 0.001/0.001 secs] [Times: user=0.00 sys=0.00, real=0.00 secs] 
2024-07-28T11:23:20.119+0800: 12.019: [CMS-concurrent-abortable-preclean-start]
2024-07-28T11:23:20.227+0800: 12.127: Application time: 0.1104951 seconds
2024-07-28T11:23:20.227+0800: 12.127: [GC (Allocation Failure) 2024-07-28T11:23:20.227+0800: 12.127: [ParNew: 77168K->8192K(78656K), 0.0073880 secs] 420865K->387729K(634420K), 0.0074605 secs] [Times: user=0.00 sys=0.00, real=0.01 secs] 
2024-07-28T11:23:20.235+0800: 12.134: Total time for which application threads were stopped: 0.0075821 seconds, Stopping threads took: 0.0000200 seconds
2024-07-28T11:23:20.351+0800: 12.251: Application time: 0.1170729 seconds
2024-07-28T11:23:20.351+0800: 12.251: [GC (Allocation Failure) 2024-07-28T11:23:20.351+0800: 12.251: [ParNew: 77168K->8192K(78656K), 0.0118450 secs] 456706K->456338K(634420K), 0.0119046 secs] [Times: user=0.00 sys=0.00, real=0.01 secs] 
2024-07-28T11:23:20.363+0800: 12.263: Total time for which application threads were stopped: 0.0120242 seconds, Stopping threads took: 0.0000184 seconds
2024-07-28T11:23:20.363+0800: 12.263: [CMS-concurrent-abortable-preclean: 0.006/0.244 secs] [Times: user=0.00 sys=0.00, real=0.24 secs] 
2024-07-28T11:23:20.364+0800: 12.263: Application time: 0.0002780 seconds
2024-07-28T11:23:20.364+0800: 12.264: [GC (CMS Final Remark) [YG occupancy: 12655 K (78656 K)]2024-07-28T11:23:20.364+0800: 12.264: [Rescan (parallel) , 0.0008473 secs]2024-07-28T11:23:20.365+0800: 12.265: [weak refs processing, 0.0000128 secs]2024-07-28T11:23:20.365+0800: 12.265: [class unloading, 0.0002032 secs]2024-07-28T11:23:20.365+0800: 12.265: [scrub symbol table, 0.0003445 secs]2024-07-28T11:23:20.365+0800: 12.265: [scrub string table, 0.0001010 secs][1 CMS-remark: 448146K(555764K)] 460802K(634420K), 0.0015721 secs] [Times: user=0.00 sys=0.00, real=0.00 secs] 
2024-07-28T11:23:20.365+0800: 12.265: Total time for which application threads were stopped: 0.0017280 seconds, Stopping threads took: 0.0001198 seconds
2024-07-28T11:23:20.366+0800: 12.265: [CMS-concurrent-sweep-start]
2024-07-28T11:23:20.367+0800: 12.267: [CMS-concurrent-sweep: 0.001/0.001 secs] [Times: user=0.00 sys=0.00, real=0.00 secs] 
2024-07-28T11:23:20.367+0800: 12.267: [CMS-concurrent-reset-start]
2024-07-28T11:23:20.368+0800: 12.268: [CMS-concurrent-reset: 0.001/0.001 secs] [Times: user=0.00 sys=0.00, real=0.00 secs] 
2024-07-28T11:23:20.370+0800: 12.270: Application time: 0.0049385 seconds
2024-07-28T11:23:20.370+0800: 12.270: [GC (Allocation Failure) 2024-07-28T11:23:20.370+0800: 12.270: [ParNew: 77168K->8192K(78656K), 0.0123401 secs] 354304K->353937K(634420K), 0.0123881 secs] [Times: user=0.03 sys=0.00, real=0.01 secs] 
2024-07-28T11:23:20.383+0800: 12.283: Total time for which application threads were stopped: 0.0124820 seconds, Stopping threads took: 0.0000134 seconds
2024-07-28T11:23:20.383+0800: 12.283: Application time: 0.0002408 seconds
2024-07-28T11:23:20.383+0800: 12.283: [GC (CMS Initial Mark) [1 CMS-initial-mark: 345745K(555764K)] 357376K(634420K), 0.0008047 secs] [Times: user=0.00 sys=0.00, real=0.00 secs] 
2024-07-28T11:23:20.384+0800: 12.284: Total time for which application threads were stopped: 0.0009238 seconds, Stopping threads took: 0.0000778 seconds
2024-07-28T11:23:20.384+0800: 12.284: [CMS-concurrent-mark-start]
2024-07-28T11:23:20.386+0800: 12.286: [CMS-concurrent-mark: 0.002/0.002 secs] [Times: user=0.00 sys=0.00, real=0.00 secs] 
2024-07-28T11:23:20.386+0800: 12.286: [CMS-concurrent-preclean-start]
2024-07-28T11:23:20.387+0800: 12.287: [CMS-concurrent-preclean: 0.001/0.001 secs] [Times: user=0.00 sys=0.00, real=0.00 secs] 
2024-07-28T11:23:20.387+0800: 12.287: [CMS-concurrent-abortable-preclean-start]
2024-07-28T11:23:20.497+0800: 12.397: Application time: 0.1127736 seconds
2024-07-28T11:23:20.497+0800: 12.397: [GC (Allocation Failure) 2024-07-28T11:23:20.497+0800: 12.397: [ParNew: 77168K->8192K(78656K), 0.0078165 secs] 422913K->390801K(634420K), 0.0078758 secs] [Times: user=0.00 sys=0.00, real=0.01 secs] 
2024-07-28T11:23:20.505+0800: 12.405: Total time for which application threads were stopped: 0.0079972 seconds, Stopping threads took: 0.0000198 seconds
2024-07-28T11:23:20.621+0800: 12.521: Application time: 0.1165712 seconds
2024-07-28T11:23:20.621+0800: 12.521: [GC (Allocation Failure) 2024-07-28T11:23:20.621+0800: 12.521: [ParNew: 77168K->8192K(78656K), 0.0119683 secs] 459778K->459410K(634420K), 0.0120275 secs] [Times: user=0.03 sys=0.00, real=0.01 secs] 
2024-07-28T11:23:20.633+0800: 12.533: Total time for which application threads were stopped: 0.0121515 seconds, Stopping threads took: 0.0000201 seconds
2024-07-28T11:23:20.633+0800: 12.533: [CMS-concurrent-abortable-preclean: 0.006/0.247 secs] [Times: user=0.03 sys=0.00, real=0.25 secs] 
2024-07-28T11:23:20.634+0800: 12.534: Application time: 0.0002834 seconds
2024-07-28T11:23:20.634+0800: 12.534: [GC (CMS Final Remark) [YG occupancy: 12655 K (78656 K)]2024-07-28T11:23:20.634+0800: 12.534: [Rescan (parallel) , 0.0010580 secs]2024-07-28T11:23:20.635+0800: 12.535: [weak refs processing, 0.0000128 secs]2024-07-28T11:23:20.635+0800: 12.535: [class unloading, 0.0002032 secs]2024-07-28T11:23:20.635+0800: 12.535: [scrub symbol table, 0.0003385 secs]2024-07-28T11:23:20.635+0800: 12.535: [scrub string table, 0.0001663 secs][1 CMS-remark: 451218K(555764K)] 463874K(634420K), 0.0018562 secs] [Times: user=0.00 sys=0.00, real=0.00 secs] 
2024-07-28T11:23:20.636+0800: 12.536: Total time for which application threads were stopped: 0.0020788 seconds, Stopping threads took: 0.0001782 seconds
2024-07-28T11:23:20.636+0800: 12.536: [CMS-concurrent-sweep-start]
2024-07-28T11:23:20.637+0800: 12.537: [CMS-concurrent-sweep: 0.001/0.001 secs] [Times: user=0.00 sys=0.00, real=0.00 secs] 
2024-07-28T11:23:20.637+0800: 12.537: [CMS-concurrent-reset-start]
2024-07-28T11:23:20.638+0800: 12.538: [CMS-concurrent-reset: 0.001/0.001 secs] [Times: user=0.00 sys=0.00, real=0.00 secs] 
2024-07-28T11:23:20.641+0800: 12.541: Application time: 0.0051774 seconds
2024-07-28T11:23:20.641+0800: 12.541: [GC (Allocation Failure) 2024-07-28T11:23:20.641+0800: 12.541: [ParNew: 77168K->8192K(78656K), 0.0130510 secs] 356352K->355985K(634420K), 0.0131001 secs] [Times: user=0.03 sys=0.00, real=0.01 secs] 
2024-07-28T11:23:20.654+0800: 12.554: Total time for which application threads were stopped: 0.0132072 seconds, Stopping threads took: 0.0000207 seconds
2024-07-28T11:23:20.655+0800: 12.554: Application time: 0.0002186 seconds
2024-07-28T11:23:20.655+0800: 12.554: [GC (CMS Initial Mark) [1 CMS-initial-mark: 347793K(555764K)] 359424K(634420K), 0.0006980 secs] [Times: user=0.00 sys=0.00, real=0.00 secs] 
2024-07-28T11:23:20.655+0800: 12.555: Total time for which application threads were stopped: 0.0008138 seconds, Stopping threads took: 0.0000744 seconds
2024-07-28T11:23:20.656+0800: 12.555: [CMS-concurrent-mark-start]
2024-07-28T11:23:20.658+0800: 12.557: [CMS-concurrent-mark: 0.002/0.002 secs] [Times: user=0.00 sys=0.00, real=0.00 secs] 
2024-07-28T11:23:20.658+0800: 12.557: [CMS-concurrent-preclean-start]
2024-07-28T11:23:20.658+0800: 12.558: [CMS-concurrent-preclean: 0.001/0.001 secs] [Times: user=0.00 sys=0.00, real=0.00 secs] 
2024-07-28T11:23:20.658+0800: 12.558: [CMS-concurrent-abortable-preclean-start]
2024-07-28T11:23:20.766+0800: 12.666: Application time: 0.1107189 seconds
2024-07-28T11:23:20.766+0800: 12.666: [GC (Allocation Failure) 2024-07-28T11:23:20.766+0800: 12.666: [ParNew: 77168K->8192K(78656K), 0.0079175 secs] 424961K->393873K(634420K), 0.0079808 secs] [Times: user=0.03 sys=0.00, real=0.01 secs] 
2024-07-28T11:23:20.774+0800: 12.674: Total time for which application threads were stopped: 0.0080980 seconds, Stopping threads took: 0.0000195 seconds
2024-07-28T11:23:20.890+0800: 12.790: Application time: 0.1162660 seconds
2024-07-28T11:23:20.890+0800: 12.790: [GC (Allocation Failure) 2024-07-28T11:23:20.890+0800: 12.790: [ParNew: 77168K->8192K(78656K), 0.0121808 secs] 462850K->462482K(634420K), 0.0122487 secs] [Times: user=0.03 sys=0.00, real=0.01 secs] 
2024-07-28T11:23:20.903+0800: 12.803: Total time for which application threads were stopped: 0.0123600 seconds, Stopping threads took: 0.0000200 seconds
2024-07-28T11:23:20.903+0800: 12.803: [CMS-concurrent-abortable-preclean: 0.006/0.245 secs] [Times: user=0.06 sys=0.00, real=0.25 secs] 
2024-07-28T11:23:20.903+0800: 12.803: Application time: 0.0002848 seconds
2024-07-28T11:23:20.903+0800: 12.803: [GC (CMS Final Remark) [YG occupancy: 12655 K (78656 K)]2024-07-28T11:23:20.903+0800: 12.803: [Rescan (parallel) , 0.0009867 secs]2024-07-28T11:23:20.904+0800: 12.804: [weak refs processing, 0.0000128 secs]2024-07-28T11:23:20.904+0800: 12.804: [class unloading, 0.0002001 secs]2024-07-28T11:23:20.904+0800: 12.804: [scrub symbol table, 0.0004482 secs]2024-07-28T11:23:20.905+0800: 12.805: [scrub string table, 0.0001918 secs][1 CMS-remark: 454290K(555764K)] 466946K(634420K), 0.0019257 secs] [Times: user=0.00 sys=0.00, real=0.00 secs] 
2024-07-28T11:23:20.905+0800: 12.805: Total time for which application threads were stopped: 0.0021509 seconds, Stopping threads took: 0.0001599 seconds
2024-07-28T11:23:20.906+0800: 12.805: [CMS-concurrent-sweep-start]
2024-07-28T11:23:20.907+0800: 12.806: [CMS-concurrent-sweep: 0.001/0.001 secs] [Times: user=0.00 sys=0.00, real=0.00 secs] 
2024-07-28T11:23:20.907+0800: 12.806: [CMS-concurrent-reset-start]
2024-07-28T11:23:20.908+0800: 12.808: [CMS-concurrent-reset: 0.001/0.001 secs] [Times: user=0.00 sys=0.00, real=0.00 secs] 
2024-07-28T11:23:20.910+0800: 12.810: Application time: 0.0048394 seconds
2024-07-28T11:23:20.910+0800: 12.810: [GC (Allocation Failure) 2024-07-28T11:23:20.910+0800: 12.810: [ParNew: 77168K->8192K(78656K), 0.0122516 secs] 358400K->358033K(634420K), 0.0123003 secs] [Times: user=0.02 sys=0.00, real=0.01 secs] 
2024-07-28T11:23:20.923+0800: 12.822: Total time for which application threads were stopped: 0.0124010 seconds, Stopping threads took: 0.0000160 seconds
2024-07-28T11:23:20.923+0800: 12.822: Application time: 0.0001623 seconds
2024-07-28T11:23:20.923+0800: 12.823: [GC (CMS Initial Mark) [1 CMS-initial-mark: 349841K(555764K)] 361473K(634420K), 0.0004697 secs] [Times: user=0.00 sys=0.00, real=0.00 secs] 
2024-07-28T11:23:20.924+0800: 12.823: Total time for which application threads were stopped: 0.0006201 seconds, Stopping threads took: 0.0001035 seconds
2024-07-28T11:23:20.924+0800: 12.823: [CMS-concurrent-mark-start]
2024-07-28T11:23:20.926+0800: 12.825: [CMS-concurrent-mark: 0.002/0.002 secs] [Times: user=0.00 sys=0.00, real=0.00 secs] 
2024-07-28T11:23:20.926+0800: 12.825: [CMS-concurrent-preclean-start]
2024-07-28T11:23:20.926+0800: 12.826: [CMS-concurrent-preclean: 0.001/0.001 secs] [Times: user=0.00 sys=0.00, real=0.00 secs] 
2024-07-28T11:23:20.926+0800: 12.826: [CMS-concurrent-abortable-preclean-start]
2024-07-28T11:23:21.036+0800: 12.936: Application time: 0.1127418 seconds
2024-07-28T11:23:21.036+0800: 12.936: [GC (Allocation Failure) 2024-07-28T11:23:21.036+0800: 12.936: [ParNew: 77168K->8192K(78656K), 0.0078227 secs] 427010K->396945K(634420K), 0.0078817 secs] [Times: user=0.00 sys=0.00, real=0.01 secs] 
2024-07-28T11:23:21.044+0800: 12.944: Total time for which application threads were stopped: 0.0080067 seconds, Stopping threads took: 0.0000197 seconds
2024-07-28T11:23:21.162+0800: 13.061: Application time: 0.1172526 seconds
2024-07-28T11:23:21.162+0800: 13.061: [GC (Allocation Failure) 2024-07-28T11:23:21.162+0800: 13.061: [ParNew: 77868K->8196K(78656K), 0.0124020 secs] 466622K->465559K(634420K), 0.0124697 secs] [Times: user=0.00 sys=0.00, real=0.01 secs] 
2024-07-28T11:23:21.174+0800: 13.074: Total time for which application threads were stopped: 0.0125916 seconds, Stopping threads took: 0.0000251 seconds
2024-07-28T11:23:21.174+0800: 13.074: [CMS-concurrent-abortable-preclean: 0.006/0.248 secs] [Times: user=0.06 sys=0.00, real=0.25 secs] 
2024-07-28T11:23:21.174+0800: 13.074: Application time: 0.0002968 seconds
2024-07-28T11:23:21.175+0800: 13.074: [GC (CMS Final Remark) [YG occupancy: 12654 K (78656 K)]2024-07-28T11:23:21.175+0800: 13.074: [Rescan (parallel) , 0.0010284 secs]2024-07-28T11:23:21.176+0800: 13.075: [weak refs processing, 0.0000147 secs]2024-07-28T11:23:21.176+0800: 13.075: [class unloading, 0.0001849 secs]2024-07-28T11:23:21.176+0800: 13.075: [scrub symbol table, 0.0002988 secs]2024-07-28T11:23:21.176+0800: 13.076: [scrub string table, 0.0001037 secs][1 CMS-remark: 457362K(555764K)] 470017K(634420K), 0.0017043 secs] [Times: user=0.00 sys=0.00, real=0.00 secs] 
2024-07-28T11:23:21.176+0800: 13.076: Total time for which application threads were stopped: 0.0018182 seconds, Stopping threads took: 0.0000770 seconds
2024-07-28T11:23:21.176+0800: 13.076: [CMS-concurrent-sweep-start]
2024-07-28T11:23:21.178+0800: 13.077: [CMS-concurrent-sweep: 0.001/0.001 secs] [Times: user=0.03 sys=0.00, real=0.00 secs] 
2024-07-28T11:23:21.178+0800: 13.077: [CMS-concurrent-reset-start]
2024-07-28T11:23:21.179+0800: 13.079: [CMS-concurrent-reset: 0.001/0.001 secs] [Times: user=0.00 sys=0.00, real=0.00 secs] 
2024-07-28T11:23:21.181+0800: 13.081: Application time: 0.0050635 seconds
2024-07-28T11:23:21.181+0800: 13.081: [GC (Allocation Failure) 2024-07-28T11:23:21.181+0800: 13.081: [ParNew: 77167K->8192K(78656K), 0.0122573 secs] 185341K->184974K(634420K), 0.0123060 secs] [Times: user=0.03 sys=0.00, real=0.01 secs] 
2024-07-28T11:23:21.194+0800: 13.093: Total time for which application threads were stopped: 0.0124060 seconds, Stopping threads took: 0.0000169 seconds
2024-07-28T11:23:21.194+0800: 13.093: Application time: 0.0002412 seconds
2024-07-28T11:23:21.194+0800: 13.094: [GC (CMS Initial Mark) [1 CMS-initial-mark: 176782K(555764K)] 188411K(634420K), 0.0007520 secs] [Times: user=0.00 sys=0.00, real=0.00 secs] 
2024-07-28T11:23:21.195+0800: 13.094: Total time for which application threads were stopped: 0.0008816 seconds, Stopping threads took: 0.0000883 seconds
2024-07-28T11:23:21.195+0800: 13.094: [CMS-concurrent-mark-start]
2024-07-28T11:23:21.197+0800: 13.096: [CMS-concurrent-mark: 0.002/0.002 secs] [Times: user=0.00 sys=0.00, real=0.00 secs] 
2024-07-28T11:23:21.197+0800: 13.096: [CMS-concurrent-preclean-start]
2024-07-28T11:23:21.197+0800: 13.097: [CMS-concurrent-preclean: 0.001/0.001 secs] [Times: user=0.00 sys=0.00, real=0.00 secs] 
2024-07-28T11:23:21.197+0800: 13.097: [CMS-concurrent-abortable-preclean-start]
2024-07-28T11:23:21.306+0800: 13.205: Application time: 0.1106830 seconds
2024-07-28T11:23:21.306+0800: 13.205: [GC (Allocation Failure) 2024-07-28T11:23:21.306+0800: 13.205: [ParNew: 77165K->8192K(78656K), 0.0081724 secs] 253948K->224911K(634420K), 0.0082331 secs] [Times: user=0.00 sys=0.00, real=0.01 secs] 
2024-07-28T11:23:21.314+0800: 13.213: Total time for which application threads were stopped: 0.0083400 seconds, Stopping threads took: 0.0000189 seconds
2024-07-28T11:23:21.427+0800: 13.327: Application time: 0.1139967 seconds
2024-07-28T11:23:21.427+0800: 13.327: [GC (Allocation Failure) 2024-07-28T11:23:21.428+0800: 13.327: [ParNew: 77166K->8192K(78656K), 0.0121920 secs] 293886K->293520K(634420K), 0.0122564 secs] [Times: user=0.00 sys=0.00, real=0.01 secs] 
2024-07-28T11:23:21.440+0800: 13.340: Total time for which application threads were stopped: 0.0123793 seconds, Stopping threads took: 0.0000203 seconds
2024-07-28T11:23:21.440+0800: 13.340: [CMS-concurrent-abortable-preclean: 0.006/0.243 secs] [Times: user=0.00 sys=0.00, real=0.24 secs] 
2024-07-28T11:23:21.440+0800: 13.340: Application time: 0.0003006 seconds
2024-07-28T11:23:21.440+0800: 13.340: [GC (CMS Final Remark) [YG occupancy: 12654 K (78656 K)]2024-07-28T11:23:21.440+0800: 13.340: [Rescan (parallel) , 0.0007737 secs]2024-07-28T11:23:21.441+0800: 13.341: [weak refs processing, 0.0000127 secs]2024-07-28T11:23:21.441+0800: 13.341: [class unloading, 0.0002052 secs]2024-07-28T11:23:21.441+0800: 13.341: [scrub symbol table, 0.0003441 secs]2024-07-28T11:23:21.442+0800: 13.342: [scrub string table, 0.0001004 secs][1 CMS-remark: 285328K(555764K)] 297982K(634420K), 0.0015014 secs] [Times: user=0.02 sys=0.00, real=0.00 secs] 
2024-07-28T11:23:21.442+0800: 13.342: Total time for which application threads were stopped: 0.0016770 seconds, Stopping threads took: 0.0001388 seconds
2024-07-28T11:23:21.442+0800: 13.342: [CMS-concurrent-sweep-start]
2024-07-28T11:23:21.443+0800: 13.343: [CMS-concurrent-sweep: 0.001/0.001 secs] [Times: user=0.00 sys=0.00, real=0.00 secs] 
2024-07-28T11:23:21.443+0800: 13.343: [CMS-concurrent-reset-start]
2024-07-28T11:23:21.444+0800: 13.344: [CMS-concurrent-reset: 0.001/0.001 secs] [Times: user=0.00 sys=0.00, real=0.00 secs] 
2024-07-28T11:23:21.446+0800: 13.347: Application time: 0.0047518 seconds
2024-07-28T11:23:21.447+0800: 13.347: [GC (Allocation Failure) 2024-07-28T11:23:21.447+0800: 13.347: [ParNew: 77167K->8192K(78656K), 0.0123975 secs] 362495K->362129K(634420K), 0.0124418 secs] [Times: user=0.03 sys=0.00, real=0.01 secs] 
2024-07-28T11:23:21.459+0800: 13.359: Total time for which application threads were stopped: 0.0125411 seconds, Stopping threads took: 0.0000195 seconds
2024-07-28T11:23:21.459+0800: 13.359: Application time: 0.0002417 seconds
2024-07-28T11:23:21.459+0800: 13.359: [GC (CMS Initial Mark) [1 CMS-initial-mark: 353937K(555764K)] 365568K(634420K), 0.0008393 secs] [Times: user=0.00 sys=0.00, real=0.00 secs] 
2024-07-28T11:23:21.460+0800: 13.360: Total time for which application threads were stopped: 0.0009614 seconds, Stopping threads took: 0.0000807 seconds
2024-07-28T11:23:21.460+0800: 13.360: [CMS-concurrent-mark-start]
2024-07-28T11:23:21.462+0800: 13.362: [CMS-concurrent-mark: 0.002/0.002 secs] [Times: user=0.00 sys=0.00, real=0.00 secs] 
2024-07-28T11:23:21.462+0800: 13.362: [CMS-concurrent-preclean-start]
2024-07-28T11:23:21.463+0800: 13.363: [CMS-concurrent-preclean: 0.001/0.001 secs] [Times: user=0.00 sys=0.00, real=0.00 secs] 
2024-07-28T11:23:21.463+0800: 13.363: [CMS-concurrent-abortable-preclean-start]
Heap
 par new generation   total 78656K, used 29414K [0x00000000c8000000, 0x00000000cd550000, 0x00000000daaa0000)
  eden space 69952K,  30% used [0x00000000c8000000, 0x00000000c94b99c8, 0x00000000cc450000)
  from space 8704K,  94% used [0x00000000cccd0000, 0x00000000cd4d0080, 0x00000000cd550000)
  to   space 8704K,   0% used [0x00000000cc450000, 0x00000000cc450000, 0x00000000cccd0000)
 concurrent mark-sweep generation total 555764K, used 353937K [0x00000000daaa0000, 0x00000000fc95d000, 0x0000000100000000)
 Metaspace       used 2943K, capacity 4486K, committed 4864K, reserved 1056768K
  class space    used 305K, capacity 386K, committed 512K, reserved 1048576K
2024-07-28T11:23:21.569+0800: 13.469: Application time: 0.1083511 seconds
