OpenJDK 64-Bit Server VM (25.412-b1) for windows-amd64 JRE (1.8.0_412-b1), built on Apr 23 2024 12:00:37 by "Administrator" with MS VC++ 10.0 (VS2010)
Memory: 4k page, physical 16672068k(5399064k free), swap 19162436k(4210980k free)
CommandLine flags: -XX:GCDrainStackTargetSize=64 -XX:InitialHeapSize=266753088 -XX:MaxHeapSize=939524096 -XX:MaxTenuringThreshold=6 -XX:NewRatio=4 -XX:OldPLABSize=16 -XX:+PrintGC -XX:+PrintGCApplicationConcurrentTime -XX:+PrintGCApplicationStoppedTime -XX:+PrintGCDateStamps -XX:+PrintGCDetails -XX:+PrintGCTimeStamps -XX:+UseCompressedClassPointers -XX:+UseCompressedOops -XX:+UseConcMarkSweepGC -XX:-UseLargePagesIndividualAllocation -XX:+UseParNewGC 
2024-07-27T22:58:28.818+0800: 0.210: Application time: 0.0248995 seconds
2024-07-27T22:58:28.818+0800: 0.211: [GC (Allocation Failure) 2024-07-27T22:58:28.818+0800: 0.211: [ParNew: 41930K->5148K(47232K), 0.0222987 secs] 41930K->37919K(256960K), 0.0224545 secs] [Times: user=0.03 sys=0.00, real=0.02 secs] 
2024-07-27T22:58:28.840+0800: 0.233: Total time for which application threads were stopped: 0.0225860 seconds, Stopping threads took: 0.0000248 seconds
2024-07-27T22:58:28.845+0800: 0.238: Application time: 0.0048400 seconds
2024-07-27T22:58:28.845+0800: 0.238: [GC (Allocation Failure) 2024-07-27T22:58:28.845+0800: 0.238: [ParNew: 46924K->4183K(47232K), 0.0224445 secs] 79695K->78780K(256960K), 0.0225218 secs] [Times: user=0.05 sys=0.03, real=0.02 secs] 
2024-07-27T22:58:28.868+0800: 0.261: Total time for which application threads were stopped: 0.0226902 seconds, Stopping threads took: 0.0000283 seconds
2024-07-27T22:58:28.981+0800: 0.374: Application time: 0.1135823 seconds
2024-07-27T22:58:28.981+0800: 0.374: [GC (Allocation Failure) 2024-07-27T22:58:28.981+0800: 0.374: [ParNew: 45959K->4249K(47232K), 0.0170394 secs] 120555K->119806K(256960K), 0.0170923 secs] [Times: user=0.03 sys=0.01, real=0.02 secs] 
2024-07-27T22:58:28.998+0800: 0.391: Total time for which application threads were stopped: 0.0172197 seconds, Stopping threads took: 0.0000203 seconds
2024-07-27T22:58:28.998+0800: 0.392: Application time: 0.0001163 seconds
2024-07-27T22:58:28.998+0800: 0.392: [GC (CMS Initial Mark) [1 CMS-initial-mark: 115557K(209728K)] 122672K(256960K), 0.0004884 secs] [Times: user=0.00 sys=0.00, real=0.00 secs] 
2024-07-27T22:58:28.999+0800: 0.392: Total time for which application threads were stopped: 0.0006135 seconds, Stopping threads took: 0.0000800 seconds
2024-07-27T22:58:28.999+0800: 0.392: [CMS-concurrent-mark-start]
2024-07-27T22:58:29.001+0800: 0.395: [CMS-concurrent-mark: 0.003/0.003 secs] [Times: user=0.00 sys=0.00, real=0.00 secs] 
2024-07-27T22:58:29.002+0800: 0.395: [CMS-concurrent-preclean-start]
2024-07-27T22:58:29.002+0800: 0.395: Application time: 0.0030905 seconds
2024-07-27T22:58:29.002+0800: 0.395: [GC (Allocation Failure) 2024-07-27T22:58:29.002+0800: 0.395: [ParNew: 46028K->5120K(47232K), 0.0224752 secs] 161585K->160616K(256960K), 0.0225255 secs] [Times: user=0.06 sys=0.00, real=0.02 secs] 
2024-07-27T22:58:29.025+0800: 0.418: Total time for which application threads were stopped: 0.0226334 seconds, Stopping threads took: 0.0000184 seconds
2024-07-27T22:58:29.025+0800: 0.419: [CMS-concurrent-preclean: 0.001/0.024 secs] [Times: user=0.06 sys=0.00, real=0.02 secs] 
2024-07-27T22:58:29.025+0800: 0.419: [CMS-concurrent-abortable-preclean-start]
2024-07-27T22:58:29.027+0800: 0.421: Application time: 0.0029903 seconds
2024-07-27T22:58:29.028+0800: 0.421: [GC (Allocation Failure) 2024-07-27T22:58:29.028+0800: 0.421: [ParNew: 46901K->5121K(47232K), 0.0231149 secs] 202397K->201578K(256960K), 0.0231963 secs] [Times: user=0.03 sys=0.03, real=0.02 secs] 
2024-07-27T22:58:29.052+0800: 0.444: Total time for which application threads were stopped: 0.0233358 seconds, Stopping threads took: 0.0000187 seconds
2024-07-27T22:58:29.052+0800: 0.444: [CMS-concurrent-abortable-preclean: 0.002/0.026 secs] [Times: user=0.03 sys=0.03, real=0.03 secs] 
2024-07-27T22:58:29.052+0800: 0.444: Application time: 0.0001802 seconds
2024-07-27T22:58:29.052+0800: 0.444: [GC (CMS Final Remark) [YG occupancy: 7991 K (47232 K)]2024-07-27T22:58:29.052+0800: 0.445: [Rescan (parallel) , 0.0003068 secs]2024-07-27T22:58:29.052+0800: 0.445: [weak refs processing, 0.0000255 secs]2024-07-27T22:58:29.052+0800: 0.445: [class unloading, 0.0002718 secs]2024-07-27T22:58:29.053+0800: 0.445: [scrub symbol table, 0.0004002 secs]2024-07-27T22:58:29.053+0800: 0.446: [scrub string table, 0.0000971 secs][1 CMS-remark: 196456K(209728K)] 204448K(256960K), 0.0012390 secs] [Times: user=0.00 sys=0.00, real=0.00 secs] 
2024-07-27T22:58:29.053+0800: 0.446: Total time for which application threads were stopped: 0.0013427 seconds, Stopping threads took: 0.0000596 seconds
2024-07-27T22:58:29.053+0800: 0.446: [CMS-concurrent-sweep-start]
2024-07-27T22:58:29.054+0800: 0.447: [CMS-concurrent-sweep: 0.001/0.001 secs] [Times: user=0.00 sys=0.00, real=0.00 secs] 
2024-07-27T22:58:29.055+0800: 0.447: [CMS-concurrent-reset-start]
2024-07-27T22:58:29.059+0800: 0.451: [CMS-concurrent-reset: 0.004/0.004 secs] [Times: user=0.00 sys=0.00, real=0.00 secs] 
2024-07-27T22:58:29.171+0800: 0.564: Application time: 0.1182282 seconds
2024-07-27T22:58:29.171+0800: 0.564: [GC (Allocation Failure) 2024-07-27T22:58:29.171+0800: 0.564: [ParNew: 46720K->5122K(47232K), 0.0182173 secs] 243176K->237419K(374660K), 0.0182694 secs] [Times: user=0.02 sys=0.02, real=0.02 secs] 
2024-07-27T22:58:29.190+0800: 0.582: Total time for which application threads were stopped: 0.0184025 seconds, Stopping threads took: 0.0000310 seconds
2024-07-27T22:58:29.190+0800: 0.583: Application time: 0.0001252 seconds
2024-07-27T22:58:29.190+0800: 0.583: [GC (CMS Initial Mark) [1 CMS-initial-mark: 232297K(327428K)] 238443K(374660K), 0.0005380 secs] [Times: user=0.00 sys=0.00, real=0.00 secs] 
2024-07-27T22:58:29.190+0800: 0.583: Total time for which application threads were stopped: 0.0006270 seconds, Stopping threads took: 0.0000492 seconds
2024-07-27T22:58:29.190+0800: 0.583: [CMS-concurrent-mark-start]
2024-07-27T22:58:29.193+0800: 0.586: [CMS-concurrent-mark: 0.003/0.003 secs] [Times: user=0.05 sys=0.00, real=0.00 secs] 
2024-07-27T22:58:29.193+0800: 0.586: [CMS-concurrent-preclean-start]
2024-07-27T22:58:29.194+0800: 0.586: Application time: 0.0033496 seconds
2024-07-27T22:58:29.194+0800: 0.587: [GC (Allocation Failure) 2024-07-27T22:58:29.194+0800: 0.587: [ParNew: 46899K->5120K(47232K), 0.0248786 secs] 279197K->278378K(374660K), 0.0249253 secs] [Times: user=0.01 sys=0.02, real=0.03 secs] 
2024-07-27T22:58:29.219+0800: 0.612: Total time for which application threads were stopped: 0.0250291 seconds, Stopping threads took: 0.0000180 seconds
2024-07-27T22:58:29.219+0800: 0.612: [CMS-concurrent-preclean: 0.001/0.026 secs] [Times: user=0.01 sys=0.02, real=0.03 secs] 
2024-07-27T22:58:29.219+0800: 0.612: [CMS-concurrent-abortable-preclean-start]
2024-07-27T22:58:29.327+0800: 0.720: Application time: 0.1084239 seconds
2024-07-27T22:58:29.328+0800: 0.720: [GC (Allocation Failure) 2024-07-27T22:58:29.328+0800: 0.720: [ParNew: 46900K->5120K(47232K), 0.0241841 secs] 320158K->319338K(374660K), 0.0242403 secs] [Times: user=0.05 sys=0.02, real=0.02 secs] 
2024-07-27T22:58:29.351+0800: 0.744: Total time for which application threads were stopped: 0.0243793 seconds, Stopping threads took: 0.0000298 seconds
2024-07-27T22:58:29.351+0800: 0.744: [CMS-concurrent-abortable-preclean: 0.003/0.132 secs] [Times: user=0.05 sys=0.02, real=0.13 secs] 
2024-07-27T22:58:29.352+0800: 0.745: Application time: 0.0003344 seconds
2024-07-27T22:58:29.352+0800: 0.745: [GC (CMS Final Remark) [YG occupancy: 11061 K (47232 K)]2024-07-27T22:58:29.352+0800: 0.745: [Rescan (parallel) , 0.0008505 secs]2024-07-27T22:58:29.353+0800: 0.746: [weak refs processing, 0.0000143 secs]2024-07-27T22:58:29.353+0800: 0.746: [class unloading, 0.0002679 secs]2024-07-27T22:58:29.353+0800: 0.746: [scrub symbol table, 0.0004556 secs]2024-07-27T22:58:29.354+0800: 0.746: [scrub string table, 0.0001113 secs][1 CMS-remark: 314218K(327428K)] 325280K(374660K), 0.0017809 secs] [Times: user=0.00 sys=0.00, real=0.00 secs] 
2024-07-27T22:58:29.354+0800: 0.747: Total time for which application threads were stopped: 0.0019251 seconds, Stopping threads took: 0.0000953 seconds
2024-07-27T22:58:29.354+0800: 0.747: [CMS-concurrent-sweep-start]
2024-07-27T22:58:29.356+0800: 0.748: [CMS-concurrent-sweep: 0.002/0.002 secs] [Times: user=0.00 sys=0.00, real=0.00 secs] 
2024-07-27T22:58:29.356+0800: 0.749: [CMS-concurrent-reset-start]
2024-07-27T22:58:29.357+0800: 0.750: [CMS-concurrent-reset: 0.001/0.001 secs] [Times: user=0.00 sys=0.00, real=0.00 secs] 
2024-07-27T22:58:29.358+0800: 0.750: Application time: 0.0038486 seconds
2024-07-27T22:58:29.358+0800: 0.751: [GC (Allocation Failure) 2024-07-27T22:58:29.358+0800: 0.751: [ParNew: 46901K->5120K(47232K), 0.0162667 secs] 160408K->159587K(374660K), 0.0163343 secs] [Times: user=0.03 sys=0.00, real=0.02 secs] 
2024-07-27T22:58:29.374+0800: 0.767: Total time for which application threads were stopped: 0.0164810 seconds, Stopping threads took: 0.0000380 seconds
2024-07-27T22:58:29.378+0800: 0.770: Application time: 0.0032301 seconds
2024-07-27T22:58:29.378+0800: 0.770: [GC (Allocation Failure) 2024-07-27T22:58:29.378+0800: 0.770: [ParNew: 46903K->5120K(47232K), 0.0100849 secs] 201370K->200548K(374660K), 0.0101385 secs] [Times: user=0.03 sys=0.00, real=0.01 secs] 
2024-07-27T22:58:29.388+0800: 0.780: Total time for which application threads were stopped: 0.0102736 seconds, Stopping threads took: 0.0000252 seconds
2024-07-27T22:58:29.388+0800: 0.781: Application time: 0.0001386 seconds
2024-07-27T22:58:29.388+0800: 0.781: [GC (CMS Initial Mark) [1 CMS-initial-mark: 195428K(327428K)] 203419K(374660K), 0.0003757 secs] [Times: user=0.00 sys=0.00, real=0.00 secs] 
2024-07-27T22:58:29.388+0800: 0.781: Total time for which application threads were stopped: 0.0004830 seconds, Stopping threads took: 0.0000680 seconds
2024-07-27T22:58:29.389+0800: 0.781: [CMS-concurrent-mark-start]
2024-07-27T22:58:29.390+0800: 0.782: [CMS-concurrent-mark: 0.001/0.001 secs] [Times: user=0.00 sys=0.00, real=0.00 secs] 
2024-07-27T22:58:29.390+0800: 0.783: [CMS-concurrent-preclean-start]
2024-07-27T22:58:29.391+0800: 0.783: [CMS-concurrent-preclean: 0.001/0.001 secs] [Times: user=0.00 sys=0.00, real=0.00 secs] 
2024-07-27T22:58:29.391+0800: 0.783: [CMS-concurrent-abortable-preclean-start]
2024-07-27T22:58:29.501+0800: 0.894: Application time: 0.1132348 seconds
2024-07-27T22:58:29.501+0800: 0.894: [GC (Allocation Failure) 2024-07-27T22:58:29.501+0800: 0.894: [ParNew: 46903K->5120K(47232K), 0.0140630 secs] 242332K->231268K(374660K), 0.0142032 secs] [Times: user=0.03 sys=0.00, real=0.02 secs] 
2024-07-27T22:58:29.516+0800: 0.909: Total time for which application threads were stopped: 0.0143746 seconds, Stopping threads took: 0.0000340 seconds
2024-07-27T22:58:29.521+0800: 0.913: Application time: 0.0043516 seconds
2024-07-27T22:58:29.521+0800: 0.913: [GC (Allocation Failure) 2024-07-27T22:58:29.521+0800: 0.913: [ParNew: 46904K->5120K(47232K), 0.0170183 secs] 273052K->272229K(374660K), 0.0171077 secs] [Times: user=0.02 sys=0.00, real=0.02 secs] 
2024-07-27T22:58:29.538+0800: 0.930: Total time for which application threads were stopped: 0.0173432 seconds, Stopping threads took: 0.0000406 seconds
2024-07-27T22:58:29.654+0800: 1.046: Application time: 0.1160742 seconds
2024-07-27T22:58:29.654+0800: 1.047: [GC (Allocation Failure) 2024-07-27T22:58:29.654+0800: 1.047: [ParNew: 46958K->4440K(47232K), 0.0083018 secs] 314068K->311486K(374660K), 0.0083718 secs] [Times: user=0.03 sys=0.00, real=0.01 secs] 
2024-07-27T22:58:29.662+0800: 1.055: Total time for which application threads were stopped: 0.0085134 seconds, Stopping threads took: 0.0000227 seconds
2024-07-27T22:58:29.662+0800: 1.055: [CMS-concurrent-abortable-preclean: 0.007/0.272 secs] [Times: user=0.09 sys=0.01, real=0.27 secs] 
2024-07-27T22:58:29.663+0800: 1.055: Application time: 0.0001515 seconds
2024-07-27T22:58:29.663+0800: 1.055: [GC (CMS Final Remark) [YG occupancy: 7297 K (47232 K)]2024-07-27T22:58:29.663+0800: 1.055: [Rescan (parallel) , 0.0003708 secs]2024-07-27T22:58:29.663+0800: 1.056: [weak refs processing, 0.0000181 secs]2024-07-27T22:58:29.663+0800: 1.056: [class unloading, 0.0002647 secs]2024-07-27T22:58:29.663+0800: 1.056: [scrub symbol table, 0.0005016 secs]2024-07-27T22:58:29.664+0800: 1.056: [scrub string table, 0.0001559 secs][1 CMS-remark: 307045K(327428K)] 314343K(374660K), 0.0013968 secs] [Times: user=0.00 sys=0.00, real=0.00 secs] 
2024-07-27T22:58:29.664+0800: 1.057: Total time for which application threads were stopped: 0.0015080 seconds, Stopping threads took: 0.0000682 seconds
2024-07-27T22:58:29.664+0800: 1.057: [CMS-concurrent-sweep-start]
2024-07-27T22:58:29.666+0800: 1.059: [CMS-concurrent-sweep: 0.002/0.002 secs] [Times: user=0.00 sys=0.00, real=0.00 secs] 
2024-07-27T22:58:29.666+0800: 1.059: [CMS-concurrent-reset-start]
2024-07-27T22:58:29.668+0800: 1.060: [CMS-concurrent-reset: 0.002/0.002 secs] [Times: user=0.00 sys=0.00, real=0.00 secs] 
2024-07-27T22:58:29.668+0800: 1.060: Application time: 0.0036237 seconds
2024-07-27T22:58:29.668+0800: 1.060: [GC (Allocation Failure) 2024-07-27T22:58:29.668+0800: 1.060: [ParNew: 46210K->5120K(47232K), 0.0083658 secs] 158692K->157871K(374660K), 0.0084141 secs] [Times: user=0.00 sys=0.00, real=0.01 secs] 
2024-07-27T22:58:29.676+0800: 1.069: Total time for which application threads were stopped: 0.0085327 seconds, Stopping threads took: 0.0000175 seconds
2024-07-27T22:58:29.679+0800: 1.072: Application time: 0.0030640 seconds
2024-07-27T22:58:29.679+0800: 1.072: [GC (Allocation Failure) 2024-07-27T22:58:29.679+0800: 1.072: [ParNew: 46895K->5120K(47232K), 0.0099931 secs] 199646K->198832K(374660K), 0.0100593 secs] [Times: user=0.00 sys=0.00, real=0.01 secs] 
2024-07-27T22:58:29.689+0800: 1.082: Total time for which application threads were stopped: 0.0101735 seconds, Stopping threads took: 0.0000219 seconds
2024-07-27T22:58:29.690+0800: 1.082: Application time: 0.0000942 seconds
2024-07-27T22:58:29.690+0800: 1.082: [GC (CMS Initial Mark) [1 CMS-initial-mark: 193712K(327428K)] 199856K(374660K), 0.0001908 secs] [Times: user=0.00 sys=0.00, real=0.00 secs] 
2024-07-27T22:58:29.690+0800: 1.082: Total time for which application threads were stopped: 0.0002805 seconds, Stopping threads took: 0.0000464 seconds
2024-07-27T22:58:29.690+0800: 1.082: [CMS-concurrent-mark-start]
2024-07-27T22:58:29.692+0800: 1.084: [CMS-concurrent-mark: 0.002/0.002 secs] [Times: user=0.00 sys=0.00, real=0.00 secs] 
2024-07-27T22:58:29.692+0800: 1.084: [CMS-concurrent-preclean-start]
2024-07-27T22:58:29.692+0800: 1.085: [CMS-concurrent-preclean: 0.001/0.001 secs] [Times: user=0.00 sys=0.00, real=0.00 secs] 
2024-07-27T22:58:29.692+0800: 1.085: [CMS-concurrent-abortable-preclean-start]
2024-07-27T22:58:29.796+0800: 1.189: Application time: 0.1070311 seconds
2024-07-27T22:58:29.796+0800: 1.190: [GC (Allocation Failure) 2024-07-27T22:58:29.796+0800: 1.190: [ParNew: 46898K->5120K(47232K), 0.0088285 secs] 240611K->227504K(374660K), 0.0088903 secs] [Times: user=0.03 sys=0.00, real=0.01 secs] 
2024-07-27T22:58:29.805+0800: 1.198: Total time for which application threads were stopped: 0.0090103 seconds, Stopping threads took: 0.0000247 seconds
2024-07-27T22:58:29.811+0800: 1.204: Application time: 0.0052375 seconds
2024-07-27T22:58:29.811+0800: 1.204: [GC (Allocation Failure) 2024-07-27T22:58:29.811+0800: 1.204: [ParNew: 46901K->5120K(47232K), 0.0143477 secs] 269285K->268465K(374660K), 0.0145805 secs] [Times: user=0.02 sys=0.00, real=0.01 secs] 
2024-07-27T22:58:29.826+0800: 1.219: Total time for which application threads were stopped: 0.0150757 seconds, Stopping threads took: 0.0000874 seconds
2024-07-27T22:58:29.934+0800: 1.326: [CMS-concurrent-abortable-preclean: 0.008/0.242 secs] [Times: user=0.05 sys=0.00, real=0.24 secs] 
2024-07-27T22:58:29.934+0800: 1.326: Application time: 0.1075805 seconds
2024-07-27T22:58:29.934+0800: 1.327: [GC (CMS Final Remark) [YG occupancy: 34614 K (47232 K)]2024-07-27T22:58:29.934+0800: 1.327: [Rescan (parallel) , 0.0004776 secs]2024-07-27T22:58:29.934+0800: 1.327: [weak refs processing, 0.0000667 secs]2024-07-27T22:58:29.935+0800: 1.327: [class unloading, 0.0002853 secs]2024-07-27T22:58:29.935+0800: 1.327: [scrub symbol table, 0.0004500 secs]2024-07-27T22:58:29.935+0800: 1.328: [scrub string table, 0.0001245 secs][1 CMS-remark: 263345K(327428K)] 297959K(374660K), 0.0014866 secs] [Times: user=0.00 sys=0.00, real=0.00 secs] 
2024-07-27T22:58:29.935+0800: 1.328: Total time for which application threads were stopped: 0.0016794 seconds, Stopping threads took: 0.0000882 seconds
2024-07-27T22:58:29.936+0800: 1.328: [CMS-concurrent-sweep-start]
2024-07-27T22:58:29.937+0800: 1.329: Application time: 0.0012199 seconds
2024-07-27T22:58:29.937+0800: 1.329: [GC (Allocation Failure) 2024-07-27T22:58:29.937+0800: 1.329: [ParNew: 46902K->5120K(47232K), 0.0086682 secs] 310247K->309425K(374660K), 0.0087318 secs] [Times: user=0.03 sys=0.00, real=0.01 secs] 
2024-07-27T22:58:29.946+0800: 1.338: Total time for which application threads were stopped: 0.0088757 seconds, Stopping threads took: 0.0000184 seconds
2024-07-27T22:58:29.946+0800: 1.339: [CMS-concurrent-sweep: 0.002/0.011 secs] [Times: user=0.03 sys=0.00, real=0.01 secs] 
2024-07-27T22:58:29.948+0800: 1.341: [CMS-concurrent-reset-start]
2024-07-27T22:58:29.949+0800: 1.342: Application time: 0.0040257 seconds
2024-07-27T22:58:29.949+0800: 1.342: [GC (Allocation Failure) 2024-07-27T22:58:29.949+0800: 1.342: [ParNew: 46903K->5120K(47232K), 0.0161967 secs] 351209K->350386K(554412K), 0.0162514 secs] [Times: user=0.02 sys=0.02, real=0.02 secs] 
2024-07-27T22:58:29.966+0800: 1.359: Total time for which application threads were stopped: 0.0163829 seconds, Stopping threads took: 0.0000236 seconds
2024-07-27T22:58:29.966+0800: 1.359: [CMS-concurrent-reset: 0.002/0.018 secs] [Times: user=0.02 sys=0.02, real=0.02 secs] 
2024-07-27T22:58:29.969+0800: 1.362: Application time: 0.0033953 seconds
2024-07-27T22:58:29.969+0800: 1.362: [GC (Allocation Failure) 2024-07-27T22:58:29.970+0800: 1.362: [ParNew: 46904K->5120K(47232K), 0.0234230 secs] 392170K->391347K(554412K), 0.0234867 secs] [Times: user=0.05 sys=0.01, real=0.02 secs] 
2024-07-27T22:58:29.993+0800: 1.386: Total time for which application threads were stopped: 0.0236169 seconds, Stopping threads took: 0.0000302 seconds
2024-07-27T22:58:29.993+0800: 1.386: Application time: 0.0001420 seconds
2024-07-27T22:58:29.993+0800: 1.386: [GC (CMS Initial Mark) [1 CMS-initial-mark: 386226K(507180K)] 394218K(554412K), 0.0004209 secs] [Times: user=0.00 sys=0.00, real=0.00 secs] 
2024-07-27T22:58:29.993+0800: 1.386: Total time for which application threads were stopped: 0.0005966 seconds, Stopping threads took: 0.0001305 seconds
2024-07-27T22:58:29.993+0800: 1.386: [CMS-concurrent-mark-start]
2024-07-27T22:58:29.995+0800: 1.388: [CMS-concurrent-mark: 0.002/0.002 secs] [Times: user=0.00 sys=0.00, real=0.00 secs] 
2024-07-27T22:58:29.995+0800: 1.388: [CMS-concurrent-preclean-start]
2024-07-27T22:58:29.996+0800: 1.389: [CMS-concurrent-preclean: 0.001/0.001 secs] [Times: user=0.00 sys=0.00, real=0.00 secs] 
2024-07-27T22:58:29.996+0800: 1.389: [CMS-concurrent-abortable-preclean-start]
2024-07-27T22:58:30.112+0800: 1.504: Application time: 0.1177728 seconds
2024-07-27T22:58:30.112+0800: 1.504: [GC (Allocation Failure) 2024-07-27T22:58:30.112+0800: 1.505: [ParNew: 46904K->5120K(47232K), 0.0218692 secs] 433131K->420019K(554412K), 0.0220718 secs] [Times: user=0.03 sys=0.03, real=0.02 secs] 
2024-07-27T22:58:30.134+0800: 1.526: Total time for which application threads were stopped: 0.0223457 seconds, Stopping threads took: 0.0000645 seconds
2024-07-27T22:58:30.137+0800: 1.530: Application time: 0.0033125 seconds
2024-07-27T22:58:30.137+0800: 1.530: [GC (Allocation Failure) 2024-07-27T22:58:30.137+0800: 1.530: [ParNew: 46904K->5120K(47232K), 0.0247574 secs] 461804K->460980K(554412K), 0.0248197 secs] [Times: user=0.06 sys=0.00, real=0.02 secs] 
2024-07-27T22:58:30.162+0800: 1.555: Total time for which application threads were stopped: 0.0249553 seconds, Stopping threads took: 0.0000262 seconds
2024-07-27T22:58:30.268+0800: 1.661: Application time: 0.1062283 seconds
2024-07-27T22:58:30.268+0800: 1.661: [GC (Allocation Failure) 2024-07-27T22:58:30.268+0800: 1.661: [ParNew: 46904K->5120K(47232K), 0.0227878 secs] 502764K->501940K(554412K), 0.0228493 secs] [Times: user=0.03 sys=0.03, real=0.02 secs] 
2024-07-27T22:58:30.291+0800: 1.684: Total time for which application threads were stopped: 0.0229763 seconds, Stopping threads took: 0.0000218 seconds
2024-07-27T22:58:30.291+0800: 1.684: [CMS-concurrent-abortable-preclean: 0.008/0.295 secs] [Times: user=0.13 sys=0.06, real=0.29 secs] 
2024-07-27T22:58:30.292+0800: 1.684: Application time: 0.0002742 seconds
2024-07-27T22:58:30.292+0800: 1.684: [GC (CMS Final Remark) [YG occupancy: 10040 K (47232 K)]2024-07-27T22:58:30.292+0800: 1.684: [Rescan (parallel) , 0.0010416 secs]2024-07-27T22:58:30.293+0800: 1.685: [weak refs processing, 0.0000128 secs]2024-07-27T22:58:30.293+0800: 1.686: [class unloading, 0.0002903 secs]2024-07-27T22:58:30.293+0800: 1.686: [scrub symbol table, 0.0004517 secs]2024-07-27T22:58:30.294+0800: 1.686: [scrub string table, 0.0001485 secs][1 CMS-remark: 496820K(507180K)] 506861K(554412K), 0.0020109 secs] [Times: user=0.00 sys=0.00, real=0.00 secs] 
2024-07-27T22:58:30.294+0800: 1.686: Total time for which application threads were stopped: 0.0022086 seconds, Stopping threads took: 0.0001588 seconds
2024-07-27T22:58:30.294+0800: 1.687: [CMS-concurrent-sweep-start]
2024-07-27T22:58:30.296+0800: 1.689: Application time: 0.0025901 seconds
2024-07-27T22:58:30.296+0800: 1.689: [GC (Allocation Failure) 2024-07-27T22:58:30.296+0800: 1.689: [ParNew: 46904K->5120K(47232K), 0.0109848 secs] 158695K->157871K(554412K), 0.0110389 secs] [Times: user=0.03 sys=0.00, real=0.01 secs] 
2024-07-27T22:58:30.308+0800: 1.700: Total time for which application threads were stopped: 0.0111378 seconds, Stopping threads took: 0.0000158 seconds
2024-07-27T22:58:30.308+0800: 1.700: [CMS-concurrent-sweep: 0.002/0.014 secs] [Times: user=0.03 sys=0.00, real=0.01 secs] 
2024-07-27T22:58:30.308+0800: 1.700: [CMS-concurrent-reset-start]
2024-07-27T22:58:30.309+0800: 1.702: [CMS-concurrent-reset: 0.001/0.001 secs] [Times: user=0.00 sys=0.00, real=0.00 secs] 
2024-07-27T22:58:30.311+0800: 1.704: Application time: 0.0033808 seconds
2024-07-27T22:58:30.311+0800: 1.704: [GC (Allocation Failure) 2024-07-27T22:58:30.311+0800: 1.704: [ParNew: 46904K->5120K(47232K), 0.0082516 secs] 199656K->198832K(554412K), 0.0082993 secs] [Times: user=0.03 sys=0.00, real=0.01 secs] 
2024-07-27T22:58:30.319+0800: 1.712: Total time for which application threads were stopped: 0.0084099 seconds, Stopping threads took: 0.0000176 seconds
2024-07-27T22:58:30.320+0800: 1.712: Application time: 0.0002335 seconds
2024-07-27T22:58:30.320+0800: 1.712: [GC (CMS Initial Mark) [1 CMS-initial-mark: 193712K(507180K)] 201704K(554412K), 0.0007824 secs] [Times: user=0.00 sys=0.00, real=0.00 secs] 
2024-07-27T22:58:30.321+0800: 1.713: Total time for which application threads were stopped: 0.0009752 seconds, Stopping threads took: 0.0001495 seconds
2024-07-27T22:58:30.321+0800: 1.713: [CMS-concurrent-mark-start]
2024-07-27T22:58:30.322+0800: 1.715: [CMS-concurrent-mark: 0.001/0.001 secs] [Times: user=0.00 sys=0.00, real=0.00 secs] 
2024-07-27T22:58:30.322+0800: 1.715: [CMS-concurrent-preclean-start]
2024-07-27T22:58:30.323+0800: 1.715: [CMS-concurrent-preclean: 0.001/0.001 secs] [Times: user=0.00 sys=0.00, real=0.00 secs] 
2024-07-27T22:58:30.323+0800: 1.715: [CMS-concurrent-abortable-preclean-start]
2024-07-27T22:58:30.429+0800: 1.822: Application time: 0.1087754 seconds
2024-07-27T22:58:30.429+0800: 1.822: [GC (Allocation Failure) 2024-07-27T22:58:30.429+0800: 1.822: [ParNew: 46905K->5120K(47232K), 0.0091674 secs] 240617K->227504K(554412K), 0.0092433 secs] [Times: user=0.00 sys=0.00, real=0.01 secs] 
2024-07-27T22:58:30.438+0800: 1.831: Total time for which application threads were stopped: 0.0093754 seconds, Stopping threads took: 0.0000216 seconds
2024-07-27T22:58:30.443+0800: 1.836: Application time: 0.0044129 seconds
2024-07-27T22:58:30.443+0800: 1.836: [GC (Allocation Failure) 2024-07-27T22:58:30.443+0800: 1.836: [ParNew: 46905K->5120K(47232K), 0.0121767 secs] 269289K->268465K(554412K), 0.0122498 secs] [Times: user=0.00 sys=0.00, real=0.01 secs] 
2024-07-27T22:58:30.455+0800: 1.848: Total time for which application threads were stopped: 0.0124041 seconds, Stopping threads took: 0.0000402 seconds
2024-07-27T22:58:30.569+0800: 1.962: Application time: 0.1142885 seconds
2024-07-27T22:58:30.569+0800: 1.963: [GC (Allocation Failure) 2024-07-27T22:58:30.569+0800: 1.963: [ParNew: 46905K->5120K(47232K), 0.0076931 secs] 310250K->309425K(554412K), 0.0077665 secs] [Times: user=0.00 sys=0.00, real=0.01 secs] 
2024-07-27T22:58:30.577+0800: 1.970: Total time for which application threads were stopped: 0.0078790 seconds, Stopping threads took: 0.0000218 seconds
2024-07-27T22:58:30.577+0800: 1.970: [CMS-concurrent-abortable-preclean: 0.010/0.255 secs] [Times: user=0.08 sys=0.00, real=0.25 secs] 
2024-07-27T22:58:30.578+0800: 1.971: Application time: 0.0002816 seconds
2024-07-27T22:58:30.578+0800: 1.971: [GC (CMS Final Remark) [YG occupancy: 10040 K (47232 K)]2024-07-27T22:58:30.578+0800: 1.971: [Rescan (parallel) , 0.0009323 secs]2024-07-27T22:58:30.579+0800: 1.972: [weak refs processing, 0.0000154 secs]2024-07-27T22:58:30.579+0800: 1.972: [class unloading, 0.0002736 secs]2024-07-27T22:58:30.579+0800: 1.972: [scrub symbol table, 0.0004547 secs]2024-07-27T22:58:30.579+0800: 1.973: [scrub string table, 0.0001384 secs][1 CMS-remark: 304305K(507180K)] 314346K(554412K), 0.0018782 secs] [Times: user=0.00 sys=0.00, real=0.00 secs] 
2024-07-27T22:58:30.580+0800: 1.973: Total time for which application threads were stopped: 0.0021008 seconds, Stopping threads took: 0.0001854 seconds
2024-07-27T22:58:30.580+0800: 1.973: [CMS-concurrent-sweep-start]
2024-07-27T22:58:30.582+0800: 1.975: Application time: 0.0025350 seconds
2024-07-27T22:58:30.582+0800: 1.975: [GC (Allocation Failure) 2024-07-27T22:58:30.582+0800: 1.975: [ParNew: 46905K->5120K(47232K), 0.0078862 secs] 315370K->314545K(554412K), 0.0079355 secs] [Times: user=0.13 sys=0.00, real=0.01 secs] 
2024-07-27T22:58:30.590+0800: 1.983: Total time for which application threads were stopped: 0.0080406 seconds, Stopping threads took: 0.0000222 seconds
2024-07-27T22:58:30.591+0800: 1.984: [CMS-concurrent-sweep: 0.003/0.011 secs] [Times: user=0.13 sys=0.00, real=0.01 secs] 
2024-07-27T22:58:30.591+0800: 1.984: [CMS-concurrent-reset-start]
2024-07-27T22:58:30.592+0800: 1.985: [CMS-concurrent-reset: 0.001/0.001 secs] [Times: user=0.00 sys=0.00, real=0.00 secs] 
2024-07-27T22:58:30.594+0800: 1.987: Application time: 0.0034334 seconds
2024-07-27T22:58:30.594+0800: 1.987: [GC (Allocation Failure) 2024-07-27T22:58:30.594+0800: 1.987: [ParNew: 46905K->5120K(47232K), 0.0080535 secs] 199656K->198832K(554412K), 0.0080991 secs] [Times: user=0.03 sys=0.00, real=0.01 secs] 
2024-07-27T22:58:30.602+0800: 1.995: Total time for which application threads were stopped: 0.0082011 seconds, Stopping threads took: 0.0000173 seconds
2024-07-27T22:58:30.602+0800: 1.995: Application time: 0.0002417 seconds
2024-07-27T22:58:30.602+0800: 1.995: [GC (CMS Initial Mark) [1 CMS-initial-mark: 193712K(507180K)] 202728K(554412K), 0.0007571 secs] [Times: user=0.00 sys=0.00, real=0.00 secs] 
2024-07-27T22:58:30.603+0800: 1.996: Total time for which application threads were stopped: 0.0009506 seconds, Stopping threads took: 0.0001509 seconds
2024-07-27T22:58:30.603+0800: 1.996: [CMS-concurrent-mark-start]
2024-07-27T22:58:30.604+0800: 1.998: [CMS-concurrent-mark: 0.001/0.001 secs] [Times: user=0.00 sys=0.00, real=0.00 secs] 
2024-07-27T22:58:30.604+0800: 1.998: [CMS-concurrent-preclean-start]
2024-07-27T22:58:30.605+0800: 1.998: [CMS-concurrent-preclean: 0.001/0.001 secs] [Times: user=0.00 sys=0.00, real=0.00 secs] 
2024-07-27T22:58:30.605+0800: 1.998: [CMS-concurrent-abortable-preclean-start]
2024-07-27T22:58:30.712+0800: 2.105: Application time: 0.1085465 seconds
2024-07-27T22:58:30.712+0800: 2.105: [GC (Allocation Failure) 2024-07-27T22:58:30.712+0800: 2.105: [ParNew: 46905K->5120K(47232K), 0.0101319 secs] 240617K->227504K(554412K), 0.0102068 secs] [Times: user=0.00 sys=0.00, real=0.01 secs] 
2024-07-27T22:58:30.722+0800: 2.115: Total time for which application threads were stopped: 0.0103470 seconds, Stopping threads took: 0.0000242 seconds
2024-07-27T22:58:30.728+0800: 2.121: Application time: 0.0055542 seconds
2024-07-27T22:58:30.728+0800: 2.121: [GC (Allocation Failure) 2024-07-27T22:58:30.728+0800: 2.121: [ParNew: 46905K->5120K(47232K), 0.0117653 secs] 269289K->268465K(554412K), 0.0118745 secs] [Times: user=0.03 sys=0.00, real=0.01 secs] 
2024-07-27T22:58:30.740+0800: 2.133: Total time for which application threads were stopped: 0.0120350 seconds, Stopping threads took: 0.0000386 seconds
2024-07-27T22:58:30.851+0800: 2.244: Application time: 0.1112771 seconds
2024-07-27T22:58:30.851+0800: 2.244: [GC (Allocation Failure) 2024-07-27T22:58:30.852+0800: 2.244: [ParNew: 46905K->5120K(47232K), 0.0077894 secs] 310250K->309425K(554412K), 0.0078759 secs] [Times: user=0.00 sys=0.00, real=0.01 secs] 
2024-07-27T22:58:30.859+0800: 2.252: Total time for which application threads were stopped: 0.0080191 seconds, Stopping threads took: 0.0000219 seconds
2024-07-27T22:58:30.859+0800: 2.252: [CMS-concurrent-abortable-preclean: 0.011/0.254 secs] [Times: user=0.06 sys=0.00, real=0.25 secs] 
2024-07-27T22:58:30.860+0800: 2.252: Application time: 0.0001755 seconds
2024-07-27T22:58:30.860+0800: 2.252: [GC (CMS Final Remark) [YG occupancy: 7992 K (47232 K)]2024-07-27T22:58:30.860+0800: 2.252: [Rescan (parallel) , 0.0009736 secs]2024-07-27T22:58:30.861+0800: 2.253: [weak refs processing, 0.0000138 secs]2024-07-27T22:58:30.861+0800: 2.253: [class unloading, 0.0003136 secs]2024-07-27T22:58:30.861+0800: 2.254: [scrub symbol table, 0.0004543 secs]2024-07-27T22:58:30.862+0800: 2.254: [scrub string table, 0.0001438 secs][1 CMS-remark: 304305K(507180K)] 312298K(554412K), 0.0019760 secs] [Times: user=0.00 sys=0.00, real=0.00 secs] 
2024-07-27T22:58:30.862+0800: 2.254: Total time for which application threads were stopped: 0.0021951 seconds, Stopping threads took: 0.0001665 seconds
2024-07-27T22:58:30.862+0800: 2.255: [CMS-concurrent-sweep-start]
2024-07-27T22:58:30.864+0800: 2.257: [CMS-concurrent-sweep: 0.002/0.002 secs] [Times: user=0.03 sys=0.00, real=0.00 secs] 
2024-07-27T22:58:30.864+0800: 2.257: [CMS-concurrent-reset-start]
2024-07-27T22:58:30.865+0800: 2.258: Application time: 0.0031806 seconds
2024-07-27T22:58:30.865+0800: 2.258: [GC (Allocation Failure) 2024-07-27T22:58:30.865+0800: 2.258: [ParNew: 46905K->5120K(47232K), 0.0083277 secs] 158695K->157871K(554412K), 0.0083770 secs] [Times: user=0.00 sys=0.00, real=0.01 secs] 
2024-07-27T22:58:30.873+0800: 2.266: Total time for which application threads were stopped: 0.0084835 seconds, Stopping threads took: 0.0000174 seconds
2024-07-27T22:58:30.873+0800: 2.267: [CMS-concurrent-reset: 0.001/0.010 secs] [Times: user=0.00 sys=0.00, real=0.01 secs] 
2024-07-27T22:58:30.876+0800: 2.269: Application time: 0.0032149 seconds
2024-07-27T22:58:30.876+0800: 2.269: [GC (Allocation Failure) 2024-07-27T22:58:30.876+0800: 2.269: [ParNew: 46905K->5120K(47232K), 0.0083977 secs] 199656K->198832K(554412K), 0.0084493 secs] [Times: user=0.03 sys=0.00, real=0.01 secs] 
2024-07-27T22:58:30.885+0800: 2.278: Total time for which application threads were stopped: 0.0085664 seconds, Stopping threads took: 0.0000191 seconds
2024-07-27T22:58:30.885+0800: 2.278: Application time: 0.0001798 seconds
2024-07-27T22:58:30.885+0800: 2.278: [GC (CMS Initial Mark) [1 CMS-initial-mark: 193712K(507180K)] 201704K(554412K), 0.0005628 secs] [Times: user=0.00 sys=0.00, real=0.00 secs] 
2024-07-27T22:58:30.886+0800: 2.279: Total time for which application threads were stopped: 0.0007360 seconds, Stopping threads took: 0.0001294 seconds
2024-07-27T22:58:30.886+0800: 2.279: [CMS-concurrent-mark-start]
2024-07-27T22:58:30.887+0800: 2.280: [CMS-concurrent-mark: 0.001/0.001 secs] [Times: user=0.00 sys=0.00, real=0.00 secs] 
2024-07-27T22:58:30.887+0800: 2.280: [CMS-concurrent-preclean-start]
2024-07-27T22:58:30.888+0800: 2.281: [CMS-concurrent-preclean: 0.001/0.001 secs] [Times: user=0.00 sys=0.00, real=0.00 secs] 
2024-07-27T22:58:30.888+0800: 2.281: [CMS-concurrent-abortable-preclean-start]
2024-07-27T22:58:30.996+0800: 2.389: Application time: 0.1098079 seconds
2024-07-27T22:58:30.996+0800: 2.389: [GC (Allocation Failure) 2024-07-27T22:58:30.996+0800: 2.389: [ParNew: 46154K->5128K(47232K), 0.0082781 secs] 239866K->226488K(554412K), 0.0083650 secs] [Times: user=0.00 sys=0.00, real=0.01 secs] 
2024-07-27T22:58:31.005+0800: 2.397: Total time for which application threads were stopped: 0.0085754 seconds, Stopping threads took: 0.0000427 seconds
2024-07-27T22:58:31.008+0800: 2.401: Application time: 0.0034371 seconds
2024-07-27T22:58:31.008+0800: 2.401: [GC (Allocation Failure) 2024-07-27T22:58:31.008+0800: 2.401: [ParNew: 46911K->5120K(47232K), 0.0125760 secs] 268271K->267441K(554412K), 0.0126660 secs] [Times: user=0.00 sys=0.00, real=0.01 secs] 
2024-07-27T22:58:31.021+0800: 2.413: Total time for which application threads were stopped: 0.0127917 seconds, Stopping threads took: 0.0000229 seconds
2024-07-27T22:58:31.136+0800: 2.528: Application time: 0.1147999 seconds
2024-07-27T22:58:31.136+0800: 2.528: [GC (Allocation Failure) 2024-07-27T22:58:31.136+0800: 2.528: [ParNew: 46903K->5120K(47232K), 0.0083510 secs] 309225K->308402K(554412K), 0.0084107 secs] [Times: user=0.00 sys=0.00, real=0.01 secs] 
2024-07-27T22:58:31.144+0800: 2.537: Total time for which application threads were stopped: 0.0085319 seconds, Stopping threads took: 0.0000220 seconds
2024-07-27T22:58:31.144+0800: 2.537: [CMS-concurrent-abortable-preclean: 0.008/0.256 secs] [Times: user=0.03 sys=0.00, real=0.26 secs] 
2024-07-27T22:58:31.144+0800: 2.537: Application time: 0.0002770 seconds
2024-07-27T22:58:31.145+0800: 2.537: [GC (CMS Final Remark) [YG occupancy: 9015 K (47232 K)]2024-07-27T22:58:31.145+0800: 2.537: [Rescan (parallel) , 0.0009894 secs]2024-07-27T22:58:31.146+0800: 2.538: [weak refs processing, 0.0000128 secs]2024-07-27T22:58:31.146+0800: 2.538: [class unloading, 0.0003003 secs]2024-07-27T22:58:31.146+0800: 2.538: [scrub symbol table, 0.0003985 secs]2024-07-27T22:58:31.146+0800: 2.539: [scrub string table, 0.0001210 secs][1 CMS-remark: 303281K(507180K)] 312297K(554412K), 0.0018857 secs] [Times: user=0.00 sys=0.00, real=0.00 secs] 
2024-07-27T22:58:31.146+0800: 2.539: Total time for which application threads were stopped: 0.0020551 seconds, Stopping threads took: 0.0001325 seconds
2024-07-27T22:58:31.147+0800: 2.539: [CMS-concurrent-sweep-start]
2024-07-27T22:58:31.149+0800: 2.541: [CMS-concurrent-sweep: 0.002/0.002 secs] [Times: user=0.00 sys=0.00, real=0.00 secs] 
2024-07-27T22:58:31.149+0800: 2.541: [CMS-concurrent-reset-start]
2024-07-27T22:58:31.150+0800: 2.543: Application time: 0.0035292 seconds
2024-07-27T22:58:31.150+0800: 2.543: [GC (Allocation Failure) 2024-07-27T22:58:31.150+0800: 2.543: [ParNew: 46904K->5120K(47232K), 0.0079799 secs] 157671K->156847K(554412K), 0.0080301 secs] [Times: user=0.00 sys=0.00, real=0.01 secs] 
2024-07-27T22:58:31.158+0800: 2.551: Total time for which application threads were stopped: 0.0081384 seconds, Stopping threads took: 0.0000239 seconds
2024-07-27T22:58:31.158+0800: 2.551: [CMS-concurrent-reset: 0.001/0.010 secs] [Times: user=0.00 sys=0.00, real=0.01 secs] 
2024-07-27T22:58:31.161+0800: 2.554: Application time: 0.0028382 seconds
2024-07-27T22:58:31.161+0800: 2.554: [GC (Allocation Failure) 2024-07-27T22:58:31.161+0800: 2.554: [ParNew: 46904K->5120K(47232K), 0.0081032 secs] 198632K->197808K(554412K), 0.0081623 secs] [Times: user=0.00 sys=0.00, real=0.01 secs] 
2024-07-27T22:58:31.169+0800: 2.562: Total time for which application threads were stopped: 0.0082633 seconds, Stopping threads took: 0.0000178 seconds
2024-07-27T22:58:31.169+0800: 2.562: Application time: 0.0002393 seconds
2024-07-27T22:58:31.170+0800: 2.562: [GC (CMS Initial Mark) [1 CMS-initial-mark: 192688K(507180K)] 201704K(554412K), 0.0007669 secs] [Times: user=0.00 sys=0.00, real=0.00 secs] 
2024-07-27T22:58:31.171+0800: 2.563: Total time for which application threads were stopped: 0.0010614 seconds, Stopping threads took: 0.0001948 seconds
2024-07-27T22:58:31.171+0800: 2.563: [CMS-concurrent-mark-start]
2024-07-27T22:58:31.172+0800: 2.565: [CMS-concurrent-mark: 0.001/0.001 secs] [Times: user=0.00 sys=0.00, real=0.00 secs] 
2024-07-27T22:58:31.172+0800: 2.565: [CMS-concurrent-preclean-start]
2024-07-27T22:58:31.173+0800: 2.565: [CMS-concurrent-preclean: 0.001/0.001 secs] [Times: user=0.00 sys=0.00, real=0.00 secs] 
2024-07-27T22:58:31.173+0800: 2.565: [CMS-concurrent-abortable-preclean-start]
2024-07-27T22:58:31.278+0800: 2.671: Application time: 0.1083643 seconds
2024-07-27T22:58:31.278+0800: 2.672: [GC (Allocation Failure) 2024-07-27T22:58:31.278+0800: 2.672: [ParNew: 46904K->5120K(47232K), 0.0090698 secs] 239592K->225456K(554412K), 0.0091480 secs] [Times: user=0.03 sys=0.00, real=0.01 secs] 
2024-07-27T22:58:31.287+0800: 2.681: Total time for which application threads were stopped: 0.0092700 seconds, Stopping threads took: 0.0000223 seconds
2024-07-27T22:58:31.292+0800: 2.685: Application time: 0.0039608 seconds
2024-07-27T22:58:31.292+0800: 2.685: [GC (Allocation Failure) 2024-07-27T22:58:31.292+0800: 2.685: [ParNew: 46904K->5120K(47232K), 0.0126785 secs] 267241K->266417K(554412K), 0.0128581 secs] [Times: user=0.03 sys=0.00, real=0.01 secs] 
2024-07-27T22:58:31.305+0800: 2.698: Total time for which application threads were stopped: 0.0131655 seconds, Stopping threads took: 0.0001066 seconds
2024-07-27T22:58:31.417+0800: 2.810: Application time: 0.1125100 seconds
2024-07-27T22:58:31.417+0800: 2.810: [GC (Allocation Failure) 2024-07-27T22:58:31.417+0800: 2.810: [ParNew: 46904K->5120K(47232K), 0.0081723 secs] 308202K->307377K(554412K), 0.0082330 secs] [Times: user=0.00 sys=0.00, real=0.01 secs] 
2024-07-27T22:58:31.425+0800: 2.819: Total time for which application threads were stopped: 0.0083664 seconds, Stopping threads took: 0.0000208 seconds
2024-07-27T22:58:31.425+0800: 2.819: [CMS-concurrent-abortable-preclean: 0.008/0.253 secs] [Times: user=0.06 sys=0.00, real=0.25 secs] 
2024-07-27T22:58:31.425+0800: 2.819: Application time: 0.0001092 seconds
2024-07-27T22:58:31.426+0800: 2.819: [GC (CMS Final Remark) [YG occupancy: 7992 K (47232 K)]2024-07-27T22:58:31.426+0800: 2.819: [Rescan (parallel) , 0.0004688 secs]2024-07-27T22:58:31.426+0800: 2.819: [weak refs processing, 0.0000128 secs]2024-07-27T22:58:31.426+0800: 2.819: [class unloading, 0.0002986 secs]2024-07-27T22:58:31.426+0800: 2.820: [scrub symbol table, 0.0004951 secs]2024-07-27T22:58:31.427+0800: 2.820: [scrub string table, 0.0001373 secs][1 CMS-remark: 302257K(507180K)] 310250K(554412K), 0.0014965 secs] [Times: user=0.00 sys=0.00, real=0.00 secs] 
2024-07-27T22:58:31.427+0800: 2.820: Total time for which application threads were stopped: 0.0016188 seconds, Stopping threads took: 0.0000787 seconds
2024-07-27T22:58:31.427+0800: 2.821: [CMS-concurrent-sweep-start]
2024-07-27T22:58:31.429+0800: 2.822: [CMS-concurrent-sweep: 0.002/0.002 secs] [Times: user=0.00 sys=0.00, real=0.00 secs] 
2024-07-27T22:58:31.429+0800: 2.822: [CMS-concurrent-reset-start]
2024-07-27T22:58:31.430+0800: 2.824: [CMS-concurrent-reset: 0.001/0.001 secs] [Times: user=0.00 sys=0.00, real=0.00 secs] 
2024-07-27T22:58:31.430+0800: 2.824: Application time: 0.0034336 seconds
2024-07-27T22:58:31.431+0800: 2.824: [GC (Allocation Failure) 2024-07-27T22:58:31.431+0800: 2.824: [ParNew: 46905K->5120K(47232K), 0.0080273 secs] 157671K->156847K(554412K), 0.0080879 secs] [Times: user=0.00 sys=0.00, real=0.01 secs] 
2024-07-27T22:58:31.439+0800: 2.832: Total time for which application threads were stopped: 0.0082266 seconds, Stopping threads took: 0.0000168 seconds
2024-07-27T22:58:31.442+0800: 2.835: Application time: 0.0030883 seconds
2024-07-27T22:58:31.442+0800: 2.835: [GC (Allocation Failure) 2024-07-27T22:58:31.442+0800: 2.835: [ParNew: 46905K->5120K(47232K), 0.0087783 secs] 198632K->197808K(554412K), 0.0089145 secs] [Times: user=0.00 sys=0.00, real=0.01 secs] 
2024-07-27T22:58:31.452+0800: 2.844: Total time for which application threads were stopped: 0.0090681 seconds, Stopping threads took: 0.0000238 seconds
2024-07-27T22:58:31.452+0800: 2.844: Application time: 0.0001672 seconds
2024-07-27T22:58:31.452+0800: 2.845: [GC (CMS Initial Mark) [1 CMS-initial-mark: 192688K(507180K)] 200680K(554412K), 0.0002738 secs] [Times: user=0.00 sys=0.00, real=0.00 secs] 
2024-07-27T22:58:31.452+0800: 2.845: Total time for which application threads were stopped: 0.0004213 seconds, Stopping threads took: 0.0000955 seconds
2024-07-27T22:58:31.452+0800: 2.845: [CMS-concurrent-mark-start]
2024-07-27T22:58:31.454+0800: 2.847: [CMS-concurrent-mark: 0.002/0.002 secs] [Times: user=0.00 sys=0.00, real=0.00 secs] 
2024-07-27T22:58:31.454+0800: 2.847: [CMS-concurrent-preclean-start]
2024-07-27T22:58:31.455+0800: 2.847: [CMS-concurrent-preclean: 0.001/0.001 secs] [Times: user=0.00 sys=0.00, real=0.00 secs] 
2024-07-27T22:58:31.455+0800: 2.847: [CMS-concurrent-abortable-preclean-start]
2024-07-27T22:58:31.565+0800: 2.958: Application time: 0.1127365 seconds
2024-07-27T22:58:31.565+0800: 2.958: [GC (Allocation Failure) 2024-07-27T22:58:31.565+0800: 2.958: [ParNew: 46905K->5120K(47232K), 0.0078011 secs] 239593K->225456K(554412K), 0.0078744 secs] [Times: user=0.03 sys=0.00, real=0.01 secs] 
2024-07-27T22:58:31.573+0800: 2.966: Total time for which application threads were stopped: 0.0080316 seconds, Stopping threads took: 0.0000330 seconds
2024-07-27T22:58:31.580+0800: 2.972: Application time: 0.0065737 seconds
2024-07-27T22:58:31.580+0800: 2.972: [GC (Allocation Failure) 2024-07-27T22:58:31.580+0800: 2.972: [ParNew: 46905K->5120K(47232K), 0.0153534 secs] 267241K->266417K(554412K), 0.0154869 secs] [Times: user=0.03 sys=0.00, real=0.02 secs] 
2024-07-27T22:58:31.595+0800: 2.988: Total time for which application threads were stopped: 0.0157371 seconds, Stopping threads took: 0.0000707 seconds
2024-07-27T22:58:31.702+0800: 3.095: Application time: 0.1067392 seconds
2024-07-27T22:58:31.702+0800: 3.095: [GC (Allocation Failure) 2024-07-27T22:58:31.702+0800: 3.095: [ParNew: 46905K->5120K(47232K), 0.0080826 secs] 308202K->307377K(554412K), 0.0081440 secs] [Times: user=0.03 sys=0.00, real=0.01 secs] 
2024-07-27T22:58:31.710+0800: 3.103: Total time for which application threads were stopped: 0.0082711 seconds, Stopping threads took: 0.0000209 seconds
2024-07-27T22:58:31.711+0800: 3.103: [CMS-concurrent-abortable-preclean: 0.009/0.256 secs] [Times: user=0.11 sys=0.00, real=0.26 secs] 
2024-07-27T22:58:31.711+0800: 3.103: Application time: 0.0002590 seconds
2024-07-27T22:58:31.711+0800: 3.103: [GC (CMS Final Remark) [YG occupancy: 10040 K (47232 K)]2024-07-27T22:58:31.711+0800: 3.103: [Rescan (parallel) , 0.0004788 secs]2024-07-27T22:58:31.711+0800: 3.104: [weak refs processing, 0.0000134 secs]2024-07-27T22:58:31.711+0800: 3.104: [class unloading, 0.0002911 secs]2024-07-27T22:58:31.711+0800: 3.104: [scrub symbol table, 0.0004452 secs]2024-07-27T22:58:31.712+0800: 3.105: [scrub string table, 0.0001215 secs][1 CMS-remark: 302257K(507180K)] 312298K(554412K), 0.0014179 secs] [Times: user=0.00 sys=0.00, real=0.00 secs] 
2024-07-27T22:58:31.712+0800: 3.105: Total time for which application threads were stopped: 0.0015743 seconds, Stopping threads took: 0.0001049 seconds
2024-07-27T22:58:31.712+0800: 3.105: [CMS-concurrent-sweep-start]
2024-07-27T22:58:31.714+0800: 3.107: [CMS-concurrent-sweep: 0.002/0.002 secs] [Times: user=0.00 sys=0.00, real=0.00 secs] 
2024-07-27T22:58:31.714+0800: 3.107: [CMS-concurrent-reset-start]
2024-07-27T22:58:31.715+0800: 3.108: Application time: 0.0030316 seconds
2024-07-27T22:58:31.715+0800: 3.108: [GC (Allocation Failure) 2024-07-27T22:58:31.715+0800: 3.108: [ParNew: 46905K->5120K(47232K), 0.0082228 secs] 157672K->156847K(554412K), 0.0082882 secs] [Times: user=0.03 sys=0.00, real=0.01 secs] 
2024-07-27T22:58:31.724+0800: 3.116: Total time for which application threads were stopped: 0.0084653 seconds, Stopping threads took: 0.0000166 seconds
2024-07-27T22:58:31.724+0800: 3.117: [CMS-concurrent-reset: 0.002/0.010 secs] [Times: user=0.03 sys=0.00, real=0.01 secs] 
2024-07-27T22:58:31.728+0800: 3.121: Application time: 0.0043681 seconds
2024-07-27T22:58:31.728+0800: 3.121: [GC (Allocation Failure) 2024-07-27T22:58:31.728+0800: 3.121: [ParNew: 46905K->5120K(47232K), 0.0085355 secs] 198632K->197808K(554412K), 0.0086099 secs] [Times: user=0.00 sys=0.00, real=0.01 secs] 
2024-07-27T22:58:31.737+0800: 3.129: Total time for which application threads were stopped: 0.0087372 seconds, Stopping threads took: 0.0000222 seconds
2024-07-27T22:58:31.737+0800: 3.130: Application time: 0.0001595 seconds
2024-07-27T22:58:31.737+0800: 3.130: [GC (CMS Initial Mark) [1 CMS-initial-mark: 192688K(507180K)] 200680K(554412K), 0.0007307 secs] [Times: user=0.00 sys=0.00, real=0.00 secs] 
2024-07-27T22:58:31.738+0800: 3.131: Total time for which application threads were stopped: 0.0009097 seconds, Stopping threads took: 0.0001215 seconds
2024-07-27T22:58:31.738+0800: 3.131: [CMS-concurrent-mark-start]
2024-07-27T22:58:31.739+0800: 3.132: [CMS-concurrent-mark: 0.001/0.001 secs] [Times: user=0.05 sys=0.00, real=0.00 secs] 
2024-07-27T22:58:31.739+0800: 3.132: [CMS-concurrent-preclean-start]
2024-07-27T22:58:31.740+0800: 3.133: [CMS-concurrent-preclean: 0.001/0.001 secs] [Times: user=0.00 sys=0.00, real=0.00 secs] 
2024-07-27T22:58:31.740+0800: 3.133: [CMS-concurrent-abortable-preclean-start]
2024-07-27T22:58:31.845+0800: 3.238: Application time: 0.1071246 seconds
2024-07-27T22:58:31.845+0800: 3.238: [GC (Allocation Failure) 2024-07-27T22:58:31.845+0800: 3.238: [ParNew: 46905K->5120K(47232K), 0.0088347 secs] 239593K->225456K(554412K), 0.0089622 secs] [Times: user=0.03 sys=0.00, real=0.01 secs] 
2024-07-27T22:58:31.854+0800: 3.247: Total time for which application threads were stopped: 0.0091687 seconds, Stopping threads took: 0.0000426 seconds
2024-07-27T22:58:31.858+0800: 3.251: Application time: 0.0042219 seconds
2024-07-27T22:58:31.858+0800: 3.251: [GC (Allocation Failure) 2024-07-27T22:58:31.858+0800: 3.251: [ParNew: 46905K->5120K(47232K), 0.0123260 secs] 267241K->266417K(554412K), 0.0124784 secs] [Times: user=0.03 sys=0.00, real=0.01 secs] 
2024-07-27T22:58:31.871+0800: 3.264: Total time for which application threads were stopped: 0.0127661 seconds, Stopping threads took: 0.0001151 seconds
2024-07-27T22:58:31.984+0800: 3.377: Application time: 0.1127624 seconds
2024-07-27T22:58:31.984+0800: 3.377: [GC (Allocation Failure) 2024-07-27T22:58:31.984+0800: 3.377: [ParNew: 46905K->5120K(47232K), 0.0082558 secs] 308202K->307377K(554412K), 0.0083143 secs] [Times: user=0.03 sys=0.00, real=0.01 secs] 
2024-07-27T22:58:31.992+0800: 3.385: Total time for which application threads were stopped: 0.0084421 seconds, Stopping threads took: 0.0000214 seconds
2024-07-27T22:58:31.992+0800: 3.385: [CMS-concurrent-abortable-preclean: 0.009/0.252 secs] [Times: user=0.09 sys=0.00, real=0.25 secs] 
2024-07-27T22:58:31.993+0800: 3.385: Application time: 0.0003597 seconds
2024-07-27T22:58:31.993+0800: 3.386: [GC (CMS Final Remark) [YG occupancy: 11064 K (47232 K)]2024-07-27T22:58:31.993+0800: 3.386: [Rescan (parallel) , 0.0009016 secs]2024-07-27T22:58:31.994+0800: 3.386: [weak refs processing, 0.0000129 secs]2024-07-27T22:58:31.994+0800: 3.386: [class unloading, 0.0003116 secs]2024-07-27T22:58:31.994+0800: 3.387: [scrub symbol table, 0.0004693 secs]2024-07-27T22:58:31.995+0800: 3.387: [scrub string table, 0.0001519 secs][1 CMS-remark: 302257K(507180K)] 313322K(554412K), 0.0019112 secs] [Times: user=0.00 sys=0.00, real=0.00 secs] 
2024-07-27T22:58:31.995+0800: 3.387: Total time for which application threads were stopped: 0.0020788 seconds, Stopping threads took: 0.0001308 seconds
2024-07-27T22:58:31.995+0800: 3.388: [CMS-concurrent-sweep-start]
2024-07-27T22:58:31.998+0800: 3.390: Application time: 0.0026776 seconds
2024-07-27T22:58:31.998+0800: 3.390: [GC (Allocation Failure) 2024-07-27T22:58:31.998+0800: 3.390: [ParNew: 46905K->5120K(47232K), 0.0088249 secs] 157672K->156847K(554412K), 0.0088962 secs] [Times: user=0.03 sys=0.00, real=0.01 secs] 
2024-07-27T22:58:32.006+0800: 3.399: Total time for which application threads were stopped: 0.0089971 seconds, Stopping threads took: 0.0000146 seconds
2024-07-27T22:58:32.006+0800: 3.399: [CMS-concurrent-sweep: 0.002/0.012 secs] [Times: user=0.03 sys=0.00, real=0.01 secs] 
2024-07-27T22:58:32.006+0800: 3.399: [CMS-concurrent-reset-start]
2024-07-27T22:58:32.008+0800: 3.401: [CMS-concurrent-reset: 0.002/0.002 secs] [Times: user=0.00 sys=0.00, real=0.00 secs] 
2024-07-27T22:58:32.010+0800: 3.403: Application time: 0.0036909 seconds
2024-07-27T22:58:32.010+0800: 3.403: [GC (Allocation Failure) 2024-07-27T22:58:32.010+0800: 3.403: [ParNew: 46905K->5120K(47232K), 0.0084692 secs] 198632K->197808K(554412K), 0.0085174 secs] [Times: user=0.00 sys=0.00, real=0.01 secs] 
2024-07-27T22:58:32.018+0800: 3.411: Total time for which application threads were stopped: 0.0086230 seconds, Stopping threads took: 0.0000181 seconds
2024-07-27T22:58:32.018+0800: 3.412: Application time: 0.0001428 seconds
2024-07-27T22:58:32.019+0800: 3.412: [GC (CMS Initial Mark) [1 CMS-initial-mark: 192688K(507180K)] 200680K(554412K), 0.0005927 secs] [Times: user=0.00 sys=0.02, real=0.00 secs] 
2024-07-27T22:58:32.020+0800: 3.412: Total time for which application threads were stopped: 0.0008160 seconds, Stopping threads took: 0.0001770 seconds
2024-07-27T22:58:32.020+0800: 3.413: [CMS-concurrent-mark-start]
2024-07-27T22:58:32.021+0800: 3.414: [CMS-concurrent-mark: 0.002/0.002 secs] [Times: user=0.00 sys=0.00, real=0.00 secs] 
2024-07-27T22:58:32.021+0800: 3.414: [CMS-concurrent-preclean-start]
2024-07-27T22:58:32.022+0800: 3.415: [CMS-concurrent-preclean: 0.001/0.001 secs] [Times: user=0.00 sys=0.00, real=0.00 secs] 
2024-07-27T22:58:32.022+0800: 3.415: [CMS-concurrent-abortable-preclean-start]
2024-07-27T22:58:32.126+0800: 3.519: Application time: 0.1063594 seconds
2024-07-27T22:58:32.126+0800: 3.519: [GC (Allocation Failure) 2024-07-27T22:58:32.127+0800: 3.519: [ParNew: 46905K->5120K(47232K), 0.0078691 secs] 239593K->225456K(554412K), 0.0080515 secs] [Times: user=0.03 sys=0.00, real=0.01 secs] 
2024-07-27T22:58:32.134+0800: 3.527: Total time for which application threads were stopped: 0.0083058 seconds, Stopping threads took: 0.0000843 seconds
2024-07-27T22:58:32.138+0800: 3.531: Application time: 0.0038409 seconds
2024-07-27T22:58:32.138+0800: 3.531: [GC (Allocation Failure) 2024-07-27T22:58:32.138+0800: 3.531: [ParNew: 46905K->5120K(47232K), 0.0116182 secs] 267241K->266417K(554412K), 0.0116755 secs] [Times: user=0.03 sys=0.00, real=0.01 secs] 
2024-07-27T22:58:32.150+0800: 3.543: Total time for which application threads were stopped: 0.0117922 seconds, Stopping threads took: 0.0000255 seconds
2024-07-27T22:58:32.263+0800: 3.656: Application time: 0.1135774 seconds
2024-07-27T22:58:32.263+0800: 3.656: [GC (Allocation Failure) 2024-07-27T22:58:32.263+0800: 3.656: [ParNew: 46905K->5120K(47232K), 0.0085234 secs] 308202K->307377K(554412K), 0.0085963 secs] [Times: user=0.03 sys=0.00, real=0.01 secs] 
2024-07-27T22:58:32.272+0800: 3.665: Total time for which application threads were stopped: 0.0087072 seconds, Stopping threads took: 0.0000209 seconds
2024-07-27T22:58:32.272+0800: 3.665: [CMS-concurrent-abortable-preclean: 0.007/0.250 secs] [Times: user=0.09 sys=0.00, real=0.25 secs] 
2024-07-27T22:58:32.272+0800: 3.665: Application time: 0.0002943 seconds
2024-07-27T22:58:32.272+0800: 3.665: [GC (CMS Final Remark) [YG occupancy: 9016 K (47232 K)]2024-07-27T22:58:32.272+0800: 3.665: [Rescan (parallel) , 0.0010287 secs]2024-07-27T22:58:32.274+0800: 3.667: [weak refs processing, 0.0000128 secs]2024-07-27T22:58:32.274+0800: 3.667: [class unloading, 0.0003101 secs]2024-07-27T22:58:32.274+0800: 3.667: [scrub symbol table, 0.0004435 secs]2024-07-27T22:58:32.274+0800: 3.667: [scrub string table, 0.0001368 secs][1 CMS-remark: 302257K(507180K)] 311274K(554412K), 0.0020004 secs] [Times: user=0.00 sys=0.00, real=0.00 secs] 
2024-07-27T22:58:32.274+0800: 3.667: Total time for which application threads were stopped: 0.0021576 seconds, Stopping threads took: 0.0001116 seconds
2024-07-27T22:58:32.274+0800: 3.668: [CMS-concurrent-sweep-start]
2024-07-27T22:58:32.277+0800: 3.670: [CMS-concurrent-sweep: 0.002/0.002 secs] [Times: user=0.00 sys=0.00, real=0.00 secs] 
2024-07-27T22:58:32.277+0800: 3.670: [CMS-concurrent-reset-start]
2024-07-27T22:58:32.279+0800: 3.671: Application time: 0.0038252 seconds
2024-07-27T22:58:32.279+0800: 3.671: [GC (Allocation Failure) 2024-07-27T22:58:32.279+0800: 3.671: [ParNew: 46905K->5120K(47232K), 0.0084812 secs] 157672K->156847K(554412K), 0.0085323 secs] [Times: user=0.03 sys=0.00, real=0.01 secs] 
2024-07-27T22:58:32.287+0800: 3.680: Total time for which application threads were stopped: 0.0086606 seconds, Stopping threads took: 0.0000236 seconds
2024-07-27T22:58:32.287+0800: 3.680: [CMS-concurrent-reset: 0.002/0.010 secs] [Times: user=0.03 sys=0.00, real=0.01 secs] 
2024-07-27T22:58:32.290+0800: 3.683: Application time: 0.0026784 seconds
2024-07-27T22:58:32.290+0800: 3.683: [GC (Allocation Failure) 2024-07-27T22:58:32.290+0800: 3.683: [ParNew: 46905K->5120K(47232K), 0.0090272 secs] 198632K->197808K(554412K), 0.0090737 secs] [Times: user=0.00 sys=0.00, real=0.01 secs] 
2024-07-27T22:58:32.299+0800: 3.692: Total time for which application threads were stopped: 0.0091957 seconds, Stopping threads took: 0.0000238 seconds
2024-07-27T22:58:32.299+0800: 3.692: Application time: 0.0001263 seconds
2024-07-27T22:58:32.300+0800: 3.692: [GC (CMS Initial Mark) [1 CMS-initial-mark: 192688K(507180K)] 200680K(554412K), 0.0004838 secs] [Times: user=0.00 sys=0.00, real=0.00 secs] 
2024-07-27T22:58:32.300+0800: 3.693: Total time for which application threads were stopped: 0.0006678 seconds, Stopping threads took: 0.0001365 seconds
2024-07-27T22:58:32.300+0800: 3.693: [CMS-concurrent-mark-start]
2024-07-27T22:58:32.301+0800: 3.694: [CMS-concurrent-mark: 0.001/0.001 secs] [Times: user=0.05 sys=0.00, real=0.00 secs] 
2024-07-27T22:58:32.301+0800: 3.694: [CMS-concurrent-preclean-start]
2024-07-27T22:58:32.302+0800: 3.695: [CMS-concurrent-preclean: 0.001/0.001 secs] [Times: user=0.00 sys=0.00, real=0.00 secs] 
2024-07-27T22:58:32.302+0800: 3.695: [CMS-concurrent-abortable-preclean-start]
2024-07-27T22:58:32.406+0800: 3.798: Application time: 0.1057943 seconds
2024-07-27T22:58:32.406+0800: 3.799: [GC (Allocation Failure) 2024-07-27T22:58:32.406+0800: 3.799: [ParNew: 46905K->5120K(47232K), 0.0087618 secs] 239593K->225456K(554412K), 0.0088374 secs] [Times: user=0.03 sys=0.00, real=0.01 secs] 
2024-07-27T22:58:32.415+0800: 3.807: Total time for which application threads were stopped: 0.0089891 seconds, Stopping threads took: 0.0000369 seconds
2024-07-27T22:58:32.419+0800: 3.812: Application time: 0.0044088 seconds
2024-07-27T22:58:32.419+0800: 3.812: [GC (Allocation Failure) 2024-07-27T22:58:32.419+0800: 3.812: [ParNew: 46905K->5120K(47232K), 0.0120771 secs] 267241K->266417K(554412K), 0.0122041 secs] [Times: user=0.03 sys=0.00, real=0.01 secs] 
2024-07-27T22:58:32.432+0800: 3.824: Total time for which application threads were stopped: 0.0123682 seconds, Stopping threads took: 0.0000399 seconds
2024-07-27T22:58:32.545+0800: 3.938: Application time: 0.1140420 seconds
2024-07-27T22:58:32.545+0800: 3.938: [GC (Allocation Failure) 2024-07-27T22:58:32.545+0800: 3.938: [ParNew: 46905K->5120K(47232K), 0.0082688 secs] 308202K->307377K(554412K), 0.0083284 secs] [Times: user=0.03 sys=0.00, real=0.01 secs] 
2024-07-27T22:58:32.554+0800: 3.947: Total time for which application threads were stopped: 0.0084402 seconds, Stopping threads took: 0.0000207 seconds
2024-07-27T22:58:32.554+0800: 3.947: [CMS-concurrent-abortable-preclean: 0.007/0.252 secs] [Times: user=0.09 sys=0.00, real=0.25 secs] 
2024-07-27T22:58:32.554+0800: 3.947: Application time: 0.0003343 seconds
2024-07-27T22:58:32.555+0800: 3.947: [GC (CMS Final Remark) [YG occupancy: 11064 K (47232 K)]2024-07-27T22:58:32.555+0800: 3.947: [Rescan (parallel) , 0.0008055 secs]2024-07-27T22:58:32.556+0800: 3.948: [weak refs processing, 0.0000174 secs]2024-07-27T22:58:32.556+0800: 3.948: [class unloading, 0.0002981 secs]2024-07-27T22:58:32.556+0800: 3.948: [scrub symbol table, 0.0004173 secs]2024-07-27T22:58:32.556+0800: 3.949: [scrub string table, 0.0001375 secs][1 CMS-remark: 302257K(507180K)] 313322K(554412K), 0.0017563 secs] [Times: user=0.00 sys=0.00, real=0.00 secs] 
2024-07-27T22:58:32.556+0800: 3.949: Total time for which application threads were stopped: 0.0019913 seconds, Stopping threads took: 0.0001869 seconds
2024-07-27T22:58:32.556+0800: 3.949: [CMS-concurrent-sweep-start]
2024-07-27T22:58:32.558+0800: 3.951: [CMS-concurrent-sweep: 0.002/0.002 secs] [Times: user=0.00 sys=0.00, real=0.00 secs] 
2024-07-27T22:58:32.559+0800: 3.952: [CMS-concurrent-reset-start]
2024-07-27T22:58:32.560+0800: 3.953: [CMS-concurrent-reset: 0.002/0.002 secs] [Times: user=0.00 sys=0.00, real=0.00 secs] 
2024-07-27T22:58:32.560+0800: 3.954: Application time: 0.0044802 seconds
2024-07-27T22:58:32.561+0800: 3.954: [GC (Allocation Failure) 2024-07-27T22:58:32.561+0800: 3.954: [ParNew: 46905K->5120K(47232K), 0.0085272 secs] 157672K->156847K(554412K), 0.0085769 secs] [Times: user=0.03 sys=0.00, real=0.01 secs] 
2024-07-27T22:58:32.569+0800: 3.962: Total time for which application threads were stopped: 0.0086997 seconds, Stopping threads took: 0.0000338 seconds
2024-07-27T22:58:32.572+0800: 3.965: Application time: 0.0030001 seconds
2024-07-27T22:58:32.573+0800: 3.965: [GC (Allocation Failure) 2024-07-27T22:58:32.573+0800: 3.965: [ParNew: 46905K->5120K(47232K), 0.0089474 secs] 198632K->197808K(554412K), 0.0089993 secs] [Times: user=0.00 sys=0.00, real=0.01 secs] 
2024-07-27T22:58:32.582+0800: 3.974: Total time for which application threads were stopped: 0.0091193 seconds, Stopping threads took: 0.0000301 seconds
2024-07-27T22:58:32.582+0800: 3.975: Application time: 0.0001582 seconds
2024-07-27T22:58:32.582+0800: 3.975: [GC (CMS Initial Mark) [1 CMS-initial-mark: 192688K(507180K)] 200680K(554412K), 0.0005061 secs] [Times: user=0.02 sys=0.00, real=0.00 secs] 
2024-07-27T22:58:32.583+0800: 3.975: Total time for which application threads were stopped: 0.0007397 seconds, Stopping threads took: 0.0001855 seconds
2024-07-27T22:58:32.583+0800: 3.975: [CMS-concurrent-mark-start]
2024-07-27T22:58:32.584+0800: 3.977: [CMS-concurrent-mark: 0.001/0.001 secs] [Times: user=0.00 sys=0.00, real=0.00 secs] 
2024-07-27T22:58:32.584+0800: 3.977: [CMS-concurrent-preclean-start]
2024-07-27T22:58:32.584+0800: 3.978: [CMS-concurrent-preclean: 0.001/0.001 secs] [Times: user=0.00 sys=0.00, real=0.00 secs] 
2024-07-27T22:58:32.584+0800: 3.978: [CMS-concurrent-abortable-preclean-start]
2024-07-27T22:58:32.689+0800: 4.082: Application time: 0.1068499 seconds
2024-07-27T22:58:32.689+0800: 4.082: [GC (Allocation Failure) 2024-07-27T22:58:32.689+0800: 4.082: [ParNew: 46905K->5120K(47232K), 0.0087457 secs] 239593K->225456K(554412K), 0.0088362 secs] [Times: user=0.02 sys=0.01, real=0.01 secs] 
2024-07-27T22:58:32.698+0800: 4.091: Total time for which application threads were stopped: 0.0089846 seconds, Stopping threads took: 0.0000431 seconds
2024-07-27T22:58:32.702+0800: 4.095: Application time: 0.0034273 seconds
2024-07-27T22:58:32.702+0800: 4.095: [GC (Allocation Failure) 2024-07-27T22:58:32.702+0800: 4.095: [ParNew: 46905K->5120K(47232K), 0.0113127 secs] 267241K->266417K(554412K), 0.0113936 secs] [Times: user=0.03 sys=0.00, real=0.01 secs] 
2024-07-27T22:58:32.713+0800: 4.106: Total time for which application threads were stopped: 0.0115365 seconds, Stopping threads took: 0.0000194 seconds
2024-07-27T22:58:32.827+0800: 4.220: Application time: 0.1135371 seconds
2024-07-27T22:58:32.827+0800: 4.220: Total time for which application threads were stopped: 0.0002022 seconds, Stopping threads took: 0.0001561 seconds
2024-07-27T22:58:32.829+0800: 4.221: Application time: 0.0012317 seconds
2024-07-27T22:58:32.829+0800: 4.221: [GC (Allocation Failure) 2024-07-27T22:58:32.829+0800: 4.221: [ParNew: 46905K->5120K(47232K), 0.0084127 secs] 308202K->307377K(554412K), 0.0084890 secs] [Times: user=0.03 sys=0.00, real=0.01 secs] 
2024-07-27T22:58:32.837+0800: 4.230: Total time for which application threads were stopped: 0.0085952 seconds, Stopping threads took: 0.0000137 seconds
2024-07-27T22:58:32.837+0800: 4.230: [CMS-concurrent-abortable-preclean: 0.010/0.252 secs] [Times: user=0.08 sys=0.01, real=0.25 secs] 
2024-07-27T22:58:32.837+0800: 4.230: Application time: 0.0001818 seconds
2024-07-27T22:58:32.837+0800: 4.230: [GC (CMS Final Remark) [YG occupancy: 7992 K (47232 K)]2024-07-27T22:58:32.837+0800: 4.230: [Rescan (parallel) , 0.0007978 secs]2024-07-27T22:58:32.838+0800: 4.231: [weak refs processing, 0.0000139 secs]2024-07-27T22:58:32.838+0800: 4.231: [class unloading, 0.0002905 secs]2024-07-27T22:58:32.838+0800: 4.231: [scrub symbol table, 0.0004252 secs]2024-07-27T22:58:32.839+0800: 4.232: [scrub string table, 0.0001222 secs][1 CMS-remark: 302257K(507180K)] 310250K(554412K), 0.0017288 secs] [Times: user=0.00 sys=0.00, real=0.00 secs] 
2024-07-27T22:58:32.839+0800: 4.232: Total time for which application threads were stopped: 0.0019513 seconds, Stopping threads took: 0.0001807 seconds
2024-07-27T22:58:32.839+0800: 4.232: [CMS-concurrent-sweep-start]
2024-07-27T22:58:32.842+0800: 4.235: Application time: 0.0028439 seconds
2024-07-27T22:58:32.842+0800: 4.235: [GC (Allocation Failure) 2024-07-27T22:58:32.842+0800: 4.235: [ParNew: 46905K->5120K(47232K), 0.0086021 secs] 225257K->224432K(554412K), 0.0086508 secs] [Times: user=0.03 sys=0.00, real=0.01 secs] 
2024-07-27T22:58:32.851+0800: 4.243: Total time for which application threads were stopped: 0.0087569 seconds, Stopping threads took: 0.0000162 seconds
2024-07-27T22:58:32.851+0800: 4.244: [CMS-concurrent-sweep: 0.003/0.012 secs] [Times: user=0.03 sys=0.00, real=0.01 secs] 
2024-07-27T22:58:32.851+0800: 4.244: [CMS-concurrent-reset-start]
2024-07-27T22:58:32.853+0800: 4.245: [CMS-concurrent-reset: 0.002/0.002 secs] [Times: user=0.00 sys=0.00, real=0.00 secs] 
2024-07-27T22:58:32.854+0800: 4.247: Application time: 0.0036767 seconds
2024-07-27T22:58:32.854+0800: 4.247: [GC (Allocation Failure) 2024-07-27T22:58:32.854+0800: 4.247: [ParNew: 46905K->5120K(47232K), 0.0085807 secs] 198632K->197808K(554412K), 0.0086308 secs] [Times: user=0.00 sys=0.00, real=0.01 secs] 
2024-07-27T22:58:32.863+0800: 4.256: Total time for which application threads were stopped: 0.0087482 seconds, Stopping threads took: 0.0000325 seconds
2024-07-27T22:58:32.863+0800: 4.256: Application time: 0.0002576 seconds
2024-07-27T22:58:32.863+0800: 4.256: [GC (CMS Initial Mark) [1 CMS-initial-mark: 192688K(507180K)] 201704K(554412K), 0.0008178 secs] [Times: user=0.03 sys=0.00, real=0.00 secs] 
2024-07-27T22:58:32.864+0800: 4.257: Total time for which application threads were stopped: 0.0009403 seconds, Stopping threads took: 0.0000804 seconds
2024-07-27T22:58:32.864+0800: 4.257: [CMS-concurrent-mark-start]
2024-07-27T22:58:32.866+0800: 4.259: [CMS-concurrent-mark: 0.001/0.001 secs] [Times: user=0.00 sys=0.00, real=0.00 secs] 
2024-07-27T22:58:32.866+0800: 4.259: [CMS-concurrent-preclean-start]
2024-07-27T22:58:32.866+0800: 4.259: [CMS-concurrent-preclean: 0.001/0.001 secs] [Times: user=0.00 sys=0.00, real=0.00 secs] 
2024-07-27T22:58:32.866+0800: 4.259: [CMS-concurrent-abortable-preclean-start]
2024-07-27T22:58:32.971+0800: 4.364: Application time: 0.1069882 seconds
2024-07-27T22:58:32.971+0800: 4.364: [GC (Allocation Failure) 2024-07-27T22:58:32.971+0800: 4.364: [ParNew: 46905K->5120K(47232K), 0.0095259 secs] 239593K->225456K(554412K), 0.0095952 secs] [Times: user=0.02 sys=0.02, real=0.01 secs] 
2024-07-27T22:58:32.981+0800: 4.374: Total time for which application threads were stopped: 0.0097305 seconds, Stopping threads took: 0.0000336 seconds
2024-07-27T22:58:32.984+0800: 4.377: Application time: 0.0033097 seconds
2024-07-27T22:58:32.984+0800: 4.377: [GC (Allocation Failure) 2024-07-27T22:58:32.984+0800: 4.377: [ParNew: 46905K->5120K(47232K), 0.0126101 secs] 267241K->266417K(554412K), 0.0126999 secs] [Times: user=0.03 sys=0.00, real=0.01 secs] 
2024-07-27T22:58:32.997+0800: 4.390: Total time for which application threads were stopped: 0.0128302 seconds, Stopping threads took: 0.0000248 seconds
2024-07-27T22:58:33.112+0800: 4.505: Application time: 0.1151945 seconds
2024-07-27T22:58:33.112+0800: 4.505: [GC (Allocation Failure) 2024-07-27T22:58:33.112+0800: 4.505: [ParNew: 46905K->5120K(47232K), 0.0083086 secs] 308202K->307377K(554412K), 0.0083800 secs] [Times: user=0.03 sys=0.00, real=0.01 secs] 
2024-07-27T22:58:33.121+0800: 4.514: Total time for which application threads were stopped: 0.0084961 seconds, Stopping threads took: 0.0000217 seconds
2024-07-27T22:58:33.121+0800: 4.514: [CMS-concurrent-abortable-preclean: 0.009/0.254 secs] [Times: user=0.08 sys=0.02, real=0.26 secs] 
2024-07-27T22:58:33.121+0800: 4.514: Application time: 0.0003182 seconds
2024-07-27T22:58:33.121+0800: 4.514: [GC (CMS Final Remark) [YG occupancy: 11064 K (47232 K)]2024-07-27T22:58:33.121+0800: 4.514: [Rescan (parallel) , 0.0010659 secs]2024-07-27T22:58:33.122+0800: 4.515: [weak refs processing, 0.0000129 secs]2024-07-27T22:58:33.122+0800: 4.515: [class unloading, 0.0003029 secs]2024-07-27T22:58:33.123+0800: 4.515: [scrub symbol table, 0.0005464 secs]2024-07-27T22:58:33.123+0800: 4.516: [scrub string table, 0.0001381 secs][1 CMS-remark: 302257K(507180K)] 313322K(554412K), 0.0021509 secs] [Times: user=0.00 sys=0.00, real=0.00 secs] 
2024-07-27T22:58:33.123+0800: 4.516: Total time for which application threads were stopped: 0.0022829 seconds, Stopping threads took: 0.0000903 seconds
2024-07-27T22:58:33.124+0800: 4.516: [CMS-concurrent-sweep-start]
2024-07-27T22:58:33.125+0800: 4.518: [CMS-concurrent-sweep: 0.002/0.002 secs] [Times: user=0.00 sys=0.00, real=0.00 secs] 
2024-07-27T22:58:33.125+0800: 4.518: [CMS-concurrent-reset-start]
2024-07-27T22:58:33.127+0800: 4.520: Application time: 0.0034316 seconds
2024-07-27T22:58:33.127+0800: 4.520: [GC (Allocation Failure) 2024-07-27T22:58:33.127+0800: 4.520: [ParNew: 46905K->5120K(47232K), 0.0087802 secs] 157672K->156847K(554412K), 0.0088368 secs] [Times: user=0.03 sys=0.00, real=0.01 secs] 
2024-07-27T22:58:33.136+0800: 4.529: Total time for which application threads were stopped: 0.0089994 seconds, Stopping threads took: 0.0000337 seconds
2024-07-27T22:58:33.136+0800: 4.529: [CMS-concurrent-reset: 0.002/0.011 secs] [Times: user=0.03 sys=0.00, real=0.01 secs] 
2024-07-27T22:58:33.138+0800: 4.531: Application time: 0.0026887 seconds
2024-07-27T22:58:33.139+0800: 4.531: [GC (Allocation Failure) 2024-07-27T22:58:33.139+0800: 4.531: [ParNew: 46905K->5120K(47232K), 0.0087295 secs] 198632K->197808K(554412K), 0.0087811 secs] [Times: user=0.03 sys=0.00, real=0.01 secs] 
2024-07-27T22:58:33.148+0800: 4.540: Total time for which application threads were stopped: 0.0088846 seconds, Stopping threads took: 0.0000200 seconds
2024-07-27T22:58:33.148+0800: 4.540: Application time: 0.0002352 seconds
2024-07-27T22:58:33.148+0800: 4.541: [GC (CMS Initial Mark) [1 CMS-initial-mark: 192688K(507180K)] 201704K(554412K), 0.0006686 secs] [Times: user=0.00 sys=0.00, real=0.00 secs] 
2024-07-27T22:58:33.149+0800: 4.541: Total time for which application threads were stopped: 0.0008704 seconds, Stopping threads took: 0.0001547 seconds
2024-07-27T22:58:33.149+0800: 4.541: [CMS-concurrent-mark-start]
2024-07-27T22:58:33.150+0800: 4.543: [CMS-concurrent-mark: 0.001/0.001 secs] [Times: user=0.00 sys=0.00, real=0.00 secs] 
2024-07-27T22:58:33.150+0800: 4.543: [CMS-concurrent-preclean-start]
2024-07-27T22:58:33.151+0800: 4.544: [CMS-concurrent-preclean: 0.001/0.001 secs] [Times: user=0.00 sys=0.00, real=0.00 secs] 
2024-07-27T22:58:33.151+0800: 4.544: [CMS-concurrent-abortable-preclean-start]
2024-07-27T22:58:33.255+0800: 4.648: Application time: 0.1066725 seconds
2024-07-27T22:58:33.255+0800: 4.648: [GC (Allocation Failure) 2024-07-27T22:58:33.255+0800: 4.648: [ParNew: 46905K->5120K(47232K), 0.0097991 secs] 239593K->225456K(554412K), 0.0099027 secs] [Times: user=0.00 sys=0.00, real=0.01 secs] 
2024-07-27T22:58:33.265+0800: 4.658: Total time for which application threads were stopped: 0.0100557 seconds, Stopping threads took: 0.0000213 seconds
2024-07-27T22:58:33.269+0800: 4.663: Application time: 0.0045836 seconds
2024-07-27T22:58:33.269+0800: 4.663: [GC (Allocation Failure) 2024-07-27T22:58:33.269+0800: 4.663: [ParNew: 46905K->5120K(47232K), 0.0122605 secs] 267241K->266417K(554412K), 0.0123476 secs] [Times: user=0.06 sys=0.00, real=0.01 secs] 
2024-07-27T22:58:33.282+0800: 4.675: Total time for which application threads were stopped: 0.0124874 seconds, Stopping threads took: 0.0000276 seconds
2024-07-27T22:58:33.395+0800: 4.789: Application time: 0.1135410 seconds
2024-07-27T22:58:33.395+0800: 4.789: [GC (Allocation Failure) 2024-07-27T22:58:33.395+0800: 4.789: [ParNew: 46905K->5120K(47232K), 0.0079528 secs] 308202K->307377K(554412K), 0.0080128 secs] [Times: user=0.00 sys=0.00, real=0.01 secs] 
2024-07-27T22:58:33.403+0800: 4.797: Total time for which application threads were stopped: 0.0081263 seconds, Stopping threads took: 0.0000216 seconds
2024-07-27T22:58:33.403+0800: 4.797: [CMS-concurrent-abortable-preclean: 0.011/0.253 secs] [Times: user=0.14 sys=0.00, real=0.25 secs] 
2024-07-27T22:58:33.404+0800: 4.797: Application time: 0.0002927 seconds
2024-07-27T22:58:33.404+0800: 4.797: [GC (CMS Final Remark) [YG occupancy: 10040 K (47232 K)]2024-07-27T22:58:33.404+0800: 4.797: [Rescan (parallel) , 0.0008104 secs]2024-07-27T22:58:33.405+0800: 4.798: [weak refs processing, 0.0000130 secs]2024-07-27T22:58:33.405+0800: 4.798: [class unloading, 0.0003163 secs]2024-07-27T22:58:33.406+0800: 4.798: [scrub symbol table, 0.0004586 secs]2024-07-27T22:58:33.406+0800: 4.799: [scrub string table, 0.0001483 secs][1 CMS-remark: 302257K(507180K)] 312298K(554412K), 0.0018111 secs] [Times: user=0.00 sys=0.00, real=0.00 secs] 
2024-07-27T22:58:33.406+0800: 4.799: Total time for which application threads were stopped: 0.0020169 seconds, Stopping threads took: 0.0001664 seconds
2024-07-27T22:58:33.406+0800: 4.799: [CMS-concurrent-sweep-start]
2024-07-27T22:58:33.408+0800: 4.801: [CMS-concurrent-sweep: 0.002/0.002 secs] [Times: user=0.00 sys=0.00, real=0.00 secs] 
2024-07-27T22:58:33.408+0800: 4.801: [CMS-concurrent-reset-start]
2024-07-27T22:58:33.409+0800: 4.802: Application time: 0.0030375 seconds
2024-07-27T22:58:33.409+0800: 4.802: [GC (Allocation Failure) 2024-07-27T22:58:33.409+0800: 4.802: [ParNew: 46905K->5120K(47232K), 0.0079623 secs] 157672K->156847K(554412K), 0.0080109 secs] [Times: user=0.03 sys=0.00, real=0.01 secs] 
2024-07-27T22:58:33.417+0800: 4.810: Total time for which application threads were stopped: 0.0081100 seconds, Stopping threads took: 0.0000155 seconds
2024-07-27T22:58:33.418+0800: 4.811: [CMS-concurrent-reset: 0.001/0.009 secs] [Times: user=0.03 sys=0.00, real=0.01 secs] 
2024-07-27T22:58:33.420+0800: 4.813: Application time: 0.0028903 seconds
2024-07-27T22:58:33.420+0800: 4.813: [GC (Allocation Failure) 2024-07-27T22:58:33.420+0800: 4.813: [ParNew: 46905K->5120K(47232K), 0.0079599 secs] 198632K->197808K(554412K), 0.0080062 secs] [Times: user=0.03 sys=0.00, real=0.01 secs] 
2024-07-27T22:58:33.428+0800: 4.821: Total time for which application threads were stopped: 0.0081054 seconds, Stopping threads took: 0.0000172 seconds
2024-07-27T22:58:33.428+0800: 4.821: Application time: 0.0002166 seconds
2024-07-27T22:58:33.428+0800: 4.822: [GC (CMS Initial Mark) [1 CMS-initial-mark: 192688K(507180K)] 201704K(554412K), 0.0007797 secs] [Times: user=0.00 sys=0.00, real=0.00 secs] 
2024-07-27T22:58:33.429+0800: 4.822: Total time for which application threads were stopped: 0.0009763 seconds, Stopping threads took: 0.0001531 seconds
2024-07-27T22:58:33.429+0800: 4.823: [CMS-concurrent-mark-start]
2024-07-27T22:58:33.431+0800: 4.824: [CMS-concurrent-mark: 0.001/0.001 secs] [Times: user=0.00 sys=0.00, real=0.00 secs] 
2024-07-27T22:58:33.431+0800: 4.824: [CMS-concurrent-preclean-start]
2024-07-27T22:58:33.431+0800: 4.825: [CMS-concurrent-preclean: 0.001/0.001 secs] [Times: user=0.00 sys=0.00, real=0.00 secs] 
2024-07-27T22:58:33.431+0800: 4.825: [CMS-concurrent-abortable-preclean-start]
2024-07-27T22:58:33.539+0800: 4.932: Application time: 0.1094630 seconds
2024-07-27T22:58:33.539+0800: 4.932: [GC (Allocation Failure) 2024-07-27T22:58:33.539+0800: 4.932: [ParNew: 46905K->5120K(47232K), 0.0094963 secs] 239593K->225456K(554412K), 0.0095651 secs] [Times: user=0.00 sys=0.00, real=0.01 secs] 
2024-07-27T22:58:33.549+0800: 4.942: Total time for which application threads were stopped: 0.0096938 seconds, Stopping threads took: 0.0000278 seconds
2024-07-27T22:58:33.552+0800: 4.945: Application time: 0.0033072 seconds
2024-07-27T22:58:33.552+0800: 4.945: [GC (Allocation Failure) 2024-07-27T22:58:33.552+0800: 4.945: [ParNew: 46905K->5120K(47232K), 0.0118773 secs] 267241K->266417K(554412K), 0.0119762 secs] [Times: user=0.00 sys=0.00, real=0.01 secs] 
2024-07-27T22:58:33.564+0800: 4.957: Total time for which application threads were stopped: 0.0121616 seconds, Stopping threads took: 0.0000603 seconds
2024-07-27T22:58:33.679+0800: 5.072: Application time: 0.1152495 seconds
2024-07-27T22:58:33.680+0800: 5.072: [GC (Allocation Failure) 2024-07-27T22:58:33.680+0800: 5.072: [ParNew: 46905K->5120K(47232K), 0.0077185 secs] 308202K->307377K(554412K), 0.0077784 secs] [Times: user=0.00 sys=0.00, real=0.01 secs] 
2024-07-27T22:58:33.687+0800: 5.080: Total time for which application threads were stopped: 0.0078953 seconds, Stopping threads took: 0.0000270 seconds
2024-07-27T22:58:33.687+0800: 5.080: [CMS-concurrent-abortable-preclean: 0.008/0.256 secs] [Times: user=0.03 sys=0.00, real=0.26 secs] 
2024-07-27T22:58:33.688+0800: 5.081: Application time: 0.0002567 seconds
2024-07-27T22:58:33.688+0800: 5.081: [GC (CMS Final Remark) [YG occupancy: 9016 K (47232 K)]2024-07-27T22:58:33.688+0800: 5.081: [Rescan (parallel) , 0.0009865 secs]2024-07-27T22:58:33.689+0800: 5.082: [weak refs processing, 0.0000131 secs]2024-07-27T22:58:33.689+0800: 5.082: [class unloading, 0.0002960 secs]2024-07-27T22:58:33.689+0800: 5.082: [scrub symbol table, 0.0004217 secs]2024-07-27T22:58:33.690+0800: 5.082: [scrub string table, 0.0001234 secs][1 CMS-remark: 302257K(507180K)] 311274K(554412K), 0.0019050 secs] [Times: user=0.00 sys=0.00, real=0.00 secs] 
2024-07-27T22:58:33.690+0800: 5.083: Total time for which application threads were stopped: 0.0020785 seconds, Stopping threads took: 0.0001364 seconds
2024-07-27T22:58:33.690+0800: 5.083: [CMS-concurrent-sweep-start]
2024-07-27T22:58:33.692+0800: 5.085: [CMS-concurrent-sweep: 0.002/0.002 secs] [Times: user=0.03 sys=0.00, real=0.00 secs] 
2024-07-27T22:58:33.692+0800: 5.085: [CMS-concurrent-reset-start]
2024-07-27T22:58:33.693+0800: 5.086: Application time: 0.0029995 seconds
2024-07-27T22:58:33.693+0800: 5.086: [GC (Allocation Failure) 2024-07-27T22:58:33.693+0800: 5.086: [ParNew: 46905K->5120K(47232K), 0.0077393 secs] 157672K->156847K(554412K), 0.0077853 secs] [Times: user=0.00 sys=0.00, real=0.01 secs] 
2024-07-27T22:58:33.701+0800: 5.093: Total time for which application threads were stopped: 0.0078810 seconds, Stopping threads took: 0.0000134 seconds
2024-07-27T22:58:33.701+0800: 5.094: [CMS-concurrent-reset: 0.001/0.009 secs] [Times: user=0.00 sys=0.00, real=0.01 secs] 
2024-07-27T22:58:33.704+0800: 5.096: Application time: 0.0029019 seconds
2024-07-27T22:58:33.704+0800: 5.096: [GC (Allocation Failure) 2024-07-27T22:58:33.704+0800: 5.096: [ParNew: 46905K->5120K(47232K), 0.0078440 secs] 198632K->197808K(554412K), 0.0078909 secs] [Times: user=0.03 sys=0.00, real=0.01 secs] 
2024-07-27T22:58:33.712+0800: 5.104: Total time for which application threads were stopped: 0.0080009 seconds, Stopping threads took: 0.0000175 seconds
2024-07-27T22:58:33.712+0800: 5.105: Application time: 0.0002271 seconds
2024-07-27T22:58:33.712+0800: 5.105: [GC (CMS Initial Mark) [1 CMS-initial-mark: 192688K(507180K)] 201704K(554412K), 0.0008312 secs] [Times: user=0.00 sys=0.00, real=0.00 secs] 
2024-07-27T22:58:33.713+0800: 5.106: Total time for which application threads were stopped: 0.0010331 seconds, Stopping threads took: 0.0001594 seconds
2024-07-27T22:58:33.713+0800: 5.106: [CMS-concurrent-mark-start]
2024-07-27T22:58:33.714+0800: 5.107: [CMS-concurrent-mark: 0.001/0.001 secs] [Times: user=0.00 sys=0.00, real=0.00 secs] 
2024-07-27T22:58:33.714+0800: 5.107: [CMS-concurrent-preclean-start]
2024-07-27T22:58:33.715+0800: 5.108: [CMS-concurrent-preclean: 0.001/0.001 secs] [Times: user=0.00 sys=0.00, real=0.00 secs] 
2024-07-27T22:58:33.715+0800: 5.108: [CMS-concurrent-abortable-preclean-start]
2024-07-27T22:58:33.824+0800: 5.217: Application time: 0.1113551 seconds
2024-07-27T22:58:33.824+0800: 5.217: [GC (Allocation Failure) 2024-07-27T22:58:33.824+0800: 5.217: [ParNew: 46905K->5120K(47232K), 0.0092480 secs] 239593K->225456K(554412K), 0.0094439 secs] [Times: user=0.03 sys=0.00, real=0.01 secs] 
2024-07-27T22:58:33.834+0800: 5.227: Total time for which application threads were stopped: 0.0097380 seconds, Stopping threads took: 0.0000860 seconds
2024-07-27T22:58:33.838+0800: 5.231: Application time: 0.0037818 seconds
2024-07-27T22:58:33.838+0800: 5.231: [GC (Allocation Failure) 2024-07-27T22:58:33.838+0800: 5.231: [ParNew: 46905K->5120K(47232K), 0.0130216 secs] 267241K->266417K(554412K), 0.0130791 secs] [Times: user=0.03 sys=0.00, real=0.01 secs] 
2024-07-27T22:58:33.851+0800: 5.244: Total time for which application threads were stopped: 0.0132198 seconds, Stopping threads took: 0.0000403 seconds
2024-07-27T22:58:33.966+0800: 5.359: Application time: 0.1150315 seconds
2024-07-27T22:58:33.966+0800: 5.359: [GC (Allocation Failure) 2024-07-27T22:58:33.966+0800: 5.359: [ParNew: 46905K->5120K(47232K), 0.0078208 secs] 308202K->307377K(554412K), 0.0078786 secs] [Times: user=0.03 sys=0.00, real=0.01 secs] 
2024-07-27T22:58:33.973+0800: 5.367: Total time for which application threads were stopped: 0.0079897 seconds, Stopping threads took: 0.0000221 seconds
2024-07-27T22:58:33.973+0800: 5.367: [CMS-concurrent-abortable-preclean: 0.010/0.259 secs] [Times: user=0.09 sys=0.00, real=0.26 secs] 
2024-07-27T22:58:33.974+0800: 5.367: Application time: 0.0002677 seconds
2024-07-27T22:58:33.974+0800: 5.367: [GC (CMS Final Remark) [YG occupancy: 9016 K (47232 K)]2024-07-27T22:58:33.974+0800: 5.367: [Rescan (parallel) , 0.0011597 secs]2024-07-27T22:58:33.975+0800: 5.368: [weak refs processing, 0.0000134 secs]2024-07-27T22:58:33.975+0800: 5.368: [class unloading, 0.0002999 secs]2024-07-27T22:58:33.975+0800: 5.369: [scrub symbol table, 0.0004042 secs]2024-07-27T22:58:33.977+0800: 5.369: [scrub string table, 0.0001291 secs][1 CMS-remark: 302257K(507180K)] 311274K(554412K), 0.0020707 secs] [Times: user=0.00 sys=0.00, real=0.00 secs] 
2024-07-27T22:58:33.977+0800: 5.369: Total time for which application threads were stopped: 0.0022441 seconds, Stopping threads took: 0.0001367 seconds
2024-07-27T22:58:33.977+0800: 5.370: [CMS-concurrent-sweep-start]
2024-07-27T22:58:33.979+0800: 5.372: Application time: 0.0025502 seconds
2024-07-27T22:58:33.979+0800: 5.372: [GC (Allocation Failure) 2024-07-27T22:58:33.979+0800: 5.372: [ParNew: 46905K->5120K(47232K), 0.0080615 secs] 225257K->224432K(554412K), 0.0081350 secs] [Times: user=0.00 sys=0.00, real=0.01 secs] 
2024-07-27T22:58:33.987+0800: 5.380: Total time for which application threads were stopped: 0.0082337 seconds, Stopping threads took: 0.0000132 seconds
2024-07-27T22:58:33.988+0800: 5.380: [CMS-concurrent-sweep: 0.002/0.011 secs] [Times: user=0.00 sys=0.00, real=0.01 secs] 
2024-07-27T22:58:33.988+0800: 5.381: [CMS-concurrent-reset-start]
2024-07-27T22:58:33.990+0800: 5.382: [CMS-concurrent-reset: 0.002/0.002 secs] [Times: user=0.03 sys=0.00, real=0.00 secs] 
2024-07-27T22:58:33.991+0800: 5.384: Application time: 0.0036431 seconds
2024-07-27T22:58:33.991+0800: 5.384: [GC (Allocation Failure) 2024-07-27T22:58:33.991+0800: 5.384: [ParNew: 46905K->5120K(47232K), 0.0082570 secs] 198632K->197808K(554412K), 0.0083062 secs] [Times: user=0.00 sys=0.00, real=0.01 secs] 
2024-07-27T22:58:33.999+0800: 5.392: Total time for which application threads were stopped: 0.0084106 seconds, Stopping threads took: 0.0000187 seconds
2024-07-27T22:58:34.000+0800: 5.392: Application time: 0.0001799 seconds
2024-07-27T22:58:34.000+0800: 5.393: [GC (CMS Initial Mark) [1 CMS-initial-mark: 192688K(507180K)] 201704K(554412K), 0.0007720 secs] [Times: user=0.00 sys=0.00, real=0.00 secs] 
2024-07-27T22:58:34.000+0800: 5.393: Total time for which application threads were stopped: 0.0009731 seconds, Stopping threads took: 0.0001560 seconds
2024-07-27T22:58:34.001+0800: 5.393: [CMS-concurrent-mark-start]
2024-07-27T22:58:34.002+0800: 5.395: [CMS-concurrent-mark: 0.001/0.001 secs] [Times: user=0.00 sys=0.00, real=0.00 secs] 
2024-07-27T22:58:34.002+0800: 5.395: [CMS-concurrent-preclean-start]
2024-07-27T22:58:34.003+0800: 5.395: [CMS-concurrent-preclean: 0.001/0.001 secs] [Times: user=0.00 sys=0.00, real=0.00 secs] 
2024-07-27T22:58:34.003+0800: 5.395: [CMS-concurrent-abortable-preclean-start]
2024-07-27T22:58:34.112+0800: 5.504: Application time: 0.1107821 seconds
2024-07-27T22:58:34.112+0800: 5.504: [GC (Allocation Failure) 2024-07-27T22:58:34.112+0800: 5.504: [ParNew: 46905K->5120K(47232K), 0.0081877 secs] 239593K->225456K(554412K), 0.0082844 secs] [Times: user=0.03 sys=0.00, real=0.01 secs] 
2024-07-27T22:58:34.119+0800: 5.513: Total time for which application threads were stopped: 0.0084606 seconds, Stopping threads took: 0.0000443 seconds
2024-07-27T22:58:34.124+0800: 5.517: Application time: 0.0041710 seconds
2024-07-27T22:58:34.124+0800: 5.517: [GC (Allocation Failure) 2024-07-27T22:58:34.125+0800: 5.517: [ParNew: 46905K->5120K(47232K), 0.0111148 secs] 267241K->266417K(554412K), 0.0113705 secs] [Times: user=0.03 sys=0.00, real=0.01 secs] 
2024-07-27T22:58:34.135+0800: 5.528: Total time for which application threads were stopped: 0.0116967 seconds, Stopping threads took: 0.0001227 seconds
2024-07-27T22:58:34.250+0800: 5.643: Application time: 0.1141722 seconds
2024-07-27T22:58:34.250+0800: 5.643: [GC (Allocation Failure) 2024-07-27T22:58:34.250+0800: 5.643: [ParNew: 47082K->5130K(47232K), 0.0085485 secs] 308380K->307388K(554412K), 0.0086075 secs] [Times: user=0.03 sys=0.00, real=0.01 secs] 
2024-07-27T22:58:34.259+0800: 5.651: Total time for which application threads were stopped: 0.0087512 seconds, Stopping threads took: 0.0000207 seconds
2024-07-27T22:58:34.259+0800: 5.651: [CMS-concurrent-abortable-preclean: 0.009/0.256 secs] [Times: user=0.09 sys=0.00, real=0.26 secs] 
2024-07-27T22:58:34.259+0800: 5.652: Application time: 0.0003083 seconds
2024-07-27T22:58:34.259+0800: 5.652: [GC (CMS Final Remark) [YG occupancy: 10049 K (47232 K)]2024-07-27T22:58:34.259+0800: 5.652: [Rescan (parallel) , 0.0009262 secs]2024-07-27T22:58:34.260+0800: 5.653: [weak refs processing, 0.0000140 secs]2024-07-27T22:58:34.260+0800: 5.653: [class unloading, 0.0003383 secs]2024-07-27T22:58:34.260+0800: 5.653: [scrub symbol table, 0.0004607 secs]2024-07-27T22:58:34.261+0800: 5.654: [scrub string table, 0.0001385 secs][1 CMS-remark: 302257K(507180K)] 312307K(554412K), 0.0019546 secs] [Times: user=0.00 sys=0.00, real=0.00 secs] 
2024-07-27T22:58:34.261+0800: 5.654: Total time for which application threads were stopped: 0.0021773 seconds, Stopping threads took: 0.0001624 seconds
2024-07-27T22:58:34.261+0800: 5.654: [CMS-concurrent-sweep-start]
2024-07-27T22:58:34.263+0800: 5.656: [CMS-concurrent-sweep: 0.002/0.002 secs] [Times: user=0.00 sys=0.00, real=0.00 secs] 
2024-07-27T22:58:34.263+0800: 5.656: [CMS-concurrent-reset-start]
2024-07-27T22:58:34.264+0800: 5.657: Application time: 0.0030404 seconds
2024-07-27T22:58:34.264+0800: 5.657: [GC (Allocation Failure) 2024-07-27T22:58:34.264+0800: 5.657: [ParNew: 46913K->5120K(47232K), 0.0085927 secs] 157680K->156848K(554412K), 0.0086593 secs] [Times: user=0.03 sys=0.00, real=0.01 secs] 
2024-07-27T22:58:34.273+0800: 5.666: Total time for which application threads were stopped: 0.0087741 seconds, Stopping threads took: 0.0000188 seconds
2024-07-27T22:58:34.274+0800: 5.667: [CMS-concurrent-reset: 0.001/0.010 secs] [Times: user=0.03 sys=0.00, real=0.01 secs] 
2024-07-27T22:58:34.277+0800: 5.669: Application time: 0.0033995 seconds
2024-07-27T22:58:34.277+0800: 5.669: [GC (Allocation Failure) 2024-07-27T22:58:34.277+0800: 5.669: [ParNew: 46904K->5120K(47232K), 0.0086086 secs] 198632K->197809K(554412K), 0.0086649 secs] [Times: user=0.00 sys=0.00, real=0.01 secs] 
2024-07-27T22:58:34.285+0800: 5.678: Total time for which application threads were stopped: 0.0087949 seconds, Stopping threads took: 0.0000377 seconds
2024-07-27T22:58:34.285+0800: 5.678: Application time: 0.0002310 seconds
2024-07-27T22:58:34.285+0800: 5.678: [GC (CMS Initial Mark) [1 CMS-initial-mark: 192688K(507180K)] 201705K(554412K), 0.0007130 secs] [Times: user=0.02 sys=0.00, real=0.00 secs] 
2024-07-27T22:58:34.286+0800: 5.679: Total time for which application threads were stopped: 0.0008826 seconds, Stopping threads took: 0.0001256 seconds
2024-07-27T22:58:34.286+0800: 5.679: [CMS-concurrent-mark-start]
2024-07-27T22:58:34.288+0800: 5.680: [CMS-concurrent-mark: 0.001/0.001 secs] [Times: user=0.00 sys=0.00, real=0.00 secs] 
2024-07-27T22:58:34.288+0800: 5.680: [CMS-concurrent-preclean-start]
2024-07-27T22:58:34.288+0800: 5.681: [CMS-concurrent-preclean: 0.001/0.001 secs] [Times: user=0.00 sys=0.00, real=0.00 secs] 
2024-07-27T22:58:34.288+0800: 5.681: [CMS-concurrent-abortable-preclean-start]
2024-07-27T22:58:34.390+0800: 5.783: Application time: 0.1039560 seconds
2024-07-27T22:58:34.390+0800: 5.783: [GC (Allocation Failure) 2024-07-27T22:58:34.390+0800: 5.783: [ParNew: 46904K->5120K(47232K), 0.0083919 secs] 239593K->225457K(554412K), 0.0084926 secs] [Times: user=0.02 sys=0.00, real=0.01 secs] 
2024-07-27T22:58:34.399+0800: 5.792: Total time for which application threads were stopped: 0.0086744 seconds, Stopping threads took: 0.0000357 seconds
2024-07-27T22:58:34.402+0800: 5.795: Application time: 0.0030512 seconds
2024-07-27T22:58:34.402+0800: 5.795: [GC (Allocation Failure) 2024-07-27T22:58:34.402+0800: 5.795: [ParNew: 46904K->5120K(47232K), 0.0126078 secs] 267242K->266418K(554412K), 0.0126736 secs] [Times: user=0.03 sys=0.00, real=0.01 secs] 
2024-07-27T22:58:34.415+0800: 5.807: Total time for which application threads were stopped: 0.0127783 seconds, Stopping threads took: 0.0000186 seconds
2024-07-27T22:58:34.532+0800: 5.924: Application time: 0.1170083 seconds
2024-07-27T22:58:34.532+0800: 5.925: [GC (Allocation Failure) 2024-07-27T22:58:34.532+0800: 5.925: [ParNew: 46904K->5120K(47232K), 0.0083982 secs] 308202K->307378K(554412K), 0.0084593 secs] [Times: user=0.03 sys=0.00, real=0.01 secs] 
2024-07-27T22:58:34.540+0800: 5.933: Total time for which application threads were stopped: 0.0085705 seconds, Stopping threads took: 0.0000215 seconds
2024-07-27T22:58:34.540+0800: 5.933: [CMS-concurrent-abortable-preclean: 0.006/0.252 secs] [Times: user=0.08 sys=0.00, real=0.25 secs] 
2024-07-27T22:58:34.540+0800: 5.933: Application time: 0.0003042 seconds
2024-07-27T22:58:34.541+0800: 5.934: [GC (CMS Final Remark) [YG occupancy: 10040 K (47232 K)]2024-07-27T22:58:34.541+0800: 5.934: [Rescan (parallel) , 0.0007874 secs]2024-07-27T22:58:34.542+0800: 5.934: [weak refs processing, 0.0000129 secs]2024-07-27T22:58:34.542+0800: 5.934: [class unloading, 0.0003280 secs]2024-07-27T22:58:34.542+0800: 5.935: [scrub symbol table, 0.0004462 secs]2024-07-27T22:58:34.542+0800: 5.935: [scrub string table, 0.0001440 secs][1 CMS-remark: 302258K(507180K)] 312299K(554412K), 0.0017870 secs] [Times: user=0.00 sys=0.00, real=0.00 secs] 
2024-07-27T22:58:34.542+0800: 5.935: Total time for which application threads were stopped: 0.0020158 seconds, Stopping threads took: 0.0001823 seconds
2024-07-27T22:58:34.543+0800: 5.936: [CMS-concurrent-sweep-start]
2024-07-27T22:58:34.545+0800: 5.938: Application time: 0.0025864 seconds
2024-07-27T22:58:34.545+0800: 5.938: [GC (Allocation Failure) 2024-07-27T22:58:34.545+0800: 5.938: [ParNew: 46904K->5120K(47232K), 0.0079622 secs] 225257K->224433K(554412K), 0.0080228 secs] [Times: user=0.03 sys=0.00, real=0.01 secs] 
2024-07-27T22:58:34.553+0800: 5.946: Total time for which application threads were stopped: 0.0081196 seconds, Stopping threads took: 0.0000154 seconds
2024-07-27T22:58:34.553+0800: 5.946: [CMS-concurrent-sweep: 0.002/0.011 secs] [Times: user=0.03 sys=0.00, real=0.01 secs] 
2024-07-27T22:58:34.553+0800: 5.946: [CMS-concurrent-reset-start]
2024-07-27T22:58:34.555+0800: 5.948: [CMS-concurrent-reset: 0.001/0.001 secs] [Times: user=0.00 sys=0.00, real=0.00 secs] 
2024-07-27T22:58:34.557+0800: 5.950: Application time: 0.0036402 seconds
2024-07-27T22:58:34.557+0800: 5.950: [GC (Allocation Failure) 2024-07-27T22:58:34.557+0800: 5.950: [ParNew: 46905K->5120K(47232K), 0.0086229 secs] 198633K->197809K(554412K), 0.0087007 secs] [Times: user=0.00 sys=0.00, real=0.01 secs] 
2024-07-27T22:58:34.566+0800: 5.959: Total time for which application threads were stopped: 0.0088073 seconds, Stopping threads took: 0.0000189 seconds
2024-07-27T22:58:34.566+0800: 5.959: Application time: 0.0001919 seconds
2024-07-27T22:58:34.566+0800: 5.959: [GC (CMS Initial Mark) [1 CMS-initial-mark: 192688K(507180K)] 201705K(554412K), 0.0008395 secs] [Times: user=0.00 sys=0.00, real=0.00 secs] 
2024-07-27T22:58:34.567+0800: 5.960: Total time for which application threads were stopped: 0.0010596 seconds, Stopping threads took: 0.0001775 seconds
2024-07-27T22:58:34.567+0800: 5.960: [CMS-concurrent-mark-start]
2024-07-27T22:58:34.568+0800: 5.961: [CMS-concurrent-mark: 0.001/0.001 secs] [Times: user=0.00 sys=0.00, real=0.00 secs] 
2024-07-27T22:58:34.568+0800: 5.961: [CMS-concurrent-preclean-start]
2024-07-27T22:58:34.569+0800: 5.962: [CMS-concurrent-preclean: 0.001/0.001 secs] [Times: user=0.00 sys=0.00, real=0.00 secs] 
2024-07-27T22:58:34.569+0800: 5.962: [CMS-concurrent-abortable-preclean-start]
2024-07-27T22:58:34.677+0800: 6.070: Application time: 0.1099042 seconds
2024-07-27T22:58:34.677+0800: 6.070: [GC (Allocation Failure) 2024-07-27T22:58:34.677+0800: 6.070: [ParNew: 46905K->5120K(47232K), 0.0088190 secs] 239594K->225457K(554412K), 0.0088979 secs] [Times: user=0.00 sys=0.00, real=0.01 secs] 
2024-07-27T22:58:34.686+0800: 6.079: Total time for which application threads were stopped: 0.0090471 seconds, Stopping threads took: 0.0000391 seconds
2024-07-27T22:58:34.690+0800: 6.083: Application time: 0.0039153 seconds
2024-07-27T22:58:34.690+0800: 6.083: [GC (Allocation Failure) 2024-07-27T22:58:34.690+0800: 6.083: [ParNew: 46905K->5120K(47232K), 0.0120214 secs] 267242K->266418K(554412K), 0.0120957 secs] [Times: user=0.03 sys=0.00, real=0.01 secs] 
2024-07-27T22:58:34.702+0800: 6.095: Total time for which application threads were stopped: 0.0122288 seconds, Stopping threads took: 0.0000323 seconds
2024-07-27T22:58:34.815+0800: 6.208: Application time: 0.1135691 seconds
2024-07-27T22:58:34.815+0800: 6.209: [GC (Allocation Failure) 2024-07-27T22:58:34.815+0800: 6.209: [ParNew: 46905K->5120K(47232K), 0.0121774 secs] 308203K->307378K(554412K), 0.0122390 secs] [Times: user=0.03 sys=0.00, real=0.01 secs] 
2024-07-27T22:58:34.828+0800: 6.221: Total time for which application threads were stopped: 0.0123564 seconds, Stopping threads took: 0.0000232 seconds
2024-07-27T22:58:34.828+0800: 6.221: [CMS-concurrent-abortable-preclean: 0.010/0.259 secs] [Times: user=0.08 sys=0.00, real=0.26 secs] 
2024-07-27T22:58:34.828+0800: 6.221: Application time: 0.0002164 seconds
2024-07-27T22:58:34.828+0800: 6.221: [GC (CMS Final Remark) [YG occupancy: 9016 K (47232 K)]2024-07-27T22:58:34.828+0800: 6.221: [Rescan (parallel) , 0.0006096 secs]2024-07-27T22:58:34.829+0800: 6.222: [weak refs processing, 0.0000235 secs]2024-07-27T22:58:34.829+0800: 6.222: [class unloading, 0.0003795 secs]2024-07-27T22:58:34.829+0800: 6.222: [scrub symbol table, 0.0004488 secs]2024-07-27T22:58:34.830+0800: 6.223: [scrub string table, 0.0001547 secs][1 CMS-remark: 302258K(507180K)] 311275K(554412K), 0.0017184 secs] [Times: user=0.00 sys=0.00, real=0.00 secs] 
2024-07-27T22:58:34.830+0800: 6.223: Total time for which application threads were stopped: 0.0019299 seconds, Stopping threads took: 0.0001672 seconds
2024-07-27T22:58:34.830+0800: 6.223: [CMS-concurrent-sweep-start]
2024-07-27T22:58:34.832+0800: 6.225: [CMS-concurrent-sweep: 0.002/0.002 secs] [Times: user=0.03 sys=0.00, real=0.00 secs] 
2024-07-27T22:58:34.833+0800: 6.226: [CMS-concurrent-reset-start]
2024-07-27T22:58:34.834+0800: 6.227: Application time: 0.0043000 seconds
2024-07-27T22:58:34.834+0800: 6.227: [GC (Allocation Failure) 2024-07-27T22:58:34.834+0800: 6.227: [ParNew: 46905K->5120K(47232K), 0.0115984 secs] 157672K->156848K(554412K), 0.0116696 secs] [Times: user=0.00 sys=0.00, real=0.01 secs] 
2024-07-27T22:58:34.846+0800: 6.239: Total time for which application threads were stopped: 0.0118108 seconds, Stopping threads took: 0.0000241 seconds
2024-07-27T22:58:34.846+0800: 6.239: [CMS-concurrent-reset: 0.002/0.014 secs] [Times: user=0.00 sys=0.00, real=0.01 secs] 
2024-07-27T22:58:34.849+0800: 6.242: Application time: 0.0028747 seconds
2024-07-27T22:58:34.849+0800: 6.242: [GC (Allocation Failure) 2024-07-27T22:58:34.849+0800: 6.242: [ParNew: 46905K->5120K(47232K), 0.0122883 secs] 198633K->197809K(554412K), 0.0123413 secs] [Times: user=0.00 sys=0.00, real=0.01 secs] 
2024-07-27T22:58:34.862+0800: 6.254: Total time for which application threads were stopped: 0.0124563 seconds, Stopping threads took: 0.0000181 seconds
2024-07-27T22:58:34.862+0800: 6.255: Application time: 0.0001038 seconds
2024-07-27T22:58:34.862+0800: 6.255: [GC (CMS Initial Mark) [1 CMS-initial-mark: 192688K(507180K)] 198833K(554412K), 0.0007159 secs] [Times: user=0.00 sys=0.00, real=0.00 secs] 
2024-07-27T22:58:34.863+0800: 6.255: Total time for which application threads were stopped: 0.0009089 seconds, Stopping threads took: 0.0001401 seconds
2024-07-27T22:58:34.863+0800: 6.256: [CMS-concurrent-mark-start]
2024-07-27T22:58:34.864+0800: 6.257: [CMS-concurrent-mark: 0.002/0.002 secs] [Times: user=0.03 sys=0.00, real=0.00 secs] 
2024-07-27T22:58:34.864+0800: 6.257: [CMS-concurrent-preclean-start]
2024-07-27T22:58:34.865+0800: 6.258: [CMS-concurrent-preclean: 0.001/0.001 secs] [Times: user=0.00 sys=0.00, real=0.00 secs] 
2024-07-27T22:58:34.865+0800: 6.258: [CMS-concurrent-abortable-preclean-start]
2024-07-27T22:58:34.972+0800: 6.365: Application time: 0.1094576 seconds
2024-07-27T22:58:34.972+0800: 6.365: [GC (Allocation Failure) 2024-07-27T22:58:34.973+0800: 6.365: [ParNew: 46905K->5120K(47232K), 0.0095525 secs] 239594K->225457K(554412K), 0.0096796 secs] [Times: user=0.09 sys=0.00, real=0.01 secs] 
2024-07-27T22:58:34.982+0800: 6.375: Total time for which application threads were stopped: 0.0098483 seconds, Stopping threads took: 0.0000449 seconds
2024-07-27T22:58:34.987+0800: 6.379: Application time: 0.0044399 seconds
2024-07-27T22:58:34.987+0800: 6.379: [GC (Allocation Failure) 2024-07-27T22:58:34.987+0800: 6.379: [ParNew: 46905K->5120K(47232K), 0.0114286 secs] 267242K->266418K(554412K), 0.0115076 secs] [Times: user=0.03 sys=0.00, real=0.01 secs] 
2024-07-27T22:58:34.998+0800: 6.391: Total time for which application threads were stopped: 0.0116424 seconds, Stopping threads took: 0.0000377 seconds
2024-07-27T22:58:35.111+0800: 6.504: Application time: 0.1135248 seconds
2024-07-27T22:58:35.112+0800: 6.504: [GC (Allocation Failure) 2024-07-27T22:58:35.112+0800: 6.504: [ParNew: 46905K->5120K(47232K), 0.0081935 secs] 308203K->307378K(554412K), 0.0082508 secs] [Times: user=0.03 sys=0.00, real=0.01 secs] 
2024-07-27T22:58:35.120+0800: 6.513: Total time for which application threads were stopped: 0.0083628 seconds, Stopping threads took: 0.0000205 seconds
2024-07-27T22:58:35.120+0800: 6.513: [CMS-concurrent-abortable-preclean: 0.007/0.255 secs] [Times: user=0.16 sys=0.00, real=0.25 secs] 
2024-07-27T22:58:35.120+0800: 6.513: Application time: 0.0003014 seconds
2024-07-27T22:58:35.120+0800: 6.513: [GC (CMS Final Remark) [YG occupancy: 10040 K (47232 K)]2024-07-27T22:58:35.120+0800: 6.513: [Rescan (parallel) , 0.0009424 secs]2024-07-27T22:58:35.121+0800: 6.514: [weak refs processing, 0.0000129 secs]2024-07-27T22:58:35.121+0800: 6.514: [class unloading, 0.0003012 secs]2024-07-27T22:58:35.121+0800: 6.514: [scrub symbol table, 0.0004767 secs]2024-07-27T22:58:35.122+0800: 6.515: [scrub string table, 0.0001452 secs][1 CMS-remark: 302258K(507180K)] 312299K(554412K), 0.0019523 secs] [Times: user=0.00 sys=0.00, real=0.00 secs] 
2024-07-27T22:58:35.122+0800: 6.515: Total time for which application threads were stopped: 0.0021293 seconds, Stopping threads took: 0.0001344 seconds
2024-07-27T22:58:35.122+0800: 6.515: [CMS-concurrent-sweep-start]
2024-07-27T22:58:35.125+0800: 6.518: [CMS-concurrent-sweep: 0.003/0.003 secs] [Times: user=0.00 sys=0.00, real=0.00 secs] 
2024-07-27T22:58:35.125+0800: 6.518: [CMS-concurrent-reset-start]
2024-07-27T22:58:35.126+0800: 6.519: Application time: 0.0038363 seconds
2024-07-27T22:58:35.126+0800: 6.519: [GC (Allocation Failure) 2024-07-27T22:58:35.126+0800: 6.519: [ParNew: 46905K->5120K(47232K), 0.0087294 secs] 157672K->156848K(554412K), 0.0087781 secs] [Times: user=0.03 sys=0.00, real=0.01 secs] 
2024-07-27T22:58:35.135+0800: 6.528: Total time for which application threads were stopped: 0.0088903 seconds, Stopping threads took: 0.0000196 seconds
2024-07-27T22:58:35.136+0800: 6.529: [CMS-concurrent-reset: 0.002/0.011 secs] [Times: user=0.03 sys=0.00, real=0.01 secs] 
2024-07-27T22:58:35.138+0800: 6.531: Application time: 0.0031322 seconds
2024-07-27T22:58:35.138+0800: 6.531: [GC (Allocation Failure) 2024-07-27T22:58:35.138+0800: 6.531: [ParNew: 46905K->5120K(47232K), 0.0086054 secs] 198633K->197809K(554412K), 0.0086580 secs] [Times: user=0.03 sys=0.00, real=0.01 secs] 
2024-07-27T22:58:35.147+0800: 6.540: Total time for which application threads were stopped: 0.0087594 seconds, Stopping threads took: 0.0000159 seconds
2024-07-27T22:58:35.147+0800: 6.540: Application time: 0.0001655 seconds
2024-07-27T22:58:35.148+0800: 6.540: [GC (CMS Initial Mark) [1 CMS-initial-mark: 192688K(507180K)] 200681K(554412K), 0.0008259 secs] [Times: user=0.00 sys=0.00, real=0.00 secs] 
2024-07-27T22:58:35.148+0800: 6.541: Total time for which application threads were stopped: 0.0009727 seconds, Stopping threads took: 0.0000989 seconds
2024-07-27T22:58:35.148+0800: 6.541: [CMS-concurrent-mark-start]
2024-07-27T22:58:35.150+0800: 6.543: [CMS-concurrent-mark: 0.002/0.002 secs] [Times: user=0.00 sys=0.00, real=0.00 secs] 
2024-07-27T22:58:35.150+0800: 6.543: [CMS-concurrent-preclean-start]
2024-07-27T22:58:35.150+0800: 6.543: [CMS-concurrent-preclean: 0.001/0.001 secs] [Times: user=0.00 sys=0.00, real=0.00 secs] 
2024-07-27T22:58:35.150+0800: 6.543: [CMS-concurrent-abortable-preclean-start]
2024-07-27T22:58:35.255+0800: 6.647: Application time: 0.1063930 seconds
2024-07-27T22:58:35.255+0800: 6.647: [GC (Allocation Failure) 2024-07-27T22:58:35.255+0800: 6.647: [ParNew: 46905K->5120K(47232K), 0.0094681 secs] 239594K->225457K(554412K), 0.0095437 secs] [Times: user=0.00 sys=0.00, real=0.01 secs] 
2024-07-27T22:58:35.264+0800: 6.657: Total time for which application threads were stopped: 0.0097009 seconds, Stopping threads took: 0.0000421 seconds
2024-07-27T22:58:35.268+0800: 6.660: Application time: 0.0033120 seconds
2024-07-27T22:58:35.268+0800: 6.660: [GC (Allocation Failure) 2024-07-27T22:58:35.268+0800: 6.660: [ParNew: 46905K->5120K(47232K), 0.0120730 secs] 267242K->266418K(554412K), 0.0121392 secs] [Times: user=0.03 sys=0.00, real=0.01 secs] 
2024-07-27T22:58:35.280+0800: 6.673: Total time for which application threads were stopped: 0.0122864 seconds, Stopping threads took: 0.0000209 seconds
2024-07-27T22:58:35.392+0800: 6.785: Application time: 0.1124793 seconds
2024-07-27T22:58:35.393+0800: 6.785: [GC (Allocation Failure) 2024-07-27T22:58:35.393+0800: 6.785: [ParNew: 46905K->5120K(47232K), 0.0083431 secs] 308203K->307378K(554412K), 0.0084012 secs] [Times: user=0.03 sys=0.00, real=0.01 secs] 
2024-07-27T22:58:35.401+0800: 6.794: Total time for which application threads were stopped: 0.0085282 seconds, Stopping threads took: 0.0000225 seconds
2024-07-27T22:58:35.401+0800: 6.794: [CMS-concurrent-abortable-preclean: 0.008/0.250 secs] [Times: user=0.08 sys=0.00, real=0.25 secs] 
2024-07-27T22:58:35.401+0800: 6.794: Application time: 0.0003139 seconds
2024-07-27T22:58:35.402+0800: 6.794: [GC (CMS Final Remark) [YG occupancy: 10040 K (47232 K)]2024-07-27T22:58:35.402+0800: 6.794: [Rescan (parallel) , 0.0010055 secs]2024-07-27T22:58:35.403+0800: 6.795: [weak refs processing, 0.0000128 secs]2024-07-27T22:58:35.403+0800: 6.795: [class unloading, 0.0003200 secs]2024-07-27T22:58:35.403+0800: 6.795: [scrub symbol table, 0.0004942 secs]2024-07-27T22:58:35.403+0800: 6.796: [scrub string table, 0.0001664 secs][1 CMS-remark: 302258K(507180K)] 312299K(554412K), 0.0020708 secs] [Times: user=0.00 sys=0.00, real=0.00 secs] 
2024-07-27T22:58:35.404+0800: 6.796: Total time for which application threads were stopped: 0.0022333 seconds, Stopping threads took: 0.0001217 seconds
2024-07-27T22:58:35.404+0800: 6.796: [CMS-concurrent-sweep-start]
2024-07-27T22:58:35.406+0800: 6.799: [CMS-concurrent-sweep: 0.003/0.003 secs] [Times: user=0.00 sys=0.00, real=0.00 secs] 
2024-07-27T22:58:35.406+0800: 6.799: Application time: 0.0028466 seconds
2024-07-27T22:58:35.407+0800: 6.799: [GC (Allocation Failure) 2024-07-27T22:58:35.407+0800: 6.799: [ParNew: 46905K->5120K(47232K), 0.0095341 secs] 157672K->156848K(554412K), 0.0096007 secs] [Times: user=0.03 sys=0.00, real=0.01 secs] 
2024-07-27T22:58:35.416+0800: 6.809: Total time for which application threads were stopped: 0.0097361 seconds, Stopping threads took: 0.0000261 seconds
2024-07-27T22:58:35.416+0800: 6.809: [CMS-concurrent-reset-start]
2024-07-27T22:58:35.418+0800: 6.810: [CMS-concurrent-reset: 0.001/0.001 secs] [Times: user=0.00 sys=0.00, real=0.00 secs] 
2024-07-27T22:58:35.420+0800: 6.812: Application time: 0.0036255 seconds
2024-07-27T22:58:35.420+0800: 6.812: [GC (Allocation Failure) 2024-07-27T22:58:35.420+0800: 6.813: [ParNew: 46905K->5120K(47232K), 0.0086016 secs] 198633K->197809K(554412K), 0.0086499 secs] [Times: user=0.03 sys=0.00, real=0.01 secs] 
2024-07-27T22:58:35.429+0800: 6.821: Total time for which application threads were stopped: 0.0087677 seconds, Stopping threads took: 0.0000180 seconds
2024-07-27T22:58:35.429+0800: 6.821: Application time: 0.0001581 seconds
2024-07-27T22:58:35.429+0800: 6.822: [GC (CMS Initial Mark) [1 CMS-initial-mark: 192688K(507180K)] 200681K(554412K), 0.0006632 secs] [Times: user=0.00 sys=0.00, real=0.00 secs] 
2024-07-27T22:58:35.429+0800: 6.822: Total time for which application threads were stopped: 0.0008595 seconds, Stopping threads took: 0.0001431 seconds
2024-07-27T22:58:35.429+0800: 6.822: [CMS-concurrent-mark-start]
2024-07-27T22:58:35.430+0800: 6.824: [CMS-concurrent-mark: 0.001/0.001 secs] [Times: user=0.00 sys=0.00, real=0.00 secs] 
2024-07-27T22:58:35.430+0800: 6.824: [CMS-concurrent-preclean-start]
2024-07-27T22:58:35.431+0800: 6.824: [CMS-concurrent-preclean: 0.001/0.001 secs] [Times: user=0.00 sys=0.00, real=0.00 secs] 
2024-07-27T22:58:35.431+0800: 6.824: [CMS-concurrent-abortable-preclean-start]
2024-07-27T22:58:35.534+0800: 6.928: Application time: 0.1054532 seconds
2024-07-27T22:58:35.535+0800: 6.928: [GC (Allocation Failure) 2024-07-27T22:58:35.535+0800: 6.928: [ParNew: 46905K->5120K(47232K), 0.0089715 secs] 239594K->225457K(554412K), 0.0090695 secs] [Times: user=0.08 sys=0.00, real=0.01 secs] 
2024-07-27T22:58:35.544+0800: 6.937: Total time for which application threads were stopped: 0.0092356 seconds, Stopping threads took: 0.0000473 seconds
2024-07-27T22:58:35.548+0800: 6.941: Application time: 0.0039694 seconds
2024-07-27T22:58:35.548+0800: 6.941: [GC (Allocation Failure) 2024-07-27T22:58:35.548+0800: 6.941: [ParNew: 46905K->5120K(47232K), 0.0124376 secs] 267242K->266418K(554412K), 0.0125025 secs] [Times: user=0.03 sys=0.00, real=0.01 secs] 
2024-07-27T22:58:35.561+0800: 6.954: Total time for which application threads were stopped: 0.0126463 seconds, Stopping threads took: 0.0000219 seconds
2024-07-27T22:58:35.672+0800: 7.065: Application time: 0.1116347 seconds
2024-07-27T22:58:35.673+0800: 7.065: [GC (Allocation Failure) 2024-07-27T22:58:35.673+0800: 7.065: [ParNew: 46905K->5120K(47232K), 0.0079738 secs] 308203K->307378K(554412K), 0.0080414 secs] [Times: user=0.03 sys=0.00, real=0.01 secs] 
2024-07-27T22:58:35.681+0800: 7.073: Total time for which application threads were stopped: 0.0081823 seconds, Stopping threads took: 0.0000233 seconds
2024-07-27T22:58:35.681+0800: 7.073: [CMS-concurrent-abortable-preclean: 0.006/0.249 secs] [Times: user=0.14 sys=0.00, real=0.25 secs] 
2024-07-27T22:58:35.681+0800: 7.074: Application time: 0.0003112 seconds
2024-07-27T22:58:35.681+0800: 7.074: [GC (CMS Final Remark) [YG occupancy: 10040 K (47232 K)]2024-07-27T22:58:35.681+0800: 7.074: [Rescan (parallel) , 0.0010293 secs]2024-07-27T22:58:35.682+0800: 7.075: [weak refs processing, 0.0000130 secs]2024-07-27T22:58:35.682+0800: 7.075: [class unloading, 0.0003223 secs]2024-07-27T22:58:35.682+0800: 7.075: [scrub symbol table, 0.0004620 secs]2024-07-27T22:58:35.683+0800: 7.076: [scrub string table, 0.0001511 secs][1 CMS-remark: 302258K(507180K)] 312299K(554412K), 0.0020445 secs] [Times: user=0.00 sys=0.00, real=0.00 secs] 
2024-07-27T22:58:35.683+0800: 7.076: Total time for which application threads were stopped: 0.0022260 seconds, Stopping threads took: 0.0001416 seconds
2024-07-27T22:58:35.683+0800: 7.076: [CMS-concurrent-sweep-start]
2024-07-27T22:58:35.685+0800: 7.078: [CMS-concurrent-sweep: 0.002/0.002 secs] [Times: user=0.00 sys=0.00, real=0.00 secs] 
2024-07-27T22:58:35.685+0800: 7.078: [CMS-concurrent-reset-start]
2024-07-27T22:58:35.687+0800: 7.079: Application time: 0.0033797 seconds
2024-07-27T22:58:35.687+0800: 7.079: [GC (Allocation Failure) 2024-07-27T22:58:35.687+0800: 7.079: [ParNew: 46905K->5120K(47232K), 0.0088777 secs] 157672K->156848K(554412K), 0.0089387 secs] [Times: user=0.03 sys=0.00, real=0.01 secs] 
2024-07-27T22:58:35.695+0800: 7.088: Total time for which application threads were stopped: 0.0090898 seconds, Stopping threads took: 0.0000420 seconds
2024-07-27T22:58:35.696+0800: 7.089: [CMS-concurrent-reset: 0.001/0.010 secs] [Times: user=0.03 sys=0.00, real=0.01 secs] 
2024-07-27T22:58:35.698+0800: 7.091: Application time: 0.0028121 seconds
2024-07-27T22:58:35.698+0800: 7.091: [GC (Allocation Failure) 2024-07-27T22:58:35.698+0800: 7.091: [ParNew: 46905K->5120K(47232K), 0.0085635 secs] 198633K->197809K(554412K), 0.0086114 secs] [Times: user=0.00 sys=0.00, real=0.01 secs] 
2024-07-27T22:58:35.707+0800: 7.100: Total time for which application threads were stopped: 0.0087110 seconds, Stopping threads took: 0.0000172 seconds
2024-07-27T22:58:35.707+0800: 7.100: Application time: 0.0001286 seconds
2024-07-27T22:58:35.708+0800: 7.100: [GC (CMS Initial Mark) [1 CMS-initial-mark: 192688K(507180K)] 200681K(554412K), 0.0006397 secs] [Times: user=0.00 sys=0.00, real=0.00 secs] 
2024-07-27T22:58:35.708+0800: 7.101: Total time for which application threads were stopped: 0.0007978 seconds, Stopping threads took: 0.0000954 seconds
2024-07-27T22:58:35.708+0800: 7.101: [CMS-concurrent-mark-start]
2024-07-27T22:58:35.709+0800: 7.102: [CMS-concurrent-mark: 0.001/0.001 secs] [Times: user=0.00 sys=0.00, real=0.00 secs] 
2024-07-27T22:58:35.709+0800: 7.102: [CMS-concurrent-preclean-start]
2024-07-27T22:58:35.710+0800: 7.103: [CMS-concurrent-preclean: 0.001/0.001 secs] [Times: user=0.00 sys=0.00, real=0.00 secs] 
2024-07-27T22:58:35.710+0800: 7.103: [CMS-concurrent-abortable-preclean-start]
2024-07-27T22:58:35.815+0800: 7.208: Application time: 0.1074342 seconds
2024-07-27T22:58:35.815+0800: 7.208: [GC (Allocation Failure) 2024-07-27T22:58:35.815+0800: 7.208: [ParNew: 46905K->5120K(47232K), 0.0102600 secs] 239594K->225457K(554412K), 0.0103366 secs] [Times: user=0.06 sys=0.00, real=0.01 secs] 
2024-07-27T22:58:35.826+0800: 7.219: Total time for which application threads were stopped: 0.0104839 seconds, Stopping threads took: 0.0000260 seconds
2024-07-27T22:58:35.829+0800: 7.222: Application time: 0.0035794 seconds
2024-07-27T22:58:35.829+0800: 7.222: [GC (Allocation Failure) 2024-07-27T22:58:35.829+0800: 7.222: [ParNew: 46905K->5120K(47232K), 0.0135459 secs] 267242K->266418K(554412K), 0.0136511 secs] [Times: user=0.03 sys=0.00, real=0.02 secs] 
2024-07-27T22:58:35.844+0800: 7.236: Total time for which application threads were stopped: 0.0137685 seconds, Stopping threads took: 0.0000197 seconds
2024-07-27T22:58:35.954+0800: 7.347: Application time: 0.1107152 seconds
2024-07-27T22:58:35.954+0800: 7.347: [GC (Allocation Failure) 2024-07-27T22:58:35.954+0800: 7.347: [ParNew: 46905K->5120K(47232K), 0.0116002 secs] 308203K->307378K(554412K), 0.0116753 secs] [Times: user=0.03 sys=0.00, real=0.01 secs] 
2024-07-27T22:58:35.966+0800: 7.359: Total time for which application threads were stopped: 0.0117952 seconds, Stopping threads took: 0.0000236 seconds
2024-07-27T22:58:35.966+0800: 7.359: [CMS-concurrent-abortable-preclean: 0.009/0.256 secs] [Times: user=0.13 sys=0.00, real=0.26 secs] 
2024-07-27T22:58:35.966+0800: 7.359: Application time: 0.0003674 seconds
2024-07-27T22:58:35.967+0800: 7.359: [GC (CMS Final Remark) [YG occupancy: 10040 K (47232 K)]2024-07-27T22:58:35.967+0800: 7.359: [Rescan (parallel) , 0.0009042 secs]2024-07-27T22:58:35.967+0800: 7.360: [weak refs processing, 0.0000134 secs]2024-07-27T22:58:35.967+0800: 7.360: [class unloading, 0.0003426 secs]2024-07-27T22:58:35.968+0800: 7.360: [scrub symbol table, 0.0004776 secs]2024-07-27T22:58:35.968+0800: 7.361: [scrub string table, 0.0001320 secs][1 CMS-remark: 302258K(507180K)] 312299K(554412K), 0.0019351 secs] [Times: user=0.00 sys=0.00, real=0.00 secs] 
2024-07-27T22:58:35.968+0800: 7.361: Total time for which application threads were stopped: 0.0021029 seconds, Stopping threads took: 0.0001248 seconds
2024-07-27T22:58:35.969+0800: 7.361: [CMS-concurrent-sweep-start]
2024-07-27T22:58:35.971+0800: 7.363: [CMS-concurrent-sweep: 0.002/0.002 secs] [Times: user=0.00 sys=0.00, real=0.00 secs] 
2024-07-27T22:58:35.971+0800: 7.363: [CMS-concurrent-reset-start]
2024-07-27T22:58:35.972+0800: 7.365: Application time: 0.0037252 seconds
2024-07-27T22:58:35.972+0800: 7.365: [GC (Allocation Failure) 2024-07-27T22:58:35.972+0800: 7.365: [ParNew: 46905K->5120K(47232K), 0.0110235 secs] 157672K->156848K(554412K), 0.0110739 secs] [Times: user=0.09 sys=0.00, real=0.01 secs] 
2024-07-27T22:58:35.983+0800: 7.376: Total time for which application threads were stopped: 0.0111826 seconds, Stopping threads took: 0.0000206 seconds
2024-07-27T22:58:35.984+0800: 7.376: [CMS-concurrent-reset: 0.001/0.013 secs] [Times: user=0.09 sys=0.00, real=0.01 secs] 
2024-07-27T22:58:35.986+0800: 7.379: Application time: 0.0030820 seconds
2024-07-27T22:58:35.987+0800: 7.379: [GC (Allocation Failure) 2024-07-27T22:58:35.987+0800: 7.379: [ParNew: 46905K->5120K(47232K), 0.0091990 secs] 198633K->197809K(554412K), 0.0092511 secs] [Times: user=0.03 sys=0.00, real=0.01 secs] 
2024-07-27T22:58:35.996+0800: 7.388: Total time for which application threads were stopped: 0.0093570 seconds, Stopping threads took: 0.0000170 seconds
2024-07-27T22:58:35.996+0800: 7.389: Application time: 0.0002496 seconds
2024-07-27T22:58:35.996+0800: 7.389: [GC (CMS Initial Mark) [1 CMS-initial-mark: 192688K(507180K)] 201705K(554412K), 0.0008683 secs] [Times: user=0.00 sys=0.00, real=0.00 secs] 
2024-07-27T22:58:35.997+0800: 7.390: Total time for which application threads were stopped: 0.0009914 seconds, Stopping threads took: 0.0000813 seconds
2024-07-27T22:58:35.997+0800: 7.390: [CMS-concurrent-mark-start]
2024-07-27T22:58:35.999+0800: 7.391: [CMS-concurrent-mark: 0.001/0.001 secs] [Times: user=0.00 sys=0.00, real=0.00 secs] 
2024-07-27T22:58:35.999+0800: 7.391: [CMS-concurrent-preclean-start]
2024-07-27T22:58:35.999+0800: 7.392: [CMS-concurrent-preclean: 0.001/0.001 secs] [Times: user=0.00 sys=0.00, real=0.00 secs] 
2024-07-27T22:58:35.999+0800: 7.392: [CMS-concurrent-abortable-preclean-start]
2024-07-27T22:58:36.114+0800: 7.508: Application time: 0.1178813 seconds
2024-07-27T22:58:36.114+0800: 7.508: [GC (Allocation Failure) 2024-07-27T22:58:36.114+0800: 7.508: [ParNew: 46905K->5120K(47232K), 0.0059964 secs] 239594K->225457K(554412K), 0.0060558 secs] [Times: user=0.00 sys=0.00, real=0.01 secs] 
2024-07-27T22:58:36.121+0800: 7.514: Total time for which application threads were stopped: 0.0061781 seconds, Stopping threads took: 0.0000231 seconds
2024-07-27T22:58:36.124+0800: 7.517: Application time: 0.0031177 seconds
2024-07-27T22:58:36.125+0800: 7.517: [GC (Allocation Failure) 2024-07-27T22:58:36.125+0800: 7.517: [ParNew: 46905K->5132K(47232K), 0.0083349 secs] 267242K->266430K(554412K), 0.0084045 secs] [Times: user=0.03 sys=0.00, real=0.01 secs] 
2024-07-27T22:58:36.133+0800: 7.526: Total time for which application threads were stopped: 0.0086396 seconds, Stopping threads took: 0.0000959 seconds
2024-07-27T22:58:36.239+0800: 7.633: Application time: 0.1071124 seconds
2024-07-27T22:58:36.239+0800: 7.633: [GC (Allocation Failure) 2024-07-27T22:58:36.239+0800: 7.633: [ParNew: 46917K->5120K(47232K), 0.0108359 secs] 308215K->307379K(554412K), 0.0109103 secs] [Times: user=0.00 sys=0.00, real=0.01 secs] 
2024-07-27T22:58:36.251+0800: 7.644: Total time for which application threads were stopped: 0.0110259 seconds, Stopping threads took: 0.0000217 seconds
2024-07-27T22:58:36.251+0800: 7.644: [CMS-concurrent-abortable-preclean: 0.008/0.252 secs] [Times: user=0.08 sys=0.00, real=0.25 secs] 
2024-07-27T22:58:36.251+0800: 7.644: Application time: 0.0002981 seconds
2024-07-27T22:58:36.252+0800: 7.644: [GC (CMS Final Remark) [YG occupancy: 9016 K (47232 K)]2024-07-27T22:58:36.252+0800: 7.644: [Rescan (parallel) , 0.0008522 secs]2024-07-27T22:58:36.253+0800: 7.645: [weak refs processing, 0.0000157 secs]2024-07-27T22:58:36.253+0800: 7.645: [class unloading, 0.0003846 secs]2024-07-27T22:58:36.253+0800: 7.645: [scrub symbol table, 0.0005704 secs]2024-07-27T22:58:36.253+0800: 7.646: [scrub string table, 0.0002376 secs][1 CMS-remark: 302259K(507180K)] 311275K(554412K), 0.0022073 secs] [Times: user=0.00 sys=0.00, real=0.00 secs] 
2024-07-27T22:58:36.253+0800: 7.646: Total time for which application threads were stopped: 0.0024335 seconds, Stopping threads took: 0.0001443 seconds
2024-07-27T22:58:36.254+0800: 7.646: [CMS-concurrent-sweep-start]
2024-07-27T22:58:36.256+0800: 7.649: [CMS-concurrent-sweep: 0.002/0.002 secs] [Times: user=0.03 sys=0.00, real=0.00 secs] 
2024-07-27T22:58:36.256+0800: 7.649: [CMS-concurrent-reset-start]
2024-07-27T22:58:36.258+0800: 7.651: Application time: 0.0046966 seconds
2024-07-27T22:58:36.258+0800: 7.651: [GC (Allocation Failure) 2024-07-27T22:58:36.258+0800: 7.651: [ParNew: 46905K->5120K(47232K), 0.0108414 secs] 157673K->156848K(554412K), 0.0109200 secs] [Times: user=0.00 sys=0.00, real=0.01 secs] 
2024-07-27T22:58:36.270+0800: 7.662: Total time for which application threads were stopped: 0.0111053 seconds, Stopping threads took: 0.0000450 seconds
2024-07-27T22:58:36.270+0800: 7.663: [CMS-concurrent-reset: 0.002/0.013 secs] [Times: user=0.03 sys=0.00, real=0.01 secs] 
2024-07-27T22:58:36.273+0800: 7.666: Application time: 0.0039459 seconds
2024-07-27T22:58:36.273+0800: 7.666: [GC (Allocation Failure) 2024-07-27T22:58:36.273+0800: 7.666: [ParNew: 46905K->5120K(47232K), 0.0137764 secs] 198633K->197809K(554412K), 0.0138425 secs] [Times: user=0.03 sys=0.00, real=0.01 secs] 
2024-07-27T22:58:36.287+0800: 7.680: Total time for which application threads were stopped: 0.0140097 seconds, Stopping threads took: 0.0000454 seconds
2024-07-27T22:58:36.288+0800: 7.680: Application time: 0.0001507 seconds
2024-07-27T22:58:36.288+0800: 7.681: [GC (CMS Initial Mark) [1 CMS-initial-mark: 192689K(507180K)] 200681K(554412K), 0.0006000 secs] [Times: user=0.00 sys=0.00, real=0.00 secs] 
2024-07-27T22:58:36.289+0800: 7.681: Total time for which application threads were stopped: 0.0008136 seconds, Stopping threads took: 0.0001558 seconds
2024-07-27T22:58:36.289+0800: 7.681: [CMS-concurrent-mark-start]
2024-07-27T22:58:36.290+0800: 7.684: [CMS-concurrent-mark: 0.002/0.002 secs] [Times: user=0.00 sys=0.00, real=0.00 secs] 
2024-07-27T22:58:36.290+0800: 7.684: [CMS-concurrent-preclean-start]
2024-07-27T22:58:36.291+0800: 7.684: [CMS-concurrent-preclean: 0.001/0.001 secs] [Times: user=0.00 sys=0.00, real=0.00 secs] 
2024-07-27T22:58:36.291+0800: 7.685: [CMS-concurrent-abortable-preclean-start]
2024-07-27T22:58:36.404+0800: 7.797: Application time: 0.1157076 seconds
2024-07-27T22:58:36.404+0800: 7.797: [GC (Allocation Failure) 2024-07-27T22:58:36.404+0800: 7.797: [ParNew: 46905K->5120K(47232K), 0.0118955 secs] 239594K->225457K(554412K), 0.0121119 secs] [Times: user=0.03 sys=0.00, real=0.01 secs] 
2024-07-27T22:58:36.416+0800: 7.809: Total time for which application threads were stopped: 0.0124401 seconds, Stopping threads took: 0.0000266 seconds
2024-07-27T22:58:36.421+0800: 7.814: Application time: 0.0043055 seconds
2024-07-27T22:58:36.421+0800: 7.814: [GC (Allocation Failure) 2024-07-27T22:58:36.421+0800: 7.814: [ParNew: 46905K->5120K(47232K), 0.0162449 secs] 267242K->266418K(554412K), 0.0163197 secs] [Times: user=0.02 sys=0.00, real=0.02 secs] 
2024-07-27T22:58:36.437+0800: 7.830: Total time for which application threads were stopped: 0.0164856 seconds, Stopping threads took: 0.0000455 seconds
2024-07-27T22:58:36.543+0800: 7.936: Application time: 0.1061931 seconds
2024-07-27T22:58:36.543+0800: 7.936: [GC (Allocation Failure) 2024-07-27T22:58:36.543+0800: 7.936: [ParNew: 46905K->5120K(47232K), 0.0095215 secs] 308203K->307379K(554412K), 0.0095865 secs] [Times: user=0.03 sys=0.00, real=0.01 secs] 
2024-07-27T22:58:36.553+0800: 7.946: Total time for which application threads were stopped: 0.0097045 seconds, Stopping threads took: 0.0000202 seconds
2024-07-27T22:58:36.553+0800: 7.946: [CMS-concurrent-abortable-preclean: 0.010/0.261 secs] [Times: user=0.08 sys=0.00, real=0.26 secs] 
2024-07-27T22:58:36.553+0800: 7.946: Application time: 0.0001947 seconds
2024-07-27T22:58:36.553+0800: 7.946: [GC (CMS Final Remark) [YG occupancy: 9016 K (47232 K)]2024-07-27T22:58:36.553+0800: 7.946: [Rescan (parallel) , 0.0006499 secs]2024-07-27T22:58:36.554+0800: 7.947: [weak refs processing, 0.0000142 secs]2024-07-27T22:58:36.554+0800: 7.947: [class unloading, 0.0003529 secs]2024-07-27T22:58:36.554+0800: 7.947: [scrub symbol table, 0.0007306 secs]2024-07-27T22:58:36.555+0800: 7.948: [scrub string table, 0.0002504 secs][1 CMS-remark: 302259K(507180K)] 311275K(554412K), 0.0021422 secs] [Times: user=0.00 sys=0.00, real=0.00 secs] 
2024-07-27T22:58:36.556+0800: 7.949: Total time for which application threads were stopped: 0.0023158 seconds, Stopping threads took: 0.0000958 seconds
2024-07-27T22:58:36.556+0800: 7.949: [CMS-concurrent-sweep-start]
2024-07-27T22:58:36.559+0800: 7.951: [CMS-concurrent-sweep: 0.003/0.003 secs] [Times: user=0.00 sys=0.00, real=0.00 secs] 
2024-07-27T22:58:36.559+0800: 7.952: [CMS-concurrent-reset-start]
2024-07-27T22:58:36.560+0800: 7.953: [CMS-concurrent-reset: 0.001/0.001 secs] [Times: user=0.00 sys=0.00, real=0.00 secs] 
2024-07-27T22:58:36.560+0800: 7.954: Application time: 0.0051018 seconds
2024-07-27T22:58:36.560+0800: 7.954: [GC (Allocation Failure) 2024-07-27T22:58:36.560+0800: 7.954: [ParNew: 46905K->5120K(47232K), 0.0100695 secs] 157673K->156848K(554412K), 0.0101351 secs] [Times: user=0.03 sys=0.00, real=0.01 secs] 
2024-07-27T22:58:36.571+0800: 7.964: Total time for which application threads were stopped: 0.0103309 seconds, Stopping threads took: 0.0000489 seconds
2024-07-27T22:58:36.574+0800: 7.968: Application time: 0.0037488 seconds
2024-07-27T22:58:36.574+0800: 7.968: [GC (Allocation Failure) 2024-07-27T22:58:36.574+0800: 7.968: [ParNew: 46905K->5120K(47232K), 0.0105462 secs] 198633K->197809K(554412K), 0.0106212 secs] [Times: user=0.03 sys=0.00, real=0.01 secs] 
2024-07-27T22:58:36.586+0800: 7.978: Total time for which application threads were stopped: 0.0107349 seconds, Stopping threads took: 0.0000222 seconds
2024-07-27T22:58:36.586+0800: 7.979: Application time: 0.0001943 seconds
2024-07-27T22:58:36.586+0800: 7.979: [GC (CMS Initial Mark) [1 CMS-initial-mark: 192689K(507180K)] 201705K(554412K), 0.0008929 secs] [Times: user=0.00 sys=0.00, real=0.00 secs] 
2024-07-27T22:58:36.587+0800: 7.980: Total time for which application threads were stopped: 0.0010723 seconds, Stopping threads took: 0.0001317 seconds
2024-07-27T22:58:36.587+0800: 7.980: [CMS-concurrent-mark-start]
2024-07-27T22:58:36.589+0800: 7.982: [CMS-concurrent-mark: 0.002/0.002 secs] [Times: user=0.00 sys=0.00, real=0.00 secs] 
2024-07-27T22:58:36.589+0800: 7.982: [CMS-concurrent-preclean-start]
2024-07-27T22:58:36.590+0800: 7.982: [CMS-concurrent-preclean: 0.001/0.001 secs] [Times: user=0.00 sys=0.00, real=0.00 secs] 
2024-07-27T22:58:36.590+0800: 7.983: [CMS-concurrent-abortable-preclean-start]
2024-07-27T22:58:36.703+0800: 8.096: Application time: 0.1160928 seconds
2024-07-27T22:58:36.703+0800: 8.096: [GC (Allocation Failure) 2024-07-27T22:58:36.703+0800: 8.096: [ParNew: 46905K->5120K(47232K), 0.0087699 secs] 239594K->225457K(554412K), 0.0088469 secs] [Times: user=0.03 sys=0.00, real=0.01 secs] 
2024-07-27T22:58:36.712+0800: 8.105: Total time for which application threads were stopped: 0.0089844 seconds, Stopping threads took: 0.0000327 seconds
2024-07-27T22:58:36.715+0800: 8.109: Application time: 0.0037131 seconds
2024-07-27T22:58:36.715+0800: 8.109: [GC (Allocation Failure) 2024-07-27T22:58:36.715+0800: 8.109: [ParNew: 46905K->5120K(47232K), 0.0116496 secs] 267242K->266418K(554412K), 0.0117056 secs] [Times: user=0.03 sys=0.00, real=0.01 secs] 
2024-07-27T22:58:36.727+0800: 8.120: Total time for which application threads were stopped: 0.0118207 seconds, Stopping threads took: 0.0000207 seconds
2024-07-27T22:58:36.841+0800: 8.234: Application time: 0.1133794 seconds
2024-07-27T22:58:36.841+0800: 8.234: [GC (Allocation Failure) 2024-07-27T22:58:36.841+0800: 8.234: [ParNew: 46905K->5120K(47232K), 0.0080417 secs] 308203K->307379K(554412K), 0.0081126 secs] [Times: user=0.03 sys=0.00, real=0.01 secs] 
2024-07-27T22:58:36.849+0800: 8.242: Total time for which application threads were stopped: 0.0082228 seconds, Stopping threads took: 0.0000202 seconds
2024-07-27T22:58:36.849+0800: 8.242: [CMS-concurrent-abortable-preclean: 0.010/0.259 secs] [Times: user=0.09 sys=0.00, real=0.26 secs] 
2024-07-27T22:58:36.850+0800: 8.242: Application time: 0.0002476 seconds
2024-07-27T22:58:36.850+0800: 8.242: [GC (CMS Final Remark) [YG occupancy: 9016 K (47232 K)]2024-07-27T22:58:36.850+0800: 8.242: [Rescan (parallel) , 0.0007921 secs]2024-07-27T22:58:36.851+0800: 8.243: [weak refs processing, 0.0000128 secs]2024-07-27T22:58:36.851+0800: 8.243: [class unloading, 0.0003265 secs]2024-07-27T22:58:36.851+0800: 8.244: [scrub symbol table, 0.0005205 secs]2024-07-27T22:58:36.852+0800: 8.244: [scrub string table, 0.0001369 secs][1 CMS-remark: 302259K(507180K)] 311275K(554412K), 0.0018678 secs] [Times: user=0.00 sys=0.00, real=0.00 secs] 
2024-07-27T22:58:36.852+0800: 8.244: Total time for which application threads were stopped: 0.0020793 seconds, Stopping threads took: 0.0001676 seconds
2024-07-27T22:58:36.852+0800: 8.244: [CMS-concurrent-sweep-start]
2024-07-27T22:58:36.854+0800: 8.247: [CMS-concurrent-sweep: 0.002/0.002 secs] [Times: user=0.00 sys=0.00, real=0.00 secs] 
2024-07-27T22:58:36.854+0800: 8.247: [CMS-concurrent-reset-start]
2024-07-27T22:58:36.855+0800: 8.247: Application time: 0.0030954 seconds
2024-07-27T22:58:36.855+0800: 8.247: [GC (Allocation Failure) 2024-07-27T22:58:36.855+0800: 8.247: [ParNew: 46905K->5120K(47232K), 0.0085583 secs] 157673K->156848K(554412K), 0.0086314 secs] [Times: user=0.00 sys=0.00, real=0.01 secs] 
2024-07-27T22:58:36.864+0800: 8.256: Total time for which application threads were stopped: 0.0087717 seconds, Stopping threads took: 0.0000289 seconds
2024-07-27T22:58:36.864+0800: 8.257: [CMS-concurrent-reset: 0.001/0.010 secs] [Times: user=0.00 sys=0.00, real=0.01 secs] 
2024-07-27T22:58:36.867+0800: 8.259: Application time: 0.0030952 seconds
2024-07-27T22:58:36.867+0800: 8.259: [GC (Allocation Failure) 2024-07-27T22:58:36.867+0800: 8.259: [ParNew: 46905K->5120K(47232K), 0.0089814 secs] 198633K->197809K(554412K), 0.0090306 secs] [Times: user=0.00 sys=0.00, real=0.01 secs] 
2024-07-27T22:58:36.876+0800: 8.268: Total time for which application threads were stopped: 0.0091538 seconds, Stopping threads took: 0.0000389 seconds
2024-07-27T22:58:36.876+0800: 8.269: Application time: 0.0001194 seconds
2024-07-27T22:58:36.876+0800: 8.269: [GC (CMS Initial Mark) [1 CMS-initial-mark: 192689K(507180K)] 200681K(554412K), 0.0006160 secs] [Times: user=0.00 sys=0.00, real=0.00 secs] 
2024-07-27T22:58:36.877+0800: 8.269: Total time for which application threads were stopped: 0.0008110 seconds, Stopping threads took: 0.0001455 seconds
2024-07-27T22:58:36.877+0800: 8.269: [CMS-concurrent-mark-start]
2024-07-27T22:58:36.878+0800: 8.271: [CMS-concurrent-mark: 0.001/0.001 secs] [Times: user=0.00 sys=0.00, real=0.00 secs] 
2024-07-27T22:58:36.878+0800: 8.271: [CMS-concurrent-preclean-start]
2024-07-27T22:58:36.879+0800: 8.272: [CMS-concurrent-preclean: 0.001/0.001 secs] [Times: user=0.00 sys=0.00, real=0.00 secs] 
2024-07-27T22:58:36.879+0800: 8.272: [CMS-concurrent-abortable-preclean-start]
2024-07-27T22:58:36.985+0800: 8.377: Application time: 0.1081263 seconds
2024-07-27T22:58:36.985+0800: 8.378: [GC (Allocation Failure) 2024-07-27T22:58:36.985+0800: 8.378: [ParNew: 46905K->5120K(47232K), 0.0096376 secs] 239594K->225457K(554412K), 0.0097288 secs] [Times: user=0.03 sys=0.00, real=0.01 secs] 
2024-07-27T22:58:36.995+0800: 8.387: Total time for which application threads were stopped: 0.0098827 seconds, Stopping threads took: 0.0000556 seconds
2024-07-27T22:58:36.999+0800: 8.391: Application time: 0.0040392 seconds
2024-07-27T22:58:36.999+0800: 8.391: [GC (Allocation Failure) 2024-07-27T22:58:36.999+0800: 8.392: [ParNew: 46905K->5120K(47232K), 0.0113728 secs] 267242K->266418K(554412K), 0.0114761 secs] [Times: user=0.03 sys=0.00, real=0.01 secs] 
2024-07-27T22:58:37.011+0800: 8.403: Total time for which application threads were stopped: 0.0116802 seconds, Stopping threads took: 0.0000259 seconds
2024-07-27T22:58:37.123+0800: 8.516: Application time: 0.1131800 seconds
2024-07-27T22:58:37.123+0800: 8.516: [GC (Allocation Failure) 2024-07-27T22:58:37.123+0800: 8.516: [ParNew: 46905K->5120K(47232K), 0.0079949 secs] 308203K->307379K(554412K), 0.0080544 secs] [Times: user=0.03 sys=0.00, real=0.01 secs] 
2024-07-27T22:58:37.132+0800: 8.524: Total time for which application threads were stopped: 0.0081809 seconds, Stopping threads took: 0.0000215 seconds
2024-07-27T22:58:37.132+0800: 8.524: [CMS-concurrent-abortable-preclean: 0.008/0.253 secs] [Times: user=0.09 sys=0.00, real=0.25 secs] 
2024-07-27T22:58:37.132+0800: 8.525: Application time: 0.0001327 seconds
2024-07-27T22:58:37.132+0800: 8.525: [GC (CMS Final Remark) [YG occupancy: 7992 K (47232 K)]2024-07-27T22:58:37.132+0800: 8.525: [Rescan (parallel) , 0.0008431 secs]2024-07-27T22:58:37.133+0800: 8.526: [weak refs processing, 0.0000132 secs]2024-07-27T22:58:37.133+0800: 8.526: [class unloading, 0.0003633 secs]2024-07-27T22:58:37.133+0800: 8.526: [scrub symbol table, 0.0004694 secs]2024-07-27T22:58:37.133+0800: 8.526: [scrub string table, 0.0001343 secs][1 CMS-remark: 302259K(507180K)] 310251K(554412K), 0.0019053 secs] [Times: user=0.00 sys=0.00, real=0.00 secs] 
2024-07-27T22:58:37.133+0800: 8.527: Total time for which application threads were stopped: 0.0020282 seconds, Stopping threads took: 0.0000813 seconds
2024-07-27T22:58:37.133+0800: 8.527: [CMS-concurrent-sweep-start]
2024-07-27T22:58:37.135+0800: 8.529: [CMS-concurrent-sweep: 0.002/0.002 secs] [Times: user=0.00 sys=0.00, real=0.00 secs] 
2024-07-27T22:58:37.135+0800: 8.529: [CMS-concurrent-reset-start]
2024-07-27T22:58:37.137+0800: 8.530: Application time: 0.0033761 seconds
2024-07-27T22:58:37.138+0800: 8.530: [GC (Allocation Failure) 2024-07-27T22:58:37.138+0800: 8.530: [ParNew: 46905K->5120K(47232K), 0.0086840 secs] 157673K->156848K(554412K), 0.0087420 secs] [Times: user=0.03 sys=0.00, real=0.01 secs] 
2024-07-27T22:58:37.146+0800: 8.539: Total time for which application threads were stopped: 0.0088931 seconds, Stopping threads took: 0.0000380 seconds
2024-07-27T22:58:37.147+0800: 8.539: [CMS-concurrent-reset: 0.001/0.010 secs] [Times: user=0.03 sys=0.00, real=0.01 secs] 
2024-07-27T22:58:37.149+0800: 8.542: Application time: 0.0029771 seconds
2024-07-27T22:58:37.149+0800: 8.542: [GC (Allocation Failure) 2024-07-27T22:58:37.149+0800: 8.542: [ParNew: 46905K->5120K(47232K), 0.0086076 secs] 198633K->197809K(554412K), 0.0087082 secs] [Times: user=0.00 sys=0.00, real=0.01 secs] 
2024-07-27T22:58:37.158+0800: 8.551: Total time for which application threads were stopped: 0.0088121 seconds, Stopping threads took: 0.0000181 seconds
2024-07-27T22:58:37.158+0800: 8.551: Application time: 0.0001686 seconds
2024-07-27T22:58:37.158+0800: 8.551: [GC (CMS Initial Mark) [1 CMS-initial-mark: 192689K(507180K)] 200681K(554412K), 0.0003330 secs] [Times: user=0.00 sys=0.00, real=0.00 secs] 
2024-07-27T22:58:37.159+0800: 8.551: Total time for which application threads were stopped: 0.0004529 seconds, Stopping threads took: 0.0000712 seconds
2024-07-27T22:58:37.159+0800: 8.551: [CMS-concurrent-mark-start]
2024-07-27T22:58:37.160+0800: 8.553: [CMS-concurrent-mark: 0.001/0.001 secs] [Times: user=0.00 sys=0.00, real=0.00 secs] 
2024-07-27T22:58:37.160+0800: 8.553: [CMS-concurrent-preclean-start]
2024-07-27T22:58:37.161+0800: 8.553: [CMS-concurrent-preclean: 0.001/0.001 secs] [Times: user=0.01 sys=0.00, real=0.00 secs] 
2024-07-27T22:58:37.161+0800: 8.553: [CMS-concurrent-abortable-preclean-start]
2024-07-27T22:58:37.266+0800: 8.659: Application time: 0.1077919 seconds
2024-07-27T22:58:37.266+0800: 8.659: [GC (Allocation Failure) 2024-07-27T22:58:37.267+0800: 8.659: [ParNew: 46905K->5120K(47232K), 0.0089524 secs] 239594K->225457K(554412K), 0.0090614 secs] [Times: user=0.03 sys=0.00, real=0.01 secs] 
2024-07-27T22:58:37.276+0800: 8.668: Total time for which application threads were stopped: 0.0092688 seconds, Stopping threads took: 0.0000522 seconds
2024-07-27T22:58:37.279+0800: 8.672: Application time: 0.0037415 seconds
2024-07-27T22:58:37.279+0800: 8.672: [GC (Allocation Failure) 2024-07-27T22:58:37.279+0800: 8.672: [ParNew: 46905K->5120K(47232K), 0.0118234 secs] 267242K->266418K(554412K), 0.0119343 secs] [Times: user=0.03 sys=0.00, real=0.01 secs] 
2024-07-27T22:58:37.292+0800: 8.684: Total time for which application threads were stopped: 0.0120917 seconds, Stopping threads took: 0.0000204 seconds
2024-07-27T22:58:37.406+0800: 8.799: Application time: 0.1147077 seconds
2024-07-27T22:58:37.406+0800: 8.799: [GC (Allocation Failure) 2024-07-27T22:58:37.406+0800: 8.799: [ParNew: 46905K->5120K(47232K), 0.0080402 secs] 308203K->307379K(554412K), 0.0080996 secs] [Times: user=0.03 sys=0.00, real=0.01 secs] 
2024-07-27T22:58:37.414+0800: 8.807: Total time for which application threads were stopped: 0.0082147 seconds, Stopping threads took: 0.0000247 seconds
2024-07-27T22:58:37.414+0800: 8.807: [CMS-concurrent-abortable-preclean: 0.009/0.254 secs] [Times: user=0.09 sys=0.00, real=0.25 secs] 
2024-07-27T22:58:37.415+0800: 8.807: Application time: 0.0002929 seconds
2024-07-27T22:58:37.415+0800: 8.808: [GC (CMS Final Remark) [YG occupancy: 10040 K (47232 K)]2024-07-27T22:58:37.415+0800: 8.808: [Rescan (parallel) , 0.0008581 secs]2024-07-27T22:58:37.416+0800: 8.808: [weak refs processing, 0.0000154 secs]2024-07-27T22:58:37.416+0800: 8.809: [class unloading, 0.0003102 secs]2024-07-27T22:58:37.416+0800: 8.809: [scrub symbol table, 0.0004063 secs]2024-07-27T22:58:37.416+0800: 8.809: [scrub string table, 0.0001225 secs][1 CMS-remark: 302259K(507180K)] 312299K(554412K), 0.0017765 secs] [Times: user=0.00 sys=0.00, real=0.00 secs] 
2024-07-27T22:58:37.416+0800: 8.809: Total time for which application threads were stopped: 0.0019550 seconds, Stopping threads took: 0.0001397 seconds
2024-07-27T22:58:37.417+0800: 8.810: [CMS-concurrent-sweep-start]
2024-07-27T22:58:37.419+0800: 8.812: [CMS-concurrent-sweep: 0.002/0.002 secs] [Times: user=0.00 sys=0.00, real=0.00 secs] 
2024-07-27T22:58:37.419+0800: 8.812: [CMS-concurrent-reset-start]
2024-07-27T22:58:37.420+0800: 8.813: Application time: 0.0032862 seconds
2024-07-27T22:58:37.420+0800: 8.813: [GC (Allocation Failure) 2024-07-27T22:58:37.420+0800: 8.813: [ParNew: 46905K->5120K(47232K), 0.0086901 secs] 157673K->156848K(554412K), 0.0087403 secs] [Times: user=0.02 sys=0.00, real=0.01 secs] 
2024-07-27T22:58:37.429+0800: 8.822: Total time for which application threads were stopped: 0.0089188 seconds, Stopping threads took: 0.0000190 seconds
2024-07-27T22:58:37.429+0800: 8.822: [CMS-concurrent-reset: 0.001/0.010 secs] [Times: user=0.02 sys=0.00, real=0.01 secs] 
2024-07-27T22:58:37.432+0800: 8.825: Application time: 0.0032733 seconds
2024-07-27T22:58:37.432+0800: 8.825: [GC (Allocation Failure) 2024-07-27T22:58:37.432+0800: 8.825: [ParNew: 46905K->5120K(47232K), 0.0083562 secs] 198633K->197809K(554412K), 0.0084062 secs] [Times: user=0.00 sys=0.00, real=0.01 secs] 
2024-07-27T22:58:37.440+0800: 8.833: Total time for which application threads were stopped: 0.0085101 seconds, Stopping threads took: 0.0000183 seconds
2024-07-27T22:58:37.441+0800: 8.834: Application time: 0.0001642 seconds
2024-07-27T22:58:37.441+0800: 8.834: [GC (CMS Initial Mark) [1 CMS-initial-mark: 192689K(507180K)] 200681K(554412K), 0.0006408 secs] [Times: user=0.00 sys=0.02, real=0.00 secs] 
2024-07-27T22:58:37.442+0800: 8.834: Total time for which application threads were stopped: 0.0008187 seconds, Stopping threads took: 0.0001303 seconds
2024-07-27T22:58:37.442+0800: 8.834: [CMS-concurrent-mark-start]
2024-07-27T22:58:37.443+0800: 8.836: [CMS-concurrent-mark: 0.001/0.001 secs] [Times: user=0.00 sys=0.00, real=0.00 secs] 
2024-07-27T22:58:37.443+0800: 8.836: [CMS-concurrent-preclean-start]
2024-07-27T22:58:37.443+0800: 8.837: [CMS-concurrent-preclean: 0.001/0.001 secs] [Times: user=0.00 sys=0.00, real=0.00 secs] 
2024-07-27T22:58:37.443+0800: 8.837: [CMS-concurrent-abortable-preclean-start]
2024-07-27T22:58:37.547+0800: 8.940: Application time: 0.1058018 seconds
2024-07-27T22:58:37.547+0800: 8.940: [GC (Allocation Failure) 2024-07-27T22:58:37.547+0800: 8.940: [ParNew: 46905K->5120K(47232K), 0.0081020 secs] 239594K->225457K(554412K), 0.0081999 secs] [Times: user=0.03 sys=0.00, real=0.01 secs] 
2024-07-27T22:58:37.556+0800: 8.949: Total time for which application threads were stopped: 0.0083564 seconds, Stopping threads took: 0.0000351 seconds
2024-07-27T22:58:37.561+0800: 8.953: Application time: 0.0044874 seconds
2024-07-27T22:58:37.561+0800: 8.953: [GC (Allocation Failure) 2024-07-27T22:58:37.561+0800: 8.953: [ParNew: 46905K->5120K(47232K), 0.0108002 secs] 267242K->266418K(554412K), 0.0108651 secs] [Times: user=0.03 sys=0.00, real=0.01 secs] 
2024-07-27T22:58:37.571+0800: 8.964: Total time for which application threads were stopped: 0.0110029 seconds, Stopping threads took: 0.0000262 seconds
2024-07-27T22:58:37.686+0800: 9.079: Application time: 0.1153108 seconds
2024-07-27T22:58:37.686+0800: 9.079: [GC (Allocation Failure) 2024-07-27T22:58:37.686+0800: 9.079: [ParNew: 46905K->5120K(47232K), 0.0082363 secs] 308203K->307379K(554412K), 0.0082936 secs] [Times: user=0.03 sys=0.00, real=0.01 secs] 
2024-07-27T22:58:37.695+0800: 9.088: Total time for which application threads were stopped: 0.0084179 seconds, Stopping threads took: 0.0000195 seconds
2024-07-27T22:58:37.695+0800: 9.088: [CMS-concurrent-abortable-preclean: 0.009/0.251 secs] [Times: user=0.09 sys=0.00, real=0.25 secs] 
2024-07-27T22:58:37.695+0800: 9.088: Application time: 0.0002937 seconds
2024-07-27T22:58:37.695+0800: 9.088: [GC (CMS Final Remark) [YG occupancy: 10040 K (47232 K)]2024-07-27T22:58:37.695+0800: 9.088: [Rescan (parallel) , 0.0005908 secs]2024-07-27T22:58:37.696+0800: 9.089: [weak refs processing, 0.0000130 secs]2024-07-27T22:58:37.696+0800: 9.089: [class unloading, 0.0003363 secs]2024-07-27T22:58:37.696+0800: 9.089: [scrub symbol table, 0.0004470 secs]2024-07-27T22:58:37.697+0800: 9.090: [scrub string table, 0.0001313 secs][1 CMS-remark: 302259K(507180K)] 312299K(554412K), 0.0015830 secs] [Times: user=0.00 sys=0.00, real=0.00 secs] 
2024-07-27T22:58:37.697+0800: 9.090: Total time for which application threads were stopped: 0.0017733 seconds, Stopping threads took: 0.0001530 seconds
2024-07-27T22:58:37.697+0800: 9.090: [CMS-concurrent-sweep-start]
2024-07-27T22:58:37.699+0800: 9.092: [CMS-concurrent-sweep: 0.002/0.002 secs] [Times: user=0.00 sys=0.00, real=0.00 secs] 
2024-07-27T22:58:37.699+0800: 9.093: Application time: 0.0026977 seconds
2024-07-27T22:58:37.699+0800: 9.093: [GC (Allocation Failure) 2024-07-27T22:58:37.700+0800: 9.093: [ParNew: 46905K->5120K(47232K), 0.0083013 secs] 157673K->156848K(554412K), 0.0083723 secs] [Times: user=0.00 sys=0.00, real=0.01 secs] 
2024-07-27T22:58:37.708+0800: 9.101: Total time for which application threads were stopped: 0.0084701 seconds, Stopping threads took: 0.0000152 seconds
2024-07-27T22:58:37.708+0800: 9.101: [CMS-concurrent-reset-start]
2024-07-27T22:58:37.709+0800: 9.103: [CMS-concurrent-reset: 0.001/0.001 secs] [Times: user=0.00 sys=0.00, real=0.00 secs] 
2024-07-27T22:58:37.711+0800: 9.104: Application time: 0.0033653 seconds
2024-07-27T22:58:37.711+0800: 9.104: [GC (Allocation Failure) 2024-07-27T22:58:37.711+0800: 9.104: [ParNew: 46905K->5120K(47232K), 0.0085625 secs] 198633K->197809K(554412K), 0.0086120 secs] [Times: user=0.00 sys=0.00, real=0.01 secs] 
2024-07-27T22:58:37.720+0800: 9.113: Total time for which application threads were stopped: 0.0087141 seconds, Stopping threads took: 0.0000165 seconds
2024-07-27T22:58:37.721+0800: 9.113: Application time: 0.0001269 seconds
2024-07-27T22:58:37.721+0800: 9.113: [GC (CMS Initial Mark) [1 CMS-initial-mark: 192689K(507180K)] 200681K(554412K), 0.0008036 secs] [Times: user=0.00 sys=0.00, real=0.00 secs] 
2024-07-27T22:58:37.721+0800: 9.114: Total time for which application threads were stopped: 0.0010263 seconds, Stopping threads took: 0.0001791 seconds
2024-07-27T22:58:37.721+0800: 9.114: [CMS-concurrent-mark-start]
2024-07-27T22:58:37.723+0800: 9.116: [CMS-concurrent-mark: 0.001/0.001 secs] [Times: user=0.03 sys=0.00, real=0.00 secs] 
2024-07-27T22:58:37.723+0800: 9.116: [CMS-concurrent-preclean-start]
2024-07-27T22:58:37.723+0800: 9.116: [CMS-concurrent-preclean: 0.001/0.001 secs] [Times: user=0.00 sys=0.00, real=0.00 secs] 
2024-07-27T22:58:37.723+0800: 9.117: [CMS-concurrent-abortable-preclean-start]
2024-07-27T22:58:37.828+0800: 9.221: Application time: 0.1068369 seconds
2024-07-27T22:58:37.828+0800: 9.221: [GC (Allocation Failure) 2024-07-27T22:58:37.829+0800: 9.221: [ParNew: 46905K->5120K(47232K), 0.0078118 secs] 239594K->225457K(554412K), 0.0079143 secs] [Times: user=0.03 sys=0.00, real=0.01 secs] 
2024-07-27T22:58:37.836+0800: 9.229: Total time for which application threads were stopped: 0.0080446 seconds, Stopping threads took: 0.0000368 seconds
2024-07-27T22:58:37.841+0800: 9.234: Application time: 0.0047796 seconds
2024-07-27T22:58:37.841+0800: 9.234: [GC (Allocation Failure) 2024-07-27T22:58:37.841+0800: 9.234: [ParNew: 46905K->5120K(47232K), 0.0117580 secs] 267242K->266418K(554412K), 0.0118769 secs] [Times: user=0.03 sys=0.00, real=0.01 secs] 
2024-07-27T22:58:37.853+0800: 9.246: Total time for which application threads were stopped: 0.0120599 seconds, Stopping threads took: 0.0000420 seconds
2024-07-27T22:58:37.969+0800: 9.362: Application time: 0.1158701 seconds
2024-07-27T22:58:37.969+0800: 9.362: [GC (Allocation Failure) 2024-07-27T22:58:37.969+0800: 9.362: [ParNew: 46905K->5120K(47232K), 0.0080209 secs] 308203K->307379K(554412K), 0.0080671 secs] [Times: user=0.03 sys=0.00, real=0.01 secs] 
2024-07-27T22:58:37.977+0800: 9.370: Total time for which application threads were stopped: 0.0081828 seconds, Stopping threads took: 0.0000193 seconds
2024-07-27T22:58:37.978+0800: 9.370: [CMS-concurrent-abortable-preclean: 0.008/0.254 secs] [Times: user=0.09 sys=0.00, real=0.25 secs] 
2024-07-27T22:58:37.978+0800: 9.370: Application time: 0.0002388 seconds
2024-07-27T22:58:37.978+0800: 9.370: [GC (CMS Final Remark) [YG occupancy: 9016 K (47232 K)]2024-07-27T22:58:37.978+0800: 9.371: [Rescan (parallel) , 0.0012006 secs]2024-07-27T22:58:37.979+0800: 9.372: [weak refs processing, 0.0000135 secs]2024-07-27T22:58:37.979+0800: 9.372: [class unloading, 0.0003814 secs]2024-07-27T22:58:37.980+0800: 9.372: [scrub symbol table, 0.0004712 secs]2024-07-27T22:58:37.980+0800: 9.373: [scrub string table, 0.0001392 secs][1 CMS-remark: 302259K(507180K)] 311275K(554412K), 0.0022996 secs] [Times: user=0.00 sys=0.00, real=0.00 secs] 
2024-07-27T22:58:37.980+0800: 9.373: Total time for which application threads were stopped: 0.0025284 seconds, Stopping threads took: 0.0001796 seconds
2024-07-27T22:58:37.980+0800: 9.373: [CMS-concurrent-sweep-start]
2024-07-27T22:58:37.982+0800: 9.375: [CMS-concurrent-sweep: 0.002/0.002 secs] [Times: user=0.00 sys=0.00, real=0.00 secs] 
2024-07-27T22:58:37.982+0800: 9.375: [CMS-concurrent-reset-start]
2024-07-27T22:58:37.984+0800: 9.376: Application time: 0.0035606 seconds
2024-07-27T22:58:37.984+0800: 9.376: [GC (Allocation Failure) 2024-07-27T22:58:37.984+0800: 9.377: [ParNew: 46905K->5120K(47232K), 0.0089909 secs] 157673K->156848K(554412K), 0.0090583 secs] [Times: user=0.03 sys=0.00, real=0.01 secs] 
2024-07-27T22:58:37.992+0800: 9.386: Total time for which application threads were stopped: 0.0091967 seconds, Stopping threads took: 0.0000284 seconds
2024-07-27T22:58:37.993+0800: 9.386: [CMS-concurrent-reset: 0.001/0.011 secs] [Times: user=0.03 sys=0.00, real=0.01 secs] 
2024-07-27T22:58:37.995+0800: 9.389: Application time: 0.0030148 seconds
2024-07-27T22:58:37.995+0800: 9.389: [GC (Allocation Failure) 2024-07-27T22:58:37.995+0800: 9.389: [ParNew: 46905K->5120K(47232K), 0.0082107 secs] 198633K->197809K(554412K), 0.0082609 secs] [Times: user=0.01 sys=0.00, real=0.01 secs] 
2024-07-27T22:58:38.004+0800: 9.397: Total time for which application threads were stopped: 0.0083692 seconds, Stopping threads took: 0.0000174 seconds
2024-07-27T22:58:38.005+0800: 9.397: Application time: 0.0001292 seconds
2024-07-27T22:58:38.005+0800: 9.397: [GC (CMS Initial Mark) [1 CMS-initial-mark: 192689K(507180K)] 200681K(554412K), 0.0010228 secs] [Times: user=0.00 sys=0.00, real=0.00 secs] 
2024-07-27T22:58:38.005+0800: 9.398: Total time for which application threads were stopped: 0.0012774 seconds, Stopping threads took: 0.0001790 seconds
2024-07-27T22:58:38.005+0800: 9.398: [CMS-concurrent-mark-start]
2024-07-27T22:58:38.007+0800: 9.400: [CMS-concurrent-mark: 0.002/0.002 secs] [Times: user=0.00 sys=0.00, real=0.00 secs] 
2024-07-27T22:58:38.007+0800: 9.400: [CMS-concurrent-preclean-start]
2024-07-27T22:58:38.007+0800: 9.401: [CMS-concurrent-preclean: 0.001/0.001 secs] [Times: user=0.00 sys=0.00, real=0.00 secs] 
2024-07-27T22:58:38.007+0800: 9.401: [CMS-concurrent-abortable-preclean-start]
2024-07-27T22:58:38.112+0800: 9.505: Application time: 0.1064870 seconds
2024-07-27T22:58:38.112+0800: 9.505: [GC (Allocation Failure) 2024-07-27T22:58:38.112+0800: 9.505: [ParNew: 46905K->5120K(47232K), 0.0108068 secs] 239594K->225457K(554412K), 0.0109163 secs] [Times: user=0.03 sys=0.00, real=0.01 secs] 
2024-07-27T22:58:38.123+0800: 9.516: Total time for which application threads were stopped: 0.0110914 seconds, Stopping threads took: 0.0000572 seconds
2024-07-27T22:58:38.127+0800: 9.520: Application time: 0.0039679 seconds
2024-07-27T22:58:38.127+0800: 9.520: [GC (Allocation Failure) 2024-07-27T22:58:38.127+0800: 9.520: [ParNew: 46905K->5120K(47232K), 0.0137917 secs] 267242K->266418K(554412K), 0.0138998 secs] [Times: user=0.03 sys=0.00, real=0.01 secs] 
2024-07-27T22:58:38.141+0800: 9.534: Total time for which application threads were stopped: 0.0140631 seconds, Stopping threads took: 0.0000385 seconds
2024-07-27T22:58:38.250+0800: 9.643: Application time: 0.1094063 seconds
2024-07-27T22:58:38.250+0800: 9.643: [GC (Allocation Failure) 2024-07-27T22:58:38.250+0800: 9.644: [ParNew: 46905K->5120K(47232K), 0.0083403 secs] 308203K->307379K(554412K), 0.0083982 secs] [Times: user=0.03 sys=0.00, real=0.01 secs] 
2024-07-27T22:58:38.259+0800: 9.652: Total time for which application threads were stopped: 0.0085095 seconds, Stopping threads took: 0.0000219 seconds
2024-07-27T22:58:38.259+0800: 9.652: [CMS-concurrent-abortable-preclean: 0.008/0.251 secs] [Times: user=0.09 sys=0.00, real=0.25 secs] 
2024-07-27T22:58:38.259+0800: 9.652: Application time: 0.0002786 seconds
2024-07-27T22:58:38.259+0800: 9.652: [GC (CMS Final Remark) [YG occupancy: 10040 K (47232 K)]2024-07-27T22:58:38.259+0800: 9.652: [Rescan (parallel) , 0.0012630 secs]2024-07-27T22:58:38.260+0800: 9.654: [weak refs processing, 0.0000128 secs]2024-07-27T22:58:38.260+0800: 9.654: [class unloading, 0.0003136 secs]2024-07-27T22:58:38.261+0800: 9.654: [scrub symbol table, 0.0003955 secs]2024-07-27T22:58:38.261+0800: 9.654: [scrub string table, 0.0001203 secs][1 CMS-remark: 302259K(507180K)] 312299K(554412K), 0.0021749 secs] [Times: user=0.00 sys=0.00, real=0.00 secs] 
2024-07-27T22:58:38.261+0800: 9.655: Total time for which application threads were stopped: 0.0023402 seconds, Stopping threads took: 0.0001284 seconds
2024-07-27T22:58:38.262+0800: 9.655: [CMS-concurrent-sweep-start]
2024-07-27T22:58:38.264+0800: 9.657: Application time: 0.0025606 seconds
2024-07-27T22:58:38.264+0800: 9.657: [GC (Allocation Failure) 2024-07-27T22:58:38.264+0800: 9.657: [ParNew: 46905K->5120K(47232K), 0.0078195 secs] 192489K->191665K(554412K), 0.0078675 secs] [Times: user=0.03 sys=0.00, real=0.01 secs] 
2024-07-27T22:58:38.273+0800: 9.665: Total time for which application threads were stopped: 0.0079747 seconds, Stopping threads took: 0.0000175 seconds
2024-07-27T22:58:38.273+0800: 9.665: [CMS-concurrent-sweep: 0.002/0.011 secs] [Times: user=0.03 sys=0.00, real=0.01 secs] 
2024-07-27T22:58:38.273+0800: 9.665: [CMS-concurrent-reset-start]
2024-07-27T22:58:38.274+0800: 9.667: [CMS-concurrent-reset: 0.002/0.002 secs] [Times: user=0.00 sys=0.00, real=0.00 secs] 
2024-07-27T22:58:38.275+0800: 9.668: Application time: 0.0033613 seconds
2024-07-27T22:58:38.275+0800: 9.669: [GC (Allocation Failure) 2024-07-27T22:58:38.275+0800: 9.669: [ParNew: 46905K->5120K(47232K), 0.0078728 secs] 198633K->197809K(554412K), 0.0079192 secs] [Times: user=0.00 sys=0.00, real=0.01 secs] 
2024-07-27T22:58:38.283+0800: 9.676: Total time for which application threads were stopped: 0.0080184 seconds, Stopping threads took: 0.0000169 seconds
2024-07-27T22:58:38.283+0800: 9.677: Application time: 0.0002305 seconds
2024-07-27T22:58:38.284+0800: 9.677: [GC (CMS Initial Mark) [1 CMS-initial-mark: 192689K(507180K)] 201705K(554412K), 0.0008237 secs] [Times: user=0.00 sys=0.00, real=0.00 secs] 
2024-07-27T22:58:38.284+0800: 9.678: Total time for which application threads were stopped: 0.0009586 seconds, Stopping threads took: 0.0000941 seconds
2024-07-27T22:58:38.285+0800: 9.678: [CMS-concurrent-mark-start]
2024-07-27T22:58:38.286+0800: 9.679: [CMS-concurrent-mark: 0.001/0.001 secs] [Times: user=0.03 sys=0.00, real=0.00 secs] 
2024-07-27T22:58:38.286+0800: 9.679: [CMS-concurrent-preclean-start]
2024-07-27T22:58:38.287+0800: 9.680: [CMS-concurrent-preclean: 0.001/0.001 secs] [Times: user=0.00 sys=0.00, real=0.00 secs] 
2024-07-27T22:58:38.287+0800: 9.680: [CMS-concurrent-abortable-preclean-start]
2024-07-27T22:58:38.394+0800: 9.787: Application time: 0.1093069 seconds
2024-07-27T22:58:38.394+0800: 9.787: [GC (Allocation Failure) 2024-07-27T22:58:38.394+0800: 9.787: [ParNew: 46905K->5120K(47232K), 0.0078821 secs] 239594K->225457K(554412K), 0.0079501 secs] [Times: user=0.09 sys=0.00, real=0.01 secs] 
2024-07-27T22:58:38.403+0800: 9.795: Total time for which application threads were stopped: 0.0080890 seconds, Stopping threads took: 0.0000236 seconds
2024-07-27T22:58:38.407+0800: 9.799: Application time: 0.0041573 seconds
2024-07-27T22:58:38.407+0800: 9.799: [GC (Allocation Failure) 2024-07-27T22:58:38.407+0800: 9.799: [ParNew: 46905K->5120K(47232K), 0.0127028 secs] 267242K->266418K(554412K), 0.0128104 secs] [Times: user=0.03 sys=0.00, real=0.01 secs] 
2024-07-27T22:58:38.420+0800: 9.812: Total time for which application threads were stopped: 0.0129686 seconds, Stopping threads took: 0.0000435 seconds
2024-07-27T22:58:38.533+0800: 9.926: Application time: 0.1135556 seconds
2024-07-27T22:58:38.533+0800: 9.926: [GC (Allocation Failure) 2024-07-27T22:58:38.533+0800: 9.926: [ParNew: 46905K->5120K(47232K), 0.0100426 secs] 308203K->307379K(554412K), 0.0101373 secs] [Times: user=0.03 sys=0.00, real=0.01 secs] 
2024-07-27T22:58:38.544+0800: 9.936: Total time for which application threads were stopped: 0.0103023 seconds, Stopping threads took: 0.0000364 seconds
2024-07-27T22:58:38.544+0800: 9.936: [CMS-concurrent-abortable-preclean: 0.008/0.256 secs] [Times: user=0.16 sys=0.00, real=0.26 secs] 
2024-07-27T22:58:38.544+0800: 9.936: Application time: 0.0003583 seconds
2024-07-27T22:58:38.544+0800: 9.937: [GC (CMS Final Remark) [YG occupancy: 11064 K (47232 K)]2024-07-27T22:58:38.544+0800: 9.937: [Rescan (parallel) , 0.0010250 secs]2024-07-27T22:58:38.544+0800: 9.938: [weak refs processing, 0.0000139 secs]2024-07-27T22:58:38.544+0800: 9.938: [class unloading, 0.0003492 secs]2024-07-27T22:58:38.545+0800: 9.938: [scrub symbol table, 0.0004235 secs]2024-07-27T22:58:38.545+0800: 9.938: [scrub string table, 0.0001226 secs][1 CMS-remark: 302259K(507180K)] 313323K(554412K), 0.0020037 secs] [Times: user=0.00 sys=0.00, real=0.00 secs] 
2024-07-27T22:58:38.545+0800: 9.939: Total time for which application threads were stopped: 0.0021249 seconds, Stopping threads took: 0.0000803 seconds
2024-07-27T22:58:38.545+0800: 9.939: [CMS-concurrent-sweep-start]
2024-07-27T22:58:38.548+0800: 9.942: 2024-07-27T22:58:38.548+0800: 9.942: [CMS-concurrent-sweep: 0.003/0.003 secs]Application time: 0.0030334 seconds
 [Times: user=0.00 sys=0.00, real=0.00 secs] 
2024-07-27T22:58:38.548+0800: 9.942: [GC (Allocation Failure) 2024-07-27T22:58:38.548+0800: 9.942: [ParNew: 46905K->5120K(47232K), 0.0086024 secs] 157673K->156848K(554412K), 0.0086575 secs] [Times: user=0.03 sys=0.00, real=0.01 secs] 
2024-07-27T22:58:38.558+0800: 9.950: Total time for which application threads were stopped: 0.0087773 seconds, Stopping threads took: 0.0000268 seconds
2024-07-27T22:58:38.558+0800: 9.950: [CMS-concurrent-reset-start]
2024-07-27T22:58:38.559+0800: 9.952: [CMS-concurrent-reset: 0.002/0.002 secs] [Times: user=0.00 sys=0.00, real=0.00 secs] 
2024-07-27T22:58:38.561+0800: 9.954: Application time: 0.0034996 seconds
2024-07-27T22:58:38.561+0800: 9.954: [GC (Allocation Failure) 2024-07-27T22:58:38.561+0800: 9.954: [ParNew: 46905K->5120K(47232K), 0.0085380 secs] 198633K->197809K(554412K), 0.0085932 secs] [Times: user=0.03 sys=0.00, real=0.01 secs] 
2024-07-27T22:58:38.569+0800: 9.963: Total time for which application threads were stopped: 0.0087015 seconds, Stopping threads took: 0.0000178 seconds
2024-07-27T22:58:38.569+0800: 9.963: Application time: 0.0001587 seconds
2024-07-27T22:58:38.570+0800: 9.963: [GC (CMS Initial Mark) [1 CMS-initial-mark: 192689K(507180K)] 198833K(554412K), 0.0005139 secs] [Times: user=0.00 sys=0.00, real=0.00 secs] 
2024-07-27T22:58:38.571+0800: 9.963: Total time for which application threads were stopped: 0.0006402 seconds, Stopping threads took: 0.0000859 seconds
2024-07-27T22:58:38.571+0800: 9.963: [CMS-concurrent-mark-start]
2024-07-27T22:58:38.573+0800: 9.965: [CMS-concurrent-mark: 0.002/0.002 secs] [Times: user=0.00 sys=0.00, real=0.00 secs] 
2024-07-27T22:58:38.573+0800: 9.965: [CMS-concurrent-preclean-start]
2024-07-27T22:58:38.573+0800: 9.966: [CMS-concurrent-preclean: 0.001/0.001 secs] [Times: user=0.00 sys=0.00, real=0.00 secs] 
2024-07-27T22:58:38.573+0800: 9.966: [CMS-concurrent-abortable-preclean-start]
2024-07-27T22:58:38.675+0800: 10.068: Application time: 0.1049963 seconds
2024-07-27T22:58:38.675+0800: 10.068: [GC (Allocation Failure) 2024-07-27T22:58:38.675+0800: 10.068: [ParNew: 46905K->5120K(47232K), 0.0084715 secs] 239594K->225457K(554412K), 0.0085600 secs] [Times: user=0.11 sys=0.00, real=0.01 secs] 
2024-07-27T22:58:38.685+0800: 10.077: Total time for which application threads were stopped: 0.0087078 seconds, Stopping threads took: 0.0000291 seconds
2024-07-27T22:58:38.687+0800: 10.081: Application time: 0.0037513 seconds
2024-07-27T22:58:38.688+0800: 10.081: [GC (Allocation Failure) 2024-07-27T22:58:38.688+0800: 10.081: [ParNew: 46905K->5120K(47232K), 0.0122074 secs] 267242K->266418K(554412K), 0.0123299 secs] [Times: user=0.03 sys=0.00, real=0.01 secs] 
2024-07-27T22:58:38.701+0800: 10.093: Total time for which application threads were stopped: 0.0124956 seconds, Stopping threads took: 0.0000282 seconds
2024-07-27T22:58:38.817+0800: 10.210: Application time: 0.1169809 seconds
2024-07-27T22:58:38.817+0800: 10.210: [GC (Allocation Failure) 2024-07-27T22:58:38.817+0800: 10.210: [ParNew: 46905K->5120K(47232K), 0.0080504 secs] 308203K->307379K(554412K), 0.0081120 secs] [Times: user=0.00 sys=0.00, real=0.01 secs] 
2024-07-27T22:58:38.825+0800: 10.219: Total time for which application threads were stopped: 0.0082235 seconds, Stopping threads took: 0.0000213 seconds
2024-07-27T22:58:38.825+0800: 10.219: [CMS-concurrent-abortable-preclean: 0.007/0.253 secs] [Times: user=0.17 sys=0.00, real=0.25 secs] 
2024-07-27T22:58:38.825+0800: 10.219: Application time: 0.0003058 seconds
2024-07-27T22:58:38.826+0800: 10.219: [GC (CMS Final Remark) [YG occupancy: 10040 K (47232 K)]2024-07-27T22:58:38.826+0800: 10.219: [Rescan (parallel) , 0.0010518 secs]2024-07-27T22:58:38.828+0800: 10.220: [weak refs processing, 0.0000137 secs]2024-07-27T22:58:38.828+0800: 10.220: [class unloading, 0.0003140 secs]2024-07-27T22:58:38.828+0800: 10.220: [scrub symbol table, 0.0004119 secs]2024-07-27T22:58:38.828+0800: 10.221: [scrub string table, 0.0001220 secs][1 CMS-remark: 302259K(507180K)] 312299K(554412K), 0.0019806 secs] [Times: user=0.00 sys=0.00, real=0.00 secs] 
2024-07-27T22:58:38.828+0800: 10.221: Total time for which application threads were stopped: 0.0021127 seconds, Stopping threads took: 0.0000926 seconds
2024-07-27T22:58:38.829+0800: 10.221: [CMS-concurrent-sweep-start]
2024-07-27T22:58:38.831+0800: 10.223: Application time: 0.0025114 seconds
2024-07-27T22:58:38.831+0800: 10.224: [GC (Allocation Failure) 2024-07-27T22:58:38.831+0800: 10.224: [ParNew: 46905K->5120K(47232K), 0.0083565 secs] 232426K->231602K(554412K), 0.0084028 secs] [Times: user=0.03 sys=0.00, real=0.01 secs] 
2024-07-27T22:58:38.839+0800: 10.232: Total time for which application threads were stopped: 0.0085005 seconds, Stopping threads took: 0.0000148 seconds
2024-07-27T22:58:38.840+0800: 10.232: [CMS-concurrent-sweep: 0.002/0.011 secs] [Times: user=0.03 sys=0.00, real=0.01 secs] 
2024-07-27T22:58:38.840+0800: 10.232: [CMS-concurrent-reset-start]
2024-07-27T22:58:38.841+0800: 10.234: [CMS-concurrent-reset: 0.001/0.001 secs] [Times: user=0.00 sys=0.00, real=0.00 secs] 
2024-07-27T22:58:38.843+0800: 10.235: Application time: 0.0034952 seconds
2024-07-27T22:58:38.843+0800: 10.236: [GC (Allocation Failure) 2024-07-27T22:58:38.843+0800: 10.236: [ParNew: 46905K->5120K(47232K), 0.0080855 secs] 198633K->197809K(554412K), 0.0081329 secs] [Times: user=0.03 sys=0.00, real=0.01 secs] 
2024-07-27T22:58:38.851+0800: 10.244: Total time for which application threads were stopped: 0.0082357 seconds, Stopping threads took: 0.0000173 seconds
2024-07-27T22:58:38.851+0800: 10.244: Application time: 0.0002297 seconds
2024-07-27T22:58:38.851+0800: 10.244: [GC (CMS Initial Mark) [1 CMS-initial-mark: 192689K(507180K)] 201705K(554412K), 0.0008376 secs] [Times: user=0.00 sys=0.00, real=0.00 secs] 
2024-07-27T22:58:38.852+0800: 10.245: Total time for which application threads were stopped: 0.0009489 seconds, Stopping threads took: 0.0000697 seconds
2024-07-27T22:58:38.852+0800: 10.245: [CMS-concurrent-mark-start]
2024-07-27T22:58:38.854+0800: 10.246: [CMS-concurrent-mark: 0.001/0.001 secs] [Times: user=0.00 sys=0.00, real=0.00 secs] 
2024-07-27T22:58:38.854+0800: 10.246: [CMS-concurrent-preclean-start]
2024-07-27T22:58:38.854+0800: 10.247: [CMS-concurrent-preclean: 0.001/0.001 secs] [Times: user=0.00 sys=0.00, real=0.00 secs] 
2024-07-27T22:58:38.854+0800: 10.247: [CMS-concurrent-abortable-preclean-start]
2024-07-27T22:58:38.960+0800: 10.352: Application time: 0.1075487 seconds
2024-07-27T22:58:38.960+0800: 10.353: [GC (Allocation Failure) 2024-07-27T22:58:38.960+0800: 10.353: [ParNew: 46905K->5120K(47232K), 0.0090390 secs] 239594K->225457K(554412K), 0.0091002 secs] [Times: user=0.00 sys=0.00, real=0.01 secs] 
2024-07-27T22:58:38.969+0800: 10.362: Total time for which application threads were stopped: 0.0092216 seconds, Stopping threads took: 0.0000230 seconds
2024-07-27T22:58:38.973+0800: 10.366: Application time: 0.0042746 seconds
2024-07-27T22:58:38.974+0800: 10.366: [GC (Allocation Failure) 2024-07-27T22:58:38.974+0800: 10.366: [ParNew: 46905K->5120K(47232K), 0.0121555 secs] 267242K->266418K(554412K), 0.0123946 secs] [Times: user=0.00 sys=0.00, real=0.01 secs] 
2024-07-27T22:58:38.986+0800: 10.379: Total time for which application threads were stopped: 0.0127519 seconds, Stopping threads took: 0.0000984 seconds
2024-07-27T22:58:39.101+0800: 10.494: Application time: 0.1151687 seconds
2024-07-27T22:58:39.101+0800: 10.494: [GC (Allocation Failure) 2024-07-27T22:58:39.101+0800: 10.494: [ParNew: 46905K->5120K(47232K), 0.0079625 secs] 308203K->307379K(554412K), 0.0080230 secs] [Times: user=0.00 sys=0.00, real=0.01 secs] 
2024-07-27T22:58:39.110+0800: 10.502: Total time for which application threads were stopped: 0.0081439 seconds, Stopping threads took: 0.0000244 seconds
2024-07-27T22:58:39.110+0800: 10.502: [CMS-concurrent-abortable-preclean: 0.009/0.255 secs] [Times: user=0.06 sys=0.00, real=0.26 secs] 
2024-07-27T22:58:39.110+0800: 10.502: Application time: 0.0003653 seconds
2024-07-27T22:58:39.110+0800: 10.503: [GC (CMS Final Remark) [YG occupancy: 12088 K (47232 K)]2024-07-27T22:58:39.110+0800: 10.503: [Rescan (parallel) , 0.0010332 secs]2024-07-27T22:58:39.111+0800: 10.504: [weak refs processing, 0.0000132 secs]2024-07-27T22:58:39.111+0800: 10.504: [class unloading, 0.0003334 secs]2024-07-27T22:58:39.111+0800: 10.504: [scrub symbol table, 0.0005236 secs]2024-07-27T22:58:39.112+0800: 10.505: [scrub string table, 0.0001420 secs][1 CMS-remark: 302259K(507180K)] 314347K(554412K), 0.0021125 secs] [Times: user=0.00 sys=0.00, real=0.00 secs] 
2024-07-27T22:58:39.112+0800: 10.505: Total time for which application threads were stopped: 0.0023269 seconds, Stopping threads took: 0.0001760 seconds
2024-07-27T22:58:39.112+0800: 10.505: [CMS-concurrent-sweep-start]
2024-07-27T22:58:39.114+0800: 10.507: Application time: 0.0025636 seconds
2024-07-27T22:58:39.114+0800: 10.507: [GC (Allocation Failure) 2024-07-27T22:58:39.114+0800: 10.507: [ParNew: 46905K->5120K(47232K), 0.0081481 secs] 308203K->307379K(554412K), 0.0081979 secs] [Times: user=0.00 sys=0.00, real=0.01 secs] 
2024-07-27T22:58:39.123+0800: 10.516: Total time for which application threads were stopped: 0.0082973 seconds, Stopping threads took: 0.0000157 seconds
2024-07-27T22:58:39.123+0800: 10.516: [CMS-concurrent-sweep: 0.003/0.011 secs] [Times: user=0.02 sys=0.00, real=0.01 secs] 
2024-07-27T22:58:39.123+0800: 10.516: [CMS-concurrent-reset-start]
2024-07-27T22:58:39.124+0800: 10.518: [CMS-concurrent-reset: 0.002/0.002 secs] [Times: user=0.00 sys=0.00, real=0.00 secs] 
2024-07-27T22:58:39.126+0800: 10.519: Application time: 0.0036834 seconds
2024-07-27T22:58:39.126+0800: 10.519: [GC (Allocation Failure) 2024-07-27T22:58:39.126+0800: 10.519: [ParNew: 46905K->5120K(47232K), 0.0079196 secs] 198633K->197809K(554412K), 0.0079714 secs] [Times: user=0.03 sys=0.00, real=0.01 secs] 
2024-07-27T22:58:39.135+0800: 10.527: Total time for which application threads were stopped: 0.0080727 seconds, Stopping threads took: 0.0000165 seconds
2024-07-27T22:58:39.135+0800: 10.528: Application time: 0.0002276 seconds
2024-07-27T22:58:39.135+0800: 10.528: [GC (CMS Initial Mark) [1 CMS-initial-mark: 192689K(507180K)] 201705K(554412K), 0.0007490 secs] [Times: user=0.00 sys=0.00, real=0.00 secs] 
2024-07-27T22:58:39.136+0800: 10.529: Total time for which application threads were stopped: 0.0009605 seconds, Stopping threads took: 0.0001687 seconds
2024-07-27T22:58:39.136+0800: 10.529: [CMS-concurrent-mark-start]
2024-07-27T22:58:39.137+0800: 10.530: [CMS-concurrent-mark: 0.001/0.001 secs] [Times: user=0.00 sys=0.00, real=0.00 secs] 
2024-07-27T22:58:39.137+0800: 10.530: [CMS-concurrent-preclean-start]
2024-07-27T22:58:39.138+0800: 10.531: [CMS-concurrent-preclean: 0.001/0.001 secs] [Times: user=0.00 sys=0.00, real=0.00 secs] 
2024-07-27T22:58:39.138+0800: 10.531: [CMS-concurrent-abortable-preclean-start]
2024-07-27T22:58:39.244+0800: 10.636: Application time: 0.1078708 seconds
2024-07-27T22:58:39.244+0800: 10.637: [GC (Allocation Failure) 2024-07-27T22:58:39.244+0800: 10.637: [ParNew: 46905K->5120K(47232K), 0.0081954 secs] 239594K->225457K(554412K), 0.0082811 secs] [Times: user=0.00 sys=0.00, real=0.01 secs] 
2024-07-27T22:58:39.252+0800: 10.645: Total time for which application threads were stopped: 0.0084315 seconds, Stopping threads took: 0.0000453 seconds
2024-07-27T22:58:39.257+0800: 10.650: Application time: 0.0049042 seconds
2024-07-27T22:58:39.257+0800: 10.650: [GC (Allocation Failure) 2024-07-27T22:58:39.257+0800: 10.650: [ParNew: 46905K->5120K(47232K), 0.0119349 secs] 267242K->266418K(554412K), 0.0120068 secs] [Times: user=0.00 sys=0.00, real=0.01 secs] 
2024-07-27T22:58:39.269+0800: 10.662: Total time for which application threads were stopped: 0.0121581 seconds, Stopping threads took: 0.0000322 seconds
2024-07-27T22:58:39.384+0800: 10.776: Application time: 0.1145552 seconds
2024-07-27T22:58:39.384+0800: 10.777: [GC (Allocation Failure) 2024-07-27T22:58:39.384+0800: 10.777: [ParNew: 46905K->5120K(47232K), 0.0078359 secs] 308203K->307379K(554412K), 0.0078977 secs] [Times: user=0.00 sys=0.00, real=0.01 secs] 
2024-07-27T22:58:39.391+0800: 10.785: Total time for which application threads were stopped: 0.0080387 seconds, Stopping threads took: 0.0000215 seconds
2024-07-27T22:58:39.392+0800: 10.785: [CMS-concurrent-abortable-preclean: 0.009/0.254 secs] [Times: user=0.06 sys=0.00, real=0.25 secs] 
2024-07-27T22:58:39.392+0800: 10.785: Application time: 0.0002571 seconds
2024-07-27T22:58:39.392+0800: 10.785: [GC (CMS Final Remark) [YG occupancy: 9016 K (47232 K)]2024-07-27T22:58:39.392+0800: 10.785: [Rescan (parallel) , 0.0007190 secs]2024-07-27T22:58:39.393+0800: 10.786: [weak refs processing, 0.0000129 secs]2024-07-27T22:58:39.393+0800: 10.786: [class unloading, 0.0003399 secs]2024-07-27T22:58:39.393+0800: 10.786: [scrub symbol table, 0.0004319 secs]2024-07-27T22:58:39.393+0800: 10.787: [scrub string table, 0.0001377 secs][1 CMS-remark: 302259K(507180K)] 311275K(554412K), 0.0017054 secs] [Times: user=0.00 sys=0.00, real=0.00 secs] 
2024-07-27T22:58:39.394+0800: 10.787: Total time for which application threads were stopped: 0.0018861 seconds, Stopping threads took: 0.0001437 seconds
2024-07-27T22:58:39.394+0800: 10.787: [CMS-concurrent-sweep-start]
2024-07-27T22:58:39.396+0800: 10.789: Application time: 0.0025680 seconds
2024-07-27T22:58:39.396+0800: 10.789: [GC (Allocation Failure) 2024-07-27T22:58:39.396+0800: 10.789: [ParNew: 46905K->5120K(47232K), 0.0080840 secs] 157673K->156848K(554412K), 0.0081324 secs] [Times: user=0.00 sys=0.00, real=0.01 secs] 
2024-07-27T22:58:39.405+0800: 10.797: Total time for which application threads were stopped: 0.0082277 seconds, Stopping threads took: 0.0000137 seconds
2024-07-27T22:58:39.405+0800: 10.798: [CMS-concurrent-sweep: 0.002/0.011 secs] [Times: user=0.03 sys=0.00, real=0.01 secs] 
2024-07-27T22:58:39.405+0800: 10.798: [CMS-concurrent-reset-start]
2024-07-27T22:58:39.406+0800: 10.799: [CMS-concurrent-reset: 0.001/0.001 secs] [Times: user=0.00 sys=0.00, real=0.00 secs] 
2024-07-27T22:58:39.408+0800: 10.801: Application time: 0.0033706 seconds
2024-07-27T22:58:39.408+0800: 10.801: [GC (Allocation Failure) 2024-07-27T22:58:39.408+0800: 10.801: [ParNew: 46905K->5120K(47232K), 0.0077765 secs] 198633K->197809K(554412K), 0.0078237 secs] [Times: user=0.03 sys=0.00, real=0.01 secs] 
2024-07-27T22:58:39.416+0800: 10.809: Total time for which application threads were stopped: 0.0079228 seconds, Stopping threads took: 0.0000168 seconds
2024-07-27T22:58:39.416+0800: 10.809: Application time: 0.0002462 seconds
2024-07-27T22:58:39.416+0800: 10.809: [GC (CMS Initial Mark) [1 CMS-initial-mark: 192689K(507180K)] 201705K(554412K), 0.0007701 secs] [Times: user=0.00 sys=0.00, real=0.00 secs] 
2024-07-27T22:58:39.417+0800: 10.810: Total time for which application threads were stopped: 0.0009525 seconds, Stopping threads took: 0.0001401 seconds
2024-07-27T22:58:39.417+0800: 10.810: [CMS-concurrent-mark-start]
2024-07-27T22:58:39.418+0800: 10.811: [CMS-concurrent-mark: 0.001/0.001 secs] [Times: user=0.00 sys=0.00, real=0.00 secs] 
2024-07-27T22:58:39.419+0800: 10.811: [CMS-concurrent-preclean-start]
2024-07-27T22:58:39.419+0800: 10.812: [CMS-concurrent-preclean: 0.001/0.001 secs] [Times: user=0.00 sys=0.00, real=0.00 secs] 
2024-07-27T22:58:39.419+0800: 10.812: [CMS-concurrent-abortable-preclean-start]
2024-07-27T22:58:39.525+0800: 10.918: Application time: 0.1078242 seconds
2024-07-27T22:58:39.525+0800: 10.918: [GC (Allocation Failure) 2024-07-27T22:58:39.525+0800: 10.918: [ParNew: 46905K->5120K(47232K), 0.0084561 secs] 239594K->225457K(554412K), 0.0085762 secs] [Times: user=0.00 sys=0.00, real=0.01 secs] 
2024-07-27T22:58:39.534+0800: 10.927: Total time for which application threads were stopped: 0.0087570 seconds, Stopping threads took: 0.0000338 seconds
2024-07-27T22:58:39.537+0800: 10.930: Application time: 0.0035745 seconds
2024-07-27T22:58:39.537+0800: 10.930: [GC (Allocation Failure) 2024-07-27T22:58:39.537+0800: 10.930: [ParNew: 46905K->5120K(47232K), 0.0135320 secs] 267242K->266418K(554412K), 0.0136150 secs] [Times: user=0.02 sys=0.00, real=0.01 secs] 
2024-07-27T22:58:39.551+0800: 10.944: Total time for which application threads were stopped: 0.0137790 seconds, Stopping threads took: 0.0000383 seconds
2024-07-27T22:58:39.663+0800: 11.056: Application time: 0.1121971 seconds
2024-07-27T22:58:39.663+0800: 11.056: [GC (Allocation Failure) 2024-07-27T22:58:39.663+0800: 11.056: [ParNew: 46905K->5120K(47232K), 0.0077415 secs] 308203K->307379K(554412K), 0.0078014 secs] [Times: user=0.00 sys=0.00, real=0.01 secs] 
2024-07-27T22:58:39.671+0800: 11.064: Total time for which application threads were stopped: 0.0079123 seconds, Stopping threads took: 0.0000215 seconds
2024-07-27T22:58:39.671+0800: 11.064: [CMS-concurrent-abortable-preclean: 0.009/0.252 secs] [Times: user=0.05 sys=0.00, real=0.25 secs] 
2024-07-27T22:58:39.672+0800: 11.064: Application time: 0.0002971 seconds
2024-07-27T22:58:39.672+0800: 11.065: [GC (CMS Final Remark) [YG occupancy: 10040 K (47232 K)]2024-07-27T22:58:39.672+0800: 11.065: [Rescan (parallel) , 0.0007511 secs]2024-07-27T22:58:39.673+0800: 11.065: [weak refs processing, 0.0000127 secs]2024-07-27T22:58:39.673+0800: 11.065: [class unloading, 0.0003243 secs]2024-07-27T22:58:39.673+0800: 11.066: [scrub symbol table, 0.0004416 secs]2024-07-27T22:58:39.673+0800: 11.066: [scrub string table, 0.0001333 secs][1 CMS-remark: 302259K(507180K)] 312299K(554412K), 0.0017270 secs] [Times: user=0.00 sys=0.00, real=0.00 secs] 
2024-07-27T22:58:39.673+0800: 11.066: Total time for which application threads were stopped: 0.0019622 seconds, Stopping threads took: 0.0001862 seconds
2024-07-27T22:58:39.674+0800: 11.066: [CMS-concurrent-sweep-start]
2024-07-27T22:58:39.676+0800: 11.069: Application time: 0.0025199 seconds
2024-07-27T22:58:39.676+0800: 11.069: [GC (Allocation Failure) 2024-07-27T22:58:39.676+0800: 11.069: [ParNew: 46905K->5120K(47232K), 0.0079202 secs] 250858K->250034K(554412K), 0.0079687 secs] [Times: user=0.13 sys=0.00, real=0.01 secs] 
2024-07-27T22:58:39.684+0800: 11.077: Total time for which application threads were stopped: 0.0080653 seconds, Stopping threads took: 0.0000149 seconds
2024-07-27T22:58:39.685+0800: 11.077: [CMS-concurrent-sweep: 0.002/0.011 secs] [Times: user=0.13 sys=0.00, real=0.01 secs] 
2024-07-27T22:58:39.685+0800: 11.077: [CMS-concurrent-reset-start]
2024-07-27T22:58:39.686+0800: 11.079: [CMS-concurrent-reset: 0.001/0.001 secs] [Times: user=0.00 sys=0.00, real=0.00 secs] 
2024-07-27T22:58:39.688+0800: 11.080: Application time: 0.0033927 seconds
2024-07-27T22:58:39.688+0800: 11.080: [GC (Allocation Failure) 2024-07-27T22:58:39.688+0800: 11.080: [ParNew: 46905K->5120K(47232K), 0.0077429 secs] 198633K->197809K(554412K), 0.0077885 secs] [Times: user=0.03 sys=0.00, real=0.01 secs] 
2024-07-27T22:58:39.695+0800: 11.088: Total time for which application threads were stopped: 0.0078890 seconds, Stopping threads took: 0.0000170 seconds
2024-07-27T22:58:39.695+0800: 11.088: Application time: 0.0001864 seconds
2024-07-27T22:58:39.696+0800: 11.089: [GC (CMS Initial Mark) [1 CMS-initial-mark: 192689K(507180K)] 200681K(554412K), 0.0005741 secs] [Times: user=0.00 sys=0.00, real=0.00 secs] 
2024-07-27T22:58:39.696+0800: 11.089: Total time for which application threads were stopped: 0.0008044 seconds, Stopping threads took: 0.0001887 seconds
2024-07-27T22:58:39.696+0800: 11.089: [CMS-concurrent-mark-start]
2024-07-27T22:58:39.698+0800: 11.091: [CMS-concurrent-mark: 0.001/0.001 secs] [Times: user=0.00 sys=0.00, real=0.00 secs] 
2024-07-27T22:58:39.698+0800: 11.091: [CMS-concurrent-preclean-start]
2024-07-27T22:58:39.698+0800: 11.091: [CMS-concurrent-preclean: 0.001/0.001 secs] [Times: user=0.00 sys=0.00, real=0.00 secs] 
2024-07-27T22:58:39.698+0800: 11.091: [CMS-concurrent-abortable-preclean-start]
2024-07-27T22:58:39.806+0800: 11.199: Application time: 0.1093541 seconds
2024-07-27T22:58:39.806+0800: 11.199: [GC (Allocation Failure) 2024-07-27T22:58:39.806+0800: 11.199: [ParNew: 46905K->5120K(47232K), 0.0086925 secs] 239594K->225457K(554412K), 0.0087742 secs] [Times: user=0.00 sys=0.00, real=0.01 secs] 
2024-07-27T22:58:39.815+0800: 11.207: Total time for which application threads were stopped: 0.0089354 seconds, Stopping threads took: 0.0000276 seconds
2024-07-27T22:58:39.820+0800: 11.212: Application time: 0.0046255 seconds
2024-07-27T22:58:39.820+0800: 11.212: [GC (Allocation Failure) 2024-07-27T22:58:39.820+0800: 11.212: [ParNew: 46905K->5120K(47232K), 0.0114360 secs] 267242K->266418K(554412K), 0.0114985 secs] [Times: user=0.00 sys=0.00, real=0.01 secs] 
2024-07-27T22:58:39.831+0800: 11.224: Total time for which application threads were stopped: 0.0116201 seconds, Stopping threads took: 0.0000248 seconds
2024-07-27T22:58:39.946+0800: 11.338: Application time: 0.1146280 seconds
2024-07-27T22:58:39.946+0800: 11.338: [GC (Allocation Failure) 2024-07-27T22:58:39.946+0800: 11.338: [ParNew: 46905K->5120K(47232K), 0.0081731 secs] 308203K->307379K(554412K), 0.0082306 secs] [Times: user=0.00 sys=0.00, real=0.01 secs] 
2024-07-27T22:58:39.954+0800: 11.347: Total time for which application threads were stopped: 0.0083411 seconds, Stopping threads took: 0.0000213 seconds
2024-07-27T22:58:39.954+0800: 11.347: [CMS-concurrent-abortable-preclean: 0.009/0.255 secs] [Times: user=0.06 sys=0.00, real=0.26 secs] 
2024-07-27T22:58:39.954+0800: 11.347: Application time: 0.0002691 seconds
2024-07-27T22:58:39.954+0800: 11.347: [GC (CMS Final Remark) [YG occupancy: 10040 K (47232 K)]2024-07-27T22:58:39.954+0800: 11.347: [Rescan (parallel) , 0.0011868 secs]2024-07-27T22:58:39.955+0800: 11.348: [weak refs processing, 0.0000129 secs]2024-07-27T22:58:39.955+0800: 11.348: [class unloading, 0.0003154 secs]2024-07-27T22:58:39.956+0800: 11.349: [scrub symbol table, 0.0003995 secs]2024-07-27T22:58:39.956+0800: 11.349: [scrub string table, 0.0001215 secs][1 CMS-remark: 302259K(507180K)] 312299K(554412K), 0.0021008 secs] [Times: user=0.00 sys=0.00, real=0.00 secs] 
2024-07-27T22:58:39.956+0800: 11.349: Total time for which application threads were stopped: 0.0022315 seconds, Stopping threads took: 0.0000940 seconds
2024-07-27T22:58:39.956+0800: 11.349: [CMS-concurrent-sweep-start]
2024-07-27T22:58:39.959+0800: 11.352: [CMS-concurrent-sweep: 0.002/0.002 secs] [Times: user=0.03 sys=0.00, real=0.00 secs] 
2024-07-27T22:58:39.959+0800: 11.352: Application time: 0.0025351 seconds
2024-07-27T22:58:39.959+0800: 11.352: [GC (Allocation Failure) 2024-07-27T22:58:39.959+0800: 11.352: [ParNew: 46905K->5120K(47232K), 0.0076432 secs] 157673K->156848K(554412K), 0.0076936 secs] [Times: user=0.00 sys=0.00, real=0.01 secs] 
2024-07-27T22:58:39.967+0800: 11.360: Total time for which application threads were stopped: 0.0078183 seconds, Stopping threads took: 0.0000284 seconds
2024-07-27T22:58:39.967+0800: 11.360: [CMS-concurrent-reset-start]
2024-07-27T22:58:39.968+0800: 11.361: [CMS-concurrent-reset: 0.001/0.001 secs] [Times: user=0.00 sys=0.00, real=0.00 secs] 
2024-07-27T22:58:39.970+0800: 11.363: Application time: 0.0033934 seconds
2024-07-27T22:58:39.970+0800: 11.363: [GC (Allocation Failure) 2024-07-27T22:58:39.970+0800: 11.363: [ParNew: 46905K->5120K(47232K), 0.0078853 secs] 198633K->197809K(554412K), 0.0079343 secs] [Times: user=0.03 sys=0.00, real=0.01 secs] 
2024-07-27T22:58:39.978+0800: 11.371: Total time for which application threads were stopped: 0.0080326 seconds, Stopping threads took: 0.0000165 seconds
2024-07-27T22:58:39.978+0800: 11.371: Application time: 0.0002402 seconds
2024-07-27T22:58:39.978+0800: 11.371: [GC (CMS Initial Mark) [1 CMS-initial-mark: 192689K(507180K)] 201705K(554412K), 0.0007387 secs] [Times: user=0.00 sys=0.00, real=0.00 secs] 
2024-07-27T22:58:39.979+0800: 11.372: Total time for which application threads were stopped: 0.0008611 seconds, Stopping threads took: 0.0000801 seconds
2024-07-27T22:58:39.980+0800: 11.372: [CMS-concurrent-mark-start]
2024-07-27T22:58:39.981+0800: 11.374: [CMS-concurrent-mark: 0.001/0.001 secs] [Times: user=0.00 sys=0.00, real=0.00 secs] 
2024-07-27T22:58:39.981+0800: 11.374: [CMS-concurrent-preclean-start]
2024-07-27T22:58:39.981+0800: 11.374: [CMS-concurrent-preclean: 0.001/0.001 secs] [Times: user=0.00 sys=0.00, real=0.00 secs] 
2024-07-27T22:58:39.981+0800: 11.374: [CMS-concurrent-abortable-preclean-start]
2024-07-27T22:58:40.089+0800: 11.482: Application time: 0.1097014 seconds
2024-07-27T22:58:40.089+0800: 11.482: [GC (Allocation Failure) 2024-07-27T22:58:40.089+0800: 11.482: [ParNew: 46905K->5120K(47232K), 0.0087408 secs] 239594K->225457K(554412K), 0.0088687 secs] [Times: user=0.02 sys=0.00, real=0.01 secs] 
2024-07-27T22:58:40.098+0800: 11.491: Total time for which application threads were stopped: 0.0090649 seconds, Stopping threads took: 0.0000419 seconds
2024-07-27T22:58:40.101+0800: 11.495: Application time: 0.0037947 seconds
2024-07-27T22:58:40.101+0800: 11.495: [GC (Allocation Failure) 2024-07-27T22:58:40.101+0800: 11.495: [ParNew: 46905K->5120K(47232K), 0.0132479 secs] 267242K->266418K(554412K), 0.0133038 secs] [Times: user=0.03 sys=0.00, real=0.01 secs] 
2024-07-27T22:58:40.115+0800: 11.508: Total time for which application threads were stopped: 0.0134131 seconds, Stopping threads took: 0.0000205 seconds
2024-07-27T22:58:40.224+0800: 11.617: Application time: 0.1089664 seconds
2024-07-27T22:58:40.224+0800: 11.617: [GC (Allocation Failure) 2024-07-27T22:58:40.224+0800: 11.617: [ParNew: 46905K->5120K(47232K), 0.0080339 secs] 308203K->307379K(554412K), 0.0080928 secs] [Times: user=0.00 sys=0.00, real=0.01 secs] 
2024-07-27T22:58:40.232+0800: 11.625: Total time for which application threads were stopped: 0.0082167 seconds, Stopping threads took: 0.0000357 seconds
2024-07-27T22:58:40.232+0800: 11.625: [CMS-concurrent-abortable-preclean: 0.008/0.251 secs] [Times: user=0.05 sys=0.00, real=0.25 secs] 
2024-07-27T22:58:40.232+0800: 11.626: Application time: 0.0003097 seconds
2024-07-27T22:58:40.232+0800: 11.626: [GC (CMS Final Remark) [YG occupancy: 10040 K (47232 K)]2024-07-27T22:58:40.232+0800: 11.626: [Rescan (parallel) , 0.0006346 secs]2024-07-27T22:58:40.233+0800: 11.626: [weak refs processing, 0.0000128 secs]2024-07-27T22:58:40.233+0800: 11.626: [class unloading, 0.0004359 secs]2024-07-27T22:58:40.234+0800: 11.627: [scrub symbol table, 0.0004418 secs]2024-07-27T22:58:40.234+0800: 11.627: [scrub string table, 0.0001331 secs][1 CMS-remark: 302259K(507180K)] 312299K(554412K), 0.0017228 secs] [Times: user=0.00 sys=0.00, real=0.00 secs] 
2024-07-27T22:58:40.234+0800: 11.628: Total time for which application threads were stopped: 0.0019290 seconds, Stopping threads took: 0.0001553 seconds
2024-07-27T22:58:40.234+0800: 11.628: [CMS-concurrent-sweep-start]
2024-07-27T22:58:40.237+0800: 11.630: Application time: 0.0024772 seconds
2024-07-27T22:58:40.237+0800: 11.630: [GC (Allocation Failure) 2024-07-27T22:58:40.237+0800: 11.630: [ParNew: 46905K->5120K(47232K), 0.0079466 secs] 267242K->266418K(554412K), 0.0079997 secs] [Times: user=0.03 sys=0.00, real=0.01 secs] 
2024-07-27T22:58:40.245+0800: 11.638: Total time for which application threads were stopped: 0.0081021 seconds, Stopping threads took: 0.0000134 seconds
2024-07-27T22:58:40.245+0800: 11.638: [CMS-concurrent-sweep: 0.002/0.011 secs] [Times: user=0.03 sys=0.00, real=0.01 secs] 
2024-07-27T22:58:40.245+0800: 11.638: [CMS-concurrent-reset-start]
2024-07-27T22:58:40.247+0800: 11.640: [CMS-concurrent-reset: 0.001/0.001 secs] [Times: user=0.00 sys=0.00, real=0.00 secs] 
2024-07-27T22:58:40.249+0800: 11.642: Application time: 0.0034239 seconds
2024-07-27T22:58:40.249+0800: 11.642: [GC (Allocation Failure) 2024-07-27T22:58:40.249+0800: 11.642: [ParNew: 46905K->5120K(47232K), 0.0080105 secs] 198633K->197809K(554412K), 0.0080560 secs] [Times: user=0.03 sys=0.00, real=0.01 secs] 
2024-07-27T22:58:40.257+0800: 11.650: Total time for which application threads were stopped: 0.0081568 seconds, Stopping threads took: 0.0000178 seconds
2024-07-27T22:58:40.257+0800: 11.650: Application time: 0.0002073 seconds
2024-07-27T22:58:40.257+0800: 11.650: [GC (CMS Initial Mark) [1 CMS-initial-mark: 192689K(507180K)] 201705K(554412K), 0.0007683 secs] [Times: user=0.00 sys=0.00, real=0.00 secs] 
2024-07-27T22:58:40.258+0800: 11.651: Total time for which application threads were stopped: 0.0009193 seconds, Stopping threads took: 0.0001092 seconds
2024-07-27T22:58:40.258+0800: 11.651: [CMS-concurrent-mark-start]
2024-07-27T22:58:40.259+0800: 11.652: [CMS-concurrent-mark: 0.001/0.001 secs] [Times: user=0.00 sys=0.00, real=0.00 secs] 
2024-07-27T22:58:40.259+0800: 11.652: [CMS-concurrent-preclean-start]
2024-07-27T22:58:40.260+0800: 11.653: [CMS-concurrent-preclean: 0.001/0.001 secs] [Times: user=0.00 sys=0.00, real=0.00 secs] 
2024-07-27T22:58:40.260+0800: 11.653: [CMS-concurrent-abortable-preclean-start]
2024-07-27T22:58:40.367+0800: 11.760: Application time: 0.1087559 seconds
2024-07-27T22:58:40.367+0800: 11.760: [GC (Allocation Failure) 2024-07-27T22:58:40.367+0800: 11.760: [ParNew: 46905K->5120K(47232K), 0.0098048 secs] 239594K->225457K(554412K), 0.0098914 secs] [Times: user=0.00 sys=0.00, real=0.01 secs] 
2024-07-27T22:58:40.377+0800: 11.770: Total time for which application threads were stopped: 0.0100404 seconds, Stopping threads took: 0.0000228 seconds
2024-07-27T22:58:40.381+0800: 11.774: Application time: 0.0043194 seconds
2024-07-27T22:58:40.381+0800: 11.774: [GC (Allocation Failure) 2024-07-27T22:58:40.382+0800: 11.774: [ParNew: 46905K->5120K(47232K), 0.0124728 secs] 267242K->266418K(554412K), 0.0126057 secs] [Times: user=0.00 sys=0.00, real=0.01 secs] 
2024-07-27T22:58:40.394+0800: 11.787: Total time for which application threads were stopped: 0.0127756 seconds, Stopping threads took: 0.0000529 seconds
2024-07-27T22:58:40.506+0800: 11.899: Application time: 0.1127293 seconds
2024-07-27T22:58:40.506+0800: 11.900: [GC (Allocation Failure) 2024-07-27T22:58:40.506+0800: 11.900: [ParNew: 46905K->5120K(47232K), 0.0077936 secs] 308203K->307379K(554412K), 0.0078517 secs] [Times: user=0.00 sys=0.00, real=0.01 secs] 
2024-07-27T22:58:40.515+0800: 11.907: Total time for which application threads were stopped: 0.0079603 seconds, Stopping threads took: 0.0000214 seconds
2024-07-27T22:58:40.515+0800: 11.907: [CMS-concurrent-abortable-preclean: 0.009/0.255 secs] [Times: user=0.06 sys=0.00, real=0.26 secs] 
2024-07-27T22:58:40.515+0800: 11.908: Application time: 0.0002890 seconds
2024-07-27T22:58:40.515+0800: 11.908: [GC (CMS Final Remark) [YG occupancy: 10040 K (47232 K)]2024-07-27T22:58:40.515+0800: 11.908: [Rescan (parallel) , 0.0010479 secs]2024-07-27T22:58:40.516+0800: 11.909: [weak refs processing, 0.0000126 secs]2024-07-27T22:58:40.516+0800: 11.909: [class unloading, 0.0003325 secs]2024-07-27T22:58:40.516+0800: 11.909: [scrub symbol table, 0.0004418 secs]2024-07-27T22:58:40.516+0800: 11.910: [scrub string table, 0.0001545 secs][1 CMS-remark: 302259K(507180K)] 312299K(554412K), 0.0020535 secs] [Times: user=0.00 sys=0.00, real=0.00 secs] 
2024-07-27T22:58:40.517+0800: 11.910: Total time for which application threads were stopped: 0.0021892 seconds, Stopping threads took: 0.0000940 seconds
2024-07-27T22:58:40.517+0800: 11.910: [CMS-concurrent-sweep-start]
2024-07-27T22:58:40.519+0800: 11.912: Application time: 0.0025092 seconds
2024-07-27T22:58:40.519+0800: 11.912: [GC (Allocation Failure) 2024-07-27T22:58:40.519+0800: 11.912: [ParNew: 46905K->5120K(47232K), 0.0082458 secs] 278507K->277682K(554412K), 0.0082978 secs] [Times: user=0.08 sys=0.00, real=0.01 secs] 
2024-07-27T22:58:40.528+0800: 11.921: Total time for which application threads were stopped: 0.0083936 seconds, Stopping threads took: 0.0000137 seconds
2024-07-27T22:58:40.528+0800: 11.921: [CMS-concurrent-sweep: 0.002/0.011 secs] [Times: user=0.08 sys=0.00, real=0.01 secs] 
2024-07-27T22:58:40.528+0800: 11.921: [CMS-concurrent-reset-start]
2024-07-27T22:58:40.529+0800: 11.922: [CMS-concurrent-reset: 0.001/0.001 secs] [Times: user=0.00 sys=0.00, real=0.00 secs] 
2024-07-27T22:58:40.531+0800: 11.924: Application time: 0.0033908 seconds
2024-07-27T22:58:40.531+0800: 11.924: [GC (Allocation Failure) 2024-07-27T22:58:40.531+0800: 11.924: [ParNew: 46905K->5120K(47232K), 0.0081219 secs] 198633K->197809K(554412K), 0.0081771 secs] [Times: user=0.03 sys=0.00, real=0.01 secs] 
2024-07-27T22:58:40.539+0800: 11.932: Total time for which application threads were stopped: 0.0082840 seconds, Stopping threads took: 0.0000187 seconds
2024-07-27T22:58:40.540+0800: 11.933: Application time: 0.0002510 seconds
2024-07-27T22:58:40.540+0800: 11.933: [GC (CMS Initial Mark) [1 CMS-initial-mark: 192689K(507180K)] 201705K(554412K), 0.0007296 secs] [Times: user=0.00 sys=0.00, real=0.00 secs] 
2024-07-27T22:58:40.541+0800: 11.934: Total time for which application threads were stopped: 0.0009907 seconds, Stopping threads took: 0.0002173 seconds
2024-07-27T22:58:40.541+0800: 11.934: [CMS-concurrent-mark-start]
2024-07-27T22:58:40.542+0800: 11.935: [CMS-concurrent-mark: 0.001/0.001 secs] [Times: user=0.00 sys=0.00, real=0.00 secs] 
2024-07-27T22:58:40.542+0800: 11.935: [CMS-concurrent-preclean-start]
2024-07-27T22:58:40.543+0800: 11.936: [CMS-concurrent-preclean: 0.001/0.001 secs] [Times: user=0.00 sys=0.00, real=0.00 secs] 
2024-07-27T22:58:40.543+0800: 11.936: [CMS-concurrent-abortable-preclean-start]
2024-07-27T22:58:40.649+0800: 12.042: Application time: 0.1080263 seconds
2024-07-27T22:58:40.649+0800: 12.042: [GC (Allocation Failure) 2024-07-27T22:58:40.649+0800: 12.042: [ParNew: 46905K->5120K(47232K), 0.0089446 secs] 239594K->225457K(554412K), 0.0090051 secs] [Times: user=0.00 sys=0.00, real=0.01 secs] 
2024-07-27T22:58:40.658+0800: 12.051: Total time for which application threads were stopped: 0.0091420 seconds, Stopping threads took: 0.0000292 seconds
2024-07-27T22:58:40.662+0800: 12.055: Application time: 0.0037856 seconds
2024-07-27T22:58:40.662+0800: 12.055: [GC (Allocation Failure) 2024-07-27T22:58:40.662+0800: 12.055: [ParNew: 46905K->5120K(47232K), 0.0134538 secs] 267242K->266418K(554412K), 0.0135118 secs] [Times: user=0.00 sys=0.00, real=0.01 secs] 
2024-07-27T22:58:40.675+0800: 12.068: Total time for which application threads were stopped: 0.0136225 seconds, Stopping threads took: 0.0000197 seconds
2024-07-27T22:58:40.788+0800: 12.182: Application time: 0.1135352 seconds
2024-07-27T22:58:40.788+0800: 12.182: [GC (Allocation Failure) 2024-07-27T22:58:40.788+0800: 12.182: [ParNew: 46905K->5120K(47232K), 0.0077324 secs] 308203K->307379K(554412K), 0.0077918 secs] [Times: user=0.00 sys=0.00, real=0.01 secs] 
2024-07-27T22:58:40.796+0800: 12.190: Total time for which application threads were stopped: 0.0079036 seconds, Stopping threads took: 0.0000219 seconds
2024-07-27T22:58:40.796+0800: 12.190: [CMS-concurrent-abortable-preclean: 0.008/0.254 secs] [Times: user=0.05 sys=0.00, real=0.25 secs] 
2024-07-27T22:58:40.797+0800: 12.190: Application time: 0.0003562 seconds
2024-07-27T22:58:40.797+0800: 12.190: [GC (CMS Final Remark) [YG occupancy: 11064 K (47232 K)]2024-07-27T22:58:40.797+0800: 12.190: [Rescan (parallel) , 0.0010994 secs]2024-07-27T22:58:40.798+0800: 12.191: [weak refs processing, 0.0000136 secs]2024-07-27T22:58:40.798+0800: 12.191: [class unloading, 0.0003072 secs]2024-07-27T22:58:40.798+0800: 12.192: [scrub symbol table, 0.0004018 secs]2024-07-27T22:58:40.800+0800: 12.192: [scrub string table, 0.0001340 secs][1 CMS-remark: 302259K(507180K)] 313323K(554412K), 0.0020226 secs] [Times: user=0.00 sys=0.00, real=0.00 secs] 
2024-07-27T22:58:40.800+0800: 12.192: Total time for which application threads were stopped: 0.0022073 seconds, Stopping threads took: 0.0001477 seconds
2024-07-27T22:58:40.800+0800: 12.193: [CMS-concurrent-sweep-start]
2024-07-27T22:58:40.802+0800: 12.195: Application time: 0.0025770 seconds
2024-07-27T22:58:40.802+0800: 12.195: [GC (Allocation Failure) 2024-07-27T22:58:40.802+0800: 12.195: [ParNew: 46905K->5120K(47232K), 0.0078921 secs] 219114K->218289K(554412K), 0.0079449 secs] [Times: user=0.00 sys=0.00, real=0.01 secs] 
2024-07-27T22:58:40.810+0800: 12.203: Total time for which application threads were stopped: 0.0080617 seconds, Stopping threads took: 0.0000144 seconds
2024-07-27T22:58:40.810+0800: 12.203: [CMS-concurrent-sweep: 0.002/0.011 secs] [Times: user=0.03 sys=0.00, real=0.01 secs] 
2024-07-27T22:58:40.810+0800: 12.203: [CMS-concurrent-reset-start]
2024-07-27T22:58:40.812+0800: 12.205: [CMS-concurrent-reset: 0.001/0.001 secs] [Times: user=0.00 sys=0.00, real=0.00 secs] 
2024-07-27T22:58:40.814+0800: 12.206: Application time: 0.0033464 seconds
2024-07-27T22:58:40.814+0800: 12.206: [GC (Allocation Failure) 2024-07-27T22:58:40.814+0800: 12.206: [ParNew: 46905K->5120K(47232K), 0.0079304 secs] 198633K->197809K(554412K), 0.0079761 secs] [Times: user=0.03 sys=0.00, real=0.01 secs] 
2024-07-27T22:58:40.821+0800: 12.214: Total time for which application threads were stopped: 0.0080774 seconds, Stopping threads took: 0.0000177 seconds
2024-07-27T22:58:40.821+0800: 12.215: Application time: 0.0002625 seconds
2024-07-27T22:58:40.821+0800: 12.215: [GC (CMS Initial Mark) [1 CMS-initial-mark: 192689K(507180K)] 201705K(554412K), 0.0007952 secs] [Times: user=0.00 sys=0.00, real=0.00 secs] 
2024-07-27T22:58:40.822+0800: 12.216: Total time for which application threads were stopped: 0.0009768 seconds, Stopping threads took: 0.0001393 seconds
2024-07-27T22:58:40.822+0800: 12.216: [CMS-concurrent-mark-start]
2024-07-27T22:58:40.824+0800: 12.217: [CMS-concurrent-mark: 0.001/0.001 secs] [Times: user=0.00 sys=0.00, real=0.00 secs] 
2024-07-27T22:58:40.824+0800: 12.217: [CMS-concurrent-preclean-start]
2024-07-27T22:58:40.824+0800: 12.218: [CMS-concurrent-preclean: 0.001/0.001 secs] [Times: user=0.00 sys=0.00, real=0.00 secs] 
2024-07-27T22:58:40.824+0800: 12.218: [CMS-concurrent-abortable-preclean-start]
2024-07-27T22:58:40.931+0800: 12.324: Application time: 0.1081671 seconds
2024-07-27T22:58:40.931+0800: 12.324: [GC (Allocation Failure) 2024-07-27T22:58:40.931+0800: 12.324: [ParNew: 46905K->5120K(47232K), 0.0094555 secs] 239594K->225457K(554412K), 0.0095392 secs] [Times: user=0.00 sys=0.00, real=0.01 secs] 
2024-07-27T22:58:40.941+0800: 12.333: Total time for which application threads were stopped: 0.0096830 seconds, Stopping threads took: 0.0000226 seconds
2024-07-27T22:58:40.945+0800: 12.338: Application time: 0.0042891 seconds
2024-07-27T22:58:40.945+0800: 12.338: [GC (Allocation Failure) 2024-07-27T22:58:40.945+0800: 12.338: [ParNew: 46905K->5120K(47232K), 0.0119246 secs] 267242K->266418K(554412K), 0.0120263 secs] [Times: user=0.00 sys=0.00, real=0.01 secs] 
2024-07-27T22:58:40.957+0800: 12.350: Total time for which application threads were stopped: 0.0121851 seconds, Stopping threads took: 0.0000397 seconds
2024-07-27T22:58:41.071+0800: 12.464: Application time: 0.1139850 seconds
2024-07-27T22:58:41.071+0800: 12.464: [GC (Allocation Failure) 2024-07-27T22:58:41.072+0800: 12.464: [ParNew: 46905K->5120K(47232K), 0.0081646 secs] 308203K->307379K(554412K), 0.0082273 secs] [Times: user=0.00 sys=0.00, real=0.01 secs] 
2024-07-27T22:58:41.080+0800: 12.472: Total time for which application threads were stopped: 0.0083397 seconds, Stopping threads took: 0.0000220 seconds
2024-07-27T22:58:41.080+0800: 12.472: [CMS-concurrent-abortable-preclean: 0.009/0.255 secs] [Times: user=0.06 sys=0.00, real=0.26 secs] 
2024-07-27T22:58:41.080+0800: 12.473: Application time: 0.0002855 seconds
2024-07-27T22:58:41.080+0800: 12.473: [GC (CMS Final Remark) [YG occupancy: 10040 K (47232 K)]2024-07-27T22:58:41.080+0800: 12.473: [Rescan (parallel) , 0.0010106 secs]2024-07-27T22:58:41.081+0800: 12.474: [weak refs processing, 0.0000132 secs]2024-07-27T22:58:41.081+0800: 12.474: [class unloading, 0.0004378 secs]2024-07-27T22:58:41.082+0800: 12.474: [scrub symbol table, 0.0004427 secs]2024-07-27T22:58:41.082+0800: 12.475: [scrub string table, 0.0001438 secs][1 CMS-remark: 302259K(507180K)] 312299K(554412K), 0.0021143 secs] [Times: user=0.00 sys=0.00, real=0.00 secs] 
2024-07-27T22:58:41.082+0800: 12.475: Total time for which application threads were stopped: 0.0023057 seconds, Stopping threads took: 0.0001551 seconds
2024-07-27T22:58:41.083+0800: 12.475: [CMS-concurrent-sweep-start]
2024-07-27T22:58:41.085+0800: 12.477: Application time: 0.0025380 seconds
2024-07-27T22:58:41.085+0800: 12.477: [GC (Allocation Failure) 2024-07-27T22:58:41.085+0800: 12.478: [ParNew: 46905K->5120K(47232K), 0.0087503 secs] 166889K->166065K(554412K), 0.0087999 secs] [Times: user=0.00 sys=0.00, real=0.01 secs] 
2024-07-27T22:58:41.094+0800: 12.486: Total time for which application threads were stopped: 0.0088953 seconds, Stopping threads took: 0.0000136 seconds
2024-07-27T22:58:41.094+0800: 12.487: [CMS-concurrent-sweep: 0.002/0.011 secs] [Times: user=0.00 sys=0.00, real=0.01 secs] 
2024-07-27T22:58:41.094+0800: 12.487: [CMS-concurrent-reset-start]
2024-07-27T22:58:41.096+0800: 12.488: [CMS-concurrent-reset: 0.002/0.002 secs] [Times: user=0.00 sys=0.00, real=0.00 secs] 
2024-07-27T22:58:41.097+0800: 12.490: Application time: 0.0035014 seconds
2024-07-27T22:58:41.097+0800: 12.490: [GC (Allocation Failure) 2024-07-27T22:58:41.097+0800: 12.490: [ParNew: 46905K->5120K(47232K), 0.0082327 secs] 198633K->197809K(554412K), 0.0082890 secs] [Times: user=0.03 sys=0.00, real=0.01 secs] 
2024-07-27T22:58:41.106+0800: 12.498: Total time for which application threads were stopped: 0.0083916 seconds, Stopping threads took: 0.0000175 seconds
2024-07-27T22:58:41.106+0800: 12.498: Application time: 0.0001768 seconds
2024-07-27T22:58:41.106+0800: 12.499: [GC (CMS Initial Mark) [1 CMS-initial-mark: 192689K(507180K)] 200681K(554412K), 0.0008332 secs] [Times: user=0.00 sys=0.00, real=0.00 secs] 
2024-07-27T22:58:41.107+0800: 12.499: Total time for which application threads were stopped: 0.0010316 seconds, Stopping threads took: 0.0001557 seconds
2024-07-27T22:58:41.107+0800: 12.500: [CMS-concurrent-mark-start]
2024-07-27T22:58:41.109+0800: 12.501: [CMS-concurrent-mark: 0.002/0.002 secs] [Times: user=0.00 sys=0.00, real=0.00 secs] 
2024-07-27T22:58:41.109+0800: 12.501: [CMS-concurrent-preclean-start]
2024-07-27T22:58:41.109+0800: 12.502: [CMS-concurrent-preclean: 0.001/0.001 secs] [Times: user=0.00 sys=0.00, real=0.00 secs] 
2024-07-27T22:58:41.109+0800: 12.502: [CMS-concurrent-abortable-preclean-start]
2024-07-27T22:58:41.213+0800: 12.606: Application time: 0.1068272 seconds
2024-07-27T22:58:41.214+0800: 12.606: [GC (Allocation Failure) 2024-07-27T22:58:41.214+0800: 12.606: [ParNew: 46905K->5120K(47232K), 0.0089764 secs] 239594K->225457K(554412K), 0.0090777 secs] [Times: user=0.00 sys=0.00, real=0.01 secs] 
2024-07-27T22:58:41.223+0800: 12.616: Total time for which application threads were stopped: 0.0092608 seconds, Stopping threads took: 0.0000624 seconds
2024-07-27T22:58:41.226+0800: 12.619: Application time: 0.0036463 seconds
2024-07-27T22:58:41.227+0800: 12.619: [GC (Allocation Failure) 2024-07-27T22:58:41.227+0800: 12.619: [ParNew: 46905K->5120K(47232K), 0.0133650 secs] 267242K->266418K(554412K), 0.0134608 secs] [Times: user=0.03 sys=0.00, real=0.01 secs] 
2024-07-27T22:58:41.240+0800: 12.633: Total time for which application threads were stopped: 0.0135809 seconds, Stopping threads took: 0.0000197 seconds
2024-07-27T22:58:41.352+0800: 12.746: Application time: 0.1127849 seconds
2024-07-27T22:58:41.353+0800: 12.746: [GC (Allocation Failure) 2024-07-27T22:58:41.353+0800: 12.746: [ParNew: 46905K->5120K(47232K), 0.0098605 secs] 308203K->307379K(554412K), 0.0099305 secs] [Times: user=0.00 sys=0.00, real=0.01 secs] 
2024-07-27T22:58:41.362+0800: 12.756: Total time for which application threads were stopped: 0.0100512 seconds, Stopping threads took: 0.0000228 seconds
2024-07-27T22:58:41.362+0800: 12.756: [CMS-concurrent-abortable-preclean: 0.010/0.254 secs] [Times: user=0.06 sys=0.00, real=0.25 secs] 
2024-07-27T22:58:41.363+0800: 12.756: Application time: 0.0003585 seconds
2024-07-27T22:58:41.363+0800: 12.756: [GC (CMS Final Remark) [YG occupancy: 11064 K (47232 K)]2024-07-27T22:58:41.363+0800: 12.756: [Rescan (parallel) , 0.0009533 secs]2024-07-27T22:58:41.364+0800: 12.757: [weak refs processing, 0.0000129 secs]2024-07-27T22:58:41.364+0800: 12.757: [class unloading, 0.0003442 secs]2024-07-27T22:58:41.364+0800: 12.758: [scrub symbol table, 0.0004594 secs]2024-07-27T22:58:41.365+0800: 12.758: [scrub string table, 0.0001520 secs][1 CMS-remark: 302259K(507180K)] 313323K(554412K), 0.0019858 secs] [Times: user=0.00 sys=0.02, real=0.00 secs] 
2024-07-27T22:58:41.365+0800: 12.758: Total time for which application threads were stopped: 0.0021775 seconds, Stopping threads took: 0.0001550 seconds
2024-07-27T22:58:41.365+0800: 12.758: [CMS-concurrent-sweep-start]
2024-07-27T22:58:41.368+0800: 12.761: [CMS-concurrent-sweep: 0.002/0.002 secs] [Times: user=0.00 sys=0.00, real=0.00 secs] 
2024-07-27T22:58:41.368+0800: 12.761: [CMS-concurrent-reset-start]
2024-07-27T22:58:41.369+0800: 12.761: Application time: 0.0032899 seconds
2024-07-27T22:58:41.369+0800: 12.762: [GC (Allocation Failure) 2024-07-27T22:58:41.369+0800: 12.762: [ParNew: 46905K->5120K(47232K), 0.0085529 secs] 157673K->156848K(554412K), 0.0086028 secs] [Times: user=0.00 sys=0.00, real=0.01 secs] 
2024-07-27T22:58:41.377+0800: 12.770: Total time for which application threads were stopped: 0.0087112 seconds, Stopping threads took: 0.0000173 seconds
2024-07-27T22:58:41.378+0800: 12.771: [CMS-concurrent-reset: 0.001/0.010 secs] [Times: user=0.00 sys=0.00, real=0.01 secs] 
2024-07-27T22:58:41.380+0800: 12.773: Application time: 0.0032340 seconds
2024-07-27T22:58:41.380+0800: 12.773: [GC (Allocation Failure) 2024-07-27T22:58:41.380+0800: 12.773: [ParNew: 46905K->5120K(47232K), 0.0080929 secs] 198633K->197809K(554412K), 0.0081415 secs] [Times: user=0.00 sys=0.00, real=0.01 secs] 
2024-07-27T22:58:41.388+0800: 12.782: Total time for which application threads were stopped: 0.0082539 seconds, Stopping threads took: 0.0000274 seconds
2024-07-27T22:58:41.389+0800: 12.782: Application time: 0.0001268 seconds
2024-07-27T22:58:41.389+0800: 12.782: [GC (CMS Initial Mark) [1 CMS-initial-mark: 192689K(507180K)] 198833K(554412K), 0.0007836 secs] [Times: user=0.00 sys=0.00, real=0.00 secs] 
2024-07-27T22:58:41.390+0800: 12.783: Total time for which application threads were stopped: 0.0009945 seconds, Stopping threads took: 0.0001677 seconds
2024-07-27T22:58:41.390+0800: 12.783: [CMS-concurrent-mark-start]
2024-07-27T22:58:41.391+0800: 12.784: [CMS-concurrent-mark: 0.001/0.001 secs] [Times: user=0.00 sys=0.00, real=0.00 secs] 
2024-07-27T22:58:41.391+0800: 12.784: [CMS-concurrent-preclean-start]
2024-07-27T22:58:41.392+0800: 12.785: [CMS-concurrent-preclean: 0.001/0.001 secs] [Times: user=0.00 sys=0.00, real=0.00 secs] 
2024-07-27T22:58:41.392+0800: 12.785: [CMS-concurrent-abortable-preclean-start]
2024-07-27T22:58:41.495+0800: 12.888: Application time: 0.1051516 seconds
2024-07-27T22:58:41.495+0800: 12.888: [GC (Allocation Failure) 2024-07-27T22:58:41.495+0800: 12.888: [ParNew: 46905K->5120K(47232K), 0.0098826 secs] 239594K->225457K(554412K), 0.0099545 secs] [Times: user=0.03 sys=0.00, real=0.01 secs] 
2024-07-27T22:58:41.505+0800: 12.898: Total time for which application threads were stopped: 0.0100763 seconds, Stopping threads took: 0.0000206 seconds
2024-07-27T22:58:41.508+0800: 12.901: Application time: 0.0033470 seconds
2024-07-27T22:58:41.509+0800: 12.902: [GC (Allocation Failure) 2024-07-27T22:58:41.509+0800: 12.902: [ParNew: 46905K->5120K(47232K), 0.0124797 secs] 267242K->266418K(554412K), 0.0125726 secs] [Times: user=0.03 sys=0.00, real=0.01 secs] 
2024-07-27T22:58:41.521+0800: 12.914: Total time for which application threads were stopped: 0.0127582 seconds, Stopping threads took: 0.0000828 seconds
2024-07-27T22:58:41.634+0800: 13.027: Application time: 0.1128557 seconds
2024-07-27T22:58:41.634+0800: 13.027: [GC (Allocation Failure) 2024-07-27T22:58:41.634+0800: 13.027: [ParNew: 46905K->5120K(47232K), 0.0090520 secs] 308203K->307379K(554412K), 0.0091205 secs] [Times: user=0.00 sys=0.00, real=0.01 secs] 
2024-07-27T22:58:41.644+0800: 13.036: Total time for which application threads were stopped: 0.0092532 seconds, Stopping threads took: 0.0000210 seconds
2024-07-27T22:58:41.644+0800: 13.036: [CMS-concurrent-abortable-preclean: 0.008/0.251 secs] [Times: user=0.06 sys=0.00, real=0.25 secs] 
2024-07-27T22:58:41.644+0800: 13.036: Application time: 0.0001471 seconds
2024-07-27T22:58:41.644+0800: 13.037: [GC (CMS Final Remark) [YG occupancy: 7992 K (47232 K)]2024-07-27T22:58:41.644+0800: 13.037: [Rescan (parallel) , 0.0003349 secs]2024-07-27T22:58:41.644+0800: 13.037: [weak refs processing, 0.0000186 secs]2024-07-27T22:58:41.644+0800: 13.037: [class unloading, 0.0005113 secs]2024-07-27T22:58:41.645+0800: 13.037: [scrub symbol table, 0.0006473 secs]2024-07-27T22:58:41.645+0800: 13.038: [scrub string table, 0.0002268 secs][1 CMS-remark: 302259K(507180K)] 310251K(554412K), 0.0018350 secs] [Times: user=0.02 sys=0.00, real=0.00 secs] 
2024-07-27T22:58:41.646+0800: 13.038: Total time for which application threads were stopped: 0.0019892 seconds, Stopping threads took: 0.0000983 seconds
2024-07-27T22:58:41.646+0800: 13.038: [CMS-concurrent-sweep-start]
2024-07-27T22:58:41.648+0800: 13.041: [CMS-concurrent-sweep: 0.002/0.002 secs] [Times: user=0.00 sys=0.00, real=0.00 secs] 
2024-07-27T22:58:41.648+0800: 13.041: [CMS-concurrent-reset-start]
2024-07-27T22:58:41.650+0800: 13.042: [CMS-concurrent-reset: 0.002/0.002 secs] [Times: user=0.00 sys=0.00, real=0.00 secs] 
2024-07-27T22:58:41.650+0800: 13.043: Application time: 0.0041630 seconds
2024-07-27T22:58:41.650+0800: 13.043: [GC (Allocation Failure) 2024-07-27T22:58:41.650+0800: 13.043: [ParNew: 46905K->5120K(47232K), 0.0104064 secs] 157673K->156848K(554412K), 0.0104970 secs] [Times: user=0.00 sys=0.02, real=0.01 secs] 
2024-07-27T22:58:41.661+0800: 13.053: Total time for which application threads were stopped: 0.0106439 seconds, Stopping threads took: 0.0000218 seconds
2024-07-27T22:58:41.664+0800: 13.057: Application time: 0.0036741 seconds
2024-07-27T22:58:41.664+0800: 13.057: [GC (Allocation Failure) 2024-07-27T22:58:41.664+0800: 13.057: [ParNew: 46905K->5120K(47232K), 0.0085842 secs] 198633K->197809K(554412K), 0.0086526 secs] [Times: user=0.00 sys=0.00, real=0.01 secs] 
2024-07-27T22:58:41.673+0800: 13.066: Total time for which application threads were stopped: 0.0087636 seconds, Stopping threads took: 0.0000242 seconds
2024-07-27T22:58:41.673+0800: 13.066: Application time: 0.0002345 seconds
2024-07-27T22:58:41.673+0800: 13.066: [GC (CMS Initial Mark) [1 CMS-initial-mark: 192689K(507180K)] 201705K(554412K), 0.0008416 secs] [Times: user=0.00 sys=0.00, real=0.00 secs] 
2024-07-27T22:58:41.674+0800: 13.067: Total time for which application threads were stopped: 0.0010432 seconds, Stopping threads took: 0.0001594 seconds
2024-07-27T22:58:41.674+0800: 13.067: [CMS-concurrent-mark-start]
2024-07-27T22:58:41.676+0800: 13.069: [CMS-concurrent-mark: 0.002/0.002 secs] [Times: user=0.00 sys=0.00, real=0.00 secs] 
2024-07-27T22:58:41.676+0800: 13.069: [CMS-concurrent-preclean-start]
2024-07-27T22:58:41.677+0800: 13.069: [CMS-concurrent-preclean: 0.001/0.001 secs] [Times: user=0.01 sys=0.00, real=0.00 secs] 
2024-07-27T22:58:41.677+0800: 13.069: [CMS-concurrent-abortable-preclean-start]
2024-07-27T22:58:41.793+0800: 13.185: Application time: 0.1182975 seconds
2024-07-27T22:58:41.793+0800: 13.185: [GC (Allocation Failure) 2024-07-27T22:58:41.793+0800: 13.185: [ParNew: 46905K->5120K(47232K), 0.0092021 secs] 239594K->225457K(554412K), 0.0092677 secs] [Times: user=0.00 sys=0.02, real=0.01 secs] 
2024-07-27T22:58:41.802+0800: 13.195: Total time for which application threads were stopped: 0.0093852 seconds, Stopping threads took: 0.0000223 seconds
2024-07-27T22:58:41.807+0800: 13.200: Application time: 0.0050115 seconds
2024-07-27T22:58:41.807+0800: 13.200: [GC (Allocation Failure) 2024-07-27T22:58:41.807+0800: 13.200: [ParNew: 46905K->5120K(47232K), 0.0117322 secs] 267242K->266418K(554412K), 0.0118011 secs] [Times: user=0.03 sys=0.00, real=0.01 secs] 
2024-07-27T22:58:41.819+0800: 13.212: Total time for which application threads were stopped: 0.0119601 seconds, Stopping threads took: 0.0000440 seconds
2024-07-27T22:58:41.932+0800: 13.326: Application time: 0.1142015 seconds
2024-07-27T22:58:41.933+0800: 13.326: [GC (Allocation Failure) 2024-07-27T22:58:41.933+0800: 13.326: [ParNew: 46905K->5120K(47232K), 0.0077118 secs] 308203K->307379K(554412K), 0.0077731 secs] [Times: user=0.00 sys=0.00, real=0.01 secs] 
2024-07-27T22:58:41.940+0800: 13.334: Total time for which application threads were stopped: 0.0078905 seconds, Stopping threads took: 0.0000228 seconds
2024-07-27T22:58:41.940+0800: 13.334: [CMS-concurrent-abortable-preclean: 0.009/0.264 secs] [Times: user=0.03 sys=0.02, real=0.26 secs] 
2024-07-27T22:58:41.941+0800: 13.334: Application time: 0.0003262 seconds
2024-07-27T22:58:41.941+0800: 13.334: [GC (CMS Final Remark) [YG occupancy: 10040 K (47232 K)]2024-07-27T22:58:41.941+0800: 13.334: [Rescan (parallel) , 0.0010794 secs]2024-07-27T22:58:41.943+0800: 13.335: [weak refs processing, 0.0000129 secs]2024-07-27T22:58:41.943+0800: 13.335: [class unloading, 0.0003301 secs]2024-07-27T22:58:41.943+0800: 13.336: [scrub symbol table, 0.0004432 secs]2024-07-27T22:58:41.943+0800: 13.336: [scrub string table, 0.0001326 secs][1 CMS-remark: 302259K(507180K)] 312299K(554412K), 0.0020638 secs] [Times: user=0.05 sys=0.00, real=0.00 secs] 
2024-07-27T22:58:41.943+0800: 13.336: Total time for which application threads were stopped: 0.0022328 seconds, Stopping threads took: 0.0001258 seconds
2024-07-27T22:58:41.944+0800: 13.336: [CMS-concurrent-sweep-start]
2024-07-27T22:58:41.946+0800: 13.339: Application time: 0.0025040 seconds
2024-07-27T22:58:41.946+0800: 13.339: [GC (Allocation Failure) 2024-07-27T22:58:41.946+0800: 13.339: [ParNew: 46905K->5120K(47232K), 0.0080450 secs] 262122K->261298K(554412K), 0.0080942 secs] [Times: user=0.00 sys=0.00, real=0.01 secs] 
2024-07-27T22:58:41.954+0800: 13.347: Total time for which application threads were stopped: 0.0081901 seconds, Stopping threads took: 0.0000142 seconds
2024-07-27T22:58:41.954+0800: 13.347: [CMS-concurrent-sweep: 0.002/0.011 secs] [Times: user=0.00 sys=0.00, real=0.01 secs] 
2024-07-27T22:58:41.954+0800: 13.347: [CMS-concurrent-reset-start]
2024-07-27T22:58:41.956+0800: 13.349: [CMS-concurrent-reset: 0.001/0.001 secs] [Times: user=0.00 sys=0.00, real=0.00 secs] 
2024-07-27T22:58:41.957+0800: 13.350: Application time: 0.0033851 seconds
2024-07-27T22:58:41.957+0800: 13.350: [GC (Allocation Failure) 2024-07-27T22:58:41.957+0800: 13.350: [ParNew: 46905K->5120K(47232K), 0.0080043 secs] 198633K->197809K(554412K), 0.0080519 secs] [Times: user=0.03 sys=0.00, real=0.01 secs] 
2024-07-27T22:58:41.965+0800: 13.358: Total time for which application threads were stopped: 0.0081570 seconds, Stopping threads took: 0.0000172 seconds
2024-07-27T22:58:41.966+0800: 13.359: Application time: 0.0002132 seconds
2024-07-27T22:58:41.966+0800: 13.359: [GC (CMS Initial Mark) [1 CMS-initial-mark: 192689K(507180K)] 200681K(554412K), 0.0007764 secs] [Times: user=0.00 sys=0.00, real=0.00 secs] 
2024-07-27T22:58:41.967+0800: 13.360: Total time for which application threads were stopped: 0.0009442 seconds, Stopping threads took: 0.0001254 seconds
2024-07-27T22:58:41.967+0800: 13.360: [CMS-concurrent-mark-start]
2024-07-27T22:58:41.968+0800: 13.361: [CMS-concurrent-mark: 0.001/0.001 secs] [Times: user=0.00 sys=0.00, real=0.00 secs] 
2024-07-27T22:58:41.968+0800: 13.361: [CMS-concurrent-preclean-start]
2024-07-27T22:58:41.969+0800: 13.362: [CMS-concurrent-preclean: 0.001/0.001 secs] [Times: user=0.00 sys=0.00, real=0.00 secs] 
2024-07-27T22:58:41.969+0800: 13.362: [CMS-concurrent-abortable-preclean-start]
2024-07-27T22:58:42.075+0800: 13.468: Application time: 0.1086788 seconds
2024-07-27T22:58:42.075+0800: 13.468: [GC (Allocation Failure) 2024-07-27T22:58:42.075+0800: 13.468: [ParNew: 46905K->5120K(47232K), 0.0083498 secs] 239594K->225457K(554412K), 0.0084274 secs] [Times: user=0.03 sys=0.00, real=0.01 secs] 
2024-07-27T22:58:42.084+0800: 13.477: Total time for which application threads were stopped: 0.0085789 seconds, Stopping threads took: 0.0000375 seconds
2024-07-27T22:58:42.089+0800: 13.482: Application time: 0.0047866 seconds
2024-07-27T22:58:42.089+0800: 13.482: [GC (Allocation Failure) 2024-07-27T22:58:42.089+0800: 13.482: [ParNew: 46905K->5120K(47232K), 0.0116302 secs] 267242K->266418K(554412K), 0.0117529 secs] [Times: user=0.03 sys=0.00, real=0.01 secs] 
2024-07-27T22:58:42.101+0800: 13.494: Total time for which application threads were stopped: 0.0119547 seconds, Stopping threads took: 0.0000498 seconds
2024-07-27T22:58:42.216+0800: 13.609: Application time: 0.1156431 seconds
2024-07-27T22:58:42.217+0800: 13.609: [GC (Allocation Failure) 2024-07-27T22:58:42.217+0800: 13.609: [ParNew: 46905K->5120K(47232K), 0.0080784 secs] 308203K->307379K(554412K), 0.0081384 secs] [Times: user=0.03 sys=0.00, real=0.01 secs] 
2024-07-27T22:58:42.225+0800: 13.618: Total time for which application threads were stopped: 0.0082534 seconds, Stopping threads took: 0.0000251 seconds
2024-07-27T22:58:42.225+0800: 13.618: [CMS-concurrent-abortable-preclean: 0.010/0.256 secs] [Times: user=0.09 sys=0.00, real=0.26 secs] 
2024-07-27T22:58:42.225+0800: 13.618: Application time: 0.0002915 seconds
2024-07-27T22:58:42.225+0800: 13.618: [GC (CMS Final Remark) [YG occupancy: 10040 K (47232 K)]2024-07-27T22:58:42.225+0800: 13.618: [Rescan (parallel) , 0.0008520 secs]2024-07-27T22:58:42.226+0800: 13.619: [weak refs processing, 0.0000128 secs]2024-07-27T22:58:42.226+0800: 13.619: [class unloading, 0.0003261 secs]2024-07-27T22:58:42.226+0800: 13.619: [scrub symbol table, 0.0004831 secs]2024-07-27T22:58:42.227+0800: 13.620: [scrub string table, 0.0001451 secs][1 CMS-remark: 302259K(507180K)] 312299K(554412K), 0.0018831 secs] [Times: user=0.00 sys=0.00, real=0.00 secs] 
2024-07-27T22:58:42.227+0800: 13.620: Total time for which application threads were stopped: 0.0020727 seconds, Stopping threads took: 0.0001534 seconds
2024-07-27T22:58:42.227+0800: 13.620: [CMS-concurrent-sweep-start]
2024-07-27T22:58:42.229+0800: 13.622: Application time: 0.0025370 seconds
2024-07-27T22:58:42.230+0800: 13.623: [GC (Allocation Failure) 2024-07-27T22:58:42.230+0800: 13.623: [ParNew: 46905K->5120K(47232K), 0.0078105 secs] 157673K->156848K(554412K), 0.0078608 secs] [Times: user=0.00 sys=0.00, real=0.01 secs] 
2024-07-27T22:58:42.237+0800: 13.630: Total time for which application threads were stopped: 0.0079582 seconds, Stopping threads took: 0.0000149 seconds
2024-07-27T22:58:42.238+0800: 13.631: [CMS-concurrent-sweep: 0.002/0.010 secs] [Times: user=0.00 sys=0.00, real=0.01 secs] 
2024-07-27T22:58:42.238+0800: 13.631: [CMS-concurrent-reset-start]
2024-07-27T22:58:42.239+0800: 13.632: [CMS-concurrent-reset: 0.001/0.001 secs] [Times: user=0.03 sys=0.00, real=0.00 secs] 
2024-07-27T22:58:42.241+0800: 13.634: Application time: 0.0033306 seconds
2024-07-27T22:58:42.241+0800: 13.634: [GC (Allocation Failure) 2024-07-27T22:58:42.241+0800: 13.634: [ParNew: 46905K->5120K(47232K), 0.0078311 secs] 198633K->197809K(554412K), 0.0078773 secs] [Times: user=0.00 sys=0.00, real=0.01 secs] 
2024-07-27T22:58:42.249+0800: 13.642: Total time for which application threads were stopped: 0.0079922 seconds, Stopping threads took: 0.0000169 seconds
2024-07-27T22:58:42.249+0800: 13.642: Application time: 0.0002280 seconds
2024-07-27T22:58:42.249+0800: 13.642: [GC (CMS Initial Mark) [1 CMS-initial-mark: 192689K(507180K)] 200681K(554412K), 0.0007596 secs] [Times: user=0.00 sys=0.00, real=0.00 secs] 
2024-07-27T22:58:42.250+0800: 13.643: Total time for which application threads were stopped: 0.0009661 seconds, Stopping threads took: 0.0001584 seconds
2024-07-27T22:58:42.250+0800: 13.643: [CMS-concurrent-mark-start]
2024-07-27T22:58:42.251+0800: 13.644: [CMS-concurrent-mark: 0.001/0.001 secs] [Times: user=0.00 sys=0.00, real=0.00 secs] 
2024-07-27T22:58:42.251+0800: 13.644: [CMS-concurrent-preclean-start]
2024-07-27T22:58:42.252+0800: 13.645: [CMS-concurrent-preclean: 0.001/0.001 secs] [Times: user=0.00 sys=0.00, real=0.00 secs] 
2024-07-27T22:58:42.252+0800: 13.645: [CMS-concurrent-abortable-preclean-start]
2024-07-27T22:58:42.358+0800: 13.752: Application time: 0.1086205 seconds
2024-07-27T22:58:42.358+0800: 13.752: [GC (Allocation Failure) 2024-07-27T22:58:42.358+0800: 13.752: [ParNew: 46905K->5126K(47232K), 0.0091612 secs] 239594K->225463K(554412K), 0.0092400 secs] [Times: user=0.03 sys=0.00, real=0.01 secs] 
2024-07-27T22:58:42.368+0800: 13.761: Total time for which application threads were stopped: 0.0093634 seconds, Stopping threads took: 0.0000194 seconds
2024-07-27T22:58:42.374+0800: 13.767: Application time: 0.0060139 seconds
2024-07-27T22:58:42.374+0800: 13.767: [GC (Allocation Failure) 2024-07-27T22:58:42.374+0800: 13.767: [ParNew: 46911K->5120K(47232K), 0.0116998 secs] 267248K->266418K(554412K), 0.0117700 secs] [Times: user=0.03 sys=0.00, real=0.01 secs] 
2024-07-27T22:58:42.385+0800: 13.779: Total time for which application threads were stopped: 0.0119132 seconds, Stopping threads took: 0.0000253 seconds
2024-07-27T22:58:42.499+0800: 13.892: Application time: 0.1129154 seconds
2024-07-27T22:58:42.499+0800: 13.892: [GC (Allocation Failure) 2024-07-27T22:58:42.499+0800: 13.892: [ParNew: 46905K->5120K(47232K), 0.0076815 secs] 308203K->307379K(554412K), 0.0077544 secs] [Times: user=0.03 sys=0.00, real=0.01 secs] 
2024-07-27T22:58:42.507+0800: 13.900: Total time for which application threads were stopped: 0.0078738 seconds, Stopping threads took: 0.0000285 seconds
2024-07-27T22:58:42.507+0800: 13.900: [CMS-concurrent-abortable-preclean: 0.009/0.255 secs] [Times: user=0.09 sys=0.00, real=0.25 secs] 
2024-07-27T22:58:42.507+0800: 13.900: Application time: 0.0003719 seconds
2024-07-27T22:58:42.507+0800: 13.900: [GC (CMS Final Remark) [YG occupancy: 11064 K (47232 K)]2024-07-27T22:58:42.507+0800: 13.900: [Rescan (parallel) , 0.0011312 secs]2024-07-27T22:58:42.508+0800: 13.901: [weak refs processing, 0.0000128 secs]2024-07-27T22:58:42.508+0800: 13.901: [class unloading, 0.0003346 secs]2024-07-27T22:58:42.509+0800: 13.902: [scrub symbol table, 0.0004383 secs]2024-07-27T22:58:42.509+0800: 13.902: [scrub string table, 0.0001460 secs][1 CMS-remark: 302259K(507180K)] 313323K(554412K), 0.0021269 secs] [Times: user=0.00 sys=0.00, real=0.00 secs] 
2024-07-27T22:58:42.509+0800: 13.902: Total time for which application threads were stopped: 0.0023138 seconds, Stopping threads took: 0.0001501 seconds
2024-07-27T22:58:42.510+0800: 13.903: [CMS-concurrent-sweep-start]
2024-07-27T22:58:42.512+0800: 13.905: Application time: 0.0024291 seconds
2024-07-27T22:58:42.512+0800: 13.905: [GC (Allocation Failure) 2024-07-27T22:58:42.512+0800: 13.905: [ParNew: 46905K->5120K(47232K), 0.0081141 secs] 262123K->261298K(554412K), 0.0081626 secs] [Times: user=0.03 sys=0.00, real=0.01 secs] 
2024-07-27T22:58:42.520+0800: 13.913: Total time for which application threads were stopped: 0.0082584 seconds, Stopping threads took: 0.0000137 seconds
2024-07-27T22:58:42.520+0800: 13.913: [CMS-concurrent-sweep: 0.002/0.011 secs] [Times: user=0.03 sys=0.00, real=0.01 secs] 
2024-07-27T22:58:42.520+0800: 13.913: [CMS-concurrent-reset-start]
2024-07-27T22:58:42.522+0800: 13.915: [CMS-concurrent-reset: 0.001/0.001 secs] [Times: user=0.00 sys=0.00, real=0.00 secs] 
2024-07-27T22:58:42.524+0800: 13.917: Application time: 0.0034952 seconds
2024-07-27T22:58:42.524+0800: 13.917: [GC (Allocation Failure) 2024-07-27T22:58:42.524+0800: 13.917: [ParNew: 46905K->5120K(47232K), 0.0083008 secs] 198634K->197809K(554412K), 0.0083503 secs] [Times: user=0.00 sys=0.00, real=0.01 secs] 
2024-07-27T22:58:42.532+0800: 13.925: Total time for which application threads were stopped: 0.0084509 seconds, Stopping threads took: 0.0000162 seconds
2024-07-27T22:58:42.533+0800: 13.925: Application time: 0.0002544 seconds
2024-07-27T22:58:42.533+0800: 13.925: [GC (CMS Initial Mark) [1 CMS-initial-mark: 192689K(507180K)] 201706K(554412K), 0.0007038 secs] [Times: user=0.00 sys=0.00, real=0.00 secs] 
2024-07-27T22:58:42.533+0800: 13.926: Total time for which application threads were stopped: 0.0009205 seconds, Stopping threads took: 0.0001749 seconds
2024-07-27T22:58:42.533+0800: 13.926: [CMS-concurrent-mark-start]
2024-07-27T22:58:42.534+0800: 13.928: [CMS-concurrent-mark: 0.001/0.001 secs] [Times: user=0.00 sys=0.00, real=0.00 secs] 
2024-07-27T22:58:42.535+0800: 13.928: [CMS-concurrent-preclean-start]
2024-07-27T22:58:42.535+0800: 13.928: [CMS-concurrent-preclean: 0.001/0.001 secs] [Times: user=0.00 sys=0.00, real=0.00 secs] 
2024-07-27T22:58:42.535+0800: 13.928: [CMS-concurrent-abortable-preclean-start]
2024-07-27T22:58:42.643+0800: 14.035: Application time: 0.1093011 seconds
2024-07-27T22:58:42.643+0800: 14.036: [GC (Allocation Failure) 2024-07-27T22:58:42.643+0800: 14.036: [ParNew: 46905K->5120K(47232K), 0.0095295 secs] 239594K->225458K(554412K), 0.0096325 secs] [Times: user=0.03 sys=0.00, real=0.01 secs] 
2024-07-27T22:58:42.653+0800: 14.045: Total time for which application threads were stopped: 0.0097669 seconds, Stopping threads took: 0.0000214 seconds
2024-07-27T22:58:42.658+0800: 14.050: Application time: 0.0051380 seconds
2024-07-27T22:58:42.658+0800: 14.051: [GC (Allocation Failure) 2024-07-27T22:58:42.658+0800: 14.051: [ParNew: 46905K->5120K(47232K), 0.0109275 secs] 267243K->266418K(554412K), 0.0110397 secs] [Times: user=0.03 sys=0.00, real=0.01 secs] 
2024-07-27T22:58:42.669+0800: 14.062: Total time for which application threads were stopped: 0.0111964 seconds, Stopping threads took: 0.0000367 seconds
2024-07-27T22:58:42.784+0800: 14.176: Application time: 0.1148566 seconds
2024-07-27T22:58:42.784+0800: 14.177: [GC (Allocation Failure) 2024-07-27T22:58:42.784+0800: 14.177: [ParNew: 46905K->5120K(47232K), 0.0081022 secs] 308203K->307379K(554412K), 0.0081625 secs] [Times: user=0.03 sys=0.00, real=0.01 secs] 
2024-07-27T22:58:42.792+0800: 14.185: Total time for which application threads were stopped: 0.0082765 seconds, Stopping threads took: 0.0000206 seconds
2024-07-27T22:58:42.792+0800: 14.185: [CMS-concurrent-abortable-preclean: 0.010/0.257 secs] [Times: user=0.11 sys=0.00, real=0.26 secs] 
2024-07-27T22:58:42.792+0800: 14.185: Application time: 0.0003491 seconds
2024-07-27T22:58:42.792+0800: 14.185: [GC (CMS Final Remark) [YG occupancy: 11064 K (47232 K)]2024-07-27T22:58:42.792+0800: 14.185: [Rescan (parallel) , 0.0010096 secs]2024-07-27T22:58:42.794+0800: 14.186: [weak refs processing, 0.0000148 secs]2024-07-27T22:58:42.794+0800: 14.186: [class unloading, 0.0003208 secs]2024-07-27T22:58:42.794+0800: 14.187: [scrub symbol table, 0.0004638 secs]2024-07-27T22:58:42.794+0800: 14.187: [scrub string table, 0.0001341 secs][1 CMS-remark: 302259K(507180K)] 313323K(554412K), 0.0020077 secs] [Times: user=0.00 sys=0.00, real=0.00 secs] 
2024-07-27T22:58:42.794+0800: 14.187: Total time for which application threads were stopped: 0.0021832 seconds, Stopping threads took: 0.0001300 seconds
2024-07-27T22:58:42.795+0800: 14.188: [CMS-concurrent-sweep-start]
2024-07-27T22:58:42.797+0800: 14.190: [CMS-concurrent-sweep: 0.002/0.002 secs] [Times: user=0.00 sys=0.00, real=0.00 secs] 
2024-07-27T22:58:42.797+0800: 14.190: [CMS-concurrent-reset-start]
2024-07-27T22:58:42.797+0800: 14.190: Application time: 0.0029814 seconds
2024-07-27T22:58:42.797+0800: 14.190: [GC (Allocation Failure) 2024-07-27T22:58:42.797+0800: 14.190: [ParNew: 46905K->5120K(47232K), 0.0076494 secs] 157673K->156849K(554412K), 0.0077083 secs] [Times: user=0.03 sys=0.00, real=0.01 secs] 
2024-07-27T22:58:42.806+0800: 14.198: Total time for which application threads were stopped: 0.0078060 seconds, Stopping threads took: 0.0000149 seconds
2024-07-27T22:58:42.806+0800: 14.199: [CMS-concurrent-reset: 0.001/0.009 secs] [Times: user=0.03 sys=0.00, real=0.01 secs] 
2024-07-27T22:58:42.808+0800: 14.201: Application time: 0.0029732 seconds
2024-07-27T22:58:42.809+0800: 14.201: [GC (Allocation Failure) 2024-07-27T22:58:42.809+0800: 14.201: [ParNew: 46905K->5120K(47232K), 0.0078679 secs] 198634K->197809K(554412K), 0.0079150 secs] [Times: user=0.00 sys=0.00, real=0.01 secs] 
2024-07-27T22:58:42.817+0800: 14.209: Total time for which application threads were stopped: 0.0080192 seconds, Stopping threads took: 0.0000200 seconds
2024-07-27T22:58:42.817+0800: 14.209: Application time: 0.0002322 seconds
2024-07-27T22:58:42.817+0800: 14.209: [GC (CMS Initial Mark) [1 CMS-initial-mark: 192689K(507180K)] 201706K(554412K), 0.0007386 secs] [Times: user=0.00 sys=0.00, real=0.00 secs] 
2024-07-27T22:58:42.818+0800: 14.210: Total time for which application threads were stopped: 0.0009540 seconds, Stopping threads took: 0.0001664 seconds
2024-07-27T22:58:42.818+0800: 14.210: [CMS-concurrent-mark-start]
2024-07-27T22:58:42.819+0800: 14.212: [CMS-concurrent-mark: 0.001/0.001 secs] [Times: user=0.00 sys=0.00, real=0.00 secs] 
2024-07-27T22:58:42.819+0800: 14.212: [CMS-concurrent-preclean-start]
2024-07-27T22:58:42.820+0800: 14.212: [CMS-concurrent-preclean: 0.001/0.001 secs] [Times: user=0.00 sys=0.00, real=0.00 secs] 
2024-07-27T22:58:42.820+0800: 14.212: [CMS-concurrent-abortable-preclean-start]
2024-07-27T22:58:42.925+0800: 14.318: Application time: 0.1082042 seconds
2024-07-27T22:58:42.925+0800: 14.319: [GC (Allocation Failure) 2024-07-27T22:58:42.925+0800: 14.319: [ParNew: 46905K->5120K(47232K), 0.0084958 secs] 239594K->225458K(554412K), 0.0085810 secs] [Times: user=0.06 sys=0.00, real=0.01 secs] 
2024-07-27T22:58:42.934+0800: 14.327: Total time for which application threads were stopped: 0.0087646 seconds, Stopping threads took: 0.0000452 seconds
2024-07-27T22:58:42.939+0800: 14.332: Application time: 0.0051748 seconds
2024-07-27T22:58:42.939+0800: 14.332: [GC (Allocation Failure) 2024-07-27T22:58:42.939+0800: 14.333: [ParNew: 46905K->5120K(47232K), 0.0116026 secs] 267243K->266418K(554412K), 0.0116667 secs] [Times: user=0.03 sys=0.00, real=0.01 secs] 
2024-07-27T22:58:42.951+0800: 14.344: Total time for which application threads were stopped: 0.0118007 seconds, Stopping threads took: 0.0000229 seconds
2024-07-27T22:58:43.065+0800: 14.458: Application time: 0.1138258 seconds
2024-07-27T22:58:43.065+0800: 14.458: [GC (Allocation Failure) 2024-07-27T22:58:43.065+0800: 14.458: [ParNew: 46905K->5120K(47232K), 0.0076884 secs] 308203K->307379K(554412K), 0.0077609 secs] [Times: user=0.03 sys=0.00, real=0.01 secs] 
2024-07-27T22:58:43.073+0800: 14.466: Total time for which application threads were stopped: 0.0078779 seconds, Stopping threads took: 0.0000240 seconds
2024-07-27T22:58:43.073+0800: 14.466: [CMS-concurrent-abortable-preclean: 0.009/0.254 secs] [Times: user=0.13 sys=0.00, real=0.25 secs] 
2024-07-27T22:58:43.074+0800: 14.466: Application time: 0.0003191 seconds
2024-07-27T22:58:43.074+0800: 14.466: [GC (CMS Final Remark) [YG occupancy: 11064 K (47232 K)]2024-07-27T22:58:43.074+0800: 14.466: [Rescan (parallel) , 0.0010946 secs]2024-07-27T22:58:43.075+0800: 14.468: [weak refs processing, 0.0000129 secs]2024-07-27T22:58:43.075+0800: 14.468: [class unloading, 0.0003296 secs]2024-07-27T22:58:43.075+0800: 14.468: [scrub symbol table, 0.0004663 secs]2024-07-27T22:58:43.076+0800: 14.468: [scrub string table, 0.0001319 secs][1 CMS-remark: 302259K(507180K)] 313323K(554412K), 0.0020995 secs] [Times: user=0.00 sys=0.00, real=0.00 secs] 
2024-07-27T22:58:43.076+0800: 14.469: Total time for which application threads were stopped: 0.0023042 seconds, Stopping threads took: 0.0001676 seconds
2024-07-27T22:58:43.076+0800: 14.469: [CMS-concurrent-sweep-start]
2024-07-27T22:58:43.078+0800: 14.471: Application time: 0.0024247 seconds
2024-07-27T22:58:43.078+0800: 14.471: [GC (Allocation Failure) 2024-07-27T22:58:43.078+0800: 14.471: [ParNew: 46905K->5120K(47232K), 0.0078501 secs] 262123K->261298K(554412K), 0.0079025 secs] [Times: user=0.03 sys=0.00, real=0.01 secs] 
2024-07-27T22:58:43.086+0800: 14.479: Total time for which application threads were stopped: 0.0080029 seconds, Stopping threads took: 0.0000138 seconds
2024-07-27T22:58:43.087+0800: 14.479: [CMS-concurrent-sweep: 0.002/0.010 secs] [Times: user=0.03 sys=0.00, real=0.01 secs] 
2024-07-27T22:58:43.087+0800: 14.479: [CMS-concurrent-reset-start]
2024-07-27T22:58:43.088+0800: 14.481: [CMS-concurrent-reset: 0.001/0.001 secs] [Times: user=0.00 sys=0.00, real=0.00 secs] 
2024-07-27T22:58:43.090+0800: 14.482: Application time: 0.0033956 seconds
2024-07-27T22:58:43.090+0800: 14.482: [GC (Allocation Failure) 2024-07-27T22:58:43.090+0800: 14.482: [ParNew: 46905K->5120K(47232K), 0.0077089 secs] 198634K->197809K(554412K), 0.0077556 secs] [Times: user=0.00 sys=0.00, real=0.01 secs] 
2024-07-27T22:58:43.098+0800: 14.490: Total time for which application threads were stopped: 0.0078597 seconds, Stopping threads took: 0.0000171 seconds
2024-07-27T22:58:43.098+0800: 14.490: Application time: 0.0000849 seconds
2024-07-27T22:58:43.098+0800: 14.490: [GC (CMS Initial Mark) [1 CMS-initial-mark: 192689K(507180K)] 198833K(554412K), 0.0004416 secs] [Times: user=0.00 sys=0.00, real=0.00 secs] 
2024-07-27T22:58:43.098+0800: 14.491: Total time for which application threads were stopped: 0.0005166 seconds, Stopping threads took: 0.0000370 seconds
2024-07-27T22:58:43.098+0800: 14.491: [CMS-concurrent-mark-start]
2024-07-27T22:58:43.100+0800: 14.492: [CMS-concurrent-mark: 0.001/0.001 secs] [Times: user=0.00 sys=0.00, real=0.00 secs] 
2024-07-27T22:58:43.100+0800: 14.492: [CMS-concurrent-preclean-start]
2024-07-27T22:58:43.100+0800: 14.493: [CMS-concurrent-preclean: 0.001/0.001 secs] [Times: user=0.00 sys=0.00, real=0.00 secs] 
2024-07-27T22:58:43.100+0800: 14.493: [CMS-concurrent-abortable-preclean-start]
Heap
 par new generation   total 47232K, used 14977K [0x00000000c8000000, 0x00000000cb330000, 0x00000000d3330000)
  eden space 42048K,  23% used [0x00000000c8000000, 0x00000000c89a0758, 0x00000000ca910000)
  from space 5184K,  98% used [0x00000000ca910000, 0x00000000cae10050, 0x00000000cae20000)
  to   space 5184K,   0% used [0x00000000cae20000, 0x00000000cae20000, 0x00000000cb330000)
 concurrent mark-sweep generation total 507180K, used 192689K [0x00000000d3330000, 0x00000000f227b000, 0x0000000100000000)
 Metaspace       used 4247K, capacity 4668K, committed 4864K, reserved 1056768K
  class space    used 460K, capacity 492K, committed 512K, reserved 1048576K
2024-07-27T22:58:43.207+0800: 14.600: Application time: 0.1086871 seconds
