OpenJDK 64-Bit Server VM (25.412-b1) for windows-amd64 JRE (1.8.0_412-b1), built on Apr 23 2024 12:00:37 by "Administrator" with MS VC++ 10.0 (VS2010)
Memory: 4k page, physical 16672068k(5359724k free), swap 20603488k(4120556k free)
CommandLine flags: -XX:GCDrainStackTargetSize=64 -XX:InitialHeapSize=266753088 -XX:MaxHeapSize=939524096 -XX:MaxNewSize=313176064 -XX:MaxTenuringThreshold=7 -XX:OldPLABSize=16 -XX:+PrintGC -XX:+PrintGCApplicationConcurrentTime -XX:+PrintGCApplicationStoppedTime -XX:+PrintGCDateStamps -XX:+PrintGCDetails -XX:+PrintGCTimeStamps -XX:+UseCompressedClassPointers -XX:+UseCompressedOops -XX:+UseConcMarkSweepGC -XX:-UseLargePagesIndividualAllocation -XX:+UseParNewGC 
2024-07-28T16:41:57.779+0800: 0.108: Application time: 0.0361018 seconds
2024-07-28T16:41:57.779+0800: 0.108: [GC (Allocation Failure) 2024-07-28T16:41:57.779+0800: 0.108: [ParNew: 68984K->7893K(78656K), 0.0358521 secs] 68984K->68312K(253440K), 0.0360094 secs] [Times: user=0.05 sys=0.01, real=0.04 secs] 
2024-07-28T16:41:57.815+0800: 0.144: Total time for which application threads were stopped: 0.0361545 seconds, Stopping threads took: 0.0000196 seconds
2024-07-28T16:41:57.934+0800: 0.263: Application time: 0.1192403 seconds
2024-07-28T16:41:57.934+0800: 0.263: [GC (Allocation Failure) 2024-07-28T16:41:57.934+0800: 0.263: [ParNew: 76863K->8534K(78656K), 0.0243566 secs] 137282K->137185K(253440K), 0.0244336 secs] [Times: user=0.05 sys=0.03, real=0.03 secs] 
2024-07-28T16:41:57.959+0800: 0.288: Total time for which application threads were stopped: 0.0245434 seconds, Stopping threads took: 0.0000193 seconds
2024-07-28T16:41:57.959+0800: 0.288: Application time: 0.0002534 seconds
2024-07-28T16:41:57.959+0800: 0.288: [GC (CMS Initial Mark) [1 CMS-initial-mark: 128651K(174784K)] 140612K(253440K), 0.0008515 secs] [Times: user=0.00 sys=0.00, real=0.00 secs] 
2024-07-28T16:41:57.960+0800: 0.289: Total time for which application threads were stopped: 0.0010553 seconds, Stopping threads took: 0.0001611 seconds
2024-07-28T16:41:57.960+0800: 0.289: [CMS-concurrent-mark-start]
2024-07-28T16:41:57.963+0800: 0.292: [CMS-concurrent-mark: 0.003/0.003 secs] [Times: user=0.00 sys=0.00, real=0.00 secs] 
2024-07-28T16:41:57.963+0800: 0.292: [CMS-concurrent-preclean-start]
2024-07-28T16:41:57.964+0800: 0.293: [CMS-concurrent-preclean: 0.001/0.001 secs] [Times: user=0.00 sys=0.00, real=0.00 secs] 
2024-07-28T16:41:57.964+0800: 0.293: [CMS-concurrent-abortable-preclean-start]
2024-07-28T16:41:58.074+0800: 0.402: Application time: 0.1131264 seconds
2024-07-28T16:41:58.074+0800: 0.402: [GC (Allocation Failure) 2024-07-28T16:41:58.074+0800: 0.402: [ParNew: 77498K->28K(78656K), 0.0009451 secs] 206149K->128681K(253440K), 0.0010048 secs] [Times: user=0.00 sys=0.00, real=0.00 secs] 
2024-07-28T16:41:58.074+0800: 0.403: Total time for which application threads were stopped: 0.0011162 seconds, Stopping threads took: 0.0000218 seconds
2024-07-28T16:41:58.079+0800: 0.408: Application time: 0.0046121 seconds
2024-07-28T16:41:58.079+0800: 0.408: [GC (Allocation Failure) 2024-07-28T16:41:58.079+0800: 0.408: [ParNew: 68997K->8196K(78656K), 0.0299104 secs] 197650K->197266K(268860K), 0.0299586 secs] [Times: user=0.06 sys=0.02, real=0.03 secs] 
2024-07-28T16:41:58.109+0800: 0.438: Total time for which application threads were stopped: 0.0300550 seconds, Stopping threads took: 0.0000140 seconds
2024-07-28T16:41:58.218+0800: 0.547: Application time: 0.1092043 seconds
2024-07-28T16:41:58.218+0800: 0.547: [GC (Allocation Failure) 2024-07-28T16:41:58.218+0800: 0.547: [ParNew: 77168K->8192K(78656K), 0.0255849 secs] 266238K->265872K(337736K), 0.0256448 secs] [Times: user=0.05 sys=0.03, real=0.03 secs] 
2024-07-28T16:41:58.244+0800: 0.573: Total time for which application threads were stopped: 0.0257547 seconds, Stopping threads took: 0.0000199 seconds
2024-07-28T16:41:58.244+0800: 0.573: [CMS-concurrent-abortable-preclean: 0.004/0.280 secs] [Times: user=0.11 sys=0.05, real=0.28 secs] 
2024-07-28T16:41:58.244+0800: 0.573: Application time: 0.0002973 seconds
2024-07-28T16:41:58.244+0800: 0.573: [GC (CMS Final Remark) [YG occupancy: 12652 K (78656 K)]2024-07-28T16:41:58.244+0800: 0.573: [Rescan (parallel) , 0.0007835 secs]2024-07-28T16:41:58.245+0800: 0.574: [weak refs processing, 0.0000209 secs]2024-07-28T16:41:58.245+0800: 0.574: [class unloading, 0.0002045 secs]2024-07-28T16:41:58.245+0800: 0.574: [scrub symbol table, 0.0003459 secs]2024-07-28T16:41:58.246+0800: 0.575: [scrub string table, 0.0000991 secs][1 CMS-remark: 257680K(259080K)] 270332K(337736K), 0.0015700 secs] [Times: user=0.00 sys=0.00, real=0.00 secs] 
2024-07-28T16:41:58.246+0800: 0.575: Total time for which application threads were stopped: 0.0017795 seconds, Stopping threads took: 0.0001601 seconds
2024-07-28T16:41:58.246+0800: 0.575: [CMS-concurrent-sweep-start]
2024-07-28T16:41:58.248+0800: 0.577: [CMS-concurrent-sweep: 0.001/0.001 secs] [Times: user=0.00 sys=0.00, real=0.00 secs] 
2024-07-28T16:41:58.249+0800: 0.578: [CMS-concurrent-reset-start]
2024-07-28T16:41:58.252+0800: 0.581: [CMS-concurrent-reset: 0.004/0.004 secs] [Times: user=0.00 sys=0.00, real=0.00 secs] 
2024-07-28T16:41:58.359+0800: 0.688: Application time: 0.1129161 seconds
2024-07-28T16:41:58.359+0800: 0.688: [GC (Allocation Failure) 2024-07-28T16:41:58.359+0800: 0.688: [ParNew: 77165K->1024K(78656K), 0.0017176 secs] 334844K->258703K(508124K), 0.0017782 secs] [Times: user=0.00 sys=0.00, real=0.00 secs] 
2024-07-28T16:41:58.361+0800: 0.690: Total time for which application threads were stopped: 0.0019144 seconds, Stopping threads took: 0.0000247 seconds
2024-07-28T16:41:58.361+0800: 0.690: Application time: 0.0002379 seconds
2024-07-28T16:41:58.361+0800: 0.690: [GC (CMS Initial Mark) [1 CMS-initial-mark: 257679K(429468K)] 262140K(508124K), 0.0007475 secs] [Times: user=0.00 sys=0.00, real=0.00 secs] 
2024-07-28T16:41:58.362+0800: 0.691: Total time for which application threads were stopped: 0.0009105 seconds, Stopping threads took: 0.0001200 seconds
2024-07-28T16:41:58.362+0800: 0.691: [CMS-concurrent-mark-start]
2024-07-28T16:41:58.365+0800: 0.694: [CMS-concurrent-mark: 0.003/0.003 secs] [Times: user=0.05 sys=0.00, real=0.00 secs] 
2024-07-28T16:41:58.365+0800: 0.694: [CMS-concurrent-preclean-start]
2024-07-28T16:41:58.367+0800: 0.696: [CMS-concurrent-preclean: 0.001/0.001 secs] [Times: user=0.00 sys=0.00, real=0.00 secs] 
2024-07-28T16:41:58.367+0800: 0.696: [CMS-concurrent-abortable-preclean-start]
2024-07-28T16:41:58.367+0800: 0.696: Application time: 0.0056068 seconds
2024-07-28T16:41:58.368+0800: 0.697: [GC (Allocation Failure) 2024-07-28T16:41:58.368+0800: 0.697: [ParNew: 69998K->8192K(78656K), 0.0378229 secs] 327677K->327312K(508124K), 0.0378711 secs] [Times: user=0.05 sys=0.02, real=0.04 secs] 
2024-07-28T16:41:58.405+0800: 0.734: Total time for which application threads were stopped: 0.0379845 seconds, Stopping threads took: 0.0000136 seconds
2024-07-28T16:41:58.519+0800: 0.848: Application time: 0.1131188 seconds
2024-07-28T16:41:58.519+0800: 0.848: [GC (Allocation Failure) 2024-07-28T16:41:58.519+0800: 0.848: [ParNew: 77167K->8192K(78656K), 0.0388258 secs] 396287K->395921K(508124K), 0.0388844 secs] [Times: user=0.14 sys=0.05, real=0.04 secs] 
2024-07-28T16:41:58.558+0800: 0.887: Total time for which application threads were stopped: 0.0389946 seconds, Stopping threads took: 0.0000189 seconds
2024-07-28T16:41:58.558+0800: 0.887: [CMS-concurrent-abortable-preclean: 0.004/0.191 secs] [Times: user=0.19 sys=0.06, real=0.19 secs] 
2024-07-28T16:41:58.558+0800: 0.887: Application time: 0.0002399 seconds
2024-07-28T16:41:58.558+0800: 0.887: [GC (CMS Final Remark) [YG occupancy: 11630 K (78656 K)]2024-07-28T16:41:58.558+0800: 0.887: [Rescan (parallel) , 0.0005366 secs]2024-07-28T16:41:58.558+0800: 0.887: [weak refs processing, 0.0000126 secs]2024-07-28T16:41:58.559+0800: 0.887: [class unloading, 0.0001776 secs]2024-07-28T16:41:58.559+0800: 0.888: [scrub symbol table, 0.0003478 secs]2024-07-28T16:41:58.559+0800: 0.888: [scrub string table, 0.0001117 secs][1 CMS-remark: 387729K(429468K)] 399360K(508124K), 0.0012519 secs] [Times: user=0.00 sys=0.00, real=0.00 secs] 
2024-07-28T16:41:58.559+0800: 0.888: Total time for which application threads were stopped: 0.0013537 seconds, Stopping threads took: 0.0000599 seconds
2024-07-28T16:41:58.559+0800: 0.888: [CMS-concurrent-sweep-start]
2024-07-28T16:41:58.561+0800: 0.890: [CMS-concurrent-sweep: 0.002/0.002 secs] [Times: user=0.00 sys=0.00, real=0.00 secs] 
2024-07-28T16:41:58.561+0800: 0.890: [CMS-concurrent-reset-start]
2024-07-28T16:41:58.562+0800: 0.891: [CMS-concurrent-reset: 0.001/0.001 secs] [Times: user=0.00 sys=0.00, real=0.00 secs] 
2024-07-28T16:41:58.673+0800: 1.002: Application time: 0.1133387 seconds
2024-07-28T16:41:58.673+0800: 1.002: [GC (Allocation Failure) 2024-07-28T16:41:58.673+0800: 1.002: [ParNew: 77167K->2048K(78656K), 0.0014559 secs] 207869K->132749K(508124K), 0.0015828 secs] [Times: user=0.00 sys=0.00, real=0.00 secs] 
2024-07-28T16:41:58.675+0800: 1.003: Total time for which application threads were stopped: 0.0017752 seconds, Stopping threads took: 0.0000174 seconds
2024-07-28T16:41:58.679+0800: 1.008: Application time: 0.0044974 seconds
2024-07-28T16:41:58.679+0800: 1.008: [GC (Allocation Failure) 2024-07-28T16:41:58.679+0800: 1.008: [ParNew: 71024K->8192K(78656K), 0.0262714 secs] 201725K->201358K(508124K), 0.0263262 secs] [Times: user=0.03 sys=0.00, real=0.03 secs] 
2024-07-28T16:41:58.706+0800: 1.034: Total time for which application threads were stopped: 0.0264277 seconds, Stopping threads took: 0.0000145 seconds
2024-07-28T16:41:58.706+0800: 1.034: Application time: 0.0002427 seconds
2024-07-28T16:41:58.706+0800: 1.035: [GC (CMS Initial Mark) [1 CMS-initial-mark: 193166K(429468K)] 204797K(508124K), 0.0007727 secs] [Times: user=0.00 sys=0.00, real=0.00 secs] 
2024-07-28T16:41:58.707+0800: 1.035: Total time for which application threads were stopped: 0.0009006 seconds, Stopping threads took: 0.0000862 seconds
2024-07-28T16:41:58.707+0800: 1.035: [CMS-concurrent-mark-start]
2024-07-28T16:41:58.709+0800: 1.038: [CMS-concurrent-mark: 0.002/0.002 secs] [Times: user=0.05 sys=0.00, real=0.00 secs] 
2024-07-28T16:41:58.709+0800: 1.038: [CMS-concurrent-preclean-start]
2024-07-28T16:41:58.710+0800: 1.038: [CMS-concurrent-preclean: 0.001/0.001 secs] [Times: user=0.00 sys=0.00, real=0.00 secs] 
2024-07-28T16:41:58.710+0800: 1.038: [CMS-concurrent-abortable-preclean-start]
2024-07-28T16:41:58.819+0800: 1.147: Application time: 0.1116738 seconds
2024-07-28T16:41:58.819+0800: 1.147: [GC (Allocation Failure) 2024-07-28T16:41:58.819+0800: 1.147: [ParNew: 77168K->8192K(78656K), 0.0119491 secs] 270334K->269967K(508124K), 0.0120075 secs] [Times: user=0.00 sys=0.00, real=0.01 secs] 
2024-07-28T16:41:58.831+0800: 1.159: Total time for which application threads were stopped: 0.0121139 seconds, Stopping threads took: 0.0000187 seconds
2024-07-28T16:41:58.943+0800: 1.272: Application time: 0.1125418 seconds
2024-07-28T16:41:58.943+0800: 1.272: [GC (Allocation Failure) 2024-07-28T16:41:58.943+0800: 1.272: [ParNew: 77168K->3072K(78656K), 0.0013298 secs] 338943K->264847K(508124K), 0.0013878 secs] [Times: user=0.00 sys=0.00, real=0.00 secs] 
2024-07-28T16:41:58.944+0800: 1.273: Total time for which application threads were stopped: 0.0015002 seconds, Stopping threads took: 0.0000199 seconds
2024-07-28T16:41:58.948+0800: 1.278: Application time: 0.0044380 seconds
2024-07-28T16:41:58.948+0800: 1.278: [GC (Allocation Failure) 2024-07-28T16:41:58.948+0800: 1.278: [ParNew: 72048K->8192K(78656K), 0.0113735 secs] 333823K->333456K(508124K), 0.0114217 secs] [Times: user=0.03 sys=0.00, real=0.01 secs] 
2024-07-28T16:41:58.960+0800: 1.289: Total time for which application threads were stopped: 0.0115209 seconds, Stopping threads took: 0.0000143 seconds
2024-07-28T16:41:58.960+0800: 1.289: [CMS-concurrent-abortable-preclean: 0.004/0.251 secs] [Times: user=0.08 sys=0.00, real=0.25 secs] 
2024-07-28T16:41:58.960+0800: 1.289: Application time: 0.0001975 seconds
2024-07-28T16:41:58.960+0800: 1.289: [GC (CMS Final Remark) [YG occupancy: 11631 K (78656 K)]2024-07-28T16:41:58.960+0800: 1.289: [Rescan (parallel) , 0.0007438 secs]2024-07-28T16:41:58.961+0800: 1.290: [weak refs processing, 0.0000118 secs]2024-07-28T16:41:58.961+0800: 1.290: [class unloading, 0.0001817 secs]2024-07-28T16:41:58.961+0800: 1.290: [scrub symbol table, 0.0003231 secs]2024-07-28T16:41:58.961+0800: 1.291: [scrub string table, 0.0000989 secs][1 CMS-remark: 325264K(429468K)] 336895K(508124K), 0.0014224 secs] [Times: user=0.00 sys=0.00, real=0.00 secs] 
2024-07-28T16:41:58.963+0800: 1.291: Total time for which application threads were stopped: 0.0015395 seconds, Stopping threads took: 0.0000803 seconds
2024-07-28T16:41:58.963+0800: 1.291: [CMS-concurrent-sweep-start]
2024-07-28T16:41:58.964+0800: 1.292: [CMS-concurrent-sweep: 0.001/0.001 secs] [Times: user=0.00 sys=0.00, real=0.00 secs] 
2024-07-28T16:41:58.964+0800: 1.292: [CMS-concurrent-reset-start]
2024-07-28T16:41:58.965+0800: 1.293: [CMS-concurrent-reset: 0.001/0.001 secs] [Times: user=0.00 sys=0.00, real=0.00 secs] 
2024-07-28T16:41:59.071+0800: 1.400: Application time: 0.1088562 seconds
2024-07-28T16:41:59.071+0800: 1.400: [GC (Allocation Failure) 2024-07-28T16:41:59.071+0800: 1.400: [ParNew: 77168K->8192K(78656K), 0.0125333 secs] 272383K->272015K(508124K), 0.0126059 secs] [Times: user=0.03 sys=0.00, real=0.01 secs] 
2024-07-28T16:41:59.083+0800: 1.412: Total time for which application threads were stopped: 0.0127164 seconds, Stopping threads took: 0.0000196 seconds
2024-07-28T16:41:59.083+0800: 1.413: Application time: 0.0001930 seconds
2024-07-28T16:41:59.084+0800: 1.413: [GC (CMS Initial Mark) [1 CMS-initial-mark: 263823K(429468K)] 275455K(508124K), 0.0008455 secs] [Times: user=0.00 sys=0.00, real=0.00 secs] 
2024-07-28T16:41:59.084+0800: 1.414: Total time for which application threads were stopped: 0.0009960 seconds, Stopping threads took: 0.0001053 seconds
2024-07-28T16:41:59.085+0800: 1.414: [CMS-concurrent-mark-start]
2024-07-28T16:41:59.089+0800: 1.418: [CMS-concurrent-mark: 0.004/0.004 secs] [Times: user=0.00 sys=0.00, real=0.00 secs] 
2024-07-28T16:41:59.090+0800: 1.418: [CMS-concurrent-preclean-start]
2024-07-28T16:41:59.090+0800: 1.419: [CMS-concurrent-preclean: 0.001/0.001 secs] [Times: user=0.00 sys=0.00, real=0.00 secs] 
2024-07-28T16:41:59.090+0800: 1.419: [CMS-concurrent-abortable-preclean-start]
2024-07-28T16:41:59.193+0800: 1.521: Application time: 0.1077681 seconds
2024-07-28T16:41:59.193+0800: 1.522: [GC (Allocation Failure) 2024-07-28T16:41:59.193+0800: 1.522: [ParNew: 77168K->4096K(78656K), 0.0015739 secs] 340992K->267919K(508124K), 0.0016285 secs] [Times: user=0.00 sys=0.00, real=0.00 secs] 
2024-07-28T16:41:59.195+0800: 1.523: Total time for which application threads were stopped: 0.0017430 seconds, Stopping threads took: 0.0000206 seconds
2024-07-28T16:41:59.199+0800: 1.528: Application time: 0.0044902 seconds
2024-07-28T16:41:59.199+0800: 1.528: [GC (Allocation Failure) 2024-07-28T16:41:59.199+0800: 1.528: [ParNew: 73072K->8192K(78656K), 0.0117356 secs] 336896K->336528K(508124K), 0.0117831 secs] [Times: user=0.03 sys=0.00, real=0.01 secs] 
2024-07-28T16:41:59.211+0800: 1.540: Total time for which application threads were stopped: 0.0118761 seconds, Stopping threads took: 0.0000126 seconds
2024-07-28T16:41:59.320+0800: 1.649: Application time: 0.1095561 seconds
2024-07-28T16:41:59.320+0800: 1.649: [GC (Allocation Failure) 2024-07-28T16:41:59.321+0800: 1.649: [ParNew: 77168K->8192K(78656K), 0.0119492 secs] 405505K->405137K(508124K), 0.0120121 secs] [Times: user=0.01 sys=0.00, real=0.01 secs] 
2024-07-28T16:41:59.333+0800: 1.661: Total time for which application threads were stopped: 0.0121338 seconds, Stopping threads took: 0.0000188 seconds
2024-07-28T16:41:59.333+0800: 1.661: [CMS-concurrent-abortable-preclean: 0.006/0.243 secs] [Times: user=0.05 sys=0.00, real=0.24 secs] 
2024-07-28T16:41:59.333+0800: 1.662: Application time: 0.0003784 seconds
2024-07-28T16:41:59.333+0800: 1.662: [GC (CMS Final Remark) [YG occupancy: 14703 K (78656 K)]2024-07-28T16:41:59.333+0800: 1.662: [Rescan (parallel) , 0.0005008 secs]2024-07-28T16:41:59.334+0800: 1.662: [weak refs processing, 0.0000607 secs]2024-07-28T16:41:59.334+0800: 1.662: [class unloading, 0.0001835 secs]2024-07-28T16:41:59.334+0800: 1.663: [scrub symbol table, 0.0003173 secs]2024-07-28T16:41:59.334+0800: 1.663: [scrub string table, 0.0000911 secs][1 CMS-remark: 396945K(429468K)] 411649K(508124K), 0.0012332 secs] [Times: user=0.00 sys=0.00, real=0.00 secs] 
2024-07-28T16:41:59.334+0800: 1.663: Total time for which application threads were stopped: 0.0014060 seconds, Stopping threads took: 0.0001353 seconds
2024-07-28T16:41:59.335+0800: 1.663: [CMS-concurrent-sweep-start]
2024-07-28T16:41:59.336+0800: 1.665: [CMS-concurrent-sweep: 0.002/0.002 secs] [Times: user=0.00 sys=0.00, real=0.00 secs] 
2024-07-28T16:41:59.337+0800: 1.665: [CMS-concurrent-reset-start]
2024-07-28T16:41:59.338+0800: 1.667: [CMS-concurrent-reset: 0.001/0.001 secs] [Times: user=0.00 sys=0.00, real=0.00 secs] 
2024-07-28T16:41:59.444+0800: 1.773: Application time: 0.1100651 seconds
2024-07-28T16:41:59.444+0800: 1.773: [GC (Allocation Failure) 2024-07-28T16:41:59.445+0800: 1.773: [ParNew: 77168K->5120K(78656K), 0.0017485 secs] 343040K->270991K(521776K), 0.0018145 secs] [Times: user=0.00 sys=0.00, real=0.00 secs] 
2024-07-28T16:41:59.446+0800: 1.775: Total time for which application threads were stopped: 0.0019286 seconds, Stopping threads took: 0.0000211 seconds
2024-07-28T16:41:59.451+0800: 1.779: Application time: 0.0043985 seconds
2024-07-28T16:41:59.451+0800: 1.779: [GC (Allocation Failure) 2024-07-28T16:41:59.451+0800: 1.780: [ParNew: 74096K->8192K(78656K), 0.0114796 secs] 339968K->339600K(521776K), 0.0115290 secs] [Times: user=0.03 sys=0.00, real=0.01 secs] 
2024-07-28T16:41:59.462+0800: 1.791: Total time for which application threads were stopped: 0.0116264 seconds, Stopping threads took: 0.0000147 seconds
2024-07-28T16:41:59.463+0800: 1.791: Application time: 0.0001175 seconds
2024-07-28T16:41:59.463+0800: 1.791: [GC (CMS Initial Mark) [1 CMS-initial-mark: 331408K(443120K)] 343040K(521776K), 0.0007168 secs] [Times: user=0.00 sys=0.00, real=0.00 secs] 
2024-07-28T16:41:59.463+0800: 1.792: Total time for which application threads were stopped: 0.0008387 seconds, Stopping threads took: 0.0000814 seconds
2024-07-28T16:41:59.463+0800: 1.792: [CMS-concurrent-mark-start]
2024-07-28T16:41:59.466+0800: 1.795: [CMS-concurrent-mark: 0.003/0.003 secs] [Times: user=0.00 sys=0.00, real=0.00 secs] 
2024-07-28T16:41:59.466+0800: 1.795: [CMS-concurrent-preclean-start]
2024-07-28T16:41:59.467+0800: 1.795: [CMS-concurrent-preclean: 0.001/0.001 secs] [Times: user=0.00 sys=0.00, real=0.00 secs] 
2024-07-28T16:41:59.467+0800: 1.795: [CMS-concurrent-abortable-preclean-start]
2024-07-28T16:41:59.570+0800: 1.899: Application time: 0.1067344 seconds
2024-07-28T16:41:59.570+0800: 1.899: [GC (Allocation Failure) 2024-07-28T16:41:59.570+0800: 1.899: [ParNew: 77168K->8192K(78656K), 0.0118604 secs] 408577K->408209K(521776K), 0.0119206 secs] [Times: user=0.00 sys=0.00, real=0.01 secs] 
2024-07-28T16:41:59.582+0800: 1.911: Total time for which application threads were stopped: 0.0120499 seconds, Stopping threads took: 0.0000209 seconds
2024-07-28T16:41:59.693+0800: 2.022: Application time: 0.1110731 seconds
2024-07-28T16:41:59.693+0800: 2.022: [GC (Allocation Failure) 2024-07-28T16:41:59.693+0800: 2.022: [ParNew: 77168K->6144K(78656K), 0.0019461 secs] 477186K->406161K(521776K), 0.0020129 secs] [Times: user=0.00 sys=0.00, real=0.00 secs] 
2024-07-28T16:41:59.695+0800: 2.024: Total time for which application threads were stopped: 0.0021209 seconds, Stopping threads took: 0.0000207 seconds
2024-07-28T16:41:59.699+0800: 2.028: Application time: 0.0044415 seconds
2024-07-28T16:41:59.699+0800: 2.029: [GC (Allocation Failure) 2024-07-28T16:41:59.699+0800: 2.029: [ParNew: 75120K->8192K(78656K), 0.0253502 secs] 475138K->474770K(546448K), 0.0253970 secs] [Times: user=0.03 sys=0.03, real=0.03 secs] 
2024-07-28T16:41:59.725+0800: 2.054: Total time for which application threads were stopped: 0.0254903 seconds, Stopping threads took: 0.0000130 seconds
2024-07-28T16:41:59.725+0800: 2.054: [CMS-concurrent-abortable-preclean: 0.005/0.259 secs] [Times: user=0.06 sys=0.03, real=0.26 secs] 
2024-07-28T16:41:59.725+0800: 2.054: Application time: 0.0004591 seconds
2024-07-28T16:41:59.725+0800: 2.055: [GC (CMS Final Remark) [YG occupancy: 14703 K (78656 K)]2024-07-28T16:41:59.725+0800: 2.055: [Rescan (parallel) , 0.0008654 secs]2024-07-28T16:41:59.726+0800: 2.055: [weak refs processing, 0.0000118 secs]2024-07-28T16:41:59.726+0800: 2.055: [class unloading, 0.0001818 secs]2024-07-28T16:41:59.726+0800: 2.056: [scrub symbol table, 0.0003526 secs]2024-07-28T16:41:59.727+0800: 2.056: [scrub string table, 0.0000959 secs][1 CMS-remark: 466578K(467792K)] 481282K(546448K), 0.0015706 secs] [Times: user=0.00 sys=0.00, real=0.00 secs] 
2024-07-28T16:41:59.727+0800: 2.056: Total time for which application threads were stopped: 0.0017186 seconds, Stopping threads took: 0.0001097 seconds
2024-07-28T16:41:59.727+0800: 2.056: [CMS-concurrent-sweep-start]
2024-07-28T16:41:59.728+0800: 2.058: [CMS-concurrent-sweep: 0.001/0.001 secs] [Times: user=0.00 sys=0.00, real=0.00 secs] 
2024-07-28T16:41:59.729+0800: 2.058: [CMS-concurrent-reset-start]
2024-07-28T16:41:59.729+0800: 2.059: [CMS-concurrent-reset: 0.001/0.001 secs] [Times: user=0.00 sys=0.00, real=0.00 secs] 
2024-07-28T16:41:59.835+0800: 2.164: Application time: 0.1074730 seconds
2024-07-28T16:41:59.835+0800: 2.164: [GC (Allocation Failure) 2024-07-28T16:41:59.835+0800: 2.164: [ParNew: 77168K->8192K(78656K), 0.0118471 secs] 278527K->278159K(546448K), 0.0119212 secs] [Times: user=0.00 sys=0.00, real=0.01 secs] 
2024-07-28T16:41:59.847+0800: 2.176: Total time for which application threads were stopped: 0.0120333 seconds, Stopping threads took: 0.0000194 seconds
2024-07-28T16:41:59.847+0800: 2.176: Application time: 0.0001181 seconds
2024-07-28T16:41:59.847+0800: 2.176: [GC (CMS Initial Mark) [1 CMS-initial-mark: 269967K(467792K)] 281599K(546448K), 0.0004787 secs] [Times: user=0.00 sys=0.00, real=0.00 secs] 
2024-07-28T16:41:59.848+0800: 2.176: Total time for which application threads were stopped: 0.0006752 seconds, Stopping threads took: 0.0001486 seconds
2024-07-28T16:41:59.848+0800: 2.177: [CMS-concurrent-mark-start]
2024-07-28T16:41:59.852+0800: 2.181: [CMS-concurrent-mark: 0.004/0.004 secs] [Times: user=0.05 sys=0.00, real=0.00 secs] 
2024-07-28T16:41:59.852+0800: 2.181: [CMS-concurrent-preclean-start]
2024-07-28T16:41:59.853+0800: 2.181: [CMS-concurrent-preclean: 0.001/0.001 secs] [Times: user=0.00 sys=0.00, real=0.00 secs] 
2024-07-28T16:41:59.853+0800: 2.181: [CMS-concurrent-abortable-preclean-start]
2024-07-28T16:41:59.957+0800: 2.286: Application time: 0.1096397 seconds
2024-07-28T16:41:59.957+0800: 2.286: [GC (Allocation Failure) 2024-07-28T16:41:59.957+0800: 2.286: [ParNew: 77168K->7168K(78656K), 0.0023815 secs] 347136K->277135K(546448K), 0.0024334 secs] [Times: user=0.00 sys=0.00, real=0.00 secs] 
2024-07-28T16:41:59.960+0800: 2.289: Total time for which application threads were stopped: 0.0025665 seconds, Stopping threads took: 0.0000336 seconds
2024-07-28T16:41:59.964+0800: 2.293: Application time: 0.0043967 seconds
2024-07-28T16:41:59.964+0800: 2.293: [GC (Allocation Failure) 2024-07-28T16:41:59.964+0800: 2.293: [ParNew: 76144K->8192K(78656K), 0.0134212 secs] 346112K->345744K(546448K), 0.0134764 secs] [Times: user=0.03 sys=0.00, real=0.01 secs] 
2024-07-28T16:41:59.978+0800: 2.307: Total time for which application threads were stopped: 0.0135741 seconds, Stopping threads took: 0.0000152 seconds
2024-07-28T16:42:00.084+0800: 2.413: Application time: 0.1060897 seconds
2024-07-28T16:42:00.084+0800: 2.413: [GC (Allocation Failure) 2024-07-28T16:42:00.084+0800: 2.413: [ParNew: 77168K->8192K(78656K), 0.0121167 secs] 414721K->414353K(546448K), 0.0121765 secs] [Times: user=0.00 sys=0.00, real=0.01 secs] 
2024-07-28T16:42:00.096+0800: 2.425: Total time for which application threads were stopped: 0.0123005 seconds, Stopping threads took: 0.0000338 seconds
2024-07-28T16:42:00.096+0800: 2.425: [CMS-concurrent-abortable-preclean: 0.006/0.244 secs] [Times: user=0.08 sys=0.00, real=0.24 secs] 
2024-07-28T16:42:00.097+0800: 2.426: Application time: 0.0004781 seconds
2024-07-28T16:42:00.097+0800: 2.426: [GC (CMS Final Remark) [YG occupancy: 14703 K (78656 K)]2024-07-28T16:42:00.097+0800: 2.426: [Rescan (parallel) , 0.0009876 secs]2024-07-28T16:42:00.098+0800: 2.427: [weak refs processing, 0.0000128 secs]2024-07-28T16:42:00.098+0800: 2.427: [class unloading, 0.0001746 secs]2024-07-28T16:42:00.098+0800: 2.427: [scrub symbol table, 0.0003505 secs]2024-07-28T16:42:00.098+0800: 2.427: [scrub string table, 0.0001149 secs][1 CMS-remark: 406161K(467792K)] 420865K(546448K), 0.0017066 secs] [Times: user=0.00 sys=0.02, real=0.00 secs] 
2024-07-28T16:42:00.098+0800: 2.427: Total time for which application threads were stopped: 0.0018636 seconds, Stopping threads took: 0.0001192 seconds
2024-07-28T16:42:00.099+0800: 2.428: [CMS-concurrent-sweep-start]
2024-07-28T16:42:00.100+0800: 2.429: [CMS-concurrent-sweep: 0.002/0.002 secs] [Times: user=0.00 sys=0.00, real=0.00 secs] 
2024-07-28T16:42:00.100+0800: 2.429: [CMS-concurrent-reset-start]
2024-07-28T16:42:00.102+0800: 2.431: [CMS-concurrent-reset: 0.001/0.001 secs] [Times: user=0.00 sys=0.00, real=0.00 secs] 
2024-07-28T16:42:00.205+0800: 2.534: Application time: 0.1069925 seconds
2024-07-28T16:42:00.206+0800: 2.534: [GC (Allocation Failure) 2024-07-28T16:42:00.206+0800: 2.534: [ParNew: 77168K->8192K(78656K), 0.0023362 secs] 349184K->280207K(546448K), 0.0023918 secs] [Times: user=0.00 sys=0.00, real=0.00 secs] 
2024-07-28T16:42:00.208+0800: 2.537: Total time for which application threads were stopped: 0.0025187 seconds, Stopping threads took: 0.0000239 seconds
2024-07-28T16:42:00.212+0800: 2.541: Application time: 0.0043852 seconds
2024-07-28T16:42:00.212+0800: 2.541: [GC (Allocation Failure) 2024-07-28T16:42:00.212+0800: 2.541: [ParNew: 77168K->8192K(78656K), 0.0119882 secs] 349184K->348816K(546448K), 0.0120368 secs] [Times: user=0.03 sys=0.00, real=0.01 secs] 
2024-07-28T16:42:00.225+0800: 2.553: Total time for which application threads were stopped: 0.0121378 seconds, Stopping threads took: 0.0000140 seconds
2024-07-28T16:42:00.225+0800: 2.554: Application time: 0.0002319 seconds
2024-07-28T16:42:00.225+0800: 2.554: [GC (CMS Initial Mark) [1 CMS-initial-mark: 340624K(467792K)] 352256K(546448K), 0.0007541 secs] [Times: user=0.00 sys=0.00, real=0.00 secs] 
2024-07-28T16:42:00.226+0800: 2.555: Total time for which application threads were stopped: 0.0009380 seconds, Stopping threads took: 0.0001406 seconds
2024-07-28T16:42:00.226+0800: 2.555: [CMS-concurrent-mark-start]
2024-07-28T16:42:00.228+0800: 2.557: [CMS-concurrent-mark: 0.002/0.002 secs] [Times: user=0.00 sys=0.00, real=0.00 secs] 
2024-07-28T16:42:00.228+0800: 2.557: [CMS-concurrent-preclean-start]
2024-07-28T16:42:00.229+0800: 2.557: [CMS-concurrent-preclean: 0.001/0.001 secs] [Times: user=0.00 sys=0.00, real=0.00 secs] 
2024-07-28T16:42:00.229+0800: 2.557: [CMS-concurrent-abortable-preclean-start]
2024-07-28T16:42:00.334+0800: 2.663: Application time: 0.1079210 seconds
2024-07-28T16:42:00.334+0800: 2.663: [GC (Allocation Failure) 2024-07-28T16:42:00.334+0800: 2.663: [ParNew: 77168K->8192K(78656K), 0.0121207 secs] 417793K->417425K(546448K), 0.0121798 secs] [Times: user=0.00 sys=0.00, real=0.01 secs] 
2024-07-28T16:42:00.346+0800: 2.675: Total time for which application threads were stopped: 0.0122858 seconds, Stopping threads took: 0.0000165 seconds
2024-07-28T16:42:00.458+0800: 2.787: Application time: 0.1117297 seconds
2024-07-28T16:42:00.458+0800: 2.787: [GC (Allocation Failure) 2024-07-28T16:42:00.458+0800: 2.787: [ParNew: 77168K->8192K(78656K), 0.0026418 secs] 486402K->418449K(546448K), 0.0026932 secs] [Times: user=0.00 sys=0.00, real=0.00 secs] 
2024-07-28T16:42:00.461+0800: 2.789: Total time for which application threads were stopped: 0.0027996 seconds, Stopping threads took: 0.0000202 seconds
2024-07-28T16:42:00.461+0800: 2.789: [CMS-concurrent-abortable-preclean: 0.005/0.232 secs] [Times: user=0.08 sys=0.00, real=0.23 secs] 
2024-07-28T16:42:00.461+0800: 2.790: Application time: 0.0005901 seconds
2024-07-28T16:42:00.461+0800: 2.790: [GC (CMS Final Remark) [YG occupancy: 16751 K (78656 K)]2024-07-28T16:42:00.461+0800: 2.790: [Rescan (parallel) , 0.0008692 secs]2024-07-28T16:42:00.462+0800: 2.791: [weak refs processing, 0.0000126 secs]2024-07-28T16:42:00.462+0800: 2.791: [class unloading, 0.0001890 secs]2024-07-28T16:42:00.463+0800: 2.791: [scrub symbol table, 0.0003693 secs]2024-07-28T16:42:00.463+0800: 2.792: [scrub string table, 0.0000978 secs][1 CMS-remark: 410257K(467792K)] 427009K(546448K), 0.0016021 secs] [Times: user=0.00 sys=0.00, real=0.00 secs] 
2024-07-28T16:42:00.463+0800: 2.792: Total time for which application threads were stopped: 0.0017069 seconds, Stopping threads took: 0.0000706 seconds
2024-07-28T16:42:00.463+0800: 2.792: [CMS-concurrent-sweep-start]
2024-07-28T16:42:00.465+0800: 2.794: [CMS-concurrent-sweep: 0.002/0.002 secs] [Times: user=0.00 sys=0.00, real=0.00 secs] 
2024-07-28T16:42:00.465+0800: 2.794: [CMS-concurrent-reset-start]
2024-07-28T16:42:00.466+0800: 2.795: [CMS-concurrent-reset: 0.001/0.001 secs] [Times: user=0.00 sys=0.00, real=0.00 secs] 
2024-07-28T16:42:00.468+0800: 2.797: Application time: 0.0048790 seconds
2024-07-28T16:42:00.468+0800: 2.797: [GC (Allocation Failure) 2024-07-28T16:42:00.468+0800: 2.797: [ParNew: 77168K->8192K(78656K), 0.0120375 secs] 216062K->215694K(546448K), 0.0120922 secs] [Times: user=0.03 sys=0.00, real=0.01 secs] 
2024-07-28T16:42:00.480+0800: 2.809: Total time for which application threads were stopped: 0.0121878 seconds, Stopping threads took: 0.0000129 seconds
2024-07-28T16:42:00.480+0800: 2.809: Application time: 0.0002065 seconds
2024-07-28T16:42:00.481+0800: 2.809: [GC (CMS Initial Mark) [1 CMS-initial-mark: 207502K(467792K)] 219134K(546448K), 0.0008309 secs] [Times: user=0.00 sys=0.00, real=0.00 secs] 
2024-07-28T16:42:00.481+0800: 2.810: Total time for which application threads were stopped: 0.0009855 seconds, Stopping threads took: 0.0001086 seconds
2024-07-28T16:42:00.481+0800: 2.810: [CMS-concurrent-mark-start]
2024-07-28T16:42:00.483+0800: 2.812: [CMS-concurrent-mark: 0.002/0.002 secs] [Times: user=0.00 sys=0.00, real=0.00 secs] 
2024-07-28T16:42:00.483+0800: 2.812: [CMS-concurrent-preclean-start]
2024-07-28T16:42:00.484+0800: 2.813: [CMS-concurrent-preclean: 0.001/0.001 secs] [Times: user=0.00 sys=0.00, real=0.00 secs] 
2024-07-28T16:42:00.484+0800: 2.813: [CMS-concurrent-abortable-preclean-start]
2024-07-28T16:42:00.587+0800: 2.915: Application time: 0.1053594 seconds
2024-07-28T16:42:00.587+0800: 2.915: [GC (Allocation Failure) 2024-07-28T16:42:00.587+0800: 2.915: [ParNew: 77168K->8192K(78656K), 0.0122413 secs] 284671K->284303K(546448K), 0.0122995 secs] [Times: user=0.03 sys=0.00, real=0.01 secs] 
2024-07-28T16:42:00.599+0800: 2.928: Total time for which application threads were stopped: 0.0124120 seconds, Stopping threads took: 0.0000198 seconds
2024-07-28T16:42:00.710+0800: 3.039: Application time: 0.1110675 seconds
2024-07-28T16:42:00.710+0800: 3.039: [GC (Allocation Failure) 2024-07-28T16:42:00.710+0800: 3.039: [ParNew: 77168K->8192K(78656K), 0.0026562 secs] 353280K->286351K(546448K), 0.0027102 secs] [Times: user=0.00 sys=0.00, real=0.00 secs] 
2024-07-28T16:42:00.713+0800: 3.042: Total time for which application threads were stopped: 0.0028162 seconds, Stopping threads took: 0.0000201 seconds
2024-07-28T16:42:00.713+0800: 3.042: [CMS-concurrent-abortable-preclean: 0.003/0.229 secs] [Times: user=0.03 sys=0.00, real=0.23 secs] 
2024-07-28T16:42:00.713+0800: 3.042: Application time: 0.0003109 seconds
2024-07-28T16:42:00.713+0800: 3.042: [GC (CMS Final Remark) [YG occupancy: 12655 K (78656 K)]2024-07-28T16:42:00.713+0800: 3.042: [Rescan (parallel) , 0.0009233 secs]2024-07-28T16:42:00.714+0800: 3.043: [weak refs processing, 0.0000126 secs]2024-07-28T16:42:00.714+0800: 3.043: [class unloading, 0.0001804 secs]2024-07-28T16:42:00.715+0800: 3.043: [scrub symbol table, 0.0003506 secs]2024-07-28T16:42:00.715+0800: 3.044: [scrub string table, 0.0001138 secs][1 CMS-remark: 278159K(467792K)] 290815K(546448K), 0.0016457 secs] [Times: user=0.00 sys=0.00, real=0.00 secs] 
2024-07-28T16:42:00.715+0800: 3.044: Total time for which application threads were stopped: 0.0017585 seconds, Stopping threads took: 0.0000785 seconds
2024-07-28T16:42:00.715+0800: 3.044: [CMS-concurrent-sweep-start]
2024-07-28T16:42:00.717+0800: 3.045: [CMS-concurrent-sweep: 0.001/0.001 secs] [Times: user=0.00 sys=0.00, real=0.00 secs] 
2024-07-28T16:42:00.717+0800: 3.045: [CMS-concurrent-reset-start]
2024-07-28T16:42:00.718+0800: 3.047: [CMS-concurrent-reset: 0.001/0.001 secs] [Times: user=0.00 sys=0.00, real=0.00 secs] 
2024-07-28T16:42:00.720+0800: 3.048: Application time: 0.0047089 seconds
2024-07-28T16:42:00.720+0800: 3.048: [GC (Allocation Failure) 2024-07-28T16:42:00.720+0800: 3.048: [ParNew: 77168K->8192K(78656K), 0.0122223 secs] 218110K->217742K(546448K), 0.0122699 secs] [Times: user=0.03 sys=0.00, real=0.01 secs] 
2024-07-28T16:42:00.732+0800: 3.061: Total time for which application threads were stopped: 0.0123623 seconds, Stopping threads took: 0.0000119 seconds
2024-07-28T16:42:00.732+0800: 3.061: Application time: 0.0002463 seconds
2024-07-28T16:42:00.733+0800: 3.061: [GC (CMS Initial Mark) [1 CMS-initial-mark: 209550K(467792K)] 221182K(546448K), 0.0008269 secs] [Times: user=0.00 sys=0.00, real=0.00 secs] 
2024-07-28T16:42:00.733+0800: 3.062: Total time for which application threads were stopped: 0.0010081 seconds, Stopping threads took: 0.0001394 seconds
2024-07-28T16:42:00.733+0800: 3.062: [CMS-concurrent-mark-start]
2024-07-28T16:42:00.735+0800: 3.064: [CMS-concurrent-mark: 0.002/0.002 secs] [Times: user=0.00 sys=0.00, real=0.00 secs] 
2024-07-28T16:42:00.735+0800: 3.064: [CMS-concurrent-preclean-start]
2024-07-28T16:42:00.736+0800: 3.064: [CMS-concurrent-preclean: 0.001/0.001 secs] [Times: user=0.00 sys=0.00, real=0.00 secs] 
2024-07-28T16:42:00.736+0800: 3.064: [CMS-concurrent-abortable-preclean-start]
2024-07-28T16:42:00.852+0800: 3.181: Application time: 0.1192128 seconds
2024-07-28T16:42:00.853+0800: 3.181: [GC (Allocation Failure) 2024-07-28T16:42:00.853+0800: 3.181: [ParNew: 77168K->8192K(78656K), 0.0120472 secs] 286719K->286351K(546448K), 0.0121044 secs] [Times: user=0.03 sys=0.00, real=0.01 secs] 
2024-07-28T16:42:00.865+0800: 3.193: Total time for which application threads were stopped: 0.0122147 seconds, Stopping threads took: 0.0000196 seconds
2024-07-28T16:42:00.978+0800: 3.307: Application time: 0.1131039 seconds
2024-07-28T16:42:00.978+0800: 3.307: [GC (Allocation Failure) 2024-07-28T16:42:00.978+0800: 3.307: [ParNew: 77168K->8192K(78656K), 0.0026208 secs] 355328K->289423K(546448K), 0.0026769 secs] [Times: user=0.00 sys=0.00, real=0.00 secs] 
2024-07-28T16:42:00.981+0800: 3.309: Total time for which application threads were stopped: 0.0027961 seconds, Stopping threads took: 0.0000203 seconds
2024-07-28T16:42:00.981+0800: 3.309: [CMS-concurrent-abortable-preclean: 0.005/0.245 secs] [Times: user=0.03 sys=0.00, real=0.24 secs] 
2024-07-28T16:42:00.981+0800: 3.310: Application time: 0.0002933 seconds
2024-07-28T16:42:00.982+0800: 3.310: [GC (CMS Final Remark) [YG occupancy: 12655 K (78656 K)]2024-07-28T16:42:00.982+0800: 3.310: [Rescan (parallel) , 0.0009479 secs]2024-07-28T16:42:00.983+0800: 3.311: [weak refs processing, 0.0000132 secs]2024-07-28T16:42:00.983+0800: 3.311: [class unloading, 0.0001805 secs]2024-07-28T16:42:00.983+0800: 3.311: [scrub symbol table, 0.0003142 secs]2024-07-28T16:42:00.983+0800: 3.311: [scrub string table, 0.0000914 secs][1 CMS-remark: 281231K(467792K)] 293887K(546448K), 0.0016139 secs] [Times: user=0.00 sys=0.00, real=0.00 secs] 
2024-07-28T16:42:00.983+0800: 3.311: Total time for which application threads were stopped: 0.0018263 seconds, Stopping threads took: 0.0001621 seconds
2024-07-28T16:42:00.983+0800: 3.312: [CMS-concurrent-sweep-start]
2024-07-28T16:42:00.985+0800: 3.313: [CMS-concurrent-sweep: 0.001/0.001 secs] [Times: user=0.00 sys=0.00, real=0.00 secs] 
2024-07-28T16:42:00.985+0800: 3.313: [CMS-concurrent-reset-start]
2024-07-28T16:42:00.986+0800: 3.315: [CMS-concurrent-reset: 0.001/0.001 secs] [Times: user=0.00 sys=0.00, real=0.00 secs] 
2024-07-28T16:42:00.988+0800: 3.317: Application time: 0.0051377 seconds
2024-07-28T16:42:00.988+0800: 3.317: [GC (Allocation Failure) 2024-07-28T16:42:00.988+0800: 3.317: [ParNew: 77168K->8192K(78656K), 0.0133083 secs] 220158K->219790K(546448K), 0.0133509 secs] [Times: user=0.03 sys=0.00, real=0.01 secs] 
2024-07-28T16:42:01.002+0800: 3.330: Total time for which application threads were stopped: 0.0134481 seconds, Stopping threads took: 0.0000133 seconds
2024-07-28T16:42:01.002+0800: 3.330: Application time: 0.0002432 seconds
2024-07-28T16:42:01.002+0800: 3.330: [GC (CMS Initial Mark) [1 CMS-initial-mark: 211598K(467792K)] 223230K(546448K), 0.0008462 secs] [Times: user=0.00 sys=0.00, real=0.00 secs] 
2024-07-28T16:42:01.003+0800: 3.331: Total time for which application threads were stopped: 0.0009760 seconds, Stopping threads took: 0.0000864 seconds
2024-07-28T16:42:01.003+0800: 3.331: [CMS-concurrent-mark-start]
2024-07-28T16:42:01.005+0800: 3.333: [CMS-concurrent-mark: 0.002/0.002 secs] [Times: user=0.05 sys=0.00, real=0.00 secs] 
2024-07-28T16:42:01.005+0800: 3.333: [CMS-concurrent-preclean-start]
2024-07-28T16:42:01.006+0800: 3.334: [CMS-concurrent-preclean: 0.001/0.001 secs] [Times: user=0.00 sys=0.00, real=0.00 secs] 
2024-07-28T16:42:01.006+0800: 3.334: [CMS-concurrent-abortable-preclean-start]
2024-07-28T16:42:01.121+0800: 3.449: Application time: 0.1181903 seconds
2024-07-28T16:42:01.121+0800: 3.450: [GC (Allocation Failure) 2024-07-28T16:42:01.121+0800: 3.450: [ParNew: 77168K->8192K(78656K), 0.0122409 secs] 288767K->288399K(546448K), 0.0123021 secs] [Times: user=0.03 sys=0.00, real=0.01 secs] 
2024-07-28T16:42:01.134+0800: 3.462: Total time for which application threads were stopped: 0.0124124 seconds, Stopping threads took: 0.0000199 seconds
2024-07-28T16:42:01.242+0800: 3.571: Application time: 0.1090213 seconds
2024-07-28T16:42:01.242+0800: 3.571: [GC (Allocation Failure) 2024-07-28T16:42:01.242+0800: 3.571: [ParNew: 77168K->8192K(78656K), 0.0028522 secs] 357376K->292495K(546448K), 0.0029105 secs] [Times: user=0.00 sys=0.00, real=0.00 secs] 
2024-07-28T16:42:01.245+0800: 3.574: Total time for which application threads were stopped: 0.0030330 seconds, Stopping threads took: 0.0000338 seconds
2024-07-28T16:42:01.245+0800: 3.574: [CMS-concurrent-abortable-preclean: 0.006/0.240 secs] [Times: user=0.03 sys=0.00, real=0.24 secs] 
2024-07-28T16:42:01.246+0800: 3.574: Application time: 0.0003293 seconds
2024-07-28T16:42:01.246+0800: 3.574: [GC (CMS Final Remark) [YG occupancy: 13679 K (78656 K)]2024-07-28T16:42:01.246+0800: 3.574: [Rescan (parallel) , 0.0010984 secs]2024-07-28T16:42:01.247+0800: 3.575: [weak refs processing, 0.0000129 secs]2024-07-28T16:42:01.247+0800: 3.576: [class unloading, 0.0001882 secs]2024-07-28T16:42:01.247+0800: 3.576: [scrub symbol table, 0.0003480 secs]2024-07-28T16:42:01.247+0800: 3.576: [scrub string table, 0.0000994 secs][1 CMS-remark: 284303K(467792K)] 297983K(546448K), 0.0018098 secs] [Times: user=0.00 sys=0.00, real=0.00 secs] 
2024-07-28T16:42:01.247+0800: 3.576: Total time for which application threads were stopped: 0.0019268 seconds, Stopping threads took: 0.0000819 seconds
2024-07-28T16:42:01.248+0800: 3.576: [CMS-concurrent-sweep-start]
2024-07-28T16:42:01.249+0800: 3.578: [CMS-concurrent-sweep: 0.001/0.001 secs] [Times: user=0.00 sys=0.00, real=0.00 secs] 
2024-07-28T16:42:01.249+0800: 3.578: [CMS-concurrent-reset-start]
2024-07-28T16:42:01.250+0800: 3.579: [CMS-concurrent-reset: 0.001/0.001 secs] [Times: user=0.00 sys=0.00, real=0.00 secs] 
2024-07-28T16:42:01.252+0800: 3.581: Application time: 0.0047933 seconds
2024-07-28T16:42:01.252+0800: 3.581: [GC (Allocation Failure) 2024-07-28T16:42:01.252+0800: 3.581: [ParNew: 77168K->8192K(78656K), 0.0119744 secs] 222206K->221838K(546448K), 0.0120233 secs] [Times: user=0.03 sys=0.00, real=0.01 secs] 
2024-07-28T16:42:01.264+0800: 3.593: Total time for which application threads were stopped: 0.0121179 seconds, Stopping threads took: 0.0000132 seconds
2024-07-28T16:42:01.265+0800: 3.593: Application time: 0.0001818 seconds
2024-07-28T16:42:01.265+0800: 3.593: [GC (CMS Initial Mark) [1 CMS-initial-mark: 213646K(467792K)] 225278K(546448K), 0.0007885 secs] [Times: user=0.00 sys=0.00, real=0.00 secs] 
2024-07-28T16:42:01.266+0800: 3.594: Total time for which application threads were stopped: 0.0009939 seconds, Stopping threads took: 0.0001611 seconds
2024-07-28T16:42:01.266+0800: 3.594: [CMS-concurrent-mark-start]
2024-07-28T16:42:01.267+0800: 3.596: [CMS-concurrent-mark: 0.002/0.002 secs] [Times: user=0.00 sys=0.00, real=0.00 secs] 
2024-07-28T16:42:01.267+0800: 3.596: [CMS-concurrent-preclean-start]
2024-07-28T16:42:01.268+0800: 3.597: [CMS-concurrent-preclean: 0.001/0.001 secs] [Times: user=0.00 sys=0.00, real=0.00 secs] 
2024-07-28T16:42:01.268+0800: 3.597: [CMS-concurrent-abortable-preclean-start]
2024-07-28T16:42:01.370+0800: 3.699: Application time: 0.1045778 seconds
2024-07-28T16:42:01.370+0800: 3.699: [GC (Allocation Failure) 2024-07-28T16:42:01.370+0800: 3.699: [ParNew: 77168K->8192K(78656K), 0.0119903 secs] 290815K->290447K(546448K), 0.0120505 secs] [Times: user=0.03 sys=0.00, real=0.01 secs] 
2024-07-28T16:42:01.382+0800: 3.711: Total time for which application threads were stopped: 0.0121614 seconds, Stopping threads took: 0.0000201 seconds
2024-07-28T16:42:01.494+0800: 3.823: Application time: 0.1115225 seconds
2024-07-28T16:42:01.494+0800: 3.823: [GC (Allocation Failure) 2024-07-28T16:42:01.494+0800: 3.823: [ParNew: 77168K->8192K(78656K), 0.0030895 secs] 359424K->295567K(546448K), 0.0031455 secs] [Times: user=0.00 sys=0.00, real=0.00 secs] 
2024-07-28T16:42:01.497+0800: 3.826: Total time for which application threads were stopped: 0.0032517 seconds, Stopping threads took: 0.0000196 seconds
2024-07-28T16:42:01.497+0800: 3.826: [CMS-concurrent-abortable-preclean: 0.003/0.229 secs] [Times: user=0.03 sys=0.00, real=0.23 secs] 
2024-07-28T16:42:01.498+0800: 3.826: Application time: 0.0002330 seconds
2024-07-28T16:42:01.498+0800: 3.826: [GC (CMS Final Remark) [YG occupancy: 11631 K (78656 K)]2024-07-28T16:42:01.498+0800: 3.826: [Rescan (parallel) , 0.0005966 secs]2024-07-28T16:42:01.498+0800: 3.827: [weak refs processing, 0.0000130 secs]2024-07-28T16:42:01.499+0800: 3.827: [class unloading, 0.0001949 secs]2024-07-28T16:42:01.499+0800: 3.827: [scrub symbol table, 0.0003473 secs]2024-07-28T16:42:01.499+0800: 3.827: [scrub string table, 0.0000990 secs][1 CMS-remark: 287375K(467792K)] 299007K(546448K), 0.0013227 secs] [Times: user=0.00 sys=0.00, real=0.00 secs] 
2024-07-28T16:42:01.499+0800: 3.828: Total time for which application threads were stopped: 0.0014930 seconds, Stopping threads took: 0.0001345 seconds
2024-07-28T16:42:01.499+0800: 3.828: [CMS-concurrent-sweep-start]
2024-07-28T16:42:01.501+0800: 3.829: [CMS-concurrent-sweep: 0.002/0.002 secs] [Times: user=0.00 sys=0.00, real=0.00 secs] 
2024-07-28T16:42:01.501+0800: 3.829: [CMS-concurrent-reset-start]
2024-07-28T16:42:01.503+0800: 3.831: [CMS-concurrent-reset: 0.002/0.002 secs] [Times: user=0.00 sys=0.00, real=0.00 secs] 
2024-07-28T16:42:01.504+0800: 3.833: Application time: 0.0050403 seconds
2024-07-28T16:42:01.504+0800: 3.833: [GC (Allocation Failure) 2024-07-28T16:42:01.504+0800: 3.833: [ParNew: 77168K->8192K(78656K), 0.0125163 secs] 224254K->223886K(546448K), 0.0125644 secs] [Times: user=0.06 sys=0.00, real=0.01 secs] 
2024-07-28T16:42:01.517+0800: 3.845: Total time for which application threads were stopped: 0.0126604 seconds, Stopping threads took: 0.0000128 seconds
2024-07-28T16:42:01.517+0800: 3.846: Application time: 0.0002517 seconds
2024-07-28T16:42:01.517+0800: 3.846: [GC (CMS Initial Mark) [1 CMS-initial-mark: 215694K(467792K)] 227326K(546448K), 0.0007831 secs] [Times: user=0.00 sys=0.00, real=0.00 secs] 
2024-07-28T16:42:01.518+0800: 3.846: Total time for which application threads were stopped: 0.0008635 seconds, Stopping threads took: 0.0000399 seconds
2024-07-28T16:42:01.518+0800: 3.847: [CMS-concurrent-mark-start]
2024-07-28T16:42:01.520+0800: 3.848: [CMS-concurrent-mark: 0.002/0.002 secs] [Times: user=0.00 sys=0.00, real=0.00 secs] 
2024-07-28T16:42:01.520+0800: 3.848: [CMS-concurrent-preclean-start]
2024-07-28T16:42:01.521+0800: 3.849: [CMS-concurrent-preclean: 0.001/0.001 secs] [Times: user=0.01 sys=0.00, real=0.00 secs] 
2024-07-28T16:42:01.521+0800: 3.849: [CMS-concurrent-abortable-preclean-start]
2024-07-28T16:42:01.637+0800: 3.965: Application time: 0.1188553 seconds
2024-07-28T16:42:01.637+0800: 3.965: [GC (Allocation Failure) 2024-07-28T16:42:01.637+0800: 3.965: [ParNew: 77168K->8192K(78656K), 0.0144452 secs] 292863K->292495K(546448K), 0.0145041 secs] [Times: user=0.03 sys=0.00, real=0.01 secs] 
2024-07-28T16:42:01.651+0800: 3.980: Total time for which application threads were stopped: 0.0146175 seconds, Stopping threads took: 0.0000183 seconds
2024-07-28T16:42:01.761+0800: 4.089: Application time: 0.1093309 seconds
2024-07-28T16:42:01.761+0800: 4.089: [GC (Allocation Failure) 2024-07-28T16:42:01.761+0800: 4.089: [ParNew: 77168K->8192K(78656K), 0.0029339 secs] 361472K->298639K(546448K), 0.0029922 secs] [Times: user=0.00 sys=0.00, real=0.00 secs] 
2024-07-28T16:42:01.764+0800: 4.092: Total time for which application threads were stopped: 0.0031009 seconds, Stopping threads took: 0.0000193 seconds
2024-07-28T16:42:01.764+0800: 4.092: [CMS-concurrent-abortable-preclean: 0.005/0.243 secs] [Times: user=0.03 sys=0.00, real=0.24 secs] 
2024-07-28T16:42:01.764+0800: 4.092: Application time: 0.0001472 seconds
2024-07-28T16:42:01.764+0800: 4.093: [GC (CMS Final Remark) [YG occupancy: 11631 K (78656 K)]2024-07-28T16:42:01.764+0800: 4.093: [Rescan (parallel) , 0.0005597 secs]2024-07-28T16:42:01.765+0800: 4.093: [weak refs processing, 0.0000120 secs]2024-07-28T16:42:01.765+0800: 4.093: [class unloading, 0.0001691 secs]2024-07-28T16:42:01.765+0800: 4.093: [scrub symbol table, 0.0003357 secs]2024-07-28T16:42:01.765+0800: 4.094: [scrub string table, 0.0000922 secs][1 CMS-remark: 290447K(467792K)] 302079K(546448K), 0.0012311 secs] [Times: user=0.00 sys=0.00, real=0.00 secs] 
2024-07-28T16:42:01.765+0800: 4.094: Total time for which application threads were stopped: 0.0013365 seconds, Stopping threads took: 0.0000693 seconds
2024-07-28T16:42:01.766+0800: 4.094: [CMS-concurrent-sweep-start]
2024-07-28T16:42:01.767+0800: 4.095: [CMS-concurrent-sweep: 0.001/0.001 secs] [Times: user=0.00 sys=0.00, real=0.00 secs] 
2024-07-28T16:42:01.767+0800: 4.095: [CMS-concurrent-reset-start]
2024-07-28T16:42:01.768+0800: 4.096: [CMS-concurrent-reset: 0.001/0.001 secs] [Times: user=0.00 sys=0.00, real=0.00 secs] 
2024-07-28T16:42:01.770+0800: 4.099: Application time: 0.0049645 seconds
2024-07-28T16:42:01.770+0800: 4.099: [GC (Allocation Failure) 2024-07-28T16:42:01.770+0800: 4.099: [ParNew: 77168K->8192K(78656K), 0.0119265 secs] 226302K->225934K(546448K), 0.0119749 secs] [Times: user=0.00 sys=0.00, real=0.01 secs] 
2024-07-28T16:42:01.782+0800: 4.111: Total time for which application threads were stopped: 0.0121065 seconds, Stopping threads took: 0.0000136 seconds
2024-07-28T16:42:01.783+0800: 4.111: Application time: 0.0001702 seconds
2024-07-28T16:42:01.783+0800: 4.111: [GC (CMS Initial Mark) [1 CMS-initial-mark: 217742K(467792K)] 229374K(546448K), 0.0008126 secs] [Times: user=0.00 sys=0.00, real=0.00 secs] 
2024-07-28T16:42:01.784+0800: 4.112: Total time for which application threads were stopped: 0.0010156 seconds, Stopping threads took: 0.0001478 seconds
2024-07-28T16:42:01.784+0800: 4.112: [CMS-concurrent-mark-start]
2024-07-28T16:42:01.785+0800: 4.114: [CMS-concurrent-mark: 0.001/0.001 secs] [Times: user=0.00 sys=0.00, real=0.00 secs] 
2024-07-28T16:42:01.785+0800: 4.114: [CMS-concurrent-preclean-start]
2024-07-28T16:42:01.786+0800: 4.114: [CMS-concurrent-preclean: 0.001/0.001 secs] [Times: user=0.02 sys=0.00, real=0.00 secs] 
2024-07-28T16:42:01.786+0800: 4.114: [CMS-concurrent-abortable-preclean-start]
2024-07-28T16:42:01.889+0800: 4.218: Application time: 0.1064412 seconds
2024-07-28T16:42:01.889+0800: 4.219: [GC (Allocation Failure) 2024-07-28T16:42:01.889+0800: 4.219: [ParNew2024-07-28T16:42:01.901+0800: 4.230: [CMS-concurrent-abortable-preclean: 0.001/0.115 secs] [Times: user=0.03 sys=0.00, real=0.12 secs] 
: 77168K->8192K(78656K), 0.0120881 secs] 294911K->294543K(546448K), 0.0121420 secs] [Times: user=0.03 sys=0.00, real=0.01 secs] 
2024-07-28T16:42:01.902+0800: 4.231: Total time for which application threads were stopped: 0.0122490 seconds, Stopping threads took: 0.0000182 seconds
2024-07-28T16:42:01.902+0800: 4.231: Application time: 0.0003173 seconds
2024-07-28T16:42:01.902+0800: 4.231: [GC (CMS Final Remark) [YG occupancy: 12655 K (78656 K)]2024-07-28T16:42:01.902+0800: 4.231: [Rescan (parallel) , 0.0007283 secs]2024-07-28T16:42:01.903+0800: 4.232: [weak refs processing, 0.0000124 secs]2024-07-28T16:42:01.903+0800: 4.232: [class unloading, 0.0001749 secs]2024-07-28T16:42:01.903+0800: 4.232: [scrub symbol table, 0.0003514 secs]2024-07-28T16:42:01.903+0800: 4.233: [scrub string table, 0.0001191 secs][1 CMS-remark: 286351K(467792K)] 299007K(546448K), 0.0014493 secs] [Times: user=0.00 sys=0.00, real=0.00 secs] 
2024-07-28T16:42:01.904+0800: 4.233: Total time for which application threads were stopped: 0.0016681 seconds, Stopping threads took: 0.0001812 seconds
2024-07-28T16:42:01.904+0800: 4.233: [CMS-concurrent-sweep-start]
2024-07-28T16:42:01.905+0800: 4.234: [CMS-concurrent-sweep: 0.001/0.001 secs] [Times: user=0.00 sys=0.00, real=0.00 secs] 
2024-07-28T16:42:01.905+0800: 4.235: [CMS-concurrent-reset-start]
2024-07-28T16:42:01.907+0800: 4.236: [CMS-concurrent-reset: 0.001/0.001 secs] [Times: user=0.00 sys=0.00, real=0.00 secs] 
2024-07-28T16:42:02.011+0800: 4.340: Application time: 0.1074415 seconds
2024-07-28T16:42:02.011+0800: 4.340: [GC (Allocation Failure) 2024-07-28T16:42:02.011+0800: 4.340: [ParNew: 77168K->8192K(78656K), 0.0032111 secs] 221182K->159373K(546448K), 0.0032682 secs] [Times: user=0.00 sys=0.00, real=0.00 secs] 
2024-07-28T16:42:02.014+0800: 4.344: Total time for which application threads were stopped: 0.0033776 seconds, Stopping threads took: 0.0000193 seconds
2024-07-28T16:42:02.019+0800: 4.348: Application time: 0.0044394 seconds
2024-07-28T16:42:02.019+0800: 4.348: [GC (Allocation Failure) 2024-07-28T16:42:02.019+0800: 4.348: [ParNew: 77168K->8192K(78656K), 0.0123667 secs] 228350K->227982K(546448K), 0.0124159 secs] [Times: user=0.13 sys=0.00, real=0.01 secs] 
2024-07-28T16:42:02.031+0800: 4.361: Total time for which application threads were stopped: 0.0125179 seconds, Stopping threads took: 0.0000165 seconds
2024-07-28T16:42:02.032+0800: 4.361: Application time: 0.0002505 seconds
2024-07-28T16:42:02.032+0800: 4.361: [GC (CMS Initial Mark) [1 CMS-initial-mark: 219790K(467792K)] 231422K(546448K), 0.0007546 secs] [Times: user=0.00 sys=0.00, real=0.00 secs] 
2024-07-28T16:42:02.033+0800: 4.362: Total time for which application threads were stopped: 0.0009173 seconds, Stopping threads took: 0.0001207 seconds
2024-07-28T16:42:02.033+0800: 4.362: [CMS-concurrent-mark-start]
2024-07-28T16:42:02.034+0800: 4.363: [CMS-concurrent-mark: 0.002/0.002 secs] [Times: user=0.00 sys=0.00, real=0.00 secs] 
2024-07-28T16:42:02.034+0800: 4.363: [CMS-concurrent-preclean-start]
2024-07-28T16:42:02.035+0800: 4.364: [CMS-concurrent-preclean: 0.001/0.001 secs] [Times: user=0.00 sys=0.00, real=0.00 secs] 
2024-07-28T16:42:02.035+0800: 4.364: [CMS-concurrent-abortable-preclean-start]
2024-07-28T16:42:02.138+0800: 4.467: Application time: 0.1051582 seconds
2024-07-28T16:42:02.138+0800: 4.467: [GC (Allocation Failure) 2024-07-28T16:42:02.138+0800: 4.467: [ParNew: 77168K->8192K(78656K), 0.0121133 secs] 296959K->296591K(546448K), 0.0121829 secs] [Times: user=0.03 sys=0.00, real=0.01 secs] 
2024-07-28T16:42:02.151+0800: 4.479: Total time for which application threads were stopped: 0.0123232 seconds, Stopping threads took: 0.0000336 seconds
2024-07-28T16:42:02.261+0800: 4.590: Application time: 0.1111834 seconds
2024-07-28T16:42:02.262+0800: 4.590: [GC (Allocation Failure) 2024-07-28T16:42:02.262+0800: 4.590: [ParNew: 77168K->8192K(78656K), 0.0037605 secs] 365568K->304784K(546448K), 0.0038235 secs] [Times: user=0.00 sys=0.00, real=0.00 secs] 
2024-07-28T16:42:02.265+0800: 4.594: Total time for which application threads were stopped: 0.0039533 seconds, Stopping threads took: 0.0000369 seconds
2024-07-28T16:42:02.265+0800: 4.594: [CMS-concurrent-abortable-preclean: 0.004/0.230 secs] [Times: user=0.03 sys=0.00, real=0.23 secs] 
2024-07-28T16:42:02.266+0800: 4.595: Application time: 0.0003069 seconds
2024-07-28T16:42:02.266+0800: 4.595: [GC (CMS Final Remark) [YG occupancy: 12655 K (78656 K)]2024-07-28T16:42:02.266+0800: 4.595: [Rescan (parallel) , 0.0008304 secs]2024-07-28T16:42:02.267+0800: 4.596: [weak refs processing, 0.0000128 secs]2024-07-28T16:42:02.267+0800: 4.596: [class unloading, 0.0002026 secs]2024-07-28T16:42:02.267+0800: 4.596: [scrub symbol table, 0.0003612 secs]2024-07-28T16:42:02.267+0800: 4.596: [scrub string table, 0.0000991 secs][1 CMS-remark: 296591K(467792K)] 309247K(546448K), 0.0015676 secs] [Times: user=0.00 sys=0.00, real=0.00 secs] 
2024-07-28T16:42:02.267+0800: 4.596: Total time for which application threads were stopped: 0.0016997 seconds, Stopping threads took: 0.0000920 seconds
2024-07-28T16:42:02.268+0800: 4.597: [CMS-concurrent-sweep-start]
2024-07-28T16:42:02.269+0800: 4.598: [CMS-concurrent-sweep: 0.001/0.001 secs] [Times: user=0.00 sys=0.00, real=0.00 secs] 
2024-07-28T16:42:02.269+0800: 4.598: [CMS-concurrent-reset-start]
2024-07-28T16:42:02.270+0800: 4.599: [CMS-concurrent-reset: 0.001/0.001 secs] [Times: user=0.03 sys=0.00, real=0.00 secs] 
2024-07-28T16:42:02.273+0800: 4.602: Application time: 0.0055313 seconds
2024-07-28T16:42:02.273+0800: 4.602: [GC (Allocation Failure) 2024-07-28T16:42:02.273+0800: 4.602: [ParNew: 77168K->8192K(78656K), 0.0126437 secs] 230398K->230030K(546448K), 0.0126936 secs] [Times: user=0.00 sys=0.02, real=0.01 secs] 
2024-07-28T16:42:02.286+0800: 4.615: Total time for which application threads were stopped: 0.0127934 seconds, Stopping threads took: 0.0000146 seconds
2024-07-28T16:42:02.286+0800: 4.615: Application time: 0.0001753 seconds
2024-07-28T16:42:02.286+0800: 4.615: [GC (CMS Initial Mark) [1 CMS-initial-mark: 221838K(467792K)] 233470K(546448K), 0.0006120 secs] [Times: user=0.00 sys=0.00, real=0.00 secs] 
2024-07-28T16:42:02.287+0800: 4.616: Total time for which application threads were stopped: 0.0008345 seconds, Stopping threads took: 0.0001804 seconds
2024-07-28T16:42:02.287+0800: 4.616: [CMS-concurrent-mark-start]
2024-07-28T16:42:02.289+0800: 4.618: [CMS-concurrent-mark: 0.002/0.002 secs] [Times: user=0.00 sys=0.00, real=0.00 secs] 
2024-07-28T16:42:02.289+0800: 4.618: [CMS-concurrent-preclean-start]
2024-07-28T16:42:02.289+0800: 4.618: [CMS-concurrent-preclean: 0.001/0.001 secs] [Times: user=0.00 sys=0.00, real=0.00 secs] 
2024-07-28T16:42:02.289+0800: 4.618: [CMS-concurrent-abortable-preclean-start]
2024-07-28T16:42:02.404+0800: 4.734: Application time: 0.1179142 seconds
2024-07-28T16:42:02.404+0800: 4.734: [GC (Allocation Failure) 2024-07-28T16:42:02.404+0800: 4.734: [ParNew: 77168K->8192K(78656K), 0.0119398 secs] 299007K->298639K(546448K), 0.0119997 secs] [Times: user=0.03 sys=0.00, real=0.01 secs] 
2024-07-28T16:42:02.417+0800: 4.746: Total time for which application threads were stopped: 0.0121150 seconds, Stopping threads took: 0.0000200 seconds
2024-07-28T16:42:02.530+0800: 4.858: Application time: 0.1124683 seconds
2024-07-28T16:42:02.530+0800: 4.858: [GC (Allocation Failure) 2024-07-28T16:42:02.530+0800: 4.858: [ParNew: 77168K->8192K(78656K), 0.0036802 secs] 367616K->307856K(546448K), 0.0037393 secs] [Times: user=0.00 sys=0.00, real=0.00 secs] 
2024-07-28T16:42:02.533+0800: 4.862: Total time for which application threads were stopped: 0.0038527 seconds, Stopping threads took: 0.0000201 seconds
2024-07-28T16:42:02.534+0800: 4.862: [CMS-concurrent-abortable-preclean: 0.005/0.244 secs] [Times: user=0.03 sys=0.00, real=0.24 secs] 
2024-07-28T16:42:02.534+0800: 4.862: Application time: 0.0003978 seconds
2024-07-28T16:42:02.534+0800: 4.863: [GC (CMS Final Remark) [YG occupancy: 14703 K (78656 K)]2024-07-28T16:42:02.534+0800: 4.863: [Rescan (parallel) , 0.0008892 secs]2024-07-28T16:42:02.535+0800: 4.864: [weak refs processing, 0.0000126 secs]2024-07-28T16:42:02.535+0800: 4.864: [class unloading, 0.0001654 secs]2024-07-28T16:42:02.535+0800: 4.864: [scrub symbol table, 0.0003110 secs]2024-07-28T16:42:02.535+0800: 4.864: [scrub string table, 0.0000915 secs][1 CMS-remark: 299663K(467792K)] 314367K(546448K), 0.0015408 secs] [Times: user=0.02 sys=0.00, real=0.00 secs] 
2024-07-28T16:42:02.536+0800: 4.864: Total time for which application threads were stopped: 0.0017292 seconds, Stopping threads took: 0.0001463 seconds
2024-07-28T16:42:02.536+0800: 4.864: [CMS-concurrent-sweep-start]
2024-07-28T16:42:02.537+0800: 4.866: [CMS-concurrent-sweep: 0.001/0.001 secs] [Times: user=0.00 sys=0.00, real=0.00 secs] 
2024-07-28T16:42:02.537+0800: 4.866: [CMS-concurrent-reset-start]
2024-07-28T16:42:02.538+0800: 4.867: [CMS-concurrent-reset: 0.001/0.001 secs] [Times: user=0.00 sys=0.00, real=0.00 secs] 
2024-07-28T16:42:02.540+0800: 4.869: Application time: 0.0046433 seconds
2024-07-28T16:42:02.540+0800: 4.869: [GC (Allocation Failure) 2024-07-28T16:42:02.540+0800: 4.869: [ParNew: 77168K->8192K(78656K), 0.0125505 secs] 232446K->232078K(546448K), 0.0125978 secs] [Times: user=0.03 sys=0.00, real=0.01 secs] 
2024-07-28T16:42:02.553+0800: 4.882: Total time for which application threads were stopped: 0.0126994 seconds, Stopping threads took: 0.0000121 seconds
2024-07-28T16:42:02.553+0800: 4.882: Application time: 0.0002263 seconds
2024-07-28T16:42:02.553+0800: 4.882: [GC (CMS Initial Mark) [1 CMS-initial-mark: 223886K(467792K)] 235518K(546448K), 0.0008661 secs] [Times: user=0.00 sys=0.00, real=0.00 secs] 
2024-07-28T16:42:02.554+0800: 4.883: Total time for which application threads were stopped: 0.0010343 seconds, Stopping threads took: 0.0001260 seconds
2024-07-28T16:42:02.554+0800: 4.883: [CMS-concurrent-mark-start]
2024-07-28T16:42:02.556+0800: 4.884: [CMS-concurrent-mark: 0.001/0.001 secs] [Times: user=0.00 sys=0.00, real=0.00 secs] 
2024-07-28T16:42:02.556+0800: 4.884: [CMS-concurrent-preclean-start]
2024-07-28T16:42:02.556+0800: 4.885: [CMS-concurrent-preclean: 0.001/0.001 secs] [Times: user=0.00 sys=0.00, real=0.00 secs] 
2024-07-28T16:42:02.556+0800: 4.885: [CMS-concurrent-abortable-preclean-start]
2024-07-28T16:42:02.673+0800: 5.002: Application time: 0.1194272 seconds
2024-07-28T16:42:02.673+0800: 5.002: [GC (Allocation Failure) 2024-07-28T16:42:02.673+0800: 5.002: [ParNew: 77168K->8192K(78656K), 0.0118625 secs] 301055K->300687K(546448K), 0.0119217 secs] [Times: user=0.03 sys=0.00, real=0.01 secs] 
2024-07-28T16:42:02.685+0800: 5.014: Total time for which application threads were stopped: 0.0120381 seconds, Stopping threads took: 0.0000185 seconds
2024-07-28T16:42:02.796+0800: 5.125: Application time: 0.1111839 seconds
2024-07-28T16:42:02.797+0800: 5.126: [GC (Allocation Failure) 2024-07-28T16:42:02.797+0800: 5.126: [ParNew: 77168K->8192K(78656K), 0.0039317 secs] 369664K->310928K(546448K), 0.0039908 secs] [Times: user=0.02 sys=0.00, real=0.00 secs] 
2024-07-28T16:42:02.801+0800: 5.130: Total time for which application threads were stopped: 0.0041197 seconds, Stopping threads took: 0.0000191 seconds
2024-07-28T16:42:02.801+0800: 5.130: [CMS-concurrent-abortable-preclean: 0.006/0.245 secs] [Times: user=0.05 sys=0.00, real=0.25 secs] 
2024-07-28T16:42:02.801+0800: 5.130: Application time: 0.0002885 seconds
2024-07-28T16:42:02.801+0800: 5.130: [GC (CMS Final Remark) [YG occupancy: 12655 K (78656 K)]2024-07-28T16:42:02.801+0800: 5.130: [Rescan (parallel) , 0.0007208 secs]2024-07-28T16:42:02.802+0800: 5.131: [weak refs processing, 0.0000135 secs]2024-07-28T16:42:02.802+0800: 5.131: [class unloading, 0.0001938 secs]2024-07-28T16:42:02.802+0800: 5.131: [scrub symbol table, 0.0003437 secs]2024-07-28T16:42:02.802+0800: 5.131: [scrub string table, 0.0001011 secs][1 CMS-remark: 302735K(467792K)] 315391K(546448K), 0.0014418 secs] [Times: user=0.00 sys=0.00, real=0.00 secs] 
2024-07-28T16:42:02.802+0800: 5.131: Total time for which application threads were stopped: 0.0015637 seconds, Stopping threads took: 0.0000843 seconds
2024-07-28T16:42:02.803+0800: 5.132: [CMS-concurrent-sweep-start]
2024-07-28T16:42:02.804+0800: 5.133: [CMS-concurrent-sweep: 0.001/0.001 secs] [Times: user=0.00 sys=0.00, real=0.00 secs] 
2024-07-28T16:42:02.804+0800: 5.133: [CMS-concurrent-reset-start]
2024-07-28T16:42:02.805+0800: 5.134: [CMS-concurrent-reset: 0.001/0.001 secs] [Times: user=0.00 sys=0.00, real=0.00 secs] 
2024-07-28T16:42:02.807+0800: 5.136: Application time: 0.0047743 seconds
2024-07-28T16:42:02.807+0800: 5.136: [GC (Allocation Failure) 2024-07-28T16:42:02.807+0800: 5.136: [ParNew: 77168K->8192K(78656K), 0.0118301 secs] 234494K->234126K(546448K), 0.0118777 secs] [Times: user=0.03 sys=0.00, real=0.01 secs] 
2024-07-28T16:42:02.819+0800: 5.148: Total time for which application threads were stopped: 0.0119731 seconds, Stopping threads took: 0.0000126 seconds
2024-07-28T16:42:02.819+0800: 5.148: Application time: 0.0002214 seconds
2024-07-28T16:42:02.820+0800: 5.149: [GC (CMS Initial Mark) [1 CMS-initial-mark: 225934K(467792K)] 237566K(546448K), 0.0008283 secs] [Times: user=0.00 sys=0.00, real=0.00 secs] 
2024-07-28T16:42:02.820+0800: 5.149: Total time for which application threads were stopped: 0.0009621 seconds, Stopping threads took: 0.0000916 seconds
2024-07-28T16:42:02.820+0800: 5.149: [CMS-concurrent-mark-start]
2024-07-28T16:42:02.822+0800: 5.151: [CMS-concurrent-mark: 0.002/0.002 secs] [Times: user=0.00 sys=0.00, real=0.00 secs] 
2024-07-28T16:42:02.822+0800: 5.151: [CMS-concurrent-preclean-start]
2024-07-28T16:42:02.823+0800: 5.152: [CMS-concurrent-preclean: 0.001/0.001 secs] [Times: user=0.00 sys=0.00, real=0.00 secs] 
2024-07-28T16:42:02.823+0800: 5.152: [CMS-concurrent-abortable-preclean-start]
2024-07-28T16:42:02.938+0800: 5.266: Application time: 0.1169382 seconds
2024-07-28T16:42:02.938+0800: 5.266: [GC (Allocation Failure) 2024-07-28T16:42:02.938+0800: 5.266: [ParNew: 77168K->8192K(78656K), 0.0117429 secs] 303103K->302735K(546448K), 0.0118028 secs] [Times: user=0.03 sys=0.00, real=0.01 secs] 
2024-07-28T16:42:02.950+0800: 5.278: Total time for which application threads were stopped: 0.0119120 seconds, Stopping threads took: 0.0000198 seconds
2024-07-28T16:42:03.062+0800: 5.390: Application time: 0.1117147 seconds
2024-07-28T16:42:03.062+0800: 5.390: [GC (Allocation Failure) 2024-07-28T16:42:03.062+0800: 5.390: [ParNew: 77168K->8192K(78656K), 0.0038545 secs] 371712K->314000K(546448K), 0.0039130 secs] [Times: user=0.00 sys=0.00, real=0.00 secs] 
2024-07-28T16:42:03.066+0800: 5.394: Total time for which application threads were stopped: 0.0040430 seconds, Stopping threads took: 0.0000198 seconds
2024-07-28T16:42:03.066+0800: 5.394: [CMS-concurrent-abortable-preclean: 0.006/0.242 secs] [Times: user=0.03 sys=0.00, real=0.24 secs] 
2024-07-28T16:42:03.066+0800: 5.394: Application time: 0.0004542 seconds
2024-07-28T16:42:03.066+0800: 5.395: [GC (CMS Final Remark) [YG occupancy: 14703 K (78656 K)]2024-07-28T16:42:03.066+0800: 5.395: [Rescan (parallel) , 0.0010312 secs]2024-07-28T16:42:03.067+0800: 5.396: [weak refs processing, 0.0000129 secs]2024-07-28T16:42:03.067+0800: 5.396: [class unloading, 0.0001754 secs]2024-07-28T16:42:03.067+0800: 5.396: [scrub symbol table, 0.0003564 secs]2024-07-28T16:42:03.068+0800: 5.396: [scrub string table, 0.0001131 secs][1 CMS-remark: 305808K(467792K)] 320511K(546448K), 0.0017518 secs] [Times: user=0.02 sys=0.00, real=0.00 secs] 
2024-07-28T16:42:03.068+0800: 5.396: Total time for which application threads were stopped: 0.0019277 seconds, Stopping threads took: 0.0001396 seconds
2024-07-28T16:42:03.068+0800: 5.397: [CMS-concurrent-sweep-start]
2024-07-28T16:42:03.070+0800: 5.398: [CMS-concurrent-sweep: 0.001/0.001 secs] [Times: user=0.00 sys=0.00, real=0.00 secs] 
2024-07-28T16:42:03.070+0800: 5.398: [CMS-concurrent-reset-start]
2024-07-28T16:42:03.071+0800: 5.399: [CMS-concurrent-reset: 0.001/0.001 secs] [Times: user=0.00 sys=0.00, real=0.00 secs] 
2024-07-28T16:42:03.073+0800: 5.401: Application time: 0.0046716 seconds
2024-07-28T16:42:03.073+0800: 5.401: [GC (Allocation Failure) 2024-07-28T16:42:03.073+0800: 5.401: [ParNew: 77168K->8192K(78656K), 0.0119777 secs] 236542K->236174K(546448K), 0.0120282 secs] [Times: user=0.03 sys=0.00, real=0.01 secs] 
2024-07-28T16:42:03.085+0800: 5.413: Total time for which application threads were stopped: 0.0121229 seconds, Stopping threads took: 0.0000121 seconds
2024-07-28T16:42:03.085+0800: 5.413: Application time: 0.0002296 seconds
2024-07-28T16:42:03.085+0800: 5.414: [GC (CMS Initial Mark) [1 CMS-initial-mark: 227982K(467792K)] 239614K(546448K), 0.0006418 secs] [Times: user=0.00 sys=0.00, real=0.00 secs] 
2024-07-28T16:42:03.086+0800: 5.414: Total time for which application threads were stopped: 0.0008178 seconds, Stopping threads took: 0.0001344 seconds
2024-07-28T16:42:03.086+0800: 5.414: [CMS-concurrent-mark-start]
2024-07-28T16:42:03.087+0800: 5.416: [CMS-concurrent-mark: 0.001/0.001 secs] [Times: user=0.00 sys=0.00, real=0.00 secs] 
2024-07-28T16:42:03.087+0800: 5.416: [CMS-concurrent-preclean-start]
2024-07-28T16:42:03.088+0800: 5.416: [CMS-concurrent-preclean: 0.001/0.001 secs] [Times: user=0.00 sys=0.00, real=0.00 secs] 
2024-07-28T16:42:03.088+0800: 5.416: [CMS-concurrent-abortable-preclean-start]
2024-07-28T16:42:03.206+0800: 5.534: Application time: 0.1198361 seconds
2024-07-28T16:42:03.206+0800: 5.534: [GC (Allocation Failure) 2024-07-28T16:42:03.206+0800: 5.534: [ParNew: 77168K->8192K(78656K), 0.0118997 secs] 305151K->304784K(546448K), 0.0119666 secs] [Times: user=0.03 sys=0.00, real=0.01 secs] 
2024-07-28T16:42:03.218+0800: 5.546: Total time for which application threads were stopped: 0.0120985 seconds, Stopping threads took: 0.0000230 seconds
2024-07-28T16:42:03.327+0800: 5.656: Application time: 0.1095904 seconds
2024-07-28T16:42:03.327+0800: 5.656: [GC (Allocation Failure) 2024-07-28T16:42:03.327+0800: 5.656: [ParNew: 77168K->8192K(78656K), 0.0042135 secs] 373760K->317072K(546448K), 0.0042695 secs] [Times: user=0.00 sys=0.00, real=0.00 secs] 
2024-07-28T16:42:03.331+0800: 5.660: Total time for which application threads were stopped: 0.0043813 seconds, Stopping threads took: 0.0000215 seconds
2024-07-28T16:42:03.331+0800: 5.660: [CMS-concurrent-abortable-preclean: 0.006/0.244 secs] [Times: user=0.03 sys=0.00, real=0.24 secs] 
2024-07-28T16:42:03.331+0800: 5.660: Application time: 0.0002656 seconds
2024-07-28T16:42:03.331+0800: 5.660: [GC (CMS Final Remark) [YG occupancy: 11631 K (78656 K)]2024-07-28T16:42:03.331+0800: 5.660: [Rescan (parallel) , 0.0010008 secs]2024-07-28T16:42:03.332+0800: 5.661: [weak refs processing, 0.0000115 secs]2024-07-28T16:42:03.332+0800: 5.662: [class unloading, 0.0001632 secs]2024-07-28T16:42:03.332+0800: 5.662: [scrub symbol table, 0.0003214 secs]2024-07-28T16:42:03.334+0800: 5.662: [scrub string table, 0.0000912 secs][1 CMS-remark: 308880K(467792K)] 320511K(546448K), 0.0016466 secs] [Times: user=0.11 sys=0.00, real=0.00 secs] 
2024-07-28T16:42:03.334+0800: 5.662: Total time for which application threads were stopped: 0.0017235 seconds, Stopping threads took: 0.0000424 seconds
2024-07-28T16:42:03.334+0800: 5.662: [CMS-concurrent-sweep-start]
2024-07-28T16:42:03.335+0800: 5.664: [CMS-concurrent-sweep: 0.002/0.002 secs] [Times: user=0.00 sys=0.00, real=0.00 secs] 
2024-07-28T16:42:03.335+0800: 5.664: [CMS-concurrent-reset-start]
2024-07-28T16:42:03.337+0800: 5.665: [CMS-concurrent-reset: 0.001/0.001 secs] [Times: user=0.00 sys=0.00, real=0.00 secs] 
2024-07-28T16:42:03.339+0800: 5.667: Application time: 0.0049262 seconds
2024-07-28T16:42:03.339+0800: 5.667: [GC (Allocation Failure) 2024-07-28T16:42:03.339+0800: 5.667: [ParNew: 77168K->8192K(78656K), 0.0120624 secs] 238590K->238223K(546448K), 0.0121089 secs] [Times: user=0.03 sys=0.00, real=0.01 secs] 
2024-07-28T16:42:03.350+0800: 5.679: Total time for which application threads were stopped: 0.0122037 seconds, Stopping threads took: 0.0000129 seconds
2024-07-28T16:42:03.350+0800: 5.679: Application time: 0.0002311 seconds
2024-07-28T16:42:03.350+0800: 5.680: [GC (CMS Initial Mark) [1 CMS-initial-mark: 230030K(467792K)] 241662K(546448K), 0.0008897 secs] [Times: user=0.00 sys=0.00, real=0.00 secs] 
2024-07-28T16:42:03.351+0800: 5.681: Total time for which application threads were stopped: 0.0009986 seconds, Stopping threads took: 0.0000648 seconds
2024-07-28T16:42:03.351+0800: 5.681: [CMS-concurrent-mark-start]
2024-07-28T16:42:03.353+0800: 5.682: [CMS-concurrent-mark: 0.001/0.001 secs] [Times: user=0.00 sys=0.00, real=0.00 secs] 
2024-07-28T16:42:03.353+0800: 5.682: [CMS-concurrent-preclean-start]
2024-07-28T16:42:03.353+0800: 5.683: [CMS-concurrent-preclean: 0.001/0.001 secs] [Times: user=0.00 sys=0.00, real=0.00 secs] 
2024-07-28T16:42:03.353+0800: 5.683: [CMS-concurrent-abortable-preclean-start]
2024-07-28T16:42:03.471+0800: 5.800: Application time: 0.1195855 seconds
2024-07-28T16:42:03.471+0800: 5.800: [GC (Allocation Failure) 2024-07-28T16:42:03.471+0800: 5.800: [ParNew: 77168K->8192K(78656K), 0.0116040 secs] 307199K->306832K(546448K), 0.0116688 secs] [Times: user=0.03 sys=0.00, real=0.01 secs] 
2024-07-28T16:42:03.483+0800: 5.812: Total time for which application threads were stopped: 0.0117911 seconds, Stopping threads took: 0.0000197 seconds
2024-07-28T16:42:03.592+0800: 5.922: Application time: 0.1096210 seconds
2024-07-28T16:42:03.592+0800: 5.922: [GC (Allocation Failure) 2024-07-28T16:42:03.593+0800: 5.922: [ParNew: 77168K->8192K(78656K), 0.0041853 secs] 375808K->320144K(546448K), 0.0042495 secs] [Times: user=0.00 sys=0.00, real=0.00 secs] 
2024-07-28T16:42:03.597+0800: 5.926: Total time for which application threads were stopped: 0.0043574 seconds, Stopping threads took: 0.0000190 seconds
2024-07-28T16:42:03.597+0800: 5.926: [CMS-concurrent-abortable-preclean: 0.005/0.243 secs] [Times: user=0.03 sys=0.00, real=0.24 secs] 
2024-07-28T16:42:03.597+0800: 5.926: Application time: 0.0003083 seconds
2024-07-28T16:42:03.597+0800: 5.926: [GC (CMS Final Remark) [YG occupancy: 12655 K (78656 K)]2024-07-28T16:42:03.597+0800: 5.926: [Rescan (parallel) , 0.0008015 secs]2024-07-28T16:42:03.598+0800: 5.927: [weak refs processing, 0.0000126 secs]2024-07-28T16:42:03.598+0800: 5.927: [class unloading, 0.0001823 secs]2024-07-28T16:42:03.598+0800: 5.927: [scrub symbol table, 0.0003550 secs]2024-07-28T16:42:03.599+0800: 5.928: [scrub string table, 0.0000996 secs][1 CMS-remark: 311952K(467792K)] 324607K(546448K), 0.0015155 secs] [Times: user=0.13 sys=0.00, real=0.00 secs] 
2024-07-28T16:42:03.599+0800: 5.928: Total time for which application threads were stopped: 0.0016888 seconds, Stopping threads took: 0.0001362 seconds
2024-07-28T16:42:03.599+0800: 5.928: [CMS-concurrent-sweep-start]
2024-07-28T16:42:03.600+0800: 5.929: [CMS-concurrent-sweep: 0.001/0.001 secs] [Times: user=0.00 sys=0.00, real=0.00 secs] 
2024-07-28T16:42:03.600+0800: 5.929: [CMS-concurrent-reset-start]
2024-07-28T16:42:03.601+0800: 5.931: [CMS-concurrent-reset: 0.001/0.001 secs] [Times: user=0.00 sys=0.00, real=0.00 secs] 
2024-07-28T16:42:03.604+0800: 5.933: Application time: 0.0049997 seconds
2024-07-28T16:42:03.604+0800: 5.933: [GC (Allocation Failure) 2024-07-28T16:42:03.604+0800: 5.933: [ParNew: 77168K->8192K(78656K), 0.0122646 secs] 240638K->240271K(546448K), 0.0123122 secs] [Times: user=0.03 sys=0.00, real=0.01 secs] 
2024-07-28T16:42:03.616+0800: 5.945: Total time for which application threads were stopped: 0.0124385 seconds, Stopping threads took: 0.0000285 seconds
2024-07-28T16:42:03.616+0800: 5.946: Application time: 0.0002272 seconds
2024-07-28T16:42:03.617+0800: 5.946: [GC (CMS Initial Mark) [1 CMS-initial-mark: 232078K(467792K)] 243710K(546448K), 0.0008685 secs] [Times: user=0.00 sys=0.00, real=0.00 secs] 
2024-07-28T16:42:03.617+0800: 5.947: Total time for which application threads were stopped: 0.0009822 seconds, Stopping threads took: 0.0000722 seconds
2024-07-28T16:42:03.618+0800: 5.947: [CMS-concurrent-mark-start]
2024-07-28T16:42:03.619+0800: 5.948: [CMS-concurrent-mark: 0.001/0.001 secs] [Times: user=0.00 sys=0.00, real=0.00 secs] 
2024-07-28T16:42:03.619+0800: 5.948: [CMS-concurrent-preclean-start]
2024-07-28T16:42:03.620+0800: 5.949: [CMS-concurrent-preclean: 0.001/0.001 secs] [Times: user=0.00 sys=0.00, real=0.00 secs] 
2024-07-28T16:42:03.620+0800: 5.949: [CMS-concurrent-abortable-preclean-start]
2024-07-28T16:42:03.735+0800: 6.064: Application time: 0.1175198 seconds
2024-07-28T16:42:03.735+0800: 6.064: [GC (Allocation Failure) 2024-07-28T16:42:03.735+0800: 6.064: [ParNew: 77168K->8192K(78656K), 0.0118449 secs] 309247K->308880K(546448K), 0.0119038 secs] [Times: user=0.03 sys=0.00, real=0.01 secs] 
2024-07-28T16:42:03.747+0800: 6.076: Total time for which application threads were stopped: 0.0120139 seconds, Stopping threads took: 0.0000196 seconds
2024-07-28T16:42:03.860+0800: 6.189: Application time: 0.1124548 seconds
2024-07-28T16:42:03.860+0800: 6.189: [GC (Allocation Failure) 2024-07-28T16:42:03.860+0800: 6.189: [ParNew: 77168K->8192K(78656K), 0.0043527 secs] 377856K->323216K(546448K), 0.0044021 secs] [Times: user=0.03 sys=0.00, real=0.01 secs] 
2024-07-28T16:42:03.865+0800: 6.193: Total time for which application threads were stopped: 0.0045105 seconds, Stopping threads took: 0.0000187 seconds
2024-07-28T16:42:03.865+0800: 6.193: [CMS-concurrent-abortable-preclean: 0.006/0.244 secs] [Times: user=0.06 sys=0.00, real=0.25 secs] 
2024-07-28T16:42:03.865+0800: 6.193: Application time: 0.0003085 seconds
2024-07-28T16:42:03.865+0800: 6.193: [GC (CMS Final Remark) [YG occupancy: 12655 K (78656 K)]2024-07-28T16:42:03.865+0800: 6.194: [Rescan (parallel) , 0.0007935 secs]2024-07-28T16:42:03.866+0800: 6.194: [weak refs processing, 0.0000129 secs]2024-07-28T16:42:03.866+0800: 6.194: [class unloading, 0.0001862 secs]2024-07-28T16:42:03.866+0800: 6.195: [scrub symbol table, 0.0003442 secs]2024-07-28T16:42:03.866+0800: 6.195: [scrub string table, 0.0000988 secs][1 CMS-remark: 315024K(467792K)] 327679K(546448K), 0.0014985 secs] [Times: user=0.00 sys=0.00, real=0.00 secs] 
2024-07-28T16:42:03.867+0800: 6.195: Total time for which application threads were stopped: 0.0016695 seconds, Stopping threads took: 0.0001304 seconds
2024-07-28T16:42:03.867+0800: 6.195: [CMS-concurrent-sweep-start]
2024-07-28T16:42:03.868+0800: 6.197: [CMS-concurrent-sweep: 0.002/0.002 secs] [Times: user=0.00 sys=0.00, real=0.00 secs] 
2024-07-28T16:42:03.868+0800: 6.197: [CMS-concurrent-reset-start]
2024-07-28T16:42:03.869+0800: 6.198: [CMS-concurrent-reset: 0.001/0.001 secs] [Times: user=0.00 sys=0.00, real=0.00 secs] 
2024-07-28T16:42:03.872+0800: 6.200: Application time: 0.0050337 seconds
2024-07-28T16:42:03.872+0800: 6.200: [GC (Allocation Failure) 2024-07-28T16:42:03.872+0800: 6.200: [ParNew: 77168K->8192K(78656K), 0.0122994 secs] 242686K->242319K(546448K), 0.0123443 secs] [Times: user=0.03 sys=0.00, real=0.01 secs] 
2024-07-28T16:42:03.884+0800: 6.212: Total time for which application threads were stopped: 0.0124392 seconds, Stopping threads took: 0.0000127 seconds
2024-07-28T16:42:03.884+0800: 6.213: Application time: 0.0001906 seconds
2024-07-28T16:42:03.884+0800: 6.213: [GC (CMS Initial Mark) [1 CMS-initial-mark: 234126K(467792K)] 245758K(546448K), 0.0005413 secs] [Times: user=0.00 sys=0.00, real=0.00 secs] 
2024-07-28T16:42:03.885+0800: 6.213: Total time for which application threads were stopped: 0.0007259 seconds, Stopping threads took: 0.0001418 seconds
2024-07-28T16:42:03.885+0800: 6.213: [CMS-concurrent-mark-start]
2024-07-28T16:42:03.886+0800: 6.215: [CMS-concurrent-mark: 0.001/0.001 secs] [Times: user=0.00 sys=0.00, real=0.00 secs] 
2024-07-28T16:42:03.886+0800: 6.215: [CMS-concurrent-preclean-start]
2024-07-28T16:42:03.887+0800: 6.216: [CMS-concurrent-preclean: 0.001/0.001 secs] [Times: user=0.00 sys=0.00, real=0.00 secs] 
2024-07-28T16:42:03.887+0800: 6.216: [CMS-concurrent-abortable-preclean-start]
2024-07-28T16:42:04.002+0800: 6.331: Application time: 0.1179481 seconds
2024-07-28T16:42:04.002+0800: 6.331: [GC (Allocation Failure) 2024-07-28T16:42:04.002+0800: 6.331: [ParNew: 77168K->8192K(78656K), 0.0141260 secs] 311295K->310928K(546448K), 0.0142025 secs] [Times: user=0.03 sys=0.00, real=0.01 secs] 
2024-07-28T16:42:04.017+0800: 6.346: Total time for which application threads were stopped: 0.0143154 seconds, Stopping threads took: 0.0000177 seconds
2024-07-28T16:42:04.127+0800: 6.456: Application time: 0.1099462 seconds
2024-07-28T16:42:04.127+0800: 6.456: [GC (Allocation Failure) 2024-07-28T16:42:04.127+0800: 6.456: [ParNew: 77168K->8192K(78656K), 0.0046292 secs] 379904K->326288K(546448K), 0.0046987 secs] [Times: user=0.03 sys=0.00, real=0.00 secs] 
2024-07-28T16:42:04.131+0800: 6.460: Total time for which application threads were stopped: 0.0048068 seconds, Stopping threads took: 0.0000185 seconds
2024-07-28T16:42:04.131+0800: 6.461: [CMS-concurrent-abortable-preclean: 0.005/0.245 secs] [Times: user=0.08 sys=0.00, real=0.24 secs] 
2024-07-28T16:42:04.132+0800: 6.461: Application time: 0.0003133 seconds
2024-07-28T16:42:04.132+0800: 6.461: [GC (CMS Final Remark) [YG occupancy: 12655 K (78656 K)]2024-07-28T16:42:04.132+0800: 6.461: [Rescan (parallel) , 0.0010106 secs]2024-07-28T16:42:04.133+0800: 6.462: [weak refs processing, 0.0000129 secs]2024-07-28T16:42:04.133+0800: 6.462: [class unloading, 0.0001746 secs]2024-07-28T16:42:04.133+0800: 6.462: [scrub symbol table, 0.0003500 secs]2024-07-28T16:42:04.133+0800: 6.462: [scrub string table, 0.0001132 secs][1 CMS-remark: 318096K(467792K)] 330751K(546448K), 0.0017244 secs] [Times: user=0.00 sys=0.00, real=0.00 secs] 
2024-07-28T16:42:04.133+0800: 6.463: Total time for which application threads were stopped: 0.0018383 seconds, Stopping threads took: 0.0000781 seconds
2024-07-28T16:42:04.134+0800: 6.463: [CMS-concurrent-sweep-start]
2024-07-28T16:42:04.135+0800: 6.464: [CMS-concurrent-sweep: 0.002/0.002 secs] [Times: user=0.00 sys=0.00, real=0.00 secs] 
2024-07-28T16:42:04.135+0800: 6.464: [CMS-concurrent-reset-start]
2024-07-28T16:42:04.136+0800: 6.466: [CMS-concurrent-reset: 0.001/0.001 secs] [Times: user=0.00 sys=0.00, real=0.00 secs] 
2024-07-28T16:42:04.138+0800: 6.467: Application time: 0.0047806 seconds
2024-07-28T16:42:04.138+0800: 6.467: [GC (Allocation Failure) 2024-07-28T16:42:04.138+0800: 6.467: [ParNew: 77168K->8192K(78656K), 0.0121492 secs] 244734K->244367K(546448K), 0.0122001 secs] [Times: user=0.03 sys=0.00, real=0.01 secs] 
2024-07-28T16:42:04.151+0800: 6.480: Total time for which application threads were stopped: 0.0122940 seconds, Stopping threads took: 0.0000128 seconds
2024-07-28T16:42:04.151+0800: 6.480: Application time: 0.0002194 seconds
2024-07-28T16:42:04.151+0800: 6.480: [GC (CMS Initial Mark) [1 CMS-initial-mark: 236174K(467792K)] 247806K(546448K), 0.0009083 secs] [Times: user=0.00 sys=0.00, real=0.00 secs] 
2024-07-28T16:42:04.152+0800: 6.481: Total time for which application threads were stopped: 0.0010883 seconds, Stopping threads took: 0.0001341 seconds
2024-07-28T16:42:04.152+0800: 6.481: [CMS-concurrent-mark-start]
2024-07-28T16:42:04.153+0800: 6.483: [CMS-concurrent-mark: 0.001/0.001 secs] [Times: user=0.00 sys=0.00, real=0.00 secs] 
2024-07-28T16:42:04.153+0800: 6.483: [CMS-concurrent-preclean-start]
2024-07-28T16:42:04.154+0800: 6.483: [CMS-concurrent-preclean: 0.001/0.001 secs] [Times: user=0.00 sys=0.00, real=0.00 secs] 
2024-07-28T16:42:04.154+0800: 6.483: [CMS-concurrent-abortable-preclean-start]
2024-07-28T16:42:04.271+0800: 6.600: Application time: 0.1189904 seconds
2024-07-28T16:42:04.271+0800: 6.600: [GC (Allocation Failure) 2024-07-28T16:42:04.271+0800: 6.600: [ParNew: 77168K->8192K(78656K), 0.0123348 secs] 313343K->312976K(546448K), 0.0124004 secs] [Times: user=0.00 sys=0.00, real=0.01 secs] 
2024-07-28T16:42:04.284+0800: 6.613: Total time for which application threads were stopped: 0.0125174 seconds, Stopping threads took: 0.0000236 seconds
2024-07-28T16:42:04.394+0800: 6.723: Application time: 0.1107506 seconds
2024-07-28T16:42:04.395+0800: 6.723: [GC (Allocation Failure) 2024-07-28T16:42:04.395+0800: 6.723: [ParNew: 77168K->8192K(78656K), 0.0045379 secs] 381952K->329360K(546448K), 0.0046005 secs] [Times: user=0.00 sys=0.00, real=0.00 secs] 
2024-07-28T16:42:04.399+0800: 6.728: Total time for which application threads were stopped: 0.0047123 seconds, Stopping threads took: 0.0000196 seconds
2024-07-28T16:42:04.399+0800: 6.728: [CMS-concurrent-abortable-preclean: 0.006/0.245 secs] [Times: user=0.06 sys=0.00, real=0.24 secs] 
2024-07-28T16:42:04.399+0800: 6.728: Application time: 0.0003001 seconds
2024-07-28T16:42:04.400+0800: 6.728: [GC (CMS Final Remark) [YG occupancy: 12655 K (78656 K)]2024-07-28T16:42:04.400+0800: 6.728: [Rescan (parallel) , 0.0008110 secs]2024-07-28T16:42:04.400+0800: 6.729: [weak refs processing, 0.0000125 secs]2024-07-28T16:42:04.400+0800: 6.729: [class unloading, 0.0002156 secs]2024-07-28T16:42:04.401+0800: 6.730: [scrub symbol table, 0.0003505 secs]2024-07-28T16:42:04.401+0800: 6.730: [scrub string table, 0.0001074 secs][1 CMS-remark: 321168K(467792K)] 333824K(546448K), 0.0015629 secs] [Times: user=0.00 sys=0.00, real=0.00 secs] 
2024-07-28T16:42:04.401+0800: 6.730: Total time for which application threads were stopped: 0.0017513 seconds, Stopping threads took: 0.0001518 seconds
2024-07-28T16:42:04.401+0800: 6.730: [CMS-concurrent-sweep-start]
2024-07-28T16:42:04.403+0800: 6.731: [CMS-concurrent-sweep: 0.001/0.001 secs] [Times: user=0.00 sys=0.00, real=0.00 secs] 
2024-07-28T16:42:04.403+0800: 6.732: [CMS-concurrent-reset-start]
2024-07-28T16:42:04.404+0800: 6.733: [CMS-concurrent-reset: 0.001/0.001 secs] [Times: user=0.00 sys=0.00, real=0.00 secs] 
2024-07-28T16:42:04.406+0800: 6.735: Application time: 0.0047640 seconds
2024-07-28T16:42:04.406+0800: 6.735: [GC (Allocation Failure) 2024-07-28T16:42:04.406+0800: 6.735: [ParNew: 77168K->8192K(78656K), 0.0119205 secs] 246782K->246415K(546448K), 0.0119810 secs] [Times: user=0.03 sys=0.00, real=0.01 secs] 
2024-07-28T16:42:04.418+0800: 6.747: Total time for which application threads were stopped: 0.0120749 seconds, Stopping threads took: 0.0000131 seconds
2024-07-28T16:42:04.418+0800: 6.747: Application time: 0.0002211 seconds
2024-07-28T16:42:04.418+0800: 6.747: [GC (CMS Initial Mark) [1 CMS-initial-mark: 238223K(467792K)] 249854K(546448K), 0.0008767 secs] [Times: user=0.00 sys=0.00, real=0.00 secs] 
2024-07-28T16:42:04.419+0800: 6.748: Total time for which application threads were stopped: 0.0010803 seconds, Stopping threads took: 0.0001614 seconds
2024-07-28T16:42:04.419+0800: 6.748: [CMS-concurrent-mark-start]
2024-07-28T16:42:04.421+0800: 6.749: [CMS-concurrent-mark: 0.001/0.001 secs] [Times: user=0.00 sys=0.00, real=0.00 secs] 
2024-07-28T16:42:04.421+0800: 6.749: [CMS-concurrent-preclean-start]
2024-07-28T16:42:04.421+0800: 6.750: [CMS-concurrent-preclean: 0.001/0.001 secs] [Times: user=0.00 sys=0.00, real=0.00 secs] 
2024-07-28T16:42:04.421+0800: 6.750: [CMS-concurrent-abortable-preclean-start]
2024-07-28T16:42:04.539+0800: 6.868: Application time: 0.1195155 seconds
2024-07-28T16:42:04.539+0800: 6.868: [GC (Allocation Failure) 2024-07-28T16:42:04.539+0800: 6.868: [ParNew: 77168K->8192K(78656K), 0.0121785 secs] 315391K->315024K(546448K), 0.0122380 secs] [Times: user=0.00 sys=0.00, real=0.01 secs] 
2024-07-28T16:42:04.551+0800: 6.880: Total time for which application threads were stopped: 0.0123469 seconds, Stopping threads took: 0.0000199 seconds
2024-07-28T16:42:04.662+0800: 6.991: Application time: 0.1104701 seconds
2024-07-28T16:42:04.662+0800: 6.991: [GC (Allocation Failure) 2024-07-28T16:42:04.662+0800: 6.991: [ParNew: 77168K->8192K(78656K), 0.0047504 secs] 384000K->332432K(546448K), 0.0048236 secs] [Times: user=0.00 sys=0.00, real=0.01 secs] 
2024-07-28T16:42:04.667+0800: 6.995: Total time for which application threads were stopped: 0.0049323 seconds, Stopping threads took: 0.0000201 seconds
2024-07-28T16:42:04.667+0800: 6.996: [CMS-concurrent-abortable-preclean: 0.005/0.245 secs] [Times: user=0.09 sys=0.00, real=0.25 secs] 
2024-07-28T16:42:04.667+0800: 6.996: Application time: 0.0003612 seconds
2024-07-28T16:42:04.667+0800: 6.996: [GC (CMS Final Remark) [YG occupancy: 14703 K (78656 K)]2024-07-28T16:42:04.667+0800: 6.996: [Rescan (parallel) , 0.0007686 secs]2024-07-28T16:42:04.668+0800: 6.997: [weak refs processing, 0.0000135 secs]2024-07-28T16:42:04.668+0800: 6.997: [class unloading, 0.0001693 secs]2024-07-28T16:42:04.668+0800: 6.997: [scrub symbol table, 0.0003259 secs]2024-07-28T16:42:04.669+0800: 6.997: [scrub string table, 0.0001056 secs][1 CMS-remark: 324240K(467792K)] 338944K(546448K), 0.0014512 secs] [Times: user=0.00 sys=0.00, real=0.00 secs] 
2024-07-28T16:42:04.669+0800: 6.997: Total time for which application threads were stopped: 0.0016424 seconds, Stopping threads took: 0.0001547 seconds
2024-07-28T16:42:04.669+0800: 6.998: [CMS-concurrent-sweep-start]
2024-07-28T16:42:04.670+0800: 6.999: [CMS-concurrent-sweep: 0.002/0.002 secs] [Times: user=0.00 sys=0.00, real=0.00 secs] 
2024-07-28T16:42:04.670+0800: 6.999: [CMS-concurrent-reset-start]
2024-07-28T16:42:04.672+0800: 7.001: [CMS-concurrent-reset: 0.001/0.001 secs] [Times: user=0.00 sys=0.00, real=0.00 secs] 
2024-07-28T16:42:04.673+0800: 7.002: Application time: 0.0047369 seconds
2024-07-28T16:42:04.673+0800: 7.002: [GC (Allocation Failure) 2024-07-28T16:42:04.674+0800: 7.002: [ParNew: 77168K->8192K(78656K), 0.0119304 secs] 248830K->248463K(546448K), 0.0119837 secs] [Times: user=0.03 sys=0.00, real=0.01 secs] 
2024-07-28T16:42:04.686+0800: 7.014: Total time for which application threads were stopped: 0.0120814 seconds, Stopping threads took: 0.0000123 seconds
2024-07-28T16:42:04.686+0800: 7.014: Application time: 0.0001973 seconds
2024-07-28T16:42:04.686+0800: 7.015: [GC (CMS Initial Mark) [1 CMS-initial-mark: 240271K(467792K)] 251902K(546448K), 0.0007953 secs] [Times: user=0.00 sys=0.00, real=0.00 secs] 
2024-07-28T16:42:04.687+0800: 7.015: Total time for which application threads were stopped: 0.0009596 seconds, Stopping threads took: 0.0001227 seconds
2024-07-28T16:42:04.687+0800: 7.016: [CMS-concurrent-mark-start]
2024-07-28T16:42:04.688+0800: 7.017: [CMS-concurrent-mark: 0.001/0.001 secs] [Times: user=0.00 sys=0.00, real=0.00 secs] 
2024-07-28T16:42:04.688+0800: 7.017: [CMS-concurrent-preclean-start]
2024-07-28T16:42:04.689+0800: 7.017: [CMS-concurrent-preclean: 0.001/0.001 secs] [Times: user=0.00 sys=0.00, real=0.00 secs] 
2024-07-28T16:42:04.689+0800: 7.017: [CMS-concurrent-abortable-preclean-start]
2024-07-28T16:42:04.806+0800: 7.134: Application time: 0.1189938 seconds
2024-07-28T16:42:04.806+0800: 7.135: [GC (Allocation Failure) 2024-07-28T16:42:04.806+0800: 7.135: [ParNew: 77168K->8208K(78656K), 0.0118805 secs] 317439K->317088K(546448K), 0.0119378 secs] [Times: user=0.03 sys=0.00, real=0.01 secs] 
2024-07-28T16:42:04.818+0800: 7.147: Total time for which application threads were stopped: 0.0120680 seconds, Stopping threads took: 0.0000233 seconds
2024-07-28T16:42:04.929+0800: 7.258: Application time: 0.1114992 seconds
2024-07-28T16:42:04.929+0800: 7.258: [GC (Allocation Failure) 2024-07-28T16:42:04.929+0800: 7.258: [ParNew: 77184K->8192K(78656K), 0.0048472 secs] 386064K->335504K(546448K), 0.0049067 secs] [Times: user=0.00 sys=0.00, real=0.01 secs] 
2024-07-28T16:42:04.934+0800: 7.263: Total time for which application threads were stopped: 0.0050271 seconds, Stopping threads took: 0.0000183 seconds
2024-07-28T16:42:04.934+0800: 7.263: [CMS-concurrent-abortable-preclean: 0.006/0.246 secs] [Times: user=0.03 sys=0.00, real=0.25 secs] 
2024-07-28T16:42:04.934+0800: 7.263: Application time: 0.0003264 seconds
2024-07-28T16:42:04.934+0800: 7.264: [GC (CMS Final Remark) [YG occupancy: 13679 K (78656 K)]2024-07-28T16:42:04.934+0800: 7.264: [Rescan (parallel) , 0.0011372 secs]2024-07-28T16:42:04.936+0800: 7.265: [weak refs processing, 0.0000132 secs]2024-07-28T16:42:04.936+0800: 7.265: [class unloading, 0.0001696 secs]2024-07-28T16:42:04.936+0800: 7.265: [scrub symbol table, 0.0003191 secs]2024-07-28T16:42:04.936+0800: 7.265: [scrub string table, 0.0001035 secs][1 CMS-remark: 327312K(467792K)] 340992K(546448K), 0.0018111 secs] [Times: user=0.00 sys=0.00, real=0.00 secs] 
2024-07-28T16:42:04.936+0800: 7.265: Total time for which application threads were stopped: 0.0019762 seconds, Stopping threads took: 0.0001214 seconds
2024-07-28T16:42:04.937+0800: 7.266: [CMS-concurrent-sweep-start]
2024-07-28T16:42:04.938+0800: 7.267: [CMS-concurrent-sweep: 0.002/0.002 secs] [Times: user=0.00 sys=0.00, real=0.00 secs] 
2024-07-28T16:42:04.938+0800: 7.267: [CMS-concurrent-reset-start]
2024-07-28T16:42:04.939+0800: 7.268: [CMS-concurrent-reset: 0.001/0.001 secs] [Times: user=0.00 sys=0.00, real=0.00 secs] 
2024-07-28T16:42:04.941+0800: 7.270: Application time: 0.0047118 seconds
2024-07-28T16:42:04.941+0800: 7.270: [GC (Allocation Failure) 2024-07-28T16:42:04.941+0800: 7.270: [ParNew: 77168K->8192K(78656K), 0.0118943 secs] 250879K->250511K(546448K), 0.0119409 secs] [Times: user=0.13 sys=0.00, real=0.01 secs] 
2024-07-28T16:42:04.953+0800: 7.282: Total time for which application threads were stopped: 0.0120504 seconds, Stopping threads took: 0.0000121 seconds
2024-07-28T16:42:04.953+0800: 7.282: Application time: 0.0001905 seconds
2024-07-28T16:42:04.953+0800: 7.282: [GC (CMS Initial Mark) [1 CMS-initial-mark: 242319K(467792K)] 253951K(546448K), 0.0007718 secs] [Times: user=0.00 sys=0.00, real=0.00 secs] 
2024-07-28T16:42:04.954+0800: 7.283: Total time for which application threads were stopped: 0.0009615 seconds, Stopping threads took: 0.0001412 seconds
2024-07-28T16:42:04.954+0800: 7.283: [CMS-concurrent-mark-start]
2024-07-28T16:42:04.955+0800: 7.285: [CMS-concurrent-mark: 0.001/0.001 secs] [Times: user=0.00 sys=0.00, real=0.00 secs] 
2024-07-28T16:42:04.955+0800: 7.285: [CMS-concurrent-preclean-start]
2024-07-28T16:42:04.956+0800: 7.285: [CMS-concurrent-preclean: 0.001/0.001 secs] [Times: user=0.00 sys=0.00, real=0.00 secs] 
2024-07-28T16:42:04.956+0800: 7.285: [CMS-concurrent-abortable-preclean-start]
2024-07-28T16:42:05.073+0800: 7.402: Application time: 0.1188924 seconds
2024-07-28T16:42:05.073+0800: 7.402: [GC (Allocation Failure) 2024-07-28T16:42:05.073+0800: 7.402: [ParNew: 77168K->8192K(78656K), 0.0123137 secs] 319488K->319120K(546448K), 0.0123732 secs] [Times: user=0.03 sys=0.00, real=0.01 secs] 
2024-07-28T16:42:05.086+0800: 7.415: Total time for which application threads were stopped: 0.0124836 seconds, Stopping threads took: 0.0000198 seconds
2024-07-28T16:42:05.196+0800: 7.525: Application time: 0.1102037 seconds
2024-07-28T16:42:05.196+0800: 7.525: [GC (Allocation Failure) 2024-07-28T16:42:05.196+0800: 7.525: [ParNew: 77168K->8192K(78656K), 0.0053256 secs] 388097K->338577K(546448K), 0.0053855 secs] [Times: user=0.00 sys=0.00, real=0.01 secs] 
2024-07-28T16:42:05.202+0800: 7.530: Total time for which application threads were stopped: 0.0055005 seconds, Stopping threads took: 0.0000197 seconds
2024-07-28T16:42:05.202+0800: 7.530: [CMS-concurrent-abortable-preclean: 0.005/0.245 secs] [Times: user=0.05 sys=0.00, real=0.25 secs] 
2024-07-28T16:42:05.202+0800: 7.531: Application time: 0.0003005 seconds
2024-07-28T16:42:05.202+0800: 7.531: [GC (CMS Final Remark) [YG occupancy: 12655 K (78656 K)]2024-07-28T16:42:05.202+0800: 7.531: [Rescan (parallel) , 0.0008565 secs]2024-07-28T16:42:05.203+0800: 7.532: [weak refs processing, 0.0000126 secs]2024-07-28T16:42:05.203+0800: 7.532: [class unloading, 0.0001773 secs]2024-07-28T16:42:05.203+0800: 7.532: [scrub symbol table, 0.0003452 secs]2024-07-28T16:42:05.203+0800: 7.532: [scrub string table, 0.0001135 secs][1 CMS-remark: 330384K(467792K)] 343040K(546448K), 0.0015670 secs] [Times: user=0.00 sys=0.00, real=0.00 secs] 
2024-07-28T16:42:05.203+0800: 7.532: Total time for which application threads were stopped: 0.0016655 seconds, Stopping threads took: 0.0000632 seconds
2024-07-28T16:42:05.204+0800: 7.533: [CMS-concurrent-sweep-start]
2024-07-28T16:42:05.205+0800: 7.534: [CMS-concurrent-sweep: 0.002/0.002 secs] [Times: user=0.00 sys=0.00, real=0.00 secs] 
2024-07-28T16:42:05.205+0800: 7.534: [CMS-concurrent-reset-start]
2024-07-28T16:42:05.207+0800: 7.536: [CMS-concurrent-reset: 0.001/0.001 secs] [Times: user=0.00 sys=0.00, real=0.00 secs] 
2024-07-28T16:42:05.208+0800: 7.537: Application time: 0.0048783 seconds
2024-07-28T16:42:05.208+0800: 7.537: [GC (Allocation Failure) 2024-07-28T16:42:05.208+0800: 7.537: [ParNew: 77168K->8192K(78656K), 0.0122539 secs] 252927K->252559K(546448K), 0.0123129 secs] [Times: user=0.00 sys=0.00, real=0.01 secs] 
2024-07-28T16:42:05.221+0800: 7.550: Total time for which application threads were stopped: 0.0124067 seconds, Stopping threads took: 0.0000124 seconds
2024-07-28T16:42:05.221+0800: 7.550: Application time: 0.0002028 seconds
2024-07-28T16:42:05.221+0800: 7.550: [GC (CMS Initial Mark) [1 CMS-initial-mark: 244367K(467792K)] 255999K(546448K), 0.0007665 secs] [Times: user=0.00 sys=0.00, real=0.00 secs] 
2024-07-28T16:42:05.222+0800: 7.551: Total time for which application threads were stopped: 0.0009662 seconds, Stopping threads took: 0.0001580 seconds
2024-07-28T16:42:05.222+0800: 7.551: [CMS-concurrent-mark-start]
2024-07-28T16:42:05.223+0800: 7.552: [CMS-concurrent-mark: 0.001/0.001 secs] [Times: user=0.05 sys=0.00, real=0.00 secs] 
2024-07-28T16:42:05.223+0800: 7.552: [CMS-concurrent-preclean-start]
2024-07-28T16:42:05.224+0800: 7.553: [CMS-concurrent-preclean: 0.001/0.001 secs] [Times: user=0.00 sys=0.00, real=0.00 secs] 
2024-07-28T16:42:05.224+0800: 7.553: [CMS-concurrent-abortable-preclean-start]
2024-07-28T16:42:05.342+0800: 7.671: Application time: 0.1200911 seconds
2024-07-28T16:42:05.342+0800: 7.671: [GC (Allocation Failure) 2024-07-28T16:42:05.342+0800: 7.671: [ParNew: 77168K->8192K(78656K), 0.0117103 secs] 321536K->321168K(546448K), 0.0117703 secs] [Times: user=0.03 sys=0.00, real=0.01 secs] 
2024-07-28T16:42:05.354+0800: 7.683: Total time for which application threads were stopped: 0.0118781 seconds, Stopping threads took: 0.0000195 seconds
2024-07-28T16:42:05.466+0800: 7.795: Application time: 0.1118642 seconds
2024-07-28T16:42:05.466+0800: 7.795: [GC (Allocation Failure) 2024-07-28T16:42:05.466+0800: 7.795: [ParNew: 77168K->8192K(78656K), 0.0055123 secs] 390145K->341649K(546448K), 0.0055855 secs] [Times: user=0.00 sys=0.00, real=0.01 secs] 
2024-07-28T16:42:05.472+0800: 7.800: Total time for which application threads were stopped: 0.0056945 seconds, Stopping threads took: 0.0000197 seconds
2024-07-28T16:42:05.472+0800: 7.800: [CMS-concurrent-abortable-preclean: 0.006/0.248 secs] [Times: user=0.03 sys=0.00, real=0.25 secs] 
2024-07-28T16:42:05.472+0800: 7.801: Application time: 0.0003452 seconds
2024-07-28T16:42:05.472+0800: 7.801: [GC (CMS Final Remark) [YG occupancy: 13679 K (78656 K)]2024-07-28T16:42:05.472+0800: 7.801: [Rescan (parallel) , 0.0011498 secs]2024-07-28T16:42:05.473+0800: 7.802: [weak refs processing, 0.0000131 secs]2024-07-28T16:42:05.473+0800: 7.802: [class unloading, 0.0001693 secs]2024-07-28T16:42:05.473+0800: 7.802: [scrub symbol table, 0.0003236 secs]2024-07-28T16:42:05.474+0800: 7.802: [scrub string table, 0.0001035 secs][1 CMS-remark: 333456K(467792K)] 347136K(546448K), 0.0018215 secs] [Times: user=0.02 sys=0.00, real=0.00 secs] 
2024-07-28T16:42:05.474+0800: 7.803: Total time for which application threads were stopped: 0.0019436 seconds, Stopping threads took: 0.0000863 seconds
2024-07-28T16:42:05.474+0800: 7.803: [CMS-concurrent-sweep-start]
2024-07-28T16:42:05.475+0800: 7.804: [CMS-concurrent-sweep: 0.001/0.001 secs] [Times: user=0.00 sys=0.00, real=0.00 secs] 
2024-07-28T16:42:05.475+0800: 7.804: [CMS-concurrent-reset-start]
2024-07-28T16:42:05.477+0800: 7.806: [CMS-concurrent-reset: 0.002/0.002 secs] [Times: user=0.00 sys=0.00, real=0.00 secs] 
2024-07-28T16:42:05.479+0800: 7.807: Application time: 0.0047372 seconds
2024-07-28T16:42:05.479+0800: 7.807: [GC (Allocation Failure) 2024-07-28T16:42:05.479+0800: 7.807: [ParNew: 77168K->8192K(78656K), 0.0126873 secs] 254975K->254607K(546448K), 0.0127377 secs] [Times: user=0.03 sys=0.00, real=0.01 secs] 
2024-07-28T16:42:05.492+0800: 7.820: Total time for which application threads were stopped: 0.0128401 seconds, Stopping threads took: 0.0000143 seconds
2024-07-28T16:42:05.492+0800: 7.820: Application time: 0.0002021 seconds
2024-07-28T16:42:05.492+0800: 7.821: [GC (CMS Initial Mark) [1 CMS-initial-mark: 246415K(467792K)] 258047K(546448K), 0.0007700 secs] [Times: user=0.00 sys=0.00, real=0.00 secs] 
2024-07-28T16:42:05.493+0800: 7.821: Total time for which application threads were stopped: 0.0009947 seconds, Stopping threads took: 0.0001712 seconds
2024-07-28T16:42:05.493+0800: 7.821: [CMS-concurrent-mark-start]
2024-07-28T16:42:05.494+0800: 7.823: [CMS-concurrent-mark: 0.001/0.001 secs] [Times: user=0.00 sys=0.00, real=0.00 secs] 
2024-07-28T16:42:05.494+0800: 7.823: [CMS-concurrent-preclean-start]
2024-07-28T16:42:05.494+0800: 7.823: [CMS-concurrent-preclean: 0.001/0.001 secs] [Times: user=0.00 sys=0.00, real=0.00 secs] 
2024-07-28T16:42:05.494+0800: 7.823: [CMS-concurrent-abortable-preclean-start]
2024-07-28T16:42:05.607+0800: 7.936: Application time: 0.1145789 seconds
2024-07-28T16:42:05.607+0800: 7.936: [GC (Allocation Failure) 2024-07-28T16:42:05.607+0800: 7.936: [ParNew: 77168K->8192K(78656K), 0.0124908 secs] 323584K->323216K(546448K), 0.0125503 secs] [Times: user=0.03 sys=0.00, real=0.01 secs] 
2024-07-28T16:42:05.620+0800: 7.949: Total time for which application threads were stopped: 0.0126603 seconds, Stopping threads took: 0.0000195 seconds
2024-07-28T16:42:05.730+0800: 8.059: Application time: 0.1102474 seconds
2024-07-28T16:42:05.730+0800: 8.059: [GC (Allocation Failure) 2024-07-28T16:42:05.730+0800: 8.059: [ParNew: 77168K->8192K(78656K), 0.0053146 secs] 392193K->344721K(546448K), 0.0053742 secs] [Times: user=0.00 sys=0.00, real=0.01 secs] 
2024-07-28T16:42:05.736+0800: 8.064: Total time for which application threads were stopped: 0.0054830 seconds, Stopping threads took: 0.0000196 seconds
2024-07-28T16:42:05.736+0800: 8.065: [CMS-concurrent-abortable-preclean: 0.006/0.241 secs] [Times: user=0.03 sys=0.00, real=0.24 secs] 
2024-07-28T16:42:05.736+0800: 8.065: Application time: 0.0003965 seconds
2024-07-28T16:42:05.736+0800: 8.065: [GC (CMS Final Remark) [YG occupancy: 14703 K (78656 K)]2024-07-28T16:42:05.736+0800: 8.065: [Rescan (parallel) , 0.0009914 secs]2024-07-28T16:42:05.737+0800: 8.066: [weak refs processing, 0.0000130 secs]2024-07-28T16:42:05.737+0800: 8.066: [class unloading, 0.0001763 secs]2024-07-28T16:42:05.737+0800: 8.066: [scrub symbol table, 0.0003619 secs]2024-07-28T16:42:05.738+0800: 8.067: [scrub string table, 0.0001128 secs][1 CMS-remark: 336528K(467792K)] 351232K(546448K), 0.0017179 secs] [Times: user=0.00 sys=0.00, real=0.00 secs] 
2024-07-28T16:42:05.738+0800: 8.067: Total time for which application threads were stopped: 0.0019258 seconds, Stopping threads took: 0.0001718 seconds
2024-07-28T16:42:05.738+0800: 8.067: [CMS-concurrent-sweep-start]
2024-07-28T16:42:05.740+0800: 8.068: [CMS-concurrent-sweep: 0.001/0.001 secs] [Times: user=0.03 sys=0.00, real=0.00 secs] 
2024-07-28T16:42:05.740+0800: 8.068: [CMS-concurrent-reset-start]
2024-07-28T16:42:05.741+0800: 8.070: [CMS-concurrent-reset: 0.001/0.001 secs] [Times: user=0.00 sys=0.00, real=0.00 secs] 
2024-07-28T16:42:05.743+0800: 8.071: Application time: 0.0045950 seconds
2024-07-28T16:42:05.743+0800: 8.071: [GC (Allocation Failure) 2024-07-28T16:42:05.743+0800: 8.071: [ParNew: 77168K->8192K(78656K), 0.0119325 secs] 257023K->256655K(546448K), 0.0119825 secs] [Times: user=0.00 sys=0.00, real=0.01 secs] 
2024-07-28T16:42:05.755+0800: 8.083: Total time for which application threads were stopped: 0.0120786 seconds, Stopping threads took: 0.0000136 seconds
2024-07-28T16:42:05.755+0800: 8.084: Application time: 0.0002543 seconds
2024-07-28T16:42:05.755+0800: 8.084: [GC (CMS Initial Mark) [1 CMS-initial-mark: 248463K(467792K)] 260095K(546448K), 0.0007566 secs] [Times: user=0.00 sys=0.00, real=0.00 secs] 
2024-07-28T16:42:05.756+0800: 8.085: Total time for which application threads were stopped: 0.0009253 seconds, Stopping threads took: 0.0001262 seconds
2024-07-28T16:42:05.756+0800: 8.085: [CMS-concurrent-mark-start]
2024-07-28T16:42:05.757+0800: 8.086: [CMS-concurrent-mark: 0.001/0.001 secs] [Times: user=0.00 sys=0.00, real=0.00 secs] 
2024-07-28T16:42:05.757+0800: 8.086: [CMS-concurrent-preclean-start]
2024-07-28T16:42:05.758+0800: 8.086: [CMS-concurrent-preclean: 0.001/0.001 secs] [Times: user=0.00 sys=0.00, real=0.00 secs] 
2024-07-28T16:42:05.758+0800: 8.086: [CMS-concurrent-abortable-preclean-start]
2024-07-28T16:42:05.872+0800: 8.201: Application time: 0.1164735 seconds
2024-07-28T16:42:05.872+0800: 8.201: [GC (Allocation Failure) 2024-07-28T16:42:05.872+0800: 8.201: [ParNew: 77168K->8192K(78656K), 0.0134851 secs] 325632K->325264K(546448K), 0.0135416 secs] [Times: user=0.03 sys=0.00, real=0.01 secs] 
2024-07-28T16:42:05.886+0800: 8.215: Total time for which application threads were stopped: 0.0136613 seconds, Stopping threads took: 0.0000194 seconds
2024-07-28T16:42:05.996+0800: 8.325: Application time: 0.1097832 seconds
2024-07-28T16:42:05.996+0800: 8.325: [GC (Allocation Failure) 2024-07-28T16:42:05.996+0800: 8.325: [ParNew: 77168K->8192K(78656K), 0.0053796 secs] 394241K->347793K(546448K), 0.0054396 secs] [Times: user=0.00 sys=0.00, real=0.00 secs] 
2024-07-28T16:42:06.001+0800: 8.330: Total time for which application threads were stopped: 0.0055481 seconds, Stopping threads took: 0.0000186 seconds
2024-07-28T16:42:06.001+0800: 8.330: [CMS-concurrent-abortable-preclean: 0.005/0.244 secs] [Times: user=0.03 sys=0.00, real=0.24 secs] 
2024-07-28T16:42:06.002+0800: 8.330: Application time: 0.0002541 seconds
2024-07-28T16:42:06.002+0800: 8.330: [GC (CMS Final Remark) [YG occupancy: 11631 K (78656 K)]2024-07-28T16:42:06.002+0800: 8.330: [Rescan (parallel) , 0.0007601 secs]2024-07-28T16:42:06.003+0800: 8.331: [weak refs processing, 0.0000127 secs]2024-07-28T16:42:06.003+0800: 8.331: [class unloading, 0.0001927 secs]2024-07-28T16:42:06.003+0800: 8.331: [scrub symbol table, 0.0003481 secs]2024-07-28T16:42:06.003+0800: 8.332: [scrub string table, 0.0001003 secs][1 CMS-remark: 339601K(467792K)] 351232K(546448K), 0.0014768 secs] [Times: user=0.00 sys=0.00, real=0.00 secs] 
2024-07-28T16:42:06.003+0800: 8.332: Total time for which application threads were stopped: 0.0015830 seconds, Stopping threads took: 0.0000709 seconds
2024-07-28T16:42:06.004+0800: 8.332: [CMS-concurrent-sweep-start]
2024-07-28T16:42:06.005+0800: 8.334: [CMS-concurrent-sweep: 0.001/0.001 secs] [Times: user=0.03 sys=0.00, real=0.00 secs] 
2024-07-28T16:42:06.005+0800: 8.334: [CMS-concurrent-reset-start]
2024-07-28T16:42:06.006+0800: 8.335: [CMS-concurrent-reset: 0.001/0.001 secs] [Times: user=0.00 sys=0.00, real=0.00 secs] 
2024-07-28T16:42:06.008+0800: 8.337: Application time: 0.0049468 seconds
2024-07-28T16:42:06.008+0800: 8.337: [GC (Allocation Failure) 2024-07-28T16:42:06.008+0800: 8.337: [ParNew: 77168K->8192K(78656K), 0.0121541 secs] 259071K->258703K(546448K), 0.0122025 secs] [Times: user=0.03 sys=0.00, real=0.01 secs] 
2024-07-28T16:42:06.021+0800: 8.349: Total time for which application threads were stopped: 0.0123129 seconds, Stopping threads took: 0.0000129 seconds
2024-07-28T16:42:06.021+0800: 8.349: Application time: 0.0001376 seconds
2024-07-28T16:42:06.021+0800: 8.349: [GC (CMS Initial Mark) [1 CMS-initial-mark: 250511K(467792K)] 262143K(546448K), 0.0008066 secs] [Times: user=0.00 sys=0.00, real=0.00 secs] 
2024-07-28T16:42:06.022+0800: 8.350: Total time for which application threads were stopped: 0.0010038 seconds, Stopping threads took: 0.0001533 seconds
2024-07-28T16:42:06.022+0800: 8.350: [CMS-concurrent-mark-start]
2024-07-28T16:42:06.023+0800: 8.351: [CMS-concurrent-mark: 0.001/0.001 secs] [Times: user=0.00 sys=0.00, real=0.00 secs] 
2024-07-28T16:42:06.023+0800: 8.351: [CMS-concurrent-preclean-start]
2024-07-28T16:42:06.023+0800: 8.352: [CMS-concurrent-preclean: 0.001/0.001 secs] [Times: user=0.00 sys=0.00, real=0.00 secs] 
2024-07-28T16:42:06.023+0800: 8.352: [CMS-concurrent-abortable-preclean-start]
2024-07-28T16:42:06.140+0800: 8.469: Application time: 0.1186412 seconds
2024-07-28T16:42:06.141+0800: 8.469: [GC (Allocation Failure) 2024-07-28T16:42:06.141+0800: 8.469: [ParNew: 77168K->8192K(78656K), 0.0120248 secs] 327680K->327312K(546448K), 0.0120932 secs] [Times: user=0.03 sys=0.00, real=0.01 secs] 
2024-07-28T16:42:06.153+0800: 8.481: Total time for which application threads were stopped: 0.0122056 seconds, Stopping threads took: 0.0000190 seconds
2024-07-28T16:42:06.263+0800: 8.592: Application time: 0.1112326 seconds
2024-07-28T16:42:06.264+0800: 8.592: [GC (Allocation Failure) 2024-07-28T16:42:06.264+0800: 8.592: [ParNew: 77543K->8196K(78656K), 0.0057132 secs] 396664K->349845K(546448K), 0.0057766 secs] [Times: user=0.00 sys=0.00, real=0.01 secs] 
2024-07-28T16:42:06.269+0800: 8.598: Total time for which application threads were stopped: 0.0058842 seconds, Stopping threads took: 0.0000178 seconds
2024-07-28T16:42:06.269+0800: 8.598: [CMS-concurrent-abortable-preclean: 0.005/0.246 secs] [Times: user=0.03 sys=0.00, real=0.25 secs] 
2024-07-28T16:42:06.270+0800: 8.599: Application time: 0.0002884 seconds
2024-07-28T16:42:06.270+0800: 8.599: [GC (CMS Final Remark) [YG occupancy: 12649 K (78656 K)]2024-07-28T16:42:06.270+0800: 8.599: [Rescan (parallel) , 0.0008988 secs]2024-07-28T16:42:06.271+0800: 8.600: [weak refs processing, 0.0000131 secs]2024-07-28T16:42:06.271+0800: 8.600: [class unloading, 0.0002053 secs]2024-07-28T16:42:06.271+0800: 8.600: [scrub symbol table, 0.0003532 secs]2024-07-28T16:42:06.271+0800: 8.600: [scrub string table, 0.0001019 secs][1 CMS-remark: 341649K(467792K)] 354299K(546448K), 0.0016384 secs] [Times: user=0.00 sys=0.00, real=0.00 secs] 
2024-07-28T16:42:06.271+0800: 8.600: Total time for which application threads were stopped: 0.0018295 seconds, Stopping threads took: 0.0001527 seconds
2024-07-28T16:42:06.272+0800: 8.601: [CMS-concurrent-sweep-start]
2024-07-28T16:42:06.273+0800: 8.602: [CMS-concurrent-sweep: 0.001/0.001 secs] [Times: user=0.00 sys=0.00, real=0.00 secs] 
2024-07-28T16:42:06.273+0800: 8.602: [CMS-concurrent-reset-start]
2024-07-28T16:42:06.275+0800: 8.604: [CMS-concurrent-reset: 0.001/0.001 secs] [Times: user=0.00 sys=0.00, real=0.00 secs] 
2024-07-28T16:42:06.277+0800: 8.606: Application time: 0.0053428 seconds
2024-07-28T16:42:06.277+0800: 8.606: [GC (Allocation Failure) 2024-07-28T16:42:06.277+0800: 8.606: [ParNew: 77162K->8192K(78656K), 0.0120018 secs] 260089K->259727K(546448K), 0.0120636 secs] [Times: user=0.03 sys=0.00, real=0.01 secs] 
2024-07-28T16:42:06.289+0800: 8.618: Total time for which application threads were stopped: 0.0121679 seconds, Stopping threads took: 0.0000169 seconds
2024-07-28T16:42:06.289+0800: 8.618: Application time: 0.0002320 seconds
2024-07-28T16:42:06.289+0800: 8.618: [GC (CMS Initial Mark) [1 CMS-initial-mark: 251535K(467792K)] 263161K(546448K), 0.0008371 secs] [Times: user=0.00 sys=0.00, real=0.00 secs] 
2024-07-28T16:42:06.290+0800: 8.619: Total time for which application threads were stopped: 0.0010517 seconds, Stopping threads took: 0.0001724 seconds
2024-07-28T16:42:06.290+0800: 8.619: [CMS-concurrent-mark-start]
2024-07-28T16:42:06.291+0800: 8.620: [CMS-concurrent-mark: 0.001/0.001 secs] [Times: user=0.00 sys=0.00, real=0.00 secs] 
2024-07-28T16:42:06.291+0800: 8.620: [CMS-concurrent-preclean-start]
2024-07-28T16:42:06.292+0800: 8.621: [CMS-concurrent-preclean: 0.001/0.001 secs] [Times: user=0.00 sys=0.00, real=0.00 secs] 
2024-07-28T16:42:06.292+0800: 8.621: [CMS-concurrent-abortable-preclean-start]
2024-07-28T16:42:06.407+0800: 8.736: Application time: 0.1172529 seconds
2024-07-28T16:42:06.407+0800: 8.737: [GC (Allocation Failure) 2024-07-28T16:42:06.407+0800: 8.737: [ParNew: 77162K->8192K(78656K), 0.0123142 secs] 328698K->328336K(546448K), 0.0123735 secs] [Times: user=0.03 sys=0.00, real=0.01 secs] 
2024-07-28T16:42:06.420+0800: 8.749: Total time for which application threads were stopped: 0.0124839 seconds, Stopping threads took: 0.0000197 seconds
2024-07-28T16:42:06.531+0800: 8.860: Application time: 0.1108211 seconds
2024-07-28T16:42:06.531+0800: 8.860: [GC (Allocation Failure) 2024-07-28T16:42:06.531+0800: 8.860: [ParNew: 77164K->8192K(78656K), 0.0057045 secs] 397309K->351889K(546448K), 0.0057688 secs] [Times: user=0.03 sys=0.00, real=0.01 secs] 
2024-07-28T16:42:06.537+0800: 8.866: Total time for which application threads were stopped: 0.0058834 seconds, Stopping threads took: 0.0000201 seconds
2024-07-28T16:42:06.537+0800: 8.866: [CMS-concurrent-abortable-preclean: 0.005/0.245 secs] [Times: user=0.06 sys=0.00, real=0.24 secs] 
2024-07-28T16:42:06.537+0800: 8.866: Application time: 0.0003524 seconds
2024-07-28T16:42:06.538+0800: 8.866: [GC (CMS Final Remark) [YG occupancy: 13677 K (78656 K)]2024-07-28T16:42:06.538+0800: 8.866: [Rescan (parallel) , 0.0005856 secs]2024-07-28T16:42:06.538+0800: 8.867: [weak refs processing, 0.0000142 secs]2024-07-28T16:42:06.538+0800: 8.867: [class unloading, 0.0001716 secs]2024-07-28T16:42:06.538+0800: 8.867: [scrub symbol table, 0.0003794 secs]2024-07-28T16:42:06.539+0800: 8.867: [scrub string table, 0.0000921 secs][1 CMS-remark: 343697K(467792K)] 357374K(546448K), 0.0013066 secs] [Times: user=0.00 sys=0.00, real=0.00 secs] 
2024-07-28T16:42:06.539+0800: 8.867: Total time for which application threads were stopped: 0.0014785 seconds, Stopping threads took: 0.0001259 seconds
2024-07-28T16:42:06.539+0800: 8.868: [CMS-concurrent-sweep-start]
2024-07-28T16:42:06.540+0800: 8.869: [CMS-concurrent-sweep: 0.001/0.001 secs] [Times: user=0.00 sys=0.00, real=0.00 secs] 
2024-07-28T16:42:06.540+0800: 8.869: [CMS-concurrent-reset-start]
2024-07-28T16:42:06.542+0800: 8.870: [CMS-concurrent-reset: 0.001/0.001 secs] [Times: user=0.00 sys=0.00, real=0.00 secs] 
2024-07-28T16:42:06.544+0800: 8.872: Application time: 0.0046495 seconds
2024-07-28T16:42:06.544+0800: 8.872: [GC (Allocation Failure) 2024-07-28T16:42:06.544+0800: 8.872: [ParNew: 77166K->8192K(78656K), 0.0120675 secs] 261116K->260751K(546448K), 0.0121154 secs] [Times: user=0.03 sys=0.00, real=0.01 secs] 
2024-07-28T16:42:06.556+0800: 8.884: Total time for which application threads were stopped: 0.0122109 seconds, Stopping threads took: 0.0000134 seconds
2024-07-28T16:42:06.556+0800: 8.885: Application time: 0.0002123 seconds
2024-07-28T16:42:06.556+0800: 8.885: [GC (CMS Initial Mark) [1 CMS-initial-mark: 252559K(467792K)] 264189K(546448K), 0.0006534 secs] [Times: user=0.00 sys=0.00, real=0.00 secs] 
2024-07-28T16:42:06.557+0800: 8.885: Total time for which application threads were stopped: 0.0008155 seconds, Stopping threads took: 0.0001202 seconds
2024-07-28T16:42:06.557+0800: 8.885: [CMS-concurrent-mark-start]
2024-07-28T16:42:06.558+0800: 8.886: [CMS-concurrent-mark: 0.001/0.001 secs] [Times: user=0.00 sys=0.00, real=0.00 secs] 
2024-07-28T16:42:06.558+0800: 8.886: [CMS-concurrent-preclean-start]
2024-07-28T16:42:06.558+0800: 8.887: [CMS-concurrent-preclean: 0.001/0.001 secs] [Times: user=0.00 sys=0.00, real=0.00 secs] 
2024-07-28T16:42:06.559+0800: 8.887: [CMS-concurrent-abortable-preclean-start]
2024-07-28T16:42:06.675+0800: 9.004: Application time: 0.1184195 seconds
2024-07-28T16:42:06.676+0800: 9.004: [GC (Allocation Failure) 2024-07-28T16:42:06.676+0800: 9.004: [ParNew: 77167K->8192K(78656K), 0.0119984 secs] 329726K->329360K(546448K), 0.0120581 secs] [Times: user=0.03 sys=0.00, real=0.01 secs] 
2024-07-28T16:42:06.688+0800: 9.016: Total time for which application threads were stopped: 0.0121748 seconds, Stopping threads took: 0.0000199 seconds
2024-07-28T16:42:06.798+0800: 9.127: Application time: 0.1112234 seconds
2024-07-28T16:42:06.798+0800: 9.127: [GC (Allocation Failure) 2024-07-28T16:42:06.798+0800: 9.127: [ParNew: 77167K->8192K(78656K), 0.0059726 secs] 398336K->353937K(546448K), 0.0060317 secs] [Times: user=0.03 sys=0.00, real=0.01 secs] 
2024-07-28T16:42:06.804+0800: 9.133: Total time for which application threads were stopped: 0.0061414 seconds, Stopping threads took: 0.0000200 seconds
2024-07-28T16:42:06.804+0800: 9.133: [CMS-concurrent-abortable-preclean: 0.005/0.246 secs] [Times: user=0.06 sys=0.00, real=0.24 secs] 
2024-07-28T16:42:06.805+0800: 9.134: Application time: 0.0003194 seconds
2024-07-28T16:42:06.805+0800: 9.134: [GC (CMS Final Remark) [YG occupancy: 12655 K (78656 K)]2024-07-28T16:42:06.805+0800: 9.134: [Rescan (parallel) , 0.0011949 secs]2024-07-28T16:42:06.806+0800: 9.135: [weak refs processing, 0.0000146 secs]2024-07-28T16:42:06.806+0800: 9.135: [class unloading, 0.0001744 secs]2024-07-28T16:42:06.806+0800: 9.135: [scrub symbol table, 0.0003169 secs]2024-07-28T16:42:06.806+0800: 9.136: [scrub string table, 0.0000970 secs][1 CMS-remark: 345745K(467792K)] 358400K(546448K), 0.0018659 secs] [Times: user=0.00 sys=0.00, real=0.00 secs] 
2024-07-28T16:42:06.807+0800: 9.136: Total time for which application threads were stopped: 0.0019827 seconds, Stopping threads took: 0.0000811 seconds
2024-07-28T16:42:06.807+0800: 9.136: [CMS-concurrent-sweep-start]
2024-07-28T16:42:06.808+0800: 9.137: [CMS-concurrent-sweep: 0.001/0.001 secs] [Times: user=0.00 sys=0.00, real=0.00 secs] 
2024-07-28T16:42:06.808+0800: 9.137: [CMS-concurrent-reset-start]
2024-07-28T16:42:06.809+0800: 9.138: [CMS-concurrent-reset: 0.001/0.001 secs] [Times: user=0.00 sys=0.00, real=0.00 secs] 
2024-07-28T16:42:06.811+0800: 9.140: Application time: 0.0047647 seconds
2024-07-28T16:42:06.811+0800: 9.140: [GC (Allocation Failure) 2024-07-28T16:42:06.811+0800: 9.141: [ParNew: 77168K->8192K(78656K), 0.0120947 secs] 263166K->262799K(546448K), 0.0121439 secs] [Times: user=0.03 sys=0.00, real=0.01 secs] 
2024-07-28T16:42:06.824+0800: 9.153: Total time for which application threads were stopped: 0.0122413 seconds, Stopping threads took: 0.0000133 seconds
2024-07-28T16:42:06.824+0800: 9.153: Application time: 0.0001762 seconds
2024-07-28T16:42:06.824+0800: 9.153: [GC (CMS Initial Mark) [1 CMS-initial-mark: 254607K(467792K)] 265215K(546448K), 0.0007215 secs] [Times: user=0.00 sys=0.00, real=0.00 secs] 
2024-07-28T16:42:06.825+0800: 9.154: Total time for which application threads were stopped: 0.0007792 seconds, Stopping threads took: 0.0000158 seconds
2024-07-28T16:42:06.825+0800: 9.154: [CMS-concurrent-mark-start]
2024-07-28T16:42:06.826+0800: 9.155: [CMS-concurrent-mark: 0.001/0.001 secs] [Times: user=0.00 sys=0.00, real=0.00 secs] 
2024-07-28T16:42:06.826+0800: 9.155: [CMS-concurrent-preclean-start]
2024-07-28T16:42:06.826+0800: 9.155: [CMS-concurrent-preclean: 0.001/0.001 secs] [Times: user=0.00 sys=0.00, real=0.00 secs] 
2024-07-28T16:42:06.826+0800: 9.155: [CMS-concurrent-abortable-preclean-start]
2024-07-28T16:42:06.942+0800: 9.271: Application time: 0.1176458 seconds
2024-07-28T16:42:06.943+0800: 9.271: [GC (Allocation Failure) 2024-07-28T16:42:06.943+0800: 9.271: [ParNew: 77168K->8192K(78656K), 0.0121951 secs] 331776K->331408K(546448K), 0.0122549 secs] [Times: user=0.00 sys=0.00, real=0.01 secs] 
2024-07-28T16:42:06.955+0800: 9.284: Total time for which application threads were stopped: 0.0123807 seconds, Stopping threads took: 0.0000238 seconds
2024-07-28T16:42:07.066+0800: 9.395: Application time: 0.1115783 seconds
2024-07-28T16:42:07.066+0800: 9.395: [GC (Allocation Failure) 2024-07-28T16:42:07.066+0800: 9.395: [ParNew: 77171K->8192K(78656K), 0.0061198 secs] 400387K->357009K(546448K), 0.0061935 secs] [Times: user=0.00 sys=0.00, real=0.01 secs] 
2024-07-28T16:42:07.073+0800: 9.402: Total time for which application threads were stopped: 0.0063026 seconds, Stopping threads took: 0.0000200 seconds
2024-07-28T16:42:07.073+0800: 9.402: [CMS-concurrent-abortable-preclean: 0.006/0.246 secs] [Times: user=0.02 sys=0.00, real=0.25 secs] 
2024-07-28T16:42:07.073+0800: 9.402: Application time: 0.0003125 seconds
2024-07-28T16:42:07.073+0800: 9.402: [GC (CMS Final Remark) [YG occupancy: 12649 K (78656 K)]2024-07-28T16:42:07.073+0800: 9.402: [Rescan (parallel) , 0.0009366 secs]2024-07-28T16:42:07.074+0800: 9.403: [weak refs processing, 0.0000131 secs]2024-07-28T16:42:07.074+0800: 9.403: [class unloading, 0.0001913 secs]2024-07-28T16:42:07.074+0800: 9.403: [scrub symbol table, 0.0003539 secs]2024-07-28T16:42:07.075+0800: 9.404: [scrub string table, 0.0001120 secs][1 CMS-remark: 348817K(467792K)] 361467K(546448K), 0.0016709 secs] [Times: user=0.00 sys=0.00, real=0.00 secs] 
2024-07-28T16:42:07.075+0800: 9.404: Total time for which application threads were stopped: 0.0018522 seconds, Stopping threads took: 0.0001404 seconds
2024-07-28T16:42:07.075+0800: 9.404: [CMS-concurrent-sweep-start]
2024-07-28T16:42:07.077+0800: 9.405: [CMS-concurrent-sweep: 0.001/0.001 secs] [Times: user=0.00 sys=0.00, real=0.00 secs] 
2024-07-28T16:42:07.077+0800: 9.406: [CMS-concurrent-reset-start]
2024-07-28T16:42:07.078+0800: 9.407: [CMS-concurrent-reset: 0.001/0.001 secs] [Times: user=0.00 sys=0.00, real=0.00 secs] 
2024-07-28T16:42:07.188+0800: 9.517: Application time: 0.1130257 seconds
2024-07-28T16:42:07.188+0800: 9.517: [GC (Allocation Failure) 2024-07-28T16:42:07.188+0800: 9.517: [ParNew: 77162K->8192K(78656K), 0.0123336 secs] 265209K->264847K(546448K), 0.0124091 secs] [Times: user=0.03 sys=0.00, real=0.01 secs] 
2024-07-28T16:42:07.201+0800: 9.529: Total time for which application threads were stopped: 0.0125686 seconds, Stopping threads took: 0.0000379 seconds
2024-07-28T16:42:07.201+0800: 9.530: Application time: 0.0002367 seconds
2024-07-28T16:42:07.201+0800: 9.530: [GC (CMS Initial Mark) [1 CMS-initial-mark: 256655K(467792K)] 268283K(546448K), 0.0007686 secs] [Times: user=0.00 sys=0.00, real=0.00 secs] 
2024-07-28T16:42:07.202+0800: 9.530: Total time for which application threads were stopped: 0.0008761 seconds, Stopping threads took: 0.0000652 seconds
2024-07-28T16:42:07.202+0800: 9.531: [CMS-concurrent-mark-start]
2024-07-28T16:42:07.205+0800: 9.534: [CMS-concurrent-mark: 0.003/0.003 secs] [Times: user=0.00 sys=0.00, real=0.00 secs] 
2024-07-28T16:42:07.205+0800: 9.534: [CMS-concurrent-preclean-start]
2024-07-28T16:42:07.207+0800: 9.535: [CMS-concurrent-preclean: 0.001/0.001 secs] [Times: user=0.00 sys=0.00, real=0.00 secs] 
2024-07-28T16:42:07.207+0800: 9.536: Application time: 0.0050827 seconds
2024-07-28T16:42:07.207+0800: 9.536: [GC (Allocation Failure) 2024-07-28T16:42:07.207+0800: 9.536: [ParNew: 77165K->8192K(78656K), 0.0118714 secs] 333820K->333457K(546448K), 0.0119315 secs] [Times: user=0.03 sys=0.00, real=0.01 secs] 
2024-07-28T16:42:07.219+0800: 9.548: Total time for which application threads were stopped: 0.0120245 seconds, Stopping threads took: 0.0000120 seconds
2024-07-28T16:42:07.219+0800: 9.548: Application time: 0.0003144 seconds
2024-07-28T16:42:07.219+0800: 9.548: [GC (CMS Final Remark) [YG occupancy: 12653 K (78656 K)]2024-07-28T16:42:07.219+0800: 9.548: [Rescan (parallel) , 0.0008029 secs]2024-07-28T16:42:07.220+0800: 9.549: [weak refs processing, 0.0000163 secs]2024-07-28T16:42:07.220+0800: 9.549: [class unloading, 0.0001872 secs]2024-07-28T16:42:07.220+0800: 9.549: [scrub symbol table, 0.0003680 secs]2024-07-28T16:42:07.221+0800: 9.549: [scrub string table, 0.0001127 secs][1 CMS-remark: 325264K(467792K)] 337918K(546448K), 0.0015643 secs] [Times: user=0.00 sys=0.00, real=0.00 secs] 
2024-07-28T16:42:07.221+0800: 9.550: Total time for which application threads were stopped: 0.0017602 seconds, Stopping threads took: 0.0001556 seconds
2024-07-28T16:42:07.221+0800: 9.550: [CMS-concurrent-sweep-start]
2024-07-28T16:42:07.223+0800: 9.552: [CMS-concurrent-sweep: 0.002/0.002 secs] [Times: user=0.03 sys=0.00, real=0.00 secs] 
2024-07-28T16:42:07.223+0800: 9.552: [CMS-concurrent-reset-start]
2024-07-28T16:42:07.223+0800: 9.552: [CMS-concurrent-reset: 0.001/0.001 secs] [Times: user=0.00 sys=0.00, real=0.00 secs] 
2024-07-28T16:42:07.331+0800: 9.661: Application time: 0.1109489 seconds
2024-07-28T16:42:07.331+0800: 9.661: [GC (Allocation Failure) 2024-07-28T16:42:07.332+0800: 9.661: [ParNew: 77166K->8192K(78656K), 0.0060081 secs] 240636K->198286K(546448K), 0.0060749 secs] [Times: user=0.00 sys=0.02, real=0.01 secs] 
2024-07-28T16:42:07.338+0800: 9.667: Total time for which application threads were stopped: 0.0061964 seconds, Stopping threads took: 0.0000191 seconds
2024-07-28T16:42:07.457+0800: 9.786: Application time: 0.1188176 seconds
2024-07-28T16:42:07.457+0800: 9.786: [GC (Allocation Failure) 2024-07-28T16:42:07.457+0800: 9.786: [ParNew: 77167K->8192K(78656K), 0.0119861 secs] 267262K->266896K(546448K), 0.0120671 secs] [Times: user=0.13 sys=0.00, real=0.01 secs] 
2024-07-28T16:42:07.469+0800: 9.798: Total time for which application threads were stopped: 0.0121933 seconds, Stopping threads took: 0.0000206 seconds
2024-07-28T16:42:07.469+0800: 9.798: Application time: 0.0001594 seconds
2024-07-28T16:42:07.470+0800: 9.798: [GC (CMS Initial Mark) [1 CMS-initial-mark: 258703K(467792K)] 270334K(546448K), 0.0007564 secs] [Times: user=0.00 sys=0.00, real=0.00 secs] 
2024-07-28T16:42:07.470+0800: 9.799: Total time for which application threads were stopped: 0.0009567 seconds, Stopping threads took: 0.0001582 seconds
2024-07-28T16:42:07.470+0800: 9.799: [CMS-concurrent-mark-start]
2024-07-28T16:42:07.474+0800: 9.803: [CMS-concurrent-mark: 0.004/0.004 secs] [Times: user=0.05 sys=0.00, real=0.00 secs] 
2024-07-28T16:42:07.474+0800: 9.803: [CMS-concurrent-preclean-start]
2024-07-28T16:42:07.475+0800: 9.804: [CMS-concurrent-preclean: 0.001/0.001 secs] [Times: user=0.00 sys=0.00, real=0.00 secs] 
2024-07-28T16:42:07.475+0800: 9.804: Application time: 0.0051012 seconds
2024-07-28T16:42:07.476+0800: 9.804: [GC (Allocation Failure) 2024-07-28T16:42:07.476+0800: 9.804: [ParNew: 77167K->8192K(78656K), 0.0120970 secs] 335871K->335505K(546448K), 0.0121437 secs] [Times: user=0.00 sys=0.00, real=0.01 secs] 
2024-07-28T16:42:07.488+0800: 9.816: Total time for which application threads were stopped: 0.0122574 seconds, Stopping threads took: 0.0000303 seconds
2024-07-28T16:42:07.488+0800: 9.817: Application time: 0.0002895 seconds
2024-07-28T16:42:07.488+0800: 9.817: [GC (CMS Final Remark) [YG occupancy: 12655 K (78656 K)]2024-07-28T16:42:07.488+0800: 9.817: [Rescan (parallel) , 0.0004369 secs]2024-07-28T16:42:07.489+0800: 9.817: [weak refs processing, 0.0000149 secs]2024-07-28T16:42:07.489+0800: 9.817: [class unloading, 0.0002855 secs]2024-07-28T16:42:07.489+0800: 9.817: [scrub symbol table, 0.0003204 secs]2024-07-28T16:42:07.489+0800: 9.818: [scrub string table, 0.0000903 secs][1 CMS-remark: 327312K(467792K)] 339968K(546448K), 0.0012227 secs] [Times: user=0.00 sys=0.03, real=0.00 secs] 
2024-07-28T16:42:07.489+0800: 9.818: Total time for which application threads were stopped: 0.0013403 seconds, Stopping threads took: 0.0000795 seconds
2024-07-28T16:42:07.490+0800: 9.818: [CMS-concurrent-sweep-start]
2024-07-28T16:42:07.491+0800: 9.820: [CMS-concurrent-sweep: 0.002/0.002 secs] [Times: user=0.00 sys=0.00, real=0.00 secs] 
2024-07-28T16:42:07.491+0800: 9.820: [CMS-concurrent-reset-start]
2024-07-28T16:42:07.492+0800: 9.821: [CMS-concurrent-reset: 0.001/0.001 secs] [Times: user=0.00 sys=0.00, real=0.00 secs] 
2024-07-28T16:42:07.598+0800: 9.927: Application time: 0.1089512 seconds
2024-07-28T16:42:07.598+0800: 9.927: [GC (Allocation Failure) 2024-07-28T16:42:07.599+0800: 9.927: [ParNew: 77168K->8192K(78656K), 0.0062593 secs] 241662K->200334K(546448K), 0.0063222 secs] [Times: user=0.02 sys=0.00, real=0.01 secs] 
2024-07-28T16:42:07.605+0800: 9.933: Total time for which application threads were stopped: 0.0064383 seconds, Stopping threads took: 0.0000196 seconds
2024-07-28T16:42:07.723+0800: 10.051: Application time: 0.1178652 seconds
2024-07-28T16:42:07.723+0800: 10.051: [GC (Allocation Failure) 2024-07-28T16:42:07.723+0800: 10.051: [ParNew: 77168K->8192K(78656K), 0.0122915 secs] 269311K->268944K(546448K), 0.0123666 secs] [Times: user=0.03 sys=0.02, real=0.01 secs] 
2024-07-28T16:42:07.735+0800: 10.064: Total time for which application threads were stopped: 0.0124800 seconds, Stopping threads took: 0.0000206 seconds
2024-07-28T16:42:07.739+0800: 10.068: Application time: 0.0043819 seconds
2024-07-28T16:42:07.739+0800: 10.068: [GC (Allocation Failure) 2024-07-28T16:42:07.739+0800: 10.068: [ParNew: 77168K->8192K(78656K), 0.0119808 secs] 337920K->337553K(546448K), 0.0120295 secs] [Times: user=0.00 sys=0.00, real=0.01 secs] 
2024-07-28T16:42:07.751+0800: 10.080: Total time for which application threads were stopped: 0.0121281 seconds, Stopping threads took: 0.0000147 seconds
2024-07-28T16:42:07.751+0800: 10.080: Application time: 0.0001366 seconds
2024-07-28T16:42:07.751+0800: 10.080: [GC (CMS Initial Mark) [1 CMS-initial-mark: 329360K(467792K)] 340992K(546448K), 0.0008522 secs] [Times: user=0.00 sys=0.00, real=0.00 secs] 
2024-07-28T16:42:07.752+0800: 10.081: Total time for which application threads were stopped: 0.0010294 seconds, Stopping threads took: 0.0001281 seconds
2024-07-28T16:42:07.752+0800: 10.081: [CMS-concurrent-mark-start]
2024-07-28T16:42:07.755+0800: 10.084: [CMS-concurrent-mark: 0.003/0.003 secs] [Times: user=0.05 sys=0.00, real=0.00 secs] 
2024-07-28T16:42:07.755+0800: 10.084: [CMS-concurrent-preclean-start]
2024-07-28T16:42:07.756+0800: 10.085: [CMS-concurrent-preclean: 0.001/0.001 secs] [Times: user=0.00 sys=0.00, real=0.00 secs] 
2024-07-28T16:42:07.756+0800: 10.085: [CMS-concurrent-abortable-preclean-start]
2024-07-28T16:42:07.867+0800: 10.195: Application time: 0.1136808 seconds
2024-07-28T16:42:07.867+0800: 10.195: [GC (Allocation Failure) 2024-07-28T16:42:07.867+0800: 10.195: [ParNew: 77168K->8192K(78656K), 0.0064219 secs] 406529K->366225K(546448K), 0.0064836 secs] [Times: user=0.00 sys=0.00, real=0.01 secs] 
2024-07-28T16:42:07.873+0800: 10.202: Total time for which application threads were stopped: 0.0066098 seconds, Stopping threads took: 0.0000194 seconds
2024-07-28T16:42:07.990+0800: 10.319: Application time: 0.1170045 seconds
2024-07-28T16:42:07.990+0800: 10.319: [GC (Allocation Failure) 2024-07-28T16:42:07.990+0800: 10.319: [ParNew: 77168K->8192K(78656K), 0.0118451 secs] 435202K->434834K(546448K), 0.0119064 secs] [Times: user=0.00 sys=0.00, real=0.01 secs] 
2024-07-28T16:42:08.002+0800: 10.331: Total time for which application threads were stopped: 0.0120207 seconds, Stopping threads took: 0.0000196 seconds
2024-07-28T16:42:08.006+0800: 10.335: Application time: 0.0044592 seconds
2024-07-28T16:42:08.006+0800: 10.335: [GC (Allocation Failure) 2024-07-28T16:42:08.006+0800: 10.335: [ParNew: 77168K->8192K(78656K), 0.0242118 secs] 503811K->503443K(575232K), 0.0242603 secs] [Times: user=0.02 sys=0.01, real=0.02 secs] 
2024-07-28T16:42:08.031+0800: 10.360: Total time for which application threads were stopped: 0.0243706 seconds, Stopping threads took: 0.0000261 seconds
2024-07-28T16:42:08.031+0800: 10.360: [CMS-concurrent-abortable-preclean: 0.005/0.274 secs] [Times: user=0.03 sys=0.01, real=0.27 secs] 
2024-07-28T16:42:08.031+0800: 10.360: Application time: 0.0002610 seconds
2024-07-28T16:42:08.031+0800: 10.360: [GC (CMS Final Remark) [YG occupancy: 11631 K (78656 K)]2024-07-28T16:42:08.031+0800: 10.360: [Rescan (parallel) , 0.0008759 secs]2024-07-28T16:42:08.032+0800: 10.361: [weak refs processing, 0.0000132 secs]2024-07-28T16:42:08.032+0800: 10.361: [class unloading, 0.0001874 secs]2024-07-28T16:42:08.032+0800: 10.361: [scrub symbol table, 0.0003472 secs]2024-07-28T16:42:08.032+0800: 10.361: [scrub string table, 0.0001216 secs][1 CMS-remark: 495251K(496576K)] 506883K(575232K), 0.0016102 secs] [Times: user=0.00 sys=0.00, real=0.00 secs] 
2024-07-28T16:42:08.033+0800: 10.362: Total time for which application threads were stopped: 0.0017629 seconds, Stopping threads took: 0.0001156 seconds
2024-07-28T16:42:08.033+0800: 10.362: [CMS-concurrent-sweep-start]
2024-07-28T16:42:08.034+0800: 10.363: [CMS-concurrent-sweep: 0.002/0.002 secs] [Times: user=0.00 sys=0.00, real=0.00 secs] 
2024-07-28T16:42:08.035+0800: 10.364: [CMS-concurrent-reset-start]
2024-07-28T16:42:08.035+0800: 10.364: [CMS-concurrent-reset: 0.001/0.001 secs] [Times: user=0.00 sys=0.00, real=0.00 secs] 
2024-07-28T16:42:08.149+0800: 10.478: Application time: 0.1168787 seconds
2024-07-28T16:42:08.150+0800: 10.478: [GC (Allocation Failure) 2024-07-28T16:42:08.150+0800: 10.479: [ParNew: 77168K->8192K(78656K), 0.0066029 secs] 408577K->369297K(631008K), 0.0066625 secs] [Times: user=0.00 sys=0.00, real=0.01 secs] 
2024-07-28T16:42:08.156+0800: 10.485: Total time for which application threads were stopped: 0.0067754 seconds, Stopping threads took: 0.0000201 seconds
2024-07-28T16:42:08.156+0800: 10.485: Application time: 0.0001463 seconds
2024-07-28T16:42:08.157+0800: 10.485: [GC (CMS Initial Mark) [1 CMS-initial-mark: 361105K(552352K)] 372737K(631008K), 0.0008235 secs] [Times: user=0.00 sys=0.00, real=0.00 secs] 
2024-07-28T16:42:08.157+0800: 10.486: Total time for which application threads were stopped: 0.0009465 seconds, Stopping threads took: 0.0000781 seconds
2024-07-28T16:42:08.157+0800: 10.486: [CMS-concurrent-mark-start]
2024-07-28T16:42:08.162+0800: 10.491: [CMS-concurrent-mark: 0.005/0.005 secs] [Times: user=0.05 sys=0.00, real=0.00 secs] 
2024-07-28T16:42:08.162+0800: 10.491: [CMS-concurrent-preclean-start]
2024-07-28T16:42:08.163+0800: 10.492: [CMS-concurrent-preclean: 0.001/0.001 secs] [Times: user=0.00 sys=0.00, real=0.00 secs] 
2024-07-28T16:42:08.163+0800: 10.492: [CMS-concurrent-abortable-preclean-start]
2024-07-28T16:42:08.273+0800: 10.602: Application time: 0.1158216 seconds
2024-07-28T16:42:08.273+0800: 10.602: [GC (Allocation Failure) 2024-07-28T16:42:08.273+0800: 10.602: [ParNew: 77168K->8192K(78656K), 0.0121389 secs] 438274K->437906K(631008K), 0.0122020 secs] [Times: user=0.00 sys=0.00, real=0.01 secs] 
2024-07-28T16:42:08.286+0800: 10.614: Total time for which application threads were stopped: 0.0123260 seconds, Stopping threads took: 0.0000318 seconds
2024-07-28T16:42:08.290+0800: 10.619: Application time: 0.0045886 seconds
2024-07-28T16:42:08.290+0800: 10.619: [GC (Allocation Failure) 2024-07-28T16:42:08.290+0800: 10.619: [ParNew: 77168K->8192K(78656K), 0.0131745 secs] 506883K->506515K(631008K), 0.0132283 secs] [Times: user=0.03 sys=0.00, real=0.01 secs] 
2024-07-28T16:42:08.304+0800: 10.632: Total time for which application threads were stopped: 0.0133286 seconds, Stopping threads took: 0.0000153 seconds
2024-07-28T16:42:08.420+0800: 10.748: Application time: 0.1156337 seconds
2024-07-28T16:42:08.420+0800: 10.748: [GC (Allocation Failure) 2024-07-28T16:42:08.420+0800: 10.748: [ParNew: 77168K->8192K(78656K), 0.0183725 secs] 575492K->537236K(631008K), 0.0184310 secs] [Times: user=0.03 sys=0.00, real=0.02 secs] 
2024-07-28T16:42:08.438+0800: 10.767: Total time for which application threads were stopped: 0.0185409 seconds, Stopping threads took: 0.0000197 seconds
2024-07-28T16:42:08.438+0800: 10.767: [CMS-concurrent-abortable-preclean: 0.007/0.275 secs] [Times: user=0.06 sys=0.00, real=0.27 secs] 
2024-07-28T16:42:08.439+0800: 10.767: Application time: 0.0003090 seconds
2024-07-28T16:42:08.439+0800: 10.767: [GC (CMS Final Remark) [YG occupancy: 12655 K (78656 K)]2024-07-28T16:42:08.439+0800: 10.767: [Rescan (parallel) , 0.0009896 secs]2024-07-28T16:42:08.440+0800: 10.768: [weak refs processing, 0.0000135 secs]2024-07-28T16:42:08.440+0800: 10.768: [class unloading, 0.0002482 secs]2024-07-28T16:42:08.440+0800: 10.768: [scrub symbol table, 0.0003650 secs]2024-07-28T16:42:08.440+0800: 10.769: [scrub string table, 0.0001010 secs][1 CMS-remark: 529044K(552352K)] 541699K(631008K), 0.0017802 secs] [Times: user=0.00 sys=0.00, real=0.00 secs] 
2024-07-28T16:42:08.441+0800: 10.769: Total time for which application threads were stopped: 0.0019635 seconds, Stopping threads took: 0.0001424 seconds
2024-07-28T16:42:08.441+0800: 10.769: [CMS-concurrent-sweep-start]
2024-07-28T16:42:08.443+0800: 10.771: [CMS-concurrent-sweep: 0.002/0.002 secs] [Times: user=0.03 sys=0.00, real=0.00 secs] 
2024-07-28T16:42:08.443+0800: 10.771: [CMS-concurrent-reset-start]
2024-07-28T16:42:08.444+0800: 10.772: [CMS-concurrent-reset: 0.001/0.001 secs] [Times: user=0.00 sys=0.00, real=0.00 secs] 
2024-07-28T16:42:08.556+0800: 10.885: Application time: 0.1161325 seconds
2024-07-28T16:42:08.556+0800: 10.885: [GC (Allocation Failure) 2024-07-28T16:42:08.556+0800: 10.885: [ParNew: 77168K->8192K(78656K), 0.0119421 secs] 275455K->275088K(631008K), 0.0120141 secs] [Times: user=0.03 sys=0.00, real=0.01 secs] 
2024-07-28T16:42:08.568+0800: 10.897: Total time for which application threads were stopped: 0.0121416 seconds, Stopping threads took: 0.0000350 seconds
2024-07-28T16:42:08.573+0800: 10.902: Application time: 0.0045475 seconds
2024-07-28T16:42:08.573+0800: 10.902: [GC (Allocation Failure) 2024-07-28T16:42:08.573+0800: 10.902: [ParNew: 77168K->8192K(78656K), 0.0204690 secs] 344064K->343697K(631008K), 0.0205220 secs] [Times: user=0.01 sys=0.02, real=0.02 secs] 
2024-07-28T16:42:08.594+0800: 10.922: Total time for which application threads were stopped: 0.0206362 seconds, Stopping threads took: 0.0000268 seconds
2024-07-28T16:42:08.594+0800: 10.923: Application time: 0.0002210 seconds
2024-07-28T16:42:08.594+0800: 10.923: [GC (CMS Initial Mark) [1 CMS-initial-mark: 335505K(552352K)] 347136K(631008K), 0.0007944 secs] [Times: user=0.00 sys=0.00, real=0.00 secs] 
2024-07-28T16:42:08.595+0800: 10.923: Total time for which application threads were stopped: 0.0009133 seconds, Stopping threads took: 0.0000763 seconds
2024-07-28T16:42:08.595+0800: 10.924: [CMS-concurrent-mark-start]
2024-07-28T16:42:08.597+0800: 10.926: [CMS-concurrent-mark: 0.002/0.002 secs] [Times: user=0.00 sys=0.00, real=0.00 secs] 
2024-07-28T16:42:08.597+0800: 10.926: [CMS-concurrent-preclean-start]
2024-07-28T16:42:08.598+0800: 10.926: [CMS-concurrent-preclean: 0.001/0.001 secs] [Times: user=0.00 sys=0.00, real=0.00 secs] 
2024-07-28T16:42:08.598+0800: 10.926: [CMS-concurrent-abortable-preclean-start]
2024-07-28T16:42:08.701+0800: 11.029: Application time: 0.1056945 seconds
2024-07-28T16:42:08.701+0800: 11.029: [GC (Allocation Failure) 2024-07-28T16:42:08.701+0800: 11.029: [ParNew: 77168K->8192K(78656K), 0.0070869 secs] 412673K->375441K(631008K), 0.0071466 secs] [Times: user=0.03 sys=0.00, real=0.01 secs] 
2024-07-28T16:42:08.708+0800: 11.036: Total time for which application threads were stopped: 0.0072670 seconds, Stopping threads took: 0.0000189 seconds
2024-07-28T16:42:08.824+0800: 11.153: Application time: 0.1164239 seconds
2024-07-28T16:42:08.824+0800: 11.153: [GC (Allocation Failure) 2024-07-28T16:42:08.824+0800: 11.153: [ParNew: 77168K->8192K(78656K), 0.0120985 secs] 444418K->444050K(631008K), 0.0121757 secs] [Times: user=0.03 sys=0.00, real=0.01 secs] 
2024-07-28T16:42:08.836+0800: 11.165: Total time for which application threads were stopped: 0.0122894 seconds, Stopping threads took: 0.0000207 seconds
2024-07-28T16:42:08.841+0800: 11.170: Application time: 0.0045346 seconds
2024-07-28T16:42:08.841+0800: 11.170: [GC (Allocation Failure) 2024-07-28T16:42:08.841+0800: 11.170: [ParNew: 77168K->8192K(78656K), 0.0121122 secs] 513027K->512659K(631008K), 0.0121610 secs] [Times: user=0.03 sys=0.00, real=0.01 secs] 
2024-07-28T16:42:08.853+0800: 11.182: Total time for which application threads were stopped: 0.0122706 seconds, Stopping threads took: 0.0000271 seconds
2024-07-28T16:42:08.853+0800: 11.182: [CMS-concurrent-abortable-preclean: 0.004/0.256 secs] [Times: user=0.09 sys=0.00, real=0.25 secs] 
2024-07-28T16:42:08.853+0800: 11.182: Application time: 0.0003153 seconds
2024-07-28T16:42:08.853+0800: 11.182: [GC (CMS Final Remark) [YG occupancy: 12655 K (78656 K)]2024-07-28T16:42:08.853+0800: 11.182: [Rescan (parallel) , 0.0011725 secs]2024-07-28T16:42:08.854+0800: 11.184: [weak refs processing, 0.0000133 secs]2024-07-28T16:42:08.854+0800: 11.184: [class unloading, 0.0002505 secs]2024-07-28T16:42:08.855+0800: 11.184: [scrub symbol table, 0.0003328 secs]2024-07-28T16:42:08.855+0800: 11.184: [scrub string table, 0.0001049 secs][1 CMS-remark: 504467K(552352K)] 517123K(631008K), 0.0019465 secs] [Times: user=0.00 sys=0.00, real=0.00 secs] 
2024-07-28T16:42:08.855+0800: 11.184: Total time for which application threads were stopped: 0.0020674 seconds, Stopping threads took: 0.0000833 seconds
2024-07-28T16:42:08.855+0800: 11.184: [CMS-concurrent-sweep-start]
2024-07-28T16:42:08.857+0800: 11.186: [CMS-concurrent-sweep: 0.001/0.001 secs] [Times: user=0.00 sys=0.00, real=0.00 secs] 
2024-07-28T16:42:08.857+0800: 11.186: [CMS-concurrent-reset-start]
2024-07-28T16:42:08.857+0800: 11.187: [CMS-concurrent-reset: 0.001/0.001 secs] [Times: user=0.00 sys=0.00, real=0.00 secs] 
2024-07-28T16:42:08.968+0800: 11.296: Application time: 0.1116826 seconds
2024-07-28T16:42:08.968+0800: 11.296: [GC (Allocation Failure) 2024-07-28T16:42:08.968+0800: 11.296: [ParNew: 77168K->8192K(78656K), 0.0108341 secs] 414721K->378513K(641248K), 0.0108964 secs] [Times: user=0.02 sys=0.02, real=0.01 secs] 
2024-07-28T16:42:08.979+0800: 11.307: Total time for which application threads were stopped: 0.0110231 seconds, Stopping threads took: 0.0000344 seconds
2024-07-28T16:42:08.979+0800: 11.307: Application time: 0.0001381 seconds
2024-07-28T16:42:08.979+0800: 11.307: [GC (CMS Initial Mark) [1 CMS-initial-mark: 370321K(562592K)] 381953K(641248K), 0.0006931 secs] [Times: user=0.00 sys=0.00, real=0.00 secs] 
2024-07-28T16:42:08.980+0800: 11.308: Total time for which application threads were stopped: 0.0007982 seconds, Stopping threads took: 0.0000629 seconds
2024-07-28T16:42:08.980+0800: 11.308: [CMS-concurrent-mark-start]
2024-07-28T16:42:08.984+0800: 11.312: [CMS-concurrent-mark: 0.004/0.004 secs] [Times: user=0.00 sys=0.00, real=0.00 secs] 
2024-07-28T16:42:08.984+0800: 11.312: [CMS-concurrent-preclean-start]
2024-07-28T16:42:08.985+0800: 11.313: [CMS-concurrent-preclean: 0.001/0.001 secs] [Times: user=0.00 sys=0.00, real=0.00 secs] 
2024-07-28T16:42:08.985+0800: 11.313: [CMS-concurrent-abortable-preclean-start]
2024-07-28T16:42:09.091+0800: 11.419: Application time: 0.1111043 seconds
2024-07-28T16:42:09.091+0800: 11.419: [GC (Allocation Failure) 2024-07-28T16:42:09.091+0800: 11.419: [ParNew: 77168K->8192K(78656K), 0.0122133 secs] 447490K->447122K(641248K), 0.0122741 secs] [Times: user=0.03 sys=0.00, real=0.01 secs] 
2024-07-28T16:42:09.103+0800: 11.431: Total time for which application threads were stopped: 0.0124014 seconds, Stopping threads took: 0.0000347 seconds
2024-07-28T16:42:09.108+0800: 11.436: Application time: 0.0046185 seconds
2024-07-28T16:42:09.108+0800: 11.436: [GC (Allocation Failure) 2024-07-28T16:42:09.108+0800: 11.436: [ParNew: 77168K->8192K(78656K), 0.0124867 secs] 516099K->515731K(641248K), 0.0125440 secs] [Times: user=0.03 sys=0.00, real=0.01 secs] 
2024-07-28T16:42:09.120+0800: 11.449: Total time for which application threads were stopped: 0.0126460 seconds, Stopping threads took: 0.0000166 seconds
2024-07-28T16:42:09.235+0800: 11.563: Application time: 0.1143239 seconds
2024-07-28T16:42:09.235+0800: 11.563: [GC (Allocation Failure) 2024-07-28T16:42:09.235+0800: 11.563: [ParNew: 77168K->8192K(78656K), 0.0070120 secs] 584708K->549524K(641248K), 0.0070716 secs] [Times: user=0.03 sys=0.00, real=0.01 secs] 
2024-07-28T16:42:09.242+0800: 11.570: Total time for which application threads were stopped: 0.0071785 seconds, Stopping threads took: 0.0000173 seconds
2024-07-28T16:42:09.358+0800: 11.687: Application time: 0.1172131 seconds
2024-07-28T16:42:09.358+0800: 11.688: [GC (Allocation Failure) 2024-07-28T16:42:09.358+0800: 11.688: [ParNew: 77168K->77168K(78656K), 0.0000188 secs]2024-07-28T16:42:09.358+0800: 11.688: [CMS2024-07-28T16:42:09.358+0800: 11.688: [CMS-concurrent-abortable-preclean: 0.010/0.375 secs] [Times: user=0.09 sys=0.00, real=0.37 secs] 
 (concurrent mode failure): 541332K->111229K(562592K), 0.0183986 secs] 618500K->111229K(886976K), [Metaspace: 2932K->2932K(1056768K)], 0.0191737 secs] [Times: user=0.01 sys=0.00, real=0.02 secs] 
2024-07-28T16:42:09.378+0800: 11.707: Total time for which application threads were stopped: 0.0193072 seconds, Stopping threads took: 0.0000219 seconds
2024-07-28T16:42:09.658+0800: 11.988: Application time: 0.2807462 seconds
2024-07-28T16:42:09.659+0800: 11.988: [GC (Allocation Failure) 2024-07-28T16:42:09.659+0800: 11.988: [ParNew: 244488K->29696K(275264K), 0.0335755 secs] 355717K->260737K(886976K), 0.0336497 secs] [Times: user=0.09 sys=0.00, real=0.03 secs] 
2024-07-28T16:42:09.692+0800: 12.021: Total time for which application threads were stopped: 0.0337629 seconds, Stopping threads took: 0.0000212 seconds
2024-07-28T16:42:09.913+0800: 12.241: Application time: 0.2198298 seconds
2024-07-28T16:42:09.913+0800: 12.241: [GC (Allocation Failure) 2024-07-28T16:42:09.913+0800: 12.241: [ParNew: 274166K->29696K(275264K), 0.0400832 secs] 505208K->419462K(886976K), 0.0401439 secs] [Times: user=0.03 sys=0.03, real=0.04 secs] 
2024-07-28T16:42:09.953+0800: 12.281: Total time for which application threads were stopped: 0.0402541 seconds, Stopping threads took: 0.0000193 seconds
2024-07-28T16:42:09.953+0800: 12.282: Application time: 0.0002258 seconds
2024-07-28T16:42:09.953+0800: 12.282: [GC (CMS Initial Mark) [1 CMS-initial-mark: 389765K(611712K)] 426371K(886976K), 0.0005870 secs] [Times: user=0.00 sys=0.00, real=0.00 secs] 
2024-07-28T16:42:09.954+0800: 12.282: Total time for which application threads were stopped: 0.0006844 seconds, Stopping threads took: 0.0000562 seconds
2024-07-28T16:42:09.954+0800: 12.282: [CMS-concurrent-mark-start]
2024-07-28T16:42:09.956+0800: 12.284: [CMS-concurrent-mark: 0.001/0.001 secs] [Times: user=0.00 sys=0.00, real=0.00 secs] 
2024-07-28T16:42:09.956+0800: 12.284: [CMS-concurrent-preclean-start]
2024-07-28T16:42:09.956+0800: 12.285: [CMS-concurrent-preclean: 0.001/0.001 secs] [Times: user=0.00 sys=0.00, real=0.00 secs] 
2024-07-28T16:42:09.956+0800: 12.285: [CMS-concurrent-abortable-preclean-start]
2024-07-28T16:42:10.286+0800: 12.615: [CMS-concurrent-abortable-preclean: 0.004/0.330 secs] [Times: user=0.05 sys=0.00, real=0.33 secs] 
2024-07-28T16:42:10.286+0800: 12.615: Application time: 0.3327176 seconds
2024-07-28T16:42:10.287+0800: 12.615: [GC (CMS Final Remark) [YG occupancy: 257792 K (275264 K)]2024-07-28T16:42:10.287+0800: 12.615: [Rescan (parallel) , 0.0010993 secs]2024-07-28T16:42:10.288+0800: 12.616: [weak refs processing, 0.0000157 secs]2024-07-28T16:42:10.288+0800: 12.616: [class unloading, 0.0001997 secs]2024-07-28T16:42:10.288+0800: 12.617: [scrub symbol table, 0.0003449 secs]2024-07-28T16:42:10.288+0800: 12.617: [scrub string table, 0.0001005 secs][1 CMS-remark: 389765K(611712K)] 647558K(886976K), 0.0018486 secs] [Times: user=0.00 sys=0.00, real=0.00 secs] 
2024-07-28T16:42:10.288+0800: 12.617: Total time for which application threads were stopped: 0.0019979 seconds, Stopping threads took: 0.0000952 seconds
2024-07-28T16:42:10.289+0800: 12.617: [CMS-concurrent-sweep-start]
2024-07-28T16:42:10.290+0800: 12.618: Application time: 0.0012402 seconds
2024-07-28T16:42:10.290+0800: 12.618: [GC (Allocation Failure) 2024-07-28T16:42:10.290+0800: 12.618: [ParNew: 274177K->22528K(275264K), 0.0044034 secs] 433539K->181890K(886976K), 0.0044528 secs] [Times: user=0.00 sys=0.00, real=0.00 secs] 
2024-07-28T16:42:10.294+0800: 12.623: Total time for which application threads were stopped: 0.0045657 seconds, Stopping threads took: 0.0000160 seconds
2024-07-28T16:42:10.294+0800: 12.623: [CMS-concurrent-sweep: 0.001/0.006 secs] [Times: user=0.00 sys=0.00, real=0.00 secs] 
2024-07-28T16:42:10.294+0800: 12.623: [CMS-concurrent-reset-start]
2024-07-28T16:42:10.295+0800: 12.624: [CMS-concurrent-reset: 0.001/0.001 secs] [Times: user=0.00 sys=0.00, real=0.00 secs] 
2024-07-28T16:42:10.525+0800: 12.854: Application time: 0.2310667 seconds
2024-07-28T16:42:10.525+0800: 12.854: [GC (Allocation Failure) 2024-07-28T16:42:10.525+0800: 12.854: [ParNew: 267015K->29696K(275264K), 0.0101850 secs] 426377K->220805K(886976K), 0.0102449 secs] [Times: user=0.00 sys=0.00, real=0.01 secs] 
2024-07-28T16:42:10.535+0800: 12.864: Total time for which application threads were stopped: 0.0103695 seconds, Stopping threads took: 0.0000190 seconds
2024-07-28T16:42:10.763+0800: 13.092: Application time: 0.2276204 seconds
2024-07-28T16:42:10.763+0800: 13.092: [GC (Allocation Failure) 2024-07-28T16:42:10.763+0800: 13.092: [ParNew: 273563K->29700K(275264K), 0.0152020 secs] 464671K->288396K(886976K), 0.0152607 secs] [Times: user=0.03 sys=0.00, real=0.02 secs] 
2024-07-28T16:42:10.778+0800: 13.107: Total time for which application threads were stopped: 0.0153727 seconds, Stopping threads took: 0.0000196 seconds
Heap
 par new generation   total 275264K, used 142878K [0x00000000c8000000, 0x00000000daaa0000, 0x00000000daaa0000)
  eden space 244736K,  46% used [0x00000000c8000000, 0x00000000cee866d0, 0x00000000d6f00000)
  from space 30528K,  97% used [0x00000000d8cd0000, 0x00000000da9d11f0, 0x00000000daaa0000)
  to   space 30528K,   0% used [0x00000000d6f00000, 0x00000000d6f00000, 0x00000000d8cd0000)
 concurrent mark-sweep generation total 611712K, used 258695K [0x00000000daaa0000, 0x0000000100000000, 0x0000000100000000)
 Metaspace       used 2942K, capacity 4486K, committed 4864K, reserved 1056768K
  class space    used 305K, capacity 386K, committed 512K, reserved 1048576K
2024-07-28T16:42:10.996+0800: 13.324: Application time: 0.2169387 seconds
