OpenJDK 64-Bit Server VM (25.412-b1) for windows-amd64 JRE (1.8.0_412-b1), built on Apr 23 2024 12:00:37 by "Administrator" with MS VC++ 10.0 (VS2010)
Memory: 4k page, physical 16672068k(5335224k free), swap 20603488k(4073960k free)
CommandLine flags: -XX:GCDrainStackTargetSize=64 -XX:InitialHeapSize=266753088 -XX:MaxHeapSize=939524096 -XX:MaxNewSize=313176064 -XX:MaxTenuringThreshold=9 -XX:OldPLABSize=16 -XX:+PrintGC -XX:+PrintGCApplicationConcurrentTime -XX:+PrintGCApplicationStoppedTime -XX:+PrintGCDateStamps -XX:+PrintGCDetails -XX:+PrintGCTimeStamps -XX:+UseCompressedClassPointers -XX:+UseCompressedOops -XX:+UseConcMarkSweepGC -XX:-UseLargePagesIndividualAllocation -XX:+UseParNewGC 
2024-07-28T16:42:24.740+0800: 0.115: Application time: 0.0357115 seconds
2024-07-28T16:42:24.741+0800: 0.116: [GC (Allocation Failure) 2024-07-28T16:42:24.741+0800: 0.116: [ParNew: 68984K->7958K(78656K), 0.0388314 secs] 68984K->68377K(253440K), 0.0389996 secs] [Times: user=0.03 sys=0.03, real=0.04 secs] 
2024-07-28T16:42:24.780+0800: 0.155: Total time for which application threads were stopped: 0.0391420 seconds, Stopping threads took: 0.0000255 seconds
2024-07-28T16:42:24.889+0800: 0.265: Application time: 0.1101609 seconds
2024-07-28T16:42:24.890+0800: 0.265: [GC (Allocation Failure) 2024-07-28T16:42:24.890+0800: 0.265: [ParNew: 76928K->8419K(78656K), 0.0253038 secs] 137347K->137071K(253440K), 0.0253772 secs] [Times: user=0.06 sys=0.05, real=0.02 secs] 
2024-07-28T16:42:24.915+0800: 0.290: Total time for which application threads were stopped: 0.0254932 seconds, Stopping threads took: 0.0000248 seconds
2024-07-28T16:42:24.915+0800: 0.290: Application time: 0.0002426 seconds
2024-07-28T16:42:24.915+0800: 0.291: [GC (CMS Initial Mark) [1 CMS-initial-mark: 128651K(174784K)] 140498K(253440K), 0.0007496 secs] [Times: user=0.00 sys=0.00, real=0.00 secs] 
2024-07-28T16:42:24.916+0800: 0.291: Total time for which application threads were stopped: 0.0009286 seconds, Stopping threads took: 0.0001369 seconds
2024-07-28T16:42:24.916+0800: 0.292: [CMS-concurrent-mark-start]
2024-07-28T16:42:24.919+0800: 0.295: [CMS-concurrent-mark: 0.003/0.003 secs] [Times: user=0.00 sys=0.00, real=0.00 secs] 
2024-07-28T16:42:24.919+0800: 0.295: [CMS-concurrent-preclean-start]
2024-07-28T16:42:24.920+0800: 0.295: [CMS-concurrent-preclean: 0.001/0.001 secs] [Times: user=0.00 sys=0.00, real=0.00 secs] 
2024-07-28T16:42:24.920+0800: 0.295: [CMS-concurrent-abortable-preclean-start]
2024-07-28T16:42:25.028+0800: 0.404: Application time: 0.1121585 seconds
2024-07-28T16:42:25.028+0800: 0.404: [GC (Allocation Failure) 2024-07-28T16:42:25.028+0800: 0.404: [ParNew: 77383K->28K(78656K), 0.0009388 secs] 206035K->128681K(253440K), 0.0010096 secs] [Times: user=0.00 sys=0.00, real=0.00 secs] 
2024-07-28T16:42:25.029+0800: 0.405: Total time for which application threads were stopped: 0.0011201 seconds, Stopping threads took: 0.0000206 seconds
2024-07-28T16:42:25.034+0800: 0.409: Application time: 0.0045699 seconds
2024-07-28T16:42:25.034+0800: 0.409: [GC (Allocation Failure) 2024-07-28T16:42:25.034+0800: 0.409: [ParNew: 68997K->8196K(78656K), 0.0273715 secs] 197650K->197266K(268860K), 0.0274206 secs] [Times: user=0.05 sys=0.03, real=0.03 secs] 
2024-07-28T16:42:25.061+0800: 0.437: Total time for which application threads were stopped: 0.0275176 seconds, Stopping threads took: 0.0000145 seconds
2024-07-28T16:42:25.170+0800: 0.546: Application time: 0.1092629 seconds
2024-07-28T16:42:25.171+0800: 0.546: [GC (Allocation Failure) 2024-07-28T16:42:25.171+0800: 0.546: [ParNew: 77168K->8192K(78656K), 0.0250068 secs] 266238K->265872K(337736K), 0.0250654 secs] [Times: user=0.03 sys=0.06, real=0.03 secs] 
2024-07-28T16:42:25.196+0800: 0.571: Total time for which application threads were stopped: 0.0251751 seconds, Stopping threads took: 0.0000196 seconds
2024-07-28T16:42:25.196+0800: 0.571: [CMS-concurrent-abortable-preclean: 0.003/0.276 secs] [Times: user=0.08 sys=0.09, real=0.28 secs] 
2024-07-28T16:42:25.196+0800: 0.572: Application time: 0.0002688 seconds
2024-07-28T16:42:25.196+0800: 0.572: [GC (CMS Final Remark) [YG occupancy: 12652 K (78656 K)]2024-07-28T16:42:25.196+0800: 0.572: [Rescan (parallel) , 0.0010233 secs]2024-07-28T16:42:25.197+0800: 0.573: [weak refs processing, 0.0000212 secs]2024-07-28T16:42:25.197+0800: 0.573: [class unloading, 0.0001773 secs]2024-07-28T16:42:25.197+0800: 0.573: [scrub symbol table, 0.0003178 secs]2024-07-28T16:42:25.198+0800: 0.573: [scrub string table, 0.0001030 secs][1 CMS-remark: 257680K(259080K)] 270332K(337736K), 0.0017633 secs] [Times: user=0.00 sys=0.00, real=0.00 secs] 
2024-07-28T16:42:25.198+0800: 0.573: Total time for which application threads were stopped: 0.0019665 seconds, Stopping threads took: 0.0001672 seconds
2024-07-28T16:42:25.198+0800: 0.574: [CMS-concurrent-sweep-start]
2024-07-28T16:42:25.199+0800: 0.575: [CMS-concurrent-sweep: 0.001/0.001 secs] [Times: user=0.00 sys=0.00, real=0.00 secs] 
2024-07-28T16:42:25.201+0800: 0.576: [CMS-concurrent-reset-start]
2024-07-28T16:42:25.205+0800: 0.581: [CMS-concurrent-reset: 0.004/0.004 secs] [Times: user=0.00 sys=0.00, real=0.00 secs] 
2024-07-28T16:42:25.308+0800: 0.683: Application time: 0.1093580 seconds
2024-07-28T16:42:25.308+0800: 0.683: [GC (Allocation Failure) 2024-07-28T16:42:25.308+0800: 0.683: [ParNew: 77165K->1024K(78656K), 0.0018187 secs] 334844K->258703K(508124K), 0.0018797 secs] [Times: user=0.00 sys=0.00, real=0.00 secs] 
2024-07-28T16:42:25.310+0800: 0.685: Total time for which application threads were stopped: 0.0020041 seconds, Stopping threads took: 0.0000266 seconds
2024-07-28T16:42:25.310+0800: 0.685: Application time: 0.0002387 seconds
2024-07-28T16:42:25.310+0800: 0.685: [GC (CMS Initial Mark) [1 CMS-initial-mark: 257679K(429468K)] 262140K(508124K), 0.0006215 secs] [Times: user=0.00 sys=0.00, real=0.00 secs] 
2024-07-28T16:42:25.311+0800: 0.686: Total time for which application threads were stopped: 0.0007813 seconds, Stopping threads took: 0.0001156 seconds
2024-07-28T16:42:25.311+0800: 0.686: [CMS-concurrent-mark-start]
2024-07-28T16:42:25.314+0800: 0.689: [CMS-concurrent-mark: 0.003/0.003 secs] [Times: user=0.00 sys=0.00, real=0.00 secs] 
2024-07-28T16:42:25.314+0800: 0.689: [CMS-concurrent-preclean-start]
2024-07-28T16:42:25.315+0800: 0.691: [CMS-concurrent-preclean: 0.001/0.001 secs] [Times: user=0.00 sys=0.00, real=0.00 secs] 
2024-07-28T16:42:25.316+0800: 0.691: [CMS-concurrent-abortable-preclean-start]
2024-07-28T16:42:25.316+0800: 0.691: Application time: 0.0055661 seconds
2024-07-28T16:42:25.316+0800: 0.691: [GC (Allocation Failure) 2024-07-28T16:42:25.316+0800: 0.692: [ParNew: 69998K->8192K(78656K), 0.0403185 secs] 327677K->327312K(508124K), 0.0403698 secs] [Times: user=0.06 sys=0.05, real=0.04 secs] 
2024-07-28T16:42:25.357+0800: 0.732: Total time for which application threads were stopped: 0.0404688 seconds, Stopping threads took: 0.0000143 seconds
2024-07-28T16:42:25.466+0800: 0.842: Application time: 0.1097432 seconds
2024-07-28T16:42:25.466+0800: 0.842: [GC (Allocation Failure) 2024-07-28T16:42:25.466+0800: 0.842: [ParNew: 77167K->8192K(78656K), 0.0360127 secs] 396287K->395921K(508124K), 0.0360772 secs] [Times: user=0.03 sys=0.03, real=0.04 secs] 
2024-07-28T16:42:25.503+0800: 0.878: Total time for which application threads were stopped: 0.0361867 seconds, Stopping threads took: 0.0000200 seconds
2024-07-28T16:42:25.503+0800: 0.878: [CMS-concurrent-abortable-preclean: 0.003/0.187 secs] [Times: user=0.09 sys=0.08, real=0.19 secs] 
2024-07-28T16:42:25.503+0800: 0.878: Application time: 0.0003177 seconds
2024-07-28T16:42:25.503+0800: 0.878: [GC (CMS Final Remark) [YG occupancy: 12654 K (78656 K)]2024-07-28T16:42:25.503+0800: 0.878: [Rescan (parallel) , 0.0009473 secs]2024-07-28T16:42:25.504+0800: 0.879: [weak refs processing, 0.0000126 secs]2024-07-28T16:42:25.504+0800: 0.879: [class unloading, 0.0001914 secs]2024-07-28T16:42:25.504+0800: 0.880: [scrub symbol table, 0.0003488 secs]2024-07-28T16:42:25.505+0800: 0.880: [scrub string table, 0.0001006 secs][1 CMS-remark: 387729K(429468K)] 400384K(508124K), 0.0016636 secs] [Times: user=0.02 sys=0.00, real=0.00 secs] 
2024-07-28T16:42:25.505+0800: 0.880: Total time for which application threads were stopped: 0.0018506 seconds, Stopping threads took: 0.0001417 seconds
2024-07-28T16:42:25.505+0800: 0.880: [CMS-concurrent-sweep-start]
2024-07-28T16:42:25.507+0800: 0.882: [CMS-concurrent-sweep: 0.002/0.002 secs] [Times: user=0.00 sys=0.00, real=0.00 secs] 
2024-07-28T16:42:25.507+0800: 0.882: [CMS-concurrent-reset-start]
2024-07-28T16:42:25.508+0800: 0.883: [CMS-concurrent-reset: 0.001/0.001 secs] [Times: user=0.00 sys=0.00, real=0.00 secs] 
2024-07-28T16:42:25.621+0800: 0.996: Application time: 0.1156374 seconds
2024-07-28T16:42:25.621+0800: 0.996: [GC (Allocation Failure) 2024-07-28T16:42:25.621+0800: 0.996: [ParNew: 77167K->2048K(78656K), 0.0016663 secs] 207869K->132749K(508124K), 0.0017211 secs] [Times: user=0.00 sys=0.00, real=0.00 secs] 
2024-07-28T16:42:25.622+0800: 0.997: Total time for which application threads were stopped: 0.0018325 seconds, Stopping threads took: 0.0000189 seconds
2024-07-28T16:42:25.627+0800: 1.002: Application time: 0.0047944 seconds
2024-07-28T16:42:25.627+0800: 1.002: [GC (Allocation Failure) 2024-07-28T16:42:25.627+0800: 1.002: [ParNew: 71024K->8192K(78656K), 0.0272587 secs] 201725K->201358K(508124K), 0.0273179 secs] [Times: user=0.05 sys=0.02, real=0.03 secs] 
2024-07-28T16:42:25.654+0800: 1.030: Total time for which application threads were stopped: 0.0274336 seconds, Stopping threads took: 0.0000230 seconds
2024-07-28T16:42:25.655+0800: 1.030: Application time: 0.0002582 seconds
2024-07-28T16:42:25.655+0800: 1.030: [GC (CMS Initial Mark) [1 CMS-initial-mark: 193166K(429468K)] 204797K(508124K), 0.0007450 secs] [Times: user=0.00 sys=0.00, real=0.00 secs] 
2024-07-28T16:42:25.655+0800: 1.031: Total time for which application threads were stopped: 0.0008710 seconds, Stopping threads took: 0.0000852 seconds
2024-07-28T16:42:25.656+0800: 1.031: [CMS-concurrent-mark-start]
2024-07-28T16:42:25.658+0800: 1.033: [CMS-concurrent-mark: 0.002/0.002 secs] [Times: user=0.00 sys=0.00, real=0.00 secs] 
2024-07-28T16:42:25.658+0800: 1.033: [CMS-concurrent-preclean-start]
2024-07-28T16:42:25.659+0800: 1.034: [CMS-concurrent-preclean: 0.001/0.001 secs] [Times: user=0.00 sys=0.00, real=0.00 secs] 
2024-07-28T16:42:25.659+0800: 1.034: [CMS-concurrent-abortable-preclean-start]
2024-07-28T16:42:25.765+0800: 1.140: Application time: 0.1091115 seconds
2024-07-28T16:42:25.765+0800: 1.140: [GC (Allocation Failure) 2024-07-28T16:42:25.765+0800: 1.140: [ParNew: 77168K->8192K(78656K), 0.0121814 secs] 270334K->269967K(508124K), 0.0122427 secs] [Times: user=0.03 sys=0.00, real=0.01 secs] 
2024-07-28T16:42:25.777+0800: 1.152: Total time for which application threads were stopped: 0.0123548 seconds, Stopping threads took: 0.0000192 seconds
2024-07-28T16:42:25.888+0800: 1.263: Application time: 0.1109452 seconds
2024-07-28T16:42:25.888+0800: 1.263: [GC (Allocation Failure) 2024-07-28T16:42:25.888+0800: 1.263: [ParNew: 77168K->3072K(78656K), 0.0016602 secs] 338943K->264847K(508124K), 0.0017084 secs] [Times: user=0.00 sys=0.00, real=0.00 secs] 
2024-07-28T16:42:25.890+0800: 1.265: Total time for which application threads were stopped: 0.0018295 seconds, Stopping threads took: 0.0000189 seconds
2024-07-28T16:42:25.894+0800: 1.270: Application time: 0.0044696 seconds
2024-07-28T16:42:25.895+0800: 1.270: [GC (Allocation Failure) 2024-07-28T16:42:25.895+0800: 1.270: [ParNew: 72048K->8192K(78656K), 0.0113030 secs] 333823K->333456K(508124K), 0.0113513 secs] [Times: user=0.03 sys=0.00, real=0.01 secs] 
2024-07-28T16:42:25.906+0800: 1.281: Total time for which application threads were stopped: 0.0114552 seconds, Stopping threads took: 0.0000200 seconds
2024-07-28T16:42:25.906+0800: 1.281: [CMS-concurrent-abortable-preclean: 0.005/0.247 secs] [Times: user=0.06 sys=0.00, real=0.25 secs] 
2024-07-28T16:42:25.906+0800: 1.281: Application time: 0.0003257 seconds
2024-07-28T16:42:25.906+0800: 1.282: [GC (CMS Final Remark) [YG occupancy: 12655 K (78656 K)]2024-07-28T16:42:25.906+0800: 1.282: [Rescan (parallel) , 0.0009317 secs]2024-07-28T16:42:25.907+0800: 1.282: [weak refs processing, 0.0000129 secs]2024-07-28T16:42:25.907+0800: 1.283: [class unloading, 0.0001939 secs]2024-07-28T16:42:25.908+0800: 1.283: [scrub symbol table, 0.0003411 secs]2024-07-28T16:42:25.908+0800: 1.283: [scrub string table, 0.0001007 secs][1 CMS-remark: 325264K(429468K)] 337920K(508124K), 0.0016461 secs] [Times: user=0.00 sys=0.00, real=0.00 secs] 
2024-07-28T16:42:25.908+0800: 1.283: Total time for which application threads were stopped: 0.0018135 seconds, Stopping threads took: 0.0001311 seconds
2024-07-28T16:42:25.908+0800: 1.283: [CMS-concurrent-sweep-start]
2024-07-28T16:42:25.910+0800: 1.285: [CMS-concurrent-sweep: 0.001/0.001 secs] [Times: user=0.00 sys=0.00, real=0.00 secs] 
2024-07-28T16:42:25.910+0800: 1.285: [CMS-concurrent-reset-start]
2024-07-28T16:42:25.911+0800: 1.286: [CMS-concurrent-reset: 0.001/0.001 secs] [Times: user=0.03 sys=0.00, real=0.00 secs] 
2024-07-28T16:42:26.016+0800: 1.391: Application time: 0.1078227 seconds
2024-07-28T16:42:26.016+0800: 1.391: [GC (Allocation Failure) 2024-07-28T16:42:26.016+0800: 1.391: [ParNew: 77168K->8192K(78656K), 0.0118624 secs] 272383K->272015K(508124K), 0.0119562 secs] [Times: user=0.03 sys=0.00, real=0.01 secs] 
2024-07-28T16:42:26.028+0800: 1.403: Total time for which application threads were stopped: 0.0120737 seconds, Stopping threads took: 0.0000184 seconds
2024-07-28T16:42:26.028+0800: 1.403: Application time: 0.0001841 seconds
2024-07-28T16:42:26.028+0800: 1.403: [GC (CMS Initial Mark) [1 CMS-initial-mark: 263823K(429468K)] 275455K(508124K), 0.0007026 secs] [Times: user=0.00 sys=0.00, real=0.00 secs] 
2024-07-28T16:42:26.029+0800: 1.404: Total time for which application threads were stopped: 0.0008393 seconds, Stopping threads took: 0.0000808 seconds
2024-07-28T16:42:26.029+0800: 1.404: [CMS-concurrent-mark-start]
2024-07-28T16:42:26.033+0800: 1.408: [CMS-concurrent-mark: 0.004/0.004 secs] [Times: user=0.00 sys=0.00, real=0.00 secs] 
2024-07-28T16:42:26.033+0800: 1.408: [CMS-concurrent-preclean-start]
2024-07-28T16:42:26.034+0800: 1.409: [CMS-concurrent-preclean: 0.001/0.001 secs] [Times: user=0.00 sys=0.00, real=0.00 secs] 
2024-07-28T16:42:26.034+0800: 1.409: [CMS-concurrent-abortable-preclean-start]
2024-07-28T16:42:26.138+0800: 1.513: Application time: 0.1092115 seconds
2024-07-28T16:42:26.138+0800: 1.513: [GC (Allocation Failure) 2024-07-28T16:42:26.138+0800: 1.513: [ParNew: 77168K->4096K(78656K), 0.0015413 secs] 340992K->267919K(508124K), 0.0015912 secs] [Times: user=0.00 sys=0.00, real=0.00 secs] 
2024-07-28T16:42:26.140+0800: 1.515: Total time for which application threads were stopped: 0.0016921 seconds, Stopping threads took: 0.0000192 seconds
2024-07-28T16:42:26.144+0800: 1.519: Application time: 0.0044214 seconds
2024-07-28T16:42:26.144+0800: 1.519: [GC (Allocation Failure) 2024-07-28T16:42:26.144+0800: 1.520: [ParNew: 73072K->8192K(78656K), 0.0114656 secs] 336896K->336528K(508124K), 0.0115137 secs] [Times: user=0.03 sys=0.00, real=0.01 secs] 
2024-07-28T16:42:26.156+0800: 1.531: Total time for which application threads were stopped: 0.0116071 seconds, Stopping threads took: 0.0000131 seconds
2024-07-28T16:42:26.265+0800: 1.640: Application time: 0.1087941 seconds
2024-07-28T16:42:26.265+0800: 1.640: [GC (Allocation Failure) 2024-07-28T16:42:26.265+0800: 1.640: [ParNew: 77168K->8192K(78656K), 0.0120796 secs] 405505K->405137K(508124K), 0.0121385 secs] [Times: user=0.03 sys=0.00, real=0.01 secs] 
2024-07-28T16:42:26.277+0800: 1.652: Total time for which application threads were stopped: 0.0122481 seconds, Stopping threads took: 0.0000190 seconds
2024-07-28T16:42:26.277+0800: 1.652: [CMS-concurrent-abortable-preclean: 0.005/0.243 secs] [Times: user=0.06 sys=0.00, real=0.24 secs] 
2024-07-28T16:42:26.277+0800: 1.652: Application time: 0.0003280 seconds
2024-07-28T16:42:26.277+0800: 1.653: [GC (CMS Final Remark) [YG occupancy: 12655 K (78656 K)]2024-07-28T16:42:26.277+0800: 1.653: [Rescan (parallel) , 0.0009346 secs]2024-07-28T16:42:26.278+0800: 1.654: [weak refs processing, 0.0000776 secs]2024-07-28T16:42:26.279+0800: 1.654: [class unloading, 0.0001753 secs]2024-07-28T16:42:26.279+0800: 1.654: [scrub symbol table, 0.0003449 secs]2024-07-28T16:42:26.279+0800: 1.654: [scrub string table, 0.0001004 secs][1 CMS-remark: 396945K(429468K)] 409601K(508124K), 0.0017012 secs] [Times: user=0.00 sys=0.00, real=0.00 secs] 
2024-07-28T16:42:26.279+0800: 1.654: Total time for which application threads were stopped: 0.0018677 seconds, Stopping threads took: 0.0001293 seconds
2024-07-28T16:42:26.279+0800: 1.655: [CMS-concurrent-sweep-start]
2024-07-28T16:42:26.281+0800: 1.656: [CMS-concurrent-sweep: 0.002/0.002 secs] [Times: user=0.00 sys=0.00, real=0.00 secs] 
2024-07-28T16:42:26.281+0800: 1.656: [CMS-concurrent-reset-start]
2024-07-28T16:42:26.282+0800: 1.658: [CMS-concurrent-reset: 0.001/0.001 secs] [Times: user=0.00 sys=0.00, real=0.00 secs] 
2024-07-28T16:42:26.387+0800: 1.762: Application time: 0.1075040 seconds
2024-07-28T16:42:26.387+0800: 1.762: [GC (Allocation Failure) 2024-07-28T16:42:26.387+0800: 1.762: [ParNew: 77168K->5120K(78656K), 0.0018819 secs] 343040K->270991K(521776K), 0.0019571 secs] [Times: user=0.00 sys=0.00, real=0.00 secs] 
2024-07-28T16:42:26.389+0800: 1.764: Total time for which application threads were stopped: 0.0020937 seconds, Stopping threads took: 0.0000261 seconds
2024-07-28T16:42:26.389+0800: 1.764: Application time: 0.0002095 seconds
2024-07-28T16:42:26.389+0800: 1.764: [GC (CMS Initial Mark) [1 CMS-initial-mark: 265871K(443120K)] 274431K(521776K), 0.0007914 secs] [Times: user=0.00 sys=0.00, real=0.00 secs] 
2024-07-28T16:42:26.390+0800: 1.765: Total time for which application threads were stopped: 0.0009275 seconds, Stopping threads took: 0.0000948 seconds
2024-07-28T16:42:26.390+0800: 1.765: [CMS-concurrent-mark-start]
2024-07-28T16:42:26.393+0800: 1.769: [CMS-concurrent-mark: 0.003/0.003 secs] [Times: user=0.00 sys=0.00, real=0.00 secs] 
2024-07-28T16:42:26.393+0800: 1.769: [CMS-concurrent-preclean-start]
2024-07-28T16:42:26.395+0800: 1.770: [CMS-concurrent-preclean: 0.001/0.001 secs] [Times: user=0.03 sys=0.00, real=0.00 secs] 
2024-07-28T16:42:26.395+0800: 1.770: Application time: 0.0049702 seconds
2024-07-28T16:42:26.395+0800: 1.770: [GC (Allocation Failure) 2024-07-28T16:42:26.395+0800: 1.770: [ParNew: 74096K->8192K(78656K), 0.0118696 secs] 339968K->339600K(521776K), 0.0119180 secs] [Times: user=0.00 sys=0.00, real=0.01 secs] 
2024-07-28T16:42:26.407+0800: 1.782: Total time for which application threads were stopped: 0.0120160 seconds, Stopping threads took: 0.0000133 seconds
2024-07-28T16:42:26.407+0800: 1.782: Application time: 0.0002762 seconds
2024-07-28T16:42:26.407+0800: 1.782: [GC (CMS Final Remark) [YG occupancy: 12655 K (78656 K)]2024-07-28T16:42:26.407+0800: 1.782: [Rescan (parallel) , 0.0010441 secs]2024-07-28T16:42:26.408+0800: 1.783: [weak refs processing, 0.0000130 secs]2024-07-28T16:42:26.408+0800: 1.784: [class unloading, 0.0001961 secs]2024-07-28T16:42:26.408+0800: 1.784: [scrub symbol table, 0.0003570 secs]2024-07-28T16:42:26.409+0800: 1.784: [scrub string table, 0.0001009 secs][1 CMS-remark: 331408K(443120K)] 344064K(521776K), 0.0017754 secs] [Times: user=0.00 sys=0.00, real=0.00 secs] 
2024-07-28T16:42:26.409+0800: 1.784: Total time for which application threads were stopped: 0.0018959 seconds, Stopping threads took: 0.0000847 seconds
2024-07-28T16:42:26.409+0800: 1.784: [CMS-concurrent-sweep-start]
2024-07-28T16:42:26.411+0800: 1.786: [CMS-concurrent-sweep: 0.001/0.001 secs] [Times: user=0.03 sys=0.00, real=0.00 secs] 
2024-07-28T16:42:26.411+0800: 1.786: [CMS-concurrent-reset-start]
2024-07-28T16:42:26.411+0800: 1.787: [CMS-concurrent-reset: 0.001/0.001 secs] [Times: user=0.00 sys=0.00, real=0.00 secs] 
2024-07-28T16:42:26.515+0800: 1.890: Application time: 0.1055105 seconds
2024-07-28T16:42:26.515+0800: 1.890: [GC (Allocation Failure) 2024-07-28T16:42:26.515+0800: 1.890: [ParNew: 77168K->8192K(78656K), 0.0122704 secs] 143357K->142989K(521776K), 0.0123376 secs] [Times: user=0.03 sys=0.00, real=0.01 secs] 
2024-07-28T16:42:26.527+0800: 1.902: Total time for which application threads were stopped: 0.0125038 seconds, Stopping threads took: 0.0000184 seconds
2024-07-28T16:42:26.638+0800: 2.013: Application time: 0.1109355 seconds
2024-07-28T16:42:26.638+0800: 2.013: [GC (Allocation Failure) 2024-07-28T16:42:26.638+0800: 2.013: [ParNew: 77168K->6144K(78656K), 0.0023751 secs] 211966K->140941K(521776K), 0.0024437 secs] [Times: user=0.00 sys=0.00, real=0.00 secs] 
2024-07-28T16:42:26.641+0800: 2.016: Total time for which application threads were stopped: 0.0025623 seconds, Stopping threads took: 0.0000228 seconds
2024-07-28T16:42:26.645+0800: 2.020: Application time: 0.0047120 seconds
2024-07-28T16:42:26.645+0800: 2.021: [GC (Allocation Failure) 2024-07-28T16:42:26.646+0800: 2.021: [ParNew: 75120K->8192K(78656K), 0.0121260 secs] 209918K->209550K(521776K), 0.0122151 secs] [Times: user=0.02 sys=0.00, real=0.01 secs] 
2024-07-28T16:42:26.658+0800: 2.033: Total time for which application threads were stopped: 0.0123156 seconds, Stopping threads took: 0.0000155 seconds
2024-07-28T16:42:26.658+0800: 2.033: Application time: 0.0002128 seconds
2024-07-28T16:42:26.658+0800: 2.033: [GC (CMS Initial Mark) [1 CMS-initial-mark: 201358K(443120K)] 212990K(521776K), 0.0008308 secs] [Times: user=0.00 sys=0.00, real=0.00 secs] 
2024-07-28T16:42:26.659+0800: 2.034: Total time for which application threads were stopped: 0.0010304 seconds, Stopping threads took: 0.0001578 seconds
2024-07-28T16:42:26.659+0800: 2.034: [CMS-concurrent-mark-start]
2024-07-28T16:42:26.661+0800: 2.036: [CMS-concurrent-mark: 0.002/0.002 secs] [Times: user=0.05 sys=0.00, real=0.00 secs] 
2024-07-28T16:42:26.661+0800: 2.036: [CMS-concurrent-preclean-start]
2024-07-28T16:42:26.662+0800: 2.037: [CMS-concurrent-preclean: 0.001/0.001 secs] [Times: user=0.00 sys=0.00, real=0.00 secs] 
2024-07-28T16:42:26.662+0800: 2.037: [CMS-concurrent-abortable-preclean-start]
2024-07-28T16:42:26.765+0800: 2.140: Application time: 0.1061012 seconds
2024-07-28T16:42:26.765+0800: 2.140: [GC (Allocation Failure) 2024-07-28T16:42:26.765+0800: 2.140: [ParNew: 77168K->8192K(78656K), 0.0118638 secs] 278527K->278159K(521776K), 0.0119237 secs] [Times: user=0.03 sys=0.00, real=0.01 secs] 
2024-07-28T16:42:26.777+0800: 2.152: Total time for which application threads were stopped: 0.0120334 seconds, Stopping threads took: 0.0000194 seconds
2024-07-28T16:42:26.888+0800: 2.263: Application time: 0.1107273 seconds
2024-07-28T16:42:26.888+0800: 2.263: [GC (Allocation Failure) 2024-07-28T16:42:26.888+0800: 2.263: [ParNew: 77168K->7168K(78656K), 0.0020506 secs] 347136K->277135K(521776K), 0.0021041 secs] [Times: user=0.00 sys=0.00, real=0.00 secs] 
2024-07-28T16:42:26.890+0800: 2.265: Total time for which application threads were stopped: 0.0022348 seconds, Stopping threads took: 0.0000211 seconds
2024-07-28T16:42:26.894+0800: 2.270: Application time: 0.0043815 seconds
2024-07-28T16:42:26.894+0800: 2.270: [GC (Allocation Failure) 2024-07-28T16:42:26.894+0800: 2.270: [ParNew: 76144K->8192K(78656K), 0.0123466 secs] 346112K->345744K(521776K), 0.0123945 secs] [Times: user=0.03 sys=0.00, real=0.01 secs] 
2024-07-28T16:42:26.907+0800: 2.282: Total time for which application threads were stopped: 0.0124921 seconds, Stopping threads took: 0.0000142 seconds
2024-07-28T16:42:26.907+0800: 2.282: [CMS-concurrent-abortable-preclean: 0.005/0.245 secs] [Times: user=0.06 sys=0.00, real=0.25 secs] 
2024-07-28T16:42:26.907+0800: 2.282: Application time: 0.0002949 seconds
2024-07-28T16:42:26.907+0800: 2.282: [GC (CMS Final Remark) [YG occupancy: 12655 K (78656 K)]2024-07-28T16:42:26.907+0800: 2.282: [Rescan (parallel) , 0.0009034 secs]2024-07-28T16:42:26.908+0800: 2.283: [weak refs processing, 0.0000126 secs]2024-07-28T16:42:26.908+0800: 2.283: [class unloading, 0.0001737 secs]2024-07-28T16:42:26.908+0800: 2.284: [scrub symbol table, 0.0003503 secs]2024-07-28T16:42:26.909+0800: 2.284: [scrub string table, 0.0001022 secs][1 CMS-remark: 337552K(443120K)] 350208K(521776K), 0.0016067 secs] [Times: user=0.00 sys=0.00, real=0.00 secs] 
2024-07-28T16:42:26.909+0800: 2.284: Total time for which application threads were stopped: 0.0017438 seconds, Stopping threads took: 0.0000817 seconds
2024-07-28T16:42:26.909+0800: 2.284: [CMS-concurrent-sweep-start]
2024-07-28T16:42:26.910+0800: 2.286: [CMS-concurrent-sweep: 0.001/0.001 secs] [Times: user=0.00 sys=0.00, real=0.00 secs] 
2024-07-28T16:42:26.910+0800: 2.286: [CMS-concurrent-reset-start]
2024-07-28T16:42:26.911+0800: 2.286: [CMS-concurrent-reset: 0.001/0.001 secs] [Times: user=0.02 sys=0.00, real=0.00 secs] 
2024-07-28T16:42:27.016+0800: 2.391: Application time: 0.1066633 seconds
2024-07-28T16:42:27.016+0800: 2.391: [GC (Allocation Failure) 2024-07-28T16:42:27.016+0800: 2.391: [ParNew: 77168K->8192K(78656K), 0.0119294 secs] 280575K->280207K(521776K), 0.0119871 secs] [Times: user=0.03 sys=0.00, real=0.01 secs] 
2024-07-28T16:42:27.028+0800: 2.403: Total time for which application threads were stopped: 0.0120958 seconds, Stopping threads took: 0.0000189 seconds
2024-07-28T16:42:27.028+0800: 2.403: Application time: 0.0002395 seconds
2024-07-28T16:42:27.028+0800: 2.403: [GC (CMS Initial Mark) [1 CMS-initial-mark: 272015K(443120K)] 283647K(521776K), 0.0004209 secs] [Times: user=0.00 sys=0.00, real=0.00 secs] 
2024-07-28T16:42:27.029+0800: 2.404: Total time for which application threads were stopped: 0.0006099 seconds, Stopping threads took: 0.0001450 seconds
2024-07-28T16:42:27.029+0800: 2.404: [CMS-concurrent-mark-start]
2024-07-28T16:42:27.033+0800: 2.408: [CMS-concurrent-mark: 0.004/0.004 secs] [Times: user=0.00 sys=0.00, real=0.00 secs] 
2024-07-28T16:42:27.033+0800: 2.408: [CMS-concurrent-preclean-start]
2024-07-28T16:42:27.034+0800: 2.408: [CMS-concurrent-preclean: 0.001/0.001 secs] [Times: user=0.00 sys=0.00, real=0.00 secs] 
2024-07-28T16:42:27.034+0800: 2.408: [CMS-concurrent-abortable-preclean-start]
2024-07-28T16:42:27.138+0800: 2.514: Application time: 0.1101383 seconds
2024-07-28T16:42:27.138+0800: 2.514: [GC (Allocation Failure) 2024-07-28T16:42:27.138+0800: 2.514: [ParNew: 77168K->8192K(78656K), 0.0023022 secs] 349184K->280207K(521776K), 0.0023580 secs] [Times: user=0.00 sys=0.00, real=0.00 secs] 
2024-07-28T16:42:27.141+0800: 2.516: Total time for which application threads were stopped: 0.0024671 seconds, Stopping threads took: 0.0000197 seconds
2024-07-28T16:42:27.145+0800: 2.521: Application time: 0.0044238 seconds
2024-07-28T16:42:27.145+0800: 2.521: [GC (Allocation Failure) 2024-07-28T16:42:27.145+0800: 2.521: [ParNew: 77168K->8192K(78656K), 0.0123500 secs] 349184K->348816K(521776K), 0.0124001 secs] [Times: user=0.00 sys=0.00, real=0.01 secs] 
2024-07-28T16:42:27.158+0800: 2.533: Total time for which application threads were stopped: 0.0124975 seconds, Stopping threads took: 0.0000138 seconds
2024-07-28T16:42:27.266+0800: 2.642: Application time: 0.1082983 seconds
2024-07-28T16:42:27.266+0800: 2.642: [GC (Allocation Failure) 2024-07-28T16:42:27.266+0800: 2.642: [ParNew: 77168K->8192K(78656K), 0.0125975 secs] 417793K->417425K(521776K), 0.0126566 secs] [Times: user=0.03 sys=0.00, real=0.01 secs] 
2024-07-28T16:42:27.279+0800: 2.654: Total time for which application threads were stopped: 0.0127822 seconds, Stopping threads took: 0.0000191 seconds
2024-07-28T16:42:27.279+0800: 2.654: [CMS-concurrent-abortable-preclean: 0.006/0.246 secs] [Times: user=0.05 sys=0.00, real=0.25 secs] 
2024-07-28T16:42:27.279+0800: 2.655: Application time: 0.0003124 seconds
2024-07-28T16:42:27.279+0800: 2.655: [GC (CMS Final Remark) [YG occupancy: 12655 K (78656 K)]2024-07-28T16:42:27.279+0800: 2.655: [Rescan (parallel) , 0.0009488 secs]2024-07-28T16:42:27.280+0800: 2.656: [weak refs processing, 0.0000128 secs]2024-07-28T16:42:27.280+0800: 2.656: [class unloading, 0.0001758 secs]2024-07-28T16:42:27.280+0800: 2.656: [scrub symbol table, 0.0003623 secs]2024-07-28T16:42:27.281+0800: 2.656: [scrub string table, 0.0001287 secs][1 CMS-remark: 409233K(443120K)] 421889K(521776K), 0.0016933 secs] [Times: user=0.00 sys=0.00, real=0.00 secs] 
2024-07-28T16:42:27.281+0800: 2.656: Total time for which application threads were stopped: 0.0018920 seconds, Stopping threads took: 0.0001579 seconds
2024-07-28T16:42:27.281+0800: 2.657: [CMS-concurrent-sweep-start]
2024-07-28T16:42:27.283+0800: 2.658: [CMS-concurrent-sweep: 0.002/0.002 secs] [Times: user=0.00 sys=0.00, real=0.00 secs] 
2024-07-28T16:42:27.283+0800: 2.659: [CMS-concurrent-reset-start]
2024-07-28T16:42:27.284+0800: 2.660: [CMS-concurrent-reset: 0.001/0.001 secs] [Times: user=0.00 sys=0.00, real=0.00 secs] 
2024-07-28T16:42:27.390+0800: 2.765: Application time: 0.1082393 seconds
2024-07-28T16:42:27.390+0800: 2.765: [GC (Allocation Failure) 2024-07-28T16:42:27.390+0800: 2.765: [ParNew: 77168K->8192K(78656K), 0.0028652 secs] 351232K->283279K(535432K), 0.0029358 secs] [Times: user=0.00 sys=0.00, real=0.00 secs] 
2024-07-28T16:42:27.393+0800: 2.768: Total time for which application threads were stopped: 0.0030432 seconds, Stopping threads took: 0.0000186 seconds
2024-07-28T16:42:27.393+0800: 2.768: Application time: 0.0002706 seconds
2024-07-28T16:42:27.393+0800: 2.768: [GC (CMS Initial Mark) [1 CMS-initial-mark: 275087K(456776K)] 286719K(535432K), 0.0007190 secs] [Times: user=0.00 sys=0.00, real=0.00 secs] 
2024-07-28T16:42:27.394+0800: 2.769: Total time for which application threads were stopped: 0.0008885 seconds, Stopping threads took: 0.0001274 seconds
2024-07-28T16:42:27.394+0800: 2.769: [CMS-concurrent-mark-start]
2024-07-28T16:42:27.397+0800: 2.772: [CMS-concurrent-mark: 0.003/0.003 secs] [Times: user=0.05 sys=0.00, real=0.00 secs] 
2024-07-28T16:42:27.397+0800: 2.772: [CMS-concurrent-preclean-start]
2024-07-28T16:42:27.399+0800: 2.774: [CMS-concurrent-preclean: 0.001/0.001 secs] [Times: user=0.00 sys=0.00, real=0.00 secs] 
2024-07-28T16:42:27.399+0800: 2.774: [CMS-concurrent-abortable-preclean-start]
2024-07-28T16:42:27.399+0800: 2.774: Application time: 0.0051739 seconds
2024-07-28T16:42:27.399+0800: 2.774: [GC (Allocation Failure) 2024-07-28T16:42:27.399+0800: 2.774: [ParNew: 77168K->8192K(78656K), 0.0214593 secs] 352256K->351888K(535432K), 0.0215244 secs] [Times: user=0.03 sys=0.00, real=0.02 secs] 
2024-07-28T16:42:27.421+0800: 2.796: Total time for which application threads were stopped: 0.0216254 seconds, Stopping threads took: 0.0000137 seconds
2024-07-28T16:42:27.533+0800: 2.908: Application time: 0.1121603 seconds
2024-07-28T16:42:27.533+0800: 2.908: [GC (Allocation Failure) 2024-07-28T16:42:27.533+0800: 2.908: [ParNew: 77168K->8192K(78656K), 0.0125298 secs] 420865K->420497K(535432K), 0.0125974 secs] [Times: user=0.03 sys=0.00, real=0.01 secs] 
2024-07-28T16:42:27.546+0800: 2.921: Total time for which application threads were stopped: 0.0127074 seconds, Stopping threads took: 0.0000198 seconds
2024-07-28T16:42:27.546+0800: 2.921: [CMS-concurrent-abortable-preclean: 0.003/0.147 secs] [Times: user=0.06 sys=0.00, real=0.15 secs] 
2024-07-28T16:42:27.546+0800: 2.921: Application time: 0.0003456 seconds
2024-07-28T16:42:27.546+0800: 2.921: [GC (CMS Final Remark) [YG occupancy: 13679 K (78656 K)]2024-07-28T16:42:27.546+0800: 2.921: [Rescan (parallel) , 0.0011047 secs]2024-07-28T16:42:27.547+0800: 2.922: [weak refs processing, 0.0000129 secs]2024-07-28T16:42:27.547+0800: 2.922: [class unloading, 0.0001886 secs]2024-07-28T16:42:27.547+0800: 2.922: [scrub symbol table, 0.0003449 secs]2024-07-28T16:42:27.548+0800: 2.923: [scrub string table, 0.0001007 secs][1 CMS-remark: 412305K(456776K)] 425985K(535432K), 0.0018153 secs] [Times: user=0.00 sys=0.00, real=0.00 secs] 
2024-07-28T16:42:27.548+0800: 2.923: Total time for which application threads were stopped: 0.0019314 seconds, Stopping threads took: 0.0000801 seconds
2024-07-28T16:42:27.548+0800: 2.923: [CMS-concurrent-sweep-start]
2024-07-28T16:42:27.549+0800: 2.924: [CMS-concurrent-sweep: 0.001/0.001 secs] [Times: user=0.00 sys=0.00, real=0.00 secs] 
2024-07-28T16:42:27.549+0800: 2.924: [CMS-concurrent-reset-start]
2024-07-28T16:42:27.550+0800: 2.926: [CMS-concurrent-reset: 0.001/0.001 secs] [Times: user=0.00 sys=0.00, real=0.00 secs] 
2024-07-28T16:42:27.655+0800: 3.030: Application time: 0.1075668 seconds
2024-07-28T16:42:27.655+0800: 3.031: [GC (Allocation Failure) 2024-07-28T16:42:27.655+0800: 3.031: [ParNew: 77168K->8192K(78656K), 0.0026772 secs] 216062K->149133K(535432K), 0.0027375 secs] [Times: user=0.00 sys=0.00, real=0.00 secs] 
2024-07-28T16:42:27.658+0800: 3.033: Total time for which application threads were stopped: 0.0028486 seconds, Stopping threads took: 0.0000194 seconds
2024-07-28T16:42:27.662+0800: 3.038: Application time: 0.0045544 seconds
2024-07-28T16:42:27.662+0800: 3.038: [GC (Allocation Failure) 2024-07-28T16:42:27.662+0800: 3.038: [ParNew: 77168K->8192K(78656K), 0.0121195 secs] 218110K->217742K(535432K), 0.0121705 secs] [Times: user=0.00 sys=0.00, real=0.01 secs] 
2024-07-28T16:42:27.674+0800: 3.050: Total time for which application threads were stopped: 0.0122735 seconds, Stopping threads took: 0.0000148 seconds
2024-07-28T16:42:27.675+0800: 3.050: Application time: 0.0002668 seconds
2024-07-28T16:42:27.675+0800: 3.051: [GC (CMS Initial Mark) [1 CMS-initial-mark: 209550K(456776K)] 221182K(535432K), 0.0008238 secs] [Times: user=0.00 sys=0.00, real=0.00 secs] 
2024-07-28T16:42:27.676+0800: 3.051: Total time for which application threads were stopped: 0.0009407 seconds, Stopping threads took: 0.0000751 seconds
2024-07-28T16:42:27.676+0800: 3.051: [CMS-concurrent-mark-start]
2024-07-28T16:42:27.677+0800: 3.053: [CMS-concurrent-mark: 0.002/0.002 secs] [Times: user=0.00 sys=0.00, real=0.00 secs] 
2024-07-28T16:42:27.677+0800: 3.053: [CMS-concurrent-preclean-start]
2024-07-28T16:42:27.678+0800: 3.054: [CMS-concurrent-preclean: 0.001/0.001 secs] [Times: user=0.00 sys=0.00, real=0.00 secs] 
2024-07-28T16:42:27.678+0800: 3.054: [CMS-concurrent-abortable-preclean-start]
2024-07-28T16:42:27.783+0800: 3.159: Application time: 0.1078434 seconds
2024-07-28T16:42:27.784+0800: 3.159: [GC (Allocation Failure) 2024-07-28T16:42:27.784+0800: 3.159: [ParNew: 77168K->8192K(78656K), 0.0119074 secs] 286719K->286351K(535432K), 0.0119727 secs] [Times: user=0.03 sys=0.00, real=0.01 secs] 
2024-07-28T16:42:27.796+0800: 3.171: Total time for which application threads were stopped: 0.0120995 seconds, Stopping threads took: 0.0000187 seconds
2024-07-28T16:42:27.905+0800: 3.280: Application time: 0.1090224 seconds
2024-07-28T16:42:27.905+0800: 3.280: [GC (Allocation Failure) 2024-07-28T16:42:27.905+0800: 3.280: [ParNew: 77168K->8192K(78656K), 0.0026011 secs] 355328K->289423K(535432K), 0.0026554 secs] [Times: user=0.00 sys=0.00, real=0.00 secs] 
2024-07-28T16:42:27.908+0800: 3.283: Total time for which application threads were stopped: 0.0027623 seconds, Stopping threads took: 0.0000204 seconds
2024-07-28T16:42:27.908+0800: 3.283: [CMS-concurrent-abortable-preclean: 0.005/0.229 secs] [Times: user=0.03 sys=0.00, real=0.23 secs] 
2024-07-28T16:42:27.908+0800: 3.283: Application time: 0.0002790 seconds
2024-07-28T16:42:27.908+0800: 3.283: [GC (CMS Final Remark) [YG occupancy: 12655 K (78656 K)]2024-07-28T16:42:27.908+0800: 3.283: [Rescan (parallel) , 0.0007811 secs]2024-07-28T16:42:27.909+0800: 3.284: [weak refs processing, 0.0000126 secs]2024-07-28T16:42:27.909+0800: 3.284: [class unloading, 0.0001732 secs]2024-07-28T16:42:27.909+0800: 3.284: [scrub symbol table, 0.0003593 secs]2024-07-28T16:42:27.910+0800: 3.285: [scrub string table, 0.0001143 secs][1 CMS-remark: 281231K(456776K)] 293887K(535432K), 0.0015078 secs] [Times: user=0.00 sys=0.00, real=0.00 secs] 
2024-07-28T16:42:27.910+0800: 3.285: Total time for which application threads were stopped: 0.0016068 seconds, Stopping threads took: 0.0000645 seconds
2024-07-28T16:42:27.910+0800: 3.285: [CMS-concurrent-sweep-start]
2024-07-28T16:42:27.911+0800: 3.287: [CMS-concurrent-sweep: 0.001/0.001 secs] [Times: user=0.03 sys=0.00, real=0.00 secs] 
2024-07-28T16:42:27.912+0800: 3.287: [CMS-concurrent-reset-start]
2024-07-28T16:42:27.913+0800: 3.288: [CMS-concurrent-reset: 0.001/0.001 secs] [Times: user=0.00 sys=0.00, real=0.00 secs] 
2024-07-28T16:42:27.915+0800: 3.290: Application time: 0.0048381 seconds
2024-07-28T16:42:27.915+0800: 3.290: [GC (Allocation Failure) 2024-07-28T16:42:27.915+0800: 3.290: [ParNew: 77168K->8192K(78656K), 0.0121716 secs] 220158K->219790K(535432K), 0.0122290 secs] [Times: user=0.03 sys=0.00, real=0.01 secs] 
2024-07-28T16:42:27.927+0800: 3.302: Total time for which application threads were stopped: 0.0123236 seconds, Stopping threads took: 0.0000131 seconds
2024-07-28T16:42:27.927+0800: 3.302: Application time: 0.0001739 seconds
2024-07-28T16:42:27.927+0800: 3.303: [GC (CMS Initial Mark) [1 CMS-initial-mark: 211598K(456776K)] 223230K(535432K), 0.0008416 secs] [Times: user=0.00 sys=0.00, real=0.00 secs] 
2024-07-28T16:42:27.928+0800: 3.303: Total time for which application threads were stopped: 0.0010354 seconds, Stopping threads took: 0.0001517 seconds
2024-07-28T16:42:27.928+0800: 3.303: [CMS-concurrent-mark-start]
2024-07-28T16:42:27.930+0800: 3.305: [CMS-concurrent-mark: 0.002/0.002 secs] [Times: user=0.00 sys=0.00, real=0.00 secs] 
2024-07-28T16:42:27.930+0800: 3.305: [CMS-concurrent-preclean-start]
2024-07-28T16:42:27.931+0800: 3.306: [CMS-concurrent-preclean: 0.001/0.001 secs] [Times: user=0.00 sys=0.00, real=0.00 secs] 
2024-07-28T16:42:27.931+0800: 3.306: [CMS-concurrent-abortable-preclean-start]
2024-07-28T16:42:28.047+0800: 3.423: Application time: 0.1191882 seconds
2024-07-28T16:42:28.047+0800: 3.423: [GC (Allocation Failure) 2024-07-28T16:42:28.047+0800: 3.423: [ParNew: 77168K->8192K(78656K), 0.0120326 secs] 288767K->288399K(535432K), 0.0120923 secs] [Times: user=0.03 sys=0.00, real=0.01 secs] 
2024-07-28T16:42:28.059+0800: 3.435: Total time for which application threads were stopped: 0.0122009 seconds, Stopping threads took: 0.0000194 seconds
2024-07-28T16:42:28.170+0800: 3.546: Application time: 0.1109700 seconds
2024-07-28T16:42:28.170+0800: 3.546: [GC (Allocation Failure) 2024-07-28T16:42:28.170+0800: 3.546: [ParNew: 77168K->8192K(78656K), 0.0027659 secs] 357376K->292495K(535432K), 0.0028206 secs] [Times: user=0.00 sys=0.00, real=0.00 secs] 
2024-07-28T16:42:28.173+0800: 3.549: Total time for which application threads were stopped: 0.0029290 seconds, Stopping threads took: 0.0000195 seconds
2024-07-28T16:42:28.173+0800: 3.549: [CMS-concurrent-abortable-preclean: 0.005/0.243 secs] [Times: user=0.03 sys=0.00, real=0.24 secs] 
2024-07-28T16:42:28.174+0800: 3.549: Application time: 0.0004058 seconds
2024-07-28T16:42:28.174+0800: 3.549: [GC (CMS Final Remark) [YG occupancy: 15727 K (78656 K)]2024-07-28T16:42:28.174+0800: 3.549: [Rescan (parallel) , 0.0008310 secs]2024-07-28T16:42:28.175+0800: 3.550: [weak refs processing, 0.0000129 secs]2024-07-28T16:42:28.175+0800: 3.550: [class unloading, 0.0002128 secs]2024-07-28T16:42:28.175+0800: 3.550: [scrub symbol table, 0.0003113 secs]2024-07-28T16:42:28.175+0800: 3.551: [scrub string table, 0.0000900 secs][1 CMS-remark: 284303K(456776K)] 300031K(535432K), 0.0015244 secs] [Times: user=0.00 sys=0.00, real=0.00 secs] 
2024-07-28T16:42:28.175+0800: 3.551: Total time for which application threads were stopped: 0.0016842 seconds, Stopping threads took: 0.0001221 seconds
2024-07-28T16:42:28.175+0800: 3.551: [CMS-concurrent-sweep-start]
2024-07-28T16:42:28.177+0800: 3.552: [CMS-concurrent-sweep: 0.001/0.001 secs] [Times: user=0.03 sys=0.00, real=0.00 secs] 
2024-07-28T16:42:28.177+0800: 3.553: [CMS-concurrent-reset-start]
2024-07-28T16:42:28.178+0800: 3.554: [CMS-concurrent-reset: 0.001/0.001 secs] [Times: user=0.00 sys=0.00, real=0.00 secs] 
2024-07-28T16:42:28.180+0800: 3.555: Application time: 0.0045831 seconds
2024-07-28T16:42:28.180+0800: 3.555: [GC (Allocation Failure) 2024-07-28T16:42:28.180+0800: 3.555: [ParNew: 77168K->8192K(78656K), 0.0122497 secs] 222206K->221838K(535432K), 0.0122969 secs] [Times: user=0.00 sys=0.00, real=0.01 secs] 
2024-07-28T16:42:28.192+0800: 3.568: Total time for which application threads were stopped: 0.0123929 seconds, Stopping threads took: 0.0000130 seconds
2024-07-28T16:42:28.192+0800: 3.568: Application time: 0.0002335 seconds
2024-07-28T16:42:28.193+0800: 3.568: [GC (CMS Initial Mark) [1 CMS-initial-mark: 213646K(456776K)] 225278K(535432K), 0.0007549 secs] [Times: user=0.00 sys=0.00, real=0.00 secs] 
2024-07-28T16:42:28.193+0800: 3.569: Total time for which application threads were stopped: 0.0008813 seconds, Stopping threads took: 0.0000803 seconds
2024-07-28T16:42:28.193+0800: 3.569: [CMS-concurrent-mark-start]
2024-07-28T16:42:28.195+0800: 3.571: [CMS-concurrent-mark: 0.002/0.002 secs] [Times: user=0.00 sys=0.00, real=0.00 secs] 
2024-07-28T16:42:28.195+0800: 3.571: [CMS-concurrent-preclean-start]
2024-07-28T16:42:28.196+0800: 3.571: [CMS-concurrent-preclean: 0.001/0.001 secs] [Times: user=0.00 sys=0.00, real=0.00 secs] 
2024-07-28T16:42:28.196+0800: 3.571: [CMS-concurrent-abortable-preclean-start]
2024-07-28T16:42:28.312+0800: 3.688: Application time: 0.1187608 seconds
2024-07-28T16:42:28.312+0800: 3.688: [GC (Allocation Failure) 2024-07-28T16:42:28.312+0800: 3.688: [ParNew: 77168K->8192K(78656K), 0.0115952 secs] 290815K->290447K(535432K), 0.0116672 secs] [Times: user=0.03 sys=0.00, real=0.01 secs] 
2024-07-28T16:42:28.324+0800: 3.699: Total time for which application threads were stopped: 0.0118073 seconds, Stopping threads took: 0.0000201 seconds
2024-07-28T16:42:28.437+0800: 3.812: Application time: 0.1129095 seconds
2024-07-28T16:42:28.437+0800: 3.812: [GC (Allocation Failure) 2024-07-28T16:42:28.437+0800: 3.812: [ParNew: 77168K->8192K(78656K), 0.0029104 secs] 359424K->295567K(535432K), 0.0029670 secs] [Times: user=0.00 sys=0.00, real=0.00 secs] 
2024-07-28T16:42:28.440+0800: 3.815: Total time for which application threads were stopped: 0.0030738 seconds, Stopping threads took: 0.0000195 seconds
2024-07-28T16:42:28.440+0800: 3.815: [CMS-concurrent-abortable-preclean: 0.005/0.244 secs] [Times: user=0.03 sys=0.00, real=0.24 secs] 
2024-07-28T16:42:28.441+0800: 3.816: Application time: 0.0002408 seconds
2024-07-28T16:42:28.441+0800: 3.816: [GC (CMS Final Remark) [YG occupancy: 11631 K (78656 K)]2024-07-28T16:42:28.441+0800: 3.816: [Rescan (parallel) , 0.0008938 secs]2024-07-28T16:42:28.442+0800: 3.817: [weak refs processing, 0.0000127 secs]2024-07-28T16:42:28.442+0800: 3.817: [class unloading, 0.0001893 secs]2024-07-28T16:42:28.442+0800: 3.817: [scrub symbol table, 0.0003449 secs]2024-07-28T16:42:28.442+0800: 3.817: [scrub string table, 0.0001002 secs][1 CMS-remark: 287375K(456776K)] 299007K(535432K), 0.0016039 secs] [Times: user=0.00 sys=0.00, real=0.00 secs] 
2024-07-28T16:42:28.442+0800: 3.817: Total time for which application threads were stopped: 0.0018013 seconds, Stopping threads took: 0.0001626 seconds
2024-07-28T16:42:28.443+0800: 3.818: [CMS-concurrent-sweep-start]
2024-07-28T16:42:28.444+0800: 3.819: [CMS-concurrent-sweep: 0.001/0.001 secs] [Times: user=0.00 sys=0.00, real=0.00 secs] 
2024-07-28T16:42:28.444+0800: 3.819: [CMS-concurrent-reset-start]
2024-07-28T16:42:28.445+0800: 3.820: [CMS-concurrent-reset: 0.001/0.001 secs] [Times: user=0.00 sys=0.00, real=0.00 secs] 
2024-07-28T16:42:28.447+0800: 3.822: Application time: 0.0049515 seconds
2024-07-28T16:42:28.447+0800: 3.822: [GC (Allocation Failure) 2024-07-28T16:42:28.447+0800: 3.822: [ParNew: 77168K->8192K(78656K), 0.0118447 secs] 224254K->223886K(535432K), 0.0118933 secs] [Times: user=0.03 sys=0.00, real=0.01 secs] 
2024-07-28T16:42:28.459+0800: 3.834: Total time for which application threads were stopped: 0.0119890 seconds, Stopping threads took: 0.0000127 seconds
2024-07-28T16:42:28.460+0800: 3.835: Application time: 0.0002176 seconds
2024-07-28T16:42:28.460+0800: 3.835: [GC (CMS Initial Mark) [1 CMS-initial-mark: 215694K(456776K)] 227326K(535432K), 0.0008573 secs] [Times: user=0.00 sys=0.00, real=0.00 secs] 
2024-07-28T16:42:28.461+0800: 3.836: Total time for which application threads were stopped: 0.0010219 seconds, Stopping threads took: 0.0001232 seconds
2024-07-28T16:42:28.461+0800: 3.836: [CMS-concurrent-mark-start]
2024-07-28T16:42:28.462+0800: 3.838: [CMS-concurrent-mark: 0.002/0.002 secs] [Times: user=0.00 sys=0.00, real=0.00 secs] 
2024-07-28T16:42:28.462+0800: 3.838: [CMS-concurrent-preclean-start]
2024-07-28T16:42:28.463+0800: 3.838: [CMS-concurrent-preclean: 0.001/0.001 secs] [Times: user=0.00 sys=0.00, real=0.00 secs] 
2024-07-28T16:42:28.463+0800: 3.838: [CMS-concurrent-abortable-preclean-start]
2024-07-28T16:42:28.565+0800: 3.940: Application time: 0.1044921 seconds
2024-07-28T16:42:28.565+0800: 3.940: [GC (Allocation Failure) 2024-07-28T16:42:28.565+0800: 3.940: [ParNew: 77168K->8192K(78656K), 0.0119890 secs] 292863K->292495K(535432K), 0.0120660 secs] [Times: user=0.03 sys=0.00, real=0.01 secs] 
2024-07-28T16:42:28.577+0800: 3.952: Total time for which application threads were stopped: 0.0121750 seconds, Stopping threads took: 0.0000185 seconds
2024-07-28T16:42:28.687+0800: 4.062: Application time: 0.1100674 seconds
2024-07-28T16:42:28.688+0800: 4.062: [GC (Allocation Failure) 2024-07-28T16:42:28.688+0800: 4.063: [ParNew: 77168K->8192K(78656K), 0.0029401 secs] 361472K->298639K(535432K), 0.0030015 secs] [Times: user=0.00 sys=0.00, real=0.00 secs] 
2024-07-28T16:42:28.691+0800: 4.066: Total time for which application threads were stopped: 0.0031294 seconds, Stopping threads took: 0.0000185 seconds
2024-07-28T16:42:28.691+0800: 4.066: [CMS-concurrent-abortable-preclean: 0.004/0.227 secs] [Times: user=0.03 sys=0.00, real=0.23 secs] 
2024-07-28T16:42:28.691+0800: 4.066: Application time: 0.0002453 seconds
2024-07-28T16:42:28.691+0800: 4.066: [GC (CMS Final Remark) [YG occupancy: 11631 K (78656 K)]2024-07-28T16:42:28.691+0800: 4.066: [Rescan (parallel) , 0.0010846 secs]2024-07-28T16:42:28.692+0800: 4.067: [weak refs processing, 0.0000126 secs]2024-07-28T16:42:28.692+0800: 4.067: [class unloading, 0.0001772 secs]2024-07-28T16:42:28.692+0800: 4.067: [scrub symbol table, 0.0003535 secs]2024-07-28T16:42:28.693+0800: 4.068: [scrub string table, 0.0001124 secs][1 CMS-remark: 290447K(456776K)] 302079K(535432K), 0.0018067 secs] [Times: user=0.02 sys=0.00, real=0.00 secs] 
2024-07-28T16:42:28.693+0800: 4.068: Total time for which application threads were stopped: 0.0019377 seconds, Stopping threads took: 0.0000785 seconds
2024-07-28T16:42:28.693+0800: 4.068: [CMS-concurrent-sweep-start]
2024-07-28T16:42:28.695+0800: 4.069: [CMS-concurrent-sweep: 0.001/0.001 secs] [Times: user=0.00 sys=0.00, real=0.00 secs] 
2024-07-28T16:42:28.695+0800: 4.070: [CMS-concurrent-reset-start]
2024-07-28T16:42:28.696+0800: 4.071: [CMS-concurrent-reset: 0.001/0.001 secs] [Times: user=0.00 sys=0.00, real=0.00 secs] 
2024-07-28T16:42:28.698+0800: 4.073: Application time: 0.0049836 seconds
2024-07-28T16:42:28.698+0800: 4.073: [GC (Allocation Failure) 2024-07-28T16:42:28.698+0800: 4.073: [ParNew: 77168K->8192K(78656K), 0.0121423 secs] 226302K->225934K(535432K), 0.0121899 secs] [Times: user=0.02 sys=0.01, real=0.01 secs] 
2024-07-28T16:42:28.710+0800: 4.085: Total time for which application threads were stopped: 0.0122859 seconds, Stopping threads took: 0.0000132 seconds
2024-07-28T16:42:28.710+0800: 4.085: Application time: 0.0002349 seconds
2024-07-28T16:42:28.710+0800: 4.085: [GC (CMS Initial Mark) [1 CMS-initial-mark: 217742K(456776K)] 229374K(535432K), 0.0007798 secs] [Times: user=0.00 sys=0.00, real=0.00 secs] 
2024-07-28T16:42:28.711+0800: 4.086: Total time for which application threads were stopped: 0.0008961 seconds, Stopping threads took: 0.0000752 seconds
2024-07-28T16:42:28.711+0800: 4.086: [CMS-concurrent-mark-start]
2024-07-28T16:42:28.713+0800: 4.088: [CMS-concurrent-mark: 0.002/0.002 secs] [Times: user=0.00 sys=0.00, real=0.00 secs] 
2024-07-28T16:42:28.713+0800: 4.088: [CMS-concurrent-preclean-start]
2024-07-28T16:42:28.714+0800: 4.089: [CMS-concurrent-preclean: 0.001/0.001 secs] [Times: user=0.00 sys=0.00, real=0.00 secs] 
2024-07-28T16:42:28.714+0800: 4.089: [CMS-concurrent-abortable-preclean-start]
2024-07-28T16:42:28.733+0800: 4.108: Application time: 0.0218367 seconds
2024-07-28T16:42:28.733+0800: 4.108: Total time for which application threads were stopped: 0.0000684 seconds, Stopping threads took: 0.0000288 seconds
2024-07-28T16:42:28.830+0800: 4.205: Application time: 0.0973602 seconds
2024-07-28T16:42:28.830+0800: 4.205: [GC (Allocation Failure) 2024-07-28T16:42:28.830+0800: 4.206: [ParNew: 77168K->8192K(78656K), 0.0119699 secs] 294911K->294543K(535432K), 0.0120468 secs] [Times: user=0.03 sys=0.00, real=0.01 secs] 
2024-07-28T16:42:28.842+0800: 4.218: Total time for which application threads were stopped: 0.0121674 seconds, Stopping threads took: 0.0000207 seconds
2024-07-28T16:42:28.952+0800: 4.328: Application time: 0.1107066 seconds
2024-07-28T16:42:28.953+0800: 4.328: [GC (Allocation Failure) 2024-07-28T16:42:28.953+0800: 4.328: [ParNew: 77168K->8192K(78656K), 0.0033917 secs] 363520K->301711K(535432K), 0.0034596 secs] [Times: user=0.00 sys=0.00, real=0.00 secs] 
2024-07-28T16:42:28.956+0800: 4.332: Total time for which application threads were stopped: 0.0035786 seconds, Stopping threads took: 0.0000202 seconds
2024-07-28T16:42:28.956+0800: 4.332: [CMS-concurrent-abortable-preclean: 0.005/0.243 secs] [Times: user=0.03 sys=0.00, real=0.24 secs] 
2024-07-28T16:42:28.956+0800: 4.332: Application time: 0.0003545 seconds
2024-07-28T16:42:28.956+0800: 4.332: [GC (CMS Final Remark) [YG occupancy: 13679 K (78656 K)]2024-07-28T16:42:28.956+0800: 4.332: [Rescan (parallel) , 0.0008952 secs]2024-07-28T16:42:28.957+0800: 4.333: [weak refs processing, 0.0000127 secs]2024-07-28T16:42:28.957+0800: 4.333: [class unloading, 0.0001947 secs]2024-07-28T16:42:28.958+0800: 4.333: [scrub symbol table, 0.0003404 secs]2024-07-28T16:42:28.958+0800: 4.334: [scrub string table, 0.0001007 secs][1 CMS-remark: 293519K(456776K)] 307199K(535432K), 0.0016061 secs] [Times: user=0.00 sys=0.00, real=0.00 secs] 
2024-07-28T16:42:28.958+0800: 4.334: Total time for which application threads were stopped: 0.0017329 seconds, Stopping threads took: 0.0000922 seconds
2024-07-28T16:42:28.958+0800: 4.334: [CMS-concurrent-sweep-start]
2024-07-28T16:42:28.960+0800: 4.336: [CMS-concurrent-sweep: 0.001/0.001 secs] [Times: user=0.00 sys=0.00, real=0.00 secs] 
2024-07-28T16:42:28.960+0800: 4.336: [CMS-concurrent-reset-start]
2024-07-28T16:42:28.961+0800: 4.337: [CMS-concurrent-reset: 0.001/0.001 secs] [Times: user=0.00 sys=0.00, real=0.00 secs] 
2024-07-28T16:42:28.963+0800: 4.339: Application time: 0.0047028 seconds
2024-07-28T16:42:28.963+0800: 4.339: [GC (Allocation Failure) 2024-07-28T16:42:28.963+0800: 4.339: [ParNew: 77168K->8192K(78656K), 0.0122083 secs] 228350K->227982K(535432K), 0.0122678 secs] [Times: user=0.03 sys=0.00, real=0.01 secs] 
2024-07-28T16:42:28.975+0800: 4.351: Total time for which application threads were stopped: 0.0123745 seconds, Stopping threads took: 0.0000251 seconds
2024-07-28T16:42:28.975+0800: 4.351: Application time: 0.0002422 seconds
2024-07-28T16:42:28.976+0800: 4.351: [GC (CMS Initial Mark) [1 CMS-initial-mark: 219790K(456776K)] 231422K(535432K), 0.0006843 secs] [Times: user=0.00 sys=0.00, real=0.00 secs] 
2024-07-28T16:42:28.976+0800: 4.352: Total time for which application threads were stopped: 0.0008229 seconds, Stopping threads took: 0.0000968 seconds
2024-07-28T16:42:28.976+0800: 4.352: [CMS-concurrent-mark-start]
2024-07-28T16:42:28.978+0800: 4.354: [CMS-concurrent-mark: 0.002/0.002 secs] [Times: user=0.00 sys=0.00, real=0.00 secs] 
2024-07-28T16:42:28.978+0800: 4.354: [CMS-concurrent-preclean-start]
2024-07-28T16:42:28.979+0800: 4.355: [CMS-concurrent-preclean: 0.001/0.001 secs] [Times: user=0.00 sys=0.00, real=0.00 secs] 
2024-07-28T16:42:28.979+0800: 4.355: [CMS-concurrent-abortable-preclean-start]
2024-07-28T16:42:29.096+0800: 4.472: Application time: 0.1196038 seconds
2024-07-28T16:42:29.096+0800: 4.472: [GC (Allocation Failure) 2024-07-28T16:42:29.097+0800: 4.472: [ParNew: 77168K->8192K(78656K), 0.0120929 secs] 296959K->296591K(535432K), 0.0121807 secs] [Times: user=0.03 sys=0.00, real=0.01 secs] 
2024-07-28T16:42:29.109+0800: 4.484: Total time for which application threads were stopped: 0.0122934 seconds, Stopping threads took: 0.0000195 seconds
2024-07-28T16:42:29.219+0800: 4.594: Application time: 0.1102573 seconds
2024-07-28T16:42:29.219+0800: 4.594: [GC (Allocation Failure) 2024-07-28T16:42:29.219+0800: 4.594: [ParNew: 77168K->8192K(78656K), 0.0036959 secs] 365568K->304784K(535432K), 0.0037564 secs] [Times: user=0.00 sys=0.00, real=0.00 secs] 
2024-07-28T16:42:29.223+0800: 4.598: Total time for which application threads were stopped: 0.0038650 seconds, Stopping threads took: 0.0000195 seconds
2024-07-28T16:42:29.223+0800: 4.598: [CMS-concurrent-abortable-preclean: 0.005/0.243 secs] [Times: user=0.03 sys=0.00, real=0.24 secs] 
2024-07-28T16:42:29.223+0800: 4.598: Application time: 0.0002933 seconds
2024-07-28T16:42:29.223+0800: 4.599: [GC (CMS Final Remark) [YG occupancy: 12655 K (78656 K)]2024-07-28T16:42:29.224+0800: 4.599: [Rescan (parallel) , 0.0007338 secs]2024-07-28T16:42:29.224+0800: 4.599: [weak refs processing, 0.0000132 secs]2024-07-28T16:42:29.224+0800: 4.599: [class unloading, 0.0002007 secs]2024-07-28T16:42:29.225+0800: 4.600: [scrub symbol table, 0.0003484 secs]2024-07-28T16:42:29.225+0800: 4.600: [scrub string table, 0.0001006 secs][1 CMS-remark: 296591K(456776K)] 309247K(535432K), 0.0014668 secs] [Times: user=0.02 sys=0.00, real=0.00 secs] 
2024-07-28T16:42:29.225+0800: 4.600: Total time for which application threads were stopped: 0.0015844 seconds, Stopping threads took: 0.0000810 seconds
2024-07-28T16:42:29.225+0800: 4.600: [CMS-concurrent-sweep-start]
2024-07-28T16:42:29.227+0800: 4.602: [CMS-concurrent-sweep: 0.001/0.001 secs] [Times: user=0.00 sys=0.00, real=0.00 secs] 
2024-07-28T16:42:29.227+0800: 4.602: [CMS-concurrent-reset-start]
2024-07-28T16:42:29.228+0800: 4.603: [CMS-concurrent-reset: 0.001/0.001 secs] [Times: user=0.00 sys=0.00, real=0.00 secs] 
2024-07-28T16:42:29.230+0800: 4.605: Application time: 0.0049308 seconds
2024-07-28T16:42:29.230+0800: 4.605: [GC (Allocation Failure) 2024-07-28T16:42:29.230+0800: 4.605: [ParNew: 77168K->8192K(78656K), 0.0126696 secs] 230398K->230030K(535432K), 0.0127163 secs] [Times: user=0.03 sys=0.00, real=0.01 secs] 
2024-07-28T16:42:29.243+0800: 4.618: Total time for which application threads were stopped: 0.0128128 seconds, Stopping threads took: 0.0000139 seconds
2024-07-28T16:42:29.243+0800: 4.618: Application time: 0.0002592 seconds
2024-07-28T16:42:29.243+0800: 4.618: [GC (CMS Initial Mark) [1 CMS-initial-mark: 221838K(456776K)] 233470K(535432K), 0.0008241 secs] [Times: user=0.00 sys=0.00, real=0.00 secs] 
2024-07-28T16:42:29.244+0800: 4.619: Total time for which application threads were stopped: 0.0009502 seconds, Stopping threads took: 0.0000817 seconds
2024-07-28T16:42:29.244+0800: 4.619: [CMS-concurrent-mark-start]
2024-07-28T16:42:29.246+0800: 4.621: [CMS-concurrent-mark: 0.002/0.002 secs] [Times: user=0.00 sys=0.00, real=0.00 secs] 
2024-07-28T16:42:29.246+0800: 4.621: [CMS-concurrent-preclean-start]
2024-07-28T16:42:29.246+0800: 4.621: [CMS-concurrent-preclean: 0.001/0.001 secs] [Times: user=0.00 sys=0.00, real=0.00 secs] 
2024-07-28T16:42:29.246+0800: 4.621: [CMS-concurrent-abortable-preclean-start]
2024-07-28T16:42:29.360+0800: 4.735: Application time: 0.1163874 seconds
2024-07-28T16:42:29.360+0800: 4.735: [GC (Allocation Failure) 2024-07-28T16:42:29.360+0800: 4.735: [ParNew: 77168K->8192K(78656K), 0.0122399 secs] 299007K->298639K(535432K), 0.0123045 secs] [Times: user=0.03 sys=0.00, real=0.01 secs] 
2024-07-28T16:42:29.373+0800: 4.748: Total time for which application threads were stopped: 0.0124188 seconds, Stopping threads took: 0.0000200 seconds
2024-07-28T16:42:29.484+0800: 4.860: Application time: 0.1119258 seconds
2024-07-28T16:42:29.485+0800: 4.860: [GC (Allocation Failure) 2024-07-28T16:42:29.485+0800: 4.860: [ParNew: 77168K->8192K(78656K), 0.0035422 secs] 367616K->307856K(535432K), 0.0036021 secs] [Times: user=0.00 sys=0.00, real=0.00 secs] 
2024-07-28T16:42:29.488+0800: 4.863: Total time for which application threads were stopped: 0.0037180 seconds, Stopping threads took: 0.0000211 seconds
2024-07-28T16:42:29.488+0800: 4.863: [CMS-concurrent-abortable-preclean: 0.006/0.242 secs] [Times: user=0.03 sys=0.00, real=0.24 secs] 
2024-07-28T16:42:29.488+0800: 4.864: Application time: 0.0002551 seconds
2024-07-28T16:42:29.489+0800: 4.864: [GC (CMS Final Remark) [YG occupancy: 11631 K (78656 K)]2024-07-28T16:42:29.489+0800: 4.864: [Rescan (parallel) , 0.0008235 secs]2024-07-28T16:42:29.489+0800: 4.865: [weak refs processing, 0.0000126 secs]2024-07-28T16:42:29.490+0800: 4.865: [class unloading, 0.0001771 secs]2024-07-28T16:42:29.490+0800: 4.865: [scrub symbol table, 0.0003528 secs]2024-07-28T16:42:29.490+0800: 4.865: [scrub string table, 0.0001104 secs][1 CMS-remark: 299663K(456776K)] 311295K(535432K), 0.0015636 secs] [Times: user=0.00 sys=0.00, real=0.00 secs] 
2024-07-28T16:42:29.490+0800: 4.865: Total time for which application threads were stopped: 0.0017433 seconds, Stopping threads took: 0.0001431 seconds
2024-07-28T16:42:29.490+0800: 4.866: [CMS-concurrent-sweep-start]
2024-07-28T16:42:29.492+0800: 4.867: [CMS-concurrent-sweep: 0.001/0.001 secs] [Times: user=0.00 sys=0.00, real=0.00 secs] 
2024-07-28T16:42:29.492+0800: 4.867: [CMS-concurrent-reset-start]
2024-07-28T16:42:29.493+0800: 4.869: [CMS-concurrent-reset: 0.001/0.001 secs] [Times: user=0.00 sys=0.00, real=0.00 secs] 
2024-07-28T16:42:29.495+0800: 4.870: Application time: 0.0049486 seconds
2024-07-28T16:42:29.495+0800: 4.870: [GC (Allocation Failure) 2024-07-28T16:42:29.495+0800: 4.870: [ParNew: 77168K->8192K(78656K), 0.0119369 secs] 232446K->232078K(535432K), 0.0119843 secs] [Times: user=0.03 sys=0.00, real=0.01 secs] 
2024-07-28T16:42:29.507+0800: 4.882: Total time for which application threads were stopped: 0.0120795 seconds, Stopping threads took: 0.0000132 seconds
2024-07-28T16:42:29.507+0800: 4.883: Application time: 0.0002750 seconds
2024-07-28T16:42:29.508+0800: 4.883: [GC (CMS Initial Mark) [1 CMS-initial-mark: 223886K(456776K)] 235518K(535432K), 0.0007609 secs] [Times: user=0.00 sys=0.00, real=0.00 secs] 
2024-07-28T16:42:29.508+0800: 4.884: Total time for which application threads were stopped: 0.0009278 seconds, Stopping threads took: 0.0001257 seconds
2024-07-28T16:42:29.509+0800: 4.884: [CMS-concurrent-mark-start]
2024-07-28T16:42:29.510+0800: 4.885: [CMS-concurrent-mark: 0.002/0.002 secs] [Times: user=0.00 sys=0.00, real=0.00 secs] 
2024-07-28T16:42:29.510+0800: 4.885: [CMS-concurrent-preclean-start]
2024-07-28T16:42:29.511+0800: 4.886: [CMS-concurrent-preclean: 0.001/0.001 secs] [Times: user=0.00 sys=0.00, real=0.00 secs] 
2024-07-28T16:42:29.511+0800: 4.886: [CMS-concurrent-abortable-preclean-start]
2024-07-28T16:42:29.627+0800: 5.002: Application time: 0.1186988 seconds
2024-07-28T16:42:29.627+0800: 5.002: [GC (Allocation Failure) 2024-07-28T16:42:29.627+0800: 5.002: [ParNew: 77168K->8192K(78656K), 0.0117242 secs] 301055K->300687K(535432K), 0.0117829 secs] [Times: user=0.03 sys=0.00, real=0.01 secs] 
2024-07-28T16:42:29.639+0800: 5.014: Total time for which application threads were stopped: 0.0118914 seconds, Stopping threads took: 0.0000186 seconds
2024-07-28T16:42:29.751+0800: 5.126: Application time: 0.1116909 seconds
2024-07-28T16:42:29.751+0800: 5.126: [GC (Allocation Failure) 2024-07-28T16:42:29.751+0800: 5.126: [ParNew: 77168K->8192K(78656K), 0.0036399 secs] 369664K->310928K(535432K), 0.0036988 secs] [Times: user=0.00 sys=0.00, real=0.00 secs] 
2024-07-28T16:42:29.754+0800: 5.130: Total time for which application threads were stopped: 0.0038133 seconds, Stopping threads took: 0.0000187 seconds
2024-07-28T16:42:29.755+0800: 5.130: [CMS-concurrent-abortable-preclean: 0.005/0.244 secs] [Times: user=0.06 sys=0.00, real=0.24 secs] 
2024-07-28T16:42:29.755+0800: 5.130: Application time: 0.0003701 seconds
2024-07-28T16:42:29.755+0800: 5.130: [GC (CMS Final Remark) [YG occupancy: 14703 K (78656 K)]2024-07-28T16:42:29.755+0800: 5.130: [Rescan (parallel) , 0.0009325 secs]2024-07-28T16:42:29.756+0800: 5.131: [weak refs processing, 0.0000130 secs]2024-07-28T16:42:29.756+0800: 5.131: [class unloading, 0.0001781 secs]2024-07-28T16:42:29.756+0800: 5.132: [scrub symbol table, 0.0003815 secs]2024-07-28T16:42:29.757+0800: 5.132: [scrub string table, 0.0001010 secs][1 CMS-remark: 302735K(456776K)] 317439K(535432K), 0.0016763 secs] [Times: user=0.00 sys=0.00, real=0.00 secs] 
2024-07-28T16:42:29.757+0800: 5.132: Total time for which application threads were stopped: 0.0018845 seconds, Stopping threads took: 0.0001681 seconds
2024-07-28T16:42:29.757+0800: 5.132: [CMS-concurrent-sweep-start]
2024-07-28T16:42:29.758+0800: 5.134: [CMS-concurrent-sweep: 0.001/0.001 secs] [Times: user=0.00 sys=0.00, real=0.00 secs] 
2024-07-28T16:42:29.758+0800: 5.134: [CMS-concurrent-reset-start]
2024-07-28T16:42:29.760+0800: 5.135: [CMS-concurrent-reset: 0.001/0.001 secs] [Times: user=0.00 sys=0.00, real=0.00 secs] 
2024-07-28T16:42:29.761+0800: 5.137: Application time: 0.0045789 seconds
2024-07-28T16:42:29.761+0800: 5.137: [GC (Allocation Failure) 2024-07-28T16:42:29.761+0800: 5.137: [ParNew: 77168K->8192K(78656K), 0.0119332 secs] 234494K->234126K(535432K), 0.0119817 secs] [Times: user=0.03 sys=0.00, real=0.01 secs] 
2024-07-28T16:42:29.773+0800: 5.149: Total time for which application threads were stopped: 0.0120781 seconds, Stopping threads took: 0.0000131 seconds
2024-07-28T16:42:29.774+0800: 5.149: Application time: 0.0001663 seconds
2024-07-28T16:42:29.774+0800: 5.149: [GC (CMS Initial Mark) [1 CMS-initial-mark: 225934K(456776K)] 237566K(535432K), 0.0007788 secs] [Times: user=0.00 sys=0.00, real=0.00 secs] 
2024-07-28T16:42:29.775+0800: 5.150: Total time for which application threads were stopped: 0.0009989 seconds, Stopping threads took: 0.0001736 seconds
2024-07-28T16:42:29.775+0800: 5.150: [CMS-concurrent-mark-start]
2024-07-28T16:42:29.776+0800: 5.152: [CMS-concurrent-mark: 0.002/0.002 secs] [Times: user=0.00 sys=0.00, real=0.00 secs] 
2024-07-28T16:42:29.776+0800: 5.152: [CMS-concurrent-preclean-start]
2024-07-28T16:42:29.777+0800: 5.152: [CMS-concurrent-preclean: 0.001/0.001 secs] [Times: user=0.00 sys=0.00, real=0.00 secs] 
2024-07-28T16:42:29.777+0800: 5.152: [CMS-concurrent-abortable-preclean-start]
2024-07-28T16:42:29.893+0800: 5.269: Application time: 0.1187660 seconds
2024-07-28T16:42:29.893+0800: 5.269: [GC (Allocation Failure) 2024-07-28T16:42:29.893+0800: 5.269: [ParNew: 77168K->8192K(78656K), 0.0118194 secs] 303103K->302735K(535432K), 0.0118934 secs] [Times: user=0.03 sys=0.00, real=0.01 secs] 
2024-07-28T16:42:29.905+0800: 5.281: Total time for which application threads were stopped: 0.0120156 seconds, Stopping threads took: 0.0000194 seconds
2024-07-28T16:42:30.016+0800: 5.392: Application time: 0.1111555 seconds
2024-07-28T16:42:30.016+0800: 5.392: [GC (Allocation Failure) 2024-07-28T16:42:30.016+0800: 5.392: [ParNew: 77168K->8192K(78656K), 0.0042930 secs] 371712K->314000K(535432K), 0.0043463 secs] [Times: user=0.03 sys=0.00, real=0.00 secs] 
2024-07-28T16:42:30.020+0800: 5.396: Total time for which application threads were stopped: 0.0044570 seconds, Stopping threads took: 0.0000199 seconds
2024-07-28T16:42:30.020+0800: 5.396: [CMS-concurrent-abortable-preclean: 0.005/0.244 secs] [Times: user=0.06 sys=0.00, real=0.24 secs] 
2024-07-28T16:42:30.021+0800: 5.396: Application time: 0.0002036 seconds
2024-07-28T16:42:30.021+0800: 5.397: [GC (CMS Final Remark) [YG occupancy: 11631 K (78656 K)]2024-07-28T16:42:30.021+0800: 5.397: [Rescan (parallel) , 0.0009957 secs]2024-07-28T16:42:30.022+0800: 5.398: [weak refs processing, 0.0000129 secs]2024-07-28T16:42:30.022+0800: 5.398: [class unloading, 0.0001907 secs]2024-07-28T16:42:30.022+0800: 5.398: [scrub symbol table, 0.0003426 secs]2024-07-28T16:42:30.022+0800: 5.398: [scrub string table, 0.0001009 secs][1 CMS-remark: 305808K(456776K)] 317439K(535432K), 0.0017083 secs] [Times: user=0.00 sys=0.00, real=0.00 secs] 
2024-07-28T16:42:30.022+0800: 5.398: Total time for which application threads were stopped: 0.0018877 seconds, Stopping threads took: 0.0001368 seconds
2024-07-28T16:42:30.024+0800: 5.398: [CMS-concurrent-sweep-start]
2024-07-28T16:42:30.025+0800: 5.400: [CMS-concurrent-sweep: 0.001/0.001 secs] [Times: user=0.00 sys=0.00, real=0.00 secs] 
2024-07-28T16:42:30.025+0800: 5.400: [CMS-concurrent-reset-start]
2024-07-28T16:42:30.025+0800: 5.401: [CMS-concurrent-reset: 0.001/0.001 secs] [Times: user=0.00 sys=0.00, real=0.00 secs] 
2024-07-28T16:42:30.028+0800: 5.403: Application time: 0.0050154 seconds
2024-07-28T16:42:30.029+0800: 5.403: [GC (Allocation Failure) 2024-07-28T16:42:30.029+0800: 5.403: [ParNew: 77168K->8192K(78656K), 0.0122631 secs] 236542K->236174K(535432K), 0.0123142 secs] [Times: user=0.03 sys=0.00, real=0.01 secs] 
2024-07-28T16:42:30.040+0800: 5.416: Total time for which application threads were stopped: 0.0124137 seconds, Stopping threads took: 0.0000126 seconds
2024-07-28T16:42:30.040+0800: 5.416: Application time: 0.0002200 seconds
2024-07-28T16:42:30.040+0800: 5.416: [GC (CMS Initial Mark) [1 CMS-initial-mark: 227982K(456776K)] 239614K(535432K), 0.0007594 secs] [Times: user=0.00 sys=0.00, real=0.00 secs] 
2024-07-28T16:42:30.041+0800: 5.417: Total time for which application threads were stopped: 0.0008802 seconds, Stopping threads took: 0.0000786 seconds
2024-07-28T16:42:30.041+0800: 5.417: [CMS-concurrent-mark-start]
2024-07-28T16:42:30.043+0800: 5.419: [CMS-concurrent-mark: 0.002/0.002 secs] [Times: user=0.00 sys=0.00, real=0.00 secs] 
2024-07-28T16:42:30.043+0800: 5.419: [CMS-concurrent-preclean-start]
2024-07-28T16:42:30.043+0800: 5.419: [CMS-concurrent-preclean: 0.001/0.001 secs] [Times: user=0.00 sys=0.00, real=0.00 secs] 
2024-07-28T16:42:30.043+0800: 5.419: [CMS-concurrent-abortable-preclean-start]
2024-07-28T16:42:30.157+0800: 5.532: Application time: 0.1155154 seconds
2024-07-28T16:42:30.157+0800: 5.533: [GC (Allocation Failure) 2024-07-28T16:42:30.157+0800: 5.533: [ParNew: 77168K->8192K(78656K), 0.0118843 secs] 305151K->304784K(535432K), 0.0119452 secs] [Times: user=0.03 sys=0.00, real=0.01 secs] 
2024-07-28T16:42:30.169+0800: 5.545: Total time for which application threads were stopped: 0.0120553 seconds, Stopping threads took: 0.0000198 seconds
2024-07-28T16:42:30.280+0800: 5.656: Application time: 0.1114216 seconds
2024-07-28T16:42:30.281+0800: 5.656: [GC (Allocation Failure) 2024-07-28T16:42:30.281+0800: 5.656: [ParNew: 77168K->8192K(78656K), 0.0042406 secs] 373760K->317072K(535432K), 0.0043141 secs] [Times: user=0.00 sys=0.00, real=0.00 secs] 
2024-07-28T16:42:30.285+0800: 5.660: Total time for which application threads were stopped: 0.0044292 seconds, Stopping threads took: 0.0000199 seconds
2024-07-28T16:42:30.285+0800: 5.660: [CMS-concurrent-abortable-preclean: 0.006/0.241 secs] [Times: user=0.03 sys=0.00, real=0.24 secs] 
2024-07-28T16:42:30.285+0800: 5.661: Application time: 0.0003015 seconds
2024-07-28T16:42:30.285+0800: 5.661: [GC (CMS Final Remark) [YG occupancy: 12655 K (78656 K)]2024-07-28T16:42:30.285+0800: 5.661: [Rescan (parallel) , 0.0010709 secs]2024-07-28T16:42:30.286+0800: 5.662: [weak refs processing, 0.0000133 secs]2024-07-28T16:42:30.286+0800: 5.662: [class unloading, 0.0001966 secs]2024-07-28T16:42:30.287+0800: 5.662: [scrub symbol table, 0.0003523 secs]2024-07-28T16:42:30.287+0800: 5.662: [scrub string table, 0.0001138 secs][1 CMS-remark: 308880K(456776K)] 321535K(535432K), 0.0018111 secs] [Times: user=0.03 sys=0.00, real=0.00 secs] 
2024-07-28T16:42:30.287+0800: 5.663: Total time for which application threads were stopped: 0.0019712 seconds, Stopping threads took: 0.0001230 seconds
2024-07-28T16:42:30.287+0800: 5.663: [CMS-concurrent-sweep-start]
2024-07-28T16:42:30.289+0800: 5.664: [CMS-concurrent-sweep: 0.002/0.002 secs] [Times: user=0.00 sys=0.00, real=0.00 secs] 
2024-07-28T16:42:30.289+0800: 5.664: [CMS-concurrent-reset-start]
2024-07-28T16:42:30.290+0800: 5.666: [CMS-concurrent-reset: 0.001/0.001 secs] [Times: user=0.00 sys=0.00, real=0.00 secs] 
2024-07-28T16:42:30.292+0800: 5.668: Application time: 0.0050151 seconds
2024-07-28T16:42:30.292+0800: 5.668: [GC (Allocation Failure) 2024-07-28T16:42:30.292+0800: 5.668: [ParNew: 77168K->8192K(78656K), 0.0118996 secs] 238590K->238223K(535432K), 0.0119476 secs] [Times: user=0.03 sys=0.00, real=0.01 secs] 
2024-07-28T16:42:30.304+0800: 5.680: Total time for which application threads were stopped: 0.0120427 seconds, Stopping threads took: 0.0000124 seconds
2024-07-28T16:42:30.304+0800: 5.680: Application time: 0.0002204 seconds
2024-07-28T16:42:30.305+0800: 5.680: [GC (CMS Initial Mark) [1 CMS-initial-mark: 230030K(456776K)] 241662K(535432K), 0.0008972 secs] [Times: user=0.00 sys=0.00, real=0.00 secs] 
2024-07-28T16:42:30.305+0800: 5.681: Total time for which application threads were stopped: 0.0010412 seconds, Stopping threads took: 0.0001004 seconds
2024-07-28T16:42:30.306+0800: 5.681: [CMS-concurrent-mark-start]
2024-07-28T16:42:30.307+0800: 5.683: [CMS-concurrent-mark: 0.002/0.002 secs] [Times: user=0.00 sys=0.00, real=0.00 secs] 
2024-07-28T16:42:30.307+0800: 5.683: [CMS-concurrent-preclean-start]
2024-07-28T16:42:30.308+0800: 5.683: [CMS-concurrent-preclean: 0.001/0.001 secs] [Times: user=0.00 sys=0.00, real=0.00 secs] 
2024-07-28T16:42:30.308+0800: 5.683: [CMS-concurrent-abortable-preclean-start]
2024-07-28T16:42:30.423+0800: 5.798: Application time: 0.1174528 seconds
2024-07-28T16:42:30.423+0800: 5.798: [GC (Allocation Failure) 2024-07-28T16:42:30.423+0800: 5.799: [ParNew: 77168K->8192K(78656K), 0.0123495 secs] 307199K->306832K(535432K), 0.0124086 secs] [Times: user=0.03 sys=0.00, real=0.01 secs] 
2024-07-28T16:42:30.435+0800: 5.811: Total time for which application threads were stopped: 0.0125285 seconds, Stopping threads took: 0.0000188 seconds
2024-07-28T16:42:30.545+0800: 5.920: Application time: 0.1094827 seconds
2024-07-28T16:42:30.545+0800: 5.920: [GC (Allocation Failure) 2024-07-28T16:42:30.545+0800: 5.921: [ParNew: 77168K->8192K(78656K), 0.0044219 secs] 375808K->320144K(535432K), 0.0044949 secs] [Times: user=0.00 sys=0.00, real=0.00 secs] 
2024-07-28T16:42:30.549+0800: 5.925: Total time for which application threads were stopped: 0.0046040 seconds, Stopping threads took: 0.0000198 seconds
2024-07-28T16:42:30.549+0800: 5.925: [CMS-concurrent-abortable-preclean: 0.005/0.242 secs] [Times: user=0.03 sys=0.00, real=0.24 secs] 
2024-07-28T16:42:30.550+0800: 5.925: Application time: 0.0002503 seconds
2024-07-28T16:42:30.550+0800: 5.925: [GC (CMS Final Remark) [YG occupancy: 11631 K (78656 K)]2024-07-28T16:42:30.550+0800: 5.925: [Rescan (parallel) , 0.0007226 secs]2024-07-28T16:42:30.551+0800: 5.926: [weak refs processing, 0.0000127 secs]2024-07-28T16:42:30.551+0800: 5.926: [class unloading, 0.0002017 secs]2024-07-28T16:42:30.551+0800: 5.926: [scrub symbol table, 0.0003348 secs]2024-07-28T16:42:30.551+0800: 5.927: [scrub string table, 0.0000999 secs][1 CMS-remark: 311952K(456776K)] 323583K(535432K), 0.0014350 secs] [Times: user=0.00 sys=0.00, real=0.00 secs] 
2024-07-28T16:42:30.551+0800: 5.927: Total time for which application threads were stopped: 0.0015992 seconds, Stopping threads took: 0.0001284 seconds
2024-07-28T16:42:30.551+0800: 5.927: [CMS-concurrent-sweep-start]
2024-07-28T16:42:30.553+0800: 5.929: [CMS-concurrent-sweep: 0.001/0.001 secs] [Times: user=0.00 sys=0.00, real=0.00 secs] 
2024-07-28T16:42:30.553+0800: 5.929: [CMS-concurrent-reset-start]
2024-07-28T16:42:30.554+0800: 5.930: [CMS-concurrent-reset: 0.001/0.001 secs] [Times: user=0.00 sys=0.00, real=0.00 secs] 
2024-07-28T16:42:30.556+0800: 5.932: Application time: 0.0048989 seconds
2024-07-28T16:42:30.556+0800: 5.932: [GC (Allocation Failure) 2024-07-28T16:42:30.556+0800: 5.932: [ParNew: 77168K->8192K(78656K), 0.0121647 secs] 240638K->240271K(535432K), 0.0122273 secs] [Times: user=0.03 sys=0.00, real=0.01 secs] 
2024-07-28T16:42:30.568+0800: 5.944: Total time for which application threads were stopped: 0.0123217 seconds, Stopping threads took: 0.0000123 seconds
2024-07-28T16:42:30.569+0800: 5.944: Application time: 0.0001942 seconds
2024-07-28T16:42:30.569+0800: 5.944: [GC (CMS Initial Mark) [1 CMS-initial-mark: 232078K(456776K)] 243710K(535432K), 0.0007296 secs] [Times: user=0.00 sys=0.00, real=0.00 secs] 
2024-07-28T16:42:30.570+0800: 5.945: Total time for which application threads were stopped: 0.0009039 seconds, Stopping threads took: 0.0001319 seconds
2024-07-28T16:42:30.570+0800: 5.945: [CMS-concurrent-mark-start]
2024-07-28T16:42:30.571+0800: 5.947: [CMS-concurrent-mark: 0.001/0.001 secs] [Times: user=0.00 sys=0.00, real=0.00 secs] 
2024-07-28T16:42:30.571+0800: 5.947: [CMS-concurrent-preclean-start]
2024-07-28T16:42:30.572+0800: 5.947: [CMS-concurrent-preclean: 0.001/0.001 secs] [Times: user=0.00 sys=0.00, real=0.00 secs] 
2024-07-28T16:42:30.572+0800: 5.947: [CMS-concurrent-abortable-preclean-start]
2024-07-28T16:42:30.689+0800: 6.064: Application time: 0.1191395 seconds
2024-07-28T16:42:30.689+0800: 6.064: [GC (Allocation Failure) 2024-07-28T16:42:30.689+0800: 6.064: [ParNew: 77168K->8192K(78656K), 0.0120745 secs] 309247K->308880K(535432K), 0.0121375 secs] [Times: user=0.03 sys=0.00, real=0.01 secs] 
2024-07-28T16:42:30.701+0800: 6.077: Total time for which application threads were stopped: 0.0122598 seconds, Stopping threads took: 0.0000339 seconds
2024-07-28T16:42:30.814+0800: 6.189: Application time: 0.1124890 seconds
2024-07-28T16:42:30.814+0800: 6.189: [GC (Allocation Failure) 2024-07-28T16:42:30.814+0800: 6.189: [ParNew: 77168K->8192K(78656K), 0.0046744 secs] 377856K->323216K(535432K), 0.0047303 secs] [Times: user=0.03 sys=0.00, real=0.00 secs] 
2024-07-28T16:42:30.819+0800: 6.194: Total time for which application threads were stopped: 0.0048442 seconds, Stopping threads took: 0.0000184 seconds
2024-07-28T16:42:30.819+0800: 6.194: [CMS-concurrent-abortable-preclean: 0.005/0.247 secs] [Times: user=0.06 sys=0.00, real=0.25 secs] 
2024-07-28T16:42:30.819+0800: 6.194: Application time: 0.0003592 seconds
2024-07-28T16:42:30.819+0800: 6.194: [GC (CMS Final Remark) [YG occupancy: 13679 K (78656 K)]2024-07-28T16:42:30.819+0800: 6.195: [Rescan (parallel) , 0.0008300 secs]2024-07-28T16:42:30.820+0800: 6.195: [weak refs processing, 0.0000178 secs]2024-07-28T16:42:30.820+0800: 6.195: [class unloading, 0.0001753 secs]2024-07-28T16:42:30.820+0800: 6.196: [scrub symbol table, 0.0003422 secs]2024-07-28T16:42:30.820+0800: 6.196: [scrub string table, 0.0001043 secs][1 CMS-remark: 315024K(456776K)] 328703K(535432K), 0.0015334 secs] [Times: user=0.00 sys=0.00, real=0.00 secs] 
2024-07-28T16:42:30.821+0800: 6.196: Total time for which application threads were stopped: 0.0017112 seconds, Stopping threads took: 0.0001409 seconds
2024-07-28T16:42:30.821+0800: 6.196: [CMS-concurrent-sweep-start]
2024-07-28T16:42:30.822+0800: 6.198: [CMS-concurrent-sweep: 0.002/0.002 secs] [Times: user=0.00 sys=0.00, real=0.00 secs] 
2024-07-28T16:42:30.822+0800: 6.198: [CMS-concurrent-reset-start]
2024-07-28T16:42:30.824+0800: 6.199: [CMS-concurrent-reset: 0.001/0.001 secs] [Times: user=0.00 sys=0.00, real=0.00 secs] 
2024-07-28T16:42:30.825+0800: 6.201: Application time: 0.0047518 seconds
2024-07-28T16:42:30.825+0800: 6.201: [GC (Allocation Failure) 2024-07-28T16:42:30.825+0800: 6.201: [ParNew: 77168K->8192K(78656K), 0.0118701 secs] 242686K->242319K(535432K), 0.0119330 secs] [Times: user=0.03 sys=0.00, real=0.01 secs] 
2024-07-28T16:42:30.837+0800: 6.213: Total time for which application threads were stopped: 0.0120277 seconds, Stopping threads took: 0.0000128 seconds
2024-07-28T16:42:30.838+0800: 6.213: Application time: 0.0001488 seconds
2024-07-28T16:42:30.838+0800: 6.213: [GC (CMS Initial Mark) [1 CMS-initial-mark: 234126K(456776K)] 245758K(535432K), 0.0007533 secs] [Times: user=0.00 sys=0.00, real=0.00 secs] 
2024-07-28T16:42:30.839+0800: 6.214: Total time for which application threads were stopped: 0.0009597 seconds, Stopping threads took: 0.0001601 seconds
2024-07-28T16:42:30.839+0800: 6.214: [CMS-concurrent-mark-start]
2024-07-28T16:42:30.840+0800: 6.215: [CMS-concurrent-mark: 0.001/0.001 secs] [Times: user=0.00 sys=0.00, real=0.00 secs] 
2024-07-28T16:42:30.840+0800: 6.215: [CMS-concurrent-preclean-start]
2024-07-28T16:42:30.841+0800: 6.216: [CMS-concurrent-preclean: 0.001/0.001 secs] [Times: user=0.00 sys=0.00, real=0.00 secs] 
2024-07-28T16:42:30.841+0800: 6.216: [CMS-concurrent-abortable-preclean-start]
2024-07-28T16:42:30.957+0800: 6.332: Application time: 0.1182337 seconds
2024-07-28T16:42:30.957+0800: 6.332: [GC (Allocation Failure) 2024-07-28T16:42:30.957+0800: 6.332: [ParNew: 77168K->8192K(78656K), 0.0117371 secs] 311295K->310928K(535432K), 0.0118037 secs] [Times: user=0.03 sys=0.00, real=0.01 secs] 
2024-07-28T16:42:30.969+0800: 6.344: Total time for which application threads were stopped: 0.0119134 seconds, Stopping threads took: 0.0000194 seconds
2024-07-28T16:42:31.081+0800: 6.456: Application time: 0.1119953 seconds
2024-07-28T16:42:31.081+0800: 6.456: [GC (Allocation Failure) 2024-07-28T16:42:31.081+0800: 6.456: [ParNew: 77168K->8192K(78656K), 0.0046291 secs] 379904K->326288K(535432K), 0.0046877 secs] [Times: user=0.03 sys=0.00, real=0.00 secs] 
2024-07-28T16:42:31.086+0800: 6.461: Total time for which application threads were stopped: 0.0047970 seconds, Stopping threads took: 0.0000196 seconds
2024-07-28T16:42:31.086+0800: 6.461: [CMS-concurrent-abortable-preclean: 0.005/0.245 secs] [Times: user=0.06 sys=0.00, real=0.24 secs] 
2024-07-28T16:42:31.086+0800: 6.461: Application time: 0.0003773 seconds
2024-07-28T16:42:31.086+0800: 6.461: [GC (CMS Final Remark) [YG occupancy: 14703 K (78656 K)]2024-07-28T16:42:31.086+0800: 6.461: [Rescan (parallel) , 0.0009418 secs]2024-07-28T16:42:31.087+0800: 6.462: [weak refs processing, 0.0000129 secs]2024-07-28T16:42:31.087+0800: 6.462: [class unloading, 0.0001756 secs]2024-07-28T16:42:31.087+0800: 6.463: [scrub symbol table, 0.0003562 secs]2024-07-28T16:42:31.088+0800: 6.463: [scrub string table, 0.0001143 secs][1 CMS-remark: 318096K(456776K)] 332800K(535432K), 0.0016634 secs] [Times: user=0.00 sys=0.00, real=0.00 secs] 
2024-07-28T16:42:31.088+0800: 6.463: Total time for which application threads were stopped: 0.0018594 seconds, Stopping threads took: 0.0001599 seconds
2024-07-28T16:42:31.088+0800: 6.463: [CMS-concurrent-sweep-start]
2024-07-28T16:42:31.090+0800: 6.465: [CMS-concurrent-sweep: 0.001/0.001 secs] [Times: user=0.00 sys=0.00, real=0.00 secs] 
2024-07-28T16:42:31.090+0800: 6.465: [CMS-concurrent-reset-start]
2024-07-28T16:42:31.091+0800: 6.466: [CMS-concurrent-reset: 0.001/0.001 secs] [Times: user=0.00 sys=0.00, real=0.00 secs] 
2024-07-28T16:42:31.093+0800: 6.468: Application time: 0.0046258 seconds
2024-07-28T16:42:31.093+0800: 6.468: [GC (Allocation Failure) 2024-07-28T16:42:31.093+0800: 6.468: [ParNew: 77168K->8192K(78656K), 0.0123941 secs] 244734K->244367K(535432K), 0.0124413 secs] [Times: user=0.03 sys=0.00, real=0.01 secs] 
2024-07-28T16:42:31.105+0800: 6.480: Total time for which application threads were stopped: 0.0125326 seconds, Stopping threads took: 0.0000121 seconds
2024-07-28T16:42:31.105+0800: 6.481: Application time: 0.0002441 seconds
2024-07-28T16:42:31.105+0800: 6.481: [GC (CMS Initial Mark) [1 CMS-initial-mark: 236174K(456776K)] 247806K(535432K), 0.0008120 secs] [Times: user=0.00 sys=0.00, real=0.00 secs] 
2024-07-28T16:42:31.106+0800: 6.481: Total time for which application threads were stopped: 0.0009306 seconds, Stopping threads took: 0.0000764 seconds
2024-07-28T16:42:31.106+0800: 6.482: [CMS-concurrent-mark-start]
2024-07-28T16:42:31.108+0800: 6.483: [CMS-concurrent-mark: 0.001/0.001 secs] [Times: user=0.00 sys=0.00, real=0.00 secs] 
2024-07-28T16:42:31.108+0800: 6.483: [CMS-concurrent-preclean-start]
2024-07-28T16:42:31.108+0800: 6.483: [CMS-concurrent-preclean: 0.001/0.001 secs] [Times: user=0.00 sys=0.00, real=0.00 secs] 
2024-07-28T16:42:31.108+0800: 6.483: [CMS-concurrent-abortable-preclean-start]
2024-07-28T16:42:31.225+0800: 6.600: Application time: 0.1187298 seconds
2024-07-28T16:42:31.225+0800: 6.600: [GC (Allocation Failure) 2024-07-28T16:42:31.225+0800: 6.600: [ParNew: 77168K->8192K(78656K), 0.0115745 secs] 313343K->312976K(535432K), 0.0116333 secs] [Times: user=0.00 sys=0.00, real=0.01 secs] 
2024-07-28T16:42:31.237+0800: 6.612: Total time for which application threads were stopped: 0.0117442 seconds, Stopping threads took: 0.0000192 seconds
2024-07-28T16:42:31.349+0800: 6.724: Application time: 0.1119746 seconds
2024-07-28T16:42:31.349+0800: 6.724: [GC (Allocation Failure) 2024-07-28T16:42:31.349+0800: 6.724: [ParNew: 77168K->8192K(78656K), 0.0045987 secs] 381952K->329360K(535432K), 0.0046658 secs] [Times: user=0.00 sys=0.00, real=0.01 secs] 
2024-07-28T16:42:31.354+0800: 6.729: Total time for which application threads were stopped: 0.0047782 seconds, Stopping threads took: 0.0000215 seconds
2024-07-28T16:42:31.354+0800: 6.729: [CMS-concurrent-abortable-preclean: 0.006/0.245 secs] [Times: user=0.06 sys=0.00, real=0.25 secs] 
2024-07-28T16:42:31.354+0800: 6.729: Application time: 0.0002935 seconds
2024-07-28T16:42:31.354+0800: 6.729: [GC (CMS Final Remark) [YG occupancy: 12655 K (78656 K)]2024-07-28T16:42:31.354+0800: 6.729: [Rescan (parallel) , 0.0007985 secs]2024-07-28T16:42:31.355+0800: 6.730: [weak refs processing, 0.0000117 secs]2024-07-28T16:42:31.355+0800: 6.730: [class unloading, 0.0001663 secs]2024-07-28T16:42:31.355+0800: 6.730: [scrub symbol table, 0.0003146 secs]2024-07-28T16:42:31.355+0800: 6.731: [scrub string table, 0.0000924 secs][1 CMS-remark: 321168K(456776K)] 333824K(535432K), 0.0014438 secs] [Times: user=0.00 sys=0.00, real=0.00 secs] 
2024-07-28T16:42:31.355+0800: 6.731: Total time for which application threads were stopped: 0.0016310 seconds, Stopping threads took: 0.0001517 seconds
2024-07-28T16:42:31.356+0800: 6.731: [CMS-concurrent-sweep-start]
2024-07-28T16:42:31.357+0800: 6.732: [CMS-concurrent-sweep: 0.001/0.001 secs] [Times: user=0.00 sys=0.00, real=0.00 secs] 
2024-07-28T16:42:31.357+0800: 6.732: [CMS-concurrent-reset-start]
2024-07-28T16:42:31.358+0800: 6.734: [CMS-concurrent-reset: 0.001/0.001 secs] [Times: user=0.00 sys=0.00, real=0.00 secs] 
2024-07-28T16:42:31.360+0800: 6.736: Application time: 0.0049019 seconds
2024-07-28T16:42:31.360+0800: 6.736: [GC (Allocation Failure) 2024-07-28T16:42:31.360+0800: 6.736: [ParNew: 77168K->8192K(78656K), 0.0119133 secs] 246782K->246415K(535432K), 0.0119620 secs] [Times: user=0.03 sys=0.00, real=0.01 secs] 
2024-07-28T16:42:31.372+0800: 6.748: Total time for which application threads were stopped: 0.0120569 seconds, Stopping threads took: 0.0000133 seconds
2024-07-28T16:42:31.373+0800: 6.748: Application time: 0.0002206 seconds
2024-07-28T16:42:31.373+0800: 6.748: [GC (CMS Initial Mark) [1 CMS-initial-mark: 238223K(456776K)] 249854K(535432K), 0.0007878 secs] [Times: user=0.00 sys=0.00, real=0.00 secs] 
2024-07-28T16:42:31.374+0800: 6.749: Total time for which application threads were stopped: 0.0009614 seconds, Stopping threads took: 0.0001232 seconds
2024-07-28T16:42:31.374+0800: 6.749: [CMS-concurrent-mark-start]
2024-07-28T16:42:31.375+0800: 6.750: [CMS-concurrent-mark: 0.001/0.001 secs] [Times: user=0.00 sys=0.00, real=0.00 secs] 
2024-07-28T16:42:31.375+0800: 6.750: [CMS-concurrent-preclean-start]
2024-07-28T16:42:31.376+0800: 6.751: [CMS-concurrent-preclean: 0.001/0.001 secs] [Times: user=0.00 sys=0.00, real=0.00 secs] 
2024-07-28T16:42:31.376+0800: 6.751: [CMS-concurrent-abortable-preclean-start]
2024-07-28T16:42:31.491+0800: 6.866: Application time: 0.1175787 seconds
2024-07-28T16:42:31.491+0800: 6.866: [GC (Allocation Failure) 2024-07-28T16:42:31.491+0800: 6.866: [ParNew: 77168K->8192K(78656K), 0.0121335 secs] 315391K->315024K(535432K), 0.0121923 secs] [Times: user=0.00 sys=0.00, real=0.01 secs] 
2024-07-28T16:42:31.503+0800: 6.879: Total time for which application threads were stopped: 0.0123115 seconds, Stopping threads took: 0.0000188 seconds
2024-07-28T16:42:31.616+0800: 6.991: Application time: 0.1125633 seconds
2024-07-28T16:42:31.616+0800: 6.991: [GC (Allocation Failure) 2024-07-28T16:42:31.616+0800: 6.991: [ParNew: 77168K->8192K(78656K), 0.0047752 secs] 384000K->332432K(535432K), 0.0048607 secs] [Times: user=0.00 sys=0.00, real=0.01 secs] 
2024-07-28T16:42:31.621+0800: 6.996: Total time for which application threads were stopped: 0.0049690 seconds, Stopping threads took: 0.0000202 seconds
2024-07-28T16:42:31.621+0800: 6.996: [CMS-concurrent-abortable-preclean: 0.005/0.246 secs] [Times: user=0.05 sys=0.00, real=0.25 secs] 
2024-07-28T16:42:31.621+0800: 6.997: Application time: 0.0003098 seconds
2024-07-28T16:42:31.621+0800: 6.997: [GC (CMS Final Remark) [YG occupancy: 12655 K (78656 K)]2024-07-28T16:42:31.621+0800: 6.997: [Rescan (parallel) , 0.0010602 secs]2024-07-28T16:42:31.622+0800: 6.998: [weak refs processing, 0.0000128 secs]2024-07-28T16:42:31.622+0800: 6.998: [class unloading, 0.0001961 secs]2024-07-28T16:42:31.623+0800: 6.998: [scrub symbol table, 0.0003454 secs]2024-07-28T16:42:31.623+0800: 6.998: [scrub string table, 0.0001009 secs][1 CMS-remark: 324240K(456776K)] 336896K(535432K), 0.0017820 secs] [Times: user=0.00 sys=0.00, real=0.00 secs] 
2024-07-28T16:42:31.623+0800: 6.998: Total time for which application threads were stopped: 0.0019598 seconds, Stopping threads took: 0.0001418 seconds
2024-07-28T16:42:31.623+0800: 6.999: [CMS-concurrent-sweep-start]
2024-07-28T16:42:31.625+0800: 7.000: [CMS-concurrent-sweep: 0.002/0.002 secs] [Times: user=0.00 sys=0.00, real=0.00 secs] 
2024-07-28T16:42:31.625+0800: 7.000: [CMS-concurrent-reset-start]
2024-07-28T16:42:31.626+0800: 7.002: [CMS-concurrent-reset: 0.001/0.001 secs] [Times: user=0.00 sys=0.00, real=0.00 secs] 
2024-07-28T16:42:31.628+0800: 7.003: Application time: 0.0049519 seconds
2024-07-28T16:42:31.628+0800: 7.003: [GC (Allocation Failure) 2024-07-28T16:42:31.628+0800: 7.004: [ParNew: 77168K->8192K(78656K), 0.0134508 secs] 248830K->248463K(535432K), 0.0134993 secs] [Times: user=0.03 sys=0.00, real=0.01 secs] 
2024-07-28T16:42:31.642+0800: 7.017: Total time for which application threads were stopped: 0.0135937 seconds, Stopping threads took: 0.0000132 seconds
2024-07-28T16:42:31.642+0800: 7.017: Application time: 0.0002429 seconds
2024-07-28T16:42:31.642+0800: 7.017: [GC (CMS Initial Mark) [1 CMS-initial-mark: 240271K(456776K)] 251902K(535432K), 0.0007978 secs] [Times: user=0.00 sys=0.00, real=0.00 secs] 
2024-07-28T16:42:31.643+0800: 7.018: Total time for which application threads were stopped: 0.0009196 seconds, Stopping threads took: 0.0000786 seconds
2024-07-28T16:42:31.643+0800: 7.018: [CMS-concurrent-mark-start]
2024-07-28T16:42:31.644+0800: 7.019: [CMS-concurrent-mark: 0.001/0.001 secs] [Times: user=0.00 sys=0.00, real=0.00 secs] 
2024-07-28T16:42:31.644+0800: 7.019: [CMS-concurrent-preclean-start]
2024-07-28T16:42:31.645+0800: 7.020: [CMS-concurrent-preclean: 0.001/0.001 secs] [Times: user=0.01 sys=0.00, real=0.00 secs] 
2024-07-28T16:42:31.645+0800: 7.020: [CMS-concurrent-abortable-preclean-start]
2024-07-28T16:42:31.760+0800: 7.136: Application time: 0.1175127 seconds
2024-07-28T16:42:31.760+0800: 7.136: [GC (Allocation Failure) 2024-07-28T16:42:31.760+0800: 7.136: [ParNew: 77168K->8202K(78656K), 0.0116086 secs] 317439K->317082K(535432K), 0.0116863 secs] [Times: user=0.03 sys=0.00, real=0.01 secs] 
2024-07-28T16:42:31.772+0800: 7.148: Total time for which application threads were stopped: 0.0118383 seconds, Stopping threads took: 0.0000243 seconds
2024-07-28T16:42:31.885+0800: 7.261: Application time: 0.1129906 seconds
2024-07-28T16:42:31.885+0800: 7.261: [GC (Allocation Failure) 2024-07-28T16:42:31.885+0800: 7.261: [ParNew: 77178K->8192K(78656K), 0.0047915 secs] 386058K->335504K(535432K), 0.0048584 secs] [Times: user=0.00 sys=0.00, real=0.01 secs] 
2024-07-28T16:42:31.890+0800: 7.266: Total time for which application threads were stopped: 0.0049806 seconds, Stopping threads took: 0.0000201 seconds
2024-07-28T16:42:31.890+0800: 7.266: [CMS-concurrent-abortable-preclean: 0.005/0.245 secs] [Times: user=0.03 sys=0.00, real=0.25 secs] 
2024-07-28T16:42:31.890+0800: 7.266: Application time: 0.0003072 seconds
2024-07-28T16:42:31.890+0800: 7.266: [GC (CMS Final Remark) [YG occupancy: 12655 K (78656 K)]2024-07-28T16:42:31.890+0800: 7.266: [Rescan (parallel) , 0.0011113 secs]2024-07-28T16:42:31.892+0800: 7.267: [weak refs processing, 0.0000131 secs]2024-07-28T16:42:31.892+0800: 7.267: [class unloading, 0.0002139 secs]2024-07-28T16:42:31.892+0800: 7.267: [scrub symbol table, 0.0003473 secs]2024-07-28T16:42:31.892+0800: 7.268: [scrub string table, 0.0001004 secs][1 CMS-remark: 327312K(456776K)] 339968K(535432K), 0.0018501 secs] [Times: user=0.00 sys=0.00, real=0.00 secs] 
2024-07-28T16:42:31.892+0800: 7.268: Total time for which application threads were stopped: 0.0020281 seconds, Stopping threads took: 0.0001337 seconds
2024-07-28T16:42:31.893+0800: 7.268: [CMS-concurrent-sweep-start]
2024-07-28T16:42:31.894+0800: 7.270: [CMS-concurrent-sweep: 0.002/0.002 secs] [Times: user=0.00 sys=0.00, real=0.00 secs] 
2024-07-28T16:42:31.894+0800: 7.270: [CMS-concurrent-reset-start]
2024-07-28T16:42:31.895+0800: 7.271: [CMS-concurrent-reset: 0.001/0.001 secs] [Times: user=0.03 sys=0.00, real=0.00 secs] 
2024-07-28T16:42:31.897+0800: 7.273: Application time: 0.0048219 seconds
2024-07-28T16:42:31.897+0800: 7.273: [GC (Allocation Failure) 2024-07-28T16:42:31.897+0800: 7.273: [ParNew: 77168K->8192K(78656K), 0.0119046 secs] 250879K->250511K(535432K), 0.0119536 secs] [Times: user=0.00 sys=0.00, real=0.01 secs] 
2024-07-28T16:42:31.909+0800: 7.285: Total time for which application threads were stopped: 0.0120638 seconds, Stopping threads took: 0.0000129 seconds
2024-07-28T16:42:31.909+0800: 7.285: Application time: 0.0001201 seconds
2024-07-28T16:42:31.909+0800: 7.285: [GC (CMS Initial Mark) [1 CMS-initial-mark: 242319K(456776K)] 253951K(535432K), 0.0007386 secs] [Times: user=0.00 sys=0.00, real=0.00 secs] 
2024-07-28T16:42:31.910+0800: 7.286: Total time for which application threads were stopped: 0.0009217 seconds, Stopping threads took: 0.0001412 seconds
2024-07-28T16:42:31.910+0800: 7.286: [CMS-concurrent-mark-start]
2024-07-28T16:42:31.911+0800: 7.287: [CMS-concurrent-mark: 0.001/0.001 secs] [Times: user=0.05 sys=0.00, real=0.00 secs] 
2024-07-28T16:42:31.911+0800: 7.287: [CMS-concurrent-preclean-start]
2024-07-28T16:42:31.912+0800: 7.288: [CMS-concurrent-preclean: 0.001/0.001 secs] [Times: user=0.00 sys=0.00, real=0.00 secs] 
2024-07-28T16:42:31.912+0800: 7.288: [CMS-concurrent-abortable-preclean-start]
2024-07-28T16:42:32.027+0800: 7.403: Application time: 0.1172047 seconds
2024-07-28T16:42:32.027+0800: 7.403: [GC (Allocation Failure) 2024-07-28T16:42:32.028+0800: 7.403: [ParNew: 77168K->8192K(78656K), 0.0119377 secs] 319488K->319120K(535432K), 0.0120002 secs] [Times: user=0.03 sys=0.00, real=0.01 secs] 
2024-07-28T16:42:32.040+0800: 7.415: Total time for which application threads were stopped: 0.0121145 seconds, Stopping threads took: 0.0000190 seconds
2024-07-28T16:42:32.150+0800: 7.526: Application time: 0.1106435 seconds
2024-07-28T16:42:32.150+0800: 7.526: [GC (Allocation Failure) 2024-07-28T16:42:32.150+0800: 7.526: [ParNew: 77168K->8192K(78656K), 0.0054072 secs] 388097K->338577K(535432K), 0.0054751 secs] [Times: user=0.00 sys=0.00, real=0.01 secs] 
2024-07-28T16:42:32.156+0800: 7.531: Total time for which application threads were stopped: 0.0055826 seconds, Stopping threads took: 0.0000179 seconds
2024-07-28T16:42:32.156+0800: 7.531: [CMS-concurrent-abortable-preclean: 0.005/0.244 secs] [Times: user=0.03 sys=0.00, real=0.24 secs] 
2024-07-28T16:42:32.156+0800: 7.532: Application time: 0.0003755 seconds
2024-07-28T16:42:32.156+0800: 7.532: [GC (CMS Final Remark) [YG occupancy: 13679 K (78656 K)]2024-07-28T16:42:32.156+0800: 7.532: [Rescan (parallel) , 0.0010046 secs]2024-07-28T16:42:32.157+0800: 7.533: [weak refs processing, 0.0000129 secs]2024-07-28T16:42:32.157+0800: 7.533: [class unloading, 0.0001795 secs]2024-07-28T16:42:32.158+0800: 7.533: [scrub symbol table, 0.0003465 secs]2024-07-28T16:42:32.158+0800: 7.534: [scrub string table, 0.0001118 secs][1 CMS-remark: 330384K(456776K)] 344064K(535432K), 0.0017215 secs] [Times: user=0.00 sys=0.00, real=0.00 secs] 
2024-07-28T16:42:32.158+0800: 7.534: Total time for which application threads were stopped: 0.0018928 seconds, Stopping threads took: 0.0001357 seconds
2024-07-28T16:42:32.158+0800: 7.534: [CMS-concurrent-sweep-start]
2024-07-28T16:42:32.160+0800: 7.535: [CMS-concurrent-sweep: 0.002/0.002 secs] [Times: user=0.00 sys=0.00, real=0.00 secs] 
2024-07-28T16:42:32.160+0800: 7.536: [CMS-concurrent-reset-start]
2024-07-28T16:42:32.161+0800: 7.537: [CMS-concurrent-reset: 0.001/0.001 secs] [Times: user=0.03 sys=0.00, real=0.00 secs] 
2024-07-28T16:42:32.163+0800: 7.538: Application time: 0.0046880 seconds
2024-07-28T16:42:32.163+0800: 7.538: [GC (Allocation Failure) 2024-07-28T16:42:32.163+0800: 7.538: [ParNew: 77168K->8192K(78656K), 0.0119712 secs] 252927K->252559K(535432K), 0.0120218 secs] [Times: user=0.00 sys=0.00, real=0.01 secs] 
2024-07-28T16:42:32.175+0800: 7.550: Total time for which application threads were stopped: 0.0121140 seconds, Stopping threads took: 0.0000119 seconds
2024-07-28T16:42:32.175+0800: 7.551: Application time: 0.0002005 seconds
2024-07-28T16:42:32.175+0800: 7.551: [GC (CMS Initial Mark) [1 CMS-initial-mark: 244367K(456776K)] 255999K(535432K), 0.0007846 secs] [Times: user=0.00 sys=0.00, real=0.00 secs] 
2024-07-28T16:42:32.176+0800: 7.552: Total time for which application threads were stopped: 0.0009511 seconds, Stopping threads took: 0.0001249 seconds
2024-07-28T16:42:32.176+0800: 7.552: [CMS-concurrent-mark-start]
2024-07-28T16:42:32.177+0800: 7.553: [CMS-concurrent-mark: 0.001/0.001 secs] [Times: user=0.00 sys=0.00, real=0.00 secs] 
2024-07-28T16:42:32.177+0800: 7.553: [CMS-concurrent-preclean-start]
2024-07-28T16:42:32.178+0800: 7.553: [CMS-concurrent-preclean: 0.001/0.001 secs] [Times: user=0.00 sys=0.00, real=0.00 secs] 
2024-07-28T16:42:32.178+0800: 7.553: [CMS-concurrent-abortable-preclean-start]
2024-07-28T16:42:32.293+0800: 7.668: Application time: 0.1167807 seconds
2024-07-28T16:42:32.293+0800: 7.668: [GC (Allocation Failure) 2024-07-28T16:42:32.293+0800: 7.668: [ParNew: 77168K->8192K(78656K), 0.0128438 secs] 321536K->321168K(535432K), 0.0129170 secs] [Times: user=0.03 sys=0.00, real=0.01 secs] 
2024-07-28T16:42:32.306+0800: 7.681: Total time for which application threads were stopped: 0.0130220 seconds, Stopping threads took: 0.0000158 seconds
2024-07-28T16:42:32.416+0800: 7.791: Application time: 0.1095382 seconds
2024-07-28T16:42:32.416+0800: 7.791: [GC (Allocation Failure) 2024-07-28T16:42:32.416+0800: 7.791: [ParNew: 77168K->8192K(78656K), 0.0052363 secs] 390145K->341649K(535432K), 0.0052960 secs] [Times: user=0.00 sys=0.00, real=0.01 secs] 
2024-07-28T16:42:32.421+0800: 7.796: Total time for which application threads were stopped: 0.0054058 seconds, Stopping threads took: 0.0000202 seconds
2024-07-28T16:42:32.421+0800: 7.796: [CMS-concurrent-abortable-preclean: 0.005/0.243 secs] [Times: user=0.03 sys=0.00, real=0.24 secs] 
2024-07-28T16:42:32.422+0800: 7.797: Application time: 0.0003314 seconds
2024-07-28T16:42:32.422+0800: 7.797: [GC (CMS Final Remark) [YG occupancy: 12655 K (78656 K)]2024-07-28T16:42:32.422+0800: 7.797: [Rescan (parallel) , 0.0006777 secs]2024-07-28T16:42:32.423+0800: 7.798: [weak refs processing, 0.0000127 secs]2024-07-28T16:42:32.423+0800: 7.798: [class unloading, 0.0001925 secs]2024-07-28T16:42:32.423+0800: 7.798: [scrub symbol table, 0.0003419 secs]2024-07-28T16:42:32.423+0800: 7.798: [scrub string table, 0.0001001 secs][1 CMS-remark: 333456K(456776K)] 346112K(535432K), 0.0013873 secs] [Times: user=0.00 sys=0.00, real=0.00 secs] 
2024-07-28T16:42:32.423+0800: 7.798: Total time for which application threads were stopped: 0.0015979 seconds, Stopping threads took: 0.0001743 seconds
2024-07-28T16:42:32.424+0800: 7.799: [CMS-concurrent-sweep-start]
2024-07-28T16:42:32.425+0800: 7.800: [CMS-concurrent-sweep: 0.001/0.001 secs] [Times: user=0.00 sys=0.00, real=0.00 secs] 
2024-07-28T16:42:32.425+0800: 7.800: [CMS-concurrent-reset-start]
2024-07-28T16:42:32.427+0800: 7.802: [CMS-concurrent-reset: 0.002/0.002 secs] [Times: user=0.03 sys=0.00, real=0.00 secs] 
2024-07-28T16:42:32.428+0800: 7.803: Application time: 0.0049356 seconds
2024-07-28T16:42:32.428+0800: 7.803: [GC (Allocation Failure) 2024-07-28T16:42:32.428+0800: 7.803: [ParNew: 77168K->8192K(78656K), 0.0120587 secs] 254975K->254607K(535432K), 0.0121056 secs] [Times: user=0.00 sys=0.00, real=0.01 secs] 
2024-07-28T16:42:32.440+0800: 7.815: Total time for which application threads were stopped: 0.0122048 seconds, Stopping threads took: 0.0000133 seconds
2024-07-28T16:42:32.441+0800: 7.816: Application time: 0.0001252 seconds
2024-07-28T16:42:32.441+0800: 7.816: [GC (CMS Initial Mark) [1 CMS-initial-mark: 246415K(456776K)] 258047K(535432K), 0.0007178 secs] [Times: user=0.00 sys=0.00, real=0.00 secs] 
2024-07-28T16:42:32.441+0800: 7.816: Total time for which application threads were stopped: 0.0008980 seconds, Stopping threads took: 0.0001361 seconds
2024-07-28T16:42:32.442+0800: 7.817: [CMS-concurrent-mark-start]
2024-07-28T16:42:32.443+0800: 7.818: [CMS-concurrent-mark: 0.001/0.001 secs] [Times: user=0.03 sys=0.00, real=0.00 secs] 
2024-07-28T16:42:32.443+0800: 7.818: [CMS-concurrent-preclean-start]
2024-07-28T16:42:32.443+0800: 7.818: [CMS-concurrent-preclean: 0.001/0.001 secs] [Times: user=0.00 sys=0.00, real=0.00 secs] 
2024-07-28T16:42:32.443+0800: 7.818: [CMS-concurrent-abortable-preclean-start]
2024-07-28T16:42:32.558+0800: 7.934: Application time: 0.1173463 seconds
2024-07-28T16:42:32.559+0800: 7.934: [GC (Allocation Failure) 2024-07-28T16:42:32.559+0800: 7.934: [ParNew: 77168K->8192K(78656K), 0.0119809 secs] 323584K->323216K(535432K), 0.0120403 secs] [Times: user=0.03 sys=0.00, real=0.01 secs] 
2024-07-28T16:42:32.571+0800: 7.946: Total time for which application threads were stopped: 0.0121546 seconds, Stopping threads took: 0.0000167 seconds
2024-07-28T16:42:32.683+0800: 8.058: Application time: 0.1121888 seconds
2024-07-28T16:42:32.683+0800: 8.058: [GC (Allocation Failure) 2024-07-28T16:42:32.683+0800: 8.058: [ParNew: 77168K->8192K(78656K), 0.0050772 secs] 392193K->344721K(535432K), 0.0051481 secs] [Times: user=0.00 sys=0.00, real=0.00 secs] 
2024-07-28T16:42:32.688+0800: 8.063: Total time for which application threads were stopped: 0.0052574 seconds, Stopping threads took: 0.0000195 seconds
2024-07-28T16:42:32.688+0800: 8.063: [CMS-concurrent-abortable-preclean: 0.005/0.245 secs] [Times: user=0.03 sys=0.00, real=0.24 secs] 
2024-07-28T16:42:32.689+0800: 8.064: Application time: 0.0002176 seconds
2024-07-28T16:42:32.689+0800: 8.064: [GC (CMS Final Remark) [YG occupancy: 11631 K (78656 K)]2024-07-28T16:42:32.689+0800: 8.064: [Rescan (parallel) , 0.0008406 secs]2024-07-28T16:42:32.690+0800: 8.065: [weak refs processing, 0.0000130 secs]2024-07-28T16:42:32.690+0800: 8.065: [class unloading, 0.0001770 secs]2024-07-28T16:42:32.690+0800: 8.065: [scrub symbol table, 0.0003458 secs]2024-07-28T16:42:32.690+0800: 8.065: [scrub string table, 0.0001133 secs][1 CMS-remark: 336528K(456776K)] 348160K(535432K), 0.0015527 secs] [Times: user=0.00 sys=0.00, real=0.00 secs] 
2024-07-28T16:42:32.690+0800: 8.065: Total time for which application threads were stopped: 0.0017146 seconds, Stopping threads took: 0.0001258 seconds
2024-07-28T16:42:32.691+0800: 8.066: [CMS-concurrent-sweep-start]
2024-07-28T16:42:32.692+0800: 8.067: [CMS-concurrent-sweep: 0.001/0.001 secs] [Times: user=0.03 sys=0.00, real=0.00 secs] 
2024-07-28T16:42:32.692+0800: 8.067: [CMS-concurrent-reset-start]
2024-07-28T16:42:32.693+0800: 8.068: [CMS-concurrent-reset: 0.001/0.001 secs] [Times: user=0.00 sys=0.00, real=0.00 secs] 
2024-07-28T16:42:32.695+0800: 8.071: Application time: 0.0051424 seconds
2024-07-28T16:42:32.696+0800: 8.071: [GC (Allocation Failure) 2024-07-28T16:42:32.696+0800: 8.071: [ParNew: 77168K->8192K(78656K), 0.0121883 secs] 257023K->256655K(535432K), 0.0122368 secs] [Times: user=0.00 sys=0.02, real=0.01 secs] 
2024-07-28T16:42:32.708+0800: 8.083: Total time for which application threads were stopped: 0.0123378 seconds, Stopping threads took: 0.0000174 seconds
2024-07-28T16:42:32.708+0800: 8.083: Application time: 0.0001238 seconds
2024-07-28T16:42:32.708+0800: 8.083: [GC (CMS Initial Mark) [1 CMS-initial-mark: 248463K(456776K)] 260095K(535432K), 0.0006246 secs] [Times: user=0.00 sys=0.00, real=0.00 secs] 
2024-07-28T16:42:32.709+0800: 8.084: Total time for which application threads were stopped: 0.0007570 seconds, Stopping threads took: 0.0000831 seconds
2024-07-28T16:42:32.709+0800: 8.084: [CMS-concurrent-mark-start]
2024-07-28T16:42:32.710+0800: 8.085: [CMS-concurrent-mark: 0.001/0.001 secs] [Times: user=0.00 sys=0.00, real=0.00 secs] 
2024-07-28T16:42:32.710+0800: 8.085: [CMS-concurrent-preclean-start]
2024-07-28T16:42:32.711+0800: 8.086: [CMS-concurrent-preclean: 0.001/0.001 secs] [Times: user=0.00 sys=0.00, real=0.00 secs] 
2024-07-28T16:42:32.711+0800: 8.086: [CMS-concurrent-abortable-preclean-start]
2024-07-28T16:42:32.824+0800: 8.199: Application time: 0.1155445 seconds
2024-07-28T16:42:32.824+0800: 8.199: [GC (Allocation Failure) 2024-07-28T16:42:32.824+0800: 8.199: [ParNew: 77168K->8192K(78656K), 0.0121087 secs] 325632K->325264K(535432K), 0.0121667 secs] [Times: user=0.03 sys=0.00, real=0.01 secs] 
2024-07-28T16:42:32.837+0800: 8.212: Total time for which application threads were stopped: 0.0122760 seconds, Stopping threads took: 0.0000195 seconds
2024-07-28T16:42:32.947+0800: 8.322: Application time: 0.1108802 seconds
2024-07-28T16:42:32.947+0800: 8.323: [GC (Allocation Failure) 2024-07-28T16:42:32.947+0800: 8.323: [ParNew: 77168K->8192K(78656K), 0.0054409 secs] 394241K->347793K(535432K), 0.0054995 secs] [Times: user=0.00 sys=0.00, real=0.01 secs] 
2024-07-28T16:42:32.953+0800: 8.328: Total time for which application threads were stopped: 0.0056156 seconds, Stopping threads took: 0.0000177 seconds
2024-07-28T16:42:32.953+0800: 8.328: [CMS-concurrent-abortable-preclean: 0.006/0.242 secs] [Times: user=0.03 sys=0.00, real=0.24 secs] 
2024-07-28T16:42:32.953+0800: 8.328: Application time: 0.0003619 seconds
2024-07-28T16:42:32.953+0800: 8.329: [GC (CMS Final Remark) [YG occupancy: 14703 K (78656 K)]2024-07-28T16:42:32.953+0800: 8.329: [Rescan (parallel) , 0.0009397 secs]2024-07-28T16:42:32.954+0800: 8.329: [weak refs processing, 0.0000126 secs]2024-07-28T16:42:32.954+0800: 8.330: [class unloading, 0.0001826 secs]2024-07-28T16:42:32.955+0800: 8.330: [scrub symbol table, 0.0003487 secs]2024-07-28T16:42:32.955+0800: 8.330: [scrub string table, 0.0001152 secs][1 CMS-remark: 339601K(456776K)] 354304K(535432K), 0.0016621 secs] [Times: user=0.00 sys=0.00, real=0.00 secs] 
2024-07-28T16:42:32.955+0800: 8.330: Total time for which application threads were stopped: 0.0017712 seconds, Stopping threads took: 0.0000732 seconds
2024-07-28T16:42:32.955+0800: 8.330: [CMS-concurrent-sweep-start]
2024-07-28T16:42:32.957+0800: 8.332: [CMS-concurrent-sweep: 0.002/0.002 secs] [Times: user=0.00 sys=0.00, real=0.00 secs] 
2024-07-28T16:42:32.957+0800: 8.332: [CMS-concurrent-reset-start]
2024-07-28T16:42:32.958+0800: 8.333: [CMS-concurrent-reset: 0.001/0.001 secs] [Times: user=0.03 sys=0.00, real=0.00 secs] 
2024-07-28T16:42:32.960+0800: 8.335: Application time: 0.0046423 seconds
2024-07-28T16:42:32.960+0800: 8.335: [GC (Allocation Failure) 2024-07-28T16:42:32.960+0800: 8.335: [ParNew: 77168K->8192K(78656K), 0.0120127 secs] 259071K->258703K(535432K), 0.0120612 secs] [Times: user=0.00 sys=0.00, real=0.01 secs] 
2024-07-28T16:42:32.972+0800: 8.347: Total time for which application threads were stopped: 0.0121560 seconds, Stopping threads took: 0.0000131 seconds
2024-07-28T16:42:32.972+0800: 8.347: Application time: 0.0002313 seconds
2024-07-28T16:42:32.972+0800: 8.347: [GC (CMS Initial Mark) [1 CMS-initial-mark: 250511K(456776K)] 262143K(535432K), 0.0007586 secs] [Times: user=0.00 sys=0.00, real=0.00 secs] 
2024-07-28T16:42:32.973+0800: 8.348: Total time for which application threads were stopped: 0.0009495 seconds, Stopping threads took: 0.0001487 seconds
2024-07-28T16:42:32.973+0800: 8.348: [CMS-concurrent-mark-start]
2024-07-28T16:42:32.974+0800: 8.349: [CMS-concurrent-mark: 0.001/0.001 secs] [Times: user=0.03 sys=0.00, real=0.00 secs] 
2024-07-28T16:42:32.974+0800: 8.349: [CMS-concurrent-preclean-start]
2024-07-28T16:42:32.975+0800: 8.350: [CMS-concurrent-preclean: 0.001/0.001 secs] [Times: user=0.00 sys=0.00, real=0.00 secs] 
2024-07-28T16:42:32.975+0800: 8.350: [CMS-concurrent-abortable-preclean-start]
2024-07-28T16:42:33.091+0800: 8.467: Application time: 0.1188212 seconds
2024-07-28T16:42:33.091+0800: 8.467: [GC (Allocation Failure) 2024-07-28T16:42:33.091+0800: 8.467: [ParNew: 77168K->8192K(78656K), 0.0120172 secs] 327680K->327312K(535432K), 0.0120836 secs] [Times: user=0.03 sys=0.00, real=0.01 secs] 
2024-07-28T16:42:33.104+0800: 8.479: Total time for which application threads were stopped: 0.0121926 seconds, Stopping threads took: 0.0000185 seconds
2024-07-28T16:42:33.214+0800: 8.590: Application time: 0.1102933 seconds
2024-07-28T16:42:33.214+0800: 8.590: [GC (Allocation Failure) 2024-07-28T16:42:33.214+0800: 8.590: [ParNew: 77543K->8196K(78656K), 0.0053847 secs] 396664K->349845K(535432K), 0.0054442 secs] [Times: user=0.00 sys=0.00, real=0.01 secs] 
2024-07-28T16:42:33.219+0800: 8.595: Total time for which application threads were stopped: 0.0055560 seconds, Stopping threads took: 0.0000182 seconds
2024-07-28T16:42:33.220+0800: 8.595: [CMS-concurrent-abortable-preclean: 0.006/0.245 secs] [Times: user=0.03 sys=0.00, real=0.25 secs] 
2024-07-28T16:42:33.220+0800: 8.595: Application time: 0.0002812 seconds
2024-07-28T16:42:33.220+0800: 8.596: [GC (CMS Final Remark) [YG occupancy: 12649 K (78656 K)]2024-07-28T16:42:33.220+0800: 8.596: [Rescan (parallel) , 0.0009593 secs]2024-07-28T16:42:33.221+0800: 8.597: [weak refs processing, 0.0000130 secs]2024-07-28T16:42:33.221+0800: 8.597: [class unloading, 0.0002063 secs]2024-07-28T16:42:33.221+0800: 8.597: [scrub symbol table, 0.0003598 secs]2024-07-28T16:42:33.221+0800: 8.597: [scrub string table, 0.0001064 secs][1 CMS-remark: 341649K(456776K)] 354299K(535432K), 0.0017095 secs] [Times: user=0.00 sys=0.00, real=0.00 secs] 
2024-07-28T16:42:33.222+0800: 8.597: Total time for which application threads were stopped: 0.0019093 seconds, Stopping threads took: 0.0001629 seconds
2024-07-28T16:42:33.222+0800: 8.598: [CMS-concurrent-sweep-start]
2024-07-28T16:42:33.223+0800: 8.599: [CMS-concurrent-sweep: 0.001/0.001 secs] [Times: user=0.03 sys=0.00, real=0.00 secs] 
2024-07-28T16:42:33.223+0800: 8.599: [CMS-concurrent-reset-start]
2024-07-28T16:42:33.225+0800: 8.600: [CMS-concurrent-reset: 0.001/0.001 secs] [Times: user=0.00 sys=0.00, real=0.00 secs] 
2024-07-28T16:42:33.226+0800: 8.602: Application time: 0.0048087 seconds
2024-07-28T16:42:33.227+0800: 8.602: [GC (Allocation Failure) 2024-07-28T16:42:33.227+0800: 8.602: [ParNew: 77162K->8192K(78656K), 0.0120355 secs] 260089K->259727K(535432K), 0.0120843 secs] [Times: user=0.00 sys=0.00, real=0.01 secs] 
2024-07-28T16:42:33.239+0800: 8.614: Total time for which application threads were stopped: 0.0121838 seconds, Stopping threads took: 0.0000135 seconds
2024-07-28T16:42:33.239+0800: 8.614: Application time: 0.0002076 seconds
2024-07-28T16:42:33.239+0800: 8.615: [GC (CMS Initial Mark) [1 CMS-initial-mark: 251535K(456776K)] 263161K(535432K), 0.0007636 secs] [Times: user=0.00 sys=0.00, real=0.00 secs] 
2024-07-28T16:42:33.240+0800: 8.615: Total time for which application threads were stopped: 0.0009271 seconds, Stopping threads took: 0.0001193 seconds
2024-07-28T16:42:33.240+0800: 8.615: [CMS-concurrent-mark-start]
2024-07-28T16:42:33.241+0800: 8.616: [CMS-concurrent-mark: 0.001/0.001 secs] [Times: user=0.00 sys=0.00, real=0.00 secs] 
2024-07-28T16:42:33.241+0800: 8.616: [CMS-concurrent-preclean-start]
2024-07-28T16:42:33.241+0800: 8.617: [CMS-concurrent-preclean: 0.001/0.001 secs] [Times: user=0.00 sys=0.00, real=0.00 secs] 
2024-07-28T16:42:33.241+0800: 8.617: [CMS-concurrent-abortable-preclean-start]
2024-07-28T16:42:33.357+0800: 8.732: Application time: 0.1168776 seconds
2024-07-28T16:42:33.357+0800: 8.732: [GC (Allocation Failure) 2024-07-28T16:42:33.357+0800: 8.732: [ParNew: 77162K->8192K(78656K), 0.0123831 secs] 328698K->328336K(535432K), 0.0124423 secs] [Times: user=0.03 sys=0.00, real=0.01 secs] 
2024-07-28T16:42:33.370+0800: 8.745: Total time for which application threads were stopped: 0.0125629 seconds, Stopping threads took: 0.0000330 seconds
2024-07-28T16:42:33.480+0800: 8.856: Application time: 0.1112417 seconds
2024-07-28T16:42:33.480+0800: 8.856: [GC (Allocation Failure) 2024-07-28T16:42:33.480+0800: 8.856: [ParNew: 77164K->8192K(78656K), 0.0058466 secs] 397309K->351889K(535432K), 0.0059115 secs] [Times: user=0.00 sys=0.00, real=0.01 secs] 
2024-07-28T16:42:33.486+0800: 8.862: Total time for which application threads were stopped: 0.0060253 seconds, Stopping threads took: 0.0000184 seconds
2024-07-28T16:42:33.486+0800: 8.862: [CMS-concurrent-abortable-preclean: 0.005/0.245 secs] [Times: user=0.03 sys=0.00, real=0.25 secs] 
2024-07-28T16:42:33.487+0800: 8.862: Application time: 0.0003276 seconds
2024-07-28T16:42:33.487+0800: 8.863: [GC (CMS Final Remark) [YG occupancy: 12653 K (78656 K)]2024-07-28T16:42:33.487+0800: 8.863: [Rescan (parallel) , 0.0009986 secs]2024-07-28T16:42:33.488+0800: 8.864: [weak refs processing, 0.0000126 secs]2024-07-28T16:42:33.488+0800: 8.864: [class unloading, 0.0002005 secs]2024-07-28T16:42:33.488+0800: 8.864: [scrub symbol table, 0.0003772 secs]2024-07-28T16:42:33.488+0800: 8.864: [scrub string table, 0.0001071 secs][1 CMS-remark: 343697K(456776K)] 356350K(535432K), 0.0017584 secs] [Times: user=0.02 sys=0.00, real=0.00 secs] 
2024-07-28T16:42:33.489+0800: 8.864: Total time for which application threads were stopped: 0.0018559 seconds, Stopping threads took: 0.0000615 seconds
2024-07-28T16:42:33.489+0800: 8.865: [CMS-concurrent-sweep-start]
2024-07-28T16:42:33.490+0800: 8.866: [CMS-concurrent-sweep: 0.002/0.002 secs] [Times: user=0.00 sys=0.00, real=0.00 secs] 
2024-07-28T16:42:33.490+0800: 8.866: [CMS-concurrent-reset-start]
2024-07-28T16:42:33.492+0800: 8.868: [CMS-concurrent-reset: 0.001/0.001 secs] [Times: user=0.00 sys=0.00, real=0.00 secs] 
2024-07-28T16:42:33.493+0800: 8.869: Application time: 0.0048473 seconds
2024-07-28T16:42:33.494+0800: 8.869: [GC (Allocation Failure) 2024-07-28T16:42:33.494+0800: 8.869: [ParNew: 77166K->8192K(78656K), 0.0120736 secs] 261116K->260751K(535432K), 0.0121326 secs] [Times: user=0.03 sys=0.00, real=0.01 secs] 
2024-07-28T16:42:33.506+0800: 8.881: Total time for which application threads were stopped: 0.0122422 seconds, Stopping threads took: 0.0000130 seconds
2024-07-28T16:42:33.506+0800: 8.882: Application time: 0.0002221 seconds
2024-07-28T16:42:33.506+0800: 8.882: [GC (CMS Initial Mark) [1 CMS-initial-mark: 252559K(456776K)] 264189K(535432K), 0.0007483 secs] [Times: user=0.00 sys=0.00, real=0.00 secs] 
2024-07-28T16:42:33.507+0800: 8.883: Total time for which application threads were stopped: 0.0009124 seconds, Stopping threads took: 0.0001230 seconds
2024-07-28T16:42:33.507+0800: 8.883: [CMS-concurrent-mark-start]
2024-07-28T16:42:33.508+0800: 8.884: [CMS-concurrent-mark: 0.001/0.001 secs] [Times: user=0.00 sys=0.00, real=0.00 secs] 
2024-07-28T16:42:33.508+0800: 8.884: [CMS-concurrent-preclean-start]
2024-07-28T16:42:33.509+0800: 8.884: [CMS-concurrent-preclean: 0.001/0.001 secs] [Times: user=0.00 sys=0.00, real=0.00 secs] 
2024-07-28T16:42:33.509+0800: 8.884: [CMS-concurrent-abortable-preclean-start]
2024-07-28T16:42:33.625+0800: 9.001: Application time: 0.1183585 seconds
2024-07-28T16:42:33.625+0800: 9.001: [GC (Allocation Failure) 2024-07-28T16:42:33.625+0800: 9.001: [ParNew: 77167K->8192K(78656K), 0.0119181 secs] 329726K->329360K(535432K), 0.0119780 secs] [Times: user=0.03 sys=0.00, real=0.01 secs] 
2024-07-28T16:42:33.638+0800: 9.013: Total time for which application threads were stopped: 0.0120859 seconds, Stopping threads took: 0.0000178 seconds
2024-07-28T16:42:33.746+0800: 9.122: Application time: 0.1086681 seconds
2024-07-28T16:42:33.747+0800: 9.122: [GC (Allocation Failure) 2024-07-28T16:42:33.747+0800: 9.122: [ParNew: 77167K->8192K(78656K), 0.0059747 secs] 398336K->353937K(535432K), 0.0060467 secs] [Times: user=0.00 sys=0.00, real=0.01 secs] 
2024-07-28T16:42:33.753+0800: 9.128: Total time for which application threads were stopped: 0.0061664 seconds, Stopping threads took: 0.0000227 seconds
2024-07-28T16:42:33.753+0800: 9.128: [CMS-concurrent-abortable-preclean: 0.006/0.244 secs] [Times: user=0.03 sys=0.00, real=0.24 secs] 
2024-07-28T16:42:33.753+0800: 9.128: Application time: 0.0003278 seconds
2024-07-28T16:42:33.753+0800: 9.128: [GC (CMS Final Remark) [YG occupancy: 12655 K (78656 K)]2024-07-28T16:42:33.753+0800: 9.128: [Rescan (parallel) , 0.0009769 secs]2024-07-28T16:42:33.754+0800: 9.129: [weak refs processing, 0.0000130 secs]2024-07-28T16:42:33.754+0800: 9.129: [class unloading, 0.0001839 secs]2024-07-28T16:42:33.754+0800: 9.130: [scrub symbol table, 0.0003631 secs]2024-07-28T16:42:33.755+0800: 9.130: [scrub string table, 0.0001023 secs][1 CMS-remark: 345745K(456776K)] 358400K(535432K), 0.0017084 secs] [Times: user=0.02 sys=0.00, real=0.00 secs] 
2024-07-28T16:42:33.755+0800: 9.130: Total time for which application threads were stopped: 0.0018876 seconds, Stopping threads took: 0.0001420 seconds
2024-07-28T16:42:33.755+0800: 9.130: [CMS-concurrent-sweep-start]
2024-07-28T16:42:33.757+0800: 9.132: [CMS-concurrent-sweep: 0.002/0.002 secs] [Times: user=0.00 sys=0.00, real=0.00 secs] 
2024-07-28T16:42:33.757+0800: 9.132: [CMS-concurrent-reset-start]
2024-07-28T16:42:33.758+0800: 9.133: [CMS-concurrent-reset: 0.001/0.001 secs] [Times: user=0.00 sys=0.00, real=0.00 secs] 
2024-07-28T16:42:33.760+0800: 9.135: Application time: 0.0047727 seconds
2024-07-28T16:42:33.760+0800: 9.135: [GC (Allocation Failure) 2024-07-28T16:42:33.760+0800: 9.135: [ParNew: 77168K->8192K(78656K), 0.0119160 secs] 263166K->262799K(535432K), 0.0119659 secs] [Times: user=0.03 sys=0.00, real=0.01 secs] 
2024-07-28T16:42:33.772+0800: 9.147: Total time for which application threads were stopped: 0.0120750 seconds, Stopping threads took: 0.0000260 seconds
2024-07-28T16:42:33.772+0800: 9.147: Application time: 0.0001125 seconds
2024-07-28T16:42:33.772+0800: 9.147: [GC (CMS Initial Mark) [1 CMS-initial-mark: 254607K(456776K)] 265215K(535432K), 0.0007099 secs] [Times: user=0.00 sys=0.00, real=0.00 secs] 
2024-07-28T16:42:33.773+0800: 9.148: Total time for which application threads were stopped: 0.0008692 seconds, Stopping threads took: 0.0001157 seconds
2024-07-28T16:42:33.773+0800: 9.148: [CMS-concurrent-mark-start]
2024-07-28T16:42:33.774+0800: 9.149: [CMS-concurrent-mark: 0.001/0.001 secs] [Times: user=0.00 sys=0.00, real=0.00 secs] 
2024-07-28T16:42:33.774+0800: 9.149: [CMS-concurrent-preclean-start]
2024-07-28T16:42:33.774+0800: 9.150: [CMS-concurrent-preclean: 0.001/0.001 secs] [Times: user=0.00 sys=0.00, real=0.00 secs] 
2024-07-28T16:42:33.774+0800: 9.150: [CMS-concurrent-abortable-preclean-start]
2024-07-28T16:42:33.890+0800: 9.265: Application time: 0.1175404 seconds
2024-07-28T16:42:33.890+0800: 9.266: [GC (Allocation Failure) 2024-07-28T16:42:33.890+0800: 9.266: [ParNew: 77168K->8192K(78656K), 0.0120532 secs] 331776K->331408K(535432K), 0.0121132 secs] [Times: user=0.03 sys=0.00, real=0.01 secs] 
2024-07-28T16:42:33.903+0800: 9.278: Total time for which application threads were stopped: 0.0122363 seconds, Stopping threads took: 0.0000339 seconds
2024-07-28T16:42:34.013+0800: 9.389: Application time: 0.1113647 seconds
2024-07-28T16:42:34.013+0800: 9.389: [GC (Allocation Failure) 2024-07-28T16:42:34.013+0800: 9.389: [ParNew: 77171K->8192K(78656K), 0.0061892 secs] 400387K->357009K(535432K), 0.0062505 secs] [Times: user=0.00 sys=0.00, real=0.01 secs] 
2024-07-28T16:42:34.020+0800: 9.395: Total time for which application threads were stopped: 0.0063655 seconds, Stopping threads took: 0.0000194 seconds
2024-07-28T16:42:34.020+0800: 9.395: [CMS-concurrent-abortable-preclean: 0.006/0.246 secs] [Times: user=0.03 sys=0.00, real=0.25 secs] 
2024-07-28T16:42:34.020+0800: 9.396: Application time: 0.0003289 seconds
2024-07-28T16:42:34.020+0800: 9.396: [GC (CMS Final Remark) [YG occupancy: 12649 K (78656 K)]2024-07-28T16:42:34.020+0800: 9.396: [Rescan (parallel) , 0.0007815 secs]2024-07-28T16:42:34.021+0800: 9.397: [weak refs processing, 0.0000127 secs]2024-07-28T16:42:34.021+0800: 9.397: [class unloading, 0.0001895 secs]2024-07-28T16:42:34.021+0800: 9.397: [scrub symbol table, 0.0003323 secs]2024-07-28T16:42:34.021+0800: 9.397: [scrub string table, 0.0001060 secs][1 CMS-remark: 348817K(456776K)] 361467K(535432K), 0.0014867 secs] [Times: user=0.00 sys=0.00, real=0.00 secs] 
2024-07-28T16:42:34.022+0800: 9.397: Total time for which application threads were stopped: 0.0016680 seconds, Stopping threads took: 0.0001388 seconds
2024-07-28T16:42:34.022+0800: 9.398: [CMS-concurrent-sweep-start]
2024-07-28T16:42:34.023+0800: 9.399: [CMS-concurrent-sweep: 0.001/0.001 secs] [Times: user=0.00 sys=0.00, real=0.00 secs] 
2024-07-28T16:42:34.023+0800: 9.399: [CMS-concurrent-reset-start]
2024-07-28T16:42:34.024+0800: 9.400: [CMS-concurrent-reset: 0.001/0.001 secs] [Times: user=0.00 sys=0.00, real=0.00 secs] 
2024-07-28T16:42:34.136+0800: 9.511: Application time: 0.1140968 seconds
2024-07-28T16:42:34.136+0800: 9.512: [GC (Allocation Failure) 2024-07-28T16:42:34.136+0800: 9.512: [ParNew: 77162K->8192K(78656K), 0.0120006 secs] 265209K->264847K(535432K), 0.0120767 secs] [Times: user=0.03 sys=0.00, real=0.01 secs] 
2024-07-28T16:42:34.148+0800: 9.524: Total time for which application threads were stopped: 0.0122476 seconds, Stopping threads took: 0.0000392 seconds
2024-07-28T16:42:34.148+0800: 9.524: Application time: 0.0002275 seconds
2024-07-28T16:42:34.149+0800: 9.524: [GC (CMS Initial Mark) [1 CMS-initial-mark: 256655K(456776K)] 268283K(535432K), 0.0008514 secs] [Times: user=0.00 sys=0.00, real=0.00 secs] 
2024-07-28T16:42:34.149+0800: 9.525: Total time for which application threads were stopped: 0.0010449 seconds, Stopping threads took: 0.0001523 seconds
2024-07-28T16:42:34.150+0800: 9.525: [CMS-concurrent-mark-start]
2024-07-28T16:42:34.153+0800: 9.529: [CMS-concurrent-mark: 0.004/0.004 secs] [Times: user=0.00 sys=0.00, real=0.00 secs] 
2024-07-28T16:42:34.153+0800: 9.529: [CMS-concurrent-preclean-start]
2024-07-28T16:42:34.155+0800: 9.530: [CMS-concurrent-preclean: 0.001/0.001 secs] [Times: user=0.00 sys=0.00, real=0.00 secs] 
2024-07-28T16:42:34.155+0800: 9.530: Application time: 0.0051600 seconds
2024-07-28T16:42:34.155+0800: 9.530: [GC (Allocation Failure) 2024-07-28T16:42:34.155+0800: 9.530: [ParNew: 77165K->8192K(78656K), 0.0119721 secs] 333820K->333457K(535432K), 0.0120203 secs] [Times: user=0.03 sys=0.00, real=0.01 secs] 
2024-07-28T16:42:34.167+0800: 9.542: Total time for which application threads were stopped: 0.0121149 seconds, Stopping threads took: 0.0000137 seconds
2024-07-28T16:42:34.167+0800: 9.543: Application time: 0.0002851 seconds
2024-07-28T16:42:34.167+0800: 9.543: [GC (CMS Final Remark) [YG occupancy: 12653 K (78656 K)]2024-07-28T16:42:34.167+0800: 9.543: [Rescan (parallel) , 0.0008369 secs]2024-07-28T16:42:34.168+0800: 9.544: [weak refs processing, 0.0000127 secs]2024-07-28T16:42:34.168+0800: 9.544: [class unloading, 0.0001979 secs]2024-07-28T16:42:34.168+0800: 9.544: [scrub symbol table, 0.0003523 secs]2024-07-28T16:42:34.169+0800: 9.544: [scrub string table, 0.0001019 secs][1 CMS-remark: 325264K(456776K)] 337918K(535432K), 0.0015690 secs] [Times: user=0.00 sys=0.00, real=0.00 secs] 
2024-07-28T16:42:34.169+0800: 9.544: Total time for which application threads were stopped: 0.0017848 seconds, Stopping threads took: 0.0001783 seconds
2024-07-28T16:42:34.170+0800: 9.546: [CMS-concurrent-sweep-start]
2024-07-28T16:42:34.171+0800: 9.547: [CMS-concurrent-sweep: 0.000/0.000 secs] [Times: user=0.00 sys=0.00, real=0.00 secs] 
2024-07-28T16:42:34.171+0800: 9.547: [CMS-concurrent-reset-start]
2024-07-28T16:42:34.172+0800: 9.547: [CMS-concurrent-reset: 0.001/0.001 secs] [Times: user=0.00 sys=0.00, real=0.00 secs] 
2024-07-28T16:42:34.281+0800: 9.656: Application time: 0.1118217 seconds
2024-07-28T16:42:34.281+0800: 9.656: [GC (Allocation Failure) 2024-07-28T16:42:34.281+0800: 9.656: [ParNew: 77166K->8192K(78656K), 0.0064990 secs] 240636K->198286K(535432K), 0.0065720 secs] [Times: user=0.03 sys=0.00, real=0.01 secs] 
2024-07-28T16:42:34.288+0800: 9.663: Total time for which application threads were stopped: 0.0067008 seconds, Stopping threads took: 0.0000339 seconds
2024-07-28T16:42:34.404+0800: 9.779: Application time: 0.1164757 seconds
2024-07-28T16:42:34.404+0800: 9.779: [GC (Allocation Failure) 2024-07-28T16:42:34.404+0800: 9.780: [ParNew: 77167K->8192K(78656K), 0.0121812 secs] 267262K->266896K(535432K), 0.0122532 secs] [Times: user=0.03 sys=0.00, real=0.01 secs] 
2024-07-28T16:42:34.416+0800: 9.792: Total time for which application threads were stopped: 0.0123979 seconds, Stopping threads took: 0.0000391 seconds
2024-07-28T16:42:34.417+0800: 9.792: Application time: 0.0002486 seconds
2024-07-28T16:42:34.417+0800: 9.792: [GC (CMS Initial Mark) [1 CMS-initial-mark: 258703K(456776K)] 270334K(535432K), 0.0007828 secs] [Times: user=0.00 sys=0.00, real=0.00 secs] 
2024-07-28T16:42:34.418+0800: 9.793: Total time for which application threads were stopped: 0.0008885 seconds, Stopping threads took: 0.0000630 seconds
2024-07-28T16:42:34.418+0800: 9.793: [CMS-concurrent-mark-start]
2024-07-28T16:42:34.421+0800: 9.797: [CMS-concurrent-mark: 0.004/0.004 secs] [Times: user=0.00 sys=0.00, real=0.00 secs] 
2024-07-28T16:42:34.421+0800: 9.797: [CMS-concurrent-preclean-start]
2024-07-28T16:42:34.423+0800: 9.798: [CMS-concurrent-preclean: 0.001/0.001 secs] [Times: user=0.00 sys=0.00, real=0.00 secs] 
2024-07-28T16:42:34.423+0800: 9.798: Application time: 0.0051254 seconds
2024-07-28T16:42:34.423+0800: 9.798: [GC (Allocation Failure) 2024-07-28T16:42:34.423+0800: 9.798: [ParNew: 77167K->8192K(78656K), 0.0117413 secs] 335871K->335505K(535432K), 0.0117909 secs] [Times: user=0.03 sys=0.00, real=0.01 secs] 
2024-07-28T16:42:34.435+0800: 9.810: Total time for which application threads were stopped: 0.0118884 seconds, Stopping threads took: 0.0000141 seconds
2024-07-28T16:42:34.435+0800: 9.810: Application time: 0.0002920 seconds
2024-07-28T16:42:34.435+0800: 9.810: [GC (CMS Final Remark) [YG occupancy: 12655 K (78656 K)]2024-07-28T16:42:34.435+0800: 9.810: [Rescan (parallel) , 0.0005823 secs]2024-07-28T16:42:34.436+0800: 9.811: [weak refs processing, 0.0000129 secs]2024-07-28T16:42:34.436+0800: 9.811: [class unloading, 0.0002624 secs]2024-07-28T16:42:34.436+0800: 9.811: [scrub symbol table, 0.0003214 secs]2024-07-28T16:42:34.436+0800: 9.812: [scrub string table, 0.0000915 secs][1 CMS-remark: 327312K(456776K)] 339968K(535432K), 0.0013362 secs] [Times: user=0.00 sys=0.00, real=0.00 secs] 
2024-07-28T16:42:34.436+0800: 9.812: Total time for which application threads were stopped: 0.0014828 seconds, Stopping threads took: 0.0001097 seconds
2024-07-28T16:42:34.437+0800: 9.812: [CMS-concurrent-sweep-start]
2024-07-28T16:42:34.438+0800: 9.814: [CMS-concurrent-sweep: 0.002/0.002 secs] [Times: user=0.00 sys=0.00, real=0.00 secs] 
2024-07-28T16:42:34.438+0800: 9.814: [CMS-concurrent-reset-start]
2024-07-28T16:42:34.439+0800: 9.814: [CMS-concurrent-reset: 0.001/0.001 secs] [Times: user=0.00 sys=0.00, real=0.00 secs] 
2024-07-28T16:42:34.548+0800: 9.923: Application time: 0.1115608 seconds
2024-07-28T16:42:34.548+0800: 9.923: [GC (Allocation Failure) 2024-07-28T16:42:34.548+0800: 9.923: [ParNew: 77168K->8192K(78656K), 0.0064379 secs] 241662K->200334K(535432K), 0.0064966 secs] [Times: user=0.03 sys=0.00, real=0.01 secs] 
2024-07-28T16:42:34.555+0800: 9.930: Total time for which application threads were stopped: 0.0066086 seconds, Stopping threads took: 0.0000197 seconds
2024-07-28T16:42:34.671+0800: 10.046: Application time: 0.1162626 seconds
2024-07-28T16:42:34.671+0800: 10.046: [GC (Allocation Failure) 2024-07-28T16:42:34.671+0800: 10.046: [ParNew: 77168K->8192K(78656K), 0.0120170 secs] 269311K->268944K(535432K), 0.0120914 secs] [Times: user=0.03 sys=0.00, real=0.01 secs] 
2024-07-28T16:42:34.683+0800: 10.058: Total time for which application threads were stopped: 0.0122053 seconds, Stopping threads took: 0.0000202 seconds
2024-07-28T16:42:34.688+0800: 10.063: Application time: 0.0044162 seconds
2024-07-28T16:42:34.688+0800: 10.063: [GC (Allocation Failure) 2024-07-28T16:42:34.688+0800: 10.063: [ParNew: 77168K->8192K(78656K), 0.0119484 secs] 337920K->337553K(535432K), 0.0119984 secs] [Times: user=0.03 sys=0.00, real=0.01 secs] 
2024-07-28T16:42:34.700+0800: 10.075: Total time for which application threads were stopped: 0.0120975 seconds, Stopping threads took: 0.0000147 seconds
2024-07-28T16:42:34.700+0800: 10.075: Application time: 0.0002198 seconds
2024-07-28T16:42:34.700+0800: 10.075: [GC (CMS Initial Mark) [1 CMS-initial-mark: 329360K(456776K)] 340992K(535432K), 0.0007278 secs] [Times: user=0.00 sys=0.00, real=0.00 secs] 
2024-07-28T16:42:34.701+0800: 10.076: Total time for which application threads were stopped: 0.0008654 seconds, Stopping threads took: 0.0000938 seconds
2024-07-28T16:42:34.701+0800: 10.076: [CMS-concurrent-mark-start]
2024-07-28T16:42:34.704+0800: 10.079: [CMS-concurrent-mark: 0.003/0.003 secs] [Times: user=0.00 sys=0.00, real=0.00 secs] 
2024-07-28T16:42:34.704+0800: 10.079: [CMS-concurrent-preclean-start]
2024-07-28T16:42:34.704+0800: 10.079: [CMS-concurrent-preclean: 0.001/0.001 secs] [Times: user=0.00 sys=0.00, real=0.00 secs] 
2024-07-28T16:42:34.704+0800: 10.079: [CMS-concurrent-abortable-preclean-start]
2024-07-28T16:42:34.815+0800: 10.190: Application time: 0.1143430 seconds
2024-07-28T16:42:34.815+0800: 10.190: [GC (Allocation Failure) 2024-07-28T16:42:34.815+0800: 10.190: [ParNew: 77168K->8192K(78656K), 0.0065410 secs] 406529K->366225K(535432K), 0.0066066 secs] [Times: user=0.03 sys=0.00, real=0.01 secs] 
2024-07-28T16:42:34.821+0800: 10.197: Total time for which application threads were stopped: 0.0067177 seconds, Stopping threads took: 0.0000195 seconds
2024-07-28T16:42:34.939+0800: 10.314: Application time: 0.1172792 seconds
2024-07-28T16:42:34.939+0800: 10.314: [GC (Allocation Failure) 2024-07-28T16:42:34.939+0800: 10.314: [ParNew: 77168K->8192K(78656K), 0.0122236 secs] 435202K->434834K(535432K), 0.0122868 secs] [Times: user=0.03 sys=0.00, real=0.01 secs] 
2024-07-28T16:42:34.952+0800: 10.327: Total time for which application threads were stopped: 0.0123980 seconds, Stopping threads took: 0.0000198 seconds
2024-07-28T16:42:34.952+0800: 10.327: [CMS-concurrent-abortable-preclean: 0.004/0.247 secs] [Times: user=0.06 sys=0.00, real=0.25 secs] 
2024-07-28T16:42:34.952+0800: 10.327: Application time: 0.0003137 seconds
2024-07-28T16:42:34.952+0800: 10.327: [GC (CMS Final Remark) [YG occupancy: 12655 K (78656 K)]2024-07-28T16:42:34.952+0800: 10.327: [Rescan (parallel) , 0.0008018 secs]2024-07-28T16:42:34.953+0800: 10.328: [weak refs processing, 0.0000132 secs]2024-07-28T16:42:34.953+0800: 10.328: [class unloading, 0.0001742 secs]2024-07-28T16:42:34.953+0800: 10.328: [scrub symbol table, 0.0003189 secs]2024-07-28T16:42:34.953+0800: 10.329: [scrub string table, 0.0001114 secs][1 CMS-remark: 426642K(456776K)] 439298K(535432K), 0.0014825 secs] [Times: user=0.00 sys=0.00, real=0.00 secs] 
2024-07-28T16:42:34.954+0800: 10.329: Total time for which application threads were stopped: 0.0016453 seconds, Stopping threads took: 0.0001141 seconds
2024-07-28T16:42:34.954+0800: 10.329: [CMS-concurrent-sweep-start]
2024-07-28T16:42:34.955+0800: 10.330: [CMS-concurrent-sweep: 0.001/0.001 secs] [Times: user=0.00 sys=0.00, real=0.00 secs] 
2024-07-28T16:42:34.955+0800: 10.330: [CMS-concurrent-reset-start]
2024-07-28T16:42:34.956+0800: 10.332: [CMS-concurrent-reset: 0.001/0.001 secs] [Times: user=0.00 sys=0.00, real=0.00 secs] 
2024-07-28T16:42:34.958+0800: 10.334: Application time: 0.0048999 seconds
2024-07-28T16:42:34.959+0800: 10.334: [GC (Allocation Failure) 2024-07-28T16:42:34.959+0800: 10.334: [ParNew: 77168K->8192K(78656K), 0.0120334 secs] 339968K->339601K(535432K), 0.0120815 secs] [Times: user=0.00 sys=0.00, real=0.01 secs] 
2024-07-28T16:42:34.971+0800: 10.346: Total time for which application threads were stopped: 0.0121757 seconds, Stopping threads took: 0.0000133 seconds
2024-07-28T16:42:34.971+0800: 10.346: Application time: 0.0002321 seconds
2024-07-28T16:42:34.971+0800: 10.346: [GC (CMS Initial Mark) [1 CMS-initial-mark: 331408K(456776K)] 343040K(535432K), 0.0007504 secs] [Times: user=0.00 sys=0.00, real=0.00 secs] 
2024-07-28T16:42:34.972+0800: 10.347: Total time for which application threads were stopped: 0.0008717 seconds, Stopping threads took: 0.0000786 seconds
2024-07-28T16:42:34.972+0800: 10.347: [CMS-concurrent-mark-start]
2024-07-28T16:42:34.974+0800: 10.349: [CMS-concurrent-mark: 0.002/0.002 secs] [Times: user=0.05 sys=0.00, real=0.00 secs] 
2024-07-28T16:42:34.974+0800: 10.349: [CMS-concurrent-preclean-start]
2024-07-28T16:42:34.975+0800: 10.350: [CMS-concurrent-preclean: 0.001/0.001 secs] [Times: user=0.00 sys=0.00, real=0.00 secs] 
2024-07-28T16:42:34.975+0800: 10.350: [CMS-concurrent-abortable-preclean-start]
2024-07-28T16:42:35.083+0800: 10.459: Application time: 0.1118604 seconds
2024-07-28T16:42:35.083+0800: 10.459: [GC (Allocation Failure) 2024-07-28T16:42:35.083+0800: 10.459: [ParNew: 77168K->8192K(78656K), 0.0063588 secs] 408577K->369297K(535432K), 0.0064339 secs] [Times: user=0.00 sys=0.00, real=0.01 secs] 
2024-07-28T16:42:35.089+0800: 10.465: Total time for which application threads were stopped: 0.0065525 seconds, Stopping threads took: 0.0000184 seconds
2024-07-28T16:42:35.206+0800: 10.581: Application time: 0.1160564 seconds
2024-07-28T16:42:35.206+0800: 10.581: [GC (Allocation Failure) 2024-07-28T16:42:35.206+0800: 10.581: [ParNew: 77168K->8192K(78656K), 0.0120760 secs] 438274K->437906K(535432K), 0.0121413 secs] [Times: user=0.03 sys=0.00, real=0.01 secs] 
2024-07-28T16:42:35.218+0800: 10.594: Total time for which application threads were stopped: 0.0122510 seconds, Stopping threads took: 0.0000199 seconds
2024-07-28T16:42:35.222+0800: 10.598: Application time: 0.0046227 seconds
2024-07-28T16:42:35.222+0800: 10.598: [GC (Allocation Failure) 2024-07-28T16:42:35.223+0800: 10.598: [ParNew: 77168K->8192K(78656K), 0.0289511 secs] 506883K->506515K(577580K), 0.0290089 secs] [Times: user=0.03 sys=0.01, real=0.03 secs] 
2024-07-28T16:42:35.252+0800: 10.627: Total time for which application threads were stopped: 0.0291083 seconds, Stopping threads took: 0.0000151 seconds
2024-07-28T16:42:35.252+0800: 10.627: [CMS-concurrent-abortable-preclean: 0.005/0.277 secs] [Times: user=0.09 sys=0.01, real=0.28 secs] 
2024-07-28T16:42:35.252+0800: 10.627: Application time: 0.0001099 seconds
2024-07-28T16:42:35.252+0800: 10.628: [GC (CMS Final Remark) [YG occupancy: 9216 K (78656 K)]2024-07-28T16:42:35.252+0800: 10.628: [Rescan (parallel) , 0.0006159 secs]2024-07-28T16:42:35.252+0800: 10.628: [weak refs processing, 0.0000136 secs]2024-07-28T16:42:35.252+0800: 10.628: [class unloading, 0.0002186 secs]2024-07-28T16:42:35.253+0800: 10.628: [scrub symbol table, 0.0003182 secs]2024-07-28T16:42:35.253+0800: 10.629: [scrub string table, 0.0000908 secs][1 CMS-remark: 498323K(498924K)] 507539K(577580K), 0.0013250 secs] [Times: user=0.00 sys=0.00, real=0.00 secs] 
2024-07-28T16:42:35.253+0800: 10.629: Total time for which application threads were stopped: 0.0014190 seconds, Stopping threads took: 0.0000577 seconds
2024-07-28T16:42:35.253+0800: 10.629: [CMS-concurrent-sweep-start]
2024-07-28T16:42:35.254+0800: 10.630: [CMS-concurrent-sweep: 0.001/0.001 secs] [Times: user=0.03 sys=0.00, real=0.00 secs] 
2024-07-28T16:42:35.255+0800: 10.631: [CMS-concurrent-reset-start]
2024-07-28T16:42:35.256+0800: 10.632: [CMS-concurrent-reset: 0.001/0.001 secs] [Times: user=0.00 sys=0.00, real=0.00 secs] 
2024-07-28T16:42:35.365+0800: 10.740: Application time: 0.1115460 seconds
2024-07-28T16:42:35.366+0800: 10.740: [GC (Allocation Failure) 2024-07-28T16:42:35.366+0800: 10.741: [ParNew: 77168K->8192K(78656K), 0.0071590 secs] 410625K->372369K(634420K), 0.0072182 secs] [Times: user=0.00 sys=0.00, real=0.01 secs] 
2024-07-28T16:42:35.373+0800: 10.748: Total time for which application threads were stopped: 0.0073298 seconds, Stopping threads took: 0.0000205 seconds
2024-07-28T16:42:35.373+0800: 10.748: Application time: 0.0002278 seconds
2024-07-28T16:42:35.373+0800: 10.748: [GC (CMS Initial Mark) [1 CMS-initial-mark: 364177K(555764K)] 375809K(634420K), 0.0007063 secs] [Times: user=0.00 sys=0.00, real=0.00 secs] 
2024-07-28T16:42:35.374+0800: 10.749: Total time for which application threads were stopped: 0.0008232 seconds, Stopping threads took: 0.0000753 seconds
2024-07-28T16:42:35.374+0800: 10.749: [CMS-concurrent-mark-start]
2024-07-28T16:42:35.378+0800: 10.753: [CMS-concurrent-mark: 0.004/0.004 secs] [Times: user=0.00 sys=0.00, real=0.00 secs] 
2024-07-28T16:42:35.378+0800: 10.753: [CMS-concurrent-preclean-start]
2024-07-28T16:42:35.379+0800: 10.754: [CMS-concurrent-preclean: 0.001/0.001 secs] [Times: user=0.00 sys=0.00, real=0.00 secs] 
2024-07-28T16:42:35.379+0800: 10.754: [CMS-concurrent-abortable-preclean-start]
2024-07-28T16:42:35.490+0800: 10.864: Application time: 0.1156405 seconds
2024-07-28T16:42:35.490+0800: 10.865: [GC (Allocation Failure) 2024-07-28T16:42:35.490+0800: 10.865: [ParNew: 77168K->8192K(78656K), 0.0122326 secs] 441346K->440978K(634420K), 0.0122952 secs] [Times: user=0.00 sys=0.00, real=0.01 secs] 
2024-07-28T16:42:35.502+0800: 10.877: Total time for which application threads were stopped: 0.0124148 seconds, Stopping threads took: 0.0000229 seconds
2024-07-28T16:42:35.506+0800: 10.881: Application time: 0.0044969 seconds
2024-07-28T16:42:35.507+0800: 10.881: [GC (Allocation Failure) 2024-07-28T16:42:35.507+0800: 10.881: [ParNew: 77168K->8192K(78656K), 0.0133247 secs] 509955K->509587K(634420K), 0.0133742 secs] [Times: user=0.00 sys=0.00, real=0.01 secs] 
2024-07-28T16:42:35.520+0800: 10.895: Total time for which application threads were stopped: 0.0134765 seconds, Stopping threads took: 0.0000146 seconds
2024-07-28T16:42:35.635+0800: 11.010: Application time: 0.1151286 seconds
2024-07-28T16:42:35.635+0800: 11.010: [GC (Allocation Failure) 2024-07-28T16:42:35.635+0800: 11.010: [ParNew: 77168K->8192K(78656K), 0.0203439 secs] 578564K->541332K(634420K), 0.0204075 secs] [Times: user=0.02 sys=0.02, real=0.02 secs] 
2024-07-28T16:42:35.655+0800: 11.031: Total time for which application threads were stopped: 0.0205177 seconds, Stopping threads took: 0.0000185 seconds
2024-07-28T16:42:35.655+0800: 11.031: [CMS-concurrent-abortable-preclean: 0.007/0.276 secs] [Times: user=0.08 sys=0.02, real=0.28 secs] 
2024-07-28T16:42:35.655+0800: 11.031: Application time: 0.0002709 seconds
2024-07-28T16:42:35.655+0800: 11.031: [GC (CMS Final Remark) [YG occupancy: 11631 K (78656 K)]2024-07-28T16:42:35.655+0800: 11.031: [Rescan (parallel) , 0.0007825 secs]2024-07-28T16:42:35.656+0800: 11.032: [weak refs processing, 0.0000136 secs]2024-07-28T16:42:35.656+0800: 11.032: [class unloading, 0.0002538 secs]2024-07-28T16:42:35.656+0800: 11.032: [scrub symbol table, 0.0003350 secs]2024-07-28T16:42:35.656+0800: 11.032: [scrub string table, 0.0001206 secs][1 CMS-remark: 533140K(555764K)] 544771K(634420K), 0.0015692 secs] [Times: user=0.00 sys=0.00, real=0.00 secs] 
2024-07-28T16:42:35.658+0800: 11.033: Total time for which application threads were stopped: 0.0017235 seconds, Stopping threads took: 0.0001175 seconds
2024-07-28T16:42:35.658+0800: 11.033: [CMS-concurrent-sweep-start]
2024-07-28T16:42:35.659+0800: 11.034: [CMS-concurrent-sweep: 0.002/0.002 secs] [Times: user=0.00 sys=0.00, real=0.00 secs] 
2024-07-28T16:42:35.659+0800: 11.034: [CMS-concurrent-reset-start]
2024-07-28T16:42:35.661+0800: 11.036: [CMS-concurrent-reset: 0.001/0.001 secs] [Times: user=0.03 sys=0.00, real=0.00 secs] 
2024-07-28T16:42:35.776+0800: 11.151: Application time: 0.1188546 seconds
2024-07-28T16:42:35.777+0800: 11.151: [GC (Allocation Failure) 2024-07-28T16:42:35.777+0800: 11.151: [ParNew: 77168K->8192K(78656K), 0.0123706 secs] 277503K->277136K(634420K), 0.0124309 secs] [Times: user=0.03 sys=0.00, real=0.01 secs] 
2024-07-28T16:42:35.788+0800: 11.164: Total time for which application threads were stopped: 0.0125478 seconds, Stopping threads took: 0.0000184 seconds
2024-07-28T16:42:35.793+0800: 11.168: Application time: 0.0044484 seconds
2024-07-28T16:42:35.793+0800: 11.168: [GC (Allocation Failure) 2024-07-28T16:42:35.793+0800: 11.168: [ParNew: 77168K->8192K(78656K), 0.0205158 secs] 346112K->345745K(634420K), 0.0205668 secs] [Times: user=0.01 sys=0.02, real=0.02 secs] 
2024-07-28T16:42:35.814+0800: 11.189: Total time for which application threads were stopped: 0.0206812 seconds, Stopping threads took: 0.0000156 seconds
2024-07-28T16:42:35.814+0800: 11.189: Application time: 0.0002322 seconds
2024-07-28T16:42:35.814+0800: 11.189: [GC (CMS Initial Mark) [1 CMS-initial-mark: 337553K(555764K)] 349184K(634420K), 0.0008011 secs] [Times: user=0.00 sys=0.00, real=0.00 secs] 
2024-07-28T16:42:35.815+0800: 11.190: Total time for which application threads were stopped: 0.0009590 seconds, Stopping threads took: 0.0001122 seconds
2024-07-28T16:42:35.815+0800: 11.190: [CMS-concurrent-mark-start]
2024-07-28T16:42:35.818+0800: 11.193: [CMS-concurrent-mark: 0.002/0.002 secs] [Times: user=0.05 sys=0.00, real=0.00 secs] 
2024-07-28T16:42:35.818+0800: 11.193: [CMS-concurrent-preclean-start]
2024-07-28T16:42:35.818+0800: 11.193: [CMS-concurrent-preclean: 0.001/0.001 secs] [Times: user=0.00 sys=0.00, real=0.00 secs] 
2024-07-28T16:42:35.818+0800: 11.193: [CMS-concurrent-abortable-preclean-start]
2024-07-28T16:42:35.935+0800: 11.310: Application time: 0.1201796 seconds
2024-07-28T16:42:35.935+0800: 11.310: [GC (Allocation Failure) 2024-07-28T16:42:35.935+0800: 11.311: [ParNew: 77168K->8192K(78656K), 0.0071477 secs] 414721K->378513K(634420K), 0.0072069 secs] [Times: user=0.03 sys=0.00, real=0.01 secs] 
2024-07-28T16:42:35.942+0800: 11.318: Total time for which application threads were stopped: 0.0073155 seconds, Stopping threads took: 0.0000189 seconds
2024-07-28T16:42:36.060+0800: 11.435: Application time: 0.1174130 seconds
2024-07-28T16:42:36.060+0800: 11.435: [GC (Allocation Failure) 2024-07-28T16:42:36.060+0800: 11.435: [ParNew: 77168K->8192K(78656K), 0.0119972 secs] 447490K->447122K(634420K), 0.0120582 secs] [Times: user=0.03 sys=0.00, real=0.01 secs] 
2024-07-28T16:42:36.071+0800: 11.447: Total time for which application threads were stopped: 0.0121673 seconds, Stopping threads took: 0.0000198 seconds
2024-07-28T16:42:36.077+0800: 11.452: Application time: 0.0044464 seconds
2024-07-28T16:42:36.077+0800: 11.452: [GC (Allocation Failure) 2024-07-28T16:42:36.077+0800: 11.452: [ParNew: 77168K->8192K(78656K), 0.0123880 secs] 516099K->515731K(634420K), 0.0124384 secs] [Times: user=0.03 sys=0.00, real=0.01 secs] 
2024-07-28T16:42:36.088+0800: 11.464: Total time for which application threads were stopped: 0.0125375 seconds, Stopping threads took: 0.0000149 seconds
2024-07-28T16:42:36.089+0800: 11.464: [CMS-concurrent-abortable-preclean: 0.007/0.271 secs] [Times: user=0.09 sys=0.00, real=0.27 secs] 
2024-07-28T16:42:36.089+0800: 11.465: Application time: 0.0003541 seconds
2024-07-28T16:42:36.089+0800: 11.465: [GC (CMS Final Remark) [YG occupancy: 13679 K (78656 K)]2024-07-28T16:42:36.089+0800: 11.465: [Rescan (parallel) , 0.0008764 secs]2024-07-28T16:42:36.090+0800: 11.466: [weak refs processing, 0.0000129 secs]2024-07-28T16:42:36.090+0800: 11.466: [class unloading, 0.0002016 secs]2024-07-28T16:42:36.090+0800: 11.466: [scrub symbol table, 0.0003294 secs]2024-07-28T16:42:36.090+0800: 11.466: [scrub string table, 0.0001038 secs][1 CMS-remark: 507539K(555764K)] 521219K(634420K), 0.0015862 secs] [Times: user=0.00 sys=0.00, real=0.00 secs] 
2024-07-28T16:42:36.090+0800: 11.466: Total time for which application threads were stopped: 0.0016804 seconds, Stopping threads took: 0.0000590 seconds
2024-07-28T16:42:36.092+0800: 11.467: [CMS-concurrent-sweep-start]
2024-07-28T16:42:36.092+0800: 11.468: [CMS-concurrent-sweep: 0.001/0.001 secs] [Times: user=0.00 sys=0.00, real=0.00 secs] 
2024-07-28T16:42:36.092+0800: 11.468: [CMS-concurrent-reset-start]
2024-07-28T16:42:36.093+0800: 11.469: [CMS-concurrent-reset: 0.001/0.001 secs] [Times: user=0.00 sys=0.00, real=0.00 secs] 
2024-07-28T16:42:36.204+0800: 11.579: Application time: 0.1123618 seconds
2024-07-28T16:42:36.204+0800: 11.579: [GC (Allocation Failure) 2024-07-28T16:42:36.204+0800: 11.579: [ParNew: 77168K->8192K(78656K), 0.0071879 secs] 416769K->381585K(644660K), 0.0072508 secs] [Times: user=0.03 sys=0.00, real=0.01 secs] 
2024-07-28T16:42:36.211+0800: 11.586: Total time for which application threads were stopped: 0.0073786 seconds, Stopping threads took: 0.0000211 seconds
2024-07-28T16:42:36.211+0800: 11.586: Application time: 0.0001278 seconds
2024-07-28T16:42:36.211+0800: 11.586: [GC (CMS Initial Mark) [1 CMS-initial-mark: 373393K(566004K)] 385025K(644660K), 0.0007442 secs] [Times: user=0.00 sys=0.00, real=0.00 secs] 
2024-07-28T16:42:36.212+0800: 11.587: Total time for which application threads were stopped: 0.0008710 seconds, Stopping threads took: 0.0000830 seconds
2024-07-28T16:42:36.212+0800: 11.587: [CMS-concurrent-mark-start]
2024-07-28T16:42:36.217+0800: 11.592: [CMS-concurrent-mark: 0.004/0.004 secs] [Times: user=0.00 sys=0.00, real=0.01 secs] 
2024-07-28T16:42:36.217+0800: 11.592: [CMS-concurrent-preclean-start]
2024-07-28T16:42:36.217+0800: 11.592: [CMS-concurrent-preclean: 0.001/0.001 secs] [Times: user=0.00 sys=0.00, real=0.00 secs] 
2024-07-28T16:42:36.217+0800: 11.592: [CMS-concurrent-abortable-preclean-start]
2024-07-28T16:42:36.327+0800: 11.702: Application time: 0.1150408 seconds
2024-07-28T16:42:36.327+0800: 11.702: [GC (Allocation Failure) 2024-07-28T16:42:36.327+0800: 11.702: [ParNew: 77168K->8192K(78656K), 0.0152828 secs] 450562K->450194K(644660K), 0.0153546 secs] [Times: user=0.02 sys=0.02, real=0.02 secs] 
2024-07-28T16:42:36.343+0800: 11.718: Total time for which application threads were stopped: 0.0154733 seconds, Stopping threads took: 0.0000237 seconds
2024-07-28T16:42:36.347+0800: 11.722: Application time: 0.0044668 seconds
2024-07-28T16:42:36.347+0800: 11.722: [GC (Allocation Failure) 2024-07-28T16:42:36.347+0800: 11.722: [ParNew: 77168K->8192K(78656K), 0.0119864 secs] 519171K->518803K(644660K), 0.0120432 secs] [Times: user=0.03 sys=0.00, real=0.01 secs] 
2024-07-28T16:42:36.359+0800: 11.734: Total time for which application threads were stopped: 0.0121461 seconds, Stopping threads took: 0.0000147 seconds
2024-07-28T16:42:36.469+0800: 11.845: Application time: 0.1103176 seconds
2024-07-28T16:42:36.469+0800: 11.845: [GC (Allocation Failure) 2024-07-28T16:42:36.469+0800: 11.845: [ParNew: 77168K->8192K(78656K), 0.0074718 secs] 587780K->553620K(644660K), 0.0075344 secs] [Times: user=0.03 sys=0.00, real=0.01 secs] 
2024-07-28T16:42:36.477+0800: 11.852: Total time for which application threads were stopped: 0.0076620 seconds, Stopping threads took: 0.0000347 seconds
2024-07-28T16:42:36.477+0800: 11.852: [CMS-concurrent-abortable-preclean: 0.007/0.260 secs] [Times: user=0.08 sys=0.02, real=0.26 secs] 
2024-07-28T16:42:36.477+0800: 11.853: Application time: 0.0003338 seconds
2024-07-28T16:42:36.477+0800: 11.853: [GC (CMS Final Remark) [YG occupancy: 12655 K (78656 K)]2024-07-28T16:42:36.477+0800: 11.853: [Rescan (parallel) , 0.0010592 secs]2024-07-28T16:42:36.478+0800: 11.854: [weak refs processing, 0.0000129 secs]2024-07-28T16:42:36.478+0800: 11.854: [class unloading, 0.0001920 secs]2024-07-28T16:42:36.478+0800: 11.854: [scrub symbol table, 0.0003590 secs]2024-07-28T16:42:36.479+0800: 11.854: [scrub string table, 0.0000926 secs][1 CMS-remark: 545428K(566004K)] 558084K(644660K), 0.0017804 secs] [Times: user=0.00 sys=0.00, real=0.00 secs] 
2024-07-28T16:42:36.479+0800: 11.855: Total time for which application threads were stopped: 0.0019502 seconds, Stopping threads took: 0.0001329 seconds
2024-07-28T16:42:36.479+0800: 11.855: [CMS-concurrent-sweep-start]
2024-07-28T16:42:36.481+0800: 11.857: [CMS-concurrent-sweep: 0.002/0.002 secs] [Times: user=0.00 sys=0.00, real=0.00 secs] 
2024-07-28T16:42:36.481+0800: 11.857: [CMS-concurrent-reset-start]
2024-07-28T16:42:36.482+0800: 11.858: [CMS-concurrent-reset: 0.001/0.001 secs] [Times: user=0.00 sys=0.00, real=0.00 secs] 
2024-07-28T16:42:36.592+0800: 11.967: Application time: 0.1125816 seconds
2024-07-28T16:42:36.592+0800: 11.967: [GC (Allocation Failure) 2024-07-28T16:42:36.592+0800: 11.967: [ParNew: 77168K->8192K(78656K), 0.0122110 secs] 283647K->283280K(644660K), 0.0122707 secs] [Times: user=0.03 sys=0.00, real=0.01 secs] 
2024-07-28T16:42:36.604+0800: 11.979: Total time for which application threads were stopped: 0.0123814 seconds, Stopping threads took: 0.0000197 seconds
2024-07-28T16:42:36.604+0800: 11.980: Application time: 0.0001739 seconds
2024-07-28T16:42:36.604+0800: 11.980: [GC (CMS Initial Mark) [1 CMS-initial-mark: 275088K(566004K)] 286719K(644660K), 0.0008205 secs] [Times: user=0.00 sys=0.00, real=0.00 secs] 
2024-07-28T16:42:36.605+0800: 11.981: Total time for which application threads were stopped: 0.0009994 seconds, Stopping threads took: 0.0001339 seconds
2024-07-28T16:42:36.605+0800: 11.981: [CMS-concurrent-mark-start]
2024-07-28T16:42:36.609+0800: 11.984: [CMS-concurrent-mark: 0.004/0.004 secs] [Times: user=0.00 sys=0.00, real=0.00 secs] 
2024-07-28T16:42:36.609+0800: 11.984: [CMS-concurrent-preclean-start]
2024-07-28T16:42:36.611+0800: 11.986: [CMS-concurrent-preclean: 0.002/0.002 secs] [Times: user=0.00 sys=0.00, real=0.00 secs] 
2024-07-28T16:42:36.611+0800: 11.986: Application time: 0.0053657 seconds
2024-07-28T16:42:36.611+0800: 11.986: [GC (Allocation Failure) 2024-07-28T16:42:36.611+0800: 11.986: [ParNew: 77168K->8192K(78656K), 0.0119213 secs] 352256K->351889K(644660K), 0.0119775 secs] [Times: user=0.03 sys=0.00, real=0.01 secs] 
2024-07-28T16:42:36.623+0800: 11.998: Total time for which application threads were stopped: 0.0120757 seconds, Stopping threads took: 0.0000138 seconds
2024-07-28T16:42:36.623+0800: 11.998: Application time: 0.0001639 seconds
2024-07-28T16:42:36.623+0800: 11.998: [GC (CMS Final Remark) [YG occupancy: 11631 K (78656 K)]2024-07-28T16:42:36.623+0800: 11.998: [Rescan (parallel) , 0.0010624 secs]2024-07-28T16:42:36.624+0800: 12.000: [weak refs processing, 0.0000129 secs]2024-07-28T16:42:36.624+0800: 12.000: [class unloading, 0.0001865 secs]2024-07-28T16:42:36.624+0800: 12.000: [scrub symbol table, 0.0003440 secs]2024-07-28T16:42:36.625+0800: 12.000: [scrub string table, 0.0001090 secs][1 CMS-remark: 343697K(566004K)] 355328K(644660K), 0.0017802 secs] [Times: user=0.00 sys=0.00, real=0.00 secs] 
2024-07-28T16:42:36.625+0800: 12.000: Total time for which application threads were stopped: 0.0019507 seconds, Stopping threads took: 0.0001324 seconds
2024-07-28T16:42:36.625+0800: 12.000: [CMS-concurrent-sweep-start]
2024-07-28T16:42:36.626+0800: 12.002: [CMS-concurrent-sweep: 0.001/0.001 secs] [Times: user=0.00 sys=0.00, real=0.00 secs] 
2024-07-28T16:42:36.626+0800: 12.002: [CMS-concurrent-reset-start]
2024-07-28T16:42:36.627+0800: 12.003: [CMS-concurrent-reset: 0.001/0.001 secs] [Times: user=0.00 sys=0.00, real=0.00 secs] 
2024-07-28T16:42:36.733+0800: 12.109: Application time: 0.1084459 seconds
2024-07-28T16:42:36.733+0800: 12.109: [GC (Allocation Failure) 2024-07-28T16:42:36.733+0800: 12.109: [ParNew: 77168K->8192K(78656K), 0.0074173 secs] 249855K->216719K(644660K), 0.0074762 secs] [Times: user=0.02 sys=0.02, real=0.01 secs] 
2024-07-28T16:42:36.741+0800: 12.116: Total time for which application threads were stopped: 0.0075969 seconds, Stopping threads took: 0.0000192 seconds
2024-07-28T16:42:36.857+0800: 12.232: Application time: 0.1156434 seconds
2024-07-28T16:42:36.857+0800: 12.232: [GC (Allocation Failure) 2024-07-28T16:42:36.857+0800: 12.232: [ParNew: 77168K->8192K(78656K), 0.0123732 secs] 285695K->285328K(644660K), 0.0124341 secs] [Times: user=0.03 sys=0.00, real=0.01 secs] 
2024-07-28T16:42:36.869+0800: 12.244: Total time for which application threads were stopped: 0.0125453 seconds, Stopping threads took: 0.0000210 seconds
2024-07-28T16:42:36.874+0800: 12.249: Application time: 0.0044972 seconds
2024-07-28T16:42:36.874+0800: 12.249: [GC (Allocation Failure) 2024-07-28T16:42:36.874+0800: 12.249: [ParNew: 77168K->8192K(78656K), 0.0121794 secs] 354304K->353937K(644660K), 0.0122288 secs] [Times: user=0.03 sys=0.00, real=0.01 secs] 
2024-07-28T16:42:36.886+0800: 12.261: Total time for which application threads were stopped: 0.0123269 seconds, Stopping threads took: 0.0000150 seconds
2024-07-28T16:42:36.887+0800: 12.262: Application time: 0.0002516 seconds
2024-07-28T16:42:36.887+0800: 12.262: [GC (CMS Initial Mark) [1 CMS-initial-mark: 345745K(566004K)] 357376K(644660K), 0.0008407 secs] [Times: user=0.00 sys=0.00, real=0.00 secs] 
2024-07-28T16:42:36.888+0800: 12.263: Total time for which application threads were stopped: 0.0009708 seconds, Stopping threads took: 0.0000788 seconds
2024-07-28T16:42:36.888+0800: 12.263: [CMS-concurrent-mark-start]
2024-07-28T16:42:36.890+0800: 12.265: [CMS-concurrent-mark: 0.002/0.002 secs] [Times: user=0.00 sys=0.00, real=0.00 secs] 
2024-07-28T16:42:36.890+0800: 12.265: [CMS-concurrent-preclean-start]
2024-07-28T16:42:36.890+0800: 12.265: [CMS-concurrent-preclean: 0.001/0.001 secs] [Times: user=0.00 sys=0.00, real=0.00 secs] 
2024-07-28T16:42:36.890+0800: 12.265: [CMS-concurrent-abortable-preclean-start]
2024-07-28T16:42:37.000+0800: 12.376: Application time: 0.1134754 seconds
2024-07-28T16:42:37.000+0800: 12.376: [GC (Allocation Failure) 2024-07-28T16:42:37.000+0800: 12.376: [ParNew: 77168K->8192K(78656K), 0.0077587 secs] 422913K->390801K(644660K), 0.0078133 secs] [Times: user=0.03 sys=0.00, real=0.01 secs] 
2024-07-28T16:42:37.008+0800: 12.384: Total time for which application threads were stopped: 0.0079224 seconds, Stopping threads took: 0.0000186 seconds
2024-07-28T16:42:37.123+0800: 12.499: Application time: 0.1149453 seconds
2024-07-28T16:42:37.123+0800: 12.499: [GC (Allocation Failure) 2024-07-28T16:42:37.123+0800: 12.499: [ParNew: 77168K->8192K(78656K), 0.0123821 secs] 459778K->459410K(644660K), 0.0124418 secs] [Times: user=0.03 sys=0.00, real=0.01 secs] 
2024-07-28T16:42:37.136+0800: 12.511: Total time for which application threads were stopped: 0.0125494 seconds, Stopping threads took: 0.0000191 seconds
2024-07-28T16:42:37.136+0800: 12.511: [CMS-concurrent-abortable-preclean: 0.006/0.246 secs] [Times: user=0.06 sys=0.00, real=0.25 secs] 
2024-07-28T16:42:37.136+0800: 12.512: Application time: 0.0003027 seconds
2024-07-28T16:42:37.136+0800: 12.512: [GC (CMS Final Remark) [YG occupancy: 12655 K (78656 K)]2024-07-28T16:42:37.136+0800: 12.512: [Rescan (parallel) , 0.0005451 secs]2024-07-28T16:42:37.137+0800: 12.512: [weak refs processing, 0.0000136 secs]2024-07-28T16:42:37.137+0800: 12.512: [class unloading, 0.0002321 secs]2024-07-28T16:42:37.137+0800: 12.513: [scrub symbol table, 0.0003050 secs]2024-07-28T16:42:37.137+0800: 12.513: [scrub string table, 0.0001097 secs][1 CMS-remark: 451218K(566004K)] 463874K(644660K), 0.0012774 secs] [Times: user=0.00 sys=0.00, real=0.00 secs] 
2024-07-28T16:42:37.138+0800: 12.513: Total time for which application threads were stopped: 0.0014394 seconds, Stopping threads took: 0.0001208 seconds
2024-07-28T16:42:37.138+0800: 12.513: [CMS-concurrent-sweep-start]
2024-07-28T16:42:37.140+0800: 12.515: [CMS-concurrent-sweep: 0.002/0.002 secs] [Times: user=0.00 sys=0.00, real=0.00 secs] 
2024-07-28T16:42:37.140+0800: 12.515: [CMS-concurrent-reset-start]
2024-07-28T16:42:37.141+0800: 12.516: [CMS-concurrent-reset: 0.001/0.001 secs] [Times: user=0.00 sys=0.00, real=0.00 secs] 
2024-07-28T16:42:37.142+0800: 12.518: Application time: 0.0047909 seconds
2024-07-28T16:42:37.142+0800: 12.518: [GC (Allocation Failure) 2024-07-28T16:42:37.143+0800: 12.518: [ParNew: 77168K->8192K(78656K), 0.0128351 secs] 356352K->355985K(644660K), 0.0128868 secs] [Times: user=0.03 sys=0.00, real=0.01 secs] 
2024-07-28T16:42:37.155+0800: 12.531: Total time for which application threads were stopped: 0.0129978 seconds, Stopping threads took: 0.0000280 seconds
2024-07-28T16:42:37.156+0800: 12.531: Application time: 0.0002322 seconds
2024-07-28T16:42:37.156+0800: 12.531: [GC (CMS Initial Mark) [1 CMS-initial-mark: 347793K(566004K)] 359424K(644660K), 0.0007809 secs] [Times: user=0.00 sys=0.00, real=0.00 secs] 
2024-07-28T16:42:37.157+0800: 12.532: Total time for which application threads were stopped: 0.0009062 seconds, Stopping threads took: 0.0000814 seconds
2024-07-28T16:42:37.157+0800: 12.532: [CMS-concurrent-mark-start]
2024-07-28T16:42:37.159+0800: 12.534: [CMS-concurrent-mark: 0.002/0.002 secs] [Times: user=0.00 sys=0.00, real=0.00 secs] 
2024-07-28T16:42:37.159+0800: 12.534: [CMS-concurrent-preclean-start]
2024-07-28T16:42:37.159+0800: 12.535: [CMS-concurrent-preclean: 0.001/0.001 secs] [Times: user=0.00 sys=0.00, real=0.00 secs] 
2024-07-28T16:42:37.159+0800: 12.535: [CMS-concurrent-abortable-preclean-start]
2024-07-28T16:42:37.263+0800: 12.638: Application time: 0.1063730 seconds
2024-07-28T16:42:37.263+0800: 12.639: [GC (Allocation Failure) 2024-07-28T16:42:37.263+0800: 12.639: [ParNew: 77168K->8192K(78656K), 0.0079240 secs] 424961K->393873K(644660K), 0.0080001 secs] [Times: user=0.03 sys=0.00, real=0.01 secs] 
2024-07-28T16:42:37.271+0800: 12.647: Total time for which application threads were stopped: 0.0081099 seconds, Stopping threads took: 0.0000178 seconds
2024-07-28T16:42:37.387+0800: 12.763: Application time: 0.1161101 seconds
2024-07-28T16:42:37.387+0800: 12.763: [GC (Allocation Failure) 2024-07-28T16:42:37.388+0800: 12.763: [ParNew: 77168K->8192K(78656K), 0.0121224 secs] 462850K->462482K(644660K), 0.0121831 secs] [Times: user=0.03 sys=0.00, real=0.01 secs] 
2024-07-28T16:42:37.400+0800: 12.775: Total time for which application threads were stopped: 0.0123033 seconds, Stopping threads took: 0.0000194 seconds
2024-07-28T16:42:37.400+0800: 12.775: [CMS-concurrent-abortable-preclean: 0.007/0.240 secs] [Times: user=0.06 sys=0.00, real=0.24 secs] 
2024-07-28T16:42:37.400+0800: 12.775: Application time: 0.0003637 seconds
2024-07-28T16:42:37.400+0800: 12.776: [GC (CMS Final Remark) [YG occupancy: 13679 K (78656 K)]2024-07-28T16:42:37.400+0800: 12.776: [Rescan (parallel) , 0.0010940 secs]2024-07-28T16:42:37.401+0800: 12.777: [weak refs processing, 0.0000129 secs]2024-07-28T16:42:37.401+0800: 12.777: [class unloading, 0.0002541 secs]2024-07-28T16:42:37.402+0800: 12.777: [scrub symbol table, 0.0003508 secs]2024-07-28T16:42:37.402+0800: 12.777: [scrub string table, 0.0000929 secs][1 CMS-remark: 454290K(566004K)] 467970K(644660K), 0.0018769 secs] [Times: user=0.00 sys=0.00, real=0.00 secs] 
2024-07-28T16:42:37.402+0800: 12.777: Total time for which application threads were stopped: 0.0020633 seconds, Stopping threads took: 0.0001500 seconds
2024-07-28T16:42:37.402+0800: 12.778: [CMS-concurrent-sweep-start]
2024-07-28T16:42:37.404+0800: 12.780: [CMS-concurrent-sweep: 0.002/0.002 secs] [Times: user=0.00 sys=0.00, real=0.00 secs] 
2024-07-28T16:42:37.404+0800: 12.780: [CMS-concurrent-reset-start]
2024-07-28T16:42:37.405+0800: 12.781: [CMS-concurrent-reset: 0.001/0.001 secs] [Times: user=0.00 sys=0.00, real=0.00 secs] 
2024-07-28T16:42:37.407+0800: 12.782: Application time: 0.0048637 seconds
2024-07-28T16:42:37.407+0800: 12.782: [GC (Allocation Failure) 2024-07-28T16:42:37.407+0800: 12.782: [ParNew: 77168K->8192K(78656K), 0.0119054 secs] 184318K->183950K(644660K), 0.0119506 secs] [Times: user=0.03 sys=0.00, real=0.01 secs] 
2024-07-28T16:42:37.419+0800: 12.794: Total time for which application threads were stopped: 0.0120479 seconds, Stopping threads took: 0.0000145 seconds
2024-07-28T16:42:37.419+0800: 12.795: Application time: 0.0002377 seconds
2024-07-28T16:42:37.419+0800: 12.795: [GC (CMS Initial Mark) [1 CMS-initial-mark: 175758K(566004K)] 187390K(644660K), 0.0008558 secs] [Times: user=0.00 sys=0.00, real=0.00 secs] 
2024-07-28T16:42:37.420+0800: 12.796: Total time for which application threads were stopped: 0.0010462 seconds, Stopping threads took: 0.0001480 seconds
2024-07-28T16:42:37.420+0800: 12.796: [CMS-concurrent-mark-start]
2024-07-28T16:42:37.422+0800: 12.797: [CMS-concurrent-mark: 0.002/0.002 secs] [Times: user=0.00 sys=0.00, real=0.00 secs] 
2024-07-28T16:42:37.422+0800: 12.797: [CMS-concurrent-preclean-start]
2024-07-28T16:42:37.423+0800: 12.798: [CMS-concurrent-preclean: 0.001/0.001 secs] [Times: user=0.00 sys=0.00, real=0.00 secs] 
2024-07-28T16:42:37.423+0800: 12.798: [CMS-concurrent-abortable-preclean-start]
2024-07-28T16:42:37.530+0800: 12.906: Application time: 0.1104339 seconds
2024-07-28T16:42:37.530+0800: 12.906: [GC (Allocation Failure) 2024-07-28T16:42:37.530+0800: 12.906: [ParNew: 77168K->8192K(78656K), 0.0075229 secs] 252927K->222863K(644660K), 0.0075826 secs] [Times: user=0.03 sys=0.00, real=0.01 secs] 
2024-07-28T16:42:37.538+0800: 12.914: Total time for which application threads were stopped: 0.0077028 seconds, Stopping threads took: 0.0000196 seconds
2024-07-28T16:42:37.654+0800: 13.030: Application time: 0.1158195 seconds
2024-07-28T16:42:37.655+0800: 13.030: [GC (Allocation Failure) 2024-07-28T16:42:37.655+0800: 13.030: [ParNew: 77868K->8196K(78656K), 0.0119568 secs] 292539K->291476K(644660K), 0.0120233 secs] [Times: user=0.03 sys=0.00, real=0.01 secs] 
2024-07-28T16:42:37.667+0800: 13.042: Total time for which application threads were stopped: 0.0121381 seconds, Stopping threads took: 0.0000194 seconds
2024-07-28T16:42:37.667+0800: 13.042: [CMS-concurrent-abortable-preclean: 0.006/0.244 secs] [Times: user=0.06 sys=0.00, real=0.24 secs] 
2024-07-28T16:42:37.667+0800: 13.042: Application time: 0.0003218 seconds
2024-07-28T16:42:37.667+0800: 13.042: [GC (CMS Final Remark) [YG occupancy: 12654 K (78656 K)]2024-07-28T16:42:37.667+0800: 13.042: [Rescan (parallel) , 0.0008888 secs]2024-07-28T16:42:37.668+0800: 13.043: [weak refs processing, 0.0000126 secs]2024-07-28T16:42:37.668+0800: 13.043: [class unloading, 0.0002012 secs]2024-07-28T16:42:37.668+0800: 13.043: [scrub symbol table, 0.0003670 secs]2024-07-28T16:42:37.669+0800: 13.044: [scrub string table, 0.0001185 secs][1 CMS-remark: 283280K(566004K)] 295935K(644660K), 0.0016612 secs] [Times: user=0.00 sys=0.00, real=0.00 secs] 
2024-07-28T16:42:37.669+0800: 13.044: Total time for which application threads were stopped: 0.0018371 seconds, Stopping threads took: 0.0001387 seconds
2024-07-28T16:42:37.669+0800: 13.044: [CMS-concurrent-sweep-start]
2024-07-28T16:42:37.670+0800: 13.045: [CMS-concurrent-sweep: 0.001/0.001 secs] [Times: user=0.00 sys=0.00, real=0.00 secs] 
2024-07-28T16:42:37.670+0800: 13.046: [CMS-concurrent-reset-start]
2024-07-28T16:42:37.672+0800: 13.047: [CMS-concurrent-reset: 0.001/0.001 secs] [Times: user=0.00 sys=0.00, real=0.00 secs] 
2024-07-28T16:42:37.674+0800: 13.049: Application time: 0.0047247 seconds
2024-07-28T16:42:37.674+0800: 13.049: [GC (Allocation Failure) 2024-07-28T16:42:37.674+0800: 13.049: [ParNew: 77167K->8192K(78656K), 0.0119790 secs] 360448K->360081K(644660K), 0.0120392 secs] [Times: user=0.03 sys=0.00, real=0.01 secs] 
2024-07-28T16:42:37.686+0800: 13.061: Total time for which application threads were stopped: 0.0121479 seconds, Stopping threads took: 0.0000125 seconds
2024-07-28T16:42:37.686+0800: 13.061: Application time: 0.0001256 seconds
2024-07-28T16:42:37.686+0800: 13.061: [GC (CMS Initial Mark) [1 CMS-initial-mark: 351889K(566004K)] 363517K(644660K), 0.0008084 secs] [Times: user=0.00 sys=0.00, real=0.00 secs] 
2024-07-28T16:42:37.687+0800: 13.062: Total time for which application threads were stopped: 0.0010296 seconds, Stopping threads took: 0.0001694 seconds
2024-07-28T16:42:37.687+0800: 13.062: [CMS-concurrent-mark-start]
2024-07-28T16:42:37.689+0800: 13.064: [CMS-concurrent-mark: 0.002/0.002 secs] [Times: user=0.00 sys=0.00, real=0.00 secs] 
2024-07-28T16:42:37.689+0800: 13.064: [CMS-concurrent-preclean-start]
2024-07-28T16:42:37.690+0800: 13.065: [CMS-concurrent-preclean: 0.001/0.001 secs] [Times: user=0.00 sys=0.00, real=0.00 secs] 
2024-07-28T16:42:37.690+0800: 13.065: [CMS-concurrent-abortable-preclean-start]
2024-07-28T16:42:37.798+0800: 13.174: Application time: 0.1117312 seconds
2024-07-28T16:42:37.798+0800: 13.174: [GC (Allocation Failure) 2024-07-28T16:42:37.798+0800: 13.174: [ParNew: 77165K->8192K(78656K), 0.0082381 secs] 429054K->400018K(644660K), 0.0083126 secs] [Times: user=0.03 sys=0.00, real=0.01 secs] 
2024-07-28T16:42:37.807+0800: 13.182: Total time for which application threads were stopped: 0.0084214 seconds, Stopping threads took: 0.0000189 seconds
2024-07-28T16:42:37.922+0800: 13.297: Application time: 0.1152667 seconds
2024-07-28T16:42:37.922+0800: 13.297: [GC (Allocation Failure) 2024-07-28T16:42:37.922+0800: 13.297: [ParNew: 77166K->8192K(78656K), 0.0127182 secs] 468992K->468627K(644660K), 0.0127800 secs] [Times: user=0.03 sys=0.00, real=0.01 secs] 
2024-07-28T16:42:37.935+0800: 13.310: Total time for which application threads were stopped: 0.0128893 seconds, Stopping threads took: 0.0000197 seconds
2024-07-28T16:42:37.935+0800: 13.310: [CMS-concurrent-abortable-preclean: 0.006/0.245 secs] [Times: user=0.06 sys=0.00, real=0.24 secs] 
2024-07-28T16:42:37.935+0800: 13.311: Application time: 0.0003379 seconds
2024-07-28T16:42:37.936+0800: 13.311: [GC (CMS Final Remark) [YG occupancy: 12654 K (78656 K)]2024-07-28T16:42:37.936+0800: 13.311: [Rescan (parallel) , 0.0007320 secs]2024-07-28T16:42:37.936+0800: 13.312: [weak refs processing, 0.0000129 secs]2024-07-28T16:42:37.936+0800: 13.312: [class unloading, 0.0002441 secs]2024-07-28T16:42:37.937+0800: 13.312: [scrub symbol table, 0.0003126 secs]2024-07-28T16:42:37.937+0800: 13.312: [scrub string table, 0.0000906 secs][1 CMS-remark: 460435K(566004K)] 473089K(644660K), 0.0014605 secs] [Times: user=0.00 sys=0.00, real=0.00 secs] 
2024-07-28T16:42:37.937+0800: 13.312: Total time for which application threads were stopped: 0.0016337 seconds, Stopping threads took: 0.0001373 seconds
2024-07-28T16:42:37.937+0800: 13.312: [CMS-concurrent-sweep-start]
2024-07-28T16:42:37.939+0800: 13.314: [CMS-concurrent-sweep: 0.002/0.002 secs] [Times: user=0.00 sys=0.00, real=0.00 secs] 
2024-07-28T16:42:37.939+0800: 13.314: [CMS-concurrent-reset-start]
2024-07-28T16:42:37.940+0800: 13.316: [CMS-concurrent-reset: 0.001/0.001 secs] [Times: user=0.00 sys=0.00, real=0.00 secs] 
2024-07-28T16:42:37.942+0800: 13.317: Application time: 0.0049306 seconds
2024-07-28T16:42:37.942+0800: 13.317: [GC (Allocation Failure) 2024-07-28T16:42:37.942+0800: 13.317: [ParNew: 77167K->8192K(78656K), 0.0119449 secs] 186365K->185998K(644660K), 0.0119914 secs] [Times: user=0.00 sys=0.00, real=0.01 secs] 
2024-07-28T16:42:37.954+0800: 13.329: Total time for which application threads were stopped: 0.0120854 seconds, Stopping threads took: 0.0000131 seconds
2024-07-28T16:42:37.954+0800: 13.329: Application time: 0.0002175 seconds
2024-07-28T16:42:37.955+0800: 13.330: [GC (CMS Initial Mark) [1 CMS-initial-mark: 177806K(566004K)] 189437K(644660K), 0.0007409 secs] [Times: user=0.00 sys=0.00, real=0.00 secs] 
2024-07-28T16:42:37.955+0800: 13.330: Total time for which application threads were stopped: 0.0009268 seconds, Stopping threads took: 0.0001450 seconds
2024-07-28T16:42:37.955+0800: 13.331: [CMS-concurrent-mark-start]
2024-07-28T16:42:37.957+0800: 13.332: [CMS-concurrent-mark: 0.002/0.002 secs] [Times: user=0.00 sys=0.00, real=0.00 secs] 
2024-07-28T16:42:37.957+0800: 13.332: [CMS-concurrent-preclean-start]
2024-07-28T16:42:37.958+0800: 13.333: [CMS-concurrent-preclean: 0.001/0.001 secs] [Times: user=0.02 sys=0.00, real=0.00 secs] 
2024-07-28T16:42:37.958+0800: 13.333: [CMS-concurrent-abortable-preclean-start]
Heap
 par new generation   total 78656K, used 29414K [0x00000000c8000000, 0x00000000cd550000, 0x00000000daaa0000)
  eden space 69952K,  30% used [0x00000000c8000000, 0x00000000c94b99c8, 0x00000000cc450000)
  from space 8704K,  94% used [0x00000000cccd0000, 0x00000000cd4d0080, 0x00000000cd550000)
  to   space 8704K,   0% used [0x00000000cc450000, 0x00000000cc450000, 0x00000000cccd0000)
 concurrent mark-sweep generation total 566004K, used 177806K [0x00000000daaa0000, 0x00000000fd35d000, 0x0000000100000000)
 Metaspace       used 2943K, capacity 4486K, committed 4864K, reserved 1056768K
  class space    used 305K, capacity 386K, committed 512K, reserved 1048576K
2024-07-28T16:42:38.063+0800: 13.438: Application time: 0.1075253 seconds
