OpenJDK 64-Bit Server VM (25.412-b1) for windows-amd64 JRE (1.8.0_412-b1), built on Apr 23 2024 12:00:37 by "Administrator" with MS VC++ 10.0 (VS2010)
Memory: 4k page, physical 16672068k(5331220k free), swap 20603488k(4071092k free)
CommandLine flags: -XX:GCDrainStackTargetSize=64 -XX:InitialHeapSize=266753088 -XX:MaxHeapSize=939524096 -XX:MaxNewSize=313176064 -XX:MaxTenuringThreshold=11 -XX:OldPLABSize=16 -XX:+PrintGC -XX:+PrintGCApplicationConcurrentTime -XX:+PrintGCApplicationStoppedTime -XX:+PrintGCDateStamps -XX:+PrintGCDetails -XX:+PrintGCTimeStamps -XX:+UseCompressedClassPointers -XX:+UseCompressedOops -XX:+UseConcMarkSweepGC -XX:-UseLargePagesIndividualAllocation -XX:+UseParNewGC 
2024-07-28T16:42:51.743+0800: 0.112: Application time: 0.0357011 seconds
2024-07-28T16:42:51.743+0800: 0.113: [GC (Allocation Failure) 2024-07-28T16:42:51.743+0800: 0.113: [ParNew: 68984K->7906K(78656K), 0.0350766 secs] 68984K->68325K(253440K), 0.0352734 secs] [Times: user=0.06 sys=0.00, real=0.04 secs] 
2024-07-28T16:42:51.778+0800: 0.148: Total time for which application threads were stopped: 0.0354050 seconds, Stopping threads took: 0.0000201 seconds
2024-07-28T16:42:51.890+0800: 0.259: Application time: 0.1113545 seconds
2024-07-28T16:42:51.890+0800: 0.259: [GC (Allocation Failure) 2024-07-28T16:42:51.890+0800: 0.259: [ParNew: 76876K->8587K(78656K), 0.0236035 secs] 137295K->137238K(253440K), 0.0236650 secs] [Times: user=0.08 sys=0.03, real=0.02 secs] 
2024-07-28T16:42:51.914+0800: 0.283: Total time for which application threads were stopped: 0.0237892 seconds, Stopping threads took: 0.0000328 seconds
2024-07-28T16:42:51.914+0800: 0.283: Application time: 0.0002500 seconds
2024-07-28T16:42:51.914+0800: 0.283: [GC (CMS Initial Mark) [1 CMS-initial-mark: 128651K(174784K)] 140665K(253440K), 0.0007112 secs] [Times: user=0.00 sys=0.00, real=0.00 secs] 
2024-07-28T16:42:51.915+0800: 0.284: Total time for which application threads were stopped: 0.0008885 seconds, Stopping threads took: 0.0001333 seconds
2024-07-28T16:42:51.915+0800: 0.284: [CMS-concurrent-mark-start]
2024-07-28T16:42:51.919+0800: 0.288: [CMS-concurrent-mark: 0.003/0.003 secs] [Times: user=0.00 sys=0.00, real=0.00 secs] 
2024-07-28T16:42:51.919+0800: 0.288: [CMS-concurrent-preclean-start]
2024-07-28T16:42:51.919+0800: 0.288: [CMS-concurrent-preclean: 0.001/0.001 secs] [Times: user=0.00 sys=0.00, real=0.00 secs] 
2024-07-28T16:42:51.920+0800: 0.289: [CMS-concurrent-abortable-preclean-start]
2024-07-28T16:42:52.030+0800: 0.399: Application time: 0.1147203 seconds
2024-07-28T16:42:52.030+0800: 0.399: [GC (Allocation Failure) 2024-07-28T16:42:52.030+0800: 0.399: [ParNew: 77551K->28K(78656K), 0.0009251 secs] 206202K->128681K(253440K), 0.0010087 secs] [Times: user=0.00 sys=0.00, real=0.00 secs] 
2024-07-28T16:42:52.030+0800: 0.400: Total time for which application threads were stopped: 0.0011221 seconds, Stopping threads took: 0.0000210 seconds
2024-07-28T16:42:52.035+0800: 0.405: Application time: 0.0045791 seconds
2024-07-28T16:42:52.035+0800: 0.405: [GC (Allocation Failure) 2024-07-28T16:42:52.035+0800: 0.405: [ParNew: 68996K->8195K(78656K), 0.0268142 secs] 197650K->197265K(268860K), 0.0268642 secs] [Times: user=0.08 sys=0.00, real=0.03 secs] 
2024-07-28T16:42:52.062+0800: 0.432: Total time for which application threads were stopped: 0.0269616 seconds, Stopping threads took: 0.0000143 seconds
2024-07-28T16:42:52.171+0800: 0.541: Application time: 0.1094088 seconds
2024-07-28T16:42:52.171+0800: 0.541: [GC (Allocation Failure) 2024-07-28T16:42:52.172+0800: 0.541: [ParNew: 77167K->8192K(78656K), 0.0266930 secs] 266237K->265872K(337736K), 0.0267519 secs] [Times: user=0.06 sys=0.03, real=0.03 secs] 
2024-07-28T16:42:52.198+0800: 0.568: Total time for which application threads were stopped: 0.0268625 seconds, Stopping threads took: 0.0000188 seconds
2024-07-28T16:42:52.198+0800: 0.568: [CMS-concurrent-abortable-preclean: 0.003/0.279 secs] [Times: user=0.14 sys=0.03, real=0.28 secs] 
2024-07-28T16:42:52.199+0800: 0.568: Application time: 0.0002615 seconds
2024-07-28T16:42:52.199+0800: 0.568: [GC (CMS Final Remark) [YG occupancy: 11628 K (78656 K)]2024-07-28T16:42:52.199+0800: 0.568: [Rescan (parallel) , 0.0008448 secs]2024-07-28T16:42:52.200+0800: 0.569: [weak refs processing, 0.0000170 secs]2024-07-28T16:42:52.200+0800: 0.569: [class unloading, 0.0001852 secs]2024-07-28T16:42:52.200+0800: 0.569: [scrub symbol table, 0.0003136 secs]2024-07-28T16:42:52.200+0800: 0.570: [scrub string table, 0.0000903 secs][1 CMS-remark: 257680K(259080K)] 269308K(337736K), 0.0015808 secs] [Times: user=0.00 sys=0.00, real=0.00 secs] 
2024-07-28T16:42:52.200+0800: 0.570: Total time for which application threads were stopped: 0.0017076 seconds, Stopping threads took: 0.0000884 seconds
2024-07-28T16:42:52.200+0800: 0.570: [CMS-concurrent-sweep-start]
2024-07-28T16:42:52.201+0800: 0.571: [CMS-concurrent-sweep: 0.001/0.001 secs] [Times: user=0.00 sys=0.00, real=0.00 secs] 
2024-07-28T16:42:52.203+0800: 0.573: [CMS-concurrent-reset-start]
2024-07-28T16:42:52.207+0800: 0.577: [CMS-concurrent-reset: 0.004/0.004 secs] [Times: user=0.00 sys=0.02, real=0.00 secs] 
2024-07-28T16:42:52.310+0800: 0.679: Application time: 0.1094075 seconds
2024-07-28T16:42:52.310+0800: 0.679: [GC (Allocation Failure) 2024-07-28T16:42:52.310+0800: 0.679: [ParNew: 77165K->1024K(78656K), 0.0015157 secs] 334844K->258703K(508124K), 0.0015768 secs] [Times: user=0.00 sys=0.00, real=0.00 secs] 
2024-07-28T16:42:52.311+0800: 0.681: Total time for which application threads were stopped: 0.0017013 seconds, Stopping threads took: 0.0000290 seconds
2024-07-28T16:42:52.312+0800: 0.681: Application time: 0.0001385 seconds
2024-07-28T16:42:52.312+0800: 0.681: [GC (CMS Initial Mark) [1 CMS-initial-mark: 257679K(429468K)] 262140K(508124K), 0.0008645 secs] [Times: user=0.00 sys=0.00, real=0.00 secs] 
2024-07-28T16:42:52.313+0800: 0.682: Total time for which application threads were stopped: 0.0009897 seconds, Stopping threads took: 0.0000822 seconds
2024-07-28T16:42:52.313+0800: 0.682: [CMS-concurrent-mark-start]
2024-07-28T16:42:52.316+0800: 0.686: [CMS-concurrent-mark: 0.004/0.004 secs] [Times: user=0.00 sys=0.00, real=0.00 secs] 
2024-07-28T16:42:52.316+0800: 0.686: [CMS-concurrent-preclean-start]
2024-07-28T16:42:52.318+0800: 0.687: [CMS-concurrent-preclean: 0.001/0.001 secs] [Times: user=0.03 sys=0.00, real=0.00 secs] 
2024-07-28T16:42:52.318+0800: 0.687: [CMS-concurrent-abortable-preclean-start]
2024-07-28T16:42:52.318+0800: 0.688: Application time: 0.0057662 seconds
2024-07-28T16:42:52.318+0800: 0.688: [GC (Allocation Failure) 2024-07-28T16:42:52.318+0800: 0.688: [ParNew: 69998K->8192K(78656K), 0.0405368 secs] 327677K->327312K(508124K), 0.0405898 secs] [Times: user=0.03 sys=0.03, real=0.04 secs] 
2024-07-28T16:42:52.359+0800: 0.729: Total time for which application threads were stopped: 0.0407066 seconds, Stopping threads took: 0.0000146 seconds
2024-07-28T16:42:52.471+0800: 0.840: Application time: 0.1115456 seconds
2024-07-28T16:42:52.471+0800: 0.840: [GC (Allocation Failure) 2024-07-28T16:42:52.471+0800: 0.840: [ParNew: 77167K->8192K(78656K), 0.0375755 secs] 396287K->395921K(508124K), 0.0376346 secs] [Times: user=0.06 sys=0.03, real=0.04 secs] 
2024-07-28T16:42:52.508+0800: 0.878: Total time for which application threads were stopped: 0.0377460 seconds, Stopping threads took: 0.0000209 seconds
2024-07-28T16:42:52.508+0800: 0.878: [CMS-concurrent-abortable-preclean: 0.003/0.191 secs] [Times: user=0.09 sys=0.06, real=0.19 secs] 
2024-07-28T16:42:52.509+0800: 0.878: Application time: 0.0003323 seconds
2024-07-28T16:42:52.509+0800: 0.878: [GC (CMS Final Remark) [YG occupancy: 12654 K (78656 K)]2024-07-28T16:42:52.509+0800: 0.878: [Rescan (parallel) , 0.0009684 secs]2024-07-28T16:42:52.510+0800: 0.879: [weak refs processing, 0.0000126 secs]2024-07-28T16:42:52.510+0800: 0.879: [class unloading, 0.0001866 secs]2024-07-28T16:42:52.510+0800: 0.880: [scrub symbol table, 0.0003408 secs]2024-07-28T16:42:52.510+0800: 0.880: [scrub string table, 0.0001057 secs][1 CMS-remark: 387729K(429468K)] 400384K(508124K), 0.0016783 secs] [Times: user=0.00 sys=0.00, real=0.00 secs] 
2024-07-28T16:42:52.511+0800: 0.880: Total time for which application threads were stopped: 0.0018783 seconds, Stopping threads took: 0.0001485 seconds
2024-07-28T16:42:52.511+0800: 0.880: [CMS-concurrent-sweep-start]
2024-07-28T16:42:52.512+0800: 0.882: [CMS-concurrent-sweep: 0.001/0.001 secs] [Times: user=0.00 sys=0.00, real=0.00 secs] 
2024-07-28T16:42:52.512+0800: 0.882: [CMS-concurrent-reset-start]
2024-07-28T16:42:52.513+0800: 0.883: [CMS-concurrent-reset: 0.001/0.001 secs] [Times: user=0.00 sys=0.00, real=0.00 secs] 
2024-07-28T16:42:52.625+0800: 0.994: Application time: 0.1137754 seconds
2024-07-28T16:42:52.625+0800: 0.994: [GC (Allocation Failure) 2024-07-28T16:42:52.625+0800: 0.994: [ParNew: 77167K->2048K(78656K), 0.0013908 secs] 207869K->132749K(508124K), 0.0014448 secs] [Times: user=0.00 sys=0.00, real=0.00 secs] 
2024-07-28T16:42:52.626+0800: 0.995: Total time for which application threads were stopped: 0.0015524 seconds, Stopping threads took: 0.0000191 seconds
2024-07-28T16:42:52.631+0800: 1.000: Application time: 0.0044506 seconds
2024-07-28T16:42:52.631+0800: 1.000: [GC (Allocation Failure) 2024-07-28T16:42:52.631+0800: 1.000: [ParNew: 71024K->8192K(78656K), 0.0263752 secs] 201725K->201358K(508124K), 0.0264247 secs] [Times: user=0.03 sys=0.00, real=0.03 secs] 
2024-07-28T16:42:52.657+0800: 1.026: Total time for which application threads were stopped: 0.0265234 seconds, Stopping threads took: 0.0000153 seconds
2024-07-28T16:42:52.657+0800: 1.027: Application time: 0.0002266 seconds
2024-07-28T16:42:52.657+0800: 1.027: [GC (CMS Initial Mark) [1 CMS-initial-mark: 193166K(429468K)] 204797K(508124K), 0.0007128 secs] [Times: user=0.00 sys=0.00, real=0.00 secs] 
2024-07-28T16:42:52.658+0800: 1.027: Total time for which application threads were stopped: 0.0008296 seconds, Stopping threads took: 0.0000756 seconds
2024-07-28T16:42:52.658+0800: 1.027: [CMS-concurrent-mark-start]
2024-07-28T16:42:52.660+0800: 1.030: [CMS-concurrent-mark: 0.002/0.002 secs] [Times: user=0.05 sys=0.00, real=0.00 secs] 
2024-07-28T16:42:52.660+0800: 1.030: [CMS-concurrent-preclean-start]
2024-07-28T16:42:52.661+0800: 1.030: [CMS-concurrent-preclean: 0.001/0.001 secs] [Times: user=0.00 sys=0.00, real=0.00 secs] 
2024-07-28T16:42:52.661+0800: 1.030: [CMS-concurrent-abortable-preclean-start]
2024-07-28T16:42:52.767+0800: 1.137: Application time: 0.1094988 seconds
2024-07-28T16:42:52.768+0800: 1.137: [GC (Allocation Failure) 2024-07-28T16:42:52.768+0800: 1.137: [ParNew: 77168K->8192K(78656K), 0.0119687 secs] 270334K->269967K(508124K), 0.0120295 secs] [Times: user=0.03 sys=0.00, real=0.01 secs] 
2024-07-28T16:42:52.780+0800: 1.149: Total time for which application threads were stopped: 0.0121593 seconds, Stopping threads took: 0.0000238 seconds
2024-07-28T16:42:52.892+0800: 1.261: Application time: 0.1119409 seconds
2024-07-28T16:42:52.892+0800: 1.261: [GC (Allocation Failure) 2024-07-28T16:42:52.892+0800: 1.261: [ParNew: 77168K->3072K(78656K), 0.0017821 secs] 338943K->264847K(508124K), 0.0018365 secs] [Times: user=0.00 sys=0.00, real=0.00 secs] 
2024-07-28T16:42:52.893+0800: 1.263: Total time for which application threads were stopped: 0.0019484 seconds, Stopping threads took: 0.0000242 seconds
2024-07-28T16:42:52.898+0800: 1.267: Application time: 0.0043609 seconds
2024-07-28T16:42:52.898+0800: 1.267: [GC (Allocation Failure) 2024-07-28T16:42:52.898+0800: 1.267: [ParNew: 72048K->8192K(78656K), 0.0112961 secs] 333823K->333456K(508124K), 0.0113562 secs] [Times: user=0.00 sys=0.00, real=0.01 secs] 
2024-07-28T16:42:52.909+0800: 1.279: Total time for which application threads were stopped: 0.0114570 seconds, Stopping threads took: 0.0000139 seconds
2024-07-28T16:42:52.909+0800: 1.279: [CMS-concurrent-abortable-preclean: 0.004/0.248 secs] [Times: user=0.05 sys=0.00, real=0.25 secs] 
2024-07-28T16:42:52.910+0800: 1.279: Application time: 0.0003188 seconds
2024-07-28T16:42:52.910+0800: 1.279: [GC (CMS Final Remark) [YG occupancy: 12655 K (78656 K)]2024-07-28T16:42:52.910+0800: 1.279: [Rescan (parallel) , 0.0006693 secs]2024-07-28T16:42:52.911+0800: 1.280: [weak refs processing, 0.0000173 secs]2024-07-28T16:42:52.911+0800: 1.280: [class unloading, 0.0001874 secs]2024-07-28T16:42:52.911+0800: 1.280: [scrub symbol table, 0.0003372 secs]2024-07-28T16:42:52.911+0800: 1.281: [scrub string table, 0.0001033 secs][1 CMS-remark: 325264K(429468K)] 337920K(508124K), 0.0013823 secs] [Times: user=0.02 sys=0.00, real=0.00 secs] 
2024-07-28T16:42:52.911+0800: 1.281: Total time for which application threads were stopped: 0.0015828 seconds, Stopping threads took: 0.0001617 seconds
2024-07-28T16:42:52.911+0800: 1.281: [CMS-concurrent-sweep-start]
2024-07-28T16:42:52.913+0800: 1.282: [CMS-concurrent-sweep: 0.001/0.001 secs] [Times: user=0.00 sys=0.00, real=0.00 secs] 
2024-07-28T16:42:52.913+0800: 1.282: [CMS-concurrent-reset-start]
2024-07-28T16:42:52.914+0800: 1.283: [CMS-concurrent-reset: 0.001/0.001 secs] [Times: user=0.00 sys=0.00, real=0.00 secs] 
2024-07-28T16:42:53.020+0800: 1.390: Application time: 0.1091889 seconds
2024-07-28T16:42:53.020+0800: 1.390: [GC (Allocation Failure) 2024-07-28T16:42:53.020+0800: 1.390: [ParNew: 77168K->8192K(78656K), 0.0120010 secs] 272383K->272015K(508124K), 0.0120678 secs] [Times: user=0.00 sys=0.00, real=0.01 secs] 
2024-07-28T16:42:53.033+0800: 1.402: Total time for which application threads were stopped: 0.0121848 seconds, Stopping threads took: 0.0000197 seconds
2024-07-28T16:42:53.033+0800: 1.402: Application time: 0.0002200 seconds
2024-07-28T16:42:53.033+0800: 1.402: [GC (CMS Initial Mark) [1 CMS-initial-mark: 263823K(429468K)] 275455K(508124K), 0.0007264 secs] [Times: user=0.00 sys=0.00, real=0.00 secs] 
2024-07-28T16:42:53.034+0800: 1.403: Total time for which application threads were stopped: 0.0008449 seconds, Stopping threads took: 0.0000753 seconds
2024-07-28T16:42:53.034+0800: 1.403: [CMS-concurrent-mark-start]
2024-07-28T16:42:53.037+0800: 1.407: [CMS-concurrent-mark: 0.003/0.003 secs] [Times: user=0.05 sys=0.00, real=0.00 secs] 
2024-07-28T16:42:53.037+0800: 1.407: [CMS-concurrent-preclean-start]
2024-07-28T16:42:53.038+0800: 1.408: [CMS-concurrent-preclean: 0.001/0.001 secs] [Times: user=0.00 sys=0.00, real=0.00 secs] 
2024-07-28T16:42:53.038+0800: 1.408: [CMS-concurrent-abortable-preclean-start]
2024-07-28T16:42:53.142+0800: 1.511: Application time: 0.1082218 seconds
2024-07-28T16:42:53.142+0800: 1.511: [GC (Allocation Failure) 2024-07-28T16:42:53.142+0800: 1.511: [ParNew: 77168K->4096K(78656K), 0.0015850 secs] 340992K->267919K(508124K), 0.0016361 secs] [Times: user=0.00 sys=0.00, real=0.00 secs] 
2024-07-28T16:42:53.143+0800: 1.513: Total time for which application threads were stopped: 0.0017447 seconds, Stopping threads took: 0.0000213 seconds
2024-07-28T16:42:53.148+0800: 1.517: Application time: 0.0043845 seconds
2024-07-28T16:42:53.148+0800: 1.518: [GC (Allocation Failure) 2024-07-28T16:42:53.148+0800: 1.518: [ParNew: 73072K->8192K(78656K), 0.0115868 secs] 336896K->336528K(508124K), 0.0116332 secs] [Times: user=0.00 sys=0.00, real=0.01 secs] 
2024-07-28T16:42:53.160+0800: 1.529: Total time for which application threads were stopped: 0.0117346 seconds, Stopping threads took: 0.0000153 seconds
2024-07-28T16:42:53.269+0800: 1.638: Application time: 0.1085143 seconds
2024-07-28T16:42:53.269+0800: 1.638: [GC (Allocation Failure) 2024-07-28T16:42:53.269+0800: 1.638: [ParNew: 77168K->8192K(78656K), 0.0122196 secs] 405505K->405137K(508124K), 0.0122816 secs] [Times: user=0.03 sys=0.00, real=0.01 secs] 
2024-07-28T16:42:53.280+0800: 1.650: Total time for which application threads were stopped: 0.0123930 seconds, Stopping threads took: 0.0000177 seconds
2024-07-28T16:42:53.280+0800: 1.650: [CMS-concurrent-abortable-preclean: 0.005/0.242 secs] [Times: user=0.08 sys=0.00, real=0.24 secs] 
2024-07-28T16:42:53.281+0800: 1.650: Application time: 0.0002379 seconds
2024-07-28T16:42:53.282+0800: 1.650: [GC (CMS Final Remark) [YG occupancy: 11631 K (78656 K)]2024-07-28T16:42:53.282+0800: 1.650: [Rescan (parallel) , 0.0008410 secs]2024-07-28T16:42:53.282+0800: 1.651: [weak refs processing, 0.0000579 secs]2024-07-28T16:42:53.282+0800: 1.651: [class unloading, 0.0001863 secs]2024-07-28T16:42:53.282+0800: 1.652: [scrub symbol table, 0.0003492 secs]2024-07-28T16:42:53.282+0800: 1.652: [scrub string table, 0.0001004 secs][1 CMS-remark: 396945K(429468K)] 408577K(508124K), 0.0016132 secs] [Times: user=0.00 sys=0.00, real=0.00 secs] 
2024-07-28T16:42:53.282+0800: 1.652: Total time for which application threads were stopped: 0.0017351 seconds, Stopping threads took: 0.0000836 seconds
2024-07-28T16:42:53.283+0800: 1.652: [CMS-concurrent-sweep-start]
2024-07-28T16:42:53.285+0800: 1.654: [CMS-concurrent-sweep: 0.002/0.002 secs] [Times: user=0.00 sys=0.00, real=0.00 secs] 
2024-07-28T16:42:53.285+0800: 1.654: [CMS-concurrent-reset-start]
2024-07-28T16:42:53.286+0800: 1.656: [CMS-concurrent-reset: 0.001/0.001 secs] [Times: user=0.03 sys=0.00, real=0.00 secs] 
2024-07-28T16:42:53.391+0800: 1.760: Application time: 0.1083712 seconds
2024-07-28T16:42:53.392+0800: 1.761: [GC (Allocation Failure) 2024-07-28T16:42:53.392+0800: 1.761: [ParNew: 77168K->5120K(78656K), 0.0019900 secs] 343040K->270991K(521776K), 0.0020489 secs] [Times: user=0.00 sys=0.00, real=0.00 secs] 
2024-07-28T16:42:53.394+0800: 1.763: Total time for which application threads were stopped: 0.0021966 seconds, Stopping threads took: 0.0000474 seconds
2024-07-28T16:42:53.394+0800: 1.763: Application time: 0.0002008 seconds
2024-07-28T16:42:53.394+0800: 1.763: [GC (CMS Initial Mark) [1 CMS-initial-mark: 265871K(443120K)] 274431K(521776K), 0.0007025 secs] [Times: user=0.00 sys=0.00, real=0.00 secs] 
2024-07-28T16:42:53.395+0800: 1.764: Total time for which application threads were stopped: 0.0008849 seconds, Stopping threads took: 0.0001417 seconds
2024-07-28T16:42:53.395+0800: 1.764: [CMS-concurrent-mark-start]
2024-07-28T16:42:53.398+0800: 1.767: [CMS-concurrent-mark: 0.003/0.003 secs] [Times: user=0.05 sys=0.00, real=0.00 secs] 
2024-07-28T16:42:53.398+0800: 1.767: [CMS-concurrent-preclean-start]
2024-07-28T16:42:53.399+0800: 1.768: [CMS-concurrent-preclean: 0.001/0.001 secs] [Times: user=0.00 sys=0.00, real=0.00 secs] 
2024-07-28T16:42:53.399+0800: 1.768: [CMS-concurrent-abortable-preclean-start]
2024-07-28T16:42:53.400+0800: 1.769: Application time: 0.0050623 seconds
2024-07-28T16:42:53.400+0800: 1.769: [GC (Allocation Failure) 2024-07-28T16:42:53.400+0800: 1.769: [ParNew: 74096K->8192K(78656K), 0.0116613 secs] 339968K->339600K(521776K), 0.0117107 secs] [Times: user=0.03 sys=0.00, real=0.01 secs] 
2024-07-28T16:42:53.412+0800: 1.781: Total time for which application threads were stopped: 0.0118195 seconds, Stopping threads took: 0.0000128 seconds
2024-07-28T16:42:53.520+0800: 1.889: Application time: 0.1082284 seconds
2024-07-28T16:42:53.520+0800: 1.889: [GC (Allocation Failure) 2024-07-28T16:42:53.520+0800: 1.889: [ParNew: 77168K->8192K(78656K), 0.0116893 secs] 408577K->408209K(521776K), 0.0117487 secs] [Times: user=0.00 sys=0.00, real=0.01 secs] 
2024-07-28T16:42:53.532+0800: 1.901: Total time for which application threads were stopped: 0.0118566 seconds, Stopping threads took: 0.0000184 seconds
2024-07-28T16:42:53.532+0800: 1.901: [CMS-concurrent-abortable-preclean: 0.003/0.132 secs] [Times: user=0.05 sys=0.00, real=0.13 secs] 
2024-07-28T16:42:53.532+0800: 1.901: Application time: 0.0002955 seconds
2024-07-28T16:42:53.532+0800: 1.901: [GC (CMS Final Remark) [YG occupancy: 12655 K (78656 K)]2024-07-28T16:42:53.532+0800: 1.901: [Rescan (parallel) , 0.0006196 secs]2024-07-28T16:42:53.533+0800: 1.902: [weak refs processing, 0.0000129 secs]2024-07-28T16:42:53.533+0800: 1.902: [class unloading, 0.0001864 secs]2024-07-28T16:42:53.533+0800: 1.902: [scrub symbol table, 0.0003073 secs]2024-07-28T16:42:53.533+0800: 1.902: [scrub string table, 0.0000915 secs][1 CMS-remark: 400017K(443120K)] 412673K(521776K), 0.0012797 secs] [Times: user=0.00 sys=0.00, real=0.00 secs] 
2024-07-28T16:42:53.533+0800: 1.903: Total time for which application threads were stopped: 0.0014600 seconds, Stopping threads took: 0.0001448 seconds
2024-07-28T16:42:53.534+0800: 1.903: [CMS-concurrent-sweep-start]
2024-07-28T16:42:53.535+0800: 1.904: [CMS-concurrent-sweep: 0.001/0.001 secs] [Times: user=0.00 sys=0.00, real=0.00 secs] 
2024-07-28T16:42:53.535+0800: 1.904: [CMS-concurrent-reset-start]
2024-07-28T16:42:53.536+0800: 1.905: [CMS-concurrent-reset: 0.001/0.001 secs] [Times: user=0.03 sys=0.00, real=0.00 secs] 
2024-07-28T16:42:53.642+0800: 2.011: Application time: 0.1083327 seconds
2024-07-28T16:42:53.642+0800: 2.011: [GC (Allocation Failure) 2024-07-28T16:42:53.642+0800: 2.011: [ParNew: 77168K->6144K(78656K), 0.0025295 secs] 211966K->140941K(521776K), 0.0025916 secs] [Times: user=0.00 sys=0.00, real=0.00 secs] 
2024-07-28T16:42:53.644+0800: 2.014: Total time for which application threads were stopped: 0.0027149 seconds, Stopping threads took: 0.0000257 seconds
2024-07-28T16:42:53.649+0800: 2.018: Application time: 0.0048645 seconds
2024-07-28T16:42:53.649+0800: 2.018: [GC (Allocation Failure) 2024-07-28T16:42:53.649+0800: 2.019: [ParNew: 75120K->8192K(78656K), 0.0171081 secs] 209918K->209550K(521776K), 0.0171646 secs] [Times: user=0.03 sys=0.00, real=0.02 secs] 
2024-07-28T16:42:53.667+0800: 2.036: Total time for which application threads were stopped: 0.0172898 seconds, Stopping threads took: 0.0000322 seconds
2024-07-28T16:42:53.667+0800: 2.036: Application time: 0.0002561 seconds
2024-07-28T16:42:53.667+0800: 2.036: [GC (CMS Initial Mark) [1 CMS-initial-mark: 201358K(443120K)] 212990K(521776K), 0.0007719 secs] [Times: user=0.00 sys=0.00, real=0.00 secs] 
2024-07-28T16:42:53.668+0800: 2.037: Total time for which application threads were stopped: 0.0009736 seconds, Stopping threads took: 0.0001598 seconds
2024-07-28T16:42:53.668+0800: 2.037: [CMS-concurrent-mark-start]
2024-07-28T16:42:53.670+0800: 2.039: [CMS-concurrent-mark: 0.002/0.002 secs] [Times: user=0.00 sys=0.00, real=0.00 secs] 
2024-07-28T16:42:53.670+0800: 2.039: [CMS-concurrent-preclean-start]
2024-07-28T16:42:53.670+0800: 2.040: [CMS-concurrent-preclean: 0.001/0.001 secs] [Times: user=0.00 sys=0.00, real=0.00 secs] 
2024-07-28T16:42:53.670+0800: 2.040: [CMS-concurrent-abortable-preclean-start]
2024-07-28T16:42:53.784+0800: 2.153: Application time: 0.1159748 seconds
2024-07-28T16:42:53.784+0800: 2.153: [GC (Allocation Failure) 2024-07-28T16:42:53.784+0800: 2.153: [ParNew: 77168K->8192K(78656K), 0.0123129 secs] 278527K->278159K(521776K), 0.0123725 secs] [Times: user=0.03 sys=0.00, real=0.01 secs] 
2024-07-28T16:42:53.796+0800: 2.165: Total time for which application threads were stopped: 0.0124869 seconds, Stopping threads took: 0.0000201 seconds
2024-07-28T16:42:53.907+0800: 2.276: Application time: 0.1101236 seconds
2024-07-28T16:42:53.907+0800: 2.276: [GC (Allocation Failure) 2024-07-28T16:42:53.907+0800: 2.276: [ParNew: 77168K->7168K(78656K), 0.0020925 secs] 347136K->277135K(521776K), 0.0021469 secs] [Times: user=0.00 sys=0.00, real=0.00 secs] 
2024-07-28T16:42:53.909+0800: 2.278: Total time for which application threads were stopped: 0.0022686 seconds, Stopping threads took: 0.0000343 seconds
2024-07-28T16:42:53.913+0800: 2.282: Application time: 0.0044637 seconds
2024-07-28T16:42:53.913+0800: 2.282: [GC (Allocation Failure) 2024-07-28T16:42:53.913+0800: 2.282: [ParNew: 76144K->8192K(78656K), 0.0119629 secs] 346112K->345744K(521776K), 0.0120121 secs] [Times: user=0.00 sys=0.00, real=0.01 secs] 
2024-07-28T16:42:53.925+0800: 2.294: Total time for which application threads were stopped: 0.0121094 seconds, Stopping threads took: 0.0000139 seconds
2024-07-28T16:42:53.926+0800: 2.294: [CMS-concurrent-abortable-preclean: 0.004/0.255 secs] [Times: user=0.05 sys=0.00, real=0.26 secs] 
2024-07-28T16:42:53.926+0800: 2.295: Application time: 0.0003878 seconds
2024-07-28T16:42:53.926+0800: 2.295: [GC (CMS Final Remark) [YG occupancy: 14703 K (78656 K)]2024-07-28T16:42:53.926+0800: 2.295: [Rescan (parallel) , 0.0010165 secs]2024-07-28T16:42:53.927+0800: 2.296: [weak refs processing, 0.0000132 secs]2024-07-28T16:42:53.927+0800: 2.296: [class unloading, 0.0001773 secs]2024-07-28T16:42:53.927+0800: 2.296: [scrub symbol table, 0.0003153 secs]2024-07-28T16:42:53.928+0800: 2.297: [scrub string table, 0.0000912 secs][1 CMS-remark: 337552K(443120K)] 352256K(521776K), 0.0016835 secs] [Times: user=0.00 sys=0.00, real=0.00 secs] 
2024-07-28T16:42:53.928+0800: 2.297: Total time for which application threads were stopped: 0.0018492 seconds, Stopping threads took: 0.0001291 seconds
2024-07-28T16:42:53.928+0800: 2.297: [CMS-concurrent-sweep-start]
2024-07-28T16:42:53.929+0800: 2.298: [CMS-concurrent-sweep: 0.001/0.001 secs] [Times: user=0.00 sys=0.00, real=0.00 secs] 
2024-07-28T16:42:53.929+0800: 2.298: [CMS-concurrent-reset-start]
2024-07-28T16:42:53.930+0800: 2.299: [CMS-concurrent-reset: 0.001/0.001 secs] [Times: user=0.00 sys=0.00, real=0.00 secs] 
2024-07-28T16:42:54.034+0800: 2.403: Application time: 0.1065666 seconds
2024-07-28T16:42:54.034+0800: 2.403: [GC (Allocation Failure) 2024-07-28T16:42:54.034+0800: 2.403: [ParNew: 77168K->8192K(78656K), 0.0119190 secs] 280575K->280207K(521776K), 0.0119806 secs] [Times: user=0.03 sys=0.00, real=0.01 secs] 
2024-07-28T16:42:54.046+0800: 2.415: Total time for which application threads were stopped: 0.0120993 seconds, Stopping threads took: 0.0000211 seconds
2024-07-28T16:42:54.046+0800: 2.415: Application time: 0.0001908 seconds
2024-07-28T16:42:54.046+0800: 2.416: [GC (CMS Initial Mark) [1 CMS-initial-mark: 272015K(443120K)] 283647K(521776K), 0.0006538 secs] [Times: user=0.00 sys=0.00, real=0.00 secs] 
2024-07-28T16:42:54.047+0800: 2.416: Total time for which application threads were stopped: 0.0008632 seconds, Stopping threads took: 0.0001637 seconds
2024-07-28T16:42:54.047+0800: 2.416: [CMS-concurrent-mark-start]
2024-07-28T16:42:54.050+0800: 2.420: [CMS-concurrent-mark: 0.004/0.004 secs] [Times: user=0.00 sys=0.00, real=0.00 secs] 
2024-07-28T16:42:54.051+0800: 2.420: [CMS-concurrent-preclean-start]
2024-07-28T16:42:54.051+0800: 2.421: [CMS-concurrent-preclean: 0.001/0.001 secs] [Times: user=0.00 sys=0.00, real=0.00 secs] 
2024-07-28T16:42:54.051+0800: 2.421: [CMS-concurrent-abortable-preclean-start]
2024-07-28T16:42:54.158+0800: 2.527: Application time: 0.1103042 seconds
2024-07-28T16:42:54.158+0800: 2.527: [GC (Allocation Failure) 2024-07-28T16:42:54.158+0800: 2.527: [ParNew: 77168K->8192K(78656K), 0.0024230 secs] 349184K->280207K(521776K), 0.0024770 secs] [Times: user=0.00 sys=0.00, real=0.00 secs] 
2024-07-28T16:42:54.160+0800: 2.529: Total time for which application threads were stopped: 0.0025929 seconds, Stopping threads took: 0.0000197 seconds
2024-07-28T16:42:54.165+0800: 2.534: Application time: 0.0044824 seconds
2024-07-28T16:42:54.165+0800: 2.534: [GC (Allocation Failure) 2024-07-28T16:42:54.165+0800: 2.534: [ParNew: 77168K->8192K(78656K), 0.0119012 secs] 349184K->348816K(521776K), 0.0119500 secs] [Times: user=0.00 sys=0.00, real=0.01 secs] 
2024-07-28T16:42:54.177+0800: 2.546: Total time for which application threads were stopped: 0.0120466 seconds, Stopping threads took: 0.0000137 seconds
2024-07-28T16:42:54.287+0800: 2.656: Application time: 0.1098874 seconds
2024-07-28T16:42:54.287+0800: 2.656: [GC (Allocation Failure) 2024-07-28T16:42:54.287+0800: 2.656: [ParNew: 77168K->8192K(78656K), 0.0122981 secs] 417793K->417425K(521776K), 0.0123672 secs] [Times: user=0.00 sys=0.00, real=0.01 secs] 
2024-07-28T16:42:54.299+0800: 2.668: Total time for which application threads were stopped: 0.0124770 seconds, Stopping threads took: 0.0000185 seconds
2024-07-28T16:42:54.299+0800: 2.668: [CMS-concurrent-abortable-preclean: 0.005/0.247 secs] [Times: user=0.03 sys=0.01, real=0.25 secs] 
2024-07-28T16:42:54.299+0800: 2.668: Application time: 0.0002474 seconds
2024-07-28T16:42:54.299+0800: 2.669: [GC (CMS Final Remark) [YG occupancy: 11631 K (78656 K)]2024-07-28T16:42:54.299+0800: 2.669: [Rescan (parallel) , 0.0010919 secs]2024-07-28T16:42:54.300+0800: 2.670: [weak refs processing, 0.0000130 secs]2024-07-28T16:42:54.300+0800: 2.670: [class unloading, 0.0001905 secs]2024-07-28T16:42:54.300+0800: 2.670: [scrub symbol table, 0.0003444 secs]2024-07-28T16:42:54.301+0800: 2.670: [scrub string table, 0.0001031 secs][1 CMS-remark: 409233K(443120K)] 420865K(521776K), 0.0018155 secs] [Times: user=0.02 sys=0.00, real=0.00 secs] 
2024-07-28T16:42:54.301+0800: 2.670: Total time for which application threads were stopped: 0.0019963 seconds, Stopping threads took: 0.0001424 seconds
2024-07-28T16:42:54.301+0800: 2.671: [CMS-concurrent-sweep-start]
2024-07-28T16:42:54.302+0800: 2.672: [CMS-concurrent-sweep: 0.001/0.001 secs] [Times: user=0.00 sys=0.00, real=0.00 secs] 
2024-07-28T16:42:54.302+0800: 2.672: [CMS-concurrent-reset-start]
2024-07-28T16:42:54.304+0800: 2.673: [CMS-concurrent-reset: 0.001/0.001 secs] [Times: user=0.00 sys=0.00, real=0.00 secs] 
2024-07-28T16:42:54.409+0800: 2.779: Application time: 0.1081754 seconds
2024-07-28T16:42:54.409+0800: 2.779: [GC (Allocation Failure) 2024-07-28T16:42:54.409+0800: 2.779: [ParNew: 77168K->8192K(78656K), 0.0031452 secs] 351232K->283279K(535432K), 0.0031990 secs] [Times: user=0.03 sys=0.00, real=0.00 secs] 
2024-07-28T16:42:54.413+0800: 2.782: Total time for which application threads were stopped: 0.0033112 seconds, Stopping threads took: 0.0000197 seconds
2024-07-28T16:42:54.413+0800: 2.782: Application time: 0.0001981 seconds
2024-07-28T16:42:54.413+0800: 2.782: [GC (CMS Initial Mark) [1 CMS-initial-mark: 275087K(456776K)] 286719K(535432K), 0.0007779 secs] [Times: user=0.00 sys=0.00, real=0.00 secs] 
2024-07-28T16:42:54.414+0800: 2.783: Total time for which application threads were stopped: 0.0008977 seconds, Stopping threads took: 0.0000791 seconds
2024-07-28T16:42:54.414+0800: 2.783: [CMS-concurrent-mark-start]
2024-07-28T16:42:54.417+0800: 2.787: [CMS-concurrent-mark: 0.004/0.004 secs] [Times: user=0.00 sys=0.00, real=0.00 secs] 
2024-07-28T16:42:54.417+0800: 2.787: [CMS-concurrent-preclean-start]
2024-07-28T16:42:54.419+0800: 2.788: [CMS-concurrent-preclean: 0.001/0.001 secs] [Times: user=0.00 sys=0.00, real=0.00 secs] 
2024-07-28T16:42:54.419+0800: 2.788: Application time: 0.0051076 seconds
2024-07-28T16:42:54.419+0800: 2.788: [GC (Allocation Failure) 2024-07-28T16:42:54.419+0800: 2.788: [ParNew: 77168K->8192K(78656K), 0.0170943 secs] 352256K->351888K(535432K), 0.0171426 secs] [Times: user=0.03 sys=0.00, real=0.02 secs] 
2024-07-28T16:42:54.436+0800: 2.805: Total time for which application threads were stopped: 0.0172397 seconds, Stopping threads took: 0.0000141 seconds
2024-07-28T16:42:54.436+0800: 2.806: Application time: 0.0002714 seconds
2024-07-28T16:42:54.436+0800: 2.806: [GC (CMS Final Remark) [YG occupancy: 12655 K (78656 K)]2024-07-28T16:42:54.436+0800: 2.806: [Rescan (parallel) , 0.0009229 secs]2024-07-28T16:42:54.437+0800: 2.807: [weak refs processing, 0.0000133 secs]2024-07-28T16:42:54.437+0800: 2.807: [class unloading, 0.0001962 secs]2024-07-28T16:42:54.438+0800: 2.807: [scrub symbol table, 0.0003527 secs]2024-07-28T16:42:54.438+0800: 2.807: [scrub string table, 0.0001006 secs][1 CMS-remark: 343696K(456776K)] 356352K(535432K), 0.0016487 secs] [Times: user=0.00 sys=0.00, real=0.00 secs] 
2024-07-28T16:42:54.438+0800: 2.807: Total time for which application threads were stopped: 0.0017676 seconds, Stopping threads took: 0.0000827 seconds
2024-07-28T16:42:54.438+0800: 2.808: [CMS-concurrent-sweep-start]
2024-07-28T16:42:54.439+0800: 2.809: [CMS-concurrent-sweep: 0.001/0.001 secs] [Times: user=0.00 sys=0.00, real=0.00 secs] 
2024-07-28T16:42:54.440+0800: 2.809: [CMS-concurrent-reset-start]
2024-07-28T16:42:54.440+0800: 2.810: [CMS-concurrent-reset: 0.001/0.001 secs] [Times: user=0.00 sys=0.00, real=0.00 secs] 
2024-07-28T16:42:54.554+0800: 2.923: Application time: 0.1160787 seconds
2024-07-28T16:42:54.554+0800: 2.924: [GC (Allocation Failure) 2024-07-28T16:42:54.554+0800: 2.924: [ParNew: 77168K->8192K(78656K), 0.0120120 secs] 147453K->147085K(535432K), 0.0324858 secs] [Times: user=0.00 sys=0.00, real=0.03 secs] 
2024-07-28T16:42:54.587+0800: 2.956: Total time for which application threads were stopped: 0.0326332 seconds, Stopping threads took: 0.0000206 seconds
2024-07-28T16:42:54.692+0800: 3.061: Application time: 0.1053007 seconds
2024-07-28T16:42:54.692+0800: 3.061: [GC (Allocation Failure) 2024-07-28T16:42:54.692+0800: 3.062: [ParNew: 77168K->8192K(78656K), 0.0026313 secs] 216062K->149133K(535432K), 0.0027513 secs] [Times: user=0.00 sys=0.00, real=0.00 secs] 
2024-07-28T16:42:54.695+0800: 3.064: Total time for which application threads were stopped: 0.0028604 seconds, Stopping threads took: 0.0000198 seconds
2024-07-28T16:42:54.699+0800: 3.069: Application time: 0.0043895 seconds
2024-07-28T16:42:54.699+0800: 3.069: [GC (Allocation Failure) 2024-07-28T16:42:54.699+0800: 3.069: [ParNew: 77168K->8192K(78656K), 0.0118620 secs] 218110K->217742K(535432K), 0.0119107 secs] [Times: user=0.03 sys=0.00, real=0.01 secs] 
2024-07-28T16:42:54.711+0800: 3.081: Total time for which application threads were stopped: 0.0120080 seconds, Stopping threads took: 0.0000146 seconds
2024-07-28T16:42:54.711+0800: 3.081: Application time: 0.0002424 seconds
2024-07-28T16:42:54.711+0800: 3.081: [GC (CMS Initial Mark) [1 CMS-initial-mark: 209550K(456776K)] 221182K(535432K), 0.0008329 secs] [Times: user=0.00 sys=0.00, real=0.00 secs] 
2024-07-28T16:42:54.712+0800: 3.082: Total time for which application threads were stopped: 0.0010341 seconds, Stopping threads took: 0.0001580 seconds
2024-07-28T16:42:54.712+0800: 3.082: [CMS-concurrent-mark-start]
2024-07-28T16:42:54.714+0800: 3.084: [CMS-concurrent-mark: 0.002/0.002 secs] [Times: user=0.00 sys=0.00, real=0.00 secs] 
2024-07-28T16:42:54.714+0800: 3.084: [CMS-concurrent-preclean-start]
2024-07-28T16:42:54.715+0800: 3.085: [CMS-concurrent-preclean: 0.001/0.001 secs] [Times: user=0.00 sys=0.00, real=0.00 secs] 
2024-07-28T16:42:54.715+0800: 3.085: [CMS-concurrent-abortable-preclean-start]
2024-07-28T16:42:54.820+0800: 3.190: Application time: 0.1079428 seconds
2024-07-28T16:42:54.820+0800: 3.190: [GC (Allocation Failure) 2024-07-28T16:42:54.820+0800: 3.190: [ParNew: 77168K->8192K(78656K), 0.0119533 secs] 286719K->286351K(535432K), 0.0120122 secs] [Times: user=0.03 sys=0.00, real=0.01 secs] 
2024-07-28T16:42:54.832+0800: 3.202: Total time for which application threads were stopped: 0.0121234 seconds, Stopping threads took: 0.0000191 seconds
2024-07-28T16:42:54.944+0800: 3.313: Application time: 0.1113965 seconds
2024-07-28T16:42:54.944+0800: 3.314: [GC (Allocation Failure) 2024-07-28T16:42:54.944+0800: 3.314: [ParNew: 77168K->8192K(78656K), 0.0026289 secs] 355328K->289423K(535432K), 0.0026970 secs] [Times: user=0.00 sys=0.00, real=0.00 secs] 
2024-07-28T16:42:54.947+0800: 3.316: Total time for which application threads were stopped: 0.0028032 seconds, Stopping threads took: 0.0000199 seconds
2024-07-28T16:42:54.947+0800: 3.316: [CMS-concurrent-abortable-preclean: 0.005/0.232 secs] [Times: user=0.03 sys=0.00, real=0.23 secs] 
2024-07-28T16:42:54.947+0800: 3.317: Application time: 0.0003210 seconds
2024-07-28T16:42:54.947+0800: 3.317: [GC (CMS Final Remark) [YG occupancy: 12655 K (78656 K)]2024-07-28T16:42:54.947+0800: 3.317: [Rescan (parallel) , 0.0009160 secs]2024-07-28T16:42:54.948+0800: 3.318: [weak refs processing, 0.0000133 secs]2024-07-28T16:42:54.948+0800: 3.318: [class unloading, 0.0001977 secs]2024-07-28T16:42:54.949+0800: 3.318: [scrub symbol table, 0.0003539 secs]2024-07-28T16:42:54.949+0800: 3.318: [scrub string table, 0.0001117 secs][1 CMS-remark: 281231K(456776K)] 293887K(535432K), 0.0016565 secs] [Times: user=0.00 sys=0.00, real=0.00 secs] 
2024-07-28T16:42:54.949+0800: 3.318: Total time for which application threads were stopped: 0.0018395 seconds, Stopping threads took: 0.0001477 seconds
2024-07-28T16:42:54.949+0800: 3.319: [CMS-concurrent-sweep-start]
2024-07-28T16:42:54.951+0800: 3.320: [CMS-concurrent-sweep: 0.001/0.001 secs] [Times: user=0.00 sys=0.00, real=0.00 secs] 
2024-07-28T16:42:54.951+0800: 3.320: [CMS-concurrent-reset-start]
2024-07-28T16:42:54.952+0800: 3.321: [CMS-concurrent-reset: 0.001/0.001 secs] [Times: user=0.00 sys=0.00, real=0.00 secs] 
2024-07-28T16:42:54.954+0800: 3.323: Application time: 0.0047423 seconds
2024-07-28T16:42:54.954+0800: 3.323: [GC (Allocation Failure) 2024-07-28T16:42:54.954+0800: 3.323: [ParNew: 77168K->8192K(78656K), 0.0119466 secs] 220158K->219790K(535432K), 0.0119977 secs] [Times: user=0.03 sys=0.00, real=0.01 secs] 
2024-07-28T16:42:54.966+0800: 3.335: Total time for which application threads were stopped: 0.0120930 seconds, Stopping threads took: 0.0000129 seconds
2024-07-28T16:42:54.966+0800: 3.336: Application time: 0.0002519 seconds
2024-07-28T16:42:54.966+0800: 3.336: [GC (CMS Initial Mark) [1 CMS-initial-mark: 211598K(456776K)] 223230K(535432K), 0.0006462 secs] [Times: user=0.00 sys=0.00, real=0.00 secs] 
2024-07-28T16:42:54.967+0800: 3.336: Total time for which application threads were stopped: 0.0008356 seconds, Stopping threads took: 0.0001460 seconds
2024-07-28T16:42:54.967+0800: 3.336: [CMS-concurrent-mark-start]
2024-07-28T16:42:54.969+0800: 3.338: [CMS-concurrent-mark: 0.002/0.002 secs] [Times: user=0.00 sys=0.00, real=0.00 secs] 
2024-07-28T16:42:54.969+0800: 3.338: [CMS-concurrent-preclean-start]
2024-07-28T16:42:54.970+0800: 3.339: [CMS-concurrent-preclean: 0.001/0.001 secs] [Times: user=0.00 sys=0.00, real=0.00 secs] 
2024-07-28T16:42:54.970+0800: 3.339: [CMS-concurrent-abortable-preclean-start]
2024-07-28T16:42:55.073+0800: 3.442: Application time: 0.1055200 seconds
2024-07-28T16:42:55.073+0800: 3.442: [GC (Allocation Failure) 2024-07-28T16:42:55.073+0800: 3.442: [ParNew: 77168K->8192K(78656K), 0.0119213 secs] 288767K->288399K(535432K), 0.0119913 secs] [Times: user=0.03 sys=0.00, real=0.01 secs] 
2024-07-28T16:42:55.085+0800: 3.454: Total time for which application threads were stopped: 0.0121170 seconds, Stopping threads took: 0.0000195 seconds
2024-07-28T16:42:55.197+0800: 3.567: Application time: 0.1126269 seconds
2024-07-28T16:42:55.197+0800: 3.567: [GC (Allocation Failure) 2024-07-28T16:42:55.197+0800: 3.567: [ParNew: 77168K->8192K(78656K), 0.0030141 secs] 357376K->292495K(535432K), 0.0030674 secs] [Times: user=0.00 sys=0.00, real=0.00 secs] 
2024-07-28T16:42:55.200+0800: 3.570: Total time for which application threads were stopped: 0.0031730 seconds, Stopping threads took: 0.0000201 seconds
2024-07-28T16:42:55.200+0800: 3.570: [CMS-concurrent-abortable-preclean: 0.003/0.231 secs] [Times: user=0.03 sys=0.00, real=0.23 secs] 
2024-07-28T16:42:55.201+0800: 3.570: Application time: 0.0003231 seconds
2024-07-28T16:42:55.201+0800: 3.570: [GC (CMS Final Remark) [YG occupancy: 12655 K (78656 K)]2024-07-28T16:42:55.201+0800: 3.570: [Rescan (parallel) , 0.0009805 secs]2024-07-28T16:42:55.202+0800: 3.571: [weak refs processing, 0.0000127 secs]2024-07-28T16:42:55.202+0800: 3.571: [class unloading, 0.0001721 secs]2024-07-28T16:42:55.202+0800: 3.571: [scrub symbol table, 0.0003413 secs]2024-07-28T16:42:55.202+0800: 3.572: [scrub string table, 0.0001110 secs][1 CMS-remark: 284303K(456776K)] 296959K(535432K), 0.0016814 secs] [Times: user=0.00 sys=0.00, real=0.00 secs] 
2024-07-28T16:42:55.202+0800: 3.572: Total time for which application threads were stopped: 0.0018097 seconds, Stopping threads took: 0.0000926 seconds
2024-07-28T16:42:55.203+0800: 3.572: [CMS-concurrent-sweep-start]
2024-07-28T16:42:55.204+0800: 3.573: [CMS-concurrent-sweep: 0.001/0.001 secs] [Times: user=0.00 sys=0.00, real=0.00 secs] 
2024-07-28T16:42:55.204+0800: 3.573: [CMS-concurrent-reset-start]
2024-07-28T16:42:55.205+0800: 3.574: [CMS-concurrent-reset: 0.001/0.001 secs] [Times: user=0.00 sys=0.00, real=0.00 secs] 
2024-07-28T16:42:55.207+0800: 3.577: Application time: 0.0047707 seconds
2024-07-28T16:42:55.207+0800: 3.577: [GC (Allocation Failure) 2024-07-28T16:42:55.207+0800: 3.577: [ParNew: 77168K->8192K(78656K), 0.0122039 secs] 222206K->221838K(535432K), 0.0122524 secs] [Times: user=0.06 sys=0.00, real=0.01 secs] 
2024-07-28T16:42:55.220+0800: 3.589: Total time for which application threads were stopped: 0.0123471 seconds, Stopping threads took: 0.0000129 seconds
2024-07-28T16:42:55.220+0800: 3.589: Application time: 0.0002463 seconds
2024-07-28T16:42:55.220+0800: 3.589: [GC (CMS Initial Mark) [1 CMS-initial-mark: 213646K(456776K)] 225278K(535432K), 0.0008578 secs] [Times: user=0.00 sys=0.00, real=0.00 secs] 
2024-07-28T16:42:55.221+0800: 3.590: Total time for which application threads were stopped: 0.0009763 seconds, Stopping threads took: 0.0000741 seconds
2024-07-28T16:42:55.221+0800: 3.590: [CMS-concurrent-mark-start]
2024-07-28T16:42:55.223+0800: 3.592: [CMS-concurrent-mark: 0.002/0.002 secs] [Times: user=0.03 sys=0.00, real=0.00 secs] 
2024-07-28T16:42:55.223+0800: 3.592: [CMS-concurrent-preclean-start]
2024-07-28T16:42:55.223+0800: 3.593: [CMS-concurrent-preclean: 0.001/0.001 secs] [Times: user=0.00 sys=0.00, real=0.00 secs] 
2024-07-28T16:42:55.223+0800: 3.593: [CMS-concurrent-abortable-preclean-start]
2024-07-28T16:42:55.338+0800: 3.708: Application time: 0.1177440 seconds
2024-07-28T16:42:55.338+0800: 3.708: [GC (Allocation Failure) 2024-07-28T16:42:55.338+0800: 3.708: [ParNew: 77168K->8192K(78656K), 0.0118642 secs] 290815K->290447K(535432K), 0.0119241 secs] [Times: user=0.03 sys=0.00, real=0.01 secs] 
2024-07-28T16:42:55.350+0800: 3.720: Total time for which application threads were stopped: 0.0120377 seconds, Stopping threads took: 0.0000229 seconds
2024-07-28T16:42:55.463+0800: 3.833: Application time: 0.1128354 seconds
2024-07-28T16:42:55.463+0800: 3.833: [GC (Allocation Failure) 2024-07-28T16:42:55.463+0800: 3.833: [ParNew: 77168K->8192K(78656K), 0.0029783 secs] 359424K->295567K(535432K), 0.0030357 secs] [Times: user=0.00 sys=0.00, real=0.00 secs] 
2024-07-28T16:42:55.466+0800: 3.836: Total time for which application threads were stopped: 0.0031443 seconds, Stopping threads took: 0.0000207 seconds
2024-07-28T16:42:55.466+0800: 3.836: [CMS-concurrent-abortable-preclean: 0.005/0.243 secs] [Times: user=0.03 sys=0.00, real=0.24 secs] 
2024-07-28T16:42:55.467+0800: 3.836: Application time: 0.0003172 seconds
2024-07-28T16:42:55.467+0800: 3.837: [GC (CMS Final Remark) [YG occupancy: 12655 K (78656 K)]2024-07-28T16:42:55.467+0800: 3.837: [Rescan (parallel) , 0.0008537 secs]2024-07-28T16:42:55.468+0800: 3.837: [weak refs processing, 0.0000129 secs]2024-07-28T16:42:55.468+0800: 3.837: [class unloading, 0.0001737 secs]2024-07-28T16:42:55.468+0800: 3.838: [scrub symbol table, 0.0003424 secs]2024-07-28T16:42:55.468+0800: 3.838: [scrub string table, 0.0001115 secs][1 CMS-remark: 287375K(456776K)] 300031K(535432K), 0.0015571 secs] [Times: user=0.00 sys=0.00, real=0.00 secs] 
2024-07-28T16:42:55.468+0800: 3.838: Total time for which application threads were stopped: 0.0017180 seconds, Stopping threads took: 0.0001251 seconds
2024-07-28T16:42:55.469+0800: 3.838: [CMS-concurrent-sweep-start]
2024-07-28T16:42:55.470+0800: 3.840: [CMS-concurrent-sweep: 0.001/0.001 secs] [Times: user=0.00 sys=0.00, real=0.00 secs] 
2024-07-28T16:42:55.470+0800: 3.840: [CMS-concurrent-reset-start]
2024-07-28T16:42:55.472+0800: 3.841: [CMS-concurrent-reset: 0.001/0.001 secs] [Times: user=0.00 sys=0.00, real=0.00 secs] 
2024-07-28T16:42:55.473+0800: 3.843: Application time: 0.0047981 seconds
2024-07-28T16:42:55.473+0800: 3.843: [GC (Allocation Failure) 2024-07-28T16:42:55.473+0800: 3.843: [ParNew: 77168K->8192K(78656K), 0.0118482 secs] 224254K->223886K(535432K), 0.0118962 secs] [Times: user=0.00 sys=0.00, real=0.01 secs] 
2024-07-28T16:42:55.485+0800: 3.855: Total time for which application threads were stopped: 0.0119925 seconds, Stopping threads took: 0.0000133 seconds
2024-07-28T16:42:55.485+0800: 3.855: Application time: 0.0001919 seconds
2024-07-28T16:42:55.486+0800: 3.855: [GC (CMS Initial Mark) [1 CMS-initial-mark: 215694K(456776K)] 227326K(535432K), 0.0008124 secs] [Times: user=0.00 sys=0.00, real=0.00 secs] 
2024-07-28T16:42:55.486+0800: 3.856: Total time for which application threads were stopped: 0.0009923 seconds, Stopping threads took: 0.0001379 seconds
2024-07-28T16:42:55.486+0800: 3.856: [CMS-concurrent-mark-start]
2024-07-28T16:42:55.488+0800: 3.858: [CMS-concurrent-mark: 0.002/0.002 secs] [Times: user=0.00 sys=0.00, real=0.00 secs] 
2024-07-28T16:42:55.488+0800: 3.858: [CMS-concurrent-preclean-start]
2024-07-28T16:42:55.489+0800: 3.859: [CMS-concurrent-preclean: 0.001/0.001 secs] [Times: user=0.03 sys=0.00, real=0.00 secs] 
2024-07-28T16:42:55.489+0800: 3.859: [CMS-concurrent-abortable-preclean-start]
2024-07-28T16:42:55.592+0800: 3.961: Application time: 0.1051968 seconds
2024-07-28T16:42:55.592+0800: 3.961: [GC (Allocation Failure) 2024-07-28T16:42:55.592+0800: 3.961: [ParNew: 77168K->8192K(78656K), 0.0117480 secs] 292863K->292495K(535432K), 0.0118136 secs] [Times: user=0.03 sys=0.00, real=0.01 secs] 
2024-07-28T16:42:55.604+0800: 3.973: Total time for which application threads were stopped: 0.0119261 seconds, Stopping threads took: 0.0000201 seconds
2024-07-28T16:42:55.717+0800: 4.086: Application time: 0.1129245 seconds
2024-07-28T16:42:55.717+0800: 4.086: [GC (Allocation Failure) 2024-07-28T16:42:55.717+0800: 4.086: [ParNew: 77168K->8192K(78656K), 0.0032849 secs] 361472K->298639K(535432K), 0.0033418 secs] [Times: user=0.00 sys=0.00, real=0.00 secs] 
2024-07-28T16:42:55.721+0800: 4.090: Total time for which application threads were stopped: 0.0034637 seconds, Stopping threads took: 0.0000207 seconds
2024-07-28T16:42:55.721+0800: 4.090: [CMS-concurrent-abortable-preclean: 0.003/0.231 secs] [Times: user=0.03 sys=0.00, real=0.23 secs] 
2024-07-28T16:42:55.721+0800: 4.090: Application time: 0.0003155 seconds
2024-07-28T16:42:55.721+0800: 4.090: [GC (CMS Final Remark) [YG occupancy: 12655 K (78656 K)]2024-07-28T16:42:55.721+0800: 4.090: [Rescan (parallel) , 0.0008143 secs]2024-07-28T16:42:55.722+0800: 4.091: [weak refs processing, 0.0000126 secs]2024-07-28T16:42:55.722+0800: 4.091: [class unloading, 0.0001902 secs]2024-07-28T16:42:55.722+0800: 4.091: [scrub symbol table, 0.0003399 secs]2024-07-28T16:42:55.722+0800: 4.091: [scrub string table, 0.0001076 secs][1 CMS-remark: 290447K(456776K)] 303103K(535432K), 0.0015278 secs] [Times: user=0.00 sys=0.00, real=0.00 secs] 
2024-07-28T16:42:55.723+0800: 4.092: Total time for which application threads were stopped: 0.0016807 seconds, Stopping threads took: 0.0001169 seconds
2024-07-28T16:42:55.723+0800: 4.092: [CMS-concurrent-sweep-start]
2024-07-28T16:42:55.724+0800: 4.093: [CMS-concurrent-sweep: 0.001/0.001 secs] [Times: user=0.03 sys=0.00, real=0.00 secs] 
2024-07-28T16:42:55.724+0800: 4.093: [CMS-concurrent-reset-start]
2024-07-28T16:42:55.725+0800: 4.094: [CMS-concurrent-reset: 0.001/0.001 secs] [Times: user=0.00 sys=0.00, real=0.00 secs] 
2024-07-28T16:42:55.727+0800: 4.096: Application time: 0.0047795 seconds
2024-07-28T16:42:55.727+0800: 4.096: [GC (Allocation Failure) 2024-07-28T16:42:55.728+0800: 4.096: [ParNew: 77168K->8192K(78656K), 0.0122285 secs] 226302K->225934K(535432K), 0.0122812 secs] [Times: user=0.03 sys=0.00, real=0.01 secs] 
2024-07-28T16:42:55.740+0800: 4.109: Total time for which application threads were stopped: 0.0123830 seconds, Stopping threads took: 0.0000193 seconds
2024-07-28T16:42:55.740+0800: 4.109: Application time: 0.0002433 seconds
2024-07-28T16:42:55.740+0800: 4.109: [GC (CMS Initial Mark) [1 CMS-initial-mark: 217742K(456776K)] 229374K(535432K), 0.0007941 secs] [Times: user=0.00 sys=0.00, real=0.00 secs] 
2024-07-28T16:42:55.741+0800: 4.110: Total time for which application threads were stopped: 0.0009986 seconds, Stopping threads took: 0.0001626 seconds
2024-07-28T16:42:55.741+0800: 4.110: [CMS-concurrent-mark-start]
2024-07-28T16:42:55.743+0800: 4.112: [CMS-concurrent-mark: 0.002/0.002 secs] [Times: user=0.00 sys=0.00, real=0.00 secs] 
2024-07-28T16:42:55.743+0800: 4.112: [CMS-concurrent-preclean-start]
2024-07-28T16:42:55.744+0800: 4.112: [CMS-concurrent-preclean: 0.001/0.001 secs] [Times: user=0.00 sys=0.00, real=0.00 secs] 
2024-07-28T16:42:55.744+0800: 4.113: [CMS-concurrent-abortable-preclean-start]
2024-07-28T16:42:55.748+0800: 4.117: Application time: 0.0068881 seconds
2024-07-28T16:42:55.748+0800: 4.117: Total time for which application threads were stopped: 0.0000893 seconds, Stopping threads took: 0.0000453 seconds
2024-07-28T16:42:55.847+0800: 4.216: Application time: 0.0987652 seconds
2024-07-28T16:42:55.847+0800: 4.216: [GC (Allocation Failure) 2024-07-28T16:42:55.847+0800: 4.216: [ParNew: 77168K->8192K(78656K), 0.0120519 secs] 294911K->294543K(535432K), 0.0121162 secs] [Times: user=0.03 sys=0.00, real=0.01 secs] 
2024-07-28T16:42:55.859+0800: 4.228: Total time for which application threads were stopped: 0.0122262 seconds, Stopping threads took: 0.0000181 seconds
2024-07-28T16:42:55.971+0800: 4.341: Application time: 0.1129683 seconds
2024-07-28T16:42:55.971+0800: 4.341: [GC (Allocation Failure) 2024-07-28T16:42:55.971+0800: 4.341: [ParNew: 77168K->8192K(78656K), 0.0034862 secs] 363520K->301711K(535432K), 0.0035442 secs] [Times: user=0.03 sys=0.00, real=0.00 secs] 
2024-07-28T16:42:55.975+0800: 4.345: Total time for which application threads were stopped: 0.0036540 seconds, Stopping threads took: 0.0000198 seconds
2024-07-28T16:42:55.975+0800: 4.345: [CMS-concurrent-abortable-preclean: 0.004/0.232 secs] [Times: user=0.06 sys=0.00, real=0.23 secs] 
2024-07-28T16:42:55.975+0800: 4.345: Application time: 0.0002812 seconds
2024-07-28T16:42:55.975+0800: 4.345: [GC (CMS Final Remark) [YG occupancy: 12655 K (78656 K)]2024-07-28T16:42:55.975+0800: 4.345: [Rescan (parallel) , 0.0007947 secs]2024-07-28T16:42:55.976+0800: 4.346: [weak refs processing, 0.0000130 secs]2024-07-28T16:42:55.976+0800: 4.346: [class unloading, 0.0001745 secs]2024-07-28T16:42:55.976+0800: 4.346: [scrub symbol table, 0.0003343 secs]2024-07-28T16:42:55.977+0800: 4.346: [scrub string table, 0.0001002 secs][1 CMS-remark: 293519K(456776K)] 306175K(535432K), 0.0014806 secs] [Times: user=0.00 sys=0.00, real=0.00 secs] 
2024-07-28T16:42:55.977+0800: 4.346: Total time for which application threads were stopped: 0.0015897 seconds, Stopping threads took: 0.0000738 seconds
2024-07-28T16:42:55.977+0800: 4.347: [CMS-concurrent-sweep-start]
2024-07-28T16:42:55.979+0800: 4.348: [CMS-concurrent-sweep: 0.002/0.002 secs] [Times: user=0.00 sys=0.00, real=0.00 secs] 
2024-07-28T16:42:55.979+0800: 4.348: [CMS-concurrent-reset-start]
2024-07-28T16:42:55.980+0800: 4.350: [CMS-concurrent-reset: 0.001/0.001 secs] [Times: user=0.00 sys=0.00, real=0.00 secs] 
2024-07-28T16:42:55.982+0800: 4.351: Application time: 0.0048928 seconds
2024-07-28T16:42:55.982+0800: 4.351: [GC (Allocation Failure) 2024-07-28T16:42:55.982+0800: 4.351: [ParNew: 77168K->8192K(78656K), 0.0119598 secs] 228350K->227982K(535432K), 0.0120071 secs] [Times: user=0.03 sys=0.00, real=0.01 secs] 
2024-07-28T16:42:55.994+0800: 4.363: Total time for which application threads were stopped: 0.0121034 seconds, Stopping threads took: 0.0000138 seconds
2024-07-28T16:42:55.994+0800: 4.364: Application time: 0.0002255 seconds
2024-07-28T16:42:55.994+0800: 4.364: [GC (CMS Initial Mark) [1 CMS-initial-mark: 219790K(456776K)] 231422K(535432K), 0.0007858 secs] [Times: user=0.00 sys=0.00, real=0.00 secs] 
2024-07-28T16:42:55.995+0800: 4.365: Total time for which application threads were stopped: 0.0009822 seconds, Stopping threads took: 0.0001546 seconds
2024-07-28T16:42:55.995+0800: 4.365: [CMS-concurrent-mark-start]
2024-07-28T16:42:55.997+0800: 4.366: [CMS-concurrent-mark: 0.002/0.002 secs] [Times: user=0.00 sys=0.00, real=0.00 secs] 
2024-07-28T16:42:55.997+0800: 4.366: [CMS-concurrent-preclean-start]
2024-07-28T16:42:55.997+0800: 4.367: [CMS-concurrent-preclean: 0.001/0.001 secs] [Times: user=0.00 sys=0.00, real=0.00 secs] 
2024-07-28T16:42:55.997+0800: 4.367: [CMS-concurrent-abortable-preclean-start]
2024-07-28T16:42:56.115+0800: 4.485: Application time: 0.1203566 seconds
2024-07-28T16:42:56.115+0800: 4.485: [GC (Allocation Failure) 2024-07-28T16:42:56.115+0800: 4.485: [ParNew: 77168K->8192K(78656K), 0.0118530 secs] 296959K->296591K(535432K), 0.0119130 secs] [Times: user=0.00 sys=0.00, real=0.01 secs] 
2024-07-28T16:42:56.127+0800: 4.497: Total time for which application threads were stopped: 0.0120339 seconds, Stopping threads took: 0.0000200 seconds
2024-07-28T16:42:56.239+0800: 4.609: Application time: 0.1118280 seconds
2024-07-28T16:42:56.239+0800: 4.609: [GC (Allocation Failure) 2024-07-28T16:42:56.239+0800: 4.609: [ParNew: 77168K->8192K(78656K), 0.0032837 secs] 365568K->304784K(535432K), 0.0033463 secs] [Times: user=0.00 sys=0.00, real=0.00 secs] 
2024-07-28T16:42:56.243+0800: 4.612: Total time for which application threads were stopped: 0.0034560 seconds, Stopping threads took: 0.0000195 seconds
2024-07-28T16:42:56.243+0800: 4.613: [CMS-concurrent-abortable-preclean: 0.005/0.245 secs] [Times: user=0.06 sys=0.00, real=0.25 secs] 
2024-07-28T16:42:56.243+0800: 4.613: Application time: 0.0003905 seconds
2024-07-28T16:42:56.243+0800: 4.613: [GC (CMS Final Remark) [YG occupancy: 13679 K (78656 K)]2024-07-28T16:42:56.243+0800: 4.613: [Rescan (parallel) , 0.0010605 secs]2024-07-28T16:42:56.244+0800: 4.614: [weak refs processing, 0.0000130 secs]2024-07-28T16:42:56.244+0800: 4.614: [class unloading, 0.0001819 secs]2024-07-28T16:42:56.245+0800: 4.614: [scrub symbol table, 0.0003612 secs]2024-07-28T16:42:56.245+0800: 4.615: [scrub string table, 0.0001153 secs][1 CMS-remark: 296591K(456776K)] 310271K(535432K), 0.0017957 secs] [Times: user=0.00 sys=0.00, real=0.00 secs] 
2024-07-28T16:42:56.245+0800: 4.615: Total time for which application threads were stopped: 0.0019531 seconds, Stopping threads took: 0.0001203 seconds
2024-07-28T16:42:56.245+0800: 4.615: [CMS-concurrent-sweep-start]
2024-07-28T16:42:56.247+0800: 4.616: [CMS-concurrent-sweep: 0.001/0.001 secs] [Times: user=0.00 sys=0.00, real=0.00 secs] 
2024-07-28T16:42:56.247+0800: 4.617: [CMS-concurrent-reset-start]
2024-07-28T16:42:56.248+0800: 4.618: [CMS-concurrent-reset: 0.001/0.001 secs] [Times: user=0.00 sys=0.00, real=0.00 secs] 
2024-07-28T16:42:56.250+0800: 4.620: Application time: 0.0048040 seconds
2024-07-28T16:42:56.250+0800: 4.620: [GC (Allocation Failure) 2024-07-28T16:42:56.250+0800: 4.620: [ParNew: 77168K->8192K(78656K), 0.0123189 secs] 230398K->230030K(535432K), 0.0123671 secs] [Times: user=0.03 sys=0.00, real=0.01 secs] 
2024-07-28T16:42:56.262+0800: 4.632: Total time for which application threads were stopped: 0.0124634 seconds, Stopping threads took: 0.0000134 seconds
2024-07-28T16:42:56.263+0800: 4.632: Application time: 0.0001678 seconds
2024-07-28T16:42:56.263+0800: 4.632: [GC (CMS Initial Mark) [1 CMS-initial-mark: 221838K(456776K)] 233470K(535432K), 0.0007821 secs] [Times: user=0.00 sys=0.00, real=0.00 secs] 
2024-07-28T16:42:56.263+0800: 4.633: Total time for which application threads were stopped: 0.0009204 seconds, Stopping threads took: 0.0000909 seconds
2024-07-28T16:42:56.264+0800: 4.633: [CMS-concurrent-mark-start]
2024-07-28T16:42:56.265+0800: 4.635: [CMS-concurrent-mark: 0.002/0.002 secs] [Times: user=0.00 sys=0.00, real=0.00 secs] 
2024-07-28T16:42:56.265+0800: 4.635: [CMS-concurrent-preclean-start]
2024-07-28T16:42:56.266+0800: 4.635: [CMS-concurrent-preclean: 0.001/0.001 secs] [Times: user=0.00 sys=0.00, real=0.00 secs] 
2024-07-28T16:42:56.266+0800: 4.636: [CMS-concurrent-abortable-preclean-start]
2024-07-28T16:42:56.382+0800: 4.752: Application time: 0.1187878 seconds
2024-07-28T16:42:56.383+0800: 4.752: [GC (Allocation Failure) 2024-07-28T16:42:56.383+0800: 4.752: [ParNew: 77168K->8192K(78656K), 0.0117459 secs] 299007K->298639K(535432K), 0.0118056 secs] [Times: user=0.00 sys=0.00, real=0.01 secs] 
2024-07-28T16:42:56.394+0800: 4.764: Total time for which application threads were stopped: 0.0119192 seconds, Stopping threads took: 0.0000227 seconds
2024-07-28T16:42:56.506+0800: 4.876: Application time: 0.1116793 seconds
2024-07-28T16:42:56.506+0800: 4.876: [GC (Allocation Failure) 2024-07-28T16:42:56.506+0800: 4.876: [ParNew: 77168K->8192K(78656K), 0.0034721 secs] 367616K->307856K(535432K), 0.0035292 secs] [Times: user=0.00 sys=0.00, real=0.00 secs] 
2024-07-28T16:42:56.510+0800: 4.879: Total time for which application threads were stopped: 0.0036379 seconds, Stopping threads took: 0.0000204 seconds
2024-07-28T16:42:56.510+0800: 4.879: [CMS-concurrent-abortable-preclean: 0.005/0.244 secs] [Times: user=0.00 sys=0.02, real=0.24 secs] 
2024-07-28T16:42:56.510+0800: 4.880: Application time: 0.0004217 seconds
2024-07-28T16:42:56.511+0800: 4.880: [GC (CMS Final Remark) [YG occupancy: 14703 K (78656 K)]2024-07-28T16:42:56.511+0800: 4.880: [Rescan (parallel) , 0.0009375 secs]2024-07-28T16:42:56.512+0800: 4.881: [weak refs processing, 0.0000130 secs]2024-07-28T16:42:56.512+0800: 4.881: [class unloading, 0.0001822 secs]2024-07-28T16:42:56.512+0800: 4.881: [scrub symbol table, 0.0003071 secs]2024-07-28T16:42:56.512+0800: 4.881: [scrub string table, 0.0000908 secs][1 CMS-remark: 299663K(456776K)] 314367K(535432K), 0.0015971 secs] [Times: user=0.00 sys=0.00, real=0.00 secs] 
2024-07-28T16:42:56.512+0800: 4.881: Total time for which application threads were stopped: 0.0018179 seconds, Stopping threads took: 0.0001826 seconds
2024-07-28T16:42:56.512+0800: 4.882: [CMS-concurrent-sweep-start]
2024-07-28T16:42:56.514+0800: 4.883: [CMS-concurrent-sweep: 0.001/0.001 secs] [Times: user=0.00 sys=0.00, real=0.00 secs] 
2024-07-28T16:42:56.514+0800: 4.883: [CMS-concurrent-reset-start]
2024-07-28T16:42:56.515+0800: 4.884: [CMS-concurrent-reset: 0.001/0.001 secs] [Times: user=0.00 sys=0.00, real=0.00 secs] 
2024-07-28T16:42:56.517+0800: 4.886: Application time: 0.0046556 seconds
2024-07-28T16:42:56.517+0800: 4.886: [GC (Allocation Failure) 2024-07-28T16:42:56.517+0800: 4.886: [ParNew: 77168K->8192K(78656K), 0.0119104 secs] 232446K->232078K(535432K), 0.0119589 secs] [Times: user=0.03 sys=0.00, real=0.01 secs] 
2024-07-28T16:42:56.529+0800: 4.898: Total time for which application threads were stopped: 0.0120535 seconds, Stopping threads took: 0.0000129 seconds
2024-07-28T16:42:56.529+0800: 4.898: Application time: 0.0001318 seconds
2024-07-28T16:42:56.529+0800: 4.898: [GC (CMS Initial Mark) [1 CMS-initial-mark: 223886K(456776K)] 235518K(535432K), 0.0005407 secs] [Times: user=0.00 sys=0.00, real=0.00 secs] 
2024-07-28T16:42:56.530+0800: 4.899: Total time for which application threads were stopped: 0.0007722 seconds, Stopping threads took: 0.0001866 seconds
2024-07-28T16:42:56.530+0800: 4.899: [CMS-concurrent-mark-start]
2024-07-28T16:42:56.532+0800: 4.901: [CMS-concurrent-mark: 0.002/0.002 secs] [Times: user=0.00 sys=0.00, real=0.00 secs] 
2024-07-28T16:42:56.532+0800: 4.901: [CMS-concurrent-preclean-start]
2024-07-28T16:42:56.532+0800: 4.901: [CMS-concurrent-preclean: 0.001/0.001 secs] [Times: user=0.00 sys=0.00, real=0.00 secs] 
2024-07-28T16:42:56.532+0800: 4.901: [CMS-concurrent-abortable-preclean-start]
2024-07-28T16:42:56.635+0800: 5.004: Application time: 0.1054434 seconds
2024-07-28T16:42:56.635+0800: 5.005: [GC (Allocation Failure) 2024-07-28T16:42:56.635+0800: 5.005: [ParNew2024-07-28T16:42:56.647+0800: 5.016: [CMS-concurrent-abortable-preclean: 0.001/0.115 secs] [Times: user=0.03 sys=0.00, real=0.12 secs] 
: 77168K->8192K(78656K), 0.0127185 secs] 301055K->300687K(535432K), 0.0127706 secs] [Times: user=0.03 sys=0.00, real=0.01 secs] 
2024-07-28T16:42:56.648+0800: 5.017: Total time for which application threads were stopped: 0.0129002 seconds, Stopping threads took: 0.0000215 seconds
2024-07-28T16:42:56.648+0800: 5.018: Application time: 0.0002705 seconds
2024-07-28T16:42:56.648+0800: 5.018: [GC (CMS Final Remark) [YG occupancy: 11631 K (78656 K)]2024-07-28T16:42:56.648+0800: 5.018: [Rescan (parallel) , 0.0007644 secs]2024-07-28T16:42:56.649+0800: 5.019: [weak refs processing, 0.0000115 secs]2024-07-28T16:42:56.649+0800: 5.019: [class unloading, 0.0001809 secs]2024-07-28T16:42:56.649+0800: 5.019: [scrub symbol table, 0.0003118 secs]2024-07-28T16:42:56.649+0800: 5.019: [scrub string table, 0.0000910 secs][1 CMS-remark: 292495K(456776K)] 304127K(535432K), 0.0014192 secs] [Times: user=0.00 sys=0.00, real=0.00 secs] 
2024-07-28T16:42:56.649+0800: 5.019: Total time for which application threads were stopped: 0.0015306 seconds, Stopping threads took: 0.0000759 seconds
2024-07-28T16:42:56.650+0800: 5.019: [CMS-concurrent-sweep-start]
2024-07-28T16:42:56.651+0800: 5.021: [CMS-concurrent-sweep: 0.001/0.001 secs] [Times: user=0.00 sys=0.00, real=0.00 secs] 
2024-07-28T16:42:56.651+0800: 5.021: [CMS-concurrent-reset-start]
2024-07-28T16:42:56.652+0800: 5.022: [CMS-concurrent-reset: 0.001/0.001 secs] [Times: user=0.00 sys=0.00, real=0.00 secs] 
2024-07-28T16:42:56.758+0800: 5.127: Application time: 0.1079800 seconds
2024-07-28T16:42:56.758+0800: 5.127: [GC (Allocation Failure) 2024-07-28T16:42:56.758+0800: 5.127: [ParNew: 77168K->8192K(78656K), 0.0038458 secs] 224254K->165517K(535432K), 0.0039316 secs] [Times: user=0.00 sys=0.00, real=0.00 secs] 
2024-07-28T16:42:56.762+0800: 5.131: Total time for which application threads were stopped: 0.0040424 seconds, Stopping threads took: 0.0000201 seconds
2024-07-28T16:42:56.767+0800: 5.136: Application time: 0.0043748 seconds
2024-07-28T16:42:56.767+0800: 5.136: [GC (Allocation Failure) 2024-07-28T16:42:56.767+0800: 5.136: [ParNew: 77168K->8192K(78656K), 0.0118436 secs] 234494K->234126K(535432K), 0.0118931 secs] [Times: user=0.03 sys=0.00, real=0.01 secs] 
2024-07-28T16:42:56.779+0800: 5.148: Total time for which application threads were stopped: 0.0119926 seconds, Stopping threads took: 0.0000153 seconds
2024-07-28T16:42:56.779+0800: 5.148: Application time: 0.0002387 seconds
2024-07-28T16:42:56.779+0800: 5.148: [GC (CMS Initial Mark) [1 CMS-initial-mark: 225934K(456776K)] 237566K(535432K), 0.0008344 secs] [Times: user=0.00 sys=0.00, real=0.00 secs] 
2024-07-28T16:42:56.780+0800: 5.149: Total time for which application threads were stopped: 0.0010094 seconds, Stopping threads took: 0.0001316 seconds
2024-07-28T16:42:56.780+0800: 5.149: [CMS-concurrent-mark-start]
2024-07-28T16:42:56.782+0800: 5.151: [CMS-concurrent-mark: 0.002/0.002 secs] [Times: user=0.00 sys=0.00, real=0.00 secs] 
2024-07-28T16:42:56.782+0800: 5.151: [CMS-concurrent-preclean-start]
2024-07-28T16:42:56.782+0800: 5.151: [CMS-concurrent-preclean: 0.001/0.001 secs] [Times: user=0.00 sys=0.00, real=0.00 secs] 
2024-07-28T16:42:56.782+0800: 5.151: [CMS-concurrent-abortable-preclean-start]
2024-07-28T16:42:56.888+0800: 5.257: Application time: 0.1077209 seconds
2024-07-28T16:42:56.888+0800: 5.257: [GC (Allocation Failure) 2024-07-28T16:42:56.888+0800: 5.257: [ParNew: 77168K->8192K(78656K), 0.0117305 secs] 303103K->302735K(535432K), 0.0117969 secs] [Times: user=0.03 sys=0.00, real=0.01 secs] 
2024-07-28T16:42:56.899+0800: 5.268: Total time for which application threads were stopped: 0.0119143 seconds, Stopping threads took: 0.0000200 seconds
2024-07-28T16:42:57.010+0800: 5.380: Application time: 0.1116035 seconds
2024-07-28T16:42:57.011+0800: 5.380: [GC (Allocation Failure) 2024-07-28T16:42:57.011+0800: 5.380: [ParNew: 77168K->8192K(78656K), 0.0041081 secs] 371712K->314000K(535432K), 0.0041801 secs] [Times: user=0.00 sys=0.00, real=0.00 secs] 
2024-07-28T16:42:57.015+0800: 5.384: Total time for which application threads were stopped: 0.0043016 seconds, Stopping threads took: 0.0000219 seconds
2024-07-28T16:42:57.015+0800: 5.384: [CMS-concurrent-abortable-preclean: 0.006/0.233 secs] [Times: user=0.03 sys=0.00, real=0.23 secs] 
2024-07-28T16:42:57.015+0800: 5.385: Application time: 0.0002236 seconds
2024-07-28T16:42:57.015+0800: 5.385: [GC (CMS Final Remark) [YG occupancy: 11631 K (78656 K)]2024-07-28T16:42:57.015+0800: 5.385: [Rescan (parallel) , 0.0011477 secs]2024-07-28T16:42:57.016+0800: 5.386: [weak refs processing, 0.0000126 secs]2024-07-28T16:42:57.016+0800: 5.386: [class unloading, 0.0001885 secs]2024-07-28T16:42:57.016+0800: 5.386: [scrub symbol table, 0.0003484 secs]2024-07-28T16:42:57.017+0800: 5.386: [scrub string table, 0.0001004 secs][1 CMS-remark: 305808K(456776K)] 317439K(535432K), 0.0018623 secs] [Times: user=0.00 sys=0.00, real=0.00 secs] 
2024-07-28T16:42:57.017+0800: 5.387: Total time for which application threads were stopped: 0.0019688 seconds, Stopping threads took: 0.0000711 seconds
2024-07-28T16:42:57.017+0800: 5.387: [CMS-concurrent-sweep-start]
2024-07-28T16:42:57.019+0800: 5.388: [CMS-concurrent-sweep: 0.001/0.001 secs] [Times: user=0.00 sys=0.00, real=0.00 secs] 
2024-07-28T16:42:57.019+0800: 5.388: [CMS-concurrent-reset-start]
2024-07-28T16:42:57.020+0800: 5.389: [CMS-concurrent-reset: 0.001/0.001 secs] [Times: user=0.03 sys=0.00, real=0.00 secs] 
2024-07-28T16:42:57.022+0800: 5.391: Application time: 0.0048536 seconds
2024-07-28T16:42:57.022+0800: 5.391: [GC (Allocation Failure) 2024-07-28T16:42:57.022+0800: 5.391: [ParNew: 77168K->8192K(78656K), 0.0119906 secs] 236542K->236174K(535432K), 0.0120411 secs] [Times: user=0.00 sys=0.00, real=0.01 secs] 
2024-07-28T16:42:57.034+0800: 5.404: Total time for which application threads were stopped: 0.0121359 seconds, Stopping threads took: 0.0000131 seconds
2024-07-28T16:42:57.034+0800: 5.404: Application time: 0.0002190 seconds
2024-07-28T16:42:57.034+0800: 5.404: [GC (CMS Initial Mark) [1 CMS-initial-mark: 227982K(456776K)] 239614K(535432K), 0.0007308 secs] [Times: user=0.00 sys=0.00, real=0.00 secs] 
2024-07-28T16:42:57.035+0800: 5.405: Total time for which application threads were stopped: 0.0009312 seconds, Stopping threads took: 0.0001569 seconds
2024-07-28T16:42:57.035+0800: 5.405: [CMS-concurrent-mark-start]
2024-07-28T16:42:57.037+0800: 5.406: [CMS-concurrent-mark: 0.001/0.001 secs] [Times: user=0.05 sys=0.00, real=0.00 secs] 
2024-07-28T16:42:57.037+0800: 5.406: [CMS-concurrent-preclean-start]
2024-07-28T16:42:57.037+0800: 5.407: [CMS-concurrent-preclean: 0.001/0.001 secs] [Times: user=0.00 sys=0.00, real=0.00 secs] 
2024-07-28T16:42:57.037+0800: 5.407: [CMS-concurrent-abortable-preclean-start]
2024-07-28T16:42:57.154+0800: 5.523: Application time: 0.1184377 seconds
2024-07-28T16:42:57.154+0800: 5.523: [GC (Allocation Failure) 2024-07-28T16:42:57.154+0800: 5.523: [ParNew: 77168K->8192K(78656K), 0.0119970 secs] 305151K->304784K(535432K), 0.0120566 secs] [Times: user=0.03 sys=0.00, real=0.01 secs] 
2024-07-28T16:42:57.166+0800: 5.535: Total time for which application threads were stopped: 0.0121657 seconds, Stopping threads took: 0.0000197 seconds
2024-07-28T16:42:57.279+0800: 5.648: Application time: 0.1124401 seconds
2024-07-28T16:42:57.279+0800: 5.648: [GC (Allocation Failure) 2024-07-28T16:42:57.344+0800: 5.713: [ParNew: 77168K->8192K(78656K), 0.0042057 secs] 373760K->317072K(535432K), 0.0697794 secs] [Times: user=0.03 sys=0.00, real=0.07 secs] 
2024-07-28T16:42:57.348+0800: 5.718: Total time for which application threads were stopped: 0.0698952 seconds, Stopping threads took: 0.0000215 seconds
2024-07-28T16:42:57.348+0800: 5.718: [CMS-concurrent-abortable-preclean: 0.005/0.311 secs] [Times: user=0.06 sys=0.00, real=0.31 secs] 
2024-07-28T16:42:57.349+0800: 5.718: Application time: 0.0003897 seconds
2024-07-28T16:42:57.349+0800: 5.718: [GC (CMS Final Remark) [YG occupancy: 14703 K (78656 K)]2024-07-28T16:42:57.349+0800: 5.718: [Rescan (parallel) , 0.0010262 secs]2024-07-28T16:42:57.350+0800: 5.719: [weak refs processing, 0.0000160 secs]2024-07-28T16:42:57.350+0800: 5.719: [class unloading, 0.0001750 secs]2024-07-28T16:42:57.350+0800: 5.719: [scrub symbol table, 0.0003422 secs]2024-07-28T16:42:57.350+0800: 5.720: [scrub string table, 0.0001006 secs][1 CMS-remark: 308880K(456776K)] 323583K(535432K), 0.0017287 secs] [Times: user=0.00 sys=0.00, real=0.00 secs] 
2024-07-28T16:42:57.351+0800: 5.720: Total time for which application threads were stopped: 0.0019182 seconds, Stopping threads took: 0.0001487 seconds
2024-07-28T16:42:57.351+0800: 5.720: [CMS-concurrent-sweep-start]
2024-07-28T16:42:57.352+0800: 5.722: [CMS-concurrent-sweep: 0.001/0.001 secs] [Times: user=0.00 sys=0.00, real=0.00 secs] 
2024-07-28T16:42:57.352+0800: 5.722: [CMS-concurrent-reset-start]
2024-07-28T16:42:57.354+0800: 5.723: [CMS-concurrent-reset: 0.001/0.001 secs] [Times: user=0.00 sys=0.00, real=0.00 secs] 
2024-07-28T16:42:57.355+0800: 5.725: Application time: 0.0047839 seconds
2024-07-28T16:42:57.355+0800: 5.725: [GC (Allocation Failure) 2024-07-28T16:42:57.355+0800: 5.725: [ParNew: 77168K->8192K(78656K), 0.0121509 secs] 238590K->238223K(535432K), 0.0121987 secs] [Times: user=0.03 sys=0.00, real=0.01 secs] 
2024-07-28T16:42:57.368+0800: 5.737: Total time for which application threads were stopped: 0.0123102 seconds, Stopping threads took: 0.0000152 seconds
2024-07-28T16:42:57.368+0800: 5.737: Application time: 0.0001724 seconds
2024-07-28T16:42:57.368+0800: 5.737: [GC (CMS Initial Mark) [1 CMS-initial-mark: 230030K(456776K)] 241662K(535432K), 0.0007175 secs] [Times: user=0.00 sys=0.00, real=0.00 secs] 
2024-07-28T16:42:57.369+0800: 5.738: Total time for which application threads were stopped: 0.0008962 seconds, Stopping threads took: 0.0001226 seconds
2024-07-28T16:42:57.369+0800: 5.738: [CMS-concurrent-mark-start]
2024-07-28T16:42:57.370+0800: 5.740: [CMS-concurrent-mark: 0.001/0.001 secs] [Times: user=0.00 sys=0.00, real=0.00 secs] 
2024-07-28T16:42:57.370+0800: 5.740: [CMS-concurrent-preclean-start]
2024-07-28T16:42:57.371+0800: 5.740: [CMS-concurrent-preclean: 0.001/0.001 secs] [Times: user=0.00 sys=0.00, real=0.00 secs] 
2024-07-28T16:42:57.371+0800: 5.740: [CMS-concurrent-abortable-preclean-start]
2024-07-28T16:42:57.485+0800: 5.854: Application time: 0.1163107 seconds
2024-07-28T16:42:57.485+0800: 5.855: [GC (Allocation Failure) 2024-07-28T16:42:57.485+0800: 5.855: [ParNew: 77168K->8192K(78656K), 0.0118541 secs] 307199K->306832K(535432K), 0.0119181 secs] [Times: user=0.03 sys=0.00, real=0.01 secs] 
2024-07-28T16:42:57.497+0800: 5.866: Total time for which application threads were stopped: 0.0120294 seconds, Stopping threads took: 0.0000189 seconds
2024-07-28T16:42:57.607+0800: 5.977: Application time: 0.1105908 seconds
2024-07-28T16:42:57.608+0800: 5.977: [GC (Allocation Failure) 2024-07-28T16:42:57.608+0800: 5.977: [ParNew: 77168K->8192K(78656K), 0.0043010 secs] 375808K->320144K(535432K), 0.0043605 secs] [Times: user=0.00 sys=0.00, real=0.00 secs] 
2024-07-28T16:42:57.612+0800: 5.982: Total time for which application threads were stopped: 0.0044766 seconds, Stopping threads took: 0.0000247 seconds
2024-07-28T16:42:57.612+0800: 5.982: [CMS-concurrent-abortable-preclean: 0.005/0.241 secs] [Times: user=0.03 sys=0.00, real=0.24 secs] 
2024-07-28T16:42:57.612+0800: 5.982: Application time: 0.0002971 seconds
2024-07-28T16:42:57.612+0800: 5.982: [GC (CMS Final Remark) [YG occupancy: 12655 K (78656 K)]2024-07-28T16:42:57.612+0800: 5.982: [Rescan (parallel) , 0.0011068 secs]2024-07-28T16:42:57.614+0800: 5.983: [weak refs processing, 0.0000132 secs]2024-07-28T16:42:57.614+0800: 5.983: [class unloading, 0.0002011 secs]2024-07-28T16:42:57.614+0800: 5.983: [scrub symbol table, 0.0003096 secs]2024-07-28T16:42:57.614+0800: 5.984: [scrub string table, 0.0001031 secs][1 CMS-remark: 311952K(456776K)] 324607K(535432K), 0.0017997 secs] [Times: user=0.00 sys=0.00, real=0.00 secs] 
2024-07-28T16:42:57.614+0800: 5.984: Total time for which application threads were stopped: 0.0019707 seconds, Stopping threads took: 0.0001334 seconds
2024-07-28T16:42:57.615+0800: 5.984: [CMS-concurrent-sweep-start]
2024-07-28T16:42:57.616+0800: 5.986: [CMS-concurrent-sweep: 0.001/0.001 secs] [Times: user=0.00 sys=0.00, real=0.00 secs] 
2024-07-28T16:42:57.616+0800: 5.986: [CMS-concurrent-reset-start]
2024-07-28T16:42:57.617+0800: 5.987: [CMS-concurrent-reset: 0.001/0.001 secs] [Times: user=0.00 sys=0.00, real=0.00 secs] 
2024-07-28T16:42:57.619+0800: 5.989: Application time: 0.0047543 seconds
2024-07-28T16:42:57.619+0800: 5.989: [GC (Allocation Failure) 2024-07-28T16:42:57.619+0800: 5.989: [ParNew: 77168K->8192K(78656K), 0.0121916 secs] 240638K->240271K(535432K), 0.0122395 secs] [Times: user=0.03 sys=0.00, real=0.01 secs] 
2024-07-28T16:42:57.631+0800: 6.001: Total time for which application threads were stopped: 0.0123362 seconds, Stopping threads took: 0.0000131 seconds
2024-07-28T16:42:57.631+0800: 6.001: Application time: 0.0002591 seconds
2024-07-28T16:42:57.632+0800: 6.001: [GC (CMS Initial Mark) [1 CMS-initial-mark: 232078K(456776K)] 243710K(535432K), 0.0007500 secs] [Times: user=0.00 sys=0.00, real=0.00 secs] 
2024-07-28T16:42:57.632+0800: 6.002: Total time for which application threads were stopped: 0.0008677 seconds, Stopping threads took: 0.0000751 seconds
2024-07-28T16:42:57.632+0800: 6.002: [CMS-concurrent-mark-start]
2024-07-28T16:42:57.634+0800: 6.004: [CMS-concurrent-mark: 0.001/0.001 secs] [Times: user=0.00 sys=0.00, real=0.00 secs] 
2024-07-28T16:42:57.634+0800: 6.004: [CMS-concurrent-preclean-start]
2024-07-28T16:42:57.635+0800: 6.004: [CMS-concurrent-preclean: 0.001/0.001 secs] [Times: user=0.00 sys=0.00, real=0.00 secs] 
2024-07-28T16:42:57.635+0800: 6.004: [CMS-concurrent-abortable-preclean-start]
2024-07-28T16:42:57.753+0800: 6.121: Application time: 0.1193993 seconds
2024-07-28T16:42:57.753+0800: 6.122: [GC (Allocation Failure) 2024-07-28T16:42:57.753+0800: 6.122: [ParNew: 77168K->8192K(78656K), 0.0118330 secs] 309247K->308880K(535432K), 0.0119324 secs] [Times: user=0.03 sys=0.00, real=0.01 secs] 
2024-07-28T16:42:57.765+0800: 6.134: Total time for which application threads were stopped: 0.0120482 seconds, Stopping threads took: 0.0000205 seconds
2024-07-28T16:42:57.876+0800: 6.246: Application time: 0.1121155 seconds
2024-07-28T16:42:57.876+0800: 6.246: [GC (Allocation Failure) 2024-07-28T16:42:57.876+0800: 6.246: [ParNew: 77168K->8192K(78656K), 0.0042976 secs] 377856K->323216K(535432K), 0.0043565 secs] [Times: user=0.03 sys=0.00, real=0.00 secs] 
2024-07-28T16:42:57.880+0800: 6.250: Total time for which application threads were stopped: 0.0044665 seconds, Stopping threads took: 0.0000195 seconds
2024-07-28T16:42:57.880+0800: 6.250: [CMS-concurrent-abortable-preclean: 0.005/0.246 secs] [Times: user=0.06 sys=0.00, real=0.25 secs] 
2024-07-28T16:42:57.881+0800: 6.250: Application time: 0.0002668 seconds
2024-07-28T16:42:57.881+0800: 6.251: [GC (CMS Final Remark) [YG occupancy: 12655 K (78656 K)]2024-07-28T16:42:57.881+0800: 6.251: [Rescan (parallel) , 0.0009227 secs]2024-07-28T16:42:57.882+0800: 6.251: [weak refs processing, 0.0000126 secs]2024-07-28T16:42:57.882+0800: 6.252: [class unloading, 0.0001733 secs]2024-07-28T16:42:57.882+0800: 6.252: [scrub symbol table, 0.0003430 secs]2024-07-28T16:42:57.882+0800: 6.252: [scrub string table, 0.0001126 secs][1 CMS-remark: 315024K(456776K)] 327679K(535432K), 0.0016271 secs] [Times: user=0.00 sys=0.00, real=0.00 secs] 
2024-07-28T16:42:57.882+0800: 6.252: Total time for which application threads were stopped: 0.0018049 seconds, Stopping threads took: 0.0001428 seconds
2024-07-28T16:42:57.883+0800: 6.252: [CMS-concurrent-sweep-start]
2024-07-28T16:42:57.884+0800: 6.254: [CMS-concurrent-sweep: 0.002/0.002 secs] [Times: user=0.00 sys=0.00, real=0.00 secs] 
2024-07-28T16:42:57.884+0800: 6.254: [CMS-concurrent-reset-start]
2024-07-28T16:42:57.885+0800: 6.255: [CMS-concurrent-reset: 0.001/0.001 secs] [Times: user=0.00 sys=0.00, real=0.00 secs] 
2024-07-28T16:42:57.887+0800: 6.257: Application time: 0.0048816 seconds
2024-07-28T16:42:57.887+0800: 6.257: [GC (Allocation Failure) 2024-07-28T16:42:57.887+0800: 6.257: [ParNew: 77168K->8192K(78656K), 0.0119404 secs] 242686K->242319K(535432K), 0.0119895 secs] [Times: user=0.03 sys=0.00, real=0.01 secs] 
2024-07-28T16:42:57.899+0800: 6.269: Total time for which application threads were stopped: 0.0121054 seconds, Stopping threads took: 0.0000269 seconds
2024-07-28T16:42:57.900+0800: 6.269: Application time: 0.0001140 seconds
2024-07-28T16:42:57.900+0800: 6.269: [GC (CMS Initial Mark) [1 CMS-initial-mark: 234126K(456776K)] 245758K(535432K), 0.0007697 secs] [Times: user=0.00 sys=0.00, real=0.00 secs] 
2024-07-28T16:42:57.901+0800: 6.270: Total time for which application threads were stopped: 0.0009987 seconds, Stopping threads took: 0.0001868 seconds
2024-07-28T16:42:57.901+0800: 6.270: [CMS-concurrent-mark-start]
2024-07-28T16:42:57.902+0800: 6.272: [CMS-concurrent-mark: 0.001/0.001 secs] [Times: user=0.00 sys=0.00, real=0.00 secs] 
2024-07-28T16:42:57.902+0800: 6.272: [CMS-concurrent-preclean-start]
2024-07-28T16:42:57.903+0800: 6.272: [CMS-concurrent-preclean: 0.001/0.001 secs] [Times: user=0.00 sys=0.00, real=0.00 secs] 
2024-07-28T16:42:57.903+0800: 6.272: [CMS-concurrent-abortable-preclean-start]
2024-07-28T16:42:58.021+0800: 6.390: Application time: 0.1195656 seconds
2024-07-28T16:42:58.021+0800: 6.390: [GC (Allocation Failure) 2024-07-28T16:42:58.021+0800: 6.390: [ParNew: 77168K->8192K(78656K), 0.0121408 secs] 311295K->310928K(535432K), 0.0122045 secs] [Times: user=0.00 sys=0.00, real=0.01 secs] 
2024-07-28T16:42:58.033+0800: 6.402: Total time for which application threads were stopped: 0.0123159 seconds, Stopping threads took: 0.0000195 seconds
2024-07-28T16:42:58.143+0800: 6.512: Application time: 0.1098526 seconds
2024-07-28T16:42:58.143+0800: 6.512: [GC (Allocation Failure) 2024-07-28T16:42:58.143+0800: 6.512: [ParNew: 77168K->8192K(78656K), 0.0046170 secs] 379904K->326288K(535432K), 0.0046794 secs] [Times: user=0.03 sys=0.00, real=0.01 secs] 
2024-07-28T16:42:58.148+0800: 6.517: Total time for which application threads were stopped: 0.0048021 seconds, Stopping threads took: 0.0000204 seconds
2024-07-28T16:42:58.148+0800: 6.517: [CMS-concurrent-abortable-preclean: 0.005/0.245 secs] [Times: user=0.06 sys=0.00, real=0.24 secs] 
2024-07-28T16:42:58.148+0800: 6.517: Application time: 0.0003003 seconds
2024-07-28T16:42:58.148+0800: 6.517: [GC (CMS Final Remark) [YG occupancy: 12655 K (78656 K)]2024-07-28T16:42:58.148+0800: 6.517: [Rescan (parallel) , 0.0004618 secs]2024-07-28T16:42:58.148+0800: 6.518: [weak refs processing, 0.0000128 secs]2024-07-28T16:42:58.148+0800: 6.518: [class unloading, 0.0001810 secs]2024-07-28T16:42:58.149+0800: 6.518: [scrub symbol table, 0.0003398 secs]2024-07-28T16:42:58.149+0800: 6.518: [scrub string table, 0.0001131 secs][1 CMS-remark: 318096K(456776K)] 330751K(535432K), 0.0011745 secs] [Times: user=0.00 sys=0.00, real=0.00 secs] 
2024-07-28T16:42:58.149+0800: 6.518: Total time for which application threads were stopped: 0.0013082 seconds, Stopping threads took: 0.0000960 seconds
2024-07-28T16:42:58.149+0800: 6.519: [CMS-concurrent-sweep-start]
2024-07-28T16:42:58.151+0800: 6.520: [CMS-concurrent-sweep: 0.002/0.002 secs] [Times: user=0.00 sys=0.00, real=0.00 secs] 
2024-07-28T16:42:58.151+0800: 6.520: [CMS-concurrent-reset-start]
2024-07-28T16:42:58.152+0800: 6.521: [CMS-concurrent-reset: 0.001/0.001 secs] [Times: user=0.00 sys=0.00, real=0.00 secs] 
2024-07-28T16:42:58.154+0800: 6.523: Application time: 0.0047030 seconds
2024-07-28T16:42:58.154+0800: 6.523: [GC (Allocation Failure) 2024-07-28T16:42:58.154+0800: 6.523: [ParNew: 77168K->8192K(78656K), 0.0120144 secs] 244734K->244367K(535432K), 0.0120638 secs] [Times: user=0.03 sys=0.00, real=0.01 secs] 
2024-07-28T16:42:58.166+0800: 6.535: Total time for which application threads were stopped: 0.0121720 seconds, Stopping threads took: 0.0000148 seconds
2024-07-28T16:42:58.166+0800: 6.536: Application time: 0.0002438 seconds
2024-07-28T16:42:58.166+0800: 6.536: [GC (CMS Initial Mark) [1 CMS-initial-mark: 236174K(456776K)] 247806K(535432K), 0.0007952 secs] [Times: user=0.00 sys=0.00, real=0.00 secs] 
2024-07-28T16:42:58.167+0800: 6.537: Total time for which application threads were stopped: 0.0009859 seconds, Stopping threads took: 0.0001470 seconds
2024-07-28T16:42:58.167+0800: 6.537: [CMS-concurrent-mark-start]
2024-07-28T16:42:58.169+0800: 6.538: [CMS-concurrent-mark: 0.001/0.001 secs] [Times: user=0.00 sys=0.00, real=0.00 secs] 
2024-07-28T16:42:58.169+0800: 6.538: [CMS-concurrent-preclean-start]
2024-07-28T16:42:58.169+0800: 6.539: [CMS-concurrent-preclean: 0.001/0.001 secs] [Times: user=0.00 sys=0.00, real=0.00 secs] 
2024-07-28T16:42:58.169+0800: 6.539: [CMS-concurrent-abortable-preclean-start]
2024-07-28T16:42:58.286+0800: 6.655: Application time: 0.1188647 seconds
2024-07-28T16:42:58.286+0800: 6.655: [GC (Allocation Failure) 2024-07-28T16:42:58.287+0800: 6.656: [ParNew: 77168K->8192K(78656K), 0.0121114 secs] 313343K->312976K(535432K), 0.0121876 secs] [Times: user=0.00 sys=0.00, real=0.01 secs] 
2024-07-28T16:42:58.299+0800: 6.668: Total time for which application threads were stopped: 0.0122979 seconds, Stopping threads took: 0.0000204 seconds
2024-07-28T16:42:58.411+0800: 6.780: Application time: 0.1120241 seconds
2024-07-28T16:42:58.411+0800: 6.780: [GC (Allocation Failure) 2024-07-28T16:42:58.411+0800: 6.780: [ParNew: 77168K->8192K(78656K), 0.0048942 secs] 381952K->329360K(535432K), 0.0049569 secs] [Times: user=0.00 sys=0.00, real=0.00 secs] 
2024-07-28T16:42:58.416+0800: 6.785: Total time for which application threads were stopped: 0.0050648 seconds, Stopping threads took: 0.0000202 seconds
2024-07-28T16:42:58.416+0800: 6.785: [CMS-concurrent-abortable-preclean: 0.005/0.246 secs] [Times: user=0.05 sys=0.00, real=0.25 secs] 
2024-07-28T16:42:58.416+0800: 6.785: Application time: 0.0002985 seconds
2024-07-28T16:42:58.416+0800: 6.785: [GC (CMS Final Remark) [YG occupancy: 12655 K (78656 K)]2024-07-28T16:42:58.416+0800: 6.785: [Rescan (parallel) , 0.0008382 secs]2024-07-28T16:42:58.417+0800: 6.786: [weak refs processing, 0.0000128 secs]2024-07-28T16:42:58.417+0800: 6.786: [class unloading, 0.0001737 secs]2024-07-28T16:42:58.417+0800: 6.786: [scrub symbol table, 0.0003437 secs]2024-07-28T16:42:58.418+0800: 6.787: [scrub string table, 0.0001135 secs][1 CMS-remark: 321168K(456776K)] 333824K(535432K), 0.0015442 secs] [Times: user=0.00 sys=0.00, real=0.00 secs] 
2024-07-28T16:42:58.418+0800: 6.787: Total time for which application threads were stopped: 0.0016598 seconds, Stopping threads took: 0.0000806 seconds
2024-07-28T16:42:58.418+0800: 6.787: [CMS-concurrent-sweep-start]
2024-07-28T16:42:58.419+0800: 6.789: [CMS-concurrent-sweep: 0.002/0.002 secs] [Times: user=0.00 sys=0.00, real=0.00 secs] 
2024-07-28T16:42:58.420+0800: 6.789: [CMS-concurrent-reset-start]
2024-07-28T16:42:58.421+0800: 6.790: [CMS-concurrent-reset: 0.001/0.001 secs] [Times: user=0.00 sys=0.00, real=0.00 secs] 
2024-07-28T16:42:58.422+0800: 6.792: Application time: 0.0047348 seconds
2024-07-28T16:42:58.423+0800: 6.792: [GC (Allocation Failure) 2024-07-28T16:42:58.423+0800: 6.792: [ParNew: 77168K->8192K(78656K), 0.0121400 secs] 246782K->246415K(535432K), 0.0121888 secs] [Times: user=0.03 sys=0.00, real=0.01 secs] 
2024-07-28T16:42:58.435+0800: 6.804: Total time for which application threads were stopped: 0.0122865 seconds, Stopping threads took: 0.0000160 seconds
2024-07-28T16:42:58.435+0800: 6.804: Application time: 0.0002250 seconds
2024-07-28T16:42:58.435+0800: 6.804: [GC (CMS Initial Mark) [1 CMS-initial-mark: 238223K(456776K)] 249854K(535432K), 0.0007915 secs] [Times: user=0.00 sys=0.00, real=0.00 secs] 
2024-07-28T16:42:58.436+0800: 6.805: Total time for which application threads were stopped: 0.0009253 seconds, Stopping threads took: 0.0000917 seconds
2024-07-28T16:42:58.436+0800: 6.805: [CMS-concurrent-mark-start]
2024-07-28T16:42:58.437+0800: 6.806: [CMS-concurrent-mark: 0.001/0.001 secs] [Times: user=0.00 sys=0.00, real=0.00 secs] 
2024-07-28T16:42:58.437+0800: 6.806: [CMS-concurrent-preclean-start]
2024-07-28T16:42:58.438+0800: 6.807: [CMS-concurrent-preclean: 0.001/0.001 secs] [Times: user=0.00 sys=0.00, real=0.00 secs] 
2024-07-28T16:42:58.438+0800: 6.807: [CMS-concurrent-abortable-preclean-start]
2024-07-28T16:42:58.553+0800: 6.922: Application time: 0.1174164 seconds
2024-07-28T16:42:58.553+0800: 6.922: [GC (Allocation Failure) 2024-07-28T16:42:58.553+0800: 6.922: [ParNew: 77168K->8192K(78656K), 0.0118090 secs] 315391K->315024K(535432K), 0.0118684 secs] [Times: user=0.00 sys=0.00, real=0.01 secs] 
2024-07-28T16:42:58.565+0800: 6.934: Total time for which application threads were stopped: 0.0119858 seconds, Stopping threads took: 0.0000215 seconds
2024-07-28T16:42:58.676+0800: 7.045: Application time: 0.1105233 seconds
2024-07-28T16:42:58.676+0800: 7.045: [GC (Allocation Failure) 2024-07-28T16:42:58.676+0800: 7.045: [ParNew: 77168K->8192K(78656K), 0.0050102 secs] 384000K->332432K(535432K), 0.0050684 secs] [Times: user=0.03 sys=0.00, real=0.00 secs] 
2024-07-28T16:42:58.681+0800: 7.050: Total time for which application threads were stopped: 0.0051839 seconds, Stopping threads took: 0.0000201 seconds
2024-07-28T16:42:58.681+0800: 7.050: [CMS-concurrent-abortable-preclean: 0.005/0.243 secs] [Times: user=0.08 sys=0.00, real=0.24 secs] 
2024-07-28T16:42:58.681+0800: 7.050: Application time: 0.0003044 seconds
2024-07-28T16:42:58.682+0800: 7.051: [GC (CMS Final Remark) [YG occupancy: 12655 K (78656 K)]2024-07-28T16:42:58.682+0800: 7.051: [Rescan (parallel) , 0.0005966 secs]2024-07-28T16:42:58.682+0800: 7.051: [weak refs processing, 0.0000119 secs]2024-07-28T16:42:58.682+0800: 7.051: [class unloading, 0.0001694 secs]2024-07-28T16:42:58.682+0800: 7.051: [scrub symbol table, 0.0003200 secs]2024-07-28T16:42:58.683+0800: 7.052: [scrub string table, 0.0000911 secs][1 CMS-remark: 324240K(456776K)] 336896K(535432K), 0.0012540 secs] [Times: user=0.00 sys=0.00, real=0.00 secs] 
2024-07-28T16:42:58.683+0800: 7.052: Total time for which application threads were stopped: 0.0014481 seconds, Stopping threads took: 0.0001439 seconds
2024-07-28T16:42:58.683+0800: 7.052: [CMS-concurrent-sweep-start]
2024-07-28T16:42:58.684+0800: 7.054: [CMS-concurrent-sweep: 0.002/0.002 secs] [Times: user=0.00 sys=0.00, real=0.00 secs] 
2024-07-28T16:42:58.685+0800: 7.054: [CMS-concurrent-reset-start]
2024-07-28T16:42:58.686+0800: 7.055: [CMS-concurrent-reset: 0.001/0.001 secs] [Times: user=0.00 sys=0.00, real=0.00 secs] 
2024-07-28T16:42:58.688+0800: 7.057: Application time: 0.0047655 seconds
2024-07-28T16:42:58.688+0800: 7.057: [GC (Allocation Failure) 2024-07-28T16:42:58.688+0800: 7.057: [ParNew: 77168K->8192K(78656K), 0.0117762 secs] 248830K->248463K(535432K), 0.0118223 secs] [Times: user=0.03 sys=0.00, real=0.01 secs] 
2024-07-28T16:42:58.700+0800: 7.069: Total time for which application threads were stopped: 0.0119281 seconds, Stopping threads took: 0.0000118 seconds
2024-07-28T16:42:58.700+0800: 7.069: Application time: 0.0001050 seconds
2024-07-28T16:42:58.700+0800: 7.069: [GC (CMS Initial Mark) [1 CMS-initial-mark: 240271K(456776K)] 251902K(535432K), 0.0007591 secs] [Times: user=0.00 sys=0.00, real=0.00 secs] 
2024-07-28T16:42:58.701+0800: 7.070: Total time for which application threads were stopped: 0.0009450 seconds, Stopping threads took: 0.0001378 seconds
2024-07-28T16:42:58.701+0800: 7.070: [CMS-concurrent-mark-start]
2024-07-28T16:42:58.702+0800: 7.071: [CMS-concurrent-mark: 0.001/0.001 secs] [Times: user=0.00 sys=0.00, real=0.00 secs] 
2024-07-28T16:42:58.702+0800: 7.071: [CMS-concurrent-preclean-start]
2024-07-28T16:42:58.702+0800: 7.071: [CMS-concurrent-preclean: 0.001/0.001 secs] [Times: user=0.00 sys=0.00, real=0.00 secs] 
2024-07-28T16:42:58.702+0800: 7.071: [CMS-concurrent-abortable-preclean-start]
2024-07-28T16:42:58.821+0800: 7.190: Application time: 0.1199836 seconds
2024-07-28T16:42:58.821+0800: 7.190: [GC (Allocation Failure) 2024-07-28T16:42:58.821+0800: 7.190: [ParNew: 77168K->8204K(78656K), 0.0125483 secs] 317439K->317084K(535432K), 0.0126057 secs] [Times: user=0.03 sys=0.00, real=0.01 secs] 
2024-07-28T16:42:58.833+0800: 7.202: Total time for which application threads were stopped: 0.0127272 seconds, Stopping threads took: 0.0000264 seconds
2024-07-28T16:42:58.940+0800: 7.309: Application time: 0.1070697 seconds
2024-07-28T16:42:58.940+0800: 7.309: [GC (Allocation Failure) 2024-07-28T16:42:58.940+0800: 7.309: [ParNew: 77180K->8192K(78656K), 0.0048725 secs] 386060K->335504K(535432K), 0.0049316 secs] [Times: user=0.03 sys=0.00, real=0.00 secs] 
2024-07-28T16:42:58.945+0800: 7.314: Total time for which application threads were stopped: 0.0050577 seconds, Stopping threads took: 0.0000205 seconds
2024-07-28T16:42:58.945+0800: 7.315: [CMS-concurrent-abortable-preclean: 0.006/0.243 secs] [Times: user=0.09 sys=0.00, real=0.24 secs] 
2024-07-28T16:42:58.945+0800: 7.315: Application time: 0.0003709 seconds
2024-07-28T16:42:58.945+0800: 7.315: [GC (CMS Final Remark) [YG occupancy: 13679 K (78656 K)]2024-07-28T16:42:58.945+0800: 7.315: [Rescan (parallel) , 0.0005812 secs]2024-07-28T16:42:58.946+0800: 7.316: [weak refs processing, 0.0000130 secs]2024-07-28T16:42:58.946+0800: 7.316: [class unloading, 0.0001771 secs]2024-07-28T16:42:58.946+0800: 7.316: [scrub symbol table, 0.0003478 secs]2024-07-28T16:42:58.947+0800: 7.316: [scrub string table, 0.0001009 secs][1 CMS-remark: 327312K(456776K)] 340992K(535432K), 0.0012860 secs] [Times: user=0.00 sys=0.00, real=0.00 secs] 
2024-07-28T16:42:58.947+0800: 7.316: Total time for which application threads were stopped: 0.0014752 seconds, Stopping threads took: 0.0001354 seconds
2024-07-28T16:42:58.947+0800: 7.316: [CMS-concurrent-sweep-start]
2024-07-28T16:42:58.948+0800: 7.318: [CMS-concurrent-sweep: 0.001/0.001 secs] [Times: user=0.00 sys=0.00, real=0.00 secs] 
2024-07-28T16:42:58.948+0800: 7.318: [CMS-concurrent-reset-start]
2024-07-28T16:42:58.949+0800: 7.319: [CMS-concurrent-reset: 0.001/0.001 secs] [Times: user=0.00 sys=0.00, real=0.00 secs] 
2024-07-28T16:42:58.951+0800: 7.321: Application time: 0.0046616 seconds
2024-07-28T16:42:58.952+0800: 7.321: [GC (Allocation Failure) 2024-07-28T16:42:58.952+0800: 7.321: [ParNew: 77168K->8192K(78656K), 0.0125684 secs] 250879K->250511K(535432K), 0.0126285 secs] [Times: user=0.03 sys=0.00, real=0.01 secs] 
2024-07-28T16:42:58.964+0800: 7.334: Total time for which application threads were stopped: 0.0127358 seconds, Stopping threads took: 0.0000125 seconds
2024-07-28T16:42:58.964+0800: 7.334: Application time: 0.0001695 seconds
2024-07-28T16:42:58.964+0800: 7.334: [GC (CMS Initial Mark) [1 CMS-initial-mark: 242319K(456776K)] 253951K(535432K), 0.0004617 secs] [Times: user=0.00 sys=0.00, real=0.00 secs] 
2024-07-28T16:42:58.965+0800: 7.334: Total time for which application threads were stopped: 0.0005661 seconds, Stopping threads took: 0.0000603 seconds
2024-07-28T16:42:58.965+0800: 7.335: [CMS-concurrent-mark-start]
2024-07-28T16:42:58.966+0800: 7.336: [CMS-concurrent-mark: 0.001/0.001 secs] [Times: user=0.00 sys=0.00, real=0.00 secs] 
2024-07-28T16:42:58.966+0800: 7.336: [CMS-concurrent-preclean-start]
2024-07-28T16:42:58.967+0800: 7.336: [CMS-concurrent-preclean: 0.001/0.001 secs] [Times: user=0.00 sys=0.00, real=0.00 secs] 
2024-07-28T16:42:58.967+0800: 7.336: [CMS-concurrent-abortable-preclean-start]
2024-07-28T16:42:59.084+0800: 7.453: Application time: 0.1188942 seconds
2024-07-28T16:42:59.084+0800: 7.453: [GC (Allocation Failure) 2024-07-28T16:42:59.084+0800: 7.453: [ParNew: 77168K->8192K(78656K), 0.0119494 secs] 319488K->319120K(535432K), 0.0120082 secs] [Times: user=0.00 sys=0.00, real=0.01 secs] 
2024-07-28T16:42:59.096+0800: 7.465: Total time for which application threads were stopped: 0.0121275 seconds, Stopping threads took: 0.0000200 seconds
2024-07-28T16:42:59.206+0800: 7.575: Application time: 0.1100297 seconds
2024-07-28T16:42:59.206+0800: 7.576: [GC (Allocation Failure) 2024-07-28T16:42:59.206+0800: 7.576: [ParNew: 77168K->8192K(78656K), 0.0051947 secs] 388097K->338577K(535432K), 0.0052528 secs] [Times: user=0.03 sys=0.00, real=0.00 secs] 
2024-07-28T16:42:59.211+0800: 7.581: Total time for which application threads were stopped: 0.0053640 seconds, Stopping threads took: 0.0000199 seconds
2024-07-28T16:42:59.212+0800: 7.581: [CMS-concurrent-abortable-preclean: 0.005/0.244 secs] [Times: user=0.08 sys=0.00, real=0.24 secs] 
2024-07-28T16:42:59.212+0800: 7.581: Application time: 0.0003068 seconds
2024-07-28T16:42:59.212+0800: 7.581: [GC (CMS Final Remark) [YG occupancy: 12655 K (78656 K)]2024-07-28T16:42:59.212+0800: 7.581: [Rescan (parallel) , 0.0010038 secs]2024-07-28T16:42:59.213+0800: 7.582: [weak refs processing, 0.0000135 secs]2024-07-28T16:42:59.213+0800: 7.582: [class unloading, 0.0001885 secs]2024-07-28T16:42:59.213+0800: 7.583: [scrub symbol table, 0.0003301 secs]2024-07-28T16:42:59.213+0800: 7.583: [scrub string table, 0.0001066 secs][1 CMS-remark: 330384K(456776K)] 343040K(535432K), 0.0017065 secs] [Times: user=0.00 sys=0.00, real=0.00 secs] 
2024-07-28T16:42:59.214+0800: 7.583: Total time for which application threads were stopped: 0.0018743 seconds, Stopping threads took: 0.0001316 seconds
2024-07-28T16:42:59.214+0800: 7.583: [CMS-concurrent-sweep-start]
2024-07-28T16:42:59.215+0800: 7.585: [CMS-concurrent-sweep: 0.002/0.002 secs] [Times: user=0.00 sys=0.00, real=0.00 secs] 
2024-07-28T16:42:59.215+0800: 7.585: [CMS-concurrent-reset-start]
2024-07-28T16:42:59.217+0800: 7.586: [CMS-concurrent-reset: 0.001/0.001 secs] [Times: user=0.00 sys=0.00, real=0.00 secs] 
2024-07-28T16:42:59.218+0800: 7.588: Application time: 0.0047168 seconds
2024-07-28T16:42:59.218+0800: 7.588: [GC (Allocation Failure) 2024-07-28T16:42:59.218+0800: 7.588: [ParNew: 77168K->8192K(78656K), 0.0118853 secs] 252927K->252559K(535432K), 0.0119443 secs] [Times: user=0.03 sys=0.00, real=0.01 secs] 
2024-07-28T16:42:59.230+0800: 7.600: Total time for which application threads were stopped: 0.0120400 seconds, Stopping threads took: 0.0000124 seconds
2024-07-28T16:42:59.231+0800: 7.600: Application time: 0.0001288 seconds
2024-07-28T16:42:59.231+0800: 7.600: [GC (CMS Initial Mark) [1 CMS-initial-mark: 244367K(456776K)] 255999K(535432K), 0.0008617 secs] [Times: user=0.00 sys=0.00, real=0.00 secs] 
2024-07-28T16:42:59.232+0800: 7.601: Total time for which application threads were stopped: 0.0010339 seconds, Stopping threads took: 0.0001302 seconds
2024-07-28T16:42:59.232+0800: 7.601: [CMS-concurrent-mark-start]
2024-07-28T16:42:59.233+0800: 7.602: [CMS-concurrent-mark: 0.001/0.001 secs] [Times: user=0.00 sys=0.00, real=0.00 secs] 
2024-07-28T16:42:59.233+0800: 7.602: [CMS-concurrent-preclean-start]
2024-07-28T16:42:59.233+0800: 7.603: [CMS-concurrent-preclean: 0.001/0.001 secs] [Times: user=0.00 sys=0.00, real=0.00 secs] 
2024-07-28T16:42:59.233+0800: 7.603: [CMS-concurrent-abortable-preclean-start]
2024-07-28T16:42:59.349+0800: 7.718: Application time: 0.1173285 seconds
2024-07-28T16:42:59.349+0800: 7.718: [GC (Allocation Failure) 2024-07-28T16:42:59.349+0800: 7.718: [ParNew: 77168K->8192K(78656K), 0.0119023 secs] 321536K->321168K(535432K), 0.0119753 secs] [Times: user=0.00 sys=0.00, real=0.01 secs] 
2024-07-28T16:42:59.362+0800: 7.730: Total time for which application threads were stopped: 0.0120884 seconds, Stopping threads took: 0.0000196 seconds
2024-07-28T16:42:59.471+0800: 7.840: Application time: 0.1099934 seconds
2024-07-28T16:42:59.471+0800: 7.840: [GC (Allocation Failure) 2024-07-28T16:42:59.471+0800: 7.840: [ParNew: 77168K->8192K(78656K), 0.0050314 secs] 390145K->341649K(535432K), 0.0050910 secs] [Times: user=0.03 sys=0.00, real=0.01 secs] 
2024-07-28T16:42:59.476+0800: 7.846: Total time for which application threads were stopped: 0.0052279 seconds, Stopping threads took: 0.0000199 seconds
2024-07-28T16:42:59.476+0800: 7.846: [CMS-concurrent-abortable-preclean: 0.006/0.243 secs] [Times: user=0.05 sys=0.00, real=0.24 secs] 
2024-07-28T16:42:59.477+0800: 7.846: Application time: 0.0003169 seconds
2024-07-28T16:42:59.477+0800: 7.846: [GC (CMS Final Remark) [YG occupancy: 13679 K (78656 K)]2024-07-28T16:42:59.477+0800: 7.846: [Rescan (parallel) , 0.0009638 secs]2024-07-28T16:42:59.478+0800: 7.847: [weak refs processing, 0.0000127 secs]2024-07-28T16:42:59.478+0800: 7.847: [class unloading, 0.0001750 secs]2024-07-28T16:42:59.478+0800: 7.847: [scrub symbol table, 0.0003402 secs]2024-07-28T16:42:59.478+0800: 7.848: [scrub string table, 0.0001007 secs][1 CMS-remark: 333456K(456776K)] 347136K(535432K), 0.0016664 secs] [Times: user=0.00 sys=0.00, real=0.00 secs] 
2024-07-28T16:42:59.478+0800: 7.848: Total time for which application threads were stopped: 0.0017796 seconds, Stopping threads took: 0.0000775 seconds
2024-07-28T16:42:59.479+0800: 7.848: [CMS-concurrent-sweep-start]
2024-07-28T16:42:59.480+0800: 7.849: [CMS-concurrent-sweep: 0.001/0.001 secs] [Times: user=0.00 sys=0.00, real=0.00 secs] 
2024-07-28T16:42:59.480+0800: 7.849: [CMS-concurrent-reset-start]
2024-07-28T16:42:59.482+0800: 7.851: [CMS-concurrent-reset: 0.001/0.001 secs] [Times: user=0.00 sys=0.00, real=0.00 secs] 
2024-07-28T16:42:59.483+0800: 7.853: Application time: 0.0048633 seconds
2024-07-28T16:42:59.483+0800: 7.853: [GC (Allocation Failure) 2024-07-28T16:42:59.483+0800: 7.853: [ParNew: 77168K->8192K(78656K), 0.0119406 secs] 254975K->254607K(535432K), 0.0119884 secs] [Times: user=0.03 sys=0.00, real=0.01 secs] 
2024-07-28T16:42:59.495+0800: 7.865: Total time for which application threads were stopped: 0.0120870 seconds, Stopping threads took: 0.0000132 seconds
2024-07-28T16:42:59.496+0800: 7.865: Application time: 0.0001347 seconds
2024-07-28T16:42:59.496+0800: 7.865: [GC (CMS Initial Mark) [1 CMS-initial-mark: 246415K(456776K)] 258047K(535432K), 0.0007032 secs] [Times: user=0.00 sys=0.00, real=0.00 secs] 
2024-07-28T16:42:59.496+0800: 7.866: Total time for which application threads were stopped: 0.0008791 seconds, Stopping threads took: 0.0001293 seconds
2024-07-28T16:42:59.496+0800: 7.866: [CMS-concurrent-mark-start]
2024-07-28T16:42:59.498+0800: 7.867: [CMS-concurrent-mark: 0.001/0.001 secs] [Times: user=0.00 sys=0.00, real=0.00 secs] 
2024-07-28T16:42:59.498+0800: 7.867: [CMS-concurrent-preclean-start]
2024-07-28T16:42:59.498+0800: 7.867: [CMS-concurrent-preclean: 0.001/0.001 secs] [Times: user=0.00 sys=0.00, real=0.00 secs] 
2024-07-28T16:42:59.498+0800: 7.867: [CMS-concurrent-abortable-preclean-start]
2024-07-28T16:42:59.614+0800: 7.983: Application time: 0.1176168 seconds
2024-07-28T16:42:59.614+0800: 7.983: [GC (Allocation Failure) 2024-07-28T16:42:59.614+0800: 7.983: [ParNew: 77168K->8192K(78656K), 0.0114353 secs] 323584K->323216K(535432K), 0.0115228 secs] [Times: user=0.00 sys=0.00, real=0.01 secs] 
2024-07-28T16:42:59.626+0800: 7.995: Total time for which application threads were stopped: 0.0116494 seconds, Stopping threads took: 0.0000198 seconds
2024-07-28T16:42:59.739+0800: 8.108: Application time: 0.1131951 seconds
2024-07-28T16:42:59.739+0800: 8.108: [GC (Allocation Failure) 2024-07-28T16:42:59.739+0800: 8.108: [ParNew: 77168K->8192K(78656K), 0.0052967 secs] 392193K->344721K(535432K), 0.0053548 secs] [Times: user=0.00 sys=0.00, real=0.01 secs] 
2024-07-28T16:42:59.745+0800: 8.114: Total time for which application threads were stopped: 0.0054688 seconds, Stopping threads took: 0.0000194 seconds
2024-07-28T16:42:59.745+0800: 8.114: [CMS-concurrent-abortable-preclean: 0.005/0.246 secs] [Times: user=0.03 sys=0.00, real=0.25 secs] 
2024-07-28T16:42:59.745+0800: 8.114: Application time: 0.0003519 seconds
2024-07-28T16:42:59.745+0800: 8.114: [GC (CMS Final Remark) [YG occupancy: 14703 K (78656 K)]2024-07-28T16:42:59.745+0800: 8.114: [Rescan (parallel) , 0.0009520 secs]2024-07-28T16:42:59.746+0800: 8.115: [weak refs processing, 0.0000126 secs]2024-07-28T16:42:59.746+0800: 8.115: [class unloading, 0.0001896 secs]2024-07-28T16:42:59.746+0800: 8.115: [scrub symbol table, 0.0003488 secs]2024-07-28T16:42:59.747+0800: 8.116: [scrub string table, 0.0001057 secs][1 CMS-remark: 336528K(456776K)] 351232K(535432K), 0.0016739 secs] [Times: user=0.00 sys=0.00, real=0.00 secs] 
2024-07-28T16:42:59.747+0800: 8.116: Total time for which application threads were stopped: 0.0017967 seconds, Stopping threads took: 0.0000796 seconds
2024-07-28T16:42:59.747+0800: 8.116: [CMS-concurrent-sweep-start]
2024-07-28T16:42:59.748+0800: 8.117: [CMS-concurrent-sweep: 0.001/0.001 secs] [Times: user=0.00 sys=0.00, real=0.00 secs] 
2024-07-28T16:42:59.748+0800: 8.117: [CMS-concurrent-reset-start]
2024-07-28T16:42:59.750+0800: 8.119: [CMS-concurrent-reset: 0.001/0.001 secs] [Times: user=0.00 sys=0.00, real=0.00 secs] 
2024-07-28T16:42:59.751+0800: 8.120: Application time: 0.0046238 seconds
2024-07-28T16:42:59.751+0800: 8.120: [GC (Allocation Failure) 2024-07-28T16:42:59.751+0800: 8.120: [ParNew: 77168K->8192K(78656K), 0.0119470 secs] 257023K->256655K(535432K), 0.0119942 secs] [Times: user=0.03 sys=0.00, real=0.01 secs] 
2024-07-28T16:42:59.763+0800: 8.133: Total time for which application threads were stopped: 0.0120905 seconds, Stopping threads took: 0.0000133 seconds
2024-07-28T16:42:59.764+0800: 8.133: Application time: 0.0001732 seconds
2024-07-28T16:42:59.764+0800: 8.133: [GC (CMS Initial Mark) [1 CMS-initial-mark: 248463K(456776K)] 260095K(535432K), 0.0008400 secs] [Times: user=0.00 sys=0.00, real=0.00 secs] 
2024-07-28T16:42:59.765+0800: 8.134: Total time for which application threads were stopped: 0.0010354 seconds, Stopping threads took: 0.0001521 seconds
2024-07-28T16:42:59.765+0800: 8.134: [CMS-concurrent-mark-start]
2024-07-28T16:42:59.766+0800: 8.135: [CMS-concurrent-mark: 0.001/0.001 secs] [Times: user=0.00 sys=0.00, real=0.00 secs] 
2024-07-28T16:42:59.766+0800: 8.135: [CMS-concurrent-preclean-start]
2024-07-28T16:42:59.766+0800: 8.135: [CMS-concurrent-preclean: 0.001/0.001 secs] [Times: user=0.00 sys=0.00, real=0.00 secs] 
2024-07-28T16:42:59.766+0800: 8.135: [CMS-concurrent-abortable-preclean-start]
2024-07-28T16:42:59.882+0800: 8.252: Application time: 0.1180301 seconds
2024-07-28T16:42:59.882+0800: 8.252: [GC (Allocation Failure) 2024-07-28T16:42:59.882+0800: 8.252: [ParNew: 77168K->8192K(78656K), 0.0119677 secs] 325632K->325264K(535432K), 0.0120279 secs] [Times: user=0.00 sys=0.00, real=0.01 secs] 
2024-07-28T16:42:59.894+0800: 8.264: Total time for which application threads were stopped: 0.0121379 seconds, Stopping threads took: 0.0000194 seconds
2024-07-28T16:43:00.007+0800: 8.376: Application time: 0.1117428 seconds
2024-07-28T16:43:00.007+0800: 8.376: [GC (Allocation Failure) 2024-07-28T16:43:00.007+0800: 8.376: [ParNew: 77168K->8192K(78656K), 0.0083829 secs] 394241K->347793K(535432K), 0.0084638 secs] [Times: user=0.00 sys=0.00, real=0.01 secs] 
2024-07-28T16:43:00.015+0800: 8.384: Total time for which application threads were stopped: 0.0086038 seconds, Stopping threads took: 0.0000301 seconds
2024-07-28T16:43:00.015+0800: 8.384: [CMS-concurrent-abortable-preclean: 0.005/0.249 secs] [Times: user=0.06 sys=0.00, real=0.25 secs] 
2024-07-28T16:43:00.015+0800: 8.385: Application time: 0.0002676 seconds
2024-07-28T16:43:00.016+0800: 8.385: [GC (CMS Final Remark) [YG occupancy: 11631 K (78656 K)]2024-07-28T16:43:00.016+0800: 8.385: [Rescan (parallel) , 0.0004658 secs]2024-07-28T16:43:00.016+0800: 8.385: [weak refs processing, 0.0000132 secs]2024-07-28T16:43:00.016+0800: 8.385: [class unloading, 0.0002044 secs]2024-07-28T16:43:00.016+0800: 8.385: [scrub symbol table, 0.0003839 secs]2024-07-28T16:43:00.017+0800: 8.386: [scrub string table, 0.0001156 secs][1 CMS-remark: 339601K(456776K)] 351232K(535432K), 0.0012519 secs] [Times: user=0.00 sys=0.00, real=0.00 secs] 
2024-07-28T16:43:00.017+0800: 8.386: Total time for which application threads were stopped: 0.0013570 seconds, Stopping threads took: 0.0000637 seconds
2024-07-28T16:43:00.017+0800: 8.386: [CMS-concurrent-sweep-start]
2024-07-28T16:43:00.018+0800: 8.387: [CMS-concurrent-sweep: 0.001/0.001 secs] [Times: user=0.00 sys=0.00, real=0.00 secs] 
2024-07-28T16:43:00.018+0800: 8.387: [CMS-concurrent-reset-start]
2024-07-28T16:43:00.020+0800: 8.389: [CMS-concurrent-reset: 0.001/0.001 secs] [Times: user=0.00 sys=0.00, real=0.00 secs] 
2024-07-28T16:43:00.023+0800: 8.392: Application time: 0.0056929 seconds
2024-07-28T16:43:00.023+0800: 8.392: [GC (Allocation Failure) 2024-07-28T16:43:00.023+0800: 8.392: [ParNew: 77168K->8192K(78656K), 0.0137710 secs] 259071K->258703K(535432K), 0.0138239 secs] [Times: user=0.00 sys=0.00, real=0.01 secs] 
2024-07-28T16:43:00.036+0800: 8.406: Total time for which application threads were stopped: 0.0139324 seconds, Stopping threads took: 0.0000189 seconds
2024-07-28T16:43:00.036+0800: 8.406: Application time: 0.0002127 seconds
2024-07-28T16:43:00.036+0800: 8.406: [GC (CMS Initial Mark) [1 CMS-initial-mark: 250511K(456776K)] 262143K(535432K), 0.0007946 secs] [Times: user=0.00 sys=0.00, real=0.00 secs] 
2024-07-28T16:43:00.037+0800: 8.407: Total time for which application threads were stopped: 0.0009190 seconds, Stopping threads took: 0.0000835 seconds
2024-07-28T16:43:00.037+0800: 8.407: [CMS-concurrent-mark-start]
2024-07-28T16:43:00.038+0800: 8.408: [CMS-concurrent-mark: 0.001/0.001 secs] [Times: user=0.00 sys=0.00, real=0.00 secs] 
2024-07-28T16:43:00.038+0800: 8.408: [CMS-concurrent-preclean-start]
2024-07-28T16:43:00.039+0800: 8.408: [CMS-concurrent-preclean: 0.001/0.001 secs] [Times: user=0.00 sys=0.00, real=0.00 secs] 
2024-07-28T16:43:00.039+0800: 8.408: [CMS-concurrent-abortable-preclean-start]
2024-07-28T16:43:00.149+0800: 8.518: Application time: 0.1116964 seconds
2024-07-28T16:43:00.149+0800: 8.518: [GC (Allocation Failure) 2024-07-28T16:43:00.149+0800: 8.518: [ParNew: 77168K->8192K(78656K), 0.0123466 secs] 327680K->327312K(535432K), 0.0124076 secs] [Times: user=0.03 sys=0.00, real=0.01 secs] 
2024-07-28T16:43:00.162+0800: 8.531: Total time for which application threads were stopped: 0.0125200 seconds, Stopping threads took: 0.0000182 seconds
2024-07-28T16:43:00.270+0800: 8.639: Application time: 0.1082004 seconds
2024-07-28T16:43:00.270+0800: 8.639: [GC (Allocation Failure) 2024-07-28T16:43:00.270+0800: 8.639: [ParNew: 77543K->8196K(78656K), 0.0053927 secs] 396664K->349845K(535432K), 0.0054626 secs] [Times: user=0.05 sys=0.00, real=0.01 secs] 
2024-07-28T16:43:00.276+0800: 8.645: Total time for which application threads were stopped: 0.0055704 seconds, Stopping threads took: 0.0000178 seconds
2024-07-28T16:43:00.276+0800: 8.645: [CMS-concurrent-abortable-preclean: 0.005/0.236 secs] [Times: user=0.11 sys=0.00, real=0.24 secs] 
2024-07-28T16:43:00.276+0800: 8.645: Application time: 0.0003045 seconds
2024-07-28T16:43:00.276+0800: 8.645: [GC (CMS Final Remark) [YG occupancy: 12649 K (78656 K)]2024-07-28T16:43:00.276+0800: 8.645: [Rescan (parallel) , 0.0007429 secs]2024-07-28T16:43:00.277+0800: 8.646: [weak refs processing, 0.0000132 secs]2024-07-28T16:43:00.277+0800: 8.646: [class unloading, 0.0001847 secs]2024-07-28T16:43:00.277+0800: 8.646: [scrub symbol table, 0.0003149 secs]2024-07-28T16:43:00.278+0800: 8.646: [scrub string table, 0.0000920 secs][1 CMS-remark: 341649K(456776K)] 354299K(535432K), 0.0014115 secs] [Times: user=0.00 sys=0.00, real=0.00 secs] 
2024-07-28T16:43:00.278+0800: 8.647: Total time for which application threads were stopped: 0.0015859 seconds, Stopping threads took: 0.0001375 seconds
2024-07-28T16:43:00.278+0800: 8.647: [CMS-concurrent-sweep-start]
2024-07-28T16:43:00.279+0800: 8.648: [CMS-concurrent-sweep: 0.001/0.001 secs] [Times: user=0.00 sys=0.00, real=0.00 secs] 
2024-07-28T16:43:00.279+0800: 8.648: [CMS-concurrent-reset-start]
2024-07-28T16:43:00.280+0800: 8.649: [CMS-concurrent-reset: 0.001/0.001 secs] [Times: user=0.00 sys=0.00, real=0.00 secs] 
2024-07-28T16:43:00.283+0800: 8.651: Application time: 0.0048616 seconds
2024-07-28T16:43:00.283+0800: 8.651: [GC (Allocation Failure) 2024-07-28T16:43:00.283+0800: 8.651: [ParNew: 77162K->8192K(78656K), 0.0118535 secs] 260089K->259727K(535432K), 0.0119090 secs] [Times: user=0.03 sys=0.00, real=0.01 secs] 
2024-07-28T16:43:00.295+0800: 8.663: Total time for which application threads were stopped: 0.0120142 seconds, Stopping threads took: 0.0000128 seconds
2024-07-28T16:43:00.295+0800: 8.664: Application time: 0.0002135 seconds
2024-07-28T16:43:00.295+0800: 8.664: [GC (CMS Initial Mark) [1 CMS-initial-mark: 251535K(456776K)] 263161K(535432K), 0.0007472 secs] [Times: user=0.00 sys=0.00, real=0.00 secs] 
2024-07-28T16:43:00.296+0800: 8.665: Total time for which application threads were stopped: 0.0009574 seconds, Stopping threads took: 0.0001684 seconds
2024-07-28T16:43:00.296+0800: 8.665: [CMS-concurrent-mark-start]
2024-07-28T16:43:00.297+0800: 8.666: [CMS-concurrent-mark: 0.001/0.001 secs] [Times: user=0.00 sys=0.00, real=0.00 secs] 
2024-07-28T16:43:00.297+0800: 8.666: [CMS-concurrent-preclean-start]
2024-07-28T16:43:00.297+0800: 8.666: [CMS-concurrent-preclean: 0.001/0.001 secs] [Times: user=0.00 sys=0.00, real=0.00 secs] 
2024-07-28T16:43:00.297+0800: 8.666: [CMS-concurrent-abortable-preclean-start]
2024-07-28T16:43:00.412+0800: 8.781: Application time: 0.1161521 seconds
2024-07-28T16:43:00.412+0800: 8.781: [GC (Allocation Failure) 2024-07-28T16:43:00.412+0800: 8.781: [ParNew: 77162K->8192K(78656K), 0.0122423 secs] 328698K->328336K(535432K), 0.0123004 secs] [Times: user=0.00 sys=0.00, real=0.01 secs] 
2024-07-28T16:43:00.424+0800: 8.793: Total time for which application threads were stopped: 0.0124077 seconds, Stopping threads took: 0.0000197 seconds
2024-07-28T16:43:00.534+0800: 8.904: Application time: 0.1107742 seconds
2024-07-28T16:43:00.534+0800: 8.904: [GC (Allocation Failure) 2024-07-28T16:43:00.534+0800: 8.904: [ParNew: 77164K->8192K(78656K), 0.0067252 secs] 397309K->351889K(535432K), 0.0067899 secs] [Times: user=0.03 sys=0.00, real=0.01 secs] 
2024-07-28T16:43:00.541+0800: 8.911: Total time for which application threads were stopped: 0.0069445 seconds, Stopping threads took: 0.0000193 seconds
2024-07-28T16:43:00.541+0800: 8.911: [CMS-concurrent-abortable-preclean: 0.005/0.245 secs] [Times: user=0.06 sys=0.00, real=0.24 secs] 
2024-07-28T16:43:00.541+0800: 8.911: Application time: 0.0002170 seconds
2024-07-28T16:43:00.542+0800: 8.911: [GC (CMS Final Remark) [YG occupancy: 11629 K (78656 K)]2024-07-28T16:43:00.542+0800: 8.911: [Rescan (parallel) , 0.0005683 secs]2024-07-28T16:43:00.542+0800: 8.912: [weak refs processing, 0.0000219 secs]2024-07-28T16:43:00.542+0800: 8.912: [class unloading, 0.0002158 secs]2024-07-28T16:43:00.542+0800: 8.912: [scrub symbol table, 0.0003939 secs]2024-07-28T16:43:00.543+0800: 8.912: [scrub string table, 0.0001060 secs][1 CMS-remark: 343697K(456776K)] 355326K(535432K), 0.0013980 secs] [Times: user=0.00 sys=0.00, real=0.00 secs] 
2024-07-28T16:43:00.543+0800: 8.913: Total time for which application threads were stopped: 0.0015374 seconds, Stopping threads took: 0.0000935 seconds
2024-07-28T16:43:00.543+0800: 8.913: [CMS-concurrent-sweep-start]
2024-07-28T16:43:00.544+0800: 8.914: [CMS-concurrent-sweep: 0.001/0.001 secs] [Times: user=0.00 sys=0.00, real=0.00 secs] 
2024-07-28T16:43:00.544+0800: 8.914: [CMS-concurrent-reset-start]
2024-07-28T16:43:00.546+0800: 8.915: [CMS-concurrent-reset: 0.001/0.001 secs] [Times: user=0.00 sys=0.00, real=0.00 secs] 
2024-07-28T16:43:00.549+0800: 8.918: Application time: 0.0055540 seconds
2024-07-28T16:43:00.549+0800: 8.918: [GC (Allocation Failure) 2024-07-28T16:43:00.549+0800: 8.918: [ParNew: 77166K->8192K(78656K), 0.0130025 secs] 261116K->260751K(535432K), 0.0130539 secs] [Times: user=0.03 sys=0.00, real=0.01 secs] 
2024-07-28T16:43:00.562+0800: 8.931: Total time for which application threads were stopped: 0.0131751 seconds, Stopping threads took: 0.0000207 seconds
2024-07-28T16:43:00.562+0800: 8.932: Application time: 0.0001244 seconds
2024-07-28T16:43:00.562+0800: 8.932: [GC (CMS Initial Mark) [1 CMS-initial-mark: 252559K(456776K)] 261775K(535432K), 0.0004682 secs] [Times: user=0.00 sys=0.00, real=0.00 secs] 
2024-07-28T16:43:00.562+0800: 8.932: Total time for which application threads were stopped: 0.0006131 seconds, Stopping threads took: 0.0000989 seconds
2024-07-28T16:43:00.563+0800: 8.932: [CMS-concurrent-mark-start]
2024-07-28T16:43:00.563+0800: 8.933: [CMS-concurrent-mark: 0.001/0.001 secs] [Times: user=0.00 sys=0.00, real=0.00 secs] 
2024-07-28T16:43:00.563+0800: 8.933: [CMS-concurrent-preclean-start]
2024-07-28T16:43:00.564+0800: 8.934: [CMS-concurrent-preclean: 0.001/0.001 secs] [Times: user=0.00 sys=0.00, real=0.00 secs] 
2024-07-28T16:43:00.564+0800: 8.934: [CMS-concurrent-abortable-preclean-start]
2024-07-28T16:43:00.677+0800: 9.047: Application time: 0.1148544 seconds
2024-07-28T16:43:00.677+0800: 9.047: [GC (Allocation Failure) 2024-07-28T16:43:00.677+0800: 9.047: [ParNew: 77167K->8192K(78656K), 0.0120817 secs] 329726K->329360K(535432K), 0.0121564 secs] [Times: user=0.00 sys=0.00, real=0.01 secs] 
2024-07-28T16:43:00.690+0800: 9.059: Total time for which application threads were stopped: 0.0122701 seconds, Stopping threads took: 0.0000216 seconds
2024-07-28T16:43:00.801+0800: 9.171: Application time: 0.1115629 seconds
2024-07-28T16:43:00.801+0800: 9.171: [GC (Allocation Failure) 2024-07-28T16:43:00.801+0800: 9.171: [ParNew: 77167K->8192K(78656K), 0.0056415 secs] 398336K->353937K(535432K), 0.0057012 secs] [Times: user=0.00 sys=0.00, real=0.01 secs] 
2024-07-28T16:43:00.807+0800: 9.177: Total time for which application threads were stopped: 0.0058130 seconds, Stopping threads took: 0.0000205 seconds
2024-07-28T16:43:00.807+0800: 9.177: [CMS-concurrent-abortable-preclean: 0.006/0.243 secs] [Times: user=0.06 sys=0.00, real=0.24 secs] 
2024-07-28T16:43:00.807+0800: 9.177: Application time: 0.0003669 seconds
2024-07-28T16:43:00.807+0800: 9.177: [GC (CMS Final Remark) [YG occupancy: 14703 K (78656 K)]2024-07-28T16:43:00.807+0800: 9.177: [Rescan (parallel) , 0.0007726 secs]2024-07-28T16:43:00.808+0800: 9.178: [weak refs processing, 0.0000127 secs]2024-07-28T16:43:00.808+0800: 9.178: [class unloading, 0.0001856 secs]2024-07-28T16:43:00.809+0800: 9.178: [scrub symbol table, 0.0003609 secs]2024-07-28T16:43:00.809+0800: 9.178: [scrub string table, 0.0001138 secs][1 CMS-remark: 345745K(456776K)] 360448K(535432K), 0.0015131 secs] [Times: user=0.00 sys=0.00, real=0.00 secs] 
2024-07-28T16:43:00.809+0800: 9.179: Total time for which application threads were stopped: 0.0016243 seconds, Stopping threads took: 0.0000756 seconds
2024-07-28T16:43:00.809+0800: 9.179: [CMS-concurrent-sweep-start]
2024-07-28T16:43:00.811+0800: 9.180: [CMS-concurrent-sweep: 0.002/0.002 secs] [Times: user=0.00 sys=0.00, real=0.00 secs] 
2024-07-28T16:43:00.811+0800: 9.180: [CMS-concurrent-reset-start]
2024-07-28T16:43:00.812+0800: 9.182: [CMS-concurrent-reset: 0.001/0.001 secs] [Times: user=0.00 sys=0.00, real=0.00 secs] 
2024-07-28T16:43:00.814+0800: 9.184: Application time: 0.0049108 seconds
2024-07-28T16:43:00.814+0800: 9.184: [GC (Allocation Failure) 2024-07-28T16:43:00.814+0800: 9.184: [ParNew: 77168K->8192K(78656K), 0.0115565 secs] 263166K->262799K(535432K), 0.0116073 secs] [Times: user=0.03 sys=0.00, real=0.01 secs] 
2024-07-28T16:43:00.826+0800: 9.195: Total time for which application threads were stopped: 0.0117332 seconds, Stopping threads took: 0.0000247 seconds
2024-07-28T16:43:00.826+0800: 9.195: Application time: 0.0001759 seconds
2024-07-28T16:43:00.826+0800: 9.195: [GC (CMS Initial Mark) [1 CMS-initial-mark: 254607K(456776K)] 265215K(535432K), 0.0006623 secs] [Times: user=0.00 sys=0.00, real=0.00 secs] 
2024-07-28T16:43:00.827+0800: 9.196: Total time for which application threads were stopped: 0.0007327 seconds, Stopping threads took: 0.0000166 seconds
2024-07-28T16:43:00.827+0800: 9.196: [CMS-concurrent-mark-start]
2024-07-28T16:43:00.828+0800: 9.197: [CMS-concurrent-mark: 0.001/0.001 secs] [Times: user=0.00 sys=0.00, real=0.00 secs] 
2024-07-28T16:43:00.828+0800: 9.197: [CMS-concurrent-preclean-start]
2024-07-28T16:43:00.828+0800: 9.198: [CMS-concurrent-preclean: 0.001/0.001 secs] [Times: user=0.00 sys=0.00, real=0.00 secs] 
2024-07-28T16:43:00.828+0800: 9.198: [CMS-concurrent-abortable-preclean-start]
2024-07-28T16:43:00.942+0800: 9.312: Application time: 0.1154758 seconds
2024-07-28T16:43:00.942+0800: 9.312: [GC (Allocation Failure) 2024-07-28T16:43:00.943+0800: 9.312: [ParNew: 77168K->8192K(78656K), 0.0122439 secs] 331776K->331408K(535432K), 0.0123053 secs] [Times: user=0.00 sys=0.00, real=0.01 secs] 
2024-07-28T16:43:00.955+0800: 9.324: Total time for which application threads were stopped: 0.0124145 seconds, Stopping threads took: 0.0000193 seconds
2024-07-28T16:43:01.065+0800: 9.434: Application time: 0.1102080 seconds
2024-07-28T16:43:01.066+0800: 9.434: [GC (Allocation Failure) 2024-07-28T16:43:01.066+0800: 9.434: [ParNew: 77171K->8192K(78656K), 0.0058574 secs] 400387K->357009K(535432K), 0.0059194 secs] [Times: user=0.03 sys=0.00, real=0.01 secs] 
2024-07-28T16:43:01.072+0800: 9.440: Total time for which application threads were stopped: 0.0060375 seconds, Stopping threads took: 0.0000229 seconds
2024-07-28T16:43:01.072+0800: 9.440: [CMS-concurrent-abortable-preclean: 0.005/0.243 secs] [Times: user=0.05 sys=0.00, real=0.24 secs] 
2024-07-28T16:43:01.072+0800: 9.441: Application time: 0.0003818 seconds
2024-07-28T16:43:01.072+0800: 9.441: [GC (CMS Final Remark) [YG occupancy: 14698 K (78656 K)]2024-07-28T16:43:01.072+0800: 9.441: [Rescan (parallel) , 0.0010145 secs]2024-07-28T16:43:01.073+0800: 9.442: [weak refs processing, 0.0000130 secs]2024-07-28T16:43:01.073+0800: 9.442: [class unloading, 0.0001901 secs]2024-07-28T16:43:01.073+0800: 9.442: [scrub symbol table, 0.0003468 secs]2024-07-28T16:43:01.074+0800: 9.442: [scrub string table, 0.0001132 secs][1 CMS-remark: 348817K(456776K)] 363515K(535432K), 0.0017410 secs] [Times: user=0.00 sys=0.00, real=0.00 secs] 
2024-07-28T16:43:01.074+0800: 9.443: Total time for which application threads were stopped: 0.0018998 seconds, Stopping threads took: 0.0001177 seconds
2024-07-28T16:43:01.074+0800: 9.443: [CMS-concurrent-sweep-start]
2024-07-28T16:43:01.076+0800: 9.444: [CMS-concurrent-sweep: 0.002/0.002 secs] [Times: user=0.00 sys=0.00, real=0.00 secs] 
2024-07-28T16:43:01.076+0800: 9.444: [CMS-concurrent-reset-start]
2024-07-28T16:43:01.077+0800: 9.446: [CMS-concurrent-reset: 0.001/0.001 secs] [Times: user=0.00 sys=0.00, real=0.00 secs] 
2024-07-28T16:43:01.189+0800: 9.558: Application time: 0.1152763 seconds
2024-07-28T16:43:01.189+0800: 9.558: [GC (Allocation Failure) 2024-07-28T16:43:01.189+0800: 9.558: [ParNew: 77162K->8192K(78656K), 0.0119448 secs] 265209K->264847K(535432K), 0.0120111 secs] [Times: user=0.03 sys=0.00, real=0.01 secs] 
2024-07-28T16:43:01.201+0800: 9.570: Total time for which application threads were stopped: 0.0121661 seconds, Stopping threads took: 0.0000269 seconds
2024-07-28T16:43:01.201+0800: 9.570: Application time: 0.0002142 seconds
2024-07-28T16:43:01.202+0800: 9.570: [GC (CMS Initial Mark) [1 CMS-initial-mark: 256655K(456776K)] 268283K(535432K), 0.0008779 secs] [Times: user=0.00 sys=0.00, real=0.00 secs] 
2024-07-28T16:43:01.203+0800: 9.571: Total time for which application threads were stopped: 0.0010963 seconds, Stopping threads took: 0.0001724 seconds
2024-07-28T16:43:01.203+0800: 9.571: [CMS-concurrent-mark-start]
2024-07-28T16:43:01.207+0800: 9.575: [CMS-concurrent-mark: 0.004/0.004 secs] [Times: user=0.00 sys=0.00, real=0.00 secs] 
2024-07-28T16:43:01.207+0800: 9.575: [CMS-concurrent-preclean-start]
2024-07-28T16:43:01.208+0800: 9.577: [CMS-concurrent-preclean: 0.001/0.001 secs] [Times: user=0.02 sys=0.00, real=0.00 secs] 
2024-07-28T16:43:01.208+0800: 9.577: Application time: 0.0052781 seconds
2024-07-28T16:43:01.208+0800: 9.577: [GC (Allocation Failure) 2024-07-28T16:43:01.208+0800: 9.577: [ParNew: 77165K->8192K(78656K), 0.0122697 secs] 333820K->333457K(535432K), 0.0123186 secs] [Times: user=0.00 sys=0.00, real=0.01 secs] 
2024-07-28T16:43:01.220+0800: 9.589: Total time for which application threads were stopped: 0.0124176 seconds, Stopping threads took: 0.0000141 seconds
2024-07-28T16:43:01.221+0800: 9.589: Application time: 0.0003298 seconds
2024-07-28T16:43:01.221+0800: 9.590: [GC (CMS Final Remark) [YG occupancy: 12653 K (78656 K)]2024-07-28T16:43:01.221+0800: 9.590: [Rescan (parallel) , 0.0004055 secs]2024-07-28T16:43:01.221+0800: 9.590: [weak refs processing, 0.0000196 secs]2024-07-28T16:43:01.221+0800: 9.590: [class unloading, 0.0003087 secs]2024-07-28T16:43:01.222+0800: 9.590: [scrub symbol table, 0.0004362 secs]2024-07-28T16:43:01.222+0800: 9.591: [scrub string table, 0.0000939 secs][1 CMS-remark: 325264K(456776K)] 337918K(535432K), 0.0013802 secs] [Times: user=0.00 sys=0.00, real=0.00 secs] 
2024-07-28T16:43:01.222+0800: 9.591: Total time for which application threads were stopped: 0.0015251 seconds, Stopping threads took: 0.0000941 seconds
2024-07-28T16:43:01.222+0800: 9.591: [CMS-concurrent-sweep-start]
2024-07-28T16:43:01.224+0800: 9.593: [CMS-concurrent-sweep: 0.002/0.002 secs] [Times: user=0.03 sys=0.00, real=0.00 secs] 
2024-07-28T16:43:01.224+0800: 9.593: [CMS-concurrent-reset-start]
2024-07-28T16:43:01.225+0800: 9.594: [CMS-concurrent-reset: 0.001/0.001 secs] [Times: user=0.00 sys=0.00, real=0.00 secs] 
2024-07-28T16:43:01.333+0800: 9.703: Application time: 0.1115732 seconds
2024-07-28T16:43:01.333+0800: 9.703: [GC (Allocation Failure) 2024-07-28T16:43:01.333+0800: 9.703: [ParNew: 77166K->8192K(78656K), 0.0059816 secs] 240636K->198286K(535432K), 0.0060408 secs] [Times: user=0.00 sys=0.00, real=0.01 secs] 
2024-07-28T16:43:01.339+0800: 9.709: Total time for which application threads were stopped: 0.0061538 seconds, Stopping threads took: 0.0000195 seconds
2024-07-28T16:43:01.457+0800: 9.826: Application time: 0.1174602 seconds
2024-07-28T16:43:01.457+0800: 9.826: [GC (Allocation Failure) 2024-07-28T16:43:01.457+0800: 9.826: [ParNew: 77167K->8192K(78656K), 0.0120527 secs] 267262K->266896K(535432K), 0.0121409 secs] [Times: user=0.09 sys=0.00, real=0.01 secs] 
2024-07-28T16:43:01.469+0800: 9.838: Total time for which application threads were stopped: 0.0122906 seconds, Stopping threads took: 0.0000318 seconds
2024-07-28T16:43:01.470+0800: 9.839: Application time: 0.0001753 seconds
2024-07-28T16:43:01.470+0800: 9.839: [GC (CMS Initial Mark) [1 CMS-initial-mark: 258703K(456776K)] 270334K(535432K), 0.0007682 secs] [Times: user=0.00 sys=0.00, real=0.00 secs] 
2024-07-28T16:43:01.471+0800: 9.840: Total time for which application threads were stopped: 0.0009835 seconds, Stopping threads took: 0.0001728 seconds
2024-07-28T16:43:01.471+0800: 9.840: [CMS-concurrent-mark-start]
2024-07-28T16:43:01.474+0800: 9.843: [CMS-concurrent-mark: 0.004/0.004 secs] [Times: user=0.05 sys=0.00, real=0.00 secs] 
2024-07-28T16:43:01.474+0800: 9.843: [CMS-concurrent-preclean-start]
2024-07-28T16:43:01.476+0800: 9.845: [CMS-concurrent-preclean: 0.001/0.001 secs] [Times: user=0.00 sys=0.00, real=0.00 secs] 
2024-07-28T16:43:01.476+0800: 9.845: Application time: 0.0052286 seconds
2024-07-28T16:43:01.476+0800: 9.845: [GC (Allocation Failure) 2024-07-28T16:43:01.476+0800: 9.845: [ParNew: 77167K->8192K(78656K), 0.0120496 secs] 335871K->335505K(535432K), 0.0120986 secs] [Times: user=0.00 sys=0.00, real=0.01 secs] 
2024-07-28T16:43:01.488+0800: 9.857: Total time for which application threads were stopped: 0.0121958 seconds, Stopping threads took: 0.0000132 seconds
2024-07-28T16:43:01.488+0800: 9.857: Application time: 0.0002982 seconds
2024-07-28T16:43:01.488+0800: 9.857: [GC (CMS Final Remark) [YG occupancy: 12655 K (78656 K)]2024-07-28T16:43:01.488+0800: 9.857: [Rescan (parallel) , 0.0006247 secs]2024-07-28T16:43:01.489+0800: 9.858: [weak refs processing, 0.0000133 secs]2024-07-28T16:43:01.489+0800: 9.858: [class unloading, 0.0002594 secs]2024-07-28T16:43:01.489+0800: 9.858: [scrub symbol table, 0.0003615 secs]2024-07-28T16:43:01.490+0800: 9.859: [scrub string table, 0.0001021 secs][1 CMS-remark: 327312K(456776K)] 339968K(535432K), 0.0014283 secs] [Times: user=0.02 sys=0.00, real=0.00 secs] 
2024-07-28T16:43:01.490+0800: 9.859: Total time for which application threads were stopped: 0.0015373 seconds, Stopping threads took: 0.0000715 seconds
2024-07-28T16:43:01.490+0800: 9.859: [CMS-concurrent-sweep-start]
2024-07-28T16:43:01.492+0800: 9.861: [CMS-concurrent-sweep: 0.002/0.002 secs] [Times: user=0.00 sys=0.00, real=0.00 secs] 
2024-07-28T16:43:01.492+0800: 9.861: [CMS-concurrent-reset-start]
2024-07-28T16:43:01.493+0800: 9.862: [CMS-concurrent-reset: 0.001/0.001 secs] [Times: user=0.00 sys=0.00, real=0.00 secs] 
2024-07-28T16:43:01.601+0800: 9.970: Application time: 0.1109486 seconds
2024-07-28T16:43:01.601+0800: 9.970: [GC (Allocation Failure) 2024-07-28T16:43:01.601+0800: 9.970: [ParNew: 77168K->8192K(78656K), 0.0057967 secs] 241662K->200334K(535432K), 0.0058554 secs] [Times: user=0.00 sys=0.00, real=0.01 secs] 
2024-07-28T16:43:01.607+0800: 9.976: Total time for which application threads were stopped: 0.0059664 seconds, Stopping threads took: 0.0000187 seconds
2024-07-28T16:43:01.724+0800: 10.093: Application time: 0.1172119 seconds
2024-07-28T16:43:01.724+0800: 10.093: [GC (Allocation Failure) 2024-07-28T16:43:01.724+0800: 10.093: [ParNew: 77168K->8192K(78656K), 0.0119078 secs] 269311K->268944K(535432K), 0.0119685 secs] [Times: user=0.00 sys=0.00, real=0.01 secs] 
2024-07-28T16:43:01.736+0800: 10.105: Total time for which application threads were stopped: 0.0120826 seconds, Stopping threads took: 0.0000201 seconds
2024-07-28T16:43:01.741+0800: 10.110: Application time: 0.0046829 seconds
2024-07-28T16:43:01.741+0800: 10.110: [GC (Allocation Failure) 2024-07-28T16:43:01.741+0800: 10.110: [ParNew: 77168K->8192K(78656K), 0.0119113 secs] 337920K->337553K(535432K), 0.0119623 secs] [Times: user=0.00 sys=0.00, real=0.01 secs] 
2024-07-28T16:43:01.753+0800: 10.122: Total time for which application threads were stopped: 0.0120648 seconds, Stopping threads took: 0.0000167 seconds
2024-07-28T16:43:01.753+0800: 10.122: Application time: 0.0002431 seconds
2024-07-28T16:43:01.753+0800: 10.122: [GC (CMS Initial Mark) [1 CMS-initial-mark: 329360K(456776K)] 340992K(535432K), 0.0008204 secs] [Times: user=0.00 sys=0.00, real=0.00 secs] 
2024-07-28T16:43:01.754+0800: 10.123: Total time for which application threads were stopped: 0.0010119 seconds, Stopping threads took: 0.0001462 seconds
2024-07-28T16:43:01.754+0800: 10.123: [CMS-concurrent-mark-start]
2024-07-28T16:43:01.757+0800: 10.126: [CMS-concurrent-mark: 0.002/0.002 secs] [Times: user=0.05 sys=0.00, real=0.00 secs] 
2024-07-28T16:43:01.757+0800: 10.126: [CMS-concurrent-preclean-start]
2024-07-28T16:43:01.757+0800: 10.126: [CMS-concurrent-preclean: 0.001/0.001 secs] [Times: user=0.00 sys=0.00, real=0.00 secs] 
2024-07-28T16:43:01.757+0800: 10.126: [CMS-concurrent-abortable-preclean-start]
2024-07-28T16:43:01.869+0800: 10.238: Application time: 0.1147032 seconds
2024-07-28T16:43:01.869+0800: 10.238: [GC (Allocation Failure) 2024-07-28T16:43:01.869+0800: 10.238: [ParNew: 77168K->8192K(78656K), 0.0063607 secs] 406529K->366225K(535432K), 0.0064203 secs] [Times: user=0.00 sys=0.00, real=0.01 secs] 
2024-07-28T16:43:01.875+0800: 10.244: Total time for which application threads were stopped: 0.0065309 seconds, Stopping threads took: 0.0000204 seconds
2024-07-28T16:43:01.993+0800: 10.362: Application time: 0.1180212 seconds
2024-07-28T16:43:01.993+0800: 10.362: [GC (Allocation Failure) 2024-07-28T16:43:01.993+0800: 10.362: [ParNew: 77168K->8192K(78656K), 0.0121375 secs] 435202K->434834K(535432K), 0.0121998 secs] [Times: user=0.03 sys=0.00, real=0.01 secs] 
2024-07-28T16:43:02.006+0800: 10.375: Total time for which application threads were stopped: 0.0123268 seconds, Stopping threads took: 0.0000210 seconds
2024-07-28T16:43:02.006+0800: 10.375: [CMS-concurrent-abortable-preclean: 0.004/0.248 secs] [Times: user=0.03 sys=0.00, real=0.25 secs] 
2024-07-28T16:43:02.006+0800: 10.375: Application time: 0.0003807 seconds
2024-07-28T16:43:02.006+0800: 10.375: [GC (CMS Final Remark) [YG occupancy: 13679 K (78656 K)]2024-07-28T16:43:02.006+0800: 10.375: [Rescan (parallel) , 0.0010820 secs]2024-07-28T16:43:02.007+0800: 10.376: [weak refs processing, 0.0000132 secs]2024-07-28T16:43:02.007+0800: 10.376: [class unloading, 0.0001997 secs]2024-07-28T16:43:02.007+0800: 10.377: [scrub symbol table, 0.0003444 secs]2024-07-28T16:43:02.008+0800: 10.377: [scrub string table, 0.0001007 secs][1 CMS-remark: 426642K(456776K)] 440322K(535432K), 0.0018027 secs] [Times: user=0.00 sys=0.00, real=0.00 secs] 
2024-07-28T16:43:02.008+0800: 10.377: Total time for which application threads were stopped: 0.0019590 seconds, Stopping threads took: 0.0001202 seconds
2024-07-28T16:43:02.008+0800: 10.377: [CMS-concurrent-sweep-start]
2024-07-28T16:43:02.009+0800: 10.379: [CMS-concurrent-sweep: 0.001/0.001 secs] [Times: user=0.00 sys=0.00, real=0.00 secs] 
2024-07-28T16:43:02.010+0800: 10.379: [CMS-concurrent-reset-start]
2024-07-28T16:43:02.011+0800: 10.380: [CMS-concurrent-reset: 0.001/0.001 secs] [Times: user=0.00 sys=0.00, real=0.00 secs] 
2024-07-28T16:43:02.013+0800: 10.382: Application time: 0.0050351 seconds
2024-07-28T16:43:02.013+0800: 10.382: [GC (Allocation Failure) 2024-07-28T16:43:02.013+0800: 10.382: [ParNew: 77168K->8192K(78656K), 0.0119482 secs] 339968K->339601K(535432K), 0.0120073 secs] [Times: user=0.03 sys=0.00, real=0.01 secs] 
2024-07-28T16:43:02.025+0800: 10.394: Total time for which application threads were stopped: 0.0121056 seconds, Stopping threads took: 0.0000144 seconds
2024-07-28T16:43:02.025+0800: 10.394: Application time: 0.0002232 seconds
2024-07-28T16:43:02.025+0800: 10.395: [GC (CMS Initial Mark) [1 CMS-initial-mark: 331408K(456776K)] 343040K(535432K), 0.0007620 secs] [Times: user=0.00 sys=0.00, real=0.00 secs] 
2024-07-28T16:43:02.026+0800: 10.395: Total time for which application threads were stopped: 0.0009034 seconds, Stopping threads took: 0.0001003 seconds
2024-07-28T16:43:02.026+0800: 10.395: [CMS-concurrent-mark-start]
2024-07-28T16:43:02.029+0800: 10.398: [CMS-concurrent-mark: 0.002/0.002 secs] [Times: user=0.00 sys=0.00, real=0.00 secs] 
2024-07-28T16:43:02.029+0800: 10.398: [CMS-concurrent-preclean-start]
2024-07-28T16:43:02.029+0800: 10.398: [CMS-concurrent-preclean: 0.001/0.001 secs] [Times: user=0.00 sys=0.00, real=0.00 secs] 
2024-07-28T16:43:02.029+0800: 10.398: [CMS-concurrent-abortable-preclean-start]
2024-07-28T16:43:02.137+0800: 10.506: Application time: 0.1104670 seconds
2024-07-28T16:43:02.137+0800: 10.506: [GC (Allocation Failure) 2024-07-28T16:43:02.137+0800: 10.506: [ParNew: 77168K->8192K(78656K), 0.0064127 secs] 408577K->369297K(535432K), 0.0064726 secs] [Times: user=0.00 sys=0.00, real=0.01 secs] 
2024-07-28T16:43:02.143+0800: 10.512: Total time for which application threads were stopped: 0.0065833 seconds, Stopping threads took: 0.0000199 seconds
2024-07-28T16:43:02.262+0800: 10.631: Application time: 0.1186800 seconds
2024-07-28T16:43:02.262+0800: 10.631: [GC (Allocation Failure) 2024-07-28T16:43:02.262+0800: 10.631: [ParNew: 77168K->8192K(78656K), 0.0123172 secs] 438274K->437906K(535432K), 0.0123812 secs] [Times: user=0.03 sys=0.00, real=0.01 secs] 
2024-07-28T16:43:02.274+0800: 10.644: Total time for which application threads were stopped: 0.0125014 seconds, Stopping threads took: 0.0000228 seconds
2024-07-28T16:43:02.274+0800: 10.644: [CMS-concurrent-abortable-preclean: 0.004/0.245 secs] [Times: user=0.06 sys=0.00, real=0.24 secs] 
2024-07-28T16:43:02.274+0800: 10.644: Application time: 0.0003131 seconds
2024-07-28T16:43:02.274+0800: 10.644: [GC (CMS Final Remark) [YG occupancy: 12655 K (78656 K)]2024-07-28T16:43:02.274+0800: 10.644: [Rescan (parallel) , 0.0007001 secs]2024-07-28T16:43:02.275+0800: 10.645: [weak refs processing, 0.0000131 secs]2024-07-28T16:43:02.275+0800: 10.645: [class unloading, 0.0002215 secs]2024-07-28T16:43:02.275+0800: 10.645: [scrub symbol table, 0.0003767 secs]2024-07-28T16:43:02.276+0800: 10.645: [scrub string table, 0.0000944 secs][1 CMS-remark: 429714K(456776K)] 442370K(535432K), 0.0014742 secs] [Times: user=0.00 sys=0.00, real=0.00 secs] 
2024-07-28T16:43:02.276+0800: 10.645: Total time for which application threads were stopped: 0.0015951 seconds, Stopping threads took: 0.0000807 seconds
2024-07-28T16:43:02.276+0800: 10.646: [CMS-concurrent-sweep-start]
2024-07-28T16:43:02.278+0800: 10.648: [CMS-concurrent-sweep: 0.002/0.002 secs] [Times: user=0.00 sys=0.00, real=0.00 secs] 
2024-07-28T16:43:02.278+0800: 10.648: [CMS-concurrent-reset-start]
2024-07-28T16:43:02.280+0800: 10.649: [CMS-concurrent-reset: 0.001/0.001 secs] [Times: user=0.00 sys=0.00, real=0.00 secs] 
2024-07-28T16:43:02.281+0800: 10.651: Application time: 0.0057091 seconds
2024-07-28T16:43:02.282+0800: 10.651: [GC (Allocation Failure) 2024-07-28T16:43:02.282+0800: 10.651: [ParNew: 77168K->8192K(78656K), 0.0126460 secs] 342016K->341649K(535432K), 0.0126952 secs] [Times: user=0.03 sys=0.00, real=0.01 secs] 
2024-07-28T16:43:02.294+0800: 10.664: Total time for which application threads were stopped: 0.0128437 seconds, Stopping threads took: 0.0000438 seconds
2024-07-28T16:43:02.295+0800: 10.664: Application time: 0.0002280 seconds
2024-07-28T16:43:02.295+0800: 10.664: [GC (CMS Initial Mark) [1 CMS-initial-mark: 333457K(456776K)] 345088K(535432K), 0.0008113 secs] [Times: user=0.00 sys=0.00, real=0.00 secs] 
2024-07-28T16:43:02.296+0800: 10.665: Total time for which application threads were stopped: 0.0009392 seconds, Stopping threads took: 0.0000822 seconds
2024-07-28T16:43:02.296+0800: 10.665: [CMS-concurrent-mark-start]
2024-07-28T16:43:02.298+0800: 10.668: [CMS-concurrent-mark: 0.002/0.002 secs] [Times: user=0.00 sys=0.00, real=0.00 secs] 
2024-07-28T16:43:02.298+0800: 10.668: [CMS-concurrent-preclean-start]
2024-07-28T16:43:02.299+0800: 10.668: [CMS-concurrent-preclean: 0.001/0.001 secs] [Times: user=0.00 sys=0.00, real=0.00 secs] 
2024-07-28T16:43:02.299+0800: 10.668: [CMS-concurrent-abortable-preclean-start]
2024-07-28T16:43:02.406+0800: 10.776: Application time: 0.1105669 seconds
2024-07-28T16:43:02.406+0800: 10.776: [GC (Allocation Failure) 2024-07-28T16:43:02.406+0800: 10.776: [ParNew: 77168K->8192K(78656K), 0.0071602 secs] 410625K->372369K(535432K), 0.0072231 secs] [Times: user=0.03 sys=0.00, real=0.01 secs] 
2024-07-28T16:43:02.413+0800: 10.783: Total time for which application threads were stopped: 0.0073300 seconds, Stopping threads took: 0.0000177 seconds
2024-07-28T16:43:02.532+0800: 10.901: Application time: 0.1180822 seconds
2024-07-28T16:43:02.532+0800: 10.901: [GC (Allocation Failure) 2024-07-28T16:43:02.532+0800: 10.901: [ParNew: 77168K->8192K(78656K), 0.0121574 secs] 441346K->440978K(535432K), 0.0122195 secs] [Times: user=0.03 sys=0.00, real=0.01 secs] 
2024-07-28T16:43:02.544+0800: 10.914: Total time for which application threads were stopped: 0.0123471 seconds, Stopping threads took: 0.0000209 seconds
2024-07-28T16:43:02.544+0800: 10.914: [CMS-concurrent-abortable-preclean: 0.004/0.245 secs] [Times: user=0.06 sys=0.00, real=0.24 secs] 
2024-07-28T16:43:02.544+0800: 10.914: Application time: 0.0002948 seconds
2024-07-28T16:43:02.544+0800: 10.914: [GC (CMS Final Remark) [YG occupancy: 12655 K (78656 K)]2024-07-28T16:43:02.544+0800: 10.914: [Rescan (parallel) , 0.0010949 secs]2024-07-28T16:43:02.545+0800: 10.915: [weak refs processing, 0.0000129 secs]2024-07-28T16:43:02.545+0800: 10.915: [class unloading, 0.0002653 secs]2024-07-28T16:43:02.546+0800: 10.915: [scrub symbol table, 0.0003388 secs]2024-07-28T16:43:02.546+0800: 10.916: [scrub string table, 0.0001004 secs][1 CMS-remark: 432786K(456776K)] 445442K(535432K), 0.0018761 secs] [Times: user=0.00 sys=0.00, real=0.00 secs] 
2024-07-28T16:43:02.546+0800: 10.916: Total time for which application threads were stopped: 0.0020648 seconds, Stopping threads took: 0.0001525 seconds
2024-07-28T16:43:02.546+0800: 10.916: [CMS-concurrent-sweep-start]
2024-07-28T16:43:02.548+0800: 10.917: [CMS-concurrent-sweep: 0.001/0.001 secs] [Times: user=0.00 sys=0.00, real=0.00 secs] 
2024-07-28T16:43:02.548+0800: 10.917: [CMS-concurrent-reset-start]
2024-07-28T16:43:02.549+0800: 10.919: [CMS-concurrent-reset: 0.001/0.001 secs] [Times: user=0.00 sys=0.00, real=0.00 secs] 
2024-07-28T16:43:02.551+0800: 10.921: Application time: 0.0048398 seconds
2024-07-28T16:43:02.551+0800: 10.921: [GC (Allocation Failure) 2024-07-28T16:43:02.551+0800: 10.921: [ParNew: 77168K->8192K(78656K), 0.0116216 secs] 344064K->343697K(535432K), 0.0116728 secs] [Times: user=0.00 sys=0.00, real=0.01 secs] 
2024-07-28T16:43:02.564+0800: 10.933: Total time for which application threads were stopped: 0.0117879 seconds, Stopping threads took: 0.0000129 seconds
2024-07-28T16:43:02.564+0800: 10.933: Application time: 0.0001947 seconds
2024-07-28T16:43:02.564+0800: 10.933: [GC (CMS Initial Mark) [1 CMS-initial-mark: 335505K(456776K)] 347136K(535432K), 0.0007028 secs] [Times: user=0.00 sys=0.00, real=0.00 secs] 
2024-07-28T16:43:02.564+0800: 10.934: Total time for which application threads were stopped: 0.0008724 seconds, Stopping threads took: 0.0001267 seconds
2024-07-28T16:43:02.564+0800: 10.934: [CMS-concurrent-mark-start]
2024-07-28T16:43:02.566+0800: 10.936: [CMS-concurrent-mark: 0.002/0.002 secs] [Times: user=0.00 sys=0.00, real=0.00 secs] 
2024-07-28T16:43:02.566+0800: 10.936: [CMS-concurrent-preclean-start]
2024-07-28T16:43:02.567+0800: 10.937: [CMS-concurrent-preclean: 0.001/0.001 secs] [Times: user=0.02 sys=0.00, real=0.00 secs] 
2024-07-28T16:43:02.567+0800: 10.937: [CMS-concurrent-abortable-preclean-start]
2024-07-28T16:43:02.675+0800: 11.045: Application time: 0.1109733 seconds
2024-07-28T16:43:02.675+0800: 11.045: [GC (Allocation Failure) 2024-07-28T16:43:02.675+0800: 11.045: [ParNew: 77168K->8192K(78656K), 0.0068997 secs] 412673K->375441K(535432K), 0.0069544 secs] [Times: user=0.13 sys=0.00, real=0.01 secs] 
2024-07-28T16:43:02.682+0800: 11.052: Total time for which application threads were stopped: 0.0070642 seconds, Stopping threads took: 0.0000183 seconds
2024-07-28T16:43:02.799+0800: 11.168: Application time: 0.1167251 seconds
2024-07-28T16:43:02.799+0800: 11.168: [GC (Allocation Failure) 2024-07-28T16:43:02.799+0800: 11.168: [ParNew: 77168K->8192K(78656K), 0.0124057 secs] 444418K->444050K(535432K), 0.0124738 secs] [Times: user=0.03 sys=0.00, real=0.01 secs] 
2024-07-28T16:43:02.811+0800: 11.181: Total time for which application threads were stopped: 0.0125875 seconds, Stopping threads took: 0.0000202 seconds
2024-07-28T16:43:02.812+0800: 11.181: [CMS-concurrent-abortable-preclean: 0.004/0.244 secs] [Times: user=0.16 sys=0.00, real=0.25 secs] 
2024-07-28T16:43:02.812+0800: 11.181: Application time: 0.0003214 seconds
2024-07-28T16:43:02.812+0800: 11.181: [GC (CMS Final Remark) [YG occupancy: 12655 K (78656 K)]2024-07-28T16:43:02.812+0800: 11.181: [Rescan (parallel) , 0.0005259 secs]2024-07-28T16:43:02.812+0800: 11.182: [weak refs processing, 0.0000173 secs]2024-07-28T16:43:02.813+0800: 11.182: [class unloading, 0.0001864 secs]2024-07-28T16:43:02.813+0800: 11.182: [scrub symbol table, 0.0003133 secs]2024-07-28T16:43:02.813+0800: 11.183: [scrub string table, 0.0001007 secs][1 CMS-remark: 435858K(456776K)] 448514K(535432K), 0.0012060 secs] [Times: user=0.00 sys=0.00, real=0.00 secs] 
2024-07-28T16:43:02.813+0800: 11.183: Total time for which application threads were stopped: 0.0013785 seconds, Stopping threads took: 0.0001364 seconds
2024-07-28T16:43:02.813+0800: 11.183: [CMS-concurrent-sweep-start]
2024-07-28T16:43:02.815+0800: 11.184: [CMS-concurrent-sweep: 0.001/0.001 secs] [Times: user=0.00 sys=0.00, real=0.00 secs] 
2024-07-28T16:43:02.815+0800: 11.184: [CMS-concurrent-reset-start]
2024-07-28T16:43:02.816+0800: 11.185: [CMS-concurrent-reset: 0.001/0.001 secs] [Times: user=0.00 sys=0.00, real=0.00 secs] 
2024-07-28T16:43:02.818+0800: 11.188: Application time: 0.0048654 seconds
2024-07-28T16:43:02.818+0800: 11.188: [GC (Allocation Failure) 2024-07-28T16:43:02.818+0800: 11.188: [ParNew: 77168K->8192K(78656K), 0.0116459 secs] 346112K->345745K(535432K), 0.0117105 secs] [Times: user=0.00 sys=0.00, real=0.01 secs] 
2024-07-28T16:43:02.830+0800: 11.199: Total time for which application threads were stopped: 0.0118056 seconds, Stopping threads took: 0.0000127 seconds
2024-07-28T16:43:02.830+0800: 11.199: Application time: 0.0001417 seconds
2024-07-28T16:43:02.830+0800: 11.200: [GC (CMS Initial Mark) [1 CMS-initial-mark: 337553K(456776K)] 349184K(535432K), 0.0008423 secs] [Times: user=0.00 sys=0.00, real=0.00 secs] 
2024-07-28T16:43:02.831+0800: 11.201: Total time for which application threads were stopped: 0.0010448 seconds, Stopping threads took: 0.0001582 seconds
2024-07-28T16:43:02.831+0800: 11.201: [CMS-concurrent-mark-start]
2024-07-28T16:43:02.834+0800: 11.203: [CMS-concurrent-mark: 0.002/0.002 secs] [Times: user=0.05 sys=0.00, real=0.00 secs] 
2024-07-28T16:43:02.834+0800: 11.203: [CMS-concurrent-preclean-start]
2024-07-28T16:43:02.834+0800: 11.204: [CMS-concurrent-preclean: 0.001/0.001 secs] [Times: user=0.00 sys=0.00, real=0.00 secs] 
2024-07-28T16:43:02.834+0800: 11.204: [CMS-concurrent-abortable-preclean-start]
2024-07-28T16:43:02.942+0800: 11.311: Application time: 0.1102903 seconds
2024-07-28T16:43:02.942+0800: 11.311: [GC (Allocation Failure) 2024-07-28T16:43:02.942+0800: 11.311: [ParNew: 77168K->8192K(78656K), 0.0072339 secs] 414721K->378513K(535432K), 0.0072885 secs] [Times: user=0.13 sys=0.00, real=0.01 secs] 
2024-07-28T16:43:02.949+0800: 11.318: Total time for which application threads were stopped: 0.0073983 seconds, Stopping threads took: 0.0000189 seconds
2024-07-28T16:43:03.066+0800: 11.435: Application time: 0.1170262 seconds
2024-07-28T16:43:03.066+0800: 11.435: [GC (Allocation Failure) 2024-07-28T16:43:03.066+0800: 11.435: [ParNew: 77168K->8192K(78656K), 0.0122494 secs] 447490K->447122K(535432K), 0.0123183 secs] [Times: user=0.02 sys=0.01, real=0.01 secs] 
2024-07-28T16:43:03.079+0800: 11.448: Total time for which application threads were stopped: 0.0124269 seconds, Stopping threads took: 0.0000176 seconds
2024-07-28T16:43:03.079+0800: 11.448: [CMS-concurrent-abortable-preclean: 0.005/0.244 secs] [Times: user=0.14 sys=0.01, real=0.24 secs] 
2024-07-28T16:43:03.079+0800: 11.448: Application time: 0.0003257 seconds
2024-07-28T16:43:03.079+0800: 11.448: [GC (CMS Final Remark) [YG occupancy: 13679 K (78656 K)]2024-07-28T16:43:03.079+0800: 11.448: [Rescan (parallel) , 0.0008446 secs]2024-07-28T16:43:03.080+0800: 11.449: [weak refs processing, 0.0000127 secs]2024-07-28T16:43:03.080+0800: 11.449: [class unloading, 0.0001976 secs]2024-07-28T16:43:03.080+0800: 11.449: [scrub symbol table, 0.0003560 secs]2024-07-28T16:43:03.081+0800: 11.450: [scrub string table, 0.0001096 secs][1 CMS-remark: 438930K(456776K)] 452610K(535432K), 0.0016015 secs] [Times: user=0.00 sys=0.00, real=0.00 secs] 
2024-07-28T16:43:03.081+0800: 11.450: Total time for which application threads were stopped: 0.0017363 seconds, Stopping threads took: 0.0000971 seconds
2024-07-28T16:43:03.081+0800: 11.450: [CMS-concurrent-sweep-start]
2024-07-28T16:43:03.083+0800: 11.452: [CMS-concurrent-sweep: 0.002/0.002 secs] [Times: user=0.03 sys=0.00, real=0.00 secs] 
2024-07-28T16:43:03.083+0800: 11.452: [CMS-concurrent-reset-start]
2024-07-28T16:43:03.084+0800: 11.453: [CMS-concurrent-reset: 0.001/0.001 secs] [Times: user=0.00 sys=0.00, real=0.00 secs] 
2024-07-28T16:43:03.086+0800: 11.455: Application time: 0.0048130 seconds
2024-07-28T16:43:03.086+0800: 11.455: [GC (Allocation Failure) 2024-07-28T16:43:03.086+0800: 11.455: [ParNew: 77168K->8192K(78656K), 0.0120074 secs] 348160K->347793K(535432K), 0.0120552 secs] [Times: user=0.00 sys=0.00, real=0.01 secs] 
2024-07-28T16:43:03.098+0800: 11.467: Total time for which application threads were stopped: 0.0121523 seconds, Stopping threads took: 0.0000141 seconds
2024-07-28T16:43:03.098+0800: 11.467: Application time: 0.0002409 seconds
2024-07-28T16:43:03.098+0800: 11.467: [GC (CMS Initial Mark) [1 CMS-initial-mark: 339601K(456776K)] 351232K(535432K), 0.0007038 secs] [Times: user=0.00 sys=0.00, real=0.00 secs] 
2024-07-28T16:43:03.099+0800: 11.468: Total time for which application threads were stopped: 0.0008220 seconds, Stopping threads took: 0.0000737 seconds
2024-07-28T16:43:03.099+0800: 11.468: [CMS-concurrent-mark-start]
2024-07-28T16:43:03.101+0800: 11.470: [CMS-concurrent-mark: 0.002/0.002 secs] [Times: user=0.00 sys=0.00, real=0.00 secs] 
2024-07-28T16:43:03.101+0800: 11.470: [CMS-concurrent-preclean-start]
2024-07-28T16:43:03.102+0800: 11.471: [CMS-concurrent-preclean: 0.001/0.001 secs] [Times: user=0.00 sys=0.00, real=0.00 secs] 
2024-07-28T16:43:03.102+0800: 11.471: [CMS-concurrent-abortable-preclean-start]
2024-07-28T16:43:03.210+0800: 11.579: Application time: 0.1110128 seconds
2024-07-28T16:43:03.210+0800: 11.579: [GC (Allocation Failure) 2024-07-28T16:43:03.210+0800: 11.579: [ParNew: 77168K->8192K(78656K), 0.0071625 secs] 416769K->381585K(535432K), 0.0072378 secs] [Times: user=0.00 sys=0.00, real=0.01 secs] 
2024-07-28T16:43:03.217+0800: 11.586: Total time for which application threads were stopped: 0.0073519 seconds, Stopping threads took: 0.0000207 seconds
2024-07-28T16:43:03.335+0800: 11.704: Application time: 0.1174608 seconds
2024-07-28T16:43:03.335+0800: 11.704: [GC (Allocation Failure) 2024-07-28T16:43:03.335+0800: 11.704: [ParNew: 77168K->8192K(78656K), 0.0121323 secs] 450562K->450194K(535432K), 0.0122102 secs] [Times: user=0.00 sys=0.00, real=0.01 secs] 
2024-07-28T16:43:03.347+0800: 11.716: Total time for which application threads were stopped: 0.0123629 seconds, Stopping threads took: 0.0000290 seconds
2024-07-28T16:43:03.351+0800: 11.720: Application time: 0.0044614 seconds
2024-07-28T16:43:03.351+0800: 11.721: [GC (Allocation Failure) 2024-07-28T16:43:03.351+0800: 11.721: [ParNew: 77168K->8192K(78656K), 0.0334796 secs] 519171K->518803K(589916K), 0.0335294 secs] [Times: user=0.05 sys=0.02, real=0.03 secs] 
2024-07-28T16:43:03.385+0800: 11.754: Total time for which application threads were stopped: 0.0336413 seconds, Stopping threads took: 0.0000158 seconds
2024-07-28T16:43:03.385+0800: 11.754: [CMS-concurrent-abortable-preclean: 0.005/0.283 secs] [Times: user=0.09 sys=0.02, real=0.28 secs] 
2024-07-28T16:43:03.385+0800: 11.754: Application time: 0.0003466 seconds
2024-07-28T16:43:03.385+0800: 11.755: [GC (CMS Final Remark) [YG occupancy: 12655 K (78656 K)]2024-07-28T16:43:03.385+0800: 11.755: [Rescan (parallel) , 0.0008397 secs]2024-07-28T16:43:03.386+0800: 11.755: [weak refs processing, 0.0000130 secs]2024-07-28T16:43:03.386+0800: 11.755: [class unloading, 0.0001879 secs]2024-07-28T16:43:03.386+0800: 11.756: [scrub symbol table, 0.0003731 secs]2024-07-28T16:43:03.386+0800: 11.756: [scrub string table, 0.0001006 secs][1 CMS-remark: 510611K(511260K)] 523267K(589916K), 0.0015905 secs] [Times: user=0.00 sys=0.00, real=0.00 secs] 
2024-07-28T16:43:03.386+0800: 11.756: Total time for which application threads were stopped: 0.0017623 seconds, Stopping threads took: 0.0001348 seconds
2024-07-28T16:43:03.388+0800: 11.756: [CMS-concurrent-sweep-start]
2024-07-28T16:43:03.389+0800: 11.758: [CMS-concurrent-sweep: 0.001/0.001 secs] [Times: user=0.00 sys=0.00, real=0.00 secs] 
2024-07-28T16:43:03.389+0800: 11.758: [CMS-concurrent-reset-start]
2024-07-28T16:43:03.390+0800: 11.759: [CMS-concurrent-reset: 0.001/0.001 secs] [Times: user=0.00 sys=0.00, real=0.00 secs] 
2024-07-28T16:43:03.495+0800: 11.864: Application time: 0.1079879 seconds
2024-07-28T16:43:03.495+0800: 11.864: [GC (Allocation Failure) 2024-07-28T16:43:03.495+0800: 11.864: [ParNew: 77168K->8192K(78656K), 0.0073589 secs] 418817K->384657K(648072K), 0.0074216 secs] [Times: user=0.00 sys=0.00, real=0.01 secs] 
2024-07-28T16:43:03.503+0800: 11.872: Total time for which application threads were stopped: 0.0075442 seconds, Stopping threads took: 0.0000196 seconds
2024-07-28T16:43:03.503+0800: 11.872: Application time: 0.0001986 seconds
2024-07-28T16:43:03.503+0800: 11.872: [GC (CMS Initial Mark) [1 CMS-initial-mark: 376465K(569416K)] 388097K(648072K), 0.0007533 secs] [Times: user=0.00 sys=0.00, real=0.00 secs] 
2024-07-28T16:43:03.504+0800: 11.873: Total time for which application threads were stopped: 0.0009628 seconds, Stopping threads took: 0.0001655 seconds
2024-07-28T16:43:03.504+0800: 11.873: [CMS-concurrent-mark-start]
2024-07-28T16:43:03.508+0800: 11.877: [CMS-concurrent-mark: 0.004/0.004 secs] [Times: user=0.05 sys=0.00, real=0.00 secs] 
2024-07-28T16:43:03.508+0800: 11.877: [CMS-concurrent-preclean-start]
2024-07-28T16:43:03.509+0800: 11.878: [CMS-concurrent-preclean: 0.001/0.001 secs] [Times: user=0.00 sys=0.00, real=0.00 secs] 
2024-07-28T16:43:03.509+0800: 11.878: [CMS-concurrent-abortable-preclean-start]
2024-07-28T16:43:03.620+0800: 11.989: Application time: 0.1161458 seconds
2024-07-28T16:43:03.620+0800: 11.989: [GC (Allocation Failure) 2024-07-28T16:43:03.620+0800: 11.989: [ParNew: 77168K->8192K(78656K), 0.0134701 secs] 453634K->453266K(648072K), 0.0135319 secs] [Times: user=0.03 sys=0.00, real=0.01 secs] 
2024-07-28T16:43:03.634+0800: 12.003: Total time for which application threads were stopped: 0.0136424 seconds, Stopping threads took: 0.0000203 seconds
2024-07-28T16:43:03.638+0800: 12.008: Application time: 0.0049905 seconds
2024-07-28T16:43:03.638+0800: 12.008: [GC (Allocation Failure) 2024-07-28T16:43:03.638+0800: 12.008: [ParNew: 77168K->8192K(78656K), 0.0333338 secs] 522243K->521875K(648072K), 0.0333974 secs] [Times: user=0.06 sys=0.00, real=0.03 secs] 
2024-07-28T16:43:03.672+0800: 12.041: Total time for which application threads were stopped: 0.0335073 seconds, Stopping threads took: 0.0000185 seconds
2024-07-28T16:43:03.778+0800: 12.148: Application time: 0.1065679 seconds
2024-07-28T16:43:03.778+0800: 12.148: [GC (Allocation Failure) 2024-07-28T16:43:03.778+0800: 12.148: [ParNew: 77168K->8192K(78656K), 0.0077796 secs] 590852K->557716K(648072K), 0.0078395 secs] [Times: user=0.00 sys=0.00, real=0.01 secs] 
2024-07-28T16:43:03.786+0800: 12.156: Total time for which application threads were stopped: 0.0079493 seconds, Stopping threads took: 0.0000197 seconds
2024-07-28T16:43:03.899+0800: 12.268: [CMS-concurrent-abortable-preclean: 0.009/0.390 secs] [Times: user=0.09 sys=0.00, real=0.39 secs] 
2024-07-28T16:43:03.899+0800: 12.268: Application time: 0.1126199 seconds
2024-07-28T16:43:03.900+0800: 12.269: [GC (CMS Final Remark) [YG occupancy: 71024 K (78656 K)]2024-07-28T16:43:03.900+0800: 12.269: [Rescan (parallel) , 0.0009171 secs]2024-07-28T16:43:03.901+0800: 12.270: [weak refs processing, 0.0000150 secs]2024-07-28T16:43:03.901+0800: 12.270: [class unloading, 0.0001946 secs]2024-07-28T16:43:03.901+0800: 12.270: [scrub symbol table, 0.0003245 secs]2024-07-28T16:43:03.901+0800: 12.270: [scrub string table, 0.0001164 secs][1 CMS-remark: 549524K(569416K)] 620548K(648072K), 0.0016583 secs] [Times: user=0.00 sys=0.00, real=0.00 secs] 
2024-07-28T16:43:03.901+0800: 12.270: Total time for which application threads were stopped: 0.0019145 seconds, Stopping threads took: 0.0002078 seconds
2024-07-28T16:43:03.901+0800: 12.271: [CMS-concurrent-sweep-start]
2024-07-28T16:43:03.902+0800: 12.271: Application time: 0.0005252 seconds
2024-07-28T16:43:03.902+0800: 12.271: [GC (Allocation Failure) 2024-07-28T16:43:03.902+0800: 12.271: [ParNew: 77168K->8192K(78656K), 0.0124245 secs] 573444K->573076K(648072K), 0.0124897 secs] [Times: user=0.03 sys=0.00, real=0.01 secs] 
2024-07-28T16:43:03.914+0800: 12.283: Total time for which application threads were stopped: 0.0125870 seconds, Stopping threads took: 0.0000137 seconds
2024-07-28T16:43:03.916+0800: 12.285: [CMS-concurrent-sweep: 0.001/0.014 secs] [Times: user=0.03 sys=0.00, real=0.01 secs] 
2024-07-28T16:43:03.916+0800: 12.285: [CMS-concurrent-reset-start]
2024-07-28T16:43:03.917+0800: 12.286: [CMS-concurrent-reset: 0.001/0.001 secs] [Times: user=0.00 sys=0.00, real=0.00 secs] 
2024-07-28T16:43:03.920+0800: 12.289: Application time: 0.0053355 seconds
2024-07-28T16:43:03.920+0800: 12.289: [GC (Allocation Failure) 2024-07-28T16:43:03.920+0800: 12.289: [ParNew: 77168K->8192K(78656K), 0.0120625 secs] 354304K->353937K(648072K), 0.0121104 secs] [Times: user=0.03 sys=0.00, real=0.01 secs] 
2024-07-28T16:43:03.932+0800: 12.301: Total time for which application threads were stopped: 0.0122108 seconds, Stopping threads took: 0.0000161 seconds
2024-07-28T16:43:03.932+0800: 12.301: Application time: 0.0002633 seconds
2024-07-28T16:43:03.932+0800: 12.301: [GC (CMS Initial Mark) [1 CMS-initial-mark: 345745K(569416K)] 357376K(648072K), 0.0007567 secs] [Times: user=0.00 sys=0.00, real=0.00 secs] 
2024-07-28T16:43:03.933+0800: 12.302: Total time for which application threads were stopped: 0.0008838 seconds, Stopping threads took: 0.0000834 seconds
2024-07-28T16:43:03.933+0800: 12.302: [CMS-concurrent-mark-start]
2024-07-28T16:43:03.935+0800: 12.304: [CMS-concurrent-mark: 0.002/0.002 secs] [Times: user=0.00 sys=0.00, real=0.00 secs] 
2024-07-28T16:43:03.935+0800: 12.304: [CMS-concurrent-preclean-start]
2024-07-28T16:43:03.936+0800: 12.305: [CMS-concurrent-preclean: 0.001/0.001 secs] [Times: user=0.00 sys=0.00, real=0.00 secs] 
2024-07-28T16:43:03.936+0800: 12.305: [CMS-concurrent-abortable-preclean-start]
2024-07-28T16:43:04.042+0800: 12.411: Application time: 0.1090385 seconds
2024-07-28T16:43:04.042+0800: 12.411: [GC (Allocation Failure) 2024-07-28T16:43:04.042+0800: 12.411: [ParNew: 77168K->8192K(78656K), 0.0074910 secs] 422913K->390801K(648072K), 0.0075510 secs] [Times: user=0.00 sys=0.00, real=0.01 secs] 
2024-07-28T16:43:04.050+0800: 12.419: Total time for which application threads were stopped: 0.0076785 seconds, Stopping threads took: 0.0000204 seconds
2024-07-28T16:43:04.166+0800: 12.535: Application time: 0.1166197 seconds
2024-07-28T16:43:04.166+0800: 12.536: [GC (Allocation Failure) 2024-07-28T16:43:04.166+0800: 12.536: [ParNew: 77168K->8192K(78656K), 0.0124492 secs] 459778K->459410K(648072K), 0.0125083 secs] [Times: user=0.03 sys=0.00, real=0.01 secs] 
2024-07-28T16:43:04.179+0800: 12.548: Total time for which application threads were stopped: 0.0126188 seconds, Stopping threads took: 0.0000205 seconds
2024-07-28T16:43:04.179+0800: 12.548: [CMS-concurrent-abortable-preclean: 0.006/0.243 secs] [Times: user=0.06 sys=0.00, real=0.24 secs] 
2024-07-28T16:43:04.179+0800: 12.548: Application time: 0.0002920 seconds
2024-07-28T16:43:04.179+0800: 12.549: [GC (CMS Final Remark) [YG occupancy: 12655 K (78656 K)]2024-07-28T16:43:04.179+0800: 12.549: [Rescan (parallel) , 0.0006332 secs]2024-07-28T16:43:04.180+0800: 12.549: [weak refs processing, 0.0000130 secs]2024-07-28T16:43:04.180+0800: 12.549: [class unloading, 0.0001766 secs]2024-07-28T16:43:04.180+0800: 12.549: [scrub symbol table, 0.0003799 secs]2024-07-28T16:43:04.181+0800: 12.550: [scrub string table, 0.0000927 secs][1 CMS-remark: 451218K(569416K)] 463874K(648072K), 0.0013775 secs] [Times: user=0.00 sys=0.00, real=0.00 secs] 
2024-07-28T16:43:04.181+0800: 12.550: Total time for which application threads were stopped: 0.0015627 seconds, Stopping threads took: 0.0001462 seconds
2024-07-28T16:43:04.181+0800: 12.550: [CMS-concurrent-sweep-start]
2024-07-28T16:43:04.183+0800: 12.552: [CMS-concurrent-sweep: 0.002/0.002 secs] [Times: user=0.00 sys=0.00, real=0.00 secs] 
2024-07-28T16:43:04.183+0800: 12.552: [CMS-concurrent-reset-start]
2024-07-28T16:43:04.184+0800: 12.553: [CMS-concurrent-reset: 0.001/0.001 secs] [Times: user=0.00 sys=0.00, real=0.00 secs] 
2024-07-28T16:43:04.186+0800: 12.555: Application time: 0.0047201 seconds
2024-07-28T16:43:04.186+0800: 12.555: [GC (Allocation Failure) 2024-07-28T16:43:04.186+0800: 12.555: [ParNew: 77168K->8192K(78656K), 0.0118721 secs] 356352K->355985K(648072K), 0.0119283 secs] [Times: user=0.03 sys=0.00, real=0.01 secs] 
2024-07-28T16:43:04.198+0800: 12.567: Total time for which application threads were stopped: 0.0120251 seconds, Stopping threads took: 0.0000140 seconds
2024-07-28T16:43:04.198+0800: 12.567: Application time: 0.0001819 seconds
2024-07-28T16:43:04.198+0800: 12.567: [GC (CMS Initial Mark) [1 CMS-initial-mark: 347793K(569416K)] 359424K(648072K), 0.0007888 secs] [Times: user=0.00 sys=0.00, real=0.00 secs] 
2024-07-28T16:43:04.199+0800: 12.568: Total time for which application threads were stopped: 0.0009876 seconds, Stopping threads took: 0.0001569 seconds
2024-07-28T16:43:04.199+0800: 12.568: [CMS-concurrent-mark-start]
2024-07-28T16:43:04.201+0800: 12.570: [CMS-concurrent-mark: 0.002/0.002 secs] [Times: user=0.00 sys=0.00, real=0.00 secs] 
2024-07-28T16:43:04.201+0800: 12.570: [CMS-concurrent-preclean-start]
2024-07-28T16:43:04.202+0800: 12.571: [CMS-concurrent-preclean: 0.001/0.001 secs] [Times: user=0.00 sys=0.00, real=0.00 secs] 
2024-07-28T16:43:04.202+0800: 12.571: [CMS-concurrent-abortable-preclean-start]
2024-07-28T16:43:04.310+0800: 12.679: Application time: 0.1110416 seconds
2024-07-28T16:43:04.310+0800: 12.679: [GC (Allocation Failure) 2024-07-28T16:43:04.310+0800: 12.679: [ParNew: 77168K->8192K(78656K), 0.0079515 secs] 424961K->393873K(648072K), 0.0080115 secs] [Times: user=0.00 sys=0.00, real=0.01 secs] 
2024-07-28T16:43:04.317+0800: 12.687: Total time for which application threads were stopped: 0.0081300 seconds, Stopping threads took: 0.0000212 seconds
2024-07-28T16:43:04.431+0800: 12.801: Application time: 0.1138687 seconds
2024-07-28T16:43:04.431+0800: 12.801: [GC (Allocation Failure) 2024-07-28T16:43:04.431+0800: 12.801: [ParNew: 77168K->8192K(78656K), 0.0127002 secs] 462850K->462482K(648072K), 0.0127593 secs] [Times: user=0.03 sys=0.00, real=0.01 secs] 
2024-07-28T16:43:04.444+0800: 12.814: Total time for which application threads were stopped: 0.0128697 seconds, Stopping threads took: 0.0000200 seconds
2024-07-28T16:43:04.444+0800: 12.814: [CMS-concurrent-abortable-preclean: 0.006/0.243 secs] [Times: user=0.03 sys=0.00, real=0.24 secs] 
2024-07-28T16:43:04.444+0800: 12.814: Application time: 0.0003069 seconds
2024-07-28T16:43:04.445+0800: 12.814: [GC (CMS Final Remark) [YG occupancy: 12655 K (78656 K)]2024-07-28T16:43:04.445+0800: 12.814: [Rescan (parallel) , 0.0008316 secs]2024-07-28T16:43:04.446+0800: 12.815: [weak refs processing, 0.0000209 secs]2024-07-28T16:43:04.446+0800: 12.815: [class unloading, 0.0001808 secs]2024-07-28T16:43:04.446+0800: 12.815: [scrub symbol table, 0.0003139 secs]2024-07-28T16:43:04.446+0800: 12.816: [scrub string table, 0.0001069 secs][1 CMS-remark: 454290K(569416K)] 466946K(648072K), 0.0015306 secs] [Times: user=0.00 sys=0.00, real=0.00 secs] 
2024-07-28T16:43:04.446+0800: 12.816: Total time for which application threads were stopped: 0.0017448 seconds, Stopping threads took: 0.0001771 seconds
2024-07-28T16:43:04.446+0800: 12.816: [CMS-concurrent-sweep-start]
2024-07-28T16:43:04.448+0800: 12.817: [CMS-concurrent-sweep: 0.001/0.001 secs] [Times: user=0.00 sys=0.00, real=0.00 secs] 
2024-07-28T16:43:04.448+0800: 12.817: [CMS-concurrent-reset-start]
2024-07-28T16:43:04.449+0800: 12.819: [CMS-concurrent-reset: 0.001/0.001 secs] [Times: user=0.00 sys=0.00, real=0.00 secs] 
2024-07-28T16:43:04.451+0800: 12.821: Application time: 0.0048133 seconds
2024-07-28T16:43:04.451+0800: 12.821: [GC (Allocation Failure) 2024-07-28T16:43:04.451+0800: 12.821: [ParNew: 77168K->8192K(78656K), 0.0120676 secs] 358400K->358033K(648072K), 0.0121268 secs] [Times: user=0.03 sys=0.00, real=0.01 secs] 
2024-07-28T16:43:04.463+0800: 12.833: Total time for which application threads were stopped: 0.0122229 seconds, Stopping threads took: 0.0000130 seconds
2024-07-28T16:43:04.464+0800: 12.833: Application time: 0.0002212 seconds
2024-07-28T16:43:04.464+0800: 12.833: [GC (CMS Initial Mark) [1 CMS-initial-mark: 349841K(569416K)] 361473K(648072K), 0.0008361 secs] [Times: user=0.00 sys=0.00, real=0.00 secs] 
2024-07-28T16:43:04.464+0800: 12.834: Total time for which application threads were stopped: 0.0009759 seconds, Stopping threads took: 0.0000947 seconds
2024-07-28T16:43:04.465+0800: 12.834: [CMS-concurrent-mark-start]
2024-07-28T16:43:04.467+0800: 12.836: [CMS-concurrent-mark: 0.002/0.002 secs] [Times: user=0.00 sys=0.00, real=0.00 secs] 
2024-07-28T16:43:04.467+0800: 12.836: [CMS-concurrent-preclean-start]
2024-07-28T16:43:04.467+0800: 12.837: [CMS-concurrent-preclean: 0.001/0.001 secs] [Times: user=0.00 sys=0.00, real=0.00 secs] 
2024-07-28T16:43:04.467+0800: 12.837: [CMS-concurrent-abortable-preclean-start]
2024-07-28T16:43:04.574+0800: 12.944: Application time: 0.1094737 seconds
2024-07-28T16:43:04.574+0800: 12.944: [GC (Allocation Failure) 2024-07-28T16:43:04.574+0800: 12.944: [ParNew: 77168K->8192K(78656K), 0.0078985 secs] 427010K->396945K(648072K), 0.0079590 secs] [Times: user=0.00 sys=0.00, real=0.01 secs] 
2024-07-28T16:43:04.582+0800: 12.952: Total time for which application threads were stopped: 0.0080696 seconds, Stopping threads took: 0.0000199 seconds
2024-07-28T16:43:04.698+0800: 13.067: Application time: 0.1157619 seconds
2024-07-28T16:43:04.699+0800: 13.067: [GC (Allocation Failure) 2024-07-28T16:43:04.699+0800: 13.067: [ParNew: 77868K->8196K(78656K), 0.0121035 secs] 466622K->465559K(648072K), 0.0121648 secs] [Times: user=0.03 sys=0.00, real=0.01 secs] 
2024-07-28T16:43:04.711+0800: 13.080: Total time for which application threads were stopped: 0.0122780 seconds, Stopping threads took: 0.0000197 seconds
2024-07-28T16:43:04.711+0800: 13.080: [CMS-concurrent-abortable-preclean: 0.006/0.243 secs] [Times: user=0.06 sys=0.00, real=0.24 secs] 
2024-07-28T16:43:04.711+0800: 13.080: Application time: 0.0003615 seconds
2024-07-28T16:43:04.711+0800: 13.080: [GC (CMS Final Remark) [YG occupancy: 13678 K (78656 K)]2024-07-28T16:43:04.711+0800: 13.080: [Rescan (parallel) , 0.0011267 secs]2024-07-28T16:43:04.712+0800: 13.081: [weak refs processing, 0.0000131 secs]2024-07-28T16:43:04.712+0800: 13.081: [class unloading, 0.0003134 secs]2024-07-28T16:43:04.713+0800: 13.082: [scrub symbol table, 0.0003106 secs]2024-07-28T16:43:04.713+0800: 13.082: [scrub string table, 0.0000907 secs][1 CMS-remark: 457362K(569416K)] 471041K(648072K), 0.0019308 secs] [Times: user=0.00 sys=0.00, real=0.00 secs] 
2024-07-28T16:43:04.713+0800: 13.082: Total time for which application threads were stopped: 0.0021189 seconds, Stopping threads took: 0.0001502 seconds
2024-07-28T16:43:04.713+0800: 13.082: [CMS-concurrent-sweep-start]
2024-07-28T16:43:04.715+0800: 13.084: [CMS-concurrent-sweep: 0.002/0.002 secs] [Times: user=0.00 sys=0.00, real=0.00 secs] 
2024-07-28T16:43:04.715+0800: 13.084: [CMS-concurrent-reset-start]
2024-07-28T16:43:04.716+0800: 13.085: [CMS-concurrent-reset: 0.001/0.001 secs] [Times: user=0.00 sys=0.00, real=0.00 secs] 
2024-07-28T16:43:04.718+0800: 13.087: Application time: 0.0047427 seconds
2024-07-28T16:43:04.718+0800: 13.087: [GC (Allocation Failure) 2024-07-28T16:43:04.718+0800: 13.087: [ParNew: 77167K->8192K(78656K), 0.0120074 secs] 360448K->360081K(648072K), 0.0120582 secs] [Times: user=0.03 sys=0.00, real=0.01 secs] 
2024-07-28T16:43:04.730+0800: 13.099: Total time for which application threads were stopped: 0.0121567 seconds, Stopping threads took: 0.0000133 seconds
2024-07-28T16:43:04.730+0800: 13.099: Application time: 0.0002275 seconds
2024-07-28T16:43:04.731+0800: 13.099: [GC (CMS Initial Mark) [1 CMS-initial-mark: 351889K(569416K)] 363517K(648072K), 0.0007989 secs] [Times: user=0.00 sys=0.00, real=0.00 secs] 
2024-07-28T16:43:04.731+0800: 13.100: Total time for which application threads were stopped: 0.0009810 seconds, Stopping threads took: 0.0001402 seconds
2024-07-28T16:43:04.731+0800: 13.100: [CMS-concurrent-mark-start]
2024-07-28T16:43:04.734+0800: 13.103: [CMS-concurrent-mark: 0.002/0.002 secs] [Times: user=0.00 sys=0.00, real=0.00 secs] 
2024-07-28T16:43:04.734+0800: 13.103: [CMS-concurrent-preclean-start]
2024-07-28T16:43:04.735+0800: 13.104: [CMS-concurrent-preclean: 0.001/0.001 secs] [Times: user=0.00 sys=0.00, real=0.00 secs] 
2024-07-28T16:43:04.735+0800: 13.104: [CMS-concurrent-abortable-preclean-start]
2024-07-28T16:43:04.840+0800: 13.210: Application time: 0.1094213 seconds
2024-07-28T16:43:04.840+0800: 13.210: [GC (Allocation Failure) 2024-07-28T16:43:04.840+0800: 13.210: [ParNew: 77165K->8192K(78656K), 0.0079179 secs] 429054K->400018K(648072K), 0.0079780 secs] [Times: user=0.03 sys=0.00, real=0.01 secs] 
2024-07-28T16:43:04.848+0800: 13.218: Total time for which application threads were stopped: 0.0080871 seconds, Stopping threads took: 0.0000207 seconds
2024-07-28T16:43:04.965+0800: 13.335: Application time: 0.1170014 seconds
2024-07-28T16:43:04.966+0800: 13.335: [GC (Allocation Failure) 2024-07-28T16:43:04.966+0800: 13.335: [ParNew: 77166K->8192K(78656K), 0.0128115 secs] 468992K->468627K(648072K), 0.0128715 secs] [Times: user=0.03 sys=0.00, real=0.01 secs] 
2024-07-28T16:43:04.978+0800: 13.348: Total time for which application threads were stopped: 0.0129907 seconds, Stopping threads took: 0.0000280 seconds
2024-07-28T16:43:04.979+0800: 13.348: [CMS-concurrent-abortable-preclean: 0.006/0.244 secs] [Times: user=0.06 sys=0.00, real=0.24 secs] 
2024-07-28T16:43:04.979+0800: 13.348: Application time: 0.0003833 seconds
2024-07-28T16:43:04.979+0800: 13.348: [GC (CMS Final Remark) [YG occupancy: 14702 K (78656 K)]2024-07-28T16:43:04.979+0800: 13.348: [Rescan (parallel) , 0.0006016 secs]2024-07-28T16:43:04.980+0800: 13.349: [weak refs processing, 0.0000191 secs]2024-07-28T16:43:04.980+0800: 13.349: [class unloading, 0.0001824 secs]2024-07-28T16:43:04.980+0800: 13.349: [scrub symbol table, 0.0003289 secs]2024-07-28T16:43:04.981+0800: 13.350: [scrub string table, 0.0001048 secs][1 CMS-remark: 460435K(569416K)] 475137K(648072K), 0.0013168 secs] [Times: user=0.00 sys=0.00, real=0.00 secs] 
2024-07-28T16:43:04.981+0800: 13.350: Total time for which application threads were stopped: 0.0015259 seconds, Stopping threads took: 0.0001701 seconds
2024-07-28T16:43:04.981+0800: 13.350: [CMS-concurrent-sweep-start]
2024-07-28T16:43:04.982+0800: 13.351: [CMS-concurrent-sweep: 0.002/0.002 secs] [Times: user=0.00 sys=0.00, real=0.00 secs] 
2024-07-28T16:43:04.983+0800: 13.352: [CMS-concurrent-reset-start]
2024-07-28T16:43:04.984+0800: 13.353: [CMS-concurrent-reset: 0.001/0.001 secs] [Times: user=0.00 sys=0.00, real=0.00 secs] 
2024-07-28T16:43:04.985+0800: 13.354: Application time: 0.0047957 seconds
2024-07-28T16:43:04.986+0800: 13.355: [GC (Allocation Failure) 2024-07-28T16:43:04.986+0800: 13.355: [ParNew: 77167K->8192K(78656K), 0.0128670 secs] 362495K->362129K(648072K), 0.0129160 secs] [Times: user=0.03 sys=0.00, real=0.01 secs] 
2024-07-28T16:43:04.998+0800: 13.368: Total time for which application threads were stopped: 0.0130300 seconds, Stopping threads took: 0.0000268 seconds
2024-07-28T16:43:04.999+0800: 13.368: Application time: 0.0001632 seconds
2024-07-28T16:43:04.999+0800: 13.368: [GC (CMS Initial Mark) [1 CMS-initial-mark: 353937K(569416K)] 365568K(648072K), 0.0005125 secs] [Times: user=0.00 sys=0.00, real=0.00 secs] 
2024-07-28T16:43:04.999+0800: 13.368: Total time for which application threads were stopped: 0.0006801 seconds, Stopping threads took: 0.0001240 seconds
2024-07-28T16:43:04.999+0800: 13.368: [CMS-concurrent-mark-start]
2024-07-28T16:43:05.001+0800: 13.370: [CMS-concurrent-mark: 0.002/0.002 secs] [Times: user=0.00 sys=0.00, real=0.00 secs] 
2024-07-28T16:43:05.001+0800: 13.370: [CMS-concurrent-preclean-start]
2024-07-28T16:43:05.002+0800: 13.371: [CMS-concurrent-preclean: 0.001/0.001 secs] [Times: user=0.00 sys=0.00, real=0.00 secs] 
2024-07-28T16:43:05.002+0800: 13.371: [CMS-concurrent-abortable-preclean-start]
Heap
 par new generation   total 78656K, used 29414K [0x00000000c8000000, 0x00000000cd550000, 0x00000000daaa0000)
  eden space 69952K,  30% used [0x00000000c8000000, 0x00000000c94b99c8, 0x00000000cc450000)
  from space 8704K,  94% used [0x00000000cccd0000, 0x00000000cd4d0080, 0x00000000cd550000)
  to   space 8704K,   0% used [0x00000000cc450000, 0x00000000cc450000, 0x00000000cccd0000)
 concurrent mark-sweep generation total 569416K, used 353937K [0x00000000daaa0000, 0x00000000fd6b2000, 0x0000000100000000)
 Metaspace       used 2943K, capacity 4486K, committed 4864K, reserved 1056768K
  class space    used 305K, capacity 386K, committed 512K, reserved 1048576K
2024-07-28T16:43:05.106+0800: 13.475: Application time: 0.1069314 seconds
