OpenJDK 64-Bit Server VM (25.412-b1) for windows-amd64 JRE (1.8.0_412-b1), built on Apr 23 2024 12:00:37 by "Administrator" with MS VC++ 10.0 (VS2010)
Memory: 4k page, physical 16672068k(5316888k free), swap 20603488k(4070644k free)
CommandLine flags: -XX:GCDrainStackTargetSize=64 -XX:InitialHeapSize=266753088 -XX:MaxHeapSize=939524096 -XX:MaxNewSize=313176064 -XX:MaxTenuringThreshold=13 -XX:OldPLABSize=16 -XX:+PrintGC -XX:+PrintGCApplicationConcurrentTime -XX:+PrintGCApplicationStoppedTime -XX:+PrintGCDateStamps -XX:+PrintGCDetails -XX:+PrintGCTimeStamps -XX:+UseCompressedClassPointers -XX:+UseCompressedOops -XX:+UseConcMarkSweepGC -XX:-UseLargePagesIndividualAllocation -XX:+UseParNewGC 
2024-07-28T16:43:18.882+0800: 0.107: Application time: 0.0360732 seconds
2024-07-28T16:43:18.882+0800: 0.107: [GC (Allocation Failure) 2024-07-28T16:43:18.882+0800: 0.107: [ParNew: 68984K->7910K(78656K), 0.0357826 secs] 68984K->68329K(253440K), 0.0359495 secs] [Times: user=0.03 sys=0.03, real=0.04 secs] 
2024-07-28T16:43:18.918+0800: 0.143: Total time for which application threads were stopped: 0.0360785 seconds, Stopping threads took: 0.0000193 seconds
2024-07-28T16:43:19.035+0800: 0.261: Application time: 0.1174212 seconds
2024-07-28T16:43:19.035+0800: 0.261: [GC (Allocation Failure) 2024-07-28T16:43:19.035+0800: 0.261: [ParNew: 76880K->8476K(78656K), 0.0235379 secs] 137299K->137128K(253440K), 0.0235975 secs] [Times: user=0.11 sys=0.00, real=0.02 secs] 
2024-07-28T16:43:19.059+0800: 0.284: Total time for which application threads were stopped: 0.0237093 seconds, Stopping threads took: 0.0000202 seconds
2024-07-28T16:43:19.059+0800: 0.285: Application time: 0.0002560 seconds
2024-07-28T16:43:19.059+0800: 0.285: [GC (CMS Initial Mark) [1 CMS-initial-mark: 128651K(174784K)] 140555K(253440K), 0.0008301 secs] [Times: user=0.00 sys=0.00, real=0.00 secs] 
2024-07-28T16:43:19.060+0800: 0.286: Total time for which application threads were stopped: 0.0009364 seconds, Stopping threads took: 0.0000644 seconds
2024-07-28T16:43:19.060+0800: 0.286: [CMS-concurrent-mark-start]
2024-07-28T16:43:19.063+0800: 0.289: [CMS-concurrent-mark: 0.003/0.003 secs] [Times: user=0.00 sys=0.00, real=0.00 secs] 
2024-07-28T16:43:19.063+0800: 0.289: [CMS-concurrent-preclean-start]
2024-07-28T16:43:19.064+0800: 0.290: [CMS-concurrent-preclean: 0.001/0.001 secs] [Times: user=0.00 sys=0.00, real=0.00 secs] 
2024-07-28T16:43:19.064+0800: 0.290: [CMS-concurrent-abortable-preclean-start]
2024-07-28T16:43:19.175+0800: 0.400: Application time: 0.1140059 seconds
2024-07-28T16:43:19.175+0800: 0.400: [GC (Allocation Failure) 2024-07-28T16:43:19.175+0800: 0.400: [ParNew: 77440K->28K(78656K), 0.0012738 secs] 206092K->128681K(253440K), 0.0013355 secs] [Times: user=0.01 sys=0.00, real=0.00 secs] 
2024-07-28T16:43:19.176+0800: 0.401: Total time for which application threads were stopped: 0.0014516 seconds, Stopping threads took: 0.0000207 seconds
2024-07-28T16:43:19.180+0800: 0.406: Application time: 0.0045779 seconds
2024-07-28T16:43:19.180+0800: 0.406: [GC (Allocation Failure) 2024-07-28T16:43:19.180+0800: 0.406: [ParNew: 68997K->8196K(78656K), 0.0285614 secs] 197650K->197266K(268860K), 0.0286227 secs] [Times: user=0.06 sys=0.00, real=0.03 secs] 
2024-07-28T16:43:19.209+0800: 0.434: Total time for which application threads were stopped: 0.0287232 seconds, Stopping threads took: 0.0000151 seconds
2024-07-28T16:43:19.317+0800: 0.543: Application time: 0.1086778 seconds
2024-07-28T16:43:19.318+0800: 0.543: [GC (Allocation Failure) 2024-07-28T16:43:19.318+0800: 0.543: [ParNew: 77168K->8192K(78656K), 0.0262170 secs] 266238K->265872K(337736K), 0.0262802 secs] [Times: user=0.03 sys=0.02, real=0.03 secs] 
2024-07-28T16:43:19.344+0800: 0.569: Total time for which application threads were stopped: 0.0263981 seconds, Stopping threads took: 0.0000198 seconds
2024-07-28T16:43:19.344+0800: 0.569: [CMS-concurrent-abortable-preclean: 0.003/0.280 secs] [Times: user=0.13 sys=0.02, real=0.28 secs] 
2024-07-28T16:43:19.344+0800: 0.570: Application time: 0.0003433 seconds
2024-07-28T16:43:19.344+0800: 0.570: [GC (CMS Final Remark) [YG occupancy: 12652 K (78656 K)]2024-07-28T16:43:19.344+0800: 0.570: [Rescan (parallel) , 0.0006945 secs]2024-07-28T16:43:19.345+0800: 0.571: [weak refs processing, 0.0000130 secs]2024-07-28T16:43:19.345+0800: 0.571: [class unloading, 0.0002330 secs]2024-07-28T16:43:19.345+0800: 0.571: [scrub symbol table, 0.0004036 secs]2024-07-28T16:43:19.346+0800: 0.571: [scrub string table, 0.0001073 secs][1 CMS-remark: 257680K(259080K)] 270332K(337736K), 0.0015959 secs] [Times: user=0.00 sys=0.00, real=0.00 secs] 
2024-07-28T16:43:19.346+0800: 0.572: Total time for which application threads were stopped: 0.0018020 seconds, Stopping threads took: 0.0001661 seconds
2024-07-28T16:43:19.346+0800: 0.572: [CMS-concurrent-sweep-start]
2024-07-28T16:43:19.347+0800: 0.573: [CMS-concurrent-sweep: 0.001/0.001 secs] [Times: user=0.01 sys=0.01, real=0.00 secs] 
2024-07-28T16:43:19.349+0800: 0.575: [CMS-concurrent-reset-start]
2024-07-28T16:43:19.354+0800: 0.580: [CMS-concurrent-reset: 0.005/0.005 secs] [Times: user=0.00 sys=0.00, real=0.01 secs] 
2024-07-28T16:43:19.458+0800: 0.683: Application time: 0.1111140 seconds
2024-07-28T16:43:19.458+0800: 0.683: [GC (Allocation Failure) 2024-07-28T16:43:19.458+0800: 0.683: [ParNew: 77165K->1024K(78656K), 0.0012468 secs] 334844K->258703K(508124K), 0.0013043 secs] [Times: user=0.00 sys=0.00, real=0.00 secs] 
2024-07-28T16:43:19.459+0800: 0.684: Total time for which application threads were stopped: 0.0014288 seconds, Stopping threads took: 0.0000212 seconds
2024-07-28T16:43:19.459+0800: 0.684: Application time: 0.0001325 seconds
2024-07-28T16:43:19.459+0800: 0.684: [GC (CMS Initial Mark) [1 CMS-initial-mark: 257679K(429468K)] 262140K(508124K), 0.0008204 secs] [Times: user=0.00 sys=0.00, real=0.00 secs] 
2024-07-28T16:43:19.460+0800: 0.685: Total time for which application threads were stopped: 0.0010232 seconds, Stopping threads took: 0.0001623 seconds
2024-07-28T16:43:19.460+0800: 0.685: [CMS-concurrent-mark-start]
2024-07-28T16:43:19.463+0800: 0.689: [CMS-concurrent-mark: 0.003/0.003 secs] [Times: user=0.00 sys=0.00, real=0.00 secs] 
2024-07-28T16:43:19.463+0800: 0.689: [CMS-concurrent-preclean-start]
2024-07-28T16:43:19.464+0800: 0.690: [CMS-concurrent-preclean: 0.001/0.001 secs] [Times: user=0.00 sys=0.00, real=0.00 secs] 
2024-07-28T16:43:19.464+0800: 0.690: [CMS-concurrent-abortable-preclean-start]
2024-07-28T16:43:19.465+0800: 0.690: Application time: 0.0051511 seconds
2024-07-28T16:43:19.465+0800: 0.690: [GC (Allocation Failure) 2024-07-28T16:43:19.465+0800: 0.690: [ParNew: 69998K->8192K(78656K), 0.0345190 secs] 327677K->327312K(508124K), 0.0345753 secs] [Times: user=0.03 sys=0.03, real=0.03 secs] 
2024-07-28T16:43:19.500+0800: 0.725: Total time for which application threads were stopped: 0.0346745 seconds, Stopping threads took: 0.0000135 seconds
2024-07-28T16:43:19.618+0800: 0.843: Application time: 0.1183759 seconds
2024-07-28T16:43:19.619+0800: 0.844: [GC (Allocation Failure) 2024-07-28T16:43:19.619+0800: 0.844: [ParNew: 77167K->8192K(78656K), 0.0366651 secs] 396287K->395921K(508124K), 0.0367246 secs] [Times: user=0.03 sys=0.03, real=0.04 secs] 
2024-07-28T16:43:19.655+0800: 0.880: Total time for which application threads were stopped: 0.0368413 seconds, Stopping threads took: 0.0000204 seconds
2024-07-28T16:43:19.655+0800: 0.880: [CMS-concurrent-abortable-preclean: 0.002/0.190 secs] [Times: user=0.06 sys=0.06, real=0.19 secs] 
2024-07-28T16:43:19.655+0800: 0.881: Application time: 0.0003112 seconds
2024-07-28T16:43:19.655+0800: 0.881: [GC (CMS Final Remark) [YG occupancy: 12654 K (78656 K)]2024-07-28T16:43:19.655+0800: 0.881: [Rescan (parallel) , 0.0011185 secs]2024-07-28T16:43:19.656+0800: 0.882: [weak refs processing, 0.0000129 secs]2024-07-28T16:43:19.656+0800: 0.882: [class unloading, 0.0001805 secs]2024-07-28T16:43:19.657+0800: 0.882: [scrub symbol table, 0.0003468 secs]2024-07-28T16:43:19.657+0800: 0.883: [scrub string table, 0.0000996 secs][1 CMS-remark: 387729K(429468K)] 400384K(508124K), 0.0018252 secs] [Times: user=0.00 sys=0.00, real=0.00 secs] 
2024-07-28T16:43:19.657+0800: 0.883: Total time for which application threads were stopped: 0.0020407 seconds, Stopping threads took: 0.0001656 seconds
2024-07-28T16:43:19.657+0800: 0.883: [CMS-concurrent-sweep-start]
2024-07-28T16:43:19.659+0800: 0.884: [CMS-concurrent-sweep: 0.001/0.001 secs] [Times: user=0.00 sys=0.00, real=0.00 secs] 
2024-07-28T16:43:19.659+0800: 0.884: [CMS-concurrent-reset-start]
2024-07-28T16:43:19.660+0800: 0.886: [CMS-concurrent-reset: 0.001/0.001 secs] [Times: user=0.03 sys=0.00, real=0.00 secs] 
2024-07-28T16:43:19.773+0800: 0.998: Application time: 0.1152562 seconds
2024-07-28T16:43:19.773+0800: 0.998: [GC (Allocation Failure) 2024-07-28T16:43:19.773+0800: 0.998: [ParNew: 77167K->2048K(78656K), 0.0012645 secs] 207869K->132749K(508124K), 0.0013728 secs] [Times: user=0.00 sys=0.00, real=0.00 secs] 
2024-07-28T16:43:19.774+0800: 0.999: Total time for which application threads were stopped: 0.0015552 seconds, Stopping threads took: 0.0000568 seconds
2024-07-28T16:43:19.779+0800: 1.005: Application time: 0.0050419 seconds
2024-07-28T16:43:19.779+0800: 1.005: [GC (Allocation Failure) 2024-07-28T16:43:19.779+0800: 1.005: [ParNew: 71024K->8192K(78656K), 0.0282801 secs] 201725K->201358K(508124K), 0.0283254 secs] [Times: user=0.06 sys=0.00, real=0.03 secs] 
2024-07-28T16:43:19.807+0800: 1.033: Total time for which application threads were stopped: 0.0284385 seconds, Stopping threads took: 0.0000256 seconds
2024-07-28T16:43:19.808+0800: 1.033: Application time: 0.0002367 seconds
2024-07-28T16:43:19.808+0800: 1.033: [GC (CMS Initial Mark) [1 CMS-initial-mark: 193166K(429468K)] 204797K(508124K), 0.0007665 secs] [Times: user=0.00 sys=0.00, real=0.00 secs] 
2024-07-28T16:43:19.809+0800: 1.034: Total time for which application threads were stopped: 0.0008758 seconds, Stopping threads took: 0.0000649 seconds
2024-07-28T16:43:19.809+0800: 1.034: [CMS-concurrent-mark-start]
2024-07-28T16:43:19.811+0800: 1.037: [CMS-concurrent-mark: 0.002/0.002 secs] [Times: user=0.00 sys=0.00, real=0.00 secs] 
2024-07-28T16:43:19.811+0800: 1.037: [CMS-concurrent-preclean-start]
2024-07-28T16:43:19.811+0800: 1.037: [CMS-concurrent-preclean: 0.001/0.001 secs] [Times: user=0.00 sys=0.00, real=0.00 secs] 
2024-07-28T16:43:19.812+0800: 1.037: [CMS-concurrent-abortable-preclean-start]
2024-07-28T16:43:19.914+0800: 1.139: Application time: 0.1052260 seconds
2024-07-28T16:43:19.914+0800: 1.139: [GC (Allocation Failure) 2024-07-28T16:43:19.914+0800: 1.139: [ParNew: 77168K->8192K(78656K), 0.0119447 secs] 270334K->269967K(508124K), 0.0120200 secs] [Times: user=0.00 sys=0.00, real=0.01 secs] 
2024-07-28T16:43:19.927+0800: 1.151: Total time for which application threads were stopped: 0.0121378 seconds, Stopping threads took: 0.0000197 seconds
2024-07-28T16:43:20.039+0800: 1.264: Application time: 0.1129357 seconds
2024-07-28T16:43:20.040+0800: 1.264: [GC (Allocation Failure) 2024-07-28T16:43:20.040+0800: 1.265: [ParNew: 77168K->3072K(78656K), 0.0014217 secs] 338943K->264847K(508124K), 0.0014825 secs] [Times: user=0.00 sys=0.00, real=0.00 secs] 
2024-07-28T16:43:20.041+0800: 1.266: Total time for which application threads were stopped: 0.0016044 seconds, Stopping threads took: 0.0000204 seconds
2024-07-28T16:43:20.046+0800: 1.271: Application time: 0.0045161 seconds
2024-07-28T16:43:20.046+0800: 1.271: [GC (Allocation Failure) 2024-07-28T16:43:20.046+0800: 1.271: [ParNew: 72048K->8192K(78656K), 0.0115297 secs] 333823K->333456K(508124K), 0.0115915 secs] [Times: user=0.03 sys=0.00, real=0.01 secs] 
2024-07-28T16:43:20.057+0800: 1.282: Total time for which application threads were stopped: 0.0117199 seconds, Stopping threads took: 0.0000195 seconds
2024-07-28T16:43:20.057+0800: 1.282: [CMS-concurrent-abortable-preclean: 0.003/0.245 secs] [Times: user=0.05 sys=0.00, real=0.24 secs] 
2024-07-28T16:43:20.058+0800: 1.283: Application time: 0.0002956 seconds
2024-07-28T16:43:20.058+0800: 1.283: [GC (CMS Final Remark) [YG occupancy: 12655 K (78656 K)]2024-07-28T16:43:20.058+0800: 1.283: [Rescan (parallel) , 0.0009409 secs]2024-07-28T16:43:20.059+0800: 1.284: [weak refs processing, 0.0000132 secs]2024-07-28T16:43:20.059+0800: 1.284: [class unloading, 0.0001907 secs]2024-07-28T16:43:20.059+0800: 1.284: [scrub symbol table, 0.0003430 secs]2024-07-28T16:43:20.059+0800: 1.284: [scrub string table, 0.0001000 secs][1 CMS-remark: 325264K(429468K)] 337920K(508124K), 0.0016565 secs] [Times: user=0.00 sys=0.00, real=0.00 secs] 
2024-07-28T16:43:20.059+0800: 1.284: Total time for which application threads were stopped: 0.0018371 seconds, Stopping threads took: 0.0001445 seconds
2024-07-28T16:43:20.060+0800: 1.285: [CMS-concurrent-sweep-start]
2024-07-28T16:43:20.061+0800: 1.286: [CMS-concurrent-sweep: 0.001/0.001 secs] [Times: user=0.00 sys=0.00, real=0.00 secs] 
2024-07-28T16:43:20.061+0800: 1.286: [CMS-concurrent-reset-start]
2024-07-28T16:43:20.062+0800: 1.287: [CMS-concurrent-reset: 0.001/0.001 secs] [Times: user=0.00 sys=0.00, real=0.00 secs] 
2024-07-28T16:43:20.167+0800: 1.392: Application time: 0.1074205 seconds
2024-07-28T16:43:20.167+0800: 1.392: [GC (Allocation Failure) 2024-07-28T16:43:20.167+0800: 1.392: [ParNew: 77168K->8192K(78656K), 0.0122575 secs] 272383K->272015K(508124K), 0.0123157 secs] [Times: user=0.03 sys=0.00, real=0.01 secs] 
2024-07-28T16:43:20.179+0800: 1.404: Total time for which application threads were stopped: 0.0124290 seconds, Stopping threads took: 0.0000205 seconds
2024-07-28T16:43:20.179+0800: 1.404: Application time: 0.0002234 seconds
2024-07-28T16:43:20.179+0800: 1.405: [GC (CMS Initial Mark) [1 CMS-initial-mark: 263823K(429468K)] 275455K(508124K), 0.0004387 secs] [Times: user=0.00 sys=0.00, real=0.00 secs] 
2024-07-28T16:43:20.180+0800: 1.405: Total time for which application threads were stopped: 0.0006548 seconds, Stopping threads took: 0.0001734 seconds
2024-07-28T16:43:20.180+0800: 1.405: [CMS-concurrent-mark-start]
2024-07-28T16:43:20.184+0800: 1.409: [CMS-concurrent-mark: 0.004/0.004 secs] [Times: user=0.00 sys=0.00, real=0.00 secs] 
2024-07-28T16:43:20.184+0800: 1.409: [CMS-concurrent-preclean-start]
2024-07-28T16:43:20.185+0800: 1.410: [CMS-concurrent-preclean: 0.001/0.001 secs] [Times: user=0.00 sys=0.00, real=0.00 secs] 
2024-07-28T16:43:20.185+0800: 1.410: [CMS-concurrent-abortable-preclean-start]
2024-07-28T16:43:20.292+0800: 1.517: Application time: 0.1116746 seconds
2024-07-28T16:43:20.292+0800: 1.517: [GC (Allocation Failure) 2024-07-28T16:43:20.292+0800: 1.517: [ParNew: 77168K->4096K(78656K), 0.0015612 secs] 340992K->267919K(508124K), 0.0016250 secs] [Times: user=0.00 sys=0.00, real=0.00 secs] 
2024-07-28T16:43:20.293+0800: 1.519: Total time for which application threads were stopped: 0.0017342 seconds, Stopping threads took: 0.0000206 seconds
2024-07-28T16:43:20.298+0800: 1.523: Application time: 0.0043641 seconds
2024-07-28T16:43:20.298+0800: 1.523: [GC (Allocation Failure) 2024-07-28T16:43:20.298+0800: 1.523: [ParNew: 73072K->8192K(78656K), 0.0112752 secs] 336896K->336528K(508124K), 0.0113232 secs] [Times: user=0.03 sys=0.00, real=0.01 secs] 
2024-07-28T16:43:20.309+0800: 1.534: Total time for which application threads were stopped: 0.0114191 seconds, Stopping threads took: 0.0000135 seconds
2024-07-28T16:43:20.417+0800: 1.642: Application time: 0.1078784 seconds
2024-07-28T16:43:20.417+0800: 1.642: [GC (Allocation Failure) 2024-07-28T16:43:20.417+0800: 1.642: [ParNew: 77168K->8192K(78656K), 0.0122049 secs] 405505K->405137K(508124K), 0.0122648 secs] [Times: user=0.02 sys=0.02, real=0.01 secs] 
2024-07-28T16:43:20.429+0800: 1.655: Total time for which application threads were stopped: 0.0123767 seconds, Stopping threads took: 0.0000204 seconds
2024-07-28T16:43:20.429+0800: 1.655: [CMS-concurrent-abortable-preclean: 0.005/0.245 secs] [Times: user=0.05 sys=0.02, real=0.24 secs] 
2024-07-28T16:43:20.429+0800: 1.655: Application time: 0.0003193 seconds
2024-07-28T16:43:20.430+0800: 1.655: [GC (CMS Final Remark) [YG occupancy: 12655 K (78656 K)]2024-07-28T16:43:20.430+0800: 1.655: [Rescan (parallel) , 0.0008142 secs]2024-07-28T16:43:20.430+0800: 1.656: [weak refs processing, 0.0000648 secs]2024-07-28T16:43:20.431+0800: 1.656: [class unloading, 0.0002100 secs]2024-07-28T16:43:20.431+0800: 1.656: [scrub symbol table, 0.0003440 secs]2024-07-28T16:43:20.431+0800: 1.657: [scrub string table, 0.0000994 secs][1 CMS-remark: 396945K(429468K)] 409601K(508124K), 0.0016117 secs] [Times: user=0.00 sys=0.00, real=0.00 secs] 
2024-07-28T16:43:20.431+0800: 1.657: Total time for which application threads were stopped: 0.0018331 seconds, Stopping threads took: 0.0001628 seconds
2024-07-28T16:43:20.431+0800: 1.657: [CMS-concurrent-sweep-start]
2024-07-28T16:43:20.433+0800: 1.659: [CMS-concurrent-sweep: 0.002/0.002 secs] [Times: user=0.00 sys=0.00, real=0.00 secs] 
2024-07-28T16:43:20.433+0800: 1.659: [CMS-concurrent-reset-start]
2024-07-28T16:43:20.434+0800: 1.660: [CMS-concurrent-reset: 0.001/0.001 secs] [Times: user=0.00 sys=0.00, real=0.00 secs] 
2024-07-28T16:43:20.542+0800: 1.767: Application time: 0.1099980 seconds
2024-07-28T16:43:20.542+0800: 1.767: [GC (Allocation Failure) 2024-07-28T16:43:20.542+0800: 1.767: [ParNew: 77168K->5120K(78656K), 0.0020766 secs] 343040K->270991K(521776K), 0.0021298 secs] [Times: user=0.00 sys=0.00, real=0.00 secs] 
2024-07-28T16:43:20.544+0800: 1.769: Total time for which application threads were stopped: 0.0022364 seconds, Stopping threads took: 0.0000188 seconds
2024-07-28T16:43:20.548+0800: 1.773: Application time: 0.0044268 seconds
2024-07-28T16:43:20.548+0800: 1.773: [GC (Allocation Failure) 2024-07-28T16:43:20.548+0800: 1.773: [ParNew: 74096K->8192K(78656K), 0.0115466 secs] 339968K->339600K(521776K), 0.0115936 secs] [Times: user=0.03 sys=0.00, real=0.01 secs] 
2024-07-28T16:43:20.560+0800: 1.785: Total time for which application threads were stopped: 0.0116890 seconds, Stopping threads took: 0.0000145 seconds
2024-07-28T16:43:20.560+0800: 1.785: Application time: 0.0001694 seconds
2024-07-28T16:43:20.560+0800: 1.785: [GC (CMS Initial Mark) [1 CMS-initial-mark: 331408K(443120K)] 343040K(521776K), 0.0007717 secs] [Times: user=0.00 sys=0.00, real=0.00 secs] 
2024-07-28T16:43:20.561+0800: 1.786: Total time for which application threads were stopped: 0.0009451 seconds, Stopping threads took: 0.0001304 seconds
2024-07-28T16:43:20.561+0800: 1.786: [CMS-concurrent-mark-start]
2024-07-28T16:43:20.563+0800: 1.789: [CMS-concurrent-mark: 0.002/0.002 secs] [Times: user=0.00 sys=0.00, real=0.00 secs] 
2024-07-28T16:43:20.563+0800: 1.789: [CMS-concurrent-preclean-start]
2024-07-28T16:43:20.564+0800: 1.789: [CMS-concurrent-preclean: 0.001/0.001 secs] [Times: user=0.00 sys=0.00, real=0.00 secs] 
2024-07-28T16:43:20.564+0800: 1.789: [CMS-concurrent-abortable-preclean-start]
2024-07-28T16:43:20.670+0800: 1.895: Application time: 0.1086482 seconds
2024-07-28T16:43:20.670+0800: 1.895: [GC (Allocation Failure) 2024-07-28T16:43:20.670+0800: 1.895: [ParNew: 77168K->8192K(78656K), 0.0121131 secs] 408577K->408209K(521776K), 0.0121719 secs] [Times: user=0.03 sys=0.00, real=0.01 secs] 
2024-07-28T16:43:20.682+0800: 1.907: Total time for which application threads were stopped: 0.0122961 seconds, Stopping threads took: 0.0000192 seconds
2024-07-28T16:43:20.793+0800: 2.018: Application time: 0.1113251 seconds
2024-07-28T16:43:20.793+0800: 2.019: [GC (Allocation Failure) 2024-07-28T16:43:20.793+0800: 2.019: [ParNew: 77168K->6144K(78656K), 0.0021985 secs] 477186K->406161K(521776K), 0.0022488 secs] [Times: user=0.00 sys=0.00, real=0.00 secs] 
2024-07-28T16:43:20.795+0800: 2.021: Total time for which application threads were stopped: 0.0023568 seconds, Stopping threads took: 0.0000208 seconds
2024-07-28T16:43:20.795+0800: 2.021: [CMS-concurrent-abortable-preclean: 0.004/0.232 secs] [Times: user=0.03 sys=0.00, real=0.23 secs] 
2024-07-28T16:43:20.796+0800: 2.021: Application time: 0.0002652 seconds
2024-07-28T16:43:20.796+0800: 2.021: [GC (CMS Final Remark) [YG occupancy: 9583 K (78656 K)]2024-07-28T16:43:20.796+0800: 2.021: [Rescan (parallel) , 0.0008080 secs]2024-07-28T16:43:20.796+0800: 2.022: [weak refs processing, 0.0000130 secs]2024-07-28T16:43:20.796+0800: 2.022: [class unloading, 0.0001960 secs]2024-07-28T16:43:20.797+0800: 2.022: [scrub symbol table, 0.0003443 secs]2024-07-28T16:43:20.797+0800: 2.023: [scrub string table, 0.0001026 secs][1 CMS-remark: 400017K(443120K)] 409601K(521776K), 0.0015338 secs] [Times: user=0.00 sys=0.00, real=0.00 secs] 
2024-07-28T16:43:20.797+0800: 2.023: Total time for which application threads were stopped: 0.0016600 seconds, Stopping threads took: 0.0000892 seconds
2024-07-28T16:43:20.797+0800: 2.023: [CMS-concurrent-sweep-start]
2024-07-28T16:43:20.799+0800: 2.024: [CMS-concurrent-sweep: 0.001/0.001 secs] [Times: user=0.00 sys=0.00, real=0.00 secs] 
2024-07-28T16:43:20.799+0800: 2.024: [CMS-concurrent-reset-start]
2024-07-28T16:43:20.800+0800: 2.026: [CMS-concurrent-reset: 0.001/0.001 secs] [Times: user=0.00 sys=0.00, real=0.00 secs] 
2024-07-28T16:43:20.802+0800: 2.028: Application time: 0.0048270 seconds
2024-07-28T16:43:20.802+0800: 2.028: [GC (Allocation Failure) 2024-07-28T16:43:20.802+0800: 2.028: [ParNew: 75120K->8192K(78656K), 0.0167409 secs] 209918K->209550K(521776K), 0.0168015 secs] [Times: user=0.03 sys=0.00, real=0.02 secs] 
2024-07-28T16:43:20.819+0800: 2.045: Total time for which application threads were stopped: 0.0168979 seconds, Stopping threads took: 0.0000137 seconds
2024-07-28T16:43:20.819+0800: 2.045: Application time: 0.0002312 seconds
2024-07-28T16:43:20.819+0800: 2.045: [GC (CMS Initial Mark) [1 CMS-initial-mark: 201358K(443120K)] 212990K(521776K), 0.0007530 secs] [Times: user=0.00 sys=0.00, real=0.00 secs] 
2024-07-28T16:43:20.820+0800: 2.046: Total time for which application threads were stopped: 0.0009263 seconds, Stopping threads took: 0.0001307 seconds
2024-07-28T16:43:20.820+0800: 2.046: [CMS-concurrent-mark-start]
2024-07-28T16:43:20.822+0800: 2.048: [CMS-concurrent-mark: 0.002/0.002 secs] [Times: user=0.00 sys=0.00, real=0.00 secs] 
2024-07-28T16:43:20.822+0800: 2.048: [CMS-concurrent-preclean-start]
2024-07-28T16:43:20.823+0800: 2.048: [CMS-concurrent-preclean: 0.001/0.001 secs] [Times: user=0.00 sys=0.00, real=0.00 secs] 
2024-07-28T16:43:20.823+0800: 2.048: [CMS-concurrent-abortable-preclean-start]
2024-07-28T16:43:20.934+0800: 2.160: Application time: 0.1138736 seconds
2024-07-28T16:43:20.934+0800: 2.160: [GC (Allocation Failure) 2024-07-28T16:43:20.934+0800: 2.160: [ParNew: 77168K->8192K(78656K), 0.0118730 secs] 278527K->278159K(521776K), 0.0119324 secs] [Times: user=0.03 sys=0.00, real=0.01 secs] 
2024-07-28T16:43:20.946+0800: 2.172: Total time for which application threads were stopped: 0.0120556 seconds, Stopping threads took: 0.0000197 seconds
2024-07-28T16:43:21.059+0800: 2.284: Application time: 0.1125602 seconds
2024-07-28T16:43:21.059+0800: 2.284: [GC (Allocation Failure) 2024-07-28T16:43:21.059+0800: 2.284: [ParNew: 77168K->7168K(78656K), 0.0020026 secs] 347136K->277135K(521776K), 0.0020604 secs] [Times: user=0.00 sys=0.00, real=0.00 secs] 
2024-07-28T16:43:21.061+0800: 2.286: Total time for which application threads were stopped: 0.0021777 seconds, Stopping threads took: 0.0000251 seconds
2024-07-28T16:43:21.065+0800: 2.291: Application time: 0.0043370 seconds
2024-07-28T16:43:21.065+0800: 2.291: [GC (Allocation Failure) 2024-07-28T16:43:21.065+0800: 2.291: [ParNew: 76144K->8192K(78656K), 0.0120482 secs] 346112K->345744K(521776K), 0.0120972 secs] [Times: user=0.03 sys=0.00, real=0.01 secs] 
2024-07-28T16:43:21.077+0800: 2.303: Total time for which application threads were stopped: 0.0122152 seconds, Stopping threads took: 0.0000283 seconds
2024-07-28T16:43:21.077+0800: 2.303: [CMS-concurrent-abortable-preclean: 0.004/0.255 secs] [Times: user=0.06 sys=0.00, real=0.25 secs] 
2024-07-28T16:43:21.078+0800: 2.303: Application time: 0.0003079 seconds
2024-07-28T16:43:21.078+0800: 2.303: [GC (CMS Final Remark) [YG occupancy: 12655 K (78656 K)]2024-07-28T16:43:21.078+0800: 2.303: [Rescan (parallel) , 0.0009900 secs]2024-07-28T16:43:21.079+0800: 2.304: [weak refs processing, 0.0000127 secs]2024-07-28T16:43:21.079+0800: 2.304: [class unloading, 0.0001759 secs]2024-07-28T16:43:21.079+0800: 2.305: [scrub symbol table, 0.0003451 secs]2024-07-28T16:43:21.079+0800: 2.305: [scrub string table, 0.0001115 secs][1 CMS-remark: 337552K(443120K)] 350208K(521776K), 0.0017032 secs] [Times: user=0.00 sys=0.00, real=0.00 secs] 
2024-07-28T16:43:21.079+0800: 2.305: Total time for which application threads were stopped: 0.0018930 seconds, Stopping threads took: 0.0001496 seconds
2024-07-28T16:43:21.081+0800: 2.305: [CMS-concurrent-sweep-start]
2024-07-28T16:43:21.081+0800: 2.307: [CMS-concurrent-sweep: 0.001/0.001 secs] [Times: user=0.00 sys=0.00, real=0.00 secs] 
2024-07-28T16:43:21.081+0800: 2.307: [CMS-concurrent-reset-start]
2024-07-28T16:43:21.082+0800: 2.307: [CMS-concurrent-reset: 0.001/0.001 secs] [Times: user=0.01 sys=0.01, real=0.00 secs] 
2024-07-28T16:43:21.187+0800: 2.413: Application time: 0.1074033 seconds
2024-07-28T16:43:21.187+0800: 2.413: [GC (Allocation Failure) 2024-07-28T16:43:21.187+0800: 2.413: [ParNew: 77168K->8192K(78656K), 0.0121213 secs] 280575K->280207K(521776K), 0.0121802 secs] [Times: user=0.03 sys=0.00, real=0.01 secs] 
2024-07-28T16:43:21.199+0800: 2.425: Total time for which application threads were stopped: 0.0123075 seconds, Stopping threads took: 0.0000232 seconds
2024-07-28T16:43:21.199+0800: 2.425: Application time: 0.0002661 seconds
2024-07-28T16:43:21.200+0800: 2.425: [GC (CMS Initial Mark) [1 CMS-initial-mark: 272015K(443120K)] 283647K(521776K), 0.0006013 secs] [Times: user=0.00 sys=0.00, real=0.00 secs] 
2024-07-28T16:43:21.200+0800: 2.426: Total time for which application threads were stopped: 0.0007829 seconds, Stopping threads took: 0.0001319 seconds
2024-07-28T16:43:21.200+0800: 2.426: [CMS-concurrent-mark-start]
2024-07-28T16:43:21.204+0800: 2.430: [CMS-concurrent-mark: 0.004/0.004 secs] [Times: user=0.00 sys=0.00, real=0.00 secs] 
2024-07-28T16:43:21.204+0800: 2.430: [CMS-concurrent-preclean-start]
2024-07-28T16:43:21.205+0800: 2.431: [CMS-concurrent-preclean: 0.001/0.001 secs] [Times: user=0.00 sys=0.00, real=0.00 secs] 
2024-07-28T16:43:21.205+0800: 2.431: [CMS-concurrent-abortable-preclean-start]
2024-07-28T16:43:21.310+0800: 2.535: Application time: 0.1092848 seconds
2024-07-28T16:43:21.310+0800: 2.535: [GC (Allocation Failure) 2024-07-28T16:43:21.310+0800: 2.535: [ParNew: 77168K->8192K(78656K), 0.0024500 secs] 349184K->280207K(521776K), 0.0025021 secs] [Times: user=0.00 sys=0.00, real=0.00 secs] 
2024-07-28T16:43:21.313+0800: 2.538: Total time for which application threads were stopped: 0.0026227 seconds, Stopping threads took: 0.0000192 seconds
2024-07-28T16:43:21.317+0800: 2.542: Application time: 0.0044615 seconds
2024-07-28T16:43:21.317+0800: 2.542: [GC (Allocation Failure) 2024-07-28T16:43:21.317+0800: 2.542: [ParNew: 77168K->8192K(78656K), 0.0121700 secs] 349184K->348816K(521776K), 0.0122287 secs] [Times: user=0.00 sys=0.00, real=0.01 secs] 
2024-07-28T16:43:21.329+0800: 2.555: Total time for which application threads were stopped: 0.0123275 seconds, Stopping threads took: 0.0000140 seconds
2024-07-28T16:43:21.440+0800: 2.665: Application time: 0.1101087 seconds
2024-07-28T16:43:21.440+0800: 2.665: [GC (Allocation Failure) 2024-07-28T16:43:21.440+0800: 2.665: [ParNew: 77168K->8192K(78656K), 0.0124648 secs] 417793K->417425K(521776K), 0.0125289 secs] [Times: user=0.03 sys=0.00, real=0.01 secs] 
2024-07-28T16:43:21.452+0800: 2.677: Total time for which application threads were stopped: 0.0126412 seconds, Stopping threads took: 0.0000196 seconds
2024-07-28T16:43:21.452+0800: 2.677: [CMS-concurrent-abortable-preclean: 0.006/0.247 secs] [Times: user=0.05 sys=0.00, real=0.25 secs] 
2024-07-28T16:43:21.452+0800: 2.678: Application time: 0.0003780 seconds
2024-07-28T16:43:21.452+0800: 2.678: [GC (CMS Final Remark) [YG occupancy: 14703 K (78656 K)]2024-07-28T16:43:21.452+0800: 2.678: [Rescan (parallel) , 0.0009556 secs]2024-07-28T16:43:21.453+0800: 2.679: [weak refs processing, 0.0000128 secs]2024-07-28T16:43:21.453+0800: 2.679: [class unloading, 0.0001739 secs]2024-07-28T16:43:21.453+0800: 2.679: [scrub symbol table, 0.0003526 secs]2024-07-28T16:43:21.454+0800: 2.679: [scrub string table, 0.0001123 secs][1 CMS-remark: 409233K(443120K)] 423937K(521776K), 0.0016728 secs] [Times: user=0.00 sys=0.00, real=0.00 secs] 
2024-07-28T16:43:21.454+0800: 2.680: Total time for which application threads were stopped: 0.0018450 seconds, Stopping threads took: 0.0001343 seconds
2024-07-28T16:43:21.454+0800: 2.680: [CMS-concurrent-sweep-start]
2024-07-28T16:43:21.455+0800: 2.681: [CMS-concurrent-sweep: 0.001/0.001 secs] [Times: user=0.00 sys=0.00, real=0.00 secs] 
2024-07-28T16:43:21.455+0800: 2.681: [CMS-concurrent-reset-start]
2024-07-28T16:43:21.458+0800: 2.682: [CMS-concurrent-reset: 0.001/0.001 secs] [Times: user=0.03 sys=0.00, real=0.00 secs] 
2024-07-28T16:43:21.563+0800: 2.788: Application time: 0.1087651 seconds
2024-07-28T16:43:21.563+0800: 2.788: [GC (Allocation Failure) 2024-07-28T16:43:21.563+0800: 2.788: [ParNew: 77168K->8192K(78656K), 0.0031154 secs] 351232K->283279K(535432K), 0.0031849 secs] [Times: user=0.00 sys=0.00, real=0.00 secs] 
2024-07-28T16:43:21.566+0800: 2.792: Total time for which application threads were stopped: 0.0033352 seconds, Stopping threads took: 0.0000420 seconds
2024-07-28T16:43:21.566+0800: 2.792: Application time: 0.0002350 seconds
2024-07-28T16:43:21.566+0800: 2.792: [GC (CMS Initial Mark) [1 CMS-initial-mark: 275087K(456776K)] 286719K(535432K), 0.0007653 secs] [Times: user=0.00 sys=0.00, real=0.00 secs] 
2024-07-28T16:43:21.567+0800: 2.793: Total time for which application threads were stopped: 0.0008892 seconds, Stopping threads took: 0.0000834 seconds
2024-07-28T16:43:21.567+0800: 2.793: [CMS-concurrent-mark-start]
2024-07-28T16:43:21.571+0800: 2.797: [CMS-concurrent-mark: 0.004/0.004 secs] [Times: user=0.00 sys=0.00, real=0.00 secs] 
2024-07-28T16:43:21.571+0800: 2.797: [CMS-concurrent-preclean-start]
2024-07-28T16:43:21.572+0800: 2.798: [CMS-concurrent-preclean: 0.001/0.001 secs] [Times: user=0.00 sys=0.00, real=0.00 secs] 
2024-07-28T16:43:21.572+0800: 2.798: Application time: 0.0050123 seconds
2024-07-28T16:43:21.572+0800: 2.798: [GC (Allocation Failure) 2024-07-28T16:43:21.572+0800: 2.798: [ParNew: 77168K->8192K(78656K), 0.0167429 secs] 352256K->351888K(535432K), 0.0167910 secs] [Times: user=0.03 sys=0.00, real=0.02 secs] 
2024-07-28T16:43:21.589+0800: 2.815: Total time for which application threads were stopped: 0.0168848 seconds, Stopping threads took: 0.0000125 seconds
2024-07-28T16:43:21.589+0800: 2.815: Application time: 0.0002823 seconds
2024-07-28T16:43:21.589+0800: 2.815: [GC (CMS Final Remark) [YG occupancy: 12655 K (78656 K)]2024-07-28T16:43:21.589+0800: 2.815: [Rescan (parallel) , 0.0009864 secs]2024-07-28T16:43:21.590+0800: 2.816: [weak refs processing, 0.0000128 secs]2024-07-28T16:43:21.590+0800: 2.816: [class unloading, 0.0001900 secs]2024-07-28T16:43:21.591+0800: 2.816: [scrub symbol table, 0.0003415 secs]2024-07-28T16:43:21.591+0800: 2.817: [scrub string table, 0.0000997 secs][1 CMS-remark: 343696K(456776K)] 356352K(535432K), 0.0016958 secs] [Times: user=0.00 sys=0.00, real=0.00 secs] 
2024-07-28T16:43:21.591+0800: 2.817: Total time for which application threads were stopped: 0.0018270 seconds, Stopping threads took: 0.0000856 seconds
2024-07-28T16:43:21.591+0800: 2.817: [CMS-concurrent-sweep-start]
2024-07-28T16:43:21.593+0800: 2.818: [CMS-concurrent-sweep: 0.001/0.001 secs] [Times: user=0.00 sys=0.00, real=0.00 secs] 
2024-07-28T16:43:21.593+0800: 2.818: [CMS-concurrent-reset-start]
2024-07-28T16:43:21.593+0800: 2.819: [CMS-concurrent-reset: 0.001/0.001 secs] [Times: user=0.00 sys=0.00, real=0.00 secs] 
2024-07-28T16:43:21.707+0800: 2.932: Application time: 0.1156124 seconds
2024-07-28T16:43:21.707+0800: 2.933: [GC (Allocation Failure) 2024-07-28T16:43:21.707+0800: 2.933: [ParNew: 77168K->8192K(78656K), 0.0118800 secs] 147453K->147085K(535432K), 0.0119395 secs] [Times: user=0.00 sys=0.00, real=0.01 secs] 
2024-07-28T16:43:21.719+0800: 2.944: Total time for which application threads were stopped: 0.0120525 seconds, Stopping threads took: 0.0000200 seconds
2024-07-28T16:43:21.829+0800: 3.055: Application time: 0.1100849 seconds
2024-07-28T16:43:21.829+0800: 3.055: [GC (Allocation Failure) 2024-07-28T16:43:21.829+0800: 3.055: [ParNew: 77168K->8192K(78656K), 0.0024833 secs] 216062K->149133K(535432K), 0.0025898 secs] [Times: user=0.00 sys=0.00, real=0.00 secs] 
2024-07-28T16:43:21.832+0800: 3.057: Total time for which application threads were stopped: 0.0027118 seconds, Stopping threads took: 0.0000196 seconds
2024-07-28T16:43:21.836+0800: 3.062: Application time: 0.0042463 seconds
2024-07-28T16:43:21.836+0800: 3.062: [GC (Allocation Failure) 2024-07-28T16:43:21.836+0800: 3.062: [ParNew: 77168K->8192K(78656K), 0.0121550 secs] 218110K->217742K(535432K), 0.0122045 secs] [Times: user=0.00 sys=0.00, real=0.01 secs] 
2024-07-28T16:43:21.848+0800: 3.074: Total time for which application threads were stopped: 0.0122989 seconds, Stopping threads took: 0.0000138 seconds
2024-07-28T16:43:21.848+0800: 3.074: Application time: 0.0002267 seconds
2024-07-28T16:43:21.849+0800: 3.074: [GC (CMS Initial Mark) [1 CMS-initial-mark: 209550K(456776K)] 221182K(535432K), 0.0007421 secs] [Times: user=0.00 sys=0.00, real=0.00 secs] 
2024-07-28T16:43:21.849+0800: 3.075: Total time for which application threads were stopped: 0.0009176 seconds, Stopping threads took: 0.0001331 seconds
2024-07-28T16:43:21.849+0800: 3.075: [CMS-concurrent-mark-start]
2024-07-28T16:43:21.851+0800: 3.077: [CMS-concurrent-mark: 0.002/0.002 secs] [Times: user=0.00 sys=0.00, real=0.00 secs] 
2024-07-28T16:43:21.851+0800: 3.077: [CMS-concurrent-preclean-start]
2024-07-28T16:43:21.852+0800: 3.078: [CMS-concurrent-preclean: 0.001/0.001 secs] [Times: user=0.00 sys=0.00, real=0.00 secs] 
2024-07-28T16:43:21.852+0800: 3.078: [CMS-concurrent-abortable-preclean-start]
2024-07-28T16:43:21.955+0800: 3.181: Application time: 0.1055687 seconds
2024-07-28T16:43:21.955+0800: 3.181: [GC (Allocation Failure) 2024-07-28T16:43:21.955+0800: 3.181: [ParNew: 77168K->8192K(78656K), 0.0120653 secs] 286719K->286351K(535432K), 0.0121249 secs] [Times: user=0.03 sys=0.00, real=0.01 secs] 
2024-07-28T16:43:21.967+0800: 3.193: Total time for which application threads were stopped: 0.0122493 seconds, Stopping threads took: 0.0000194 seconds
2024-07-28T16:43:22.079+0800: 3.304: Application time: 0.1112832 seconds
2024-07-28T16:43:22.079+0800: 3.304: [GC (Allocation Failure) 2024-07-28T16:43:22.079+0800: 3.304: [ParNew: 77168K->8192K(78656K), 0.0026427 secs] 355328K->289423K(535432K), 0.0026981 secs] [Times: user=0.00 sys=0.00, real=0.00 secs] 
2024-07-28T16:43:22.082+0800: 3.307: Total time for which application threads were stopped: 0.0028084 seconds, Stopping threads took: 0.0000200 seconds
2024-07-28T16:43:22.082+0800: 3.307: [CMS-concurrent-abortable-preclean: 0.005/0.229 secs] [Times: user=0.03 sys=0.00, real=0.23 secs] 
2024-07-28T16:43:22.082+0800: 3.307: Application time: 0.0002954 seconds
2024-07-28T16:43:22.082+0800: 3.307: [GC (CMS Final Remark) [YG occupancy: 12655 K (78656 K)]2024-07-28T16:43:22.082+0800: 3.307: [Rescan (parallel) , 0.0007215 secs]2024-07-28T16:43:22.083+0800: 3.308: [weak refs processing, 0.0000127 secs]2024-07-28T16:43:22.083+0800: 3.308: [class unloading, 0.0001827 secs]2024-07-28T16:43:22.083+0800: 3.308: [scrub symbol table, 0.0003467 secs]2024-07-28T16:43:22.084+0800: 3.309: [scrub string table, 0.0000986 secs][1 CMS-remark: 281231K(456776K)] 293887K(535432K), 0.0014244 secs] [Times: user=0.03 sys=0.00, real=0.00 secs] 
2024-07-28T16:43:22.084+0800: 3.309: Total time for which application threads were stopped: 0.0015441 seconds, Stopping threads took: 0.0000844 seconds
2024-07-28T16:43:22.084+0800: 3.309: [CMS-concurrent-sweep-start]
2024-07-28T16:43:22.086+0800: 3.311: [CMS-concurrent-sweep: 0.002/0.002 secs] [Times: user=0.00 sys=0.00, real=0.00 secs] 
2024-07-28T16:43:22.086+0800: 3.311: [CMS-concurrent-reset-start]
2024-07-28T16:43:22.087+0800: 3.312: [CMS-concurrent-reset: 0.001/0.001 secs] [Times: user=0.00 sys=0.00, real=0.00 secs] 
2024-07-28T16:43:22.088+0800: 3.313: Application time: 0.0047276 seconds
2024-07-28T16:43:22.089+0800: 3.314: [GC (Allocation Failure) 2024-07-28T16:43:22.089+0800: 3.314: [ParNew: 77168K->8192K(78656K), 0.0118846 secs] 220158K->219790K(535432K), 0.0119466 secs] [Times: user=0.03 sys=0.00, real=0.01 secs] 
2024-07-28T16:43:22.101+0800: 3.326: Total time for which application threads were stopped: 0.0120746 seconds, Stopping threads took: 0.0000165 seconds
2024-07-28T16:43:22.101+0800: 3.326: Application time: 0.0001805 seconds
2024-07-28T16:43:22.101+0800: 3.326: [GC (CMS Initial Mark) [1 CMS-initial-mark: 211598K(456776K)] 223230K(535432K), 0.0008285 secs] [Times: user=0.00 sys=0.00, real=0.00 secs] 
2024-07-28T16:43:22.102+0800: 3.327: Total time for which application threads were stopped: 0.0010407 seconds, Stopping threads took: 0.0001700 seconds
2024-07-28T16:43:22.102+0800: 3.327: [CMS-concurrent-mark-start]
2024-07-28T16:43:22.104+0800: 3.329: [CMS-concurrent-mark: 0.002/0.002 secs] [Times: user=0.00 sys=0.00, real=0.00 secs] 
2024-07-28T16:43:22.104+0800: 3.329: [CMS-concurrent-preclean-start]
2024-07-28T16:43:22.104+0800: 3.329: [CMS-concurrent-preclean: 0.001/0.001 secs] [Times: user=0.00 sys=0.00, real=0.00 secs] 
2024-07-28T16:43:22.104+0800: 3.329: [CMS-concurrent-abortable-preclean-start]
2024-07-28T16:43:22.220+0800: 3.445: Application time: 0.1180646 seconds
2024-07-28T16:43:22.220+0800: 3.445: [GC (Allocation Failure) 2024-07-28T16:43:22.220+0800: 3.445: [ParNew: 77168K->8192K(78656K), 0.0120174 secs] 288767K->288399K(535432K), 0.0120761 secs] [Times: user=0.03 sys=0.00, real=0.01 secs] 
2024-07-28T16:43:22.232+0800: 3.457: Total time for which application threads were stopped: 0.0121878 seconds, Stopping threads took: 0.0000203 seconds
2024-07-28T16:43:22.342+0800: 3.568: Application time: 0.1106009 seconds
2024-07-28T16:43:22.342+0800: 3.568: [GC (Allocation Failure) 2024-07-28T16:43:22.342+0800: 3.568: [ParNew: 77168K->8192K(78656K), 0.0030198 secs] 357376K->292495K(535432K), 0.0030738 secs] [Times: user=0.00 sys=0.00, real=0.00 secs] 
2024-07-28T16:43:22.345+0800: 3.571: Total time for which application threads were stopped: 0.0031971 seconds, Stopping threads took: 0.0000345 seconds
2024-07-28T16:43:22.345+0800: 3.571: [CMS-concurrent-abortable-preclean: 0.005/0.242 secs] [Times: user=0.03 sys=0.00, real=0.24 secs] 
2024-07-28T16:43:22.346+0800: 3.571: Application time: 0.0002970 seconds
2024-07-28T16:43:22.346+0800: 3.571: [GC (CMS Final Remark) [YG occupancy: 12655 K (78656 K)]2024-07-28T16:43:22.346+0800: 3.571: [Rescan (parallel) , 0.0010252 secs]2024-07-28T16:43:22.347+0800: 3.572: [weak refs processing, 0.0000130 secs]2024-07-28T16:43:22.347+0800: 3.572: [class unloading, 0.0001734 secs]2024-07-28T16:43:22.347+0800: 3.573: [scrub symbol table, 0.0003452 secs]2024-07-28T16:43:22.347+0800: 3.573: [scrub string table, 0.0000985 secs][1 CMS-remark: 284303K(456776K)] 296959K(535432K), 0.0017180 secs] [Times: user=0.00 sys=0.00, real=0.00 secs] 
2024-07-28T16:43:22.347+0800: 3.573: Total time for which application threads were stopped: 0.0018454 seconds, Stopping threads took: 0.0000927 seconds
2024-07-28T16:43:22.348+0800: 3.573: [CMS-concurrent-sweep-start]
2024-07-28T16:43:22.349+0800: 3.574: [CMS-concurrent-sweep: 0.001/0.001 secs] [Times: user=0.00 sys=0.00, real=0.00 secs] 
2024-07-28T16:43:22.349+0800: 3.574: [CMS-concurrent-reset-start]
2024-07-28T16:43:22.350+0800: 3.576: [CMS-concurrent-reset: 0.002/0.002 secs] [Times: user=0.00 sys=0.00, real=0.00 secs] 
2024-07-28T16:43:22.352+0800: 3.578: Application time: 0.0049527 seconds
2024-07-28T16:43:22.352+0800: 3.578: [GC (Allocation Failure) 2024-07-28T16:43:22.352+0800: 3.578: [ParNew: 77168K->8192K(78656K), 0.0119428 secs] 222206K->221838K(535432K), 0.0120085 secs] [Times: user=0.03 sys=0.00, real=0.01 secs] 
2024-07-28T16:43:22.365+0800: 3.590: Total time for which application threads were stopped: 0.0121250 seconds, Stopping threads took: 0.0000295 seconds
2024-07-28T16:43:22.365+0800: 3.590: Application time: 0.0002194 seconds
2024-07-28T16:43:22.365+0800: 3.590: [GC (CMS Initial Mark) [1 CMS-initial-mark: 213646K(456776K)] 225278K(535432K), 0.0007849 secs] [Times: user=0.00 sys=0.00, real=0.00 secs] 
2024-07-28T16:43:22.366+0800: 3.591: Total time for which application threads were stopped: 0.0009964 seconds, Stopping threads took: 0.0001656 seconds
2024-07-28T16:43:22.366+0800: 3.591: [CMS-concurrent-mark-start]
2024-07-28T16:43:22.368+0800: 3.593: [CMS-concurrent-mark: 0.002/0.002 secs] [Times: user=0.00 sys=0.00, real=0.00 secs] 
2024-07-28T16:43:22.368+0800: 3.593: [CMS-concurrent-preclean-start]
2024-07-28T16:43:22.368+0800: 3.594: [CMS-concurrent-preclean: 0.001/0.001 secs] [Times: user=0.00 sys=0.00, real=0.00 secs] 
2024-07-28T16:43:22.368+0800: 3.594: [CMS-concurrent-abortable-preclean-start]
2024-07-28T16:43:22.470+0800: 3.696: Application time: 0.1042056 seconds
2024-07-28T16:43:22.470+0800: 3.696: [GC (Allocation Failure) 2024-07-28T16:43:22.470+0800: 3.696: [ParNew: 77168K->8192K(78656K), 0.0121015 secs] 290815K->290447K(535432K), 0.0121612 secs] [Times: user=0.03 sys=0.00, real=0.01 secs] 
2024-07-28T16:43:22.482+0800: 3.708: Total time for which application threads were stopped: 0.0122789 seconds, Stopping threads took: 0.0000199 seconds
2024-07-28T16:43:22.594+0800: 3.820: Application time: 0.1120450 seconds
2024-07-28T16:43:22.594+0800: 3.820: [GC (Allocation Failure) 2024-07-28T16:43:22.594+0800: 3.820: [ParNew: 77168K->8192K(78656K), 0.0029996 secs] 359424K->295567K(535432K), 0.0030562 secs] [Times: user=0.00 sys=0.00, real=0.00 secs] 
2024-07-28T16:43:22.597+0800: 3.823: Total time for which application threads were stopped: 0.0031648 seconds, Stopping threads took: 0.0000202 seconds
2024-07-28T16:43:22.598+0800: 3.823: [CMS-concurrent-abortable-preclean: 0.004/0.229 secs] [Times: user=0.05 sys=0.00, real=0.23 secs] 
2024-07-28T16:43:22.598+0800: 3.823: Application time: 0.0002288 seconds
2024-07-28T16:43:22.598+0800: 3.823: [GC (CMS Final Remark) [YG occupancy: 11631 K (78656 K)]2024-07-28T16:43:22.598+0800: 3.823: [Rescan (parallel) , 0.0008708 secs]2024-07-28T16:43:22.599+0800: 3.824: [weak refs processing, 0.0000129 secs]2024-07-28T16:43:22.599+0800: 3.824: [class unloading, 0.0002044 secs]2024-07-28T16:43:22.599+0800: 3.825: [scrub symbol table, 0.0003448 secs]2024-07-28T16:43:22.599+0800: 3.825: [scrub string table, 0.0000995 secs][1 CMS-remark: 287375K(456776K)] 299007K(535432K), 0.0015955 secs] [Times: user=0.00 sys=0.00, real=0.00 secs] 
2024-07-28T16:43:22.599+0800: 3.825: Total time for which application threads were stopped: 0.0017884 seconds, Stopping threads took: 0.0001562 seconds
2024-07-28T16:43:22.600+0800: 3.825: [CMS-concurrent-sweep-start]
2024-07-28T16:43:22.601+0800: 3.827: [CMS-concurrent-sweep: 0.001/0.001 secs] [Times: user=0.00 sys=0.00, real=0.00 secs] 
2024-07-28T16:43:22.601+0800: 3.827: [CMS-concurrent-reset-start]
2024-07-28T16:43:22.602+0800: 3.828: [CMS-concurrent-reset: 0.001/0.001 secs] [Times: user=0.00 sys=0.00, real=0.00 secs] 
2024-07-28T16:43:22.604+0800: 3.830: Application time: 0.0049296 seconds
2024-07-28T16:43:22.604+0800: 3.830: [GC (Allocation Failure) 2024-07-28T16:43:22.604+0800: 3.830: [ParNew: 77168K->8192K(78656K), 0.0116651 secs] 224254K->223886K(535432K), 0.0117148 secs] [Times: user=0.03 sys=0.00, real=0.01 secs] 
2024-07-28T16:43:22.616+0800: 3.842: Total time for which application threads were stopped: 0.0118147 seconds, Stopping threads took: 0.0000146 seconds
2024-07-28T16:43:22.616+0800: 3.842: Application time: 0.0001729 seconds
2024-07-28T16:43:22.616+0800: 3.842: [GC (CMS Initial Mark) [1 CMS-initial-mark: 215694K(456776K)] 227326K(535432K), 0.0007168 secs] [Times: user=0.00 sys=0.00, real=0.00 secs] 
2024-07-28T16:43:22.617+0800: 3.843: Total time for which application threads were stopped: 0.0008820 seconds, Stopping threads took: 0.0001215 seconds
2024-07-28T16:43:22.617+0800: 3.843: [CMS-concurrent-mark-start]
2024-07-28T16:43:22.619+0800: 3.845: [CMS-concurrent-mark: 0.002/0.002 secs] [Times: user=0.00 sys=0.00, real=0.00 secs] 
2024-07-28T16:43:22.619+0800: 3.845: [CMS-concurrent-preclean-start]
2024-07-28T16:43:22.620+0800: 3.845: [CMS-concurrent-preclean: 0.001/0.001 secs] [Times: user=0.00 sys=0.00, real=0.00 secs] 
2024-07-28T16:43:22.620+0800: 3.845: [CMS-concurrent-abortable-preclean-start]
2024-07-28T16:43:22.736+0800: 3.962: Application time: 0.1188221 seconds
2024-07-28T16:43:22.736+0800: 3.962: [GC (Allocation Failure) 2024-07-28T16:43:22.736+0800: 3.962: [ParNew: 77168K->8192K(78656K), 0.0119513 secs] 292863K->292495K(535432K), 0.0120148 secs] [Times: user=0.03 sys=0.00, real=0.01 secs] 
2024-07-28T16:43:22.748+0800: 3.974: Total time for which application threads were stopped: 0.0121452 seconds, Stopping threads took: 0.0000385 seconds
2024-07-28T16:43:22.859+0800: 4.084: Application time: 0.1102442 seconds
2024-07-28T16:43:22.859+0800: 4.084: [GC (Allocation Failure) 2024-07-28T16:43:22.859+0800: 4.084: [ParNew: 77168K->8192K(78656K), 0.0028709 secs] 361472K->298639K(535432K), 0.0029256 secs] [Times: user=0.00 sys=0.00, real=0.00 secs] 
2024-07-28T16:43:22.862+0800: 4.087: Total time for which application threads were stopped: 0.0030350 seconds, Stopping threads took: 0.0000210 seconds
2024-07-28T16:43:22.862+0800: 4.087: [CMS-concurrent-abortable-preclean: 0.005/0.242 secs] [Times: user=0.03 sys=0.00, real=0.24 secs] 
2024-07-28T16:43:22.862+0800: 4.087: Application time: 0.0003399 seconds
2024-07-28T16:43:22.862+0800: 4.088: [GC (CMS Final Remark) [YG occupancy: 13679 K (78656 K)]2024-07-28T16:43:22.862+0800: 4.088: [Rescan (parallel) , 0.0011592 secs]2024-07-28T16:43:22.863+0800: 4.089: [weak refs processing, 0.0000130 secs]2024-07-28T16:43:22.863+0800: 4.089: [class unloading, 0.0001793 secs]2024-07-28T16:43:22.863+0800: 4.089: [scrub symbol table, 0.0003066 secs]2024-07-28T16:43:22.864+0800: 4.089: [scrub string table, 0.0001023 secs][1 CMS-remark: 290447K(456776K)] 304127K(535432K), 0.0018242 secs] [Times: user=0.02 sys=0.00, real=0.00 secs] 
2024-07-28T16:43:22.864+0800: 4.089: Total time for which application threads were stopped: 0.0019851 seconds, Stopping threads took: 0.0001251 seconds
2024-07-28T16:43:22.864+0800: 4.090: [CMS-concurrent-sweep-start]
2024-07-28T16:43:22.866+0800: 4.091: [CMS-concurrent-sweep: 0.001/0.001 secs] [Times: user=0.00 sys=0.00, real=0.00 secs] 
2024-07-28T16:43:22.866+0800: 4.091: [CMS-concurrent-reset-start]
2024-07-28T16:43:22.867+0800: 4.092: [CMS-concurrent-reset: 0.001/0.001 secs] [Times: user=0.00 sys=0.00, real=0.00 secs] 
2024-07-28T16:43:22.869+0800: 4.094: Application time: 0.0046789 seconds
2024-07-28T16:43:22.869+0800: 4.094: [GC (Allocation Failure) 2024-07-28T16:43:22.869+0800: 4.094: [ParNew: 77168K->8192K(78656K), 0.0120739 secs] 226302K->225934K(535432K), 0.0121211 secs] [Times: user=0.03 sys=0.00, real=0.01 secs] 
2024-07-28T16:43:22.881+0800: 4.106: Total time for which application threads were stopped: 0.0122161 seconds, Stopping threads took: 0.0000125 seconds
2024-07-28T16:43:22.881+0800: 4.107: Application time: 0.0002442 seconds
2024-07-28T16:43:22.881+0800: 4.107: [GC (CMS Initial Mark) [1 CMS-initial-mark: 217742K(456776K)] 229374K(535432K), 0.0007803 secs] [Times: user=0.00 sys=0.00, real=0.00 secs] 
2024-07-28T16:43:22.882+0800: 4.108: Total time for which application threads were stopped: 0.0009831 seconds, Stopping threads took: 0.0001592 seconds
2024-07-28T16:43:22.882+0800: 4.108: [CMS-concurrent-mark-start]
2024-07-28T16:43:22.884+0800: 4.109: [CMS-concurrent-mark: 0.002/0.002 secs] [Times: user=0.00 sys=0.00, real=0.00 secs] 
2024-07-28T16:43:22.884+0800: 4.109: [CMS-concurrent-preclean-start]
2024-07-28T16:43:22.884+0800: 4.110: [CMS-concurrent-preclean: 0.001/0.001 secs] [Times: user=0.00 sys=0.00, real=0.00 secs] 
2024-07-28T16:43:22.884+0800: 4.110: [CMS-concurrent-abortable-preclean-start]
2024-07-28T16:43:22.889+0800: 4.114: Application time: 0.0067981 seconds
2024-07-28T16:43:22.889+0800: 4.114: Total time for which application threads were stopped: 0.0000486 seconds, Stopping threads took: 0.0000211 seconds
2024-07-28T16:43:23.001+0800: 4.227: Application time: 0.1121842 seconds
2024-07-28T16:43:23.001+0800: 4.227: [GC (Allocation Failure) 2024-07-28T16:43:23.001+0800: 4.227: [ParNew: 77168K->8192K(78656K), 0.0122434 secs] 294911K->294543K(535432K), 0.0123128 secs] [Times: user=0.03 sys=0.00, real=0.01 secs] 
2024-07-28T16:43:23.014+0800: 4.239: Total time for which application threads were stopped: 0.0124314 seconds, Stopping threads took: 0.0000184 seconds
2024-07-28T16:43:23.124+0800: 4.349: Application time: 0.1103252 seconds
2024-07-28T16:43:23.124+0800: 4.349: [GC (Allocation Failure) 2024-07-28T16:43:23.124+0800: 4.349: [ParNew: 77168K->8192K(78656K), 0.0032283 secs] 363520K->301711K(535432K), 0.0032843 secs] [Times: user=0.00 sys=0.00, real=0.00 secs] 
2024-07-28T16:43:23.128+0800: 4.353: Total time for which application threads were stopped: 0.0034045 seconds, Stopping threads took: 0.0000193 seconds
2024-07-28T16:43:23.128+0800: 4.353: [CMS-concurrent-abortable-preclean: 0.005/0.243 secs] [Times: user=0.03 sys=0.00, real=0.24 secs] 
2024-07-28T16:43:23.128+0800: 4.353: Application time: 0.0002260 seconds
2024-07-28T16:43:23.128+0800: 4.353: [GC (CMS Final Remark) [YG occupancy: 11631 K (78656 K)]2024-07-28T16:43:23.128+0800: 4.353: [Rescan (parallel) , 0.0009214 secs]2024-07-28T16:43:23.129+0800: 4.354: [weak refs processing, 0.0000127 secs]2024-07-28T16:43:23.129+0800: 4.354: [class unloading, 0.0001765 secs]2024-07-28T16:43:23.129+0800: 4.354: [scrub symbol table, 0.0003434 secs]2024-07-28T16:43:23.129+0800: 4.355: [scrub string table, 0.0001050 secs][1 CMS-remark: 293519K(456776K)] 305151K(535432K), 0.0016228 secs] [Times: user=0.00 sys=0.02, real=0.00 secs] 
2024-07-28T16:43:23.130+0800: 4.355: Total time for which application threads were stopped: 0.0017867 seconds, Stopping threads took: 0.0001244 seconds
2024-07-28T16:43:23.130+0800: 4.355: [CMS-concurrent-sweep-start]
2024-07-28T16:43:23.131+0800: 4.356: [CMS-concurrent-sweep: 0.001/0.001 secs] [Times: user=0.00 sys=0.00, real=0.00 secs] 
2024-07-28T16:43:23.131+0800: 4.356: [CMS-concurrent-reset-start]
2024-07-28T16:43:23.132+0800: 4.357: [CMS-concurrent-reset: 0.001/0.001 secs] [Times: user=0.00 sys=0.00, real=0.00 secs] 
2024-07-28T16:43:23.134+0800: 4.360: Application time: 0.0048208 seconds
2024-07-28T16:43:23.135+0800: 4.360: [GC (Allocation Failure) 2024-07-28T16:43:23.135+0800: 4.360: [ParNew: 77168K->8192K(78656K), 0.0121244 secs] 228350K->227982K(535432K), 0.0121720 secs] [Times: user=0.03 sys=0.00, real=0.01 secs] 
2024-07-28T16:43:23.147+0800: 4.372: Total time for which application threads were stopped: 0.0122721 seconds, Stopping threads took: 0.0000134 seconds
2024-07-28T16:43:23.147+0800: 4.372: Application time: 0.0002492 seconds
2024-07-28T16:43:23.147+0800: 4.372: [GC (CMS Initial Mark) [1 CMS-initial-mark: 219790K(456776K)] 231422K(535432K), 0.0006587 secs] [Times: user=0.00 sys=0.00, real=0.00 secs] 
2024-07-28T16:43:23.148+0800: 4.373: Total time for which application threads were stopped: 0.0007886 seconds, Stopping threads took: 0.0000884 seconds
2024-07-28T16:43:23.148+0800: 4.373: [CMS-concurrent-mark-start]
2024-07-28T16:43:23.150+0800: 4.375: [CMS-concurrent-mark: 0.002/0.002 secs] [Times: user=0.00 sys=0.00, real=0.00 secs] 
2024-07-28T16:43:23.150+0800: 4.375: [CMS-concurrent-preclean-start]
2024-07-28T16:43:23.150+0800: 4.375: [CMS-concurrent-preclean: 0.001/0.001 secs] [Times: user=0.00 sys=0.00, real=0.00 secs] 
2024-07-28T16:43:23.150+0800: 4.375: [CMS-concurrent-abortable-preclean-start]
2024-07-28T16:43:23.253+0800: 4.478: Application time: 0.1048240 seconds
2024-07-28T16:43:23.253+0800: 4.478: [GC (Allocation Failure) 2024-07-28T16:43:23.253+0800: 4.478: [ParNew: 77168K->8192K(78656K), 0.0116717 secs] 296959K->296591K(535432K), 0.0117329 secs] [Times: user=0.03 sys=0.00, real=0.01 secs] 
2024-07-28T16:43:23.265+0800: 4.490: Total time for which application threads were stopped: 0.0118499 seconds, Stopping threads took: 0.0000212 seconds
2024-07-28T16:43:23.378+0800: 4.603: Application time: 0.1134350 seconds
2024-07-28T16:43:23.378+0800: 4.603: [GC (Allocation Failure) 2024-07-28T16:43:23.378+0800: 4.603: [ParNew: 77168K->8192K(78656K), 0.0035632 secs] 365568K->304784K(535432K), 0.0036363 secs] [Times: user=0.03 sys=0.00, real=0.00 secs] 
2024-07-28T16:43:23.381+0800: 4.607: Total time for which application threads were stopped: 0.0037462 seconds, Stopping threads took: 0.0000201 seconds
2024-07-28T16:43:23.381+0800: 4.607: [CMS-concurrent-abortable-preclean: 0.004/0.231 secs] [Times: user=0.06 sys=0.00, real=0.23 secs] 
2024-07-28T16:43:23.381+0800: 4.607: Application time: 0.0003033 seconds
2024-07-28T16:43:23.382+0800: 4.607: [GC (CMS Final Remark) [YG occupancy: 12655 K (78656 K)]2024-07-28T16:43:23.382+0800: 4.607: [Rescan (parallel) , 0.0010197 secs]2024-07-28T16:43:23.384+0800: 4.608: [weak refs processing, 0.0000125 secs]2024-07-28T16:43:23.384+0800: 4.608: [class unloading, 0.0001875 secs]2024-07-28T16:43:23.384+0800: 4.609: [scrub symbol table, 0.0003381 secs]2024-07-28T16:43:23.384+0800: 4.609: [scrub string table, 0.0000987 secs][1 CMS-remark: 296591K(456776K)] 309247K(535432K), 0.0017190 secs] [Times: user=0.00 sys=0.00, real=0.00 secs] 
2024-07-28T16:43:23.384+0800: 4.609: Total time for which application threads were stopped: 0.0018990 seconds, Stopping threads took: 0.0001445 seconds
2024-07-28T16:43:23.384+0800: 4.609: [CMS-concurrent-sweep-start]
2024-07-28T16:43:23.386+0800: 4.610: [CMS-concurrent-sweep: 0.001/0.001 secs] [Times: user=0.00 sys=0.00, real=0.00 secs] 
2024-07-28T16:43:23.386+0800: 4.610: [CMS-concurrent-reset-start]
2024-07-28T16:43:23.387+0800: 4.612: [CMS-concurrent-reset: 0.001/0.001 secs] [Times: user=0.00 sys=0.00, real=0.00 secs] 
2024-07-28T16:43:23.389+0800: 4.614: Application time: 0.0048529 seconds
2024-07-28T16:43:23.389+0800: 4.614: [GC (Allocation Failure) 2024-07-28T16:43:23.389+0800: 4.614: [ParNew: 77168K->8192K(78656K), 0.0127016 secs] 230398K->230030K(535432K), 0.0127439 secs] [Times: user=0.03 sys=0.00, real=0.01 secs] 
2024-07-28T16:43:23.402+0800: 4.627: Total time for which application threads were stopped: 0.0128383 seconds, Stopping threads took: 0.0000125 seconds
2024-07-28T16:43:23.402+0800: 4.627: Application time: 0.0002296 seconds
2024-07-28T16:43:23.402+0800: 4.627: [GC (CMS Initial Mark) [1 CMS-initial-mark: 221838K(456776K)] 233470K(535432K), 0.0007437 secs] [Times: user=0.00 sys=0.00, real=0.00 secs] 
2024-07-28T16:43:23.403+0800: 4.628: Total time for which application threads were stopped: 0.0008732 seconds, Stopping threads took: 0.0000879 seconds
2024-07-28T16:43:23.403+0800: 4.628: [CMS-concurrent-mark-start]
2024-07-28T16:43:23.405+0800: 4.630: [CMS-concurrent-mark: 0.002/0.002 secs] [Times: user=0.00 sys=0.00, real=0.00 secs] 
2024-07-28T16:43:23.405+0800: 4.630: [CMS-concurrent-preclean-start]
2024-07-28T16:43:23.405+0800: 4.630: [CMS-concurrent-preclean: 0.001/0.001 secs] [Times: user=0.00 sys=0.00, real=0.00 secs] 
2024-07-28T16:43:23.405+0800: 4.630: [CMS-concurrent-abortable-preclean-start]
2024-07-28T16:43:23.521+0800: 4.745: Application time: 0.1176241 seconds
2024-07-28T16:43:23.521+0800: 4.745: [GC (Allocation Failure) 2024-07-28T16:43:23.521+0800: 4.746: [ParNew: 77168K->8192K(78656K), 0.0119943 secs] 299007K->298639K(535432K), 0.0120526 secs] [Times: user=0.00 sys=0.00, real=0.01 secs] 
2024-07-28T16:43:23.533+0800: 4.758: Total time for which application threads were stopped: 0.0121623 seconds, Stopping threads took: 0.0000194 seconds
2024-07-28T16:43:23.644+0800: 4.870: Application time: 0.1119110 seconds
2024-07-28T16:43:23.644+0800: 4.870: [GC (Allocation Failure) 2024-07-28T16:43:23.644+0800: 4.870: [ParNew: 77168K->8192K(78656K), 0.0043177 secs] 367616K->307856K(535432K), 0.0043955 secs] [Times: user=0.11 sys=0.00, real=0.00 secs] 
2024-07-28T16:43:23.648+0800: 4.874: Total time for which application threads were stopped: 0.0045189 seconds, Stopping threads took: 0.0000305 seconds
2024-07-28T16:43:23.649+0800: 4.874: [CMS-concurrent-abortable-preclean: 0.006/0.244 secs] [Times: user=0.13 sys=0.00, real=0.24 secs] 
2024-07-28T16:43:23.649+0800: 4.874: Application time: 0.0003917 seconds
2024-07-28T16:43:23.649+0800: 4.875: [GC (CMS Final Remark) [YG occupancy: 13679 K (78656 K)]2024-07-28T16:43:23.649+0800: 4.875: [Rescan (parallel) , 0.0005206 secs]2024-07-28T16:43:23.650+0800: 4.875: [weak refs processing, 0.0000129 secs]2024-07-28T16:43:23.650+0800: 4.875: [class unloading, 0.0002130 secs]2024-07-28T16:43:23.650+0800: 4.875: [scrub symbol table, 0.0003798 secs]2024-07-28T16:43:23.650+0800: 4.876: [scrub string table, 0.0001009 secs][1 CMS-remark: 299663K(456776K)] 313343K(535432K), 0.0012988 secs] [Times: user=0.00 sys=0.00, real=0.00 secs] 
2024-07-28T16:43:23.650+0800: 4.876: Total time for which application threads were stopped: 0.0014834 seconds, Stopping threads took: 0.0001423 seconds
2024-07-28T16:43:23.651+0800: 4.876: [CMS-concurrent-sweep-start]
2024-07-28T16:43:23.652+0800: 4.878: [CMS-concurrent-sweep: 0.001/0.001 secs] [Times: user=0.00 sys=0.00, real=0.00 secs] 
2024-07-28T16:43:23.652+0800: 4.878: [CMS-concurrent-reset-start]
2024-07-28T16:43:23.653+0800: 4.879: [CMS-concurrent-reset: 0.001/0.001 secs] [Times: user=0.00 sys=0.00, real=0.00 secs] 
2024-07-28T16:43:23.655+0800: 4.881: Application time: 0.0048698 seconds
2024-07-28T16:43:23.655+0800: 4.881: [GC (Allocation Failure) 2024-07-28T16:43:23.655+0800: 4.881: [ParNew: 77168K->8192K(78656K), 0.0122100 secs] 232446K->232078K(535432K), 0.0122737 secs] [Times: user=0.03 sys=0.00, real=0.01 secs] 
2024-07-28T16:43:23.668+0800: 4.893: Total time for which application threads were stopped: 0.0123753 seconds, Stopping threads took: 0.0000153 seconds
2024-07-28T16:43:23.668+0800: 4.893: Application time: 0.0002451 seconds
2024-07-28T16:43:23.668+0800: 4.894: [GC (CMS Initial Mark) [1 CMS-initial-mark: 223886K(456776K)] 235518K(535432K), 0.0007328 secs] [Times: user=0.00 sys=0.00, real=0.00 secs] 
2024-07-28T16:43:23.669+0800: 4.894: Total time for which application threads were stopped: 0.0008776 seconds, Stopping threads took: 0.0001038 seconds
2024-07-28T16:43:23.669+0800: 4.894: [CMS-concurrent-mark-start]
2024-07-28T16:43:23.670+0800: 4.896: [CMS-concurrent-mark: 0.002/0.002 secs] [Times: user=0.00 sys=0.00, real=0.00 secs] 
2024-07-28T16:43:23.670+0800: 4.896: [CMS-concurrent-preclean-start]
2024-07-28T16:43:23.671+0800: 4.897: [CMS-concurrent-preclean: 0.001/0.001 secs] [Times: user=0.00 sys=0.00, real=0.00 secs] 
2024-07-28T16:43:23.671+0800: 4.897: [CMS-concurrent-abortable-preclean-start]
2024-07-28T16:43:23.789+0800: 5.014: Application time: 0.1198179 seconds
2024-07-28T16:43:23.789+0800: 5.014: [GC (Allocation Failure) 2024-07-28T16:43:23.789+0800: 5.014: [ParNew: 77168K->8192K(78656K), 0.0118608 secs] 301055K->300687K(535432K), 0.0119302 secs] [Times: user=0.00 sys=0.00, real=0.01 secs] 
2024-07-28T16:43:23.801+0800: 5.026: Total time for which application threads were stopped: 0.0120686 seconds, Stopping threads took: 0.0000179 seconds
2024-07-28T16:43:23.913+0800: 5.138: Application time: 0.1119244 seconds
2024-07-28T16:43:23.913+0800: 5.138: [GC (Allocation Failure) 2024-07-28T16:43:23.913+0800: 5.138: [ParNew: 77168K->8192K(78656K), 0.0035703 secs] 369664K->310928K(535432K), 0.0036302 secs] [Times: user=0.00 sys=0.00, real=0.00 secs] 
2024-07-28T16:43:23.916+0800: 5.142: Total time for which application threads were stopped: 0.0037568 seconds, Stopping threads took: 0.0000265 seconds
2024-07-28T16:43:23.916+0800: 5.142: [CMS-concurrent-abortable-preclean: 0.005/0.245 secs] [Times: user=0.00 sys=0.00, real=0.25 secs] 
2024-07-28T16:43:23.917+0800: 5.142: Application time: 0.0002403 seconds
2024-07-28T16:43:23.917+0800: 5.142: [GC (CMS Final Remark) [YG occupancy: 11631 K (78656 K)]2024-07-28T16:43:23.917+0800: 5.142: [Rescan (parallel) , 0.0005348 secs]2024-07-28T16:43:23.917+0800: 5.143: [weak refs processing, 0.0000115 secs]2024-07-28T16:43:23.917+0800: 5.143: [class unloading, 0.0001884 secs]2024-07-28T16:43:23.918+0800: 5.143: [scrub symbol table, 0.0003126 secs]2024-07-28T16:43:23.918+0800: 5.143: [scrub string table, 0.0000938 secs][1 CMS-remark: 302735K(456776K)] 314367K(535432K), 0.0012064 secs] [Times: user=0.00 sys=0.00, real=0.00 secs] 
2024-07-28T16:43:23.918+0800: 5.143: Total time for which application threads were stopped: 0.0013505 seconds, Stopping threads took: 0.0001051 seconds
2024-07-28T16:43:23.918+0800: 5.144: [CMS-concurrent-sweep-start]
2024-07-28T16:43:23.919+0800: 5.145: [CMS-concurrent-sweep: 0.001/0.001 secs] [Times: user=0.00 sys=0.00, real=0.00 secs] 
2024-07-28T16:43:23.919+0800: 5.145: [CMS-concurrent-reset-start]
2024-07-28T16:43:23.920+0800: 5.146: [CMS-concurrent-reset: 0.001/0.001 secs] [Times: user=0.00 sys=0.00, real=0.00 secs] 
2024-07-28T16:43:23.923+0800: 5.148: Application time: 0.0047925 seconds
2024-07-28T16:43:23.923+0800: 5.148: [GC (Allocation Failure) 2024-07-28T16:43:23.923+0800: 5.148: [ParNew: 77168K->8192K(78656K), 0.0119750 secs] 234494K->234126K(535432K), 0.0120261 secs] [Times: user=0.03 sys=0.00, real=0.01 secs] 
2024-07-28T16:43:23.935+0800: 5.160: Total time for which application threads were stopped: 0.0121509 seconds, Stopping threads took: 0.0000221 seconds
2024-07-28T16:43:23.935+0800: 5.161: Application time: 0.0002399 seconds
2024-07-28T16:43:23.935+0800: 5.161: [GC (CMS Initial Mark) [1 CMS-initial-mark: 225934K(456776K)] 237566K(535432K), 0.0007602 secs] [Times: user=0.00 sys=0.00, real=0.00 secs] 
2024-07-28T16:43:23.936+0800: 5.162: Total time for which application threads were stopped: 0.0009612 seconds, Stopping threads took: 0.0001584 seconds
2024-07-28T16:43:23.936+0800: 5.162: [CMS-concurrent-mark-start]
2024-07-28T16:43:23.938+0800: 5.163: [CMS-concurrent-mark: 0.001/0.001 secs] [Times: user=0.00 sys=0.00, real=0.00 secs] 
2024-07-28T16:43:23.938+0800: 5.163: [CMS-concurrent-preclean-start]
2024-07-28T16:43:23.938+0800: 5.164: [CMS-concurrent-preclean: 0.001/0.001 secs] [Times: user=0.00 sys=0.00, real=0.00 secs] 
2024-07-28T16:43:23.938+0800: 5.164: [CMS-concurrent-abortable-preclean-start]
2024-07-28T16:43:24.056+0800: 5.281: Application time: 0.1195799 seconds
2024-07-28T16:43:24.056+0800: 5.281: [GC (Allocation Failure) 2024-07-28T16:43:24.056+0800: 5.281: [ParNew: 77168K->8192K(78656K), 0.0120648 secs] 303103K->302735K(535432K), 0.0121280 secs] [Times: user=0.03 sys=0.00, real=0.01 secs] 
2024-07-28T16:43:24.069+0800: 5.293: Total time for which application threads were stopped: 0.0122407 seconds, Stopping threads took: 0.0000227 seconds
2024-07-28T16:43:24.178+0800: 5.404: Application time: 0.1106459 seconds
2024-07-28T16:43:24.179+0800: 5.404: [GC (Allocation Failure) 2024-07-28T16:43:24.179+0800: 5.404: [ParNew: 77168K->8192K(78656K), 0.0038978 secs] 371712K->314000K(535432K), 0.0039588 secs] [Times: user=0.00 sys=0.00, real=0.00 secs] 
2024-07-28T16:43:24.183+0800: 5.408: Total time for which application threads were stopped: 0.0040775 seconds, Stopping threads took: 0.0000267 seconds
2024-07-28T16:43:24.183+0800: 5.408: [CMS-concurrent-abortable-preclean: 0.006/0.244 secs] [Times: user=0.03 sys=0.00, real=0.25 secs] 
2024-07-28T16:43:24.183+0800: 5.409: Application time: 0.0003648 seconds
2024-07-28T16:43:24.183+0800: 5.409: [GC (CMS Final Remark) [YG occupancy: 14703 K (78656 K)]2024-07-28T16:43:24.183+0800: 5.409: [Rescan (parallel) , 0.0008120 secs]2024-07-28T16:43:24.184+0800: 5.409: [weak refs processing, 0.0000129 secs]2024-07-28T16:43:24.184+0800: 5.410: [class unloading, 0.0001766 secs]2024-07-28T16:43:24.184+0800: 5.410: [scrub symbol table, 0.0003432 secs]2024-07-28T16:43:24.184+0800: 5.410: [scrub string table, 0.0001019 secs][1 CMS-remark: 305808K(456776K)] 320511K(535432K), 0.0015184 secs] [Times: user=0.00 sys=0.00, real=0.00 secs] 
2024-07-28T16:43:24.185+0800: 5.410: Total time for which application threads were stopped: 0.0016584 seconds, Stopping threads took: 0.0000858 seconds
2024-07-28T16:43:24.185+0800: 5.410: [CMS-concurrent-sweep-start]
2024-07-28T16:43:24.186+0800: 5.412: [CMS-concurrent-sweep: 0.001/0.001 secs] [Times: user=0.00 sys=0.00, real=0.00 secs] 
2024-07-28T16:43:24.186+0800: 5.412: [CMS-concurrent-reset-start]
2024-07-28T16:43:24.187+0800: 5.413: [CMS-concurrent-reset: 0.001/0.001 secs] [Times: user=0.00 sys=0.00, real=0.00 secs] 
2024-07-28T16:43:24.189+0800: 5.415: Application time: 0.0046433 seconds
2024-07-28T16:43:24.189+0800: 5.415: [GC (Allocation Failure) 2024-07-28T16:43:24.189+0800: 5.415: [ParNew: 77168K->8192K(78656K), 0.0124140 secs] 236542K->236174K(535432K), 0.0124632 secs] [Times: user=0.03 sys=0.00, real=0.01 secs] 
2024-07-28T16:43:24.202+0800: 5.427: Total time for which application threads were stopped: 0.0125592 seconds, Stopping threads took: 0.0000135 seconds
2024-07-28T16:43:24.202+0800: 5.428: Application time: 0.0002393 seconds
2024-07-28T16:43:24.202+0800: 5.428: [GC (CMS Initial Mark) [1 CMS-initial-mark: 227982K(456776K)] 239614K(535432K), 0.0007547 secs] [Times: user=0.00 sys=0.00, real=0.00 secs] 
2024-07-28T16:43:24.203+0800: 5.429: Total time for which application threads were stopped: 0.0008876 seconds, Stopping threads took: 0.0000912 seconds
2024-07-28T16:43:24.203+0800: 5.429: [CMS-concurrent-mark-start]
2024-07-28T16:43:24.205+0800: 5.430: [CMS-concurrent-mark: 0.001/0.001 secs] [Times: user=0.00 sys=0.00, real=0.00 secs] 
2024-07-28T16:43:24.205+0800: 5.430: [CMS-concurrent-preclean-start]
2024-07-28T16:43:24.205+0800: 5.431: [CMS-concurrent-preclean: 0.001/0.001 secs] [Times: user=0.00 sys=0.00, real=0.00 secs] 
2024-07-28T16:43:24.205+0800: 5.431: [CMS-concurrent-abortable-preclean-start]
2024-07-28T16:43:24.322+0800: 5.547: Application time: 0.1185707 seconds
2024-07-28T16:43:24.322+0800: 5.547: [GC (Allocation Failure) 2024-07-28T16:43:24.322+0800: 5.547: [ParNew: 77168K->8192K(78656K), 0.0119457 secs] 305151K->304784K(535432K), 0.0120103 secs] [Times: user=0.03 sys=0.00, real=0.01 secs] 
2024-07-28T16:43:24.334+0800: 5.559: Total time for which application threads were stopped: 0.0121197 seconds, Stopping threads took: 0.0000176 seconds
2024-07-28T16:43:24.447+0800: 5.672: Application time: 0.1127462 seconds
2024-07-28T16:43:24.447+0800: 5.672: [GC (Allocation Failure) 2024-07-28T16:43:24.447+0800: 5.672: [ParNew: 77168K->8192K(78656K), 0.0042010 secs] 373760K->317072K(535432K), 0.0042649 secs] [Times: user=0.00 sys=0.00, real=0.00 secs] 
2024-07-28T16:43:24.451+0800: 5.676: Total time for which application threads were stopped: 0.0043752 seconds, Stopping threads took: 0.0000196 seconds
2024-07-28T16:43:24.451+0800: 5.676: [CMS-concurrent-abortable-preclean: 0.005/0.246 secs] [Times: user=0.03 sys=0.00, real=0.25 secs] 
2024-07-28T16:43:24.451+0800: 5.677: Application time: 0.0003222 seconds
2024-07-28T16:43:24.451+0800: 5.677: [GC (CMS Final Remark) [YG occupancy: 12655 K (78656 K)]2024-07-28T16:43:24.451+0800: 5.677: [Rescan (parallel) , 0.0009305 secs]2024-07-28T16:43:24.452+0800: 5.678: [weak refs processing, 0.0000128 secs]2024-07-28T16:43:24.452+0800: 5.678: [class unloading, 0.0001766 secs]2024-07-28T16:43:24.453+0800: 5.678: [scrub symbol table, 0.0003365 secs]2024-07-28T16:43:24.453+0800: 5.678: [scrub string table, 0.0001134 secs][1 CMS-remark: 308880K(456776K)] 321535K(535432K), 0.0016375 secs] [Times: user=0.00 sys=0.00, real=0.00 secs] 
2024-07-28T16:43:24.453+0800: 5.679: Total time for which application threads were stopped: 0.0018126 seconds, Stopping threads took: 0.0001381 seconds
2024-07-28T16:43:24.453+0800: 5.679: [CMS-concurrent-sweep-start]
2024-07-28T16:43:24.455+0800: 5.680: [CMS-concurrent-sweep: 0.001/0.001 secs] [Times: user=0.00 sys=0.00, real=0.00 secs] 
2024-07-28T16:43:24.455+0800: 5.680: [CMS-concurrent-reset-start]
2024-07-28T16:43:24.456+0800: 5.682: [CMS-concurrent-reset: 0.001/0.001 secs] [Times: user=0.00 sys=0.00, real=0.00 secs] 
2024-07-28T16:43:24.458+0800: 5.683: Application time: 0.0047257 seconds
2024-07-28T16:43:24.458+0800: 5.683: [GC (Allocation Failure) 2024-07-28T16:43:24.458+0800: 5.683: [ParNew: 77168K->8192K(78656K), 0.0118950 secs] 238590K->238223K(535432K), 0.0119429 secs] [Times: user=0.00 sys=0.00, real=0.01 secs] 
2024-07-28T16:43:24.470+0800: 5.695: Total time for which application threads were stopped: 0.0120373 seconds, Stopping threads took: 0.0000125 seconds
2024-07-28T16:43:24.470+0800: 5.696: Application time: 0.0002196 seconds
2024-07-28T16:43:24.470+0800: 5.696: [GC (CMS Initial Mark) [1 CMS-initial-mark: 230030K(456776K)] 241662K(535432K), 0.0007983 secs] [Times: user=0.00 sys=0.00, real=0.00 secs] 
2024-07-28T16:43:24.471+0800: 5.696: Total time for which application threads were stopped: 0.0009324 seconds, Stopping threads took: 0.0000890 seconds
2024-07-28T16:43:24.471+0800: 5.697: [CMS-concurrent-mark-start]
2024-07-28T16:43:24.472+0800: 5.698: [CMS-concurrent-mark: 0.001/0.001 secs] [Times: user=0.00 sys=0.00, real=0.00 secs] 
2024-07-28T16:43:24.473+0800: 5.698: [CMS-concurrent-preclean-start]
2024-07-28T16:43:24.473+0800: 5.699: [CMS-concurrent-preclean: 0.001/0.001 secs] [Times: user=0.00 sys=0.00, real=0.00 secs] 
2024-07-28T16:43:24.473+0800: 5.699: [CMS-concurrent-abortable-preclean-start]
2024-07-28T16:43:24.590+0800: 5.815: Application time: 0.1187300 seconds
2024-07-28T16:43:24.590+0800: 5.815: [GC (Allocation Failure) 2024-07-28T16:43:24.590+0800: 5.815: [ParNew: 77168K->8192K(78656K), 0.0117486 secs] 307199K->306832K(535432K), 0.0118253 secs] [Times: user=0.03 sys=0.00, real=0.01 secs] 
2024-07-28T16:43:24.602+0800: 5.827: Total time for which application threads were stopped: 0.0119391 seconds, Stopping threads took: 0.0000196 seconds
2024-07-28T16:43:24.712+0800: 5.937: Application time: 0.1100052 seconds
2024-07-28T16:43:24.712+0800: 5.937: [GC (Allocation Failure) 2024-07-28T16:43:24.712+0800: 5.937: [ParNew: 77168K->8192K(78656K), 0.0041275 secs] 375808K->320144K(535432K), 0.0041855 secs] [Times: user=0.00 sys=0.00, real=0.00 secs] 
2024-07-28T16:43:24.716+0800: 5.941: Total time for which application threads were stopped: 0.0042968 seconds, Stopping threads took: 0.0000200 seconds
2024-07-28T16:43:24.716+0800: 5.941: [CMS-concurrent-abortable-preclean: 0.005/0.243 secs] [Times: user=0.03 sys=0.00, real=0.24 secs] 
2024-07-28T16:43:24.716+0800: 5.942: Application time: 0.0003222 seconds
2024-07-28T16:43:24.716+0800: 5.942: [GC (CMS Final Remark) [YG occupancy: 12655 K (78656 K)]2024-07-28T16:43:24.716+0800: 5.942: [Rescan (parallel) , 0.0009587 secs]2024-07-28T16:43:24.717+0800: 5.943: [weak refs processing, 0.0000127 secs]2024-07-28T16:43:24.717+0800: 5.943: [class unloading, 0.0001958 secs]2024-07-28T16:43:24.718+0800: 5.943: [scrub symbol table, 0.0003379 secs]2024-07-28T16:43:24.718+0800: 5.943: [scrub string table, 0.0000995 secs][1 CMS-remark: 311952K(456776K)] 324607K(535432K), 0.0016682 secs] [Times: user=0.00 sys=0.00, real=0.00 secs] 
2024-07-28T16:43:24.718+0800: 5.944: Total time for which application threads were stopped: 0.0018359 seconds, Stopping threads took: 0.0001313 seconds
2024-07-28T16:43:24.718+0800: 5.944: [CMS-concurrent-sweep-start]
2024-07-28T16:43:24.719+0800: 5.945: [CMS-concurrent-sweep: 0.001/0.001 secs] [Times: user=0.00 sys=0.00, real=0.00 secs] 
2024-07-28T16:43:24.720+0800: 5.945: [CMS-concurrent-reset-start]
2024-07-28T16:43:24.721+0800: 5.946: [CMS-concurrent-reset: 0.001/0.001 secs] [Times: user=0.00 sys=0.00, real=0.00 secs] 
2024-07-28T16:43:24.723+0800: 5.949: Application time: 0.0050490 seconds
2024-07-28T16:43:24.723+0800: 5.949: [GC (Allocation Failure) 2024-07-28T16:43:24.723+0800: 5.949: [ParNew: 77168K->8192K(78656K), 0.0119769 secs] 240638K->240271K(535432K), 0.0120255 secs] [Times: user=0.00 sys=0.00, real=0.01 secs] 
2024-07-28T16:43:24.735+0800: 5.961: Total time for which application threads were stopped: 0.0121253 seconds, Stopping threads took: 0.0000152 seconds
2024-07-28T16:43:24.736+0800: 5.961: Application time: 0.0002267 seconds
2024-07-28T16:43:24.736+0800: 5.961: [GC (CMS Initial Mark) [1 CMS-initial-mark: 232078K(456776K)] 243710K(535432K), 0.0007501 secs] [Times: user=0.00 sys=0.00, real=0.00 secs] 
2024-07-28T16:43:24.736+0800: 5.962: Total time for which application threads were stopped: 0.0008874 seconds, Stopping threads took: 0.0000941 seconds
2024-07-28T16:43:24.737+0800: 5.962: [CMS-concurrent-mark-start]
2024-07-28T16:43:24.738+0800: 5.963: [CMS-concurrent-mark: 0.001/0.001 secs] [Times: user=0.00 sys=0.00, real=0.00 secs] 
2024-07-28T16:43:24.738+0800: 5.963: [CMS-concurrent-preclean-start]
2024-07-28T16:43:24.738+0800: 5.964: [CMS-concurrent-preclean: 0.001/0.001 secs] [Times: user=0.00 sys=0.00, real=0.00 secs] 
2024-07-28T16:43:24.738+0800: 5.964: [CMS-concurrent-abortable-preclean-start]
2024-07-28T16:43:24.855+0800: 6.080: Application time: 0.1182593 seconds
2024-07-28T16:43:24.855+0800: 6.080: [GC (Allocation Failure) 2024-07-28T16:43:24.855+0800: 6.080: [ParNew: 77168K->8192K(78656K), 0.0118469 secs] 309247K->308880K(535432K), 0.0119064 secs] [Times: user=0.03 sys=0.00, real=0.01 secs] 
2024-07-28T16:43:24.867+0800: 6.092: Total time for which application threads were stopped: 0.0120220 seconds, Stopping threads took: 0.0000202 seconds
2024-07-28T16:43:24.979+0800: 6.204: Application time: 0.1117047 seconds
2024-07-28T16:43:24.979+0800: 6.204: [GC (Allocation Failure) 2024-07-28T16:43:24.979+0800: 6.204: [ParNew: 77168K->8192K(78656K), 0.0042376 secs] 377856K->323216K(535432K), 0.0042957 secs] [Times: user=0.00 sys=0.00, real=0.00 secs] 
2024-07-28T16:43:24.983+0800: 6.208: Total time for which application threads were stopped: 0.0044176 seconds, Stopping threads took: 0.0000188 seconds
2024-07-28T16:43:24.983+0800: 6.208: [CMS-concurrent-abortable-preclean: 0.005/0.244 secs] [Times: user=0.05 sys=0.00, real=0.25 secs] 
2024-07-28T16:43:24.983+0800: 6.209: Application time: 0.0003239 seconds
2024-07-28T16:43:24.984+0800: 6.209: [GC (CMS Final Remark) [YG occupancy: 12655 K (78656 K)]2024-07-28T16:43:24.984+0800: 6.209: [Rescan (parallel) , 0.0009592 secs]2024-07-28T16:43:24.985+0800: 6.210: [weak refs processing, 0.0000125 secs]2024-07-28T16:43:24.985+0800: 6.210: [class unloading, 0.0001748 secs]2024-07-28T16:43:24.985+0800: 6.210: [scrub symbol table, 0.0003556 secs]2024-07-28T16:43:24.985+0800: 6.210: [scrub string table, 0.0001115 secs][1 CMS-remark: 315024K(456776K)] 327679K(535432K), 0.0016774 secs] [Times: user=0.00 sys=0.00, real=0.00 secs] 
2024-07-28T16:43:24.985+0800: 6.210: Total time for which application threads were stopped: 0.0018501 seconds, Stopping threads took: 0.0001369 seconds
2024-07-28T16:43:24.986+0800: 6.211: [CMS-concurrent-sweep-start]
2024-07-28T16:43:24.987+0800: 6.212: [CMS-concurrent-sweep: 0.001/0.001 secs] [Times: user=0.00 sys=0.00, real=0.00 secs] 
2024-07-28T16:43:24.987+0800: 6.212: [CMS-concurrent-reset-start]
2024-07-28T16:43:24.988+0800: 6.213: [CMS-concurrent-reset: 0.001/0.001 secs] [Times: user=0.00 sys=0.00, real=0.00 secs] 
2024-07-28T16:43:24.990+0800: 6.215: Application time: 0.0049117 seconds
2024-07-28T16:43:24.990+0800: 6.215: [GC (Allocation Failure) 2024-07-28T16:43:24.990+0800: 6.215: [ParNew: 77168K->8192K(78656K), 0.0123943 secs] 242686K->242319K(535432K), 0.0124420 secs] [Times: user=0.00 sys=0.00, real=0.01 secs] 
2024-07-28T16:43:25.003+0800: 6.228: Total time for which application threads were stopped: 0.0125379 seconds, Stopping threads took: 0.0000132 seconds
2024-07-28T16:43:25.003+0800: 6.228: Application time: 0.0002293 seconds
2024-07-28T16:43:25.003+0800: 6.228: [GC (CMS Initial Mark) [1 CMS-initial-mark: 234126K(456776K)] 245758K(535432K), 0.0008256 secs] [Times: user=0.00 sys=0.00, real=0.00 secs] 
2024-07-28T16:43:25.004+0800: 6.229: Total time for which application threads were stopped: 0.0010313 seconds, Stopping threads took: 0.0001630 seconds
2024-07-28T16:43:25.004+0800: 6.229: [CMS-concurrent-mark-start]
2024-07-28T16:43:25.006+0800: 6.231: [CMS-concurrent-mark: 0.001/0.001 secs] [Times: user=0.05 sys=0.00, real=0.00 secs] 
2024-07-28T16:43:25.006+0800: 6.231: [CMS-concurrent-preclean-start]
2024-07-28T16:43:25.006+0800: 6.231: [CMS-concurrent-preclean: 0.001/0.001 secs] [Times: user=0.00 sys=0.00, real=0.00 secs] 
2024-07-28T16:43:25.006+0800: 6.231: [CMS-concurrent-abortable-preclean-start]
2024-07-28T16:43:25.124+0800: 6.349: Application time: 0.1195829 seconds
2024-07-28T16:43:25.124+0800: 6.349: [GC (Allocation Failure) 2024-07-28T16:43:25.124+0800: 6.349: [ParNew: 77168K->8192K(78656K), 0.0120866 secs] 311295K->310928K(535432K), 0.0121504 secs] [Times: user=0.03 sys=0.00, real=0.01 secs] 
2024-07-28T16:43:25.136+0800: 6.361: Total time for which application threads were stopped: 0.0122603 seconds, Stopping threads took: 0.0000193 seconds
2024-07-28T16:43:25.245+0800: 6.470: Application time: 0.1091457 seconds
2024-07-28T16:43:25.245+0800: 6.470: [GC (Allocation Failure) 2024-07-28T16:43:25.245+0800: 6.470: [ParNew: 77168K->8192K(78656K), 0.0053214 secs] 379904K->326288K(535432K), 0.0053848 secs] [Times: user=0.00 sys=0.00, real=0.01 secs] 
2024-07-28T16:43:25.250+0800: 6.476: Total time for which application threads were stopped: 0.0055097 seconds, Stopping threads took: 0.0000195 seconds
2024-07-28T16:43:25.250+0800: 6.476: [CMS-concurrent-abortable-preclean: 0.005/0.244 secs] [Times: user=0.03 sys=0.00, real=0.24 secs] 
2024-07-28T16:43:25.251+0800: 6.476: Application time: 0.0002913 seconds
2024-07-28T16:43:25.251+0800: 6.476: [GC (CMS Final Remark) [YG occupancy: 11631 K (78656 K)]2024-07-28T16:43:25.251+0800: 6.476: [Rescan (parallel) , 0.0006889 secs]2024-07-28T16:43:25.251+0800: 6.477: [weak refs processing, 0.0000131 secs]2024-07-28T16:43:25.251+0800: 6.477: [class unloading, 0.0002034 secs]2024-07-28T16:43:25.252+0800: 6.477: [scrub symbol table, 0.0003571 secs]2024-07-28T16:43:25.252+0800: 6.477: [scrub string table, 0.0001009 secs][1 CMS-remark: 318096K(456776K)] 329727K(535432K), 0.0014285 secs] [Times: user=0.00 sys=0.00, real=0.00 secs] 
2024-07-28T16:43:25.252+0800: 6.478: Total time for which application threads were stopped: 0.0015965 seconds, Stopping threads took: 0.0001294 seconds
2024-07-28T16:43:25.252+0800: 6.478: [CMS-concurrent-sweep-start]
2024-07-28T16:43:25.254+0800: 6.479: [CMS-concurrent-sweep: 0.001/0.001 secs] [Times: user=0.03 sys=0.00, real=0.00 secs] 
2024-07-28T16:43:25.254+0800: 6.479: [CMS-concurrent-reset-start]
2024-07-28T16:43:25.255+0800: 6.481: [CMS-concurrent-reset: 0.001/0.001 secs] [Times: user=0.00 sys=0.00, real=0.00 secs] 
2024-07-28T16:43:25.257+0800: 6.483: Application time: 0.0050366 seconds
2024-07-28T16:43:25.257+0800: 6.483: [GC (Allocation Failure) 2024-07-28T16:43:25.257+0800: 6.483: [ParNew: 77168K->8192K(78656K), 0.0121443 secs] 244734K->244367K(535432K), 0.0121924 secs] [Times: user=0.00 sys=0.00, real=0.01 secs] 
2024-07-28T16:43:25.270+0800: 6.495: Total time for which application threads were stopped: 0.0122926 seconds, Stopping threads took: 0.0000136 seconds
2024-07-28T16:43:25.270+0800: 6.495: Application time: 0.0001180 seconds
2024-07-28T16:43:25.270+0800: 6.495: [GC (CMS Initial Mark) [1 CMS-initial-mark: 236174K(456776K)] 247806K(535432K), 0.0007544 secs] [Times: user=0.00 sys=0.00, real=0.00 secs] 
2024-07-28T16:43:25.271+0800: 6.496: Total time for which application threads were stopped: 0.0009260 seconds, Stopping threads took: 0.0001298 seconds
2024-07-28T16:43:25.271+0800: 6.496: [CMS-concurrent-mark-start]
2024-07-28T16:43:25.272+0800: 6.497: [CMS-concurrent-mark: 0.001/0.001 secs] [Times: user=0.00 sys=0.00, real=0.00 secs] 
2024-07-28T16:43:25.272+0800: 6.497: [CMS-concurrent-preclean-start]
2024-07-28T16:43:25.273+0800: 6.498: [CMS-concurrent-preclean: 0.001/0.001 secs] [Times: user=0.00 sys=0.00, real=0.00 secs] 
2024-07-28T16:43:25.273+0800: 6.498: [CMS-concurrent-abortable-preclean-start]
2024-07-28T16:43:25.388+0800: 6.613: Application time: 0.1174145 seconds
2024-07-28T16:43:25.388+0800: 6.613: [GC (Allocation Failure) 2024-07-28T16:43:25.388+0800: 6.613: [ParNew: 77168K->8192K(78656K), 0.0119693 secs] 313343K->312976K(535432K), 0.0120289 secs] [Times: user=0.02 sys=0.01, real=0.01 secs] 
2024-07-28T16:43:25.400+0800: 6.626: Total time for which application threads were stopped: 0.0121386 seconds, Stopping threads took: 0.0000199 seconds
2024-07-28T16:43:25.512+0800: 6.737: Application time: 0.1116299 seconds
2024-07-28T16:43:25.512+0800: 6.737: [GC (Allocation Failure) 2024-07-28T16:43:25.512+0800: 6.737: [ParNew: 77168K->8192K(78656K), 0.0047944 secs] 381952K->329360K(535432K), 0.0048568 secs] [Times: user=0.00 sys=0.00, real=0.00 secs] 
2024-07-28T16:43:25.517+0800: 6.742: Total time for which application threads were stopped: 0.0049674 seconds, Stopping threads took: 0.0000204 seconds
2024-07-28T16:43:25.517+0800: 6.742: [CMS-concurrent-abortable-preclean: 0.005/0.244 secs] [Times: user=0.02 sys=0.01, real=0.24 secs] 
2024-07-28T16:43:25.517+0800: 6.742: Application time: 0.0003170 seconds
2024-07-28T16:43:25.517+0800: 6.743: [GC (CMS Final Remark) [YG occupancy: 12655 K (78656 K)]2024-07-28T16:43:25.517+0800: 6.743: [Rescan (parallel) , 0.0008446 secs]2024-07-28T16:43:25.518+0800: 6.743: [weak refs processing, 0.0000128 secs]2024-07-28T16:43:25.518+0800: 6.743: [class unloading, 0.0001765 secs]2024-07-28T16:43:25.518+0800: 6.744: [scrub symbol table, 0.0003538 secs]2024-07-28T16:43:25.519+0800: 6.744: [scrub string table, 0.0000997 secs][1 CMS-remark: 321168K(456776K)] 333824K(535432K), 0.0015583 secs] [Times: user=0.00 sys=0.00, real=0.00 secs] 
2024-07-28T16:43:25.519+0800: 6.744: Total time for which application threads were stopped: 0.0016768 seconds, Stopping threads took: 0.0000826 seconds
2024-07-28T16:43:25.519+0800: 6.744: [CMS-concurrent-sweep-start]
2024-07-28T16:43:25.520+0800: 6.746: [CMS-concurrent-sweep: 0.001/0.001 secs] [Times: user=0.03 sys=0.00, real=0.00 secs] 
2024-07-28T16:43:25.520+0800: 6.746: [CMS-concurrent-reset-start]
2024-07-28T16:43:25.522+0800: 6.747: [CMS-concurrent-reset: 0.002/0.002 secs] [Times: user=0.00 sys=0.00, real=0.00 secs] 
2024-07-28T16:43:25.524+0800: 6.749: Application time: 0.0047789 seconds
2024-07-28T16:43:25.524+0800: 6.749: [GC (Allocation Failure) 2024-07-28T16:43:25.524+0800: 6.749: [ParNew: 77168K->8192K(78656K), 0.0121001 secs] 246782K->246415K(535432K), 0.0121472 secs] [Times: user=0.00 sys=0.00, real=0.01 secs] 
2024-07-28T16:43:25.536+0800: 6.761: Total time for which application threads were stopped: 0.0122413 seconds, Stopping threads took: 0.0000133 seconds
2024-07-28T16:43:25.536+0800: 6.761: Application time: 0.0002198 seconds
2024-07-28T16:43:25.536+0800: 6.762: [GC (CMS Initial Mark) [1 CMS-initial-mark: 238223K(456776K)] 249854K(535432K), 0.0008419 secs] [Times: user=0.00 sys=0.00, real=0.00 secs] 
2024-07-28T16:43:25.537+0800: 6.762: Total time for which application threads were stopped: 0.0010175 seconds, Stopping threads took: 0.0001333 seconds
2024-07-28T16:43:25.537+0800: 6.763: [CMS-concurrent-mark-start]
2024-07-28T16:43:25.539+0800: 6.764: [CMS-concurrent-mark: 0.001/0.001 secs] [Times: user=0.00 sys=0.00, real=0.00 secs] 
2024-07-28T16:43:25.539+0800: 6.764: [CMS-concurrent-preclean-start]
2024-07-28T16:43:25.539+0800: 6.764: [CMS-concurrent-preclean: 0.001/0.001 secs] [Times: user=0.00 sys=0.00, real=0.00 secs] 
2024-07-28T16:43:25.539+0800: 6.764: [CMS-concurrent-abortable-preclean-start]
2024-07-28T16:43:25.655+0800: 6.880: Application time: 0.1180339 seconds
2024-07-28T16:43:25.655+0800: 6.881: [GC (Allocation Failure) 2024-07-28T16:43:25.655+0800: 6.881: [ParNew: 77168K->8192K(78656K), 0.0116575 secs] 315391K->315024K(535432K), 0.0117386 secs] [Times: user=0.02 sys=0.02, real=0.01 secs] 
2024-07-28T16:43:25.667+0800: 6.892: Total time for which application threads were stopped: 0.0118484 seconds, Stopping threads took: 0.0000197 seconds
2024-07-28T16:43:25.779+0800: 7.004: Application time: 0.1114825 seconds
2024-07-28T16:43:25.779+0800: 7.004: [GC (Allocation Failure) 2024-07-28T16:43:25.779+0800: 7.004: [ParNew: 77168K->8192K(78656K), 0.0047514 secs] 384000K->332432K(535432K), 0.0048099 secs] [Times: user=0.00 sys=0.00, real=0.00 secs] 
2024-07-28T16:43:25.784+0800: 7.009: Total time for which application threads were stopped: 0.0049260 seconds, Stopping threads took: 0.0000191 seconds
2024-07-28T16:43:25.784+0800: 7.009: [CMS-concurrent-abortable-preclean: 0.006/0.244 secs] [Times: user=0.02 sys=0.02, real=0.24 secs] 
2024-07-28T16:43:25.784+0800: 7.009: Application time: 0.0001506 seconds
2024-07-28T16:43:25.784+0800: 7.009: [GC (CMS Final Remark) [YG occupancy: 11631 K (78656 K)]2024-07-28T16:43:25.784+0800: 7.009: [Rescan (parallel) , 0.0008960 secs]2024-07-28T16:43:25.785+0800: 7.010: [weak refs processing, 0.0000128 secs]2024-07-28T16:43:25.785+0800: 7.010: [class unloading, 0.0001887 secs]2024-07-28T16:43:25.785+0800: 7.010: [scrub symbol table, 0.0003433 secs]2024-07-28T16:43:25.786+0800: 7.011: [scrub string table, 0.0000998 secs][1 CMS-remark: 324240K(456776K)] 335872K(535432K), 0.0016080 secs] [Times: user=0.01 sys=0.00, real=0.00 secs] 
2024-07-28T16:43:25.786+0800: 7.011: Total time for which application threads were stopped: 0.0018209 seconds, Stopping threads took: 0.0001761 seconds
2024-07-28T16:43:25.786+0800: 7.011: [CMS-concurrent-sweep-start]
2024-07-28T16:43:25.787+0800: 7.012: [CMS-concurrent-sweep: 0.002/0.002 secs] [Times: user=0.00 sys=0.00, real=0.00 secs] 
2024-07-28T16:43:25.788+0800: 7.013: [CMS-concurrent-reset-start]
2024-07-28T16:43:25.789+0800: 7.014: [CMS-concurrent-reset: 0.001/0.001 secs] [Times: user=0.00 sys=0.00, real=0.00 secs] 
2024-07-28T16:43:25.791+0800: 7.016: Application time: 0.0048957 seconds
2024-07-28T16:43:25.791+0800: 7.016: [GC (Allocation Failure) 2024-07-28T16:43:25.791+0800: 7.016: [ParNew: 77168K->8192K(78656K), 0.0123247 secs] 248830K->248463K(535432K), 0.0123724 secs] [Times: user=0.03 sys=0.00, real=0.01 secs] 
2024-07-28T16:43:25.803+0800: 7.028: Total time for which application threads were stopped: 0.0124721 seconds, Stopping threads took: 0.0000147 seconds
2024-07-28T16:43:25.803+0800: 7.028: Application time: 0.0002626 seconds
2024-07-28T16:43:25.804+0800: 7.028: [GC (CMS Initial Mark) [1 CMS-initial-mark: 240271K(456776K)] 251902K(535432K), 0.0007509 secs] [Times: user=0.00 sys=0.00, real=0.00 secs] 
2024-07-28T16:43:25.804+0800: 7.029: Total time for which application threads were stopped: 0.0009505 seconds, Stopping threads took: 0.0001562 seconds
2024-07-28T16:43:25.804+0800: 7.029: [CMS-concurrent-mark-start]
2024-07-28T16:43:25.806+0800: 7.030: [CMS-concurrent-mark: 0.001/0.001 secs] [Times: user=0.00 sys=0.00, real=0.00 secs] 
2024-07-28T16:43:25.806+0800: 7.031: [CMS-concurrent-preclean-start]
2024-07-28T16:43:25.806+0800: 7.031: [CMS-concurrent-preclean: 0.001/0.001 secs] [Times: user=0.00 sys=0.00, real=0.00 secs] 
2024-07-28T16:43:25.806+0800: 7.031: [CMS-concurrent-abortable-preclean-start]
2024-07-28T16:43:25.920+0800: 7.145: Application time: 0.1159575 seconds
2024-07-28T16:43:25.920+0800: 7.145: [GC (Allocation Failure) 2024-07-28T16:43:25.920+0800: 7.145: [ParNew: 77168K->8208K(78656K), 0.0119774 secs] 317439K->317088K(535432K), 0.0120320 secs] [Times: user=0.03 sys=0.00, real=0.01 secs] 
2024-07-28T16:43:25.932+0800: 7.157: Total time for which application threads were stopped: 0.0121466 seconds, Stopping threads took: 0.0000248 seconds
2024-07-28T16:43:26.042+0800: 7.267: Application time: 0.1100474 seconds
2024-07-28T16:43:26.042+0800: 7.268: [GC (Allocation Failure) 2024-07-28T16:43:26.042+0800: 7.268: [ParNew: 77184K->8192K(78656K), 0.0048794 secs] 386064K->335504K(535432K), 0.0049424 secs] [Times: user=0.00 sys=0.00, real=0.00 secs] 
2024-07-28T16:43:26.047+0800: 7.273: Total time for which application threads were stopped: 0.0050695 seconds, Stopping threads took: 0.0000203 seconds
2024-07-28T16:43:26.047+0800: 7.273: [CMS-concurrent-abortable-preclean: 0.006/0.241 secs] [Times: user=0.03 sys=0.00, real=0.24 secs] 
2024-07-28T16:43:26.047+0800: 7.273: Application time: 0.0003028 seconds
2024-07-28T16:43:26.047+0800: 7.273: [GC (CMS Final Remark) [YG occupancy: 12655 K (78656 K)]2024-07-28T16:43:26.047+0800: 7.273: [Rescan (parallel) , 0.0011527 secs]2024-07-28T16:43:26.049+0800: 7.274: [weak refs processing, 0.0000133 secs]2024-07-28T16:43:26.049+0800: 7.274: [class unloading, 0.0001754 secs]2024-07-28T16:43:26.049+0800: 7.274: [scrub symbol table, 0.0003429 secs]2024-07-28T16:43:26.049+0800: 7.275: [scrub string table, 0.0000987 secs][1 CMS-remark: 327312K(456776K)] 339968K(535432K), 0.0018471 secs] [Times: user=0.00 sys=0.00, real=0.00 secs] 
2024-07-28T16:43:26.049+0800: 7.275: Total time for which application threads were stopped: 0.0020856 seconds, Stopping threads took: 0.0001847 seconds
2024-07-28T16:43:26.050+0800: 7.275: [CMS-concurrent-sweep-start]
2024-07-28T16:43:26.051+0800: 7.277: [CMS-concurrent-sweep: 0.002/0.002 secs] [Times: user=0.03 sys=0.00, real=0.00 secs] 
2024-07-28T16:43:26.051+0800: 7.277: [CMS-concurrent-reset-start]
2024-07-28T16:43:26.052+0800: 7.278: [CMS-concurrent-reset: 0.001/0.001 secs] [Times: user=0.00 sys=0.00, real=0.00 secs] 
2024-07-28T16:43:26.054+0800: 7.280: Application time: 0.0047712 seconds
2024-07-28T16:43:26.054+0800: 7.280: [GC (Allocation Failure) 2024-07-28T16:43:26.054+0800: 7.280: [ParNew: 77168K->8192K(78656K), 0.0118870 secs] 250879K->250511K(535432K), 0.0119351 secs] [Times: user=0.00 sys=0.00, real=0.01 secs] 
2024-07-28T16:43:26.066+0800: 7.292: Total time for which application threads were stopped: 0.0120287 seconds, Stopping threads took: 0.0000123 seconds
2024-07-28T16:43:26.066+0800: 7.292: Application time: 0.0002388 seconds
2024-07-28T16:43:26.066+0800: 7.292: [GC (CMS Initial Mark) [1 CMS-initial-mark: 242319K(456776K)] 253951K(535432K), 0.0007949 secs] [Times: user=0.00 sys=0.00, real=0.00 secs] 
2024-07-28T16:43:26.068+0800: 7.293: Total time for which application threads were stopped: 0.0009954 seconds, Stopping threads took: 0.0001586 seconds
2024-07-28T16:43:26.068+0800: 7.293: [CMS-concurrent-mark-start]
2024-07-28T16:43:26.068+0800: 7.294: [CMS-concurrent-mark: 0.001/0.001 secs] [Times: user=0.00 sys=0.00, real=0.00 secs] 
2024-07-28T16:43:26.068+0800: 7.294: [CMS-concurrent-preclean-start]
2024-07-28T16:43:26.069+0800: 7.295: [CMS-concurrent-preclean: 0.001/0.001 secs] [Times: user=0.00 sys=0.00, real=0.00 secs] 
2024-07-28T16:43:26.069+0800: 7.295: [CMS-concurrent-abortable-preclean-start]
2024-07-28T16:43:26.187+0800: 7.413: Application time: 0.1199179 seconds
2024-07-28T16:43:26.187+0800: 7.413: [GC (Allocation Failure) 2024-07-28T16:43:26.187+0800: 7.413: [ParNew: 77168K->8192K(78656K), 0.0121709 secs] 319488K->319120K(535432K), 0.0122304 secs] [Times: user=0.03 sys=0.00, real=0.01 secs] 
2024-07-28T16:43:26.200+0800: 7.425: Total time for which application threads were stopped: 0.0123516 seconds, Stopping threads took: 0.0000191 seconds
2024-07-28T16:43:26.312+0800: 7.537: Application time: 0.1119899 seconds
2024-07-28T16:43:26.312+0800: 7.537: [GC (Allocation Failure) 2024-07-28T16:43:26.312+0800: 7.537: [ParNew: 77168K->8192K(78656K), 0.0050510 secs] 388097K->338577K(535432K), 0.0051108 secs] [Times: user=0.03 sys=0.00, real=0.00 secs] 
2024-07-28T16:43:26.317+0800: 7.542: Total time for which application threads were stopped: 0.0052285 seconds, Stopping threads took: 0.0000201 seconds
2024-07-28T16:43:26.317+0800: 7.543: [CMS-concurrent-abortable-preclean: 0.006/0.248 secs] [Times: user=0.06 sys=0.00, real=0.25 secs] 
2024-07-28T16:43:26.318+0800: 7.543: Application time: 0.0003187 seconds
2024-07-28T16:43:26.318+0800: 7.543: [GC (CMS Final Remark) [YG occupancy: 12655 K (78656 K)]2024-07-28T16:43:26.318+0800: 7.543: [Rescan (parallel) , 0.0009859 secs]2024-07-28T16:43:26.319+0800: 7.544: [weak refs processing, 0.0000125 secs]2024-07-28T16:43:26.319+0800: 7.544: [class unloading, 0.0001899 secs]2024-07-28T16:43:26.319+0800: 7.544: [scrub symbol table, 0.0003401 secs]2024-07-28T16:43:26.319+0800: 7.545: [scrub string table, 0.0001003 secs][1 CMS-remark: 330384K(456776K)] 343040K(535432K), 0.0016976 secs] [Times: user=0.00 sys=0.00, real=0.00 secs] 
2024-07-28T16:43:26.320+0800: 7.545: Total time for which application threads were stopped: 0.0018834 seconds, Stopping threads took: 0.0001417 seconds
2024-07-28T16:43:26.320+0800: 7.545: [CMS-concurrent-sweep-start]
2024-07-28T16:43:26.321+0800: 7.546: [CMS-concurrent-sweep: 0.002/0.002 secs] [Times: user=0.00 sys=0.00, real=0.00 secs] 
2024-07-28T16:43:26.321+0800: 7.546: [CMS-concurrent-reset-start]
2024-07-28T16:43:26.323+0800: 7.548: [CMS-concurrent-reset: 0.001/0.001 secs] [Times: user=0.00 sys=0.00, real=0.00 secs] 
2024-07-28T16:43:26.324+0800: 7.549: Application time: 0.0047807 seconds
2024-07-28T16:43:26.324+0800: 7.549: [GC (Allocation Failure) 2024-07-28T16:43:26.324+0800: 7.549: [ParNew: 77168K->8192K(78656K), 0.0125882 secs] 252927K->252559K(535432K), 0.0126387 secs] [Times: user=0.03 sys=0.00, real=0.01 secs] 
2024-07-28T16:43:26.337+0800: 7.562: Total time for which application threads were stopped: 0.0127352 seconds, Stopping threads took: 0.0000131 seconds
2024-07-28T16:43:26.337+0800: 7.562: Application time: 0.0002313 seconds
2024-07-28T16:43:26.337+0800: 7.563: [GC (CMS Initial Mark) [1 CMS-initial-mark: 244367K(456776K)] 255999K(535432K), 0.0007832 secs] [Times: user=0.00 sys=0.00, real=0.00 secs] 
2024-07-28T16:43:26.338+0800: 7.563: Total time for which application threads were stopped: 0.0009151 seconds, Stopping threads took: 0.0000906 seconds
2024-07-28T16:43:26.338+0800: 7.563: [CMS-concurrent-mark-start]
2024-07-28T16:43:26.339+0800: 7.564: [CMS-concurrent-mark: 0.001/0.001 secs] [Times: user=0.00 sys=0.00, real=0.00 secs] 
2024-07-28T16:43:26.339+0800: 7.564: [CMS-concurrent-preclean-start]
2024-07-28T16:43:26.340+0800: 7.565: [CMS-concurrent-preclean: 0.001/0.001 secs] [Times: user=0.00 sys=0.00, real=0.00 secs] 
2024-07-28T16:43:26.340+0800: 7.565: [CMS-concurrent-abortable-preclean-start]
2024-07-28T16:43:26.456+0800: 7.681: Application time: 0.1176744 seconds
2024-07-28T16:43:26.456+0800: 7.681: [GC (Allocation Failure) 2024-07-28T16:43:26.456+0800: 7.681: [ParNew: 77168K->8192K(78656K), 0.0120905 secs] 321536K->321168K(535432K), 0.0121511 secs] [Times: user=0.03 sys=0.00, real=0.01 secs] 
2024-07-28T16:43:26.468+0800: 7.693: Total time for which application threads were stopped: 0.0122624 seconds, Stopping threads took: 0.0000198 seconds
2024-07-28T16:43:26.580+0800: 7.805: Application time: 0.1119314 seconds
2024-07-28T16:43:26.580+0800: 7.805: [GC (Allocation Failure) 2024-07-28T16:43:26.580+0800: 7.805: [ParNew: 77168K->8192K(78656K), 0.0052358 secs] 390145K->341649K(535432K), 0.0052950 secs] [Times: user=0.03 sys=0.00, real=0.01 secs] 
2024-07-28T16:43:26.586+0800: 7.811: Total time for which application threads were stopped: 0.0054064 seconds, Stopping threads took: 0.0000190 seconds
2024-07-28T16:43:26.586+0800: 7.811: [CMS-concurrent-abortable-preclean: 0.005/0.246 secs] [Times: user=0.06 sys=0.00, real=0.25 secs] 
2024-07-28T16:43:26.586+0800: 7.811: Application time: 0.0002763 seconds
2024-07-28T16:43:26.586+0800: 7.811: [GC (CMS Final Remark) [YG occupancy: 12655 K (78656 K)]2024-07-28T16:43:26.586+0800: 7.811: [Rescan (parallel) , 0.0010249 secs]2024-07-28T16:43:26.587+0800: 7.812: [weak refs processing, 0.0000165 secs]2024-07-28T16:43:26.587+0800: 7.812: [class unloading, 0.0001787 secs]2024-07-28T16:43:26.587+0800: 7.812: [scrub symbol table, 0.0003679 secs]2024-07-28T16:43:26.588+0800: 7.813: [scrub string table, 0.0001026 secs][1 CMS-remark: 333456K(456776K)] 346112K(535432K), 0.0017583 secs] [Times: user=0.00 sys=0.00, real=0.00 secs] 
2024-07-28T16:43:26.588+0800: 7.813: Total time for which application threads were stopped: 0.0019749 seconds, Stopping threads took: 0.0001657 seconds
2024-07-28T16:43:26.588+0800: 7.813: [CMS-concurrent-sweep-start]
2024-07-28T16:43:26.590+0800: 7.815: [CMS-concurrent-sweep: 0.002/0.002 secs] [Times: user=0.00 sys=0.00, real=0.00 secs] 
2024-07-28T16:43:26.590+0800: 7.815: [CMS-concurrent-reset-start]
2024-07-28T16:43:26.591+0800: 7.816: [CMS-concurrent-reset: 0.002/0.002 secs] [Times: user=0.00 sys=0.00, real=0.00 secs] 
2024-07-28T16:43:26.593+0800: 7.818: Application time: 0.0047227 seconds
2024-07-28T16:43:26.593+0800: 7.818: [GC (Allocation Failure) 2024-07-28T16:43:26.593+0800: 7.818: [ParNew: 77168K->8192K(78656K), 0.0120001 secs] 254975K->254607K(535432K), 0.0120487 secs] [Times: user=0.03 sys=0.00, real=0.01 secs] 
2024-07-28T16:43:26.605+0800: 7.830: Total time for which application threads were stopped: 0.0121675 seconds, Stopping threads took: 0.0000222 seconds
2024-07-28T16:43:26.605+0800: 7.830: Application time: 0.0002205 seconds
2024-07-28T16:43:26.605+0800: 7.830: [GC (CMS Initial Mark) [1 CMS-initial-mark: 246415K(456776K)] 258047K(535432K), 0.0007287 secs] [Times: user=0.00 sys=0.00, real=0.00 secs] 
2024-07-28T16:43:26.606+0800: 7.831: Total time for which application threads were stopped: 0.0009380 seconds, Stopping threads took: 0.0001647 seconds
2024-07-28T16:43:26.606+0800: 7.831: [CMS-concurrent-mark-start]
2024-07-28T16:43:26.607+0800: 7.832: [CMS-concurrent-mark: 0.001/0.001 secs] [Times: user=0.00 sys=0.00, real=0.00 secs] 
2024-07-28T16:43:26.607+0800: 7.832: [CMS-concurrent-preclean-start]
2024-07-28T16:43:26.608+0800: 7.833: [CMS-concurrent-preclean: 0.001/0.001 secs] [Times: user=0.00 sys=0.00, real=0.00 secs] 
2024-07-28T16:43:26.608+0800: 7.833: [CMS-concurrent-abortable-preclean-start]
2024-07-28T16:43:26.724+0800: 7.949: Application time: 0.1180521 seconds
2024-07-28T16:43:26.724+0800: 7.949: [GC (Allocation Failure) 2024-07-28T16:43:26.724+0800: 7.949: [ParNew: 77168K->8192K(78656K), 0.0121804 secs] 323584K->323216K(535432K), 0.0122408 secs] [Times: user=0.00 sys=0.00, real=0.01 secs] 
2024-07-28T16:43:26.736+0800: 7.961: Total time for which application threads were stopped: 0.0123719 seconds, Stopping threads took: 0.0000198 seconds
2024-07-28T16:43:26.847+0800: 8.072: Application time: 0.1105475 seconds
2024-07-28T16:43:26.847+0800: 8.072: [GC (Allocation Failure) 2024-07-28T16:43:26.847+0800: 8.072: [ParNew: 77168K->8192K(78656K), 0.0052505 secs] 392193K->344721K(535432K), 0.0053093 secs] [Times: user=0.03 sys=0.00, real=0.01 secs] 
2024-07-28T16:43:26.852+0800: 8.077: Total time for which application threads were stopped: 0.0054214 seconds, Stopping threads took: 0.0000204 seconds
2024-07-28T16:43:26.853+0800: 8.077: [CMS-concurrent-abortable-preclean: 0.005/0.245 secs] [Times: user=0.06 sys=0.00, real=0.24 secs] 
2024-07-28T16:43:26.853+0800: 8.078: Application time: 0.0003657 seconds
2024-07-28T16:43:26.853+0800: 8.078: [GC (CMS Final Remark) [YG occupancy: 12655 K (78656 K)]2024-07-28T16:43:26.853+0800: 8.078: [Rescan (parallel) , 0.0008404 secs]2024-07-28T16:43:26.854+0800: 8.079: [weak refs processing, 0.0000127 secs]2024-07-28T16:43:26.854+0800: 8.079: [class unloading, 0.0001916 secs]2024-07-28T16:43:26.854+0800: 8.079: [scrub symbol table, 0.0003403 secs]2024-07-28T16:43:26.854+0800: 8.079: [scrub string table, 0.0000995 secs][1 CMS-remark: 336528K(456776K)] 349184K(535432K), 0.0015540 secs] [Times: user=0.00 sys=0.00, real=0.00 secs] 
2024-07-28T16:43:26.855+0800: 8.079: Total time for which application threads were stopped: 0.0017488 seconds, Stopping threads took: 0.0001568 seconds
2024-07-28T16:43:26.855+0800: 8.080: [CMS-concurrent-sweep-start]
2024-07-28T16:43:26.856+0800: 8.081: [CMS-concurrent-sweep: 0.002/0.002 secs] [Times: user=0.00 sys=0.00, real=0.00 secs] 
2024-07-28T16:43:26.856+0800: 8.081: [CMS-concurrent-reset-start]
2024-07-28T16:43:26.858+0800: 8.082: [CMS-concurrent-reset: 0.001/0.001 secs] [Times: user=0.00 sys=0.00, real=0.00 secs] 
2024-07-28T16:43:26.859+0800: 8.084: Application time: 0.0048034 seconds
2024-07-28T16:43:26.859+0800: 8.084: [GC (Allocation Failure) 2024-07-28T16:43:26.859+0800: 8.084: [ParNew: 77168K->8192K(78656K), 0.0122102 secs] 257023K->256655K(535432K), 0.0122590 secs] [Times: user=0.03 sys=0.00, real=0.01 secs] 
2024-07-28T16:43:26.871+0800: 8.097: Total time for which application threads were stopped: 0.0123568 seconds, Stopping threads took: 0.0000140 seconds
2024-07-28T16:43:26.871+0800: 8.097: Application time: 0.0002365 seconds
2024-07-28T16:43:26.871+0800: 8.097: [GC (CMS Initial Mark) [1 CMS-initial-mark: 248463K(456776K)] 260095K(535432K), 0.0008517 secs] [Times: user=0.00 sys=0.00, real=0.00 secs] 
2024-07-28T16:43:26.872+0800: 8.098: Total time for which application threads were stopped: 0.0010747 seconds, Stopping threads took: 0.0001810 seconds
2024-07-28T16:43:26.872+0800: 8.098: [CMS-concurrent-mark-start]
2024-07-28T16:43:26.873+0800: 8.099: [CMS-concurrent-mark: 0.001/0.001 secs] [Times: user=0.00 sys=0.00, real=0.00 secs] 
2024-07-28T16:43:26.873+0800: 8.099: [CMS-concurrent-preclean-start]
2024-07-28T16:43:26.874+0800: 8.100: [CMS-concurrent-preclean: 0.001/0.001 secs] [Times: user=0.00 sys=0.00, real=0.00 secs] 
2024-07-28T16:43:26.874+0800: 8.100: [CMS-concurrent-abortable-preclean-start]
2024-07-28T16:43:26.991+0800: 8.216: Application time: 0.1182519 seconds
2024-07-28T16:43:26.991+0800: 8.216: [GC (Allocation Failure) 2024-07-28T16:43:26.991+0800: 8.216: [ParNew: 77168K->8192K(78656K), 0.0122049 secs] 325632K->325264K(535432K), 0.0122641 secs] [Times: user=0.00 sys=0.00, real=0.01 secs] 
2024-07-28T16:43:27.004+0800: 8.229: Total time for which application threads were stopped: 0.0123742 seconds, Stopping threads took: 0.0000195 seconds
2024-07-28T16:43:27.114+0800: 8.340: Application time: 0.1111882 seconds
2024-07-28T16:43:27.114+0800: 8.340: [GC (Allocation Failure) 2024-07-28T16:43:27.114+0800: 8.340: [ParNew: 77168K->8192K(78656K), 0.0056767 secs] 394241K->347793K(535432K), 0.0057357 secs] [Times: user=0.00 sys=0.00, real=0.01 secs] 
2024-07-28T16:43:27.120+0800: 8.346: Total time for which application threads were stopped: 0.0058449 seconds, Stopping threads took: 0.0000192 seconds
2024-07-28T16:43:27.120+0800: 8.346: [CMS-concurrent-abortable-preclean: 0.005/0.246 secs] [Times: user=0.06 sys=0.00, real=0.25 secs] 
2024-07-28T16:43:27.120+0800: 8.346: Application time: 0.0003046 seconds
2024-07-28T16:43:27.120+0800: 8.346: [GC (CMS Final Remark) [YG occupancy: 12655 K (78656 K)]2024-07-28T16:43:27.120+0800: 8.346: [Rescan (parallel) , 0.0009188 secs]2024-07-28T16:43:27.121+0800: 8.347: [weak refs processing, 0.0000127 secs]2024-07-28T16:43:27.121+0800: 8.347: [class unloading, 0.0001827 secs]2024-07-28T16:43:27.122+0800: 8.347: [scrub symbol table, 0.0003433 secs]2024-07-28T16:43:27.122+0800: 8.348: [scrub string table, 0.0001102 secs][1 CMS-remark: 339601K(456776K)] 352256K(535432K), 0.0016302 secs] [Times: user=0.00 sys=0.00, real=0.00 secs] 
2024-07-28T16:43:27.122+0800: 8.348: Total time for which application threads were stopped: 0.0017493 seconds, Stopping threads took: 0.0000835 seconds
2024-07-28T16:43:27.122+0800: 8.348: [CMS-concurrent-sweep-start]
2024-07-28T16:43:27.123+0800: 8.349: [CMS-concurrent-sweep: 0.001/0.001 secs] [Times: user=0.00 sys=0.00, real=0.00 secs] 
2024-07-28T16:43:27.124+0800: 8.349: [CMS-concurrent-reset-start]
2024-07-28T16:43:27.125+0800: 8.350: [CMS-concurrent-reset: 0.001/0.001 secs] [Times: user=0.00 sys=0.00, real=0.00 secs] 
2024-07-28T16:43:27.127+0800: 8.352: Application time: 0.0048509 seconds
2024-07-28T16:43:27.127+0800: 8.353: [GC (Allocation Failure) 2024-07-28T16:43:27.127+0800: 8.353: [ParNew: 77168K->8192K(78656K), 0.0121407 secs] 259071K->258703K(535432K), 0.0121892 secs] [Times: user=0.03 sys=0.00, real=0.01 secs] 
2024-07-28T16:43:27.139+0800: 8.365: Total time for which application threads were stopped: 0.0122876 seconds, Stopping threads took: 0.0000138 seconds
2024-07-28T16:43:27.139+0800: 8.365: Application time: 0.0001500 seconds
2024-07-28T16:43:27.139+0800: 8.365: [GC (CMS Initial Mark) [1 CMS-initial-mark: 250511K(456776K)] 262143K(535432K), 0.0007187 secs] [Times: user=0.00 sys=0.00, real=0.00 secs] 
2024-07-28T16:43:27.140+0800: 8.366: Total time for which application threads were stopped: 0.0009166 seconds, Stopping threads took: 0.0001552 seconds
2024-07-28T16:43:27.140+0800: 8.366: [CMS-concurrent-mark-start]
2024-07-28T16:43:27.141+0800: 8.367: [CMS-concurrent-mark: 0.001/0.001 secs] [Times: user=0.00 sys=0.00, real=0.00 secs] 
2024-07-28T16:43:27.141+0800: 8.367: [CMS-concurrent-preclean-start]
2024-07-28T16:43:27.142+0800: 8.367: [CMS-concurrent-preclean: 0.001/0.001 secs] [Times: user=0.00 sys=0.00, real=0.00 secs] 
2024-07-28T16:43:27.142+0800: 8.367: [CMS-concurrent-abortable-preclean-start]
2024-07-28T16:43:27.258+0800: 8.484: Application time: 0.1179058 seconds
2024-07-28T16:43:27.258+0800: 8.484: [GC (Allocation Failure) 2024-07-28T16:43:27.259+0800: 8.484: [ParNew: 77168K->8192K(78656K), 0.0120209 secs] 327680K->327312K(535432K), 0.0573101 secs] [Times: user=0.03 sys=0.00, real=0.06 secs] 
2024-07-28T16:43:27.316+0800: 8.541: Total time for which application threads were stopped: 0.0574479 seconds, Stopping threads took: 0.0000192 seconds
2024-07-28T16:43:27.427+0800: 8.653: Application time: 0.1115296 seconds
2024-07-28T16:43:27.427+0800: 8.653: [GC (Allocation Failure) 2024-07-28T16:43:27.427+0800: 8.653: [ParNew: 77543K->8196K(78656K), 0.0052809 secs] 396664K->349845K(535432K), 0.0053521 secs] [Times: user=0.00 sys=0.00, real=0.01 secs] 
2024-07-28T16:43:27.433+0800: 8.658: Total time for which application threads were stopped: 0.0054680 seconds, Stopping threads took: 0.0000184 seconds
2024-07-28T16:43:27.433+0800: 8.658: [CMS-concurrent-abortable-preclean: 0.005/0.291 secs] [Times: user=0.09 sys=0.00, real=0.29 secs] 
2024-07-28T16:43:27.433+0800: 8.659: Application time: 0.0003202 seconds
2024-07-28T16:43:27.433+0800: 8.659: [GC (CMS Final Remark) [YG occupancy: 12649 K (78656 K)]2024-07-28T16:43:27.433+0800: 8.659: [Rescan (parallel) , 0.0007606 secs]2024-07-28T16:43:27.434+0800: 8.659: [weak refs processing, 0.0000125 secs]2024-07-28T16:43:27.434+0800: 8.659: [class unloading, 0.0001955 secs]2024-07-28T16:43:27.434+0800: 8.660: [scrub symbol table, 0.0003745 secs]2024-07-28T16:43:27.434+0800: 8.660: [scrub string table, 0.0001069 secs][1 CMS-remark: 341649K(456776K)] 354299K(535432K), 0.0015140 secs] [Times: user=0.00 sys=0.00, real=0.00 secs] 
2024-07-28T16:43:27.435+0800: 8.660: Total time for which application threads were stopped: 0.0016658 seconds, Stopping threads took: 0.0001152 seconds
2024-07-28T16:43:27.435+0800: 8.660: [CMS-concurrent-sweep-start]
2024-07-28T16:43:27.436+0800: 8.662: [CMS-concurrent-sweep: 0.001/0.001 secs] [Times: user=0.00 sys=0.00, real=0.00 secs] 
2024-07-28T16:43:27.436+0800: 8.662: [CMS-concurrent-reset-start]
2024-07-28T16:43:27.437+0800: 8.663: [CMS-concurrent-reset: 0.001/0.001 secs] [Times: user=0.00 sys=0.00, real=0.00 secs] 
2024-07-28T16:43:27.439+0800: 8.665: Application time: 0.0047572 seconds
2024-07-28T16:43:27.439+0800: 8.665: [GC (Allocation Failure) 2024-07-28T16:43:27.439+0800: 8.665: [ParNew: 77162K->8192K(78656K), 0.0122216 secs] 260089K->259727K(535432K), 0.0122700 secs] [Times: user=0.03 sys=0.00, real=0.01 secs] 
2024-07-28T16:43:27.452+0800: 8.677: Total time for which application threads were stopped: 0.0123648 seconds, Stopping threads took: 0.0000129 seconds
2024-07-28T16:43:27.452+0800: 8.678: Application time: 0.0002413 seconds
2024-07-28T16:43:27.452+0800: 8.678: [GC (CMS Initial Mark) [1 CMS-initial-mark: 251535K(456776K)] 263161K(535432K), 0.0008126 secs] [Times: user=0.00 sys=0.00, real=0.00 secs] 
2024-07-28T16:43:27.453+0800: 8.679: Total time for which application threads were stopped: 0.0009431 seconds, Stopping threads took: 0.0000894 seconds
2024-07-28T16:43:27.453+0800: 8.679: [CMS-concurrent-mark-start]
2024-07-28T16:43:27.454+0800: 8.680: [CMS-concurrent-mark: 0.001/0.001 secs] [Times: user=0.00 sys=0.00, real=0.00 secs] 
2024-07-28T16:43:27.454+0800: 8.680: [CMS-concurrent-preclean-start]
2024-07-28T16:43:27.455+0800: 8.680: [CMS-concurrent-preclean: 0.001/0.001 secs] [Times: user=0.00 sys=0.00, real=0.00 secs] 
2024-07-28T16:43:27.455+0800: 8.680: [CMS-concurrent-abortable-preclean-start]
2024-07-28T16:43:27.569+0800: 8.794: Application time: 0.1157317 seconds
2024-07-28T16:43:27.569+0800: 8.794: [GC (Allocation Failure) 2024-07-28T16:43:27.570+0800: 8.794: [ParNew: 77162K->8192K(78656K), 0.0119935 secs] 328698K->328336K(535432K), 0.0120632 secs] [Times: user=0.00 sys=0.00, real=0.01 secs] 
2024-07-28T16:43:27.582+0800: 8.806: Total time for which application threads were stopped: 0.0121746 seconds, Stopping threads took: 0.0000201 seconds
2024-07-28T16:43:27.692+0800: 8.918: Application time: 0.1112619 seconds
2024-07-28T16:43:27.692+0800: 8.918: [GC (Allocation Failure) 2024-07-28T16:43:27.692+0800: 8.918: [ParNew: 77164K->8192K(78656K), 0.0055635 secs] 397309K->351889K(535432K), 0.0056394 secs] [Times: user=0.00 sys=0.00, real=0.01 secs] 
2024-07-28T16:43:27.698+0800: 8.923: Total time for which application threads were stopped: 0.0057513 seconds, Stopping threads took: 0.0000189 seconds
2024-07-28T16:43:27.698+0800: 8.924: [CMS-concurrent-abortable-preclean: 0.005/0.243 secs] [Times: user=0.06 sys=0.00, real=0.24 secs] 
2024-07-28T16:43:27.698+0800: 8.924: Application time: 0.0002795 seconds
2024-07-28T16:43:27.698+0800: 8.924: [GC (CMS Final Remark) [YG occupancy: 12653 K (78656 K)]2024-07-28T16:43:27.698+0800: 8.924: [Rescan (parallel) , 0.0008392 secs]2024-07-28T16:43:27.699+0800: 8.925: [weak refs processing, 0.0000127 secs]2024-07-28T16:43:27.699+0800: 8.925: [class unloading, 0.0001962 secs]2024-07-28T16:43:27.699+0800: 8.925: [scrub symbol table, 0.0003512 secs]2024-07-28T16:43:27.700+0800: 8.925: [scrub string table, 0.0001004 secs][1 CMS-remark: 343697K(456776K)] 356350K(535432K), 0.0015625 secs] [Times: user=0.00 sys=0.00, real=0.00 secs] 
2024-07-28T16:43:27.700+0800: 8.925: Total time for which application threads were stopped: 0.0016835 seconds, Stopping threads took: 0.0000843 seconds
2024-07-28T16:43:27.700+0800: 8.926: [CMS-concurrent-sweep-start]
2024-07-28T16:43:27.702+0800: 8.927: [CMS-concurrent-sweep: 0.002/0.002 secs] [Times: user=0.00 sys=0.00, real=0.00 secs] 
2024-07-28T16:43:27.702+0800: 8.927: [CMS-concurrent-reset-start]
2024-07-28T16:43:27.703+0800: 8.928: [CMS-concurrent-reset: 0.001/0.001 secs] [Times: user=0.00 sys=0.00, real=0.00 secs] 
2024-07-28T16:43:27.704+0800: 8.930: Application time: 0.0047900 seconds
2024-07-28T16:43:27.705+0800: 8.930: [GC (Allocation Failure) 2024-07-28T16:43:27.705+0800: 8.930: [ParNew: 77166K->8192K(78656K), 0.0119628 secs] 261116K->260751K(535432K), 0.0120164 secs] [Times: user=0.03 sys=0.00, real=0.01 secs] 
2024-07-28T16:43:27.717+0800: 8.942: Total time for which application threads were stopped: 0.0121179 seconds, Stopping threads took: 0.0000168 seconds
2024-07-28T16:43:27.717+0800: 8.943: Application time: 0.0002443 seconds
2024-07-28T16:43:27.717+0800: 8.943: [GC (CMS Initial Mark) [1 CMS-initial-mark: 252559K(456776K)] 264189K(535432K), 0.0007976 secs] [Times: user=0.00 sys=0.00, real=0.00 secs] 
2024-07-28T16:43:27.718+0800: 8.944: Total time for which application threads were stopped: 0.0009648 seconds, Stopping threads took: 0.0001230 seconds
2024-07-28T16:43:27.718+0800: 8.944: [CMS-concurrent-mark-start]
2024-07-28T16:43:27.719+0800: 8.945: [CMS-concurrent-mark: 0.001/0.001 secs] [Times: user=0.00 sys=0.00, real=0.00 secs] 
2024-07-28T16:43:27.719+0800: 8.945: [CMS-concurrent-preclean-start]
2024-07-28T16:43:27.720+0800: 8.945: [CMS-concurrent-preclean: 0.001/0.001 secs] [Times: user=0.00 sys=0.00, real=0.00 secs] 
2024-07-28T16:43:27.720+0800: 8.945: [CMS-concurrent-abortable-preclean-start]
2024-07-28T16:43:27.834+0800: 9.060: Application time: 0.1163456 seconds
2024-07-28T16:43:27.835+0800: 9.060: [GC (Allocation Failure) 2024-07-28T16:43:27.835+0800: 9.060: [ParNew: 77167K->8192K(78656K), 0.0117360 secs] 329726K->329360K(535432K), 0.0117946 secs] [Times: user=0.00 sys=0.00, real=0.01 secs] 
2024-07-28T16:43:27.846+0800: 9.072: Total time for which application threads were stopped: 0.0119098 seconds, Stopping threads took: 0.0000198 seconds
2024-07-28T16:43:27.959+0800: 9.185: Application time: 0.1130042 seconds
2024-07-28T16:43:27.959+0800: 9.185: [GC (Allocation Failure) 2024-07-28T16:43:27.959+0800: 9.185: [ParNew: 77167K->8192K(78656K), 0.0058350 secs] 398336K->353937K(535432K), 0.0058923 secs] [Times: user=0.00 sys=0.00, real=0.01 secs] 
2024-07-28T16:43:27.965+0800: 9.191: Total time for which application threads were stopped: 0.0060021 seconds, Stopping threads took: 0.0000197 seconds
2024-07-28T16:43:27.965+0800: 9.191: [CMS-concurrent-abortable-preclean: 0.006/0.246 secs] [Times: user=0.05 sys=0.00, real=0.24 secs] 
2024-07-28T16:43:27.965+0800: 9.191: Application time: 0.0002150 seconds
2024-07-28T16:43:27.966+0800: 9.191: [GC (CMS Final Remark) [YG occupancy: 11631 K (78656 K)]2024-07-28T16:43:27.966+0800: 9.191: [Rescan (parallel) , 0.0008139 secs]2024-07-28T16:43:27.966+0800: 9.192: [weak refs processing, 0.0000135 secs]2024-07-28T16:43:27.966+0800: 9.192: [class unloading, 0.0002088 secs]2024-07-28T16:43:27.967+0800: 9.192: [scrub symbol table, 0.0003387 secs]2024-07-28T16:43:27.967+0800: 9.193: [scrub string table, 0.0000994 secs][1 CMS-remark: 345745K(456776K)] 357376K(535432K), 0.0015437 secs] [Times: user=0.00 sys=0.00, real=0.00 secs] 
2024-07-28T16:43:27.967+0800: 9.193: Total time for which application threads were stopped: 0.0017274 seconds, Stopping threads took: 0.0001376 seconds
2024-07-28T16:43:27.967+0800: 9.193: [CMS-concurrent-sweep-start]
2024-07-28T16:43:27.969+0800: 9.195: [CMS-concurrent-sweep: 0.002/0.002 secs] [Times: user=0.00 sys=0.00, real=0.00 secs] 
2024-07-28T16:43:27.969+0800: 9.195: [CMS-concurrent-reset-start]
2024-07-28T16:43:27.970+0800: 9.196: [CMS-concurrent-reset: 0.001/0.001 secs] [Times: user=0.00 sys=0.00, real=0.00 secs] 
2024-07-28T16:43:27.972+0800: 9.198: Application time: 0.0049037 seconds
2024-07-28T16:43:27.972+0800: 9.198: [GC (Allocation Failure) 2024-07-28T16:43:27.972+0800: 9.198: [ParNew: 77168K->8192K(78656K), 0.0121569 secs] 263166K->262799K(535432K), 0.0122120 secs] [Times: user=0.13 sys=0.00, real=0.01 secs] 
2024-07-28T16:43:27.984+0800: 9.210: Total time for which application threads were stopped: 0.0123071 seconds, Stopping threads took: 0.0000128 seconds
2024-07-28T16:43:27.985+0800: 9.210: Application time: 0.0001546 seconds
2024-07-28T16:43:27.985+0800: 9.210: [GC (CMS Initial Mark) [1 CMS-initial-mark: 254607K(456776K)] 265215K(535432K), 0.0003859 secs] [Times: user=0.00 sys=0.00, real=0.00 secs] 
2024-07-28T16:43:27.985+0800: 9.211: Total time for which application threads were stopped: 0.0005617 seconds, Stopping threads took: 0.0001339 seconds
2024-07-28T16:43:27.985+0800: 9.211: [CMS-concurrent-mark-start]
2024-07-28T16:43:27.986+0800: 9.212: [CMS-concurrent-mark: 0.001/0.001 secs] [Times: user=0.00 sys=0.00, real=0.00 secs] 
2024-07-28T16:43:27.986+0800: 9.212: [CMS-concurrent-preclean-start]
2024-07-28T16:43:27.987+0800: 9.212: [CMS-concurrent-preclean: 0.001/0.001 secs] [Times: user=0.00 sys=0.00, real=0.00 secs] 
2024-07-28T16:43:27.987+0800: 9.212: [CMS-concurrent-abortable-preclean-start]
2024-07-28T16:43:28.105+0800: 9.330: Application time: 0.1188632 seconds
2024-07-28T16:43:28.105+0800: 9.330: [GC (Allocation Failure) 2024-07-28T16:43:28.105+0800: 9.330: [ParNew: 77168K->8192K(78656K), 0.0120386 secs] 331776K->331408K(535432K), 0.0120995 secs] [Times: user=0.03 sys=0.00, real=0.01 secs] 
2024-07-28T16:43:28.117+0800: 9.342: Total time for which application threads were stopped: 0.0122124 seconds, Stopping threads took: 0.0000194 seconds
2024-07-28T16:43:28.228+0800: 9.453: Application time: 0.1110028 seconds
2024-07-28T16:43:28.228+0800: 9.453: [GC (Allocation Failure) 2024-07-28T16:43:28.228+0800: 9.453: [ParNew: 77171K->8192K(78656K), 0.0069280 secs] 400387K->357009K(535432K), 0.0069926 secs] [Times: user=0.00 sys=0.00, real=0.01 secs] 
2024-07-28T16:43:28.235+0800: 9.460: Total time for which application threads were stopped: 0.0071122 seconds, Stopping threads took: 0.0000212 seconds
2024-07-28T16:43:28.235+0800: 9.460: [CMS-concurrent-abortable-preclean: 0.006/0.248 secs] [Times: user=0.03 sys=0.00, real=0.25 secs] 
2024-07-28T16:43:28.235+0800: 9.460: Application time: 0.0003270 seconds
2024-07-28T16:43:28.235+0800: 9.460: [GC (CMS Final Remark) [YG occupancy: 13674 K (78656 K)]2024-07-28T16:43:28.235+0800: 9.460: [Rescan (parallel) , 0.0005356 secs]2024-07-28T16:43:28.236+0800: 9.461: [weak refs processing, 0.0000135 secs]2024-07-28T16:43:28.236+0800: 9.461: [class unloading, 0.0002559 secs]2024-07-28T16:43:28.236+0800: 9.461: [scrub symbol table, 0.0004402 secs]2024-07-28T16:43:28.237+0800: 9.462: [scrub string table, 0.0001122 secs][1 CMS-remark: 348817K(456776K)] 362491K(535432K), 0.0014308 secs] [Times: user=0.00 sys=0.00, real=0.00 secs] 
2024-07-28T16:43:28.237+0800: 9.462: Total time for which application threads were stopped: 0.0016179 seconds, Stopping threads took: 0.0001238 seconds
2024-07-28T16:43:28.237+0800: 9.462: [CMS-concurrent-sweep-start]
2024-07-28T16:43:28.239+0800: 9.464: [CMS-concurrent-sweep: 0.002/0.002 secs] [Times: user=0.03 sys=0.00, real=0.00 secs] 
2024-07-28T16:43:28.239+0800: 9.464: [CMS-concurrent-reset-start]
2024-07-28T16:43:28.240+0800: 9.465: [CMS-concurrent-reset: 0.001/0.001 secs] [Times: user=0.00 sys=0.00, real=0.00 secs] 
2024-07-28T16:43:28.351+0800: 9.576: Application time: 0.1141488 seconds
2024-07-28T16:43:28.351+0800: 9.576: [GC (Allocation Failure) 2024-07-28T16:43:28.351+0800: 9.576: [ParNew: 77162K->8192K(78656K), 0.0120307 secs] 265209K->264847K(535432K), 0.0120904 secs] [Times: user=0.00 sys=0.00, real=0.01 secs] 
2024-07-28T16:43:28.363+0800: 9.588: Total time for which application threads were stopped: 0.0122185 seconds, Stopping threads took: 0.0000200 seconds
2024-07-28T16:43:28.363+0800: 9.588: Application time: 0.0002687 seconds
2024-07-28T16:43:28.364+0800: 9.589: [GC (CMS Initial Mark) [1 CMS-initial-mark: 256655K(456776K)] 268283K(535432K), 0.0008489 secs] [Times: user=0.00 sys=0.00, real=0.00 secs] 
2024-07-28T16:43:28.365+0800: 9.590: Total time for which application threads were stopped: 0.0010642 seconds, Stopping threads took: 0.0001727 seconds
2024-07-28T16:43:28.365+0800: 9.590: [CMS-concurrent-mark-start]
2024-07-28T16:43:28.368+0800: 9.593: [CMS-concurrent-mark: 0.004/0.004 secs] [Times: user=0.00 sys=0.00, real=0.00 secs] 
2024-07-28T16:43:28.368+0800: 9.593: [CMS-concurrent-preclean-start]
2024-07-28T16:43:28.370+0800: 9.595: [CMS-concurrent-preclean: 0.001/0.001 secs] [Times: user=0.00 sys=0.00, real=0.00 secs] 
2024-07-28T16:43:28.370+0800: 9.595: Application time: 0.0053525 seconds
2024-07-28T16:43:28.370+0800: 9.595: [GC (Allocation Failure) 2024-07-28T16:43:28.370+0800: 9.595: [ParNew: 77165K->8192K(78656K), 0.0116702 secs] 333820K->333457K(535432K), 0.0117196 secs] [Times: user=0.03 sys=0.00, real=0.01 secs] 
2024-07-28T16:43:28.382+0800: 9.607: Total time for which application threads were stopped: 0.0118323 seconds, Stopping threads took: 0.0000292 seconds
2024-07-28T16:43:28.382+0800: 9.607: Application time: 0.0003532 seconds
2024-07-28T16:43:28.382+0800: 9.607: [GC (CMS Final Remark) [YG occupancy: 13677 K (78656 K)]2024-07-28T16:43:28.382+0800: 9.607: [Rescan (parallel) , 0.0008934 secs]2024-07-28T16:43:28.383+0800: 9.608: [weak refs processing, 0.0000131 secs]2024-07-28T16:43:28.383+0800: 9.608: [class unloading, 0.0002631 secs]2024-07-28T16:43:28.383+0800: 9.608: [scrub symbol table, 0.0003687 secs]2024-07-28T16:43:28.384+0800: 9.609: [scrub string table, 0.0001002 secs][1 CMS-remark: 325264K(456776K)] 338942K(535432K), 0.0017036 secs] [Times: user=0.00 sys=0.00, real=0.00 secs] 
2024-07-28T16:43:28.384+0800: 9.609: Total time for which application threads were stopped: 0.0018636 seconds, Stopping threads took: 0.0001231 seconds
2024-07-28T16:43:28.384+0800: 9.609: [CMS-concurrent-sweep-start]
2024-07-28T16:43:28.385+0800: 9.610: [CMS-concurrent-sweep: 0.001/0.001 secs] [Times: user=0.00 sys=0.00, real=0.00 secs] 
2024-07-28T16:43:28.385+0800: 9.610: [CMS-concurrent-reset-start]
2024-07-28T16:43:28.387+0800: 9.612: [CMS-concurrent-reset: 0.001/0.001 secs] [Times: user=0.00 sys=0.00, real=0.00 secs] 
2024-07-28T16:43:28.493+0800: 9.718: Application time: 0.1091857 seconds
2024-07-28T16:43:28.493+0800: 9.718: [GC (Allocation Failure) 2024-07-28T16:43:28.493+0800: 9.718: [ParNew: 77166K->8192K(78656K), 0.0063129 secs] 240636K->198286K(535432K), 0.0063717 secs] [Times: user=0.00 sys=0.00, real=0.01 secs] 
2024-07-28T16:43:28.500+0800: 9.725: Total time for which application threads were stopped: 0.0064836 seconds, Stopping threads took: 0.0000194 seconds
2024-07-28T16:43:28.618+0800: 9.843: Application time: 0.1181836 seconds
2024-07-28T16:43:28.618+0800: 9.843: [GC (Allocation Failure) 2024-07-28T16:43:28.618+0800: 9.843: [ParNew: 77167K->8192K(78656K), 0.0121909 secs] 267262K->266896K(535432K), 0.0122655 secs] [Times: user=0.03 sys=0.00, real=0.01 secs] 
2024-07-28T16:43:28.630+0800: 9.855: Total time for which application threads were stopped: 0.0124229 seconds, Stopping threads took: 0.0000455 seconds
2024-07-28T16:43:28.630+0800: 9.856: Application time: 0.0002390 seconds
2024-07-28T16:43:28.630+0800: 9.856: [GC (CMS Initial Mark) [1 CMS-initial-mark: 258703K(456776K)] 270334K(535432K), 0.0007330 secs] [Times: user=0.00 sys=0.00, real=0.00 secs] 
2024-07-28T16:43:28.631+0800: 9.856: Total time for which application threads were stopped: 0.0009208 seconds, Stopping threads took: 0.0001460 seconds
2024-07-28T16:43:28.631+0800: 9.857: [CMS-concurrent-mark-start]
2024-07-28T16:43:28.635+0800: 9.860: [CMS-concurrent-mark: 0.004/0.004 secs] [Times: user=0.00 sys=0.00, real=0.00 secs] 
2024-07-28T16:43:28.689+0800: 9.914: Application time: 0.0571518 seconds
2024-07-28T16:43:28.689+0800: 9.914: [GC (Allocation Failure) 2024-07-28T16:43:28.689+0800: 9.914: [ParNew: 77167K->8192K(78656K), 0.0119022 secs] 335871K->335505K(535432K), 0.0119571 secs] [Times: user=0.03 sys=0.00, real=0.01 secs] 
2024-07-28T16:43:28.701+0800: 9.926: Total time for which application threads were stopped: 0.0120735 seconds, Stopping threads took: 0.0000199 seconds
2024-07-28T16:43:28.701+0800: 9.926: [CMS-concurrent-preclean-start]
2024-07-28T16:43:28.703+0800: 9.928: [CMS-concurrent-preclean: 0.002/0.002 secs] [Times: user=0.00 sys=0.00, real=0.00 secs] 
2024-07-28T16:43:28.703+0800: 9.928: [CMS-concurrent-abortable-preclean-start]
2024-07-28T16:43:28.807+0800: 10.033: Application time: 0.1070679 seconds
2024-07-28T16:43:28.808+0800: 10.033: [GC (Allocation Failure) 2024-07-28T16:43:28.808+0800: 10.033: [ParNew: 77168K->8192K(78656K), 0.0064376 secs] 404481K->363153K(535432K), 0.0064957 secs] [Times: user=0.00 sys=0.00, real=0.01 secs] 
2024-07-28T16:43:28.814+0800: 10.039: Total time for which application threads were stopped: 0.0066230 seconds, Stopping threads took: 0.0000198 seconds
2024-07-28T16:43:28.814+0800: 10.039: [CMS-concurrent-abortable-preclean: 0.002/0.112 secs] [Times: user=0.00 sys=0.00, real=0.11 secs] 
2024-07-28T16:43:28.814+0800: 10.040: Application time: 0.0003547 seconds
2024-07-28T16:43:28.815+0800: 10.040: [GC (CMS Final Remark) [YG occupancy: 13679 K (78656 K)]2024-07-28T16:43:28.815+0800: 10.040: [Rescan (parallel) , 0.0006723 secs]2024-07-28T16:43:28.815+0800: 10.041: [weak refs processing, 0.0000131 secs]2024-07-28T16:43:28.815+0800: 10.041: [class unloading, 0.0002071 secs]2024-07-28T16:43:28.816+0800: 10.041: [scrub symbol table, 0.0003390 secs]2024-07-28T16:43:28.816+0800: 10.041: [scrub string table, 0.0001004 secs][1 CMS-remark: 354961K(456776K)] 368640K(535432K), 0.0013965 secs] [Times: user=0.00 sys=0.00, real=0.00 secs] 
2024-07-28T16:43:28.816+0800: 10.041: Total time for which application threads were stopped: 0.0016047 seconds, Stopping threads took: 0.0001696 seconds
2024-07-28T16:43:28.816+0800: 10.042: [CMS-concurrent-sweep-start]
2024-07-28T16:43:28.818+0800: 10.043: [CMS-concurrent-sweep: 0.002/0.002 secs] [Times: user=0.03 sys=0.00, real=0.00 secs] 
2024-07-28T16:43:28.818+0800: 10.043: [CMS-concurrent-reset-start]
2024-07-28T16:43:28.819+0800: 10.044: [CMS-concurrent-reset: 0.001/0.001 secs] [Times: user=0.00 sys=0.00, real=0.00 secs] 
2024-07-28T16:43:28.930+0800: 10.156: Application time: 0.1141836 seconds
2024-07-28T16:43:28.930+0800: 10.156: [GC (Allocation Failure) 2024-07-28T16:43:28.930+0800: 10.156: [ParNew: 77168K->8192K(78656K), 0.0119407 secs] 269311K->268944K(535432K), 0.0120175 secs] [Times: user=0.03 sys=0.00, real=0.01 secs] 
2024-07-28T16:43:28.942+0800: 10.168: Total time for which application threads were stopped: 0.0121343 seconds, Stopping threads took: 0.0000207 seconds
2024-07-28T16:43:28.942+0800: 10.168: Application time: 0.0001286 seconds
2024-07-28T16:43:28.943+0800: 10.168: [GC (CMS Initial Mark) [1 CMS-initial-mark: 260751K(456776K)] 272383K(535432K), 0.0007647 secs] [Times: user=0.00 sys=0.00, real=0.00 secs] 
2024-07-28T16:43:28.943+0800: 10.169: Total time for which application threads were stopped: 0.0009019 seconds, Stopping threads took: 0.0000888 seconds
2024-07-28T16:43:28.943+0800: 10.169: [CMS-concurrent-mark-start]
2024-07-28T16:43:28.947+0800: 10.173: [CMS-concurrent-mark: 0.004/0.004 secs] [Times: user=0.00 sys=0.00, real=0.00 secs] 
2024-07-28T16:43:28.947+0800: 10.173: [CMS-concurrent-preclean-start]
2024-07-28T16:43:28.949+0800: 10.174: [CMS-concurrent-preclean: 0.001/0.001 secs] [Times: user=0.00 sys=0.00, real=0.00 secs] 
2024-07-28T16:43:28.949+0800: 10.174: Application time: 0.0052671 seconds
2024-07-28T16:43:28.949+0800: 10.174: [GC (Allocation Failure) 2024-07-28T16:43:28.949+0800: 10.174: [ParNew: 77168K->8192K(78656K), 0.0119089 secs] 337920K->337553K(535432K), 0.0119713 secs] [Times: user=0.03 sys=0.00, real=0.01 secs] 
2024-07-28T16:43:28.961+0800: 10.186: Total time for which application threads were stopped: 0.0120676 seconds, Stopping threads took: 0.0000120 seconds
2024-07-28T16:43:28.961+0800: 10.186: Application time: 0.0003213 seconds
2024-07-28T16:43:28.961+0800: 10.186: [GC (CMS Final Remark) [YG occupancy: 13679 K (78656 K)]2024-07-28T16:43:28.961+0800: 10.187: [Rescan (parallel) , 0.0008030 secs]2024-07-28T16:43:28.962+0800: 10.187: [weak refs processing, 0.0000163 secs]2024-07-28T16:43:28.962+0800: 10.187: [class unloading, 0.0001873 secs]2024-07-28T16:43:28.962+0800: 10.188: [scrub symbol table, 0.0003516 secs]2024-07-28T16:43:28.963+0800: 10.188: [scrub string table, 0.0001016 secs][1 CMS-remark: 329360K(456776K)] 343040K(535432K), 0.0015266 secs] [Times: user=0.00 sys=0.00, real=0.00 secs] 
2024-07-28T16:43:28.963+0800: 10.188: Total time for which application threads were stopped: 0.0017073 seconds, Stopping threads took: 0.0001410 seconds
2024-07-28T16:43:28.963+0800: 10.188: [CMS-concurrent-sweep-start]
2024-07-28T16:43:28.964+0800: 10.190: [CMS-concurrent-sweep: 0.002/0.002 secs] [Times: user=0.00 sys=0.00, real=0.00 secs] 
2024-07-28T16:43:28.965+0800: 10.190: [CMS-concurrent-reset-start]
2024-07-28T16:43:28.965+0800: 10.191: [CMS-concurrent-reset: 0.001/0.001 secs] [Times: user=0.00 sys=0.00, real=0.00 secs] 
2024-07-28T16:43:29.075+0800: 10.300: Application time: 0.1120684 seconds
2024-07-28T16:43:29.075+0800: 10.300: [GC (Allocation Failure) 2024-07-28T16:43:29.075+0800: 10.300: [ParNew: 77168K->8192K(78656K), 0.0064540 secs] 242687K->202383K(535432K), 0.0065128 secs] [Times: user=0.00 sys=0.00, real=0.01 secs] 
2024-07-28T16:43:29.082+0800: 10.307: Total time for which application threads were stopped: 0.0066261 seconds, Stopping threads took: 0.0000204 seconds
2024-07-28T16:43:29.200+0800: 10.426: Application time: 0.1188634 seconds
2024-07-28T16:43:29.200+0800: 10.426: [GC (Allocation Failure) 2024-07-28T16:43:29.200+0800: 10.426: [ParNew: 77168K->8192K(78656K), 0.0120378 secs] 271359K->270992K(535432K), 0.0120994 secs] [Times: user=0.03 sys=0.00, real=0.01 secs] 
2024-07-28T16:43:29.213+0800: 10.438: Total time for which application threads were stopped: 0.0122217 seconds, Stopping threads took: 0.0000222 seconds
2024-07-28T16:43:29.213+0800: 10.438: Application time: 0.0001784 seconds
2024-07-28T16:43:29.213+0800: 10.438: [GC (CMS Initial Mark) [1 CMS-initial-mark: 262799K(456776K)] 274431K(535432K), 0.0007833 secs] [Times: user=0.00 sys=0.00, real=0.00 secs] 
2024-07-28T16:43:29.214+0800: 10.439: Total time for which application threads were stopped: 0.0009431 seconds, Stopping threads took: 0.0001153 seconds
2024-07-28T16:43:29.214+0800: 10.439: [CMS-concurrent-mark-start]
2024-07-28T16:43:29.217+0800: 10.443: [CMS-concurrent-mark: 0.004/0.004 secs] [Times: user=0.00 sys=0.00, real=0.00 secs] 
2024-07-28T16:43:29.217+0800: 10.443: [CMS-concurrent-preclean-start]
2024-07-28T16:43:29.219+0800: 10.444: [CMS-concurrent-preclean: 0.001/0.001 secs] [Times: user=0.00 sys=0.00, real=0.00 secs] 
2024-07-28T16:43:29.219+0800: 10.444: Application time: 0.0052859 seconds
2024-07-28T16:43:29.219+0800: 10.444: [GC (Allocation Failure) 2024-07-28T16:43:29.219+0800: 10.444: [ParNew: 77168K->8192K(78656K), 0.0121551 secs] 339968K->339601K(535432K), 0.0122593 secs] [Times: user=0.03 sys=0.00, real=0.01 secs] 
2024-07-28T16:43:29.231+0800: 10.457: Total time for which application threads were stopped: 0.0123585 seconds, Stopping threads took: 0.0000144 seconds
2024-07-28T16:43:29.232+0800: 10.457: Application time: 0.0003078 seconds
2024-07-28T16:43:29.232+0800: 10.457: [GC (CMS Final Remark) [YG occupancy: 11631 K (78656 K)]2024-07-28T16:43:29.232+0800: 10.457: [Rescan (parallel) , 0.0009979 secs]2024-07-28T16:43:29.233+0800: 10.458: [weak refs processing, 0.0000131 secs]2024-07-28T16:43:29.233+0800: 10.458: [class unloading, 0.0002135 secs]2024-07-28T16:43:29.233+0800: 10.458: [scrub symbol table, 0.0003467 secs]2024-07-28T16:43:29.233+0800: 10.459: [scrub string table, 0.0001005 secs][1 CMS-remark: 331408K(456776K)] 343040K(535432K), 0.0017383 secs] [Times: user=0.00 sys=0.00, real=0.00 secs] 
2024-07-28T16:43:29.233+0800: 10.459: Total time for which application threads were stopped: 0.0018741 seconds, Stopping threads took: 0.0000944 seconds
2024-07-28T16:43:29.234+0800: 10.459: [CMS-concurrent-sweep-start]
2024-07-28T16:43:29.235+0800: 10.460: [CMS-concurrent-sweep: 0.001/0.001 secs] [Times: user=0.00 sys=0.00, real=0.00 secs] 
2024-07-28T16:43:29.235+0800: 10.460: [CMS-concurrent-reset-start]
2024-07-28T16:43:29.236+0800: 10.461: [CMS-concurrent-reset: 0.001/0.001 secs] [Times: user=0.00 sys=0.00, real=0.00 secs] 
2024-07-28T16:43:29.344+0800: 10.569: Application time: 0.1105393 seconds
2024-07-28T16:43:29.344+0800: 10.569: [GC (Allocation Failure) 2024-07-28T16:43:29.344+0800: 10.569: [ParNew: 77168K->8192K(78656K), 0.0065391 secs] 243711K->204431K(535432K), 0.0065978 secs] [Times: user=0.03 sys=0.00, real=0.01 secs] 
2024-07-28T16:43:29.351+0800: 10.576: Total time for which application threads were stopped: 0.0067240 seconds, Stopping threads took: 0.0000197 seconds
2024-07-28T16:43:29.469+0800: 10.694: Application time: 0.1175761 seconds
2024-07-28T16:43:29.469+0800: 10.694: [GC (Allocation Failure) 2024-07-28T16:43:29.469+0800: 10.694: [ParNew: 77168K->8192K(78656K), 0.0119091 secs] 273407K->273040K(535432K), 0.0119706 secs] [Times: user=0.03 sys=0.00, real=0.01 secs] 
2024-07-28T16:43:29.480+0800: 10.706: Total time for which application threads were stopped: 0.0120865 seconds, Stopping threads took: 0.0000198 seconds
2024-07-28T16:43:29.485+0800: 10.710: Application time: 0.0046221 seconds
2024-07-28T16:43:29.485+0800: 10.710: [GC (Allocation Failure) 2024-07-28T16:43:29.485+0800: 10.710: [ParNew: 77168K->8192K(78656K), 0.0122387 secs] 342016K->341649K(535432K), 0.0122904 secs] [Times: user=0.03 sys=0.00, real=0.01 secs] 
2024-07-28T16:43:29.497+0800: 10.723: Total time for which application threads were stopped: 0.0123911 seconds, Stopping threads took: 0.0000158 seconds
2024-07-28T16:43:29.498+0800: 10.723: Application time: 0.0002286 seconds
2024-07-28T16:43:29.498+0800: 10.723: [GC (CMS Initial Mark) [1 CMS-initial-mark: 333457K(456776K)] 345088K(535432K), 0.0007905 secs] [Times: user=0.00 sys=0.00, real=0.00 secs] 
2024-07-28T16:43:29.499+0800: 10.724: Total time for which application threads were stopped: 0.0009788 seconds, Stopping threads took: 0.0001456 seconds
2024-07-28T16:43:29.499+0800: 10.724: [CMS-concurrent-mark-start]
2024-07-28T16:43:29.501+0800: 10.726: [CMS-concurrent-mark: 0.002/0.002 secs] [Times: user=0.00 sys=0.00, real=0.00 secs] 
2024-07-28T16:43:29.501+0800: 10.726: [CMS-concurrent-preclean-start]
2024-07-28T16:43:29.502+0800: 10.727: [CMS-concurrent-preclean: 0.001/0.001 secs] [Times: user=0.00 sys=0.00, real=0.00 secs] 
2024-07-28T16:43:29.502+0800: 10.727: [CMS-concurrent-abortable-preclean-start]
2024-07-28T16:43:29.612+0800: 10.837: Application time: 0.1130938 seconds
2024-07-28T16:43:29.612+0800: 10.837: [GC (Allocation Failure) 2024-07-28T16:43:29.612+0800: 10.837: [ParNew: 77168K->8192K(78656K), 0.0069561 secs] 410625K->372369K(535432K), 0.0070152 secs] [Times: user=0.03 sys=0.00, real=0.01 secs] 
2024-07-28T16:43:29.619+0800: 10.844: Total time for which application threads were stopped: 0.0071314 seconds, Stopping threads took: 0.0000191 seconds
2024-07-28T16:43:29.736+0800: 10.961: Application time: 0.1163317 seconds
2024-07-28T16:43:29.736+0800: 10.961: [GC (Allocation Failure) 2024-07-28T16:43:29.736+0800: 10.961: [ParNew: 77168K->8192K(78656K), 0.0119892 secs] 441346K->440978K(535432K), 0.0120536 secs] [Times: user=0.03 sys=0.00, real=0.01 secs] 
2024-07-28T16:43:29.748+0800: 10.973: Total time for which application threads were stopped: 0.0121658 seconds, Stopping threads took: 0.0000202 seconds
2024-07-28T16:43:29.752+0800: 10.977: Application time: 0.0045441 seconds
2024-07-28T16:43:29.752+0800: 10.977: [GC (Allocation Failure) 2024-07-28T16:43:29.752+0800: 10.977: [ParNew: 77168K->8192K(78656K), 0.0297413 secs] 509955K->509587K(580664K), 0.0297902 secs] [Times: user=0.05 sys=0.02, real=0.03 secs] 
2024-07-28T16:43:29.782+0800: 11.007: Total time for which application threads were stopped: 0.0298895 seconds, Stopping threads took: 0.0000153 seconds
2024-07-28T16:43:29.782+0800: 11.007: [CMS-concurrent-abortable-preclean: 0.005/0.280 secs] [Times: user=0.11 sys=0.02, real=0.28 secs] 
2024-07-28T16:43:29.782+0800: 11.007: Application time: 0.0001675 seconds
2024-07-28T16:43:29.782+0800: 11.007: [GC (CMS Final Remark) [YG occupancy: 11631 K (78656 K)]2024-07-28T16:43:29.782+0800: 11.007: [Rescan (parallel) , 0.0006809 secs]2024-07-28T16:43:29.783+0800: 11.008: [weak refs processing, 0.0000130 secs]2024-07-28T16:43:29.783+0800: 11.008: [class unloading, 0.0002654 secs]2024-07-28T16:43:29.783+0800: 11.008: [scrub symbol table, 0.0003523 secs]2024-07-28T16:43:29.784+0800: 11.009: [scrub string table, 0.0001004 secs][1 CMS-remark: 501395K(502008K)] 513027K(580664K), 0.0014770 secs] [Times: user=0.00 sys=0.00, real=0.00 secs] 
2024-07-28T16:43:29.784+0800: 11.009: Total time for which application threads were stopped: 0.0016304 seconds, Stopping threads took: 0.0001152 seconds
2024-07-28T16:43:29.784+0800: 11.009: [CMS-concurrent-sweep-start]
2024-07-28T16:43:29.785+0800: 11.010: [CMS-concurrent-sweep: 0.001/0.001 secs] [Times: user=0.00 sys=0.00, real=0.00 secs] 
2024-07-28T16:43:29.786+0800: 11.011: [CMS-concurrent-reset-start]
2024-07-28T16:43:29.787+0800: 11.012: [CMS-concurrent-reset: 0.001/0.001 secs] [Times: user=0.00 sys=0.00, real=0.00 secs] 
2024-07-28T16:43:29.895+0800: 11.121: Application time: 0.1118129 seconds
2024-07-28T16:43:29.896+0800: 11.121: [GC (Allocation Failure) 2024-07-28T16:43:29.896+0800: 11.121: [ParNew: 77168K->8192K(78656K), 0.0069306 secs] 412673K->375441K(637832K), 0.0069906 secs] [Times: user=0.00 sys=0.00, real=0.01 secs] 
2024-07-28T16:43:29.903+0800: 11.128: Total time for which application threads were stopped: 0.0071044 seconds, Stopping threads took: 0.0000205 seconds
2024-07-28T16:43:29.903+0800: 11.128: Application time: 0.0001218 seconds
2024-07-28T16:43:29.903+0800: 11.128: [GC (CMS Initial Mark) [1 CMS-initial-mark: 367249K(559176K)] 378881K(637832K), 0.0007439 secs] [Times: user=0.00 sys=0.00, real=0.00 secs] 
2024-07-28T16:43:29.904+0800: 11.129: Total time for which application threads were stopped: 0.0008857 seconds, Stopping threads took: 0.0001010 seconds
2024-07-28T16:43:29.904+0800: 11.129: [CMS-concurrent-mark-start]
2024-07-28T16:43:29.908+0800: 11.134: [CMS-concurrent-mark: 0.005/0.005 secs] [Times: user=0.00 sys=0.00, real=0.00 secs] 
2024-07-28T16:43:29.908+0800: 11.134: [CMS-concurrent-preclean-start]
2024-07-28T16:43:29.909+0800: 11.134: [CMS-concurrent-preclean: 0.001/0.001 secs] [Times: user=0.00 sys=0.00, real=0.00 secs] 
2024-07-28T16:43:29.909+0800: 11.134: [CMS-concurrent-abortable-preclean-start]
2024-07-28T16:43:30.020+0800: 11.245: Application time: 0.1163281 seconds
2024-07-28T16:43:30.020+0800: 11.245: [GC (Allocation Failure) 2024-07-28T16:43:30.020+0800: 11.245: [ParNew: 77168K->8192K(78656K), 0.0123017 secs] 444418K->444050K(637832K), 0.0123635 secs] [Times: user=0.00 sys=0.00, real=0.01 secs] 
2024-07-28T16:43:30.032+0800: 11.258: Total time for which application threads were stopped: 0.0124816 seconds, Stopping threads took: 0.0000199 seconds
2024-07-28T16:43:30.037+0800: 11.262: Application time: 0.0046963 seconds
2024-07-28T16:43:30.037+0800: 11.262: [GC (Allocation Failure) 2024-07-28T16:43:30.037+0800: 11.262: [ParNew: 77168K->8192K(78656K), 0.0131933 secs] 513027K->512659K(637832K), 0.0132606 secs] [Times: user=0.00 sys=0.00, real=0.01 secs] 
2024-07-28T16:43:30.050+0800: 11.276: Total time for which application threads were stopped: 0.0133594 seconds, Stopping threads took: 0.0000151 seconds
2024-07-28T16:43:30.165+0800: 11.390: Application time: 0.1145747 seconds
2024-07-28T16:43:30.165+0800: 11.390: [GC (Allocation Failure) 2024-07-28T16:43:30.165+0800: 11.390: [ParNew: 77168K->8192K(78656K), 0.0208790 secs] 581636K->545428K(637832K), 0.0209361 secs] [Times: user=0.03 sys=0.00, real=0.02 secs] 
2024-07-28T16:43:30.186+0800: 11.411: Total time for which application threads were stopped: 0.0210453 seconds, Stopping threads took: 0.0000191 seconds
2024-07-28T16:43:30.186+0800: 11.411: [CMS-concurrent-abortable-preclean: 0.007/0.277 secs] [Times: user=0.11 sys=0.00, real=0.28 secs] 
2024-07-28T16:43:30.186+0800: 11.412: Application time: 0.0003128 seconds
2024-07-28T16:43:30.186+0800: 11.412: [GC (CMS Final Remark) [YG occupancy: 12655 K (78656 K)]2024-07-28T16:43:30.186+0800: 11.412: [Rescan (parallel) , 0.0009980 secs]2024-07-28T16:43:30.187+0800: 11.413: [weak refs processing, 0.0000130 secs]2024-07-28T16:43:30.187+0800: 11.413: [class unloading, 0.0002097 secs]2024-07-28T16:43:30.188+0800: 11.413: [scrub symbol table, 0.0003163 secs]2024-07-28T16:43:30.188+0800: 11.413: [scrub string table, 0.0000918 secs][1 CMS-remark: 537236K(559176K)] 549891K(637832K), 0.0016938 secs] [Times: user=0.00 sys=0.00, real=0.00 secs] 
2024-07-28T16:43:30.188+0800: 11.414: Total time for which application threads were stopped: 0.0018812 seconds, Stopping threads took: 0.0001495 seconds
2024-07-28T16:43:30.188+0800: 11.414: [CMS-concurrent-sweep-start]
2024-07-28T16:43:30.190+0800: 11.415: [CMS-concurrent-sweep: 0.002/0.002 secs] [Times: user=0.00 sys=0.00, real=0.00 secs] 
2024-07-28T16:43:30.190+0800: 11.416: [CMS-concurrent-reset-start]
2024-07-28T16:43:30.191+0800: 11.417: [CMS-concurrent-reset: 0.001/0.001 secs] [Times: user=0.00 sys=0.00, real=0.00 secs] 
2024-07-28T16:43:30.302+0800: 11.528: Application time: 0.1141581 seconds
2024-07-28T16:43:30.303+0800: 11.528: [GC (Allocation Failure) 2024-07-28T16:43:30.303+0800: 11.528: [ParNew: 77168K->8192K(78656K), 0.0199064 secs] 279551K->279184K(637832K), 0.0199772 secs] [Times: user=0.03 sys=0.00, real=0.02 secs] 
2024-07-28T16:43:30.323+0800: 11.548: Total time for which application threads were stopped: 0.0201064 seconds, Stopping threads took: 0.0000206 seconds
2024-07-28T16:43:30.327+0800: 11.552: Application time: 0.0043310 seconds
2024-07-28T16:43:30.327+0800: 11.552: [GC (Allocation Failure) 2024-07-28T16:43:30.327+0800: 11.552: [ParNew: 77168K->8192K(78656K), 0.0129074 secs] 348160K->347793K(637832K), 0.0129583 secs] [Times: user=0.03 sys=0.00, real=0.01 secs] 
2024-07-28T16:43:30.340+0800: 11.565: Total time for which application threads were stopped: 0.0130611 seconds, Stopping threads took: 0.0000156 seconds
2024-07-28T16:43:30.340+0800: 11.565: Application time: 0.0002358 seconds
2024-07-28T16:43:30.340+0800: 11.566: [GC (CMS Initial Mark) [1 CMS-initial-mark: 339601K(559176K)] 351232K(637832K), 0.0007883 secs] [Times: user=0.00 sys=0.00, real=0.00 secs] 
2024-07-28T16:43:30.341+0800: 11.566: Total time for which application threads were stopped: 0.0009975 seconds, Stopping threads took: 0.0001652 seconds
2024-07-28T16:43:30.341+0800: 11.567: [CMS-concurrent-mark-start]
2024-07-28T16:43:30.343+0800: 11.569: [CMS-concurrent-mark: 0.002/0.002 secs] [Times: user=0.00 sys=0.00, real=0.00 secs] 
2024-07-28T16:43:30.343+0800: 11.569: [CMS-concurrent-preclean-start]
2024-07-28T16:43:30.344+0800: 11.569: [CMS-concurrent-preclean: 0.001/0.001 secs] [Times: user=0.00 sys=0.00, real=0.00 secs] 
2024-07-28T16:43:30.344+0800: 11.569: [CMS-concurrent-abortable-preclean-start]
2024-07-28T16:43:30.446+0800: 11.671: Application time: 0.1048861 seconds
2024-07-28T16:43:30.446+0800: 11.671: [GC (Allocation Failure) 2024-07-28T16:43:30.446+0800: 11.671: [ParNew: 77168K->8192K(78656K), 0.0074036 secs] 416769K->381585K(637832K), 0.0074797 secs] [Times: user=0.00 sys=0.00, real=0.01 secs] 
2024-07-28T16:43:30.454+0800: 11.679: Total time for which application threads were stopped: 0.0076005 seconds, Stopping threads took: 0.0000192 seconds
2024-07-28T16:43:30.571+0800: 11.796: Application time: 0.1172625 seconds
2024-07-28T16:43:30.571+0800: 11.796: [GC (Allocation Failure) 2024-07-28T16:43:30.571+0800: 11.796: [ParNew: 77168K->8192K(78656K), 0.0121619 secs] 450562K->450194K(637832K), 0.0122200 secs] [Times: user=0.03 sys=0.00, real=0.01 secs] 
2024-07-28T16:43:30.583+0800: 11.809: Total time for which application threads were stopped: 0.0123377 seconds, Stopping threads took: 0.0000194 seconds
2024-07-28T16:43:30.588+0800: 11.813: Application time: 0.0047004 seconds
2024-07-28T16:43:30.588+0800: 11.813: [GC (Allocation Failure) 2024-07-28T16:43:30.588+0800: 11.813: [ParNew: 77168K->8192K(78656K), 0.0121826 secs] 519171K->518803K(637832K), 0.0122342 secs] [Times: user=0.03 sys=0.00, real=0.01 secs] 
2024-07-28T16:43:30.600+0800: 11.826: Total time for which application threads were stopped: 0.0123363 seconds, Stopping threads took: 0.0000159 seconds
2024-07-28T16:43:30.600+0800: 11.826: [CMS-concurrent-abortable-preclean: 0.005/0.256 secs] [Times: user=0.08 sys=0.00, real=0.26 secs] 
2024-07-28T16:43:30.600+0800: 11.826: Application time: 0.0003682 seconds
2024-07-28T16:43:30.601+0800: 11.826: [GC (CMS Final Remark) [YG occupancy: 13679 K (78656 K)]2024-07-28T16:43:30.601+0800: 11.826: [Rescan (parallel) , 0.0009111 secs]2024-07-28T16:43:30.602+0800: 11.827: [weak refs processing, 0.0000128 secs]2024-07-28T16:43:30.602+0800: 11.827: [class unloading, 0.0001811 secs]2024-07-28T16:43:30.602+0800: 11.827: [scrub symbol table, 0.0003421 secs]2024-07-28T16:43:30.602+0800: 11.828: [scrub string table, 0.0001029 secs][1 CMS-remark: 510611K(559176K)] 524291K(637832K), 0.0016152 secs] [Times: user=0.00 sys=0.00, real=0.00 secs] 
2024-07-28T16:43:30.602+0800: 11.828: Total time for which application threads were stopped: 0.0017743 seconds, Stopping threads took: 0.0001212 seconds
2024-07-28T16:43:30.602+0800: 11.828: [CMS-concurrent-sweep-start]
2024-07-28T16:43:30.604+0800: 11.829: [CMS-concurrent-sweep: 0.001/0.001 secs] [Times: user=0.00 sys=0.00, real=0.00 secs] 
2024-07-28T16:43:30.604+0800: 11.829: [CMS-concurrent-reset-start]
2024-07-28T16:43:30.605+0800: 11.830: [CMS-concurrent-reset: 0.001/0.001 secs] [Times: user=0.00 sys=0.00, real=0.00 secs] 
2024-07-28T16:43:30.716+0800: 11.941: Application time: 0.1135566 seconds
2024-07-28T16:43:30.716+0800: 11.941: [GC (Allocation Failure) 2024-07-28T16:43:30.716+0800: 11.941: [ParNew: 77168K->8192K(78656K), 0.0089991 secs] 418817K->384657K(648072K), 0.0090568 secs] [Times: user=0.01 sys=0.02, real=0.01 secs] 
2024-07-28T16:43:30.725+0800: 11.950: Total time for which application threads were stopped: 0.0091672 seconds, Stopping threads took: 0.0000179 seconds
2024-07-28T16:43:30.725+0800: 11.951: Application time: 0.0002342 seconds
2024-07-28T16:43:30.725+0800: 11.951: [GC (CMS Initial Mark) [1 CMS-initial-mark: 376465K(569416K)] 388097K(648072K), 0.0007956 secs] [Times: user=0.00 sys=0.00, real=0.00 secs] 
2024-07-28T16:43:30.726+0800: 11.952: Total time for which application threads were stopped: 0.0009237 seconds, Stopping threads took: 0.0000861 seconds
2024-07-28T16:43:30.726+0800: 11.952: [CMS-concurrent-mark-start]
2024-07-28T16:43:30.731+0800: 11.956: [CMS-concurrent-mark: 0.004/0.004 secs] [Times: user=0.00 sys=0.00, real=0.00 secs] 
2024-07-28T16:43:30.731+0800: 11.956: [CMS-concurrent-preclean-start]
2024-07-28T16:43:30.731+0800: 11.957: [CMS-concurrent-preclean: 0.001/0.001 secs] [Times: user=0.00 sys=0.00, real=0.00 secs] 
2024-07-28T16:43:30.731+0800: 11.957: [CMS-concurrent-abortable-preclean-start]
2024-07-28T16:43:30.840+0800: 12.066: Application time: 0.1140871 seconds
2024-07-28T16:43:30.840+0800: 12.066: [GC (Allocation Failure) 2024-07-28T16:43:30.840+0800: 12.066: [ParNew: 77168K->8192K(78656K), 0.0138753 secs] 453634K->453266K(648072K), 0.0139376 secs] [Times: user=0.03 sys=0.00, real=0.01 secs] 
2024-07-28T16:43:30.854+0800: 12.080: Total time for which application threads were stopped: 0.0140496 seconds, Stopping threads took: 0.0000198 seconds
2024-07-28T16:43:30.859+0800: 12.085: Application time: 0.0047651 seconds
2024-07-28T16:43:30.859+0800: 12.085: [GC (Allocation Failure) 2024-07-28T16:43:30.859+0800: 12.085: [ParNew: 77168K->8192K(78656K), 0.0121059 secs] 522243K->521875K(648072K), 0.0121574 secs] [Times: user=0.03 sys=0.00, real=0.01 secs] 
2024-07-28T16:43:30.872+0800: 12.097: Total time for which application threads were stopped: 0.0122611 seconds, Stopping threads took: 0.0000173 seconds
2024-07-28T16:43:30.983+0800: 12.208: Application time: 0.1114435 seconds
2024-07-28T16:43:30.983+0800: 12.208: [GC (Allocation Failure) 2024-07-28T16:43:30.983+0800: 12.208: [ParNew: 77168K->8192K(78656K), 0.0077896 secs] 590852K->557716K(648072K), 0.0078491 secs] [Times: user=0.03 sys=0.00, real=0.01 secs] 
2024-07-28T16:43:30.991+0800: 12.216: Total time for which application threads were stopped: 0.0079598 seconds, Stopping threads took: 0.0000200 seconds
2024-07-28T16:43:31.108+0800: 12.332: [CMS-concurrent-abortable-preclean: 0.010/0.375 secs] [Times: user=0.09 sys=0.00, real=0.38 secs] 
2024-07-28T16:43:31.108+0800: 12.333: Application time: 0.1165553 seconds
2024-07-28T16:43:31.108+0800: 12.333: [GC (CMS Final Remark) [YG occupancy: 73072 K (78656 K)]2024-07-28T16:43:31.108+0800: 12.333: [Rescan (parallel) , 0.0009410 secs]2024-07-28T16:43:31.109+0800: 12.334: [weak refs processing, 0.0000138 secs]2024-07-28T16:43:31.109+0800: 12.334: [class unloading, 0.0001828 secs]2024-07-28T16:43:31.109+0800: 12.334: [scrub symbol table, 0.0003158 secs]2024-07-28T16:43:31.110+0800: 12.334: [scrub string table, 0.0000913 secs][1 CMS-remark: 549524K(569416K)] 622596K(648072K), 0.0016121 secs] [Times: user=0.00 sys=0.00, real=0.00 secs] 
2024-07-28T16:43:31.110+0800: 12.335: Total time for which application threads were stopped: 0.0017924 seconds, Stopping threads took: 0.0001405 seconds
2024-07-28T16:43:31.110+0800: 12.335: [CMS-concurrent-sweep-start]
2024-07-28T16:43:31.110+0800: 12.335: Application time: 0.0003835 seconds
2024-07-28T16:43:31.110+0800: 12.335: [GC (Allocation Failure) 2024-07-28T16:43:31.110+0800: 12.335: [ParNew: 77168K->8192K(78656K), 0.0217774 secs] 599044K->598677K(670688K), 0.0218323 secs] [Times: user=0.05 sys=0.01, real=0.02 secs] 
2024-07-28T16:43:31.132+0800: 12.357: Total time for which application threads were stopped: 0.0219373 seconds, Stopping threads took: 0.0000116 seconds
2024-07-28T16:43:31.134+0800: 12.358: [CMS-concurrent-sweep: 0.002/0.024 secs] [Times: user=0.05 sys=0.01, real=0.02 secs] 
2024-07-28T16:43:31.134+0800: 12.359: [CMS-concurrent-reset-start]
2024-07-28T16:43:31.135+0800: 12.360: [CMS-concurrent-reset: 0.001/0.001 secs] [Times: user=0.00 sys=0.00, real=0.00 secs] 
2024-07-28T16:43:31.137+0800: 12.362: Application time: 0.0051391 seconds
2024-07-28T16:43:31.137+0800: 12.362: [GC (Allocation Failure) 2024-07-28T16:43:31.137+0800: 12.362: [ParNew: 77168K->8192K(78656K), 0.0127669 secs] 354304K->353937K(670688K), 0.0128144 secs] [Times: user=0.03 sys=0.00, real=0.01 secs] 
2024-07-28T16:43:31.150+0800: 12.375: Total time for which application threads were stopped: 0.0129126 seconds, Stopping threads took: 0.0000151 seconds
2024-07-28T16:43:31.150+0800: 12.375: Application time: 0.0002211 seconds
2024-07-28T16:43:31.151+0800: 12.375: [GC (CMS Initial Mark) [1 CMS-initial-mark: 345745K(592032K)] 357376K(670688K), 0.0008718 secs] [Times: user=0.00 sys=0.00, real=0.00 secs] 
2024-07-28T16:43:31.151+0800: 12.376: Total time for which application threads were stopped: 0.0010787 seconds, Stopping threads took: 0.0001535 seconds
2024-07-28T16:43:31.152+0800: 12.376: [CMS-concurrent-mark-start]
2024-07-28T16:43:31.154+0800: 12.378: [CMS-concurrent-mark: 0.002/0.002 secs] [Times: user=0.00 sys=0.00, real=0.00 secs] 
2024-07-28T16:43:31.154+0800: 12.378: [CMS-concurrent-preclean-start]
2024-07-28T16:43:31.154+0800: 12.379: [CMS-concurrent-preclean: 0.001/0.001 secs] [Times: user=0.00 sys=0.00, real=0.00 secs] 
2024-07-28T16:43:31.154+0800: 12.379: [CMS-concurrent-abortable-preclean-start]
2024-07-28T16:43:31.270+0800: 12.495: Application time: 0.1184397 seconds
2024-07-28T16:43:31.270+0800: 12.495: [GC (Allocation Failure) 2024-07-28T16:43:31.270+0800: 12.495: [ParNew: 77168K->8192K(78656K), 0.0073551 secs] 422913K->390801K(670688K), 0.0074185 secs] [Times: user=0.13 sys=0.00, real=0.01 secs] 
2024-07-28T16:43:31.277+0800: 12.502: Total time for which application threads were stopped: 0.0075290 seconds, Stopping threads took: 0.0000193 seconds
2024-07-28T16:43:31.393+0800: 12.619: Application time: 0.1166362 seconds
2024-07-28T16:43:31.393+0800: 12.619: [GC (Allocation Failure) 2024-07-28T16:43:31.393+0800: 12.619: [ParNew: 77168K->8192K(78656K), 0.0120168 secs] 459778K->459410K(670688K), 0.0120778 secs] [Times: user=0.03 sys=0.00, real=0.01 secs] 
2024-07-28T16:43:31.405+0800: 12.631: Total time for which application threads were stopped: 0.0121920 seconds, Stopping threads took: 0.0000196 seconds
2024-07-28T16:43:31.406+0800: 12.631: [CMS-concurrent-abortable-preclean: 0.006/0.252 secs] [Times: user=0.16 sys=0.00, real=0.25 secs] 
2024-07-28T16:43:31.406+0800: 12.631: Application time: 0.0002897 seconds
2024-07-28T16:43:31.406+0800: 12.632: [GC (CMS Final Remark) [YG occupancy: 11631 K (78656 K)]2024-07-28T16:43:31.406+0800: 12.632: [Rescan (parallel) , 0.0009318 secs]2024-07-28T16:43:31.407+0800: 12.632: [weak refs processing, 0.0000131 secs]2024-07-28T16:43:31.407+0800: 12.632: [class unloading, 0.0001929 secs]2024-07-28T16:43:31.407+0800: 12.633: [scrub symbol table, 0.0003453 secs]2024-07-28T16:43:31.407+0800: 12.633: [scrub string table, 0.0001113 secs][1 CMS-remark: 451218K(592032K)] 462850K(670688K), 0.0016594 secs] [Times: user=0.00 sys=0.00, real=0.00 secs] 
2024-07-28T16:43:31.407+0800: 12.633: Total time for which application threads were stopped: 0.0018118 seconds, Stopping threads took: 0.0001152 seconds
2024-07-28T16:43:31.408+0800: 12.633: [CMS-concurrent-sweep-start]
2024-07-28T16:43:31.410+0800: 12.635: [CMS-concurrent-sweep: 0.002/0.002 secs] [Times: user=0.03 sys=0.00, real=0.00 secs] 
2024-07-28T16:43:31.410+0800: 12.635: [CMS-concurrent-reset-start]
2024-07-28T16:43:31.411+0800: 12.637: [CMS-concurrent-reset: 0.001/0.001 secs] [Times: user=0.00 sys=0.00, real=0.00 secs] 
2024-07-28T16:43:31.413+0800: 12.638: Application time: 0.0050952 seconds
2024-07-28T16:43:31.413+0800: 12.638: [GC (Allocation Failure) 2024-07-28T16:43:31.413+0800: 12.638: [ParNew: 77168K->8192K(78656K), 0.0120432 secs] 356352K->355985K(670688K), 0.0120966 secs] [Times: user=0.00 sys=0.00, real=0.01 secs] 
2024-07-28T16:43:31.425+0800: 12.650: Total time for which application threads were stopped: 0.0122097 seconds, Stopping threads took: 0.0000154 seconds
2024-07-28T16:43:31.425+0800: 12.651: Application time: 0.0002576 seconds
2024-07-28T16:43:31.425+0800: 12.651: [GC (CMS Initial Mark) [1 CMS-initial-mark: 347793K(592032K)] 359424K(670688K), 0.0008299 secs] [Times: user=0.01 sys=0.00, real=0.00 secs] 
2024-07-28T16:43:31.426+0800: 12.652: Total time for which application threads were stopped: 0.0010064 seconds, Stopping threads took: 0.0001329 seconds
2024-07-28T16:43:31.426+0800: 12.652: [CMS-concurrent-mark-start]
2024-07-28T16:43:31.428+0800: 12.654: [CMS-concurrent-mark: 0.002/0.002 secs] [Times: user=0.00 sys=0.00, real=0.00 secs] 
2024-07-28T16:43:31.428+0800: 12.654: [CMS-concurrent-preclean-start]
2024-07-28T16:43:31.429+0800: 12.655: [CMS-concurrent-preclean: 0.001/0.001 secs] [Times: user=0.00 sys=0.00, real=0.00 secs] 
2024-07-28T16:43:31.429+0800: 12.655: [CMS-concurrent-abortable-preclean-start]
2024-07-28T16:43:31.536+0800: 12.761: Application time: 0.1092663 seconds
2024-07-28T16:43:31.536+0800: 12.761: [GC (Allocation Failure) 2024-07-28T16:43:31.536+0800: 12.761: [ParNew: 77168K->8192K(78656K), 0.0078124 secs] 424961K->393873K(670688K), 0.0078750 secs] [Times: user=0.00 sys=0.00, real=0.01 secs] 
2024-07-28T16:43:31.544+0800: 12.769: Total time for which application threads were stopped: 0.0079860 seconds, Stopping threads took: 0.0000199 seconds
2024-07-28T16:43:31.661+0800: 12.886: Application time: 0.1170842 seconds
2024-07-28T16:43:31.661+0800: 12.886: [GC (Allocation Failure) 2024-07-28T16:43:31.661+0800: 12.886: [ParNew: 77168K->8192K(78656K), 0.0121224 secs] 462850K->462482K(670688K), 0.0121819 secs] [Times: user=0.00 sys=0.00, real=0.01 secs] 
2024-07-28T16:43:31.674+0800: 12.898: Total time for which application threads were stopped: 0.0122958 seconds, Stopping threads took: 0.0000201 seconds
2024-07-28T16:43:31.674+0800: 12.898: [CMS-concurrent-abortable-preclean: 0.006/0.244 secs] [Times: user=0.05 sys=0.00, real=0.25 secs] 
2024-07-28T16:43:31.674+0800: 12.899: Application time: 0.0003066 seconds
2024-07-28T16:43:31.674+0800: 12.899: [GC (CMS Final Remark) [YG occupancy: 12655 K (78656 K)]2024-07-28T16:43:31.674+0800: 12.899: [Rescan (parallel) , 0.0008313 secs]2024-07-28T16:43:31.675+0800: 12.900: [weak refs processing, 0.0000131 secs]2024-07-28T16:43:31.675+0800: 12.900: [class unloading, 0.0001751 secs]2024-07-28T16:43:31.675+0800: 12.900: [scrub symbol table, 0.0003136 secs]2024-07-28T16:43:31.675+0800: 12.900: [scrub string table, 0.0000915 secs][1 CMS-remark: 454290K(592032K)] 466946K(670688K), 0.0014877 secs] [Times: user=0.00 sys=0.00, real=0.00 secs] 
2024-07-28T16:43:31.675+0800: 12.900: Total time for which application threads were stopped: 0.0016691 seconds, Stopping threads took: 0.0001420 seconds
2024-07-28T16:43:31.676+0800: 12.901: [CMS-concurrent-sweep-start]
2024-07-28T16:43:31.677+0800: 12.902: [CMS-concurrent-sweep: 0.001/0.001 secs] [Times: user=0.03 sys=0.00, real=0.00 secs] 
2024-07-28T16:43:31.677+0800: 12.902: [CMS-concurrent-reset-start]
2024-07-28T16:43:31.678+0800: 12.903: [CMS-concurrent-reset: 0.001/0.001 secs] [Times: user=0.00 sys=0.00, real=0.00 secs] 
2024-07-28T16:43:31.680+0800: 12.905: Application time: 0.0050410 seconds
2024-07-28T16:43:31.681+0800: 12.905: [GC (Allocation Failure) 2024-07-28T16:43:31.681+0800: 12.906: [ParNew: 77168K->8192K(78656K), 0.0126031 secs] 358400K->358033K(670688K), 0.0126644 secs] [Times: user=0.03 sys=0.00, real=0.01 secs] 
2024-07-28T16:43:31.693+0800: 12.918: Total time for which application threads were stopped: 0.0127652 seconds, Stopping threads took: 0.0000171 seconds
2024-07-28T16:43:31.694+0800: 12.918: Application time: 0.0002412 seconds
2024-07-28T16:43:31.694+0800: 12.919: [GC (CMS Initial Mark) [1 CMS-initial-mark: 349841K(592032K)] 361473K(670688K), 0.0007100 secs] [Times: user=0.00 sys=0.00, real=0.00 secs] 
2024-07-28T16:43:31.694+0800: 12.919: Total time for which application threads were stopped: 0.0008578 seconds, Stopping threads took: 0.0001068 seconds
2024-07-28T16:43:31.694+0800: 12.919: [CMS-concurrent-mark-start]
2024-07-28T16:43:31.696+0800: 12.921: [CMS-concurrent-mark: 0.002/0.002 secs] [Times: user=0.00 sys=0.00, real=0.00 secs] 
2024-07-28T16:43:31.696+0800: 12.921: [CMS-concurrent-preclean-start]
2024-07-28T16:43:31.697+0800: 12.922: [CMS-concurrent-preclean: 0.001/0.001 secs] [Times: user=0.00 sys=0.00, real=0.00 secs] 
2024-07-28T16:43:31.697+0800: 12.922: [CMS-concurrent-abortable-preclean-start]
2024-07-28T16:43:31.805+0800: 13.030: Application time: 0.1108754 seconds
2024-07-28T16:43:31.805+0800: 13.030: [GC (Allocation Failure) 2024-07-28T16:43:31.805+0800: 13.030: [ParNew: 77168K->8192K(78656K), 0.0079458 secs] 427010K->396945K(670688K), 0.0080008 secs] [Times: user=0.00 sys=0.00, real=0.01 secs] 
2024-07-28T16:43:31.813+0800: 13.038: Total time for which application threads were stopped: 0.0081204 seconds, Stopping threads took: 0.0000176 seconds
2024-07-28T16:43:31.928+0800: 13.153: Application time: 0.1149124 seconds
2024-07-28T16:43:31.928+0800: 13.153: [GC (Allocation Failure) 2024-07-28T16:43:31.929+0800: 13.153: [ParNew: 77868K->8196K(78656K), 0.0128791 secs] 466622K->465559K(670688K), 0.0129722 secs] [Times: user=0.00 sys=0.00, real=0.01 secs] 
2024-07-28T16:43:31.942+0800: 13.166: Total time for which application threads were stopped: 0.0130906 seconds, Stopping threads took: 0.0000203 seconds
2024-07-28T16:43:31.942+0800: 13.166: [CMS-concurrent-abortable-preclean: 0.006/0.244 secs] [Times: user=0.01 sys=0.00, real=0.24 secs] 
2024-07-28T16:43:31.942+0800: 13.167: Application time: 0.0002517 seconds
2024-07-28T16:43:31.942+0800: 13.167: [GC (CMS Final Remark) [YG occupancy: 11630 K (78656 K)]2024-07-28T16:43:31.942+0800: 13.167: [Rescan (parallel) , 0.0007744 secs]2024-07-28T16:43:31.943+0800: 13.168: [weak refs processing, 0.0000129 secs]2024-07-28T16:43:31.943+0800: 13.168: [class unloading, 0.0001994 secs]2024-07-28T16:43:31.943+0800: 13.168: [scrub symbol table, 0.0003423 secs]2024-07-28T16:43:31.943+0800: 13.168: [scrub string table, 0.0001003 secs][1 CMS-remark: 457362K(592032K)] 468993K(670688K), 0.0014946 secs] [Times: user=0.00 sys=0.02, real=0.00 secs] 
2024-07-28T16:43:31.943+0800: 13.168: Total time for which application threads were stopped: 0.0016693 seconds, Stopping threads took: 0.0001356 seconds
2024-07-28T16:43:31.944+0800: 13.168: [CMS-concurrent-sweep-start]
2024-07-28T16:43:31.945+0800: 13.170: [CMS-concurrent-sweep: 0.001/0.001 secs] [Times: user=0.00 sys=0.00, real=0.00 secs] 
2024-07-28T16:43:31.945+0800: 13.170: [CMS-concurrent-reset-start]
2024-07-28T16:43:31.946+0800: 13.171: [CMS-concurrent-reset: 0.001/0.001 secs] [Times: user=0.00 sys=0.00, real=0.00 secs] 
2024-07-28T16:43:31.948+0800: 13.173: Application time: 0.0048720 seconds
2024-07-28T16:43:31.948+0800: 13.173: [GC (Allocation Failure) 2024-07-28T16:43:31.948+0800: 13.173: [ParNew: 77167K->8192K(78656K), 0.0118574 secs] 360448K->360081K(670688K), 0.0119205 secs] [Times: user=0.03 sys=0.00, real=0.01 secs] 
2024-07-28T16:43:31.960+0800: 13.185: Total time for which application threads were stopped: 0.0120149 seconds, Stopping threads took: 0.0000137 seconds
2024-07-28T16:43:31.961+0800: 13.185: Application time: 0.0002339 seconds
2024-07-28T16:43:31.961+0800: 13.186: [GC (CMS Initial Mark) [1 CMS-initial-mark: 351889K(592032K)] 363517K(670688K), 0.0008545 secs] [Times: user=0.00 sys=0.00, real=0.00 secs] 
2024-07-28T16:43:31.962+0800: 13.186: Total time for which application threads were stopped: 0.0010887 seconds, Stopping threads took: 0.0001918 seconds
2024-07-28T16:43:31.962+0800: 13.187: [CMS-concurrent-mark-start]
2024-07-28T16:43:31.964+0800: 13.189: [CMS-concurrent-mark: 0.002/0.002 secs] [Times: user=0.00 sys=0.00, real=0.00 secs] 
2024-07-28T16:43:31.964+0800: 13.189: [CMS-concurrent-preclean-start]
2024-07-28T16:43:31.964+0800: 13.189: [CMS-concurrent-preclean: 0.001/0.001 secs] [Times: user=0.00 sys=0.00, real=0.00 secs] 
2024-07-28T16:43:31.965+0800: 13.189: [CMS-concurrent-abortable-preclean-start]
2024-07-28T16:43:32.070+0800: 13.295: Application time: 0.1086964 seconds
2024-07-28T16:43:32.070+0800: 13.295: [GC (Allocation Failure) 2024-07-28T16:43:32.070+0800: 13.295: [ParNew: 77165K->8192K(78656K), 0.0082649 secs] 429054K->400018K(670688K), 0.0083266 secs] [Times: user=0.00 sys=0.00, real=0.01 secs] 
2024-07-28T16:43:32.079+0800: 13.304: Total time for which application threads were stopped: 0.0084358 seconds, Stopping threads took: 0.0000197 seconds
2024-07-28T16:43:32.195+0800: 13.420: Application time: 0.1165885 seconds
2024-07-28T16:43:32.195+0800: 13.420: [GC (Allocation Failure) 2024-07-28T16:43:32.195+0800: 13.420: [ParNew: 77166K->8192K(78656K), 0.0123852 secs] 468992K->468627K(670688K), 0.0124443 secs] [Times: user=0.00 sys=0.01, real=0.01 secs] 
2024-07-28T16:43:32.207+0800: 13.433: Total time for which application threads were stopped: 0.0125731 seconds, Stopping threads took: 0.0000398 seconds
2024-07-28T16:43:32.207+0800: 13.433: [CMS-concurrent-abortable-preclean: 0.006/0.243 secs] [Times: user=0.00 sys=0.01, real=0.24 secs] 
2024-07-28T16:43:32.207+0800: 13.433: Application time: 0.0003384 seconds
2024-07-28T16:43:32.209+0800: 13.433: [GC (CMS Final Remark) [YG occupancy: 13678 K (78656 K)]2024-07-28T16:43:32.209+0800: 13.433: [Rescan (parallel) , 0.0009405 secs]2024-07-28T16:43:32.209+0800: 13.434: [weak refs processing, 0.0000130 secs]2024-07-28T16:43:32.209+0800: 13.434: [class unloading, 0.0001797 secs]2024-07-28T16:43:32.209+0800: 13.434: [scrub symbol table, 0.0003109 secs]2024-07-28T16:43:32.209+0800: 13.435: [scrub string table, 0.0000898 secs][1 CMS-remark: 460435K(592032K)] 474113K(670688K), 0.0016024 secs] [Times: user=0.00 sys=0.00, real=0.00 secs] 
2024-07-28T16:43:32.209+0800: 13.435: Total time for which application threads were stopped: 0.0018190 seconds, Stopping threads took: 0.0001791 seconds
2024-07-28T16:43:32.209+0800: 13.435: [CMS-concurrent-sweep-start]
2024-07-28T16:43:32.212+0800: 13.437: [CMS-concurrent-sweep: 0.002/0.002 secs] [Times: user=0.00 sys=0.00, real=0.00 secs] 
2024-07-28T16:43:32.212+0800: 13.437: [CMS-concurrent-reset-start]
2024-07-28T16:43:32.214+0800: 13.438: [CMS-concurrent-reset: 0.001/0.001 secs] [Times: user=0.00 sys=0.00, real=0.00 secs] 
2024-07-28T16:43:32.215+0800: 13.440: Application time: 0.0048693 seconds
2024-07-28T16:43:32.215+0800: 13.440: [GC (Allocation Failure) 2024-07-28T16:43:32.215+0800: 13.440: [ParNew: 77167K->8192K(78656K), 0.0121142 secs] 186365K->185998K(670688K), 0.0121756 secs] [Times: user=0.02 sys=0.02, real=0.01 secs] 
2024-07-28T16:43:32.226+0800: 13.452: Total time for which application threads were stopped: 0.0122708 seconds, Stopping threads took: 0.0000141 seconds
2024-07-28T16:43:32.227+0800: 13.452: Application time: 0.0001453 seconds
2024-07-28T16:43:32.227+0800: 13.452: [GC (CMS Initial Mark) [1 CMS-initial-mark: 177806K(592032K)] 189437K(670688K), 0.0004208 secs] [Times: user=0.00 sys=0.00, real=0.00 secs] 
2024-07-28T16:43:32.227+0800: 13.453: Total time for which application threads were stopped: 0.0005683 seconds, Stopping threads took: 0.0001049 seconds
2024-07-28T16:43:32.227+0800: 13.453: [CMS-concurrent-mark-start]
2024-07-28T16:43:32.229+0800: 13.455: [CMS-concurrent-mark: 0.002/0.002 secs] [Times: user=0.00 sys=0.00, real=0.00 secs] 
2024-07-28T16:43:32.229+0800: 13.455: [CMS-concurrent-preclean-start]
2024-07-28T16:43:32.230+0800: 13.455: [CMS-concurrent-preclean: 0.001/0.001 secs] [Times: user=0.00 sys=0.00, real=0.00 secs] 
2024-07-28T16:43:32.230+0800: 13.455: [CMS-concurrent-abortable-preclean-start]
Heap
 par new generation   total 78656K, used 29414K [0x00000000c8000000, 0x00000000cd550000, 0x00000000daaa0000)
  eden space 69952K,  30% used [0x00000000c8000000, 0x00000000c94b99c8, 0x00000000cc450000)
  from space 8704K,  94% used [0x00000000cccd0000, 0x00000000cd4d0080, 0x00000000cd550000)
  to   space 8704K,   0% used [0x00000000cc450000, 0x00000000cc450000, 0x00000000cccd0000)
 concurrent mark-sweep generation total 592032K, used 177806K [0x00000000daaa0000, 0x00000000fecc8000, 0x0000000100000000)
 Metaspace       used 2943K, capacity 4486K, committed 4864K, reserved 1056768K
  class space    used 305K, capacity 386K, committed 512K, reserved 1048576K
2024-07-28T16:43:32.336+0800: 13.561: Application time: 0.1084351 seconds
