OpenJDK 64-Bit Server VM (25.412-b1) for windows-amd64 JRE (1.8.0_412-b1), built on Apr 23 2024 12:00:37 by "Administrator" with MS VC++ 10.0 (VS2010)
Memory: 4k page, physical 16672068k(5360444k free), swap 20603488k(4114680k free)
CommandLine flags: -XX:GCDrainStackTargetSize=64 -XX:InitialHeapSize=266753088 -XX:MaxHeapSize=939524096 -XX:MaxNewSize=313176064 -XX:MaxTenuringThreshold=14 -XX:OldPLABSize=16 -XX:+PrintGC -XX:+PrintGCApplicationConcurrentTime -XX:+PrintGCApplicationStoppedTime -XX:+PrintGCDateStamps -XX:+PrintGCDetails -XX:+PrintGCTimeStamps -XX:+UseCompressedClassPointers -XX:+UseCompressedOops -XX:+UseConcMarkSweepGC -XX:-UseLargePagesIndividualAllocation -XX:+UseParNewGC 
2024-07-28T16:43:32.515+0800: 0.107: Application time: 0.0357779 seconds
2024-07-28T16:43:32.515+0800: 0.107: [GC (Allocation Failure) 2024-07-28T16:43:32.515+0800: 0.107: [ParNew: 68984K->7823K(78656K), 0.0353408 secs] 68984K->68242K(253440K), 0.0355155 secs] [Times: user=0.05 sys=0.02, real=0.03 secs] 
2024-07-28T16:43:32.550+0800: 0.142: Total time for which application threads were stopped: 0.0356461 seconds, Stopping threads took: 0.0000202 seconds
2024-07-28T16:43:32.671+0800: 0.263: Application time: 0.1203791 seconds
2024-07-28T16:43:32.671+0800: 0.263: [GC (Allocation Failure) 2024-07-28T16:43:32.671+0800: 0.263: [ParNew: 76793K->8589K(78656K), 0.0238521 secs] 137212K->137241K(253440K), 0.0239129 secs] [Times: user=0.06 sys=0.05, real=0.02 secs] 
2024-07-28T16:43:32.695+0800: 0.287: Total time for which application threads were stopped: 0.0240238 seconds, Stopping threads took: 0.0000197 seconds
2024-07-28T16:43:32.695+0800: 0.287: Application time: 0.0002348 seconds
2024-07-28T16:43:32.696+0800: 0.287: [GC (CMS Initial Mark) [1 CMS-initial-mark: 128651K(174784K)] 140668K(253440K), 0.0008290 secs] [Times: user=0.00 sys=0.00, real=0.00 secs] 
2024-07-28T16:43:32.696+0800: 0.288: Total time for which application threads were stopped: 0.0010182 seconds, Stopping threads took: 0.0001475 seconds
2024-07-28T16:43:32.697+0800: 0.288: [CMS-concurrent-mark-start]
2024-07-28T16:43:32.699+0800: 0.291: [CMS-concurrent-mark: 0.003/0.003 secs] [Times: user=0.00 sys=0.00, real=0.00 secs] 
2024-07-28T16:43:32.699+0800: 0.291: [CMS-concurrent-preclean-start]
2024-07-28T16:43:32.700+0800: 0.292: [CMS-concurrent-preclean: 0.001/0.001 secs] [Times: user=0.00 sys=0.00, real=0.00 secs] 
2024-07-28T16:43:32.700+0800: 0.292: [CMS-concurrent-abortable-preclean-start]
2024-07-28T16:43:32.811+0800: 0.402: Application time: 0.1142929 seconds
2024-07-28T16:43:32.811+0800: 0.402: [GC (Allocation Failure) 2024-07-28T16:43:32.811+0800: 0.402: [ParNew: 77553K->28K(78656K), 0.0011252 secs] 206205K->128681K(253440K), 0.0011987 secs] [Times: user=0.00 sys=0.00, real=0.00 secs] 
2024-07-28T16:43:32.812+0800: 0.404: Total time for which application threads were stopped: 0.0013076 seconds, Stopping threads took: 0.0000200 seconds
2024-07-28T16:43:32.817+0800: 0.408: Application time: 0.0045836 seconds
2024-07-28T16:43:32.817+0800: 0.408: [GC (Allocation Failure) 2024-07-28T16:43:32.817+0800: 0.408: [ParNew: 68996K->8196K(78656K), 0.0274922 secs] 197650K->197266K(268860K), 0.0275418 secs] [Times: user=0.06 sys=0.02, real=0.03 secs] 
2024-07-28T16:43:32.845+0800: 0.436: Total time for which application threads were stopped: 0.0276383 seconds, Stopping threads took: 0.0000146 seconds
2024-07-28T16:43:32.954+0800: 0.546: Application time: 0.1099155 seconds
2024-07-28T16:43:32.954+0800: 0.546: [GC (Allocation Failure) 2024-07-28T16:43:32.954+0800: 0.546: [ParNew: 77168K->8192K(78656K), 0.0245004 secs] 266238K->265872K(337736K), 0.0245605 secs] [Times: user=0.05 sys=0.06, real=0.03 secs] 
2024-07-28T16:43:32.979+0800: 0.570: Total time for which application threads were stopped: 0.0246855 seconds, Stopping threads took: 0.0000202 seconds
2024-07-28T16:43:32.979+0800: 0.570: [CMS-concurrent-abortable-preclean: 0.004/0.279 secs] [Times: user=0.11 sys=0.08, real=0.28 secs] 
2024-07-28T16:43:32.979+0800: 0.571: Application time: 0.0003007 seconds
2024-07-28T16:43:32.979+0800: 0.571: [GC (CMS Final Remark) [YG occupancy: 12652 K (78656 K)]2024-07-28T16:43:32.979+0800: 0.571: [Rescan (parallel) , 0.0010325 secs]2024-07-28T16:43:32.980+0800: 0.572: [weak refs processing, 0.0000126 secs]2024-07-28T16:43:32.980+0800: 0.572: [class unloading, 0.0002077 secs]2024-07-28T16:43:32.981+0800: 0.572: [scrub symbol table, 0.0003424 secs]2024-07-28T16:43:32.981+0800: 0.572: [scrub string table, 0.0001006 secs][1 CMS-remark: 257680K(259080K)] 270332K(337736K), 0.0018099 secs] [Times: user=0.00 sys=0.00, real=0.00 secs] 
2024-07-28T16:43:32.981+0800: 0.573: Total time for which application threads were stopped: 0.0019230 seconds, Stopping threads took: 0.0000763 seconds
2024-07-28T16:43:32.981+0800: 0.573: [CMS-concurrent-sweep-start]
2024-07-28T16:43:32.982+0800: 0.574: [CMS-concurrent-sweep: 0.001/0.001 secs] [Times: user=0.00 sys=0.00, real=0.00 secs] 
2024-07-28T16:43:32.984+0800: 0.575: [CMS-concurrent-reset-start]
2024-07-28T16:43:32.988+0800: 0.580: [CMS-concurrent-reset: 0.004/0.004 secs] [Times: user=0.00 sys=0.00, real=0.00 secs] 
2024-07-28T16:43:33.093+0800: 0.684: Application time: 0.1117456 seconds
2024-07-28T16:43:33.093+0800: 0.684: [GC (Allocation Failure) 2024-07-28T16:43:33.093+0800: 0.684: [ParNew: 77165K->1024K(78656K), 0.0015920 secs] 334844K->258703K(508124K), 0.0016566 secs] [Times: user=0.00 sys=0.00, real=0.00 secs] 
2024-07-28T16:43:33.095+0800: 0.686: Total time for which application threads were stopped: 0.0017729 seconds, Stopping threads took: 0.0000212 seconds
2024-07-28T16:43:33.095+0800: 0.686: Application time: 0.0002343 seconds
2024-07-28T16:43:33.095+0800: 0.686: [GC (CMS Initial Mark) [1 CMS-initial-mark: 257679K(429468K)] 262140K(508124K), 0.0006972 secs] [Times: user=0.00 sys=0.00, real=0.00 secs] 
2024-07-28T16:43:33.096+0800: 0.687: Total time for which application threads were stopped: 0.0008219 seconds, Stopping threads took: 0.0000837 seconds
2024-07-28T16:43:33.096+0800: 0.687: [CMS-concurrent-mark-start]
2024-07-28T16:43:33.099+0800: 0.690: [CMS-concurrent-mark: 0.003/0.003 secs] [Times: user=0.05 sys=0.00, real=0.00 secs] 
2024-07-28T16:43:33.099+0800: 0.690: [CMS-concurrent-preclean-start]
2024-07-28T16:43:33.100+0800: 0.692: [CMS-concurrent-preclean: 0.001/0.001 secs] [Times: user=0.00 sys=0.00, real=0.00 secs] 
2024-07-28T16:43:33.100+0800: 0.692: [CMS-concurrent-abortable-preclean-start]
2024-07-28T16:43:33.101+0800: 0.692: Application time: 0.0049432 seconds
2024-07-28T16:43:33.101+0800: 0.692: [GC (Allocation Failure) 2024-07-28T16:43:33.101+0800: 0.692: [ParNew: 69998K->8192K(78656K), 0.0366810 secs] 327677K->327312K(508124K), 0.0367288 secs] [Times: user=0.03 sys=0.03, real=0.04 secs] 
2024-07-28T16:43:33.138+0800: 0.729: Total time for which application threads were stopped: 0.0368253 seconds, Stopping threads took: 0.0000128 seconds
2024-07-28T16:43:33.250+0800: 0.842: Application time: 0.1127690 seconds
2024-07-28T16:43:33.251+0800: 0.842: [GC (Allocation Failure) 2024-07-28T16:43:33.251+0800: 0.842: [ParNew: 77167K->8192K(78656K), 0.0418246 secs] 396287K->395921K(508124K), 0.0418871 secs] [Times: user=0.09 sys=0.00, real=0.04 secs] 
2024-07-28T16:43:33.292+0800: 0.884: Total time for which application threads were stopped: 0.0420026 seconds, Stopping threads took: 0.0000238 seconds
2024-07-28T16:43:33.293+0800: 0.884: [CMS-concurrent-abortable-preclean: 0.003/0.192 secs] [Times: user=0.13 sys=0.03, real=0.19 secs] 
2024-07-28T16:43:33.293+0800: 0.884: Application time: 0.0003788 seconds
2024-07-28T16:43:33.293+0800: 0.884: [GC (CMS Final Remark) [YG occupancy: 14702 K (78656 K)]2024-07-28T16:43:33.293+0800: 0.884: [Rescan (parallel) , 0.0007726 secs]2024-07-28T16:43:33.294+0800: 0.885: [weak refs processing, 0.0000129 secs]2024-07-28T16:43:33.294+0800: 0.885: [class unloading, 0.0001728 secs]2024-07-28T16:43:33.294+0800: 0.885: [scrub symbol table, 0.0003460 secs]2024-07-28T16:43:33.294+0800: 0.886: [scrub string table, 0.0001128 secs][1 CMS-remark: 387729K(429468K)] 402432K(508124K), 0.0014848 secs] [Times: user=0.00 sys=0.00, real=0.00 secs] 
2024-07-28T16:43:33.295+0800: 0.886: Total time for which application threads were stopped: 0.0017852 seconds, Stopping threads took: 0.0001665 seconds
2024-07-28T16:43:33.295+0800: 0.886: [CMS-concurrent-sweep-start]
2024-07-28T16:43:33.296+0800: 0.888: [CMS-concurrent-sweep: 0.001/0.001 secs] [Times: user=0.00 sys=0.00, real=0.00 secs] 
2024-07-28T16:43:33.296+0800: 0.888: [CMS-concurrent-reset-start]
2024-07-28T16:43:33.297+0800: 0.889: [CMS-concurrent-reset: 0.001/0.001 secs] [Times: user=0.00 sys=0.00, real=0.00 secs] 
2024-07-28T16:43:33.405+0800: 0.996: Application time: 0.1102119 seconds
2024-07-28T16:43:33.405+0800: 0.996: [GC (Allocation Failure) 2024-07-28T16:43:33.405+0800: 0.996: [ParNew: 77167K->2048K(78656K), 0.0013914 secs] 207869K->132749K(508124K), 0.0014643 secs] [Times: user=0.00 sys=0.00, real=0.00 secs] 
2024-07-28T16:43:33.406+0800: 0.998: Total time for which application threads were stopped: 0.0016124 seconds, Stopping threads took: 0.0000325 seconds
2024-07-28T16:43:33.412+0800: 1.003: Application time: 0.0050709 seconds
2024-07-28T16:43:33.412+0800: 1.003: [GC (Allocation Failure) 2024-07-28T16:43:33.412+0800: 1.003: [ParNew: 71024K->8192K(78656K), 0.0290259 secs] 201725K->201358K(508124K), 0.0290958 secs] [Times: user=0.03 sys=0.00, real=0.03 secs] 
2024-07-28T16:43:33.441+0800: 1.032: Total time for which application threads were stopped: 0.0292312 seconds, Stopping threads took: 0.0000245 seconds
2024-07-28T16:43:33.441+0800: 1.032: Application time: 0.0002420 seconds
2024-07-28T16:43:33.441+0800: 1.032: [GC (CMS Initial Mark) [1 CMS-initial-mark: 193166K(429468K)] 204797K(508124K), 0.0008462 secs] [Times: user=0.00 sys=0.00, real=0.00 secs] 
2024-07-28T16:43:33.442+0800: 1.033: Total time for which application threads were stopped: 0.0010287 seconds, Stopping threads took: 0.0001363 seconds
2024-07-28T16:43:33.442+0800: 1.033: [CMS-concurrent-mark-start]
2024-07-28T16:43:33.445+0800: 1.036: [CMS-concurrent-mark: 0.002/0.002 secs] [Times: user=0.05 sys=0.00, real=0.00 secs] 
2024-07-28T16:43:33.445+0800: 1.036: [CMS-concurrent-preclean-start]
2024-07-28T16:43:33.445+0800: 1.036: [CMS-concurrent-preclean: 0.001/0.001 secs] [Times: user=0.00 sys=0.00, real=0.00 secs] 
2024-07-28T16:43:33.445+0800: 1.036: [CMS-concurrent-abortable-preclean-start]
2024-07-28T16:43:33.549+0800: 1.141: Application time: 0.1072574 seconds
2024-07-28T16:43:33.549+0800: 1.141: [GC (Allocation Failure) 2024-07-28T16:43:33.549+0800: 1.141: [ParNew: 77168K->8192K(78656K), 0.0117297 secs] 270334K->269967K(508124K), 0.0117908 secs] [Times: user=0.03 sys=0.00, real=0.01 secs] 
2024-07-28T16:43:33.560+0800: 1.152: Total time for which application threads were stopped: 0.0119130 seconds, Stopping threads took: 0.0000196 seconds
2024-07-28T16:43:33.673+0800: 1.264: Application time: 0.1119200 seconds
2024-07-28T16:43:33.673+0800: 1.264: [GC (Allocation Failure) 2024-07-28T16:43:33.673+0800: 1.265: [ParNew: 77168K->3072K(78656K), 0.0025516 secs] 338943K->264847K(508124K), 0.0026145 secs] [Times: user=0.00 sys=0.00, real=0.00 secs] 
2024-07-28T16:43:33.675+0800: 1.267: Total time for which application threads were stopped: 0.0027343 seconds, Stopping threads took: 0.0000214 seconds
2024-07-28T16:43:33.680+0800: 1.271: Application time: 0.0043391 seconds
2024-07-28T16:43:33.680+0800: 1.272: [GC (Allocation Failure) 2024-07-28T16:43:33.680+0800: 1.272: [ParNew: 72048K->8192K(78656K), 0.0112631 secs] 333823K->333456K(508124K), 0.0113071 secs] [Times: user=0.00 sys=0.00, real=0.01 secs] 
2024-07-28T16:43:33.691+0800: 1.283: Total time for which application threads were stopped: 0.0114039 seconds, Stopping threads took: 0.0000146 seconds
2024-07-28T16:43:33.691+0800: 1.283: [CMS-concurrent-abortable-preclean: 0.005/0.247 secs] [Times: user=0.06 sys=0.00, real=0.25 secs] 
2024-07-28T16:43:33.691+0800: 1.283: Application time: 0.0003045 seconds
2024-07-28T16:43:33.691+0800: 1.283: [GC (CMS Final Remark) [YG occupancy: 12655 K (78656 K)]2024-07-28T16:43:33.691+0800: 1.283: [Rescan (parallel) , 0.0011164 secs]2024-07-28T16:43:33.693+0800: 1.284: [weak refs processing, 0.0000130 secs]2024-07-28T16:43:33.693+0800: 1.285: [class unloading, 0.0001892 secs]2024-07-28T16:43:33.693+0800: 1.285: [scrub symbol table, 0.0003443 secs]2024-07-28T16:43:33.693+0800: 1.285: [scrub string table, 0.0001015 secs][1 CMS-remark: 325264K(429468K)] 337920K(508124K), 0.0018299 secs] [Times: user=0.00 sys=0.00, real=0.00 secs] 
2024-07-28T16:43:33.693+0800: 1.285: Total time for which application threads were stopped: 0.0020094 seconds, Stopping threads took: 0.0001426 seconds
2024-07-28T16:43:33.693+0800: 1.285: [CMS-concurrent-sweep-start]
2024-07-28T16:43:33.695+0800: 1.287: [CMS-concurrent-sweep: 0.001/0.001 secs] [Times: user=0.00 sys=0.00, real=0.00 secs] 
2024-07-28T16:43:33.695+0800: 1.287: [CMS-concurrent-reset-start]
2024-07-28T16:43:33.696+0800: 1.288: [CMS-concurrent-reset: 0.001/0.001 secs] [Times: user=0.00 sys=0.00, real=0.00 secs] 
2024-07-28T16:43:33.800+0800: 1.392: Application time: 0.1069463 seconds
2024-07-28T16:43:33.800+0800: 1.392: [GC (Allocation Failure) 2024-07-28T16:43:33.800+0800: 1.392: [ParNew: 77168K->8192K(78656K), 0.0122215 secs] 272383K->272015K(508124K), 0.0122941 secs] [Times: user=0.03 sys=0.00, real=0.01 secs] 
2024-07-28T16:43:33.813+0800: 1.405: Total time for which application threads were stopped: 0.0124044 seconds, Stopping threads took: 0.0000186 seconds
2024-07-28T16:43:33.813+0800: 1.405: Application time: 0.0002397 seconds
2024-07-28T16:43:33.813+0800: 1.405: [GC (CMS Initial Mark) [1 CMS-initial-mark: 263823K(429468K)] 275455K(508124K), 0.0007513 secs] [Times: user=0.00 sys=0.00, real=0.00 secs] 
2024-07-28T16:43:33.814+0800: 1.406: Total time for which application threads were stopped: 0.0008709 seconds, Stopping threads took: 0.0000756 seconds
2024-07-28T16:43:33.814+0800: 1.406: [CMS-concurrent-mark-start]
2024-07-28T16:43:33.818+0800: 1.410: [CMS-concurrent-mark: 0.004/0.004 secs] [Times: user=0.05 sys=0.00, real=0.00 secs] 
2024-07-28T16:43:33.818+0800: 1.410: [CMS-concurrent-preclean-start]
2024-07-28T16:43:33.819+0800: 1.411: [CMS-concurrent-preclean: 0.001/0.001 secs] [Times: user=0.00 sys=0.00, real=0.00 secs] 
2024-07-28T16:43:33.819+0800: 1.411: [CMS-concurrent-abortable-preclean-start]
2024-07-28T16:43:33.925+0800: 1.517: Application time: 0.1114972 seconds
2024-07-28T16:43:33.926+0800: 1.517: [GC (Allocation Failure) 2024-07-28T16:43:33.926+0800: 1.517: [ParNew: 77168K->4096K(78656K), 0.0015636 secs] 340992K->267919K(508124K), 0.0016187 secs] [Times: user=0.00 sys=0.00, real=0.00 secs] 
2024-07-28T16:43:33.927+0800: 1.519: Total time for which application threads were stopped: 0.0017391 seconds, Stopping threads took: 0.0000263 seconds
2024-07-28T16:43:33.932+0800: 1.523: Application time: 0.0044410 seconds
2024-07-28T16:43:33.932+0800: 1.523: [GC (Allocation Failure) 2024-07-28T16:43:33.932+0800: 1.523: [ParNew: 73072K->8192K(78656K), 0.0112579 secs] 336896K->336528K(508124K), 0.0113070 secs] [Times: user=0.03 sys=0.00, real=0.01 secs] 
2024-07-28T16:43:33.943+0800: 1.535: Total time for which application threads were stopped: 0.0114048 seconds, Stopping threads took: 0.0000151 seconds
2024-07-28T16:43:34.053+0800: 1.645: Application time: 0.1101584 seconds
2024-07-28T16:43:34.054+0800: 1.645: [GC (Allocation Failure) 2024-07-28T16:43:34.054+0800: 1.645: [ParNew: 77168K->8192K(78656K), 0.0120583 secs] 405505K->405137K(508124K), 0.0121208 secs] [Times: user=0.00 sys=0.00, real=0.01 secs] 
2024-07-28T16:43:34.066+0800: 1.657: Total time for which application threads were stopped: 0.0122352 seconds, Stopping threads took: 0.0000236 seconds
2024-07-28T16:43:34.066+0800: 1.657: [CMS-concurrent-abortable-preclean: 0.005/0.246 secs] [Times: user=0.05 sys=0.00, real=0.25 secs] 
2024-07-28T16:43:34.066+0800: 1.657: Application time: 0.0001747 seconds
2024-07-28T16:43:34.066+0800: 1.657: [GC (CMS Final Remark) [YG occupancy: 11631 K (78656 K)]2024-07-28T16:43:34.066+0800: 1.657: [Rescan (parallel) , 0.0005465 secs]2024-07-28T16:43:34.067+0800: 1.658: [weak refs processing, 0.0000168 secs]2024-07-28T16:43:34.067+0800: 1.658: [class unloading, 0.0001792 secs]2024-07-28T16:43:34.067+0800: 1.658: [scrub symbol table, 0.0003264 secs]2024-07-28T16:43:34.067+0800: 1.659: [scrub string table, 0.0000914 secs][1 CMS-remark: 396945K(429468K)] 408577K(508124K), 0.0012251 secs] [Times: user=0.00 sys=0.01, real=0.00 secs] 
2024-07-28T16:43:34.067+0800: 1.659: Total time for which application threads were stopped: 0.0013712 seconds, Stopping threads took: 0.0001080 seconds
2024-07-28T16:43:34.068+0800: 1.659: [CMS-concurrent-sweep-start]
2024-07-28T16:43:34.069+0800: 1.661: [CMS-concurrent-sweep: 0.002/0.002 secs] [Times: user=0.00 sys=0.00, real=0.00 secs] 
2024-07-28T16:43:34.070+0800: 1.661: [CMS-concurrent-reset-start]
2024-07-28T16:43:34.071+0800: 1.662: [CMS-concurrent-reset: 0.001/0.001 secs] [Times: user=0.00 sys=0.00, real=0.00 secs] 
2024-07-28T16:43:34.176+0800: 1.768: Application time: 0.1091983 seconds
2024-07-28T16:43:34.176+0800: 1.768: [GC (Allocation Failure) 2024-07-28T16:43:34.176+0800: 1.768: [ParNew: 77168K->5120K(78656K), 0.0018915 secs] 343040K->270991K(521776K), 0.0019544 secs] [Times: user=0.00 sys=0.00, real=0.00 secs] 
2024-07-28T16:43:34.178+0800: 1.770: Total time for which application threads were stopped: 0.0020703 seconds, Stopping threads took: 0.0000187 seconds
2024-07-28T16:43:34.179+0800: 1.770: Application time: 0.0001804 seconds
2024-07-28T16:43:34.179+0800: 1.770: [GC (CMS Initial Mark) [1 CMS-initial-mark: 265871K(443120K)] 274431K(521776K), 0.0008893 secs] [Times: user=0.00 sys=0.00, real=0.00 secs] 
2024-07-28T16:43:34.180+0800: 1.771: Total time for which application threads were stopped: 0.0010171 seconds, Stopping threads took: 0.0000856 seconds
2024-07-28T16:43:34.180+0800: 1.771: [CMS-concurrent-mark-start]
2024-07-28T16:43:34.183+0800: 1.775: [CMS-concurrent-mark: 0.003/0.003 secs] [Times: user=0.00 sys=0.00, real=0.00 secs] 
2024-07-28T16:43:34.183+0800: 1.775: [CMS-concurrent-preclean-start]
2024-07-28T16:43:34.184+0800: 1.776: [CMS-concurrent-preclean: 0.001/0.001 secs] [Times: user=0.00 sys=0.00, real=0.00 secs] 
2024-07-28T16:43:34.184+0800: 1.776: [CMS-concurrent-abortable-preclean-start]
2024-07-28T16:43:34.185+0800: 1.776: Application time: 0.0051244 seconds
2024-07-28T16:43:34.185+0800: 1.776: [GC (Allocation Failure) 2024-07-28T16:43:34.185+0800: 1.776: [ParNew: 74096K->8192K(78656K), 0.0117521 secs] 339968K->339600K(521776K), 0.0118005 secs] [Times: user=0.03 sys=0.00, real=0.01 secs] 
2024-07-28T16:43:34.197+0800: 1.788: Total time for which application threads were stopped: 0.0118967 seconds, Stopping threads took: 0.0000137 seconds
2024-07-28T16:43:34.303+0800: 1.894: Application time: 0.1060615 seconds
2024-07-28T16:43:34.303+0800: 1.894: [GC (Allocation Failure) 2024-07-28T16:43:34.303+0800: 1.894: [ParNew: 77168K->8192K(78656K), 0.0119653 secs] 408577K->408209K(521776K), 0.0120281 secs] [Times: user=0.00 sys=0.00, real=0.01 secs] 
2024-07-28T16:43:34.315+0800: 1.906: Total time for which application threads were stopped: 0.0121387 seconds, Stopping threads took: 0.0000190 seconds
2024-07-28T16:43:34.315+0800: 1.906: [CMS-concurrent-abortable-preclean: 0.003/0.130 secs] [Times: user=0.06 sys=0.00, real=0.13 secs] 
2024-07-28T16:43:34.315+0800: 1.907: Application time: 0.0002922 seconds
2024-07-28T16:43:34.315+0800: 1.907: [GC (CMS Final Remark) [YG occupancy: 12655 K (78656 K)]2024-07-28T16:43:34.315+0800: 1.907: [Rescan (parallel) , 0.0007503 secs]2024-07-28T16:43:34.316+0800: 1.908: [weak refs processing, 0.0000128 secs]2024-07-28T16:43:34.316+0800: 1.908: [class unloading, 0.0001777 secs]2024-07-28T16:43:34.316+0800: 1.908: [scrub symbol table, 0.0003579 secs]2024-07-28T16:43:34.317+0800: 1.908: [scrub string table, 0.0001021 secs][1 CMS-remark: 400017K(443120K)] 412673K(521776K), 0.0014669 secs] [Times: user=0.02 sys=0.00, real=0.00 secs] 
2024-07-28T16:43:34.317+0800: 1.908: Total time for which application threads were stopped: 0.0016391 seconds, Stopping threads took: 0.0001256 seconds
2024-07-28T16:43:34.317+0800: 1.909: [CMS-concurrent-sweep-start]
2024-07-28T16:43:34.319+0800: 1.910: [CMS-concurrent-sweep: 0.002/0.002 secs] [Times: user=0.00 sys=0.00, real=0.00 secs] 
2024-07-28T16:43:34.319+0800: 1.910: [CMS-concurrent-reset-start]
2024-07-28T16:43:34.320+0800: 1.911: [CMS-concurrent-reset: 0.001/0.001 secs] [Times: user=0.00 sys=0.00, real=0.00 secs] 
2024-07-28T16:43:34.426+0800: 2.018: Application time: 0.1094098 seconds
2024-07-28T16:43:34.426+0800: 2.018: [GC (Allocation Failure) 2024-07-28T16:43:34.427+0800: 2.018: [ParNew: 77168K->6144K(78656K), 0.0020611 secs] 211966K->140941K(521776K), 0.0021239 secs] [Times: user=0.00 sys=0.00, real=0.00 secs] 
2024-07-28T16:43:34.429+0800: 2.020: Total time for which application threads were stopped: 0.0022339 seconds, Stopping threads took: 0.0000198 seconds
2024-07-28T16:43:34.433+0800: 2.024: Application time: 0.0043274 seconds
2024-07-28T16:43:34.433+0800: 2.024: [GC (Allocation Failure) 2024-07-28T16:43:34.433+0800: 2.024: [ParNew: 75120K->8192K(78656K), 0.0167541 secs] 209918K->209550K(521776K), 0.0168021 secs] [Times: user=0.01 sys=0.02, real=0.02 secs] 
2024-07-28T16:43:34.450+0800: 2.041: Total time for which application threads were stopped: 0.0168981 seconds, Stopping threads took: 0.0000141 seconds
2024-07-28T16:43:34.450+0800: 2.041: Application time: 0.0001737 seconds
2024-07-28T16:43:34.450+0800: 2.042: [GC (CMS Initial Mark) [1 CMS-initial-mark: 201358K(443120K)] 212990K(521776K), 0.0006613 secs] [Times: user=0.00 sys=0.00, real=0.00 secs] 
2024-07-28T16:43:34.451+0800: 2.042: Total time for which application threads were stopped: 0.0008483 seconds, Stopping threads took: 0.0001452 seconds
2024-07-28T16:43:34.451+0800: 2.042: [CMS-concurrent-mark-start]
2024-07-28T16:43:34.453+0800: 2.044: [CMS-concurrent-mark: 0.002/0.002 secs] [Times: user=0.00 sys=0.00, real=0.00 secs] 
2024-07-28T16:43:34.453+0800: 2.044: [CMS-concurrent-preclean-start]
2024-07-28T16:43:34.454+0800: 2.045: [CMS-concurrent-preclean: 0.001/0.001 secs] [Times: user=0.00 sys=0.00, real=0.00 secs] 
2024-07-28T16:43:34.454+0800: 2.045: [CMS-concurrent-abortable-preclean-start]
2024-07-28T16:43:34.570+0800: 2.161: Application time: 0.1188020 seconds
2024-07-28T16:43:34.570+0800: 2.161: [GC (Allocation Failure) 2024-07-28T16:43:34.570+0800: 2.161: [ParNew: 77168K->8192K(78656K), 0.0118869 secs] 278527K->278159K(521776K), 0.0119470 secs] [Times: user=0.00 sys=0.00, real=0.01 secs] 
2024-07-28T16:43:34.582+0800: 2.173: Total time for which application threads were stopped: 0.0120563 seconds, Stopping threads took: 0.0000194 seconds
2024-07-28T16:43:34.692+0800: 2.284: Application time: 0.1107203 seconds
2024-07-28T16:43:34.692+0800: 2.284: [GC (Allocation Failure) 2024-07-28T16:43:34.692+0800: 2.284: [ParNew: 77168K->7168K(78656K), 0.0024261 secs] 347136K->277135K(521776K), 0.0024798 secs] [Times: user=0.00 sys=0.00, real=0.00 secs] 
2024-07-28T16:43:34.695+0800: 2.286: Total time for which application threads were stopped: 0.0025919 seconds, Stopping threads took: 0.0000197 seconds
2024-07-28T16:43:34.695+0800: 2.287: [CMS-concurrent-abortable-preclean: 0.004/0.241 secs] [Times: user=0.03 sys=0.00, real=0.24 secs] 
2024-07-28T16:43:34.695+0800: 2.287: Application time: 0.0003336 seconds
2024-07-28T16:43:34.695+0800: 2.287: [GC (CMS Final Remark) [YG occupancy: 12655 K (78656 K)]2024-07-28T16:43:34.695+0800: 2.287: [Rescan (parallel) , 0.0009340 secs]2024-07-28T16:43:34.696+0800: 2.288: [weak refs processing, 0.0000122 secs]2024-07-28T16:43:34.696+0800: 2.288: [class unloading, 0.0001740 secs]2024-07-28T16:43:34.696+0800: 2.288: [scrub symbol table, 0.0003097 secs]2024-07-28T16:43:34.696+0800: 2.288: [scrub string table, 0.0000954 secs][1 CMS-remark: 269967K(443120K)] 282623K(521776K), 0.0015882 secs] [Times: user=0.00 sys=0.00, real=0.00 secs] 
2024-07-28T16:43:34.697+0800: 2.289: Total time for which application threads were stopped: 0.0017533 seconds, Stopping threads took: 0.0001304 seconds
2024-07-28T16:43:34.697+0800: 2.289: [CMS-concurrent-sweep-start]
2024-07-28T16:43:34.698+0800: 2.290: [CMS-concurrent-sweep: 0.002/0.002 secs] [Times: user=0.00 sys=0.00, real=0.00 secs] 
2024-07-28T16:43:34.698+0800: 2.290: [CMS-concurrent-reset-start]
2024-07-28T16:43:34.700+0800: 2.292: [CMS-concurrent-reset: 0.001/0.001 secs] [Times: user=0.00 sys=0.00, real=0.00 secs] 
2024-07-28T16:43:34.701+0800: 2.293: Application time: 0.0048104 seconds
2024-07-28T16:43:34.701+0800: 2.293: [GC (Allocation Failure) 2024-07-28T16:43:34.701+0800: 2.293: [ParNew: 76144K->8192K(78656K), 0.0116843 secs] 211966K->211598K(521776K), 0.0117314 secs] [Times: user=0.03 sys=0.00, real=0.01 secs] 
2024-07-28T16:43:34.713+0800: 2.305: Total time for which application threads were stopped: 0.0118266 seconds, Stopping threads took: 0.0000127 seconds
2024-07-28T16:43:34.713+0800: 2.305: Application time: 0.0002354 seconds
2024-07-28T16:43:34.714+0800: 2.306: [GC (CMS Initial Mark) [1 CMS-initial-mark: 203406K(443120K)] 215038K(521776K), 0.0007945 secs] [Times: user=0.00 sys=0.00, real=0.00 secs] 
2024-07-28T16:43:34.714+0800: 2.306: Total time for which application threads were stopped: 0.0009265 seconds, Stopping threads took: 0.0000884 seconds
2024-07-28T16:43:34.714+0800: 2.306: [CMS-concurrent-mark-start]
2024-07-28T16:43:34.716+0800: 2.308: [CMS-concurrent-mark: 0.002/0.002 secs] [Times: user=0.00 sys=0.00, real=0.00 secs] 
2024-07-28T16:43:34.716+0800: 2.308: [CMS-concurrent-preclean-start]
2024-07-28T16:43:34.717+0800: 2.309: [CMS-concurrent-preclean: 0.001/0.001 secs] [Times: user=0.00 sys=0.00, real=0.00 secs] 
2024-07-28T16:43:34.717+0800: 2.309: [CMS-concurrent-abortable-preclean-start]
2024-07-28T16:43:34.822+0800: 2.413: Application time: 0.1070655 seconds
2024-07-28T16:43:34.822+0800: 2.413: [GC (Allocation Failure) 2024-07-28T16:43:34.822+0800: 2.414: [ParNew: 77168K->8192K(78656K), 0.0122731 secs] 280575K->280207K(521776K), 0.0123318 secs] [Times: user=0.03 sys=0.00, real=0.01 secs] 
2024-07-28T16:43:34.834+0800: 2.426: Total time for which application threads were stopped: 0.0124506 seconds, Stopping threads took: 0.0000187 seconds
2024-07-28T16:43:34.945+0800: 2.537: Application time: 0.1108510 seconds
2024-07-28T16:43:34.945+0800: 2.537: [GC (Allocation Failure) 2024-07-28T16:43:34.945+0800: 2.537: [ParNew: 77168K->8192K(78656K), 0.0023494 secs] 349184K->280207K(521776K), 0.0024030 secs] [Times: user=0.00 sys=0.00, real=0.00 secs] 
2024-07-28T16:43:34.947+0800: 2.539: Total time for which application threads were stopped: 0.0025194 seconds, Stopping threads took: 0.0000199 seconds
2024-07-28T16:43:34.947+0800: 2.539: [CMS-concurrent-abortable-preclean: 0.005/0.230 secs] [Times: user=0.03 sys=0.00, real=0.23 secs] 
2024-07-28T16:43:34.948+0800: 2.540: Application time: 0.0003635 seconds
2024-07-28T16:43:34.948+0800: 2.540: [GC (CMS Final Remark) [YG occupancy: 14703 K (78656 K)]2024-07-28T16:43:34.948+0800: 2.540: [Rescan (parallel) , 0.0007310 secs]2024-07-28T16:43:34.949+0800: 2.541: [weak refs processing, 0.0000126 secs]2024-07-28T16:43:34.949+0800: 2.541: [class unloading, 0.0001764 secs]2024-07-28T16:43:34.949+0800: 2.541: [scrub symbol table, 0.0003317 secs]2024-07-28T16:43:34.949+0800: 2.541: [scrub string table, 0.0001001 secs][1 CMS-remark: 272015K(443120K)] 286719K(521776K), 0.0014152 secs] [Times: user=0.00 sys=0.00, real=0.00 secs] 
2024-07-28T16:43:34.949+0800: 2.541: Total time for which application threads were stopped: 0.0016206 seconds, Stopping threads took: 0.0001699 seconds
2024-07-28T16:43:34.950+0800: 2.541: [CMS-concurrent-sweep-start]
2024-07-28T16:43:34.951+0800: 2.543: [CMS-concurrent-sweep: 0.001/0.001 secs] [Times: user=0.00 sys=0.00, real=0.00 secs] 
2024-07-28T16:43:34.951+0800: 2.543: [CMS-concurrent-reset-start]
2024-07-28T16:43:34.952+0800: 2.544: [CMS-concurrent-reset: 0.001/0.001 secs] [Times: user=0.00 sys=0.00, real=0.00 secs] 
2024-07-28T16:43:34.954+0800: 2.546: Application time: 0.0048153 seconds
2024-07-28T16:43:34.954+0800: 2.546: [GC (Allocation Failure) 2024-07-28T16:43:34.954+0800: 2.546: [ParNew: 77168K->8192K(78656K), 0.0119077 secs] 214014K->213646K(521776K), 0.0119598 secs] [Times: user=0.03 sys=0.00, real=0.01 secs] 
2024-07-28T16:43:34.966+0800: 2.558: Total time for which application threads were stopped: 0.0120561 seconds, Stopping threads took: 0.0000138 seconds
2024-07-28T16:43:34.966+0800: 2.558: Application time: 0.0002246 seconds
2024-07-28T16:43:34.967+0800: 2.558: [GC (CMS Initial Mark) [1 CMS-initial-mark: 205454K(443120K)] 217086K(521776K), 0.0007974 secs] [Times: user=0.00 sys=0.00, real=0.00 secs] 
2024-07-28T16:43:34.967+0800: 2.559: Total time for which application threads were stopped: 0.0009567 seconds, Stopping threads took: 0.0001179 seconds
2024-07-28T16:43:34.968+0800: 2.559: [CMS-concurrent-mark-start]
2024-07-28T16:43:34.970+0800: 2.561: [CMS-concurrent-mark: 0.002/0.002 secs] [Times: user=0.00 sys=0.00, real=0.00 secs] 
2024-07-28T16:43:34.970+0800: 2.561: [CMS-concurrent-preclean-start]
2024-07-28T16:43:34.970+0800: 2.562: [CMS-concurrent-preclean: 0.001/0.001 secs] [Times: user=0.00 sys=0.00, real=0.00 secs] 
2024-07-28T16:43:34.970+0800: 2.562: [CMS-concurrent-abortable-preclean-start]
2024-07-28T16:43:35.088+0800: 2.679: Application time: 0.1199223 seconds
2024-07-28T16:43:35.088+0800: 2.679: [GC (Allocation Failure) 2024-07-28T16:43:35.088+0800: 2.679: [ParNew: 77168K->8192K(78656K), 0.0121881 secs] 282623K->282255K(521776K), 0.0122496 secs] [Times: user=0.03 sys=0.00, real=0.01 secs] 
2024-07-28T16:43:35.100+0800: 2.692: Total time for which application threads were stopped: 0.0123599 seconds, Stopping threads took: 0.0000196 seconds
2024-07-28T16:43:35.209+0800: 2.801: Application time: 0.1089561 seconds
2024-07-28T16:43:35.209+0800: 2.801: [GC (Allocation Failure) 2024-07-28T16:43:35.209+0800: 2.801: [ParNew: 77168K->8192K(78656K), 0.0025326 secs] 351232K->283279K(521776K), 0.0025843 secs] [Times: user=0.00 sys=0.00, real=0.00 secs] 
2024-07-28T16:43:35.212+0800: 2.803: Total time for which application threads were stopped: 0.0026899 seconds, Stopping threads took: 0.0000194 seconds
2024-07-28T16:43:35.212+0800: 2.803: [CMS-concurrent-abortable-preclean: 0.005/0.241 secs] [Times: user=0.03 sys=0.00, real=0.24 secs] 
2024-07-28T16:43:35.212+0800: 2.804: Application time: 0.0003131 seconds
2024-07-28T16:43:35.212+0800: 2.804: [GC (CMS Final Remark) [YG occupancy: 12655 K (78656 K)]2024-07-28T16:43:35.212+0800: 2.804: [Rescan (parallel) , 0.0009640 secs]2024-07-28T16:43:35.213+0800: 2.805: [weak refs processing, 0.0000127 secs]2024-07-28T16:43:35.213+0800: 2.805: [class unloading, 0.0001648 secs]2024-07-28T16:43:35.213+0800: 2.805: [scrub symbol table, 0.0003214 secs]2024-07-28T16:43:35.214+0800: 2.805: [scrub string table, 0.0000949 secs][1 CMS-remark: 275087K(443120K)] 287743K(521776K), 0.0016208 secs] [Times: user=0.00 sys=0.00, real=0.00 secs] 
2024-07-28T16:43:35.214+0800: 2.805: Total time for which application threads were stopped: 0.0017860 seconds, Stopping threads took: 0.0001307 seconds
2024-07-28T16:43:35.214+0800: 2.806: [CMS-concurrent-sweep-start]
2024-07-28T16:43:35.215+0800: 2.807: [CMS-concurrent-sweep: 0.001/0.001 secs] [Times: user=0.00 sys=0.00, real=0.00 secs] 
2024-07-28T16:43:35.215+0800: 2.807: [CMS-concurrent-reset-start]
2024-07-28T16:43:35.217+0800: 2.808: [CMS-concurrent-reset: 0.001/0.001 secs] [Times: user=0.00 sys=0.00, real=0.00 secs] 
2024-07-28T16:43:35.219+0800: 2.810: Application time: 0.0048042 seconds
2024-07-28T16:43:35.219+0800: 2.810: [GC (Allocation Failure) 2024-07-28T16:43:35.219+0800: 2.810: [ParNew: 77168K->8192K(78656K), 0.0122244 secs] 216062K->215694K(521776K), 0.0122727 secs] [Times: user=0.03 sys=0.00, real=0.01 secs] 
2024-07-28T16:43:35.231+0800: 2.823: Total time for which application threads were stopped: 0.0123675 seconds, Stopping threads took: 0.0000131 seconds
2024-07-28T16:43:35.231+0800: 2.823: Application time: 0.0002684 seconds
2024-07-28T16:43:35.231+0800: 2.823: [GC (CMS Initial Mark) [1 CMS-initial-mark: 207502K(443120K)] 219134K(521776K), 0.0008220 secs] [Times: user=0.00 sys=0.00, real=0.00 secs] 
2024-07-28T16:43:35.232+0800: 2.824: Total time for which application threads were stopped: 0.0010450 seconds, Stopping threads took: 0.0001288 seconds
2024-07-28T16:43:35.232+0800: 2.824: [CMS-concurrent-mark-start]
2024-07-28T16:43:35.234+0800: 2.826: [CMS-concurrent-mark: 0.002/0.002 secs] [Times: user=0.00 sys=0.00, real=0.00 secs] 
2024-07-28T16:43:35.234+0800: 2.826: [CMS-concurrent-preclean-start]
2024-07-28T16:43:35.235+0800: 2.826: [CMS-concurrent-preclean: 0.001/0.001 secs] [Times: user=0.00 sys=0.00, real=0.00 secs] 
2024-07-28T16:43:35.235+0800: 2.826: [CMS-concurrent-abortable-preclean-start]
2024-07-28T16:43:35.352+0800: 2.943: Application time: 0.1193452 seconds
2024-07-28T16:43:35.352+0800: 2.943: [GC (Allocation Failure) 2024-07-28T16:43:35.352+0800: 2.943: [ParNew: 77168K->8192K(78656K), 0.0121116 secs] 284671K->284303K(521776K), 0.0121712 secs] [Times: user=0.03 sys=0.00, real=0.01 secs] 
2024-07-28T16:43:35.364+0800: 2.955: Total time for which application threads were stopped: 0.0122796 seconds, Stopping threads took: 0.0000192 seconds
2024-07-28T16:43:35.476+0800: 3.068: Application time: 0.1123366 seconds
2024-07-28T16:43:35.476+0800: 3.068: [GC (Allocation Failure) 2024-07-28T16:43:35.476+0800: 3.068: [ParNew: 77168K->8192K(78656K), 0.0025075 secs] 353280K->286351K(521776K), 0.0025624 secs] [Times: user=0.00 sys=0.00, real=0.00 secs] 
2024-07-28T16:43:35.479+0800: 3.070: Total time for which application threads were stopped: 0.0026684 seconds, Stopping threads took: 0.0000195 seconds
2024-07-28T16:43:35.479+0800: 3.071: [CMS-concurrent-abortable-preclean: 0.005/0.244 secs] [Times: user=0.03 sys=0.00, real=0.24 secs] 
2024-07-28T16:43:35.479+0800: 3.071: Application time: 0.0003689 seconds
2024-07-28T16:43:35.479+0800: 3.071: [GC (CMS Final Remark) [YG occupancy: 14703 K (78656 K)]2024-07-28T16:43:35.479+0800: 3.071: [Rescan (parallel) , 0.0009957 secs]2024-07-28T16:43:35.480+0800: 3.072: [weak refs processing, 0.0000128 secs]2024-07-28T16:43:35.480+0800: 3.072: [class unloading, 0.0001743 secs]2024-07-28T16:43:35.480+0800: 3.072: [scrub symbol table, 0.0003653 secs]2024-07-28T16:43:35.481+0800: 3.073: [scrub string table, 0.0000994 secs][1 CMS-remark: 278159K(443120K)] 292863K(521776K), 0.0017207 secs] [Times: user=0.00 sys=0.00, real=0.00 secs] 
2024-07-28T16:43:35.481+0800: 3.073: Total time for which application threads were stopped: 0.0018535 seconds, Stopping threads took: 0.0000978 seconds
2024-07-28T16:43:35.481+0800: 3.073: [CMS-concurrent-sweep-start]
2024-07-28T16:43:35.483+0800: 3.074: [CMS-concurrent-sweep: 0.001/0.001 secs] [Times: user=0.00 sys=0.00, real=0.00 secs] 
2024-07-28T16:43:35.483+0800: 3.074: [CMS-concurrent-reset-start]
2024-07-28T16:43:35.484+0800: 3.076: [CMS-concurrent-reset: 0.001/0.001 secs] [Times: user=0.00 sys=0.00, real=0.00 secs] 
2024-07-28T16:43:35.486+0800: 3.077: Application time: 0.0045482 seconds
2024-07-28T16:43:35.486+0800: 3.077: [GC (Allocation Failure) 2024-07-28T16:43:35.486+0800: 3.077: [ParNew: 77168K->8192K(78656K), 0.0122326 secs] 218110K->217742K(521776K), 0.0122819 secs] [Times: user=0.03 sys=0.00, real=0.01 secs] 
2024-07-28T16:43:35.498+0800: 3.090: Total time for which application threads were stopped: 0.0123767 seconds, Stopping threads took: 0.0000137 seconds
2024-07-28T16:43:35.498+0800: 3.090: Application time: 0.0002259 seconds
2024-07-28T16:43:35.498+0800: 3.090: [GC (CMS Initial Mark) [1 CMS-initial-mark: 209550K(443120K)] 221182K(521776K), 0.0008867 secs] [Times: user=0.00 sys=0.00, real=0.00 secs] 
2024-07-28T16:43:35.499+0800: 3.091: Total time for which application threads were stopped: 0.0010157 seconds, Stopping threads took: 0.0000871 seconds
2024-07-28T16:43:35.499+0800: 3.091: [CMS-concurrent-mark-start]
2024-07-28T16:43:35.501+0800: 3.093: [CMS-concurrent-mark: 0.002/0.002 secs] [Times: user=0.00 sys=0.00, real=0.00 secs] 
2024-07-28T16:43:35.501+0800: 3.093: [CMS-concurrent-preclean-start]
2024-07-28T16:43:35.502+0800: 3.093: [CMS-concurrent-preclean: 0.001/0.001 secs] [Times: user=0.00 sys=0.00, real=0.00 secs] 
2024-07-28T16:43:35.502+0800: 3.094: [CMS-concurrent-abortable-preclean-start]
2024-07-28T16:43:35.604+0800: 3.196: Application time: 0.1046628 seconds
2024-07-28T16:43:35.604+0800: 3.196: [GC (Allocation Failure) 2024-07-28T16:43:35.604+0800: 3.196: [ParNew: 77168K->8192K(78656K), 0.0116686 secs] 286719K->286351K(521776K), 0.0117341 secs] [Times: user=0.03 sys=0.00, real=0.01 secs] 
2024-07-28T16:43:35.616+0800: 3.207: Total time for which application threads were stopped: 0.0118451 seconds, Stopping threads took: 0.0000196 seconds
2024-07-28T16:43:35.727+0800: 3.318: Application time: 0.1110839 seconds
2024-07-28T16:43:35.727+0800: 3.319: [GC (Allocation Failure) 2024-07-28T16:43:35.727+0800: 3.319: [ParNew: 77168K->8192K(78656K), 0.0025748 secs] 355328K->289423K(521776K), 0.0026303 secs] [Times: user=0.00 sys=0.00, real=0.00 secs] 
2024-07-28T16:43:35.730+0800: 3.321: Total time for which application threads were stopped: 0.0027380 seconds, Stopping threads took: 0.0000198 seconds
2024-07-28T16:43:35.730+0800: 3.321: [CMS-concurrent-abortable-preclean: 0.004/0.228 secs] [Times: user=0.03 sys=0.00, real=0.23 secs] 
2024-07-28T16:43:35.730+0800: 3.322: Application time: 0.0003827 seconds
2024-07-28T16:43:35.730+0800: 3.322: [GC (CMS Final Remark) [YG occupancy: 14703 K (78656 K)]2024-07-28T16:43:35.730+0800: 3.322: [Rescan (parallel) , 0.0009680 secs]2024-07-28T16:43:35.731+0800: 3.323: [weak refs processing, 0.0000125 secs]2024-07-28T16:43:35.731+0800: 3.323: [class unloading, 0.0001775 secs]2024-07-28T16:43:35.732+0800: 3.323: [scrub symbol table, 0.0003473 secs]2024-07-28T16:43:35.732+0800: 3.323: [scrub string table, 0.0000993 secs][1 CMS-remark: 281231K(443120K)] 295935K(521776K), 0.0016745 secs] [Times: user=0.00 sys=0.00, real=0.00 secs] 
2024-07-28T16:43:35.732+0800: 3.323: Total time for which application threads were stopped: 0.0018114 seconds, Stopping threads took: 0.0001020 seconds
2024-07-28T16:43:35.732+0800: 3.324: [CMS-concurrent-sweep-start]
2024-07-28T16:43:35.734+0800: 3.325: [CMS-concurrent-sweep: 0.001/0.001 secs] [Times: user=0.00 sys=0.00, real=0.00 secs] 
2024-07-28T16:43:35.734+0800: 3.325: [CMS-concurrent-reset-start]
2024-07-28T16:43:35.735+0800: 3.326: [CMS-concurrent-reset: 0.001/0.001 secs] [Times: user=0.00 sys=0.00, real=0.00 secs] 
2024-07-28T16:43:35.737+0800: 3.328: Application time: 0.0046823 seconds
2024-07-28T16:43:35.737+0800: 3.328: [GC (Allocation Failure) 2024-07-28T16:43:35.737+0800: 3.328: [ParNew: 77168K->8192K(78656K), 0.0120437 secs] 220158K->219790K(521776K), 0.0120916 secs] [Times: user=0.03 sys=0.00, real=0.01 secs] 
2024-07-28T16:43:35.749+0800: 3.340: Total time for which application threads were stopped: 0.0121860 seconds, Stopping threads took: 0.0000124 seconds
2024-07-28T16:43:35.749+0800: 3.341: Application time: 0.0002501 seconds
2024-07-28T16:43:35.749+0800: 3.341: [GC (CMS Initial Mark) [1 CMS-initial-mark: 211598K(443120K)] 223230K(521776K), 0.0008365 secs] [Times: user=0.00 sys=0.00, real=0.00 secs] 
2024-07-28T16:43:35.750+0800: 3.342: Total time for which application threads were stopped: 0.0009617 seconds, Stopping threads took: 0.0000840 seconds
2024-07-28T16:43:35.750+0800: 3.342: [CMS-concurrent-mark-start]
2024-07-28T16:43:35.752+0800: 3.343: [CMS-concurrent-mark: 0.002/0.002 secs] [Times: user=0.00 sys=0.00, real=0.00 secs] 
2024-07-28T16:43:35.752+0800: 3.343: [CMS-concurrent-preclean-start]
2024-07-28T16:43:35.753+0800: 3.344: [CMS-concurrent-preclean: 0.001/0.001 secs] [Times: user=0.00 sys=0.00, real=0.00 secs] 
2024-07-28T16:43:35.753+0800: 3.344: [CMS-concurrent-abortable-preclean-start]
2024-07-28T16:43:35.870+0800: 3.461: Application time: 0.1198501 seconds
2024-07-28T16:43:35.870+0800: 3.461: [GC (Allocation Failure) 2024-07-28T16:43:35.870+0800: 3.461: [ParNew: 77168K->8192K(78656K), 0.0123609 secs] 288767K->288399K(521776K), 0.0124266 secs] [Times: user=0.03 sys=0.00, real=0.01 secs] 
2024-07-28T16:43:35.883+0800: 3.474: Total time for which application threads were stopped: 0.0125379 seconds, Stopping threads took: 0.0000182 seconds
2024-07-28T16:43:35.992+0800: 3.584: Application time: 0.1103014 seconds
2024-07-28T16:43:35.992+0800: 3.584: [GC (Allocation Failure) 2024-07-28T16:43:35.992+0800: 3.584: [ParNew: 77168K->8192K(78656K), 0.0032015 secs] 357376K->292495K(521776K), 0.0032623 secs] [Times: user=0.00 sys=0.00, real=0.00 secs] 
2024-07-28T16:43:35.996+0800: 3.588: Total time for which application threads were stopped: 0.0033718 seconds, Stopping threads took: 0.0000196 seconds
2024-07-28T16:43:35.996+0800: 3.588: [CMS-concurrent-abortable-preclean: 0.005/0.244 secs] [Times: user=0.03 sys=0.00, real=0.24 secs] 
2024-07-28T16:43:35.996+0800: 3.588: Application time: 0.0002958 seconds
2024-07-28T16:43:35.996+0800: 3.588: [GC (CMS Final Remark) [YG occupancy: 12655 K (78656 K)]2024-07-28T16:43:35.996+0800: 3.588: [Rescan (parallel) , 0.0010416 secs]2024-07-28T16:43:35.997+0800: 3.589: [weak refs processing, 0.0000130 secs]2024-07-28T16:43:35.997+0800: 3.589: [class unloading, 0.0001746 secs]2024-07-28T16:43:35.997+0800: 3.589: [scrub symbol table, 0.0003550 secs]2024-07-28T16:43:35.998+0800: 3.590: [scrub string table, 0.0001124 secs][1 CMS-remark: 284303K(443120K)] 296959K(521776K), 0.0017598 secs] [Times: user=0.00 sys=0.00, real=0.00 secs] 
2024-07-28T16:43:35.998+0800: 3.590: Total time for which application threads were stopped: 0.0019340 seconds, Stopping threads took: 0.0001375 seconds
2024-07-28T16:43:35.998+0800: 3.590: [CMS-concurrent-sweep-start]
2024-07-28T16:43:36.000+0800: 3.592: [CMS-concurrent-sweep: 0.002/0.002 secs] [Times: user=0.00 sys=0.00, real=0.00 secs] 
2024-07-28T16:43:36.000+0800: 3.592: [CMS-concurrent-reset-start]
2024-07-28T16:43:36.001+0800: 3.593: [CMS-concurrent-reset: 0.001/0.001 secs] [Times: user=0.00 sys=0.00, real=0.00 secs] 
2024-07-28T16:43:36.003+0800: 3.595: Application time: 0.0047164 seconds
2024-07-28T16:43:36.003+0800: 3.595: [GC (Allocation Failure) 2024-07-28T16:43:36.003+0800: 3.595: [ParNew: 77168K->8192K(78656K), 0.0123365 secs] 222206K->221838K(521776K), 0.0123861 secs] [Times: user=0.03 sys=0.00, real=0.01 secs] 
2024-07-28T16:43:36.015+0800: 3.607: Total time for which application threads were stopped: 0.0124822 seconds, Stopping threads took: 0.0000129 seconds
2024-07-28T16:43:36.015+0800: 3.607: Application time: 0.0002339 seconds
2024-07-28T16:43:36.015+0800: 3.607: [GC (CMS Initial Mark) [1 CMS-initial-mark: 213646K(443120K)] 225278K(521776K), 0.0008137 secs] [Times: user=0.00 sys=0.00, real=0.00 secs] 
2024-07-28T16:43:36.016+0800: 3.608: Total time for which application threads were stopped: 0.0010025 seconds, Stopping threads took: 0.0001466 seconds
2024-07-28T16:43:36.016+0800: 3.608: [CMS-concurrent-mark-start]
2024-07-28T16:43:36.018+0800: 3.610: [CMS-concurrent-mark: 0.002/0.002 secs] [Times: user=0.00 sys=0.00, real=0.00 secs] 
2024-07-28T16:43:36.018+0800: 3.610: [CMS-concurrent-preclean-start]
2024-07-28T16:43:36.019+0800: 3.611: [CMS-concurrent-preclean: 0.001/0.001 secs] [Times: user=0.00 sys=0.00, real=0.00 secs] 
2024-07-28T16:43:36.019+0800: 3.611: [CMS-concurrent-abortable-preclean-start]
2024-07-28T16:43:36.136+0800: 3.727: Application time: 0.1191433 seconds
2024-07-28T16:43:36.136+0800: 3.727: [GC (Allocation Failure) 2024-07-28T16:43:36.136+0800: 3.727: [ParNew: 77168K->8192K(78656K), 0.0118478 secs] 290815K->290447K(521776K), 0.0119084 secs] [Times: user=0.03 sys=0.00, real=0.01 secs] 
2024-07-28T16:43:36.148+0800: 3.739: Total time for which application threads were stopped: 0.0120192 seconds, Stopping threads took: 0.0000195 seconds
2024-07-28T16:43:36.259+0800: 3.850: Application time: 0.1109344 seconds
2024-07-28T16:43:36.259+0800: 3.850: [GC (Allocation Failure) 2024-07-28T16:43:36.259+0800: 3.850: [ParNew: 77168K->8192K(78656K), 0.0030735 secs] 359424K->295567K(521776K), 0.0031290 secs] [Times: user=0.00 sys=0.00, real=0.00 secs] 
2024-07-28T16:43:36.262+0800: 3.854: Total time for which application threads were stopped: 0.0032559 seconds, Stopping threads took: 0.0000270 seconds
2024-07-28T16:43:36.262+0800: 3.854: [CMS-concurrent-abortable-preclean: 0.005/0.243 secs] [Times: user=0.03 sys=0.00, real=0.24 secs] 
2024-07-28T16:43:36.263+0800: 3.854: Application time: 0.0002615 seconds
2024-07-28T16:43:36.263+0800: 3.854: [GC (CMS Final Remark) [YG occupancy: 12655 K (78656 K)]2024-07-28T16:43:36.263+0800: 3.854: [Rescan (parallel) , 0.0009669 secs]2024-07-28T16:43:36.264+0800: 3.855: [weak refs processing, 0.0000138 secs]2024-07-28T16:43:36.264+0800: 3.855: [class unloading, 0.0001741 secs]2024-07-28T16:43:36.264+0800: 3.855: [scrub symbol table, 0.0003456 secs]2024-07-28T16:43:36.264+0800: 3.856: [scrub string table, 0.0001011 secs][1 CMS-remark: 287375K(443120K)] 300031K(521776K), 0.0016673 secs] [Times: user=0.00 sys=0.00, real=0.00 secs] 
2024-07-28T16:43:36.264+0800: 3.856: Total time for which application threads were stopped: 0.0017922 seconds, Stopping threads took: 0.0000874 seconds
2024-07-28T16:43:36.265+0800: 3.856: [CMS-concurrent-sweep-start]
2024-07-28T16:43:36.266+0800: 3.857: [CMS-concurrent-sweep: 0.001/0.001 secs] [Times: user=0.00 sys=0.00, real=0.00 secs] 
2024-07-28T16:43:36.266+0800: 3.857: [CMS-concurrent-reset-start]
2024-07-28T16:43:36.267+0800: 3.858: [CMS-concurrent-reset: 0.001/0.001 secs] [Times: user=0.00 sys=0.00, real=0.00 secs] 
2024-07-28T16:43:36.269+0800: 3.861: Application time: 0.0049600 seconds
2024-07-28T16:43:36.269+0800: 3.861: [GC (Allocation Failure) 2024-07-28T16:43:36.269+0800: 3.861: [ParNew: 77168K->8192K(78656K), 0.0122428 secs] 224254K->223886K(521776K), 0.0122934 secs] [Times: user=0.03 sys=0.00, real=0.01 secs] 
2024-07-28T16:43:36.282+0800: 3.873: Total time for which application threads were stopped: 0.0123939 seconds, Stopping threads took: 0.0000172 seconds
2024-07-28T16:43:36.282+0800: 3.873: Application time: 0.0002258 seconds
2024-07-28T16:43:36.282+0800: 3.873: [GC (CMS Initial Mark) [1 CMS-initial-mark: 215694K(443120K)] 227326K(521776K), 0.0007220 secs] [Times: user=0.00 sys=0.00, real=0.00 secs] 
2024-07-28T16:43:36.283+0800: 3.874: Total time for which application threads were stopped: 0.0009011 seconds, Stopping threads took: 0.0001352 seconds
2024-07-28T16:43:36.283+0800: 3.874: [CMS-concurrent-mark-start]
2024-07-28T16:43:36.285+0800: 3.876: [CMS-concurrent-mark: 0.002/0.002 secs] [Times: user=0.00 sys=0.00, real=0.00 secs] 
2024-07-28T16:43:36.285+0800: 3.876: [CMS-concurrent-preclean-start]
2024-07-28T16:43:36.285+0800: 3.876: [CMS-concurrent-preclean: 0.001/0.001 secs] [Times: user=0.00 sys=0.00, real=0.00 secs] 
2024-07-28T16:43:36.285+0800: 3.876: [CMS-concurrent-abortable-preclean-start]
2024-07-28T16:43:36.400+0800: 3.991: Application time: 0.1172578 seconds
2024-07-28T16:43:36.400+0800: 3.991: [GC (Allocation Failure) 2024-07-28T16:43:36.400+0800: 3.992: [ParNew: 77168K->8192K(78656K), 0.0118876 secs] 292863K->292495K(521776K), 0.0119488 secs] [Times: user=0.03 sys=0.00, real=0.01 secs] 
2024-07-28T16:43:36.412+0800: 4.003: Total time for which application threads were stopped: 0.0120604 seconds, Stopping threads took: 0.0000207 seconds
2024-07-28T16:43:36.522+0800: 4.113: Application time: 0.1098069 seconds
2024-07-28T16:43:36.522+0800: 4.113: Total time for which application threads were stopped: 0.0001523 seconds, Stopping threads took: 0.0001154 seconds
2024-07-28T16:43:36.523+0800: 4.115: Application time: 0.0011673 seconds
2024-07-28T16:43:36.523+0800: 4.115: [GC (Allocation Failure) 2024-07-28T16:43:36.524+0800: 4.115: [ParNew: 77168K->8192K(78656K), 0.0031247 secs] 361472K->298639K(521776K), 0.0031863 secs] [Times: user=0.00 sys=0.00, real=0.00 secs] 
2024-07-28T16:43:36.527+0800: 4.118: Total time for which application threads were stopped: 0.0032909 seconds, Stopping threads took: 0.0000156 seconds
2024-07-28T16:43:36.527+0800: 4.118: [CMS-concurrent-abortable-preclean: 0.005/0.241 secs] [Times: user=0.05 sys=0.00, real=0.24 secs] 
2024-07-28T16:43:36.527+0800: 4.118: Application time: 0.0003142 seconds
2024-07-28T16:43:36.527+0800: 4.118: [GC (CMS Final Remark) [YG occupancy: 12655 K (78656 K)]2024-07-28T16:43:36.527+0800: 4.118: [Rescan (parallel) , 0.0009347 secs]2024-07-28T16:43:36.528+0800: 4.119: [weak refs processing, 0.0000124 secs]2024-07-28T16:43:36.528+0800: 4.119: [class unloading, 0.0001860 secs]2024-07-28T16:43:36.528+0800: 4.120: [scrub symbol table, 0.0003453 secs]2024-07-28T16:43:36.529+0800: 4.120: [scrub string table, 0.0001006 secs][1 CMS-remark: 290447K(443120K)] 303103K(521776K), 0.0016469 secs] [Times: user=0.00 sys=0.00, real=0.00 secs] 
2024-07-28T16:43:36.529+0800: 4.120: Total time for which application threads were stopped: 0.0018109 seconds, Stopping threads took: 0.0001274 seconds
2024-07-28T16:43:36.529+0800: 4.120: [CMS-concurrent-sweep-start]
2024-07-28T16:43:36.530+0800: 4.122: [CMS-concurrent-sweep: 0.001/0.001 secs] [Times: user=0.00 sys=0.00, real=0.00 secs] 
2024-07-28T16:43:36.531+0800: 4.122: [CMS-concurrent-reset-start]
2024-07-28T16:43:36.532+0800: 4.123: [CMS-concurrent-reset: 0.001/0.001 secs] [Times: user=0.00 sys=0.00, real=0.00 secs] 
2024-07-28T16:43:36.534+0800: 4.125: Application time: 0.0047491 seconds
2024-07-28T16:43:36.534+0800: 4.125: [GC (Allocation Failure) 2024-07-28T16:43:36.534+0800: 4.125: [ParNew: 77168K->8192K(78656K), 0.0122424 secs] 226302K->225934K(521776K), 0.0122906 secs] [Times: user=0.03 sys=0.00, real=0.01 secs] 
2024-07-28T16:43:36.546+0800: 4.137: Total time for which application threads were stopped: 0.0123981 seconds, Stopping threads took: 0.0000140 seconds
2024-07-28T16:43:36.546+0800: 4.137: Application time: 0.0002409 seconds
2024-07-28T16:43:36.546+0800: 4.138: [GC (CMS Initial Mark) [1 CMS-initial-mark: 217742K(443120K)] 229374K(521776K), 0.0007952 secs] [Times: user=0.00 sys=0.00, real=0.00 secs] 
2024-07-28T16:43:36.547+0800: 4.138: Total time for which application threads were stopped: 0.0010039 seconds, Stopping threads took: 0.0001665 seconds
2024-07-28T16:43:36.547+0800: 4.139: [CMS-concurrent-mark-start]
2024-07-28T16:43:36.549+0800: 4.140: [CMS-concurrent-mark: 0.002/0.002 secs] [Times: user=0.00 sys=0.00, real=0.00 secs] 
2024-07-28T16:43:36.549+0800: 4.140: [CMS-concurrent-preclean-start]
2024-07-28T16:43:36.550+0800: 4.141: [CMS-concurrent-preclean: 0.001/0.001 secs] [Times: user=0.00 sys=0.00, real=0.00 secs] 
2024-07-28T16:43:36.550+0800: 4.141: [CMS-concurrent-abortable-preclean-start]
2024-07-28T16:43:36.665+0800: 4.257: Application time: 0.1184227 seconds
2024-07-28T16:43:36.665+0800: 4.257: [GC (Allocation Failure) 2024-07-28T16:43:36.665+0800: 4.257: [ParNew: 77168K->8192K(78656K), 0.0120052 secs] 294911K->294543K(521776K), 0.0120654 secs] [Times: user=0.03 sys=0.00, real=0.01 secs] 
2024-07-28T16:43:36.677+0800: 4.269: Total time for which application threads were stopped: 0.0121753 seconds, Stopping threads took: 0.0000190 seconds
2024-07-28T16:43:36.789+0800: 4.381: Application time: 0.1116069 seconds
2024-07-28T16:43:36.789+0800: 4.381: [GC (Allocation Failure) 2024-07-28T16:43:36.789+0800: 4.381: [ParNew: 77168K->8192K(78656K), 0.0030853 secs] 363520K->301711K(521776K), 0.0031430 secs] [Times: user=0.00 sys=0.00, real=0.00 secs] 
2024-07-28T16:43:36.793+0800: 4.384: Total time for which application threads were stopped: 0.0032810 seconds, Stopping threads took: 0.0000190 seconds
2024-07-28T16:43:36.793+0800: 4.384: [CMS-concurrent-abortable-preclean: 0.005/0.243 secs] [Times: user=0.03 sys=0.00, real=0.24 secs] 
2024-07-28T16:43:36.793+0800: 4.384: Application time: 0.0003562 seconds
2024-07-28T16:43:36.793+0800: 4.385: [GC (CMS Final Remark) [YG occupancy: 13679 K (78656 K)]2024-07-28T16:43:36.793+0800: 4.385: [Rescan (parallel) , 0.0010368 secs]2024-07-28T16:43:36.794+0800: 4.386: [weak refs processing, 0.0000126 secs]2024-07-28T16:43:36.794+0800: 4.386: [class unloading, 0.0001917 secs]2024-07-28T16:43:36.794+0800: 4.386: [scrub symbol table, 0.0003555 secs]2024-07-28T16:43:36.795+0800: 4.386: [scrub string table, 0.0001008 secs][1 CMS-remark: 293519K(443120K)] 307199K(521776K), 0.0017614 secs] [Times: user=0.00 sys=0.00, real=0.00 secs] 
2024-07-28T16:43:36.795+0800: 4.386: Total time for which application threads were stopped: 0.0020029 seconds, Stopping threads took: 0.0002047 seconds
2024-07-28T16:43:36.795+0800: 4.386: [CMS-concurrent-sweep-start]
2024-07-28T16:43:36.796+0800: 4.388: [CMS-concurrent-sweep: 0.001/0.001 secs] [Times: user=0.00 sys=0.00, real=0.00 secs] 
2024-07-28T16:43:36.796+0800: 4.388: [CMS-concurrent-reset-start]
2024-07-28T16:43:36.798+0800: 4.389: [CMS-concurrent-reset: 0.001/0.001 secs] [Times: user=0.00 sys=0.00, real=0.00 secs] 
2024-07-28T16:43:36.800+0800: 4.391: Application time: 0.0047503 seconds
2024-07-28T16:43:36.800+0800: 4.391: [GC (Allocation Failure) 2024-07-28T16:43:36.800+0800: 4.391: [ParNew: 77168K->8192K(78656K), 0.0123052 secs] 228350K->227982K(521776K), 0.0123540 secs] [Times: user=0.03 sys=0.00, real=0.01 secs] 
2024-07-28T16:43:36.812+0800: 4.404: Total time for which application threads were stopped: 0.0124489 seconds, Stopping threads took: 0.0000132 seconds
2024-07-28T16:43:36.812+0800: 4.404: Application time: 0.0002525 seconds
2024-07-28T16:43:36.813+0800: 4.404: [GC (CMS Initial Mark) [1 CMS-initial-mark: 219790K(443120K)] 231422K(521776K), 0.0007505 secs] [Times: user=0.00 sys=0.00, real=0.00 secs] 
2024-07-28T16:43:36.813+0800: 4.405: Total time for which application threads were stopped: 0.0008838 seconds, Stopping threads took: 0.0000906 seconds
2024-07-28T16:43:36.813+0800: 4.405: [CMS-concurrent-mark-start]
2024-07-28T16:43:36.815+0800: 4.406: [CMS-concurrent-mark: 0.002/0.002 secs] [Times: user=0.00 sys=0.00, real=0.00 secs] 
2024-07-28T16:43:36.815+0800: 4.406: [CMS-concurrent-preclean-start]
2024-07-28T16:43:36.816+0800: 4.407: [CMS-concurrent-preclean: 0.001/0.001 secs] [Times: user=0.00 sys=0.00, real=0.00 secs] 
2024-07-28T16:43:36.816+0800: 4.407: [CMS-concurrent-abortable-preclean-start]
2024-07-28T16:43:36.931+0800: 4.523: Application time: 0.1185807 seconds
2024-07-28T16:43:36.931+0800: 4.523: [GC (Allocation Failure) 2024-07-28T16:43:36.932+0800: 4.523: [ParNew: 77168K->8192K(78656K), 0.0118063 secs] 296959K->296591K(521776K), 0.0118728 secs] [Times: user=0.03 sys=0.00, real=0.01 secs] 
2024-07-28T16:43:36.943+0800: 4.535: Total time for which application threads were stopped: 0.0119839 seconds, Stopping threads took: 0.0000198 seconds
2024-07-28T16:43:37.055+0800: 4.647: Application time: 0.1116874 seconds
2024-07-28T16:43:37.055+0800: 4.647: [GC (Allocation Failure) 2024-07-28T16:43:37.055+0800: 4.647: [ParNew: 77168K->8192K(78656K), 0.0032714 secs] 365568K->304784K(521776K), 0.0033307 secs] [Times: user=0.00 sys=0.00, real=0.00 secs] 
2024-07-28T16:43:37.059+0800: 4.650: Total time for which application threads were stopped: 0.0034399 seconds, Stopping threads took: 0.0000192 seconds
2024-07-28T16:43:37.059+0800: 4.650: [CMS-concurrent-abortable-preclean: 0.005/0.244 secs] [Times: user=0.03 sys=0.00, real=0.24 secs] 
2024-07-28T16:43:37.059+0800: 4.651: Application time: 0.0003672 seconds
2024-07-28T16:43:37.059+0800: 4.651: [GC (CMS Final Remark) [YG occupancy: 14703 K (78656 K)]2024-07-28T16:43:37.059+0800: 4.651: [Rescan (parallel) , 0.0007524 secs]2024-07-28T16:43:37.060+0800: 4.652: [weak refs processing, 0.0000128 secs]2024-07-28T16:43:37.060+0800: 4.652: [class unloading, 0.0001836 secs]2024-07-28T16:43:37.060+0800: 4.652: [scrub symbol table, 0.0003176 secs]2024-07-28T16:43:37.061+0800: 4.652: [scrub string table, 0.0000916 secs][1 CMS-remark: 296591K(443120K)] 311295K(521776K), 0.0014201 secs] [Times: user=0.00 sys=0.00, real=0.00 secs] 
2024-07-28T16:43:37.061+0800: 4.652: Total time for which application threads were stopped: 0.0016361 seconds, Stopping threads took: 0.0001804 seconds
2024-07-28T16:43:37.061+0800: 4.653: [CMS-concurrent-sweep-start]
2024-07-28T16:43:37.062+0800: 4.654: [CMS-concurrent-sweep: 0.001/0.001 secs] [Times: user=0.00 sys=0.00, real=0.00 secs] 
2024-07-28T16:43:37.062+0800: 4.654: [CMS-concurrent-reset-start]
2024-07-28T16:43:37.064+0800: 4.655: [CMS-concurrent-reset: 0.001/0.001 secs] [Times: user=0.00 sys=0.00, real=0.00 secs] 
2024-07-28T16:43:37.065+0800: 4.657: Application time: 0.0047292 seconds
2024-07-28T16:43:37.065+0800: 4.657: [GC (Allocation Failure) 2024-07-28T16:43:37.066+0800: 4.657: [ParNew: 77168K->8192K(78656K), 0.0123566 secs] 230398K->230030K(521776K), 0.0124157 secs] [Times: user=0.03 sys=0.00, real=0.01 secs] 
2024-07-28T16:43:37.078+0800: 4.670: Total time for which application threads were stopped: 0.0125117 seconds, Stopping threads took: 0.0000134 seconds
2024-07-28T16:43:37.078+0800: 4.670: Application time: 0.0002314 seconds
2024-07-28T16:43:37.078+0800: 4.670: [GC (CMS Initial Mark) [1 CMS-initial-mark: 221838K(443120K)] 233470K(521776K), 0.0007718 secs] [Times: user=0.00 sys=0.00, real=0.00 secs] 
2024-07-28T16:43:37.079+0800: 4.671: Total time for which application threads were stopped: 0.0009535 seconds, Stopping threads took: 0.0001393 seconds
2024-07-28T16:43:37.079+0800: 4.671: [CMS-concurrent-mark-start]
2024-07-28T16:43:37.081+0800: 4.673: [CMS-concurrent-mark: 0.002/0.002 secs] [Times: user=0.00 sys=0.00, real=0.00 secs] 
2024-07-28T16:43:37.081+0800: 4.673: [CMS-concurrent-preclean-start]
2024-07-28T16:43:37.081+0800: 4.673: [CMS-concurrent-preclean: 0.001/0.001 secs] [Times: user=0.00 sys=0.00, real=0.00 secs] 
2024-07-28T16:43:37.081+0800: 4.673: [CMS-concurrent-abortable-preclean-start]
2024-07-28T16:43:37.197+0800: 4.788: Application time: 0.1174251 seconds
2024-07-28T16:43:37.197+0800: 4.788: [GC (Allocation Failure) 2024-07-28T16:43:37.197+0800: 4.788: [ParNew: 77168K->8192K(78656K), 0.0119142 secs] 299007K->298639K(521776K), 0.0119941 secs] [Times: user=0.03 sys=0.00, real=0.01 secs] 
2024-07-28T16:43:37.209+0800: 4.800: Total time for which application threads were stopped: 0.0121201 seconds, Stopping threads took: 0.0000199 seconds
2024-07-28T16:43:37.319+0800: 4.911: Application time: 0.1105780 seconds
2024-07-28T16:43:37.319+0800: 4.911: [GC (Allocation Failure) 2024-07-28T16:43:37.319+0800: 4.911: [ParNew: 77168K->8192K(78656K), 0.0036538 secs] 367616K->307856K(521776K), 0.0037138 secs] [Times: user=0.00 sys=0.00, real=0.00 secs] 
2024-07-28T16:43:37.323+0800: 4.915: Total time for which application threads were stopped: 0.0038313 seconds, Stopping threads took: 0.0000196 seconds
2024-07-28T16:43:37.323+0800: 4.915: [CMS-concurrent-abortable-preclean: 0.005/0.242 secs] [Times: user=0.03 sys=0.00, real=0.24 secs] 
2024-07-28T16:43:37.323+0800: 4.915: Application time: 0.0003016 seconds
2024-07-28T16:43:37.323+0800: 4.915: [GC (CMS Final Remark) [YG occupancy: 12655 K (78656 K)]2024-07-28T16:43:37.323+0800: 4.915: [Rescan (parallel) , 0.0011444 secs]2024-07-28T16:43:37.324+0800: 4.916: [weak refs processing, 0.0000128 secs]2024-07-28T16:43:37.324+0800: 4.916: [class unloading, 0.0002032 secs]2024-07-28T16:43:37.325+0800: 4.917: [scrub symbol table, 0.0003376 secs]2024-07-28T16:43:37.325+0800: 4.917: [scrub string table, 0.0001132 secs][1 CMS-remark: 299663K(443120K)] 312319K(521776K), 0.0018764 secs] [Times: user=0.00 sys=0.00, real=0.00 secs] 
2024-07-28T16:43:37.325+0800: 4.917: Total time for which application threads were stopped: 0.0020875 seconds, Stopping threads took: 0.0001625 seconds
2024-07-28T16:43:37.326+0800: 4.918: [CMS-concurrent-sweep-start]
2024-07-28T16:43:37.327+0800: 4.919: [CMS-concurrent-sweep: 0.001/0.001 secs] [Times: user=0.00 sys=0.00, real=0.00 secs] 
2024-07-28T16:43:37.327+0800: 4.919: [CMS-concurrent-reset-start]
2024-07-28T16:43:37.328+0800: 4.920: [CMS-concurrent-reset: 0.001/0.001 secs] [Times: user=0.00 sys=0.00, real=0.00 secs] 
2024-07-28T16:43:37.330+0800: 4.922: Application time: 0.0048347 seconds
2024-07-28T16:43:37.330+0800: 4.922: [GC (Allocation Failure) 2024-07-28T16:43:37.330+0800: 4.922: [ParNew: 77168K->8192K(78656K), 0.0127647 secs] 232446K->232078K(521776K), 0.0128132 secs] [Times: user=0.03 sys=0.00, real=0.01 secs] 
2024-07-28T16:43:37.343+0800: 4.935: Total time for which application threads were stopped: 0.0129202 seconds, Stopping threads took: 0.0000245 seconds
2024-07-28T16:43:37.343+0800: 4.935: Application time: 0.0002433 seconds
2024-07-28T16:43:37.343+0800: 4.935: [GC (CMS Initial Mark) [1 CMS-initial-mark: 223886K(443120K)] 235518K(521776K), 0.0008051 secs] [Times: user=0.00 sys=0.00, real=0.00 secs] 
2024-07-28T16:43:37.344+0800: 4.936: Total time for which application threads were stopped: 0.0009785 seconds, Stopping threads took: 0.0001285 seconds
2024-07-28T16:43:37.344+0800: 4.936: [CMS-concurrent-mark-start]
2024-07-28T16:43:37.346+0800: 4.938: [CMS-concurrent-mark: 0.002/0.002 secs] [Times: user=0.00 sys=0.00, real=0.00 secs] 
2024-07-28T16:43:37.346+0800: 4.938: [CMS-concurrent-preclean-start]
2024-07-28T16:43:37.346+0800: 4.938: [CMS-concurrent-preclean: 0.001/0.001 secs] [Times: user=0.00 sys=0.00, real=0.00 secs] 
2024-07-28T16:43:37.346+0800: 4.938: [CMS-concurrent-abortable-preclean-start]
2024-07-28T16:43:37.465+0800: 5.056: Application time: 0.1200543 seconds
2024-07-28T16:43:37.465+0800: 5.056: [GC (Allocation Failure) 2024-07-28T16:43:37.465+0800: 5.056: [ParNew: 77168K->8192K(78656K), 0.0118457 secs] 301055K->300687K(521776K), 0.0119048 secs] [Times: user=0.03 sys=0.00, real=0.01 secs] 
2024-07-28T16:43:37.477+0800: 5.068: Total time for which application threads were stopped: 0.0120170 seconds, Stopping threads took: 0.0000192 seconds
2024-07-28T16:43:37.587+0800: 5.178: Application time: 0.1098170 seconds
2024-07-28T16:43:37.587+0800: 5.178: [GC (Allocation Failure) 2024-07-28T16:43:37.587+0800: 5.178: [ParNew: 77168K->8192K(78656K), 0.0037214 secs] 369664K->310928K(521776K), 0.0037801 secs] [Times: user=0.00 sys=0.00, real=0.00 secs] 
2024-07-28T16:43:37.590+0800: 5.182: Total time for which application threads were stopped: 0.0038949 seconds, Stopping threads took: 0.0000234 seconds
2024-07-28T16:43:37.591+0800: 5.182: [CMS-concurrent-abortable-preclean: 0.005/0.244 secs] [Times: user=0.03 sys=0.00, real=0.25 secs] 
2024-07-28T16:43:37.591+0800: 5.182: Application time: 0.0003661 seconds
2024-07-28T16:43:37.591+0800: 5.183: [GC (CMS Final Remark) [YG occupancy: 14703 K (78656 K)]2024-07-28T16:43:37.591+0800: 5.183: [Rescan (parallel) , 0.0008020 secs]2024-07-28T16:43:37.592+0800: 5.183: [weak refs processing, 0.0000127 secs]2024-07-28T16:43:37.592+0800: 5.183: [class unloading, 0.0001757 secs]2024-07-28T16:43:37.592+0800: 5.184: [scrub symbol table, 0.0003445 secs]2024-07-28T16:43:37.592+0800: 5.184: [scrub string table, 0.0001261 secs][1 CMS-remark: 302735K(443120K)] 317439K(521776K), 0.0015283 secs] [Times: user=0.00 sys=0.00, real=0.00 secs] 
2024-07-28T16:43:37.593+0800: 5.184: Total time for which application threads were stopped: 0.0017381 seconds, Stopping threads took: 0.0001722 seconds
2024-07-28T16:43:37.593+0800: 5.184: [CMS-concurrent-sweep-start]
2024-07-28T16:43:37.594+0800: 5.186: [CMS-concurrent-sweep: 0.001/0.001 secs] [Times: user=0.00 sys=0.00, real=0.00 secs] 
2024-07-28T16:43:37.594+0800: 5.186: [CMS-concurrent-reset-start]
2024-07-28T16:43:37.596+0800: 5.187: [CMS-concurrent-reset: 0.001/0.001 secs] [Times: user=0.00 sys=0.00, real=0.00 secs] 
2024-07-28T16:43:37.597+0800: 5.189: Application time: 0.0047095 seconds
2024-07-28T16:43:37.597+0800: 5.189: [GC (Allocation Failure) 2024-07-28T16:43:37.597+0800: 5.189: [ParNew: 77168K->8192K(78656K), 0.0119543 secs] 234494K->234126K(521776K), 0.0120033 secs] [Times: user=0.03 sys=0.00, real=0.01 secs] 
2024-07-28T16:43:37.609+0800: 5.201: Total time for which application threads were stopped: 0.0120981 seconds, Stopping threads took: 0.0000132 seconds
2024-07-28T16:43:37.610+0800: 5.201: Application time: 0.0001535 seconds
2024-07-28T16:43:37.610+0800: 5.201: [GC (CMS Initial Mark) [1 CMS-initial-mark: 225934K(443120K)] 237566K(521776K), 0.0008691 secs] [Times: user=0.00 sys=0.00, real=0.00 secs] 
2024-07-28T16:43:37.611+0800: 5.202: Total time for which application threads were stopped: 0.0010452 seconds, Stopping threads took: 0.0001336 seconds
2024-07-28T16:43:37.611+0800: 5.202: [CMS-concurrent-mark-start]
2024-07-28T16:43:37.612+0800: 5.204: [CMS-concurrent-mark: 0.002/0.002 secs] [Times: user=0.00 sys=0.00, real=0.00 secs] 
2024-07-28T16:43:37.612+0800: 5.204: [CMS-concurrent-preclean-start]
2024-07-28T16:43:37.613+0800: 5.204: [CMS-concurrent-preclean: 0.001/0.001 secs] [Times: user=0.00 sys=0.00, real=0.00 secs] 
2024-07-28T16:43:37.613+0800: 5.204: [CMS-concurrent-abortable-preclean-start]
2024-07-28T16:43:37.730+0800: 5.321: Application time: 0.1187612 seconds
2024-07-28T16:43:37.730+0800: 5.321: [GC (Allocation Failure) 2024-07-28T16:43:37.730+0800: 5.321: [ParNew: 77168K->8192K(78656K), 0.0118600 secs] 303103K->302735K(521776K), 0.0119456 secs] [Times: user=0.03 sys=0.00, real=0.01 secs] 
2024-07-28T16:43:37.742+0800: 5.333: Total time for which application threads were stopped: 0.0120929 seconds, Stopping threads took: 0.0000205 seconds
2024-07-28T16:43:37.851+0800: 5.443: Application time: 0.1095804 seconds
2024-07-28T16:43:37.851+0800: 5.443: [GC (Allocation Failure) 2024-07-28T16:43:37.851+0800: 5.443: [ParNew: 77168K->8192K(78656K), 0.0037449 secs] 371712K->314000K(521776K), 0.0038047 secs] [Times: user=0.00 sys=0.00, real=0.00 secs] 
2024-07-28T16:43:37.854+0800: 5.446: Total time for which application threads were stopped: 0.0039187 seconds, Stopping threads took: 0.0000230 seconds
2024-07-28T16:43:37.854+0800: 5.447: [CMS-concurrent-abortable-preclean: 0.005/0.242 secs] [Times: user=0.03 sys=0.00, real=0.24 secs] 
2024-07-28T16:43:37.855+0800: 5.447: Application time: 0.0003155 seconds
2024-07-28T16:43:37.855+0800: 5.447: [GC (CMS Final Remark) [YG occupancy: 13679 K (78656 K)]2024-07-28T16:43:37.855+0800: 5.447: [Rescan (parallel) , 0.0010403 secs]2024-07-28T16:43:37.856+0800: 5.448: [weak refs processing, 0.0000128 secs]2024-07-28T16:43:37.856+0800: 5.448: [class unloading, 0.0001901 secs]2024-07-28T16:43:37.856+0800: 5.448: [scrub symbol table, 0.0003522 secs]2024-07-28T16:43:37.857+0800: 5.449: [scrub string table, 0.0001005 secs][1 CMS-remark: 305808K(443120K)] 319487K(521776K), 0.0017602 secs] [Times: user=0.00 sys=0.00, real=0.00 secs] 
2024-07-28T16:43:37.857+0800: 5.449: Total time for which application threads were stopped: 0.0019649 seconds, Stopping threads took: 0.0001686 seconds
2024-07-28T16:43:37.857+0800: 5.449: [CMS-concurrent-sweep-start]
2024-07-28T16:43:37.858+0800: 5.450: [CMS-concurrent-sweep: 0.001/0.001 secs] [Times: user=0.00 sys=0.00, real=0.00 secs] 
2024-07-28T16:43:37.858+0800: 5.451: [CMS-concurrent-reset-start]
2024-07-28T16:43:37.861+0800: 5.452: [CMS-concurrent-reset: 0.001/0.001 secs] [Times: user=0.00 sys=0.00, real=0.00 secs] 
2024-07-28T16:43:37.861+0800: 5.453: Application time: 0.0046439 seconds
2024-07-28T16:43:37.861+0800: 5.453: [GC (Allocation Failure) 2024-07-28T16:43:37.861+0800: 5.453: [ParNew: 77168K->8192K(78656K), 0.0127819 secs] 236542K->236174K(521776K), 0.0128309 secs] [Times: user=0.03 sys=0.00, real=0.01 secs] 
2024-07-28T16:43:37.875+0800: 5.466: Total time for which application threads were stopped: 0.0129341 seconds, Stopping threads took: 0.0000122 seconds
2024-07-28T16:43:37.875+0800: 5.467: Application time: 0.0002286 seconds
2024-07-28T16:43:37.875+0800: 5.467: [GC (CMS Initial Mark) [1 CMS-initial-mark: 227982K(443120K)] 239614K(521776K), 0.0007806 secs] [Times: user=0.00 sys=0.00, real=0.00 secs] 
2024-07-28T16:43:37.876+0800: 5.467: Total time for which application threads were stopped: 0.0009445 seconds, Stopping threads took: 0.0001184 seconds
2024-07-28T16:43:37.876+0800: 5.468: [CMS-concurrent-mark-start]
2024-07-28T16:43:37.877+0800: 5.469: [CMS-concurrent-mark: 0.001/0.001 secs] [Times: user=0.00 sys=0.00, real=0.00 secs] 
2024-07-28T16:43:37.877+0800: 5.469: [CMS-concurrent-preclean-start]
2024-07-28T16:43:37.878+0800: 5.470: [CMS-concurrent-preclean: 0.001/0.001 secs] [Times: user=0.00 sys=0.00, real=0.00 secs] 
2024-07-28T16:43:37.878+0800: 5.470: [CMS-concurrent-abortable-preclean-start]
2024-07-28T16:43:37.992+0800: 5.584: Application time: 0.1162080 seconds
2024-07-28T16:43:37.992+0800: 5.584: [GC (Allocation Failure) 2024-07-28T16:43:37.992+0800: 5.584: [ParNew: 77168K->8192K(78656K), 0.0117594 secs] 305151K->304784K(521776K), 0.0119684 secs] [Times: user=0.00 sys=0.00, real=0.01 secs] 
2024-07-28T16:43:38.004+0800: 5.596: Total time for which application threads were stopped: 0.0121149 seconds, Stopping threads took: 0.0000297 seconds
2024-07-28T16:43:38.115+0800: 5.707: Application time: 0.1112293 seconds
2024-07-28T16:43:38.115+0800: 5.707: [GC (Allocation Failure) 2024-07-28T16:43:38.115+0800: 5.707: [ParNew: 77168K->8192K(78656K), 0.0038339 secs] 373760K->317072K(521776K), 0.0038929 secs] [Times: user=0.00 sys=0.00, real=0.00 secs] 
2024-07-28T16:43:38.119+0800: 5.711: Total time for which application threads were stopped: 0.0040019 seconds, Stopping threads took: 0.0000174 seconds
2024-07-28T16:43:38.119+0800: 5.711: [CMS-concurrent-abortable-preclean: 0.005/0.241 secs] [Times: user=0.00 sys=0.00, real=0.24 secs] 
2024-07-28T16:43:38.119+0800: 5.711: Application time: 0.0001178 seconds
2024-07-28T16:43:38.119+0800: 5.711: [GC (CMS Final Remark) [YG occupancy: 9216 K (78656 K)]2024-07-28T16:43:38.119+0800: 5.711: [Rescan (parallel) , 0.0004748 secs]2024-07-28T16:43:38.120+0800: 5.712: [weak refs processing, 0.0000116 secs]2024-07-28T16:43:38.120+0800: 5.712: [class unloading, 0.0001735 secs]2024-07-28T16:43:38.120+0800: 5.712: [scrub symbol table, 0.0003272 secs]2024-07-28T16:43:38.120+0800: 5.712: [scrub string table, 0.0000926 secs][1 CMS-remark: 308880K(443120K)] 318096K(521776K), 0.0011433 secs] [Times: user=0.00 sys=0.00, real=0.00 secs] 
2024-07-28T16:43:38.121+0800: 5.712: Total time for which application threads were stopped: 0.0012617 seconds, Stopping threads took: 0.0000806 seconds
2024-07-28T16:43:38.121+0800: 5.713: [CMS-concurrent-sweep-start]
2024-07-28T16:43:38.122+0800: 5.714: [CMS-concurrent-sweep: 0.001/0.001 secs] [Times: user=0.00 sys=0.00, real=0.00 secs] 
2024-07-28T16:43:38.122+0800: 5.714: [CMS-concurrent-reset-start]
2024-07-28T16:43:38.123+0800: 5.715: [CMS-concurrent-reset: 0.001/0.001 secs] [Times: user=0.00 sys=0.00, real=0.00 secs] 
2024-07-28T16:43:38.125+0800: 5.717: Application time: 0.0049641 seconds
2024-07-28T16:43:38.126+0800: 5.717: [GC (Allocation Failure) 2024-07-28T16:43:38.126+0800: 5.717: [ParNew: 77168K->8192K(78656K), 0.0123002 secs] 238590K->238223K(521776K), 0.0123484 secs] [Times: user=0.03 sys=0.00, real=0.01 secs] 
2024-07-28T16:43:38.138+0800: 5.730: Total time for which application threads were stopped: 0.0124484 seconds, Stopping threads took: 0.0000178 seconds
2024-07-28T16:43:38.138+0800: 5.730: Application time: 0.0002261 seconds
2024-07-28T16:43:38.138+0800: 5.730: [GC (CMS Initial Mark) [1 CMS-initial-mark: 230030K(443120K)] 241662K(521776K), 0.0008002 secs] [Times: user=0.00 sys=0.00, real=0.00 secs] 
2024-07-28T16:43:38.139+0800: 5.731: Total time for which application threads were stopped: 0.0010186 seconds, Stopping threads took: 0.0001640 seconds
2024-07-28T16:43:38.139+0800: 5.731: [CMS-concurrent-mark-start]
2024-07-28T16:43:38.141+0800: 5.733: [CMS-concurrent-mark: 0.001/0.001 secs] [Times: user=0.00 sys=0.00, real=0.00 secs] 
2024-07-28T16:43:38.141+0800: 5.733: [CMS-concurrent-preclean-start]
2024-07-28T16:43:38.141+0800: 5.733: [CMS-concurrent-preclean: 0.001/0.001 secs] [Times: user=0.00 sys=0.00, real=0.00 secs] 
2024-07-28T16:43:38.141+0800: 5.733: [CMS-concurrent-abortable-preclean-start]
2024-07-28T16:43:38.258+0800: 5.849: Application time: 0.1180260 seconds
2024-07-28T16:43:38.258+0800: 5.849: [GC (Allocation Failure) 2024-07-28T16:43:38.258+0800: 5.849: [ParNew: 77168K->8192K(78656K), 0.0119477 secs] 307199K->306832K(521776K), 0.0120127 secs] [Times: user=0.00 sys=0.01, real=0.01 secs] 
2024-07-28T16:43:38.270+0800: 5.861: Total time for which application threads were stopped: 0.0121334 seconds, Stopping threads took: 0.0000190 seconds
2024-07-28T16:43:38.382+0800: 5.974: Application time: 0.1122768 seconds
2024-07-28T16:43:38.382+0800: 5.974: [GC (Allocation Failure) 2024-07-28T16:43:38.382+0800: 5.974: [ParNew: 77168K->8192K(78656K), 0.0041834 secs] 375808K->320144K(521776K), 0.0042419 secs] [Times: user=0.00 sys=0.00, real=0.00 secs] 
2024-07-28T16:43:38.386+0800: 5.978: Total time for which application threads were stopped: 0.0043572 seconds, Stopping threads took: 0.0000200 seconds
2024-07-28T16:43:38.386+0800: 5.978: [CMS-concurrent-abortable-preclean: 0.005/0.245 secs] [Times: user=0.00 sys=0.01, real=0.24 secs] 
2024-07-28T16:43:38.386+0800: 5.978: Application time: 0.0004064 seconds
2024-07-28T16:43:38.387+0800: 5.978: [GC (CMS Final Remark) [YG occupancy: 14703 K (78656 K)]2024-07-28T16:43:38.387+0800: 5.978: [Rescan (parallel) , 0.0010909 secs]2024-07-28T16:43:38.388+0800: 5.980: [weak refs processing, 0.0000131 secs]2024-07-28T16:43:38.388+0800: 5.980: [class unloading, 0.0001765 secs]2024-07-28T16:43:38.388+0800: 5.980: [scrub symbol table, 0.0003459 secs]2024-07-28T16:43:38.388+0800: 5.980: [scrub string table, 0.0001137 secs][1 CMS-remark: 311952K(443120K)] 326655K(521776K), 0.0018036 secs] [Times: user=0.00 sys=0.00, real=0.00 secs] 
2024-07-28T16:43:38.388+0800: 5.980: Total time for which application threads were stopped: 0.0019467 seconds, Stopping threads took: 0.0001052 seconds
2024-07-28T16:43:38.389+0800: 5.980: [CMS-concurrent-sweep-start]
2024-07-28T16:43:38.390+0800: 5.982: [CMS-concurrent-sweep: 0.001/0.001 secs] [Times: user=0.00 sys=0.00, real=0.00 secs] 
2024-07-28T16:43:38.390+0800: 5.982: [CMS-concurrent-reset-start]
2024-07-28T16:43:38.391+0800: 5.983: [CMS-concurrent-reset: 0.001/0.001 secs] [Times: user=0.00 sys=0.00, real=0.00 secs] 
2024-07-28T16:43:38.393+0800: 5.985: Application time: 0.0047822 seconds
2024-07-28T16:43:38.393+0800: 5.985: [GC (Allocation Failure) 2024-07-28T16:43:38.393+0800: 5.985: [ParNew: 77168K->8192K(78656K), 0.0121415 secs] 240638K->240271K(521776K), 0.0121899 secs] [Times: user=0.03 sys=0.00, real=0.01 secs] 
2024-07-28T16:43:38.405+0800: 5.997: Total time for which application threads were stopped: 0.0122871 seconds, Stopping threads took: 0.0000135 seconds
2024-07-28T16:43:38.406+0800: 5.998: Application time: 0.0002261 seconds
2024-07-28T16:43:38.406+0800: 5.998: [GC (CMS Initial Mark) [1 CMS-initial-mark: 232078K(443120K)] 243710K(521776K), 0.0008335 secs] [Times: user=0.00 sys=0.00, real=0.00 secs] 
2024-07-28T16:43:38.407+0800: 5.999: Total time for which application threads were stopped: 0.0009879 seconds, Stopping threads took: 0.0001115 seconds
2024-07-28T16:43:38.407+0800: 5.999: [CMS-concurrent-mark-start]
2024-07-28T16:43:38.408+0800: 6.000: [CMS-concurrent-mark: 0.001/0.001 secs] [Times: user=0.00 sys=0.00, real=0.00 secs] 
2024-07-28T16:43:38.408+0800: 6.000: [CMS-concurrent-preclean-start]
2024-07-28T16:43:38.409+0800: 6.001: [CMS-concurrent-preclean: 0.001/0.001 secs] [Times: user=0.00 sys=0.00, real=0.00 secs] 
2024-07-28T16:43:38.409+0800: 6.001: [CMS-concurrent-abortable-preclean-start]
2024-07-28T16:43:38.526+0800: 6.117: Application time: 0.1188461 seconds
2024-07-28T16:43:38.526+0800: 6.117: [GC (Allocation Failure) 2024-07-28T16:43:38.526+0800: 6.117: [ParNew: 77168K->8192K(78656K), 0.0117070 secs] 309247K->308880K(521776K), 0.0117941 secs] [Times: user=0.03 sys=0.00, real=0.01 secs] 
2024-07-28T16:43:38.538+0800: 6.129: Total time for which application threads were stopped: 0.0119040 seconds, Stopping threads took: 0.0000192 seconds
2024-07-28T16:43:38.650+0800: 6.241: Application time: 0.1119666 seconds
2024-07-28T16:43:38.650+0800: 6.241: [GC (Allocation Failure) 2024-07-28T16:43:38.650+0800: 6.241: [ParNew: 77168K->8192K(78656K), 0.0042389 secs] 377856K->323216K(521776K), 0.0042980 secs] [Times: user=0.00 sys=0.00, real=0.00 secs] 
2024-07-28T16:43:38.654+0800: 6.246: Total time for which application threads were stopped: 0.0044161 seconds, Stopping threads took: 0.0000198 seconds
2024-07-28T16:43:38.654+0800: 6.246: [CMS-concurrent-abortable-preclean: 0.006/0.245 secs] [Times: user=0.03 sys=0.00, real=0.25 secs] 
2024-07-28T16:43:38.654+0800: 6.246: Application time: 0.0003009 seconds
2024-07-28T16:43:38.654+0800: 6.246: [GC (CMS Final Remark) [YG occupancy: 12655 K (78656 K)]2024-07-28T16:43:38.654+0800: 6.246: [Rescan (parallel) , 0.0010290 secs]2024-07-28T16:43:38.656+0800: 6.247: [weak refs processing, 0.0000133 secs]2024-07-28T16:43:38.656+0800: 6.247: [class unloading, 0.0001658 secs]2024-07-28T16:43:38.656+0800: 6.247: [scrub symbol table, 0.0003047 secs]2024-07-28T16:43:38.656+0800: 6.248: [scrub string table, 0.0001025 secs][1 CMS-remark: 315024K(443120K)] 327679K(521776K), 0.0016864 secs] [Times: user=0.00 sys=0.00, real=0.00 secs] 
2024-07-28T16:43:38.656+0800: 6.248: Total time for which application threads were stopped: 0.0018785 seconds, Stopping threads took: 0.0001553 seconds
2024-07-28T16:43:38.656+0800: 6.248: [CMS-concurrent-sweep-start]
2024-07-28T16:43:38.658+0800: 6.250: [CMS-concurrent-sweep: 0.002/0.002 secs] [Times: user=0.00 sys=0.00, real=0.00 secs] 
2024-07-28T16:43:38.658+0800: 6.250: [CMS-concurrent-reset-start]
2024-07-28T16:43:38.659+0800: 6.251: [CMS-concurrent-reset: 0.001/0.001 secs] [Times: user=0.00 sys=0.00, real=0.00 secs] 
2024-07-28T16:43:38.661+0800: 6.253: Application time: 0.0049067 seconds
2024-07-28T16:43:38.661+0800: 6.253: [GC (Allocation Failure) 2024-07-28T16:43:38.661+0800: 6.253: [ParNew: 77168K->8192K(78656K), 0.0120539 secs] 242686K->242319K(521776K), 0.0121018 secs] [Times: user=0.00 sys=0.00, real=0.01 secs] 
2024-07-28T16:43:38.673+0800: 6.265: Total time for which application threads were stopped: 0.0121966 seconds, Stopping threads took: 0.0000132 seconds
2024-07-28T16:43:38.673+0800: 6.265: Application time: 0.0001802 seconds
2024-07-28T16:43:38.674+0800: 6.265: [GC (CMS Initial Mark) [1 CMS-initial-mark: 234126K(443120K)] 245758K(521776K), 0.0008733 secs] [Times: user=0.00 sys=0.00, real=0.00 secs] 
2024-07-28T16:43:38.674+0800: 6.266: Total time for which application threads were stopped: 0.0010320 seconds, Stopping threads took: 0.0001178 seconds
2024-07-28T16:43:38.675+0800: 6.266: [CMS-concurrent-mark-start]
2024-07-28T16:43:38.676+0800: 6.268: [CMS-concurrent-mark: 0.001/0.001 secs] [Times: user=0.03 sys=0.00, real=0.00 secs] 
2024-07-28T16:43:38.676+0800: 6.268: [CMS-concurrent-preclean-start]
2024-07-28T16:43:38.676+0800: 6.268: [CMS-concurrent-preclean: 0.001/0.001 secs] [Times: user=0.00 sys=0.00, real=0.00 secs] 
2024-07-28T16:43:38.676+0800: 6.268: [CMS-concurrent-abortable-preclean-start]
2024-07-28T16:43:38.793+0800: 6.384: Application time: 0.1182502 seconds
2024-07-28T16:43:38.793+0800: 6.385: [GC (Allocation Failure) 2024-07-28T16:43:38.793+0800: 6.385: [ParNew: 77168K->8192K(78656K), 0.0121039 secs] 311295K->310928K(521776K), 0.0121621 secs] [Times: user=0.03 sys=0.00, real=0.01 secs] 
2024-07-28T16:43:38.805+0800: 6.397: Total time for which application threads were stopped: 0.0122720 seconds, Stopping threads took: 0.0000193 seconds
2024-07-28T16:43:38.916+0800: 6.507: Application time: 0.1104832 seconds
2024-07-28T16:43:38.916+0800: 6.507: [GC (Allocation Failure) 2024-07-28T16:43:38.916+0800: 6.507: [ParNew: 77168K->8192K(78656K), 0.0043916 secs] 379904K->326288K(521776K), 0.0044669 secs] [Times: user=0.00 sys=0.00, real=0.00 secs] 
2024-07-28T16:43:38.920+0800: 6.512: Total time for which application threads were stopped: 0.0045761 seconds, Stopping threads took: 0.0000197 seconds
2024-07-28T16:43:38.920+0800: 6.512: [CMS-concurrent-abortable-preclean: 0.005/0.244 secs] [Times: user=0.03 sys=0.00, real=0.24 secs] 
2024-07-28T16:43:38.921+0800: 6.512: Application time: 0.0003283 seconds
2024-07-28T16:43:38.921+0800: 6.512: [GC (CMS Final Remark) [YG occupancy: 12655 K (78656 K)]2024-07-28T16:43:38.921+0800: 6.512: [Rescan (parallel) , 0.0009476 secs]2024-07-28T16:43:38.922+0800: 6.513: [weak refs processing, 0.0000140 secs]2024-07-28T16:43:38.922+0800: 6.513: [class unloading, 0.0001761 secs]2024-07-28T16:43:38.922+0800: 6.513: [scrub symbol table, 0.0003464 secs]2024-07-28T16:43:38.922+0800: 6.514: [scrub string table, 0.0001010 secs][1 CMS-remark: 318096K(443120K)] 330751K(521776K), 0.0016501 secs] [Times: user=0.00 sys=0.00, real=0.00 secs] 
2024-07-28T16:43:38.922+0800: 6.514: Total time for which application threads were stopped: 0.0018460 seconds, Stopping threads took: 0.0001593 seconds
2024-07-28T16:43:38.923+0800: 6.514: [CMS-concurrent-sweep-start]
2024-07-28T16:43:38.924+0800: 6.516: [CMS-concurrent-sweep: 0.002/0.002 secs] [Times: user=0.00 sys=0.00, real=0.00 secs] 
2024-07-28T16:43:38.924+0800: 6.516: [CMS-concurrent-reset-start]
2024-07-28T16:43:38.925+0800: 6.517: [CMS-concurrent-reset: 0.001/0.001 secs] [Times: user=0.00 sys=0.00, real=0.00 secs] 
2024-07-28T16:43:38.927+0800: 6.519: Application time: 0.0049552 seconds
2024-07-28T16:43:38.927+0800: 6.519: [GC (Allocation Failure) 2024-07-28T16:43:38.927+0800: 6.519: [ParNew: 77168K->8192K(78656K), 0.0120270 secs] 244734K->244367K(521776K), 0.0121039 secs] [Times: user=0.00 sys=0.00, real=0.01 secs] 
2024-07-28T16:43:38.940+0800: 6.531: Total time for which application threads were stopped: 0.0122014 seconds, Stopping threads took: 0.0000141 seconds
2024-07-28T16:43:38.940+0800: 6.531: Application time: 0.0002108 seconds
2024-07-28T16:43:38.940+0800: 6.532: [GC (CMS Initial Mark) [1 CMS-initial-mark: 236174K(443120K)] 247806K(521776K), 0.0008326 secs] [Times: user=0.00 sys=0.00, real=0.00 secs] 
2024-07-28T16:43:38.941+0800: 6.532: Total time for which application threads were stopped: 0.0010581 seconds, Stopping threads took: 0.0001834 seconds
2024-07-28T16:43:38.941+0800: 6.533: [CMS-concurrent-mark-start]
2024-07-28T16:43:38.942+0800: 6.534: [CMS-concurrent-mark: 0.001/0.001 secs] [Times: user=0.03 sys=0.02, real=0.00 secs] 
2024-07-28T16:43:38.942+0800: 6.534: [CMS-concurrent-preclean-start]
2024-07-28T16:43:38.943+0800: 6.534: [CMS-concurrent-preclean: 0.001/0.001 secs] [Times: user=0.00 sys=0.00, real=0.00 secs] 
2024-07-28T16:43:38.943+0800: 6.534: [CMS-concurrent-abortable-preclean-start]
2024-07-28T16:43:39.059+0800: 6.651: Application time: 0.1182404 seconds
2024-07-28T16:43:39.059+0800: 6.651: [GC (Allocation Failure) 2024-07-28T16:43:39.059+0800: 6.651: [ParNew: 77168K->8192K(78656K), 0.0123941 secs] 313343K->312976K(521776K), 0.0124527 secs] [Times: user=0.03 sys=0.00, real=0.01 secs] 
2024-07-28T16:43:39.072+0800: 6.663: Total time for which application threads were stopped: 0.0125831 seconds, Stopping threads took: 0.0000414 seconds
2024-07-28T16:43:39.181+0800: 6.772: Application time: 0.1091801 seconds
2024-07-28T16:43:39.181+0800: 6.772: [GC (Allocation Failure) 2024-07-28T16:43:39.181+0800: 6.773: [ParNew: 77168K->8192K(78656K), 0.0044765 secs] 381952K->329360K(521776K), 0.0045385 secs] [Times: user=0.00 sys=0.00, real=0.01 secs] 
2024-07-28T16:43:39.186+0800: 6.777: Total time for which application threads were stopped: 0.0046748 seconds, Stopping threads took: 0.0000339 seconds
2024-07-28T16:43:39.186+0800: 6.777: [CMS-concurrent-abortable-preclean: 0.006/0.243 secs] [Times: user=0.03 sys=0.00, real=0.24 secs] 
2024-07-28T16:43:39.186+0800: 6.777: Application time: 0.0003369 seconds
2024-07-28T16:43:39.186+0800: 6.778: [GC (CMS Final Remark) [YG occupancy: 13679 K (78656 K)]2024-07-28T16:43:39.186+0800: 6.778: [Rescan (parallel) , 0.0010834 secs]2024-07-28T16:43:39.187+0800: 6.779: [weak refs processing, 0.0000133 secs]2024-07-28T16:43:39.187+0800: 6.779: [class unloading, 0.0001932 secs]2024-07-28T16:43:39.187+0800: 6.779: [scrub symbol table, 0.0003522 secs]2024-07-28T16:43:39.188+0800: 6.779: [scrub string table, 0.0001013 secs][1 CMS-remark: 321168K(443120K)] 334848K(521776K), 0.0018067 secs] [Times: user=0.00 sys=0.00, real=0.00 secs] 
2024-07-28T16:43:39.188+0800: 6.779: Total time for which application threads were stopped: 0.0020089 seconds, Stopping threads took: 0.0001639 seconds
2024-07-28T16:43:39.188+0800: 6.780: [CMS-concurrent-sweep-start]
2024-07-28T16:43:39.190+0800: 6.781: [CMS-concurrent-sweep: 0.002/0.002 secs] [Times: user=0.00 sys=0.00, real=0.00 secs] 
2024-07-28T16:43:39.190+0800: 6.781: [CMS-concurrent-reset-start]
2024-07-28T16:43:39.191+0800: 6.782: [CMS-concurrent-reset: 0.001/0.001 secs] [Times: user=0.00 sys=0.00, real=0.00 secs] 
2024-07-28T16:43:39.193+0800: 6.784: Application time: 0.0046989 seconds
2024-07-28T16:43:39.193+0800: 6.784: [GC (Allocation Failure) 2024-07-28T16:43:39.193+0800: 6.784: [ParNew: 77168K->8192K(78656K), 0.0119292 secs] 246782K->246415K(521776K), 0.0119826 secs] [Times: user=0.00 sys=0.00, real=0.01 secs] 
2024-07-28T16:43:39.205+0800: 6.796: Total time for which application threads were stopped: 0.0120847 seconds, Stopping threads took: 0.0000166 seconds
2024-07-28T16:43:39.205+0800: 6.796: Application time: 0.0002013 seconds
2024-07-28T16:43:39.205+0800: 6.797: [GC (CMS Initial Mark) [1 CMS-initial-mark: 238223K(443120K)] 249854K(521776K), 0.0007081 secs] [Times: user=0.00 sys=0.00, real=0.00 secs] 
2024-07-28T16:43:39.206+0800: 6.797: Total time for which application threads were stopped: 0.0008935 seconds, Stopping threads took: 0.0001429 seconds
2024-07-28T16:43:39.206+0800: 6.797: [CMS-concurrent-mark-start]
2024-07-28T16:43:39.208+0800: 6.799: [CMS-concurrent-mark: 0.001/0.001 secs] [Times: user=0.03 sys=0.00, real=0.00 secs] 
2024-07-28T16:43:39.208+0800: 6.799: [CMS-concurrent-preclean-start]
2024-07-28T16:43:39.208+0800: 6.799: [CMS-concurrent-preclean: 0.001/0.001 secs] [Times: user=0.00 sys=0.00, real=0.00 secs] 
2024-07-28T16:43:39.208+0800: 6.799: [CMS-concurrent-abortable-preclean-start]
2024-07-28T16:43:39.324+0800: 6.916: Application time: 0.1189652 seconds
2024-07-28T16:43:39.324+0800: 6.916: [GC (Allocation Failure) 2024-07-28T16:43:39.324+0800: 6.916: [ParNew: 77168K->8192K(78656K), 0.0126168 secs] 315391K->315024K(521776K), 0.0126709 secs] [Times: user=0.03 sys=0.00, real=0.01 secs] 
2024-07-28T16:43:39.338+0800: 6.929: Total time for which application threads were stopped: 0.0127830 seconds, Stopping threads took: 0.0000175 seconds
2024-07-28T16:43:39.446+0800: 7.038: Application time: 0.1085017 seconds
2024-07-28T16:43:39.446+0800: 7.038: [GC (Allocation Failure) 2024-07-28T16:43:39.446+0800: 7.038: [ParNew: 77168K->8192K(78656K), 0.0047080 secs] 384000K->332432K(521776K), 0.0047697 secs] [Times: user=0.00 sys=0.00, real=0.00 secs] 
2024-07-28T16:43:39.451+0800: 7.042: Total time for which application threads were stopped: 0.0048889 seconds, Stopping threads took: 0.0000288 seconds
2024-07-28T16:43:39.451+0800: 7.043: [CMS-concurrent-abortable-preclean: 0.005/0.243 secs] [Times: user=0.03 sys=0.00, real=0.24 secs] 
2024-07-28T16:43:39.451+0800: 7.043: Application time: 0.0003200 seconds
2024-07-28T16:43:39.451+0800: 7.043: [GC (CMS Final Remark) [YG occupancy: 12655 K (78656 K)]2024-07-28T16:43:39.451+0800: 7.043: [Rescan (parallel) , 0.0006222 secs]2024-07-28T16:43:39.452+0800: 7.044: [weak refs processing, 0.0000144 secs]2024-07-28T16:43:39.452+0800: 7.044: [class unloading, 0.0001774 secs]2024-07-28T16:43:39.452+0800: 7.044: [scrub symbol table, 0.0003485 secs]2024-07-28T16:43:39.452+0800: 7.044: [scrub string table, 0.0001017 secs][1 CMS-remark: 324240K(443120K)] 336896K(521776K), 0.0013266 secs] [Times: user=0.00 sys=0.00, real=0.00 secs] 
2024-07-28T16:43:39.452+0800: 7.044: Total time for which application threads were stopped: 0.0015200 seconds, Stopping threads took: 0.0001572 seconds
2024-07-28T16:43:39.453+0800: 7.045: [CMS-concurrent-sweep-start]
2024-07-28T16:43:39.454+0800: 7.046: [CMS-concurrent-sweep: 0.002/0.002 secs] [Times: user=0.00 sys=0.00, real=0.00 secs] 
2024-07-28T16:43:39.454+0800: 7.046: [CMS-concurrent-reset-start]
2024-07-28T16:43:39.456+0800: 7.048: [CMS-concurrent-reset: 0.001/0.001 secs] [Times: user=0.00 sys=0.00, real=0.00 secs] 
2024-07-28T16:43:39.458+0800: 7.049: Application time: 0.0050974 seconds
2024-07-28T16:43:39.458+0800: 7.049: [GC (Allocation Failure) 2024-07-28T16:43:39.458+0800: 7.049: [ParNew: 77168K->8192K(78656K), 0.0119988 secs] 248830K->248463K(521776K), 0.0120480 secs] [Times: user=0.00 sys=0.00, real=0.01 secs] 
2024-07-28T16:43:39.470+0800: 7.062: Total time for which application threads were stopped: 0.0121434 seconds, Stopping threads took: 0.0000144 seconds
2024-07-28T16:43:39.470+0800: 7.062: Application time: 0.0002131 seconds
2024-07-28T16:43:39.470+0800: 7.062: [GC (CMS Initial Mark) [1 CMS-initial-mark: 240271K(443120K)] 251902K(521776K), 0.0008344 secs] [Times: user=0.00 sys=0.00, real=0.00 secs] 
2024-07-28T16:43:39.471+0800: 7.063: Total time for which application threads were stopped: 0.0010367 seconds, Stopping threads took: 0.0001571 seconds
2024-07-28T16:43:39.471+0800: 7.063: [CMS-concurrent-mark-start]
2024-07-28T16:43:39.472+0800: 7.064: [CMS-concurrent-mark: 0.001/0.001 secs] [Times: user=0.00 sys=0.00, real=0.00 secs] 
2024-07-28T16:43:39.473+0800: 7.064: [CMS-concurrent-preclean-start]
2024-07-28T16:43:39.473+0800: 7.065: [CMS-concurrent-preclean: 0.001/0.001 secs] [Times: user=0.00 sys=0.00, real=0.00 secs] 
2024-07-28T16:43:39.473+0800: 7.065: [CMS-concurrent-abortable-preclean-start]
2024-07-28T16:43:39.588+0800: 7.180: Application time: 0.1173144 seconds
2024-07-28T16:43:39.588+0800: 7.180: [GC (Allocation Failure) 2024-07-28T16:43:39.588+0800: 7.180: [ParNew: 77168K->8198K(78656K), 0.0120916 secs] 317439K->317078K(521776K), 0.0121620 secs] [Times: user=0.03 sys=0.00, real=0.01 secs] 
2024-07-28T16:43:39.600+0800: 7.192: Total time for which application threads were stopped: 0.0122896 seconds, Stopping threads took: 0.0000238 seconds
2024-07-28T16:43:39.712+0800: 7.304: Application time: 0.1112174 seconds
2024-07-28T16:43:39.712+0800: 7.304: [GC (Allocation Failure) 2024-07-28T16:43:39.712+0800: 7.304: [ParNew: 77174K->8192K(78656K), 0.0050599 secs] 386054K->335504K(521776K), 0.0051203 secs] [Times: user=0.00 sys=0.00, real=0.01 secs] 
2024-07-28T16:43:39.717+0800: 7.309: Total time for which application threads were stopped: 0.0052445 seconds, Stopping threads took: 0.0000200 seconds
2024-07-28T16:43:39.717+0800: 7.309: [CMS-concurrent-abortable-preclean: 0.005/0.244 secs] [Times: user=0.03 sys=0.00, real=0.24 secs] 
2024-07-28T16:43:39.718+0800: 7.309: Application time: 0.0003411 seconds
2024-07-28T16:43:39.718+0800: 7.309: [GC (CMS Final Remark) [YG occupancy: 12655 K (78656 K)]2024-07-28T16:43:39.718+0800: 7.309: [Rescan (parallel) , 0.0006773 secs]2024-07-28T16:43:39.718+0800: 7.310: [weak refs processing, 0.0000167 secs]2024-07-28T16:43:39.719+0800: 7.310: [class unloading, 0.0001908 secs]2024-07-28T16:43:39.719+0800: 7.310: [scrub symbol table, 0.0003460 secs]2024-07-28T16:43:39.719+0800: 7.311: [scrub string table, 0.0000994 secs][1 CMS-remark: 327312K(443120K)] 339968K(521776K), 0.0013928 secs] [Times: user=0.00 sys=0.00, real=0.00 secs] 
2024-07-28T16:43:39.719+0800: 7.311: Total time for which application threads were stopped: 0.0015754 seconds, Stopping threads took: 0.0001456 seconds
2024-07-28T16:43:39.719+0800: 7.311: [CMS-concurrent-sweep-start]
2024-07-28T16:43:39.721+0800: 7.313: [CMS-concurrent-sweep: 0.002/0.002 secs] [Times: user=0.00 sys=0.00, real=0.00 secs] 
2024-07-28T16:43:39.721+0800: 7.313: [CMS-concurrent-reset-start]
2024-07-28T16:43:39.722+0800: 7.314: [CMS-concurrent-reset: 0.001/0.001 secs] [Times: user=0.00 sys=0.00, real=0.00 secs] 
2024-07-28T16:43:39.724+0800: 7.316: Application time: 0.0047662 seconds
2024-07-28T16:43:39.724+0800: 7.316: [GC (Allocation Failure) 2024-07-28T16:43:39.724+0800: 7.316: [ParNew: 77168K->8192K(78656K), 0.0123663 secs] 250879K->250511K(521776K), 0.0124143 secs] [Times: user=0.00 sys=0.00, real=0.01 secs] 
2024-07-28T16:43:39.736+0800: 7.328: Total time for which application threads were stopped: 0.0125082 seconds, Stopping threads took: 0.0000123 seconds
2024-07-28T16:43:39.737+0800: 7.328: Application time: 0.0001226 seconds
2024-07-28T16:43:39.737+0800: 7.328: [GC (CMS Initial Mark) [1 CMS-initial-mark: 242319K(443120K)] 253951K(521776K), 0.0007954 secs] [Times: user=0.00 sys=0.00, real=0.00 secs] 
2024-07-28T16:43:39.738+0800: 7.329: Total time for which application threads were stopped: 0.0009296 seconds, Stopping threads took: 0.0000923 seconds
2024-07-28T16:43:39.738+0800: 7.329: [CMS-concurrent-mark-start]
2024-07-28T16:43:39.739+0800: 7.330: [CMS-concurrent-mark: 0.001/0.001 secs] [Times: user=0.03 sys=0.00, real=0.00 secs] 
2024-07-28T16:43:39.739+0800: 7.330: [CMS-concurrent-preclean-start]
2024-07-28T16:43:39.739+0800: 7.331: [CMS-concurrent-preclean: 0.001/0.001 secs] [Times: user=0.00 sys=0.00, real=0.00 secs] 
2024-07-28T16:43:39.739+0800: 7.331: [CMS-concurrent-abortable-preclean-start]
2024-07-28T16:43:39.854+0800: 7.446: Application time: 0.1167851 seconds
2024-07-28T16:43:39.854+0800: 7.446: [GC (Allocation Failure) 2024-07-28T16:43:39.854+0800: 7.446: [ParNew: 77168K->8192K(78656K), 0.0121686 secs] 319488K->319120K(521776K), 0.0122447 secs] [Times: user=0.03 sys=0.00, real=0.01 secs] 
2024-07-28T16:43:39.867+0800: 7.458: Total time for which application threads were stopped: 0.0123555 seconds, Stopping threads took: 0.0000209 seconds
2024-07-28T16:43:39.976+0800: 7.567: Application time: 0.1089828 seconds
2024-07-28T16:43:39.976+0800: 7.567: [GC (Allocation Failure) 2024-07-28T16:43:39.976+0800: 7.567: [ParNew: 77168K->8192K(78656K), 0.0050058 secs] 388097K->338577K(521776K), 0.0050655 secs] [Times: user=0.00 sys=0.00, real=0.00 secs] 
2024-07-28T16:43:39.981+0800: 7.572: Total time for which application threads were stopped: 0.0051888 seconds, Stopping threads took: 0.0000334 seconds
2024-07-28T16:43:39.981+0800: 7.573: [CMS-concurrent-abortable-preclean: 0.005/0.241 secs] [Times: user=0.03 sys=0.00, real=0.24 secs] 
2024-07-28T16:43:39.981+0800: 7.573: Application time: 0.0002867 seconds
2024-07-28T16:43:39.982+0800: 7.573: [GC (CMS Final Remark) [YG occupancy: 12655 K (78656 K)]2024-07-28T16:43:39.982+0800: 7.573: [Rescan (parallel) , 0.0007728 secs]2024-07-28T16:43:39.982+0800: 7.574: [weak refs processing, 0.0000130 secs]2024-07-28T16:43:39.982+0800: 7.574: [class unloading, 0.0002117 secs]2024-07-28T16:43:39.983+0800: 7.574: [scrub symbol table, 0.0003155 secs]2024-07-28T16:43:39.983+0800: 7.574: [scrub string table, 0.0000906 secs][1 CMS-remark: 330384K(443120K)] 343040K(521776K), 0.0014715 secs] [Times: user=0.00 sys=0.00, real=0.00 secs] 
2024-07-28T16:43:39.983+0800: 7.574: Total time for which application threads were stopped: 0.0015788 seconds, Stopping threads took: 0.0000708 seconds
2024-07-28T16:43:39.983+0800: 7.575: [CMS-concurrent-sweep-start]
2024-07-28T16:43:39.985+0800: 7.576: [CMS-concurrent-sweep: 0.002/0.002 secs] [Times: user=0.00 sys=0.00, real=0.00 secs] 
2024-07-28T16:43:39.985+0800: 7.576: [CMS-concurrent-reset-start]
2024-07-28T16:43:39.986+0800: 7.577: [CMS-concurrent-reset: 0.001/0.001 secs] [Times: user=0.00 sys=0.00, real=0.00 secs] 
2024-07-28T16:43:39.988+0800: 7.579: Application time: 0.0048395 seconds
2024-07-28T16:43:39.988+0800: 7.579: [GC (Allocation Failure) 2024-07-28T16:43:39.988+0800: 7.579: [ParNew: 77168K->8192K(78656K), 0.0124015 secs] 252927K->252559K(521776K), 0.0124483 secs] [Times: user=0.03 sys=0.00, real=0.01 secs] 
2024-07-28T16:43:40.000+0800: 7.592: Total time for which application threads were stopped: 0.0125528 seconds, Stopping threads took: 0.0000133 seconds
2024-07-28T16:43:40.000+0800: 7.592: Application time: 0.0002279 seconds
2024-07-28T16:43:40.000+0800: 7.592: [GC (CMS Initial Mark) [1 CMS-initial-mark: 244367K(443120K)] 255999K(521776K), 0.0006814 secs] [Times: user=0.00 sys=0.00, real=0.00 secs] 
2024-07-28T16:43:40.001+0800: 7.593: Total time for which application threads were stopped: 0.0008614 seconds, Stopping threads took: 0.0001381 seconds
2024-07-28T16:43:40.001+0800: 7.593: [CMS-concurrent-mark-start]
2024-07-28T16:43:40.002+0800: 7.594: [CMS-concurrent-mark: 0.001/0.001 secs] [Times: user=0.00 sys=0.00, real=0.00 secs] 
2024-07-28T16:43:40.002+0800: 7.594: [CMS-concurrent-preclean-start]
2024-07-28T16:43:40.003+0800: 7.595: [CMS-concurrent-preclean: 0.001/0.001 secs] [Times: user=0.00 sys=0.00, real=0.00 secs] 
2024-07-28T16:43:40.003+0800: 7.595: [CMS-concurrent-abortable-preclean-start]
2024-07-28T16:43:40.117+0800: 7.709: Application time: 0.1163202 seconds
2024-07-28T16:43:40.117+0800: 7.709: [GC (Allocation Failure) 2024-07-28T16:43:40.117+0800: 7.709: [ParNew: 77168K->8192K(78656K), 0.0121489 secs] 321536K->321168K(521776K), 0.0122080 secs] [Times: user=0.03 sys=0.00, real=0.01 secs] 
2024-07-28T16:43:40.130+0800: 7.721: Total time for which application threads were stopped: 0.0123222 seconds, Stopping threads took: 0.0000193 seconds
2024-07-28T16:43:40.241+0800: 7.833: Application time: 0.1112623 seconds
2024-07-28T16:43:40.241+0800: 7.833: [GC (Allocation Failure) 2024-07-28T16:43:40.241+0800: 7.833: [ParNew: 77168K->8192K(78656K), 0.0050681 secs] 390145K->341649K(521776K), 0.0051362 secs] [Times: user=0.00 sys=0.00, real=0.01 secs] 
2024-07-28T16:43:40.247+0800: 7.838: Total time for which application threads were stopped: 0.0052628 seconds, Stopping threads took: 0.0000308 seconds
2024-07-28T16:43:40.247+0800: 7.838: [CMS-concurrent-abortable-preclean: 0.006/0.244 secs] [Times: user=0.03 sys=0.00, real=0.24 secs] 
2024-07-28T16:43:40.247+0800: 7.838: Application time: 0.0003261 seconds
2024-07-28T16:43:40.247+0800: 7.839: [GC (CMS Final Remark) [YG occupancy: 12655 K (78656 K)]2024-07-28T16:43:40.247+0800: 7.839: [Rescan (parallel) , 0.0008933 secs]2024-07-28T16:43:40.248+0800: 7.839: [weak refs processing, 0.0000128 secs]2024-07-28T16:43:40.248+0800: 7.839: [class unloading, 0.0001771 secs]2024-07-28T16:43:40.248+0800: 7.840: [scrub symbol table, 0.0003465 secs]2024-07-28T16:43:40.248+0800: 7.840: [scrub string table, 0.0001183 secs][1 CMS-remark: 333456K(443120K)] 346112K(521776K), 0.0016104 secs] [Times: user=0.00 sys=0.00, real=0.00 secs] 
2024-07-28T16:43:40.249+0800: 7.840: Total time for which application threads were stopped: 0.0017817 seconds, Stopping threads took: 0.0001352 seconds
2024-07-28T16:43:40.249+0800: 7.840: [CMS-concurrent-sweep-start]
2024-07-28T16:43:40.250+0800: 7.842: [CMS-concurrent-sweep: 0.001/0.001 secs] [Times: user=0.00 sys=0.00, real=0.00 secs] 
2024-07-28T16:43:40.250+0800: 7.842: [CMS-concurrent-reset-start]
2024-07-28T16:43:40.252+0800: 7.843: [CMS-concurrent-reset: 0.001/0.001 secs] [Times: user=0.00 sys=0.00, real=0.00 secs] 
2024-07-28T16:43:40.253+0800: 7.845: Application time: 0.0047576 seconds
2024-07-28T16:43:40.253+0800: 7.845: [GC (Allocation Failure) 2024-07-28T16:43:40.254+0800: 7.845: [ParNew: 77168K->8192K(78656K), 0.0121089 secs] 254975K->254607K(521776K), 0.0121621 secs] [Times: user=0.03 sys=0.00, real=0.01 secs] 
2024-07-28T16:43:40.266+0800: 7.857: Total time for which application threads were stopped: 0.0122558 seconds, Stopping threads took: 0.0000121 seconds
2024-07-28T16:43:40.266+0800: 7.857: Application time: 0.0002467 seconds
2024-07-28T16:43:40.266+0800: 7.858: [GC (CMS Initial Mark) [1 CMS-initial-mark: 246415K(443120K)] 258047K(521776K), 0.0006696 secs] [Times: user=0.00 sys=0.00, real=0.00 secs] 
2024-07-28T16:43:40.267+0800: 7.858: Total time for which application threads were stopped: 0.0008807 seconds, Stopping threads took: 0.0001560 seconds
2024-07-28T16:43:40.267+0800: 7.858: [CMS-concurrent-mark-start]
2024-07-28T16:43:40.268+0800: 7.859: [CMS-concurrent-mark: 0.001/0.001 secs] [Times: user=0.00 sys=0.00, real=0.00 secs] 
2024-07-28T16:43:40.268+0800: 7.859: [CMS-concurrent-preclean-start]
2024-07-28T16:43:40.268+0800: 7.860: [CMS-concurrent-preclean: 0.001/0.001 secs] [Times: user=0.00 sys=0.00, real=0.00 secs] 
2024-07-28T16:43:40.268+0800: 7.860: [CMS-concurrent-abortable-preclean-start]
2024-07-28T16:43:40.384+0800: 7.976: Application time: 0.1178338 seconds
2024-07-28T16:43:40.384+0800: 7.976: [GC (Allocation Failure) 2024-07-28T16:43:40.384+0800: 7.976: [ParNew: 77168K->8192K(78656K), 0.0120061 secs] 323584K->323216K(521776K), 0.0120798 secs] [Times: user=0.03 sys=0.00, real=0.01 secs] 
2024-07-28T16:43:40.396+0800: 7.988: Total time for which application threads were stopped: 0.0121906 seconds, Stopping threads took: 0.0000201 seconds
2024-07-28T16:43:40.509+0800: 8.101: Application time: 0.1124458 seconds
2024-07-28T16:43:40.509+0800: 8.101: [GC (Allocation Failure) 2024-07-28T16:43:40.509+0800: 8.101: [ParNew: 77168K->8192K(78656K), 0.0052312 secs] 392193K->344721K(521776K), 0.0052935 secs] [Times: user=0.00 sys=0.00, real=0.01 secs] 
2024-07-28T16:43:40.515+0800: 8.106: Total time for which application threads were stopped: 0.0054117 seconds, Stopping threads took: 0.0000251 seconds
2024-07-28T16:43:40.515+0800: 8.106: [CMS-concurrent-abortable-preclean: 0.005/0.246 secs] [Times: user=0.03 sys=0.00, real=0.25 secs] 
2024-07-28T16:43:40.515+0800: 8.107: Application time: 0.0003756 seconds
2024-07-28T16:43:40.515+0800: 8.107: [GC (CMS Final Remark) [YG occupancy: 14703 K (78656 K)]2024-07-28T16:43:40.515+0800: 8.107: [Rescan (parallel) , 0.0011577 secs]2024-07-28T16:43:40.516+0800: 8.108: [weak refs processing, 0.0000130 secs]2024-07-28T16:43:40.516+0800: 8.108: [class unloading, 0.0001674 secs]2024-07-28T16:43:40.516+0800: 8.108: [scrub symbol table, 0.0003228 secs]2024-07-28T16:43:40.517+0800: 8.108: [scrub string table, 0.0000916 secs][1 CMS-remark: 336528K(443120K)] 351232K(521776K), 0.0018173 secs] [Times: user=0.00 sys=0.00, real=0.00 secs] 
2024-07-28T16:43:40.517+0800: 8.108: Total time for which application threads were stopped: 0.0019347 seconds, Stopping threads took: 0.0000791 seconds
2024-07-28T16:43:40.517+0800: 8.109: [CMS-concurrent-sweep-start]
2024-07-28T16:43:40.519+0800: 8.110: [CMS-concurrent-sweep: 0.002/0.002 secs] [Times: user=0.00 sys=0.00, real=0.00 secs] 
2024-07-28T16:43:40.519+0800: 8.110: [CMS-concurrent-reset-start]
2024-07-28T16:43:40.520+0800: 8.112: [CMS-concurrent-reset: 0.001/0.001 secs] [Times: user=0.03 sys=0.00, real=0.00 secs] 
2024-07-28T16:43:40.521+0800: 8.113: Application time: 0.0046126 seconds
2024-07-28T16:43:40.522+0800: 8.113: [GC (Allocation Failure) 2024-07-28T16:43:40.522+0800: 8.113: [ParNew: 77168K->8192K(78656K), 0.0121262 secs] 257023K->256655K(521776K), 0.0121754 secs] [Times: user=0.00 sys=0.00, real=0.01 secs] 
2024-07-28T16:43:40.534+0800: 8.125: Total time for which application threads were stopped: 0.0122726 seconds, Stopping threads took: 0.0000158 seconds
2024-07-28T16:43:40.534+0800: 8.126: Application time: 0.0002392 seconds
2024-07-28T16:43:40.534+0800: 8.126: [GC (CMS Initial Mark) [1 CMS-initial-mark: 248463K(443120K)] 260095K(521776K), 0.0007921 secs] [Times: user=0.00 sys=0.00, real=0.00 secs] 
2024-07-28T16:43:40.535+0800: 8.127: Total time for which application threads were stopped: 0.0010014 seconds, Stopping threads took: 0.0001670 seconds
2024-07-28T16:43:40.535+0800: 8.127: [CMS-concurrent-mark-start]
2024-07-28T16:43:40.536+0800: 8.128: [CMS-concurrent-mark: 0.001/0.001 secs] [Times: user=0.03 sys=0.00, real=0.00 secs] 
2024-07-28T16:43:40.536+0800: 8.128: [CMS-concurrent-preclean-start]
2024-07-28T16:43:40.537+0800: 8.128: [CMS-concurrent-preclean: 0.001/0.001 secs] [Times: user=0.00 sys=0.00, real=0.00 secs] 
2024-07-28T16:43:40.537+0800: 8.128: [CMS-concurrent-abortable-preclean-start]
2024-07-28T16:43:40.653+0800: 8.245: Application time: 0.1183836 seconds
2024-07-28T16:43:40.653+0800: 8.245: [GC (Allocation Failure) 2024-07-28T16:43:40.653+0800: 8.245: [ParNew: 77168K->8192K(78656K), 0.0120172 secs] 325632K->325264K(521776K), 0.0120866 secs] [Times: user=0.03 sys=0.00, real=0.01 secs] 
2024-07-28T16:43:40.665+0800: 8.257: Total time for which application threads were stopped: 0.0122019 seconds, Stopping threads took: 0.0000240 seconds
2024-07-28T16:43:40.778+0800: 8.369: Application time: 0.1120413 seconds
2024-07-28T16:43:40.778+0800: 8.369: [GC (Allocation Failure) 2024-07-28T16:43:40.778+0800: 8.369: [ParNew: 77168K->8192K(78656K), 0.0057512 secs] 394241K->347793K(521776K), 0.0058102 secs] [Times: user=0.00 sys=0.00, real=0.01 secs] 
2024-07-28T16:43:40.784+0800: 8.375: Total time for which application threads were stopped: 0.0059180 seconds, Stopping threads took: 0.0000192 seconds
2024-07-28T16:43:40.784+0800: 8.375: [CMS-concurrent-abortable-preclean: 0.005/0.247 secs] [Times: user=0.03 sys=0.00, real=0.25 secs] 
2024-07-28T16:43:40.784+0800: 8.376: Application time: 0.0003675 seconds
2024-07-28T16:43:40.785+0800: 8.376: [GC (CMS Final Remark) [YG occupancy: 13679 K (78656 K)]2024-07-28T16:43:40.785+0800: 8.376: [Rescan (parallel) , 0.0008891 secs]2024-07-28T16:43:40.785+0800: 8.377: [weak refs processing, 0.0000167 secs]2024-07-28T16:43:40.785+0800: 8.377: [class unloading, 0.0001887 secs]2024-07-28T16:43:40.786+0800: 8.377: [scrub symbol table, 0.0003099 secs]2024-07-28T16:43:40.786+0800: 8.377: [scrub string table, 0.0000913 secs][1 CMS-remark: 339601K(443120K)] 353280K(521776K), 0.0015613 secs] [Times: user=0.02 sys=0.00, real=0.00 secs] 
2024-07-28T16:43:40.786+0800: 8.377: Total time for which application threads were stopped: 0.0017263 seconds, Stopping threads took: 0.0001276 seconds
2024-07-28T16:43:40.786+0800: 8.377: [CMS-concurrent-sweep-start]
2024-07-28T16:43:40.787+0800: 8.379: [CMS-concurrent-sweep: 0.001/0.001 secs] [Times: user=0.00 sys=0.00, real=0.00 secs] 
2024-07-28T16:43:40.788+0800: 8.379: [CMS-concurrent-reset-start]
2024-07-28T16:43:40.789+0800: 8.380: [CMS-concurrent-reset: 0.001/0.001 secs] [Times: user=0.00 sys=0.00, real=0.00 secs] 
2024-07-28T16:43:40.791+0800: 8.382: Application time: 0.0047015 seconds
2024-07-28T16:43:40.791+0800: 8.382: [GC (Allocation Failure) 2024-07-28T16:43:40.791+0800: 8.382: [ParNew: 77168K->8192K(78656K), 0.0120091 secs] 259071K->258703K(521776K), 0.0120574 secs] [Times: user=0.03 sys=0.00, real=0.01 secs] 
2024-07-28T16:43:40.803+0800: 8.394: Total time for which application threads were stopped: 0.0121519 seconds, Stopping threads took: 0.0000130 seconds
2024-07-28T16:43:40.803+0800: 8.394: Application time: 0.0002001 seconds
2024-07-28T16:43:40.803+0800: 8.394: [GC (CMS Initial Mark) [1 CMS-initial-mark: 250511K(443120K)] 262143K(521776K), 0.0007969 secs] [Times: user=0.00 sys=0.00, real=0.00 secs] 
2024-07-28T16:43:40.804+0800: 8.395: Total time for which application threads were stopped: 0.0009510 seconds, Stopping threads took: 0.0001118 seconds
2024-07-28T16:43:40.804+0800: 8.395: [CMS-concurrent-mark-start]
2024-07-28T16:43:40.805+0800: 8.396: [CMS-concurrent-mark: 0.001/0.001 secs] [Times: user=0.00 sys=0.00, real=0.00 secs] 
2024-07-28T16:43:40.805+0800: 8.396: [CMS-concurrent-preclean-start]
2024-07-28T16:43:40.806+0800: 8.397: [CMS-concurrent-preclean: 0.001/0.001 secs] [Times: user=0.00 sys=0.00, real=0.00 secs] 
2024-07-28T16:43:40.806+0800: 8.397: [CMS-concurrent-abortable-preclean-start]
2024-07-28T16:43:40.922+0800: 8.513: Application time: 0.1181960 seconds
2024-07-28T16:43:40.922+0800: 8.514: [GC (Allocation Failure) 2024-07-28T16:43:40.922+0800: 8.514: [ParNew: 77168K->8192K(78656K), 0.0124726 secs] 327680K->327312K(521776K), 0.0125322 secs] [Times: user=0.03 sys=0.00, real=0.01 secs] 
2024-07-28T16:43:40.935+0800: 8.526: Total time for which application threads were stopped: 0.0126401 seconds, Stopping threads took: 0.0000176 seconds
2024-07-28T16:43:41.045+0800: 8.636: Application time: 0.1103482 seconds
2024-07-28T16:43:41.045+0800: 8.637: [GC (Allocation Failure) 2024-07-28T16:43:41.045+0800: 8.637: [ParNew: 77543K->8196K(78656K), 0.0057083 secs] 396664K->349845K(521776K), 0.0057670 secs] [Times: user=0.00 sys=0.00, real=0.01 secs] 
2024-07-28T16:43:41.051+0800: 8.642: Total time for which application threads were stopped: 0.0058751 seconds, Stopping threads took: 0.0000184 seconds
2024-07-28T16:43:41.051+0800: 8.642: [CMS-concurrent-abortable-preclean: 0.005/0.245 secs] [Times: user=0.03 sys=0.00, real=0.25 secs] 
2024-07-28T16:43:41.052+0800: 8.643: Application time: 0.0002944 seconds
2024-07-28T16:43:41.052+0800: 8.643: [GC (CMS Final Remark) [YG occupancy: 12649 K (78656 K)]2024-07-28T16:43:41.052+0800: 8.643: [Rescan (parallel) , 0.0010130 secs]2024-07-28T16:43:41.053+0800: 8.644: [weak refs processing, 0.0000182 secs]2024-07-28T16:43:41.053+0800: 8.644: [class unloading, 0.0001842 secs]2024-07-28T16:43:41.053+0800: 8.644: [scrub symbol table, 0.0003488 secs]2024-07-28T16:43:41.053+0800: 8.644: [scrub string table, 0.0001011 secs][1 CMS-remark: 341649K(443120K)] 354299K(521776K), 0.0017294 secs] [Times: user=0.00 sys=0.00, real=0.00 secs] 
2024-07-28T16:43:41.053+0800: 8.645: Total time for which application threads were stopped: 0.0018608 seconds, Stopping threads took: 0.0000816 seconds
2024-07-28T16:43:41.054+0800: 8.645: [CMS-concurrent-sweep-start]
2024-07-28T16:43:41.055+0800: 8.646: [CMS-concurrent-sweep: 0.001/0.001 secs] [Times: user=0.00 sys=0.00, real=0.00 secs] 
2024-07-28T16:43:41.055+0800: 8.646: [CMS-concurrent-reset-start]
2024-07-28T16:43:41.056+0800: 8.647: [CMS-concurrent-reset: 0.001/0.001 secs] [Times: user=0.00 sys=0.00, real=0.00 secs] 
2024-07-28T16:43:41.058+0800: 8.649: Application time: 0.0048379 seconds
2024-07-28T16:43:41.058+0800: 8.649: [GC (Allocation Failure) 2024-07-28T16:43:41.058+0800: 8.649: [ParNew: 77162K->8192K(78656K), 0.0118504 secs] 260089K->259727K(521776K), 0.0118994 secs] [Times: user=0.03 sys=0.00, real=0.01 secs] 
2024-07-28T16:43:41.070+0800: 8.661: Total time for which application threads were stopped: 0.0119951 seconds, Stopping threads took: 0.0000127 seconds
2024-07-28T16:43:41.070+0800: 8.662: Application time: 0.0001946 seconds
2024-07-28T16:43:41.071+0800: 8.662: [GC (CMS Initial Mark) [1 CMS-initial-mark: 251535K(443120K)] 263161K(521776K), 0.0008015 secs] [Times: user=0.00 sys=0.00, real=0.00 secs] 
2024-07-28T16:43:41.071+0800: 8.663: Total time for which application threads were stopped: 0.0010273 seconds, Stopping threads took: 0.0001834 seconds
2024-07-28T16:43:41.072+0800: 8.663: [CMS-concurrent-mark-start]
2024-07-28T16:43:41.072+0800: 8.664: [CMS-concurrent-mark: 0.001/0.001 secs] [Times: user=0.00 sys=0.00, real=0.00 secs] 
2024-07-28T16:43:41.073+0800: 8.664: [CMS-concurrent-preclean-start]
2024-07-28T16:43:41.073+0800: 8.664: [CMS-concurrent-preclean: 0.001/0.001 secs] [Times: user=0.00 sys=0.00, real=0.00 secs] 
2024-07-28T16:43:41.073+0800: 8.664: [CMS-concurrent-abortable-preclean-start]
2024-07-28T16:43:41.189+0800: 8.781: Application time: 0.1183624 seconds
2024-07-28T16:43:41.189+0800: 8.781: [GC (Allocation Failure) 2024-07-28T16:43:41.189+0800: 8.781: [ParNew: 77162K->8192K(78656K), 0.0119873 secs] 328698K->328336K(521776K), 0.0120472 secs] [Times: user=0.03 sys=0.00, real=0.01 secs] 
2024-07-28T16:43:41.201+0800: 8.793: Total time for which application threads were stopped: 0.0121573 seconds, Stopping threads took: 0.0000196 seconds
2024-07-28T16:43:41.311+0800: 8.902: Application time: 0.1091939 seconds
2024-07-28T16:43:41.311+0800: 8.902: [GC (Allocation Failure) 2024-07-28T16:43:41.311+0800: 8.902: [ParNew: 77164K->8192K(78656K), 0.0059055 secs] 397309K->351889K(521776K), 0.0059801 secs] [Times: user=0.00 sys=0.00, real=0.01 secs] 
2024-07-28T16:43:41.317+0800: 8.908: Total time for which application threads were stopped: 0.0060894 seconds, Stopping threads took: 0.0000195 seconds
2024-07-28T16:43:41.317+0800: 8.908: [CMS-concurrent-abortable-preclean: 0.005/0.244 secs] [Times: user=0.03 sys=0.00, real=0.24 secs] 
2024-07-28T16:43:41.317+0800: 8.909: Application time: 0.0003182 seconds
2024-07-28T16:43:41.318+0800: 8.909: [GC (CMS Final Remark) [YG occupancy: 12653 K (78656 K)]2024-07-28T16:43:41.318+0800: 8.909: [Rescan (parallel) , 0.0009784 secs]2024-07-28T16:43:41.319+0800: 8.910: [weak refs processing, 0.0000128 secs]2024-07-28T16:43:41.319+0800: 8.910: [class unloading, 0.0001732 secs]2024-07-28T16:43:41.319+0800: 8.910: [scrub symbol table, 0.0003110 secs]2024-07-28T16:43:41.319+0800: 8.910: [scrub string table, 0.0001041 secs][1 CMS-remark: 343697K(443120K)] 356350K(521776K), 0.0016429 secs] [Times: user=0.00 sys=0.00, real=0.00 secs] 
2024-07-28T16:43:41.319+0800: 8.911: Total time for which application threads were stopped: 0.0018158 seconds, Stopping threads took: 0.0001364 seconds
2024-07-28T16:43:41.320+0800: 8.911: [CMS-concurrent-sweep-start]
2024-07-28T16:43:41.321+0800: 8.912: [CMS-concurrent-sweep: 0.002/0.002 secs] [Times: user=0.00 sys=0.00, real=0.00 secs] 
2024-07-28T16:43:41.321+0800: 8.912: [CMS-concurrent-reset-start]
2024-07-28T16:43:41.322+0800: 8.914: [CMS-concurrent-reset: 0.001/0.001 secs] [Times: user=0.00 sys=0.00, real=0.00 secs] 
2024-07-28T16:43:41.324+0800: 8.916: Application time: 0.0050210 seconds
2024-07-28T16:43:41.324+0800: 8.916: [GC (Allocation Failure) 2024-07-28T16:43:41.324+0800: 8.916: [ParNew: 77166K->8192K(78656K), 0.0125052 secs] 261116K->260751K(521776K), 0.0125766 secs] [Times: user=0.03 sys=0.00, real=0.01 secs] 
2024-07-28T16:43:41.337+0800: 8.928: Total time for which application threads were stopped: 0.0126754 seconds, Stopping threads took: 0.0000147 seconds
2024-07-28T16:43:41.337+0800: 8.928: Application time: 0.0002095 seconds
2024-07-28T16:43:41.337+0800: 8.929: [GC (CMS Initial Mark) [1 CMS-initial-mark: 252559K(443120K)] 264189K(521776K), 0.0007126 secs] [Times: user=0.00 sys=0.00, real=0.00 secs] 
2024-07-28T16:43:41.338+0800: 8.929: Total time for which application threads were stopped: 0.0008816 seconds, Stopping threads took: 0.0001248 seconds
2024-07-28T16:43:41.338+0800: 8.929: [CMS-concurrent-mark-start]
2024-07-28T16:43:41.339+0800: 8.930: [CMS-concurrent-mark: 0.001/0.001 secs] [Times: user=0.00 sys=0.00, real=0.00 secs] 
2024-07-28T16:43:41.339+0800: 8.930: [CMS-concurrent-preclean-start]
2024-07-28T16:43:41.340+0800: 8.931: [CMS-concurrent-preclean: 0.001/0.001 secs] [Times: user=0.00 sys=0.00, real=0.00 secs] 
2024-07-28T16:43:41.340+0800: 8.931: [CMS-concurrent-abortable-preclean-start]
2024-07-28T16:43:41.453+0800: 9.044: Application time: 0.1150924 seconds
2024-07-28T16:43:41.453+0800: 9.044: [GC (Allocation Failure) 2024-07-28T16:43:41.453+0800: 9.045: [ParNew: 77167K->8192K(78656K), 0.0121584 secs] 329726K->329360K(521776K), 0.0122218 secs] [Times: user=0.03 sys=0.00, real=0.01 secs] 
2024-07-28T16:43:41.465+0800: 9.057: Total time for which application threads were stopped: 0.0123318 seconds, Stopping threads took: 0.0000195 seconds
2024-07-28T16:43:41.575+0800: 9.166: Application time: 0.1097067 seconds
2024-07-28T16:43:41.575+0800: 9.167: [GC (Allocation Failure) 2024-07-28T16:43:41.575+0800: 9.167: [ParNew: 77167K->8192K(78656K), 0.0060513 secs] 398336K->353937K(521776K), 0.0061116 secs] [Times: user=0.00 sys=0.00, real=0.01 secs] 
2024-07-28T16:43:41.582+0800: 9.173: Total time for which application threads were stopped: 0.0062273 seconds, Stopping threads took: 0.0000196 seconds
2024-07-28T16:43:41.582+0800: 9.173: [CMS-concurrent-abortable-preclean: 0.005/0.242 secs] [Times: user=0.03 sys=0.00, real=0.24 secs] 
2024-07-28T16:43:41.582+0800: 9.173: Application time: 0.0003488 seconds
2024-07-28T16:43:41.582+0800: 9.173: [GC (CMS Final Remark) [YG occupancy: 14703 K (78656 K)]2024-07-28T16:43:41.582+0800: 9.173: [Rescan (parallel) , 0.0008399 secs]2024-07-28T16:43:41.583+0800: 9.174: [weak refs processing, 0.0000127 secs]2024-07-28T16:43:41.583+0800: 9.174: [class unloading, 0.0001939 secs]2024-07-28T16:43:41.583+0800: 9.174: [scrub symbol table, 0.0003835 secs]2024-07-28T16:43:41.584+0800: 9.175: [scrub string table, 0.0001125 secs][1 CMS-remark: 345745K(443120K)] 360448K(521776K), 0.0016161 secs] [Times: user=0.00 sys=0.00, real=0.00 secs] 
2024-07-28T16:43:41.584+0800: 9.175: Total time for which application threads were stopped: 0.0018128 seconds, Stopping threads took: 0.0001604 seconds
2024-07-28T16:43:41.584+0800: 9.175: [CMS-concurrent-sweep-start]
2024-07-28T16:43:41.585+0800: 9.177: [CMS-concurrent-sweep: 0.002/0.002 secs] [Times: user=0.00 sys=0.00, real=0.00 secs] 
2024-07-28T16:43:41.586+0800: 9.177: [CMS-concurrent-reset-start]
2024-07-28T16:43:41.587+0800: 9.178: [CMS-concurrent-reset: 0.001/0.001 secs] [Times: user=0.00 sys=0.00, real=0.00 secs] 
2024-07-28T16:43:41.588+0800: 9.179: Application time: 0.0046031 seconds
2024-07-28T16:43:41.588+0800: 9.180: [GC (Allocation Failure) 2024-07-28T16:43:41.588+0800: 9.180: [ParNew: 77168K->8192K(78656K), 0.0121613 secs] 263166K->262799K(521776K), 0.0122116 secs] [Times: user=0.03 sys=0.00, real=0.01 secs] 
2024-07-28T16:43:41.601+0800: 9.192: Total time for which application threads were stopped: 0.0123085 seconds, Stopping threads took: 0.0000132 seconds
2024-07-28T16:43:41.601+0800: 9.192: Application time: 0.0001341 seconds
2024-07-28T16:43:41.601+0800: 9.192: [GC (CMS Initial Mark) [1 CMS-initial-mark: 254607K(443120K)] 265215K(521776K), 0.0007138 secs] [Times: user=0.00 sys=0.00, real=0.00 secs] 
2024-07-28T16:43:41.602+0800: 9.193: Total time for which application threads were stopped: 0.0008647 seconds, Stopping threads took: 0.0001007 seconds
2024-07-28T16:43:41.602+0800: 9.193: [CMS-concurrent-mark-start]
2024-07-28T16:43:41.603+0800: 9.194: [CMS-concurrent-mark: 0.001/0.001 secs] [Times: user=0.00 sys=0.00, real=0.00 secs] 
2024-07-28T16:43:41.603+0800: 9.194: [CMS-concurrent-preclean-start]
2024-07-28T16:43:41.603+0800: 9.194: [CMS-concurrent-preclean: 0.001/0.001 secs] [Times: user=0.00 sys=0.00, real=0.00 secs] 
2024-07-28T16:43:41.603+0800: 9.194: [CMS-concurrent-abortable-preclean-start]
2024-07-28T16:43:41.719+0800: 9.311: Application time: 0.1178148 seconds
2024-07-28T16:43:41.719+0800: 9.311: [GC (Allocation Failure) 2024-07-28T16:43:41.720+0800: 9.311: [ParNew: 77168K->8192K(78656K), 0.0117585 secs] 331776K->331408K(521776K), 0.0118374 secs] [Times: user=0.03 sys=0.00, real=0.01 secs] 
2024-07-28T16:43:41.731+0800: 9.323: Total time for which application threads were stopped: 0.0119560 seconds, Stopping threads took: 0.0000280 seconds
2024-07-28T16:43:41.844+0800: 9.436: Application time: 0.1130805 seconds
2024-07-28T16:43:41.844+0800: 9.436: [GC (Allocation Failure) 2024-07-28T16:43:41.845+0800: 9.436: [ParNew: 77171K->8192K(78656K), 0.0062069 secs] 400387K->357009K(521776K), 0.0062810 secs] [Times: user=0.03 sys=0.00, real=0.01 secs] 
2024-07-28T16:43:41.851+0800: 9.442: Total time for which application threads were stopped: 0.0063912 seconds, Stopping threads took: 0.0000193 seconds
2024-07-28T16:43:41.851+0800: 9.442: [CMS-concurrent-abortable-preclean: 0.005/0.248 secs] [Times: user=0.06 sys=0.00, real=0.25 secs] 
2024-07-28T16:43:41.851+0800: 9.442: Application time: 0.0003059 seconds
2024-07-28T16:43:41.851+0800: 9.443: [GC (CMS Final Remark) [YG occupancy: 12649 K (78656 K)]2024-07-28T16:43:41.851+0800: 9.443: [Rescan (parallel) , 0.0007267 secs]2024-07-28T16:43:41.852+0800: 9.443: [weak refs processing, 0.0000130 secs]2024-07-28T16:43:41.852+0800: 9.443: [class unloading, 0.0001831 secs]2024-07-28T16:43:41.852+0800: 9.443: [scrub symbol table, 0.0003543 secs]2024-07-28T16:43:41.853+0800: 9.444: [scrub string table, 0.0001128 secs][1 CMS-remark: 348817K(443120K)] 361467K(521776K), 0.0014533 secs] [Times: user=0.00 sys=0.00, real=0.00 secs] 
2024-07-28T16:43:41.853+0800: 9.444: Total time for which application threads were stopped: 0.0016204 seconds, Stopping threads took: 0.0001247 seconds
2024-07-28T16:43:41.853+0800: 9.444: [CMS-concurrent-sweep-start]
2024-07-28T16:43:41.854+0800: 9.445: [CMS-concurrent-sweep: 0.001/0.001 secs] [Times: user=0.00 sys=0.00, real=0.00 secs] 
2024-07-28T16:43:41.854+0800: 9.445: [CMS-concurrent-reset-start]
2024-07-28T16:43:41.855+0800: 9.447: [CMS-concurrent-reset: 0.001/0.001 secs] [Times: user=0.00 sys=0.00, real=0.00 secs] 
2024-07-28T16:43:41.967+0800: 9.558: Application time: 0.1137306 seconds
2024-07-28T16:43:41.967+0800: 9.558: [GC (Allocation Failure) 2024-07-28T16:43:41.967+0800: 9.558: [ParNew: 77162K->8192K(78656K), 0.0124573 secs] 265209K->264847K(521776K), 0.0125199 secs] [Times: user=0.03 sys=0.00, real=0.01 secs] 
2024-07-28T16:43:41.978+0800: 9.570: Total time for which application threads were stopped: 0.0126378 seconds, Stopping threads took: 0.0000234 seconds
2024-07-28T16:43:41.979+0800: 9.571: Application time: 0.0002222 seconds
2024-07-28T16:43:41.979+0800: 9.571: [GC (CMS Initial Mark) [1 CMS-initial-mark: 256655K(443120K)] 268283K(521776K), 0.0007659 secs] [Times: user=0.00 sys=0.00, real=0.00 secs] 
2024-07-28T16:43:41.979+0800: 9.572: Total time for which application threads were stopped: 0.0009716 seconds, Stopping threads took: 0.0001594 seconds
2024-07-28T16:43:41.980+0800: 9.572: [CMS-concurrent-mark-start]
2024-07-28T16:43:41.983+0800: 9.575: [CMS-concurrent-mark: 0.004/0.004 secs] [Times: user=0.00 sys=0.00, real=0.00 secs] 
2024-07-28T16:43:41.983+0800: 9.575: [CMS-concurrent-preclean-start]
2024-07-28T16:43:41.985+0800: 9.577: [CMS-concurrent-preclean: 0.001/0.001 secs] [Times: user=0.00 sys=0.00, real=0.00 secs] 
2024-07-28T16:43:41.985+0800: 9.577: Application time: 0.0051047 seconds
2024-07-28T16:43:41.985+0800: 9.577: [GC (Allocation Failure) 2024-07-28T16:43:41.985+0800: 9.577: [ParNew: 77165K->8192K(78656K), 0.0118425 secs] 333820K->333457K(521776K), 0.0118943 secs] [Times: user=0.03 sys=0.00, real=0.01 secs] 
2024-07-28T16:43:41.997+0800: 9.589: Total time for which application threads were stopped: 0.0119941 seconds, Stopping threads took: 0.0000174 seconds
2024-07-28T16:43:41.997+0800: 9.589: Application time: 0.0002349 seconds
2024-07-28T16:43:41.997+0800: 9.589: [GC (CMS Final Remark) [YG occupancy: 11629 K (78656 K)]2024-07-28T16:43:41.997+0800: 9.589: [Rescan (parallel) , 0.0005767 secs]2024-07-28T16:43:41.998+0800: 9.590: [weak refs processing, 0.0000250 secs]2024-07-28T16:43:41.998+0800: 9.590: [class unloading, 0.0001943 secs]2024-07-28T16:43:41.998+0800: 9.590: [scrub symbol table, 0.0003120 secs]2024-07-28T16:43:41.998+0800: 9.590: [scrub string table, 0.0000908 secs][1 CMS-remark: 325264K(443120K)] 336894K(521776K), 0.0012694 secs] [Times: user=0.00 sys=0.00, real=0.00 secs] 
2024-07-28T16:43:41.998+0800: 9.590: Total time for which application threads were stopped: 0.0014505 seconds, Stopping threads took: 0.0001451 seconds
2024-07-28T16:43:41.999+0800: 9.591: [CMS-concurrent-sweep-start]
2024-07-28T16:43:42.001+0800: 9.592: [CMS-concurrent-sweep: 0.002/0.002 secs] [Times: user=0.00 sys=0.00, real=0.00 secs] 
2024-07-28T16:43:42.001+0800: 9.592: [CMS-concurrent-reset-start]
2024-07-28T16:43:42.002+0800: 9.593: [CMS-concurrent-reset: 0.001/0.001 secs] [Times: user=0.00 sys=0.00, real=0.00 secs] 
2024-07-28T16:43:42.111+0800: 9.703: Application time: 0.1126332 seconds
2024-07-28T16:43:42.111+0800: 9.703: [GC (Allocation Failure) 2024-07-28T16:43:42.111+0800: 9.703: [ParNew: 77166K->8192K(78656K), 0.0062533 secs] 240636K->198286K(521776K), 0.0063288 secs] [Times: user=0.03 sys=0.00, real=0.01 secs] 
2024-07-28T16:43:42.118+0800: 9.709: Total time for which application threads were stopped: 0.0064418 seconds, Stopping threads took: 0.0000200 seconds
2024-07-28T16:43:42.236+0800: 9.827: Application time: 0.1179320 seconds
2024-07-28T16:43:42.236+0800: 9.827: [GC (Allocation Failure) 2024-07-28T16:43:42.236+0800: 9.827: [ParNew: 77167K->8192K(78656K), 0.0121871 secs] 267262K->266896K(521776K), 0.0122485 secs] [Times: user=0.03 sys=0.00, real=0.01 secs] 
2024-07-28T16:43:42.249+0800: 9.840: Total time for which application threads were stopped: 0.0123797 seconds, Stopping threads took: 0.0000205 seconds
2024-07-28T16:43:42.249+0800: 9.840: Application time: 0.0002332 seconds
2024-07-28T16:43:42.249+0800: 9.840: [GC (CMS Initial Mark) [1 CMS-initial-mark: 258703K(443120K)] 270334K(521776K), 0.0007351 secs] [Times: user=0.00 sys=0.00, real=0.00 secs] 
2024-07-28T16:43:42.250+0800: 9.841: Total time for which application threads were stopped: 0.0009168 seconds, Stopping threads took: 0.0001392 seconds
2024-07-28T16:43:42.250+0800: 9.841: [CMS-concurrent-mark-start]
2024-07-28T16:43:42.253+0800: 9.845: [CMS-concurrent-mark: 0.004/0.004 secs] [Times: user=0.00 sys=0.00, real=0.00 secs] 
2024-07-28T16:43:42.253+0800: 9.845: [CMS-concurrent-preclean-start]
2024-07-28T16:43:42.255+0800: 9.846: [CMS-concurrent-preclean: 0.001/0.001 secs] [Times: user=0.01 sys=0.02, real=0.00 secs] 
2024-07-28T16:43:42.255+0800: 9.846: Application time: 0.0052013 seconds
2024-07-28T16:43:42.255+0800: 9.846: [GC (Allocation Failure) 2024-07-28T16:43:42.255+0800: 9.846: [ParNew: 77167K->8192K(78656K), 0.0121131 secs] 335871K->335505K(521776K), 0.0121632 secs] [Times: user=0.00 sys=0.00, real=0.01 secs] 
2024-07-28T16:43:42.267+0800: 9.858: Total time for which application threads were stopped: 0.0122652 seconds, Stopping threads took: 0.0000160 seconds
2024-07-28T16:43:42.267+0800: 9.859: Application time: 0.0002901 seconds
2024-07-28T16:43:42.268+0800: 9.859: [GC (CMS Final Remark) [YG occupancy: 12655 K (78656 K)]2024-07-28T16:43:42.268+0800: 9.859: [Rescan (parallel) , 0.0006714 secs]2024-07-28T16:43:42.268+0800: 9.860: [weak refs processing, 0.0000129 secs]2024-07-28T16:43:42.268+0800: 9.860: [class unloading, 0.0002056 secs]2024-07-28T16:43:42.269+0800: 9.860: [scrub symbol table, 0.0003682 secs]2024-07-28T16:43:42.269+0800: 9.860: [scrub string table, 0.0001012 secs][1 CMS-remark: 327312K(443120K)] 339968K(521776K), 0.0014394 secs] [Times: user=0.00 sys=0.00, real=0.00 secs] 
2024-07-28T16:43:42.269+0800: 9.860: Total time for which application threads were stopped: 0.0015938 seconds, Stopping threads took: 0.0001054 seconds
2024-07-28T16:43:42.269+0800: 9.861: [CMS-concurrent-sweep-start]
2024-07-28T16:43:42.271+0800: 9.862: [CMS-concurrent-sweep: 0.001/0.001 secs] [Times: user=0.03 sys=0.00, real=0.00 secs] 
2024-07-28T16:43:42.271+0800: 9.862: [CMS-concurrent-reset-start]
2024-07-28T16:43:42.272+0800: 9.863: [CMS-concurrent-reset: 0.001/0.001 secs] [Times: user=0.00 sys=0.00, real=0.00 secs] 
2024-07-28T16:43:42.380+0800: 9.971: Application time: 0.1108314 seconds
2024-07-28T16:43:42.380+0800: 9.971: [GC (Allocation Failure) 2024-07-28T16:43:42.380+0800: 9.971: [ParNew: 77168K->8192K(78656K), 0.0060123 secs] 241662K->200334K(521776K), 0.0060693 secs] [Times: user=0.00 sys=0.00, real=0.00 secs] 
2024-07-28T16:43:42.385+0800: 9.977: Total time for which application threads were stopped: 0.0061812 seconds, Stopping threads took: 0.0000182 seconds
2024-07-28T16:43:42.501+0800: 10.093: Application time: 0.1154066 seconds
2024-07-28T16:43:42.501+0800: 10.093: [GC (Allocation Failure) 2024-07-28T16:43:42.501+0800: 10.093: [ParNew: 77168K->8192K(78656K), 0.0120233 secs] 269311K->268944K(521776K), 0.0120924 secs] [Times: user=0.03 sys=0.00, real=0.01 secs] 
2024-07-28T16:43:42.513+0800: 10.105: Total time for which application threads were stopped: 0.0122094 seconds, Stopping threads took: 0.0000204 seconds
2024-07-28T16:43:42.514+0800: 10.105: Application time: 0.0002094 seconds
2024-07-28T16:43:42.514+0800: 10.105: [GC (CMS Initial Mark) [1 CMS-initial-mark: 260751K(443120K)] 272383K(521776K), 0.0006996 secs] [Times: user=0.00 sys=0.00, real=0.00 secs] 
2024-07-28T16:43:42.514+0800: 10.106: Total time for which application threads were stopped: 0.0008904 seconds, Stopping threads took: 0.0001441 seconds
2024-07-28T16:43:42.515+0800: 10.106: [CMS-concurrent-mark-start]
2024-07-28T16:43:42.518+0800: 10.109: [CMS-concurrent-mark: 0.003/0.003 secs] [Times: user=0.00 sys=0.00, real=0.00 secs] 
2024-07-28T16:43:42.518+0800: 10.109: [CMS-concurrent-preclean-start]
2024-07-28T16:43:42.519+0800: 10.111: [CMS-concurrent-preclean: 0.001/0.001 secs] [Times: user=0.00 sys=0.00, real=0.00 secs] 
2024-07-28T16:43:42.519+0800: 10.111: [CMS-concurrent-abortable-preclean-start]
2024-07-28T16:43:42.520+0800: 10.111: Application time: 0.0053358 seconds
2024-07-28T16:43:42.520+0800: 10.111: [GC (Allocation Failure) 2024-07-28T16:43:42.520+0800: 10.111: [ParNew: 77168K->8192K(78656K), 0.0119816 secs] 337920K->337553K(521776K), 0.0120306 secs] [Times: user=0.00 sys=0.00, real=0.01 secs] 
2024-07-28T16:43:42.532+0800: 10.123: Total time for which application threads were stopped: 0.0121292 seconds, Stopping threads took: 0.0000153 seconds
2024-07-28T16:43:42.646+0800: 10.238: Application time: 0.1142005 seconds
2024-07-28T16:43:42.646+0800: 10.238: [GC (Allocation Failure) 2024-07-28T16:43:42.647+0800: 10.238: [ParNew: 77168K->8192K(78656K), 0.0090364 secs] 406529K->366225K(521776K), 0.0091330 secs] [Times: user=0.00 sys=0.00, real=0.01 secs] 
2024-07-28T16:43:42.656+0800: 10.247: Total time for which application threads were stopped: 0.0092688 seconds, Stopping threads took: 0.0000204 seconds
2024-07-28T16:43:42.656+0800: 10.247: [CMS-concurrent-abortable-preclean: 0.003/0.136 secs] [Times: user=0.05 sys=0.00, real=0.14 secs] 
2024-07-28T16:43:42.656+0800: 10.247: Application time: 0.0001565 seconds
2024-07-28T16:43:42.656+0800: 10.247: [GC (CMS Final Remark) [YG occupancy: 11631 K (78656 K)]2024-07-28T16:43:42.656+0800: 10.247: [Rescan (parallel) , 0.0003547 secs]2024-07-28T16:43:42.656+0800: 10.248: [weak refs processing, 0.0000164 secs]2024-07-28T16:43:42.656+0800: 10.248: [class unloading, 0.0004249 secs]2024-07-28T16:43:42.657+0800: 10.248: [scrub symbol table, 0.0005560 secs]2024-07-28T16:43:42.657+0800: 10.249: [scrub string table, 0.0001648 secs][1 CMS-remark: 358033K(443120K)] 369665K(521776K), 0.0016361 secs] [Times: user=0.00 sys=0.00, real=0.00 secs] 
2024-07-28T16:43:42.658+0800: 10.249: Total time for which application threads were stopped: 0.0017692 seconds, Stopping threads took: 0.0000634 seconds
2024-07-28T16:43:42.658+0800: 10.249: [CMS-concurrent-sweep-start]
2024-07-28T16:43:42.659+0800: 10.251: [CMS-concurrent-sweep: 0.001/0.001 secs] [Times: user=0.00 sys=0.00, real=0.00 secs] 
2024-07-28T16:43:42.659+0800: 10.251: [CMS-concurrent-reset-start]
2024-07-28T16:43:42.661+0800: 10.252: [CMS-concurrent-reset: 0.002/0.002 secs] [Times: user=0.03 sys=0.00, real=0.00 secs] 
2024-07-28T16:43:42.770+0800: 10.361: Application time: 0.1125238 seconds
2024-07-28T16:43:42.770+0800: 10.361: [GC (Allocation Failure) 2024-07-28T16:43:42.770+0800: 10.362: [ParNew: 77168K->8192K(78656K), 0.0120419 secs] 271359K->270992K(521776K), 0.0121242 secs] [Times: user=0.00 sys=0.00, real=0.01 secs] 
2024-07-28T16:43:42.783+0800: 10.374: Total time for which application threads were stopped: 0.0122434 seconds, Stopping threads took: 0.0000231 seconds
2024-07-28T16:43:42.783+0800: 10.374: Application time: 0.0002418 seconds
2024-07-28T16:43:42.783+0800: 10.374: [GC (CMS Initial Mark) [1 CMS-initial-mark: 262799K(443120K)] 274431K(521776K), 0.0008614 secs] [Times: user=0.00 sys=0.00, real=0.00 secs] 
2024-07-28T16:43:42.784+0800: 10.375: Total time for which application threads were stopped: 0.0009911 seconds, Stopping threads took: 0.0000865 seconds
2024-07-28T16:43:42.784+0800: 10.375: [CMS-concurrent-mark-start]
2024-07-28T16:43:42.788+0800: 10.379: [CMS-concurrent-mark: 0.004/0.004 secs] [Times: user=0.05 sys=0.00, real=0.00 secs] 
2024-07-28T16:43:42.788+0800: 10.379: [CMS-concurrent-preclean-start]
2024-07-28T16:43:42.789+0800: 10.380: Application time: 0.0049394 seconds
2024-07-28T16:43:42.789+0800: 10.380: [GC (Allocation Failure) 2024-07-28T16:43:42.789+0800: 10.380: [ParNew: 77168K->8192K(78656K), 0.0120752 secs] 339968K->339601K(521776K), 0.0121240 secs] [Times: user=0.00 sys=0.00, real=0.01 secs] 
2024-07-28T16:43:42.801+0800: 10.392: Total time for which application threads were stopped: 0.0122325 seconds, Stopping threads took: 0.0000136 seconds
2024-07-28T16:43:42.802+0800: 10.393: [CMS-concurrent-preclean: 0.002/0.014 secs] [Times: user=0.03 sys=0.00, real=0.01 secs] 
2024-07-28T16:43:42.802+0800: 10.393: [CMS-concurrent-abortable-preclean-start]
2024-07-28T16:43:42.913+0800: 10.505: Application time: 0.1125385 seconds
2024-07-28T16:43:42.913+0800: 10.505: [GC (Allocation Failure) 2024-07-28T16:43:42.913+0800: 10.505: [ParNew: 77168K->8192K(78656K), 0.0063605 secs] 408577K->369297K(521776K), 0.0064198 secs] [Times: user=0.00 sys=0.00, real=0.01 secs] 
2024-07-28T16:43:42.919+0800: 10.511: Total time for which application threads were stopped: 0.0065425 seconds, Stopping threads took: 0.0000201 seconds
2024-07-28T16:43:42.919+0800: 10.511: [CMS-concurrent-abortable-preclean: 0.003/0.118 secs] [Times: user=0.00 sys=0.00, real=0.12 secs] 
2024-07-28T16:43:42.920+0800: 10.511: Application time: 0.0002306 seconds
2024-07-28T16:43:42.920+0800: 10.512: [GC (CMS Final Remark) [YG occupancy: 11631 K (78656 K)]2024-07-28T16:43:42.920+0800: 10.512: [Rescan (parallel) , 0.0009796 secs]2024-07-28T16:43:42.921+0800: 10.513: [weak refs processing, 0.0000130 secs]2024-07-28T16:43:42.921+0800: 10.513: [class unloading, 0.0001854 secs]2024-07-28T16:43:42.921+0800: 10.513: [scrub symbol table, 0.0003469 secs]2024-07-28T16:43:42.921+0800: 10.513: [scrub string table, 0.0001108 secs][1 CMS-remark: 361105K(443120K)] 372737K(521776K), 0.0016983 secs] [Times: user=0.00 sys=0.00, real=0.00 secs] 
2024-07-28T16:43:42.921+0800: 10.513: Total time for which application threads were stopped: 0.0018402 seconds, Stopping threads took: 0.0001058 seconds
2024-07-28T16:43:42.922+0800: 10.513: [CMS-concurrent-sweep-start]
2024-07-28T16:43:42.923+0800: 10.515: [CMS-concurrent-sweep: 0.002/0.002 secs] [Times: user=0.00 sys=0.00, real=0.00 secs] 
2024-07-28T16:43:42.923+0800: 10.515: [CMS-concurrent-reset-start]
2024-07-28T16:43:42.925+0800: 10.516: [CMS-concurrent-reset: 0.001/0.001 secs] [Times: user=0.00 sys=0.00, real=0.00 secs] 
2024-07-28T16:43:43.036+0800: 10.628: Application time: 0.1147802 seconds
2024-07-28T16:43:43.036+0800: 10.628: [GC (Allocation Failure) 2024-07-28T16:43:43.036+0800: 10.628: [ParNew: 77168K->8192K(78656K), 0.0118560 secs] 273407K->273040K(521776K), 0.0119203 secs] [Times: user=0.00 sys=0.00, real=0.01 secs] 
2024-07-28T16:43:43.048+0800: 10.640: Total time for which application threads were stopped: 0.0120488 seconds, Stopping threads took: 0.0000219 seconds
2024-07-28T16:43:43.049+0800: 10.640: Application time: 0.0001265 seconds
2024-07-28T16:43:43.049+0800: 10.640: [GC (CMS Initial Mark) [1 CMS-initial-mark: 264847K(443120K)] 276479K(521776K), 0.0007964 secs] [Times: user=0.00 sys=0.00, real=0.00 secs] 
2024-07-28T16:43:43.049+0800: 10.641: Total time for which application threads were stopped: 0.0009158 seconds, Stopping threads took: 0.0000779 seconds
2024-07-28T16:43:43.050+0800: 10.641: [CMS-concurrent-mark-start]
2024-07-28T16:43:43.053+0800: 10.645: [CMS-concurrent-mark: 0.004/0.004 secs] [Times: user=0.05 sys=0.00, real=0.00 secs] 
2024-07-28T16:43:43.053+0800: 10.645: [CMS-concurrent-preclean-start]
2024-07-28T16:43:43.055+0800: 10.646: [CMS-concurrent-preclean: 0.001/0.001 secs] [Times: user=0.00 sys=0.00, real=0.00 secs] 
2024-07-28T16:43:43.055+0800: 10.646: Application time: 0.0052513 seconds
2024-07-28T16:43:43.055+0800: 10.646: [GC (Allocation Failure) 2024-07-28T16:43:43.055+0800: 10.646: [ParNew: 77168K->8192K(78656K), 0.0121002 secs] 342016K->341649K(521776K), 0.0121505 secs] [Times: user=0.02 sys=0.00, real=0.01 secs] 
2024-07-28T16:43:43.067+0800: 10.659: Total time for which application threads were stopped: 0.0122515 seconds, Stopping threads took: 0.0000146 seconds
2024-07-28T16:43:43.067+0800: 10.659: Application time: 0.0002861 seconds
2024-07-28T16:43:43.067+0800: 10.659: [GC (CMS Final Remark) [YG occupancy: 13679 K (78656 K)]2024-07-28T16:43:43.067+0800: 10.659: [Rescan (parallel) , 0.0007314 secs]2024-07-28T16:43:43.068+0800: 10.660: [weak refs processing, 0.0000130 secs]2024-07-28T16:43:43.068+0800: 10.660: [class unloading, 0.0001968 secs]2024-07-28T16:43:43.068+0800: 10.660: [scrub symbol table, 0.0003467 secs]2024-07-28T16:43:43.069+0800: 10.660: [scrub string table, 0.0001010 secs][1 CMS-remark: 333457K(443120K)] 347136K(521776K), 0.0014523 secs] [Times: user=0.00 sys=0.00, real=0.00 secs] 
2024-07-28T16:43:43.069+0800: 10.661: Total time for which application threads were stopped: 0.0016499 seconds, Stopping threads took: 0.0001614 seconds
2024-07-28T16:43:43.069+0800: 10.661: [CMS-concurrent-sweep-start]
2024-07-28T16:43:43.071+0800: 10.662: [CMS-concurrent-sweep: 0.001/0.001 secs] [Times: user=0.00 sys=0.00, real=0.00 secs] 
2024-07-28T16:43:43.071+0800: 10.662: [CMS-concurrent-reset-start]
2024-07-28T16:43:43.071+0800: 10.663: [CMS-concurrent-reset: 0.001/0.001 secs] [Times: user=0.00 sys=0.00, real=0.00 secs] 
2024-07-28T16:43:43.182+0800: 10.773: Application time: 0.1128053 seconds
2024-07-28T16:43:43.182+0800: 10.773: [GC (Allocation Failure) 2024-07-28T16:43:43.182+0800: 10.773: [ParNew: 77168K->8192K(78656K), 0.0065026 secs] 244735K->206479K(521776K), 0.0065636 secs] [Times: user=0.00 sys=0.00, real=0.01 secs] 
2024-07-28T16:43:43.188+0800: 10.780: Total time for which application threads were stopped: 0.0066774 seconds, Stopping threads took: 0.0000195 seconds
2024-07-28T16:43:43.304+0800: 10.895: Application time: 0.1151311 seconds
2024-07-28T16:43:43.304+0800: 10.895: [GC (Allocation Failure) 2024-07-28T16:43:43.304+0800: 10.895: [ParNew: 77168K->8192K(78656K), 0.0124730 secs] 275455K->275088K(521776K), 0.0125565 secs] [Times: user=0.00 sys=0.00, real=0.01 secs] 
2024-07-28T16:43:43.316+0800: 10.908: Total time for which application threads were stopped: 0.0126883 seconds, Stopping threads took: 0.0000205 seconds
2024-07-28T16:43:43.316+0800: 10.908: Application time: 0.0001702 seconds
2024-07-28T16:43:43.316+0800: 10.908: [GC (CMS Initial Mark) [1 CMS-initial-mark: 266896K(443120K)] 278527K(521776K), 0.0007686 secs] [Times: user=0.00 sys=0.00, real=0.00 secs] 
2024-07-28T16:43:43.317+0800: 10.909: Total time for which application threads were stopped: 0.0009807 seconds, Stopping threads took: 0.0001701 seconds
2024-07-28T16:43:43.317+0800: 10.909: [CMS-concurrent-mark-start]
2024-07-28T16:43:43.321+0800: 10.913: [CMS-concurrent-mark: 0.004/0.004 secs] [Times: user=0.00 sys=0.00, real=0.00 secs] 
2024-07-28T16:43:43.321+0800: 10.913: [CMS-concurrent-preclean-start]
2024-07-28T16:43:43.322+0800: 10.914: [CMS-concurrent-preclean: 0.001/0.001 secs] [Times: user=0.00 sys=0.00, real=0.00 secs] 
2024-07-28T16:43:43.322+0800: 10.914: Application time: 0.0049965 seconds
2024-07-28T16:43:43.322+0800: 10.914: [GC (Allocation Failure) 2024-07-28T16:43:43.322+0800: 10.914: [ParNew: 77168K->8192K(78656K), 0.0124160 secs] 344064K->343697K(521776K), 0.0124855 secs] [Times: user=0.03 sys=0.00, real=0.01 secs] 
2024-07-28T16:43:43.335+0800: 10.927: Total time for which application threads were stopped: 0.0126005 seconds, Stopping threads took: 0.0000123 seconds
2024-07-28T16:43:43.335+0800: 10.927: Application time: 0.0002544 seconds
2024-07-28T16:43:43.335+0800: 10.927: [GC (CMS Final Remark) [YG occupancy: 11631 K (78656 K)]2024-07-28T16:43:43.335+0800: 10.927: [Rescan (parallel) , 0.0008815 secs]2024-07-28T16:43:43.336+0800: 10.928: [weak refs processing, 0.0000171 secs]2024-07-28T16:43:43.336+0800: 10.928: [class unloading, 0.0002391 secs]2024-07-28T16:43:43.336+0800: 10.928: [scrub symbol table, 0.0003638 secs]2024-07-28T16:43:43.337+0800: 10.929: [scrub string table, 0.0001234 secs][1 CMS-remark: 335505K(443120K)] 347136K(521776K), 0.0017099 secs] [Times: user=0.00 sys=0.00, real=0.00 secs] 
2024-07-28T16:43:43.337+0800: 10.929: Total time for which application threads were stopped: 0.0019307 seconds, Stopping threads took: 0.0001808 seconds
2024-07-28T16:43:43.337+0800: 10.929: [CMS-concurrent-sweep-start]
2024-07-28T16:43:43.339+0800: 10.931: [CMS-concurrent-sweep: 0.002/0.002 secs] [Times: user=0.00 sys=0.00, real=0.00 secs] 
2024-07-28T16:43:43.339+0800: 10.931: [CMS-concurrent-reset-start]
2024-07-28T16:43:43.339+0800: 10.931: [CMS-concurrent-reset: 0.001/0.001 secs] [Times: user=0.00 sys=0.00, real=0.00 secs] 
2024-07-28T16:43:43.446+0800: 11.038: Application time: 0.1094478 seconds
2024-07-28T16:43:43.447+0800: 11.038: [GC (Allocation Failure) 2024-07-28T16:43:43.447+0800: 11.038: [ParNew: 77168K->8192K(78656K), 0.0066350 secs] 245759K->208527K(521776K), 0.0067087 secs] [Times: user=0.00 sys=0.00, real=0.01 secs] 
2024-07-28T16:43:43.453+0800: 11.045: Total time for which application threads were stopped: 0.0068234 seconds, Stopping threads took: 0.0000229 seconds
2024-07-28T16:43:43.571+0800: 11.163: Application time: 0.1179141 seconds
2024-07-28T16:43:43.572+0800: 11.163: [GC (Allocation Failure) 2024-07-28T16:43:43.572+0800: 11.163: [ParNew: 77168K->8192K(78656K), 0.0120916 secs] 277503K->277136K(521776K), 0.0121545 secs] [Times: user=0.03 sys=0.00, real=0.01 secs] 
2024-07-28T16:43:43.584+0800: 11.175: Total time for which application threads were stopped: 0.0122712 seconds, Stopping threads took: 0.0000197 seconds
2024-07-28T16:43:43.588+0800: 11.180: Application time: 0.0045303 seconds
2024-07-28T16:43:43.588+0800: 11.180: [GC (Allocation Failure) 2024-07-28T16:43:43.588+0800: 11.180: [ParNew: 77168K->8192K(78656K), 0.0119323 secs] 346112K->345745K(521776K), 0.0119824 secs] [Times: user=0.03 sys=0.00, real=0.01 secs] 
2024-07-28T16:43:43.600+0800: 11.192: Total time for which application threads were stopped: 0.0120849 seconds, Stopping threads took: 0.0000164 seconds
2024-07-28T16:43:43.600+0800: 11.192: Application time: 0.0002012 seconds
2024-07-28T16:43:43.601+0800: 11.192: [GC (CMS Initial Mark) [1 CMS-initial-mark: 337553K(443120K)] 349184K(521776K), 0.0008254 secs] [Times: user=0.00 sys=0.00, real=0.00 secs] 
2024-07-28T16:43:43.601+0800: 11.193: Total time for which application threads were stopped: 0.0009930 seconds, Stopping threads took: 0.0001234 seconds
2024-07-28T16:43:43.601+0800: 11.193: [CMS-concurrent-mark-start]
2024-07-28T16:43:43.604+0800: 11.196: [CMS-concurrent-mark: 0.003/0.003 secs] [Times: user=0.00 sys=0.00, real=0.00 secs] 
2024-07-28T16:43:43.604+0800: 11.196: [CMS-concurrent-preclean-start]
2024-07-28T16:43:43.605+0800: 11.196: [CMS-concurrent-preclean: 0.001/0.001 secs] [Times: user=0.00 sys=0.00, real=0.00 secs] 
2024-07-28T16:43:43.605+0800: 11.196: [CMS-concurrent-abortable-preclean-start]
2024-07-28T16:43:43.716+0800: 11.308: Application time: 0.1144164 seconds
2024-07-28T16:43:43.716+0800: 11.308: [GC (Allocation Failure) 2024-07-28T16:43:43.716+0800: 11.308: [ParNew: 77168K->8192K(78656K), 0.0071490 secs] 414721K->378513K(521776K), 0.0072100 secs] [Times: user=0.00 sys=0.00, real=0.01 secs] 
2024-07-28T16:43:43.723+0800: 11.315: Total time for which application threads were stopped: 0.0073225 seconds, Stopping threads took: 0.0000192 seconds
2024-07-28T16:43:43.838+0800: 11.430: Application time: 0.1147183 seconds
2024-07-28T16:43:43.838+0800: 11.430: [GC (Allocation Failure) 2024-07-28T16:43:43.838+0800: 11.430: [ParNew: 77168K->8192K(78656K), 0.0120308 secs] 447490K->447122K(521776K), 0.0120896 secs] [Times: user=0.03 sys=0.00, real=0.01 secs] 
2024-07-28T16:43:43.850+0800: 11.442: Total time for which application threads were stopped: 0.0121984 seconds, Stopping threads took: 0.0000178 seconds
2024-07-28T16:43:43.854+0800: 11.446: Application time: 0.0044379 seconds
2024-07-28T16:43:43.854+0800: 11.446: [GC (Allocation Failure) 2024-07-28T16:43:43.854+0800: 11.446: [ParNew: 77168K->8192K(78656K), 0.0371921 secs] 516099K->515731K(587568K), 0.0372555 secs] [Times: user=0.05 sys=0.01, real=0.04 secs] 
2024-07-28T16:43:43.892+0800: 11.484: Total time for which application threads were stopped: 0.0373538 seconds, Stopping threads took: 0.0000151 seconds
2024-07-28T16:43:43.892+0800: 11.484: [CMS-concurrent-abortable-preclean: 0.005/0.287 secs] [Times: user=0.08 sys=0.01, real=0.29 secs] 
2024-07-28T16:43:43.892+0800: 11.484: Application time: 0.0003334 seconds
2024-07-28T16:43:43.892+0800: 11.484: [GC (CMS Final Remark) [YG occupancy: 13679 K (78656 K)]2024-07-28T16:43:43.892+0800: 11.484: [Rescan (parallel) , 0.0008470 secs]2024-07-28T16:43:43.893+0800: 11.485: [weak refs processing, 0.0000128 secs]2024-07-28T16:43:43.893+0800: 11.485: [class unloading, 0.0002649 secs]2024-07-28T16:43:43.894+0800: 11.485: [scrub symbol table, 0.0003202 secs]2024-07-28T16:43:43.894+0800: 11.485: [scrub string table, 0.0000905 secs][1 CMS-remark: 507539K(508912K)] 521219K(587568K), 0.0015981 secs] [Times: user=0.00 sys=0.00, real=0.00 secs] 
2024-07-28T16:43:43.894+0800: 11.486: Total time for which application threads were stopped: 0.0017128 seconds, Stopping threads took: 0.0000797 seconds
2024-07-28T16:43:43.894+0800: 11.486: [CMS-concurrent-sweep-start]
2024-07-28T16:43:43.895+0800: 11.487: [CMS-concurrent-sweep: 0.001/0.001 secs] [Times: user=0.03 sys=0.00, real=0.00 secs] 
2024-07-28T16:43:43.896+0800: 11.487: [CMS-concurrent-reset-start]
2024-07-28T16:43:43.896+0800: 11.488: [CMS-concurrent-reset: 0.001/0.001 secs] [Times: user=0.00 sys=0.00, real=0.00 secs] 
2024-07-28T16:43:43.999+0800: 11.590: Application time: 0.1047123 seconds
2024-07-28T16:43:43.999+0800: 11.590: [GC (Allocation Failure) 2024-07-28T16:43:43.999+0800: 11.590: [ParNew: 77168K->8192K(78656K), 0.0074991 secs] 416769K->381585K(644660K), 0.0075591 secs] [Times: user=0.03 sys=0.00, real=0.01 secs] 
2024-07-28T16:43:44.006+0800: 11.598: Total time for which application threads were stopped: 0.0076957 seconds, Stopping threads took: 0.0000361 seconds
2024-07-28T16:43:44.007+0800: 11.598: Application time: 0.0002152 seconds
2024-07-28T16:43:44.007+0800: 11.598: [GC (CMS Initial Mark) [1 CMS-initial-mark: 373393K(566004K)] 385025K(644660K), 0.0008153 secs] [Times: user=0.00 sys=0.00, real=0.00 secs] 
2024-07-28T16:43:44.008+0800: 11.599: Total time for which application threads were stopped: 0.0009734 seconds, Stopping threads took: 0.0001129 seconds
2024-07-28T16:43:44.008+0800: 11.599: [CMS-concurrent-mark-start]
2024-07-28T16:43:44.012+0800: 11.604: [CMS-concurrent-mark: 0.004/0.004 secs] [Times: user=0.00 sys=0.00, real=0.00 secs] 
2024-07-28T16:43:44.012+0800: 11.604: [CMS-concurrent-preclean-start]
2024-07-28T16:43:44.013+0800: 11.604: [CMS-concurrent-preclean: 0.001/0.001 secs] [Times: user=0.00 sys=0.00, real=0.00 secs] 
2024-07-28T16:43:44.013+0800: 11.604: [CMS-concurrent-abortable-preclean-start]
2024-07-28T16:43:44.122+0800: 11.714: Application time: 0.1147692 seconds
2024-07-28T16:43:44.122+0800: 11.714: [GC (Allocation Failure) 2024-07-28T16:43:44.122+0800: 11.714: [ParNew: 77168K->8192K(78656K), 0.0120867 secs] 450562K->450194K(644660K), 0.0121461 secs] [Times: user=0.03 sys=0.00, real=0.01 secs] 
2024-07-28T16:43:44.134+0800: 11.726: Total time for which application threads were stopped: 0.0122612 seconds, Stopping threads took: 0.0000196 seconds
2024-07-28T16:43:44.139+0800: 11.731: Application time: 0.0047286 seconds
2024-07-28T16:43:44.139+0800: 11.731: [GC (Allocation Failure) 2024-07-28T16:43:44.139+0800: 11.731: [ParNew: 77168K->8192K(78656K), 0.0131433 secs] 519171K->518803K(644660K), 0.0131933 secs] [Times: user=0.03 sys=0.00, real=0.01 secs] 
2024-07-28T16:43:44.152+0800: 11.744: Total time for which application threads were stopped: 0.0133021 seconds, Stopping threads took: 0.0000225 seconds
2024-07-28T16:43:44.267+0800: 11.859: Application time: 0.1148637 seconds
2024-07-28T16:43:44.267+0800: 11.859: [GC (Allocation Failure) 2024-07-28T16:43:44.267+0800: 11.859: [ParNew: 77168K->8192K(78656K), 0.0211445 secs] 587780K->553620K(644660K), 0.0212061 secs] [Times: user=0.06 sys=0.00, real=0.02 secs] 
2024-07-28T16:43:44.289+0800: 11.880: Total time for which application threads were stopped: 0.0213177 seconds, Stopping threads took: 0.0000197 seconds
2024-07-28T16:43:44.406+0800: 11.997: [CMS-concurrent-abortable-preclean: 0.009/0.393 secs] [Times: user=0.13 sys=0.00, real=0.39 secs] 
2024-07-28T16:43:44.406+0800: 11.998: Application time: 0.1172698 seconds
2024-07-28T16:43:44.407+0800: 11.998: [GC (CMS Final Remark) [YG occupancy: 74096 K (78656 K)]2024-07-28T16:43:44.407+0800: 11.998: [Rescan (parallel) , 0.0012384 secs]2024-07-28T16:43:44.408+0800: 11.999: [weak refs processing, 0.0000138 secs]2024-07-28T16:43:44.408+0800: 11.999: [class unloading, 0.0001826 secs]2024-07-28T16:43:44.408+0800: 11.999: [scrub symbol table, 0.0003778 secs]2024-07-28T16:43:44.408+0800: 12.000: [scrub string table, 0.0001102 secs][1 CMS-remark: 545428K(566004K)] 619524K(644660K), 0.0019968 secs] [Times: user=0.00 sys=0.00, real=0.00 secs] 
2024-07-28T16:43:44.409+0800: 12.000: Total time for which application threads were stopped: 0.0021951 seconds, Stopping threads took: 0.0001534 seconds
2024-07-28T16:43:44.409+0800: 12.000: [CMS-concurrent-sweep-start]
2024-07-28T16:43:44.409+0800: 12.000: Application time: 0.0003186 seconds
2024-07-28T16:43:44.409+0800: 12.000: [GC (Allocation Failure) 2024-07-28T16:43:44.409+0800: 12.000: [ParNew: 77168K->8192K(78656K), 0.0284128 secs] 596996K->596629K(669332K), 0.0284755 secs] [Times: user=0.05 sys=0.02, real=0.03 secs] 
2024-07-28T16:43:44.438+0800: 12.029: Total time for which application threads were stopped: 0.0286112 seconds, Stopping threads took: 0.0000148 seconds
2024-07-28T16:43:44.439+0800: 12.031: [CMS-concurrent-sweep: 0.002/0.030 secs] [Times: user=0.05 sys=0.02, real=0.03 secs] 
2024-07-28T16:43:44.439+0800: 12.031: [CMS-concurrent-reset-start]
2024-07-28T16:43:44.441+0800: 12.032: [CMS-concurrent-reset: 0.001/0.001 secs] [Times: user=0.00 sys=0.00, real=0.00 secs] 
2024-07-28T16:43:44.443+0800: 12.034: Application time: 0.0051194 seconds
2024-07-28T16:43:44.443+0800: 12.034: [GC (Allocation Failure) 2024-07-28T16:43:44.443+0800: 12.034: [ParNew: 77168K->8192K(78656K), 0.0123021 secs] 352256K->351889K(669332K), 0.0123535 secs] [Times: user=0.00 sys=0.00, real=0.01 secs] 
2024-07-28T16:43:44.455+0800: 12.046: Total time for which application threads were stopped: 0.0124542 seconds, Stopping threads took: 0.0000155 seconds
2024-07-28T16:43:44.455+0800: 12.047: Application time: 0.0001976 seconds
2024-07-28T16:43:44.456+0800: 12.047: [GC (CMS Initial Mark) [1 CMS-initial-mark: 343697K(590676K)] 355328K(669332K), 0.0006888 secs] [Times: user=0.00 sys=0.00, real=0.00 secs] 
2024-07-28T16:43:44.456+0800: 12.048: Total time for which application threads were stopped: 0.0008534 seconds, Stopping threads took: 0.0001259 seconds
2024-07-28T16:43:44.456+0800: 12.048: [CMS-concurrent-mark-start]
2024-07-28T16:43:44.458+0800: 12.050: [CMS-concurrent-mark: 0.002/0.002 secs] [Times: user=0.05 sys=0.00, real=0.00 secs] 
2024-07-28T16:43:44.458+0800: 12.050: [CMS-concurrent-preclean-start]
2024-07-28T16:43:44.459+0800: 12.050: [CMS-concurrent-preclean: 0.001/0.001 secs] [Times: user=0.00 sys=0.00, real=0.00 secs] 
2024-07-28T16:43:44.459+0800: 12.050: [CMS-concurrent-abortable-preclean-start]
2024-07-28T16:43:44.566+0800: 12.157: Application time: 0.1098014 seconds
2024-07-28T16:43:44.566+0800: 12.157: [GC (Allocation Failure) 2024-07-28T16:43:44.566+0800: 12.157: [ParNew: 77168K->8192K(78656K), 0.0076516 secs] 420865K->387729K(669332K), 0.0077109 secs] [Times: user=0.13 sys=0.00, real=0.01 secs] 
2024-07-28T16:43:44.574+0800: 12.165: Total time for which application threads were stopped: 0.0078338 seconds, Stopping threads took: 0.0000197 seconds
2024-07-28T16:43:44.689+0800: 12.281: Application time: 0.1156813 seconds
2024-07-28T16:43:44.689+0800: 12.281: [GC (Allocation Failure) 2024-07-28T16:43:44.690+0800: 12.281: [ParNew: 77168K->8192K(78656K), 0.0120369 secs] 456706K->456338K(669332K), 0.0121031 secs] [Times: user=0.03 sys=0.00, real=0.01 secs] 
2024-07-28T16:43:44.702+0800: 12.293: Total time for which application threads were stopped: 0.0122153 seconds, Stopping threads took: 0.0000202 seconds
2024-07-28T16:43:44.702+0800: 12.293: [CMS-concurrent-abortable-preclean: 0.006/0.243 secs] [Times: user=0.16 sys=0.00, real=0.24 secs] 
2024-07-28T16:43:44.702+0800: 12.293: Application time: 0.0003159 seconds
2024-07-28T16:43:44.702+0800: 12.294: [GC (CMS Final Remark) [YG occupancy: 12655 K (78656 K)]2024-07-28T16:43:44.702+0800: 12.294: [Rescan (parallel) , 0.0010892 secs]2024-07-28T16:43:44.703+0800: 12.295: [weak refs processing, 0.0000126 secs]2024-07-28T16:43:44.703+0800: 12.295: [class unloading, 0.0001855 secs]2024-07-28T16:43:44.703+0800: 12.295: [scrub symbol table, 0.0004189 secs]2024-07-28T16:43:44.704+0800: 12.295: [scrub string table, 0.0001035 secs][1 CMS-remark: 448146K(590676K)] 460802K(669332K), 0.0018850 secs] [Times: user=0.00 sys=0.00, real=0.00 secs] 
2024-07-28T16:43:44.704+0800: 12.295: Total time for which application threads were stopped: 0.0020675 seconds, Stopping threads took: 0.0001458 seconds
2024-07-28T16:43:44.704+0800: 12.296: [CMS-concurrent-sweep-start]
2024-07-28T16:43:44.706+0800: 12.298: [CMS-concurrent-sweep: 0.002/0.002 secs] [Times: user=0.00 sys=0.00, real=0.00 secs] 
2024-07-28T16:43:44.706+0800: 12.298: [CMS-concurrent-reset-start]
2024-07-28T16:43:44.707+0800: 12.299: [CMS-concurrent-reset: 0.001/0.001 secs] [Times: user=0.00 sys=0.00, real=0.00 secs] 
2024-07-28T16:43:44.709+0800: 12.300: Application time: 0.0048496 seconds
2024-07-28T16:43:44.709+0800: 12.300: [GC (Allocation Failure) 2024-07-28T16:43:44.709+0800: 12.300: [ParNew: 77168K->8192K(78656K), 0.0117032 secs] 354304K->353937K(669332K), 0.0117505 secs] [Times: user=0.00 sys=0.00, real=0.01 secs] 
2024-07-28T16:43:44.721+0800: 12.312: Total time for which application threads were stopped: 0.0118477 seconds, Stopping threads took: 0.0000139 seconds
2024-07-28T16:43:44.721+0800: 12.312: Application time: 0.0001221 seconds
2024-07-28T16:43:44.721+0800: 12.312: [GC (CMS Initial Mark) [1 CMS-initial-mark: 345745K(590676K)] 354961K(669332K), 0.0004627 secs] [Times: user=0.00 sys=0.00, real=0.00 secs] 
2024-07-28T16:43:44.721+0800: 12.313: Total time for which application threads were stopped: 0.0006331 seconds, Stopping threads took: 0.0001249 seconds
2024-07-28T16:43:44.722+0800: 12.313: [CMS-concurrent-mark-start]
2024-07-28T16:43:44.724+0800: 12.315: [CMS-concurrent-mark: 0.002/0.002 secs] [Times: user=0.05 sys=0.00, real=0.00 secs] 
2024-07-28T16:43:44.724+0800: 12.315: [CMS-concurrent-preclean-start]
2024-07-28T16:43:44.724+0800: 12.316: [CMS-concurrent-preclean: 0.001/0.001 secs] [Times: user=0.00 sys=0.00, real=0.00 secs] 
2024-07-28T16:43:44.724+0800: 12.316: [CMS-concurrent-abortable-preclean-start]
2024-07-28T16:43:44.834+0800: 12.425: Application time: 0.1123996 seconds
2024-07-28T16:43:44.834+0800: 12.425: [GC (Allocation Failure) 2024-07-28T16:43:44.834+0800: 12.425: [ParNew: 77168K->8192K(78656K), 0.0079073 secs] 422913K->390801K(669332K), 0.0079667 secs] [Times: user=0.00 sys=0.00, real=0.01 secs] 
2024-07-28T16:43:44.842+0800: 12.433: Total time for which application threads were stopped: 0.0080770 seconds, Stopping threads took: 0.0000196 seconds
2024-07-28T16:43:44.956+0800: 12.548: Application time: 0.1147545 seconds
2024-07-28T16:43:44.956+0800: 12.548: [GC (Allocation Failure) 2024-07-28T16:43:44.956+0800: 12.548: [ParNew: 77168K->8192K(78656K), 0.0119124 secs] 459778K->459410K(669332K), 0.0119732 secs] [Times: user=0.03 sys=0.00, real=0.01 secs] 
2024-07-28T16:43:44.968+0800: 12.560: Total time for which application threads were stopped: 0.0120904 seconds, Stopping threads took: 0.0000194 seconds
2024-07-28T16:43:44.968+0800: 12.560: [CMS-concurrent-abortable-preclean: 0.006/0.244 secs] [Times: user=0.06 sys=0.00, real=0.24 secs] 
2024-07-28T16:43:44.969+0800: 12.560: Application time: 0.0001884 seconds
2024-07-28T16:43:44.969+0800: 12.561: [GC (CMS Final Remark) [YG occupancy: 11631 K (78656 K)]2024-07-28T16:43:44.969+0800: 12.561: [Rescan (parallel) , 0.0007982 secs]2024-07-28T16:43:44.970+0800: 12.561: [weak refs processing, 0.0000243 secs]2024-07-28T16:43:44.970+0800: 12.561: [class unloading, 0.0002424 secs]2024-07-28T16:43:44.970+0800: 12.562: [scrub symbol table, 0.0003195 secs]2024-07-28T16:43:44.970+0800: 12.562: [scrub string table, 0.0000913 secs][1 CMS-remark: 451218K(590676K)] 462850K(669332K), 0.0015556 secs] [Times: user=0.00 sys=0.00, real=0.00 secs] 
2024-07-28T16:43:44.970+0800: 12.562: Total time for which application threads were stopped: 0.0016921 seconds, Stopping threads took: 0.0000995 seconds
2024-07-28T16:43:44.971+0800: 12.562: [CMS-concurrent-sweep-start]
2024-07-28T16:43:44.972+0800: 12.564: [CMS-concurrent-sweep: 0.002/0.002 secs] [Times: user=0.00 sys=0.00, real=0.00 secs] 
2024-07-28T16:43:44.972+0800: 12.564: [CMS-concurrent-reset-start]
2024-07-28T16:43:44.974+0800: 12.565: [CMS-concurrent-reset: 0.001/0.001 secs] [Times: user=0.03 sys=0.00, real=0.00 secs] 
2024-07-28T16:43:44.975+0800: 12.567: Application time: 0.0049676 seconds
2024-07-28T16:43:44.975+0800: 12.567: [GC (Allocation Failure) 2024-07-28T16:43:44.975+0800: 12.567: [ParNew: 77168K->8192K(78656K), 0.0124768 secs] 356352K->355985K(669332K), 0.0125321 secs] [Times: user=0.00 sys=0.00, real=0.01 secs] 
2024-07-28T16:43:44.988+0800: 12.580: Total time for which application threads were stopped: 0.0126319 seconds, Stopping threads took: 0.0000161 seconds
2024-07-28T16:43:44.988+0800: 12.580: Application time: 0.0002289 seconds
2024-07-28T16:43:44.988+0800: 12.580: [GC (CMS Initial Mark) [1 CMS-initial-mark: 347793K(590676K)] 359424K(669332K), 0.0006340 secs] [Times: user=0.01 sys=0.01, real=0.00 secs] 
2024-07-28T16:43:44.989+0800: 12.581: Total time for which application threads were stopped: 0.0008449 seconds, Stopping threads took: 0.0001659 seconds
2024-07-28T16:43:44.989+0800: 12.581: [CMS-concurrent-mark-start]
2024-07-28T16:43:44.991+0800: 12.583: [CMS-concurrent-mark: 0.002/0.002 secs] [Times: user=0.00 sys=0.00, real=0.00 secs] 
2024-07-28T16:43:44.991+0800: 12.583: [CMS-concurrent-preclean-start]
2024-07-28T16:43:44.992+0800: 12.584: [CMS-concurrent-preclean: 0.001/0.001 secs] [Times: user=0.00 sys=0.00, real=0.00 secs] 
2024-07-28T16:43:44.992+0800: 12.584: [CMS-concurrent-abortable-preclean-start]
2024-07-28T16:43:45.100+0800: 12.692: Application time: 0.1107245 seconds
2024-07-28T16:43:45.100+0800: 12.692: [GC (Allocation Failure) 2024-07-28T16:43:45.100+0800: 12.692: [ParNew: 77168K->8192K(78656K), 0.0077885 secs] 424961K->393873K(669332K), 0.0078491 secs] [Times: user=0.00 sys=0.00, real=0.01 secs] 
2024-07-28T16:43:45.108+0800: 12.700: Total time for which application threads were stopped: 0.0079590 seconds, Stopping threads took: 0.0000211 seconds
2024-07-28T16:43:45.224+0800: 12.815: Application time: 0.1157632 seconds
2024-07-28T16:43:45.224+0800: 12.815: [GC (Allocation Failure) 2024-07-28T16:43:45.224+0800: 12.815: [ParNew: 77168K->8192K(78656K), 0.0123900 secs] 462850K->462482K(669332K), 0.0124641 secs] [Times: user=0.00 sys=0.00, real=0.01 secs] 
2024-07-28T16:43:45.236+0800: 12.828: Total time for which application threads were stopped: 0.0125729 seconds, Stopping threads took: 0.0000203 seconds
2024-07-28T16:43:45.236+0800: 12.828: [CMS-concurrent-abortable-preclean: 0.006/0.244 secs] [Times: user=0.06 sys=0.00, real=0.24 secs] 
2024-07-28T16:43:45.237+0800: 12.828: Application time: 0.0002167 seconds
2024-07-28T16:43:45.237+0800: 12.828: [GC (CMS Final Remark) [YG occupancy: 11631 K (78656 K)]2024-07-28T16:43:45.237+0800: 12.828: [Rescan (parallel) , 0.0010236 secs]2024-07-28T16:43:45.238+0800: 12.829: [weak refs processing, 0.0000127 secs]2024-07-28T16:43:45.238+0800: 12.829: [class unloading, 0.0001851 secs]2024-07-28T16:43:45.238+0800: 12.829: [scrub symbol table, 0.0003473 secs]2024-07-28T16:43:45.238+0800: 12.830: [scrub string table, 0.0001285 secs][1 CMS-remark: 454290K(590676K)] 465922K(669332K), 0.0017702 secs] [Times: user=0.02 sys=0.00, real=0.00 secs] 
2024-07-28T16:43:45.239+0800: 12.830: Total time for which application threads were stopped: 0.0019727 seconds, Stopping threads took: 0.0001475 seconds
2024-07-28T16:43:45.239+0800: 12.830: [CMS-concurrent-sweep-start]
2024-07-28T16:43:45.240+0800: 12.831: [CMS-concurrent-sweep: 0.001/0.001 secs] [Times: user=0.00 sys=0.00, real=0.00 secs] 
2024-07-28T16:43:45.240+0800: 12.832: [CMS-concurrent-reset-start]
2024-07-28T16:43:45.241+0800: 12.833: [CMS-concurrent-reset: 0.001/0.001 secs] [Times: user=0.00 sys=0.00, real=0.00 secs] 
2024-07-28T16:43:45.244+0800: 12.835: Application time: 0.0050203 seconds
2024-07-28T16:43:45.244+0800: 12.835: [GC (Allocation Failure) 2024-07-28T16:43:45.244+0800: 12.835: [ParNew: 77168K->8192K(78656K), 0.0120949 secs] 358400K->358033K(669332K), 0.0121431 secs] [Times: user=0.03 sys=0.00, real=0.01 secs] 
2024-07-28T16:43:45.256+0800: 12.847: Total time for which application threads were stopped: 0.0122422 seconds, Stopping threads took: 0.0000148 seconds
2024-07-28T16:43:45.256+0800: 12.848: Application time: 0.0002594 seconds
2024-07-28T16:43:45.256+0800: 12.848: [GC (CMS Initial Mark) [1 CMS-initial-mark: 349841K(590676K)] 361473K(669332K), 0.0007734 secs] [Times: user=0.00 sys=0.00, real=0.00 secs] 
2024-07-28T16:43:45.257+0800: 12.849: Total time for which application threads were stopped: 0.0009818 seconds, Stopping threads took: 0.0001661 seconds
2024-07-28T16:43:45.257+0800: 12.849: [CMS-concurrent-mark-start]
2024-07-28T16:43:45.259+0800: 12.851: [CMS-concurrent-mark: 0.002/0.002 secs] [Times: user=0.00 sys=0.00, real=0.00 secs] 
2024-07-28T16:43:45.259+0800: 12.851: [CMS-concurrent-preclean-start]
2024-07-28T16:43:45.260+0800: 12.851: [CMS-concurrent-preclean: 0.001/0.001 secs] [Times: user=0.00 sys=0.00, real=0.00 secs] 
2024-07-28T16:43:45.260+0800: 12.851: [CMS-concurrent-abortable-preclean-start]
2024-07-28T16:43:45.368+0800: 12.960: Application time: 0.1111501 seconds
2024-07-28T16:43:45.368+0800: 12.960: [GC (Allocation Failure) 2024-07-28T16:43:45.368+0800: 12.960: [ParNew: 77168K->8192K(78656K), 0.0079678 secs] 427010K->396945K(669332K), 0.0080327 secs] [Times: user=0.00 sys=0.00, real=0.01 secs] 
2024-07-28T16:43:45.377+0800: 12.968: Total time for which application threads were stopped: 0.0081676 seconds, Stopping threads took: 0.0000209 seconds
2024-07-28T16:43:45.490+0800: 13.082: Application time: 0.1142725 seconds
2024-07-28T16:43:45.490+0800: 13.082: [GC (Allocation Failure) 2024-07-28T16:43:45.491+0800: 13.082: [ParNew: 77868K->8196K(78656K), 0.0119684 secs] 466622K->465559K(669332K), 0.0120487 secs] [Times: user=0.00 sys=0.00, real=0.01 secs] 
2024-07-28T16:43:45.503+0800: 13.094: Total time for which application threads were stopped: 0.0121585 seconds, Stopping threads took: 0.0000188 seconds
2024-07-28T16:43:45.503+0800: 13.094: [CMS-concurrent-abortable-preclean: 0.006/0.243 secs] [Times: user=0.01 sys=0.00, real=0.24 secs] 
2024-07-28T16:43:45.503+0800: 13.095: Application time: 0.0003703 seconds
2024-07-28T16:43:45.503+0800: 13.095: [GC (CMS Final Remark) [YG occupancy: 14702 K (78656 K)]2024-07-28T16:43:45.503+0800: 13.095: [Rescan (parallel) , 0.0009655 secs]2024-07-28T16:43:45.504+0800: 13.096: [weak refs processing, 0.0000128 secs]2024-07-28T16:43:45.504+0800: 13.096: [class unloading, 0.0001882 secs]2024-07-28T16:43:45.504+0800: 13.096: [scrub symbol table, 0.0003701 secs]2024-07-28T16:43:45.505+0800: 13.096: [scrub string table, 0.0001039 secs][1 CMS-remark: 457362K(590676K)] 472065K(669332K), 0.0017097 secs] [Times: user=0.02 sys=0.00, real=0.00 secs] 
2024-07-28T16:43:45.505+0800: 13.097: Total time for which application threads were stopped: 0.0018937 seconds, Stopping threads took: 0.0001474 seconds
2024-07-28T16:43:45.505+0800: 13.097: [CMS-concurrent-sweep-start]
2024-07-28T16:43:45.507+0800: 13.099: [CMS-concurrent-sweep: 0.002/0.002 secs] [Times: user=0.00 sys=0.00, real=0.00 secs] 
2024-07-28T16:43:45.507+0800: 13.099: [CMS-concurrent-reset-start]
2024-07-28T16:43:45.508+0800: 13.100: [CMS-concurrent-reset: 0.001/0.001 secs] [Times: user=0.00 sys=0.00, real=0.00 secs] 
2024-07-28T16:43:45.510+0800: 13.101: Application time: 0.0047249 seconds
2024-07-28T16:43:45.510+0800: 13.101: [GC (Allocation Failure) 2024-07-28T16:43:45.510+0800: 13.101: [ParNew: 77167K->8192K(78656K), 0.0119087 secs] 185341K->184974K(669332K), 0.0119605 secs] [Times: user=0.03 sys=0.00, real=0.01 secs] 
2024-07-28T16:43:45.522+0800: 13.113: Total time for which application threads were stopped: 0.0120547 seconds, Stopping threads took: 0.0000133 seconds
2024-07-28T16:43:45.522+0800: 13.113: Application time: 0.0001342 seconds
2024-07-28T16:43:45.522+0800: 13.114: [GC (CMS Initial Mark) [1 CMS-initial-mark: 176782K(590676K)] 188411K(669332K), 0.0005619 secs] [Times: user=0.00 sys=0.00, real=0.00 secs] 
2024-07-28T16:43:45.522+0800: 13.114: Total time for which application threads were stopped: 0.0006999 seconds, Stopping threads took: 0.0000947 seconds
2024-07-28T16:43:45.523+0800: 13.114: [CMS-concurrent-mark-start]
2024-07-28T16:43:45.524+0800: 13.116: [CMS-concurrent-mark: 0.002/0.002 secs] [Times: user=0.00 sys=0.00, real=0.00 secs] 
2024-07-28T16:43:45.524+0800: 13.116: [CMS-concurrent-preclean-start]
2024-07-28T16:43:45.525+0800: 13.117: [CMS-concurrent-preclean: 0.001/0.001 secs] [Times: user=0.00 sys=0.00, real=0.00 secs] 
2024-07-28T16:43:45.525+0800: 13.117: [CMS-concurrent-abortable-preclean-start]
2024-07-28T16:43:45.636+0800: 13.227: Application time: 0.1130521 seconds
2024-07-28T16:43:45.636+0800: 13.227: [GC (Allocation Failure) 2024-07-28T16:43:45.636+0800: 13.227: [ParNew: 77165K->8192K(78656K), 0.0089455 secs] 253948K->224911K(669332K), 0.0090348 secs] [Times: user=0.00 sys=0.00, real=0.01 secs] 
2024-07-28T16:43:45.645+0800: 13.236: Total time for which application threads were stopped: 0.0091490 seconds, Stopping threads took: 0.0000218 seconds
2024-07-28T16:43:45.758+0800: 13.350: Application time: 0.1132350 seconds
2024-07-28T16:43:45.758+0800: 13.350: [GC (Allocation Failure) 2024-07-28T16:43:45.758+0800: 13.350: [ParNew: 77166K->8192K(78656K), 0.0119471 secs] 293886K->293520K(669332K), 0.0120109 secs] [Times: user=0.03 sys=0.00, real=0.01 secs] 
2024-07-28T16:43:45.770+0800: 13.362: Total time for which application threads were stopped: 0.0121191 seconds, Stopping threads took: 0.0000202 seconds
2024-07-28T16:43:45.770+0800: 13.362: [CMS-concurrent-abortable-preclean: 0.006/0.245 secs] [Times: user=0.03 sys=0.00, real=0.25 secs] 
2024-07-28T16:43:45.771+0800: 13.362: Application time: 0.0003750 seconds
2024-07-28T16:43:45.771+0800: 13.362: [GC (CMS Final Remark) [YG occupancy: 14702 K (78656 K)]2024-07-28T16:43:45.771+0800: 13.362: [Rescan (parallel) , 0.0007597 secs]2024-07-28T16:43:45.772+0800: 13.363: [weak refs processing, 0.0000129 secs]2024-07-28T16:43:45.772+0800: 13.363: [class unloading, 0.0001890 secs]2024-07-28T16:43:45.772+0800: 13.363: [scrub symbol table, 0.0003280 secs]2024-07-28T16:43:45.772+0800: 13.364: [scrub string table, 0.0000909 secs][1 CMS-remark: 285328K(590676K)] 300030K(669332K), 0.0014489 secs] [Times: user=0.00 sys=0.00, real=0.00 secs] 
2024-07-28T16:43:45.772+0800: 13.364: Total time for which application threads were stopped: 0.0016300 seconds, Stopping threads took: 0.0001440 seconds
2024-07-28T16:43:45.773+0800: 13.364: [CMS-concurrent-sweep-start]
2024-07-28T16:43:45.774+0800: 13.365: [CMS-concurrent-sweep: 0.001/0.001 secs] [Times: user=0.00 sys=0.00, real=0.00 secs] 
2024-07-28T16:43:45.774+0800: 13.365: [CMS-concurrent-reset-start]
2024-07-28T16:43:45.775+0800: 13.366: [CMS-concurrent-reset: 0.001/0.001 secs] [Times: user=0.00 sys=0.00, real=0.00 secs] 
2024-07-28T16:43:45.777+0800: 13.369: Application time: 0.0047985 seconds
2024-07-28T16:43:45.777+0800: 13.369: [GC (Allocation Failure) 2024-07-28T16:43:45.777+0800: 13.369: [ParNew: 77167K->8192K(78656K), 0.0130497 secs] 362495K->362129K(669332K), 0.0130975 secs] [Times: user=0.03 sys=0.00, real=0.01 secs] 
2024-07-28T16:43:45.790+0800: 13.382: Total time for which application threads were stopped: 0.0131928 seconds, Stopping threads took: 0.0000140 seconds
2024-07-28T16:43:45.792+0800: 13.383: Application time: 0.0013409 seconds
2024-07-28T16:43:45.792+0800: 13.383: [GC (CMS Initial Mark) [1 CMS-initial-mark: 353937K(590676K)] 381952K(669332K), 0.0007845 secs] [Times: user=0.00 sys=0.00, real=0.00 secs] 
2024-07-28T16:43:45.793+0800: 13.384: Total time for which application threads were stopped: 0.0008468 seconds, Stopping threads took: 0.0000202 seconds
2024-07-28T16:43:45.793+0800: 13.384: [CMS-concurrent-mark-start]
2024-07-28T16:43:45.794+0800: 13.385: [CMS-concurrent-mark: 0.001/0.001 secs] [Times: user=0.00 sys=0.00, real=0.00 secs] 
2024-07-28T16:43:45.794+0800: 13.385: [CMS-concurrent-preclean-start]
2024-07-28T16:43:45.795+0800: 13.386: [CMS-concurrent-preclean: 0.001/0.001 secs] [Times: user=0.00 sys=0.00, real=0.00 secs] 
2024-07-28T16:43:45.795+0800: 13.386: [CMS-concurrent-abortable-preclean-start]
Heap
 par new generation   total 78656K, used 29414K [0x00000000c8000000, 0x00000000cd550000, 0x00000000daaa0000)
  eden space 69952K,  30% used [0x00000000c8000000, 0x00000000c94b99c8, 0x00000000cc450000)
  from space 8704K,  94% used [0x00000000cccd0000, 0x00000000cd4d0080, 0x00000000cd550000)
  to   space 8704K,   0% used [0x00000000cc450000, 0x00000000cc450000, 0x00000000cccd0000)
 concurrent mark-sweep generation total 590676K, used 353937K [0x00000000daaa0000, 0x00000000feb75000, 0x0000000100000000)
 Metaspace       used 2942K, capacity 4486K, committed 4864K, reserved 1056768K
  class space    used 305K, capacity 386K, committed 512K, reserved 1048576K
2024-07-28T16:43:45.899+0800: 13.490: Application time: 0.1065068 seconds
